/home/kopt/enter/envs/wsl_neuroMCTS/lib/python3.10/site-packages/pygame/pkgdata.py:25: UserWarning: pkg_resources is deprecated as an API. See https://setuptools.pypa.io/en/latest/pkg_resources.html. The pkg_resources package is slated for removal as early as 2025-11-30. Refrain from using this package or pin to Setuptools<81.
  from pkg_resources import resource_stream, resource_exists
pygame 2.6.1 (SDL 2.28.4, Python 3.10.19)
Hello from the pygame community. https://www.pygame.org/contribute.html
단계=manager 장치=cuda 반경=300.0 상위주기=20 시드=2
worker_obs=16 manager_obs=40 state=66 상위행동=7
하위 가중치 로드: weights/v3_26_08_31_19_w_nocl/best_worker.pth
Ep 1 | 배송 33/50 | 재적재 4 | 도착  22 | 2홉+ 0.59 | 도달  914 | 차단  728
Ep 2 | 배송 28/50 | 재적재 2 | 도착  12 | 2홉+ 0.66 | 도달  841 | 차단  386
Ep 3 | 배송 23/50 | 재적재 3 | 도착  10 | 2홉+ 0.62 | 도달 1074 | 차단 1235
Ep 4 | 배송 25/50 | 재적재 5 | 도착  14 | 2홉+ 0.60 | 도달  792 | 차단  399
Ep 5 | 배송 31/50 | 재적재 5 | 도착  18 | 2홉+ 0.59 | 도달  876 | 차단  459
Ep 6 | 배송 31/50 | 재적재 4 | 도착  27 | 2홉+ 0.60 | 도달  966 | 차단  493
Ep 7 | 배송 37/50 | 재적재 6 | 도착  50 | 2홉+ 0.59 | 도달  877 | 차단  638
Ep 8 | 배송 33/50 | 재적재 5 | 도착  30 | 2홉+ 0.65 | 도달  888 | 차단  525
Ep 9 | 배송 26/50 | 재적재 5 | 도착  20 | 2홉+ 0.61 | 도달  814 | 차단  630
Ep 10 | 배송 32/50 | 재적재 4 | 도착  23 | 2홉+ 0.61 | 도달  788 | 차단  499
Ep 11 | 배송 24/50 | 재적재 3 | 도착  35 | 2홉+ 0.52 | 도달  850 | 차단  908
Ep 12 | 배송 22/50 | 재적재 2 | 도착  86 | 2홉+ 0.46 | 도달  743 | 차단  843
Ep 13 | 배송 30/50 | 재적재 3 | 도착  20 | 2홉+ 0.62 | 도달  980 | 차단  878
Ep 14 | 배송 27/50 | 재적재 3 | 도착  18 | 2홉+ 0.60 | 도달  755 | 차단  336
Ep 15 | 배송 27/50 | 재적재 4 | 도착  21 | 2홉+ 0.57 | 도달  790 | 차단  327
Ep 16 | 배송 24/50 | 재적재 3 | 도착  17 | 2홉+ 0.56 | 도달  710 | 차단  647
Ep 17 | 배송 29/50 | 재적재 3 | 도착  34 | 2홉+ 0.56 | 도달  725 | 차단  308
Ep 18 | 배송 33/50 | 재적재 3 | 도착  23 | 2홉+ 0.58 | 도달 1024 | 차단  778
Ep 19 | 배송 27/50 | 재적재 3 | 도착  21 | 2홉+ 0.58 | 도달  814 | 차단  602
Ep 20 | 배송 28/50 | 재적재 4 | 도착  16 | 2홉+ 0.62 | 도달  837 | 차단  715
Ep 21 | 배송 26/50 | 재적재 3 | 도착  16 | 2홉+ 0.62 | 도달  730 | 차단  511
Ep 22 | 배송 26/50 | 재적재 3 | 도착  19 | 2홉+ 0.56 | 도달  940 | 차단  471
Ep 23 | 배송 24/50 | 재적재 3 | 도착  13 | 2홉+ 0.56 | 도달  695 | 차단  387
Ep 24 | 배송 29/50 | 재적재 5 | 도착  21 | 2홉+ 0.56 | 도달  755 | 차단  582
Ep 25 | 배송 28/50 | 재적재 3 | 도착  17 | 2홉+ 0.59 | 도달  951 | 차단  770
Ep 26 | 배송 28/50 | 재적재 4 | 도착  48 | 2홉+ 0.56 | 도달  852 | 차단  620
Ep 27 | 배송 28/50 | 재적재 2 | 도착  18 | 2홉+ 0.56 | 도달  761 | 차단  261
Ep 28 | 배송 30/50 | 재적재 4 | 도착  17 | 2홉+ 0.58 | 도달  958 | 차단  379
Ep 29 | 배송 28/50 | 재적재 5 | 도착  18 | 2홉+ 0.54 | 도달  817 | 차단  345
Ep 30 | 배송 32/50 | 재적재 3 | 도착  13 | 2홉+ 0.64 | 도달  859 | 차단  618
Ep 31 | 배송 30/50 | 재적재 3 | 도착  22 | 2홉+ 0.66 | 도달  915 | 차단  554
Ep 32 | 배송 35/50 | 재적재 5 | 도착  20 | 2홉+ 0.63 | 도달 1013 | 차단  650
Ep 33 | 배송 27/50 | 재적재 3 | 도착  20 | 2홉+ 0.60 | 도달  789 | 차단  268
Ep 34 | 배송 31/50 | 재적재 5 | 도착  25 | 2홉+ 0.58 | 도달  817 | 차단  198
Ep 35 | 배송 26/50 | 재적재 3 | 도착  14 | 2홉+ 0.62 | 도달  972 | 차단  661
Ep 36 | 배송 31/50 | 재적재 3 | 도착  16 | 2홉+ 0.59 | 도달  809 | 차단  290
Ep 37 | 배송 27/50 | 재적재 5 | 도착  18 | 2홉+ 0.59 | 도달  710 | 차단  297
Ep 38 | 배송 30/50 | 재적재 3 | 도착  15 | 2홉+ 0.62 | 도달 1003 | 차단  808
Ep 39 | 배송 28/50 | 재적재 2 | 도착  14 | 2홉+ 0.63 | 도달  760 | 차단  538
Ep 40 | 배송 28/50 | 재적재 2 | 도착  15 | 2홉+ 0.61 | 도달  754 | 차단  338
Ep 41 | 배송 32/50 | 재적재 4 | 도착  17 | 2홉+ 0.65 | 도달  786 | 차단  608
Ep 42 | 배송 31/50 | 재적재 4 | 도착  19 | 2홉+ 0.64 | 도달  818 | 차단  498
Ep 43 | 배송 35/50 | 재적재 5 | 도착  20 | 2홉+ 0.63 | 도달  916 | 차단  382
Ep 44 | 배송 27/50 | 재적재 2 | 도착  15 | 2홉+ 0.66 | 도달  789 | 차단  452
Ep 45 | 배송 25/50 | 재적재 3 | 도착  15 | 2홉+ 0.57 | 도달  729 | 차단  443
Ep 46 | 배송 32/50 | 재적재 3 | 도착  18 | 2홉+ 0.65 | 도달  837 | 차단  552
Ep 47 | 배송 29/50 | 재적재 3 | 도착  23 | 2홉+ 0.64 | 도달  863 | 차단  431
Ep 48 | 배송 31/50 | 재적재 4 | 도착  14 | 2홉+ 0.65 | 도달  859 | 차단  606
Ep 49 | 배송 28/50 | 재적재 3 | 도착  13 | 2홉+ 0.60 | 도달  870 | 차단  554
Ep 50 | 배송 25/50 | 재적재 4 | 도착  18 | 2홉+ 0.61 | 도달  753 | 차단  447
  [홀드아웃] 배송 26.5±7.5 재적재 2.8 2홉+ 0.59 | 최고 26.5@ep50 정체 0/15  ← 갱신
Ep 51 | 배송 33/50 | 재적재 4 | 도착  19 | 2홉+ 0.58 | 도달  787 | 차단  637
Ep 52 | 배송 31/50 | 재적재 5 | 도착  18 | 2홉+ 0.59 | 도달  807 | 차단  380
Ep 53 | 배송 24/50 | 재적재 2 | 도착  14 | 2홉+ 0.65 | 도달  880 | 차단  434
Ep 54 | 배송 29/50 | 재적재 3 | 도착  13 | 2홉+ 0.63 | 도달 1007 | 차단  962
Ep 55 | 배송 34/50 | 재적재 4 | 도착  19 | 2홉+ 0.61 | 도달  911 | 차단  729
Ep 56 | 배송 28/50 | 재적재 4 | 도착  17 | 2홉+ 0.59 | 도달  796 | 차단  442
Ep 57 | 배송 30/50 | 재적재 4 | 도착  22 | 2홉+ 0.62 | 도달  819 | 차단  404
Ep 58 | 배송 30/50 | 재적재 3 | 도착  13 | 2홉+ 0.60 | 도달  759 | 차단  399
Ep 59 | 배송 26/50 | 재적재 3 | 도착  16 | 2홉+ 0.63 | 도달  870 | 차단  500
Ep 60 | 배송 25/50 | 재적재 3 | 도착  16 | 2홉+ 0.64 | 도달  986 | 차단  591
Ep 61 | 배송 28/50 | 재적재 3 | 도착  18 | 2홉+ 0.57 | 도달  910 | 차단  497
Ep 62 | 배송 30/50 | 재적재 3 | 도착  13 | 2홉+ 0.64 | 도달  891 | 차단  545
Ep 63 | 배송 27/50 | 재적재 3 | 도착  15 | 2홉+ 0.58 | 도달  804 | 차단  427
Ep 64 | 배송 28/50 | 재적재 4 | 도착  17 | 2홉+ 0.62 | 도달  804 | 차단  355
Ep 65 | 배송 25/50 | 재적재 3 | 도착  16 | 2홉+ 0.56 | 도달  876 | 차단  467
Ep 66 | 배송 31/50 | 재적재 5 | 도착  18 | 2홉+ 0.65 | 도달  768 | 차단  314
Ep 67 | 배송 24/50 | 재적재 3 | 도착  17 | 2홉+ 0.61 | 도달  718 | 차단  352
Ep 68 | 배송 30/50 | 재적재 4 | 도착  16 | 2홉+ 0.64 | 도달  854 | 차단  500
Ep 69 | 배송 33/50 | 재적재 4 | 도착  16 | 2홉+ 0.60 | 도달  792 | 차단  306
Ep 70 | 배송 24/50 | 재적재 2 | 도착  14 | 2홉+ 0.64 | 도달  697 | 차단  202
Ep 71 | 배송 29/50 | 재적재 4 | 도착  18 | 2홉+ 0.64 | 도달  793 | 차단  404
Ep 72 | 배송 26/50 | 재적재 4 | 도착  14 | 2홉+ 0.59 | 도달  681 | 차단  314
Ep 73 | 배송 25/50 | 재적재 3 | 도착  14 | 2홉+ 0.61 | 도달  787 | 차단  596
Ep 74 | 배송 23/50 | 재적재 2 | 도착  15 | 2홉+ 0.59 | 도달  755 | 차단  770
Ep 75 | 배송 29/50 | 재적재 4 | 도착  14 | 2홉+ 0.49 | 도달  755 | 차단  271
Ep 76 | 배송 30/50 | 재적재 4 | 도착  15 | 2홉+ 0.58 | 도달  794 | 차단  624
Ep 77 | 배송 28/50 | 재적재 3 | 도착  14 | 2홉+ 0.59 | 도달  965 | 차단  284
Ep 78 | 배송 29/50 | 재적재 4 | 도착  14 | 2홉+ 0.61 | 도달  887 | 차단  332
Ep 79 | 배송 28/50 | 재적재 5 | 도착  17 | 2홉+ 0.59 | 도달 1074 | 차단  477
Ep 80 | 배송 35/50 | 재적재 5 | 도착  18 | 2홉+ 0.61 | 도달  903 | 차단  587
Ep 81 | 배송 29/50 | 재적재 4 | 도착  18 | 2홉+ 0.64 | 도달  806 | 차단  537
Ep 82 | 배송 31/50 | 재적재 4 | 도착  15 | 2홉+ 0.56 | 도달  800 | 차단  562
Ep 83 | 배송 31/50 | 재적재 4 | 도착  20 | 2홉+ 0.61 | 도달  868 | 차단  447
Ep 84 | 배송 29/50 | 재적재 5 | 도착  13 | 2홉+ 0.59 | 도달  862 | 차단  540
Ep 85 | 배송 29/50 | 재적재 4 | 도착  20 | 2홉+ 0.59 | 도달  841 | 차단  380
Ep 86 | 배송 30/50 | 재적재 3 | 도착  23 | 2홉+ 0.62 | 도달  796 | 차단  484
Ep 87 | 배송 26/50 | 재적재 2 | 도착  17 | 2홉+ 0.65 | 도달  785 | 차단  785
Ep 88 | 배송 32/50 | 재적재 4 | 도착  14 | 2홉+ 0.62 | 도달  903 | 차단  475
Ep 89 | 배송 31/50 | 재적재 6 | 도착  16 | 2홉+ 0.62 | 도달  759 | 차단  362
Ep 90 | 배송 30/50 | 재적재 3 | 도착  16 | 2홉+ 0.61 | 도달  775 | 차단  396
Ep 91 | 배송 26/50 | 재적재 3 | 도착   9 | 2홉+ 0.65 | 도달 1005 | 차단 1201
Ep 92 | 배송 30/50 | 재적재 3 | 도착  18 | 2홉+ 0.65 | 도달  817 | 차단  449
Ep 93 | 배송 23/50 | 재적재 2 | 도착  13 | 2홉+ 0.65 | 도달  865 | 차단 1107
Ep 94 | 배송 28/50 | 재적재 5 | 도착  20 | 2홉+ 0.59 | 도달  813 | 차단  370
Ep 95 | 배송 23/50 | 재적재 2 | 도착  10 | 2홉+ 0.55 | 도달  722 | 차단  543
Ep 96 | 배송 22/50 | 재적재 2 | 도착   8 | 2홉+ 0.46 | 도달  692 | 차단  392
Ep 97 | 배송 34/50 | 재적재 4 | 도착  18 | 2홉+ 0.60 | 도달  957 | 차단  254
Ep 98 | 배송 25/50 | 재적재 3 | 도착  15 | 2홉+ 0.61 | 도달  951 | 차단  578
Ep 99 | 배송 29/50 | 재적재 4 | 도착  24 | 2홉+ 0.58 | 도달  887 | 차단  588
Ep 100 | 배송 26/50 | 재적재 4 | 도착  12 | 2홉+ 0.61 | 도달  883 | 차단  387
  [홀드아웃] 배송 26.8±6.6 재적재 3.1 2홉+ 0.63 | 최고 26.8@ep100 정체 0/15  ← 갱신
Ep 101 | 배송 26/50 | 재적재 3 | 도착  10 | 2홉+ 0.63 | 도달 1047 | 차단  821
Ep 102 | 배송 28/50 | 재적재 4 | 도착  13 | 2홉+ 0.54 | 도달  762 | 차단  715
Ep 103 | 배송 29/50 | 재적재 5 | 도착  17 | 2홉+ 0.59 | 도달  884 | 차단  357
Ep 104 | 배송 25/50 | 재적재 3 | 도착  14 | 2홉+ 0.63 | 도달  740 | 차단  925
Ep 105 | 배송 32/50 | 재적재 4 | 도착  17 | 2홉+ 0.63 | 도달  789 | 차단  418
Ep 106 | 배송 22/50 | 재적재 3 | 도착  10 | 2홉+ 0.59 | 도달  832 | 차단  268
Ep 107 | 배송 25/50 | 재적재 3 | 도착  12 | 2홉+ 0.53 | 도달  825 | 차단  650
Ep 108 | 배송 27/50 | 재적재 4 | 도착  15 | 2홉+ 0.63 | 도달  798 | 차단  421
Ep 109 | 배송 30/50 | 재적재 4 | 도착  13 | 2홉+ 0.63 | 도달  930 | 차단  301
Ep 110 | 배송 24/50 | 재적재 2 | 도착  10 | 2홉+ 0.63 | 도달  925 | 차단  513
Ep 111 | 배송 24/50 | 재적재 2 | 도착   8 | 2홉+ 0.59 | 도달  942 | 차단  807
Ep 112 | 배송 27/50 | 재적재 3 | 도착  13 | 2홉+ 0.60 | 도달  656 | 차단  308
Ep 113 | 배송 30/50 | 재적재 4 | 도착  18 | 2홉+ 0.63 | 도달  903 | 차단  783
Ep 114 | 배송 30/50 | 재적재 3 | 도착  27 | 2홉+ 0.59 | 도달  816 | 차단  611
Ep 115 | 배송 28/50 | 재적재 4 | 도착  13 | 2홉+ 0.60 | 도달  706 | 차단  417
Ep 116 | 배송 34/50 | 재적재 5 | 도착  17 | 2홉+ 0.61 | 도달  807 | 차단  475
Ep 117 | 배송 31/50 | 재적재 3 | 도착  16 | 2홉+ 0.58 | 도달  880 | 차단  478
Ep 118 | 배송 28/50 | 재적재 3 | 도착  17 | 2홉+ 0.62 | 도달  832 | 차단  392
Ep 119 | 배송 27/50 | 재적재 4 | 도착  16 | 2홉+ 0.56 | 도달  828 | 차단  179
Ep 120 | 배송 30/50 | 재적재 4 | 도착  20 | 2홉+ 0.64 | 도달  728 | 차단  557
Ep 121 | 배송 31/50 | 재적재 4 | 도착  23 | 2홉+ 0.60 | 도달  746 | 차단  337
Ep 122 | 배송 28/50 | 재적재 3 | 도착  15 | 2홉+ 0.61 | 도달  963 | 차단  611
Ep 123 | 배송 30/50 | 재적재 3 | 도착  18 | 2홉+ 0.58 | 도달  781 | 차단  303
Ep 124 | 배송 30/50 | 재적재 4 | 도착  15 | 2홉+ 0.60 | 도달  756 | 차단  503
Ep 125 | 배송 29/50 | 재적재 4 | 도착  22 | 2홉+ 0.56 | 도달  700 | 차단  453
Ep 126 | 배송 29/50 | 재적재 4 | 도착  18 | 2홉+ 0.60 | 도달  737 | 차단  349
Ep 127 | 배송 27/50 | 재적재 2 | 도착  16 | 2홉+ 0.56 | 도달  975 | 차단  528
Ep 128 | 배송 26/50 | 재적재 3 | 도착  13 | 2홉+ 0.62 | 도달  813 | 차단  824
Ep 129 | 배송 29/50 | 재적재 3 | 도착  13 | 2홉+ 0.61 | 도달  864 | 차단  503
Ep 130 | 배송 27/50 | 재적재 3 | 도착  13 | 2홉+ 0.56 | 도달  716 | 차단  232
Ep 131 | 배송 30/50 | 재적재 3 | 도착  21 | 2홉+ 0.64 | 도달  785 | 차단  359
Ep 132 | 배송 27/50 | 재적재 3 | 도착  17 | 2홉+ 0.61 | 도달  723 | 차단  290
Ep 133 | 배송 26/50 | 재적재 4 | 도착  24 | 2홉+ 0.64 | 도달 1065 | 차단 1555
Ep 134 | 배송 25/50 | 재적재 3 | 도착  15 | 2홉+ 0.61 | 도달  847 | 차단  631
Ep 135 | 배송 29/50 | 재적재 4 | 도착  20 | 2홉+ 0.60 | 도달  903 | 차단  479
Ep 136 | 배송 29/50 | 재적재 2 | 도착  14 | 2홉+ 0.62 | 도달  944 | 차단  484
Ep 137 | 배송 28/50 | 재적재 3 | 도착  14 | 2홉+ 0.62 | 도달  823 | 차단  478
Ep 138 | 배송 26/50 | 재적재 3 | 도착  15 | 2홉+ 0.65 | 도달  820 | 차단  634
Ep 139 | 배송 19/50 | 재적재 2 | 도착  12 | 2홉+ 0.53 | 도달  748 | 차단  210
Ep 140 | 배송 30/50 | 재적재 3 | 도착  20 | 2홉+ 0.65 | 도달  874 | 차단  417
Ep 141 | 배송 28/50 | 재적재 4 | 도착  14 | 2홉+ 0.59 | 도달  736 | 차단  390
Ep 142 | 배송 28/50 | 재적재 3 | 도착  18 | 2홉+ 0.62 | 도달  769 | 차단  511
Ep 143 | 배송 25/50 | 재적재 4 | 도착  20 | 2홉+ 0.52 | 도달  794 | 차단  391
Ep 144 | 배송 26/50 | 재적재 4 | 도착  17 | 2홉+ 0.62 | 도달  897 | 차단  479
Ep 145 | 배송 31/50 | 재적재 4 | 도착  13 | 2홉+ 0.58 | 도달  791 | 차단  699
Ep 146 | 배송 24/50 | 재적재 4 | 도착  13 | 2홉+ 0.64 | 도달  984 | 차단  931
Ep 147 | 배송 27/50 | 재적재 5 | 도착  15 | 2홉+ 0.51 | 도달  787 | 차단  832
Ep 148 | 배송 32/50 | 재적재 3 | 도착   8 | 2홉+ 0.60 | 도달  959 | 차단  574
Ep 149 | 배송 33/50 | 재적재 5 | 도착  20 | 2홉+ 0.63 | 도달  873 | 차단  610
Ep 150 | 배송 27/50 | 재적재 4 | 도착  16 | 2홉+ 0.57 | 도달  940 | 차단  461
  [홀드아웃] 배송 19.8±8.3 재적재 1.2 2홉+ 0.64 | 최고 26.8@ep100 정체 1/15
Ep 151 | 배송 23/50 | 재적재 2 | 도착  17 | 2홉+ 0.54 | 도달  763 | 차단  726
Ep 152 | 배송 26/50 | 재적재 3 | 도착  14 | 2홉+ 0.60 | 도달  710 | 차단  587
Ep 153 | 배송 29/50 | 재적재 3 | 도착  16 | 2홉+ 0.62 | 도달 1074 | 차단  953
Ep 154 | 배송 27/50 | 재적재 4 | 도착  14 | 2홉+ 0.58 | 도달  747 | 차단  209
Ep 155 | 배송 27/50 | 재적재 3 | 도착  17 | 2홉+ 0.64 | 도달  810 | 차단  621
Ep 156 | 배송 26/50 | 재적재 3 | 도착  11 | 2홉+ 0.61 | 도달  756 | 차단  441
Ep 157 | 배송 27/50 | 재적재 3 | 도착  21 | 2홉+ 0.60 | 도달  746 | 차단  505
Ep 158 | 배송 30/50 | 재적재 4 | 도착  13 | 2홉+ 0.63 | 도달  910 | 차단  399
Ep 159 | 배송 32/50 | 재적재 4 | 도착  19 | 2홉+ 0.56 | 도달  868 | 차단  421
Ep 160 | 배송 29/50 | 재적재 4 | 도착  18 | 2홉+ 0.62 | 도달  788 | 차단  582
Ep 161 | 배송 29/50 | 재적재 3 | 도착  16 | 2홉+ 0.61 | 도달  772 | 차단  448
Ep 162 | 배송 31/50 | 재적재 5 | 도착  20 | 2홉+ 0.60 | 도달  952 | 차단  525
Ep 163 | 배송 29/50 | 재적재 4 | 도착  23 | 2홉+ 0.60 | 도달  786 | 차단  334
Ep 164 | 배송 20/50 | 재적재 0 | 도착  13 | 2홉+ 0.66 | 도달  945 | 차단 1076
Ep 165 | 배송 24/50 | 재적재 4 | 도착  18 | 2홉+ 0.54 | 도달  674 | 차단  207
Ep 166 | 배송 27/50 | 재적재 2 | 도착  19 | 2홉+ 0.56 | 도달  899 | 차단  534
Ep 167 | 배송 34/50 | 재적재 4 | 도착  22 | 2홉+ 0.62 | 도달  822 | 차단  370
Ep 168 | 배송 25/50 | 재적재 3 | 도착  17 | 2홉+ 0.60 | 도달  704 | 차단  334
Ep 169 | 배송 29/50 | 재적재 3 | 도착  18 | 2홉+ 0.60 | 도달  755 | 차단  546
Ep 170 | 배송 28/50 | 재적재 4 | 도착  16 | 2홉+ 0.64 | 도달  782 | 차단  602
Ep 171 | 배송 23/50 | 재적재 2 | 도착  16 | 2홉+ 0.57 | 도달  760 | 차단  507
Ep 172 | 배송 24/50 | 재적재 4 | 도착  20 | 2홉+ 0.57 | 도달  831 | 차단  714
Ep 173 | 배송 34/50 | 재적재 4 | 도착  14 | 2홉+ 0.61 | 도달  953 | 차단  553
Ep 174 | 배송 25/50 | 재적재 3 | 도착  12 | 2홉+ 0.59 | 도달 1023 | 차단  974
Ep 175 | 배송 30/50 | 재적재 3 | 도착  15 | 2홉+ 0.63 | 도달  807 | 차단  574
Ep 176 | 배송 27/50 | 재적재 3 | 도착  15 | 2홉+ 0.64 | 도달  956 | 차단  693
Ep 177 | 배송 30/50 | 재적재 3 | 도착  17 | 2홉+ 0.61 | 도달  922 | 차단  697
Ep 178 | 배송 28/50 | 재적재 4 | 도착  15 | 2홉+ 0.65 | 도달  807 | 차단  336
Ep 179 | 배송 33/50 | 재적재 3 | 도착  20 | 2홉+ 0.61 | 도달  948 | 차단  610
Ep 180 | 배송 32/50 | 재적재 3 | 도착  18 | 2홉+ 0.61 | 도달  903 | 차단  469
Ep 181 | 배송 26/50 | 재적재 4 | 도착  16 | 2홉+ 0.55 | 도달  805 | 차단  434
Ep 182 | 배송 28/50 | 재적재 3 | 도착  11 | 2홉+ 0.62 | 도달  753 | 차단  566
Ep 183 | 배송 18/50 | 재적재 0 | 도착  10 | 2홉+ 0.67 | 도달  961 | 차단 1693
Ep 184 | 배송 32/50 | 재적재 6 | 도착  21 | 2홉+ 0.60 | 도달  921 | 차단  433
Ep 185 | 배송 29/50 | 재적재 5 | 도착  19 | 2홉+ 0.61 | 도달  906 | 차단  491
Ep 186 | 배송 26/50 | 재적재 2 | 도착  17 | 2홉+ 0.61 | 도달  757 | 차단  427
Ep 187 | 배송 32/50 | 재적재 5 | 도착  21 | 2홉+ 0.62 | 도달  790 | 차단  336
Ep 188 | 배송 18/50 | 재적재 0 | 도착   9 | 2홉+ 0.70 | 도달 1033 | 차단 1923
Ep 189 | 배송 27/50 | 재적재 3 | 도착  16 | 2홉+ 0.58 | 도달  861 | 차단  446
Ep 190 | 배송 26/50 | 재적재 3 | 도착  18 | 2홉+ 0.64 | 도달  710 | 차단  432
Ep 191 | 배송 31/50 | 재적재 4 | 도착  13 | 2홉+ 0.59 | 도달  869 | 차단  473
Ep 192 | 배송 31/50 | 재적재 5 | 도착  22 | 2홉+ 0.62 | 도달  960 | 차단  472
Ep 193 | 배송 27/50 | 재적재 4 | 도착  12 | 2홉+ 0.55 | 도달  978 | 차단  688
Ep 194 | 배송 24/50 | 재적재 2 | 도착  13 | 2홉+ 0.59 | 도달  767 | 차단  501
Ep 195 | 배송 29/50 | 재적재 3 | 도착  22 | 2홉+ 0.64 | 도달 1052 | 차단  962
Ep 196 | 배송 31/50 | 재적재 3 | 도착  18 | 2홉+ 0.63 | 도달  974 | 차단  535
Ep 197 | 배송 34/50 | 재적재 4 | 도착  18 | 2홉+ 0.62 | 도달 1020 | 차단  793
Ep 198 | 배송 23/50 | 재적재 3 | 도착  15 | 2홉+ 0.53 | 도달  658 | 차단  429
Ep 199 | 배송 26/50 | 재적재 2 | 도착  13 | 2홉+ 0.65 | 도달  737 | 차단  251
Ep 200 | 배송 29/50 | 재적재 4 | 도착  14 | 2홉+ 0.61 | 도달 1043 | 차단  395
  [홀드아웃] 배송 22.2±8.1 재적재 1.4 2홉+ 0.65 | 최고 26.8@ep100 정체 2/15
Ep 201 | 배송 34/50 | 재적재 4 | 도착  21 | 2홉+ 0.64 | 도달  914 | 차단  622
Ep 202 | 배송 22/50 | 재적재 2 | 도착  12 | 2홉+ 0.67 | 도달 1027 | 차단 1113
Ep 203 | 배송 32/50 | 재적재 5 | 도착  27 | 2홉+ 0.61 | 도달  879 | 차단  569
Ep 204 | 배송 30/50 | 재적재 4 | 도착  20 | 2홉+ 0.64 | 도달  780 | 차단  514
Ep 205 | 배송 31/50 | 재적재 3 | 도착  17 | 2홉+ 0.62 | 도달  920 | 차단  546
Ep 206 | 배송 22/50 | 재적재 2 | 도착  17 | 2홉+ 0.66 | 도달  759 | 차단  433
Ep 207 | 배송 28/50 | 재적재 5 | 도착  16 | 2홉+ 0.62 | 도달  974 | 차단  509
Ep 208 | 배송 30/50 | 재적재 3 | 도착  12 | 2홉+ 0.65 | 도달  973 | 차단  776
Ep 209 | 배송 30/50 | 재적재 4 | 도착  11 | 2홉+ 0.58 | 도달  777 | 차단  512
Ep 210 | 배송 30/50 | 재적재 5 | 도착  19 | 2홉+ 0.58 | 도달  848 | 차단  664
Ep 211 | 배송 20/50 | 재적재 0 | 도착   9 | 2홉+ 0.70 | 도달  805 | 차단  746
Ep 212 | 배송 19/50 | 재적재 0 | 도착   9 | 2홉+ 0.61 | 도달  869 | 차단  484
Ep 213 | 배송 31/50 | 재적재 5 | 도착  23 | 2홉+ 0.61 | 도달  900 | 차단  568
Ep 214 | 배송 27/50 | 재적재 3 | 도착  15 | 2홉+ 0.62 | 도달  703 | 차단  259
Ep 215 | 배송 24/50 | 재적재 4 | 도착  14 | 2홉+ 0.55 | 도달  788 | 차단  563
Ep 216 | 배송 32/50 | 재적재 3 | 도착  12 | 2홉+ 0.63 | 도달  863 | 차단  650
Ep 217 | 배송 27/50 | 재적재 3 | 도착  14 | 2홉+ 0.58 | 도달 1029 | 차단  822
Ep 218 | 배송 27/50 | 재적재 2 | 도착  12 | 2홉+ 0.63 | 도달 1057 | 차단 1266
Ep 219 | 배송 30/50 | 재적재 4 | 도착  18 | 2홉+ 0.61 | 도달  875 | 차단  346
Ep 220 | 배송 28/50 | 재적재 3 | 도착  22 | 2홉+ 0.58 | 도달  771 | 차단  363
Ep 221 | 배송 32/50 | 재적재 4 | 도착  16 | 2홉+ 0.58 | 도달  842 | 차단  480
Ep 222 | 배송 30/50 | 재적재 4 | 도착  14 | 2홉+ 0.59 | 도달  829 | 차단  534
Ep 223 | 배송 20/50 | 재적재 1 | 도착   6 | 2홉+ 0.66 | 도달  780 | 차단  923
Ep 224 | 배송 27/50 | 재적재 3 | 도착  14 | 2홉+ 0.59 | 도달  701 | 차단  261
Ep 225 | 배송 25/50 | 재적재 2 | 도착  14 | 2홉+ 0.59 | 도달  708 | 차단  294
Ep 226 | 배송 31/50 | 재적재 4 | 도착  17 | 2홉+ 0.64 | 도달  742 | 차단  608
Ep 227 | 배송 31/50 | 재적재 5 | 도착  17 | 2홉+ 0.62 | 도달  888 | 차단  408
Ep 228 | 배송 29/50 | 재적재 4 | 도착  14 | 2홉+ 0.61 | 도달  772 | 차단  363
Ep 229 | 배송 30/50 | 재적재 3 | 도착  14 | 2홉+ 0.58 | 도달  763 | 차단  471
Ep 230 | 배송 18/50 | 재적재 0 | 도착   5 | 2홉+ 0.48 | 도달  680 | 차단  130
Ep 231 | 배송 25/50 | 재적재 2 | 도착  13 | 2홉+ 0.60 | 도달  810 | 차단  492
Ep 232 | 배송 30/50 | 재적재 5 | 도착  12 | 2홉+ 0.63 | 도달  785 | 차단  468
Ep 233 | 배송 31/50 | 재적재 4 | 도착  18 | 2홉+ 0.61 | 도달  791 | 차단  380
Ep 234 | 배송 27/50 | 재적재 5 | 도착  13 | 2홉+ 0.57 | 도달  824 | 차단  378
Ep 235 | 배송 28/50 | 재적재 3 | 도착  13 | 2홉+ 0.62 | 도달  744 | 차단  632
Ep 236 | 배송 28/50 | 재적재 4 | 도착  14 | 2홉+ 0.52 | 도달  952 | 차단  357
Ep 237 | 배송 26/50 | 재적재 4 | 도착  12 | 2홉+ 0.57 | 도달  744 | 차단  504
Ep 238 | 배송 29/50 | 재적재 3 | 도착  17 | 2홉+ 0.62 | 도달  812 | 차단  579
Ep 239 | 배송 29/50 | 재적재 3 | 도착  15 | 2홉+ 0.57 | 도달  703 | 차단  453
Ep 240 | 배송 29/50 | 재적재 3 | 도착  17 | 2홉+ 0.64 | 도달  749 | 차단  410
Ep 241 | 배송 26/50 | 재적재 2 | 도착  11 | 2홉+ 0.59 | 도달  782 | 차단  391
Ep 242 | 배송 28/50 | 재적재 4 | 도착  13 | 2홉+ 0.60 | 도달  784 | 차단  402
Ep 243 | 배송 32/50 | 재적재 5 | 도착  22 | 2홉+ 0.65 | 도달  871 | 차단  476
Ep 244 | 배송 28/50 | 재적재 3 | 도착  15 | 2홉+ 0.63 | 도달  892 | 차단  659
Ep 245 | 배송 29/50 | 재적재 4 | 도착  13 | 2홉+ 0.62 | 도달  833 | 차단  666
Ep 246 | 배송 27/50 | 재적재 3 | 도착  11 | 2홉+ 0.57 | 도달  777 | 차단  383
Ep 247 | 배송 28/50 | 재적재 3 | 도착  15 | 2홉+ 0.64 | 도달  777 | 차단  393
Ep 248 | 배송 28/50 | 재적재 3 | 도착  15 | 2홉+ 0.56 | 도달  939 | 차단  576
Ep 249 | 배송 28/50 | 재적재 3 | 도착  17 | 2홉+ 0.55 | 도달  810 | 차단  461
Ep 250 | 배송 25/50 | 재적재 3 | 도착  30 | 2홉+ 0.56 | 도달  697 | 차단  430
  [홀드아웃] 배송 22.6±7.4 재적재 2.2 2홉+ 0.58 | 최고 26.8@ep100 정체 3/15
Ep 251 | 배송 32/50 | 재적재 4 | 도착  17 | 2홉+ 0.62 | 도달  745 | 차단  378
Ep 252 | 배송 26/50 | 재적재 3 | 도착  13 | 2홉+ 0.58 | 도달  761 | 차단  180
Ep 253 | 배송 30/50 | 재적재 3 | 도착  17 | 2홉+ 0.63 | 도달  966 | 차단  556
Ep 254 | 배송 28/50 | 재적재 3 | 도착  14 | 2홉+ 0.63 | 도달  788 | 차단  614
Ep 255 | 배송 30/50 | 재적재 3 | 도착  16 | 2홉+ 0.65 | 도달  722 | 차단  480
Ep 256 | 배송 29/50 | 재적재 4 | 도착  21 | 2홉+ 0.62 | 도달  780 | 차단  344
Ep 257 | 배송 30/50 | 재적재 4 | 도착  15 | 2홉+ 0.63 | 도달  799 | 차단  546
Ep 258 | 배송 29/50 | 재적재 3 | 도착  12 | 2홉+ 0.54 | 도달  855 | 차단  534
Ep 259 | 배송 31/50 | 재적재 5 | 도착  13 | 2홉+ 0.60 | 도달  795 | 차단  351
Ep 260 | 배송 28/50 | 재적재 3 | 도착  13 | 2홉+ 0.61 | 도달  905 | 차단  726
Ep 261 | 배송 29/50 | 재적재 3 | 도착  16 | 2홉+ 0.64 | 도달  970 | 차단  782
Ep 262 | 배송 28/50 | 재적재 4 | 도착  17 | 2홉+ 0.62 | 도달  791 | 차단  671
Ep 263 | 배송 26/50 | 재적재 4 | 도착  14 | 2홉+ 0.58 | 도달  776 | 차단  409
Ep 264 | 배송 25/50 | 재적재 4 | 도착  10 | 2홉+ 0.65 | 도달  746 | 차단  411
Ep 265 | 배송 33/50 | 재적재 4 | 도착  17 | 2홉+ 0.63 | 도달  927 | 차단  499
Ep 266 | 배송 28/50 | 재적재 4 | 도착  14 | 2홉+ 0.55 | 도달  738 | 차단  481
Ep 267 | 배송 27/50 | 재적재 3 | 도착  10 | 2홉+ 0.62 | 도달  816 | 차단  457
Ep 268 | 배송 30/50 | 재적재 3 | 도착  13 | 2홉+ 0.60 | 도달  808 | 차단  445
Ep 269 | 배송 29/50 | 재적재 4 | 도착  17 | 2홉+ 0.60 | 도달  821 | 차단  253
Ep 270 | 배송 23/50 | 재적재 2 | 도착  24 | 2홉+ 0.59 | 도달  730 | 차단  201
Ep 271 | 배송 26/50 | 재적재 3 | 도착  13 | 2홉+ 0.61 | 도달  900 | 차단  609
Ep 272 | 배송 28/50 | 재적재 3 | 도착  22 | 2홉+ 0.61 | 도달  871 | 차단  583
Ep 273 | 배송 26/50 | 재적재 4 | 도착  15 | 2홉+ 0.61 | 도달  971 | 차단  526
Ep 274 | 배송 24/50 | 재적재 2 | 도착  12 | 2홉+ 0.56 | 도달  719 | 차단  266
Ep 275 | 배송 29/50 | 재적재 5 | 도착  16 | 2홉+ 0.59 | 도달  889 | 차단  500
Ep 276 | 배송 26/50 | 재적재 3 | 도착  14 | 2홉+ 0.62 | 도달  740 | 차단  575
Ep 277 | 배송 27/50 | 재적재 3 | 도착  18 | 2홉+ 0.64 | 도달 1074 | 차단  532
Ep 278 | 배송 29/50 | 재적재 4 | 도착  12 | 2홉+ 0.58 | 도달  802 | 차단  309
Ep 279 | 배송 24/50 | 재적재 3 | 도착  13 | 2홉+ 0.60 | 도달  709 | 차단  595
Ep 280 | 배송 20/50 | 재적재 0 | 도착   3 | 2홉+ 0.63 | 도달  884 | 차단  660
Ep 281 | 배송 16/50 | 재적재 0 | 도착   7 | 2홉+ 0.69 | 도달  875 | 차단 1046
Ep 282 | 배송 30/50 | 재적재 5 | 도착  17 | 2홉+ 0.61 | 도달  902 | 차단  469
Ep 283 | 배송 25/50 | 재적재 3 | 도착  15 | 2홉+ 0.61 | 도달  795 | 차단  422
Ep 284 | 배송 25/50 | 재적재 4 | 도착  12 | 2홉+ 0.62 | 도달  775 | 차단  441
Ep 285 | 배송 27/50 | 재적재 3 | 도착  20 | 2홉+ 0.61 | 도달  706 | 차단  354
Ep 286 | 배송 31/50 | 재적재 3 | 도착  11 | 2홉+ 0.62 | 도달  903 | 차단  562
Ep 287 | 배송 25/50 | 재적재 3 | 도착  16 | 2홉+ 0.61 | 도달  723 | 차단  220
Ep 288 | 배송 32/50 | 재적재 4 | 도착  20 | 2홉+ 0.60 | 도달  834 | 차단  606
Ep 289 | 배송 25/50 | 재적재 4 | 도착   9 | 2홉+ 0.56 | 도달  766 | 차단  312
Ep 290 | 배송 30/50 | 재적재 5 | 도착  17 | 2홉+ 0.62 | 도달  755 | 차단  584
Ep 291 | 배송 27/50 | 재적재 3 | 도착  13 | 2홉+ 0.55 | 도달  801 | 차단  411
Ep 292 | 배송 29/50 | 재적재 5 | 도착  26 | 2홉+ 0.63 | 도달  886 | 차단  592
Ep 293 | 배송 28/50 | 재적재 4 | 도착  20 | 2홉+ 0.59 | 도달  850 | 차단  447
Ep 294 | 배송 30/50 | 재적재 4 | 도착  11 | 2홉+ 0.59 | 도달  889 | 차단  632
Ep 295 | 배송 27/50 | 재적재 3 | 도착  20 | 2홉+ 0.63 | 도달  835 | 차단  358
Ep 296 | 배송 29/50 | 재적재 3 | 도착  14 | 2홉+ 0.59 | 도달  864 | 차단  297
Ep 297 | 배송 25/50 | 재적재 3 | 도착  14 | 2홉+ 0.65 | 도달  803 | 차단  578
Ep 298 | 배송 28/50 | 재적재 4 | 도착  13 | 2홉+ 0.61 | 도달  800 | 차단  616
Ep 299 | 배송 28/50 | 재적재 5 | 도착  15 | 2홉+ 0.58 | 도달  913 | 차단  498
Ep 300 | 배송 25/50 | 재적재 3 | 도착   8 | 2홉+ 0.56 | 도달  729 | 차단  418
  [홀드아웃] 배송 19.3±6.2 재적재 1.2 2홉+ 0.59 | 최고 26.8@ep100 정체 4/15
Ep 301 | 배송 32/50 | 재적재 3 | 도착  21 | 2홉+ 0.63 | 도달  823 | 차단  588
Ep 302 | 배송 27/50 | 재적재 3 | 도착  14 | 2홉+ 0.63 | 도달  882 | 차단  765
Ep 303 | 배송 25/50 | 재적재 3 | 도착  14 | 2홉+ 0.61 | 도달  694 | 차단  384
Ep 304 | 배송 30/50 | 재적재 3 | 도착  13 | 2홉+ 0.62 | 도달 1060 | 차단  689
Ep 305 | 배송 31/50 | 재적재 3 | 도착  19 | 2홉+ 0.64 | 도달 1041 | 차단  687
Ep 306 | 배송 27/50 | 재적재 3 | 도착  11 | 2홉+ 0.63 | 도달  734 | 차단  745
Ep 307 | 배송 27/50 | 재적재 4 | 도착  20 | 2홉+ 0.62 | 도달  764 | 차단  572
Ep 308 | 배송 27/50 | 재적재 2 | 도착  10 | 2홉+ 0.60 | 도달  759 | 차단  542
Ep 309 | 배송 30/50 | 재적재 3 | 도착  14 | 2홉+ 0.60 | 도달  880 | 차단  357
Ep 310 | 배송 17/50 | 재적재 0 | 도착   7 | 2홉+ 0.71 | 도달  993 | 차단 1845
Ep 311 | 배송 30/50 | 재적재 5 | 도착  19 | 2홉+ 0.62 | 도달  857 | 차단  294
Ep 312 | 배송 27/50 | 재적재 3 | 도착  17 | 2홉+ 0.62 | 도달  841 | 차단  597
Ep 313 | 배송 23/50 | 재적재 3 | 도착  15 | 2홉+ 0.64 | 도달  794 | 차단  398
Ep 314 | 배송 23/50 | 재적재 3 | 도착  17 | 2홉+ 0.57 | 도달  812 | 차단  367
Ep 315 | 배송 25/50 | 재적재 3 | 도착  16 | 2홉+ 0.58 | 도달  788 | 차단  246
Ep 316 | 배송 32/50 | 재적재 3 | 도착  15 | 2홉+ 0.61 | 도달  802 | 차단  446
Ep 317 | 배송 26/50 | 재적재 3 | 도착  18 | 2홉+ 0.52 | 도달  748 | 차단  593
Ep 318 | 배송 25/50 | 재적재 3 | 도착  13 | 2홉+ 0.52 | 도달  866 | 차단  416
Ep 319 | 배송 23/50 | 재적재 3 | 도착  15 | 2홉+ 0.56 | 도달  848 | 차단  500
Ep 320 | 배송 27/50 | 재적재 4 | 도착  16 | 2홉+ 0.57 | 도달  813 | 차단  572
Ep 321 | 배송 29/50 | 재적재 4 | 도착  17 | 2홉+ 0.55 | 도달  786 | 차단  306
Ep 322 | 배송 16/50 | 재적재 0 | 도착   6 | 2홉+ 0.70 | 도달  993 | 차단 1657
Ep 323 | 배송 25/50 | 재적재 3 | 도착  16 | 2홉+ 0.58 | 도달  717 | 차단  490
Ep 324 | 배송 26/50 | 재적재 3 | 도착  12 | 2홉+ 0.58 | 도달  732 | 차단  361
Ep 325 | 배송 29/50 | 재적재 3 | 도착  16 | 2홉+ 0.61 | 도달  894 | 차단  326
Ep 326 | 배송 29/50 | 재적재 4 | 도착  18 | 2홉+ 0.58 | 도달  786 | 차단  389
Ep 327 | 배송 32/50 | 재적재 5 | 도착  20 | 2홉+ 0.59 | 도달  981 | 차단  281
Ep 328 | 배송 29/50 | 재적재 3 | 도착  17 | 2홉+ 0.59 | 도달  766 | 차단  469
Ep 329 | 배송 19/50 | 재적재 0 | 도착   5 | 2홉+ 0.68 | 도달  976 | 차단 1641
Ep 330 | 배송 27/50 | 재적재 3 | 도착  13 | 2홉+ 0.58 | 도달  811 | 차단  681
Ep 331 | 배송 29/50 | 재적재 5 | 도착  18 | 2홉+ 0.60 | 도달  877 | 차단  332
Ep 332 | 배송 32/50 | 재적재 4 | 도착  27 | 2홉+ 0.56 | 도달  895 | 차단  616
Ep 333 | 배송 31/50 | 재적재 3 | 도착  16 | 2홉+ 0.62 | 도달  872 | 차단  872
Ep 334 | 배송 28/50 | 재적재 4 | 도착  14 | 2홉+ 0.63 | 도달  899 | 차단  603
Ep 335 | 배송 31/50 | 재적재 4 | 도착  13 | 2홉+ 0.61 | 도달 1021 | 차단  514
Ep 336 | 배송 34/50 | 재적재 5 | 도착  15 | 2홉+ 0.64 | 도달  855 | 차단  530
Ep 337 | 배송 16/50 | 재적재 0 | 도착   3 | 2홉+ 0.71 | 도달 1023 | 차단 2697
Ep 338 | 배송 31/50 | 재적재 4 | 도착  18 | 2홉+ 0.59 | 도달  748 | 차단  491
Ep 339 | 배송 25/50 | 재적재 3 | 도착  33 | 2홉+ 0.49 | 도달  871 | 차단  298
Ep 340 | 배송 28/50 | 재적재 3 | 도착   8 | 2홉+ 0.64 | 도달  991 | 차단  586
Ep 341 | 배송 38/50 | 재적재 6 | 도착  29 | 2홉+ 0.60 | 도달  877 | 차단  461
Ep 342 | 배송 29/50 | 재적재 5 | 도착  16 | 2홉+ 0.59 | 도달  864 | 차단  305
Ep 343 | 배송 33/50 | 재적재 4 | 도착  18 | 2홉+ 0.60 | 도달  992 | 차단  795
Ep 344 | 배송 29/50 | 재적재 3 | 도착  17 | 2홉+ 0.60 | 도달  739 | 차단  392
Ep 345 | 배송 22/50 | 재적재 1 | 도착   9 | 2홉+ 0.59 | 도달  826 | 차단  407
Ep 346 | 배송 30/50 | 재적재 5 | 도착  18 | 2홉+ 0.58 | 도달  852 | 차단  607
Ep 347 | 배송 29/50 | 재적재 4 | 도착  18 | 2홉+ 0.64 | 도달  868 | 차단  547
Ep 348 | 배송 32/50 | 재적재 5 | 도착  20 | 2홉+ 0.59 | 도달  764 | 차단  320
Ep 349 | 배송 33/50 | 재적재 5 | 도착  20 | 2홉+ 0.60 | 도달  940 | 차단  594
Ep 350 | 배송 31/50 | 재적재 4 | 도착  17 | 2홉+ 0.63 | 도달  936 | 차단  265
  [홀드아웃] 배송 23.2±7.3 재적재 2.2 2홉+ 0.60 | 최고 26.8@ep100 정체 5/15
Ep 351 | 배송 26/50 | 재적재 4 | 도착  12 | 2홉+ 0.56 | 도달  876 | 차단  738
Ep 352 | 배송 27/50 | 재적재 3 | 도착  11 | 2홉+ 0.64 | 도달  880 | 차단  508
Ep 353 | 배송 27/50 | 재적재 3 | 도착  13 | 2홉+ 0.61 | 도달  749 | 차단  319
Ep 354 | 배송 29/50 | 재적재 4 | 도착  15 | 2홉+ 0.54 | 도달  787 | 차단  475
Ep 355 | 배송 21/50 | 재적재 2 | 도착  17 | 2홉+ 0.62 | 도달  669 | 차단  311
Ep 356 | 배송 26/50 | 재적재 2 | 도착  15 | 2홉+ 0.62 | 도달  911 | 차단  563
Ep 357 | 배송 27/50 | 재적재 4 | 도착  23 | 2홉+ 0.56 | 도달  753 | 차단  455
Ep 358 | 배송 17/50 | 재적재 0 | 도착   8 | 2홉+ 0.70 | 도달 1019 | 차단 2329
Ep 359 | 배송 33/50 | 재적재 3 | 도착  22 | 2홉+ 0.61 | 도달  793 | 차단  285
Ep 360 | 배송 27/50 | 재적재 4 | 도착  21 | 2홉+ 0.55 | 도달  749 | 차단  280
Ep 361 | 배송 26/50 | 재적재 3 | 도착  12 | 2홉+ 0.61 | 도달  714 | 차단  322
Ep 362 | 배송 23/50 | 재적재 4 | 도착  12 | 2홉+ 0.61 | 도달  789 | 차단  948
Ep 363 | 배송 30/50 | 재적재 5 | 도착  21 | 2홉+ 0.59 | 도달  886 | 차단  453
Ep 364 | 배송 23/50 | 재적재 3 | 도착  15 | 2홉+ 0.61 | 도달  706 | 차단  201
Ep 365 | 배송 31/50 | 재적재 3 | 도착  16 | 2홉+ 0.64 | 도달  749 | 차단  494
Ep 366 | 배송 29/50 | 재적재 4 | 도착  17 | 2홉+ 0.65 | 도달  766 | 차단  517
Ep 367 | 배송 31/50 | 재적재 3 | 도착  22 | 2홉+ 0.64 | 도달  817 | 차단  469
Ep 368 | 배송 31/50 | 재적재 5 | 도착  16 | 2홉+ 0.57 | 도달  760 | 차단  393
Ep 369 | 배송 24/50 | 재적재 4 | 도착  16 | 2홉+ 0.58 | 도달  795 | 차단  409
Ep 370 | 배송 29/50 | 재적재 4 | 도착  15 | 2홉+ 0.59 | 도달  956 | 차단  664
Ep 371 | 배송 27/50 | 재적재 3 | 도착  11 | 2홉+ 0.64 | 도달  862 | 차단  800
Ep 372 | 배송 28/50 | 재적재 3 | 도착  13 | 2홉+ 0.60 | 도달  786 | 차단  535
Ep 373 | 배송 27/50 | 재적재 4 | 도착  18 | 2홉+ 0.58 | 도달  811 | 차단  356
Ep 374 | 배송 29/50 | 재적재 4 | 도착  15 | 2홉+ 0.64 | 도달  926 | 차단  523
Ep 375 | 배송 28/50 | 재적재 4 | 도착  12 | 2홉+ 0.60 | 도달  869 | 차단  461
Ep 376 | 배송 33/50 | 재적재 4 | 도착  20 | 2홉+ 0.60 | 도달  986 | 차단  565
Ep 377 | 배송 29/50 | 재적재 4 | 도착  15 | 2홉+ 0.63 | 도달  904 | 차단  853
Ep 378 | 배송 29/50 | 재적재 3 | 도착  16 | 2홉+ 0.62 | 도달  783 | 차단  458
Ep 379 | 배송 28/50 | 재적재 3 | 도착  16 | 2홉+ 0.63 | 도달  797 | 차단  260
Ep 380 | 배송 19/50 | 재적재 3 | 도착   9 | 2홉+ 0.63 | 도달 1054 | 차단 1705
Ep 381 | 배송 30/50 | 재적재 5 | 도착  14 | 2홉+ 0.57 | 도달  852 | 차단  614
Ep 382 | 배송 30/50 | 재적재 4 | 도착  15 | 2홉+ 0.60 | 도달  825 | 차단  463
Ep 383 | 배송 29/50 | 재적재 4 | 도착  17 | 2홉+ 0.61 | 도달  976 | 차단  711
Ep 384 | 배송 27/50 | 재적재 4 | 도착  10 | 2홉+ 0.54 | 도달  694 | 차단  209
Ep 385 | 배송 23/50 | 재적재 3 | 도착   8 | 2홉+ 0.58 | 도달  806 | 차단  378
Ep 386 | 배송 29/50 | 재적재 5 | 도착  11 | 2홉+ 0.63 | 도달  822 | 차단  579
Ep 387 | 배송 28/50 | 재적재 3 | 도착  12 | 2홉+ 0.61 | 도달  834 | 차단  575
Ep 388 | 배송 26/50 | 재적재 2 | 도착  11 | 2홉+ 0.61 | 도달  818 | 차단  553
Ep 389 | 배송 29/50 | 재적재 4 | 도착  11 | 2홉+ 0.64 | 도달  899 | 차단  403
Ep 390 | 배송 28/50 | 재적재 4 | 도착  18 | 2홉+ 0.65 | 도달  762 | 차단  452
Ep 391 | 배송 28/50 | 재적재 5 | 도착  16 | 2홉+ 0.59 | 도달  829 | 차단  521
Ep 392 | 배송 25/50 | 재적재 4 | 도착  10 | 2홉+ 0.60 | 도달  727 | 차단  262
Ep 393 | 배송 29/50 | 재적재 4 | 도착  16 | 2홉+ 0.62 | 도달  836 | 차단  360
Ep 394 | 배송 28/50 | 재적재 3 | 도착  14 | 2홉+ 0.58 | 도달 1012 | 차단  348
Ep 395 | 배송 28/50 | 재적재 4 | 도착  13 | 2홉+ 0.61 | 도달  777 | 차단  316
Ep 396 | 배송 17/50 | 재적재 0 | 도착   8 | 2홉+ 0.70 | 도달 1048 | 차단 2176
Ep 397 | 배송 27/50 | 재적재 3 | 도착  11 | 2홉+ 0.56 | 도달  908 | 차단  421
Ep 398 | 배송 24/50 | 재적재 2 | 도착  31 | 2홉+ 0.53 | 도달  842 | 차단  625
Ep 399 | 배송 33/50 | 재적재 3 | 도착  18 | 2홉+ 0.66 | 도달  797 | 차단  329
Ep 400 | 배송 25/50 | 재적재 3 | 도착   8 | 2홉+ 0.65 | 도달  809 | 차단  782
  [홀드아웃] 배송 22.7±8.8 재적재 2.3 2홉+ 0.61 | 최고 26.8@ep100 정체 6/15
Ep 401 | 배송 30/50 | 재적재 3 | 도착  15 | 2홉+ 0.62 | 도달  848 | 차단  697
Ep 402 | 배송 32/50 | 재적재 4 | 도착  22 | 2홉+ 0.59 | 도달  891 | 차단  348
Ep 403 | 배송 23/50 | 재적재 3 | 도착  12 | 2홉+ 0.62 | 도달 1002 | 차단 1649
Ep 404 | 배송 25/50 | 재적재 3 | 도착  14 | 2홉+ 0.64 | 도달  761 | 차단  821
Ep 405 | 배송 27/50 | 재적재 3 | 도착  17 | 2홉+ 0.59 | 도달  867 | 차단  520
Ep 406 | 배송 32/50 | 재적재 4 | 도착  21 | 2홉+ 0.59 | 도달  880 | 차단  446
Ep 407 | 배송 28/50 | 재적재 3 | 도착  16 | 2홉+ 0.65 | 도달 1069 | 차단 1320
Ep 408 | 배송 31/50 | 재적재 6 | 도착  22 | 2홉+ 0.59 | 도달  866 | 차단  386
Ep 409 | 배송 25/50 | 재적재 3 | 도착  12 | 2홉+ 0.61 | 도달  911 | 차단  438
Ep 410 | 배송 28/50 | 재적재 3 | 도착  15 | 2홉+ 0.61 | 도달  873 | 차단  514
Ep 411 | 배송 33/50 | 재적재 4 | 도착   8 | 2홉+ 0.61 | 도달  789 | 차단  380
Ep 412 | 배송 29/50 | 재적재 3 | 도착  12 | 2홉+ 0.63 | 도달  855 | 차단  728
Ep 413 | 배송 24/50 | 재적재 3 | 도착  13 | 2홉+ 0.59 | 도달  758 | 차단  244
Ep 414 | 배송 31/50 | 재적재 4 | 도착  15 | 2홉+ 0.60 | 도달  808 | 차단  528
Ep 415 | 배송 27/50 | 재적재 5 | 도착  17 | 2홉+ 0.57 | 도달  744 | 차단  330
Ep 416 | 배송 33/50 | 재적재 3 | 도착  16 | 2홉+ 0.62 | 도달  817 | 차단  571
Ep 417 | 배송 30/50 | 재적재 4 | 도착  13 | 2홉+ 0.61 | 도달  960 | 차단  481
Ep 418 | 배송 25/50 | 재적재 3 | 도착  12 | 2홉+ 0.56 | 도달  717 | 차단  399
Ep 419 | 배송 24/50 | 재적재 4 | 도착  19 | 2홉+ 0.57 | 도달  796 | 차단  301
Ep 420 | 배송 31/50 | 재적재 4 | 도착  20 | 2홉+ 0.60 | 도달  784 | 차단  398
Ep 421 | 배송 31/50 | 재적재 4 | 도착  16 | 2홉+ 0.62 | 도달  757 | 차단  307
Ep 422 | 배송 33/50 | 재적재 5 | 도착  15 | 2홉+ 0.60 | 도달  993 | 차단  582
Ep 423 | 배송 33/50 | 재적재 4 | 도착  15 | 2홉+ 0.63 | 도달  963 | 차단  525
Ep 424 | 배송 28/50 | 재적재 4 | 도착  17 | 2홉+ 0.57 | 도달  745 | 차단  434
Ep 425 | 배송 26/50 | 재적재 4 | 도착  16 | 2홉+ 0.55 | 도달  788 | 차단  347
Ep 426 | 배송 28/50 | 재적재 4 | 도착  17 | 2홉+ 0.61 | 도달  764 | 차단  462
Ep 427 | 배송 28/50 | 재적재 4 | 도착  15 | 2홉+ 0.63 | 도달  872 | 차단  437
Ep 428 | 배송 21/50 | 재적재 1 | 도착   8 | 2홉+ 0.61 | 도달  691 | 차단  406
Ep 429 | 배송 27/50 | 재적재 3 | 도착  13 | 2홉+ 0.59 | 도달  919 | 차단  376
Ep 430 | 배송 28/50 | 재적재 3 | 도착  15 | 2홉+ 0.61 | 도달  944 | 차단  841
Ep 431 | 배송 27/50 | 재적재 3 | 도착  10 | 2홉+ 0.60 | 도달 1045 | 차단  623
Ep 432 | 배송 28/50 | 재적재 4 | 도착  15 | 2홉+ 0.56 | 도달  787 | 차단  706
Ep 433 | 배송 30/50 | 재적재 4 | 도착  14 | 2홉+ 0.63 | 도달  942 | 차단  482
Ep 434 | 배송 27/50 | 재적재 2 | 도착  18 | 2홉+ 0.63 | 도달  868 | 차단  448
Ep 435 | 배송 29/50 | 재적재 3 | 도착  14 | 2홉+ 0.61 | 도달  761 | 차단  434
Ep 436 | 배송 24/50 | 재적재 3 | 도착  12 | 2홉+ 0.64 | 도달  757 | 차단  598
Ep 437 | 배송 27/50 | 재적재 3 | 도착  14 | 2홉+ 0.64 | 도달 1012 | 차단  804
Ep 438 | 배송 26/50 | 재적재 3 | 도착  19 | 2홉+ 0.60 | 도달  859 | 차단  428
Ep 439 | 배송 28/50 | 재적재 3 | 도착  14 | 2홉+ 0.64 | 도달  891 | 차단  434
Ep 440 | 배송 30/50 | 재적재 3 | 도착  10 | 2홉+ 0.65 | 도달 1019 | 차단 1030
Ep 441 | 배송 30/50 | 재적재 5 | 도착  17 | 2홉+ 0.60 | 도달  945 | 차단  748
Ep 442 | 배송 30/50 | 재적재 4 | 도착  14 | 2홉+ 0.54 | 도달  772 | 차단  533
Ep 443 | 배송 16/50 | 재적재 0 | 도착   6 | 2홉+ 0.71 | 도달  975 | 차단 1877
Ep 444 | 배송 27/50 | 재적재 4 | 도착  15 | 2홉+ 0.58 | 도달  949 | 차단  731
Ep 445 | 배송 25/50 | 재적재 3 | 도착  10 | 2홉+ 0.62 | 도달  893 | 차단  475
Ep 446 | 배송 29/50 | 재적재 3 | 도착  16 | 2홉+ 0.60 | 도달 1048 | 차단  584
Ep 447 | 배송 28/50 | 재적재 3 | 도착  12 | 2홉+ 0.61 | 도달  892 | 차단  575
Ep 448 | 배송 24/50 | 재적재 4 | 도착  11 | 2홉+ 0.67 | 도달  749 | 차단  544
Ep 449 | 배송 25/50 | 재적재 2 | 도착  12 | 2홉+ 0.64 | 도달 1074 | 차단 1304
Ep 450 | 배송 30/50 | 재적재 5 | 도착  16 | 2홉+ 0.55 | 도달  741 | 차단  313
  [홀드아웃] 배송 23.0±7.5 재적재 2.0 2홉+ 0.64 | 최고 26.8@ep100 정체 7/15
Ep 451 | 배송 27/50 | 재적재 4 | 도착   8 | 2홉+ 0.53 | 도달  759 | 차단  279
Ep 452 | 배송 25/50 | 재적재 4 | 도착  15 | 2홉+ 0.62 | 도달 1010 | 차단  388
Ep 453 | 배송 22/50 | 재적재 2 | 도착  12 | 2홉+ 0.56 | 도달  689 | 차단  209
Ep 454 | 배송 28/50 | 재적재 2 | 도착   8 | 2홉+ 0.60 | 도달  844 | 차단  676
Ep 455 | 배송 29/50 | 재적재 3 | 도착  13 | 2홉+ 0.61 | 도달  778 | 차단  359
Ep 456 | 배송 24/50 | 재적재 3 | 도착  10 | 2홉+ 0.66 | 도달  738 | 차단  536
Ep 457 | 배송 28/50 | 재적재 4 | 도착  19 | 2홉+ 0.58 | 도달  811 | 차단  468
Ep 458 | 배송 28/50 | 재적재 3 | 도착   9 | 2홉+ 0.61 | 도달  984 | 차단  448
Ep 459 | 배송 32/50 | 재적재 4 | 도착  20 | 2홉+ 0.62 | 도달  988 | 차단  814
Ep 460 | 배송 34/50 | 재적재 4 | 도착  15 | 2홉+ 0.64 | 도달  970 | 차단  843
Ep 461 | 배송 17/50 | 재적재 0 | 도착   4 | 2홉+ 0.70 | 도달 1049 | 차단 1398
Ep 462 | 배송 31/50 | 재적재 5 | 도착  20 | 2홉+ 0.58 | 도달  997 | 차단  526
Ep 463 | 배송 29/50 | 재적재 5 | 도착  22 | 2홉+ 0.55 | 도달  874 | 차단  596
Ep 464 | 배송 24/50 | 재적재 2 | 도착   6 | 2홉+ 0.61 | 도달  816 | 차단  568
Ep 465 | 배송 30/50 | 재적재 4 | 도착  13 | 2홉+ 0.58 | 도달  753 | 차단  412
Ep 466 | 배송 27/50 | 재적재 3 | 도착  10 | 2홉+ 0.61 | 도달  962 | 차단  559
Ep 467 | 배송 29/50 | 재적재 5 | 도착  16 | 2홉+ 0.58 | 도달  966 | 차단  484
Ep 468 | 배송 30/50 | 재적재 5 | 도착  17 | 2홉+ 0.56 | 도달  964 | 차단  544
Ep 469 | 배송 26/50 | 재적재 2 | 도착  11 | 2홉+ 0.64 | 도달  786 | 차단  435
Ep 470 | 배송 29/50 | 재적재 4 | 도착  13 | 2홉+ 0.62 | 도달  831 | 차단  504
Ep 471 | 배송 23/50 | 재적재 1 | 도착  10 | 2홉+ 0.61 | 도달  992 | 차단  726
Ep 472 | 배송 24/50 | 재적재 2 | 도착  12 | 2홉+ 0.60 | 도달  837 | 차단  432
Ep 473 | 배송 28/50 | 재적재 3 | 도착  14 | 2홉+ 0.58 | 도달  914 | 차단  430
Ep 474 | 배송 29/50 | 재적재 4 | 도착  15 | 2홉+ 0.60 | 도달  768 | 차단  343
Ep 475 | 배송 27/50 | 재적재 3 | 도착  18 | 2홉+ 0.58 | 도달  727 | 차단  269
Ep 476 | 배송 27/50 | 재적재 4 | 도착  11 | 2홉+ 0.64 | 도달  819 | 차단  512
Ep 477 | 배송 28/50 | 재적재 4 | 도착  17 | 2홉+ 0.62 | 도달  873 | 차단  365
Ep 478 | 배송 29/50 | 재적재 3 | 도착  12 | 2홉+ 0.61 | 도달  931 | 차단  659
Ep 479 | 배송 24/50 | 재적재 3 | 도착  11 | 2홉+ 0.61 | 도달  777 | 차단  670
Ep 480 | 배송 26/50 | 재적재 3 | 도착  13 | 2홉+ 0.61 | 도달  823 | 차단  499
Ep 481 | 배송 29/50 | 재적재 4 | 도착  13 | 2홉+ 0.59 | 도달  847 | 차단  291
Ep 482 | 배송 26/50 | 재적재 4 | 도착  14 | 2홉+ 0.59 | 도달  812 | 차단  335
Ep 483 | 배송 27/50 | 재적재 3 | 도착  14 | 2홉+ 0.65 | 도달  905 | 차단  839
Ep 484 | 배송 27/50 | 재적재 2 | 도착  11 | 2홉+ 0.61 | 도달  978 | 차단 1177
Ep 485 | 배송 30/50 | 재적재 5 | 도착  15 | 2홉+ 0.62 | 도달  854 | 차단  413
Ep 486 | 배송 29/50 | 재적재 5 | 도착  17 | 2홉+ 0.59 | 도달  913 | 차단  396
Ep 487 | 배송 17/50 | 재적재 0 | 도착   6 | 2홉+ 0.71 | 도달 1000 | 차단 2404
Ep 488 | 배송 28/50 | 재적재 2 | 도착  27 | 2홉+ 0.61 | 도달 1012 | 차단 1052
Ep 489 | 배송 21/50 | 재적재 2 | 도착  11 | 2홉+ 0.62 | 도달  734 | 차단  271
Ep 490 | 배송 30/50 | 재적재 3 | 도착  15 | 2홉+ 0.64 | 도달  758 | 차단  510
Ep 491 | 배송 31/50 | 재적재 5 | 도착  17 | 2홉+ 0.57 | 도달  822 | 차단  405
Ep 492 | 배송 26/50 | 재적재 3 | 도착  18 | 2홉+ 0.61 | 도달  833 | 차단  436
Ep 493 | 배송 28/50 | 재적재 2 | 도착   9 | 2홉+ 0.69 | 도달  890 | 차단  497
Ep 494 | 배송 30/50 | 재적재 3 | 도착  12 | 2홉+ 0.65 | 도달  858 | 차단  726
Ep 495 | 배송 27/50 | 재적재 5 | 도착  14 | 2홉+ 0.56 | 도달  935 | 차단  489
Ep 496 | 배송 27/50 | 재적재 4 | 도착  18 | 2홉+ 0.59 | 도달  724 | 차단  292
Ep 497 | 배송 26/50 | 재적재 3 | 도착  13 | 2홉+ 0.63 | 도달 1074 | 차단 1319
Ep 498 | 배송 29/50 | 재적재 4 | 도착  17 | 2홉+ 0.67 | 도달  739 | 차단  391
Ep 499 | 배송 30/50 | 재적재 3 | 도착  12 | 2홉+ 0.62 | 도달  883 | 차단  538
Ep 500 | 배송 25/50 | 재적재 3 | 도착  12 | 2홉+ 0.61 | 도달  675 | 차단  383
  [홀드아웃] 배송 18.2±6.9 재적재 1.6 2홉+ 0.65 | 최고 26.8@ep100 정체 8/15
Ep 501 | 배송 32/50 | 재적재 3 | 도착  15 | 2홉+ 0.62 | 도달  793 | 차단  553
Ep 502 | 배송 26/50 | 재적재 3 | 도착  14 | 2홉+ 0.60 | 도달  727 | 차단  388
Ep 503 | 배송 30/50 | 재적재 3 | 도착  14 | 2홉+ 0.57 | 도달  854 | 차단  341
Ep 504 | 배송 28/50 | 재적재 3 | 도착  14 | 2홉+ 0.61 | 도달  754 | 차단  708
Ep 505 | 배송 26/50 | 재적재 3 | 도착  16 | 2홉+ 0.59 | 도달  809 | 차단  480
Ep 506 | 배송 30/50 | 재적재 3 | 도착  15 | 2홉+ 0.61 | 도달  814 | 차단  443
Ep 507 | 배송 26/50 | 재적재 3 | 도착   7 | 2홉+ 0.61 | 도달  813 | 차단  770
Ep 508 | 배송 32/50 | 재적재 5 | 도착  23 | 2홉+ 0.62 | 도달  871 | 차단  413
Ep 509 | 배송 30/50 | 재적재 5 | 도착   8 | 2홉+ 0.57 | 도달  742 | 차단  217
Ep 510 | 배송 30/50 | 재적재 5 | 도착  17 | 2홉+ 0.59 | 도달  791 | 차단  598
Ep 511 | 배송 28/50 | 재적재 4 | 도착  13 | 2홉+ 0.60 | 도달  834 | 차단  447
Ep 512 | 배송 30/50 | 재적재 4 | 도착  15 | 2홉+ 0.60 | 도달  809 | 차단  331
Ep 513 | 배송 25/50 | 재적재 3 | 도착  14 | 2홉+ 0.62 | 도달  874 | 차단  387
Ep 514 | 배송 28/50 | 재적재 3 | 도착  13 | 2홉+ 0.57 | 도달  779 | 차단  204
Ep 515 | 배송 29/50 | 재적재 4 | 도착  15 | 2홉+ 0.62 | 도달  901 | 차단  580
Ep 516 | 배송 30/50 | 재적재 5 | 도착  12 | 2홉+ 0.57 | 도달  825 | 차단  431
Ep 517 | 배송 29/50 | 재적재 3 | 도착   9 | 2홉+ 0.59 | 도달  726 | 차단  369
Ep 518 | 배송 27/50 | 재적재 4 | 도착  13 | 2홉+ 0.59 | 도달  770 | 차단  463
Ep 519 | 배송 28/50 | 재적재 4 | 도착  14 | 2홉+ 0.57 | 도달  906 | 차단  359
Ep 520 | 배송 27/50 | 재적재 4 | 도착  13 | 2홉+ 0.63 | 도달  775 | 차단  504
Ep 521 | 배송 33/50 | 재적재 4 | 도착  18 | 2홉+ 0.58 | 도달  871 | 차단  606
Ep 522 | 배송 27/50 | 재적재 4 | 도착  14 | 2홉+ 0.64 | 도달  781 | 차단  575
Ep 523 | 배송 25/50 | 재적재 4 | 도착  15 | 2홉+ 0.60 | 도달  827 | 차단  415
Ep 524 | 배송 27/50 | 재적재 4 | 도착  15 | 2홉+ 0.61 | 도달  813 | 차단  447
Ep 525 | 배송 29/50 | 재적재 3 | 도착  10 | 2홉+ 0.63 | 도달  773 | 차단  767
Ep 526 | 배송 29/50 | 재적재 5 | 도착  20 | 2홉+ 0.59 | 도달  773 | 차단  416
Ep 527 | 배송 31/50 | 재적재 5 | 도착  20 | 2홉+ 0.64 | 도달  832 | 차단  495
Ep 528 | 배송 26/50 | 재적재 4 | 도착  16 | 2홉+ 0.57 | 도달  840 | 차단  454
Ep 529 | 배송 25/50 | 재적재 3 | 도착  10 | 2홉+ 0.63 | 도달  756 | 차단  474
Ep 530 | 배송 30/50 | 재적재 3 | 도착  16 | 2홉+ 0.61 | 도달  985 | 차단  566
Ep 531 | 배송 28/50 | 재적재 3 | 도착  20 | 2홉+ 0.65 | 도달  932 | 차단  796
Ep 532 | 배송 24/50 | 재적재 2 | 도착  12 | 2홉+ 0.63 | 도달  702 | 차단  622
Ep 533 | 배송 31/50 | 재적재 4 | 도착  16 | 2홉+ 0.63 | 도달  896 | 차단  603
Ep 534 | 배송 27/50 | 재적재 3 | 도착  12 | 2홉+ 0.65 | 도달 1074 | 차단  507
Ep 535 | 배송 27/50 | 재적재 3 | 도착  11 | 2홉+ 0.59 | 도달  955 | 차단  309
Ep 536 | 배송 25/50 | 재적재 4 | 도착  14 | 2홉+ 0.50 | 도달  713 | 차단  572
Ep 537 | 배송 23/50 | 재적재 3 | 도착  16 | 2홉+ 0.56 | 도달  851 | 차단  409
Ep 538 | 배송 29/50 | 재적재 3 | 도착  17 | 2홉+ 0.62 | 도달  916 | 차단  892
Ep 539 | 배송 29/50 | 재적재 4 | 도착  20 | 2홉+ 0.62 | 도달  763 | 차단  349
Ep 540 | 배송 26/50 | 재적재 4 | 도착  16 | 2홉+ 0.59 | 도달  735 | 차단  354
Ep 541 | 배송 31/50 | 재적재 4 | 도착  14 | 2홉+ 0.59 | 도달  903 | 차단  409
Ep 542 | 배송 25/50 | 재적재 3 | 도착   8 | 2홉+ 0.63 | 도달  793 | 차단  620
Ep 543 | 배송 32/50 | 재적재 4 | 도착  14 | 2홉+ 0.66 | 도달  983 | 차단  566
Ep 544 | 배송 26/50 | 재적재 3 | 도착  12 | 2홉+ 0.61 | 도달  807 | 차단  565
Ep 545 | 배송 27/50 | 재적재 4 | 도착  14 | 2홉+ 0.61 | 도달  883 | 차단  506
Ep 546 | 배송 28/50 | 재적재 4 | 도착  19 | 2홉+ 0.59 | 도달  848 | 차단  295
Ep 547 | 배송 28/50 | 재적재 3 | 도착  18 | 2홉+ 0.60 | 도달  820 | 차단  641
Ep 548 | 배송 29/50 | 재적재 3 | 도착  16 | 2홉+ 0.59 | 도달  790 | 차단  365
Ep 549 | 배송 29/50 | 재적재 2 | 도착  11 | 2홉+ 0.62 | 도달  971 | 차단  586
Ep 550 | 배송 24/50 | 재적재 3 | 도착  10 | 2홉+ 0.61 | 도달  879 | 차단  731
  [홀드아웃] 배송 18.2±8.0 재적재 1.3 2홉+ 0.64 | 최고 26.8@ep100 정체 9/15
Ep 551 | 배송 28/50 | 재적재 3 | 도착  10 | 2홉+ 0.61 | 도달  850 | 차단  536
Ep 552 | 배송 30/50 | 재적재 4 | 도착  15 | 2홉+ 0.61 | 도달  750 | 차단  312
Ep 553 | 배송 27/50 | 재적재 4 | 도착  14 | 2홉+ 0.63 | 도달  966 | 차단  687
Ep 554 | 배송 30/50 | 재적재 4 | 도착  17 | 2홉+ 0.61 | 도달  790 | 차단  647
Ep 555 | 배송 28/50 | 재적재 5 | 도착  12 | 2홉+ 0.60 | 도달  977 | 차단  842
Ep 556 | 배송 30/50 | 재적재 5 | 도착  14 | 2홉+ 0.55 | 도달  887 | 차단  542
Ep 557 | 배송 27/50 | 재적재 3 | 도착   8 | 2홉+ 0.60 | 도달  771 | 차단  496
Ep 558 | 배송 31/50 | 재적재 4 | 도착  11 | 2홉+ 0.62 | 도달  889 | 차단  711
Ep 559 | 배송 28/50 | 재적재 5 | 도착  16 | 2홉+ 0.61 | 도달  886 | 차단  605
Ep 560 | 배송 26/50 | 재적재 3 | 도착  16 | 2홉+ 0.61 | 도달  691 | 차단  459
Ep 561 | 배송 25/50 | 재적재 4 | 도착  18 | 2홉+ 0.57 | 도달  764 | 차단  579
Ep 562 | 배송 30/50 | 재적재 4 | 도착  21 | 2홉+ 0.61 | 도달  875 | 차단  451
Ep 563 | 배송 26/50 | 재적재 4 | 도착  16 | 2홉+ 0.59 | 도달  897 | 차단  513
Ep 564 | 배송 29/50 | 재적재 3 | 도착  14 | 2홉+ 0.61 | 도달  988 | 차단  545
Ep 565 | 배송 31/50 | 재적재 4 | 도착  14 | 2홉+ 0.66 | 도달 1023 | 차단  562
Ep 566 | 배송 30/50 | 재적재 4 | 도착  14 | 2홉+ 0.63 | 도달  887 | 차단  452
Ep 567 | 배송 26/50 | 재적재 2 | 도착  18 | 2홉+ 0.61 | 도달  773 | 차단  492
Ep 568 | 배송 26/50 | 재적재 3 | 도착  14 | 2홉+ 0.57 | 도달  785 | 차단  445
Ep 569 | 배송 31/50 | 재적재 4 | 도착  12 | 2홉+ 0.61 | 도달  841 | 차단  546
Ep 570 | 배송 27/50 | 재적재 4 | 도착  19 | 2홉+ 0.62 | 도달  973 | 차단  589
Ep 571 | 배송 25/50 | 재적재 4 | 도착  16 | 2홉+ 0.56 | 도달  798 | 차단  530
Ep 572 | 배송 14/50 | 재적재 0 | 도착   5 | 2홉+ 0.70 | 도달 1031 | 차단 1855
Ep 573 | 배송 33/50 | 재적재 3 | 도착  19 | 2홉+ 0.60 | 도달  723 | 차단  485
Ep 574 | 배송 22/50 | 재적재 1 | 도착  10 | 2홉+ 0.64 | 도달  862 | 차단  467
Ep 575 | 배송 32/50 | 재적재 5 | 도착  18 | 2홉+ 0.62 | 도달  891 | 차단  471
Ep 576 | 배송 29/50 | 재적재 4 | 도착  17 | 2홉+ 0.62 | 도달  951 | 차단  481
Ep 577 | 배송 28/50 | 재적재 4 | 도착  13 | 2홉+ 0.57 | 도달  861 | 차단  361
Ep 578 | 배송 27/50 | 재적재 2 | 도착  16 | 2홉+ 0.62 | 도달 1074 | 차단  519
Ep 579 | 배송 33/50 | 재적재 4 | 도착  18 | 2홉+ 0.59 | 도달  781 | 차단  357
Ep 580 | 배송 18/50 | 재적재 2 | 도착  11 | 2홉+ 0.53 | 도달  716 | 차단  491
Ep 581 | 배송 30/50 | 재적재 3 | 도착  15 | 2홉+ 0.64 | 도달  792 | 차단  408
Ep 582 | 배송 30/50 | 재적재 4 | 도착  15 | 2홉+ 0.64 | 도달  805 | 차단  482
Ep 583 | 배송 26/50 | 재적재 3 | 도착  12 | 2홉+ 0.59 | 도달  803 | 차단  398
Ep 584 | 배송 31/50 | 재적재 4 | 도착  13 | 2홉+ 0.62 | 도달  909 | 차단  435
Ep 585 | 배송 28/50 | 재적재 4 | 도착  16 | 2홉+ 0.59 | 도달  807 | 차단  321
Ep 586 | 배송 14/50 | 재적재 0 | 도착   3 | 2홉+ 0.66 | 도달 1028 | 차단 2047
Ep 587 | 배송 24/50 | 재적재 4 | 도착  18 | 2홉+ 0.58 | 도달  743 | 차단  433
Ep 588 | 배송 16/50 | 재적재 0 | 도착   3 | 2홉+ 0.70 | 도달 1022 | 차단 1964
Ep 589 | 배송 29/50 | 재적재 5 | 도착  16 | 2홉+ 0.60 | 도달  692 | 차단  266
Ep 590 | 배송 24/50 | 재적재 3 | 도착  15 | 2홉+ 0.61 | 도달  863 | 차단  444
Ep 591 | 배송 28/50 | 재적재 3 | 도착  14 | 2홉+ 0.61 | 도달  906 | 차단  427
Ep 592 | 배송 24/50 | 재적재 3 | 도착  14 | 2홉+ 0.58 | 도달  698 | 차단  212
Ep 593 | 배송 32/50 | 재적재 5 | 도착  11 | 2홉+ 0.61 | 도달  762 | 차단  444
Ep 594 | 배송 32/50 | 재적재 5 | 도착  12 | 2홉+ 0.61 | 도달  972 | 차단  653
Ep 595 | 배송 27/50 | 재적재 3 | 도착  12 | 2홉+ 0.64 | 도달  980 | 차단  554
Ep 596 | 배송 26/50 | 재적재 3 | 도착  13 | 2홉+ 0.61 | 도달  901 | 차단  468
Ep 597 | 배송 26/50 | 재적재 4 | 도착  14 | 2홉+ 0.60 | 도달  748 | 차단  339
Ep 598 | 배송 17/50 | 재적재 2 | 도착   7 | 2홉+ 0.67 | 도달 1036 | 차단 1340
Ep 599 | 배송 32/50 | 재적재 3 | 도착  15 | 2홉+ 0.63 | 도달  998 | 차단  649
Ep 600 | 배송 23/50 | 재적재 2 | 도착  12 | 2홉+ 0.63 | 도달  669 | 차단  532
  [홀드아웃] 배송 16.7±8.4 재적재 1.5 2홉+ 0.65 | 최고 26.8@ep100 정체 10/15
Ep 601 | 배송 31/50 | 재적재 4 | 도착  17 | 2홉+ 0.62 | 도달  903 | 차단  427
Ep 602 | 배송 32/50 | 재적재 4 | 도착  18 | 2홉+ 0.61 | 도달  996 | 차단  744
Ep 603 | 배송 30/50 | 재적재 3 | 도착  13 | 2홉+ 0.59 | 도달  785 | 차단  422
Ep 604 | 배송 30/50 | 재적재 4 | 도착  20 | 2홉+ 0.64 | 도달  870 | 차단  567
Ep 605 | 배송 27/50 | 재적재 3 | 도착  13 | 2홉+ 0.63 | 도달  776 | 차단  502
Ep 606 | 배송 27/50 | 재적재 4 | 도착  14 | 2홉+ 0.60 | 도달  806 | 차단  352
Ep 607 | 배송 26/50 | 재적재 4 | 도착   9 | 2홉+ 0.58 | 도달  756 | 차단  409
Ep 608 | 배송 30/50 | 재적재 4 | 도착  15 | 2홉+ 0.61 | 도달  797 | 차단  513
Ep 609 | 배송 29/50 | 재적재 4 | 도착  12 | 2홉+ 0.59 | 도달  763 | 차단  524
Ep 610 | 배송 29/50 | 재적재 4 | 도착  19 | 2홉+ 0.63 | 도달  738 | 차단  380
Ep 611 | 배송 29/50 | 재적재 3 | 도착  15 | 2홉+ 0.57 | 도달  857 | 차단  482
Ep 612 | 배송 29/50 | 재적재 4 | 도착  15 | 2홉+ 0.63 | 도달  762 | 차단  464
Ep 613 | 배송 28/50 | 재적재 3 | 도착  12 | 2홉+ 0.63 | 도달  797 | 차단  332
Ep 614 | 배송 27/50 | 재적재 3 | 도착  15 | 2홉+ 0.59 | 도달  790 | 차단  625
Ep 615 | 배송 27/50 | 재적재 3 | 도착  13 | 2홉+ 0.63 | 도달  793 | 차단  490
Ep 616 | 배송 30/50 | 재적재 3 | 도착  15 | 2홉+ 0.62 | 도달  973 | 차단  804
Ep 617 | 배송 28/50 | 재적재 3 | 도착  13 | 2홉+ 0.58 | 도달  760 | 차단  349
Ep 618 | 배송 26/50 | 재적재 3 | 도착  14 | 2홉+ 0.59 | 도달  712 | 차단  691
Ep 619 | 배송 26/50 | 재적재 3 | 도착  16 | 2홉+ 0.66 | 도달  965 | 차단 1040
Ep 620 | 배송 26/50 | 재적재 3 | 도착  16 | 2홉+ 0.58 | 도달  732 | 차단  268
Ep 621 | 배송 30/50 | 재적재 5 | 도착  21 | 2홉+ 0.60 | 도달  808 | 차단  396
Ep 622 | 배송 31/50 | 재적재 3 | 도착  16 | 2홉+ 0.60 | 도달  813 | 차단  328
Ep 623 | 배송 29/50 | 재적재 4 | 도착  16 | 2홉+ 0.62 | 도달 1056 | 차단  951
Ep 624 | 배송 26/50 | 재적재 2 | 도착  13 | 2홉+ 0.62 | 도달  852 | 차단  670
Ep 625 | 배송 29/50 | 재적재 4 | 도착  23 | 2홉+ 0.54 | 도달 1059 | 차단  364
Ep 626 | 배송 17/50 | 재적재 1 | 도착   6 | 2홉+ 0.63 | 도달  944 | 차단 1594
Ep 627 | 배송 28/50 | 재적재 4 | 도착  14 | 2홉+ 0.61 | 도달  822 | 차단  472
Ep 628 | 배송 29/50 | 재적재 3 | 도착  14 | 2홉+ 0.62 | 도달  918 | 차단  432
Ep 629 | 배송 27/50 | 재적재 3 | 도착  12 | 2홉+ 0.62 | 도달  802 | 차단  583
Ep 630 | 배송 27/50 | 재적재 4 | 도착  18 | 2홉+ 0.60 | 도달  972 | 차단  357
Ep 631 | 배송 30/50 | 재적재 3 | 도착  11 | 2홉+ 0.64 | 도달  854 | 차단  395
Ep 632 | 배송 31/50 | 재적재 5 | 도착  14 | 2홉+ 0.59 | 도달  793 | 차단  396
Ep 633 | 배송 32/50 | 재적재 5 | 도착  13 | 2홉+ 0.59 | 도달  898 | 차단  662
Ep 634 | 배송 28/50 | 재적재 3 | 도착  11 | 2홉+ 0.64 | 도달  881 | 차단  640
Ep 635 | 배송 29/50 | 재적재 4 | 도착  17 | 2홉+ 0.60 | 도달  755 | 차단  329
Ep 636 | 배송 25/50 | 재적재 4 | 도착  13 | 2홉+ 0.62 | 도달  803 | 차단  625
Ep 637 | 배송 27/50 | 재적재 5 | 도착  17 | 2홉+ 0.62 | 도달  771 | 차단  266
Ep 638 | 배송 30/50 | 재적재 3 | 도착  14 | 2홉+ 0.61 | 도달  860 | 차단  472
Ep 639 | 배송 28/50 | 재적재 3 | 도착  16 | 2홉+ 0.62 | 도달  914 | 차단  469
Ep 640 | 배송 26/50 | 재적재 3 | 도착  13 | 2홉+ 0.69 | 도달  935 | 차단 1418
Ep 641 | 배송 30/50 | 재적재 5 | 도착  20 | 2홉+ 0.54 | 도달  851 | 차단  314
Ep 642 | 배송 31/50 | 재적재 4 | 도착  15 | 2홉+ 0.60 | 도달  762 | 차단  315
Ep 643 | 배송 27/50 | 재적재 4 | 도착  13 | 2홉+ 0.57 | 도달  735 | 차단  453
Ep 644 | 배송 28/50 | 재적재 2 | 도착   9 | 2홉+ 0.64 | 도달 1058 | 차단 1043
Ep 645 | 배송 33/50 | 재적재 4 | 도착  12 | 2홉+ 0.66 | 도달  860 | 차단  372
Ep 646 | 배송 27/50 | 재적재 4 | 도착  12 | 2홉+ 0.57 | 도달  787 | 차단  418
Ep 647 | 배송 23/50 | 재적재 3 | 도착  11 | 2홉+ 0.62 | 도달  983 | 차단  711
Ep 648 | 배송 27/50 | 재적재 3 | 도착  11 | 2홉+ 0.64 | 도달  868 | 차단  717
Ep 649 | 배송 26/50 | 재적재 3 | 도착  11 | 2홉+ 0.61 | 도달  711 | 차단  264
Ep 650 | 배송 29/50 | 재적재 4 | 도착  15 | 2홉+ 0.62 | 도달  945 | 차단  437
  [홀드아웃] 배송 17.5±5.1 재적재 1.2 2홉+ 0.66 | 최고 26.8@ep100 정체 11/15
Ep 651 | 배송 36/50 | 재적재 5 | 도착  19 | 2홉+ 0.59 | 도달  859 | 차단  401
Ep 652 | 배송 24/50 | 재적재 3 | 도착   9 | 2홉+ 0.59 | 도달  938 | 차단  524
Ep 653 | 배송 31/50 | 재적재 3 | 도착  12 | 2홉+ 0.64 | 도달  791 | 차단  474
Ep 654 | 배송 28/50 | 재적재 3 | 도착  12 | 2홉+ 0.68 | 도달  844 | 차단  606
Ep 655 | 배송 32/50 | 재적재 5 | 도착  16 | 2홉+ 0.55 | 도달  815 | 차단  363
Ep 656 | 배송 28/50 | 재적재 3 | 도착  12 | 2홉+ 0.61 | 도달  768 | 차단  517
Ep 657 | 배송 30/50 | 재적재 4 | 도착  17 | 2홉+ 0.62 | 도달  804 | 차단  495
Ep 658 | 배송 29/50 | 재적재 3 | 도착  11 | 2홉+ 0.64 | 도달  894 | 차단  738
Ep 659 | 배송 27/50 | 재적재 4 | 도착  17 | 2홉+ 0.62 | 도달  847 | 차단  424
Ep 660 | 배송 29/50 | 재적재 3 | 도착  11 | 2홉+ 0.63 | 도달  761 | 차단  384
Ep 661 | 배송 33/50 | 재적재 6 | 도착  17 | 2홉+ 0.60 | 도달  893 | 차단  546
Ep 662 | 배송 30/50 | 재적재 3 | 도착  13 | 2홉+ 0.66 | 도달  996 | 차단  593
Ep 663 | 배송 26/50 | 재적재 3 | 도착   8 | 2홉+ 0.62 | 도달  810 | 차단  741
Ep 664 | 배송 31/50 | 재적재 5 | 도착  12 | 2홉+ 0.52 | 도달  748 | 차단  440
Ep 665 | 배송 18/50 | 재적재 0 | 도착   8 | 2홉+ 0.71 | 도달  965 | 차단 1731
Ep 666 | 배송 27/50 | 재적재 3 | 도착  17 | 2홉+ 0.62 | 도달  745 | 차단  452
Ep 667 | 배송 28/50 | 재적재 4 | 도착  15 | 2홉+ 0.61 | 도달  804 | 차단  485
Ep 668 | 배송 19/50 | 재적재 1 | 도착   6 | 2홉+ 0.59 | 도달  797 | 차단  821
Ep 669 | 배송 24/50 | 재적재 3 | 도착  13 | 2홉+ 0.58 | 도달  698 | 차단  365
Ep 670 | 배송 31/50 | 재적재 3 | 도착  12 | 2홉+ 0.53 | 도달  793 | 차단  242
Ep 671 | 배송 28/50 | 재적재 3 | 도착  16 | 2홉+ 0.61 | 도달  888 | 차단  640
Ep 672 | 배송 29/50 | 재적재 3 | 도착  14 | 2홉+ 0.64 | 도달  716 | 차단  472
Ep 673 | 배송 28/50 | 재적재 4 | 도착  28 | 2홉+ 0.55 | 도달  857 | 차단  519
Ep 674 | 배송 27/50 | 재적재 3 | 도착  14 | 2홉+ 0.62 | 도달  946 | 차단  877
Ep 675 | 배송 27/50 | 재적재 4 | 도착  16 | 2홉+ 0.58 | 도달  850 | 차단  371
Ep 676 | 배송 30/50 | 재적재 4 | 도착  11 | 2홉+ 0.64 | 도달  835 | 차단  575
Ep 677 | 배송 32/50 | 재적재 3 | 도착  15 | 2홉+ 0.64 | 도달  962 | 차단  617
Ep 678 | 배송 26/50 | 재적재 3 | 도착  11 | 2홉+ 0.56 | 도달  692 | 차단  568
Ep 679 | 배송 29/50 | 재적재 3 | 도착  14 | 2홉+ 0.57 | 도달  785 | 차단  333
Ep 680 | 배송 27/50 | 재적재 4 | 도착  16 | 2홉+ 0.59 | 도달  752 | 차단  531
Ep 681 | 배송 26/50 | 재적재 3 | 도착   9 | 2홉+ 0.65 | 도달  914 | 차단  505
Ep 682 | 배송 22/50 | 재적재 2 | 도착  10 | 2홉+ 0.65 | 도달 1004 | 차단  951
Ep 683 | 배송 22/50 | 재적재 2 | 도착  10 | 2홉+ 0.61 | 도달  912 | 차단  563
Ep 684 | 배송 31/50 | 재적재 5 | 도착  14 | 2홉+ 0.56 | 도달  830 | 차단  296
Ep 685 | 배송 30/50 | 재적재 3 | 도착  19 | 2홉+ 0.54 | 도달  791 | 차단  353
Ep 686 | 배송 30/50 | 재적재 3 | 도착  13 | 2홉+ 0.63 | 도달  847 | 차단  383
Ep 687 | 배송 29/50 | 재적재 4 | 도착  15 | 2홉+ 0.63 | 도달  780 | 차단  644
Ep 688 | 배송 27/50 | 재적재 2 | 도착  13 | 2홉+ 0.56 | 도달  774 | 차단  380
Ep 689 | 배송 27/50 | 재적재 4 | 도착  16 | 2홉+ 0.62 | 도달  779 | 차단  350
Ep 690 | 배송 28/50 | 재적재 4 | 도착  12 | 2홉+ 0.61 | 도달  823 | 차단  398
Ep 691 | 배송 27/50 | 재적재 3 | 도착  13 | 2홉+ 0.63 | 도달  835 | 차단  556
Ep 692 | 배송 21/50 | 재적재 2 | 도착  15 | 2홉+ 0.57 | 도달  776 | 차단  407
Ep 693 | 배송 29/50 | 재적재 4 | 도착  12 | 2홉+ 0.61 | 도달  846 | 차단  350
Ep 694 | 배송 25/50 | 재적재 4 | 도착  14 | 2홉+ 0.62 | 도달  809 | 차단  502
Ep 695 | 배송 31/50 | 재적재 4 | 도착  20 | 2홉+ 0.61 | 도달 1025 | 차단  846
Ep 696 | 배송 28/50 | 재적재 3 | 도착  12 | 2홉+ 0.61 | 도달  706 | 차단  413
Ep 697 | 배송 29/50 | 재적재 4 | 도착  16 | 2홉+ 0.62 | 도달  868 | 차단  484
Ep 698 | 배송 32/50 | 재적재 3 | 도착  15 | 2홉+ 0.65 | 도달  789 | 차단  252
Ep 699 | 배송 33/50 | 재적재 5 | 도착  14 | 2홉+ 0.60 | 도달 1012 | 차단  676
Ep 700 | 배송 24/50 | 재적재 3 | 도착  14 | 2홉+ 0.59 | 도달  792 | 차단  315
  [홀드아웃] 배송 18.1±3.8 재적재 0.8 2홉+ 0.68 | 최고 26.8@ep100 정체 12/15
Ep 701 | 배송 28/50 | 재적재 4 | 도착   9 | 2홉+ 0.51 | 도달  948 | 차단  434
Ep 702 | 배송 26/50 | 재적재 3 | 도착   9 | 2홉+ 0.61 | 도달  955 | 차단  746
Ep 703 | 배송 29/50 | 재적재 4 | 도착  13 | 2홉+ 0.63 | 도달  743 | 차단  427
Ep 704 | 배송 30/50 | 재적재 5 | 도착  16 | 2홉+ 0.57 | 도달  801 | 차단  527
Ep 705 | 배송 27/50 | 재적재 2 | 도착  17 | 2홉+ 0.55 | 도달  777 | 차단  488
Ep 706 | 배송 25/50 | 재적재 3 | 도착  17 | 2홉+ 0.59 | 도달  730 | 차단  282
Ep 707 | 배송 28/50 | 재적재 5 | 도착  12 | 2홉+ 0.60 | 도달  730 | 차단  264
Ep 708 | 배송 24/50 | 재적재 3 | 도착  11 | 2홉+ 0.66 | 도달  719 | 차단  472
Ep 709 | 배송 18/50 | 재적재 0 | 도착   3 | 2홉+ 0.71 | 도달 1047 | 차단 2130
Ep 710 | 배송 28/50 | 재적재 4 | 도착  15 | 2홉+ 0.66 | 도달  811 | 차단  678
Ep 711 | 배송 31/50 | 재적재 4 | 도착  22 | 2홉+ 0.62 | 도달  818 | 차단  460
Ep 712 | 배송 25/50 | 재적재 4 | 도착  15 | 2홉+ 0.56 | 도달  661 | 차단  330
Ep 713 | 배송 30/50 | 재적재 3 | 도착  12 | 2홉+ 0.60 | 도달  978 | 차단  473
Ep 714 | 배송 32/50 | 재적재 5 | 도착  21 | 2홉+ 0.64 | 도달  852 | 차단  425
Ep 715 | 배송 29/50 | 재적재 4 | 도착  10 | 2홉+ 0.60 | 도달  851 | 차단  859
Ep 716 | 배송 27/50 | 재적재 4 | 도착  12 | 2홉+ 0.61 | 도달 1068 | 차단  712
Ep 717 | 배송 33/50 | 재적재 5 | 도착  15 | 2홉+ 0.57 | 도달  837 | 차단  491
Ep 718 | 배송 24/50 | 재적재 3 | 도착   8 | 2홉+ 0.55 | 도달  879 | 차단  400
Ep 719 | 배송 31/50 | 재적재 3 | 도착  14 | 2홉+ 0.62 | 도달  816 | 차단  573
Ep 720 | 배송 33/50 | 재적재 4 | 도착  10 | 2홉+ 0.57 | 도달  778 | 차단  564
Ep 721 | 배송 25/50 | 재적재 3 | 도착  13 | 2홉+ 0.62 | 도달 1012 | 차단  765
Ep 722 | 배송 32/50 | 재적재 4 | 도착  11 | 2홉+ 0.64 | 도달  969 | 차단  521
Ep 723 | 배송 24/50 | 재적재 2 | 도착  13 | 2홉+ 0.62 | 도달  707 | 차단  561
Ep 724 | 배송 25/50 | 재적재 3 | 도착  12 | 2홉+ 0.62 | 도달  757 | 차단  344
Ep 725 | 배송 28/50 | 재적재 3 | 도착  13 | 2홉+ 0.66 | 도달  763 | 차단  859
Ep 726 | 배송 26/50 | 재적재 2 | 도착  11 | 2홉+ 0.53 | 도달  755 | 차단  438
Ep 727 | 배송 31/50 | 재적재 4 | 도착  11 | 2홉+ 0.61 | 도달  759 | 차단  488
Ep 728 | 배송 25/50 | 재적재 4 | 도착   9 | 2홉+ 0.55 | 도달  812 | 차단  408
Ep 729 | 배송 29/50 | 재적재 5 | 도착  22 | 2홉+ 0.60 | 도달  921 | 차단  467
Ep 730 | 배송 28/50 | 재적재 4 | 도착  13 | 2홉+ 0.64 | 도달  945 | 차단  488
Ep 731 | 배송 24/50 | 재적재 3 | 도착  13 | 2홉+ 0.59 | 도달  713 | 차단  473
Ep 732 | 배송 28/50 | 재적재 3 | 도착  14 | 2홉+ 0.62 | 도달  989 | 차단  508
Ep 733 | 배송 33/50 | 재적재 4 | 도착  19 | 2홉+ 0.62 | 도달  838 | 차단  797
Ep 734 | 배송 27/50 | 재적재 4 | 도착  17 | 2홉+ 0.61 | 도달  922 | 차단  525
Ep 735 | 배송 26/50 | 재적재 3 | 도착  13 | 2홉+ 0.63 | 도달 1016 | 차단  668
Ep 736 | 배송 26/50 | 재적재 4 | 도착  13 | 2홉+ 0.57 | 도달  697 | 차단  406
Ep 737 | 배송 29/50 | 재적재 3 | 도착  13 | 2홉+ 0.60 | 도달  999 | 차단  779
Ep 738 | 배송 26/50 | 재적재 2 | 도착  17 | 2홉+ 0.56 | 도달 1034 | 차단 1009
Ep 739 | 배송 26/50 | 재적재 3 | 도착  11 | 2홉+ 0.59 | 도달  716 | 차단  343
Ep 740 | 배송 20/50 | 재적재 3 | 도착  15 | 2홉+ 0.61 | 도달  733 | 차단 1020
Ep 741 | 배송 28/50 | 재적재 3 | 도착  12 | 2홉+ 0.60 | 도달  936 | 차단  908
Ep 742 | 배송 24/50 | 재적재 2 | 도착  12 | 2홉+ 0.67 | 도달  828 | 차단  513
Ep 743 | 배송 28/50 | 재적재 5 | 도착  16 | 2홉+ 0.58 | 도달  991 | 차단  569
Ep 744 | 배송 24/50 | 재적재 3 | 도착  13 | 2홉+ 0.63 | 도달 1007 | 차단  444
Ep 745 | 배송 31/50 | 재적재 4 | 도착  13 | 2홉+ 0.58 | 도달  846 | 차단  510
Ep 746 | 배송 18/50 | 재적재 0 | 도착   5 | 2홉+ 0.70 | 도달  992 | 차단 1052
Ep 747 | 배송 26/50 | 재적재 3 | 도착  15 | 2홉+ 0.58 | 도달  725 | 차단  312
Ep 748 | 배송 25/50 | 재적재 2 | 도착  11 | 2홉+ 0.64 | 도달  758 | 차단  509
Ep 749 | 배송 26/50 | 재적재 4 | 도착  14 | 2홉+ 0.57 | 도달  800 | 차단  592
Ep 750 | 배송 22/50 | 재적재 2 | 도착  15 | 2홉+ 0.63 | 도달  735 | 차단  543
  [홀드아웃] 배송 17.9±7.2 재적재 0.9 2홉+ 0.60 | 최고 26.8@ep100 정체 13/15
Ep 751 | 배송 24/50 | 재적재 2 | 도착  16 | 2홉+ 0.60 | 도달  754 | 차단  454
Ep 752 | 배송 26/50 | 재적재 4 | 도착  11 | 2홉+ 0.57 | 도달  837 | 차단  353
Ep 753 | 배송 24/50 | 재적재 3 | 도착  10 | 2홉+ 0.54 | 도달  769 | 차단  301
Ep 754 | 배송 30/50 | 재적재 3 | 도착  16 | 2홉+ 0.63 | 도달 1059 | 차단  994
Ep 755 | 배송 30/50 | 재적재 3 | 도착  12 | 2홉+ 0.60 | 도달  864 | 차단  520
Ep 756 | 배송 29/50 | 재적재 3 | 도착  12 | 2홉+ 0.63 | 도달  843 | 차단  349
Ep 757 | 배송 26/50 | 재적재 3 | 도착  11 | 2홉+ 0.63 | 도달  737 | 차단  358
Ep 758 | 배송 26/50 | 재적재 5 | 도착  13 | 2홉+ 0.55 | 도달 1033 | 차단  551
Ep 759 | 배송 28/50 | 재적재 3 | 도착  21 | 2홉+ 0.53 | 도달  820 | 차단  567
Ep 760 | 배송 32/50 | 재적재 4 | 도착  18 | 2홉+ 0.63 | 도달  884 | 차단  332
Ep 761 | 배송 30/50 | 재적재 4 | 도착  15 | 2홉+ 0.60 | 도달  756 | 차단  456
Ep 762 | 배송 29/50 | 재적재 3 | 도착  12 | 2홉+ 0.62 | 도달 1004 | 차단  963
Ep 763 | 배송 30/50 | 재적재 3 | 도착  13 | 2홉+ 0.60 | 도달  967 | 차단  621
Ep 764 | 배송 27/50 | 재적재 3 | 도착  14 | 2홉+ 0.56 | 도달  776 | 차단  514
Ep 765 | 배송 28/50 | 재적재 5 | 도착  13 | 2홉+ 0.57 | 도달  921 | 차단  473
Ep 766 | 배송 23/50 | 재적재 2 | 도착  19 | 2홉+ 0.60 | 도달  756 | 차단  424
Ep 767 | 배송 30/50 | 재적재 3 | 도착   9 | 2홉+ 0.66 | 도달  778 | 차단  674
Ep 768 | 배송 24/50 | 재적재 3 | 도착  13 | 2홉+ 0.55 | 도달  767 | 차단  340
Ep 769 | 배송 28/50 | 재적재 3 | 도착  11 | 2홉+ 0.63 | 도달  827 | 차단  690
Ep 770 | 배송 28/50 | 재적재 4 | 도착  15 | 2홉+ 0.60 | 도달  811 | 차단  691
Ep 771 | 배송 27/50 | 재적재 3 | 도착  16 | 2홉+ 0.52 | 도달  797 | 차단  345
Ep 772 | 배송 29/50 | 재적재 3 | 도착  13 | 2홉+ 0.62 | 도달  889 | 차단  705
Ep 773 | 배송 28/50 | 재적재 3 | 도착  10 | 2홉+ 0.64 | 도달  956 | 차단  705
Ep 774 | 배송 30/50 | 재적재 5 | 도착  19 | 2홉+ 0.55 | 도달  806 | 차단  331
Ep 775 | 배송 29/50 | 재적재 4 | 도착  16 | 2홉+ 0.55 | 도달  808 | 차단  470
Ep 776 | 배송 27/50 | 재적재 3 | 도착  15 | 2홉+ 0.62 | 도달  838 | 차단  350
Ep 777 | 배송 23/50 | 재적재 3 | 도착  11 | 2홉+ 0.64 | 도달  919 | 차단  818
Ep 778 | 배송 27/50 | 재적재 3 | 도착  15 | 2홉+ 0.57 | 도달  732 | 차단  336
Ep 779 | 배송 27/50 | 재적재 2 | 도착  11 | 2홉+ 0.60 | 도달  780 | 차단  271
Ep 780 | 배송 26/50 | 재적재 4 | 도착  16 | 2홉+ 0.59 | 도달  876 | 차단  224
Ep 781 | 배송 29/50 | 재적재 4 | 도착  18 | 2홉+ 0.61 | 도달  743 | 차단  615
Ep 782 | 배송 17/50 | 재적재 0 | 도착   4 | 2홉+ 0.70 | 도달 1056 | 차단 1886
Ep 783 | 배송 30/50 | 재적재 4 | 도착  10 | 2홉+ 0.60 | 도달  781 | 차단  331
Ep 784 | 배송 16/50 | 재적재 0 | 도착   8 | 2홉+ 0.71 | 도달 1074 | 차단 1746
Ep 785 | 배송 26/50 | 재적재 4 | 도착  10 | 2홉+ 0.57 | 도달  818 | 차단  337
Ep 786 | 배송 24/50 | 재적재 3 | 도착  13 | 2홉+ 0.59 | 도달  930 | 차단  571
Ep 787 | 배송 28/50 | 재적재 4 | 도착  15 | 2홉+ 0.62 | 도달  808 | 차단  436
Ep 788 | 배송 29/50 | 재적재 3 | 도착  17 | 2홉+ 0.64 | 도달  995 | 차단  731
Ep 789 | 배송 29/50 | 재적재 4 | 도착  12 | 2홉+ 0.60 | 도달  817 | 차단  532
Ep 790 | 배송 29/50 | 재적재 5 | 도착  22 | 2홉+ 0.58 | 도달  806 | 차단  444
Ep 791 | 배송 28/50 | 재적재 3 | 도착   9 | 2홉+ 0.62 | 도달 1061 | 차단  861
Ep 792 | 배송 31/50 | 재적재 3 | 도착  14 | 2홉+ 0.62 | 도달  805 | 차단  569
Ep 793 | 배송 27/50 | 재적재 2 | 도착  11 | 2홉+ 0.67 | 도달  996 | 차단  878
Ep 794 | 배송 32/50 | 재적재 4 | 도착  16 | 2홉+ 0.62 | 도달  851 | 차단  224
Ep 795 | 배송 29/50 | 재적재 5 | 도착  16 | 2홉+ 0.60 | 도달  829 | 차단  404
Ep 796 | 배송 30/50 | 재적재 4 | 도착  16 | 2홉+ 0.56 | 도달  990 | 차단  513
Ep 797 | 배송 22/50 | 재적재 2 | 도착  10 | 2홉+ 0.65 | 도달  717 | 차단  527
Ep 798 | 배송 27/50 | 재적재 4 | 도착  13 | 2홉+ 0.59 | 도달  789 | 차단  265
Ep 799 | 배송 25/50 | 재적재 2 | 도착  13 | 2홉+ 0.60 | 도달  852 | 차단  323
Ep 800 | 배송 25/50 | 재적재 2 | 도착  13 | 2홉+ 0.57 | 도달  784 | 차단  684
  [홀드아웃] 배송 18.1±6.0 재적재 0.9 2홉+ 0.66 | 최고 26.8@ep100 정체 14/15
Ep 801 | 배송 27/50 | 재적재 3 | 도착  17 | 2홉+ 0.64 | 도달 1074 | 차단  899
Ep 802 | 배송 27/50 | 재적재 3 | 도착  10 | 2홉+ 0.59 | 도달  767 | 차단  430
Ep 803 | 배송 25/50 | 재적재 3 | 도착  12 | 2홉+ 0.62 | 도달  827 | 차단  743
Ep 804 | 배송 24/50 | 재적재 4 | 도착  11 | 2홉+ 0.57 | 도달  742 | 차단  374
Ep 805 | 배송 28/50 | 재적재 3 | 도착  14 | 2홉+ 0.62 | 도달  787 | 차단  598
Ep 806 | 배송 32/50 | 재적재 4 | 도착  20 | 2홉+ 0.61 | 도달  788 | 차단  513
Ep 807 | 배송 28/50 | 재적재 3 | 도착  15 | 2홉+ 0.61 | 도달  730 | 차단  350
Ep 808 | 배송 32/50 | 재적재 4 | 도착  18 | 2홉+ 0.63 | 도달  807 | 차단  419
Ep 809 | 배송 29/50 | 재적재 5 | 도착  17 | 2홉+ 0.56 | 도달  850 | 차단  309
Ep 810 | 배송 27/50 | 재적재 2 | 도착  15 | 2홉+ 0.59 | 도달  863 | 차단  707
Ep 811 | 배송 29/50 | 재적재 2 | 도착  14 | 2홉+ 0.61 | 도달  806 | 차단  571
Ep 812 | 배송 26/50 | 재적재 3 | 도착  14 | 2홉+ 0.62 | 도달  771 | 차단  695
Ep 813 | 배송 29/50 | 재적재 4 | 도착  17 | 2홉+ 0.66 | 도달  858 | 차단  580
Ep 814 | 배송 29/50 | 재적재 5 | 도착  20 | 2홉+ 0.63 | 도달  856 | 차단  472
Ep 815 | 배송 20/50 | 재적재 1 | 도착   9 | 2홉+ 0.67 | 도달 1059 | 차단 1719
Ep 816 | 배송 29/50 | 재적재 3 | 도착  12 | 2홉+ 0.59 | 도달  946 | 차단  390
Ep 817 | 배송 26/50 | 재적재 3 | 도착  13 | 2홉+ 0.62 | 도달  985 | 차단  492
Ep 818 | 배송 27/50 | 재적재 4 | 도착  16 | 2홉+ 0.57 | 도달  736 | 차단  344
Ep 819 | 배송 29/50 | 재적재 2 | 도착  17 | 2홉+ 0.56 | 도달  838 | 차단  176
Ep 820 | 배송 27/50 | 재적재 4 | 도착  12 | 2홉+ 0.62 | 도달  663 | 차단  519
Ep 821 | 배송 25/50 | 재적재 2 | 도착  14 | 2홉+ 0.58 | 도달  882 | 차단  509
Ep 822 | 배송 31/50 | 재적재 5 | 도착  12 | 2홉+ 0.62 | 도달  835 | 차단  394
Ep 823 | 배송 24/50 | 재적재 2 | 도착  12 | 2홉+ 0.50 | 도달  706 | 차단  493
Ep 824 | 배송 28/50 | 재적재 5 | 도착  16 | 2홉+ 0.52 | 도달  857 | 차단  265
Ep 825 | 배송 31/50 | 재적재 4 | 도착  15 | 2홉+ 0.59 | 도달  871 | 차단  459
Ep 826 | 배송 31/50 | 재적재 5 | 도착  18 | 2홉+ 0.56 | 도달  737 | 차단  231
Ep 827 | 배송 28/50 | 재적재 2 | 도착  14 | 2홉+ 0.62 | 도달  975 | 차단  615
Ep 828 | 배송 32/50 | 재적재 4 | 도착  18 | 2홉+ 0.64 | 도달  875 | 차단  633
Ep 829 | 배송 25/50 | 재적재 4 | 도착  14 | 2홉+ 0.63 | 도달  792 | 차단  499
Ep 830 | 배송 28/50 | 재적재 5 | 도착  22 | 2홉+ 0.55 | 도달  869 | 차단  303
Ep 831 | 배송 28/50 | 재적재 4 | 도착  15 | 2홉+ 0.57 | 도달  820 | 차단  407
Ep 832 | 배송 25/50 | 재적재 3 | 도착   8 | 2홉+ 0.63 | 도달  781 | 차단  554
Ep 833 | 배송 29/50 | 재적재 3 | 도착  13 | 2홉+ 0.62 | 도달  751 | 차단  523
Ep 834 | 배송 26/50 | 재적재 2 | 도착  12 | 2홉+ 0.61 | 도달  820 | 차단  551
Ep 835 | 배송 29/50 | 재적재 4 | 도착  12 | 2홉+ 0.61 | 도달  905 | 차단  534
Ep 836 | 배송 27/50 | 재적재 3 | 도착  12 | 2홉+ 0.62 | 도달  773 | 차단  435
Ep 837 | 배송 32/50 | 재적재 4 | 도착  14 | 2홉+ 0.63 | 도달  788 | 차단  666
Ep 838 | 배송 24/50 | 재적재 3 | 도착  11 | 2홉+ 0.64 | 도달  800 | 차단  399
Ep 839 | 배송 26/50 | 재적재 3 | 도착  11 | 2홉+ 0.59 | 도달  818 | 차단  450
Ep 840 | 배송 28/50 | 재적재 4 | 도착  13 | 2홉+ 0.47 | 도달  885 | 차단  258
Ep 841 | 배송 27/50 | 재적재 4 | 도착  13 | 2홉+ 0.57 | 도달  892 | 차단  259
Ep 842 | 배송 28/50 | 재적재 5 | 도착  12 | 2홉+ 0.59 | 도달  921 | 차단  481
Ep 843 | 배송 28/50 | 재적재 5 | 도착  14 | 2홉+ 0.55 | 도달  956 | 차단  317
Ep 844 | 배송 28/50 | 재적재 4 | 도착  16 | 2홉+ 0.61 | 도달  864 | 차단  433
Ep 845 | 배송 31/50 | 재적재 3 | 도착  12 | 2홉+ 0.63 | 도달  968 | 차단  539
Ep 846 | 배송 32/50 | 재적재 5 | 도착  16 | 2홉+ 0.59 | 도달  789 | 차단  332
Ep 847 | 배송 34/50 | 재적재 4 | 도착  10 | 2홉+ 0.59 | 도달  791 | 차단  339
Ep 848 | 배송 21/50 | 재적재 3 | 도착  12 | 2홉+ 0.50 | 도달  980 | 차단  536
Ep 849 | 배송 27/50 | 재적재 4 | 도착  15 | 2홉+ 0.63 | 도달  814 | 차단  442
Ep 850 | 배송 30/50 | 재적재 4 | 도착  13 | 2홉+ 0.61 | 도달  862 | 차단  568
  [홀드아웃] 배송 20.2±8.0 재적재 1.5 2홉+ 0.64 | 최고 26.8@ep100 정체 15/15

조기 종료. 최고 26.8@ep100
Training finished. best=26.8 @ ep100
