/home/kopt/enter/envs/wsl_neuroMCTS/lib/python3.10/site-packages/pygame/pkgdata.py:25: UserWarning: pkg_resources is deprecated as an API. See https://setuptools.pypa.io/en/latest/pkg_resources.html. The pkg_resources package is slated for removal as early as 2025-11-30. Refrain from using this package or pin to Setuptools<81.
  from pkg_resources import resource_stream, resource_exists
pygame 2.6.1 (SDL 2.28.4, Python 3.10.19)
Hello from the pygame community. https://www.pygame.org/contribute.html
단계=worker 장치=cuda 반경=300.0 상위주기=20
worker_obs=16 manager_obs=40 state=66 상위행동=7
Ep 1 | 배송  0/50 | 재적재 0 | 도착   0 | 2홉+ 0.68 | 도달  502 | 차단  198
Ep 2 | 배송  0/50 | 재적재 0 | 도착   0 | 2홉+ 0.68 | 도달  502 | 차단  212
Ep 3 | 배송  0/50 | 재적재 0 | 도착   0 | 2홉+ 0.68 | 도달  502 | 차단  247
Ep 4 | 배송  0/50 | 재적재 0 | 도착   0 | 2홉+ 0.68 | 도달  502 | 차단  250
Ep 5 | 배송  0/50 | 재적재 0 | 도착   0 | 2홉+ 0.69 | 도달  502 | 차단  216
Ep 6 | 배송 14/50 | 재적재 0 | 도착  12 | 2홉+ 0.32 | 도달  608 | 차단  194
Ep 7 | 배송 19/50 | 재적재 1 | 도착  19 | 2홉+ 0.54 | 도달  648 | 차단  170
Ep 8 | 배송 17/50 | 재적재 1 | 도착  18 | 2홉+ 0.53 | 도달  658 | 차단  223
Ep 9 | 배송 18/50 | 재적재 1 | 도착  16 | 2홉+ 0.43 | 도달  602 | 차단  370
Ep 10 | 배송 20/50 | 재적재 1 | 도착  19 | 2홉+ 0.52 | 도달  740 | 차단  477
Ep 11 | 배송 22/50 | 재적재 3 | 도착  25 | 2홉+ 0.52 | 도달  637 | 차단  397
Ep 12 | 배송 19/50 | 재적재 2 | 도착  21 | 2홉+ 0.52 | 도달  732 | 차단  566
Ep 13 | 배송 23/50 | 재적재 2 | 도착  24 | 2홉+ 0.62 | 도달  690 | 차단  775
Ep 14 | 배송 23/50 | 재적재 2 | 도착  24 | 2홉+ 0.61 | 도달  725 | 차단  592
Ep 15 | 배송 29/50 | 재적재 3 | 도착  30 | 2홉+ 0.60 | 도달  876 | 차단  837
Ep 16 | 배송 19/50 | 재적재 1 | 도착  20 | 2홉+ 0.68 | 도달  816 | 차단 1302
Ep 17 | 배송 35/50 | 재적재 4 | 도착  39 | 2홉+ 0.57 | 도달  914 | 차단  601
Ep 18 | 배송 33/50 | 재적재 5 | 도착  36 | 2홉+ 0.62 | 도달  938 | 차단  616
Ep 19 | 배송 39/50 | 재적재 7 | 도착  45 | 2홉+ 0.58 | 도달  910 | 차단  546
Ep 20 | 배송 31/50 | 재적재 4 | 도착  35 | 2홉+ 0.54 | 도달  722 | 차단 1184
Ep 21 | 배송 37/50 | 재적재 5 | 도착  41 | 2홉+ 0.61 | 도달  905 | 차단 1099
Ep 22 | 배송 32/50 | 재적재 4 | 도착  35 | 2홉+ 0.56 | 도달  735 | 차단 1326
Ep 23 | 배송 38/50 | 재적재 5 | 도착  42 | 2홉+ 0.65 | 도달  892 | 차단 1111
Ep 24 | 배송 35/50 | 재적재 5 | 도착  39 | 2홉+ 0.66 | 도달  937 | 차단 1350
Ep 25 | 배송 36/50 | 재적재 5 | 도착  39 | 2홉+ 0.59 | 도달  823 | 차단 1399
Ep 26 | 배송 24/50 | 재적재 3 | 도착  26 | 2홉+ 0.64 | 도달  694 | 차단 2443
Ep 27 | 배송 31/50 | 재적재 4 | 도착  36 | 2홉+ 0.51 | 도달  719 | 차단 1793
Ep 28 | 배송 41/50 | 재적재 5 | 도착  46 | 2홉+ 0.66 | 도달  911 | 차단 1157
Ep 29 | 배송 32/50 | 재적재 4 | 도착  37 | 2홉+ 0.54 | 도달  866 | 차단 1858
Ep 30 | 배송 29/50 | 재적재 4 | 도착  36 | 2홉+ 0.58 | 도달  702 | 차단 2086
Ep 31 | 배송 32/50 | 재적재 4 | 도착  33 | 2홉+ 0.61 | 도달  808 | 차단 2163
Ep 32 | 배송 25/50 | 재적재 3 | 도착  28 | 2홉+ 0.51 | 도달  720 | 차단 1849
Ep 33 | 배송 37/50 | 재적재 5 | 도착  40 | 2홉+ 0.60 | 도달  911 | 차단 1674
Ep 34 | 배송 30/50 | 재적재 6 | 도착  33 | 2홉+ 0.65 | 도달  735 | 차단 1794
Ep 35 | 배송 31/50 | 재적재 5 | 도착  36 | 2홉+ 0.64 | 도달  721 | 차단 1373
Ep 36 | 배송 31/50 | 재적재 4 | 도착  34 | 2홉+ 0.65 | 도달  737 | 차단 1545
Ep 37 | 배송 19/50 | 재적재 2 | 도착  24 | 2홉+ 0.51 | 도달  610 | 차단 2367
Ep 38 | 배송 23/50 | 재적재 2 | 도착  25 | 2홉+ 0.43 | 도달  702 | 차단 1968
Ep 39 | 배송 27/50 | 재적재 4 | 도착  29 | 2홉+ 0.66 | 도달  859 | 차단 2179
Ep 40 | 배송 31/50 | 재적재 6 | 도착  38 | 2홉+ 0.54 | 도달  741 | 차단 1244
Ep 41 | 배송 35/50 | 재적재 6 | 도착  40 | 2홉+ 0.62 | 도달  807 | 차단 1129
Ep 42 | 배송 29/50 | 재적재 4 | 도착  32 | 2홉+ 0.49 | 도달  840 | 차단 1245
Ep 43 | 배송 31/50 | 재적재 5 | 도착  36 | 2홉+ 0.57 | 도달  760 | 차단 1045
Ep 44 | 배송 26/50 | 재적재 5 | 도착  32 | 2홉+ 0.65 | 도달  644 | 차단 1493
Ep 45 | 배송 39/50 | 재적재 6 | 도착  44 | 2홉+ 0.66 | 도달  898 | 차단 1052
Ep 46 | 배송 36/50 | 재적재 5 | 도착  44 | 2홉+ 0.64 | 도달  786 | 차단 1306
Ep 47 | 배송 31/50 | 재적재 3 | 도착  35 | 2홉+ 0.67 | 도달  911 | 차단 1807
Ep 48 | 배송 41/50 | 재적재 7 | 도착  48 | 2홉+ 0.62 | 도달  907 | 차단 1298
Ep 49 | 배송 30/50 | 재적재 5 | 도착  37 | 2홉+ 0.66 | 도달  801 | 차단 1322
Ep 50 | 배송 28/50 | 재적재 4 | 도착  34 | 2홉+ 0.65 | 도달  867 | 차단 1607
  [홀드아웃] 배송 17.2±7.6 재적재 1.0 2홉+ 0.70 | 최고 17.2@ep50 정체 0/15  ← 갱신
Ep 51 | 배송 18/50 | 재적재 1 | 도착  20 | 2홉+ 0.65 | 도달  670 | 차단 1432
Ep 52 | 배송 24/50 | 재적재 2 | 도착  26 | 2홉+ 0.68 | 도달  690 | 차단 2123
Ep 53 | 배송 20/50 | 재적재 2 | 도착  24 | 2홉+ 0.66 | 도달  704 | 차단 2413
Ep 54 | 배송 40/50 | 재적재 6 | 도착  43 | 2홉+ 0.59 | 도달 1052 | 차단 1141
Ep 55 | 배송 32/50 | 재적재 4 | 도착  36 | 2홉+ 0.57 | 도달  873 | 차단  993
Ep 56 | 배송 29/50 | 재적재 4 | 도착  34 | 2홉+ 0.66 | 도달  746 | 차단 1559
Ep 57 | 배송 32/50 | 재적재 4 | 도착  36 | 2홉+ 0.66 | 도달  793 | 차단 2042
Ep 58 | 배송 30/50 | 재적재 4 | 도착  36 | 2홉+ 0.61 | 도달  756 | 차단 1327
Ep 59 | 배송 22/50 | 재적재 4 | 도착  23 | 2홉+ 0.60 | 도달  683 | 차단 1825
Ep 60 | 배송 38/50 | 재적재 5 | 도착  44 | 2홉+ 0.62 | 도달  960 | 차단 1074
Ep 61 | 배송 33/50 | 재적재 4 | 도착  39 | 2홉+ 0.61 | 도달  787 | 차단 1318
Ep 62 | 배송 31/50 | 재적재 5 | 도착  38 | 2홉+ 0.51 | 도달  777 | 차단  759
Ep 63 | 배송 35/50 | 재적재 6 | 도착  42 | 2홉+ 0.61 | 도달  801 | 차단 1210
Ep 64 | 배송 33/50 | 재적재 4 | 도착  36 | 2홉+ 0.65 | 도달  895 | 차단 1145
Ep 65 | 배송 30/50 | 재적재 5 | 도착  37 | 2홉+ 0.55 | 도달  703 | 차단 1494
Ep 66 | 배송 39/50 | 재적재 6 | 도착  46 | 2홉+ 0.64 | 도달  876 | 차단 1273
Ep 67 | 배송 28/50 | 재적재 5 | 도착  35 | 2홉+ 0.52 | 도달  716 | 차단  939
Ep 68 | 배송 27/50 | 재적재 5 | 도착  34 | 2홉+ 0.53 | 도달  671 | 차단 1702
Ep 69 | 배송 39/50 | 재적재 6 | 도착  45 | 2홉+ 0.61 | 도달  935 | 차단  939
Ep 70 | 배송 37/50 | 재적재 5 | 도착  44 | 2홉+ 0.66 | 도달  876 | 차단 1009
Ep 71 | 배송 35/50 | 재적재 5 | 도착  38 | 2홉+ 0.60 | 도달  757 | 차단 1494
Ep 72 | 배송 31/50 | 재적재 6 | 도착  34 | 2홉+ 0.61 | 도달  748 | 차단  981
Ep 73 | 배송 32/50 | 재적재 3 | 도착  34 | 2홉+ 0.66 | 도달  934 | 차단 1420
Ep 74 | 배송 34/50 | 재적재 5 | 도착  37 | 2홉+ 0.51 | 도달  836 | 차단 1024
Ep 75 | 배송 41/50 | 재적재 6 | 도착  45 | 2홉+ 0.61 | 도달  846 | 차단 1187
Ep 76 | 배송 28/50 | 재적재 3 | 도착  32 | 2홉+ 0.58 | 도달  834 | 차단 1852
Ep 77 | 배송 29/50 | 재적재 4 | 도착  32 | 2홉+ 0.62 | 도달  708 | 차단 1323
Ep 78 | 배송 31/50 | 재적재 4 | 도착  35 | 2홉+ 0.53 | 도달  775 | 차단 1357
Ep 79 | 배송 37/50 | 재적재 5 | 도착  42 | 2홉+ 0.65 | 도달  914 | 차단 1348
Ep 80 | 배송 37/50 | 재적재 7 | 도착  44 | 2홉+ 0.60 | 도달  832 | 차단 1372
Ep 81 | 배송 31/50 | 재적재 4 | 도착  35 | 2홉+ 0.62 | 도달  989 | 차단 1467
Ep 82 | 배송 40/50 | 재적재 6 | 도착  45 | 2홉+ 0.61 | 도달  858 | 차단  997
Ep 83 | 배송 39/50 | 재적재 5 | 도착  41 | 2홉+ 0.63 | 도달  804 | 차단  828
Ep 84 | 배송 29/50 | 재적재 4 | 도착  33 | 2홉+ 0.61 | 도달  854 | 차단 1279
Ep 85 | 배송 27/50 | 재적재 3 | 도착  30 | 2홉+ 0.62 | 도달  713 | 차단 2219
Ep 86 | 배송 37/50 | 재적재 6 | 도착  42 | 2홉+ 0.54 | 도달  811 | 차단 1236
Ep 87 | 배송 21/50 | 재적재 3 | 도착  28 | 2홉+ 0.68 | 도달  740 | 차단 2103
Ep 88 | 배송 40/50 | 재적재 7 | 도착  47 | 2홉+ 0.61 | 도달  894 | 차단  932
Ep 89 | 배송 45/50 | 재적재 7 | 도착  56 | 2홉+ 0.64 | 도달  971 | 차단  976
Ep 90 | 배송 42/50 | 재적재 7 | 도착  52 | 2홉+ 0.59 | 도달  945 | 차단  779
Ep 91 | 배송 30/50 | 재적재 4 | 도착  39 | 2홉+ 0.60 | 도달  838 | 차단 1098
Ep 92 | 배송 29/50 | 재적재 4 | 도착  36 | 2홉+ 0.61 | 도달  714 | 차단 1738
Ep 93 | 배송 29/50 | 재적재 4 | 도착  32 | 2홉+ 0.59 | 도달  864 | 차단 1699
Ep 94 | 배송 25/50 | 재적재 4 | 도착  30 | 2홉+ 0.57 | 도달  672 | 차단 2065
Ep 95 | 배송 33/50 | 재적재 4 | 도착  41 | 2홉+ 0.58 | 도달  803 | 차단 1391
Ep 96 | 배송 38/50 | 재적재 7 | 도착  47 | 2홉+ 0.59 | 도달  844 | 차단  819
Ep 97 | 배송 37/50 | 재적재 5 | 도착  44 | 2홉+ 0.62 | 도달  856 | 차단 1413
Ep 98 | 배송 35/50 | 재적재 5 | 도착  39 | 2홉+ 0.61 | 도달  741 | 차단 1090
Ep 99 | 배송 34/50 | 재적재 5 | 도착  39 | 2홉+ 0.57 | 도달  767 | 차단 1169
Ep 100 | 배송 31/50 | 재적재 4 | 도착  34 | 2홉+ 0.64 | 도달  775 | 차단 1478
  [홀드아웃] 배송 19.5±5.2 재적재 1.7 2홉+ 0.52 | 최고 19.5@ep100 정체 0/15  ← 갱신
Ep 101 | 배송 21/50 | 재적재 2 | 도착  24 | 2홉+ 0.50 | 도달  642 | 차단 1499
Ep 102 | 배송 40/50 | 재적재 6 | 도착  45 | 2홉+ 0.59 | 도달  976 | 차단  888
Ep 103 | 배송 24/50 | 재적재 3 | 도착  28 | 2홉+ 0.50 | 도달  700 | 차단 2006
Ep 104 | 배송 29/50 | 재적재 3 | 도착  33 | 2홉+ 0.63 | 도달  860 | 차단 1825
Ep 105 | 배송 25/50 | 재적재 4 | 도착  30 | 2홉+ 0.55 | 도달  732 | 차단 2154
Ep 106 | 배송 40/50 | 재적재 6 | 도착  51 | 2홉+ 0.61 | 도달  841 | 차단  992
Ep 107 | 배송 35/50 | 재적재 6 | 도착  42 | 2홉+ 0.58 | 도달 1033 | 차단 1118
Ep 108 | 배송 41/50 | 재적재 7 | 도착  49 | 2홉+ 0.61 | 도달  804 | 차단  906
Ep 109 | 배송 28/50 | 재적재 4 | 도착  30 | 2홉+ 0.64 | 도달  753 | 차단 1547
Ep 110 | 배송 34/50 | 재적재 5 | 도착  40 | 2홉+ 0.47 | 도달  793 | 차단  917
Ep 111 | 배송 35/50 | 재적재 5 | 도착  41 | 2홉+ 0.60 | 도달  767 | 차단 1467
Ep 112 | 배송 36/50 | 재적재 5 | 도착  39 | 2홉+ 0.58 | 도달  816 | 차단 1052
Ep 113 | 배송 25/50 | 재적재 4 | 도착  31 | 2홉+ 0.53 | 도달  708 | 차단 1243
Ep 114 | 배송 38/50 | 재적재 5 | 도착  43 | 2홉+ 0.61 | 도달  899 | 차단  893
Ep 115 | 배송 36/50 | 재적재 5 | 도착  40 | 2홉+ 0.63 | 도달  863 | 차단  977
Ep 116 | 배송 35/50 | 재적재 5 | 도착  42 | 2홉+ 0.62 | 도달  780 | 차단  664
Ep 117 | 배송 37/50 | 재적재 5 | 도착  42 | 2홉+ 0.60 | 도달  912 | 차단  914
Ep 118 | 배송 32/50 | 재적재 5 | 도착  39 | 2홉+ 0.59 | 도달  780 | 차단 1305
Ep 119 | 배송 39/50 | 재적재 6 | 도착  45 | 2홉+ 0.63 | 도달  807 | 차단  992
Ep 120 | 배송 34/50 | 재적재 4 | 도착  39 | 2홉+ 0.61 | 도달  907 | 차단  968
Ep 121 | 배송 31/50 | 재적재 3 | 도착  37 | 2홉+ 0.56 | 도달  953 | 차단 1496
Ep 122 | 배송 25/50 | 재적재 3 | 도착  28 | 2홉+ 0.62 | 도달  838 | 차단 1861
Ep 123 | 배송 42/50 | 재적재 6 | 도착  43 | 2홉+ 0.61 | 도달  944 | 차단  895
Ep 124 | 배송 32/50 | 재적재 5 | 도착  38 | 2홉+ 0.55 | 도달  708 | 차단  906
Ep 125 | 배송 31/50 | 재적재 4 | 도착  35 | 2홉+ 0.56 | 도달  741 | 차단  892
Ep 126 | 배송 39/50 | 재적재 4 | 도착  46 | 2홉+ 0.64 | 도달  916 | 차단 1008
Ep 127 | 배송 43/50 | 재적재 7 | 도착  50 | 2홉+ 0.60 | 도달  934 | 차단 1095
Ep 128 | 배송 34/50 | 재적재 6 | 도착  40 | 2홉+ 0.60 | 도달  787 | 차단  832
Ep 129 | 배송 28/50 | 재적재 4 | 도착  35 | 2홉+ 0.59 | 도달  736 | 차단 1371
Ep 130 | 배송 28/50 | 재적재 4 | 도착  28 | 2홉+ 0.52 | 도달  743 | 차단 1015
Ep 131 | 배송 31/50 | 재적재 4 | 도착  36 | 2홉+ 0.53 | 도달  696 | 차단  929
Ep 132 | 배송 47/50 | 재적재 7 | 도착  54 | 2홉+ 0.60 | 도달  915 | 차단  966
Ep 133 | 배송 27/50 | 재적재 3 | 도착  33 | 2홉+ 0.65 | 도달  761 | 차단 1541
Ep 134 | 배송 31/50 | 재적재 6 | 도착  38 | 2홉+ 0.55 | 도달  715 | 차단 1225
Ep 135 | 배송 30/50 | 재적재 4 | 도착  33 | 2홉+ 0.63 | 도달  798 | 차단 1437
Ep 136 | 배송 23/50 | 재적재 3 | 도착  26 | 2홉+ 0.62 | 도달  697 | 차단 2077
Ep 137 | 배송 40/50 | 재적재 5 | 도착  44 | 2홉+ 0.63 | 도달  893 | 차단  938
Ep 138 | 배송 40/50 | 재적재 5 | 도착  44 | 2홉+ 0.66 | 도달  866 | 차단  888
Ep 139 | 배송 42/50 | 재적재 6 | 도착  50 | 2홉+ 0.65 | 도달  877 | 차단  969
Ep 140 | 배송 39/50 | 재적재 6 | 도착  46 | 2홉+ 0.62 | 도달  834 | 차단  912
Ep 141 | 배송 35/50 | 재적재 4 | 도착  40 | 2홉+ 0.59 | 도달  914 | 차단  900
Ep 142 | 배송 42/50 | 재적재 6 | 도착  45 | 2홉+ 0.60 | 도달  898 | 차단  970
Ep 143 | 배송 30/50 | 재적재 3 | 도착  33 | 2홉+ 0.65 | 도달  732 | 차단 1127
Ep 144 | 배송 30/50 | 재적재 3 | 도착  34 | 2홉+ 0.63 | 도달  704 | 차단 1573
Ep 145 | 배송 34/50 | 재적재 5 | 도착  40 | 2홉+ 0.61 | 도달  814 | 차단 1139
Ep 146 | 배송 41/50 | 재적재 6 | 도착  48 | 2홉+ 0.61 | 도달  896 | 차단 1245
Ep 147 | 배송 35/50 | 재적재 4 | 도착  40 | 2홉+ 0.61 | 도달  870 | 차단  732
Ep 148 | 배송 40/50 | 재적재 6 | 도착  49 | 2홉+ 0.61 | 도달  806 | 차단 1016
Ep 149 | 배송 25/50 | 재적재 4 | 도착  32 | 2홉+ 0.46 | 도달  704 | 차단 1040
Ep 150 | 배송 41/50 | 재적재 6 | 도착  48 | 2홉+ 0.64 | 도달  855 | 차단 1120
  [홀드아웃] 배송 20.7±11.9 재적재 2.0 2홉+ 0.64 | 최고 20.7@ep150 정체 0/15  ← 갱신
Ep 151 | 배송 32/50 | 재적재 5 | 도착  42 | 2홉+ 0.62 | 도달  815 | 차단  756
Ep 152 | 배송 40/50 | 재적재 5 | 도착  47 | 2홉+ 0.64 | 도달 1014 | 차단 1199
Ep 153 | 배송 29/50 | 재적재 3 | 도착  33 | 2홉+ 0.62 | 도달  874 | 차단 1322
Ep 154 | 배송 37/50 | 재적재 6 | 도착  44 | 2홉+ 0.57 | 도달  838 | 차단  855
Ep 155 | 배송 38/50 | 재적재 5 | 도착  39 | 2홉+ 0.62 | 도달  807 | 차단  708
Ep 156 | 배송 43/50 | 재적재 6 | 도착  49 | 2홉+ 0.60 | 도달  875 | 차단  755
Ep 157 | 배송 31/50 | 재적재 4 | 도착  37 | 2홉+ 0.60 | 도달  759 | 차단  739
Ep 158 | 배송 36/50 | 재적재 7 | 도착  41 | 2홉+ 0.62 | 도달  862 | 차단 1104
Ep 159 | 배송 31/50 | 재적재 3 | 도착  34 | 2홉+ 0.65 | 도달  830 | 차단 1288
Ep 160 | 배송 32/50 | 재적재 5 | 도착  37 | 2홉+ 0.53 | 도달  809 | 차단  864
Ep 161 | 배송 37/50 | 재적재 6 | 도착  44 | 2홉+ 0.58 | 도달  837 | 차단  777
Ep 162 | 배송 38/50 | 재적재 6 | 도착  44 | 2홉+ 0.61 | 도달  877 | 차단  949
Ep 163 | 배송 30/50 | 재적재 4 | 도착  35 | 2홉+ 0.63 | 도달  742 | 차단 1423
Ep 164 | 배송 38/50 | 재적재 5 | 도착  42 | 2홉+ 0.58 | 도달  876 | 차단 1064
Ep 165 | 배송 38/50 | 재적재 6 | 도착  44 | 2홉+ 0.55 | 도달  934 | 차단 1120
Ep 166 | 배송 33/50 | 재적재 4 | 도착  40 | 2홉+ 0.54 | 도달  815 | 차단  996
Ep 167 | 배송 40/50 | 재적재 6 | 도착  46 | 2홉+ 0.60 | 도달  872 | 차단  804
Ep 168 | 배송 32/50 | 재적재 5 | 도착  41 | 2홉+ 0.62 | 도달  764 | 차단 1066
Ep 169 | 배송 36/50 | 재적재 5 | 도착  39 | 2홉+ 0.64 | 도달  867 | 차단 1225
Ep 170 | 배송 38/50 | 재적재 5 | 도착  45 | 2홉+ 0.61 | 도달  888 | 차단  985
Ep 171 | 배송 36/50 | 재적재 7 | 도착  41 | 2홉+ 0.57 | 도달  896 | 차단  867
Ep 172 | 배송 35/50 | 재적재 4 | 도착  39 | 2홉+ 0.59 | 도달  953 | 차단 1260
Ep 173 | 배송 37/50 | 재적재 5 | 도착  42 | 2홉+ 0.61 | 도달  960 | 차단  795
Ep 174 | 배송 34/50 | 재적재 5 | 도착  40 | 2홉+ 0.62 | 도달  801 | 차단 1023
Ep 175 | 배송 35/50 | 재적재 5 | 도착  42 | 2홉+ 0.56 | 도달  738 | 차단  716
Ep 176 | 배송 39/50 | 재적재 6 | 도착  48 | 2홉+ 0.56 | 도달  896 | 차단  857
Ep 177 | 배송 38/50 | 재적재 6 | 도착  44 | 2홉+ 0.61 | 도달  887 | 차단  662
Ep 178 | 배송 41/50 | 재적재 6 | 도착  48 | 2홉+ 0.59 | 도달  875 | 차단  798
Ep 179 | 배송 36/50 | 재적재 5 | 도착  41 | 2홉+ 0.65 | 도달  800 | 차단 1011
Ep 180 | 배송 33/50 | 재적재 3 | 도착  40 | 2홉+ 0.53 | 도달  827 | 차단  779
Ep 181 | 배송 37/50 | 재적재 5 | 도착  43 | 2홉+ 0.63 | 도달  827 | 차단  712
Ep 182 | 배송 36/50 | 재적재 6 | 도착  42 | 2홉+ 0.62 | 도달  794 | 차단  899
Ep 183 | 배송 35/50 | 재적재 5 | 도착  40 | 2홉+ 0.58 | 도달  785 | 차단 1290
Ep 184 | 배송 35/50 | 재적재 6 | 도착  43 | 2홉+ 0.61 | 도달  801 | 차단  805
Ep 185 | 배송 31/50 | 재적재 5 | 도착  35 | 2홉+ 0.64 | 도달  819 | 차단 1132
Ep 186 | 배송 29/50 | 재적재 3 | 도착  34 | 2홉+ 0.59 | 도달  738 | 차단  797
Ep 187 | 배송 38/50 | 재적재 5 | 도착  44 | 2홉+ 0.63 | 도달  892 | 차단 1316
Ep 188 | 배송 30/50 | 재적재 3 | 도착  32 | 2홉+ 0.61 | 도달  868 | 차단 1819
Ep 189 | 배송 37/50 | 재적재 6 | 도착  47 | 2홉+ 0.64 | 도달  876 | 차단 1251
Ep 190 | 배송 29/50 | 재적재 4 | 도착  34 | 2홉+ 0.59 | 도달  740 | 차단 1489
Ep 191 | 배송 42/50 | 재적재 7 | 도착  49 | 2홉+ 0.62 | 도달  940 | 차단  701
Ep 192 | 배송 39/50 | 재적재 6 | 도착  47 | 2홉+ 0.64 | 도달  907 | 차단  783
Ep 193 | 배송 38/50 | 재적재 6 | 도착  46 | 2홉+ 0.59 | 도달  818 | 차단  783
Ep 194 | 배송 38/50 | 재적재 6 | 도착  42 | 2홉+ 0.63 | 도달  815 | 차단 1050
Ep 195 | 배송 40/50 | 재적재 7 | 도착  54 | 2홉+ 0.60 | 도달  807 | 차단  989
Ep 196 | 배송 38/50 | 재적재 6 | 도착  44 | 2홉+ 0.58 | 도달  771 | 차단  617
Ep 197 | 배송 34/50 | 재적재 5 | 도착  37 | 2홉+ 0.64 | 도달  801 | 차단  801
Ep 198 | 배송 34/50 | 재적재 5 | 도착  42 | 2홉+ 0.60 | 도달  816 | 차단  726
Ep 199 | 배송 40/50 | 재적재 6 | 도착  47 | 2홉+ 0.59 | 도달  853 | 차단  446
Ep 200 | 배송 34/50 | 재적재 5 | 도착  39 | 2홉+ 0.60 | 도달  788 | 차단  876
  [홀드아웃] 배송 27.0±11.9 재적재 3.0 2홉+ 0.60 | 최고 27.0@ep200 정체 0/15  ← 갱신
Ep 201 | 배송 40/50 | 재적재 7 | 도착  47 | 2홉+ 0.61 | 도달  805 | 차단  682
Ep 202 | 배송 41/50 | 재적재 7 | 도착  50 | 2홉+ 0.60 | 도달  899 | 차단  610
Ep 203 | 배송 29/50 | 재적재 3 | 도착  35 | 2홉+ 0.58 | 도달  942 | 차단 1040
Ep 204 | 배송 37/50 | 재적재 6 | 도착  46 | 2홉+ 0.55 | 도달  802 | 차단  713
Ep 205 | 배송 43/50 | 재적재 7 | 도착  51 | 2홉+ 0.61 | 도달  876 | 차단  785
Ep 206 | 배송 38/50 | 재적재 7 | 도착  46 | 2홉+ 0.59 | 도달  871 | 차단  798
Ep 207 | 배송 36/50 | 재적재 6 | 도착  39 | 2홉+ 0.64 | 도달  799 | 차단  907
Ep 208 | 배송 32/50 | 재적재 5 | 도착  35 | 2홉+ 0.56 | 도달  807 | 차단 1195
Ep 209 | 배송 30/50 | 재적재 5 | 도착  38 | 2홉+ 0.61 | 도달  720 | 차단 1094
Ep 210 | 배송 30/50 | 재적재 3 | 도착  33 | 2홉+ 0.62 | 도달  797 | 차단 1329
Ep 211 | 배송 38/50 | 재적재 7 | 도착  45 | 2홉+ 0.61 | 도달  836 | 차단  591
Ep 212 | 배송 31/50 | 재적재 5 | 도착  36 | 2홉+ 0.56 | 도달  726 | 차단 1179
Ep 213 | 배송 31/50 | 재적재 4 | 도착  34 | 2홉+ 0.61 | 도달  809 | 차단  904
Ep 214 | 배송 33/50 | 재적재 5 | 도착  36 | 2홉+ 0.67 | 도달  892 | 차단  992
Ep 215 | 배송 35/50 | 재적재 5 | 도착  39 | 2홉+ 0.59 | 도달  777 | 차단  794
Ep 216 | 배송 31/50 | 재적재 4 | 도착  34 | 2홉+ 0.59 | 도달  771 | 차단  565
Ep 217 | 배송 37/50 | 재적재 6 | 도착  44 | 2홉+ 0.59 | 도달  949 | 차단  547
Ep 218 | 배송 31/50 | 재적재 4 | 도착  36 | 2홉+ 0.67 | 도달  844 | 차단 1732
Ep 219 | 배송 26/50 | 재적재 3 | 도착  27 | 2홉+ 0.50 | 도달  735 | 차단 1797
Ep 220 | 배송 40/50 | 재적재 5 | 도착  46 | 2홉+ 0.62 | 도달  846 | 차단 1057
Ep 221 | 배송 33/50 | 재적재 6 | 도착  40 | 2홉+ 0.56 | 도달  950 | 차단  729
Ep 222 | 배송 38/50 | 재적재 6 | 도착  45 | 2홉+ 0.62 | 도달  850 | 차단  837
Ep 223 | 배송 30/50 | 재적재 4 | 도착  34 | 2홉+ 0.58 | 도달  725 | 차단 1167
Ep 224 | 배송 36/50 | 재적재 5 | 도착  40 | 2홉+ 0.58 | 도달  945 | 차단  970
Ep 225 | 배송 34/50 | 재적재 5 | 도착  40 | 2홉+ 0.65 | 도달  795 | 차단  865
Ep 226 | 배송 33/50 | 재적재 5 | 도착  38 | 2홉+ 0.57 | 도달  797 | 차단  603
Ep 227 | 배송 35/50 | 재적재 6 | 도착  41 | 2홉+ 0.56 | 도달  793 | 차단  620
Ep 228 | 배송 37/50 | 재적재 5 | 도착  45 | 2홉+ 0.60 | 도달  869 | 차단  696
Ep 229 | 배송 38/50 | 재적재 7 | 도착  46 | 2홉+ 0.61 | 도달  781 | 차단  518
Ep 230 | 배송 33/50 | 재적재 5 | 도착  38 | 2홉+ 0.57 | 도달  871 | 차단  641
Ep 231 | 배송 36/50 | 재적재 7 | 도착  45 | 2홉+ 0.61 | 도달  793 | 차단  680
Ep 232 | 배송 32/50 | 재적재 6 | 도착  37 | 2홉+ 0.58 | 도달  863 | 차단  754
Ep 233 | 배송 40/50 | 재적재 7 | 도착  46 | 2홉+ 0.61 | 도달  906 | 차단  661
Ep 234 | 배송 29/50 | 재적재 3 | 도착  34 | 2홉+ 0.55 | 도달  751 | 차단  870
Ep 235 | 배송 30/50 | 재적재 5 | 도착  36 | 2홉+ 0.58 | 도달  868 | 차단 1070
Ep 236 | 배송 35/50 | 재적재 6 | 도착  41 | 2홉+ 0.60 | 도달  824 | 차단  461
Ep 237 | 배송 36/50 | 재적재 5 | 도착  41 | 2홉+ 0.63 | 도달  955 | 차단 1207
Ep 238 | 배송 36/50 | 재적재 6 | 도착  41 | 2홉+ 0.63 | 도달 1074 | 차단  967
Ep 239 | 배송 41/50 | 재적재 6 | 도착  46 | 2홉+ 0.65 | 도달  833 | 차단  631
Ep 240 | 배송 31/50 | 재적재 4 | 도착  36 | 2홉+ 0.61 | 도달  733 | 차단 1109
Ep 241 | 배송 33/50 | 재적재 5 | 도착  37 | 2홉+ 0.59 | 도달  746 | 차단 1239
Ep 242 | 배송 32/50 | 재적재 5 | 도착  37 | 2홉+ 0.57 | 도달  753 | 차단  601
Ep 243 | 배송 41/50 | 재적재 6 | 도착  49 | 2홉+ 0.63 | 도달  879 | 차단  701
Ep 244 | 배송 39/50 | 재적재 6 | 도착  45 | 2홉+ 0.60 | 도달  958 | 차단  775
Ep 245 | 배송 42/50 | 재적재 7 | 도착  49 | 2홉+ 0.59 | 도달  893 | 차단  650
Ep 246 | 배송 29/50 | 재적재 3 | 도착  31 | 2홉+ 0.59 | 도달  701 | 차단  567
Ep 247 | 배송 31/50 | 재적재 4 | 도착  35 | 2홉+ 0.58 | 도달  776 | 차단  588
Ep 248 | 배송 37/50 | 재적재 6 | 도착  44 | 2홉+ 0.59 | 도달  816 | 차단  703
Ep 249 | 배송 26/50 | 재적재 5 | 도착  30 | 2홉+ 0.49 | 도달  694 | 차단  877
Ep 250 | 배송 40/50 | 재적재 7 | 도착  45 | 2홉+ 0.61 | 도달  857 | 차단  709
  [홀드아웃] 배송 26.7±13.1 재적재 3.0 2홉+ 0.59 | 최고 27.0@ep200 정체 1/15
Ep 251 | 배송 34/50 | 재적재 5 | 도착  42 | 2홉+ 0.56 | 도달  750 | 차단  265
Ep 252 | 배송 24/50 | 재적재 4 | 도착  30 | 2홉+ 0.54 | 도달  643 | 차단  775
Ep 253 | 배송 36/50 | 재적재 6 | 도착  42 | 2홉+ 0.58 | 도달  837 | 차단  255
Ep 254 | 배송 38/50 | 재적재 7 | 도착  45 | 2홉+ 0.54 | 도달  809 | 차단  455
Ep 255 | 배송 40/50 | 재적재 6 | 도착  46 | 2홉+ 0.61 | 도달  847 | 차단  525
Ep 256 | 배송 41/50 | 재적재 7 | 도착  51 | 2홉+ 0.60 | 도달  897 | 차단  612
Ep 257 | 배송 33/50 | 재적재 5 | 도착  39 | 2홉+ 0.62 | 도달  731 | 차단  612
Ep 258 | 배송 33/50 | 재적재 6 | 도착  39 | 2홉+ 0.62 | 도달  806 | 차단  608
Ep 259 | 배송 39/50 | 재적재 6 | 도착  46 | 2홉+ 0.61 | 도달  905 | 차단  400
Ep 260 | 배송 37/50 | 재적재 5 | 도착  43 | 2홉+ 0.64 | 도달  805 | 차단  821
Ep 261 | 배송 40/50 | 재적재 6 | 도착  45 | 2홉+ 0.60 | 도달  960 | 차단  889
Ep 262 | 배송 35/50 | 재적재 6 | 도착  37 | 2홉+ 0.62 | 도달  809 | 차단  642
Ep 263 | 배송 31/50 | 재적재 5 | 도착  35 | 2홉+ 0.62 | 도달  818 | 차단 1572
Ep 264 | 배송 35/50 | 재적재 5 | 도착  39 | 2홉+ 0.58 | 도달  765 | 차단  574
Ep 265 | 배송 25/50 | 재적재 4 | 도착  32 | 2홉+ 0.57 | 도달  780 | 차단  595
Ep 266 | 배송 30/50 | 재적재 4 | 도착  35 | 2홉+ 0.59 | 도달  776 | 차단  582
Ep 267 | 배송 33/50 | 재적재 4 | 도착  37 | 2홉+ 0.59 | 도달  964 | 차단  669
Ep 268 | 배송 38/50 | 재적재 5 | 도착  42 | 2홉+ 0.64 | 도달  857 | 차단  598
Ep 269 | 배송 35/50 | 재적재 5 | 도착  40 | 2홉+ 0.58 | 도달  865 | 차단 1025
Ep 270 | 배송 35/50 | 재적재 5 | 도착  42 | 2홉+ 0.63 | 도달  906 | 차단  530
Ep 271 | 배송 30/50 | 재적재 4 | 도착  34 | 2홉+ 0.55 | 도달  773 | 차단  806
Ep 272 | 배송 34/50 | 재적재 5 | 도착  41 | 2홉+ 0.63 | 도달  899 | 차단  901
Ep 273 | 배송 40/50 | 재적재 7 | 도착  48 | 2홉+ 0.60 | 도달  894 | 차단  613
Ep 274 | 배송 30/50 | 재적재 6 | 도착  36 | 2홉+ 0.55 | 도달  794 | 차단  686
Ep 275 | 배송 37/50 | 재적재 7 | 도착  46 | 2홉+ 0.58 | 도달  789 | 차단  512
Ep 276 | 배송 42/50 | 재적재 7 | 도착  53 | 2홉+ 0.62 | 도달  857 | 차단  438
Ep 277 | 배송 31/50 | 재적재 4 | 도착  37 | 2홉+ 0.62 | 도달  798 | 차단 1128
Ep 278 | 배송 35/50 | 재적재 6 | 도착  42 | 2홉+ 0.63 | 도달  745 | 차단  572
Ep 279 | 배송 27/50 | 재적재 4 | 도착  33 | 2홉+ 0.62 | 도달  766 | 차단  842
Ep 280 | 배송 33/50 | 재적재 4 | 도착  38 | 2홉+ 0.64 | 도달  822 | 차단  759
Ep 281 | 배송 23/50 | 재적재 2 | 도착  24 | 2홉+ 0.61 | 도달  619 | 차단 1709
Ep 282 | 배송 33/50 | 재적재 4 | 도착  39 | 2홉+ 0.65 | 도달  804 | 차단  803
Ep 283 | 배송 36/50 | 재적재 5 | 도착  41 | 2홉+ 0.57 | 도달  931 | 차단 1031
Ep 284 | 배송 30/50 | 재적재 5 | 도착  34 | 2홉+ 0.59 | 도달  771 | 차단  734
Ep 285 | 배송 27/50 | 재적재 3 | 도착  31 | 2홉+ 0.68 | 도달  897 | 차단 1579
Ep 286 | 배송 35/50 | 재적재 6 | 도착  39 | 2홉+ 0.62 | 도달  935 | 차단  592
Ep 287 | 배송 30/50 | 재적재 4 | 도착  34 | 2홉+ 0.63 | 도달  828 | 차단 1164
Ep 288 | 배송 35/50 | 재적재 5 | 도착  37 | 2홉+ 0.62 | 도달 1006 | 차단  816
Ep 289 | 배송 39/50 | 재적재 6 | 도착  47 | 2홉+ 0.61 | 도달 1051 | 차단  766
Ep 290 | 배송 36/50 | 재적재 6 | 도착  42 | 2홉+ 0.62 | 도달 1051 | 차단 1146
Ep 291 | 배송 37/50 | 재적재 6 | 도착  43 | 2홉+ 0.61 | 도달  941 | 차단  790
Ep 292 | 배송 35/50 | 재적재 5 | 도착  40 | 2홉+ 0.62 | 도달 1074 | 차단  793
Ep 293 | 배송 36/50 | 재적재 5 | 도착  40 | 2홉+ 0.59 | 도달  875 | 차단  435
Ep 294 | 배송 34/50 | 재적재 5 | 도착  41 | 2홉+ 0.59 | 도달  849 | 차단  563
Ep 295 | 배송 35/50 | 재적재 6 | 도착  47 | 2홉+ 0.62 | 도달  965 | 차단  888
Ep 296 | 배송 40/50 | 재적재 7 | 도착  43 | 2홉+ 0.60 | 도달 1012 | 차단  839
Ep 297 | 배송 37/50 | 재적재 6 | 도착  44 | 2홉+ 0.59 | 도달  866 | 차단  546
Ep 298 | 배송 41/50 | 재적재 6 | 도착  50 | 2홉+ 0.60 | 도달  889 | 차단  761
Ep 299 | 배송 37/50 | 재적재 6 | 도착  45 | 2홉+ 0.63 | 도달  956 | 차단  685
Ep 300 | 배송 43/50 | 재적재 5 | 도착  50 | 2홉+ 0.62 | 도달  919 | 차단  843
  [홀드아웃] 배송 16.7±11.1 재적재 1.5 2홉+ 0.63 | 최고 27.0@ep200 정체 2/15
Ep 301 | 배송 38/50 | 재적재 7 | 도착  45 | 2홉+ 0.59 | 도달  821 | 차단  590
Ep 302 | 배송 38/50 | 재적재 6 | 도착  40 | 2홉+ 0.58 | 도달  896 | 차단  621
Ep 303 | 배송 36/50 | 재적재 6 | 도착  42 | 2홉+ 0.57 | 도달  818 | 차단  804
Ep 304 | 배송 35/50 | 재적재 5 | 도착  41 | 2홉+ 0.61 | 도달  908 | 차단  759
Ep 305 | 배송 34/50 | 재적재 4 | 도착  36 | 2홉+ 0.60 | 도달  882 | 차단  759
Ep 306 | 배송 27/50 | 재적재 3 | 도착  32 | 2홉+ 0.55 | 도달  916 | 차단  951
Ep 307 | 배송 35/50 | 재적재 6 | 도착  40 | 2홉+ 0.59 | 도달  808 | 차단  459
Ep 308 | 배송 37/50 | 재적재 5 | 도착  41 | 2홉+ 0.57 | 도달  795 | 차단  827
Ep 309 | 배송 36/50 | 재적재 6 | 도착  44 | 2홉+ 0.58 | 도달  848 | 차단  652
Ep 310 | 배송 37/50 | 재적재 5 | 도착  41 | 2홉+ 0.62 | 도달  850 | 차단  519
Ep 311 | 배송 33/50 | 재적재 6 | 도착  41 | 2홉+ 0.59 | 도달  767 | 차단  652
Ep 312 | 배송 34/50 | 재적재 6 | 도착  44 | 2홉+ 0.55 | 도달  761 | 차단  509
Ep 313 | 배송 33/50 | 재적재 5 | 도착  39 | 2홉+ 0.56 | 도달  873 | 차단  494
Ep 314 | 배송 27/50 | 재적재 5 | 도착  34 | 2홉+ 0.55 | 도달  701 | 차단 1269
Ep 315 | 배송 37/50 | 재적재 6 | 도착  46 | 2홉+ 0.61 | 도달  775 | 차단  630
Ep 316 | 배송 35/50 | 재적재 6 | 도착  47 | 2홉+ 0.58 | 도달  875 | 차단  532
Ep 317 | 배송 37/50 | 재적재 5 | 도착  45 | 2홉+ 0.60 | 도달  787 | 차단  639
Ep 318 | 배송 38/50 | 재적재 5 | 도착  45 | 2홉+ 0.61 | 도달 1053 | 차단  693
Ep 319 | 배송 27/50 | 재적재 3 | 도착  32 | 2홉+ 0.63 | 도달  749 | 차단  931
Ep 320 | 배송 32/50 | 재적재 4 | 도착  37 | 2홉+ 0.56 | 도달  769 | 차단  443
Ep 321 | 배송 35/50 | 재적재 6 | 도착  44 | 2홉+ 0.58 | 도달  790 | 차단  601
Ep 322 | 배송 35/50 | 재적재 4 | 도착  39 | 2홉+ 0.63 | 도달  915 | 차단  954
Ep 323 | 배송 34/50 | 재적재 6 | 도착  41 | 2홉+ 0.55 | 도달  926 | 차단  823
Ep 324 | 배송 36/50 | 재적재 7 | 도착  41 | 2홉+ 0.52 | 도달  818 | 차단  867
Ep 325 | 배송 36/50 | 재적재 6 | 도착  42 | 2홉+ 0.54 | 도달  820 | 차단  424
Ep 326 | 배송 40/50 | 재적재 6 | 도착  44 | 2홉+ 0.61 | 도달  963 | 차단  466
Ep 327 | 배송 31/50 | 재적재 4 | 도착  37 | 2홉+ 0.63 | 도달  798 | 차단  606
Ep 328 | 배송 36/50 | 재적재 6 | 도착  41 | 2홉+ 0.61 | 도달  836 | 차단  496
Ep 329 | 배송 34/50 | 재적재 4 | 도착  34 | 2홉+ 0.58 | 도달  812 | 차단  866
Ep 330 | 배송 37/50 | 재적재 6 | 도착  43 | 2홉+ 0.57 | 도달  861 | 차단  545
Ep 331 | 배송 37/50 | 재적재 6 | 도착  42 | 2홉+ 0.61 | 도달  899 | 차단  495
Ep 332 | 배송 38/50 | 재적재 6 | 도착  42 | 2홉+ 0.61 | 도달  807 | 차단  957
Ep 333 | 배송 37/50 | 재적재 6 | 도착  40 | 2홉+ 0.59 | 도달  841 | 차단  533
Ep 334 | 배송 33/50 | 재적재 5 | 도착  39 | 2홉+ 0.65 | 도달  906 | 차단  512
Ep 335 | 배송 37/50 | 재적재 6 | 도착  42 | 2홉+ 0.60 | 도달 1019 | 차단  764
Ep 336 | 배송 34/50 | 재적재 6 | 도착  38 | 2홉+ 0.60 | 도달  817 | 차단  615
Ep 337 | 배송 34/50 | 재적재 4 | 도착  41 | 2홉+ 0.62 | 도달  834 | 차단  787
Ep 338 | 배송 39/50 | 재적재 6 | 도착  47 | 2홉+ 0.63 | 도달  873 | 차단  718
Ep 339 | 배송 37/50 | 재적재 6 | 도착  44 | 2홉+ 0.60 | 도달  892 | 차단  667
Ep 340 | 배송 33/50 | 재적재 6 | 도착  37 | 2홉+ 0.54 | 도달  803 | 차단  889
Ep 341 | 배송 29/50 | 재적재 3 | 도착  32 | 2홉+ 0.61 | 도달  845 | 차단  822
Ep 342 | 배송 42/50 | 재적재 7 | 도착  48 | 2홉+ 0.56 | 도달  882 | 차단  573
Ep 343 | 배송 30/50 | 재적재 4 | 도착  36 | 2홉+ 0.52 | 도달  713 | 차단  380
Ep 344 | 배송 40/50 | 재적재 7 | 도착  47 | 2홉+ 0.60 | 도달 1034 | 차단  626
Ep 345 | 배송 35/50 | 재적재 6 | 도착  41 | 2홉+ 0.63 | 도달  795 | 차단  578
Ep 346 | 배송 32/50 | 재적재 4 | 도착  34 | 2홉+ 0.61 | 도달  715 | 차단  278
Ep 347 | 배송 37/50 | 재적재 5 | 도착  44 | 2홉+ 0.62 | 도달  863 | 차단  522
Ep 348 | 배송 36/50 | 재적재 5 | 도착  40 | 2홉+ 0.58 | 도달  999 | 차단 1018
Ep 349 | 배송 33/50 | 재적재 3 | 도착  34 | 2홉+ 0.63 | 도달  984 | 차단  889
Ep 350 | 배송 26/50 | 재적재 4 | 도착  29 | 2홉+ 0.58 | 도달  670 | 차단  841
  [홀드아웃] 배송 22.0±4.0 재적재 3.5 2홉+ 0.34 | 최고 27.0@ep200 정체 3/15
Ep 351 | 배송 33/50 | 재적재 4 | 도착  37 | 2홉+ 0.59 | 도달  773 | 차단  415
Ep 352 | 배송 33/50 | 재적재 4 | 도착  37 | 2홉+ 0.54 | 도달  799 | 차단  689
Ep 353 | 배송 33/50 | 재적재 5 | 도착  37 | 2홉+ 0.56 | 도달  809 | 차단  504
Ep 354 | 배송 32/50 | 재적재 4 | 도착  37 | 2홉+ 0.64 | 도달  816 | 차단  648
Ep 355 | 배송 38/50 | 재적재 6 | 도착  42 | 2홉+ 0.59 | 도달  870 | 차단  563
Ep 356 | 배송 34/50 | 재적재 4 | 도착  40 | 2홉+ 0.57 | 도달  804 | 차단  694
Ep 357 | 배송 33/50 | 재적재 5 | 도착  40 | 2홉+ 0.59 | 도달  754 | 차단  533
Ep 358 | 배송 36/50 | 재적재 5 | 도착  43 | 2홉+ 0.59 | 도달  790 | 차단  829
Ep 359 | 배송 36/50 | 재적재 6 | 도착  41 | 2홉+ 0.56 | 도달  786 | 차단  467
Ep 360 | 배송 37/50 | 재적재 4 | 도착  40 | 2홉+ 0.58 | 도달  979 | 차단  450
Ep 361 | 배송 34/50 | 재적재 5 | 도착  42 | 2홉+ 0.61 | 도달  732 | 차단  412
Ep 362 | 배송 37/50 | 재적재 6 | 도착  41 | 2홉+ 0.59 | 도달  966 | 차단  767
Ep 363 | 배송 30/50 | 재적재 6 | 도착  36 | 2홉+ 0.59 | 도달  890 | 차단  889
Ep 364 | 배송 30/50 | 재적재 4 | 도착  32 | 2홉+ 0.58 | 도달  707 | 차단  729
Ep 365 | 배송 40/50 | 재적재 6 | 도착  46 | 2홉+ 0.55 | 도달  885 | 차단  346
Ep 366 | 배송 32/50 | 재적재 6 | 도착  37 | 2홉+ 0.60 | 도달  714 | 차단  724
Ep 367 | 배송 37/50 | 재적재 6 | 도착  40 | 2홉+ 0.60 | 도달  891 | 차단  509
Ep 368 | 배송 34/50 | 재적재 6 | 도착  39 | 2홉+ 0.59 | 도달  917 | 차단  468
Ep 369 | 배송 37/50 | 재적재 6 | 도착  45 | 2홉+ 0.58 | 도달  864 | 차단  664
Ep 370 | 배송 34/50 | 재적재 6 | 도착  39 | 2홉+ 0.59 | 도달  953 | 차단 1031
Ep 371 | 배송 37/50 | 재적재 6 | 도착  46 | 2홉+ 0.59 | 도달  867 | 차단  716
Ep 372 | 배송 35/50 | 재적재 6 | 도착  44 | 2홉+ 0.58 | 도달  857 | 차단  709
Ep 373 | 배송 38/50 | 재적재 6 | 도착  42 | 2홉+ 0.58 | 도달  901 | 차단  760
Ep 374 | 배송 28/50 | 재적재 4 | 도착  29 | 2홉+ 0.59 | 도달  851 | 차단  853
Ep 375 | 배송 30/50 | 재적재 3 | 도착  32 | 2홉+ 0.53 | 도달  771 | 차단 1054
Ep 376 | 배송 36/50 | 재적재 5 | 도착  41 | 2홉+ 0.56 | 도달 1069 | 차단  660
Ep 377 | 배송 35/50 | 재적재 6 | 도착  42 | 2홉+ 0.60 | 도달  761 | 차단  460
Ep 378 | 배송 36/50 | 재적재 6 | 도착  43 | 2홉+ 0.61 | 도달  993 | 차단  810
Ep 379 | 배송 31/50 | 재적재 4 | 도착  35 | 2홉+ 0.65 | 도달 1048 | 차단 1356
Ep 380 | 배송 37/50 | 재적재 5 | 도착  44 | 2홉+ 0.62 | 도달 1074 | 차단  916
Ep 381 | 배송 38/50 | 재적재 7 | 도착  46 | 2홉+ 0.57 | 도달  930 | 차단  664
Ep 382 | 배송 35/50 | 재적재 6 | 도착  40 | 2홉+ 0.64 | 도달  817 | 차단  724
Ep 383 | 배송 35/50 | 재적재 5 | 도착  41 | 2홉+ 0.61 | 도달  856 | 차단  584
Ep 384 | 배송 31/50 | 재적재 5 | 도착  36 | 2홉+ 0.62 | 도달  879 | 차단 1245
Ep 385 | 배송 35/50 | 재적재 5 | 도착  37 | 2홉+ 0.59 | 도달  822 | 차단  637
Ep 386 | 배송 40/50 | 재적재 7 | 도착  48 | 2홉+ 0.61 | 도달 1051 | 차단  634
Ep 387 | 배송 36/50 | 재적재 5 | 도착  41 | 2홉+ 0.63 | 도달  992 | 차단  518
Ep 388 | 배송 32/50 | 재적재 5 | 도착  38 | 2홉+ 0.61 | 도달  743 | 차단  790
Ep 389 | 배송 34/50 | 재적재 6 | 도착  40 | 2홉+ 0.64 | 도달  799 | 차단  581
Ep 390 | 배송 29/50 | 재적재 3 | 도착  31 | 2홉+ 0.60 | 도달  790 | 차단  988
Ep 391 | 배송 33/50 | 재적재 5 | 도착  38 | 2홉+ 0.61 | 도달  841 | 차단  841
Ep 392 | 배송 27/50 | 재적재 3 | 도착  30 | 2홉+ 0.58 | 도달  854 | 차단 1143
Ep 393 | 배송 36/50 | 재적재 4 | 도착  37 | 2홉+ 0.64 | 도달  893 | 차단  976
Ep 394 | 배송 36/50 | 재적재 6 | 도착  45 | 2홉+ 0.60 | 도달  848 | 차단  587
Ep 395 | 배송 30/50 | 재적재 4 | 도착  33 | 2홉+ 0.62 | 도달  857 | 차단  856
Ep 396 | 배송 37/50 | 재적재 5 | 도착  42 | 2홉+ 0.62 | 도달  929 | 차단  632
Ep 397 | 배송 38/50 | 재적재 5 | 도착  42 | 2홉+ 0.62 | 도달 1068 | 차단  509
Ep 398 | 배송 35/50 | 재적재 5 | 도착  40 | 2홉+ 0.62 | 도달  804 | 차단  421
Ep 399 | 배송 35/50 | 재적재 5 | 도착  39 | 2홉+ 0.59 | 도달  879 | 차단  626
Ep 400 | 배송 36/50 | 재적재 5 | 도착  41 | 2홉+ 0.58 | 도달  853 | 차단  523
  [홀드아웃] 배송 19.5±9.4 재적재 1.7 2홉+ 0.59 | 최고 27.0@ep200 정체 4/15
Ep 401 | 배송 30/50 | 재적재 4 | 도착  36 | 2홉+ 0.60 | 도달  908 | 차단  950
Ep 402 | 배송 31/50 | 재적재 6 | 도착  37 | 2홉+ 0.62 | 도달  836 | 차단  589
Ep 403 | 배송 30/50 | 재적재 3 | 도착  36 | 2홉+ 0.57 | 도달  764 | 차단  652
Ep 404 | 배송 34/50 | 재적재 6 | 도착  37 | 2홉+ 0.57 | 도달  801 | 차단  489
Ep 405 | 배송 30/50 | 재적재 5 | 도착  34 | 2홉+ 0.54 | 도달  761 | 차단  689
Ep 406 | 배송 34/50 | 재적재 6 | 도착  39 | 2홉+ 0.62 | 도달  799 | 차단 1306
Ep 407 | 배송 27/50 | 재적재 3 | 도착  30 | 2홉+ 0.61 | 도달  896 | 차단  748
Ep 408 | 배송 36/50 | 재적재 5 | 도착  43 | 2홉+ 0.62 | 도달  804 | 차단  525
Ep 409 | 배송 26/50 | 재적재 3 | 도착  30 | 2홉+ 0.61 | 도달  690 | 차단  915
Ep 410 | 배송 34/50 | 재적재 4 | 도착  37 | 2홉+ 0.63 | 도달  792 | 차단  322
Ep 411 | 배송 35/50 | 재적재 6 | 도착  40 | 2홉+ 0.61 | 도달  838 | 차단  530
Ep 412 | 배송 34/50 | 재적재 5 | 도착  42 | 2홉+ 0.60 | 도달  925 | 차단  501
Ep 413 | 배송 37/50 | 재적재 4 | 도착  41 | 2홉+ 0.61 | 도달  792 | 차단  519
Ep 414 | 배송 35/50 | 재적재 6 | 도착  40 | 2홉+ 0.60 | 도달  776 | 차단  583
Ep 415 | 배송 32/50 | 재적재 4 | 도착  38 | 2홉+ 0.59 | 도달  766 | 차단  524
Ep 416 | 배송 40/50 | 재적재 6 | 도착  42 | 2홉+ 0.62 | 도달  965 | 차단  754
Ep 417 | 배송 37/50 | 재적재 7 | 도착  43 | 2홉+ 0.59 | 도달  825 | 차단  593
Ep 418 | 배송 36/50 | 재적재 5 | 도착  40 | 2홉+ 0.57 | 도달  894 | 차단  624
Ep 419 | 배송 32/50 | 재적재 3 | 도착  36 | 2홉+ 0.60 | 도달  761 | 차단  356
Ep 420 | 배송 34/50 | 재적재 6 | 도착  40 | 2홉+ 0.61 | 도달  938 | 차단  658
Ep 421 | 배송 33/50 | 재적재 4 | 도착  36 | 2홉+ 0.64 | 도달  761 | 차단  495
Ep 422 | 배송 34/50 | 재적재 5 | 도착  38 | 2홉+ 0.64 | 도달  795 | 차단  618
Ep 423 | 배송 33/50 | 재적재 6 | 도착  40 | 2홉+ 0.56 | 도달  762 | 차단  445
Ep 424 | 배송 38/50 | 재적재 6 | 도착  47 | 2홉+ 0.62 | 도달  916 | 차단  754
Ep 425 | 배송 33/50 | 재적재 5 | 도착  37 | 2홉+ 0.62 | 도달  743 | 차단  455
Ep 426 | 배송 38/50 | 재적재 6 | 도착  46 | 2홉+ 0.62 | 도달  888 | 차단  476
Ep 427 | 배송 32/50 | 재적재 5 | 도착  41 | 2홉+ 0.56 | 도달  841 | 차단  614
Ep 428 | 배송 34/50 | 재적재 4 | 도착  37 | 2홉+ 0.54 | 도달  927 | 차단  665
Ep 429 | 배송 36/50 | 재적재 6 | 도착  43 | 2홉+ 0.59 | 도달  897 | 차단  744
Ep 430 | 배송 36/50 | 재적재 6 | 도착  44 | 2홉+ 0.63 | 도달  861 | 차단  657
Ep 431 | 배송 39/50 | 재적재 6 | 도착  47 | 2홉+ 0.63 | 도달  846 | 차단  457
Ep 432 | 배송 23/50 | 재적재 3 | 도착  27 | 2홉+ 0.59 | 도달  692 | 차단  596
Ep 433 | 배송 35/50 | 재적재 4 | 도착  41 | 2홉+ 0.58 | 도달  889 | 차단  824
Ep 434 | 배송 29/50 | 재적재 4 | 도착  33 | 2홉+ 0.54 | 도달  753 | 차단 1140
Ep 435 | 배송 35/50 | 재적재 5 | 도착  40 | 2홉+ 0.64 | 도달  793 | 차단  855
Ep 436 | 배송 36/50 | 재적재 5 | 도착  41 | 2홉+ 0.62 | 도달  768 | 차단  767
Ep 437 | 배송 33/50 | 재적재 6 | 도착  41 | 2홉+ 0.61 | 도달  784 | 차단  864
Ep 438 | 배송 34/50 | 재적재 4 | 도착  40 | 2홉+ 0.62 | 도달  756 | 차단  626
Ep 439 | 배송 34/50 | 재적재 5 | 도착  39 | 2홉+ 0.61 | 도달  885 | 차단  432
Ep 440 | 배송 33/50 | 재적재 6 | 도착  37 | 2홉+ 0.56 | 도달  949 | 차단  468
Ep 441 | 배송 36/50 | 재적재 6 | 도착  45 | 2홉+ 0.61 | 도달  959 | 차단  778
Ep 442 | 배송 33/50 | 재적재 4 | 도착  34 | 2홉+ 0.59 | 도달  834 | 차단 1107
Ep 443 | 배송 26/50 | 재적재 3 | 도착  34 | 2홉+ 0.65 | 도달  840 | 차단 1090
Ep 444 | 배송 37/50 | 재적재 5 | 도착  43 | 2홉+ 0.57 | 도달  865 | 차단  405
Ep 445 | 배송 35/50 | 재적재 4 | 도착  39 | 2홉+ 0.64 | 도달  832 | 차단  765
Ep 446 | 배송 40/50 | 재적재 6 | 도착  47 | 2홉+ 0.61 | 도달  981 | 차단  661
Ep 447 | 배송 38/50 | 재적재 5 | 도착  42 | 2홉+ 0.63 | 도달  799 | 차단  755
Ep 448 | 배송 29/50 | 재적재 4 | 도착  35 | 2홉+ 0.61 | 도달  885 | 차단 1499
Ep 449 | 배송 34/50 | 재적재 5 | 도착  43 | 2홉+ 0.63 | 도달  899 | 차단  797
Ep 450 | 배송 35/50 | 재적재 6 | 도착  38 | 2홉+ 0.60 | 도달  989 | 차단  591
  [홀드아웃] 배송 28.3±4.6 재적재 3.3 2홉+ 0.58 | 최고 28.3@ep450 정체 0/15  ← 갱신
Ep 451 | 배송 37/50 | 재적재 4 | 도착  45 | 2홉+ 0.59 | 도달  851 | 차단  477
Ep 452 | 배송 33/50 | 재적재 5 | 도착  37 | 2홉+ 0.61 | 도달  779 | 차단  825
Ep 453 | 배송 26/50 | 재적재 2 | 도착  31 | 2홉+ 0.61 | 도달  775 | 차단  962
Ep 454 | 배송 37/50 | 재적재 4 | 도착  37 | 2홉+ 0.62 | 도달  851 | 차단  880
Ep 455 | 배송 35/50 | 재적재 5 | 도착  37 | 2홉+ 0.59 | 도달  976 | 차단  418
Ep 456 | 배송 29/50 | 재적재 5 | 도착  35 | 2홉+ 0.61 | 도달  812 | 차단 1168
Ep 457 | 배송 35/50 | 재적재 5 | 도착  35 | 2홉+ 0.58 | 도달  824 | 차단  441
Ep 458 | 배송 37/50 | 재적재 5 | 도착  42 | 2홉+ 0.59 | 도달  847 | 차단  592
Ep 459 | 배송 39/50 | 재적재 6 | 도착  40 | 2홉+ 0.60 | 도달  856 | 차단  492
Ep 460 | 배송 33/50 | 재적재 6 | 도착  37 | 2홉+ 0.53 | 도달  873 | 차단  706
Ep 461 | 배송 32/50 | 재적재 4 | 도착  36 | 2홉+ 0.57 | 도달  801 | 차단 1220
Ep 462 | 배송 32/50 | 재적재 4 | 도착  31 | 2홉+ 0.60 | 도달  857 | 차단  617
Ep 463 | 배송 33/50 | 재적재 5 | 도착  40 | 2홉+ 0.64 | 도달  717 | 차단  326
Ep 464 | 배송 31/50 | 재적재 5 | 도착  38 | 2홉+ 0.57 | 도달  763 | 차단  532
Ep 465 | 배송 33/50 | 재적재 6 | 도착  40 | 2홉+ 0.60 | 도달  779 | 차단  423
Ep 466 | 배송 31/50 | 재적재 5 | 도착  36 | 2홉+ 0.60 | 도달  738 | 차단  736
Ep 467 | 배송 35/50 | 재적재 4 | 도착  38 | 2홉+ 0.62 | 도달  787 | 차단  760
Ep 468 | 배송 35/50 | 재적재 5 | 도착  40 | 2홉+ 0.59 | 도달  825 | 차단  646
Ep 469 | 배송 29/50 | 재적재 5 | 도착  32 | 2홉+ 0.60 | 도달  707 | 차단  998
Ep 470 | 배송 33/50 | 재적재 4 | 도착  35 | 2홉+ 0.56 | 도달  834 | 차단  577
Ep 471 | 배송 30/50 | 재적재 3 | 도착  32 | 2홉+ 0.61 | 도달  737 | 차단  921
Ep 472 | 배송 27/50 | 재적재 4 | 도착  32 | 2홉+ 0.51 | 도달  794 | 차단  474
Ep 473 | 배송 29/50 | 재적재 3 | 도착  34 | 2홉+ 0.65 | 도달  712 | 차단 1010
Ep 474 | 배송 32/50 | 재적재 4 | 도착  37 | 2홉+ 0.60 | 도달  724 | 차단  388
Ep 475 | 배송 30/50 | 재적재 6 | 도착  35 | 2홉+ 0.57 | 도달  702 | 차단  749
Ep 476 | 배송 22/50 | 재적재 2 | 도착  26 | 2홉+ 0.52 | 도달  659 | 차단  902
Ep 477 | 배송 34/50 | 재적재 5 | 도착  42 | 2홉+ 0.60 | 도달  795 | 차단  462
Ep 478 | 배송 34/50 | 재적재 4 | 도착  43 | 2홉+ 0.50 | 도달  954 | 차단  648
Ep 479 | 배송 33/50 | 재적재 4 | 도착  40 | 2홉+ 0.61 | 도달  726 | 차단  331
Ep 480 | 배송 20/50 | 재적재 1 | 도착  23 | 2홉+ 0.62 | 도달  780 | 차단  754
Ep 481 | 배송 28/50 | 재적재 4 | 도착  33 | 2홉+ 0.55 | 도달  727 | 차단  514
Ep 482 | 배송 35/50 | 재적재 5 | 도착  43 | 2홉+ 0.56 | 도달  768 | 차단  509
Ep 483 | 배송 28/50 | 재적재 3 | 도착  32 | 2홉+ 0.52 | 도달  653 | 차단  686
Ep 484 | 배송 33/50 | 재적재 5 | 도착  39 | 2홉+ 0.55 | 도달  759 | 차단  260
Ep 485 | 배송 35/50 | 재적재 5 | 도착  37 | 2홉+ 0.58 | 도달  810 | 차단  671
Ep 486 | 배송 32/50 | 재적재 4 | 도착  35 | 2홉+ 0.60 | 도달  760 | 차단  701
Ep 487 | 배송 28/50 | 재적재 3 | 도착  29 | 2홉+ 0.54 | 도달  793 | 차단 1048
Ep 488 | 배송 31/50 | 재적재 5 | 도착  33 | 2홉+ 0.59 | 도달  964 | 차단  749
Ep 489 | 배송 32/50 | 재적재 4 | 도착  36 | 2홉+ 0.55 | 도달  773 | 차단  964
Ep 490 | 배송 34/50 | 재적재 6 | 도착  40 | 2홉+ 0.60 | 도달  760 | 차단  481
Ep 491 | 배송 30/50 | 재적재 3 | 도착  31 | 2홉+ 0.63 | 도달  722 | 차단  735
Ep 492 | 배송 23/50 | 재적재 2 | 도착  28 | 2홉+ 0.52 | 도달  748 | 차단  463
Ep 493 | 배송 32/50 | 재적재 4 | 도착  43 | 2홉+ 0.61 | 도달  764 | 차단  682
Ep 494 | 배송 31/50 | 재적재 5 | 도착  36 | 2홉+ 0.58 | 도달  712 | 차단  388
Ep 495 | 배송 32/50 | 재적재 4 | 도착  37 | 2홉+ 0.60 | 도달  827 | 차단  416
Ep 496 | 배송 33/50 | 재적재 5 | 도착  38 | 2홉+ 0.58 | 도달  785 | 차단  468
Ep 497 | 배송 31/50 | 재적재 3 | 도착  35 | 2홉+ 0.64 | 도달  794 | 차단  619
Ep 498 | 배송 29/50 | 재적재 3 | 도착  32 | 2홉+ 0.63 | 도달  836 | 차단  925
Ep 499 | 배송 26/50 | 재적재 4 | 도착  35 | 2홉+ 0.54 | 도달  714 | 차단  349
Ep 500 | 배송 34/50 | 재적재 6 | 도착  42 | 2홉+ 0.63 | 도달  771 | 차단  614
  [홀드아웃] 배송 26.7±8.3 재적재 3.2 2홉+ 0.55 | 최고 28.3@ep450 정체 1/15
Ep 501 | 배송 33/50 | 재적재 6 | 도착  43 | 2홉+ 0.59 | 도달  785 | 차단  582
Ep 502 | 배송 30/50 | 재적재 4 | 도착  33 | 2홉+ 0.56 | 도달  742 | 차단  359
Ep 503 | 배송 24/50 | 재적재 2 | 도착  24 | 2홉+ 0.63 | 도달  820 | 차단 1480
Ep 504 | 배송 28/50 | 재적재 3 | 도착  31 | 2홉+ 0.61 | 도달  705 | 차단  199
Ep 505 | 배송 36/50 | 재적재 5 | 도착  36 | 2홉+ 0.61 | 도달  957 | 차단  737
Ep 506 | 배송 33/50 | 재적재 5 | 도착  40 | 2홉+ 0.57 | 도달  804 | 차단  447
Ep 507 | 배송 32/50 | 재적재 4 | 도착  35 | 2홉+ 0.61 | 도달  770 | 차단  721
Ep 508 | 배송 33/50 | 재적재 5 | 도착  40 | 2홉+ 0.62 | 도달  761 | 차단  305
Ep 509 | 배송 28/50 | 재적재 4 | 도착  31 | 2홉+ 0.54 | 도달  793 | 차단  776
Ep 510 | 배송 33/50 | 재적재 4 | 도착  35 | 2홉+ 0.62 | 도달  949 | 차단  959
Ep 511 | 배송 35/50 | 재적재 5 | 도착  36 | 2홉+ 0.61 | 도달  841 | 차단  459
Ep 512 | 배송 38/50 | 재적재 5 | 도착  39 | 2홉+ 0.62 | 도달 1062 | 차단  670
Ep 513 | 배송 34/50 | 재적재 6 | 도착  38 | 2홉+ 0.62 | 도달  939 | 차단  788
Ep 514 | 배송 33/50 | 재적재 5 | 도착  37 | 2홉+ 0.60 | 도달  863 | 차단  460
Ep 515 | 배송 28/50 | 재적재 3 | 도착  31 | 2홉+ 0.64 | 도달 1074 | 차단 1277
Ep 516 | 배송 34/50 | 재적재 5 | 도착  37 | 2홉+ 0.60 | 도달  936 | 차단  535
Ep 517 | 배송 26/50 | 재적재 3 | 도착  29 | 2홉+ 0.63 | 도달  781 | 차단 1889
Ep 518 | 배송 35/50 | 재적재 5 | 도착  37 | 2홉+ 0.58 | 도달  792 | 차단  978
Ep 519 | 배송 33/50 | 재적재 3 | 도착  36 | 2홉+ 0.60 | 도달  842 | 차단 1203
Ep 520 | 배송 33/50 | 재적재 4 | 도착  34 | 2홉+ 0.63 | 도달  811 | 차단  448
Ep 521 | 배송 31/50 | 재적재 4 | 도착  34 | 2홉+ 0.59 | 도달  760 | 차단  408
Ep 522 | 배송 31/50 | 재적재 5 | 도착  38 | 2홉+ 0.58 | 도달  766 | 차단  662
Ep 523 | 배송 33/50 | 재적재 3 | 도착  37 | 2홉+ 0.58 | 도달  794 | 차단  282
Ep 524 | 배송 39/50 | 재적재 6 | 도착  45 | 2홉+ 0.59 | 도달  843 | 차단  635
Ep 525 | 배송 29/50 | 재적재 3 | 도착  32 | 2홉+ 0.55 | 도달  918 | 차단  664
Ep 526 | 배송 33/50 | 재적재 5 | 도착  38 | 2홉+ 0.58 | 도달  841 | 차단  555
Ep 527 | 배송 30/50 | 재적재 4 | 도착  33 | 2홉+ 0.59 | 도달  789 | 차단  546
Ep 528 | 배송 31/50 | 재적재 5 | 도착  40 | 2홉+ 0.58 | 도달  754 | 차단  285
Ep 529 | 배송 28/50 | 재적재 4 | 도착  34 | 2홉+ 0.53 | 도달  699 | 차단  509
Ep 530 | 배송 22/50 | 재적재 3 | 도착  27 | 2홉+ 0.61 | 도달  607 | 차단  984
Ep 531 | 배송 34/50 | 재적재 5 | 도착  40 | 2홉+ 0.60 | 도달  777 | 차단  323
Ep 532 | 배송 31/50 | 재적재 5 | 도착  33 | 2홉+ 0.55 | 도달  835 | 차단  571
Ep 533 | 배송 35/50 | 재적재 6 | 도착  43 | 2홉+ 0.61 | 도달  817 | 차단  470
Ep 534 | 배송 32/50 | 재적재 4 | 도착  36 | 2홉+ 0.58 | 도달  763 | 차단  451
Ep 535 | 배송 31/50 | 재적재 5 | 도착  37 | 2홉+ 0.57 | 도달  729 | 차단  345
Ep 536 | 배송 31/50 | 재적재 4 | 도착  35 | 2홉+ 0.61 | 도달  884 | 차단  807
Ep 537 | 배송 32/50 | 재적재 4 | 도착  33 | 2홉+ 0.56 | 도달  816 | 차단  576
Ep 538 | 배송 32/50 | 재적재 5 | 도착  38 | 2홉+ 0.63 | 도달  720 | 차단  564
Ep 539 | 배송 34/50 | 재적재 5 | 도착  42 | 2홉+ 0.60 | 도달  762 | 차단  432
Ep 540 | 배송 28/50 | 재적재 3 | 도착  32 | 2홉+ 0.65 | 도달  865 | 차단 1651
Ep 541 | 배송 34/50 | 재적재 5 | 도착  36 | 2홉+ 0.60 | 도달  781 | 차단  788
Ep 542 | 배송 31/50 | 재적재 5 | 도착  36 | 2홉+ 0.61 | 도달  753 | 차단  639
Ep 543 | 배송 30/50 | 재적재 4 | 도착  36 | 2홉+ 0.63 | 도달  777 | 차단  466
Ep 544 | 배송 31/50 | 재적재 4 | 도착  38 | 2홉+ 0.61 | 도달  786 | 차단  475
Ep 545 | 배송 26/50 | 재적재 3 | 도착  24 | 2홉+ 0.58 | 도달  661 | 차단 1014
Ep 546 | 배송 28/50 | 재적재 4 | 도착  31 | 2홉+ 0.58 | 도달  800 | 차단  463
Ep 547 | 배송 31/50 | 재적재 4 | 도착  36 | 2홉+ 0.61 | 도달  806 | 차단  857
Ep 548 | 배송 32/50 | 재적재 4 | 도착  37 | 2홉+ 0.64 | 도달  967 | 차단  428
Ep 549 | 배송 24/50 | 재적재 3 | 도착  30 | 2홉+ 0.58 | 도달  712 | 차단  343
Ep 550 | 배송 30/50 | 재적재 3 | 도착  32 | 2홉+ 0.62 | 도달  895 | 차단 1141
  [홀드아웃] 배송 18.3±7.2 재적재 1.8 2홉+ 0.48 | 최고 28.3@ep450 정체 2/15
Ep 551 | 배송 29/50 | 재적재 4 | 도착  36 | 2홉+ 0.59 | 도달  811 | 차단 1139
Ep 552 | 배송 32/50 | 재적재 5 | 도착  38 | 2홉+ 0.62 | 도달  754 | 차단  322
Ep 553 | 배송 31/50 | 재적재 4 | 도착  34 | 2홉+ 0.64 | 도달  756 | 차단  996
Ep 554 | 배송 33/50 | 재적재 5 | 도착  37 | 2홉+ 0.54 | 도달  968 | 차단  691
Ep 555 | 배송 30/50 | 재적재 4 | 도착  33 | 2홉+ 0.62 | 도달  845 | 차단  756
Ep 556 | 배송 29/50 | 재적재 3 | 도착  33 | 2홉+ 0.65 | 도달  755 | 차단  811
Ep 557 | 배송 26/50 | 재적재 3 | 도착  33 | 2홉+ 0.63 | 도달  629 | 차단  935
Ep 558 | 배송 35/50 | 재적재 6 | 도착  46 | 2홉+ 0.58 | 도달  776 | 차단  815
Ep 559 | 배송 28/50 | 재적재 5 | 도착  33 | 2홉+ 0.60 | 도달  882 | 차단 1412
Ep 560 | 배송 26/50 | 재적재 4 | 도착  31 | 2홉+ 0.58 | 도달  787 | 차단  770
Ep 561 | 배송 31/50 | 재적재 5 | 도착  33 | 2홉+ 0.61 | 도달  790 | 차단  710
Ep 562 | 배송 33/50 | 재적재 4 | 도착  38 | 2홉+ 0.62 | 도달  869 | 차단  937
Ep 563 | 배송 28/50 | 재적재 3 | 도착  30 | 2홉+ 0.66 | 도달  740 | 차단  864
Ep 564 | 배송 33/50 | 재적재 5 | 도착  39 | 2홉+ 0.57 | 도달  774 | 차단  638
Ep 565 | 배송 28/50 | 재적재 2 | 도착  31 | 2홉+ 0.67 | 도달  824 | 차단 1363
Ep 566 | 배송 29/50 | 재적재 4 | 도착  36 | 2홉+ 0.61 | 도달  913 | 차단  867
Ep 567 | 배송 34/50 | 재적재 5 | 도착  41 | 2홉+ 0.63 | 도달  808 | 차단  657
Ep 568 | 배송 26/50 | 재적재 3 | 도착  31 | 2홉+ 0.47 | 도달  634 | 차단  340
Ep 569 | 배송 30/50 | 재적재 3 | 도착  33 | 2홉+ 0.63 | 도달  850 | 차단  929
Ep 570 | 배송 33/50 | 재적재 4 | 도착  38 | 2홉+ 0.56 | 도달  783 | 차단  586
Ep 571 | 배송 29/50 | 재적재 3 | 도착  32 | 2홉+ 0.60 | 도달  693 | 차단  313
Ep 572 | 배송 33/50 | 재적재 4 | 도착  37 | 2홉+ 0.59 | 도달  793 | 차단  442
Ep 573 | 배송 31/50 | 재적재 6 | 도착  41 | 2홉+ 0.60 | 도달  782 | 차단  731
Ep 574 | 배송 36/50 | 재적재 6 | 도착  46 | 2홉+ 0.60 | 도달  879 | 차단  477
Ep 575 | 배송 34/50 | 재적재 5 | 도착  40 | 2홉+ 0.60 | 도달  790 | 차단  990
Ep 576 | 배송 26/50 | 재적재 3 | 도착  27 | 2홉+ 0.58 | 도달  707 | 차단 1047
Ep 577 | 배송 41/50 | 재적재 6 | 도착  47 | 2홉+ 0.60 | 도달  863 | 차단  667
Ep 578 | 배송 34/50 | 재적재 5 | 도착  40 | 2홉+ 0.62 | 도달  759 | 차단  483
Ep 579 | 배송 26/50 | 재적재 2 | 도착  32 | 2홉+ 0.66 | 도달  740 | 차단  960
Ep 580 | 배송 32/50 | 재적재 6 | 도착  42 | 2홉+ 0.58 | 도달  951 | 차단 1310
Ep 581 | 배송 34/50 | 재적재 4 | 도착  42 | 2홉+ 0.60 | 도달  797 | 차단  399
Ep 582 | 배송 26/50 | 재적재 2 | 도착  29 | 2홉+ 0.67 | 도달  953 | 차단 1044
Ep 583 | 배송 24/50 | 재적재 3 | 도착  30 | 2홉+ 0.63 | 도달  767 | 차단 1230
Ep 584 | 배송 38/50 | 재적재 6 | 도착  49 | 2홉+ 0.58 | 도달  891 | 차단  435
Ep 585 | 배송 29/50 | 재적재 3 | 도착  35 | 2홉+ 0.62 | 도달  856 | 차단 1259
Ep 586 | 배송 32/50 | 재적재 3 | 도착  39 | 2홉+ 0.63 | 도달  749 | 차단  947
Ep 587 | 배송 34/50 | 재적재 5 | 도착  39 | 2홉+ 0.59 | 도달  760 | 차단  548
Ep 588 | 배송 32/50 | 재적재 3 | 도착  36 | 2홉+ 0.66 | 도달  807 | 차단  708
Ep 589 | 배송 31/50 | 재적재 5 | 도착  39 | 2홉+ 0.52 | 도달  742 | 차단  335
Ep 590 | 배송 32/50 | 재적재 5 | 도착  35 | 2홉+ 0.58 | 도달  801 | 차단  460
Ep 591 | 배송 33/50 | 재적재 4 | 도착  36 | 2홉+ 0.58 | 도달  772 | 차단  476
Ep 592 | 배송 31/50 | 재적재 3 | 도착  41 | 2홉+ 0.63 | 도달  868 | 차단  715
Ep 593 | 배송 19/50 | 재적재 2 | 도착  23 | 2홉+ 0.52 | 도달  643 | 차단 1015
Ep 594 | 배송 28/50 | 재적재 3 | 도착  30 | 2홉+ 0.62 | 도달  845 | 차단  683
Ep 595 | 배송 28/50 | 재적재 4 | 도착  30 | 2홉+ 0.58 | 도달  742 | 차단  516
Ep 596 | 배송 29/50 | 재적재 4 | 도착  31 | 2홉+ 0.59 | 도달  742 | 차단  516
Ep 597 | 배송 40/50 | 재적재 7 | 도착  51 | 2홉+ 0.59 | 도달  843 | 차단  622
Ep 598 | 배송 34/50 | 재적재 5 | 도착  39 | 2홉+ 0.62 | 도달  800 | 차단  938
Ep 599 | 배송 31/50 | 재적재 4 | 도착  35 | 2홉+ 0.56 | 도달  737 | 차단  616
Ep 600 | 배송 31/50 | 재적재 5 | 도착  34 | 2홉+ 0.57 | 도달  772 | 차단  382
  [홀드아웃] 배송 18.0±6.9 재적재 1.2 2홉+ 0.65 | 최고 28.3@ep450 정체 3/15
Ep 601 | 배송 33/50 | 재적재 4 | 도착  35 | 2홉+ 0.60 | 도달  890 | 차단  560
Ep 602 | 배송 29/50 | 재적재 2 | 도착  33 | 2홉+ 0.59 | 도달  876 | 차단  769
Ep 603 | 배송 28/50 | 재적재 3 | 도착  33 | 2홉+ 0.65 | 도달  811 | 차단  606
Ep 604 | 배송 27/50 | 재적재 3 | 도착  30 | 2홉+ 0.54 | 도달  813 | 차단  417
Ep 605 | 배송 28/50 | 재적재 4 | 도착  32 | 2홉+ 0.62 | 도달  869 | 차단  896
Ep 606 | 배송 32/50 | 재적재 5 | 도착  35 | 2홉+ 0.60 | 도달  769 | 차단  589
Ep 607 | 배송 23/50 | 재적재 3 | 도착  25 | 2홉+ 0.62 | 도달  660 | 차단  498
Ep 608 | 배송 33/50 | 재적재 4 | 도착  40 | 2홉+ 0.59 | 도달  807 | 차단  535
Ep 609 | 배송 32/50 | 재적재 5 | 도착  38 | 2홉+ 0.57 | 도달  817 | 차단  543
Ep 610 | 배송 32/50 | 재적재 4 | 도착  35 | 2홉+ 0.61 | 도달  931 | 차단  506
Ep 611 | 배송 31/50 | 재적재 4 | 도착  37 | 2홉+ 0.62 | 도달  837 | 차단  542
Ep 612 | 배송 20/50 | 재적재 3 | 도착  24 | 2홉+ 0.64 | 도달  719 | 차단  822
Ep 613 | 배송 29/50 | 재적재 4 | 도착  35 | 2홉+ 0.63 | 도달  703 | 차단 1142
Ep 614 | 배송 28/50 | 재적재 5 | 도착  31 | 2홉+ 0.52 | 도달  722 | 차단  357
Ep 615 | 배송 30/50 | 재적재 5 | 도착  35 | 2홉+ 0.59 | 도달  827 | 차단  621
Ep 616 | 배송 32/50 | 재적재 3 | 도착  36 | 2홉+ 0.64 | 도달  750 | 차단  500
Ep 617 | 배송 30/50 | 재적재 4 | 도착  30 | 2홉+ 0.55 | 도달  692 | 차단  371
Ep 618 | 배송 27/50 | 재적재 4 | 도착  32 | 2홉+ 0.61 | 도달  737 | 차단  367
Ep 619 | 배송 28/50 | 재적재 3 | 도착  30 | 2홉+ 0.61 | 도달  765 | 차단  331
Ep 620 | 배송 26/50 | 재적재 2 | 도착  27 | 2홉+ 0.57 | 도달  666 | 차단  289
Ep 621 | 배송 33/50 | 재적재 5 | 도착  35 | 2홉+ 0.57 | 도달  879 | 차단  582
Ep 622 | 배송 32/50 | 재적재 5 | 도착  39 | 2홉+ 0.59 | 도달  720 | 차단  500
Ep 623 | 배송 33/50 | 재적재 4 | 도착  36 | 2홉+ 0.61 | 도달  702 | 차단  406
Ep 624 | 배송 31/50 | 재적재 3 | 도착  34 | 2홉+ 0.64 | 도달  745 | 차단  731
Ep 625 | 배송 31/50 | 재적재 3 | 도착  32 | 2홉+ 0.60 | 도달  823 | 차단  400
Ep 626 | 배송 35/50 | 재적재 6 | 도착  44 | 2홉+ 0.59 | 도달  791 | 차단  632
Ep 627 | 배송 29/50 | 재적재 5 | 도착  35 | 2홉+ 0.61 | 도달  772 | 차단  370
Ep 628 | 배송 32/50 | 재적재 5 | 도착  38 | 2홉+ 0.55 | 도달  798 | 차단  586
Ep 629 | 배송 31/50 | 재적재 4 | 도착  34 | 2홉+ 0.61 | 도달  748 | 차단  520
Ep 630 | 배송 25/50 | 재적재 5 | 도착  29 | 2홉+ 0.55 | 도달  600 | 차단  282
Ep 631 | 배송 33/50 | 재적재 5 | 도착  39 | 2홉+ 0.59 | 도달  763 | 차단  421
Ep 632 | 배송 30/50 | 재적재 5 | 도착  35 | 2홉+ 0.60 | 도달  727 | 차단  752
Ep 633 | 배송 29/50 | 재적재 5 | 도착  35 | 2홉+ 0.62 | 도달  811 | 차단  383
Ep 634 | 배송 22/50 | 재적재 2 | 도착  26 | 2홉+ 0.57 | 도달  806 | 차단  782
Ep 635 | 배송 32/50 | 재적재 5 | 도착  37 | 2홉+ 0.56 | 도달  716 | 차단  316
Ep 636 | 배송 32/50 | 재적재 6 | 도착  38 | 2홉+ 0.56 | 도달  754 | 차단  427
Ep 637 | 배송 25/50 | 재적재 4 | 도착  27 | 2홉+ 0.61 | 도달  724 | 차단  380
Ep 638 | 배송 36/50 | 재적재 4 | 도착  37 | 2홉+ 0.61 | 도달  923 | 차단  551
Ep 639 | 배송 31/50 | 재적재 4 | 도착  36 | 2홉+ 0.63 | 도달  747 | 차단  508
Ep 640 | 배송 24/50 | 재적재 2 | 도착  28 | 2홉+ 0.64 | 도달  867 | 차단  996
Ep 641 | 배송 21/50 | 재적재 2 | 도착  24 | 2홉+ 0.62 | 도달  711 | 차단  519
Ep 642 | 배송 28/50 | 재적재 4 | 도착  31 | 2홉+ 0.57 | 도달  693 | 차단  258
Ep 643 | 배송 31/50 | 재적재 4 | 도착  34 | 2홉+ 0.59 | 도달  676 | 차단  365
Ep 644 | 배송 34/50 | 재적재 5 | 도착  40 | 2홉+ 0.58 | 도달  766 | 차단  573
Ep 645 | 배송 30/50 | 재적재 5 | 도착  34 | 2홉+ 0.61 | 도달  715 | 차단  276
Ep 646 | 배송 32/50 | 재적재 3 | 도착  34 | 2홉+ 0.54 | 도달  723 | 차단  832
Ep 647 | 배송 28/50 | 재적재 3 | 도착  29 | 2홉+ 0.52 | 도달  754 | 차단  625
Ep 648 | 배송 28/50 | 재적재 3 | 도착  30 | 2홉+ 0.63 | 도달  703 | 차단 1124
Ep 649 | 배송 31/50 | 재적재 5 | 도착  38 | 2홉+ 0.61 | 도달  703 | 차단  539
Ep 650 | 배송 30/50 | 재적재 4 | 도착  35 | 2홉+ 0.60 | 도달  692 | 차단  478
  [홀드아웃] 배송 17.2±6.5 재적재 1.7 2홉+ 0.62 | 최고 28.3@ep450 정체 4/15
Ep 651 | 배송 31/50 | 재적재 4 | 도착  34 | 2홉+ 0.61 | 도달  734 | 차단  590
Ep 652 | 배송 29/50 | 재적재 4 | 도착  34 | 2홉+ 0.62 | 도달  705 | 차단  792
Ep 653 | 배송 33/50 | 재적재 5 | 도착  35 | 2홉+ 0.58 | 도달  821 | 차단  586
Ep 654 | 배송 32/50 | 재적재 5 | 도착  35 | 2홉+ 0.58 | 도달  712 | 차단  537
Ep 655 | 배송 29/50 | 재적재 5 | 도착  32 | 2홉+ 0.59 | 도달  695 | 차단  446
Ep 656 | 배송 32/50 | 재적재 5 | 도착  38 | 2홉+ 0.62 | 도달  796 | 차단  822
Ep 657 | 배송 25/50 | 재적재 3 | 도착  27 | 2홉+ 0.56 | 도달  701 | 차단  421
Ep 658 | 배송 31/50 | 재적재 4 | 도착  38 | 2홉+ 0.60 | 도달  791 | 차단  500
Ep 659 | 배송 29/50 | 재적재 3 | 도착  27 | 2홉+ 0.65 | 도달  735 | 차단  952
Ep 660 | 배송 31/50 | 재적재 4 | 도착  32 | 2홉+ 0.56 | 도달  777 | 차단  452
Ep 661 | 배송 30/50 | 재적재 3 | 도착  34 | 2홉+ 0.65 | 도달  776 | 차단  683
Ep 662 | 배송 28/50 | 재적재 3 | 도착  30 | 2홉+ 0.60 | 도달  723 | 차단  910
Ep 663 | 배송 27/50 | 재적재 3 | 도착  32 | 2홉+ 0.63 | 도달  626 | 차단  361
Ep 664 | 배송 28/50 | 재적재 3 | 도착  29 | 2홉+ 0.60 | 도달  742 | 차단  633
Ep 665 | 배송 25/50 | 재적재 4 | 도착  26 | 2홉+ 0.60 | 도달  847 | 차단 1039
Ep 666 | 배송 26/50 | 재적재 4 | 도착  33 | 2홉+ 0.60 | 도달  805 | 차단 1244
Ep 667 | 배송 32/50 | 재적재 5 | 도착  32 | 2홉+ 0.60 | 도달  827 | 차단  574
Ep 668 | 배송 30/50 | 재적재 4 | 도착  32 | 2홉+ 0.58 | 도달  807 | 차단  514
Ep 669 | 배송 29/50 | 재적재 5 | 도착  33 | 2홉+ 0.57 | 도달  688 | 차단  488
Ep 670 | 배송 30/50 | 재적재 5 | 도착  37 | 2홉+ 0.60 | 도달  707 | 차단  383
Ep 671 | 배송 29/50 | 재적재 5 | 도착  34 | 2홉+ 0.57 | 도달  821 | 차단  398
Ep 672 | 배송 27/50 | 재적재 3 | 도착  32 | 2홉+ 0.60 | 도달  843 | 차단  627
Ep 673 | 배송 29/50 | 재적재 4 | 도착  30 | 2홉+ 0.59 | 도달  797 | 차단  610
Ep 674 | 배송 24/50 | 재적재 2 | 도착  25 | 2홉+ 0.63 | 도달  710 | 차단  698
Ep 675 | 배송 30/50 | 재적재 5 | 도착  35 | 2홉+ 0.60 | 도달  720 | 차단  391
Ep 676 | 배송 30/50 | 재적재 3 | 도착  33 | 2홉+ 0.59 | 도달  702 | 차단  638
Ep 677 | 배송 29/50 | 재적재 4 | 도착  35 | 2홉+ 0.48 | 도달  765 | 차단  480
Ep 678 | 배송 29/50 | 재적재 4 | 도착  31 | 2홉+ 0.59 | 도달  735 | 차단  371
Ep 679 | 배송 31/50 | 재적재 3 | 도착  31 | 2홉+ 0.56 | 도달  762 | 차단  441
Ep 680 | 배송 27/50 | 재적재 5 | 도착  35 | 2홉+ 0.57 | 도달  656 | 차단  183
Ep 681 | 배송 26/50 | 재적재 4 | 도착  29 | 2홉+ 0.55 | 도달  756 | 차단  419
Ep 682 | 배송 32/50 | 재적재 6 | 도착  36 | 2홉+ 0.60 | 도달  723 | 차단  485
Ep 683 | 배송 29/50 | 재적재 3 | 도착  32 | 2홉+ 0.62 | 도달  856 | 차단 1019
Ep 684 | 배송 29/50 | 재적재 4 | 도착  35 | 2홉+ 0.57 | 도달  784 | 차단 1076
Ep 685 | 배송 21/50 | 재적재 2 | 도착  24 | 2홉+ 0.59 | 도달  604 | 차단 1256
Ep 686 | 배송 31/50 | 재적재 4 | 도착  36 | 2홉+ 0.58 | 도달  715 | 차단  933
Ep 687 | 배송 36/50 | 재적재 4 | 도착  38 | 2홉+ 0.63 | 도달  831 | 차단  821
Ep 688 | 배송 29/50 | 재적재 3 | 도착  29 | 2홉+ 0.61 | 도달  779 | 차단  700
Ep 689 | 배송 32/50 | 재적재 4 | 도착  34 | 2홉+ 0.58 | 도달  822 | 차단  318
Ep 690 | 배송 28/50 | 재적재 3 | 도착  33 | 2홉+ 0.55 | 도달  774 | 차단  369
Ep 691 | 배송 21/50 | 재적재 2 | 도착  23 | 2홉+ 0.64 | 도달  737 | 차단  607
Ep 692 | 배송 29/50 | 재적재 3 | 도착  28 | 2홉+ 0.54 | 도달  752 | 차단  749
Ep 693 | 배송 31/50 | 재적재 4 | 도착  36 | 2홉+ 0.58 | 도달  807 | 차단  711
Ep 694 | 배송 21/50 | 재적재 2 | 도착  24 | 2홉+ 0.59 | 도달  707 | 차단  589
Ep 695 | 배송 31/50 | 재적재 4 | 도착  30 | 2홉+ 0.60 | 도달  738 | 차단  465
Ep 696 | 배송 29/50 | 재적재 4 | 도착  32 | 2홉+ 0.63 | 도달  744 | 차단  614
Ep 697 | 배송 27/50 | 재적재 3 | 도착  29 | 2홉+ 0.56 | 도달  728 | 차단  503
Ep 698 | 배송 28/50 | 재적재 5 | 도착  34 | 2홉+ 0.51 | 도달  782 | 차단  516
Ep 699 | 배송 30/50 | 재적재 4 | 도착  30 | 2홉+ 0.54 | 도달  716 | 차단  471
Ep 700 | 배송 24/50 | 재적재 2 | 도착  26 | 2홉+ 0.59 | 도달  704 | 차단  492
  [홀드아웃] 배송 15.2±7.4 재적재 1.0 2홉+ 0.60 | 최고 28.3@ep450 정체 5/15
Ep 701 | 배송 16/50 | 재적재 1 | 도착  19 | 2홉+ 0.49 | 도달  625 | 차단  440
Ep 702 | 배송 22/50 | 재적재 2 | 도착  25 | 2홉+ 0.52 | 도달  718 | 차단  416
Ep 703 | 배송 26/50 | 재적재 4 | 도착  29 | 2홉+ 0.63 | 도달  669 | 차단  589
Ep 704 | 배송 25/50 | 재적재 4 | 도착  28 | 2홉+ 0.55 | 도달  765 | 차단  414
Ep 705 | 배송 28/50 | 재적재 4 | 도착  31 | 2홉+ 0.58 | 도달  659 | 차단  713
Ep 706 | 배송 31/50 | 재적재 5 | 도착  37 | 2홉+ 0.57 | 도달  766 | 차단  460
Ep 707 | 배송 23/50 | 재적재 3 | 도착  25 | 2홉+ 0.57 | 도달  728 | 차단  914
Ep 708 | 배송 28/50 | 재적재 3 | 도착  31 | 2홉+ 0.65 | 도달  755 | 차단  690
Ep 709 | 배송 26/50 | 재적재 4 | 도착  32 | 2홉+ 0.54 | 도달  772 | 차단  633
Ep 710 | 배송 28/50 | 재적재 4 | 도착  28 | 2홉+ 0.60 | 도달  712 | 차단  513
Ep 711 | 배송 22/50 | 재적재 2 | 도착  24 | 2홉+ 0.66 | 도달  890 | 차단 1030
Ep 712 | 배송 24/50 | 재적재 2 | 도착  21 | 2홉+ 0.64 | 도달  782 | 차단  315
Ep 713 | 배송 18/50 | 재적재 1 | 도착  20 | 2홉+ 0.56 | 도달  769 | 차단  394
Ep 714 | 배송 27/50 | 재적재 4 | 도착  30 | 2홉+ 0.61 | 도달  678 | 차단  399
Ep 715 | 배송 25/50 | 재적재 4 | 도착  31 | 2홉+ 0.64 | 도달  732 | 차단  464
Ep 716 | 배송 22/50 | 재적재 4 | 도착  26 | 2홉+ 0.54 | 도달  714 | 차단  899
Ep 717 | 배송 24/50 | 재적재 2 | 도착  26 | 2홉+ 0.61 | 도달  785 | 차단  300
Ep 718 | 배송 28/50 | 재적재 3 | 도착  27 | 2홉+ 0.63 | 도달  777 | 차단  846
Ep 719 | 배송 21/50 | 재적재 2 | 도착  23 | 2홉+ 0.57 | 도달  570 | 차단  870
Ep 720 | 배송 26/50 | 재적재 4 | 도착  30 | 2홉+ 0.58 | 도달  715 | 차단  785
Ep 721 | 배송 28/50 | 재적재 3 | 도착  31 | 2홉+ 0.62 | 도달  900 | 차단  741
Ep 722 | 배송 31/50 | 재적재 4 | 도착  32 | 2홉+ 0.58 | 도달  795 | 차단  943
Ep 723 | 배송 26/50 | 재적재 3 | 도착  29 | 2홉+ 0.59 | 도달  717 | 차단  845
Ep 724 | 배송 26/50 | 재적재 2 | 도착  27 | 2홉+ 0.65 | 도달  853 | 차단  809
Ep 725 | 배송 33/50 | 재적재 4 | 도착  34 | 2홉+ 0.61 | 도달  812 | 차단  681
Ep 726 | 배송 28/50 | 재적재 3 | 도착  31 | 2홉+ 0.64 | 도달  765 | 차단  861
Ep 727 | 배송 24/50 | 재적재 3 | 도착  27 | 2홉+ 0.65 | 도달  805 | 차단 1539
Ep 728 | 배송 23/50 | 재적재 3 | 도착  22 | 2홉+ 0.58 | 도달  668 | 차단  516
Ep 729 | 배송 22/50 | 재적재 3 | 도착  26 | 2홉+ 0.56 | 도달  753 | 차단  484
Ep 730 | 배송 27/50 | 재적재 3 | 도착  30 | 2홉+ 0.65 | 도달  712 | 차단  573
Ep 731 | 배송 25/50 | 재적재 2 | 도착  23 | 2홉+ 0.61 | 도달  711 | 차단  546
Ep 732 | 배송 25/50 | 재적재 4 | 도착  27 | 2홉+ 0.62 | 도달  795 | 차단  659
Ep 733 | 배송 25/50 | 재적재 2 | 도착  23 | 2홉+ 0.60 | 도달  799 | 차단  669
Ep 734 | 배송 26/50 | 재적재 5 | 도착  31 | 2홉+ 0.60 | 도달  769 | 차단  631
Ep 735 | 배송 21/50 | 재적재 2 | 도착  24 | 2홉+ 0.67 | 도달  640 | 차단  851
Ep 736 | 배송 24/50 | 재적재 2 | 도착  26 | 2홉+ 0.65 | 도달  717 | 차단  505
Ep 737 | 배송 27/50 | 재적재 3 | 도착  30 | 2홉+ 0.63 | 도달  725 | 차단  890
Ep 738 | 배송 30/50 | 재적재 4 | 도착  31 | 2홉+ 0.62 | 도달  962 | 차단  826
Ep 739 | 배송 24/50 | 재적재 3 | 도착  27 | 2홉+ 0.58 | 도달  793 | 차단  737
Ep 740 | 배송 28/50 | 재적재 4 | 도착  30 | 2홉+ 0.59 | 도달  788 | 차단  799
Ep 741 | 배송 22/50 | 재적재 2 | 도착  23 | 2홉+ 0.56 | 도달  668 | 차단  948
Ep 742 | 배송 25/50 | 재적재 4 | 도착  29 | 2홉+ 0.59 | 도달  655 | 차단  705
Ep 743 | 배송 16/50 | 재적재 0 | 도착  19 | 2홉+ 0.50 | 도달  623 | 차단  894
Ep 744 | 배송 21/50 | 재적재 3 | 도착  24 | 2홉+ 0.63 | 도달  778 | 차단  529
Ep 745 | 배송 24/50 | 재적재 3 | 도착  27 | 2홉+ 0.68 | 도달  782 | 차단  527
Ep 746 | 배송 21/50 | 재적재 2 | 도착  22 | 2홉+ 0.63 | 도달  686 | 차단  198
Ep 747 | 배송 28/50 | 재적재 3 | 도착  29 | 2홉+ 0.64 | 도달  759 | 차단  513
Ep 748 | 배송 23/50 | 재적재 2 | 도착  23 | 2홉+ 0.60 | 도달  714 | 차단  291
Ep 749 | 배송 14/50 | 재적재 0 | 도착  15 | 2홉+ 0.70 | 도달  569 | 차단 1036
Ep 750 | 배송 21/50 | 재적재 2 | 도착  25 | 2홉+ 0.64 | 도달  689 | 차단  444
  [홀드아웃] 배송 10.8±4.6 재적재 0.5 2홉+ 0.68 | 최고 28.3@ep450 정체 6/15
Ep 751 | 배송 30/50 | 재적재 4 | 도착  35 | 2홉+ 0.56 | 도달  714 | 차단  236
Ep 752 | 배송 25/50 | 재적재 3 | 도착  25 | 2홉+ 0.65 | 도달  611 | 차단  354
Ep 753 | 배송 26/50 | 재적재 4 | 도착  29 | 2홉+ 0.58 | 도달  754 | 차단  465
Ep 754 | 배송  8/50 | 재적재 0 | 도착   9 | 2홉+ 0.72 | 도달  436 | 차단  903
Ep 755 | 배송  8/50 | 재적재 0 | 도착   8 | 2홉+ 0.72 | 도달  406 | 차단  928
Ep 756 | 배송  8/50 | 재적재 0 | 도착   8 | 2홉+ 0.71 | 도달  492 | 차단  901
Ep 757 | 배송 27/50 | 재적재 3 | 도착  28 | 2홉+ 0.65 | 도달  786 | 차단  691
Ep 758 | 배송  8/50 | 재적재 0 | 도착  10 | 2홉+ 0.72 | 도달  409 | 차단  776
Ep 759 | 배송  8/50 | 재적재 0 | 도착   6 | 2홉+ 0.71 | 도달  433 | 차단  721
Ep 760 | 배송  8/50 | 재적재 0 | 도착  12 | 2홉+ 0.71 | 도달  408 | 차단  672
Ep 761 | 배송 18/50 | 재적재 2 | 도착  17 | 2홉+ 0.62 | 도달  589 | 차단  522
Ep 762 | 배송 26/50 | 재적재 3 | 도착  26 | 2홉+ 0.60 | 도달  737 | 차단  282
Ep 763 | 배송 19/50 | 재적재 3 | 도착  22 | 2홉+ 0.59 | 도달  660 | 차단  777
Ep 764 | 배송 20/50 | 재적재 1 | 도착  23 | 2홉+ 0.61 | 도달  659 | 차단  612
Ep 765 | 배송 18/50 | 재적재 2 | 도착  20 | 2홉+ 0.63 | 도달  721 | 차단  180
Ep 766 | 배송 21/50 | 재적재 1 | 도착  20 | 2홉+ 0.64 | 도달  725 | 차단 1138
Ep 767 | 배송 18/50 | 재적재 1 | 도착  20 | 2홉+ 0.59 | 도달  602 | 차단  406
Ep 768 | 배송 18/50 | 재적재 3 | 도착  20 | 2홉+ 0.65 | 도달  647 | 차단  363
Ep 769 | 배송 23/50 | 재적재 3 | 도착  24 | 2홉+ 0.58 | 도달  698 | 차단  466
Ep 770 | 배송  8/50 | 재적재 0 | 도착  10 | 2홉+ 0.58 | 도달  519 | 차단    2
Ep 771 | 배송  8/50 | 재적재 0 | 도착   8 | 2홉+ 0.35 | 도달  540 | 차단    3
Ep 772 | 배송 14/50 | 재적재 1 | 도착  15 | 2홉+ 0.55 | 도달  598 | 차단  194
Ep 773 | 배송 14/50 | 재적재 0 | 도착  17 | 2홉+ 0.43 | 도달  681 | 차단  131
Ep 774 | 배송 23/50 | 재적재 2 | 도착  25 | 2홉+ 0.60 | 도달  632 | 차단  525
Ep 775 | 배송 18/50 | 재적재 1 | 도착  18 | 2홉+ 0.66 | 도달  734 | 차단  943
Ep 776 | 배송 25/50 | 재적재 4 | 도착  26 | 2홉+ 0.51 | 도달  665 | 차단  268
Ep 777 | 배송 23/50 | 재적재 2 | 도착  25 | 2홉+ 0.57 | 도달  645 | 차단  336
Ep 778 | 배송 21/50 | 재적재 1 | 도착  23 | 2홉+ 0.67 | 도달  652 | 차단  634
Ep 779 | 배송 24/50 | 재적재 2 | 도착  24 | 2홉+ 0.62 | 도달  604 | 차단  261
Ep 780 | 배송  8/50 | 재적재 0 | 도착  10 | 2홉+ 0.49 | 도달  527 | 차단   41
Ep 781 | 배송  8/50 | 재적재 0 | 도착  12 | 2홉+ 0.69 | 도달  423 | 차단  129
Ep 782 | 배송 20/50 | 재적재 2 | 도착  23 | 2홉+ 0.62 | 도달  648 | 차단 1383
Ep 783 | 배송  8/50 | 재적재 0 | 도착  11 | 2홉+ 0.69 | 도달  507 | 차단   57
Ep 784 | 배송  8/50 | 재적재 0 | 도착  10 | 2홉+ 0.70 | 도달  465 | 차단    2
Ep 785 | 배송  8/50 | 재적재 0 | 도착  10 | 2홉+ 0.72 | 도달  401 | 차단   40
Ep 786 | 배송  8/50 | 재적재 0 | 도착  10 | 2홉+ 0.71 | 도달  405 | 차단  319
Ep 787 | 배송  8/50 | 재적재 0 | 도착  11 | 2홉+ 0.71 | 도달  390 | 차단  145
Ep 788 | 배송  8/50 | 재적재 0 | 도착   9 | 2홉+ 0.71 | 도달  404 | 차단  381
Ep 789 | 배송  8/50 | 재적재 0 | 도착   8 | 2홉+ 0.70 | 도달  394 | 차단  403
Ep 790 | 배송  8/50 | 재적재 0 | 도착   9 | 2홉+ 0.63 | 도달  389 | 차단  258
Ep 791 | 배송 13/50 | 재적재 0 | 도착  14 | 2홉+ 0.68 | 도달  532 | 차단  406
Ep 792 | 배송  8/50 | 재적재 0 | 도착  11 | 2홉+ 0.59 | 도달  414 | 차단  289
Ep 793 | 배송  8/50 | 재적재 0 | 도착  13 | 2홉+ 0.64 | 도달  415 | 차단  294
Ep 794 | 배송  8/50 | 재적재 0 | 도착  10 | 2홉+ 0.62 | 도달  413 | 차단  390
Ep 795 | 배송  8/50 | 재적재 0 | 도착  12 | 2홉+ 0.65 | 도달  393 | 차단  367
Ep 796 | 배송  8/50 | 재적재 0 | 도착  10 | 2홉+ 0.66 | 도달  410 | 차단  405
Ep 797 | 배송 19/50 | 재적재 0 | 도착  20 | 2홉+ 0.65 | 도달  899 | 차단  721
Ep 798 | 배송 14/50 | 재적재 0 | 도착  15 | 2홉+ 0.66 | 도달  599 | 차단  714
Ep 799 | 배송 15/50 | 재적재 0 | 도착  15 | 2홉+ 0.68 | 도달  576 | 차단  465
Ep 800 | 배송  9/50 | 재적재 0 | 도착  10 | 2홉+ 0.68 | 도달  505 | 차단  531
  [홀드아웃] 배송 13.0±6.1 재적재 0.7 2홉+ 0.62 | 최고 28.3@ep450 정체 7/15
Ep 801 | 배송 10/50 | 재적재 0 | 도착  11 | 2홉+ 0.66 | 도달  556 | 차단  517
Ep 802 | 배송 17/50 | 재적재 0 | 도착  16 | 2홉+ 0.62 | 도달  702 | 차단 1029
Ep 803 | 배송 10/50 | 재적재 0 | 도착  13 | 2홉+ 0.58 | 도달  554 | 차단  212
Ep 804 | 배송  9/50 | 재적재 0 | 도착  11 | 2홉+ 0.62 | 도달  529 | 차단  269
Ep 805 | 배송  9/50 | 재적재 0 | 도착  11 | 2홉+ 0.65 | 도달  539 | 차단  348
Ep 806 | 배송 18/50 | 재적재 0 | 도착  17 | 2홉+ 0.64 | 도달  836 | 차단 1053
Ep 807 | 배송 15/50 | 재적재 1 | 도착  14 | 2홉+ 0.59 | 도달  642 | 차단 1181
Ep 808 | 배송 22/50 | 재적재 3 | 도착  27 | 2홉+ 0.50 | 도달  850 | 차단  888
Ep 809 | 배송 23/50 | 재적재 2 | 도착  25 | 2홉+ 0.50 | 도달  669 | 차단  270
Ep 810 | 배송 20/50 | 재적재 1 | 도착  19 | 2홉+ 0.59 | 도달  751 | 차단  625
Ep 811 | 배송 25/50 | 재적재 2 | 도착  22 | 2홉+ 0.63 | 도달  761 | 차단  638
Ep 812 | 배송 23/50 | 재적재 3 | 도착  25 | 2홉+ 0.64 | 도달  735 | 차단 1197
Ep 813 | 배송 20/50 | 재적재 3 | 도착  22 | 2홉+ 0.63 | 도달  683 | 차단  306
Ep 814 | 배송 25/50 | 재적재 4 | 도착  28 | 2홉+ 0.56 | 도달  754 | 차단  760
Ep 815 | 배송 23/50 | 재적재 3 | 도착  29 | 2홉+ 0.58 | 도달  783 | 차단  692
Ep 816 | 배송 18/50 | 재적재 1 | 도착  16 | 2홉+ 0.42 | 도달  652 | 차단  367
Ep 817 | 배송 24/50 | 재적재 3 | 도착  24 | 2홉+ 0.58 | 도달  636 | 차단  513
Ep 818 | 배송 19/50 | 재적재 2 | 도착  17 | 2홉+ 0.63 | 도달  677 | 차단  636
Ep 819 | 배송 25/50 | 재적재 3 | 도착  27 | 2홉+ 0.53 | 도달  721 | 차단  638
Ep 820 | 배송 15/50 | 재적재 1 | 도착  12 | 2홉+ 0.49 | 도달  612 | 차단  591
Ep 821 | 배송 18/50 | 재적재 1 | 도착  19 | 2홉+ 0.64 | 도달  655 | 차단  597
Ep 822 | 배송 21/50 | 재적재 2 | 도착  20 | 2홉+ 0.67 | 도달  836 | 차단  649
Ep 823 | 배송  9/50 | 재적재 0 | 도착  10 | 2홉+ 0.70 | 도달  520 | 차단  493
Ep 824 | 배송 18/50 | 재적재 2 | 도착  20 | 2홉+ 0.54 | 도달  768 | 차단  864
Ep 825 | 배송 14/50 | 재적재 1 | 도착  14 | 2홉+ 0.56 | 도달  630 | 차단  421
Ep 826 | 배송 14/50 | 재적재 0 | 도착  16 | 2홉+ 0.71 | 도달  680 | 차단  738
Ep 827 | 배송 16/50 | 재적재 1 | 도착  20 | 2홉+ 0.68 | 도달  694 | 차단  465
Ep 828 | 배송 15/50 | 재적재 2 | 도착  15 | 2홉+ 0.62 | 도달  618 | 차단  351
Ep 829 | 배송 20/50 | 재적재 1 | 도착  21 | 2홉+ 0.59 | 도달  667 | 차단  302
Ep 830 | 배송 19/50 | 재적재 1 | 도착  19 | 2홉+ 0.61 | 도달  653 | 차단  473
Ep 831 | 배송 13/50 | 재적재 0 | 도착  11 | 2홉+ 0.60 | 도달  550 | 차단  303
Ep 832 | 배송  8/50 | 재적재 0 | 도착   8 | 2홉+ 0.70 | 도달  424 | 차단  863
Ep 833 | 배송 17/50 | 재적재 1 | 도착  15 | 2홉+ 0.53 | 도달  730 | 차단 1002
Ep 834 | 배송  8/50 | 재적재 0 | 도착  13 | 2홉+ 0.72 | 도달  393 | 차단  925
Ep 835 | 배송  7/50 | 재적재 0 | 도착   8 | 2홉+ 0.72 | 도달  400 | 차단  645
Ep 836 | 배송  8/50 | 재적재 0 | 도착  10 | 2홉+ 0.72 | 도달  395 | 차단  673
Ep 837 | 배송  8/50 | 재적재 0 | 도착   8 | 2홉+ 0.71 | 도달  393 | 차단  925
Ep 838 | 배송  8/50 | 재적재 0 | 도착   8 | 2홉+ 0.71 | 도달  387 | 차단  843
Ep 839 | 배송  8/50 | 재적재 0 | 도착   8 | 2홉+ 0.71 | 도달  389 | 차단  780
Ep 840 | 배송  7/50 | 재적재 0 | 도착   9 | 2홉+ 0.69 | 도달  409 | 차단  743
Ep 841 | 배송  8/50 | 재적재 0 | 도착  10 | 2홉+ 0.71 | 도달  411 | 차단  421
Ep 842 | 배송  8/50 | 재적재 0 | 도착  11 | 2홉+ 0.71 | 도달  392 | 차단  745
Ep 843 | 배송 11/50 | 재적재 0 | 도착  10 | 2홉+ 0.71 | 도달  524 | 차단  990
Ep 844 | 배송 18/50 | 재적재 2 | 도착  18 | 2홉+ 0.59 | 도달  607 | 차단  603
Ep 845 | 배송  9/50 | 재적재 0 | 도착   8 | 2홉+ 0.70 | 도달  512 | 차단  541
Ep 846 | 배송 17/50 | 재적재 1 | 도착  17 | 2홉+ 0.54 | 도달  549 | 차단  343
Ep 847 | 배송 18/50 | 재적재 2 | 도착  15 | 2홉+ 0.52 | 도달  711 | 차단  497
Ep 848 | 배송 18/50 | 재적재 1 | 도착  19 | 2홉+ 0.53 | 도달  722 | 차단  875
Ep 849 | 배송 17/50 | 재적재 0 | 도착  17 | 2홉+ 0.55 | 도달  701 | 차단 1034
Ep 850 | 배송 19/50 | 재적재 3 | 도착  22 | 2홉+ 0.40 | 도달  559 | 차단  404
  [홀드아웃] 배송 9.7±2.1 재적재 0.2 2홉+ 0.57 | 최고 28.3@ep450 정체 8/15
Ep 851 | 배송  8/50 | 재적재 0 | 도착   9 | 2홉+ 0.70 | 도달  389 | 차단  489
Ep 852 | 배송 22/50 | 재적재 3 | 도착  26 | 2홉+ 0.51 | 도달  665 | 차단  629
Ep 853 | 배송 21/50 | 재적재 2 | 도착  17 | 2홉+ 0.51 | 도달  610 | 차단  399
Ep 854 | 배송 11/50 | 재적재 0 | 도착  12 | 2홉+ 0.63 | 도달  590 | 차단  582
Ep 855 | 배송  7/50 | 재적재 0 | 도착   9 | 2홉+ 0.71 | 도달  404 | 차단  269
Ep 856 | 배송 17/50 | 재적재 3 | 도착  20 | 2홉+ 0.56 | 도달  590 | 차단  606
Ep 857 | 배송 11/50 | 재적재 0 | 도착  12 | 2홉+ 0.69 | 도달  523 | 차단  484
Ep 858 | 배송 18/50 | 재적재 1 | 도착  17 | 2홉+ 0.55 | 도달  610 | 차단 1293
Ep 859 | 배송 17/50 | 재적재 0 | 도착  17 | 2홉+ 0.67 | 도달  896 | 차단 1747
Ep 860 | 배송  9/50 | 재적재 0 | 도착  12 | 2홉+ 0.65 | 도달  530 | 차단  626
Ep 861 | 배송 15/50 | 재적재 0 | 도착  12 | 2홉+ 0.61 | 도달  611 | 차단  482
Ep 862 | 배송  9/50 | 재적재 0 | 도착  11 | 2홉+ 0.67 | 도달  517 | 차단  573
Ep 863 | 배송 14/50 | 재적재 0 | 도착  14 | 2홉+ 0.41 | 도달  688 | 차단  533
Ep 864 | 배송 14/50 | 재적재 0 | 도착  14 | 2홉+ 0.42 | 도달  600 | 차단  495
Ep 865 | 배송 16/50 | 재적재 2 | 도착  15 | 2홉+ 0.47 | 도달  578 | 차단 1032
Ep 866 | 배송 14/50 | 재적재 1 | 도착  17 | 2홉+ 0.52 | 도달  546 | 차단  755
Ep 867 | 배송 12/50 | 재적재 1 | 도착  12 | 2홉+ 0.53 | 도달  558 | 차단  551
Ep 868 | 배송 14/50 | 재적재 0 | 도착  15 | 2홉+ 0.70 | 도달  580 | 차단  538
Ep 869 | 배송  9/50 | 재적재 0 | 도착  11 | 2홉+ 0.63 | 도달  514 | 차단  468
Ep 870 | 배송 15/50 | 재적재 1 | 도착  16 | 2홉+ 0.48 | 도달  553 | 차단  386
Ep 871 | 배송 17/50 | 재적재 1 | 도착  15 | 2홉+ 0.56 | 도달  724 | 차단 1815
Ep 872 | 배송 14/50 | 재적재 0 | 도착  16 | 2홉+ 0.42 | 도달  641 | 차단 1005
Ep 873 | 배송  9/50 | 재적재 0 | 도착   7 | 2홉+ 0.71 | 도달  462 | 차단  654
Ep 874 | 배송 15/50 | 재적재 0 | 도착  14 | 2홉+ 0.52 | 도달  644 | 차단  389
Ep 875 | 배송 16/50 | 재적재 0 | 도착  18 | 2홉+ 0.54 | 도달  599 | 차단 1115
Ep 876 | 배송 17/50 | 재적재 0 | 도착  16 | 2홉+ 0.63 | 도달  688 | 차단 1264
Ep 877 | 배송  9/50 | 재적재 0 | 도착   9 | 2홉+ 0.50 | 도달  466 | 차단  632
Ep 878 | 배송  9/50 | 재적재 0 | 도착  12 | 2홉+ 0.57 | 도달  531 | 차단  840
Ep 879 | 배송 16/50 | 재적재 2 | 도착  16 | 2홉+ 0.51 | 도달  581 | 차단  981
Ep 880 | 배송 10/50 | 재적재 0 | 도착  11 | 2홉+ 0.59 | 도달  551 | 차단  559
Ep 881 | 배송 12/50 | 재적재 1 | 도착  14 | 2홉+ 0.30 | 도달  562 | 차단  456
Ep 882 | 배송 20/50 | 재적재 0 | 도착  19 | 2홉+ 0.60 | 도달  682 | 차단  284
Ep 883 | 배송  9/50 | 재적재 0 | 도착   9 | 2홉+ 0.64 | 도달  547 | 차단  565
Ep 884 | 배송 12/50 | 재적재 0 | 도착  12 | 2홉+ 0.66 | 도달  629 | 차단 1332
Ep 885 | 배송 13/50 | 재적재 0 | 도착  13 | 2홉+ 0.53 | 도달  668 | 차단  508
Ep 886 | 배송 14/50 | 재적재 1 | 도착  13 | 2홉+ 0.53 | 도달  578 | 차단 1012
Ep 887 | 배송 15/50 | 재적재 0 | 도착  14 | 2홉+ 0.47 | 도달  517 | 차단  587
Ep 888 | 배송 12/50 | 재적재 0 | 도착  10 | 2홉+ 0.69 | 도달  622 | 차단  499
Ep 889 | 배송 15/50 | 재적재 1 | 도착  18 | 2홉+ 0.48 | 도달  562 | 차단  914
Ep 890 | 배송 13/50 | 재적재 0 | 도착  13 | 2홉+ 0.66 | 도달  598 | 차단  573
Ep 891 | 배송 13/50 | 재적재 1 | 도착  16 | 2홉+ 0.48 | 도달  589 | 차단  718
Ep 892 | 배송 18/50 | 재적재 1 | 도착  18 | 2홉+ 0.51 | 도달  634 | 차단  382
Ep 893 | 배송 13/50 | 재적재 0 | 도착  15 | 2홉+ 0.53 | 도달  626 | 차단  327
Ep 894 | 배송 11/50 | 재적재 0 | 도착  12 | 2홉+ 0.59 | 도달  617 | 차단 1554
Ep 895 | 배송 16/50 | 재적재 1 | 도착  19 | 2홉+ 0.58 | 도달  755 | 차단  674
Ep 896 | 배송 14/50 | 재적재 0 | 도착  12 | 2홉+ 0.58 | 도달  617 | 차단  506
Ep 897 | 배송 18/50 | 재적재 1 | 도착  19 | 2홉+ 0.63 | 도달  709 | 차단 1436
Ep 898 | 배송 15/50 | 재적재 0 | 도착  14 | 2홉+ 0.40 | 도달  526 | 차단  385
Ep 899 | 배송 19/50 | 재적재 0 | 도착  18 | 2홉+ 0.62 | 도달  691 | 차단  501
Ep 900 | 배송 17/50 | 재적재 1 | 도착  19 | 2홉+ 0.55 | 도달  619 | 차단  883
  [홀드아웃] 배송 9.7±2.9 재적재 0.0 2홉+ 0.68 | 최고 28.3@ep450 정체 9/15
Ep 901 | 배송 17/50 | 재적재 1 | 도착  15 | 2홉+ 0.56 | 도달  772 | 차단  728
Ep 902 | 배송 16/50 | 재적재 2 | 도착  17 | 2홉+ 0.50 | 도달  628 | 차단  715
Ep 903 | 배송 12/50 | 재적재 0 | 도착  12 | 2홉+ 0.69 | 도달  552 | 차단  842
Ep 904 | 배송 14/50 | 재적재 0 | 도착  16 | 2홉+ 0.70 | 도달  653 | 차단  854
Ep 905 | 배송 16/50 | 재적재 0 | 도착  14 | 2홉+ 0.65 | 도달  755 | 차단 1689
Ep 906 | 배송 18/50 | 재적재 1 | 도착  21 | 2홉+ 0.66 | 도달  706 | 차단 1468
Ep 907 | 배송 16/50 | 재적재 1 | 도착  17 | 2홉+ 0.60 | 도달  613 | 차단 1688
Ep 908 | 배송  9/50 | 재적재 0 | 도착   9 | 2홉+ 0.67 | 도달  562 | 차단  552
Ep 909 | 배송 15/50 | 재적재 1 | 도착  14 | 2홉+ 0.45 | 도달  635 | 차단  961
Ep 910 | 배송 16/50 | 재적재 0 | 도착  12 | 2홉+ 0.64 | 도달  705 | 차단  866
Ep 911 | 배송 17/50 | 재적재 2 | 도착  15 | 2홉+ 0.51 | 도달  749 | 차단 1438
Ep 912 | 배송 13/50 | 재적재 0 | 도착  13 | 2홉+ 0.66 | 도달  738 | 차단 1638
Ep 913 | 배송 16/50 | 재적재 0 | 도착  16 | 2홉+ 0.64 | 도달  686 | 차단 1743
Ep 914 | 배송 15/50 | 재적재 0 | 도착  14 | 2홉+ 0.67 | 도달  675 | 차단 1819
Ep 915 | 배송 14/50 | 재적재 0 | 도착  13 | 2홉+ 0.59 | 도달  774 | 차단 2074
Ep 916 | 배송 12/50 | 재적재 0 | 도착  11 | 2홉+ 0.63 | 도달  928 | 차단 2131
Ep 917 | 배송 13/50 | 재적재 0 | 도착  10 | 2홉+ 0.69 | 도달  567 | 차단  349
Ep 918 | 배송 17/50 | 재적재 1 | 도착  14 | 2홉+ 0.58 | 도달  768 | 차단 1305
Ep 919 | 배송 17/50 | 재적재 1 | 도착  18 | 2홉+ 0.64 | 도달  739 | 차단 1961
Ep 920 | 배송 16/50 | 재적재 2 | 도착  17 | 2홉+ 0.53 | 도달  753 | 차단 1069
Ep 921 | 배송 18/50 | 재적재 0 | 도착  16 | 2홉+ 0.66 | 도달  797 | 차단 1238
Ep 922 | 배송 15/50 | 재적재 1 | 도착  14 | 2홉+ 0.60 | 도달  684 | 차단 1996
Ep 923 | 배송 10/50 | 재적재 0 | 도착  11 | 2홉+ 0.70 | 도달  612 | 차단 1000
Ep 924 | 배송 16/50 | 재적재 2 | 도착  15 | 2홉+ 0.49 | 도달  649 | 차단  950
Ep 925 | 배송 16/50 | 재적재 0 | 도착  13 | 2홉+ 0.70 | 도달  816 | 차단 1917
Ep 926 | 배송 16/50 | 재적재 0 | 도착  11 | 2홉+ 0.65 | 도달  682 | 차단 1059
Ep 927 | 배송 15/50 | 재적재 0 | 도착  15 | 2홉+ 0.71 | 도달  762 | 차단 1944
Ep 928 | 배송 12/50 | 재적재 0 | 도착  13 | 2홉+ 0.64 | 도달  551 | 차단  907
Ep 929 | 배송 12/50 | 재적재 0 | 도착  12 | 2홉+ 0.67 | 도달  685 | 차단  429
Ep 930 | 배송 14/50 | 재적재 0 | 도착  12 | 2홉+ 0.32 | 도달  598 | 차단  445
Ep 931 | 배송 17/50 | 재적재 1 | 도착  15 | 2홉+ 0.50 | 도달  890 | 차단  907
Ep 932 | 배송 14/50 | 재적재 0 | 도착  14 | 2홉+ 0.68 | 도달  767 | 차단 1011
Ep 933 | 배송  8/50 | 재적재 0 | 도착  11 | 2홉+ 0.69 | 도달  506 | 차단  394
Ep 934 | 배송  8/50 | 재적재 0 | 도착   8 | 2홉+ 0.71 | 도달  400 | 차단  369
Ep 935 | 배송  9/50 | 재적재 0 | 도착  11 | 2홉+ 0.72 | 도달  480 | 차단  738
Ep 936 | 배송  8/50 | 재적재 0 | 도착   8 | 2홉+ 0.71 | 도달  396 | 차단  872
Ep 937 | 배송 13/50 | 재적재 0 | 도착  11 | 2홉+ 0.58 | 도달  678 | 차단  406
Ep 938 | 배송 15/50 | 재적재 0 | 도착  18 | 2홉+ 0.61 | 도달  761 | 차단  330
Ep 939 | 배송  9/50 | 재적재 0 | 도착  10 | 2홉+ 0.71 | 도달  523 | 차단  602
Ep 940 | 배송  9/50 | 재적재 0 | 도착  10 | 2홉+ 0.70 | 도달  511 | 차단  551
Ep 941 | 배송 16/50 | 재적재 0 | 도착  12 | 2홉+ 0.67 | 도달  814 | 차단  845
Ep 942 | 배송 11/50 | 재적재 0 | 도착  10 | 2홉+ 0.69 | 도달  559 | 차단  578
Ep 943 | 배송 10/50 | 재적재 0 | 도착   9 | 2홉+ 0.70 | 도달  463 | 차단 1411
Ep 944 | 배송 10/50 | 재적재 0 | 도착   9 | 2홉+ 0.68 | 도달  516 | 차단  210
Ep 945 | 배송 17/50 | 재적재 1 | 도착  17 | 2홉+ 0.66 | 도달  702 | 차단 1086
Ep 946 | 배송 13/50 | 재적재 0 | 도착  13 | 2홉+ 0.66 | 도달  642 | 차단  964
Ep 947 | 배송 13/50 | 재적재 1 | 도착  17 | 2홉+ 0.68 | 도달  614 | 차단  832
Ep 948 | 배송 17/50 | 재적재 0 | 도착  17 | 2홉+ 0.71 | 도달  778 | 차단  911
Ep 949 | 배송 11/50 | 재적재 0 | 도착  11 | 2홉+ 0.55 | 도달  649 | 차단  568
Ep 950 | 배송  8/50 | 재적재 0 | 도착   8 | 2홉+ 0.63 | 도달  461 | 차단  310
  [홀드아웃] 배송 8.3±1.6 재적재 0.0 2홉+ 0.64 | 최고 28.3@ep450 정체 10/15
Ep 951 | 배송  8/50 | 재적재 0 | 도착  11 | 2홉+ 0.68 | 도달  474 | 차단  324
Ep 952 | 배송  8/50 | 재적재 0 | 도착  10 | 2홉+ 0.70 | 도달  490 | 차단  248
Ep 953 | 배송 16/50 | 재적재 0 | 도착  17 | 2홉+ 0.53 | 도달  672 | 차단 1218
Ep 954 | 배송 14/50 | 재적재 0 | 도착  17 | 2홉+ 0.71 | 도달  875 | 차단 1596
Ep 955 | 배송  9/50 | 재적재 0 | 도착  11 | 2홉+ 0.71 | 도달  476 | 차단  613
Ep 956 | 배송 11/50 | 재적재 0 | 도착  13 | 2홉+ 0.60 | 도달  527 | 차단  230
Ep 957 | 배송 16/50 | 재적재 0 | 도착  14 | 2홉+ 0.67 | 도달  667 | 차단  357
Ep 958 | 배송  8/50 | 재적재 0 | 도착   9 | 2홉+ 0.68 | 도달  443 | 차단   40
Ep 959 | 배송  8/50 | 재적재 0 | 도착  10 | 2홉+ 0.69 | 도달  447 | 차단   93
Ep 960 | 배송 17/50 | 재적재 0 | 도착  17 | 2홉+ 0.68 | 도달  954 | 차단 1730
Ep 961 | 배송 13/50 | 재적재 0 | 도착  14 | 2홉+ 0.40 | 도달  819 | 차단 1108
Ep 962 | 배송 15/50 | 재적재 0 | 도착  15 | 2홉+ 0.62 | 도달  572 | 차단  246
Ep 963 | 배송  9/50 | 재적재 0 | 도착  10 | 2홉+ 0.65 | 도달  441 | 차단  110
Ep 964 | 배송  8/50 | 재적재 0 | 도착   9 | 2홉+ 0.67 | 도달  457 | 차단  305
Ep 965 | 배송  8/50 | 재적재 0 | 도착   9 | 2홉+ 0.70 | 도달  465 | 차단  296
Ep 966 | 배송  8/50 | 재적재 0 | 도착  10 | 2홉+ 0.69 | 도달  422 | 차단  399
Ep 967 | 배송  8/50 | 재적재 0 | 도착   9 | 2홉+ 0.71 | 도달  412 | 차단  377
Ep 968 | 배송 15/50 | 재적재 1 | 도착  15 | 2홉+ 0.56 | 도달  649 | 차단  909
Ep 969 | 배송 13/50 | 재적재 0 | 도착  13 | 2홉+ 0.71 | 도달  803 | 차단 2714
Ep 970 | 배송 17/50 | 재적재 0 | 도착  16 | 2홉+ 0.57 | 도달  657 | 차단  991
Ep 971 | 배송  8/50 | 재적재 0 | 도착   9 | 2홉+ 0.72 | 도달  394 | 차단  715
Ep 972 | 배송  8/50 | 재적재 0 | 도착  12 | 2홉+ 0.71 | 도달  406 | 차단  772
Ep 973 | 배송  8/50 | 재적재 0 | 도착   9 | 2홉+ 0.71 | 도달  441 | 차단  564
Ep 974 | 배송 10/50 | 재적재 0 | 도착  10 | 2홉+ 0.63 | 도달  740 | 차단  725
Ep 975 | 배송  8/50 | 재적재 0 | 도착  11 | 2홉+ 0.70 | 도달  401 | 차단  590
Ep 976 | 배송  8/50 | 재적재 0 | 도착  10 | 2홉+ 0.69 | 도달  413 | 차단  543
Ep 977 | 배송  8/50 | 재적재 0 | 도착  10 | 2홉+ 0.69 | 도달  437 | 차단  503
Ep 978 | 배송  8/50 | 재적재 0 | 도착   9 | 2홉+ 0.59 | 도달  469 | 차단  225
Ep 979 | 배송 12/50 | 재적재 0 | 도착  13 | 2홉+ 0.30 | 도달  631 | 차단  501
Ep 980 | 배송  8/50 | 재적재 0 | 도착  11 | 2홉+ 0.65 | 도달  402 | 차단  337
Ep 981 | 배송  8/50 | 재적재 0 | 도착  12 | 2홉+ 0.69 | 도달  386 | 차단  378
Ep 982 | 배송 12/50 | 재적재 0 | 도착  14 | 2홉+ 0.39 | 도달  531 | 차단  123
Ep 983 | 배송 14/50 | 재적재 0 | 도착  16 | 2홉+ 0.66 | 도달  871 | 차단  261
Ep 984 | 배송 10/50 | 재적재 0 | 도착  11 | 2홉+ 0.62 | 도달  425 | 차단  349
Ep 985 | 배송  9/50 | 재적재 0 | 도착  10 | 2홉+ 0.58 | 도달  501 | 차단  345
Ep 986 | 배송  9/50 | 재적재 0 | 도착  12 | 2홉+ 0.50 | 도달  442 | 차단  212
Ep 987 | 배송 15/50 | 재적재 1 | 도착  18 | 2홉+ 0.46 | 도달  652 | 차단 1005
Ep 988 | 배송 11/50 | 재적재 0 | 도착  11 | 2홉+ 0.56 | 도달  638 | 차단  377
Ep 989 | 배송 14/50 | 재적재 1 | 도착  14 | 2홉+ 0.53 | 도달  770 | 차단 1723
Ep 990 | 배송 11/50 | 재적재 0 | 도착  13 | 2홉+ 0.50 | 도달  521 | 차단  334
Ep 991 | 배송 17/50 | 재적재 1 | 도착  17 | 2홉+ 0.46 | 도달  686 | 차단  531
Ep 992 | 배송 16/50 | 재적재 0 | 도착  15 | 2홉+ 0.43 | 도달  707 | 차단  891
Ep 993 | 배송  9/50 | 재적재 0 | 도착  11 | 2홉+ 0.52 | 도달  451 | 차단  218
Ep 994 | 배송  9/50 | 재적재 0 | 도착  12 | 2홉+ 0.60 | 도달  449 | 차단  325
Ep 995 | 배송  9/50 | 재적재 0 | 도착  11 | 2홉+ 0.60 | 도달  461 | 차단  488
Ep 996 | 배송  9/50 | 재적재 0 | 도착  11 | 2홉+ 0.57 | 도달  471 | 차단  339
Ep 997 | 배송  4/50 | 재적재 0 | 도착   5 | 2홉+ 0.00 | 도달  272 | 차단    0
Ep 998 | 배송 10/50 | 재적재 0 | 도착   7 | 2홉+ 0.11 | 도달  592 | 차단   90
Ep 999 | 배송  4/50 | 재적재 0 | 도착   8 | 2홉+ 0.00 | 도달  244 | 차단    0
Ep 1000 | 배송  5/50 | 재적재 0 | 도착   8 | 2홉+ 0.02 | 도달  330 | 차단    0
  [홀드아웃] 배송 8.2±4.6 재적재 0.0 2홉+ 0.48 | 최고 28.3@ep450 정체 11/15
Ep 1001 | 배송  9/50 | 재적재 0 | 도착  12 | 2홉+ 0.48 | 도달  510 | 차단  266
Ep 1002 | 배송  9/50 | 재적재 0 | 도착   7 | 2홉+ 0.47 | 도달  474 | 차단  439
Ep 1003 | 배송  9/50 | 재적재 0 | 도착  10 | 2홉+ 0.49 | 도달  502 | 차단   61
Ep 1004 | 배송 11/50 | 재적재 0 | 도착  14 | 2홉+ 0.63 | 도달  613 | 차단  772
Ep 1005 | 배송  9/50 | 재적재 0 | 도착  11 | 2홉+ 0.68 | 도달  564 | 차단  653
Ep 1006 | 배송 10/50 | 재적재 0 | 도착  13 | 2홉+ 0.66 | 도달  535 | 차단  669
Ep 1007 | 배송  9/50 | 재적재 0 | 도착  11 | 2홉+ 0.67 | 도달  481 | 차단  586
Ep 1008 | 배송 12/50 | 재적재 0 | 도착  14 | 2홉+ 0.39 | 도달  540 | 차단  175
Ep 1009 | 배송 10/50 | 재적재 0 | 도착   8 | 2홉+ 0.68 | 도달  474 | 차단 1142
Ep 1010 | 배송 15/50 | 재적재 0 | 도착  15 | 2홉+ 0.47 | 도달  597 | 차단 1731
Ep 1011 | 배송 11/50 | 재적재 0 | 도착  11 | 2홉+ 0.41 | 도달  580 | 차단  163
Ep 1012 | 배송 15/50 | 재적재 0 | 도착  14 | 2홉+ 0.47 | 도달  659 | 차단  454
Ep 1013 | 배송  8/50 | 재적재 0 | 도착   8 | 2홉+ 0.71 | 도달  455 | 차단  498
Ep 1014 | 배송 13/50 | 재적재 0 | 도착  13 | 2홉+ 0.41 | 도달  586 | 차단  481
Ep 1015 | 배송 11/50 | 재적재 0 | 도착  13 | 2홉+ 0.62 | 도달  528 | 차단  201
Ep 1016 | 배송  9/50 | 재적재 0 | 도착   9 | 2홉+ 0.69 | 도달  488 | 차단  481
Ep 1017 | 배송 17/50 | 재적재 1 | 도착  16 | 2홉+ 0.59 | 도달  672 | 차단 1053
Ep 1018 | 배송 13/50 | 재적재 0 | 도착  13 | 2홉+ 0.62 | 도달  799 | 차단 1261
Ep 1019 | 배송 10/50 | 재적재 0 | 도착  11 | 2홉+ 0.67 | 도달  464 | 차단  500
Ep 1020 | 배송 13/50 | 재적재 0 | 도착  13 | 2홉+ 0.55 | 도달  702 | 차단  798
Ep 1021 | 배송  9/50 | 재적재 0 | 도착  10 | 2홉+ 0.72 | 도달  512 | 차단  722
Ep 1022 | 배송  9/50 | 재적재 0 | 도착  12 | 2홉+ 0.69 | 도달  536 | 차단  501
Ep 1023 | 배송 10/50 | 재적재 0 | 도착  11 | 2홉+ 0.53 | 도달  699 | 차단 2611
Ep 1024 | 배송  9/50 | 재적재 0 | 도착  10 | 2홉+ 0.68 | 도달  477 | 차단  379
Ep 1025 | 배송  9/50 | 재적재 0 | 도착  10 | 2홉+ 0.70 | 도달  451 | 차단  408
Ep 1026 | 배송  9/50 | 재적재 0 | 도착   8 | 2홉+ 0.70 | 도달  498 | 차단  329
Ep 1027 | 배송 13/50 | 재적재 0 | 도착  14 | 2홉+ 0.51 | 도달  779 | 차단 1375
Ep 1028 | 배송 13/50 | 재적재 0 | 도착  14 | 2홉+ 0.61 | 도달  748 | 차단 1515
Ep 1029 | 배송 13/50 | 재적재 0 | 도착  13 | 2홉+ 0.64 | 도달  873 | 차단 1228
Ep 1030 | 배송  9/50 | 재적재 0 | 도착  10 | 2홉+ 0.68 | 도달  499 | 차단  444
Ep 1031 | 배송  8/50 | 재적재 0 | 도착  11 | 2홉+ 0.70 | 도달  388 | 차단  564
Ep 1032 | 배송  9/50 | 재적재 0 | 도착  10 | 2홉+ 0.71 | 도달  479 | 차단  581
Ep 1033 | 배송  8/50 | 재적재 0 | 도착  10 | 2홉+ 0.69 | 도달  397 | 차단  460
Ep 1034 | 배송 10/50 | 재적재 0 | 도착  11 | 2홉+ 0.56 | 도달  540 | 차단  183
Ep 1035 | 배송  8/50 | 재적재 0 | 도착  11 | 2홉+ 0.66 | 도달  446 | 차단  297
Ep 1036 | 배송 11/50 | 재적재 0 | 도착  12 | 2홉+ 0.66 | 도달  899 | 차단 2332
Ep 1037 | 배송  7/50 | 재적재 0 | 도착   8 | 2홉+ 0.61 | 도달  381 | 차단  338
Ep 1038 | 배송  8/50 | 재적재 0 | 도착  10 | 2홉+ 0.68 | 도달  397 | 차단  573
Ep 1039 | 배송  8/50 | 재적재 0 | 도착  11 | 2홉+ 0.70 | 도달  440 | 차단  735
Ep 1040 | 배송  8/50 | 재적재 0 | 도착   7 | 2홉+ 0.69 | 도달  390 | 차단  548
Ep 1041 | 배송 14/50 | 재적재 0 | 도착  16 | 2홉+ 0.63 | 도달  787 | 차단  886
Ep 1042 | 배송 14/50 | 재적재 0 | 도착  14 | 2홉+ 0.51 | 도달  834 | 차단 2034
Ep 1043 | 배송 14/50 | 재적재 0 | 도착  17 | 2홉+ 0.61 | 도달  856 | 차단 1186
Ep 1044 | 배송 12/50 | 재적재 0 | 도착  10 | 2홉+ 0.63 | 도달  594 | 차단  291
Ep 1045 | 배송  8/50 | 재적재 0 | 도착  10 | 2홉+ 0.65 | 도달  566 | 차단  784
Ep 1046 | 배송 12/50 | 재적재 0 | 도착  13 | 2홉+ 0.58 | 도달  749 | 차단 1441
Ep 1047 | 배송  8/50 | 재적재 0 | 도착   9 | 2홉+ 0.70 | 도달  415 | 차단  722
Ep 1048 | 배송  8/50 | 재적재 0 | 도착  10 | 2홉+ 0.60 | 도달  435 | 차단  323
Ep 1049 | 배송  9/50 | 재적재 0 | 도착  13 | 2홉+ 0.63 | 도달  586 | 차단  395
Ep 1050 | 배송 10/50 | 재적재 0 | 도착  11 | 2홉+ 0.48 | 도달  528 | 차단 1926
  [홀드아웃] 배송 7.7±4.4 재적재 0.0 2홉+ 0.72 | 최고 28.3@ep450 정체 12/15
Ep 1051 | 배송 11/50 | 재적재 0 | 도착  13 | 2홉+ 0.46 | 도달  586 | 차단  913
Ep 1052 | 배송 10/50 | 재적재 0 | 도착  12 | 2홉+ 0.51 | 도달  456 | 차단 1868
Ep 1053 | 배송  8/50 | 재적재 0 | 도착  10 | 2홉+ 0.68 | 도달  392 | 차단  741
Ep 1054 | 배송  8/50 | 재적재 0 | 도착   8 | 2홉+ 0.63 | 도달  424 | 차단  376
Ep 1055 | 배송  8/50 | 재적재 0 | 도착  10 | 2홉+ 0.64 | 도달  575 | 차단  694
Ep 1056 | 배송  8/50 | 재적재 0 | 도착   8 | 2홉+ 0.67 | 도달  561 | 차단  577
Ep 1057 | 배송 11/50 | 재적재 0 | 도착  13 | 2홉+ 0.54 | 도달  532 | 차단  674
Ep 1058 | 배송  8/50 | 재적재 0 | 도착  11 | 2홉+ 0.66 | 도달  412 | 차단  321
Ep 1059 | 배송  8/50 | 재적재 0 | 도착  11 | 2홉+ 0.70 | 도달  392 | 차단  842
Ep 1060 | 배송  8/50 | 재적재 0 | 도착   6 | 2홉+ 0.68 | 도달  379 | 차단  566
Ep 1061 | 배송  8/50 | 재적재 0 | 도착  10 | 2홉+ 0.71 | 도달  397 | 차단  847
Ep 1062 | 배송  8/50 | 재적재 0 | 도착  11 | 2홉+ 0.69 | 도달  471 | 차단  768
Ep 1063 | 배송  8/50 | 재적재 0 | 도착  10 | 2홉+ 0.70 | 도달  388 | 차단  791
Ep 1064 | 배송  8/50 | 재적재 0 | 도착   7 | 2홉+ 0.59 | 도달  428 | 차단  734
Ep 1065 | 배송 11/50 | 재적재 0 | 도착  10 | 2홉+ 0.61 | 도달  479 | 차단  112
Ep 1066 | 배송 11/50 | 재적재 0 | 도착  11 | 2홉+ 0.68 | 도달  536 | 차단  714
Ep 1067 | 배송  8/50 | 재적재 0 | 도착   9 | 2홉+ 0.69 | 도달  407 | 차단  693
Ep 1068 | 배송 12/50 | 재적재 0 | 도착  12 | 2홉+ 0.49 | 도달  559 | 차단 1065
Ep 1069 | 배송 12/50 | 재적재 0 | 도착  12 | 2홉+ 0.69 | 도달  736 | 차단 1419
Ep 1070 | 배송  8/50 | 재적재 0 | 도착   9 | 2홉+ 0.67 | 도달  461 | 차단  523
Ep 1071 | 배송  8/50 | 재적재 0 | 도착   9 | 2홉+ 0.68 | 도달  393 | 차단  565
Ep 1072 | 배송  8/50 | 재적재 0 | 도착   9 | 2홉+ 0.66 | 도달  388 | 차단  468
Ep 1073 | 배송  8/50 | 재적재 0 | 도착   8 | 2홉+ 0.51 | 도달  420 | 차단  344
Ep 1074 | 배송  8/50 | 재적재 0 | 도착   7 | 2홉+ 0.68 | 도달  480 | 차단  514
Ep 1075 | 배송 13/50 | 재적재 0 | 도착  11 | 2홉+ 0.25 | 도달  524 | 차단  282
Ep 1076 | 배송 10/50 | 재적재 0 | 도착   9 | 2홉+ 0.61 | 도달  502 | 차단  403
Ep 1077 | 배송  8/50 | 재적재 0 | 도착   7 | 2홉+ 0.67 | 도달  400 | 차단  465
Ep 1078 | 배송 10/50 | 재적재 0 | 도착  11 | 2홉+ 0.28 | 도달  540 | 차단 1228
Ep 1079 | 배송  8/50 | 재적재 0 | 도착   9 | 2홉+ 0.67 | 도달  428 | 차단  498
Ep 1080 | 배송  8/50 | 재적재 0 | 도착  13 | 2홉+ 0.68 | 도달  479 | 차단  396
Ep 1081 | 배송  8/50 | 재적재 0 | 도착  12 | 2홉+ 0.69 | 도달  417 | 차단  614
Ep 1082 | 배송  8/50 | 재적재 0 | 도착   9 | 2홉+ 0.64 | 도달  528 | 차단  485
Ep 1083 | 배송 14/50 | 재적재 0 | 도착  17 | 2홉+ 0.46 | 도달  656 | 차단  913
Ep 1084 | 배송  8/50 | 재적재 0 | 도착   8 | 2홉+ 0.65 | 도달  394 | 차단  460
Ep 1085 | 배송  8/50 | 재적재 0 | 도착  11 | 2홉+ 0.61 | 도달  396 | 차단  391
Ep 1086 | 배송  8/50 | 재적재 0 | 도착   9 | 2홉+ 0.63 | 도달  430 | 차단  387
Ep 1087 | 배송 14/50 | 재적재 0 | 도착  14 | 2홉+ 0.49 | 도달  604 | 차단 2283
Ep 1088 | 배송 11/50 | 재적재 0 | 도착  10 | 2홉+ 0.53 | 도달  636 | 차단 1227
Ep 1089 | 배송  8/50 | 재적재 0 | 도착   9 | 2홉+ 0.63 | 도달  395 | 차단  406
Ep 1090 | 배송  8/50 | 재적재 0 | 도착  10 | 2홉+ 0.65 | 도달  423 | 차단  512
Ep 1091 | 배송 14/50 | 재적재 1 | 도착  11 | 2홉+ 0.60 | 도달  681 | 차단 1007
Ep 1092 | 배송 14/50 | 재적재 1 | 도착  15 | 2홉+ 0.48 | 도달  639 | 차단 1987
Ep 1093 | 배송 13/50 | 재적재 0 | 도착  10 | 2홉+ 0.47 | 도달  576 | 차단  650
Ep 1094 | 배송 21/50 | 재적재 2 | 도착  17 | 2홉+ 0.62 | 도달  683 | 차단  577
Ep 1095 | 배송  8/50 | 재적재 0 | 도착   4 | 2홉+ 0.63 | 도달  395 | 차단  418
Ep 1096 | 배송 11/50 | 재적재 0 | 도착  11 | 2홉+ 0.18 | 도달  509 | 차단    3
Ep 1097 | 배송 15/50 | 재적재 1 | 도착  11 | 2홉+ 0.52 | 도달  591 | 차단  972
Ep 1098 | 배송 12/50 | 재적재 0 | 도착  13 | 2홉+ 0.60 | 도달  702 | 차단  205
Ep 1099 | 배송 10/50 | 재적재 0 | 도착  10 | 2홉+ 0.56 | 도달  538 | 차단  290
Ep 1100 | 배송 11/50 | 재적재 0 | 도착  12 | 2홉+ 0.69 | 도달  550 | 차단  479
  [홀드아웃] 배송 8.7±4.1 재적재 0.0 2홉+ 0.44 | 최고 28.3@ep450 정체 13/15
Ep 1101 | 배송 14/50 | 재적재 0 | 도착  14 | 2홉+ 0.69 | 도달  668 | 차단  337
Ep 1102 | 배송 16/50 | 재적재 1 | 도착  17 | 2홉+ 0.50 | 도달  743 | 차단  894
Ep 1103 | 배송 12/50 | 재적재 0 | 도착  13 | 2홉+ 0.62 | 도달  755 | 차단 1390
Ep 1104 | 배송 16/50 | 재적재 0 | 도착  15 | 2홉+ 0.65 | 도달  953 | 차단 1762
Ep 1105 | 배송 12/50 | 재적재 0 | 도착  12 | 2홉+ 0.56 | 도달  747 | 차단  852
Ep 1106 | 배송  8/50 | 재적재 0 | 도착   9 | 2홉+ 0.58 | 도달  398 | 차단  303
Ep 1107 | 배송 12/50 | 재적재 0 | 도착  15 | 2홉+ 0.59 | 도달  607 | 차단  686
Ep 1108 | 배송 12/50 | 재적재 0 | 도착  12 | 2홉+ 0.23 | 도달  607 | 차단  122
Ep 1109 | 배송 16/50 | 재적재 0 | 도착  17 | 2홉+ 0.66 | 도달  736 | 차단  889
Ep 1110 | 배송 11/50 | 재적재 0 | 도착   9 | 2홉+ 0.65 | 도달  713 | 차단 2142
Ep 1111 | 배송 15/50 | 재적재 0 | 도착  17 | 2홉+ 0.50 | 도달  665 | 차단  916
Ep 1112 | 배송 11/50 | 재적재 0 | 도착  11 | 2홉+ 0.69 | 도달  710 | 차단 1488
Ep 1113 | 배송 13/50 | 재적재 0 | 도착  17 | 2홉+ 0.32 | 도달  656 | 차단  553
Ep 1114 | 배송 13/50 | 재적재 0 | 도착  15 | 2홉+ 0.53 | 도달  722 | 차단  392
Ep 1115 | 배송 13/50 | 재적재 0 | 도착  11 | 2홉+ 0.44 | 도달  540 | 차단  377
Ep 1116 | 배송 14/50 | 재적재 0 | 도착  14 | 2홉+ 0.63 | 도달  633 | 차단  682
Ep 1117 | 배송 16/50 | 재적재 0 | 도착  16 | 2홉+ 0.64 | 도달  623 | 차단 1193
Ep 1118 | 배송  8/50 | 재적재 0 | 도착  10 | 2홉+ 0.64 | 도달  386 | 차단  431
Ep 1119 | 배송 11/50 | 재적재 0 | 도착  11 | 2홉+ 0.28 | 도달  540 | 차단  418
Ep 1120 | 배송 16/50 | 재적재 0 | 도착  14 | 2홉+ 0.54 | 도달  567 | 차단  590
Ep 1121 | 배송 13/50 | 재적재 0 | 도착  14 | 2홉+ 0.53 | 도달  587 | 차단 1112
Ep 1122 | 배송 11/50 | 재적재 0 | 도착  11 | 2홉+ 0.44 | 도달  502 | 차단 1114
Ep 1123 | 배송  8/50 | 재적재 0 | 도착  11 | 2홉+ 0.71 | 도달  417 | 차단  917
Ep 1124 | 배송 14/50 | 재적재 0 | 도착  14 | 2홉+ 0.66 | 도달  620 | 차단  819
Ep 1125 | 배송  8/50 | 재적재 0 | 도착   7 | 2홉+ 0.71 | 도달  386 | 차단  835
Ep 1126 | 배송 13/50 | 재적재 0 | 도착  14 | 2홉+ 0.69 | 도달  555 | 차단  638
Ep 1127 | 배송 13/50 | 재적재 0 | 도착  12 | 2홉+ 0.58 | 도달  580 | 차단 1015
Ep 1128 | 배송  8/50 | 재적재 0 | 도착   8 | 2홉+ 0.71 | 도달  390 | 차단  763
Ep 1129 | 배송 11/50 | 재적재 0 | 도착  12 | 2홉+ 0.60 | 도달  509 | 차단  481
Ep 1130 | 배송  9/50 | 재적재 0 | 도착   9 | 2홉+ 0.64 | 도달  487 | 차단  529
Ep 1131 | 배송 18/50 | 재적재 1 | 도착  16 | 2홉+ 0.54 | 도달  707 | 차단 1165
Ep 1132 | 배송  8/50 | 재적재 0 | 도착   8 | 2홉+ 0.71 | 도달  402 | 차단  333
Ep 1133 | 배송 13/50 | 재적재 0 | 도착  14 | 2홉+ 0.46 | 도달  703 | 차단 1817
Ep 1134 | 배송  8/50 | 재적재 0 | 도착   9 | 2홉+ 0.69 | 도달  462 | 차단  687
Ep 1135 | 배송 10/50 | 재적재 0 | 도착  10 | 2홉+ 0.66 | 도달  444 | 차단  658
Ep 1136 | 배송  8/50 | 재적재 0 | 도착   7 | 2홉+ 0.71 | 도달  401 | 차단  401
Ep 1137 | 배송 12/50 | 재적재 0 | 도착  10 | 2홉+ 0.60 | 도달  678 | 차단  529
Ep 1138 | 배송 16/50 | 재적재 0 | 도착  14 | 2홉+ 0.53 | 도달  742 | 차단  554
Ep 1139 | 배송 14/50 | 재적재 0 | 도착  12 | 2홉+ 0.66 | 도달  715 | 차단  767
Ep 1140 | 배송 19/50 | 재적재 2 | 도착  15 | 2홉+ 0.60 | 도달  703 | 차단  881
Ep 1141 | 배송 13/50 | 재적재 0 | 도착  11 | 2홉+ 0.48 | 도달  672 | 차단  624
Ep 1142 | 배송 12/50 | 재적재 0 | 도착  11 | 2홉+ 0.67 | 도달  629 | 차단 1197
Ep 1143 | 배송 13/50 | 재적재 0 | 도착   6 | 2홉+ 0.38 | 도달  565 | 차단  174
Ep 1144 | 배송 13/50 | 재적재 0 | 도착  14 | 2홉+ 0.67 | 도달  727 | 차단  855
Ep 1145 | 배송 17/50 | 재적재 0 | 도착  13 | 2홉+ 0.51 | 도달  671 | 차단 1207
Ep 1146 | 배송 11/50 | 재적재 0 | 도착  10 | 2홉+ 0.55 | 도달  559 | 차단  162
Ep 1147 | 배송 10/50 | 재적재 0 | 도착   9 | 2홉+ 0.47 | 도달  617 | 차단 1420
Ep 1148 | 배송 16/50 | 재적재 0 | 도착  13 | 2홉+ 0.43 | 도달  689 | 차단  656
Ep 1149 | 배송 13/50 | 재적재 0 | 도착  11 | 2홉+ 0.56 | 도달  912 | 차단  885
Ep 1150 | 배송  8/50 | 재적재 0 | 도착   9 | 2홉+ 0.08 | 도달  380 | 차단    0
  [홀드아웃] 배송 3.7±4.6 재적재 0.0 2홉+ 0.28 | 최고 28.3@ep450 정체 14/15
Ep 1151 | 배송 10/50 | 재적재 0 | 도착   9 | 2홉+ 0.50 | 도달  540 | 차단  251
Ep 1152 | 배송 13/50 | 재적재 0 | 도착  12 | 2홉+ 0.57 | 도달  636 | 차단  434
Ep 1153 | 배송 11/50 | 재적재 0 | 도착  11 | 2홉+ 0.42 | 도달  504 | 차단  141
Ep 1154 | 배송 11/50 | 재적재 0 | 도착   8 | 2홉+ 0.21 | 도달  561 | 차단    1
Ep 1155 | 배송  8/50 | 재적재 0 | 도착   8 | 2홉+ 0.29 | 도달  385 | 차단   14
Ep 1156 | 배송 10/50 | 재적재 0 | 도착   8 | 2홉+ 0.41 | 도달  553 | 차단  324
Ep 1157 | 배송  8/50 | 재적재 0 | 도착   8 | 2홉+ 0.62 | 도달  466 | 차단   86
Ep 1158 | 배송 14/50 | 재적재 0 | 도착  12 | 2홉+ 0.54 | 도달  609 | 차단  531
Ep 1159 | 배송 11/50 | 재적재 0 | 도착   9 | 2홉+ 0.52 | 도달  503 | 차단  101
Ep 1160 | 배송 11/50 | 재적재 0 | 도착  11 | 2홉+ 0.46 | 도달  533 | 차단  414
Ep 1161 | 배송 13/50 | 재적재 0 | 도착  11 | 2홉+ 0.53 | 도달  608 | 차단  390
Ep 1162 | 배송 11/50 | 재적재 0 | 도착  11 | 2홉+ 0.66 | 도달  605 | 차단  418
Ep 1163 | 배송 15/50 | 재적재 0 | 도착  11 | 2홉+ 0.43 | 도달  567 | 차단   77
Ep 1164 | 배송 15/50 | 재적재 0 | 도착  12 | 2홉+ 0.19 | 도달  542 | 차단  275
Ep 1165 | 배송 10/50 | 재적재 0 | 도착   8 | 2홉+ 0.47 | 도달  568 | 차단   16
Ep 1166 | 배송 11/50 | 재적재 0 | 도착  10 | 2홉+ 0.31 | 도달  597 | 차단  520
Ep 1167 | 배송  8/50 | 재적재 0 | 도착   8 | 2홉+ 0.32 | 도달  388 | 차단    8
Ep 1168 | 배송  9/50 | 재적재 0 | 도착  10 | 2홉+ 0.44 | 도달  465 | 차단  181
Ep 1169 | 배송  8/50 | 재적재 0 | 도착   9 | 2홉+ 0.41 | 도달  420 | 차단   26
Ep 1170 | 배송 12/50 | 재적재 0 | 도착  13 | 2홉+ 0.24 | 도달  525 | 차단  511
Ep 1171 | 배송  8/50 | 재적재 0 | 도착   8 | 2홉+ 0.66 | 도달  424 | 차단  210
Ep 1172 | 배송  8/50 | 재적재 0 | 도착   7 | 2홉+ 0.60 | 도달  471 | 차단  250
Ep 1173 | 배송 11/50 | 재적재 0 | 도착  11 | 2홉+ 0.52 | 도달  518 | 차단  363
Ep 1174 | 배송  8/50 | 재적재 0 | 도착   8 | 2홉+ 0.67 | 도달  459 | 차단  309
Ep 1175 | 배송 14/50 | 재적재 0 | 도착  11 | 2홉+ 0.45 | 도달  576 | 차단  835
Ep 1176 | 배송 15/50 | 재적재 0 | 도착  14 | 2홉+ 0.53 | 도달  646 | 차단   79
Ep 1177 | 배송 12/50 | 재적재 0 | 도착  11 | 2홉+ 0.68 | 도달  622 | 차단  108
Ep 1178 | 배송 12/50 | 재적재 0 | 도착   9 | 2홉+ 0.59 | 도달  620 | 차단 1860
Ep 1179 | 배송 14/50 | 재적재 0 | 도착  12 | 2홉+ 0.50 | 도달  514 | 차단  213
Ep 1180 | 배송 13/50 | 재적재 0 | 도착  10 | 2홉+ 0.59 | 도달  545 | 차단  632
Ep 1181 | 배송 12/50 | 재적재 0 | 도착  10 | 2홉+ 0.50 | 도달  586 | 차단  704
Ep 1182 | 배송 11/50 | 재적재 0 | 도착  10 | 2홉+ 0.40 | 도달  526 | 차단  608
Ep 1183 | 배송 12/50 | 재적재 0 | 도착  11 | 2홉+ 0.33 | 도달  504 | 차단  198
Ep 1184 | 배송 12/50 | 재적재 0 | 도착  13 | 2홉+ 0.61 | 도달  620 | 차단   78
Ep 1185 | 배송 11/50 | 재적재 0 | 도착  12 | 2홉+ 0.51 | 도달  582 | 차단  217
Ep 1186 | 배송 11/50 | 재적재 0 | 도착  11 | 2홉+ 0.43 | 도달  508 | 차단   71
Ep 1187 | 배송 12/50 | 재적재 0 | 도착  13 | 2홉+ 0.58 | 도달  539 | 차단  173
Ep 1188 | 배송 11/50 | 재적재 0 | 도착  15 | 2홉+ 0.20 | 도달  538 | 차단   10
Ep 1189 | 배송 11/50 | 재적재 0 | 도착  11 | 2홉+ 0.10 | 도달  465 | 차단    0
Ep 1190 | 배송 10/50 | 재적재 0 | 도착  11 | 2홉+ 0.58 | 도달  519 | 차단  263
Ep 1191 | 배송 10/50 | 재적재 0 | 도착  11 | 2홉+ 0.08 | 도달  481 | 차단    4
Ep 1192 | 배송 11/50 | 재적재 1 | 도착  11 | 2홉+ 0.09 | 도달  546 | 차단    7
Ep 1193 | 배송 11/50 | 재적재 0 | 도착  11 | 2홉+ 0.46 | 도달  532 | 차단  227
Ep 1194 | 배송 11/50 | 재적재 0 | 도착  10 | 2홉+ 0.32 | 도달  506 | 차단   19
Ep 1195 | 배송 10/50 | 재적재 0 | 도착  11 | 2홉+ 0.44 | 도달  524 | 차단  197
Ep 1196 | 배송 13/50 | 재적재 0 | 도착  14 | 2홉+ 0.54 | 도달  752 | 차단  566
Ep 1197 | 배송 15/50 | 재적재 0 | 도착  13 | 2홉+ 0.30 | 도달  645 | 차단 1359
Ep 1198 | 배송  9/50 | 재적재 0 | 도착   9 | 2홉+ 0.68 | 도달  456 | 차단  595
Ep 1199 | 배송 13/50 | 재적재 0 | 도착  14 | 2홉+ 0.59 | 도달  653 | 차단 1133
Ep 1200 | 배송 10/50 | 재적재 0 | 도착   8 | 2홉+ 0.49 | 도달  504 | 차단  105
  [홀드아웃] 배송 7.0±1.6 재적재 0.0 2홉+ 0.61 | 최고 28.3@ep450 정체 15/15

조기 종료. 최고 28.3@ep450
Training finished. best=28.3 @ ep450
