/home/kopt/enter/envs/wsl_neuroMCTS/lib/python3.10/site-packages/pygame/pkgdata.py:25: UserWarning: pkg_resources is deprecated as an API. See https://setuptools.pypa.io/en/latest/pkg_resources.html. The pkg_resources package is slated for removal as early as 2025-11-30. Refrain from using this package or pin to Setuptools<81.
  from pkg_resources import resource_stream, resource_exists
pygame 2.6.1 (SDL 2.28.4, Python 3.10.19)
Hello from the pygame community. https://www.pygame.org/contribute.html
이어받기: weights/v5_26_09_15_23_s3b/latest.pth (ep1500) — 에피소드·최고 기록은 초기화
집합 상위 학습 | 반경 300 상한 1000 무배송 500 gamma 0.999 구성=무작위 드론[3, 8] 목적지[20, 80] CC무작위 인스턴스=무작위 목표유지=off 완주보상=0.0 선택=makespan
/home/kopt/drone/proposed_src/pipeline/train_v5_26_09_15_23.py:298: UserWarning: Converting a tensor with requires_grad=True to a scalar may lead to unexpected behavior.
Consider using tensor.detach() first. (Triggered internally at /pytorch/torch/csrc/autograd/generated/python_variable_methods.cpp:836.)
  writer.add_scalar("train/alpha", float(log_alpha.exp()), ep)
Ep 1 | 드론6 목적지43 |  701스텝 | 배송 43/43 | 재적재  7 | 중계율 0.03 | alpha 3.289 | complete
Ep 2 | 드론5 목적지74 |  873스텝 | 배송 74/74 | 재적재 13 | 중계율 0.03 | alpha 3.289 | complete
Ep 3 | 드론6 목적지43 |  531스텝 | 배송 43/43 | 재적재  6 | 중계율 0.02 | alpha 3.289 | complete
Ep 4 | 드론5 목적지23 |  475스텝 | 배송 23/23 | 재적재  2 | 중계율 0.06 | alpha 3.289 | complete
Ep 5 | 드론5 목적지31 |  510스텝 | 배송 31/31 | 재적재  5 | 중계율 0.05 | alpha 3.289 | complete
Ep 6 | 드론3 목적지68 | 1000스텝 | 배송 62/68 | 재적재 12 | 중계율 0.09 | alpha 3.460 | step_limit
Ep 7 | 드론8 목적지44 |  493스텝 | 배송 44/44 | 재적재  6 | 중계율 0.01 | alpha 3.613 | complete
Ep 8 | 드론8 목적지30 |  353스텝 | 배송 30/30 | 재적재  2 | 중계율 0.01 | alpha 3.719 | complete
Ep 9 | 드론8 목적지42 |  493스텝 | 배송 42/42 | 재적재  5 | 중계율 0.03 | alpha 3.855 | complete
Ep 10 | 드론8 목적지47 |  997스텝 | 배송 47/47 | 재적재  6 | 중계율 0.02 | alpha 4.049 | complete
Ep 11 | 드론7 목적지21 |  189스텝 | 배송 21/21 | 재적재  0 | 중계율 0.01 | alpha 4.067 | complete
Ep 12 | 드론3 목적지37 |  975스텝 | 배송 26/37 | 재적재  4 | 중계율 0.02 | alpha 4.122 | no_progress
Ep 13 | 드론7 목적지28 |  689스텝 | 배송 28/28 | 재적재  3 | 중계율 0.02 | alpha 4.151 | complete
Ep 14 | 드론3 목적지41 | 1000스텝 | 배송 30/41 | 재적재  4 | 중계율 0.03 | alpha 4.195 | step_limit
Ep 15 | 드론3 목적지66 | 1000스텝 | 배송 47/66 | 재적재  9 | 중계율 0.04 | alpha 4.251 | step_limit
Ep 16 | 드론4 목적지71 | 1000스텝 | 배송 53/71 | 재적재 10 | 중계율 0.03 | alpha 4.329 | step_limit
Ep 17 | 드론5 목적지24 |  661스텝 | 배송 24/24 | 재적재  2 | 중계율 0.04 | alpha 4.404 | complete
Ep 18 | 드론6 목적지49 |  486스텝 | 배송 49/49 | 재적재  8 | 중계율 0.01 | alpha 4.475 | complete
Ep 19 | 드론8 목적지34 |  655스텝 | 배송 34/34 | 재적재  3 | 중계율 0.02 | alpha 4.579 | complete
Ep 20 | 드론3 목적지48 | 1000스텝 | 배송 36/48 | 재적재  7 | 중계율 0.03 | alpha 4.664 | step_limit
Ep 21 | 드론4 목적지63 | 1000스텝 | 배송 53/63 | 재적재  9 | 중계율 0.04 | alpha 4.700 | step_limit
Ep 22 | 드론8 목적지46 |  613스텝 | 배송 46/46 | 재적재  7 | 중계율 0.06 | alpha 4.760 | complete
Ep 23 | 드론4 목적지44 | 1000스텝 | 배송 41/44 | 재적재  7 | 중계율 0.02 | alpha 4.839 | step_limit
Ep 24 | 드론6 목적지41 |  980스텝 | 배송 41/41 | 재적재  6 | 중계율 0.03 | alpha 4.932 | complete
Ep 25 | 드론6 목적지38 |  701스텝 | 배송 38/38 | 재적재  6 | 중계율 0.01 | alpha 5.017 | complete
Ep 26 | 드론7 목적지77 |  791스텝 | 배송 77/77 | 재적재 13 | 중계율 0.03 | alpha 5.123 | complete
Ep 27 | 드론3 목적지41 | 1000스텝 | 배송 36/41 | 재적재  7 | 중계율 0.03 | alpha 5.271 | step_limit
Ep 28 | 드론6 목적지52 | 1000스텝 | 배송 48/52 | 재적재  6 | 중계율 0.04 | alpha 5.319 | step_limit
Ep 29 | 드론6 목적지72 | 1000스텝 | 배송 64/72 | 재적재 11 | 중계율 0.04 | alpha 5.317 | step_limit
Ep 30 | 드론7 목적지61 |  882스텝 | 배송 61/61 | 재적재 11 | 중계율 0.04 | alpha 5.366 | complete
Ep 31 | 드론6 목적지45 | 1000스텝 | 배송 44/45 | 재적재  6 | 중계율 0.02 | alpha 5.504 | step_limit
Ep 32 | 드론3 목적지68 | 1000스텝 | 배송 46/68 | 재적재  8 | 중계율 0.09 | alpha 5.573 | step_limit
Ep 33 | 드론3 목적지35 | 1000스텝 | 배송 29/35 | 재적재  5 | 중계율 0.04 | alpha 5.602 | step_limit
Ep 34 | 드론3 목적지24 |  848스텝 | 배송 24/24 | 재적재  3 | 중계율 0.07 | alpha 5.675 | complete
Ep 35 | 드론3 목적지58 | 1000스텝 | 배송 47/58 | 재적재  8 | 중계율 0.05 | alpha 5.769 | step_limit
Ep 36 | 드론5 목적지64 | 1000스텝 | 배송 57/64 | 재적재  9 | 중계율 0.04 | alpha 5.789 | step_limit
Ep 37 | 드론8 목적지58 |  833스텝 | 배송 58/58 | 재적재  9 | 중계율 0.04 | alpha 5.920 | complete
Ep 38 | 드론3 목적지77 | 1000스텝 | 배송 55/77 | 재적재  9 | 중계율 0.10 | alpha 5.954 | step_limit
Ep 39 | 드론4 목적지28 | 1000스텝 | 배송 24/28 | 재적재  3 | 중계율 0.03 | alpha 6.011 | step_limit
Ep 40 | 드론3 목적지37 | 1000스텝 | 배송 32/37 | 재적재  5 | 중계율 0.04 | alpha 6.150 | step_limit
Ep 41 | 드론7 목적지59 | 1000스텝 | 배송 58/59 | 재적재  8 | 중계율 0.03 | alpha 6.272 | step_limit
Ep 42 | 드론8 목적지58 |  532스텝 | 배송 58/58 | 재적재 10 | 중계율 0.04 | alpha 6.333 | complete
Ep 43 | 드론7 목적지20 |  609스텝 | 배송 20/20 | 재적재  2 | 중계율 0.03 | alpha 6.393 | complete
Ep 44 | 드론8 목적지30 |  657스텝 | 배송 30/30 | 재적재  1 | 중계율 0.01 | alpha 6.496 | complete
Ep 45 | 드론7 목적지39 |  578스텝 | 배송 39/39 | 재적재  6 | 중계율 0.02 | alpha 6.590 | complete
Ep 46 | 드론7 목적지32 |  770스텝 | 배송 32/32 | 재적재  3 | 중계율 0.03 | alpha 6.579 | complete
Ep 47 | 드론7 목적지35 |  462스텝 | 배송 35/35 | 재적재  4 | 중계율 0.04 | alpha 6.575 | complete
Ep 48 | 드론7 목적지39 |  591스텝 | 배송 39/39 | 재적재  5 | 중계율 0.04 | alpha 6.528 | complete
Ep 49 | 드론6 목적지47 | 1000스텝 | 배송 45/47 | 재적재  7 | 중계율 0.02 | alpha 6.463 | step_limit
Ep 50 | 드론4 목적지72 | 1000스텝 | 배송 61/72 | 재적재 12 | 중계율 0.05 | alpha 6.435 | step_limit
  [홀드아웃] 배송 43.0±3.4 완주 0.00 스텝 1000 점수 43.0 재적재 7.0 2홉+ 0.64 | 최고 43.0@ep50 정체 0/15  ← 갱신
Ep 51 | 드론4 목적지71 | 1000스텝 | 배송 66/71 | 재적재 12 | 중계율 0.02 | alpha 6.434 | step_limit
Ep 52 | 드론5 목적지45 | 1000스텝 | 배송 42/45 | 재적재  6 | 중계율 0.04 | alpha 6.308 | step_limit
Ep 53 | 드론7 목적지64 | 1000스텝 | 배송 61/64 | 재적재 10 | 중계율 0.03 | alpha 6.231 | step_limit
Ep 54 | 드론7 목적지24 |  517스텝 | 배송 24/24 | 재적재  0 | 중계율 0.02 | alpha 6.203 | complete
Ep 55 | 드론7 목적지60 |  660스텝 | 배송 60/60 | 재적재  9 | 중계율 0.03 | alpha 6.212 | complete
Ep 56 | 드론7 목적지20 |  318스텝 | 배송 20/20 | 재적재  0 | 중계율 0.05 | alpha 6.210 | complete
Ep 57 | 드론6 목적지61 |  910스텝 | 배송 61/61 | 재적재  9 | 중계율 0.04 | alpha 6.170 | complete
Ep 58 | 드론6 목적지77 |  921스텝 | 배송 77/77 | 재적재 12 | 중계율 0.03 | alpha 6.155 | complete
Ep 59 | 드론6 목적지40 | 1000스텝 | 배송 36/40 | 재적재  4 | 중계율 0.03 | alpha 6.202 | step_limit
Ep 60 | 드론3 목적지76 | 1000스텝 | 배송 40/76 | 재적재  7 | 중계율 0.06 | alpha 6.191 | step_limit
Ep 61 | 드론6 목적지66 | 1000스텝 | 배송 64/66 | 재적재 10 | 중계율 0.04 | alpha 6.281 | step_limit
Ep 62 | 드론6 목적지43 |  809스텝 | 배송 43/43 | 재적재  6 | 중계율 0.06 | alpha 6.287 | complete
Ep 63 | 드론6 목적지57 | 1000스텝 | 배송 55/57 | 재적재  9 | 중계율 0.05 | alpha 6.302 | step_limit
Ep 64 | 드론4 목적지52 | 1000스텝 | 배송 43/52 | 재적재  7 | 중계율 0.05 | alpha 6.288 | step_limit
Ep 65 | 드론6 목적지42 |  653스텝 | 배송 42/42 | 재적재  6 | 중계율 0.03 | alpha 6.304 | complete
Ep 66 | 드론5 목적지41 | 1000스텝 | 배송 39/41 | 재적재  5 | 중계율 0.07 | alpha 6.307 | step_limit
Ep 67 | 드론7 목적지23 |  390스텝 | 배송 23/23 | 재적재  2 | 중계율 0.06 | alpha 6.310 | complete
Ep 68 | 드론6 목적지77 |  760스텝 | 배송 77/77 | 재적재 14 | 중계율 0.04 | alpha 6.326 | complete
Ep 69 | 드론5 목적지48 | 1000스텝 | 배송 47/48 | 재적재  7 | 중계율 0.05 | alpha 6.350 | step_limit
Ep 70 | 드론3 목적지69 | 1000스텝 | 배송 48/69 | 재적재  9 | 중계율 0.06 | alpha 6.372 | step_limit
Ep 71 | 드론6 목적지34 |  477스텝 | 배송 34/34 | 재적재  5 | 중계율 0.05 | alpha 6.372 | complete
Ep 72 | 드론6 목적지61 | 1000스텝 | 배송 55/61 | 재적재  7 | 중계율 0.03 | alpha 6.387 | step_limit
Ep 73 | 드론8 목적지50 | 1000스텝 | 배송 49/50 | 재적재  7 | 중계율 0.04 | alpha 6.402 | step_limit
Ep 74 | 드론4 목적지70 | 1000스텝 | 배송 64/70 | 재적재 12 | 중계율 0.03 | alpha 6.422 | step_limit
Ep 75 | 드론7 목적지21 |  273스텝 | 배송 21/21 | 재적재  1 | 중계율 0.09 | alpha 6.378 | complete
Ep 76 | 드론3 목적지49 | 1000스텝 | 배송 32/49 | 재적재  6 | 중계율 0.07 | alpha 6.356 | step_limit
Ep 77 | 드론4 목적지67 | 1000스텝 | 배송 46/67 | 재적재  7 | 중계율 0.06 | alpha 6.320 | step_limit
Ep 78 | 드론3 목적지34 | 1000스텝 | 배송 25/34 | 재적재  4 | 중계율 0.05 | alpha 6.352 | step_limit
Ep 79 | 드론6 목적지31 |  394스텝 | 배송 31/31 | 재적재  4 | 중계율 0.04 | alpha 6.361 | complete
Ep 80 | 드론4 목적지44 |  672스텝 | 배송 44/44 | 재적재  8 | 중계율 0.06 | alpha 6.426 | complete
Ep 81 | 드론7 목적지71 | 1000스텝 | 배송 65/71 | 재적재 10 | 중계율 0.03 | alpha 6.518 | step_limit
Ep 82 | 드론5 목적지59 | 1000스텝 | 배송 56/59 | 재적재 10 | 중계율 0.04 | alpha 6.447 | step_limit
Ep 83 | 드론7 목적지21 |  207스텝 | 배송 21/21 | 재적재  0 | 중계율 0.04 | alpha 6.461 | complete
Ep 84 | 드론4 목적지41 | 1000스텝 | 배송 37/41 | 재적재  6 | 중계율 0.05 | alpha 6.464 | step_limit
Ep 85 | 드론6 목적지38 | 1000스텝 | 배송 37/38 | 재적재  5 | 중계율 0.05 | alpha 6.360 | step_limit
Ep 86 | 드론6 목적지64 | 1000스텝 | 배송 60/64 | 재적재 10 | 중계율 0.04 | alpha 6.397 | step_limit
Ep 87 | 드론7 목적지24 |  358스텝 | 배송 24/24 | 재적재  1 | 중계율 0.11 | alpha 6.418 | complete
Ep 88 | 드론6 목적지66 | 1000스텝 | 배송 61/66 | 재적재 11 | 중계율 0.04 | alpha 6.517 | step_limit
Ep 89 | 드론8 목적지20 |  374스텝 | 배송 20/20 | 재적재  0 | 중계율 0.03 | alpha 6.514 | complete
Ep 90 | 드론7 목적지37 |  369스텝 | 배송 37/37 | 재적재  5 | 중계율 0.03 | alpha 6.477 | complete
Ep 91 | 드론5 목적지60 | 1000스텝 | 배송 54/60 | 재적재  9 | 중계율 0.04 | alpha 6.441 | step_limit
Ep 92 | 드론3 목적지37 | 1000스텝 | 배송 27/37 | 재적재  5 | 중계율 0.08 | alpha 6.369 | step_limit
Ep 93 | 드론5 목적지27 |  897스텝 | 배송 27/27 | 재적재  3 | 중계율 0.03 | alpha 6.386 | complete
Ep 94 | 드론5 목적지76 | 1000스텝 | 배송 72/76 | 재적재 12 | 중계율 0.03 | alpha 6.424 | step_limit
Ep 95 | 드론6 목적지30 |  908스텝 | 배송 30/30 | 재적재  4 | 중계율 0.05 | alpha 6.342 | complete
Ep 96 | 드론8 목적지34 |  294스텝 | 배송 34/34 | 재적재  4 | 중계율 0.05 | alpha 6.313 | complete
Ep 97 | 드론7 목적지35 |  597스텝 | 배송 35/35 | 재적재  5 | 중계율 0.07 | alpha 6.294 | complete
Ep 98 | 드론6 목적지39 |  633스텝 | 배송 39/39 | 재적재  6 | 중계율 0.04 | alpha 6.249 | complete
Ep 99 | 드론6 목적지69 | 1000스텝 | 배송 65/69 | 재적재 10 | 중계율 0.05 | alpha 6.239 | step_limit
Ep 100 | 드론7 목적지80 | 1000스텝 | 배송 79/80 | 재적재 13 | 중계율 0.04 | alpha 6.230 | step_limit
  [홀드아웃] 배송 43.2±5.9 완주 0.00 스텝 993 점수 43.2 재적재 7.2 2홉+ 0.64 | 최고 43.2@ep100 정체 0/15  ← 갱신
Ep 101 | 드론3 목적지62 | 1000스텝 | 배송 45/62 | 재적재  8 | 중계율 0.05 | alpha 6.161 | step_limit
Ep 102 | 드론5 목적지30 |  475스텝 | 배송 30/30 | 재적재  4 | 중계율 0.04 | alpha 6.137 | complete
Ep 103 | 드론6 목적지75 |  771스텝 | 배송 75/75 | 재적재 13 | 중계율 0.03 | alpha 6.168 | complete
Ep 104 | 드론4 목적지39 | 1000스텝 | 배송 33/39 | 재적재  5 | 중계율 0.06 | alpha 6.221 | step_limit
Ep 105 | 드론6 목적지24 |  556스텝 | 배송 24/24 | 재적재  2 | 중계율 0.10 | alpha 6.217 | complete
Ep 106 | 드론6 목적지73 | 1000스텝 | 배송 66/73 | 재적재 11 | 중계율 0.04 | alpha 6.136 | step_limit
Ep 107 | 드론6 목적지25 |  472스텝 | 배송 25/25 | 재적재  2 | 중계율 0.05 | alpha 6.096 | complete
Ep 108 | 드론3 목적지69 | 1000스텝 | 배송 46/69 | 재적재  7 | 중계율 0.03 | alpha 6.036 | step_limit
Ep 109 | 드론4 목적지25 |  457스텝 | 배송 25/25 | 재적재  3 | 중계율 0.03 | alpha 6.041 | complete
Ep 110 | 드론4 목적지26 | 1000스텝 | 배송 21/26 | 재적재  2 | 중계율 0.08 | alpha 6.018 | step_limit
Ep 111 | 드론4 목적지21 |  621스텝 | 배송 21/21 | 재적재  2 | 중계율 0.04 | alpha 6.103 | complete
Ep 112 | 드론8 목적지31 |  380스텝 | 배송 31/31 | 재적재  1 | 중계율 0.03 | alpha 6.179 | complete
Ep 113 | 드론5 목적지57 | 1000스텝 | 배송 52/57 | 재적재  8 | 중계율 0.05 | alpha 6.237 | step_limit
Ep 114 | 드론7 목적지64 | 1000스텝 | 배송 61/64 | 재적재  8 | 중계율 0.04 | alpha 6.157 | step_limit
Ep 115 | 드론6 목적지57 | 1000스텝 | 배송 56/57 | 재적재  9 | 중계율 0.04 | alpha 6.098 | step_limit
Ep 116 | 드론4 목적지78 | 1000스텝 | 배송 62/78 | 재적재 11 | 중계율 0.04 | alpha 6.095 | step_limit
Ep 117 | 드론7 목적지76 | 1000스텝 | 배송 73/76 | 재적재 12 | 중계율 0.07 | alpha 6.090 | step_limit
Ep 118 | 드론4 목적지59 | 1000스텝 | 배송 56/59 | 재적재  9 | 중계율 0.05 | alpha 6.065 | step_limit
Ep 119 | 드론5 목적지73 | 1000스텝 | 배송 68/73 | 재적재 12 | 중계율 0.07 | alpha 6.110 | step_limit
Ep 120 | 드론5 목적지68 | 1000스텝 | 배송 62/68 | 재적재 11 | 중계율 0.05 | alpha 6.121 | step_limit
Ep 121 | 드론8 목적지59 |  668스텝 | 배송 59/59 | 재적재  8 | 중계율 0.03 | alpha 6.128 | complete
Ep 122 | 드론7 목적지55 |  538스텝 | 배송 55/55 | 재적재  7 | 중계율 0.03 | alpha 6.146 | complete
Ep 123 | 드론4 목적지22 |  975스텝 | 배송 22/22 | 재적재  3 | 중계율 0.04 | alpha 6.097 | complete
Ep 124 | 드론3 목적지57 | 1000스텝 | 배송 42/57 | 재적재  8 | 중계율 0.05 | alpha 6.123 | step_limit
Ep 125 | 드론3 목적지29 | 1000스텝 | 배송 25/29 | 재적재  4 | 중계율 0.06 | alpha 6.073 | step_limit
Ep 126 | 드론8 목적지80 |  818스텝 | 배송 80/80 | 재적재 14 | 중계율 0.04 | alpha 6.066 | complete
Ep 127 | 드론7 목적지23 |  219스텝 | 배송 23/23 | 재적재  0 | 중계율 0.05 | alpha 6.055 | complete
Ep 128 | 드론5 목적지75 | 1000스텝 | 배송 64/75 | 재적재 11 | 중계율 0.08 | alpha 5.993 | step_limit
Ep 129 | 드론6 목적지31 |  578스텝 | 배송 31/31 | 재적재  5 | 중계율 0.04 | alpha 5.973 | complete
Ep 130 | 드론6 목적지26 |  394스텝 | 배송 26/26 | 재적재  2 | 중계율 0.02 | alpha 6.005 | complete
Ep 131 | 드론7 목적지57 | 1000스텝 | 배송 53/57 | 재적재  9 | 중계율 0.04 | alpha 6.068 | step_limit
Ep 132 | 드론5 목적지51 |  925스텝 | 배송 51/51 | 재적재  9 | 중계율 0.08 | alpha 6.082 | complete
Ep 133 | 드론8 목적지36 |  353스텝 | 배송 36/36 | 재적재  4 | 중계율 0.03 | alpha 6.081 | complete
Ep 134 | 드론6 목적지49 |  697스텝 | 배송 49/49 | 재적재  8 | 중계율 0.05 | alpha 6.015 | complete
Ep 135 | 드론5 목적지56 | 1000스텝 | 배송 48/56 | 재적재  8 | 중계율 0.07 | alpha 6.017 | step_limit
Ep 136 | 드론4 목적지38 | 1000스텝 | 배송 34/38 | 재적재  5 | 중계율 0.05 | alpha 5.979 | step_limit
Ep 137 | 드론8 목적지37 |  421스텝 | 배송 37/37 | 재적재  4 | 중계율 0.04 | alpha 5.984 | complete
Ep 138 | 드론6 목적지68 |  944스텝 | 배송 68/68 | 재적재 12 | 중계율 0.04 | alpha 6.000 | complete
Ep 139 | 드론3 목적지63 | 1000스텝 | 배송 53/63 | 재적재 10 | 중계율 0.05 | alpha 5.988 | step_limit
Ep 140 | 드론7 목적지64 |  861스텝 | 배송 64/64 | 재적재 11 | 중계율 0.05 | alpha 5.987 | complete
Ep 141 | 드론5 목적지48 | 1000스텝 | 배송 47/48 | 재적재  8 | 중계율 0.05 | alpha 6.018 | step_limit
Ep 142 | 드론7 목적지69 |  687스텝 | 배송 69/69 | 재적재 11 | 중계율 0.04 | alpha 6.063 | complete
Ep 143 | 드론3 목적지58 | 1000스텝 | 배송 49/58 | 재적재  9 | 중계율 0.07 | alpha 6.069 | step_limit
Ep 144 | 드론8 목적지55 |  797스텝 | 배송 55/55 | 재적재  8 | 중계율 0.05 | alpha 6.044 | complete
Ep 145 | 드론3 목적지39 | 1000스텝 | 배송 33/39 | 재적재  6 | 중계율 0.09 | alpha 6.082 | step_limit
Ep 146 | 드론4 목적지60 |  878스텝 | 배송 60/60 | 재적재 10 | 중계율 0.04 | alpha 6.075 | complete
Ep 147 | 드론4 목적지44 | 1000스텝 | 배송 39/44 | 재적재  6 | 중계율 0.04 | alpha 6.039 | step_limit
Ep 148 | 드론8 목적지50 |  793스텝 | 배송 50/50 | 재적재  7 | 중계율 0.05 | alpha 6.045 | complete
Ep 149 | 드론3 목적지36 | 1000스텝 | 배송 31/36 | 재적재  5 | 중계율 0.06 | alpha 6.043 | step_limit
Ep 150 | 드론6 목적지78 |  857스텝 | 배송 78/78 | 재적재 13 | 중계율 0.04 | alpha 6.042 | complete
  [홀드아웃] 배송 42.4±4.7 완주 0.00 스텝 1000 점수 42.4 재적재 6.9 2홉+ 0.61 | 최고 43.2@ep100 정체 1/15
Ep 151 | 드론4 목적지64 | 1000스텝 | 배송 59/64 | 재적재  9 | 중계율 0.02 | alpha 6.003 | step_limit
Ep 152 | 드론8 목적지21 |  269스텝 | 배송 21/21 | 재적재  0 | 중계율 0.12 | alpha 6.016 | complete
Ep 153 | 드론6 목적지76 | 1000스텝 | 배송 74/76 | 재적재 13 | 중계율 0.05 | alpha 6.050 | step_limit
Ep 154 | 드론3 목적지40 | 1000스텝 | 배송 32/40 | 재적재  5 | 중계율 0.06 | alpha 6.063 | step_limit
Ep 155 | 드론5 목적지64 | 1000스텝 | 배송 60/64 | 재적재 10 | 중계율 0.05 | alpha 6.071 | step_limit
Ep 156 | 드론6 목적지50 |  829스텝 | 배송 50/50 | 재적재  8 | 중계율 0.08 | alpha 6.119 | complete
Ep 157 | 드론4 목적지56 | 1000스텝 | 배송 55/56 | 재적재 10 | 중계율 0.04 | alpha 6.140 | step_limit
Ep 158 | 드론8 목적지67 |  586스텝 | 배송 67/67 | 재적재 12 | 중계율 0.04 | alpha 6.114 | complete
Ep 159 | 드론6 목적지78 |  917스텝 | 배송 78/78 | 재적재 13 | 중계율 0.05 | alpha 6.126 | complete
Ep 160 | 드론7 목적지23 |  707스텝 | 배송 23/23 | 재적재  1 | 중계율 0.07 | alpha 6.081 | complete
Ep 161 | 드론8 목적지73 |  785스텝 | 배송 73/73 | 재적재 11 | 중계율 0.05 | alpha 6.004 | complete
Ep 162 | 드론5 목적지49 |  995스텝 | 배송 49/49 | 재적재  8 | 중계율 0.07 | alpha 6.051 | complete
Ep 163 | 드론7 목적지36 |  624스텝 | 배송 36/36 | 재적재  5 | 중계율 0.05 | alpha 6.040 | complete
Ep 164 | 드론7 목적지54 |  988스텝 | 배송 54/54 | 재적재  8 | 중계율 0.05 | alpha 6.019 | complete
Ep 165 | 드론8 목적지47 |  651스텝 | 배송 47/47 | 재적재  6 | 중계율 0.03 | alpha 6.018 | complete
Ep 166 | 드론6 목적지63 |  832스텝 | 배송 63/63 | 재적재 10 | 중계율 0.07 | alpha 6.073 | complete
Ep 167 | 드론6 목적지38 |  583스텝 | 배송 38/38 | 재적재  5 | 중계율 0.06 | alpha 6.064 | complete
Ep 168 | 드론6 목적지44 |  837스텝 | 배송 44/44 | 재적재  6 | 중계율 0.08 | alpha 6.052 | complete
Ep 169 | 드론7 목적지45 |  535스텝 | 배송 45/45 | 재적재  5 | 중계율 0.06 | alpha 6.007 | complete
Ep 170 | 드론5 목적지78 | 1000스텝 | 배송 72/78 | 재적재 12 | 중계율 0.05 | alpha 5.987 | step_limit
Ep 171 | 드론7 목적지34 | 1000스텝 | 배송 32/34 | 재적재  4 | 중계율 0.10 | alpha 5.951 | step_limit
Ep 172 | 드론4 목적지48 | 1000스텝 | 배송 46/48 | 재적재  7 | 중계율 0.05 | alpha 5.905 | step_limit
Ep 173 | 드론4 목적지64 | 1000스텝 | 배송 46/64 | 재적재  7 | 중계율 0.07 | alpha 5.929 | step_limit
Ep 174 | 드론7 목적지38 |  636스텝 | 배송 38/38 | 재적재  4 | 중계율 0.03 | alpha 5.972 | complete
Ep 175 | 드론4 목적지56 | 1000스텝 | 배송 48/56 | 재적재  9 | 중계율 0.07 | alpha 5.913 | step_limit
Ep 176 | 드론4 목적지68 | 1000스텝 | 배송 44/68 | 재적재  7 | 중계율 0.06 | alpha 5.881 | step_limit
Ep 177 | 드론7 목적지74 |  986스텝 | 배송 74/74 | 재적재 13 | 중계율 0.04 | alpha 5.880 | complete
Ep 178 | 드론7 목적지37 |  708스텝 | 배송 37/37 | 재적재  5 | 중계율 0.06 | alpha 5.847 | complete
Ep 179 | 드론7 목적지48 |  799스텝 | 배송 48/48 | 재적재  8 | 중계율 0.05 | alpha 5.820 | complete
Ep 180 | 드론4 목적지61 | 1000스텝 | 배송 56/61 | 재적재 11 | 중계율 0.07 | alpha 5.824 | step_limit
Ep 181 | 드론3 목적지80 | 1000스텝 | 배송 49/80 | 재적재  9 | 중계율 0.06 | alpha 5.768 | step_limit
Ep 182 | 드론6 목적지31 |  471스텝 | 배송 31/31 | 재적재  4 | 중계율 0.08 | alpha 5.754 | complete
Ep 183 | 드론5 목적지53 | 1000스텝 | 배송 48/53 | 재적재  8 | 중계율 0.04 | alpha 5.739 | step_limit
Ep 184 | 드론5 목적지64 | 1000스텝 | 배송 62/64 | 재적재 10 | 중계율 0.05 | alpha 5.697 | step_limit
Ep 185 | 드론4 목적지49 | 1000스텝 | 배송 41/49 | 재적재  7 | 중계율 0.06 | alpha 5.683 | step_limit
Ep 186 | 드론7 목적지47 | 1000스텝 | 배송 46/47 | 재적재  7 | 중계율 0.07 | alpha 5.595 | step_limit
Ep 187 | 드론6 목적지59 | 1000스텝 | 배송 57/59 | 재적재  8 | 중계율 0.04 | alpha 5.580 | step_limit
Ep 188 | 드론3 목적지33 | 1000스텝 | 배송 28/33 | 재적재  5 | 중계율 0.12 | alpha 5.581 | step_limit
Ep 189 | 드론7 목적지35 |  296스텝 | 배송 35/35 | 재적재  4 | 중계율 0.03 | alpha 5.583 | complete
Ep 190 | 드론3 목적지30 | 1000스텝 | 배송 27/30 | 재적재  4 | 중계율 0.06 | alpha 5.602 | step_limit
Ep 191 | 드론4 목적지70 | 1000스텝 | 배송 65/70 | 재적재 12 | 중계율 0.06 | alpha 5.508 | step_limit
Ep 192 | 드론6 목적지36 |  428스텝 | 배송 36/36 | 재적재  6 | 중계율 0.05 | alpha 5.510 | complete
Ep 193 | 드론4 목적지54 | 1000스텝 | 배송 49/54 | 재적재  8 | 중계율 0.08 | alpha 5.531 | step_limit
Ep 194 | 드론5 목적지76 | 1000스텝 | 배송 68/76 | 재적재 11 | 중계율 0.04 | alpha 5.603 | step_limit
Ep 195 | 드론7 목적지74 | 1000스텝 | 배송 69/74 | 재적재 12 | 중계율 0.07 | alpha 5.559 | step_limit
Ep 196 | 드론7 목적지70 | 1000스텝 | 배송 68/70 | 재적재 11 | 중계율 0.04 | alpha 5.574 | step_limit
Ep 197 | 드론5 목적지34 | 1000스텝 | 배송 31/34 | 재적재  4 | 중계율 0.07 | alpha 5.542 | step_limit
Ep 198 | 드론3 목적지33 | 1000스텝 | 배송 31/33 | 재적재  5 | 중계율 0.12 | alpha 5.560 | step_limit
Ep 199 | 드론8 목적지46 |  476스텝 | 배송 46/46 | 재적재  7 | 중계율 0.05 | alpha 5.556 | complete
Ep 200 | 드론8 목적지42 |  500스텝 | 배송 42/42 | 재적재  6 | 중계율 0.05 | alpha 5.549 | complete
  [홀드아웃] 배송 41.6±6.4 완주 0.00 스텝 987 점수 41.6 재적재 7.1 2홉+ 0.63 | 최고 43.2@ep100 정체 2/15
Ep 201 | 드론7 목적지51 |  676스텝 | 배송 51/51 | 재적재  7 | 중계율 0.04 | alpha 5.552 | complete
Ep 202 | 드론6 목적지32 |  646스텝 | 배송 32/32 | 재적재  5 | 중계율 0.10 | alpha 5.570 | complete
Ep 203 | 드론7 목적지30 |  770스텝 | 배송 30/30 | 재적재  3 | 중계율 0.09 | alpha 5.583 | complete
Ep 204 | 드론7 목적지73 |  961스텝 | 배송 73/73 | 재적재 12 | 중계율 0.04 | alpha 5.610 | complete
Ep 205 | 드론4 목적지44 |  933스텝 | 배송 44/44 | 재적재  7 | 중계율 0.03 | alpha 5.582 | complete
Ep 206 | 드론4 목적지26 |  702스텝 | 배송 26/26 | 재적재  3 | 중계율 0.05 | alpha 5.552 | complete
Ep 207 | 드론7 목적지40 |  774스텝 | 배송 40/40 | 재적재  6 | 중계율 0.05 | alpha 5.528 | complete
Ep 208 | 드론8 목적지35 |  595스텝 | 배송 35/35 | 재적재  4 | 중계율 0.06 | alpha 5.517 | complete
Ep 209 | 드론8 목적지75 |  817스텝 | 배송 75/75 | 재적재 11 | 중계율 0.04 | alpha 5.495 | complete
Ep 210 | 드론8 목적지56 |  834스텝 | 배송 56/56 | 재적재  9 | 중계율 0.05 | alpha 5.466 | complete
Ep 211 | 드론3 목적지26 |  883스텝 | 배송 26/26 | 재적재  4 | 중계율 0.03 | alpha 5.441 | complete
Ep 212 | 드론3 목적지58 | 1000스텝 | 배송 48/58 | 재적재  8 | 중계율 0.02 | alpha 5.476 | step_limit
Ep 213 | 드론3 목적지44 | 1000스텝 | 배송 41/44 | 재적재  7 | 중계율 0.05 | alpha 5.421 | step_limit
Ep 214 | 드론3 목적지56 | 1000스텝 | 배송 44/56 | 재적재  8 | 중계율 0.04 | alpha 5.414 | step_limit
Ep 215 | 드론5 목적지64 | 1000스텝 | 배송 60/64 | 재적재 10 | 중계율 0.02 | alpha 5.460 | step_limit
Ep 216 | 드론6 목적지40 |  560스텝 | 배송 40/40 | 재적재  6 | 중계율 0.06 | alpha 5.441 | complete
Ep 217 | 드론8 목적지41 |  666스텝 | 배송 41/41 | 재적재  6 | 중계율 0.06 | alpha 5.410 | complete
Ep 218 | 드론4 목적지31 |  679스텝 | 배송 31/31 | 재적재  5 | 중계율 0.06 | alpha 5.413 | complete
Ep 219 | 드론5 목적지80 |  997스텝 | 배송 80/80 | 재적재 14 | 중계율 0.03 | alpha 5.444 | complete
Ep 220 | 드론5 목적지53 |  914스텝 | 배송 53/53 | 재적재  9 | 중계율 0.06 | alpha 5.426 | complete
Ep 221 | 드론7 목적지72 |  719스텝 | 배송 72/72 | 재적재 13 | 중계율 0.02 | alpha 5.419 | complete
Ep 222 | 드론3 목적지27 | 1000스텝 | 배송 24/27 | 재적재  3 | 중계율 0.10 | alpha 5.415 | step_limit
Ep 223 | 드론7 목적지22 |  356스텝 | 배송 22/22 | 재적재  1 | 중계율 0.10 | alpha 5.413 | complete
Ep 224 | 드론5 목적지62 |  890스텝 | 배송 62/62 | 재적재 10 | 중계율 0.04 | alpha 5.403 | complete
Ep 225 | 드론6 목적지58 |  863스텝 | 배송 58/58 | 재적재  8 | 중계율 0.05 | alpha 5.354 | complete
Ep 226 | 드론7 목적지37 |  790스텝 | 배송 37/37 | 재적재  5 | 중계율 0.05 | alpha 5.369 | complete
Ep 227 | 드론3 목적지49 | 1000스텝 | 배송 26/49 | 재적재  3 | 중계율 0.02 | alpha 5.339 | step_limit
Ep 228 | 드론7 목적지72 |  851스텝 | 배송 72/72 | 재적재 11 | 중계율 0.03 | alpha 5.360 | complete
Ep 229 | 드론3 목적지77 | 1000스텝 | 배송 49/77 | 재적재  8 | 중계율 0.05 | alpha 5.319 | step_limit
Ep 230 | 드론8 목적지53 |  876스텝 | 배송 53/53 | 재적재  8 | 중계율 0.04 | alpha 5.315 | complete
Ep 231 | 드론6 목적지56 | 1000스텝 | 배송 51/56 | 재적재  7 | 중계율 0.05 | alpha 5.294 | step_limit
Ep 232 | 드론4 목적지28 | 1000스텝 | 배송 25/28 | 재적재  4 | 중계율 0.06 | alpha 5.271 | step_limit
Ep 233 | 드론7 목적지40 |  637스텝 | 배송 40/40 | 재적재  5 | 중계율 0.06 | alpha 5.253 | complete
Ep 234 | 드론6 목적지29 |  586스텝 | 배송 29/29 | 재적재  4 | 중계율 0.08 | alpha 5.241 | complete
Ep 235 | 드론8 목적지69 |  829스텝 | 배송 69/69 | 재적재 11 | 중계율 0.04 | alpha 5.280 | complete
Ep 236 | 드론5 목적지30 |  861스텝 | 배송 30/30 | 재적재  4 | 중계율 0.06 | alpha 5.295 | complete
Ep 237 | 드론6 목적지24 |  443스텝 | 배송 24/24 | 재적재  1 | 중계율 0.07 | alpha 5.253 | complete
Ep 238 | 드론7 목적지21 |  427스텝 | 배송 21/21 | 재적재  1 | 중계율 0.06 | alpha 5.265 | complete
Ep 239 | 드론6 목적지60 |  923스텝 | 배송 60/60 | 재적재 10 | 중계율 0.06 | alpha 5.279 | complete
Ep 240 | 드론7 목적지58 |  671스텝 | 배송 58/58 | 재적재 10 | 중계율 0.05 | alpha 5.289 | complete
Ep 241 | 드론3 목적지26 |  533스텝 | 배송 26/26 | 재적재  4 | 중계율 0.03 | alpha 5.295 | complete
Ep 242 | 드론5 목적지43 |  825스텝 | 배송 43/43 | 재적재  7 | 중계율 0.05 | alpha 5.271 | complete
Ep 243 | 드론6 목적지55 |  965스텝 | 배송 55/55 | 재적재  9 | 중계율 0.03 | alpha 5.251 | complete
Ep 244 | 드론7 목적지48 |  656스텝 | 배송 48/48 | 재적재  7 | 중계율 0.05 | alpha 5.248 | complete
Ep 245 | 드론7 목적지67 |  767스텝 | 배송 67/67 | 재적재 11 | 중계율 0.05 | alpha 5.286 | complete
Ep 246 | 드론5 목적지65 | 1000스텝 | 배송 61/65 | 재적재 11 | 중계율 0.06 | alpha 5.315 | step_limit
Ep 247 | 드론8 목적지49 |  539스텝 | 배송 49/49 | 재적재  7 | 중계율 0.03 | alpha 5.331 | complete
Ep 248 | 드론3 목적지41 | 1000스텝 | 배송 35/41 | 재적재  6 | 중계율 0.07 | alpha 5.229 | step_limit
Ep 249 | 드론6 목적지26 |  310스텝 | 배송 26/26 | 재적재  3 | 중계율 0.05 | alpha 5.212 | complete
Ep 250 | 드론6 목적지43 |  480스텝 | 배송 43/43 | 재적재  6 | 중계율 0.07 | alpha 5.178 | complete
  [홀드아웃] 배송 43.1±3.7 완주 0.00 스텝 1000 점수 43.1 재적재 7.2 2홉+ 0.63 | 최고 43.2@ep100 정체 3/15
Ep 251 | 드론6 목적지71 |  897스텝 | 배송 71/71 | 재적재 12 | 중계율 0.06 | alpha 5.200 | complete
Ep 252 | 드론3 목적지48 | 1000스텝 | 배송 35/48 | 재적재  5 | 중계율 0.07 | alpha 5.183 | step_limit
Ep 253 | 드론5 목적지30 |  524스텝 | 배송 30/30 | 재적재  4 | 중계율 0.03 | alpha 5.160 | complete
Ep 254 | 드론7 목적지26 |  496스텝 | 배송 26/26 | 재적재  1 | 중계율 0.07 | alpha 5.177 | complete
Ep 255 | 드론8 목적지69 |  665스텝 | 배송 69/69 | 재적재 11 | 중계율 0.04 | alpha 5.163 | complete
Ep 256 | 드론8 목적지33 |  516스텝 | 배송 33/33 | 재적재  4 | 중계율 0.06 | alpha 5.161 | complete
Ep 257 | 드론4 목적지55 | 1000스텝 | 배송 42/55 | 재적재  6 | 중계율 0.11 | alpha 5.163 | step_limit
Ep 258 | 드론6 목적지36 | 1000스텝 | 배송 33/36 | 재적재  5 | 중계율 0.06 | alpha 5.171 | step_limit
Ep 259 | 드론5 목적지79 | 1000스텝 | 배송 73/79 | 재적재 13 | 중계율 0.05 | alpha 5.143 | step_limit
Ep 260 | 드론3 목적지41 | 1000스텝 | 배송 35/41 | 재적재  6 | 중계율 0.07 | alpha 5.155 | step_limit
Ep 261 | 드론7 목적지21 |  615스텝 | 배송 21/21 | 재적재  0 | 중계율 0.10 | alpha 5.156 | complete
Ep 262 | 드론3 목적지43 | 1000스텝 | 배송 35/43 | 재적재  6 | 중계율 0.09 | alpha 5.118 | step_limit
Ep 263 | 드론6 목적지21 |  308스텝 | 배송 21/21 | 재적재  2 | 중계율 0.08 | alpha 5.111 | complete
Ep 264 | 드론8 목적지50 |  663스텝 | 배송 50/50 | 재적재  8 | 중계율 0.05 | alpha 5.149 | complete
Ep 265 | 드론4 목적지35 | 1000스텝 | 배송 31/35 | 재적재  5 | 중계율 0.12 | alpha 5.171 | step_limit
Ep 266 | 드론4 목적지54 | 1000스텝 | 배송 49/54 | 재적재  8 | 중계율 0.06 | alpha 5.177 | step_limit
Ep 267 | 드론6 목적지46 |  813스텝 | 배송 46/46 | 재적재  7 | 중계율 0.05 | alpha 5.132 | complete
Ep 268 | 드론3 목적지33 | 1000스텝 | 배송 28/33 | 재적재  4 | 중계율 0.03 | alpha 5.094 | step_limit
Ep 269 | 드론3 목적지42 | 1000스텝 | 배송 35/42 | 재적재  5 | 중계율 0.04 | alpha 5.128 | step_limit
Ep 270 | 드론4 목적지45 | 1000스텝 | 배송 36/45 | 재적재  6 | 중계율 0.07 | alpha 5.100 | step_limit
Ep 271 | 드론6 목적지37 |  539스텝 | 배송 37/37 | 재적재  6 | 중계율 0.03 | alpha 5.062 | complete
Ep 272 | 드론3 목적지47 | 1000스텝 | 배송 41/47 | 재적재  7 | 중계율 0.05 | alpha 5.090 | step_limit
Ep 273 | 드론8 목적지76 |  726스텝 | 배송 76/76 | 재적재 12 | 중계율 0.04 | alpha 5.057 | complete
Ep 274 | 드론8 목적지29 |  759스텝 | 배송 29/29 | 재적재  2 | 중계율 0.07 | alpha 5.000 | complete
Ep 275 | 드론4 목적지78 | 1000스텝 | 배송 63/78 | 재적재 10 | 중계율 0.07 | alpha 5.010 | step_limit
Ep 276 | 드론7 목적지49 |  513스텝 | 배송 49/49 | 재적재  8 | 중계율 0.04 | alpha 4.998 | complete
Ep 277 | 드론3 목적지67 | 1000스텝 | 배송 49/67 | 재적재  8 | 중계율 0.04 | alpha 4.975 | step_limit
Ep 278 | 드론4 목적지30 |  906스텝 | 배송 30/30 | 재적재  5 | 중계율 0.08 | alpha 5.007 | complete
Ep 279 | 드론8 목적지44 |  713스텝 | 배송 44/44 | 재적재  6 | 중계율 0.05 | alpha 4.996 | complete
Ep 280 | 드론5 목적지32 |  756스텝 | 배송 32/32 | 재적재  5 | 중계율 0.07 | alpha 4.963 | complete
Ep 281 | 드론5 목적지36 |  685스텝 | 배송 36/36 | 재적재  5 | 중계율 0.04 | alpha 4.967 | complete
Ep 282 | 드론4 목적지56 | 1000스텝 | 배송 55/56 | 재적재  9 | 중계율 0.03 | alpha 4.922 | step_limit
Ep 283 | 드론4 목적지75 | 1000스텝 | 배송 69/75 | 재적재 12 | 중계율 0.04 | alpha 4.922 | step_limit
Ep 284 | 드론6 목적지21 |  233스텝 | 배송 21/21 | 재적재  1 | 중계율 0.06 | alpha 4.882 | complete
Ep 285 | 드론7 목적지72 |  694스텝 | 배송 72/72 | 재적재 11 | 중계율 0.04 | alpha 4.847 | complete
Ep 286 | 드론8 목적지78 |  511스텝 | 배송 78/78 | 재적재 12 | 중계율 0.04 | alpha 4.863 | complete
Ep 287 | 드론3 목적지39 |  874스텝 | 배송 39/39 | 재적재  6 | 중계율 0.07 | alpha 4.880 | complete
Ep 288 | 드론5 목적지39 |  549스텝 | 배송 39/39 | 재적재  6 | 중계율 0.04 | alpha 4.865 | complete
Ep 289 | 드론3 목적지49 | 1000스텝 | 배송 35/49 | 재적재  6 | 중계율 0.07 | alpha 4.865 | step_limit
Ep 290 | 드론5 목적지29 | 1000스텝 | 배송 28/29 | 재적재  3 | 중계율 0.08 | alpha 4.845 | step_limit
Ep 291 | 드론6 목적지68 |  962스텝 | 배송 68/68 | 재적재 12 | 중계율 0.08 | alpha 4.868 | complete
Ep 292 | 드론4 목적지69 | 1000스텝 | 배송 61/69 | 재적재 10 | 중계율 0.05 | alpha 4.900 | step_limit
Ep 293 | 드론4 목적지38 |  825스텝 | 배송 38/38 | 재적재  5 | 중계율 0.04 | alpha 4.881 | complete
Ep 294 | 드론7 목적지41 |  582스텝 | 배송 41/41 | 재적재  6 | 중계율 0.03 | alpha 4.879 | complete
Ep 295 | 드론4 목적지35 |  858스텝 | 배송 35/35 | 재적재  5 | 중계율 0.08 | alpha 4.890 | complete
Ep 296 | 드론8 목적지49 |  653스텝 | 배송 49/49 | 재적재  8 | 중계율 0.04 | alpha 4.860 | complete
Ep 297 | 드론5 목적지78 |  975스텝 | 배송 78/78 | 재적재 13 | 중계율 0.06 | alpha 4.835 | complete
Ep 298 | 드론5 목적지73 | 1000스텝 | 배송 71/73 | 재적재 13 | 중계율 0.05 | alpha 4.861 | step_limit
Ep 299 | 드론8 목적지75 |  498스텝 | 배송 75/75 | 재적재 12 | 중계율 0.04 | alpha 4.898 | complete
Ep 300 | 드론5 목적지39 |  547스텝 | 배송 39/39 | 재적재  5 | 중계율 0.06 | alpha 4.926 | complete
  [홀드아웃] 배송 44.8±4.8 완주 0.08 스텝 998 점수 44.8 재적재 7.7 2홉+ 0.62 | 최고 44.8@ep300 정체 0/15  ← 갱신
Ep 301 | 드론4 목적지69 | 1000스텝 | 배송 65/69 | 재적재 12 | 중계율 0.09 | alpha 4.938 | step_limit
Ep 302 | 드론8 목적지60 |  572스텝 | 배송 60/60 | 재적재 10 | 중계율 0.06 | alpha 4.942 | complete
Ep 303 | 드론5 목적지74 | 1000스텝 | 배송 70/74 | 재적재 12 | 중계율 0.04 | alpha 4.911 | step_limit
Ep 304 | 드론4 목적지25 |  612스텝 | 배송 25/25 | 재적재  4 | 중계율 0.06 | alpha 4.843 | complete
Ep 305 | 드론3 목적지75 | 1000스텝 | 배송 47/75 | 재적재  8 | 중계율 0.07 | alpha 4.796 | step_limit
Ep 306 | 드론5 목적지29 |  876스텝 | 배송 29/29 | 재적재  3 | 중계율 0.06 | alpha 4.827 | complete
Ep 307 | 드론8 목적지29 |  326스텝 | 배송 29/29 | 재적재  3 | 중계율 0.07 | alpha 4.841 | complete
Ep 308 | 드론7 목적지35 |  406스텝 | 배송 35/35 | 재적재  5 | 중계율 0.03 | alpha 4.833 | complete
Ep 309 | 드론6 목적지37 |  640스텝 | 배송 37/37 | 재적재  6 | 중계율 0.06 | alpha 4.859 | complete
Ep 310 | 드론4 목적지74 | 1000스텝 | 배송 61/74 | 재적재 11 | 중계율 0.07 | alpha 4.863 | step_limit
Ep 311 | 드론7 목적지42 |  614스텝 | 배송 42/42 | 재적재  6 | 중계율 0.07 | alpha 4.813 | complete
Ep 312 | 드론7 목적지73 | 1000스텝 | 배송 68/73 | 재적재 12 | 중계율 0.09 | alpha 4.781 | step_limit
Ep 313 | 드론4 목적지34 |  805스텝 | 배송 34/34 | 재적재  5 | 중계율 0.11 | alpha 4.763 | complete
Ep 314 | 드론3 목적지26 | 1000스텝 | 배송 22/26 | 재적재  4 | 중계율 0.14 | alpha 4.796 | step_limit
Ep 315 | 드론8 목적지20 |  438스텝 | 배송 20/20 | 재적재  2 | 중계율 0.12 | alpha 4.796 | complete
Ep 316 | 드론7 목적지24 |  294스텝 | 배송 24/24 | 재적재  1 | 중계율 0.08 | alpha 4.808 | complete
Ep 317 | 드론8 목적지23 |  304스텝 | 배송 23/23 | 재적재  1 | 중계율 0.04 | alpha 4.803 | complete
Ep 318 | 드론3 목적지45 | 1000스텝 | 배송 27/45 | 재적재  5 | 중계율 0.09 | alpha 4.815 | step_limit
Ep 319 | 드론7 목적지52 |  607스텝 | 배송 52/52 | 재적재  7 | 중계율 0.06 | alpha 4.788 | complete
Ep 320 | 드론5 목적지25 |  427스텝 | 배송 25/25 | 재적재  3 | 중계율 0.07 | alpha 4.803 | complete
Ep 321 | 드론3 목적지34 |  969스텝 | 배송 34/34 | 재적재  5 | 중계율 0.08 | alpha 4.823 | complete
Ep 322 | 드론3 목적지33 | 1000스텝 | 배송 31/33 | 재적재  5 | 중계율 0.04 | alpha 4.855 | step_limit
Ep 323 | 드론4 목적지35 |  796스텝 | 배송 35/35 | 재적재  5 | 중계율 0.09 | alpha 4.818 | complete
Ep 324 | 드론6 목적지70 |  833스텝 | 배송 70/70 | 재적재 12 | 중계율 0.04 | alpha 4.811 | complete
Ep 325 | 드론3 목적지43 | 1000스텝 | 배송 38/43 | 재적재  7 | 중계율 0.06 | alpha 4.826 | step_limit
Ep 326 | 드론7 목적지42 |  964스텝 | 배송 42/42 | 재적재  6 | 중계율 0.06 | alpha 4.792 | complete
Ep 327 | 드론8 목적지62 |  768스텝 | 배송 62/62 | 재적재  9 | 중계율 0.04 | alpha 4.823 | complete
Ep 328 | 드론3 목적지53 | 1000스텝 | 배송 40/53 | 재적재  7 | 중계율 0.05 | alpha 4.786 | step_limit
Ep 329 | 드론7 목적지31 |  406스텝 | 배송 31/31 | 재적재  3 | 중계율 0.09 | alpha 4.775 | complete
Ep 330 | 드론5 목적지65 | 1000스텝 | 배송 62/65 | 재적재 10 | 중계율 0.04 | alpha 4.816 | step_limit
Ep 331 | 드론4 목적지25 |  479스텝 | 배송 25/25 | 재적재  3 | 중계율 0.04 | alpha 4.829 | complete
Ep 332 | 드론4 목적지79 | 1000스텝 | 배송 62/79 | 재적재  9 | 중계율 0.06 | alpha 4.816 | step_limit
Ep 333 | 드론4 목적지37 | 1000스텝 | 배송 33/37 | 재적재  5 | 중계율 0.12 | alpha 4.791 | step_limit
Ep 334 | 드론3 목적지72 | 1000스텝 | 배송 56/72 | 재적재 10 | 중계율 0.03 | alpha 4.802 | step_limit
Ep 335 | 드론4 목적지23 |  465스텝 | 배송 23/23 | 재적재  3 | 중계율 0.05 | alpha 4.810 | complete
Ep 336 | 드론5 목적지57 | 1000스텝 | 배송 51/57 | 재적재 10 | 중계율 0.09 | alpha 4.844 | step_limit
Ep 337 | 드론5 목적지76 | 1000스텝 | 배송 65/76 | 재적재 11 | 중계율 0.07 | alpha 4.835 | step_limit
Ep 338 | 드론4 목적지30 |  663스텝 | 배송 30/30 | 재적재  5 | 중계율 0.06 | alpha 4.863 | complete
Ep 339 | 드론6 목적지73 | 1000스텝 | 배송 71/73 | 재적재 12 | 중계율 0.05 | alpha 4.902 | step_limit
Ep 340 | 드론8 목적지34 |  316스텝 | 배송 34/34 | 재적재  4 | 중계율 0.06 | alpha 4.886 | complete
Ep 341 | 드론6 목적지26 |  679스텝 | 배송 26/26 | 재적재  3 | 중계율 0.04 | alpha 4.883 | complete
Ep 342 | 드론3 목적지46 | 1000스텝 | 배송 36/46 | 재적재  7 | 중계율 0.06 | alpha 4.855 | step_limit
Ep 343 | 드론4 목적지50 | 1000스텝 | 배송 44/50 | 재적재  8 | 중계율 0.07 | alpha 4.890 | step_limit
Ep 344 | 드론7 목적지28 |  324스텝 | 배송 28/28 | 재적재  2 | 중계율 0.04 | alpha 4.875 | complete
Ep 345 | 드론6 목적지61 | 1000스텝 | 배송 58/61 | 재적재  9 | 중계율 0.04 | alpha 4.900 | step_limit
Ep 346 | 드론3 목적지29 | 1000스텝 | 배송 25/29 | 재적재  4 | 중계율 0.08 | alpha 4.906 | step_limit
Ep 347 | 드론3 목적지42 | 1000스텝 | 배송 40/42 | 재적재  7 | 중계율 0.09 | alpha 4.883 | step_limit
Ep 348 | 드론6 목적지53 |  527스텝 | 배송 53/53 | 재적재  8 | 중계율 0.05 | alpha 4.898 | complete
Ep 349 | 드론5 목적지62 | 1000스텝 | 배송 59/62 | 재적재 10 | 중계율 0.06 | alpha 4.918 | step_limit
Ep 350 | 드론5 목적지79 | 1000스텝 | 배송 74/79 | 재적재 14 | 중계율 0.07 | alpha 4.919 | step_limit
  [홀드아웃] 배송 42.6±2.5 완주 0.00 스텝 1000 점수 42.6 재적재 6.5 2홉+ 0.64 | 최고 44.8@ep300 정체 1/15
Ep 351 | 드론6 목적지65 | 1000스텝 | 배송 61/65 | 재적재 10 | 중계율 0.05 | alpha 4.899 | step_limit
Ep 352 | 드론6 목적지36 |  918스텝 | 배송 36/36 | 재적재  5 | 중계율 0.07 | alpha 4.856 | complete
Ep 353 | 드론4 목적지62 | 1000스텝 | 배송 49/62 | 재적재  8 | 중계율 0.03 | alpha 4.828 | step_limit
Ep 354 | 드론7 목적지35 |  399스텝 | 배송 35/35 | 재적재  5 | 중계율 0.08 | alpha 4.828 | complete
Ep 355 | 드론5 목적지24 |  486스텝 | 배송 24/24 | 재적재  3 | 중계율 0.07 | alpha 4.830 | complete
Ep 356 | 드론7 목적지62 |  794스텝 | 배송 62/62 | 재적재 11 | 중계율 0.05 | alpha 4.764 | complete
Ep 357 | 드론4 목적지21 |  657스텝 | 배송 21/21 | 재적재  2 | 중계율 0.09 | alpha 4.758 | complete
Ep 358 | 드론7 목적지26 |  500스텝 | 배송 26/26 | 재적재  0 | 중계율 0.08 | alpha 4.775 | complete
Ep 359 | 드론4 목적지52 | 1000스텝 | 배송 49/52 | 재적재  8 | 중계율 0.07 | alpha 4.777 | step_limit
Ep 360 | 드론7 목적지52 |  857스텝 | 배송 52/52 | 재적재  8 | 중계율 0.06 | alpha 4.815 | complete
Ep 361 | 드론5 목적지40 | 1000스텝 | 배송 37/40 | 재적재  6 | 중계율 0.08 | alpha 4.824 | step_limit
Ep 362 | 드론8 목적지52 |  884스텝 | 배송 52/52 | 재적재  8 | 중계율 0.05 | alpha 4.818 | complete
Ep 363 | 드론8 목적지64 |  713스텝 | 배송 64/64 | 재적재 10 | 중계율 0.06 | alpha 4.803 | complete
Ep 364 | 드론3 목적지64 | 1000스텝 | 배송 41/64 | 재적재  6 | 중계율 0.07 | alpha 4.774 | step_limit
Ep 365 | 드론6 목적지69 | 1000스텝 | 배송 67/69 | 재적재 11 | 중계율 0.07 | alpha 4.755 | step_limit
Ep 366 | 드론8 목적지61 |  662스텝 | 배송 61/61 | 재적재  8 | 중계율 0.04 | alpha 4.760 | complete
Ep 367 | 드론4 목적지53 | 1000스텝 | 배송 50/53 | 재적재  8 | 중계율 0.05 | alpha 4.768 | step_limit
Ep 368 | 드론8 목적지73 |  742스텝 | 배송 73/73 | 재적재 12 | 중계율 0.04 | alpha 4.731 | complete
Ep 369 | 드론6 목적지30 |  408스텝 | 배송 30/30 | 재적재  4 | 중계율 0.04 | alpha 4.728 | complete
Ep 370 | 드론3 목적지71 | 1000스텝 | 배송 58/71 | 재적재 10 | 중계율 0.05 | alpha 4.672 | step_limit
Ep 371 | 드론5 목적지54 |  879스텝 | 배송 54/54 | 재적재  9 | 중계율 0.05 | alpha 4.675 | complete
Ep 372 | 드론8 목적지80 |  462스텝 | 배송 80/80 | 재적재 13 | 중계율 0.02 | alpha 4.653 | complete
Ep 373 | 드론3 목적지41 | 1000스텝 | 배송 38/41 | 재적재  7 | 중계율 0.07 | alpha 4.669 | step_limit
Ep 374 | 드론3 목적지67 | 1000스텝 | 배송 58/67 | 재적재 11 | 중계율 0.04 | alpha 4.666 | step_limit
Ep 375 | 드론5 목적지62 | 1000스텝 | 배송 59/62 | 재적재 10 | 중계율 0.04 | alpha 4.644 | step_limit
Ep 376 | 드론7 목적지72 |  840스텝 | 배송 72/72 | 재적재 12 | 중계율 0.03 | alpha 4.605 | complete
Ep 377 | 드론7 목적지63 |  991스텝 | 배송 63/63 | 재적재 11 | 중계율 0.05 | alpha 4.598 | complete
Ep 378 | 드론7 목적지74 |  827스텝 | 배송 74/74 | 재적재 12 | 중계율 0.04 | alpha 4.578 | complete
Ep 379 | 드론4 목적지77 | 1000스텝 | 배송 50/77 | 재적재  9 | 중계율 0.04 | alpha 4.517 | step_limit
Ep 380 | 드론4 목적지73 | 1000스텝 | 배송 63/73 | 재적재 11 | 중계율 0.04 | alpha 4.516 | step_limit
Ep 381 | 드론6 목적지20 |  294스텝 | 배송 20/20 | 재적재  1 | 중계율 0.03 | alpha 4.536 | complete
Ep 382 | 드론3 목적지75 | 1000스텝 | 배송 53/75 | 재적재  9 | 중계율 0.05 | alpha 4.523 | step_limit
Ep 383 | 드론5 목적지52 |  863스텝 | 배송 52/52 | 재적재  7 | 중계율 0.08 | alpha 4.495 | complete
Ep 384 | 드론3 목적지77 | 1000스텝 | 배송 65/77 | 재적재 11 | 중계율 0.05 | alpha 4.526 | step_limit
Ep 385 | 드론3 목적지62 | 1000스텝 | 배송 44/62 | 재적재  7 | 중계율 0.10 | alpha 4.518 | step_limit
Ep 386 | 드론5 목적지80 | 1000스텝 | 배송 76/80 | 재적재 11 | 중계율 0.03 | alpha 4.534 | step_limit
Ep 387 | 드론5 목적지31 |  616스텝 | 배송 31/31 | 재적재  5 | 중계율 0.08 | alpha 4.573 | complete
Ep 388 | 드론4 목적지33 | 1000스텝 | 배송 31/33 | 재적재  5 | 중계율 0.08 | alpha 4.548 | step_limit
Ep 389 | 드론7 목적지72 |  654스텝 | 배송 72/72 | 재적재 13 | 중계율 0.06 | alpha 4.531 | complete
Ep 390 | 드론7 목적지71 |  718스텝 | 배송 71/71 | 재적재 12 | 중계율 0.03 | alpha 4.543 | complete
Ep 391 | 드론7 목적지50 |  493스텝 | 배송 50/50 | 재적재  8 | 중계율 0.05 | alpha 4.514 | complete
Ep 392 | 드론8 목적지71 |  757스텝 | 배송 71/71 | 재적재 11 | 중계율 0.04 | alpha 4.524 | complete
Ep 393 | 드론8 목적지21 |  243스텝 | 배송 21/21 | 재적재  0 | 중계율 0.07 | alpha 4.527 | complete
Ep 394 | 드론8 목적지60 |  751스텝 | 배송 60/60 | 재적재  9 | 중계율 0.08 | alpha 4.492 | complete
Ep 395 | 드론7 목적지55 |  759스텝 | 배송 55/55 | 재적재  8 | 중계율 0.05 | alpha 4.450 | complete
Ep 396 | 드론6 목적지71 |  711스텝 | 배송 71/71 | 재적재 12 | 중계율 0.04 | alpha 4.444 | complete
Ep 397 | 드론5 목적지36 |  653스텝 | 배송 36/36 | 재적재  5 | 중계율 0.06 | alpha 4.465 | complete
Ep 398 | 드론5 목적지52 |  899스텝 | 배송 52/52 | 재적재  8 | 중계율 0.05 | alpha 4.442 | complete
Ep 399 | 드론3 목적지46 | 1000스텝 | 배송 36/46 | 재적재  7 | 중계율 0.05 | alpha 4.421 | step_limit
Ep 400 | 드론5 목적지34 |  487스텝 | 배송 34/34 | 재적재  5 | 중계율 0.04 | alpha 4.396 | complete
  [홀드아웃] 배송 41.4±7.2 완주 0.08 스텝 994 점수 41.4 재적재 6.8 2홉+ 0.59 | 최고 44.8@ep300 정체 2/15
Ep 401 | 드론3 목적지38 | 1000스텝 | 배송 30/38 | 재적재  5 | 중계율 0.11 | alpha 4.436 | step_limit
Ep 402 | 드론6 목적지36 |  938스텝 | 배송 36/36 | 재적재  4 | 중계율 0.08 | alpha 4.475 | complete
Ep 403 | 드론5 목적지73 |  882스텝 | 배송 73/73 | 재적재 13 | 중계율 0.06 | alpha 4.476 | complete
Ep 404 | 드론6 목적지70 |  804스텝 | 배송 70/70 | 재적재 13 | 중계율 0.04 | alpha 4.511 | complete
Ep 405 | 드론3 목적지25 |  674스텝 | 배송 25/25 | 재적재  3 | 중계율 0.06 | alpha 4.479 | complete
Ep 406 | 드론7 목적지58 |  529스텝 | 배송 58/58 | 재적재  8 | 중계율 0.04 | alpha 4.487 | complete
Ep 407 | 드론7 목적지70 |  874스텝 | 배송 70/70 | 재적재 12 | 중계율 0.06 | alpha 4.490 | complete
Ep 408 | 드론5 목적지40 |  690스텝 | 배송 40/40 | 재적재  5 | 중계율 0.05 | alpha 4.462 | complete
Ep 409 | 드론3 목적지30 | 1000스텝 | 배송 28/30 | 재적재  5 | 중계율 0.09 | alpha 4.441 | step_limit
Ep 410 | 드론3 목적지63 | 1000스텝 | 배송 56/63 | 재적재 11 | 중계율 0.06 | alpha 4.446 | step_limit
Ep 411 | 드론4 목적지48 | 1000스텝 | 배송 47/48 | 재적재  7 | 중계율 0.11 | alpha 4.450 | step_limit
Ep 412 | 드론7 목적지34 |  496스텝 | 배송 34/34 | 재적재  5 | 중계율 0.05 | alpha 4.453 | complete
Ep 413 | 드론5 목적지22 |  793스텝 | 배송 22/22 | 재적재  3 | 중계율 0.10 | alpha 4.478 | complete
Ep 414 | 드론3 목적지51 | 1000스텝 | 배송 37/51 | 재적재  5 | 중계율 0.06 | alpha 4.476 | step_limit
Ep 415 | 드론8 목적지45 |  776스텝 | 배송 45/45 | 재적재  6 | 중계율 0.04 | alpha 4.474 | complete
Ep 416 | 드론4 목적지60 | 1000스텝 | 배송 57/60 | 재적재  9 | 중계율 0.05 | alpha 4.421 | step_limit
Ep 417 | 드론3 목적지43 | 1000스텝 | 배송 39/43 | 재적재  7 | 중계율 0.09 | alpha 4.457 | step_limit
Ep 418 | 드론6 목적지75 | 1000스텝 | 배송 73/75 | 재적재 12 | 중계율 0.06 | alpha 4.517 | step_limit
Ep 419 | 드론8 목적지60 |  690스텝 | 배송 60/60 | 재적재 10 | 중계율 0.05 | alpha 4.511 | complete
Ep 420 | 드론3 목적지22 | 1000스텝 | 배송 17/22 | 재적재  1 | 중계율 0.12 | alpha 4.513 | step_limit
Ep 421 | 드론6 목적지40 |  734스텝 | 배송 40/40 | 재적재  5 | 중계율 0.05 | alpha 4.480 | complete
Ep 422 | 드론8 목적지52 |  801스텝 | 배송 52/52 | 재적재  8 | 중계율 0.05 | alpha 4.469 | complete
Ep 423 | 드론5 목적지29 |  635스텝 | 배송 29/29 | 재적재  5 | 중계율 0.07 | alpha 4.459 | complete
Ep 424 | 드론5 목적지29 |  512스텝 | 배송 29/29 | 재적재  3 | 중계율 0.05 | alpha 4.457 | complete
Ep 425 | 드론3 목적지80 | 1000스텝 | 배송 52/80 | 재적재  8 | 중계율 0.04 | alpha 4.475 | step_limit
Ep 426 | 드론6 목적지78 |  718스텝 | 배송 78/78 | 재적재 13 | 중계율 0.04 | alpha 4.508 | complete
Ep 427 | 드론4 목적지46 |  781스텝 | 배송 46/46 | 재적재  8 | 중계율 0.04 | alpha 4.519 | complete
Ep 428 | 드론6 목적지72 |  985스텝 | 배송 72/72 | 재적재 13 | 중계율 0.04 | alpha 4.560 | complete
Ep 429 | 드론5 목적지72 | 1000스텝 | 배송 62/72 | 재적재 11 | 중계율 0.05 | alpha 4.544 | step_limit
Ep 430 | 드론3 목적지78 | 1000스텝 | 배송 58/78 | 재적재 11 | 중계율 0.04 | alpha 4.497 | step_limit
Ep 431 | 드론5 목적지23 |  374스텝 | 배송 23/23 | 재적재  2 | 중계율 0.09 | alpha 4.513 | complete
Ep 432 | 드론8 목적지41 |  319스텝 | 배송 41/41 | 재적재  4 | 중계율 0.05 | alpha 4.525 | complete
Ep 433 | 드론3 목적지66 | 1000스텝 | 배송 48/66 | 재적재  9 | 중계율 0.06 | alpha 4.497 | step_limit
Ep 434 | 드론6 목적지62 |  785스텝 | 배송 62/62 | 재적재 11 | 중계율 0.06 | alpha 4.488 | complete
Ep 435 | 드론3 목적지32 | 1000스텝 | 배송 27/32 | 재적재  4 | 중계율 0.12 | alpha 4.478 | step_limit
Ep 436 | 드론8 목적지65 |  826스텝 | 배송 65/65 | 재적재 10 | 중계율 0.06 | alpha 4.480 | complete
Ep 437 | 드론6 목적지61 |  655스텝 | 배송 61/61 | 재적재  9 | 중계율 0.04 | alpha 4.462 | complete
Ep 438 | 드론3 목적지37 | 1000스텝 | 배송 34/37 | 재적재  5 | 중계율 0.10 | alpha 4.436 | step_limit
Ep 439 | 드론6 목적지49 |  943스텝 | 배송 49/49 | 재적재  8 | 중계율 0.07 | alpha 4.446 | complete
Ep 440 | 드론4 목적지42 | 1000스텝 | 배송 40/42 | 재적재  6 | 중계율 0.06 | alpha 4.416 | step_limit
Ep 441 | 드론3 목적지54 | 1000스텝 | 배송 46/54 | 재적재  8 | 중계율 0.07 | alpha 4.445 | step_limit
Ep 442 | 드론8 목적지41 |  434스텝 | 배송 41/41 | 재적재  6 | 중계율 0.05 | alpha 4.444 | complete
Ep 443 | 드론5 목적지61 | 1000스텝 | 배송 56/61 | 재적재 10 | 중계율 0.08 | alpha 4.424 | step_limit
Ep 444 | 드론5 목적지55 |  820스텝 | 배송 55/55 | 재적재  9 | 중계율 0.03 | alpha 4.450 | complete
Ep 445 | 드론3 목적지49 | 1000스텝 | 배송 41/49 | 재적재  7 | 중계율 0.09 | alpha 4.423 | step_limit
Ep 446 | 드론8 목적지72 |  588스텝 | 배송 72/72 | 재적재 11 | 중계율 0.03 | alpha 4.451 | complete
Ep 447 | 드론7 목적지40 |  929스텝 | 배송 40/40 | 재적재  6 | 중계율 0.09 | alpha 4.420 | complete
Ep 448 | 드론5 목적지71 | 1000스텝 | 배송 66/71 | 재적재 11 | 중계율 0.05 | alpha 4.449 | step_limit
Ep 449 | 드론6 목적지26 |  609스텝 | 배송 26/26 | 재적재  3 | 중계율 0.09 | alpha 4.445 | complete
Ep 450 | 드론3 목적지56 | 1000스텝 | 배송 49/56 | 재적재  9 | 중계율 0.05 | alpha 4.483 | step_limit
  [홀드아웃] 배송 45.8±3.7 완주 0.08 스텝 998 점수 45.8 재적재 7.5 2홉+ 0.61 | 최고 45.8@ep450 정체 0/15  ← 갱신
Ep 451 | 드론7 목적지51 |  728스텝 | 배송 51/51 | 재적재  7 | 중계율 0.05 | alpha 4.472 | complete
Ep 452 | 드론3 목적지34 |  804스텝 | 배송 34/34 | 재적재  5 | 중계율 0.06 | alpha 4.502 | complete
Ep 453 | 드론7 목적지47 |  631스텝 | 배송 47/47 | 재적재  7 | 중계율 0.07 | alpha 4.507 | complete
Ep 454 | 드론7 목적지70 |  880스텝 | 배송 70/70 | 재적재 12 | 중계율 0.05 | alpha 4.502 | complete
Ep 455 | 드론6 목적지44 | 1000스텝 | 배송 42/44 | 재적재  7 | 중계율 0.08 | alpha 4.479 | step_limit
Ep 456 | 드론8 목적지49 |  825스텝 | 배송 49/49 | 재적재  7 | 중계율 0.07 | alpha 4.441 | complete
Ep 457 | 드론8 목적지56 |  539스텝 | 배송 56/56 | 재적재  8 | 중계율 0.03 | alpha 4.417 | complete
Ep 458 | 드론8 목적지42 |  473스텝 | 배송 42/42 | 재적재  5 | 중계율 0.04 | alpha 4.433 | complete
Ep 459 | 드론4 목적지45 | 1000스텝 | 배송 44/45 | 재적재  7 | 중계율 0.08 | alpha 4.430 | step_limit
Ep 460 | 드론7 목적지73 |  909스텝 | 배송 73/73 | 재적재 13 | 중계율 0.05 | alpha 4.453 | complete
Ep 461 | 드론3 목적지30 | 1000스텝 | 배송 27/30 | 재적재  4 | 중계율 0.14 | alpha 4.401 | step_limit
Ep 462 | 드론4 목적지64 | 1000스텝 | 배송 63/64 | 재적재 11 | 중계율 0.06 | alpha 4.407 | step_limit
Ep 463 | 드론5 목적지63 |  860스텝 | 배송 63/63 | 재적재 10 | 중계율 0.05 | alpha 4.429 | complete
Ep 464 | 드론3 목적지68 | 1000스텝 | 배송 47/68 | 재적재  8 | 중계율 0.04 | alpha 4.467 | step_limit
Ep 465 | 드론8 목적지63 |  643스텝 | 배송 63/63 | 재적재  9 | 중계율 0.04 | alpha 4.456 | complete
Ep 466 | 드론7 목적지65 |  709스텝 | 배송 65/65 | 재적재 10 | 중계율 0.04 | alpha 4.482 | complete
Ep 467 | 드론6 목적지57 |  525스텝 | 배송 57/57 | 재적재 10 | 중계율 0.02 | alpha 4.496 | complete
Ep 468 | 드론4 목적지35 |  865스텝 | 배송 35/35 | 재적재  5 | 중계율 0.08 | alpha 4.432 | complete
Ep 469 | 드론5 목적지46 | 1000스텝 | 배송 42/46 | 재적재  6 | 중계율 0.09 | alpha 4.424 | step_limit
Ep 470 | 드론7 목적지53 |  444스텝 | 배송 53/53 | 재적재  8 | 중계율 0.03 | alpha 4.444 | complete
Ep 471 | 드론8 목적지45 |  515스텝 | 배송 45/45 | 재적재  6 | 중계율 0.03 | alpha 4.447 | complete
Ep 472 | 드론5 목적지53 |  789스텝 | 배송 53/53 | 재적재  9 | 중계율 0.07 | alpha 4.433 | complete
Ep 473 | 드론7 목적지71 |  748스텝 | 배송 71/71 | 재적재 13 | 중계율 0.06 | alpha 4.383 | complete
Ep 474 | 드론6 목적지25 |  659스텝 | 배송 25/25 | 재적재  4 | 중계율 0.09 | alpha 4.400 | complete
Ep 475 | 드론7 목적지40 |  520스텝 | 배송 40/40 | 재적재  6 | 중계율 0.04 | alpha 4.401 | complete
Ep 476 | 드론4 목적지33 | 1000스텝 | 배송 32/33 | 재적재  5 | 중계율 0.08 | alpha 4.404 | step_limit
Ep 477 | 드론4 목적지21 |  583스텝 | 배송 21/21 | 재적재  2 | 중계율 0.08 | alpha 4.424 | complete
Ep 478 | 드론6 목적지22 |  498스텝 | 배송 22/22 | 재적재  2 | 중계율 0.08 | alpha 4.440 | complete
Ep 479 | 드론8 목적지41 |  551스텝 | 배송 41/41 | 재적재  4 | 중계율 0.04 | alpha 4.457 | complete
Ep 480 | 드론5 목적지57 | 1000스텝 | 배송 54/57 | 재적재  9 | 중계율 0.04 | alpha 4.423 | step_limit
Ep 481 | 드론3 목적지66 | 1000스텝 | 배송 51/66 | 재적재  9 | 중계율 0.08 | alpha 4.404 | step_limit
Ep 482 | 드론6 목적지76 |  639스텝 | 배송 76/76 | 재적재 12 | 중계율 0.02 | alpha 4.425 | complete
Ep 483 | 드론5 목적지28 |  801스텝 | 배송 28/28 | 재적재  3 | 중계율 0.08 | alpha 4.445 | complete
Ep 484 | 드론8 목적지35 |  315스텝 | 배송 35/35 | 재적재  4 | 중계율 0.06 | alpha 4.458 | complete
Ep 485 | 드론7 목적지44 |  598스텝 | 배송 44/44 | 재적재  7 | 중계율 0.05 | alpha 4.454 | complete
Ep 486 | 드론8 목적지75 |  817스텝 | 배송 75/75 | 재적재 12 | 중계율 0.04 | alpha 4.382 | complete
Ep 487 | 드론5 목적지75 | 1000스텝 | 배송 74/75 | 재적재 13 | 중계율 0.04 | alpha 4.351 | step_limit
Ep 488 | 드론6 목적지60 |  579스텝 | 배송 60/60 | 재적재  9 | 중계율 0.03 | alpha 4.324 | complete
Ep 489 | 드론5 목적지80 |  952스텝 | 배송 80/80 | 재적재 14 | 중계율 0.05 | alpha 4.322 | complete
Ep 490 | 드론3 목적지30 |  988스텝 | 배송 30/30 | 재적재  5 | 중계율 0.06 | alpha 4.274 | complete
Ep 491 | 드론5 목적지59 |  971스텝 | 배송 59/59 | 재적재 10 | 중계율 0.05 | alpha 4.261 | complete
Ep 492 | 드론4 목적지74 | 1000스텝 | 배송 60/74 | 재적재 10 | 중계율 0.08 | alpha 4.322 | step_limit
Ep 493 | 드론3 목적지47 | 1000스텝 | 배송 38/47 | 재적재  6 | 중계율 0.06 | alpha 4.312 | step_limit
Ep 494 | 드론5 목적지52 | 1000스텝 | 배송 51/52 | 재적재  9 | 중계율 0.07 | alpha 4.366 | step_limit
Ep 495 | 드론4 목적지54 | 1000스텝 | 배송 41/54 | 재적재  7 | 중계율 0.05 | alpha 4.322 | step_limit
Ep 496 | 드론7 목적지56 |  736스텝 | 배송 56/56 | 재적재  9 | 중계율 0.07 | alpha 4.274 | complete
Ep 497 | 드론7 목적지73 |  778스텝 | 배송 73/73 | 재적재 11 | 중계율 0.04 | alpha 4.267 | complete
Ep 498 | 드론5 목적지22 |  333스텝 | 배송 22/22 | 재적재  2 | 중계율 0.06 | alpha 4.262 | complete
Ep 499 | 드론7 목적지55 |  711스텝 | 배송 55/55 | 재적재  9 | 중계율 0.07 | alpha 4.225 | complete
Ep 500 | 드론3 목적지55 | 1000스텝 | 배송 38/55 | 재적재  7 | 중계율 0.05 | alpha 4.212 | step_limit
  [홀드아웃] 배송 45.8±3.5 완주 0.17 스텝 994 점수 45.8 재적재 7.3 2홉+ 0.61 | 최고 45.8@ep500 정체 0/15  ← 갱신
Ep 501 | 드론8 목적지25 |  291스텝 | 배송 25/25 | 재적재  1 | 중계율 0.04 | alpha 4.216 | complete
Ep 502 | 드론4 목적지53 | 1000스텝 | 배송 36/53 | 재적재  6 | 중계율 0.10 | alpha 4.220 | step_limit
Ep 503 | 드론6 목적지73 |  840스텝 | 배송 73/73 | 재적재 11 | 중계율 0.03 | alpha 4.250 | complete
Ep 504 | 드론4 목적지60 | 1000스텝 | 배송 57/60 | 재적재 10 | 중계율 0.04 | alpha 4.271 | step_limit
Ep 505 | 드론4 목적지72 | 1000스텝 | 배송 65/72 | 재적재 11 | 중계율 0.06 | alpha 4.319 | step_limit
Ep 506 | 드론5 목적지76 | 1000스텝 | 배송 70/76 | 재적재 12 | 중계율 0.04 | alpha 4.274 | step_limit
Ep 507 | 드론8 목적지79 |  842스텝 | 배송 79/79 | 재적재 14 | 중계율 0.04 | alpha 4.285 | complete
Ep 508 | 드론7 목적지38 |  659스텝 | 배송 38/38 | 재적재  5 | 중계율 0.08 | alpha 4.272 | complete
Ep 509 | 드론5 목적지52 |  737스텝 | 배송 52/52 | 재적재  8 | 중계율 0.04 | alpha 4.265 | complete
Ep 510 | 드론4 목적지42 | 1000스텝 | 배송 41/42 | 재적재  7 | 중계율 0.07 | alpha 4.290 | step_limit
Ep 511 | 드론5 목적지21 |  535스텝 | 배송 21/21 | 재적재  2 | 중계율 0.09 | alpha 4.280 | complete
Ep 512 | 드론5 목적지23 |  590스텝 | 배송 23/23 | 재적재  3 | 중계율 0.07 | alpha 4.253 | complete
Ep 513 | 드론3 목적지66 | 1000스텝 | 배송 46/66 | 재적재  8 | 중계율 0.06 | alpha 4.228 | step_limit
Ep 514 | 드론4 목적지38 | 1000스텝 | 배송 37/38 | 재적재  5 | 중계율 0.05 | alpha 4.212 | step_limit
Ep 515 | 드론7 목적지23 |  465스텝 | 배송 23/23 | 재적재  2 | 중계율 0.08 | alpha 4.210 | complete
Ep 516 | 드론7 목적지34 |  535스텝 | 배송 34/34 | 재적재  4 | 중계율 0.06 | alpha 4.204 | complete
Ep 517 | 드론4 목적지73 | 1000스텝 | 배송 53/73 | 재적재  9 | 중계율 0.04 | alpha 4.158 | step_limit
Ep 518 | 드론7 목적지43 |  590스텝 | 배송 43/43 | 재적재  6 | 중계율 0.04 | alpha 4.165 | complete
Ep 519 | 드론4 목적지65 | 1000스텝 | 배송 59/65 | 재적재 11 | 중계율 0.06 | alpha 4.169 | step_limit
Ep 520 | 드론6 목적지55 |  667스텝 | 배송 55/55 | 재적재  9 | 중계율 0.04 | alpha 4.179 | complete
Ep 521 | 드론4 목적지62 | 1000스텝 | 배송 56/62 | 재적재 10 | 중계율 0.07 | alpha 4.187 | step_limit
Ep 522 | 드론7 목적지37 |  349스텝 | 배송 37/37 | 재적재  5 | 중계율 0.06 | alpha 4.185 | complete
Ep 523 | 드론8 목적지66 |  556스텝 | 배송 66/66 | 재적재 10 | 중계율 0.03 | alpha 4.174 | complete
Ep 524 | 드론5 목적지57 |  768스텝 | 배송 57/57 | 재적재  9 | 중계율 0.06 | alpha 4.147 | complete
Ep 525 | 드론4 목적지39 | 1000스텝 | 배송 37/39 | 재적재  5 | 중계율 0.08 | alpha 4.148 | step_limit
Ep 526 | 드론6 목적지73 |  831스텝 | 배송 73/73 | 재적재 12 | 중계율 0.05 | alpha 4.137 | complete
Ep 527 | 드론8 목적지58 |  667스텝 | 배송 58/58 | 재적재  9 | 중계율 0.04 | alpha 4.137 | complete
Ep 528 | 드론6 목적지46 |  592스텝 | 배송 46/46 | 재적재  7 | 중계율 0.04 | alpha 4.138 | complete
Ep 529 | 드론7 목적지20 |  313스텝 | 배송 20/20 | 재적재  2 | 중계율 0.10 | alpha 4.154 | complete
Ep 530 | 드론8 목적지72 |  518스텝 | 배송 72/72 | 재적재 10 | 중계율 0.02 | alpha 4.132 | complete
Ep 531 | 드론4 목적지21 |  877스텝 | 배송 21/21 | 재적재  2 | 중계율 0.10 | alpha 4.149 | complete
Ep 532 | 드론7 목적지32 |  392스텝 | 배송 32/32 | 재적재  4 | 중계율 0.08 | alpha 4.137 | complete
Ep 533 | 드론5 목적지79 |  940스텝 | 배송 79/79 | 재적재 13 | 중계율 0.06 | alpha 4.158 | complete
Ep 534 | 드론8 목적지56 |  604스텝 | 배송 56/56 | 재적재  8 | 중계율 0.04 | alpha 4.156 | complete
Ep 535 | 드론3 목적지68 | 1000스텝 | 배송 47/68 | 재적재  9 | 중계율 0.11 | alpha 4.154 | step_limit
Ep 536 | 드론6 목적지57 | 1000스텝 | 배송 47/57 | 재적재  8 | 중계율 0.06 | alpha 4.152 | step_limit
Ep 537 | 드론4 목적지49 | 1000스텝 | 배송 47/49 | 재적재  7 | 중계율 0.08 | alpha 4.121 | step_limit
Ep 538 | 드론5 목적지38 |  961스텝 | 배송 38/38 | 재적재  6 | 중계율 0.07 | alpha 4.131 | complete
Ep 539 | 드론6 목적지79 | 1000스텝 | 배송 73/79 | 재적재 13 | 중계율 0.05 | alpha 4.136 | step_limit
Ep 540 | 드론7 목적지70 |  629스텝 | 배송 70/70 | 재적재 11 | 중계율 0.03 | alpha 4.148 | complete
Ep 541 | 드론7 목적지77 |  670스텝 | 배송 77/77 | 재적재 13 | 중계율 0.04 | alpha 4.141 | complete
Ep 542 | 드론6 목적지53 |  757스텝 | 배송 53/53 | 재적재  9 | 중계율 0.04 | alpha 4.116 | complete
Ep 543 | 드론4 목적지49 | 1000스텝 | 배송 46/49 | 재적재  7 | 중계율 0.07 | alpha 4.097 | step_limit
Ep 544 | 드론8 목적지68 |  737스텝 | 배송 68/68 | 재적재 11 | 중계율 0.03 | alpha 4.098 | complete
Ep 545 | 드론7 목적지56 |  624스텝 | 배송 56/56 | 재적재  9 | 중계율 0.03 | alpha 4.117 | complete
Ep 546 | 드론8 목적지75 |  852스텝 | 배송 75/75 | 재적재 12 | 중계율 0.05 | alpha 4.123 | complete
Ep 547 | 드론5 목적지71 | 1000스텝 | 배송 70/71 | 재적재 11 | 중계율 0.08 | alpha 4.115 | step_limit
Ep 548 | 드론5 목적지80 | 1000스텝 | 배송 79/80 | 재적재 14 | 중계율 0.05 | alpha 4.157 | step_limit
Ep 549 | 드론7 목적지38 |  530스텝 | 배송 38/38 | 재적재  4 | 중계율 0.04 | alpha 4.155 | complete
Ep 550 | 드론6 목적지49 |  736스텝 | 배송 49/49 | 재적재  6 | 중계율 0.07 | alpha 4.109 | complete
  [홀드아웃] 배송 44.8±3.6 완주 0.17 스텝 990 점수 44.8 재적재 7.2 2홉+ 0.61 | 최고 45.8@ep500 정체 1/15
Ep 551 | 드론3 목적지56 | 1000스텝 | 배송 50/56 | 재적재  9 | 중계율 0.05 | alpha 4.082 | step_limit
Ep 552 | 드론8 목적지27 |  544스텝 | 배송 27/27 | 재적재  1 | 중계율 0.09 | alpha 4.066 | complete
Ep 553 | 드론3 목적지46 | 1000스텝 | 배송 44/46 | 재적재  8 | 중계율 0.07 | alpha 4.060 | step_limit
Ep 554 | 드론6 목적지72 |  923스텝 | 배송 72/72 | 재적재 12 | 중계율 0.05 | alpha 4.076 | complete
Ep 555 | 드론4 목적지68 | 1000스텝 | 배송 52/68 | 재적재  9 | 중계율 0.10 | alpha 4.092 | step_limit
Ep 556 | 드론4 목적지30 |  717스텝 | 배송 30/30 | 재적재  5 | 중계율 0.04 | alpha 4.052 | complete
Ep 557 | 드론5 목적지46 |  729스텝 | 배송 46/46 | 재적재  7 | 중계율 0.04 | alpha 4.060 | complete
Ep 558 | 드론6 목적지66 | 1000스텝 | 배송 65/66 | 재적재 10 | 중계율 0.11 | alpha 4.041 | step_limit
Ep 559 | 드론7 목적지78 | 1000스텝 | 배송 77/78 | 재적재 12 | 중계율 0.05 | alpha 4.023 | step_limit
Ep 560 | 드론4 목적지22 |  570스텝 | 배송 22/22 | 재적재  3 | 중계율 0.06 | alpha 4.025 | complete
Ep 561 | 드론4 목적지29 |  512스텝 | 배송 29/29 | 재적재  5 | 중계율 0.08 | alpha 3.989 | complete
Ep 562 | 드론7 목적지71 |  872스텝 | 배송 71/71 | 재적재 12 | 중계율 0.04 | alpha 3.964 | complete
Ep 563 | 드론8 목적지61 |  638스텝 | 배송 61/61 | 재적재 10 | 중계율 0.04 | alpha 3.953 | complete
Ep 564 | 드론8 목적지44 |  393스텝 | 배송 44/44 | 재적재  8 | 중계율 0.05 | alpha 3.940 | complete
Ep 565 | 드론8 목적지21 |  294스텝 | 배송 21/21 | 재적재  1 | 중계율 0.06 | alpha 3.955 | complete
Ep 566 | 드론6 목적지23 |  646스텝 | 배송 23/23 | 재적재  2 | 중계율 0.09 | alpha 3.970 | complete
Ep 567 | 드론7 목적지57 |  595스텝 | 배송 57/57 | 재적재  8 | 중계율 0.05 | alpha 3.972 | complete
Ep 568 | 드론8 목적지23 |  278스텝 | 배송 23/23 | 재적재  0 | 중계율 0.05 | alpha 3.951 | complete
Ep 569 | 드론6 목적지79 |  826스텝 | 배송 79/79 | 재적재 15 | 중계율 0.06 | alpha 3.902 | complete
Ep 570 | 드론6 목적지70 |  920스텝 | 배송 70/70 | 재적재 11 | 중계율 0.06 | alpha 3.909 | complete
Ep 571 | 드론7 목적지78 |  796스텝 | 배송 78/78 | 재적재 12 | 중계율 0.05 | alpha 3.894 | complete
Ep 572 | 드론6 목적지70 |  884스텝 | 배송 70/70 | 재적재 13 | 중계율 0.05 | alpha 3.916 | complete
Ep 573 | 드론3 목적지77 | 1000스텝 | 배송 51/77 | 재적재  9 | 중계율 0.06 | alpha 3.917 | step_limit
Ep 574 | 드론6 목적지34 |  418스텝 | 배송 34/34 | 재적재  4 | 중계율 0.06 | alpha 3.909 | complete
Ep 575 | 드론3 목적지21 |  889스텝 | 배송 21/21 | 재적재  3 | 중계율 0.09 | alpha 3.901 | complete
Ep 576 | 드론5 목적지39 |  444스텝 | 배송 39/39 | 재적재  5 | 중계율 0.03 | alpha 3.904 | complete
Ep 577 | 드론8 목적지53 |  818스텝 | 배송 53/53 | 재적재  8 | 중계율 0.07 | alpha 3.901 | complete
Ep 578 | 드론6 목적지29 |  438스텝 | 배송 29/29 | 재적재  3 | 중계율 0.06 | alpha 3.899 | complete
Ep 579 | 드론4 목적지67 | 1000스텝 | 배송 58/67 | 재적재 11 | 중계율 0.08 | alpha 3.959 | step_limit
Ep 580 | 드론6 목적지39 |  454스텝 | 배송 39/39 | 재적재  6 | 중계율 0.03 | alpha 3.953 | complete
Ep 581 | 드론5 목적지25 |  546스텝 | 배송 25/25 | 재적재  3 | 중계율 0.07 | alpha 3.942 | complete
Ep 582 | 드론3 목적지27 |  777스텝 | 배송 27/27 | 재적재  4 | 중계율 0.10 | alpha 3.937 | complete
Ep 583 | 드론3 목적지67 | 1000스텝 | 배송 53/67 | 재적재 10 | 중계율 0.06 | alpha 3.927 | step_limit
Ep 584 | 드론6 목적지70 |  727스텝 | 배송 70/70 | 재적재 12 | 중계율 0.05 | alpha 3.950 | complete
Ep 585 | 드론3 목적지50 | 1000스텝 | 배송 44/50 | 재적재  8 | 중계율 0.08 | alpha 3.979 | step_limit
Ep 586 | 드론3 목적지55 | 1000스텝 | 배송 41/55 | 재적재  7 | 중계율 0.09 | alpha 3.970 | step_limit
Ep 587 | 드론8 목적지46 |  559스텝 | 배송 46/46 | 재적재  7 | 중계율 0.05 | alpha 3.969 | complete
Ep 588 | 드론4 목적지39 |  722스텝 | 배송 39/39 | 재적재  6 | 중계율 0.09 | alpha 3.986 | complete
Ep 589 | 드론7 목적지48 |  791스텝 | 배송 48/48 | 재적재  8 | 중계율 0.07 | alpha 3.947 | complete
Ep 590 | 드론5 목적지55 |  657스텝 | 배송 55/55 | 재적재  9 | 중계율 0.05 | alpha 3.945 | complete
Ep 591 | 드론3 목적지70 | 1000스텝 | 배송 50/70 | 재적재  8 | 중계율 0.08 | alpha 3.944 | step_limit
Ep 592 | 드론4 목적지45 |  777스텝 | 배송 45/45 | 재적재  7 | 중계율 0.06 | alpha 3.940 | complete
Ep 593 | 드론5 목적지27 |  573스텝 | 배송 27/27 | 재적재  4 | 중계율 0.11 | alpha 3.914 | complete
Ep 594 | 드론5 목적지77 | 1000스텝 | 배송 54/77 | 재적재  9 | 중계율 0.10 | alpha 3.962 | step_limit
Ep 595 | 드론6 목적지64 | 1000스텝 | 배송 61/64 | 재적재 10 | 중계율 0.06 | alpha 3.905 | step_limit
Ep 596 | 드론3 목적지66 | 1000스텝 | 배송 50/66 | 재적재  9 | 중계율 0.05 | alpha 3.918 | step_limit
Ep 597 | 드론7 목적지31 |  605스텝 | 배송 31/31 | 재적재  5 | 중계율 0.08 | alpha 3.899 | complete
Ep 598 | 드론6 목적지64 | 1000스텝 | 배송 63/64 | 재적재 10 | 중계율 0.08 | alpha 3.899 | step_limit
Ep 599 | 드론3 목적지39 | 1000스텝 | 배송 35/39 | 재적재  6 | 중계율 0.08 | alpha 3.916 | step_limit
Ep 600 | 드론8 목적지80 |  701스텝 | 배송 80/80 | 재적재 14 | 중계율 0.04 | alpha 3.900 | complete
  [홀드아웃] 배송 45.8±2.6 완주 0.17 스텝 986 점수 45.8 재적재 7.4 2홉+ 0.63 | 최고 45.8@ep600 정체 0/15  ← 갱신
Ep 601 | 드론5 목적지28 |  540스텝 | 배송 28/28 | 재적재  3 | 중계율 0.05 | alpha 3.912 | complete
Ep 602 | 드론4 목적지78 | 1000스텝 | 배송 75/78 | 재적재 14 | 중계율 0.07 | alpha 3.889 | step_limit
Ep 603 | 드론4 목적지64 | 1000스텝 | 배송 44/64 | 재적재  7 | 중계율 0.09 | alpha 3.884 | step_limit
Ep 604 | 드론6 목적지68 |  737스텝 | 배송 68/68 | 재적재 12 | 중계율 0.02 | alpha 3.909 | complete
Ep 605 | 드론6 목적지55 | 1000스텝 | 배송 54/55 | 재적재  8 | 중계율 0.05 | alpha 3.909 | step_limit
Ep 606 | 드론7 목적지69 |  852스텝 | 배송 69/69 | 재적재 12 | 중계율 0.02 | alpha 3.935 | complete
Ep 607 | 드론4 목적지31 |  767스텝 | 배송 31/31 | 재적재  5 | 중계율 0.05 | alpha 3.919 | complete
Ep 608 | 드론5 목적지59 | 1000스텝 | 배송 57/59 | 재적재 10 | 중계율 0.09 | alpha 3.881 | step_limit
Ep 609 | 드론6 목적지56 |  959스텝 | 배송 56/56 | 재적재  8 | 중계율 0.06 | alpha 3.862 | complete
Ep 610 | 드론5 목적지59 |  955스텝 | 배송 59/59 | 재적재 11 | 중계율 0.07 | alpha 3.929 | complete
Ep 611 | 드론4 목적지21 |  612스텝 | 배송 21/21 | 재적재  2 | 중계율 0.11 | alpha 3.934 | complete
Ep 612 | 드론5 목적지27 |  687스텝 | 배송 27/27 | 재적재  3 | 중계율 0.10 | alpha 3.924 | complete
Ep 613 | 드론5 목적지80 |  995스텝 | 배송 80/80 | 재적재 15 | 중계율 0.06 | alpha 3.961 | complete
Ep 614 | 드론5 목적지54 |  746스텝 | 배송 54/54 | 재적재  9 | 중계율 0.06 | alpha 3.966 | complete
Ep 615 | 드론3 목적지56 | 1000스텝 | 배송 46/56 | 재적재  8 | 중계율 0.07 | alpha 3.907 | step_limit
Ep 616 | 드론7 목적지71 |  859스텝 | 배송 71/71 | 재적재 12 | 중계율 0.07 | alpha 3.932 | complete
Ep 617 | 드론4 목적지67 | 1000스텝 | 배송 53/67 | 재적재 10 | 중계율 0.06 | alpha 3.921 | step_limit
Ep 618 | 드론5 목적지52 |  988스텝 | 배송 52/52 | 재적재  8 | 중계율 0.07 | alpha 3.949 | complete
Ep 619 | 드론7 목적지54 |  782스텝 | 배송 54/54 | 재적재  8 | 중계율 0.06 | alpha 3.980 | complete
Ep 620 | 드론6 목적지66 |  891스텝 | 배송 66/66 | 재적재 12 | 중계율 0.07 | alpha 3.981 | complete
Ep 621 | 드론3 목적지46 | 1000스텝 | 배송 41/46 | 재적재  7 | 중계율 0.07 | alpha 3.940 | step_limit
Ep 622 | 드론4 목적지28 | 1000스텝 | 배송 25/28 | 재적재  4 | 중계율 0.09 | alpha 3.951 | step_limit
Ep 623 | 드론8 목적지44 |  436스텝 | 배송 44/44 | 재적재  7 | 중계율 0.04 | alpha 3.918 | complete
Ep 624 | 드론3 목적지42 | 1000스텝 | 배송 35/42 | 재적재  6 | 중계율 0.06 | alpha 3.913 | step_limit
Ep 625 | 드론5 목적지37 |  647스텝 | 배송 37/37 | 재적재  5 | 중계율 0.08 | alpha 3.883 | complete
Ep 626 | 드론5 목적지68 |  997스텝 | 배송 68/68 | 재적재 11 | 중계율 0.08 | alpha 3.897 | complete
Ep 627 | 드론8 목적지27 |  361스텝 | 배송 27/27 | 재적재  0 | 중계율 0.11 | alpha 3.910 | complete
Ep 628 | 드론8 목적지38 |  401스텝 | 배송 38/38 | 재적재  5 | 중계율 0.02 | alpha 3.935 | complete
Ep 629 | 드론6 목적지57 |  681스텝 | 배송 57/57 | 재적재 10 | 중계율 0.05 | alpha 3.918 | complete
Ep 630 | 드론3 목적지73 | 1000스텝 | 배송 48/73 | 재적재  8 | 중계율 0.09 | alpha 3.905 | step_limit
Ep 631 | 드론4 목적지58 | 1000스텝 | 배송 46/58 | 재적재  8 | 중계율 0.10 | alpha 3.898 | step_limit
Ep 632 | 드론7 목적지36 |  340스텝 | 배송 36/36 | 재적재  5 | 중계율 0.03 | alpha 3.918 | complete
Ep 633 | 드론3 목적지46 | 1000스텝 | 배송 44/46 | 재적재  7 | 중계율 0.05 | alpha 3.959 | step_limit
Ep 634 | 드론4 목적지25 |  627스텝 | 배송 25/25 | 재적재  4 | 중계율 0.07 | alpha 3.974 | complete
Ep 635 | 드론4 목적지39 |  999스텝 | 배송 39/39 | 재적재  7 | 중계율 0.12 | alpha 3.990 | complete
Ep 636 | 드론7 목적지28 |  350스텝 | 배송 28/28 | 재적재  3 | 중계율 0.10 | alpha 3.991 | complete
Ep 637 | 드론8 목적지39 |  596스텝 | 배송 39/39 | 재적재  6 | 중계율 0.04 | alpha 4.007 | complete
Ep 638 | 드론4 목적지46 | 1000스텝 | 배송 32/46 | 재적재  5 | 중계율 0.06 | alpha 3.995 | step_limit
Ep 639 | 드론8 목적지21 |  198스텝 | 배송 21/21 | 재적재  1 | 중계율 0.05 | alpha 3.992 | complete
Ep 640 | 드론3 목적지55 | 1000스텝 | 배송 40/55 | 재적재  7 | 중계율 0.08 | alpha 3.970 | step_limit
Ep 641 | 드론4 목적지74 | 1000스텝 | 배송 57/74 | 재적재 10 | 중계율 0.06 | alpha 3.977 | step_limit
Ep 642 | 드론5 목적지24 |  468스텝 | 배송 24/24 | 재적재  3 | 중계율 0.04 | alpha 3.980 | complete
Ep 643 | 드론6 목적지57 |  822스텝 | 배송 57/57 | 재적재  8 | 중계율 0.06 | alpha 3.980 | complete
Ep 644 | 드론4 목적지45 | 1000스텝 | 배송 41/45 | 재적재  7 | 중계율 0.06 | alpha 3.967 | step_limit
Ep 645 | 드론3 목적지48 | 1000스텝 | 배송 44/48 | 재적재  8 | 중계율 0.07 | alpha 3.982 | step_limit
Ep 646 | 드론5 목적지25 |  474스텝 | 배송 25/25 | 재적재  3 | 중계율 0.06 | alpha 3.964 | complete
Ep 647 | 드론4 목적지26 |  710스텝 | 배송 26/26 | 재적재  4 | 중계율 0.08 | alpha 3.980 | complete
Ep 648 | 드론4 목적지48 |  912스텝 | 배송 48/48 | 재적재  8 | 중계율 0.06 | alpha 4.005 | complete
Ep 649 | 드론7 목적지69 |  757스텝 | 배송 69/69 | 재적재 12 | 중계율 0.05 | alpha 3.993 | complete
Ep 650 | 드론4 목적지64 |  993스텝 | 배송 64/64 | 재적재 11 | 중계율 0.06 | alpha 3.981 | complete
  [홀드아웃] 배송 44.3±4.1 완주 0.08 스텝 994 점수 44.4 재적재 7.8 2홉+ 0.61 | 최고 45.8@ep600 정체 1/15
Ep 651 | 드론7 목적지77 |  706스텝 | 배송 77/77 | 재적재 13 | 중계율 0.03 | alpha 3.982 | complete
Ep 652 | 드론5 목적지32 |  463스텝 | 배송 32/32 | 재적재  4 | 중계율 0.03 | alpha 3.970 | complete
Ep 653 | 드론5 목적지77 | 1000스텝 | 배송 74/77 | 재적재 14 | 중계율 0.05 | alpha 3.958 | step_limit
Ep 654 | 드론8 목적지21 |  369스텝 | 배송 21/21 | 재적재  2 | 중계율 0.03 | alpha 3.974 | complete
Ep 655 | 드론4 목적지28 |  591스텝 | 배송 28/28 | 재적재  4 | 중계율 0.11 | alpha 3.989 | complete
Ep 656 | 드론5 목적지50 |  992스텝 | 배송 50/50 | 재적재  8 | 중계율 0.07 | alpha 3.967 | complete
Ep 657 | 드론6 목적지62 |  791스텝 | 배송 62/62 | 재적재 10 | 중계율 0.04 | alpha 3.968 | complete
Ep 658 | 드론3 목적지50 | 1000스텝 | 배송 44/50 | 재적재  7 | 중계율 0.09 | alpha 3.965 | step_limit
Ep 659 | 드론7 목적지39 |  330스텝 | 배송 39/39 | 재적재  5 | 중계율 0.04 | alpha 3.966 | complete
Ep 660 | 드론7 목적지65 |  743스텝 | 배송 65/65 | 재적재 10 | 중계율 0.05 | alpha 3.993 | complete
Ep 661 | 드론8 목적지20 |  351스텝 | 배송 20/20 | 재적재  1 | 중계율 0.08 | alpha 3.990 | complete
Ep 662 | 드론7 목적지46 |  683스텝 | 배송 46/46 | 재적재  5 | 중계율 0.05 | alpha 3.989 | complete
Ep 663 | 드론4 목적지78 | 1000스텝 | 배송 71/78 | 재적재 14 | 중계율 0.05 | alpha 3.978 | step_limit
Ep 664 | 드론4 목적지28 | 1000스텝 | 배송 26/28 | 재적재  4 | 중계율 0.08 | alpha 3.945 | step_limit
Ep 665 | 드론3 목적지25 |  990스텝 | 배송 25/25 | 재적재  4 | 중계율 0.13 | alpha 3.947 | complete
Ep 666 | 드론6 목적지74 | 1000스텝 | 배송 70/74 | 재적재 12 | 중계율 0.04 | alpha 3.957 | step_limit
Ep 667 | 드론5 목적지50 |  723스텝 | 배송 50/50 | 재적재  8 | 중계율 0.06 | alpha 3.925 | complete
Ep 668 | 드론7 목적지80 |  859스텝 | 배송 80/80 | 재적재 13 | 중계율 0.05 | alpha 3.946 | complete
Ep 669 | 드론6 목적지53 |  617스텝 | 배송 53/53 | 재적재  9 | 중계율 0.04 | alpha 3.963 | complete
Ep 670 | 드론3 목적지68 | 1000스텝 | 배송 46/68 | 재적재  8 | 중계율 0.11 | alpha 3.956 | step_limit
Ep 671 | 드론3 목적지60 | 1000스텝 | 배송 37/60 | 재적재  6 | 중계율 0.07 | alpha 3.956 | step_limit
Ep 672 | 드론3 목적지50 | 1000스텝 | 배송 46/50 | 재적재  8 | 중계율 0.09 | alpha 3.959 | step_limit
Ep 673 | 드론8 목적지54 |  649스텝 | 배송 54/54 | 재적재  8 | 중계율 0.04 | alpha 3.920 | complete
Ep 674 | 드론8 목적지73 |  737스텝 | 배송 73/73 | 재적재 11 | 중계율 0.04 | alpha 3.921 | complete
Ep 675 | 드론4 목적지74 | 1000스텝 | 배송 69/74 | 재적재 12 | 중계율 0.05 | alpha 3.928 | step_limit
Ep 676 | 드론5 목적지46 | 1000스텝 | 배송 44/46 | 재적재  7 | 중계율 0.05 | alpha 3.953 | step_limit
Ep 677 | 드론4 목적지79 | 1000스텝 | 배송 63/79 | 재적재 11 | 중계율 0.07 | alpha 3.922 | step_limit
Ep 678 | 드론6 목적지41 |  702스텝 | 배송 41/41 | 재적재  7 | 중계율 0.05 | alpha 3.885 | complete
Ep 679 | 드론7 목적지58 |  771스텝 | 배송 58/58 | 재적재  9 | 중계율 0.04 | alpha 3.848 | complete
Ep 680 | 드론4 목적지31 |  668스텝 | 배송 31/31 | 재적재  4 | 중계율 0.08 | alpha 3.847 | complete
Ep 681 | 드론7 목적지65 |  844스텝 | 배송 65/65 | 재적재 11 | 중계율 0.04 | alpha 3.865 | complete
Ep 682 | 드론5 목적지72 | 1000스텝 | 배송 57/72 | 재적재 10 | 중계율 0.04 | alpha 3.849 | step_limit
Ep 683 | 드론7 목적지52 |  533스텝 | 배송 52/52 | 재적재  8 | 중계율 0.02 | alpha 3.858 | complete
Ep 684 | 드론4 목적지40 | 1000스텝 | 배송 38/40 | 재적재  5 | 중계율 0.05 | alpha 3.853 | step_limit
Ep 685 | 드론5 목적지74 | 1000스텝 | 배송 73/74 | 재적재 13 | 중계율 0.05 | alpha 3.825 | step_limit
Ep 686 | 드론8 목적지58 |  420스텝 | 배송 58/58 | 재적재  9 | 중계율 0.04 | alpha 3.823 | complete
Ep 687 | 드론5 목적지46 |  977스텝 | 배송 46/46 | 재적재  8 | 중계율 0.06 | alpha 3.835 | complete
Ep 688 | 드론8 목적지33 |  246스텝 | 배송 33/33 | 재적재  2 | 중계율 0.01 | alpha 3.835 | complete
Ep 689 | 드론6 목적지80 | 1000스텝 | 배송 78/80 | 재적재 13 | 중계율 0.05 | alpha 3.835 | step_limit
Ep 690 | 드론4 목적지26 |  557스텝 | 배송 26/26 | 재적재  4 | 중계율 0.07 | alpha 3.840 | complete
Ep 691 | 드론5 목적지40 |  512스텝 | 배송 40/40 | 재적재  6 | 중계율 0.04 | alpha 3.809 | complete
Ep 692 | 드론4 목적지49 |  911스텝 | 배송 49/49 | 재적재  7 | 중계율 0.06 | alpha 3.785 | complete
Ep 693 | 드론7 목적지56 |  595스텝 | 배송 56/56 | 재적재  8 | 중계율 0.04 | alpha 3.796 | complete
Ep 694 | 드론5 목적지69 | 1000스텝 | 배송 65/69 | 재적재 12 | 중계율 0.07 | alpha 3.866 | step_limit
Ep 695 | 드론6 목적지32 |  582스텝 | 배송 32/32 | 재적재  4 | 중계율 0.06 | alpha 3.868 | complete
Ep 696 | 드론5 목적지48 | 1000스텝 | 배송 40/48 | 재적재  6 | 중계율 0.05 | alpha 3.854 | step_limit
Ep 697 | 드론4 목적지58 |  993스텝 | 배송 58/58 | 재적재 10 | 중계율 0.05 | alpha 3.856 | complete
Ep 698 | 드론6 목적지65 |  795스텝 | 배송 65/65 | 재적재 11 | 중계율 0.03 | alpha 3.874 | complete
Ep 699 | 드론6 목적지44 |  490스텝 | 배송 44/44 | 재적재  6 | 중계율 0.04 | alpha 3.904 | complete
Ep 700 | 드론8 목적지40 |  596스텝 | 배송 40/40 | 재적재  6 | 중계율 0.07 | alpha 3.893 | complete
  [홀드아웃] 배송 46.1±2.3 완주 0.00 스텝 1000 점수 46.1 재적재 7.8 2홉+ 0.65 | 최고 46.1@ep700 정체 0/15  ← 갱신
Ep 701 | 드론8 목적지26 |  198스텝 | 배송 26/26 | 재적재  0 | 중계율 0.02 | alpha 3.880 | complete
Ep 702 | 드론3 목적지66 | 1000스텝 | 배송 61/66 | 재적재 11 | 중계율 0.07 | alpha 3.909 | step_limit
Ep 703 | 드론4 목적지25 |  812스텝 | 배송 25/25 | 재적재  3 | 중계율 0.07 | alpha 3.919 | complete
Ep 704 | 드론8 목적지35 |  320스텝 | 배송 35/35 | 재적재  4 | 중계율 0.03 | alpha 3.910 | complete
Ep 705 | 드론5 목적지24 |  373스텝 | 배송 24/24 | 재적재  3 | 중계율 0.01 | alpha 3.880 | complete
Ep 706 | 드론4 목적지64 | 1000스텝 | 배송 59/64 | 재적재 10 | 중계율 0.03 | alpha 3.898 | step_limit
Ep 707 | 드론5 목적지24 |  826스텝 | 배송 24/24 | 재적재  3 | 중계율 0.09 | alpha 3.916 | complete
Ep 708 | 드론7 목적지68 |  797스텝 | 배송 68/68 | 재적재 11 | 중계율 0.04 | alpha 3.904 | complete
Ep 709 | 드론4 목적지57 |  808스텝 | 배송 57/57 | 재적재 10 | 중계율 0.08 | alpha 3.909 | complete
Ep 710 | 드론8 목적지78 |  779스텝 | 배송 78/78 | 재적재 14 | 중계율 0.04 | alpha 3.908 | complete
Ep 711 | 드론8 목적지34 |  712스텝 | 배송 34/34 | 재적재  3 | 중계율 0.06 | alpha 3.907 | complete
Ep 712 | 드론5 목적지21 |  522스텝 | 배송 21/21 | 재적재  2 | 중계율 0.08 | alpha 3.902 | complete
Ep 713 | 드론3 목적지63 | 1000스텝 | 배송 53/63 | 재적재  9 | 중계율 0.09 | alpha 3.930 | step_limit
Ep 714 | 드론4 목적지64 | 1000스텝 | 배송 63/64 | 재적재 11 | 중계율 0.08 | alpha 3.911 | step_limit
Ep 715 | 드론7 목적지43 |  361스텝 | 배송 43/43 | 재적재  7 | 중계율 0.06 | alpha 3.907 | complete
Ep 716 | 드론3 목적지39 | 1000스텝 | 배송 34/39 | 재적재  5 | 중계율 0.09 | alpha 3.944 | step_limit
Ep 717 | 드론5 목적지67 |  690스텝 | 배송 67/67 | 재적재 12 | 중계율 0.03 | alpha 3.923 | complete
Ep 718 | 드론6 목적지68 |  786스텝 | 배송 68/68 | 재적재 12 | 중계율 0.04 | alpha 3.962 | complete
Ep 719 | 드론6 목적지67 |  861스텝 | 배송 67/67 | 재적재 11 | 중계율 0.07 | alpha 3.903 | complete
Ep 720 | 드론3 목적지49 | 1000스텝 | 배송 46/49 | 재적재  9 | 중계율 0.06 | alpha 3.869 | step_limit
Ep 721 | 드론4 목적지29 |  837스텝 | 배송 29/29 | 재적재  4 | 중계율 0.09 | alpha 3.855 | complete
Ep 722 | 드론8 목적지59 |  741스텝 | 배송 59/59 | 재적재 10 | 중계율 0.03 | alpha 3.852 | complete
Ep 723 | 드론6 목적지70 |  849스텝 | 배송 70/70 | 재적재 11 | 중계율 0.06 | alpha 3.875 | complete
Ep 724 | 드론5 목적지69 | 1000스텝 | 배송 66/69 | 재적재 12 | 중계율 0.05 | alpha 3.813 | step_limit
Ep 725 | 드론5 목적지62 | 1000스텝 | 배송 59/62 | 재적재  9 | 중계율 0.08 | alpha 3.831 | step_limit
Ep 726 | 드론8 목적지56 |  675스텝 | 배송 56/56 | 재적재  9 | 중계율 0.02 | alpha 3.834 | complete
Ep 727 | 드론4 목적지57 |  971스텝 | 배송 57/57 | 재적재  9 | 중계율 0.05 | alpha 3.843 | complete
Ep 728 | 드론8 목적지43 |  430스텝 | 배송 43/43 | 재적재  6 | 중계율 0.04 | alpha 3.870 | complete
Ep 729 | 드론6 목적지77 |  835스텝 | 배송 77/77 | 재적재 13 | 중계율 0.04 | alpha 3.887 | complete
Ep 730 | 드론5 목적지27 |  750스텝 | 배송 27/27 | 재적재  4 | 중계율 0.09 | alpha 3.881 | complete
Ep 731 | 드론5 목적지80 | 1000스텝 | 배송 78/80 | 재적재 13 | 중계율 0.06 | alpha 3.849 | step_limit
Ep 732 | 드론4 목적지80 | 1000스텝 | 배송 74/80 | 재적재 14 | 중계율 0.06 | alpha 3.867 | step_limit
Ep 733 | 드론7 목적지64 |  782스텝 | 배송 64/64 | 재적재  9 | 중계율 0.04 | alpha 3.869 | complete
Ep 734 | 드론3 목적지38 | 1000스텝 | 배송 37/38 | 재적재  6 | 중계율 0.09 | alpha 3.881 | step_limit
Ep 735 | 드론6 목적지63 |  886스텝 | 배송 63/63 | 재적재 10 | 중계율 0.05 | alpha 3.886 | complete
Ep 736 | 드론4 목적지52 |  947스텝 | 배송 52/52 | 재적재  9 | 중계율 0.07 | alpha 3.941 | complete
Ep 737 | 드론4 목적지41 |  956스텝 | 배송 41/41 | 재적재  7 | 중계율 0.08 | alpha 3.906 | complete
Ep 738 | 드론6 목적지49 |  880스텝 | 배송 49/49 | 재적재  8 | 중계율 0.06 | alpha 3.887 | complete
Ep 739 | 드론5 목적지27 |  752스텝 | 배송 27/27 | 재적재  4 | 중계율 0.08 | alpha 3.892 | complete
Ep 740 | 드론3 목적지32 |  993스텝 | 배송 32/32 | 재적재  6 | 중계율 0.12 | alpha 3.849 | complete
Ep 741 | 드론4 목적지25 |  827스텝 | 배송 25/25 | 재적재  4 | 중계율 0.10 | alpha 3.822 | complete
Ep 742 | 드론3 목적지48 | 1000스텝 | 배송 40/48 | 재적재  7 | 중계율 0.06 | alpha 3.824 | step_limit
Ep 743 | 드론6 목적지54 |  773스텝 | 배송 54/54 | 재적재  9 | 중계율 0.06 | alpha 3.822 | complete
Ep 744 | 드론6 목적지24 |  269스텝 | 배송 24/24 | 재적재  1 | 중계율 0.06 | alpha 3.812 | complete
Ep 745 | 드론8 목적지37 |  447스텝 | 배송 37/37 | 재적재  4 | 중계율 0.04 | alpha 3.809 | complete
Ep 746 | 드론5 목적지50 |  831스텝 | 배송 50/50 | 재적재  9 | 중계율 0.07 | alpha 3.836 | complete
Ep 747 | 드론3 목적지78 | 1000스텝 | 배송 35/78 | 재적재  6 | 중계율 0.03 | alpha 3.865 | step_limit
Ep 748 | 드론5 목적지33 |  569스텝 | 배송 33/33 | 재적재  5 | 중계율 0.04 | alpha 3.864 | complete
Ep 749 | 드론5 목적지20 |  525스텝 | 배송 20/20 | 재적재  1 | 중계율 0.08 | alpha 3.852 | complete
Ep 750 | 드론7 목적지80 |  833스텝 | 배송 80/80 | 재적재 14 | 중계율 0.04 | alpha 3.806 | complete
  [홀드아웃] 배송 45.3±2.0 완주 0.00 스텝 1000 점수 45.3 재적재 7.8 2홉+ 0.63 | 최고 46.1@ep700 정체 1/15
Ep 751 | 드론8 목적지29 |  437스텝 | 배송 29/29 | 재적재  3 | 중계율 0.04 | alpha 3.800 | complete
Ep 752 | 드론6 목적지21 |  567스텝 | 배송 21/21 | 재적재  2 | 중계율 0.07 | alpha 3.795 | complete
Ep 753 | 드론8 목적지21 |  295스텝 | 배송 21/21 | 재적재  1 | 중계율 0.05 | alpha 3.788 | complete
Ep 754 | 드론6 목적지39 |  398스텝 | 배송 39/39 | 재적재  4 | 중계율 0.04 | alpha 3.793 | complete
Ep 755 | 드론3 목적지68 | 1000스텝 | 배송 51/68 | 재적재  9 | 중계율 0.05 | alpha 3.806 | step_limit
Ep 756 | 드론4 목적지80 | 1000스텝 | 배송 72/80 | 재적재 13 | 중계율 0.04 | alpha 3.803 | step_limit
Ep 757 | 드론6 목적지62 |  934스텝 | 배송 62/62 | 재적재 10 | 중계율 0.05 | alpha 3.807 | complete
Ep 758 | 드론7 목적지36 |  777스텝 | 배송 36/36 | 재적재  5 | 중계율 0.07 | alpha 3.768 | complete
Ep 759 | 드론7 목적지46 |  928스텝 | 배송 46/46 | 재적재  8 | 중계율 0.07 | alpha 3.798 | complete
Ep 760 | 드론4 목적지23 |  913스텝 | 배송 23/23 | 재적재  3 | 중계율 0.08 | alpha 3.787 | complete
Ep 761 | 드론8 목적지36 |  436스텝 | 배송 36/36 | 재적재  4 | 중계율 0.03 | alpha 3.783 | complete
Ep 762 | 드론3 목적지66 |  869스텝 | 배송 32/66 | 재적재  5 | 중계율 0.01 | alpha 3.817 | no_progress
Ep 763 | 드론3 목적지24 |  828스텝 | 배송 24/24 | 재적재  4 | 중계율 0.11 | alpha 3.826 | complete
Ep 764 | 드론4 목적지27 |  478스텝 | 배송 27/27 | 재적재  4 | 중계율 0.05 | alpha 3.840 | complete
Ep 765 | 드론6 목적지43 |  692스텝 | 배송 43/43 | 재적재  5 | 중계율 0.07 | alpha 3.816 | complete
Ep 766 | 드론3 목적지25 | 1000스텝 | 배송 22/25 | 재적재  3 | 중계율 0.11 | alpha 3.826 | step_limit
Ep 767 | 드론3 목적지65 | 1000스텝 | 배송 45/65 | 재적재  7 | 중계율 0.09 | alpha 3.814 | step_limit
Ep 768 | 드론3 목적지50 | 1000스텝 | 배송 46/50 | 재적재  8 | 중계율 0.05 | alpha 3.816 | step_limit
Ep 769 | 드론7 목적지40 |  635스텝 | 배송 40/40 | 재적재  7 | 중계율 0.06 | alpha 3.835 | complete
Ep 770 | 드론7 목적지58 |  804스텝 | 배송 58/58 | 재적재  9 | 중계율 0.05 | alpha 3.813 | complete
Ep 771 | 드론3 목적지28 | 1000스텝 | 배송 25/28 | 재적재  4 | 중계율 0.11 | alpha 3.815 | step_limit
Ep 772 | 드론7 목적지53 |  551스텝 | 배송 53/53 | 재적재  7 | 중계율 0.04 | alpha 3.795 | complete
Ep 773 | 드론3 목적지60 | 1000스텝 | 배송 49/60 | 재적재  9 | 중계율 0.05 | alpha 3.820 | step_limit
Ep 774 | 드론5 목적지60 | 1000스텝 | 배송 53/60 | 재적재  9 | 중계율 0.07 | alpha 3.804 | step_limit
Ep 775 | 드론3 목적지62 | 1000스텝 | 배송 43/62 | 재적재  8 | 중계율 0.07 | alpha 3.797 | step_limit
Ep 776 | 드론3 목적지47 | 1000스텝 | 배송 38/47 | 재적재  7 | 중계율 0.07 | alpha 3.792 | step_limit
Ep 777 | 드론3 목적지77 | 1000스텝 | 배송 64/77 | 재적재 11 | 중계율 0.06 | alpha 3.779 | step_limit
Ep 778 | 드론4 목적지29 |  973스텝 | 배송 29/29 | 재적재  5 | 중계율 0.04 | alpha 3.846 | complete
Ep 779 | 드론5 목적지79 | 1000스텝 | 배송 60/79 | 재적재 10 | 중계율 0.13 | alpha 3.839 | step_limit
Ep 780 | 드론8 목적지50 |  547스텝 | 배송 50/50 | 재적재  7 | 중계율 0.05 | alpha 3.829 | complete
Ep 781 | 드론3 목적지53 | 1000스텝 | 배송 42/53 | 재적재  8 | 중계율 0.07 | alpha 3.797 | step_limit
Ep 782 | 드론4 목적지35 | 1000스텝 | 배송 24/35 | 재적재  3 | 중계율 0.10 | alpha 3.788 | step_limit
Ep 783 | 드론8 목적지55 |  575스텝 | 배송 55/55 | 재적재  8 | 중계율 0.05 | alpha 3.787 | complete
Ep 784 | 드론3 목적지53 | 1000스텝 | 배송 37/53 | 재적재  7 | 중계율 0.08 | alpha 3.798 | step_limit
Ep 785 | 드론7 목적지56 |  709스텝 | 배송 56/56 | 재적재  9 | 중계율 0.06 | alpha 3.819 | complete
Ep 786 | 드론4 목적지73 | 1000스텝 | 배송 65/73 | 재적재 11 | 중계율 0.07 | alpha 3.823 | step_limit
Ep 787 | 드론6 목적지70 |  986스텝 | 배송 70/70 | 재적재 12 | 중계율 0.05 | alpha 3.766 | complete
Ep 788 | 드론4 목적지31 |  634스텝 | 배송 31/31 | 재적재  5 | 중계율 0.09 | alpha 3.777 | complete
Ep 789 | 드론5 목적지40 |  595스텝 | 배송 40/40 | 재적재  7 | 중계율 0.04 | alpha 3.801 | complete
Ep 790 | 드론8 목적지29 |  451스텝 | 배송 29/29 | 재적재  2 | 중계율 0.06 | alpha 3.794 | complete
Ep 791 | 드론8 목적지38 |  522스텝 | 배송 38/38 | 재적재  5 | 중계율 0.06 | alpha 3.786 | complete
Ep 792 | 드론7 목적지77 |  840스텝 | 배송 77/77 | 재적재 14 | 중계율 0.07 | alpha 3.785 | complete
Ep 793 | 드론3 목적지71 | 1000스텝 | 배송 55/71 | 재적재 11 | 중계율 0.08 | alpha 3.843 | step_limit
Ep 794 | 드론3 목적지33 | 1000스텝 | 배송 32/33 | 재적재  6 | 중계율 0.10 | alpha 3.844 | step_limit
Ep 795 | 드론5 목적지76 | 1000스텝 | 배송 68/76 | 재적재 13 | 중계율 0.06 | alpha 3.797 | step_limit
Ep 796 | 드론5 목적지65 |  920스텝 | 배송 65/65 | 재적재 11 | 중계율 0.05 | alpha 3.775 | complete
Ep 797 | 드론6 목적지72 |  821스텝 | 배송 72/72 | 재적재 13 | 중계율 0.04 | alpha 3.815 | complete
Ep 798 | 드론6 목적지54 |  974스텝 | 배송 54/54 | 재적재  9 | 중계율 0.09 | alpha 3.813 | complete
Ep 799 | 드론3 목적지35 | 1000스텝 | 배송 32/35 | 재적재  5 | 중계율 0.08 | alpha 3.827 | step_limit
Ep 800 | 드론5 목적지78 | 1000스텝 | 배송 77/78 | 재적재 14 | 중계율 0.06 | alpha 3.845 | step_limit
  [홀드아웃] 배송 46.0±2.7 완주 0.17 스텝 988 점수 46.1 재적재 7.7 2홉+ 0.64 | 최고 46.1@ep700 정체 2/15
Training finished. best=46.1 @ ep700
