/home/kopt/enter/envs/wsl_neuroMCTS/lib/python3.10/site-packages/pygame/pkgdata.py:25: UserWarning: pkg_resources is deprecated as an API. See https://setuptools.pypa.io/en/latest/pkg_resources.html. The pkg_resources package is slated for removal as early as 2025-11-30. Refrain from using this package or pin to Setuptools<81.
  from pkg_resources import resource_stream, resource_exists
pygame 2.6.1 (SDL 2.28.4, Python 3.10.19)
Hello from the pygame community. https://www.pygame.org/contribute.html
이어받기: weights/v5_26_09_15_23_s3b/latest.pth (ep1500) — 에피소드·최고 기록은 초기화
집합 상위 학습 | 반경 300 상한 1000 무배송 500 gamma 0.999 구성=무작위 드론[3, 8] 목적지[20, 80] CC무작위 인스턴스=무작위 목표유지=off 완주보상=0.0 선택=makespan
/home/kopt/drone/proposed_src/pipeline/train_v5_26_09_15_23.py:298: UserWarning: Converting a tensor with requires_grad=True to a scalar may lead to unexpected behavior.
Consider using tensor.detach() first. (Triggered internally at /pytorch/torch/csrc/autograd/generated/python_variable_methods.cpp:836.)
  writer.add_scalar("train/alpha", float(log_alpha.exp()), ep)
Ep 1 | 드론8 목적지57 |  397스텝 | 배송 57/57 | 재적재  8 | 중계율 0.01 | alpha 3.289 | complete
Ep 2 | 드론3 목적지50 | 1000스텝 | 배송 48/50 | 재적재  9 | 중계율 0.10 | alpha 3.289 | step_limit
Ep 3 | 드론7 목적지72 |  741스텝 | 배송 72/72 | 재적재 13 | 중계율 0.03 | alpha 3.289 | complete
Ep 4 | 드론3 목적지46 | 1000스텝 | 배송 43/46 | 재적재  8 | 중계율 0.06 | alpha 3.289 | step_limit
Ep 5 | 드론5 목적지58 | 1000스텝 | 배송 47/58 | 재적재  8 | 중계율 0.19 | alpha 3.498 | step_limit
Ep 6 | 드론3 목적지61 | 1000스텝 | 배송 45/61 | 재적재  8 | 중계율 0.06 | alpha 3.799 | step_limit
Ep 7 | 드론3 목적지30 | 1000스텝 | 배송 27/30 | 재적재  4 | 중계율 0.06 | alpha 4.062 | step_limit
Ep 8 | 드론3 목적지69 | 1000스텝 | 배송 54/69 | 재적재  9 | 중계율 0.03 | alpha 4.265 | step_limit
Ep 9 | 드론5 목적지66 | 1000스텝 | 배송 63/66 | 재적재 11 | 중계율 0.04 | alpha 4.463 | step_limit
Ep 10 | 드론4 목적지26 | 1000스텝 | 배송 22/26 | 재적재  3 | 중계율 0.02 | alpha 4.623 | step_limit
Ep 11 | 드론8 목적지32 |  506스텝 | 배송 32/32 | 재적재  3 | 중계율 0.03 | alpha 4.689 | complete
Ep 12 | 드론5 목적지35 | 1000스텝 | 배송 34/35 | 재적재  5 | 중계율 0.07 | alpha 4.769 | step_limit
Ep 13 | 드론5 목적지23 |  626스텝 | 배송 23/23 | 재적재  3 | 중계율 0.08 | alpha 4.792 | complete
Ep 14 | 드론4 목적지61 | 1000스텝 | 배송 40/61 | 재적재  7 | 중계율 0.08 | alpha 4.760 | step_limit
Ep 15 | 드론7 목적지78 | 1000스텝 | 배송 74/78 | 재적재 12 | 중계율 0.05 | alpha 4.700 | step_limit
Ep 16 | 드론7 목적지46 |  581스텝 | 배송 46/46 | 재적재  5 | 중계율 0.04 | alpha 4.670 | complete
Ep 17 | 드론6 목적지74 |  862스텝 | 배송 74/74 | 재적재 12 | 중계율 0.03 | alpha 4.650 | complete
Ep 18 | 드론5 목적지24 |  356스텝 | 배송 24/24 | 재적재  2 | 중계율 0.04 | alpha 4.635 | complete
Ep 19 | 드론6 목적지24 |  861스텝 | 배송 24/24 | 재적재  2 | 중계율 0.10 | alpha 4.646 | complete
Ep 20 | 드론5 목적지66 | 1000스텝 | 배송 65/66 | 재적재 11 | 중계율 0.11 | alpha 4.724 | step_limit
Ep 21 | 드론5 목적지43 | 1000스텝 | 배송 40/43 | 재적재  6 | 중계율 0.07 | alpha 4.809 | step_limit
Ep 22 | 드론5 목적지43 |  785스텝 | 배송 43/43 | 재적재  6 | 중계율 0.07 | alpha 4.931 | complete
Ep 23 | 드론3 목적지22 | 1000스텝 | 배송 19/22 | 재적재  3 | 중계율 0.10 | alpha 5.032 | step_limit
Ep 24 | 드론5 목적지35 |  627스텝 | 배송 35/35 | 재적재  5 | 중계율 0.07 | alpha 5.096 | complete
Ep 25 | 드론7 목적지25 |  406스텝 | 배송 25/25 | 재적재  0 | 중계율 0.11 | alpha 5.151 | complete
Ep 26 | 드론4 목적지79 | 1000스텝 | 배송 67/79 | 재적재 12 | 중계율 0.04 | alpha 5.248 | step_limit
Ep 27 | 드론7 목적지63 |  576스텝 | 배송 63/63 | 재적재 11 | 중계율 0.06 | alpha 5.248 | complete
Ep 28 | 드론4 목적지77 | 1000스텝 | 배송 68/77 | 재적재 12 | 중계율 0.04 | alpha 5.299 | step_limit
Ep 29 | 드론5 목적지34 | 1000스텝 | 배송 31/34 | 재적재  4 | 중계율 0.08 | alpha 5.345 | step_limit
Ep 30 | 드론5 목적지25 |  798스텝 | 배송 25/25 | 재적재  3 | 중계율 0.07 | alpha 5.438 | complete
Ep 31 | 드론7 목적지68 |  667스텝 | 배송 68/68 | 재적재 11 | 중계율 0.03 | alpha 5.532 | complete
Ep 32 | 드론5 목적지79 | 1000스텝 | 배송 70/79 | 재적재 12 | 중계율 0.05 | alpha 5.722 | step_limit
Ep 33 | 드론5 목적지62 | 1000스텝 | 배송 61/62 | 재적재 10 | 중계율 0.04 | alpha 5.930 | step_limit
Ep 34 | 드론5 목적지33 | 1000스텝 | 배송 32/33 | 재적재  5 | 중계율 0.11 | alpha 6.002 | step_limit
Ep 35 | 드론5 목적지26 |  709스텝 | 배송 26/26 | 재적재  3 | 중계율 0.04 | alpha 6.062 | complete
Ep 36 | 드론5 목적지57 | 1000스텝 | 배송 56/57 | 재적재 10 | 중계율 0.07 | alpha 6.134 | step_limit
Ep 37 | 드론5 목적지29 |  943스텝 | 배송 29/29 | 재적재  4 | 중계율 0.10 | alpha 6.260 | complete
Ep 38 | 드론6 목적지63 | 1000스텝 | 배송 59/63 | 재적재 11 | 중계율 0.04 | alpha 6.273 | step_limit
Ep 39 | 드론6 목적지44 |  735스텝 | 배송 44/44 | 재적재  5 | 중계율 0.05 | alpha 6.245 | complete
Ep 40 | 드론8 목적지56 |  464스텝 | 배송 56/56 | 재적재  8 | 중계율 0.05 | alpha 6.192 | complete
Ep 41 | 드론8 목적지21 |  171스텝 | 배송 21/21 | 재적재  0 | 중계율 0.01 | alpha 6.197 | complete
Ep 42 | 드론3 목적지24 | 1000스텝 | 배송 20/24 | 재적재  3 | 중계율 0.07 | alpha 6.160 | step_limit
Ep 43 | 드론5 목적지52 |  889스텝 | 배송 52/52 | 재적재  9 | 중계율 0.08 | alpha 6.175 | complete
Ep 44 | 드론5 목적지72 |  829스텝 | 배송 72/72 | 재적재 11 | 중계율 0.05 | alpha 6.146 | complete
Ep 45 | 드론4 목적지52 | 1000스텝 | 배송 40/52 | 재적재  6 | 중계율 0.03 | alpha 6.164 | step_limit
Ep 46 | 드론8 목적지72 |  722스텝 | 배송 72/72 | 재적재 12 | 중계율 0.07 | alpha 6.158 | complete
Ep 47 | 드론5 목적지69 |  916스텝 | 배송 69/69 | 재적재 12 | 중계율 0.07 | alpha 6.124 | complete
Ep 48 | 드론4 목적지56 | 1000스텝 | 배송 51/56 | 재적재  9 | 중계율 0.08 | alpha 6.046 | step_limit
Ep 49 | 드론8 목적지78 | 1000스텝 | 배송 77/78 | 재적재 11 | 중계율 0.05 | alpha 6.088 | step_limit
Ep 50 | 드론7 목적지40 |  632스텝 | 배송 40/40 | 재적재  6 | 중계율 0.09 | alpha 6.086 | complete
  [홀드아웃] 배송 38.3±9.7 완주 0.00 스텝 965 점수 38.5 재적재 5.7 2홉+ 0.65 | 최고 38.5@ep50 정체 0/15  ← 갱신
Ep 51 | 드론8 목적지51 |  418스텝 | 배송 51/51 | 재적재  7 | 중계율 0.04 | alpha 6.092 | complete
Ep 52 | 드론3 목적지42 | 1000스텝 | 배송 34/42 | 재적재  5 | 중계율 0.07 | alpha 6.113 | step_limit
Ep 53 | 드론8 목적지60 |  671스텝 | 배송 60/60 | 재적재  9 | 중계율 0.08 | alpha 6.122 | complete
Ep 54 | 드론4 목적지49 | 1000스텝 | 배송 47/49 | 재적재  8 | 중계율 0.09 | alpha 6.133 | step_limit
Ep 55 | 드론5 목적지40 |  771스텝 | 배송 40/40 | 재적재  6 | 중계율 0.07 | alpha 6.126 | complete
Ep 56 | 드론6 목적지61 | 1000스텝 | 배송 59/61 | 재적재 10 | 중계율 0.13 | alpha 6.107 | step_limit
Ep 57 | 드론3 목적지53 | 1000스텝 | 배송 41/53 | 재적재  8 | 중계율 0.06 | alpha 6.125 | step_limit
Ep 58 | 드론8 목적지57 |  612스텝 | 배송 57/57 | 재적재  8 | 중계율 0.06 | alpha 6.156 | complete
Ep 59 | 드론3 목적지50 | 1000스텝 | 배송 40/50 | 재적재  7 | 중계율 0.10 | alpha 6.261 | step_limit
Ep 60 | 드론5 목적지21 |  803스텝 | 배송 21/21 | 재적재  2 | 중계율 0.10 | alpha 6.297 | complete
Ep 61 | 드론7 목적지26 |  214스텝 | 배송 26/26 | 재적재  1 | 중계율 0.06 | alpha 6.298 | complete
Ep 62 | 드론7 목적지55 |  991스텝 | 배송 55/55 | 재적재  8 | 중계율 0.06 | alpha 6.402 | complete
Ep 63 | 드론7 목적지68 |  808스텝 | 배송 68/68 | 재적재 11 | 중계율 0.11 | alpha 6.517 | complete
Ep 64 | 드론3 목적지41 | 1000스텝 | 배송 31/41 | 재적재  5 | 중계율 0.07 | alpha 6.495 | step_limit
Ep 65 | 드론6 목적지68 | 1000스텝 | 배송 66/68 | 재적재 12 | 중계율 0.06 | alpha 6.554 | step_limit
Ep 66 | 드론3 목적지61 |  967스텝 | 배송 35/61 | 재적재  5 | 중계율 0.01 | alpha 6.556 | no_progress
Ep 67 | 드론3 목적지53 | 1000스텝 | 배송 37/53 | 재적재  6 | 중계율 0.06 | alpha 6.675 | step_limit
Ep 68 | 드론4 목적지44 |  761스텝 | 배송 44/44 | 재적재  7 | 중계율 0.08 | alpha 6.748 | complete
Ep 69 | 드론5 목적지34 |  709스텝 | 배송 34/34 | 재적재  5 | 중계율 0.08 | alpha 6.775 | complete
Ep 70 | 드론5 목적지31 | 1000스텝 | 배송 29/31 | 재적재  4 | 중계율 0.09 | alpha 6.796 | step_limit
Ep 71 | 드론7 목적지71 |  721스텝 | 배송 71/71 | 재적재 11 | 중계율 0.03 | alpha 6.828 | complete
Ep 72 | 드론3 목적지53 | 1000스텝 | 배송 39/53 | 재적재  6 | 중계율 0.06 | alpha 6.766 | step_limit
Ep 73 | 드론4 목적지21 | 1000스텝 | 배송 17/21 | 재적재  1 | 중계율 0.09 | alpha 6.746 | step_limit
Ep 74 | 드론7 목적지45 | 1000스텝 | 배송 43/45 | 재적재  7 | 중계율 0.09 | alpha 6.676 | step_limit
Ep 75 | 드론6 목적지40 | 1000스텝 | 배송 37/40 | 재적재  5 | 중계율 0.11 | alpha 6.687 | step_limit
Ep 76 | 드론5 목적지75 | 1000스텝 | 배송 50/75 | 재적재  8 | 중계율 0.06 | alpha 6.799 | step_limit
Ep 77 | 드론6 목적지24 |  421스텝 | 배송 24/24 | 재적재  2 | 중계율 0.12 | alpha 6.828 | complete
Ep 78 | 드론5 목적지64 |  907스텝 | 배송 64/64 | 재적재 11 | 중계율 0.08 | alpha 6.825 | complete
Ep 79 | 드론3 목적지41 | 1000스텝 | 배송 38/41 | 재적재  6 | 중계율 0.10 | alpha 6.794 | step_limit
Ep 80 | 드론3 목적지69 | 1000스텝 | 배송 50/69 | 재적재  9 | 중계율 0.05 | alpha 6.841 | step_limit
Ep 81 | 드론7 목적지47 | 1000스텝 | 배송 44/47 | 재적재  7 | 중계율 0.10 | alpha 6.818 | step_limit
Ep 82 | 드론8 목적지69 |  965스텝 | 배송 69/69 | 재적재 12 | 중계율 0.06 | alpha 6.760 | complete
Ep 83 | 드론6 목적지31 |  399스텝 | 배송 31/31 | 재적재  5 | 중계율 0.07 | alpha 6.735 | complete
Ep 84 | 드론4 목적지33 |  768스텝 | 배송 33/33 | 재적재  5 | 중계율 0.10 | alpha 6.641 | complete
Ep 85 | 드론5 목적지38 |  488스텝 | 배송 38/38 | 재적재  5 | 중계율 0.04 | alpha 6.625 | complete
Ep 86 | 드론8 목적지24 |  447스텝 | 배송 24/24 | 재적재  1 | 중계율 0.08 | alpha 6.593 | complete
Ep 87 | 드론3 목적지30 | 1000스텝 | 배송 26/30 | 재적재  3 | 중계율 0.10 | alpha 6.630 | step_limit
Ep 88 | 드론5 목적지38 | 1000스텝 | 배송 36/38 | 재적재  6 | 중계율 0.07 | alpha 6.619 | step_limit
Ep 89 | 드론4 목적지57 | 1000스텝 | 배송 47/57 | 재적재  8 | 중계율 0.12 | alpha 6.524 | step_limit
Ep 90 | 드론7 목적지21 |  324스텝 | 배송 21/21 | 재적재  1 | 중계율 0.10 | alpha 6.495 | complete
Ep 91 | 드론8 목적지77 |  894스텝 | 배송 77/77 | 재적재 11 | 중계율 0.05 | alpha 6.490 | complete
Ep 92 | 드론5 목적지69 |  850스텝 | 배송 69/69 | 재적재 12 | 중계율 0.06 | alpha 6.455 | complete
Ep 93 | 드론8 목적지60 |  776스텝 | 배송 60/60 | 재적재  8 | 중계율 0.06 | alpha 6.474 | complete
Ep 94 | 드론7 목적지45 |  620스텝 | 배송 45/45 | 재적재  8 | 중계율 0.08 | alpha 6.557 | complete
Ep 95 | 드론5 목적지71 |  786스텝 | 배송 71/71 | 재적재 13 | 중계율 0.05 | alpha 6.545 | complete
Ep 96 | 드론3 목적지74 | 1000스텝 | 배송 52/74 | 재적재  9 | 중계율 0.09 | alpha 6.477 | step_limit
Ep 97 | 드론8 목적지47 |  405스텝 | 배송 47/47 | 재적재  6 | 중계율 0.05 | alpha 6.506 | complete
Ep 98 | 드론8 목적지50 | 1000스텝 | 배송 49/50 | 재적재  8 | 중계율 0.08 | alpha 6.466 | step_limit
Ep 99 | 드론7 목적지35 |  434스텝 | 배송 35/35 | 재적재  4 | 중계율 0.03 | alpha 6.448 | complete
Ep 100 | 드론4 목적지40 |  819스텝 | 배송 40/40 | 재적재  6 | 중계율 0.08 | alpha 6.387 | complete
  [홀드아웃] 배송 42.4±4.2 완주 0.00 스텝 1000 점수 42.4 재적재 6.9 2홉+ 0.64 | 최고 42.4@ep100 정체 0/15  ← 갱신
Ep 101 | 드론3 목적지23 |  778스텝 | 배송 23/23 | 재적재  3 | 중계율 0.07 | alpha 6.385 | complete
Ep 102 | 드론3 목적지21 | 1000스텝 | 배송 18/21 | 재적재  2 | 중계율 0.12 | alpha 6.343 | step_limit
Ep 103 | 드론8 목적지72 |  648스텝 | 배송 72/72 | 재적재 10 | 중계율 0.04 | alpha 6.370 | complete
Ep 104 | 드론3 목적지27 | 1000스텝 | 배송 23/27 | 재적재  4 | 중계율 0.10 | alpha 6.332 | step_limit
Ep 105 | 드론5 목적지63 | 1000스텝 | 배송 61/63 | 재적재 10 | 중계율 0.08 | alpha 6.352 | step_limit
Ep 106 | 드론6 목적지58 |  750스텝 | 배송 58/58 | 재적재 10 | 중계율 0.06 | alpha 6.340 | complete
Ep 107 | 드론7 목적지75 |  963스텝 | 배송 75/75 | 재적재 14 | 중계율 0.05 | alpha 6.307 | complete
Ep 108 | 드론5 목적지55 | 1000스텝 | 배송 52/55 | 재적재  9 | 중계율 0.07 | alpha 6.345 | step_limit
Ep 109 | 드론6 목적지64 |  740스텝 | 배송 64/64 | 재적재 10 | 중계율 0.08 | alpha 6.318 | complete
Ep 110 | 드론5 목적지55 |  662스텝 | 배송 55/55 | 재적재  9 | 중계율 0.05 | alpha 6.295 | complete
Ep 111 | 드론6 목적지67 | 1000스텝 | 배송 63/67 | 재적재 12 | 중계율 0.08 | alpha 6.259 | step_limit
Ep 112 | 드론4 목적지46 | 1000스텝 | 배송 42/46 | 재적재  7 | 중계율 0.09 | alpha 6.244 | step_limit
Ep 113 | 드론6 목적지43 | 1000스텝 | 배송 41/43 | 재적재  7 | 중계율 0.09 | alpha 6.330 | step_limit
Ep 114 | 드론4 목적지80 | 1000스텝 | 배송 58/80 | 재적재 10 | 중계율 0.05 | alpha 6.352 | step_limit
Ep 115 | 드론7 목적지78 |  862스텝 | 배송 78/78 | 재적재 13 | 중계율 0.06 | alpha 6.332 | complete
Ep 116 | 드론7 목적지72 |  690스텝 | 배송 72/72 | 재적재 12 | 중계율 0.05 | alpha 6.335 | complete
Ep 117 | 드론4 목적지54 | 1000스텝 | 배송 49/54 | 재적재  8 | 중계율 0.09 | alpha 6.362 | step_limit
Ep 118 | 드론3 목적지63 |  962스텝 | 배송 32/63 | 재적재  6 | 중계율 0.02 | alpha 6.369 | no_progress
Ep 119 | 드론7 목적지66 |  914스텝 | 배송 66/66 | 재적재 10 | 중계율 0.06 | alpha 6.437 | complete
Ep 120 | 드론7 목적지70 |  737스텝 | 배송 70/70 | 재적재 12 | 중계율 0.05 | alpha 6.349 | complete
Ep 121 | 드론7 목적지45 |  591스텝 | 배송 45/45 | 재적재  6 | 중계율 0.08 | alpha 6.347 | complete
Ep 122 | 드론6 목적지26 |  622스텝 | 배송 26/26 | 재적재  3 | 중계율 0.10 | alpha 6.292 | complete
Ep 123 | 드론8 목적지30 |  842스텝 | 배송 30/30 | 재적재  3 | 중계율 0.09 | alpha 6.231 | complete
Ep 124 | 드론3 목적지80 | 1000스텝 | 배송 52/80 | 재적재  9 | 중계율 0.07 | alpha 6.249 | step_limit
Ep 125 | 드론8 목적지41 |  425스텝 | 배송 41/41 | 재적재  6 | 중계율 0.08 | alpha 6.266 | complete
Ep 126 | 드론5 목적지50 | 1000스텝 | 배송 45/50 | 재적재  8 | 중계율 0.10 | alpha 6.243 | step_limit
Ep 127 | 드론5 목적지37 |  963스텝 | 배송 37/37 | 재적재  5 | 중계율 0.11 | alpha 6.260 | complete
Ep 128 | 드론3 목적지42 | 1000스텝 | 배송 25/42 | 재적재  3 | 중계율 0.08 | alpha 6.292 | step_limit
Ep 129 | 드론7 목적지52 |  680스텝 | 배송 52/52 | 재적재  7 | 중계율 0.07 | alpha 6.296 | complete
Ep 130 | 드론3 목적지40 | 1000스텝 | 배송 34/40 | 재적재  5 | 중계율 0.16 | alpha 6.277 | step_limit
Ep 131 | 드론5 목적지39 |  630스텝 | 배송 39/39 | 재적재  5 | 중계율 0.08 | alpha 6.233 | complete
Ep 132 | 드론8 목적지63 |  545스텝 | 배송 63/63 | 재적재 10 | 중계율 0.07 | alpha 6.273 | complete
Ep 133 | 드론5 목적지61 |  870스텝 | 배송 61/61 | 재적재 10 | 중계율 0.07 | alpha 6.341 | complete
Ep 134 | 드론6 목적지22 |  330스텝 | 배송 22/22 | 재적재  2 | 중계율 0.13 | alpha 6.352 | complete
Ep 135 | 드론3 목적지20 |  718스텝 | 배송 20/20 | 재적재  3 | 중계율 0.08 | alpha 6.364 | complete
Ep 136 | 드론8 목적지57 |  735스텝 | 배송 57/57 | 재적재  9 | 중계율 0.07 | alpha 6.343 | complete
Ep 137 | 드론4 목적지24 |  894스텝 | 배송 24/24 | 재적재  3 | 중계율 0.11 | alpha 6.294 | complete
Ep 138 | 드론6 목적지35 |  967스텝 | 배송 35/35 | 재적재  5 | 중계율 0.11 | alpha 6.288 | complete
Ep 139 | 드론5 목적지29 |  513스텝 | 배송 29/29 | 재적재  4 | 중계율 0.08 | alpha 6.290 | complete
Ep 140 | 드론3 목적지32 | 1000스텝 | 배송 26/32 | 재적재  4 | 중계율 0.11 | alpha 6.315 | step_limit
Ep 141 | 드론4 목적지54 | 1000스텝 | 배송 50/54 | 재적재  8 | 중계율 0.09 | alpha 6.418 | step_limit
Ep 142 | 드론3 목적지42 | 1000스텝 | 배송 38/42 | 재적재  6 | 중계율 0.08 | alpha 6.425 | step_limit
Ep 143 | 드론4 목적지23 | 1000스텝 | 배송 20/23 | 재적재  2 | 중계율 0.08 | alpha 6.460 | step_limit
Ep 144 | 드론5 목적지61 |  922스텝 | 배송 61/61 | 재적재 10 | 중계율 0.10 | alpha 6.419 | complete
Ep 145 | 드론5 목적지64 |  838스텝 | 배송 64/64 | 재적재 10 | 중계율 0.06 | alpha 6.417 | complete
Ep 146 | 드론3 목적지71 | 1000스텝 | 배송 59/71 | 재적재 11 | 중계율 0.08 | alpha 6.488 | step_limit
Ep 147 | 드론4 목적지48 |  920스텝 | 배송 48/48 | 재적재  7 | 중계율 0.07 | alpha 6.525 | complete
Ep 148 | 드론6 목적지36 |  850스텝 | 배송 36/36 | 재적재  5 | 중계율 0.08 | alpha 6.541 | complete
Ep 149 | 드론7 목적지40 |  737스텝 | 배송 40/40 | 재적재  5 | 중계율 0.10 | alpha 6.519 | complete
Ep 150 | 드론5 목적지26 |  858스텝 | 배송 26/26 | 재적재  3 | 중계율 0.11 | alpha 6.498 | complete
  [홀드아웃] 배송 42.3±4.2 완주 0.00 스텝 1000 점수 42.3 재적재 6.7 2홉+ 0.63 | 최고 42.4@ep100 정체 1/15
Ep 151 | 드론6 목적지70 |  889스텝 | 배송 70/70 | 재적재 12 | 중계율 0.05 | alpha 6.496 | complete
Ep 152 | 드론8 목적지48 |  522스텝 | 배송 48/48 | 재적재  8 | 중계율 0.06 | alpha 6.549 | complete
Ep 153 | 드론8 목적지57 |  967스텝 | 배송 57/57 | 재적재  8 | 중계율 0.07 | alpha 6.523 | complete
Ep 154 | 드론8 목적지34 |  620스텝 | 배송 34/34 | 재적재  4 | 중계율 0.04 | alpha 6.563 | complete
Ep 155 | 드론8 목적지80 |  712스텝 | 배송 80/80 | 재적재 13 | 중계율 0.04 | alpha 6.533 | complete
Ep 156 | 드론7 목적지59 |  761스텝 | 배송 59/59 | 재적재  9 | 중계율 0.06 | alpha 6.565 | complete
Ep 157 | 드론4 목적지42 | 1000스텝 | 배송 38/42 | 재적재  7 | 중계율 0.08 | alpha 6.548 | step_limit
Ep 158 | 드론6 목적지76 | 1000스텝 | 배송 73/76 | 재적재 12 | 중계율 0.04 | alpha 6.566 | step_limit
Ep 159 | 드론8 목적지47 |  441스텝 | 배송 47/47 | 재적재  7 | 중계율 0.08 | alpha 6.515 | complete
Ep 160 | 드론3 목적지62 | 1000스텝 | 배송 44/62 | 재적재  8 | 중계율 0.03 | alpha 6.426 | step_limit
Ep 161 | 드론4 목적지31 | 1000스텝 | 배송 29/31 | 재적재  4 | 중계율 0.13 | alpha 6.387 | step_limit
Ep 162 | 드론5 목적지26 |  781스텝 | 배송 26/26 | 재적재  3 | 중계율 0.09 | alpha 6.335 | complete
Ep 163 | 드론7 목적지21 |  441스텝 | 배송 21/21 | 재적재  1 | 중계율 0.12 | alpha 6.334 | complete
Ep 164 | 드론8 목적지79 |  686스텝 | 배송 79/79 | 재적재 13 | 중계율 0.06 | alpha 6.346 | complete
Ep 165 | 드론8 목적지47 |  407스텝 | 배송 47/47 | 재적재  6 | 중계율 0.04 | alpha 6.309 | complete
Ep 166 | 드론5 목적지77 | 1000스텝 | 배송 76/77 | 재적재 13 | 중계율 0.06 | alpha 6.326 | step_limit
Ep 167 | 드론6 목적지77 | 1000스텝 | 배송 76/77 | 재적재 13 | 중계율 0.06 | alpha 6.316 | step_limit
Ep 168 | 드론8 목적지29 |  354스텝 | 배송 29/29 | 재적재  2 | 중계율 0.07 | alpha 6.299 | complete
Ep 169 | 드론8 목적지59 |  528스텝 | 배송 59/59 | 재적재 10 | 중계율 0.07 | alpha 6.284 | complete
Ep 170 | 드론4 목적지74 | 1000스텝 | 배송 61/74 | 재적재 11 | 중계율 0.06 | alpha 6.216 | step_limit
Ep 171 | 드론6 목적지34 |  750스텝 | 배송 34/34 | 재적재  5 | 중계율 0.09 | alpha 6.226 | complete
Ep 172 | 드론3 목적지43 | 1000스텝 | 배송 21/43 | 재적재  2 | 중계율 0.13 | alpha 6.180 | step_limit
Ep 173 | 드론5 목적지35 |  854스텝 | 배송 35/35 | 재적재  5 | 중계율 0.07 | alpha 6.143 | complete
Ep 174 | 드론8 목적지43 |  692스텝 | 배송 43/43 | 재적재  7 | 중계율 0.07 | alpha 6.160 | complete
Ep 175 | 드론8 목적지30 |  593스텝 | 배송 30/30 | 재적재  3 | 중계율 0.06 | alpha 6.165 | complete
Ep 176 | 드론8 목적지29 |  315스텝 | 배송 29/29 | 재적재  3 | 중계율 0.07 | alpha 6.139 | complete
Ep 177 | 드론3 목적지45 | 1000스텝 | 배송 39/45 | 재적재  6 | 중계율 0.13 | alpha 6.011 | step_limit
Ep 178 | 드론4 목적지20 | 1000스텝 | 배송 14/20 | 재적재  1 | 중계율 0.07 | alpha 5.958 | step_limit
Ep 179 | 드론8 목적지66 | 1000스텝 | 배송 65/66 | 재적재 10 | 중계율 0.06 | alpha 5.914 | step_limit
Ep 180 | 드론7 목적지22 |  471스텝 | 배송 22/22 | 재적재  0 | 중계율 0.10 | alpha 5.887 | complete
Ep 181 | 드론8 목적지77 |  722스텝 | 배송 77/77 | 재적재 12 | 중계율 0.06 | alpha 5.895 | complete
Ep 182 | 드론5 목적지74 | 1000스텝 | 배송 69/74 | 재적재 12 | 중계율 0.05 | alpha 5.859 | step_limit
Ep 183 | 드론7 목적지40 |  459스텝 | 배송 40/40 | 재적재  5 | 중계율 0.06 | alpha 5.866 | complete
Ep 184 | 드론5 목적지77 | 1000스텝 | 배송 74/77 | 재적재 14 | 중계율 0.06 | alpha 5.793 | step_limit
Ep 185 | 드론6 목적지72 |  978스텝 | 배송 72/72 | 재적재 13 | 중계율 0.08 | alpha 5.765 | complete
Ep 186 | 드론6 목적지74 |  987스텝 | 배송 74/74 | 재적재 12 | 중계율 0.04 | alpha 5.734 | complete
Ep 187 | 드론3 목적지65 | 1000스텝 | 배송 49/65 | 재적재  8 | 중계율 0.09 | alpha 5.693 | step_limit
Ep 188 | 드론3 목적지80 |  643스텝 | 배송 12/80 | 재적재  0 | 중계율 0.00 | alpha 5.657 | no_progress
Ep 189 | 드론7 목적지55 |  589스텝 | 배송 55/55 | 재적재  8 | 중계율 0.04 | alpha 5.693 | complete
Ep 190 | 드론5 목적지36 |  736스텝 | 배송 36/36 | 재적재  5 | 중계율 0.10 | alpha 5.659 | complete
Ep 191 | 드론3 목적지28 | 1000스텝 | 배송 27/28 | 재적재  5 | 중계율 0.07 | alpha 5.615 | step_limit
Ep 192 | 드론7 목적지74 |  894스텝 | 배송 74/74 | 재적재 12 | 중계율 0.07 | alpha 5.599 | complete
Ep 193 | 드론5 목적지61 | 1000스텝 | 배송 43/61 | 재적재  7 | 중계율 0.07 | alpha 5.642 | step_limit
Ep 194 | 드론8 목적지73 |  643스텝 | 배송 73/73 | 재적재 12 | 중계율 0.04 | alpha 5.623 | complete
Ep 195 | 드론6 목적지69 |  963스텝 | 배송 69/69 | 재적재 12 | 중계율 0.08 | alpha 5.583 | complete
Ep 196 | 드론5 목적지47 |  848스텝 | 배송 47/47 | 재적재  7 | 중계율 0.06 | alpha 5.557 | complete
Ep 197 | 드론6 목적지27 |  557스텝 | 배송 27/27 | 재적재  3 | 중계율 0.11 | alpha 5.529 | complete
Ep 198 | 드론4 목적지56 | 1000스텝 | 배송 51/56 | 재적재  9 | 중계율 0.06 | alpha 5.568 | step_limit
Ep 199 | 드론4 목적지57 | 1000스텝 | 배송 50/57 | 재적재  9 | 중계율 0.07 | alpha 5.570 | step_limit
Ep 200 | 드론8 목적지64 |  554스텝 | 배송 64/64 | 재적재 11 | 중계율 0.02 | alpha 5.572 | complete
  [홀드아웃] 배송 43.1±3.9 완주 0.08 스텝 992 점수 43.1 재적재 7.0 2홉+ 0.63 | 최고 43.1@ep200 정체 0/15  ← 갱신
Ep 201 | 드론7 목적지38 | 1000스텝 | 배송 36/38 | 재적재  5 | 중계율 0.06 | alpha 5.529 | step_limit
Ep 202 | 드론3 목적지32 | 1000스텝 | 배송 30/32 | 재적재  4 | 중계율 0.16 | alpha 5.552 | step_limit
Ep 203 | 드론5 목적지23 |  373스텝 | 배송 23/23 | 재적재  3 | 중계율 0.11 | alpha 5.532 | complete
Ep 204 | 드론5 목적지38 | 1000스텝 | 배송 36/38 | 재적재  6 | 중계율 0.08 | alpha 5.516 | step_limit
Ep 205 | 드론5 목적지27 |  760스텝 | 배송 27/27 | 재적재  3 | 중계율 0.11 | alpha 5.505 | complete
Ep 206 | 드론3 목적지58 | 1000스텝 | 배송 46/58 | 재적재  7 | 중계율 0.06 | alpha 5.496 | step_limit
Ep 207 | 드론5 목적지52 | 1000스텝 | 배송 48/52 | 재적재  7 | 중계율 0.08 | alpha 5.559 | step_limit
Ep 208 | 드론5 목적지60 | 1000스텝 | 배송 47/60 | 재적재  6 | 중계율 0.11 | alpha 5.553 | step_limit
Ep 209 | 드론3 목적지72 | 1000스텝 | 배송 48/72 | 재적재  8 | 중계율 0.10 | alpha 5.559 | step_limit
Ep 210 | 드론8 목적지39 |  468스텝 | 배송 39/39 | 재적재  5 | 중계율 0.05 | alpha 5.551 | complete
Ep 211 | 드론4 목적지55 | 1000스텝 | 배송 45/55 | 재적재  8 | 중계율 0.10 | alpha 5.557 | step_limit
Ep 212 | 드론5 목적지62 | 1000스텝 | 배송 59/62 | 재적재 11 | 중계율 0.06 | alpha 5.539 | step_limit
Ep 213 | 드론6 목적지77 |  640스텝 | 배송 77/77 | 재적재 12 | 중계율 0.06 | alpha 5.528 | complete
Ep 214 | 드론5 목적지44 |  874스텝 | 배송 44/44 | 재적재  7 | 중계율 0.08 | alpha 5.572 | complete
Ep 215 | 드론3 목적지49 | 1000스텝 | 배송 41/49 | 재적재  7 | 중계율 0.16 | alpha 5.556 | step_limit
Ep 216 | 드론7 목적지29 |  795스텝 | 배송 29/29 | 재적재  4 | 중계율 0.08 | alpha 5.581 | complete
Ep 217 | 드론6 목적지36 |  654스텝 | 배송 36/36 | 재적재  6 | 중계율 0.09 | alpha 5.593 | complete
Ep 218 | 드론7 목적지55 |  627스텝 | 배송 55/55 | 재적재  8 | 중계율 0.06 | alpha 5.567 | complete
Ep 219 | 드론4 목적지35 | 1000스텝 | 배송 34/35 | 재적재  6 | 중계율 0.11 | alpha 5.539 | step_limit
Ep 220 | 드론8 목적지73 |  659스텝 | 배송 73/73 | 재적재 12 | 중계율 0.05 | alpha 5.531 | complete
Ep 221 | 드론7 목적지25 |  483스텝 | 배송 25/25 | 재적재  2 | 중계율 0.10 | alpha 5.545 | complete
Ep 222 | 드론4 목적지30 |  937스텝 | 배송 30/30 | 재적재  3 | 중계율 0.11 | alpha 5.542 | complete
Ep 223 | 드론4 목적지45 | 1000스텝 | 배송 40/45 | 재적재  8 | 중계율 0.09 | alpha 5.577 | step_limit
Ep 224 | 드론6 목적지76 | 1000스텝 | 배송 65/76 | 재적재 11 | 중계율 0.06 | alpha 5.583 | step_limit
Ep 225 | 드론6 목적지70 |  867스텝 | 배송 70/70 | 재적재 12 | 중계율 0.10 | alpha 5.646 | complete
Ep 226 | 드론7 목적지73 |  719스텝 | 배송 73/73 | 재적재 12 | 중계율 0.05 | alpha 5.617 | complete
Ep 227 | 드론8 목적지56 |  703스텝 | 배송 56/56 | 재적재  9 | 중계율 0.06 | alpha 5.593 | complete
Ep 228 | 드론7 목적지24 |  508스텝 | 배송 24/24 | 재적재  1 | 중계율 0.10 | alpha 5.565 | complete
Ep 229 | 드론3 목적지32 | 1000스텝 | 배송 22/32 | 재적재  3 | 중계율 0.15 | alpha 5.555 | step_limit
Ep 230 | 드론3 목적지62 | 1000스텝 | 배송 41/62 | 재적재  8 | 중계율 0.07 | alpha 5.560 | step_limit
Ep 231 | 드론4 목적지27 |  872스텝 | 배송 27/27 | 재적재  4 | 중계율 0.13 | alpha 5.593 | complete
Ep 232 | 드론8 목적지27 |  264스텝 | 배송 27/27 | 재적재  1 | 중계율 0.04 | alpha 5.607 | complete
Ep 233 | 드론7 목적지58 |  812스텝 | 배송 58/58 | 재적재  9 | 중계율 0.08 | alpha 5.609 | complete
Ep 234 | 드론5 목적지56 |  777스텝 | 배송 56/56 | 재적재  9 | 중계율 0.07 | alpha 5.627 | complete
Ep 235 | 드론5 목적지49 | 1000스텝 | 배송 48/49 | 재적재  8 | 중계율 0.06 | alpha 5.636 | step_limit
Ep 236 | 드론8 목적지71 |  792스텝 | 배송 71/71 | 재적재 12 | 중계율 0.05 | alpha 5.573 | complete
Ep 237 | 드론7 목적지77 |  689스텝 | 배송 77/77 | 재적재 13 | 중계율 0.06 | alpha 5.598 | complete
Ep 238 | 드론8 목적지27 |  510스텝 | 배송 27/27 | 재적재  1 | 중계율 0.10 | alpha 5.635 | complete
Ep 239 | 드론6 목적지37 |  540스텝 | 배송 37/37 | 재적재  5 | 중계율 0.06 | alpha 5.593 | complete
Ep 240 | 드론8 목적지70 |  676스텝 | 배송 70/70 | 재적재 11 | 중계율 0.06 | alpha 5.572 | complete
Ep 241 | 드론3 목적지46 | 1000스텝 | 배송 36/46 | 재적재  7 | 중계율 0.08 | alpha 5.524 | step_limit
Ep 242 | 드론7 목적지65 |  590스텝 | 배송 65/65 | 재적재  9 | 중계율 0.06 | alpha 5.534 | complete
Ep 243 | 드론6 목적지39 |  539스텝 | 배송 39/39 | 재적재  6 | 중계율 0.10 | alpha 5.540 | complete
Ep 244 | 드론5 목적지51 |  826스텝 | 배송 51/51 | 재적재  7 | 중계율 0.08 | alpha 5.579 | complete
Ep 245 | 드론3 목적지52 | 1000스텝 | 배송 37/52 | 재적재  6 | 중계율 0.18 | alpha 5.589 | step_limit
Ep 246 | 드론6 목적지54 |  700스텝 | 배송 54/54 | 재적재  9 | 중계율 0.07 | alpha 5.611 | complete
Ep 247 | 드론8 목적지69 |  608스텝 | 배송 69/69 | 재적재 11 | 중계율 0.03 | alpha 5.680 | complete
Ep 248 | 드론4 목적지77 | 1000스텝 | 배송 61/77 | 재적재 12 | 중계율 0.08 | alpha 5.684 | step_limit
Ep 249 | 드론6 목적지70 | 1000스텝 | 배송 68/70 | 재적재 11 | 중계율 0.07 | alpha 5.598 | step_limit
Ep 250 | 드론4 목적지51 | 1000스텝 | 배송 45/51 | 재적재  8 | 중계율 0.09 | alpha 5.565 | step_limit
  [홀드아웃] 배송 44.7±2.3 완주 0.00 스텝 1000 점수 44.7 재적재 7.2 2홉+ 0.64 | 최고 44.7@ep250 정체 0/15  ← 갱신
Ep 251 | 드론8 목적지33 |  584스텝 | 배송 33/33 | 재적재  3 | 중계율 0.07 | alpha 5.591 | complete
Ep 252 | 드론4 목적지25 |  721스텝 | 배송 25/25 | 재적재  3 | 중계율 0.06 | alpha 5.544 | complete
Ep 253 | 드론6 목적지49 |  813스텝 | 배송 49/49 | 재적재  7 | 중계율 0.02 | alpha 5.565 | complete
Ep 254 | 드론7 목적지26 |  418스텝 | 배송 26/26 | 재적재  1 | 중계율 0.05 | alpha 5.590 | complete
Ep 255 | 드론5 목적지38 | 1000스텝 | 배송 36/38 | 재적재  6 | 중계율 0.08 | alpha 5.574 | step_limit
Ep 256 | 드론5 목적지27 | 1000스텝 | 배송 25/27 | 재적재  3 | 중계율 0.09 | alpha 5.552 | step_limit
Ep 257 | 드론3 목적지44 | 1000스텝 | 배송 37/44 | 재적재  6 | 중계율 0.10 | alpha 5.521 | step_limit
Ep 258 | 드론6 목적지73 |  780스텝 | 배송 73/73 | 재적재 11 | 중계율 0.06 | alpha 5.520 | complete
Ep 259 | 드론7 목적지65 |  622스텝 | 배송 65/65 | 재적재 11 | 중계율 0.08 | alpha 5.579 | complete
Ep 260 | 드론7 목적지49 |  839스텝 | 배송 49/49 | 재적재  8 | 중계율 0.07 | alpha 5.675 | complete
Ep 261 | 드론8 목적지21 |  461스텝 | 배송 21/21 | 재적재  1 | 중계율 0.10 | alpha 5.661 | complete
Ep 262 | 드론3 목적지69 | 1000스텝 | 배송 61/69 | 재적재 11 | 중계율 0.07 | alpha 5.593 | step_limit
Ep 263 | 드론5 목적지40 | 1000스텝 | 배송 37/40 | 재적재  5 | 중계율 0.07 | alpha 5.547 | step_limit
Ep 264 | 드론6 목적지35 |  528스텝 | 배송 35/35 | 재적재  5 | 중계율 0.09 | alpha 5.538 | complete
Ep 265 | 드론8 목적지52 |  516스텝 | 배송 52/52 | 재적재  8 | 중계율 0.05 | alpha 5.542 | complete
Ep 266 | 드론4 목적지33 |  475스텝 | 배송 33/33 | 재적재  4 | 중계율 0.10 | alpha 5.552 | complete
Ep 267 | 드론8 목적지32 |  453스텝 | 배송 32/32 | 재적재  4 | 중계율 0.06 | alpha 5.527 | complete
Ep 268 | 드론5 목적지39 |  876스텝 | 배송 39/39 | 재적재  6 | 중계율 0.10 | alpha 5.562 | complete
Ep 269 | 드론6 목적지71 |  906스텝 | 배송 71/71 | 재적재 12 | 중계율 0.07 | alpha 5.555 | complete
Ep 270 | 드론4 목적지56 | 1000스텝 | 배송 49/56 | 재적재  7 | 중계율 0.07 | alpha 5.562 | step_limit
Ep 271 | 드론6 목적지66 |  850스텝 | 배송 66/66 | 재적재 11 | 중계율 0.06 | alpha 5.497 | complete
Ep 272 | 드론5 목적지33 |  716스텝 | 배송 33/33 | 재적재  5 | 중계율 0.12 | alpha 5.449 | complete
Ep 273 | 드론7 목적지75 |  929스텝 | 배송 75/75 | 재적재 12 | 중계율 0.08 | alpha 5.419 | complete
Ep 274 | 드론4 목적지63 | 1000스텝 | 배송 61/63 | 재적재 10 | 중계율 0.08 | alpha 5.481 | step_limit
Ep 275 | 드론3 목적지46 | 1000스텝 | 배송 38/46 | 재적재  6 | 중계율 0.12 | alpha 5.513 | step_limit
Ep 276 | 드론6 목적지62 | 1000스텝 | 배송 60/62 | 재적재  9 | 중계율 0.05 | alpha 5.514 | step_limit
Ep 277 | 드론8 목적지35 |  363스텝 | 배송 35/35 | 재적재  5 | 중계율 0.08 | alpha 5.522 | complete
Ep 278 | 드론5 목적지79 | 1000스텝 | 배송 77/79 | 재적재 14 | 중계율 0.08 | alpha 5.578 | step_limit
Ep 279 | 드론3 목적지50 | 1000스텝 | 배송 43/50 | 재적재  7 | 중계율 0.05 | alpha 5.532 | step_limit
Ep 280 | 드론3 목적지71 | 1000스텝 | 배송 50/71 | 재적재  8 | 중계율 0.11 | alpha 5.522 | step_limit
Ep 281 | 드론6 목적지52 |  870스텝 | 배송 52/52 | 재적재  8 | 중계율 0.10 | alpha 5.499 | complete
Ep 282 | 드론4 목적지55 |  999스텝 | 배송 55/55 | 재적재 10 | 중계율 0.07 | alpha 5.479 | complete
Ep 283 | 드론5 목적지44 |  556스텝 | 배송 44/44 | 재적재  7 | 중계율 0.06 | alpha 5.439 | complete
Ep 284 | 드론8 목적지61 |  481스텝 | 배송 61/61 | 재적재  9 | 중계율 0.08 | alpha 5.437 | complete
Ep 285 | 드론8 목적지61 |  656스텝 | 배송 61/61 | 재적재 10 | 중계율 0.07 | alpha 5.413 | complete
Ep 286 | 드론8 목적지35 |  573스텝 | 배송 35/35 | 재적재  4 | 중계율 0.08 | alpha 5.410 | complete
Ep 287 | 드론7 목적지42 |  709스텝 | 배송 42/42 | 재적재  7 | 중계율 0.05 | alpha 5.399 | complete
Ep 288 | 드론4 목적지26 | 1000스텝 | 배송 24/26 | 재적재  3 | 중계율 0.12 | alpha 5.392 | step_limit
Ep 289 | 드론6 목적지71 |  962스텝 | 배송 71/71 | 재적재 12 | 중계율 0.07 | alpha 5.341 | complete
Ep 290 | 드론4 목적지34 |  852스텝 | 배송 34/34 | 재적재  4 | 중계율 0.10 | alpha 5.351 | complete
Ep 291 | 드론7 목적지70 |  585스텝 | 배송 70/70 | 재적재 13 | 중계율 0.04 | alpha 5.364 | complete
Ep 292 | 드론7 목적지25 |  639스텝 | 배송 25/25 | 재적재  1 | 중계율 0.09 | alpha 5.432 | complete
Ep 293 | 드론6 목적지78 |  961스텝 | 배송 78/78 | 재적재 14 | 중계율 0.05 | alpha 5.440 | complete
Ep 294 | 드론5 목적지63 | 1000스텝 | 배송 62/63 | 재적재 11 | 중계율 0.08 | alpha 5.469 | step_limit
Ep 295 | 드론3 목적지40 | 1000스텝 | 배송 31/40 | 재적재  5 | 중계율 0.09 | alpha 5.380 | step_limit
Ep 296 | 드론3 목적지78 | 1000스텝 | 배송 55/78 | 재적재  9 | 중계율 0.10 | alpha 5.434 | step_limit
Ep 297 | 드론4 목적지76 | 1000스텝 | 배송 71/76 | 재적재 13 | 중계율 0.07 | alpha 5.410 | step_limit
Ep 298 | 드론7 목적지42 |  857스텝 | 배송 42/42 | 재적재  6 | 중계율 0.09 | alpha 5.365 | complete
Ep 299 | 드론7 목적지34 |  870스텝 | 배송 34/34 | 재적재  4 | 중계율 0.08 | alpha 5.352 | complete
Ep 300 | 드론8 목적지73 |  758스텝 | 배송 73/73 | 재적재 11 | 중계율 0.06 | alpha 5.291 | complete
  [홀드아웃] 배송 43.9±2.6 완주 0.00 스텝 1000 점수 43.9 재적재 7.4 2홉+ 0.64 | 최고 44.7@ep250 정체 1/15
Ep 301 | 드론6 목적지74 | 1000스텝 | 배송 68/74 | 재적재 11 | 중계율 0.07 | alpha 5.296 | step_limit
Ep 302 | 드론3 목적지56 | 1000스텝 | 배송 44/56 | 재적재  8 | 중계율 0.09 | alpha 5.280 | step_limit
Ep 303 | 드론7 목적지24 |  465스텝 | 배송 24/24 | 재적재  2 | 중계율 0.08 | alpha 5.271 | complete
Ep 304 | 드론7 목적지67 |  791스텝 | 배송 67/67 | 재적재 11 | 중계율 0.05 | alpha 5.265 | complete
Ep 305 | 드론5 목적지69 |  877스텝 | 배송 69/69 | 재적재 11 | 중계율 0.03 | alpha 5.283 | complete
Ep 306 | 드론5 목적지30 |  648스텝 | 배송 30/30 | 재적재  4 | 중계율 0.07 | alpha 5.292 | complete
Ep 307 | 드론8 목적지46 |  803스텝 | 배송 46/46 | 재적재  7 | 중계율 0.08 | alpha 5.265 | complete
Ep 308 | 드론4 목적지45 | 1000스텝 | 배송 42/45 | 재적재  8 | 중계율 0.11 | alpha 5.225 | step_limit
Ep 309 | 드론8 목적지80 |  907스텝 | 배송 80/80 | 재적재 15 | 중계율 0.06 | alpha 5.166 | complete
Ep 310 | 드론5 목적지26 |  824스텝 | 배송 26/26 | 재적재  3 | 중계율 0.11 | alpha 5.152 | complete
Ep 311 | 드론3 목적지52 | 1000스텝 | 배송 48/52 | 재적재  8 | 중계율 0.09 | alpha 5.155 | step_limit
Ep 312 | 드론4 목적지42 | 1000스텝 | 배송 35/42 | 재적재  7 | 중계율 0.12 | alpha 5.127 | step_limit
Ep 313 | 드론3 목적지60 | 1000스텝 | 배송 53/60 | 재적재  9 | 중계율 0.13 | alpha 5.146 | step_limit
Ep 314 | 드론4 목적지78 | 1000스텝 | 배송 57/78 | 재적재 10 | 중계율 0.07 | alpha 5.168 | step_limit
Ep 315 | 드론7 목적지51 |  671스텝 | 배송 51/51 | 재적재  9 | 중계율 0.05 | alpha 5.159 | complete
Ep 316 | 드론6 목적지58 |  785스텝 | 배송 58/58 | 재적재 10 | 중계율 0.06 | alpha 5.163 | complete
Ep 317 | 드론6 목적지75 | 1000스텝 | 배송 73/75 | 재적재 13 | 중계율 0.04 | alpha 5.107 | step_limit
Ep 318 | 드론8 목적지56 |  668스텝 | 배송 56/56 | 재적재  8 | 중계율 0.03 | alpha 5.016 | complete
Ep 319 | 드론5 목적지69 | 1000스텝 | 배송 66/69 | 재적재 11 | 중계율 0.06 | alpha 4.957 | step_limit
Ep 320 | 드론7 목적지45 |  410스텝 | 배송 45/45 | 재적재  5 | 중계율 0.05 | alpha 4.964 | complete
Ep 321 | 드론7 목적지28 |  287스텝 | 배송 28/28 | 재적재  2 | 중계율 0.11 | alpha 4.979 | complete
Ep 322 | 드론7 목적지59 |  621스텝 | 배송 59/59 | 재적재 10 | 중계율 0.05 | alpha 5.003 | complete
Ep 323 | 드론4 목적지44 | 1000스텝 | 배송 36/44 | 재적재  5 | 중계율 0.12 | alpha 4.977 | step_limit
Ep 324 | 드론4 목적지25 |  806스텝 | 배송 25/25 | 재적재  3 | 중계율 0.11 | alpha 4.984 | complete
Ep 325 | 드론8 목적지65 |  622스텝 | 배송 65/65 | 재적재  8 | 중계율 0.05 | alpha 5.025 | complete
Ep 326 | 드론5 목적지31 |  472스텝 | 배송 31/31 | 재적재  4 | 중계율 0.05 | alpha 4.994 | complete
Ep 327 | 드론7 목적지67 |  892스텝 | 배송 67/67 | 재적재 10 | 중계율 0.03 | alpha 5.024 | complete
Ep 328 | 드론4 목적지65 |  893스텝 | 배송 65/65 | 재적재 11 | 중계율 0.08 | alpha 5.012 | complete
Ep 329 | 드론7 목적지33 |  376스텝 | 배송 33/33 | 재적재  5 | 중계율 0.06 | alpha 5.000 | complete
Ep 330 | 드론7 목적지76 |  919스텝 | 배송 76/76 | 재적재 13 | 중계율 0.05 | alpha 4.952 | complete
Ep 331 | 드론5 목적지76 | 1000스텝 | 배송 72/76 | 재적재 12 | 중계율 0.08 | alpha 4.907 | step_limit
Ep 332 | 드론7 목적지75 |  815스텝 | 배송 75/75 | 재적재 12 | 중계율 0.05 | alpha 4.937 | complete
Ep 333 | 드론5 목적지26 |  697스텝 | 배송 26/26 | 재적재  4 | 중계율 0.08 | alpha 4.973 | complete
Ep 334 | 드론3 목적지63 | 1000스텝 | 배송 44/63 | 재적재  8 | 중계율 0.08 | alpha 4.952 | step_limit
Ep 335 | 드론6 목적지28 |  598스텝 | 배송 28/28 | 재적재  2 | 중계율 0.12 | alpha 4.939 | complete
Ep 336 | 드론3 목적지54 | 1000스텝 | 배송 38/54 | 재적재  6 | 중계율 0.11 | alpha 4.909 | step_limit
Ep 337 | 드론5 목적지65 | 1000스텝 | 배송 63/65 | 재적재 11 | 중계율 0.04 | alpha 4.901 | step_limit
Ep 338 | 드론5 목적지68 | 1000스텝 | 배송 62/68 | 재적재 11 | 중계율 0.06 | alpha 4.947 | step_limit
Ep 339 | 드론7 목적지47 |  740스텝 | 배송 47/47 | 재적재  6 | 중계율 0.08 | alpha 4.963 | complete
Ep 340 | 드론4 목적지73 | 1000스텝 | 배송 58/73 | 재적재 10 | 중계율 0.08 | alpha 4.987 | step_limit
Ep 341 | 드론4 목적지64 | 1000스텝 | 배송 49/64 | 재적재  8 | 중계율 0.09 | alpha 4.938 | step_limit
Ep 342 | 드론5 목적지26 |  634스텝 | 배송 26/26 | 재적재  4 | 중계율 0.07 | alpha 4.942 | complete
Ep 343 | 드론8 목적지58 |  550스텝 | 배송 58/58 | 재적재  9 | 중계율 0.08 | alpha 4.936 | complete
Ep 344 | 드론6 목적지23 |  399스텝 | 배송 23/23 | 재적재  2 | 중계율 0.08 | alpha 4.923 | complete
Ep 345 | 드론7 목적지53 |  719스텝 | 배송 53/53 | 재적재  8 | 중계율 0.04 | alpha 4.904 | complete
Ep 346 | 드론4 목적지21 |  917스텝 | 배송 21/21 | 재적재  3 | 중계율 0.13 | alpha 4.927 | complete
Ep 347 | 드론7 목적지39 |  621스텝 | 배송 39/39 | 재적재  5 | 중계율 0.08 | alpha 4.940 | complete
Ep 348 | 드론7 목적지46 |  456스텝 | 배송 46/46 | 재적재  6 | 중계율 0.05 | alpha 4.952 | complete
Ep 349 | 드론6 목적지37 |  728스텝 | 배송 37/37 | 재적재  5 | 중계율 0.07 | alpha 4.934 | complete
Ep 350 | 드론4 목적지42 | 1000스텝 | 배송 36/42 | 재적재  7 | 중계율 0.10 | alpha 4.883 | step_limit
  [홀드아웃] 배송 44.6±2.7 완주 0.00 스텝 1000 점수 44.6 재적재 7.7 2홉+ 0.62 | 최고 44.7@ep250 정체 2/15
Ep 351 | 드론7 목적지54 |  595스텝 | 배송 54/54 | 재적재  7 | 중계율 0.02 | alpha 4.943 | complete
Ep 352 | 드론6 목적지69 | 1000스텝 | 배송 67/69 | 재적재 11 | 중계율 0.04 | alpha 5.005 | step_limit
Ep 353 | 드론3 목적지44 | 1000스텝 | 배송 37/44 | 재적재  6 | 중계율 0.09 | alpha 5.010 | step_limit
Ep 354 | 드론4 목적지49 | 1000스텝 | 배송 44/49 | 재적재  7 | 중계율 0.07 | alpha 4.992 | step_limit
Ep 355 | 드론3 목적지28 | 1000스텝 | 배송 23/28 | 재적재  4 | 중계율 0.08 | alpha 5.018 | step_limit
Ep 356 | 드론3 목적지79 | 1000스텝 | 배송 66/79 | 재적재 12 | 중계율 0.04 | alpha 5.027 | step_limit
Ep 357 | 드론6 목적지71 |  886스텝 | 배송 71/71 | 재적재 12 | 중계율 0.08 | alpha 5.007 | complete
Ep 358 | 드론3 목적지30 | 1000스텝 | 배송 28/30 | 재적재  5 | 중계율 0.14 | alpha 4.981 | step_limit
Ep 359 | 드론5 목적지74 |  959스텝 | 배송 74/74 | 재적재 12 | 중계율 0.06 | alpha 4.946 | complete
Ep 360 | 드론7 목적지47 |  571스텝 | 배송 47/47 | 재적재  6 | 중계율 0.03 | alpha 4.989 | complete
Ep 361 | 드론5 목적지43 |  783스텝 | 배송 43/43 | 재적재  6 | 중계율 0.06 | alpha 4.974 | complete
Ep 362 | 드론8 목적지78 |  783스텝 | 배송 78/78 | 재적재 14 | 중계율 0.05 | alpha 4.959 | complete
Ep 363 | 드론6 목적지70 |  758스텝 | 배송 70/70 | 재적재 12 | 중계율 0.06 | alpha 4.957 | complete
Ep 364 | 드론4 목적지64 | 1000스텝 | 배송 55/64 | 재적재  9 | 중계율 0.07 | alpha 4.989 | step_limit
Ep 365 | 드론3 목적지63 | 1000스텝 | 배송 46/63 | 재적재  8 | 중계율 0.11 | alpha 4.941 | step_limit
Ep 366 | 드론5 목적지44 |  954스텝 | 배송 44/44 | 재적재  6 | 중계율 0.09 | alpha 4.973 | complete
Ep 367 | 드론6 목적지38 |  712스텝 | 배송 38/38 | 재적재  6 | 중계율 0.05 | alpha 4.962 | complete
Ep 368 | 드론4 목적지37 |  631스텝 | 배송 37/37 | 재적재  6 | 중계율 0.06 | alpha 4.971 | complete
Ep 369 | 드론3 목적지42 | 1000스텝 | 배송 37/42 | 재적재  6 | 중계율 0.10 | alpha 4.972 | step_limit
Ep 370 | 드론5 목적지70 | 1000스텝 | 배송 57/70 | 재적재 10 | 중계율 0.08 | alpha 4.943 | step_limit
Ep 371 | 드론5 목적지40 | 1000스텝 | 배송 39/40 | 재적재  5 | 중계율 0.11 | alpha 4.932 | step_limit
Ep 372 | 드론6 목적지29 |  474스텝 | 배송 29/29 | 재적재  4 | 중계율 0.07 | alpha 4.891 | complete
Ep 373 | 드론3 목적지79 | 1000스텝 | 배송 55/79 | 재적재 10 | 중계율 0.06 | alpha 4.868 | step_limit
Ep 374 | 드론5 목적지40 |  898스텝 | 배송 40/40 | 재적재  7 | 중계율 0.06 | alpha 4.847 | complete
Ep 375 | 드론4 목적지28 |  894스텝 | 배송 28/28 | 재적재  4 | 중계율 0.06 | alpha 4.830 | complete
Ep 376 | 드론5 목적지40 | 1000스텝 | 배송 38/40 | 재적재  5 | 중계율 0.11 | alpha 4.824 | step_limit
Ep 377 | 드론4 목적지72 | 1000스텝 | 배송 46/72 | 재적재  6 | 중계율 0.07 | alpha 4.755 | step_limit
Ep 378 | 드론8 목적지61 |  754스텝 | 배송 61/61 | 재적재  9 | 중계율 0.06 | alpha 4.714 | complete
Ep 379 | 드론6 목적지68 |  814스텝 | 배송 68/68 | 재적재 12 | 중계율 0.05 | alpha 4.728 | complete
Ep 380 | 드론4 목적지24 |  962스텝 | 배송 24/24 | 재적재  3 | 중계율 0.12 | alpha 4.767 | complete
Ep 381 | 드론5 목적지52 | 1000스텝 | 배송 48/52 | 재적재  7 | 중계율 0.07 | alpha 4.805 | step_limit
Ep 382 | 드론6 목적지35 |  779스텝 | 배송 35/35 | 재적재  5 | 중계율 0.07 | alpha 4.834 | complete
Ep 383 | 드론3 목적지47 | 1000스텝 | 배송 41/47 | 재적재  7 | 중계율 0.09 | alpha 4.844 | step_limit
Ep 384 | 드론5 목적지28 |  674스텝 | 배송 28/28 | 재적재  4 | 중계율 0.06 | alpha 4.825 | complete
Ep 385 | 드론7 목적지70 |  793스텝 | 배송 70/70 | 재적재 12 | 중계율 0.08 | alpha 4.788 | complete
Ep 386 | 드론6 목적지71 |  790스텝 | 배송 71/71 | 재적재 11 | 중계율 0.05 | alpha 4.803 | complete
Ep 387 | 드론4 목적지49 |  982스텝 | 배송 49/49 | 재적재  8 | 중계율 0.06 | alpha 4.734 | complete
Ep 388 | 드론5 목적지21 |  912스텝 | 배송 21/21 | 재적재  1 | 중계율 0.07 | alpha 4.731 | complete
Ep 389 | 드론7 목적지60 |  674스텝 | 배송 60/60 | 재적재  9 | 중계율 0.06 | alpha 4.747 | complete
Ep 390 | 드론6 목적지30 |  453스텝 | 배송 30/30 | 재적재  4 | 중계율 0.04 | alpha 4.769 | complete
Ep 391 | 드론3 목적지51 | 1000스텝 | 배송 46/51 | 재적재  8 | 중계율 0.07 | alpha 4.710 | step_limit
Ep 392 | 드론4 목적지39 | 1000스텝 | 배송 37/39 | 재적재  6 | 중계율 0.09 | alpha 4.745 | step_limit
Ep 393 | 드론8 목적지73 |  609스텝 | 배송 73/73 | 재적재 12 | 중계율 0.04 | alpha 4.735 | complete
Ep 394 | 드론3 목적지32 | 1000스텝 | 배송 27/32 | 재적재  4 | 중계율 0.12 | alpha 4.733 | step_limit
Ep 395 | 드론7 목적지70 |  790스텝 | 배송 70/70 | 재적재 12 | 중계율 0.06 | alpha 4.723 | complete
Ep 396 | 드론8 목적지28 |  361스텝 | 배송 28/28 | 재적재  1 | 중계율 0.04 | alpha 4.681 | complete
Ep 397 | 드론3 목적지39 | 1000스텝 | 배송 30/39 | 재적재  5 | 중계율 0.08 | alpha 4.662 | step_limit
Ep 398 | 드론5 목적지40 |  767스텝 | 배송 40/40 | 재적재  6 | 중계율 0.11 | alpha 4.648 | complete
Ep 399 | 드론3 목적지51 | 1000스텝 | 배송 44/51 | 재적재  8 | 중계율 0.06 | alpha 4.651 | step_limit
Ep 400 | 드론3 목적지79 | 1000스텝 | 배송 54/79 | 재적재  9 | 중계율 0.08 | alpha 4.669 | step_limit
  [홀드아웃] 배송 45.8±1.2 완주 0.00 스텝 1000 점수 45.8 재적재 7.4 2홉+ 0.62 | 최고 45.8@ep400 정체 0/15  ← 갱신
Ep 401 | 드론3 목적지63 | 1000스텝 | 배송 47/63 | 재적재  8 | 중계율 0.11 | alpha 4.741 | step_limit
Ep 402 | 드론4 목적지32 |  754스텝 | 배송 32/32 | 재적재  4 | 중계율 0.16 | alpha 4.730 | complete
Ep 403 | 드론5 목적지76 |  929스텝 | 배송 76/76 | 재적재 14 | 중계율 0.04 | alpha 4.682 | complete
Ep 404 | 드론6 목적지23 |  296스텝 | 배송 23/23 | 재적재  2 | 중계율 0.05 | alpha 4.676 | complete
Ep 405 | 드론5 목적지67 | 1000스텝 | 배송 62/67 | 재적재 11 | 중계율 0.06 | alpha 4.656 | step_limit
Ep 406 | 드론5 목적지48 |  833스텝 | 배송 48/48 | 재적재  8 | 중계율 0.06 | alpha 4.628 | complete
Ep 407 | 드론4 목적지72 | 1000스텝 | 배송 63/72 | 재적재 10 | 중계율 0.07 | alpha 4.674 | step_limit
Ep 408 | 드론8 목적지79 |  520스텝 | 배송 79/79 | 재적재 12 | 중계율 0.02 | alpha 4.678 | complete
Ep 409 | 드론7 목적지28 |  335스텝 | 배송 28/28 | 재적재  2 | 중계율 0.05 | alpha 4.696 | complete
Ep 410 | 드론7 목적지46 |  746스텝 | 배송 46/46 | 재적재  7 | 중계율 0.06 | alpha 4.748 | complete
Ep 411 | 드론8 목적지69 |  839스텝 | 배송 69/69 | 재적재 10 | 중계율 0.05 | alpha 4.738 | complete
Ep 412 | 드론3 목적지47 | 1000스텝 | 배송 38/47 | 재적재  6 | 중계율 0.09 | alpha 4.700 | step_limit
Ep 413 | 드론6 목적지45 |  899스텝 | 배송 45/45 | 재적재  8 | 중계율 0.04 | alpha 4.677 | complete
Ep 414 | 드론4 목적지76 | 1000스텝 | 배송 68/76 | 재적재 12 | 중계율 0.05 | alpha 4.672 | step_limit
Ep 415 | 드론5 목적지79 | 1000스텝 | 배송 73/79 | 재적재 13 | 중계율 0.10 | alpha 4.664 | step_limit
Ep 416 | 드론4 목적지20 |  537스텝 | 배송 20/20 | 재적재  2 | 중계율 0.11 | alpha 4.615 | complete
Ep 417 | 드론3 목적지45 | 1000스텝 | 배송 38/45 | 재적재  6 | 중계율 0.07 | alpha 4.648 | step_limit
Ep 418 | 드론5 목적지75 |  950스텝 | 배송 75/75 | 재적재 13 | 중계율 0.07 | alpha 4.664 | complete
Ep 419 | 드론8 목적지78 |  860스텝 | 배송 78/78 | 재적재 11 | 중계율 0.05 | alpha 4.668 | complete
Ep 420 | 드론7 목적지33 |  545스텝 | 배송 33/33 | 재적재  3 | 중계율 0.07 | alpha 4.668 | complete
Ep 421 | 드론5 목적지62 | 1000스텝 | 배송 60/62 | 재적재 10 | 중계율 0.06 | alpha 4.629 | step_limit
Ep 422 | 드론7 목적지51 |  832스텝 | 배송 51/51 | 재적재  9 | 중계율 0.08 | alpha 4.605 | complete
Ep 423 | 드론5 목적지44 |  672스텝 | 배송 44/44 | 재적재  5 | 중계율 0.05 | alpha 4.596 | complete
Ep 424 | 드론5 목적지33 |  923스텝 | 배송 33/33 | 재적재  5 | 중계율 0.05 | alpha 4.586 | complete
Ep 425 | 드론3 목적지33 |  833스텝 | 배송 33/33 | 재적재  5 | 중계율 0.06 | alpha 4.594 | complete
Ep 426 | 드론6 목적지24 |  541스텝 | 배송 24/24 | 재적재  3 | 중계율 0.08 | alpha 4.585 | complete
Ep 427 | 드론5 목적지64 | 1000스텝 | 배송 61/64 | 재적재 11 | 중계율 0.05 | alpha 4.624 | step_limit
Ep 428 | 드론8 목적지53 |  663스텝 | 배송 53/53 | 재적재  8 | 중계율 0.05 | alpha 4.630 | complete
Ep 429 | 드론5 목적지36 |  398스텝 | 배송 36/36 | 재적재  4 | 중계율 0.03 | alpha 4.632 | complete
Ep 430 | 드론8 목적지48 |  671스텝 | 배송 48/48 | 재적재  8 | 중계율 0.04 | alpha 4.618 | complete
Ep 431 | 드론3 목적지56 | 1000스텝 | 배송 41/56 | 재적재  7 | 중계율 0.11 | alpha 4.652 | step_limit
Ep 432 | 드론5 목적지45 |  635스텝 | 배송 45/45 | 재적재  7 | 중계율 0.06 | alpha 4.611 | complete
Ep 433 | 드론6 목적지25 |  429스텝 | 배송 25/25 | 재적재  3 | 중계율 0.04 | alpha 4.613 | complete
Ep 434 | 드론4 목적지58 | 1000스텝 | 배송 49/58 | 재적재  8 | 중계율 0.10 | alpha 4.593 | step_limit
Ep 435 | 드론5 목적지72 | 1000스텝 | 배송 48/72 | 재적재  8 | 중계율 0.09 | alpha 4.552 | step_limit
Ep 436 | 드론3 목적지71 | 1000스텝 | 배송 65/71 | 재적재 12 | 중계율 0.08 | alpha 4.558 | step_limit
Ep 437 | 드론4 목적지53 | 1000스텝 | 배송 43/53 | 재적재  6 | 중계율 0.12 | alpha 4.516 | step_limit
Ep 438 | 드론8 목적지31 |  330스텝 | 배송 31/31 | 재적재  2 | 중계율 0.05 | alpha 4.505 | complete
Ep 439 | 드론8 목적지77 |  801스텝 | 배송 77/77 | 재적재 13 | 중계율 0.03 | alpha 4.543 | complete
Ep 440 | 드론5 목적지73 | 1000스텝 | 배송 68/73 | 재적재 13 | 중계율 0.06 | alpha 4.495 | step_limit
Ep 441 | 드론7 목적지27 |  199스텝 | 배송 27/27 | 재적재  0 | 중계율 0.03 | alpha 4.494 | complete
Ep 442 | 드론5 목적지20 |  516스텝 | 배송 20/20 | 재적재  1 | 중계율 0.12 | alpha 4.505 | complete
Ep 443 | 드론6 목적지73 |  889스텝 | 배송 73/73 | 재적재 13 | 중계율 0.05 | alpha 4.504 | complete
Ep 444 | 드론3 목적지56 | 1000스텝 | 배송 54/56 | 재적재  9 | 중계율 0.05 | alpha 4.490 | step_limit
Ep 445 | 드론7 목적지20 |  275스텝 | 배송 20/20 | 재적재  0 | 중계율 0.09 | alpha 4.482 | complete
Ep 446 | 드론3 목적지26 |  853스텝 | 배송 26/26 | 재적재  3 | 중계율 0.07 | alpha 4.461 | complete
Ep 447 | 드론5 목적지41 |  765스텝 | 배송 41/41 | 재적재  6 | 중계율 0.10 | alpha 4.468 | complete
Ep 448 | 드론7 목적지73 |  633스텝 | 배송 73/73 | 재적재 12 | 중계율 0.06 | alpha 4.428 | complete
Ep 449 | 드론5 목적지56 |  814스텝 | 배송 56/56 | 재적재  9 | 중계율 0.05 | alpha 4.430 | complete
Ep 450 | 드론5 목적지35 |  846스텝 | 배송 35/35 | 재적재  6 | 중계율 0.08 | alpha 4.463 | complete
  [홀드아웃] 배송 46.3±2.4 완주 0.17 스텝 988 점수 46.4 재적재 8.0 2홉+ 0.63 | 최고 46.4@ep450 정체 0/15  ← 갱신
Ep 451 | 드론6 목적지77 |  943스텝 | 배송 77/77 | 재적재 14 | 중계율 0.05 | alpha 4.477 | complete
Ep 452 | 드론4 목적지22 |  527스텝 | 배송 22/22 | 재적재  3 | 중계율 0.12 | alpha 4.465 | complete
Ep 453 | 드론8 목적지47 |  549스텝 | 배송 47/47 | 재적재  6 | 중계율 0.04 | alpha 4.460 | complete
Ep 454 | 드론6 목적지72 |  948스텝 | 배송 72/72 | 재적재 12 | 중계율 0.04 | alpha 4.460 | complete
Ep 455 | 드론7 목적지63 |  850스텝 | 배송 63/63 | 재적재 11 | 중계율 0.05 | alpha 4.436 | complete
Ep 456 | 드론4 목적지73 | 1000스텝 | 배송 58/73 | 재적재  9 | 중계율 0.08 | alpha 4.414 | step_limit
Ep 457 | 드론7 목적지36 |  516스텝 | 배송 36/36 | 재적재  5 | 중계율 0.05 | alpha 4.446 | complete
Ep 458 | 드론7 목적지78 |  840스텝 | 배송 78/78 | 재적재 14 | 중계율 0.06 | alpha 4.412 | complete
Ep 459 | 드론7 목적지45 |  640스텝 | 배송 45/45 | 재적재  6 | 중계율 0.06 | alpha 4.411 | complete
Ep 460 | 드론5 목적지70 | 1000스텝 | 배송 63/70 | 재적재 10 | 중계율 0.06 | alpha 4.434 | step_limit
Ep 461 | 드론3 목적지39 |  905스텝 | 배송 39/39 | 재적재  7 | 중계율 0.08 | alpha 4.416 | complete
Ep 462 | 드론6 목적지62 | 1000스텝 | 배송 59/62 | 재적재 10 | 중계율 0.07 | alpha 4.383 | step_limit
Ep 463 | 드론5 목적지67 | 1000스텝 | 배송 63/67 | 재적재 11 | 중계율 0.05 | alpha 4.369 | step_limit
Ep 464 | 드론4 목적지33 |  857스텝 | 배송 33/33 | 재적재  5 | 중계율 0.05 | alpha 4.329 | complete
Ep 465 | 드론6 목적지80 | 1000스텝 | 배송 70/80 | 재적재 11 | 중계율 0.06 | alpha 4.360 | step_limit
Ep 466 | 드론7 목적지42 |  702스텝 | 배송 42/42 | 재적재  6 | 중계율 0.08 | alpha 4.374 | complete
Ep 467 | 드론4 목적지63 | 1000스텝 | 배송 62/63 | 재적재 10 | 중계율 0.04 | alpha 4.376 | step_limit
Ep 468 | 드론4 목적지78 | 1000스텝 | 배송 68/78 | 재적재 12 | 중계율 0.09 | alpha 4.351 | step_limit
Ep 469 | 드론7 목적지48 |  496스텝 | 배송 48/48 | 재적재  6 | 중계율 0.06 | alpha 4.336 | complete
Ep 470 | 드론6 목적지70 |  968스텝 | 배송 70/70 | 재적재 12 | 중계율 0.05 | alpha 4.375 | complete
Ep 471 | 드론4 목적지24 |  465스텝 | 배송 24/24 | 재적재  3 | 중계율 0.05 | alpha 4.369 | complete
Ep 472 | 드론8 목적지62 |  832스텝 | 배송 62/62 | 재적재 10 | 중계율 0.07 | alpha 4.371 | complete
Ep 473 | 드론5 목적지30 |  657스텝 | 배송 30/30 | 재적재  4 | 중계율 0.08 | alpha 4.379 | complete
Ep 474 | 드론5 목적지37 |  495스텝 | 배송 37/37 | 재적재  5 | 중계율 0.08 | alpha 4.415 | complete
Ep 475 | 드론3 목적지71 | 1000스텝 | 배송 36/71 | 재적재  6 | 중계율 0.15 | alpha 4.422 | step_limit
Ep 476 | 드론3 목적지29 |  691스텝 | 배송 15/29 | 재적재  2 | 중계율 0.01 | alpha 4.385 | no_progress
Ep 477 | 드론5 목적지36 |  814스텝 | 배송 36/36 | 재적재  5 | 중계율 0.12 | alpha 4.363 | complete
Ep 478 | 드론4 목적지52 | 1000스텝 | 배송 51/52 | 재적재  8 | 중계율 0.12 | alpha 4.334 | step_limit
Ep 479 | 드론6 목적지75 |  960스텝 | 배송 75/75 | 재적재 13 | 중계율 0.09 | alpha 4.364 | complete
Ep 480 | 드론7 목적지64 |  679스텝 | 배송 64/64 | 재적재 11 | 중계율 0.03 | alpha 4.382 | complete
Ep 481 | 드론5 목적지70 | 1000스텝 | 배송 67/70 | 재적재 12 | 중계율 0.06 | alpha 4.363 | step_limit
Ep 482 | 드론8 목적지39 |  494스텝 | 배송 39/39 | 재적재  5 | 중계율 0.06 | alpha 4.322 | complete
Ep 483 | 드론6 목적지51 |  576스텝 | 배송 51/51 | 재적재  8 | 중계율 0.06 | alpha 4.315 | complete
Ep 484 | 드론6 목적지43 |  682스텝 | 배송 43/43 | 재적재  7 | 중계율 0.05 | alpha 4.263 | complete
Ep 485 | 드론5 목적지36 |  588스텝 | 배송 36/36 | 재적재  4 | 중계율 0.07 | alpha 4.264 | complete
Ep 486 | 드론4 목적지53 | 1000스텝 | 배송 52/53 | 재적재  8 | 중계율 0.05 | alpha 4.280 | step_limit
Ep 487 | 드론8 목적지34 |  497스텝 | 배송 34/34 | 재적재  4 | 중계율 0.06 | alpha 4.262 | complete
Ep 488 | 드론4 목적지73 | 1000스텝 | 배송 52/73 | 재적재  9 | 중계율 0.09 | alpha 4.270 | step_limit
Ep 489 | 드론7 목적지52 |  848스텝 | 배송 52/52 | 재적재  8 | 중계율 0.07 | alpha 4.273 | complete
Ep 490 | 드론7 목적지40 |  463스텝 | 배송 40/40 | 재적재  6 | 중계율 0.06 | alpha 4.272 | complete
Ep 491 | 드론3 목적지47 | 1000스텝 | 배송 46/47 | 재적재  8 | 중계율 0.07 | alpha 4.263 | step_limit
Ep 492 | 드론4 목적지71 | 1000스텝 | 배송 66/71 | 재적재 12 | 중계율 0.06 | alpha 4.227 | step_limit
Ep 493 | 드론5 목적지46 |  597스텝 | 배송 46/46 | 재적재  6 | 중계율 0.06 | alpha 4.205 | complete
Ep 494 | 드론3 목적지47 | 1000스텝 | 배송 42/47 | 재적재  8 | 중계율 0.08 | alpha 4.185 | step_limit
Ep 495 | 드론5 목적지45 |  794스텝 | 배송 45/45 | 재적재  8 | 중계율 0.09 | alpha 4.206 | complete
Ep 496 | 드론7 목적지65 |  823스텝 | 배송 65/65 | 재적재 10 | 중계율 0.05 | alpha 4.190 | complete
Ep 497 | 드론3 목적지35 |  909스텝 | 배송 35/35 | 재적재  6 | 중계율 0.09 | alpha 4.198 | complete
Ep 498 | 드론6 목적지39 |  796스텝 | 배송 39/39 | 재적재  6 | 중계율 0.05 | alpha 4.186 | complete
Ep 499 | 드론6 목적지28 |  598스텝 | 배송 28/28 | 재적재  2 | 중계율 0.07 | alpha 4.179 | complete
Ep 500 | 드론5 목적지49 |  983스텝 | 배송 49/49 | 재적재  8 | 중계율 0.06 | alpha 4.183 | complete
  [홀드아웃] 배송 43.5±4.7 완주 0.08 스텝 999 점수 43.5 재적재 7.0 2홉+ 0.62 | 최고 46.4@ep450 정체 1/15
Ep 501 | 드론6 목적지26 |  600스텝 | 배송 26/26 | 재적재  3 | 중계율 0.06 | alpha 4.199 | complete
Ep 502 | 드론8 목적지69 |  751스텝 | 배송 69/69 | 재적재 12 | 중계율 0.05 | alpha 4.212 | complete
Ep 503 | 드론8 목적지44 |  688스텝 | 배송 44/44 | 재적재  7 | 중계율 0.07 | alpha 4.236 | complete
Ep 504 | 드론8 목적지34 |  391스텝 | 배송 34/34 | 재적재  2 | 중계율 0.06 | alpha 4.195 | complete
Ep 505 | 드론7 목적지77 | 1000스텝 | 배송 70/77 | 재적재 12 | 중계율 0.08 | alpha 4.187 | step_limit
Ep 506 | 드론8 목적지55 |  607스텝 | 배송 55/55 | 재적재  8 | 중계율 0.07 | alpha 4.172 | complete
Ep 507 | 드론3 목적지61 | 1000스텝 | 배송 52/61 | 재적재 10 | 중계율 0.08 | alpha 4.175 | step_limit
Ep 508 | 드론5 목적지24 |  827스텝 | 배송 24/24 | 재적재  3 | 중계율 0.09 | alpha 4.167 | complete
Ep 509 | 드론3 목적지48 | 1000스텝 | 배송 40/48 | 재적재  7 | 중계율 0.09 | alpha 4.160 | step_limit
Ep 510 | 드론7 목적지71 |  889스텝 | 배송 71/71 | 재적재 12 | 중계율 0.08 | alpha 4.175 | complete
Ep 511 | 드론7 목적지39 |  465스텝 | 배송 39/39 | 재적재  6 | 중계율 0.08 | alpha 4.164 | complete
Ep 512 | 드론6 목적지29 |  424스텝 | 배송 29/29 | 재적재  4 | 중계율 0.07 | alpha 4.201 | complete
Ep 513 | 드론7 목적지46 |  578스텝 | 배송 46/46 | 재적재  7 | 중계율 0.05 | alpha 4.225 | complete
Ep 514 | 드론3 목적지49 | 1000스텝 | 배송 44/49 | 재적재  7 | 중계율 0.06 | alpha 4.244 | step_limit
Ep 515 | 드론3 목적지70 | 1000스텝 | 배송 56/70 | 재적재  9 | 중계율 0.09 | alpha 4.264 | step_limit
Ep 516 | 드론6 목적지63 | 1000스텝 | 배송 59/63 | 재적재 10 | 중계율 0.05 | alpha 4.220 | step_limit
Ep 517 | 드론6 목적지44 |  889스텝 | 배송 44/44 | 재적재  7 | 중계율 0.08 | alpha 4.205 | complete
Ep 518 | 드론3 목적지57 | 1000스텝 | 배송 41/57 | 재적재  7 | 중계율 0.09 | alpha 4.143 | step_limit
Ep 519 | 드론8 목적지34 |  465스텝 | 배송 34/34 | 재적재  4 | 중계율 0.06 | alpha 4.174 | complete
Ep 520 | 드론5 목적지68 |  868스텝 | 배송 68/68 | 재적재 12 | 중계율 0.06 | alpha 4.161 | complete
Ep 521 | 드론6 목적지71 | 1000스텝 | 배송 69/71 | 재적재 12 | 중계율 0.06 | alpha 4.160 | step_limit
Ep 522 | 드론5 목적지72 | 1000스텝 | 배송 61/72 | 재적재 11 | 중계율 0.07 | alpha 4.158 | step_limit
Ep 523 | 드론5 목적지27 |  845스텝 | 배송 27/27 | 재적재  3 | 중계율 0.09 | alpha 4.170 | complete
Ep 524 | 드론4 목적지37 | 1000스텝 | 배송 22/37 | 재적재  3 | 중계율 0.15 | alpha 4.176 | step_limit
Ep 525 | 드론4 목적지79 | 1000스텝 | 배송 59/79 | 재적재 10 | 중계율 0.08 | alpha 4.188 | step_limit
Ep 526 | 드론4 목적지39 | 1000스텝 | 배송 37/39 | 재적재  5 | 중계율 0.10 | alpha 4.170 | step_limit
Ep 527 | 드론5 목적지42 |  667스텝 | 배송 42/42 | 재적재  7 | 중계율 0.09 | alpha 4.163 | complete
Ep 528 | 드론4 목적지51 |  955스텝 | 배송 51/51 | 재적재  9 | 중계율 0.06 | alpha 4.141 | complete
Ep 529 | 드론5 목적지21 |  668스텝 | 배송 21/21 | 재적재  0 | 중계율 0.08 | alpha 4.136 | complete
Ep 530 | 드론6 목적지34 |  638스텝 | 배송 34/34 | 재적재  4 | 중계율 0.04 | alpha 4.113 | complete
Ep 531 | 드론8 목적지64 |  795스텝 | 배송 64/64 | 재적재 10 | 중계율 0.05 | alpha 4.124 | complete
Ep 532 | 드론8 목적지78 |  709스텝 | 배송 78/78 | 재적재 14 | 중계율 0.05 | alpha 4.158 | complete
Ep 533 | 드론6 목적지68 |  797스텝 | 배송 68/68 | 재적재 11 | 중계율 0.06 | alpha 4.180 | complete
Ep 534 | 드론4 목적지25 |  626스텝 | 배송 25/25 | 재적재  4 | 중계율 0.09 | alpha 4.179 | complete
Ep 535 | 드론4 목적지25 | 1000스텝 | 배송 23/25 | 재적재  3 | 중계율 0.07 | alpha 4.160 | step_limit
Ep 536 | 드론8 목적지71 |  710스텝 | 배송 71/71 | 재적재 11 | 중계율 0.04 | alpha 4.170 | complete
Ep 537 | 드론7 목적지31 |  376스텝 | 배송 31/31 | 재적재  3 | 중계율 0.05 | alpha 4.166 | complete
Ep 538 | 드론6 목적지55 |  532스텝 | 배송 55/55 | 재적재  8 | 중계율 0.06 | alpha 4.131 | complete
Ep 539 | 드론4 목적지46 | 1000스텝 | 배송 44/46 | 재적재  6 | 중계율 0.10 | alpha 4.116 | step_limit
Ep 540 | 드론6 목적지50 |  731스텝 | 배송 50/50 | 재적재  8 | 중계율 0.05 | alpha 4.108 | complete
Ep 541 | 드론6 목적지25 |  460스텝 | 배송 25/25 | 재적재  2 | 중계율 0.09 | alpha 4.086 | complete
Ep 542 | 드론6 목적지65 |  927스텝 | 배송 65/65 | 재적재 11 | 중계율 0.06 | alpha 4.109 | complete
Ep 543 | 드론4 목적지32 |  770스텝 | 배송 32/32 | 재적재  4 | 중계율 0.07 | alpha 4.097 | complete
Ep 544 | 드론7 목적지60 |  617스텝 | 배송 60/60 | 재적재 10 | 중계율 0.04 | alpha 4.099 | complete
Ep 545 | 드론4 목적지74 | 1000스텝 | 배송 65/74 | 재적재 11 | 중계율 0.06 | alpha 4.085 | step_limit
Ep 546 | 드론4 목적지45 | 1000스텝 | 배송 42/45 | 재적재  7 | 중계율 0.07 | alpha 4.066 | step_limit
Ep 547 | 드론5 목적지37 |  617스텝 | 배송 37/37 | 재적재  6 | 중계율 0.07 | alpha 4.072 | complete
Ep 548 | 드론5 목적지63 |  841스텝 | 배송 63/63 | 재적재 11 | 중계율 0.08 | alpha 4.134 | complete
Ep 549 | 드론8 목적지55 |  587스텝 | 배송 55/55 | 재적재  9 | 중계율 0.03 | alpha 4.124 | complete
Ep 550 | 드론6 목적지30 |  513스텝 | 배송 30/30 | 재적재  4 | 중계율 0.09 | alpha 4.114 | complete
  [홀드아웃] 배송 43.8±2.6 완주 0.00 스텝 1000 점수 43.8 재적재 7.6 2홉+ 0.62 | 최고 46.4@ep450 정체 2/15
Ep 551 | 드론7 목적지33 |  466스텝 | 배송 33/33 | 재적재  4 | 중계율 0.09 | alpha 4.115 | complete
Ep 552 | 드론8 목적지71 |  708스텝 | 배송 71/71 | 재적재 11 | 중계율 0.04 | alpha 4.072 | complete
Ep 553 | 드론8 목적지68 |  516스텝 | 배송 68/68 | 재적재 11 | 중계율 0.03 | alpha 4.088 | complete
Ep 554 | 드론4 목적지74 | 1000스텝 | 배송 57/74 | 재적재 10 | 중계율 0.11 | alpha 4.062 | step_limit
Ep 555 | 드론6 목적지59 |  572스텝 | 배송 59/59 | 재적재  8 | 중계율 0.06 | alpha 4.081 | complete
Ep 556 | 드론6 목적지41 |  731스텝 | 배송 41/41 | 재적재  6 | 중계율 0.10 | alpha 4.075 | complete
Ep 557 | 드론5 목적지71 |  967스텝 | 배송 71/71 | 재적재 12 | 중계율 0.05 | alpha 4.083 | complete
Ep 558 | 드론7 목적지50 |  516스텝 | 배송 50/50 | 재적재  7 | 중계율 0.07 | alpha 4.067 | complete
Ep 559 | 드론6 목적지57 |  867스텝 | 배송 57/57 | 재적재  9 | 중계율 0.07 | alpha 4.063 | complete
Ep 560 | 드론6 목적지42 |  589스텝 | 배송 42/42 | 재적재  6 | 중계율 0.06 | alpha 4.086 | complete
Ep 561 | 드론6 목적지27 |  646스텝 | 배송 27/27 | 재적재  3 | 중계율 0.08 | alpha 4.065 | complete
Ep 562 | 드론8 목적지47 |  591스텝 | 배송 47/47 | 재적재  6 | 중계율 0.04 | alpha 4.064 | complete
Ep 563 | 드론4 목적지78 | 1000스텝 | 배송 73/78 | 재적재 13 | 중계율 0.07 | alpha 4.042 | step_limit
Ep 564 | 드론7 목적지30 |  291스텝 | 배송 30/30 | 재적재  2 | 중계율 0.05 | alpha 4.082 | complete
Ep 565 | 드론8 목적지22 |  238스텝 | 배송 22/22 | 재적재  1 | 중계율 0.04 | alpha 4.078 | complete
Ep 566 | 드론5 목적지49 |  875스텝 | 배송 49/49 | 재적재  7 | 중계율 0.08 | alpha 4.050 | complete
Ep 567 | 드론5 목적지78 | 1000스텝 | 배송 72/78 | 재적재 13 | 중계율 0.04 | alpha 4.074 | step_limit
Ep 568 | 드론6 목적지67 | 1000스텝 | 배송 66/67 | 재적재 12 | 중계율 0.10 | alpha 4.074 | step_limit
Ep 569 | 드론8 목적지70 |  795스텝 | 배송 70/70 | 재적재 12 | 중계율 0.06 | alpha 4.034 | complete
Ep 570 | 드론4 목적지72 | 1000스텝 | 배송 69/72 | 재적재 13 | 중계율 0.04 | alpha 4.054 | step_limit
Ep 571 | 드론8 목적지49 |  617스텝 | 배송 49/49 | 재적재  6 | 중계율 0.04 | alpha 4.043 | complete
Ep 572 | 드론8 목적지75 |  637스텝 | 배송 75/75 | 재적재 13 | 중계율 0.04 | alpha 4.023 | complete
Ep 573 | 드론6 목적지66 |  822스텝 | 배송 66/66 | 재적재 11 | 중계율 0.07 | alpha 4.017 | complete
Ep 574 | 드론7 목적지44 |  676스텝 | 배송 44/44 | 재적재  6 | 중계율 0.08 | alpha 4.017 | complete
Ep 575 | 드론8 목적지78 |  719스텝 | 배송 78/78 | 재적재 12 | 중계율 0.05 | alpha 4.003 | complete
Ep 576 | 드론4 목적지69 | 1000스텝 | 배송 52/69 | 재적재  8 | 중계율 0.13 | alpha 4.022 | step_limit
Ep 577 | 드론6 목적지24 |  495스텝 | 배송 24/24 | 재적재  2 | 중계율 0.09 | alpha 4.038 | complete
Ep 578 | 드론6 목적지32 |  371스텝 | 배송 32/32 | 재적재  5 | 중계율 0.08 | alpha 4.055 | complete
Ep 579 | 드론8 목적지26 |  313스텝 | 배송 26/26 | 재적재  2 | 중계율 0.03 | alpha 4.068 | complete
Ep 580 | 드론6 목적지60 |  783스텝 | 배송 60/60 | 재적재  8 | 중계율 0.03 | alpha 4.042 | complete
Ep 581 | 드론5 목적지47 |  949스텝 | 배송 47/47 | 재적재  8 | 중계율 0.10 | alpha 4.025 | complete
Ep 582 | 드론3 목적지36 | 1000스텝 | 배송 33/36 | 재적재  5 | 중계율 0.07 | alpha 4.008 | step_limit
Ep 583 | 드론8 목적지65 |  660스텝 | 배송 65/65 | 재적재  9 | 중계율 0.03 | alpha 4.020 | complete
Ep 584 | 드론5 목적지54 |  849스텝 | 배송 54/54 | 재적재  9 | 중계율 0.06 | alpha 4.013 | complete
Ep 585 | 드론7 목적지72 |  875스텝 | 배송 72/72 | 재적재 13 | 중계율 0.08 | alpha 4.011 | complete
Ep 586 | 드론8 목적지37 |  406스텝 | 배송 37/37 | 재적재  5 | 중계율 0.05 | alpha 4.008 | complete
Ep 587 | 드론3 목적지49 | 1000스텝 | 배송 38/49 | 재적재  6 | 중계율 0.08 | alpha 4.001 | step_limit
Ep 588 | 드론5 목적지57 |  990스텝 | 배송 57/57 | 재적재 10 | 중계율 0.09 | alpha 3.989 | complete
Ep 589 | 드론4 목적지50 | 1000스텝 | 배송 44/50 | 재적재  7 | 중계율 0.05 | alpha 4.008 | step_limit
Ep 590 | 드론5 목적지47 | 1000스텝 | 배송 45/47 | 재적재  8 | 중계율 0.08 | alpha 3.974 | step_limit
Ep 591 | 드론8 목적지64 |  727스텝 | 배송 64/64 | 재적재 10 | 중계율 0.05 | alpha 3.999 | complete
Ep 592 | 드론6 목적지22 |  317스텝 | 배송 22/22 | 재적재  1 | 중계율 0.06 | alpha 4.005 | complete
Ep 593 | 드론6 목적지51 |  825스텝 | 배송 51/51 | 재적재  8 | 중계율 0.08 | alpha 4.011 | complete
Ep 594 | 드론3 목적지40 | 1000스텝 | 배송 34/40 | 재적재  6 | 중계율 0.08 | alpha 4.033 | step_limit
Ep 595 | 드론6 목적지26 |  416스텝 | 배송 26/26 | 재적재  3 | 중계율 0.06 | alpha 4.045 | complete
Ep 596 | 드론8 목적지26 |  339스텝 | 배송 26/26 | 재적재  0 | 중계율 0.05 | alpha 4.040 | complete
Ep 597 | 드론5 목적지21 |  647스텝 | 배송 21/21 | 재적재  2 | 중계율 0.11 | alpha 4.017 | complete
Ep 598 | 드론5 목적지23 |  517스텝 | 배송 23/23 | 재적재  3 | 중계율 0.07 | alpha 4.004 | complete
Ep 599 | 드론5 목적지77 | 1000스텝 | 배송 75/77 | 재적재 13 | 중계율 0.05 | alpha 3.958 | step_limit
Ep 600 | 드론6 목적지68 | 1000스텝 | 배송 60/68 | 재적재  8 | 중계율 0.07 | alpha 3.987 | step_limit
  [홀드아웃] 배송 44.1±3.9 완주 0.08 스텝 994 점수 44.1 재적재 7.1 2홉+ 0.61 | 최고 46.4@ep450 정체 3/15
Ep 601 | 드론5 목적지20 |  554스텝 | 배송 20/20 | 재적재  2 | 중계율 0.08 | alpha 3.990 | complete
Ep 602 | 드론6 목적지72 |  673스텝 | 배송 72/72 | 재적재 12 | 중계율 0.04 | alpha 3.996 | complete
Ep 603 | 드론8 목적지60 |  482스텝 | 배송 60/60 | 재적재  9 | 중계율 0.05 | alpha 4.013 | complete
Ep 604 | 드론7 목적지68 |  631스텝 | 배송 68/68 | 재적재 12 | 중계율 0.05 | alpha 4.045 | complete
Ep 605 | 드론5 목적지73 | 1000스텝 | 배송 65/73 | 재적재 12 | 중계율 0.06 | alpha 4.026 | step_limit
Ep 606 | 드론6 목적지51 |  714스텝 | 배송 51/51 | 재적재  8 | 중계율 0.06 | alpha 4.035 | complete
Ep 607 | 드론3 목적지48 | 1000스텝 | 배송 44/48 | 재적재  8 | 중계율 0.05 | alpha 4.006 | step_limit
Ep 608 | 드론6 목적지67 |  761스텝 | 배송 67/67 | 재적재 12 | 중계율 0.07 | alpha 4.052 | complete
Ep 609 | 드론5 목적지51 | 1000스텝 | 배송 46/51 | 재적재  7 | 중계율 0.05 | alpha 3.994 | step_limit
Ep 610 | 드론5 목적지72 |  836스텝 | 배송 72/72 | 재적재 13 | 중계율 0.06 | alpha 4.004 | complete
Ep 611 | 드론5 목적지77 | 1000스텝 | 배송 72/77 | 재적재 11 | 중계율 0.08 | alpha 3.966 | step_limit
Ep 612 | 드론3 목적지42 | 1000스텝 | 배송 28/42 | 재적재  5 | 중계율 0.12 | alpha 3.996 | step_limit
Ep 613 | 드론5 목적지40 |  726스텝 | 배송 40/40 | 재적재  5 | 중계율 0.07 | alpha 3.999 | complete
Ep 614 | 드론4 목적지42 | 1000스텝 | 배송 39/42 | 재적재  6 | 중계율 0.05 | alpha 3.972 | step_limit
Ep 615 | 드론5 목적지80 |  821스텝 | 배송 80/80 | 재적재 14 | 중계율 0.05 | alpha 3.974 | complete
Ep 616 | 드론6 목적지26 |  526스텝 | 배송 26/26 | 재적재  2 | 중계율 0.09 | alpha 4.011 | complete
Ep 617 | 드론7 목적지75 |  883스텝 | 배송 75/75 | 재적재 13 | 중계율 0.06 | alpha 3.953 | complete
Ep 618 | 드론5 목적지50 |  912스텝 | 배송 50/50 | 재적재  8 | 중계율 0.06 | alpha 3.969 | complete
Ep 619 | 드론6 목적지71 |  898스텝 | 배송 71/71 | 재적재 12 | 중계율 0.06 | alpha 3.962 | complete
Ep 620 | 드론8 목적지55 |  668스텝 | 배송 55/55 | 재적재  8 | 중계율 0.06 | alpha 3.962 | complete
Ep 621 | 드론5 목적지79 | 1000스텝 | 배송 76/79 | 재적재 14 | 중계율 0.06 | alpha 3.954 | step_limit
Ep 622 | 드론7 목적지56 |  802스텝 | 배송 56/56 | 재적재  9 | 중계율 0.07 | alpha 3.956 | complete
Ep 623 | 드론3 목적지33 |  987스텝 | 배송 33/33 | 재적재  6 | 중계율 0.08 | alpha 3.962 | complete
Ep 624 | 드론4 목적지72 | 1000스텝 | 배송 60/72 | 재적재 10 | 중계율 0.09 | alpha 3.958 | step_limit
Ep 625 | 드론7 목적지47 |  507스텝 | 배송 47/47 | 재적재  6 | 중계율 0.04 | alpha 3.967 | complete
Ep 626 | 드론4 목적지52 |  963스텝 | 배송 52/52 | 재적재  8 | 중계율 0.05 | alpha 3.968 | complete
Ep 627 | 드론6 목적지66 | 1000스텝 | 배송 60/66 | 재적재 11 | 중계율 0.06 | alpha 4.016 | step_limit
Ep 628 | 드론5 목적지42 |  661스텝 | 배송 42/42 | 재적재  6 | 중계율 0.06 | alpha 3.996 | complete
Ep 629 | 드론3 목적지31 | 1000스텝 | 배송 26/31 | 재적재  4 | 중계율 0.11 | alpha 3.972 | step_limit
Ep 630 | 드론5 목적지65 | 1000스텝 | 배송 61/65 | 재적재 11 | 중계율 0.05 | alpha 3.991 | step_limit
Ep 631 | 드론3 목적지20 |  770스텝 | 배송 20/20 | 재적재  3 | 중계율 0.11 | alpha 4.005 | complete
Ep 632 | 드론4 목적지38 | 1000스텝 | 배송 35/38 | 재적재  6 | 중계율 0.10 | alpha 4.051 | step_limit
Ep 633 | 드론8 목적지67 |  679스텝 | 배송 67/67 | 재적재 11 | 중계율 0.04 | alpha 4.056 | complete
Ep 634 | 드론8 목적지47 |  562스텝 | 배송 47/47 | 재적재  8 | 중계율 0.04 | alpha 4.016 | complete
Ep 635 | 드론7 목적지30 |  303스텝 | 배송 30/30 | 재적재  3 | 중계율 0.05 | alpha 4.012 | complete
Ep 636 | 드론5 목적지29 |  961스텝 | 배송 29/29 | 재적재  4 | 중계율 0.09 | alpha 4.064 | complete
Ep 637 | 드론4 목적지71 | 1000스텝 | 배송 58/71 | 재적재  9 | 중계율 0.09 | alpha 4.000 | step_limit
Ep 638 | 드론8 목적지73 |  661스텝 | 배송 73/73 | 재적재 12 | 중계율 0.05 | alpha 3.959 | complete
Ep 639 | 드론7 목적지79 | 1000스텝 | 배송 76/79 | 재적재 14 | 중계율 0.05 | alpha 4.008 | step_limit
Ep 640 | 드론3 목적지22 |  819스텝 | 배송 22/22 | 재적재  3 | 중계율 0.09 | alpha 4.036 | complete
Ep 641 | 드론6 목적지77 |  978스텝 | 배송 77/77 | 재적재 13 | 중계율 0.07 | alpha 4.082 | complete
Ep 642 | 드론7 목적지26 |  200스텝 | 배송 26/26 | 재적재  2 | 중계율 0.03 | alpha 4.101 | complete
Ep 643 | 드론8 목적지30 |  334스텝 | 배송 30/30 | 재적재  1 | 중계율 0.05 | alpha 4.121 | complete
Ep 644 | 드론5 목적지77 |  913스텝 | 배송 77/77 | 재적재 14 | 중계율 0.06 | alpha 4.147 | complete
Ep 645 | 드론4 목적지34 |  673스텝 | 배송 34/34 | 재적재  4 | 중계율 0.08 | alpha 4.080 | complete
Ep 646 | 드론6 목적지34 |  742스텝 | 배송 34/34 | 재적재  5 | 중계율 0.06 | alpha 4.030 | complete
Ep 647 | 드론4 목적지37 |  853스텝 | 배송 37/37 | 재적재  6 | 중계율 0.08 | alpha 4.061 | complete
Ep 648 | 드론4 목적지55 | 1000스텝 | 배송 51/55 | 재적재 10 | 중계율 0.06 | alpha 4.085 | step_limit
Ep 649 | 드론4 목적지20 | 1000스텝 | 배송 18/20 | 재적재  1 | 중계율 0.10 | alpha 4.094 | step_limit
Ep 650 | 드론6 목적지37 |  578스텝 | 배송 37/37 | 재적재  6 | 중계율 0.05 | alpha 4.075 | complete
  [홀드아웃] 배송 44.9±2.4 완주 0.08 스텝 993 점수 45.0 재적재 7.4 2홉+ 0.63 | 최고 46.4@ep450 정체 4/15
Ep 651 | 드론3 목적지77 | 1000스텝 | 배송 45/77 | 재적재  8 | 중계율 0.06 | alpha 4.067 | step_limit
Ep 652 | 드론8 목적지57 |  478스텝 | 배송 57/57 | 재적재  8 | 중계율 0.04 | alpha 4.083 | complete
Ep 653 | 드론7 목적지38 |  539스텝 | 배송 38/38 | 재적재  5 | 중계율 0.08 | alpha 4.114 | complete
Ep 654 | 드론8 목적지45 |  493스텝 | 배송 45/45 | 재적재  7 | 중계율 0.06 | alpha 4.108 | complete
Ep 655 | 드론3 목적지40 | 1000스텝 | 배송 38/40 | 재적재  7 | 중계율 0.11 | alpha 4.082 | step_limit
Ep 656 | 드론6 목적지31 |  593스텝 | 배송 31/31 | 재적재  4 | 중계율 0.09 | alpha 4.062 | complete
Ep 657 | 드론7 목적지26 |  383스텝 | 배송 26/26 | 재적재  3 | 중계율 0.08 | alpha 4.051 | complete
Ep 658 | 드론4 목적지39 | 1000스텝 | 배송 38/39 | 재적재  6 | 중계율 0.08 | alpha 4.065 | step_limit
Ep 659 | 드론4 목적지51 | 1000스텝 | 배송 47/51 | 재적재  8 | 중계율 0.11 | alpha 4.073 | step_limit
Ep 660 | 드론5 목적지51 |  908스텝 | 배송 51/51 | 재적재  8 | 중계율 0.10 | alpha 4.062 | complete
Ep 661 | 드론3 목적지38 | 1000스텝 | 배송 34/38 | 재적재  6 | 중계율 0.05 | alpha 4.039 | step_limit
Ep 662 | 드론6 목적지43 |  838스텝 | 배송 43/43 | 재적재  7 | 중계율 0.08 | alpha 4.010 | complete
Ep 663 | 드론7 목적지57 |  676스텝 | 배송 57/57 | 재적재 10 | 중계율 0.06 | alpha 3.994 | complete
Ep 664 | 드론5 목적지27 |  615스텝 | 배송 27/27 | 재적재  4 | 중계율 0.11 | alpha 4.007 | complete
Ep 665 | 드론8 목적지59 |  441스텝 | 배송 59/59 | 재적재  9 | 중계율 0.04 | alpha 4.018 | complete
Ep 666 | 드론4 목적지72 | 1000스텝 | 배송 67/72 | 재적재 12 | 중계율 0.06 | alpha 4.036 | step_limit
Ep 667 | 드론6 목적지45 |  802스텝 | 배송 45/45 | 재적재  7 | 중계율 0.09 | alpha 3.998 | complete
Ep 668 | 드론3 목적지65 | 1000스텝 | 배송 32/65 | 재적재  6 | 중계율 0.06 | alpha 3.999 | step_limit
Ep 669 | 드론5 목적지66 | 1000스텝 | 배송 63/66 | 재적재 11 | 중계율 0.05 | alpha 3.963 | step_limit
Ep 670 | 드론7 목적지77 |  838스텝 | 배송 77/77 | 재적재 13 | 중계율 0.06 | alpha 3.957 | complete
Ep 671 | 드론6 목적지58 |  637스텝 | 배송 58/58 | 재적재  9 | 중계율 0.06 | alpha 3.953 | complete
Ep 672 | 드론3 목적지43 | 1000스텝 | 배송 40/43 | 재적재  7 | 중계율 0.07 | alpha 3.993 | step_limit
Ep 673 | 드론8 목적지68 |  512스텝 | 배송 68/68 | 재적재 11 | 중계율 0.05 | alpha 4.017 | complete
Ep 674 | 드론4 목적지52 | 1000스텝 | 배송 49/52 | 재적재  9 | 중계율 0.05 | alpha 4.036 | step_limit
Ep 675 | 드론5 목적지42 |  761스텝 | 배송 42/42 | 재적재  7 | 중계율 0.10 | alpha 4.031 | complete
Ep 676 | 드론3 목적지45 | 1000스텝 | 배송 38/45 | 재적재  6 | 중계율 0.10 | alpha 4.026 | step_limit
Ep 677 | 드론3 목적지41 | 1000스텝 | 배송 37/41 | 재적재  7 | 중계율 0.09 | alpha 3.984 | step_limit
Ep 678 | 드론8 목적지79 |  723스텝 | 배송 79/79 | 재적재 12 | 중계율 0.04 | alpha 3.987 | complete
Ep 679 | 드론4 목적지24 | 1000스텝 | 배송 20/24 | 재적재  3 | 중계율 0.14 | alpha 4.017 | step_limit
Ep 680 | 드론5 목적지52 | 1000스텝 | 배송 51/52 | 재적재  9 | 중계율 0.09 | alpha 4.018 | step_limit
Ep 681 | 드론7 목적지77 | 1000스텝 | 배송 76/77 | 재적재 14 | 중계율 0.06 | alpha 3.969 | step_limit
Ep 682 | 드론4 목적지49 |  992스텝 | 배송 49/49 | 재적재  8 | 중계율 0.08 | alpha 3.959 | complete
Ep 683 | 드론6 목적지63 |  999스텝 | 배송 63/63 | 재적재 10 | 중계율 0.10 | alpha 3.991 | complete
Ep 684 | 드론5 목적지37 |  779스텝 | 배송 37/37 | 재적재  5 | 중계율 0.07 | alpha 3.930 | complete
Ep 685 | 드론8 목적지56 |  617스텝 | 배송 56/56 | 재적재  7 | 중계율 0.04 | alpha 3.937 | complete
Ep 686 | 드론3 목적지28 |  953스텝 | 배송 28/28 | 재적재  5 | 중계율 0.05 | alpha 3.983 | complete
Ep 687 | 드론7 목적지77 |  822스텝 | 배송 77/77 | 재적재 13 | 중계율 0.04 | alpha 3.988 | complete
Ep 688 | 드론5 목적지45 |  858스텝 | 배송 45/45 | 재적재  8 | 중계율 0.07 | alpha 3.975 | complete
Ep 689 | 드론6 목적지70 |  847스텝 | 배송 70/70 | 재적재 12 | 중계율 0.05 | alpha 3.941 | complete
Ep 690 | 드론7 목적지62 |  858스텝 | 배송 62/62 | 재적재 10 | 중계율 0.07 | alpha 3.968 | complete
Ep 691 | 드론3 목적지31 |  935스텝 | 배송 31/31 | 재적재  5 | 중계율 0.06 | alpha 3.920 | complete
Ep 692 | 드론7 목적지61 |  655스텝 | 배송 61/61 | 재적재 10 | 중계율 0.06 | alpha 3.939 | complete
Ep 693 | 드론7 목적지60 |  686스텝 | 배송 60/60 | 재적재  9 | 중계율 0.06 | alpha 3.920 | complete
Ep 694 | 드론4 목적지33 | 1000스텝 | 배송 30/33 | 재적재  4 | 중계율 0.07 | alpha 3.958 | step_limit
Ep 695 | 드론5 목적지29 |  927스텝 | 배송 29/29 | 재적재  5 | 중계율 0.10 | alpha 3.953 | complete
Ep 696 | 드론8 목적지28 |  275스텝 | 배송 28/28 | 재적재  1 | 중계율 0.06 | alpha 3.952 | complete
Ep 697 | 드론8 목적지35 |  435스텝 | 배송 35/35 | 재적재  5 | 중계율 0.05 | alpha 3.927 | complete
Ep 698 | 드론5 목적지32 |  718스텝 | 배송 32/32 | 재적재  5 | 중계율 0.09 | alpha 3.912 | complete
Ep 699 | 드론3 목적지62 | 1000스텝 | 배송 48/62 | 재적재  9 | 중계율 0.06 | alpha 3.910 | step_limit
Ep 700 | 드론5 목적지61 |  796스텝 | 배송 61/61 | 재적재 11 | 중계율 0.04 | alpha 3.870 | complete
  [홀드아웃] 배송 42.9±4.7 완주 0.08 스텝 992 점수 43.0 재적재 6.8 2홉+ 0.62 | 최고 46.4@ep450 정체 5/15
Ep 701 | 드론8 목적지72 |  765스텝 | 배송 72/72 | 재적재 12 | 중계율 0.06 | alpha 3.911 | complete
Ep 702 | 드론7 목적지34 |  333스텝 | 배송 34/34 | 재적재  4 | 중계율 0.06 | alpha 3.904 | complete
Ep 703 | 드론7 목적지32 |  404스텝 | 배송 32/32 | 재적재  5 | 중계율 0.06 | alpha 3.906 | complete
Ep 704 | 드론6 목적지74 |  728스텝 | 배송 74/74 | 재적재 12 | 중계율 0.05 | alpha 3.915 | complete
Ep 705 | 드론4 목적지38 |  774스텝 | 배송 38/38 | 재적재  6 | 중계율 0.07 | alpha 3.917 | complete
Ep 706 | 드론8 목적지30 |  384스텝 | 배송 30/30 | 재적재  3 | 중계율 0.04 | alpha 3.923 | complete
Ep 707 | 드론6 목적지31 |  435스텝 | 배송 31/31 | 재적재  4 | 중계율 0.07 | alpha 3.947 | complete
Ep 708 | 드론4 목적지63 | 1000스텝 | 배송 53/63 | 재적재 10 | 중계율 0.10 | alpha 3.928 | step_limit
Ep 709 | 드론5 목적지20 |  427스텝 | 배송 20/20 | 재적재  1 | 중계율 0.08 | alpha 3.962 | complete
Ep 710 | 드론7 목적지78 |  653스텝 | 배송 78/78 | 재적재 14 | 중계율 0.04 | alpha 3.981 | complete
Ep 711 | 드론8 목적지58 |  469스텝 | 배송 58/58 | 재적재  8 | 중계율 0.04 | alpha 3.995 | complete
Ep 712 | 드론3 목적지75 | 1000스텝 | 배송 52/75 | 재적재  9 | 중계율 0.07 | alpha 4.053 | step_limit
Ep 713 | 드론3 목적지69 | 1000스텝 | 배송 57/69 | 재적재 10 | 중계율 0.04 | alpha 4.015 | step_limit
Ep 714 | 드론4 목적지36 | 1000스텝 | 배송 31/36 | 재적재  4 | 중계율 0.10 | alpha 3.965 | step_limit
Ep 715 | 드론3 목적지65 | 1000스텝 | 배송 55/65 | 재적재 10 | 중계율 0.06 | alpha 3.968 | step_limit
Ep 716 | 드론7 목적지36 |  500스텝 | 배송 36/36 | 재적재  4 | 중계율 0.06 | alpha 3.962 | complete
Ep 717 | 드론8 목적지56 |  455스텝 | 배송 56/56 | 재적재  7 | 중계율 0.06 | alpha 3.936 | complete
Ep 718 | 드론4 목적지69 | 1000스텝 | 배송 66/69 | 재적재 12 | 중계율 0.04 | alpha 3.943 | step_limit
Ep 719 | 드론4 목적지21 |  514스텝 | 배송 21/21 | 재적재  3 | 중계율 0.05 | alpha 3.965 | complete
Ep 720 | 드론7 목적지45 |  797스텝 | 배송 45/45 | 재적재  6 | 중계율 0.07 | alpha 4.012 | complete
Ep 721 | 드론3 목적지30 |  711스텝 | 배송 30/30 | 재적재  5 | 중계율 0.03 | alpha 4.032 | complete
Ep 722 | 드론8 목적지47 |  761스텝 | 배송 47/47 | 재적재  7 | 중계율 0.03 | alpha 4.025 | complete
Ep 723 | 드론4 목적지51 |  865스텝 | 배송 51/51 | 재적재  8 | 중계율 0.08 | alpha 4.036 | complete
Ep 724 | 드론6 목적지57 |  721스텝 | 배송 57/57 | 재적재  9 | 중계율 0.05 | alpha 4.029 | complete
Ep 725 | 드론6 목적지29 |  493스텝 | 배송 29/29 | 재적재  4 | 중계율 0.11 | alpha 4.020 | complete
Ep 726 | 드론8 목적지69 |  745스텝 | 배송 69/69 | 재적재 10 | 중계율 0.05 | alpha 4.008 | complete
Ep 727 | 드론6 목적지36 |  753스텝 | 배송 36/36 | 재적재  5 | 중계율 0.08 | alpha 4.032 | complete
Ep 728 | 드론5 목적지74 |  906스텝 | 배송 74/74 | 재적재 12 | 중계율 0.06 | alpha 4.086 | complete
Ep 729 | 드론8 목적지64 |  712스텝 | 배송 64/64 | 재적재 11 | 중계율 0.06 | alpha 4.072 | complete
Ep 730 | 드론5 목적지70 | 1000스텝 | 배송 67/70 | 재적재 12 | 중계율 0.07 | alpha 4.064 | step_limit
Ep 731 | 드론3 목적지48 | 1000스텝 | 배송 47/48 | 재적재  8 | 중계율 0.06 | alpha 4.036 | step_limit
Ep 732 | 드론6 목적지37 |  659스텝 | 배송 37/37 | 재적재  6 | 중계율 0.06 | alpha 4.012 | complete
Ep 733 | 드론6 목적지67 |  668스텝 | 배송 67/67 | 재적재 12 | 중계율 0.03 | alpha 3.999 | complete
Ep 734 | 드론8 목적지54 |  557스텝 | 배송 54/54 | 재적재  8 | 중계율 0.07 | alpha 4.004 | complete
Ep 735 | 드론7 목적지57 |  913스텝 | 배송 57/57 | 재적재  9 | 중계율 0.07 | alpha 4.043 | complete
Ep 736 | 드론7 목적지39 |  697스텝 | 배송 39/39 | 재적재  6 | 중계율 0.09 | alpha 4.039 | complete
Ep 737 | 드론5 목적지29 |  613스텝 | 배송 29/29 | 재적재  4 | 중계율 0.08 | alpha 4.017 | complete
Ep 738 | 드론7 목적지68 |  726스텝 | 배송 68/68 | 재적재 11 | 중계율 0.03 | alpha 3.995 | complete
Ep 739 | 드론5 목적지20 |  669스텝 | 배송 20/20 | 재적재  2 | 중계율 0.08 | alpha 3.972 | complete
Ep 740 | 드론3 목적지69 | 1000스텝 | 배송 40/69 | 재적재  7 | 중계율 0.10 | alpha 3.976 | step_limit
Ep 741 | 드론8 목적지41 |  512스텝 | 배송 41/41 | 재적재  6 | 중계율 0.08 | alpha 3.939 | complete
Ep 742 | 드론4 목적지78 | 1000스텝 | 배송 55/78 | 재적재  9 | 중계율 0.10 | alpha 3.903 | step_limit
Ep 743 | 드론4 목적지39 | 1000스텝 | 배송 29/39 | 재적재  4 | 중계율 0.11 | alpha 3.949 | step_limit
Ep 744 | 드론5 목적지57 |  558스텝 | 배송 57/57 | 재적재  9 | 중계율 0.03 | alpha 3.956 | complete
Ep 745 | 드론4 목적지76 | 1000스텝 | 배송 68/76 | 재적재 12 | 중계율 0.06 | alpha 3.994 | step_limit
Ep 746 | 드론5 목적지69 | 1000스텝 | 배송 67/69 | 재적재 12 | 중계율 0.05 | alpha 3.956 | step_limit
Ep 747 | 드론4 목적지33 |  767스텝 | 배송 33/33 | 재적재  5 | 중계율 0.09 | alpha 3.968 | complete
Ep 748 | 드론4 목적지30 |  951스텝 | 배송 30/30 | 재적재  4 | 중계율 0.07 | alpha 3.925 | complete
Ep 749 | 드론6 목적지32 |  427스텝 | 배송 32/32 | 재적재  4 | 중계율 0.09 | alpha 3.889 | complete
Ep 750 | 드론6 목적지61 |  837스텝 | 배송 61/61 | 재적재 11 | 중계율 0.05 | alpha 3.911 | complete
  [홀드아웃] 배송 44.8±3.6 완주 0.08 스텝 1000 점수 44.8 재적재 7.8 2홉+ 0.62 | 최고 46.4@ep450 정체 6/15
Ep 751 | 드론6 목적지34 |  666스텝 | 배송 34/34 | 재적재  5 | 중계율 0.07 | alpha 3.916 | complete
Ep 752 | 드론7 목적지69 |  830스텝 | 배송 69/69 | 재적재 11 | 중계율 0.06 | alpha 3.897 | complete
Ep 753 | 드론5 목적지80 | 1000스텝 | 배송 77/80 | 재적재 14 | 중계율 0.06 | alpha 3.916 | step_limit
Ep 754 | 드론5 목적지29 |  573스텝 | 배송 29/29 | 재적재  4 | 중계율 0.08 | alpha 3.932 | complete
Ep 755 | 드론3 목적지43 | 1000스텝 | 배송 34/43 | 재적재  6 | 중계율 0.11 | alpha 3.955 | step_limit
Ep 756 | 드론8 목적지30 |  433스텝 | 배송 30/30 | 재적재  1 | 중계율 0.08 | alpha 3.978 | complete
Ep 757 | 드론7 목적지37 |  532스텝 | 배송 37/37 | 재적재  4 | 중계율 0.06 | alpha 3.984 | complete
Ep 758 | 드론5 목적지51 |  867스텝 | 배송 51/51 | 재적재  9 | 중계율 0.07 | alpha 4.009 | complete
Ep 759 | 드론6 목적지23 |  402스텝 | 배송 23/23 | 재적재  2 | 중계율 0.08 | alpha 3.990 | complete
Ep 760 | 드론6 목적지60 |  971스텝 | 배송 60/60 | 재적재 10 | 중계율 0.07 | alpha 3.974 | complete
Ep 761 | 드론3 목적지77 | 1000스텝 | 배송 51/77 | 재적재  9 | 중계율 0.09 | alpha 3.971 | step_limit
Ep 762 | 드론6 목적지26 |  383스텝 | 배송 26/26 | 재적재  4 | 중계율 0.07 | alpha 3.963 | complete
Ep 763 | 드론6 목적지70 |  912스텝 | 배송 70/70 | 재적재 12 | 중계율 0.06 | alpha 3.975 | complete
Ep 764 | 드론7 목적지32 |  359스텝 | 배송 32/32 | 재적재  5 | 중계율 0.06 | alpha 3.967 | complete
Ep 765 | 드론7 목적지23 |  499스텝 | 배송 23/23 | 재적재  1 | 중계율 0.11 | alpha 3.976 | complete
Ep 766 | 드론7 목적지51 |  521스텝 | 배송 51/51 | 재적재  7 | 중계율 0.04 | alpha 3.977 | complete
Ep 767 | 드론4 목적지49 | 1000스텝 | 배송 46/49 | 재적재  9 | 중계율 0.05 | alpha 3.979 | step_limit
Ep 768 | 드론3 목적지72 | 1000스텝 | 배송 56/72 | 재적재 10 | 중계율 0.10 | alpha 3.979 | step_limit
Ep 769 | 드론8 목적지22 |  225스텝 | 배송 22/22 | 재적재  0 | 중계율 0.07 | alpha 3.975 | complete
Ep 770 | 드론8 목적지53 |  471스텝 | 배송 53/53 | 재적재  8 | 중계율 0.03 | alpha 3.955 | complete
Ep 771 | 드론7 목적지38 |  632스텝 | 배송 38/38 | 재적재  5 | 중계율 0.07 | alpha 3.922 | complete
Ep 772 | 드론5 목적지36 |  667스텝 | 배송 36/36 | 재적재  5 | 중계율 0.09 | alpha 3.939 | complete
Ep 773 | 드론8 목적지21 |  157스텝 | 배송 21/21 | 재적재  0 | 중계율 0.07 | alpha 3.923 | complete
Ep 774 | 드론7 목적지46 |  617스텝 | 배송 46/46 | 재적재  6 | 중계율 0.08 | alpha 3.901 | complete
Ep 775 | 드론8 목적지41 |  538스텝 | 배송 41/41 | 재적재  4 | 중계율 0.07 | alpha 3.939 | complete
Ep 776 | 드론6 목적지48 |  644스텝 | 배송 48/48 | 재적재  8 | 중계율 0.05 | alpha 3.955 | complete
Ep 777 | 드론5 목적지20 |  280스텝 | 배송 20/20 | 재적재  2 | 중계율 0.09 | alpha 3.985 | complete
Ep 778 | 드론6 목적지57 |  960스텝 | 배송 57/57 | 재적재 10 | 중계율 0.07 | alpha 3.960 | complete
Ep 779 | 드론7 목적지79 |  938스텝 | 배송 79/79 | 재적재 13 | 중계율 0.05 | alpha 3.970 | complete
Ep 780 | 드론4 목적지68 | 1000스텝 | 배송 61/68 | 재적재 10 | 중계율 0.07 | alpha 3.944 | step_limit
Ep 781 | 드론6 목적지50 |  689스텝 | 배송 50/50 | 재적재  8 | 중계율 0.05 | alpha 3.920 | complete
Ep 782 | 드론7 목적지45 |  792스텝 | 배송 45/45 | 재적재  8 | 중계율 0.09 | alpha 3.891 | complete
Ep 783 | 드론3 목적지28 |  774스텝 | 배송 28/28 | 재적재  5 | 중계율 0.07 | alpha 3.862 | complete
Ep 784 | 드론8 목적지58 |  660스텝 | 배송 58/58 | 재적재  9 | 중계율 0.08 | alpha 3.893 | complete
Ep 785 | 드론5 목적지49 |  627스텝 | 배송 49/49 | 재적재  8 | 중계율 0.05 | alpha 3.946 | complete
Ep 786 | 드론4 목적지53 | 1000스텝 | 배송 48/53 | 재적재  8 | 중계율 0.06 | alpha 3.938 | step_limit
Ep 787 | 드론4 목적지47 | 1000스텝 | 배송 44/47 | 재적재  7 | 중계율 0.09 | alpha 3.958 | step_limit
Ep 788 | 드론8 목적지75 |  831스텝 | 배송 75/75 | 재적재 13 | 중계율 0.04 | alpha 3.946 | complete
Ep 789 | 드론4 목적지79 | 1000스텝 | 배송 74/79 | 재적재 14 | 중계율 0.06 | alpha 3.948 | step_limit
Ep 790 | 드론3 목적지65 | 1000스텝 | 배송 46/65 | 재적재  9 | 중계율 0.10 | alpha 3.898 | step_limit
Ep 791 | 드론4 목적지21 |  643스텝 | 배송 21/21 | 재적재  2 | 중계율 0.06 | alpha 3.908 | complete
Ep 792 | 드론5 목적지50 |  835스텝 | 배송 50/50 | 재적재  8 | 중계율 0.05 | alpha 3.939 | complete
Ep 793 | 드론7 목적지27 |  327스텝 | 배송 27/27 | 재적재  3 | 중계율 0.08 | alpha 3.938 | complete
Ep 794 | 드론4 목적지74 | 1000스텝 | 배송 58/74 | 재적재 10 | 중계율 0.07 | alpha 3.932 | step_limit
Ep 795 | 드론3 목적지58 | 1000스텝 | 배송 42/58 | 재적재  8 | 중계율 0.09 | alpha 3.900 | step_limit
Ep 796 | 드론4 목적지23 |  557스텝 | 배송 23/23 | 재적재  3 | 중계율 0.09 | alpha 3.957 | complete
Ep 797 | 드론7 목적지34 |  396스텝 | 배송 34/34 | 재적재  4 | 중계율 0.03 | alpha 3.943 | complete
Ep 798 | 드론4 목적지60 | 1000스텝 | 배송 54/60 | 재적재 10 | 중계율 0.09 | alpha 3.876 | step_limit
Ep 799 | 드론3 목적지33 | 1000스텝 | 배송 31/33 | 재적재  5 | 중계율 0.05 | alpha 3.866 | step_limit
Ep 800 | 드론7 목적지50 |  525스텝 | 배송 50/50 | 재적재  7 | 중계율 0.04 | alpha 3.920 | complete
  [홀드아웃] 배송 44.4±3.7 완주 0.08 스텝 993 점수 44.5 재적재 7.3 2홉+ 0.59 | 최고 46.4@ep450 정체 7/15
Training finished. best=46.4 @ ep450
