/home/kopt/enter/envs/wsl_neuroMCTS/lib/python3.10/site-packages/pygame/pkgdata.py:25: UserWarning: pkg_resources is deprecated as an API. See https://setuptools.pypa.io/en/latest/pkg_resources.html. The pkg_resources package is slated for removal as early as 2025-11-30. Refrain from using this package or pin to Setuptools<81.
  from pkg_resources import resource_stream, resource_exists
pygame 2.6.1 (SDL 2.28.4, Python 3.10.19)
Hello from the pygame community. https://www.pygame.org/contribute.html
단계=joint 장치=cuda 반경=300.0 상위주기=20
worker_obs=16 manager_obs=40 state=66 상위행동=7
하위 가중치 로드: weights/v3_26_08_31_19_m_hl20/best_worker.pth
상위 가중치 로드: weights/v3_26_08_31_19_m_hl20/best_manager.pth
Ep 1 | 배송 29/50 | 재적재 3 | 도착  17 | 2홉+ 0.64 | 도달  741 | 차단  346
Ep 2 | 배송 25/50 | 재적재 2 | 도착  16 | 2홉+ 0.63 | 도달  655 | 차단  690
Ep 3 | 배송 32/50 | 재적재 5 | 도착  14 | 2홉+ 0.62 | 도달  808 | 차단  502
Ep 4 | 배송 26/50 | 재적재 4 | 도착  15 | 2홉+ 0.66 | 도달  743 | 차단  445
Ep 5 | 배송 24/50 | 재적재 3 | 도착  14 | 2홉+ 0.62 | 도달  850 | 차단  586
Ep 6 | 배송 13/50 | 재적재 0 | 도착   5 | 2홉+ 0.52 | 도달  712 | 차단  379
Ep 7 | 배송 15/50 | 재적재 0 | 도착   6 | 2홉+ 0.38 | 도달  701 | 차단  229
Ep 8 | 배송 15/50 | 재적재 1 | 도착   6 | 2홉+ 0.44 | 도달  775 | 차단  367
Ep 9 | 배송 14/50 | 재적재 0 | 도착   4 | 2홉+ 0.48 | 도달  674 | 차단  178
Ep 10 | 배송 14/50 | 재적재 0 | 도착   3 | 2홉+ 0.50 | 도달  704 | 차단  213
Ep 11 | 배송 14/50 | 재적재 0 | 도착   6 | 2홉+ 0.42 | 도달  987 | 차단  369
Ep 12 | 배송 17/50 | 재적재 2 | 도착  11 | 2홉+ 0.51 | 도달  704 | 차단  321
Ep 13 | 배송 17/50 | 재적재 2 | 도착  50 | 2홉+ 0.36 | 도달  656 | 차단   96
Ep 14 | 배송 19/50 | 재적재 3 | 도착  13 | 2홉+ 0.47 | 도달  610 | 차단  288
Ep 15 | 배송 18/50 | 재적재 2 | 도착  12 | 2홉+ 0.64 | 도달  870 | 차단  711
Ep 16 | 배송 22/50 | 재적재 3 | 도착  12 | 2홉+ 0.57 | 도달  789 | 차단  323
Ep 17 | 배송 21/50 | 재적재 2 | 도착  12 | 2홉+ 0.59 | 도달  688 | 차단  263
Ep 18 | 배송 20/50 | 재적재 3 | 도착   9 | 2홉+ 0.58 | 도달  885 | 차단  746
Ep 19 | 배송 22/50 | 재적재 3 | 도착  11 | 2홉+ 0.62 | 도달  717 | 차단  676
Ep 20 | 배송 26/50 | 재적재 2 | 도착  11 | 2홉+ 0.64 | 도달  772 | 차단  679
Ep 21 | 배송 30/50 | 재적재 5 | 도착  16 | 2홉+ 0.62 | 도달  831 | 차단  730
Ep 22 | 배송 25/50 | 재적재 3 | 도착  12 | 2홉+ 0.66 | 도달 1074 | 차단  949
Ep 23 | 배송 22/50 | 재적재 3 | 도착  13 | 2홉+ 0.62 | 도달  714 | 차단 1020
Ep 24 | 배송 25/50 | 재적재 3 | 도착  13 | 2홉+ 0.67 | 도달  726 | 차단 1102
Ep 25 | 배송 28/50 | 재적재 4 | 도착  16 | 2홉+ 0.61 | 도달  706 | 차단 1138
Ep 26 | 배송 24/50 | 재적재 3 | 도착  18 | 2홉+ 0.68 | 도달  763 | 차단  918
Ep 27 | 배송 24/50 | 재적재 3 | 도착  14 | 2홉+ 0.65 | 도달  836 | 차단  813
Ep 28 | 배송 27/50 | 재적재 2 | 도착  18 | 2홉+ 0.66 | 도달  783 | 차단  975
Ep 29 | 배송 25/50 | 재적재 2 | 도착  16 | 2홉+ 0.67 | 도달  903 | 차단 1513
Ep 30 | 배송 24/50 | 재적재 3 | 도착  11 | 2홉+ 0.62 | 도달  723 | 차단 1271
Ep 31 | 배송 27/50 | 재적재 3 | 도착  14 | 2홉+ 0.66 | 도달  856 | 차단 1237
Ep 32 | 배송 30/50 | 재적재 3 | 도착  36 | 2홉+ 0.63 | 도달  912 | 차단 1010
Ep 33 | 배송 21/50 | 재적재 2 | 도착  21 | 2홉+ 0.64 | 도달  637 | 차단 1402
Ep 34 | 배송 28/50 | 재적재 4 | 도착  15 | 2홉+ 0.63 | 도달  785 | 차단 1502
Ep 35 | 배송 26/50 | 재적재 4 | 도착  28 | 2홉+ 0.63 | 도달  785 | 차단  962
Ep 36 | 배송 28/50 | 재적재 5 | 도착  20 | 2홉+ 0.64 | 도달  901 | 차단 1165
Ep 37 | 배송 26/50 | 재적재 3 | 도착  17 | 2홉+ 0.66 | 도달  795 | 차단 1260
Ep 38 | 배송 28/50 | 재적재 4 | 도착  17 | 2홉+ 0.63 | 도달  742 | 차단 1083
Ep 39 | 배송 32/50 | 재적재 6 | 도착  16 | 2홉+ 0.63 | 도달  796 | 차단  637
Ep 40 | 배송 26/50 | 재적재 4 | 도착  19 | 2홉+ 0.62 | 도달  779 | 차단  891
Ep 41 | 배송 31/50 | 재적재 5 | 도착  23 | 2홉+ 0.61 | 도달  888 | 차단  693
Ep 42 | 배송 26/50 | 재적재 3 | 도착  14 | 2홉+ 0.64 | 도달  735 | 차단 1067
Ep 43 | 배송 29/50 | 재적재 4 | 도착  16 | 2홉+ 0.63 | 도달  916 | 차단  873
Ep 44 | 배송 31/50 | 재적재 5 | 도착  16 | 2홉+ 0.59 | 도달  882 | 차단  870
Ep 45 | 배송 29/50 | 재적재 5 | 도착  18 | 2홉+ 0.65 | 도달  868 | 차단 1040
Ep 46 | 배송 30/50 | 재적재 4 | 도착  20 | 2홉+ 0.65 | 도달  902 | 차단 1173
Ep 47 | 배송 32/50 | 재적재 4 | 도착  19 | 2홉+ 0.65 | 도달  836 | 차단  627
Ep 48 | 배송 25/50 | 재적재 4 | 도착  96 | 2홉+ 0.57 | 도달  800 | 차단  731
Ep 49 | 배송 34/50 | 재적재 5 | 도착  27 | 2홉+ 0.64 | 도달  856 | 차단  885
Ep 50 | 배송 33/50 | 재적재 5 | 도착  22 | 2홉+ 0.58 | 도달  804 | 차단  675
  [홀드아웃] 배송 26.8±5.9 재적재 3.2 2홉+ 0.60 | 최고 26.8@ep50 정체 0/15  ← 갱신
Ep 51 | 배송 25/50 | 재적재 3 | 도착 142 | 2홉+ 0.52 | 도달  826 | 차단  622
Ep 52 | 배송 26/50 | 재적재 3 | 도착  16 | 2홉+ 0.63 | 도달  664 | 차단  644
Ep 53 | 배송 28/50 | 재적재 3 | 도착  30 | 2홉+ 0.63 | 도달  810 | 차단  752
Ep 54 | 배송 23/50 | 재적재 3 | 도착  16 | 2홉+ 0.50 | 도달  748 | 차단  978
Ep 55 | 배송 28/50 | 재적재 4 | 도착  21 | 2홉+ 0.62 | 도달  831 | 차단  810
Ep 56 | 배송 29/50 | 재적재 3 | 도착  39 | 2홉+ 0.62 | 도달  809 | 차단  967
Ep 57 | 배송 29/50 | 재적재 4 | 도착  16 | 2홉+ 0.58 | 도달  797 | 차단  639
Ep 58 | 배송 23/50 | 재적재 3 | 도착  20 | 2홉+ 0.59 | 도달  710 | 차단  581
Ep 59 | 배송 24/50 | 재적재 3 | 도착  22 | 2홉+ 0.54 | 도달  747 | 차단  727
Ep 60 | 배송 23/50 | 재적재 3 | 도착  13 | 2홉+ 0.67 | 도달  742 | 차단 1043
Ep 61 | 배송 25/50 | 재적재 3 | 도착  11 | 2홉+ 0.60 | 도달  728 | 차단  631
Ep 62 | 배송 29/50 | 재적재 3 | 도착  15 | 2홉+ 0.65 | 도달  793 | 차단  633
Ep 63 | 배송 26/50 | 재적재 3 | 도착  10 | 2홉+ 0.55 | 도달  709 | 차단  497
Ep 64 | 배송 30/50 | 재적재 4 | 도착  19 | 2홉+ 0.61 | 도달  774 | 차단  703
Ep 65 | 배송 28/50 | 재적재 3 | 도착  12 | 2홉+ 0.59 | 도달  851 | 차단  464
Ep 66 | 배송 24/50 | 재적재 3 | 도착  18 | 2홉+ 0.53 | 도달  764 | 차단  278
Ep 67 | 배송 24/50 | 재적재 3 | 도착  19 | 2홉+ 0.49 | 도달  689 | 차단  703
Ep 68 | 배송 24/50 | 재적재 2 | 도착  41 | 2홉+ 0.48 | 도달  732 | 차단  543
Ep 69 | 배송 29/50 | 재적재 4 | 도착  20 | 2홉+ 0.59 | 도달  701 | 차단  464
Ep 70 | 배송 27/50 | 재적재 4 | 도착  14 | 2홉+ 0.57 | 도달  825 | 차단  489
Ep 71 | 배송 24/50 | 재적재 3 | 도착  26 | 2홉+ 0.55 | 도달  673 | 차단  450
Ep 72 | 배송 28/50 | 재적재 3 | 도착  13 | 2홉+ 0.63 | 도달  729 | 차단  543
Ep 73 | 배송 25/50 | 재적재 2 | 도착  17 | 2홉+ 0.61 | 도달  794 | 차단  706
Ep 74 | 배송 23/50 | 재적재 4 | 도착  19 | 2홉+ 0.43 | 도달  609 | 차단  353
Ep 75 | 배송 23/50 | 재적재 3 | 도착  14 | 2홉+ 0.53 | 도달  691 | 차단  324
Ep 76 | 배송 27/50 | 재적재 4 | 도착  12 | 2홉+ 0.60 | 도달  766 | 차단  671
Ep 77 | 배송 30/50 | 재적재 4 | 도착  14 | 2홉+ 0.50 | 도달  796 | 차단  371
Ep 78 | 배송 25/50 | 재적재 2 | 도착  22 | 2홉+ 0.52 | 도달  669 | 차단  548
Ep 79 | 배송 27/50 | 재적재 4 | 도착  17 | 2홉+ 0.49 | 도달  739 | 차단  380
Ep 80 | 배송 27/50 | 재적재 3 | 도착  59 | 2홉+ 0.48 | 도달  849 | 차단  391
Ep 81 | 배송 29/50 | 재적재 4 | 도착  26 | 2홉+ 0.51 | 도달  809 | 차단  473
Ep 82 | 배송 22/50 | 재적재 2 | 도착  66 | 2홉+ 0.36 | 도달  709 | 차단  411
Ep 83 | 배송 22/50 | 재적재 2 | 도착  21 | 2홉+ 0.42 | 도달  737 | 차단  266
Ep 84 | 배송 26/50 | 재적재 4 | 도착  11 | 2홉+ 0.59 | 도달  743 | 차단 1037
Ep 85 | 배송 29/50 | 재적재 5 | 도착  12 | 2홉+ 0.53 | 도달  733 | 차단  360
Ep 86 | 배송 27/50 | 재적재 3 | 도착  13 | 2홉+ 0.52 | 도달  721 | 차단  512
Ep 87 | 배송 19/50 | 재적재 2 | 도착  15 | 2홉+ 0.52 | 도달  699 | 차단  439
Ep 88 | 배송 23/50 | 재적재 3 | 도착  25 | 2홉+ 0.50 | 도달  634 | 차단  312
Ep 89 | 배송 18/50 | 재적재 1 | 도착  19 | 2홉+ 0.53 | 도달  563 | 차단  364
Ep 90 | 배송 22/50 | 재적재 2 | 도착  25 | 2홉+ 0.41 | 도달  717 | 차단  448
Ep 91 | 배송 20/50 | 재적재 1 | 도착  11 | 2홉+ 0.37 | 도달  715 | 차단  389
Ep 92 | 배송 25/50 | 재적재 4 | 도착  13 | 2홉+ 0.52 | 도달  788 | 차단  387
Ep 93 | 배송 21/50 | 재적재 2 | 도착  12 | 2홉+ 0.41 | 도달  634 | 차단  493
Ep 94 | 배송 24/50 | 재적재 3 | 도착  18 | 2홉+ 0.44 | 도달  710 | 차단  236
Ep 95 | 배송 20/50 | 재적재 2 | 도착  24 | 2홉+ 0.40 | 도달  645 | 차단  372
Ep 96 | 배송 20/50 | 재적재 1 | 도착   8 | 2홉+ 0.26 | 도달  562 | 차단   60
Ep 97 | 배송 23/50 | 재적재 2 | 도착  19 | 2홉+ 0.39 | 도달  703 | 차단  353
Ep 98 | 배송 23/50 | 재적재 4 | 도착  15 | 2홉+ 0.54 | 도달  683 | 차단  504
Ep 99 | 배송 22/50 | 재적재 2 | 도착  24 | 2홉+ 0.56 | 도달  735 | 차단  343
Ep 100 | 배송 20/50 | 재적재 2 | 도착  15 | 2홉+ 0.37 | 도달  584 | 차단  159
  [홀드아웃] 배송 16.2±6.2 재적재 1.2 2홉+ 0.39 | 최고 26.8@ep50 정체 1/15
Ep 101 | 배송 23/50 | 재적재 3 | 도착  13 | 2홉+ 0.57 | 도달  713 | 차단  349
Ep 102 | 배송 22/50 | 재적재 2 | 도착   7 | 2홉+ 0.56 | 도달  713 | 차단  460
Ep 103 | 배송 19/50 | 재적재 1 | 도착  28 | 2홉+ 0.39 | 도달  632 | 차단  431
Ep 104 | 배송 24/50 | 재적재 3 | 도착  27 | 2홉+ 0.46 | 도달  698 | 차단  262
Ep 105 | 배송 24/50 | 재적재 2 | 도착  13 | 2홉+ 0.47 | 도달  666 | 차단  205
Ep 106 | 배송 23/50 | 재적재 4 | 도착  12 | 2홉+ 0.53 | 도달  790 | 차단  356
Ep 107 | 배송 19/50 | 재적재 2 | 도착  35 | 2홉+ 0.28 | 도달  581 | 차단   76
Ep 108 | 배송 24/50 | 재적재 4 | 도착  15 | 2홉+ 0.58 | 도달  738 | 차단  479
Ep 109 | 배송 20/50 | 재적재 2 | 도착  13 | 2홉+ 0.43 | 도달  695 | 차단  224
Ep 110 | 배송 22/50 | 재적재 3 | 도착  19 | 2홉+ 0.36 | 도달  616 | 차단  245
Ep 111 | 배송 20/50 | 재적재 3 | 도착  14 | 2홉+ 0.51 | 도달  699 | 차단  338
Ep 112 | 배송 23/50 | 재적재 2 | 도착  13 | 2홉+ 0.44 | 도달  599 | 차단  316
Ep 113 | 배송 21/50 | 재적재 3 | 도착  26 | 2홉+ 0.47 | 도달  747 | 차단  381
Ep 114 | 배송 18/50 | 재적재 2 | 도착  16 | 2홉+ 0.36 | 도달  618 | 차단  280
Ep 115 | 배송 24/50 | 재적재 2 | 도착  22 | 2홉+ 0.36 | 도달  711 | 차단  128
Ep 116 | 배송 22/50 | 재적재 2 | 도착  11 | 2홉+ 0.47 | 도달  638 | 차단  281
Ep 117 | 배송 17/50 | 재적재 1 | 도착  18 | 2홉+ 0.29 | 도달  569 | 차단  426
Ep 118 | 배송 18/50 | 재적재 3 | 도착  24 | 2홉+ 0.30 | 도달  669 | 차단   60
Ep 119 | 배송 13/50 | 재적재 0 | 도착  16 | 2홉+ 0.19 | 도달  593 | 차단   72
Ep 120 | 배송 10/50 | 재적재 0 | 도착  17 | 2홉+ 0.10 | 도달  598 | 차단   92
Ep 121 | 배송 18/50 | 재적재 1 | 도착  13 | 2홉+ 0.17 | 도달  624 | 차단  105
Ep 122 | 배송 16/50 | 재적재 1 | 도착  16 | 2홉+ 0.22 | 도달  604 | 차단   74
Ep 123 | 배송 15/50 | 재적재 1 | 도착  34 | 2홉+ 0.20 | 도달  554 | 차단  163
Ep 124 | 배송 20/50 | 재적재 2 | 도착  11 | 2홉+ 0.45 | 도달  643 | 차단  319
Ep 125 | 배송 14/50 | 재적재 1 | 도착  19 | 2홉+ 0.22 | 도달  656 | 차단  335
Ep 126 | 배송 22/50 | 재적재 2 | 도착  11 | 2홉+ 0.41 | 도달  706 | 차단  123
Ep 127 | 배송 18/50 | 재적재 2 | 도착  12 | 2홉+ 0.33 | 도달  647 | 차단   88
Ep 128 | 배송 13/50 | 재적재 1 | 도착  12 | 2홉+ 0.25 | 도달  600 | 차단  242
Ep 129 | 배송 25/50 | 재적재 3 | 도착  20 | 2홉+ 0.52 | 도달  707 | 차단  217
Ep 130 | 배송 12/50 | 재적재 0 | 도착  22 | 2홉+ 0.23 | 도달  493 | 차단  138
Ep 131 | 배송 12/50 | 재적재 1 | 도착  44 | 2홉+ 0.22 | 도달  500 | 차단  213
Ep 132 | 배송 19/50 | 재적재 1 | 도착  52 | 2홉+ 0.29 | 도달  739 | 차단  321
Ep 133 | 배송 16/50 | 재적재 1 | 도착  41 | 2홉+ 0.25 | 도달  609 | 차단  258
Ep 134 | 배송 16/50 | 재적재 2 | 도착  33 | 2홉+ 0.36 | 도달  682 | 차단  258
Ep 135 | 배송 21/50 | 재적재 3 | 도착  54 | 2홉+ 0.42 | 도달  861 | 차단  655
Ep 136 | 배송 13/50 | 재적재 1 | 도착  79 | 2홉+ 0.17 | 도달  520 | 차단  130
Ep 137 | 배송 13/50 | 재적재 0 | 도착  53 | 2홉+ 0.23 | 도달  545 | 차단  208
Ep 138 | 배송 12/50 | 재적재 1 | 도착  46 | 2홉+ 0.19 | 도달  638 | 차단  133
Ep 139 | 배송 12/50 | 재적재 0 | 도착  60 | 2홉+ 0.20 | 도달  557 | 차단  494
Ep 140 | 배송 15/50 | 재적재 0 | 도착  68 | 2홉+ 0.25 | 도달  555 | 차단  175
Ep 141 | 배송 21/50 | 재적재 2 | 도착   9 | 2홉+ 0.23 | 도달  621 | 차단   76
Ep 142 | 배송 11/50 | 재적재 0 | 도착  78 | 2홉+ 0.12 | 도달  519 | 차단    1
Ep 143 | 배송 11/50 | 재적재 0 | 도착  77 | 2홉+ 0.21 | 도달  585 | 차단   72
Ep 144 | 배송 13/50 | 재적재 0 | 도착 103 | 2홉+ 0.14 | 도달  536 | 차단   26
Ep 145 | 배송 14/50 | 재적재 1 | 도착  37 | 2홉+ 0.15 | 도달  524 | 차단    7
Ep 146 | 배송 10/50 | 재적재 0 | 도착  59 | 2홉+ 0.09 | 도달  485 | 차단   21
Ep 147 | 배송 13/50 | 재적재 1 | 도착  66 | 2홉+ 0.14 | 도달  547 | 차단  265
Ep 148 | 배송 12/50 | 재적재 0 | 도착 263 | 2홉+ 0.15 | 도달  511 | 차단   94
Ep 149 | 배송 11/50 | 재적재 1 | 도착  83 | 2홉+ 0.09 | 도달  556 | 차단   17
Ep 150 | 배송 15/50 | 재적재 0 | 도착  52 | 2홉+ 0.22 | 도달  562 | 차단   34
  [홀드아웃] 배송 4.2±2.8 재적재 0.0 2홉+ 0.15 | 최고 26.8@ep50 정체 2/15
Ep 151 | 배송 13/50 | 재적재 0 | 도착  63 | 2홉+ 0.17 | 도달  531 | 차단   65
Ep 152 | 배송 14/50 | 재적재 0 | 도착  68 | 2홉+ 0.19 | 도달  598 | 차단  120
Ep 153 | 배송 11/50 | 재적재 0 | 도착  46 | 2홉+ 0.15 | 도달  477 | 차단   18
Ep 154 | 배송 17/50 | 재적재 1 | 도착  50 | 2홉+ 0.24 | 도달  547 | 차단   79
Ep 155 | 배송 10/50 | 재적재 0 | 도착  49 | 2홉+ 0.21 | 도달  490 | 차단  325
Ep 156 | 배송  8/50 | 재적재 0 | 도착 101 | 2홉+ 0.06 | 도달  520 | 차단    0
Ep 157 | 배송 16/50 | 재적재 1 | 도착  96 | 2홉+ 0.21 | 도달  566 | 차단  143
Ep 158 | 배송  7/50 | 재적재 0 | 도착  76 | 2홉+ 0.06 | 도달  417 | 차단  115
Ep 159 | 배송 10/50 | 재적재 0 | 도착  47 | 2홉+ 0.12 | 도달  490 | 차단  121
Ep 160 | 배송  6/50 | 재적재 0 | 도착 119 | 2홉+ 0.04 | 도달  450 | 차단   18
Ep 161 | 배송  5/50 | 재적재 0 | 도착  69 | 2홉+ 0.06 | 도달  448 | 차단   25
Ep 162 | 배송  9/50 | 재적재 0 | 도착  45 | 2홉+ 0.12 | 도달  475 | 차단  177
Ep 163 | 배송  9/50 | 재적재 0 | 도착  59 | 2홉+ 0.08 | 도달  461 | 차단   69
Ep 164 | 배송 10/50 | 재적재 0 | 도착  81 | 2홉+ 0.13 | 도달  550 | 차단  286
Ep 165 | 배송  7/50 | 재적재 0 | 도착 108 | 2홉+ 0.17 | 도달  551 | 차단   46
Ep 166 | 배송  9/50 | 재적재 0 | 도착  35 | 2홉+ 0.13 | 도달  494 | 차단  329
Ep 167 | 배송 10/50 | 재적재 0 | 도착  72 | 2홉+ 0.15 | 도달  526 | 차단  329
Ep 168 | 배송  8/50 | 재적재 0 | 도착  66 | 2홉+ 0.13 | 도달  503 | 차단  207
Ep 169 | 배송  9/50 | 재적재 0 | 도착  14 | 2홉+ 0.28 | 도달  590 | 차단  455
Ep 170 | 배송  9/50 | 재적재 0 | 도착  19 | 2홉+ 0.10 | 도달  556 | 차단   48
Ep 171 | 배송  8/50 | 재적재 0 | 도착  58 | 2홉+ 0.11 | 도달  519 | 차단  150
Ep 172 | 배송  8/50 | 재적재 0 | 도착  85 | 2홉+ 0.06 | 도달  475 | 차단   60
Ep 173 | 배송  7/50 | 재적재 0 | 도착  67 | 2홉+ 0.03 | 도달  417 | 차단  106
Ep 174 | 배송 12/50 | 재적재 0 | 도착  33 | 2홉+ 0.19 | 도달  529 | 차단  483
Ep 175 | 배송  8/50 | 재적재 0 | 도착  26 | 2홉+ 0.03 | 도달  367 | 차단   13
Ep 176 | 배송  8/50 | 재적재 0 | 도착  23 | 2홉+ 0.07 | 도달  483 | 차단   65
Ep 177 | 배송  8/50 | 재적재 0 | 도착  81 | 2홉+ 0.09 | 도달  423 | 차단   63
Ep 178 | 배송 12/50 | 재적재 0 | 도착  69 | 2홉+ 0.18 | 도달  599 | 차단   70
Ep 179 | 배송 10/50 | 재적재 0 | 도착  30 | 2홉+ 0.13 | 도달  532 | 차단   70
Ep 180 | 배송  7/50 | 재적재 0 | 도착 124 | 2홉+ 0.05 | 도달  439 | 차단   47
Ep 181 | 배송  9/50 | 재적재 0 | 도착  15 | 2홉+ 0.11 | 도달  490 | 차단  214
Ep 182 | 배송  7/50 | 재적재 0 | 도착  66 | 2홉+ 0.01 | 도달  313 | 차단   33
Ep 183 | 배송  9/50 | 재적재 0 | 도착  79 | 2홉+ 0.05 | 도달  471 | 차단    0
Ep 184 | 배송  7/50 | 재적재 0 | 도착  50 | 2홉+ 0.07 | 도달  523 | 차단  145
Ep 185 | 배송 13/50 | 재적재 0 | 도착  48 | 2홉+ 0.13 | 도달  535 | 차단  234
Ep 186 | 배송  8/50 | 재적재 0 | 도착  84 | 2홉+ 0.04 | 도달  498 | 차단   63
Ep 187 | 배송  7/50 | 재적재 0 | 도착  29 | 2홉+ 0.08 | 도달  427 | 차단  236
Ep 188 | 배송 12/50 | 재적재 1 | 도착  51 | 2홉+ 0.12 | 도달  531 | 차단  235
Ep 189 | 배송  8/50 | 재적재 0 | 도착 120 | 2홉+ 0.09 | 도달  475 | 차단  230
Ep 190 | 배송  7/50 | 재적재 0 | 도착  61 | 2홉+ 0.12 | 도달  476 | 차단  287
Ep 191 | 배송  7/50 | 재적재 0 | 도착  39 | 2홉+ 0.07 | 도달  615 | 차단    1
Ep 192 | 배송  6/50 | 재적재 0 | 도착  38 | 2홉+ 0.03 | 도달  501 | 차단   15
Ep 193 | 배송  6/50 | 재적재 0 | 도착 102 | 2홉+ 0.09 | 도달  470 | 차단  348
Ep 194 | 배송  6/50 | 재적재 0 | 도착  85 | 2홉+ 0.02 | 도달  382 | 차단    0
Ep 195 | 배송  5/50 | 재적재 0 | 도착  31 | 2홉+ 0.02 | 도달  409 | 차단    6
Ep 196 | 배송 13/50 | 재적재 0 | 도착  45 | 2홉+ 0.12 | 도달  524 | 차단   83
Ep 197 | 배송  8/50 | 재적재 0 | 도착  85 | 2홉+ 0.05 | 도달  507 | 차단    4
Ep 198 | 배송 12/50 | 재적재 1 | 도착  27 | 2홉+ 0.21 | 도달  566 | 차단  214
Ep 199 | 배송  7/50 | 재적재 0 | 도착  31 | 2홉+ 0.09 | 도달  441 | 차단   16
Ep 200 | 배송 11/50 | 재적재 0 | 도착  34 | 2홉+ 0.09 | 도달  559 | 차단   67
  [홀드아웃] 배송 8.2±2.9 재적재 0.2 2홉+ 0.35 | 최고 26.8@ep50 정체 3/15
Ep 201 | 배송 10/50 | 재적재 0 | 도착  72 | 2홉+ 0.09 | 도달  526 | 차단  229
Ep 202 | 배송  9/50 | 재적재 0 | 도착  14 | 2홉+ 0.09 | 도달  533 | 차단   23
Ep 203 | 배송  5/50 | 재적재 0 | 도착  24 | 2홉+ 0.12 | 도달  470 | 차단   10
Ep 204 | 배송  6/50 | 재적재 0 | 도착  32 | 2홉+ 0.07 | 도달  440 | 차단   26
Ep 205 | 배송  6/50 | 재적재 0 | 도착  70 | 2홉+ 0.07 | 도달  478 | 차단    0
Ep 206 | 배송  5/50 | 재적재 0 | 도착  46 | 2홉+ 0.08 | 도달  447 | 차단   28
Ep 207 | 배송  5/50 | 재적재 0 | 도착  17 | 2홉+ 0.03 | 도달  432 | 차단    0
Ep 208 | 배송  6/50 | 재적재 0 | 도착  47 | 2홉+ 0.04 | 도달  402 | 차단    2
Ep 209 | 배송  9/50 | 재적재 0 | 도착 129 | 2홉+ 0.06 | 도달  425 | 차단   76
Ep 210 | 배송  5/50 | 재적재 0 | 도착  43 | 2홉+ 0.03 | 도달  428 | 차단   14
Ep 211 | 배송  9/50 | 재적재 0 | 도착  49 | 2홉+ 0.04 | 도달  420 | 차단    3
Ep 212 | 배송 11/50 | 재적재 1 | 도착  37 | 2홉+ 0.11 | 도달  566 | 차단   63
Ep 213 | 배송  6/50 | 재적재 0 | 도착  24 | 2홉+ 0.07 | 도달  512 | 차단   27
Ep 214 | 배송 11/50 | 재적재 1 | 도착  39 | 2홉+ 0.10 | 도달  558 | 차단   36
Ep 215 | 배송  6/50 | 재적재 0 | 도착  15 | 2홉+ 0.04 | 도달  401 | 차단   10
Ep 216 | 배송  5/50 | 재적재 0 | 도착  56 | 2홉+ 0.02 | 도달  402 | 차단    0
Ep 217 | 배송 12/50 | 재적재 1 | 도착  47 | 2홉+ 0.22 | 도달  707 | 차단  146
Ep 218 | 배송  9/50 | 재적재 0 | 도착 116 | 2홉+ 0.12 | 도달  390 | 차단  329
Ep 219 | 배송  8/50 | 재적재 0 | 도착  51 | 2홉+ 0.17 | 도달  667 | 차단  450
Ep 220 | 배송 11/50 | 재적재 1 | 도착  35 | 2홉+ 0.11 | 도달  544 | 차단  188
Ep 221 | 배송  9/50 | 재적재 0 | 도착 183 | 2홉+ 0.05 | 도달  430 | 차단    0
Ep 222 | 배송  8/50 | 재적재 0 | 도착  33 | 2홉+ 0.06 | 도달  486 | 차단    4
Ep 223 | 배송 10/50 | 재적재 1 | 도착  13 | 2홉+ 0.16 | 도달  445 | 차단   57
Ep 224 | 배송  8/50 | 재적재 0 | 도착  84 | 2홉+ 0.03 | 도달  434 | 차단    0
Ep 225 | 배송  8/50 | 재적재 0 | 도착 222 | 2홉+ 0.01 | 도달  350 | 차단    5
Ep 226 | 배송  8/50 | 재적재 0 | 도착  66 | 2홉+ 0.07 | 도달  431 | 차단   32
Ep 227 | 배송 17/50 | 재적재 1 | 도착  17 | 2홉+ 0.35 | 도달  690 | 차단  240
Ep 228 | 배송 11/50 | 재적재 0 | 도착  68 | 2홉+ 0.07 | 도달  604 | 차단   55
Ep 229 | 배송  9/50 | 재적재 0 | 도착  93 | 2홉+ 0.05 | 도달  488 | 차단   32
Ep 230 | 배송  8/50 | 재적재 0 | 도착  42 | 2홉+ 0.19 | 도달  474 | 차단  105
Ep 231 | 배송 15/50 | 재적재 0 | 도착  29 | 2홉+ 0.24 | 도달  654 | 차단  109
Ep 232 | 배송 13/50 | 재적재 1 | 도착  58 | 2홉+ 0.18 | 도달  708 | 차단  347
Ep 233 | 배송 11/50 | 재적재 0 | 도착  37 | 2홉+ 0.44 | 도달  794 | 차단  196
Ep 234 | 배송 10/50 | 재적재 1 | 도착   6 | 2홉+ 0.32 | 도달  515 | 차단  194
Ep 235 | 배송 16/50 | 재적재 1 | 도착   8 | 2홉+ 0.36 | 도달  839 | 차단  620
Ep 236 | 배송  8/50 | 재적재 0 | 도착 116 | 2홉+ 0.07 | 도달  433 | 차단  185
Ep 237 | 배송 16/50 | 재적재 1 | 도착  20 | 2홉+ 0.41 | 도달  949 | 차단 1045
Ep 238 | 배송 12/50 | 재적재 0 | 도착  71 | 2홉+ 0.25 | 도달  685 | 차단  492
Ep 239 | 배송 18/50 | 재적재 1 | 도착  19 | 2홉+ 0.44 | 도달  969 | 차단  791
Ep 240 | 배송 20/50 | 재적재 2 | 도착  31 | 2홉+ 0.28 | 도달  743 | 차단  230
Ep 241 | 배송 10/50 | 재적재 0 | 도착  51 | 2홉+ 0.18 | 도달  554 | 차단   62
Ep 242 | 배송 10/50 | 재적재 0 | 도착  64 | 2홉+ 0.05 | 도달  472 | 차단    5
Ep 243 | 배송 19/50 | 재적재 1 | 도착   4 | 2홉+ 0.54 | 도달  935 | 차단  820
Ep 244 | 배송 10/50 | 재적재 0 | 도착 108 | 2홉+ 0.11 | 도달  467 | 차단  117
Ep 245 | 배송 10/50 | 재적재 0 | 도착 106 | 2홉+ 0.09 | 도달  449 | 차단  107
Ep 246 | 배송 14/50 | 재적재 1 | 도착  18 | 2홉+ 0.19 | 도달  719 | 차단  263
Ep 247 | 배송  9/50 | 재적재 0 | 도착  91 | 2홉+ 0.19 | 도달  479 | 차단  616
Ep 248 | 배송 13/50 | 재적재 1 | 도착  47 | 2홉+ 0.21 | 도달  562 | 차단  345
Ep 249 | 배송 12/50 | 재적재 0 | 도착  51 | 2홉+ 0.25 | 도달  541 | 차단  137
Ep 250 | 배송 15/50 | 재적재 1 | 도착  38 | 2홉+ 0.32 | 도달  649 | 차단  524
  [홀드아웃] 배송 13.2±3.2 재적재 0.5 2홉+ 0.39 | 최고 26.8@ep50 정체 4/15
Ep 251 | 배송 11/50 | 재적재 0 | 도착  52 | 2홉+ 0.21 | 도달  535 | 차단  591
Ep 252 | 배송 13/50 | 재적재 1 | 도착  41 | 2홉+ 0.16 | 도달  479 | 차단  236
Ep 253 | 배송  8/50 | 재적재 0 | 도착  25 | 2홉+ 0.15 | 도달  482 | 차단  306
Ep 254 | 배송  9/50 | 재적재 0 | 도착  18 | 2홉+ 0.24 | 도달  507 | 차단  407
Ep 255 | 배송 12/50 | 재적재 0 | 도착   9 | 2홉+ 0.19 | 도달  507 | 차단  163
Ep 256 | 배송 11/50 | 재적재 0 | 도착  43 | 2홉+ 0.12 | 도달  612 | 차단  107
Ep 257 | 배송 11/50 | 재적재 0 | 도착   9 | 2홉+ 0.21 | 도달  570 | 차단 1175
Ep 258 | 배송 11/50 | 재적재 0 | 도착  75 | 2홉+ 0.04 | 도달  435 | 차단    0
Ep 259 | 배송 10/50 | 재적재 0 | 도착   8 | 2홉+ 0.19 | 도달  451 | 차단  152
Ep 260 | 배송 10/50 | 재적재 0 | 도착  33 | 2홉+ 0.16 | 도달  501 | 차단  249
Ep 261 | 배송 11/50 | 재적재 0 | 도착  39 | 2홉+ 0.11 | 도달  528 | 차단  164
Ep 262 | 배송  9/50 | 재적재 0 | 도착  65 | 2홉+ 0.04 | 도달  407 | 차단  104
Ep 263 | 배송  9/50 | 재적재 0 | 도착  53 | 2홉+ 0.16 | 도달  452 | 차단  174
Ep 264 | 배송 15/50 | 재적재 1 | 도착  22 | 2홉+ 0.34 | 도달  702 | 차단  293
Ep 265 | 배송 11/50 | 재적재 0 | 도착  16 | 2홉+ 0.09 | 도달  536 | 차단   14
Ep 266 | 배송  8/50 | 재적재 0 | 도착  31 | 2홉+ 0.05 | 도달  427 | 차단   82
Ep 267 | 배송  8/50 | 재적재 0 | 도착  25 | 2홉+ 0.08 | 도달  430 | 차단   84
Ep 268 | 배송  9/50 | 재적재 0 | 도착  57 | 2홉+ 0.05 | 도달  400 | 차단  109
Ep 269 | 배송  9/50 | 재적재 0 | 도착  39 | 2홉+ 0.06 | 도달  396 | 차단    0
Ep 270 | 배송  9/50 | 재적재 0 | 도착   5 | 2홉+ 0.06 | 도달  444 | 차단   31
Ep 271 | 배송  7/50 | 재적재 0 | 도착  10 | 2홉+ 0.13 | 도달  439 | 차단  270
Ep 272 | 배송  8/50 | 재적재 0 | 도착  13 | 2홉+ 0.02 | 도달  358 | 차단    4
Ep 273 | 배송  9/50 | 재적재 0 | 도착  18 | 2홉+ 0.09 | 도달  520 | 차단  104
Ep 274 | 배송  7/50 | 재적재 0 | 도착   5 | 2홉+ 0.01 | 도달  348 | 차단   10
Ep 275 | 배송  8/50 | 재적재 0 | 도착  16 | 2홉+ 0.05 | 도달  440 | 차단    3
Ep 276 | 배송  7/50 | 재적재 0 | 도착  21 | 2홉+ 0.08 | 도달  478 | 차단   64
Ep 277 | 배송  9/50 | 재적재 0 | 도착  11 | 2홉+ 0.19 | 도달  507 | 차단   10
Ep 278 | 배송  8/50 | 재적재 0 | 도착  32 | 2홉+ 0.07 | 도달  419 | 차단   20
Ep 279 | 배송  9/50 | 재적재 0 | 도착  80 | 2홉+ 0.07 | 도달  438 | 차단   12
Ep 280 | 배송  7/50 | 재적재 0 | 도착  17 | 2홉+ 0.03 | 도달  368 | 차단    6
Ep 281 | 배송  8/50 | 재적재 0 | 도착  50 | 2홉+ 0.04 | 도달  598 | 차단   32
Ep 282 | 배송  7/50 | 재적재 0 | 도착  62 | 2홉+ 0.06 | 도달  421 | 차단  122
Ep 283 | 배송  7/50 | 재적재 0 | 도착 143 | 2홉+ 0.05 | 도달  438 | 차단   12
Ep 284 | 배송  7/50 | 재적재 0 | 도착  55 | 2홉+ 0.02 | 도달  335 | 차단   14
Ep 285 | 배송  9/50 | 재적재 0 | 도착  79 | 2홉+ 0.03 | 도달  467 | 차단   59
Ep 286 | 배송  7/50 | 재적재 0 | 도착 110 | 2홉+ 0.04 | 도달  405 | 차단   93
Ep 287 | 배송 10/50 | 재적재 0 | 도착  23 | 2홉+ 0.17 | 도달  592 | 차단   71
Ep 288 | 배송  7/50 | 재적재 0 | 도착  67 | 2홉+ 0.02 | 도달  428 | 차단   21
Ep 289 | 배송  7/50 | 재적재 0 | 도착  95 | 2홉+ 0.03 | 도달  367 | 차단   11
Ep 290 | 배송  9/50 | 재적재 0 | 도착  39 | 2홉+ 0.05 | 도달  552 | 차단  114
Ep 291 | 배송  8/50 | 재적재 0 | 도착  36 | 2홉+ 0.08 | 도달  478 | 차단    3
Ep 292 | 배송  7/50 | 재적재 0 | 도착 138 | 2홉+ 0.05 | 도달  497 | 차단   70
Ep 293 | 배송  8/50 | 재적재 0 | 도착 169 | 2홉+ 0.05 | 도달  474 | 차단   25
Ep 294 | 배송  6/50 | 재적재 0 | 도착  83 | 2홉+ 0.06 | 도달  519 | 차단  280
Ep 295 | 배송  6/50 | 재적재 0 | 도착  32 | 2홉+ 0.04 | 도달  443 | 차단    2
Ep 296 | 배송  8/50 | 재적재 0 | 도착  68 | 2홉+ 0.03 | 도달  422 | 차단   31
Ep 297 | 배송  7/50 | 재적재 0 | 도착 189 | 2홉+ 0.01 | 도달  331 | 차단    0
Ep 298 | 배송  9/50 | 재적재 0 | 도착  16 | 2홉+ 0.18 | 도달  530 | 차단  231
Ep 299 | 배송  7/50 | 재적재 0 | 도착   5 | 2홉+ 0.05 | 도달  464 | 차단    9
Ep 300 | 배송  6/50 | 재적재 0 | 도착   4 | 2홉+ 0.05 | 도달  451 | 차단   18
  [홀드아웃] 배송 7.2±1.9 재적재 0.0 2홉+ 0.17 | 최고 26.8@ep50 정체 5/15
Ep 301 | 배송 10/50 | 재적재 0 | 도착  15 | 2홉+ 0.05 | 도달  426 | 차단    1
Ep 302 | 배송  6/50 | 재적재 0 | 도착  17 | 2홉+ 0.08 | 도달  505 | 차단  141
Ep 303 | 배송  7/50 | 재적재 0 | 도착  95 | 2홉+ 0.02 | 도달  391 | 차단    0
Ep 304 | 배송  4/50 | 재적재 0 | 도착   0 | 2홉+ 0.01 | 도달  390 | 차단    0
Ep 305 | 배송  7/50 | 재적재 0 | 도착  22 | 2홉+ 0.04 | 도달  395 | 차단   14
Ep 306 | 배송  7/50 | 재적재 0 | 도착  18 | 2홉+ 0.01 | 도달  332 | 차단    0
Ep 307 | 배송  7/50 | 재적재 0 | 도착  14 | 2홉+ 0.09 | 도달  482 | 차단  154
Ep 308 | 배송  7/50 | 재적재 0 | 도착  24 | 2홉+ 0.01 | 도달  325 | 차단    0
Ep 309 | 배송  5/50 | 재적재 0 | 도착  12 | 2홉+ 0.07 | 도달  436 | 차단    0
Ep 310 | 배송  8/50 | 재적재 0 | 도착 101 | 2홉+ 0.07 | 도달  473 | 차단   55
Ep 311 | 배송  6/50 | 재적재 0 | 도착  16 | 2홉+ 0.02 | 도달  372 | 차단    0
Ep 312 | 배송  6/50 | 재적재 0 | 도착   9 | 2홉+ 0.06 | 도달  400 | 차단    0
Ep 313 | 배송 11/50 | 재적재 0 | 도착   2 | 2홉+ 0.23 | 도달  551 | 차단  206
Ep 314 | 배송  7/50 | 재적재 0 | 도착  10 | 2홉+ 0.08 | 도달  464 | 차단    1
Ep 315 | 배송 10/50 | 재적재 0 | 도착  17 | 2홉+ 0.07 | 도달  458 | 차단   13
Ep 316 | 배송  6/50 | 재적재 0 | 도착   5 | 2홉+ 0.02 | 도달  416 | 차단   18
Ep 317 | 배송 12/50 | 재적재 0 | 도착   2 | 2홉+ 0.15 | 도달  502 | 차단  243
Ep 318 | 배송  7/50 | 재적재 0 | 도착  16 | 2홉+ 0.05 | 도달  430 | 차단    0
Ep 319 | 배송  7/50 | 재적재 0 | 도착   4 | 2홉+ 0.04 | 도달  387 | 차단    1
Ep 320 | 배송  9/50 | 재적재 0 | 도착   8 | 2홉+ 0.05 | 도달  508 | 차단   27
Ep 321 | 배송  8/50 | 재적재 0 | 도착  65 | 2홉+ 0.06 | 도달  432 | 차단   63
Ep 322 | 배송  7/50 | 재적재 0 | 도착  20 | 2홉+ 0.08 | 도달  453 | 차단  117
Ep 323 | 배송 10/50 | 재적재 1 | 도착  36 | 2홉+ 0.21 | 도달  529 | 차단  122
Ep 324 | 배송  9/50 | 재적재 0 | 도착  66 | 2홉+ 0.05 | 도달  530 | 차단   42
Ep 325 | 배송  6/50 | 재적재 0 | 도착   0 | 2홉+ 0.05 | 도달  398 | 차단   17
Ep 326 | 배송  6/50 | 재적재 0 | 도착  39 | 2홉+ 0.03 | 도달  385 | 차단   36
Ep 327 | 배송  6/50 | 재적재 0 | 도착   6 | 2홉+ 0.01 | 도달  376 | 차단    0
Ep 328 | 배송  7/50 | 재적재 0 | 도착  56 | 2홉+ 0.01 | 도달  364 | 차단    0
Ep 329 | 배송  9/50 | 재적재 0 | 도착  16 | 2홉+ 0.18 | 도달  559 | 차단  115
Ep 330 | 배송  7/50 | 재적재 0 | 도착  23 | 2홉+ 0.04 | 도달  419 | 차단    7
Ep 331 | 배송  6/50 | 재적재 0 | 도착   4 | 2홉+ 0.12 | 도달  439 | 차단    7
Ep 332 | 배송  9/50 | 재적재 0 | 도착  33 | 2홉+ 0.13 | 도달  458 | 차단  118
Ep 333 | 배송  6/50 | 재적재 0 | 도착   5 | 2홉+ 0.19 | 도달  440 | 차단    0
Ep 334 | 배송  9/50 | 재적재 0 | 도착   8 | 2홉+ 0.14 | 도달  469 | 차단  211
Ep 335 | 배송  7/50 | 재적재 0 | 도착 122 | 2홉+ 0.02 | 도달  340 | 차단   40
Ep 336 | 배송  9/50 | 재적재 0 | 도착  48 | 2홉+ 0.07 | 도달  448 | 차단   19
Ep 337 | 배송  7/50 | 재적재 0 | 도착  10 | 2홉+ 0.03 | 도달  385 | 차단    8
Ep 338 | 배송  8/50 | 재적재 0 | 도착  28 | 2홉+ 0.31 | 도달  576 | 차단  323
Ep 339 | 배송  8/50 | 재적재 0 | 도착  54 | 2홉+ 0.07 | 도달  514 | 차단  262
Ep 340 | 배송  6/50 | 재적재 0 | 도착  80 | 2홉+ 0.10 | 도달  395 | 차단  545
Ep 341 | 배송  6/50 | 재적재 0 | 도착  58 | 2홉+ 0.01 | 도달  369 | 차단    7
Ep 342 | 배송  8/50 | 재적재 0 | 도착   8 | 2홉+ 0.10 | 도달  437 | 차단   23
Ep 343 | 배송  7/50 | 재적재 0 | 도착 210 | 2홉+ 0.05 | 도달  333 | 차단  277
Ep 344 | 배송  9/50 | 재적재 0 | 도착  46 | 2홉+ 0.07 | 도달  518 | 차단  127
Ep 345 | 배송  6/50 | 재적재 0 | 도착  27 | 2홉+ 0.08 | 도달  522 | 차단   81
Ep 346 | 배송  6/50 | 재적재 0 | 도착  16 | 2홉+ 0.09 | 도달  470 | 차단  137
Ep 347 | 배송  7/50 | 재적재 0 | 도착  46 | 2홉+ 0.23 | 도달  546 | 차단  419
Ep 348 | 배송  6/50 | 재적재 0 | 도착   9 | 2홉+ 0.02 | 도달  336 | 차단   38
Ep 349 | 배송  7/50 | 재적재 0 | 도착 109 | 2홉+ 0.04 | 도달  528 | 차단   19
Ep 350 | 배송  5/50 | 재적재 0 | 도착   9 | 2홉+ 0.06 | 도달  473 | 차단   21
  [홀드아웃] 배송 9.0±3.1 재적재 0.1 2홉+ 0.29 | 최고 26.8@ep50 정체 6/15
Ep 351 | 배송  7/50 | 재적재 0 | 도착 104 | 2홉+ 0.07 | 도달  508 | 차단   49
Ep 352 | 배송  7/50 | 재적재 0 | 도착  47 | 2홉+ 0.09 | 도달  472 | 차단   11
Ep 353 | 배송  7/50 | 재적재 0 | 도착 118 | 2홉+ 0.07 | 도달  537 | 차단   38
Ep 354 | 배송  7/50 | 재적재 0 | 도착 197 | 2홉+ 0.02 | 도달  410 | 차단   14
Ep 355 | 배송  9/50 | 재적재 0 | 도착 174 | 2홉+ 0.08 | 도달  439 | 차단   95
Ep 356 | 배송  7/50 | 재적재 0 | 도착 169 | 2홉+ 0.05 | 도달  356 | 차단   56
Ep 357 | 배송  7/50 | 재적재 0 | 도착 288 | 2홉+ 0.04 | 도달  369 | 차단   50
Ep 358 | 배송  6/50 | 재적재 0 | 도착 283 | 2홉+ 0.05 | 도달  447 | 차단   35
Ep 359 | 배송  6/50 | 재적재 0 | 도착 467 | 2홉+ 0.03 | 도달  377 | 차단   46
Ep 360 | 배송  9/50 | 재적재 0 | 도착 110 | 2홉+ 0.11 | 도달  469 | 차단  123
Ep 361 | 배송  6/50 | 재적재 0 | 도착  78 | 2홉+ 0.07 | 도달  505 | 차단  159
Ep 362 | 배송  7/50 | 재적재 0 | 도착 122 | 2홉+ 0.07 | 도달  355 | 차단  142
Ep 363 | 배송  7/50 | 재적재 0 | 도착  44 | 2홉+ 0.17 | 도달  502 | 차단   50
Ep 364 | 배송  7/50 | 재적재 0 | 도착 103 | 2홉+ 0.15 | 도달  446 | 차단  263
Ep 365 | 배송  8/50 | 재적재 0 | 도착 173 | 2홉+ 0.07 | 도달  385 | 차단  269
Ep 366 | 배송  7/50 | 재적재 0 | 도착  89 | 2홉+ 0.15 | 도달  451 | 차단  505
Ep 367 | 배송 10/50 | 재적재 0 | 도착 366 | 2홉+ 0.04 | 도달  424 | 차단   34
Ep 368 | 배송 10/50 | 재적재 0 | 도착 147 | 2홉+ 0.06 | 도달  436 | 차단   39
Ep 369 | 배송  8/50 | 재적재 0 | 도착 527 | 2홉+ 0.01 | 도달  431 | 차단    0
Ep 370 | 배송  7/50 | 재적재 0 | 도착 310 | 2홉+ 0.13 | 도달  493 | 차단  402
Ep 371 | 배송  8/50 | 재적재 0 | 도착 382 | 2홉+ 0.02 | 도달  375 | 차단   33
Ep 372 | 배송 10/50 | 재적재 0 | 도착 172 | 2홉+ 0.15 | 도달  504 | 차단  207
Ep 373 | 배송  7/50 | 재적재 0 | 도착 233 | 2홉+ 0.10 | 도달  374 | 차단  642
Ep 374 | 배송  9/50 | 재적재 0 | 도착 347 | 2홉+ 0.03 | 도달  384 | 차단   37
Ep 375 | 배송  7/50 | 재적재 0 | 도착 328 | 2홉+ 0.09 | 도달  415 | 차단  290
Ep 376 | 배송  9/50 | 재적재 0 | 도착 586 | 2홉+ 0.03 | 도달  413 | 차단    4
Ep 377 | 배송  9/50 | 재적재 0 | 도착 101 | 2홉+ 0.06 | 도달  437 | 차단   44
Ep 378 | 배송  7/50 | 재적재 0 | 도착 397 | 2홉+ 0.07 | 도달  373 | 차단  306
Ep 379 | 배송  7/50 | 재적재 1 | 도착  51 | 2홉+ 0.06 | 도달  390 | 차단    7
Ep 380 | 배송  6/50 | 재적재 0 | 도착   8 | 2홉+ 0.17 | 도달  426 | 차단  152
Ep 381 | 배송  6/50 | 재적재 0 | 도착  59 | 2홉+ 0.03 | 도달  433 | 차단   22
Ep 382 | 배송  7/50 | 재적재 0 | 도착 189 | 2홉+ 0.03 | 도달  408 | 차단   31
Ep 383 | 배송  3/50 | 재적재 0 | 도착   0 | 2홉+ 0.01 | 도달  342 | 차단    0
Ep 384 | 배송  5/50 | 재적재 0 | 도착   2 | 2홉+ 0.47 | 도달  533 | 차단  402
Ep 385 | 배송  3/50 | 재적재 0 | 도착   0 | 2홉+ 0.02 | 도달  359 | 차단   52
Ep 386 | 배송  0/50 | 재적재 0 | 도착   0 | 2홉+ 0.00 | 도달  134 | 차단    0
Ep 387 | 배송  6/50 | 재적재 0 | 도착  15 | 2홉+ 0.04 | 도달  388 | 차단   22
Ep 388 | 배송  8/50 | 재적재 0 | 도착  97 | 2홉+ 0.06 | 도달  445 | 차단   34
Ep 389 | 배송  6/50 | 재적재 0 | 도착  61 | 2홉+ 0.02 | 도달  382 | 차단    0
Ep 390 | 배송  7/50 | 재적재 0 | 도착 120 | 2홉+ 0.01 | 도달  348 | 차단    3
Ep 391 | 배송  0/50 | 재적재 0 | 도착   0 | 2홉+ 0.00 | 도달  135 | 차단    0
Ep 392 | 배송  0/50 | 재적재 0 | 도착   0 | 2홉+ 0.00 | 도달  111 | 차단    0
Ep 393 | 배송  0/50 | 재적재 0 | 도착   0 | 2홉+ 0.00 | 도달  131 | 차단    0
Ep 394 | 배송  0/50 | 재적재 0 | 도착   0 | 2홉+ 0.00 | 도달  159 | 차단    0
Ep 395 | 배송  0/50 | 재적재 0 | 도착   0 | 2홉+ 0.00 | 도달  113 | 차단    0
Ep 396 | 배송  0/50 | 재적재 0 | 도착   0 | 2홉+ 0.00 | 도달  118 | 차단    0
Ep 397 | 배송  0/50 | 재적재 0 | 도착   0 | 2홉+ 0.00 | 도달  149 | 차단    0
Ep 398 | 배송  0/50 | 재적재 0 | 도착   0 | 2홉+ 0.00 | 도달  116 | 차단    0
Ep 399 | 배송  0/50 | 재적재 0 | 도착   0 | 2홉+ 0.00 | 도달  126 | 차단    0
Ep 400 | 배송  0/50 | 재적재 0 | 도착   0 | 2홉+ 0.00 | 도달  129 | 차단    0
  [홀드아웃] 배송 5.1±4.2 재적재 0.0 2홉+ 0.31 | 최고 26.8@ep50 정체 7/15
Ep 401 | 배송  0/50 | 재적재 0 | 도착   0 | 2홉+ 0.00 | 도달  123 | 차단    0
Ep 402 | 배송  0/50 | 재적재 0 | 도착   0 | 2홉+ 0.00 | 도달  121 | 차단    0
Ep 403 | 배송  0/50 | 재적재 0 | 도착   0 | 2홉+ 0.00 | 도달  123 | 차단    0
Ep 404 | 배송  0/50 | 재적재 0 | 도착   0 | 2홉+ 0.00 | 도달  121 | 차단    0
Ep 405 | 배송  0/50 | 재적재 0 | 도착   0 | 2홉+ 0.00 | 도달  122 | 차단    0
Ep 406 | 배송  0/50 | 재적재 0 | 도착   0 | 2홉+ 0.00 | 도달  131 | 차단    0
Ep 407 | 배송  7/50 | 재적재 0 | 도착  51 | 2홉+ 0.01 | 도달  341 | 차단    0
Ep 408 | 배송  0/50 | 재적재 0 | 도착   0 | 2홉+ 0.00 | 도달  159 | 차단    0
Ep 409 | 배송  0/50 | 재적재 0 | 도착   0 | 2홉+ 0.00 | 도달  126 | 차단    0
Ep 410 | 배송  0/50 | 재적재 0 | 도착   0 | 2홉+ 0.00 | 도달  111 | 차단    0
Ep 411 | 배송  0/50 | 재적재 0 | 도착   0 | 2홉+ 0.00 | 도달  118 | 차단    0
Ep 412 | 배송  0/50 | 재적재 0 | 도착   0 | 2홉+ 0.00 | 도달  126 | 차단    0
Ep 413 | 배송  0/50 | 재적재 0 | 도착   0 | 2홉+ 0.00 | 도달  122 | 차단    0
Ep 414 | 배송  0/50 | 재적재 0 | 도착   0 | 2홉+ 0.00 | 도달  186 | 차단    0
Ep 415 | 배송  0/50 | 재적재 0 | 도착   0 | 2홉+ 0.00 | 도달  143 | 차단    0
Ep 416 | 배송  0/50 | 재적재 0 | 도착   0 | 2홉+ 0.00 | 도달  160 | 차단    0
Ep 417 | 배송  0/50 | 재적재 0 | 도착   0 | 2홉+ 0.00 | 도달  195 | 차단    0
Ep 418 | 배송  6/50 | 재적재 0 | 도착   0 | 2홉+ 0.00 | 도달  326 | 차단   29
Ep 419 | 배송  8/50 | 재적재 0 | 도착  40 | 2홉+ 0.03 | 도달  467 | 차단    5
Ep 420 | 배송  8/50 | 재적재 0 | 도착  77 | 2홉+ 0.08 | 도달  501 | 차단    3
Ep 421 | 배송  7/50 | 재적재 0 | 도착 199 | 2홉+ 0.02 | 도달  431 | 차단   16
Ep 422 | 배송  8/50 | 재적재 0 | 도착 453 | 2홉+ 0.06 | 도달  489 | 차단   63
Ep 423 | 배송  8/50 | 재적재 0 | 도착  66 | 2홉+ 0.03 | 도달  444 | 차단   43
Ep 424 | 배송  8/50 | 재적재 0 | 도착 291 | 2홉+ 0.04 | 도달  530 | 차단   11
Ep 425 | 배송  0/50 | 재적재 0 | 도착   0 | 2홉+ 0.00 | 도달  135 | 차단    0
Ep 426 | 배송  0/50 | 재적재 0 | 도착   0 | 2홉+ 0.00 | 도달  200 | 차단    0
Ep 427 | 배송  7/50 | 재적재 0 | 도착 438 | 2홉+ 0.07 | 도달  419 | 차단   38
Ep 428 | 배송  7/50 | 재적재 0 | 도착 107 | 2홉+ 0.01 | 도달  418 | 차단    5
Ep 429 | 배송  0/50 | 재적재 0 | 도착   0 | 2홉+ 0.00 | 도달  146 | 차단    0
Ep 430 | 배송  5/50 | 재적재 0 | 도착  25 | 2홉+ 0.04 | 도달  399 | 차단    7
Ep 431 | 배송  5/50 | 재적재 0 | 도착   0 | 2홉+ 0.04 | 도달  415 | 차단    0
Ep 432 | 배송  8/50 | 재적재 0 | 도착 155 | 2홉+ 0.09 | 도달  474 | 차단   91
Ep 433 | 배송  7/50 | 재적재 0 | 도착 213 | 2홉+ 0.05 | 도달  461 | 차단    3
Ep 434 | 배송  8/50 | 재적재 0 | 도착 300 | 2홉+ 0.05 | 도달  534 | 차단   67
Ep 435 | 배송  9/50 | 재적재 0 | 도착 112 | 2홉+ 0.13 | 도달  502 | 차단   82
Ep 436 | 배송  8/50 | 재적재 0 | 도착  68 | 2홉+ 0.05 | 도달  418 | 차단   16
Ep 437 | 배송 10/50 | 재적재 1 | 도착 121 | 2홉+ 0.10 | 도달  546 | 차단  316
Ep 438 | 배송  7/50 | 재적재 0 | 도착 382 | 2홉+ 0.01 | 도달  397 | 차단    1
Ep 439 | 배송  8/50 | 재적재 0 | 도착 136 | 2홉+ 0.03 | 도달  415 | 차단    0
Ep 440 | 배송  9/50 | 재적재 0 | 도착 241 | 2홉+ 0.04 | 도달  474 | 차단   43
Ep 441 | 배송 10/50 | 재적재 0 | 도착 216 | 2홉+ 0.09 | 도달  457 | 차단    0
Ep 442 | 배송  9/50 | 재적재 0 | 도착  11 | 2홉+ 0.14 | 도달  502 | 차단   40
Ep 443 | 배송  6/50 | 재적재 0 | 도착 245 | 2홉+ 0.06 | 도달  475 | 차단    0
Ep 444 | 배송  8/50 | 재적재 0 | 도착  97 | 2홉+ 0.06 | 도달  531 | 차단   39
Ep 445 | 배송  7/50 | 재적재 0 | 도착  77 | 2홉+ 0.02 | 도달  463 | 차단    3
Ep 446 | 배송  6/50 | 재적재 0 | 도착 166 | 2홉+ 0.05 | 도달  414 | 차단   24
Ep 447 | 배송  7/50 | 재적재 0 | 도착   1 | 2홉+ 0.21 | 도달  524 | 차단  120
Ep 448 | 배송  6/50 | 재적재 0 | 도착 211 | 2홉+ 0.02 | 도달  389 | 차단    0
Ep 449 | 배송  7/50 | 재적재 0 | 도착 132 | 2홉+ 0.04 | 도달  385 | 차단   23
Ep 450 | 배송  7/50 | 재적재 0 | 도착 120 | 2홉+ 0.06 | 도달  494 | 차단   27
  [홀드아웃] 배송 6.8±2.7 재적재 0.0 2홉+ 0.37 | 최고 26.8@ep50 정체 8/15
Ep 451 | 배송  7/50 | 재적재 0 | 도착 409 | 2홉+ 0.04 | 도달  406 | 차단    2
Ep 452 | 배송  6/50 | 재적재 0 | 도착  27 | 2홉+ 0.09 | 도달  512 | 차단   45
Ep 453 | 배송  5/50 | 재적재 0 | 도착 135 | 2홉+ 0.01 | 도달  337 | 차단    0
Ep 454 | 배송  6/50 | 재적재 0 | 도착 167 | 2홉+ 0.01 | 도달  364 | 차단    1
Ep 455 | 배송  6/50 | 재적재 0 | 도착 214 | 2홉+ 0.01 | 도달  319 | 차단    0
Ep 456 | 배송  7/50 | 재적재 0 | 도착 625 | 2홉+ 0.02 | 도달  356 | 차단    0
Ep 457 | 배송  6/50 | 재적재 0 | 도착 324 | 2홉+ 0.00 | 도달  324 | 차단    0
Ep 458 | 배송  7/50 | 재적재 0 | 도착 507 | 2홉+ 0.01 | 도달  371 | 차단    0
Ep 459 | 배송  7/50 | 재적재 0 | 도착 765 | 2홉+ 0.01 | 도달  319 | 차단    0
Ep 460 | 배송  5/50 | 재적재 0 | 도착  82 | 2홉+ 0.04 | 도달  438 | 차단    0
Ep 461 | 배송  7/50 | 재적재 0 | 도착 270 | 2홉+ 0.05 | 도달  432 | 차단    0
Ep 462 | 배송  6/50 | 재적재 0 | 도착 303 | 2홉+ 0.00 | 도달  294 | 차단    0
Ep 463 | 배송  6/50 | 재적재 0 | 도착 413 | 2홉+ 0.00 | 도달  307 | 차단    0
Ep 464 | 배송  4/50 | 재적재 0 | 도착   1 | 2홉+ 0.03 | 도달  330 | 차단    0
Ep 465 | 배송  7/50 | 재적재 0 | 도착 118 | 2홉+ 0.03 | 도달  519 | 차단   68
Ep 466 | 배송  6/50 | 재적재 0 | 도착 305 | 2홉+ 0.00 | 도달  306 | 차단    0
Ep 467 | 배송  5/50 | 재적재 0 | 도착 367 | 2홉+ 0.08 | 도달  443 | 차단  247
Ep 468 | 배송  7/50 | 재적재 0 | 도착 346 | 2홉+ 0.01 | 도달  363 | 차단    0
Ep 469 | 배송  5/50 | 재적재 0 | 도착 213 | 2홉+ 0.00 | 도달  301 | 차단    0
Ep 470 | 배송  5/50 | 재적재 0 | 도착 237 | 2홉+ 0.01 | 도달  426 | 차단    9
Ep 471 | 배송  6/50 | 재적재 0 | 도착 126 | 2홉+ 0.00 | 도달  345 | 차단    6
Ep 472 | 배송  5/50 | 재적재 0 | 도착   5 | 2홉+ 0.01 | 도달  371 | 차단    0
Ep 473 | 배송  8/50 | 재적재 0 | 도착   0 | 2홉+ 0.17 | 도달  513 | 차단  597
Ep 474 | 배송  8/50 | 재적재 0 | 도착 324 | 2홉+ 0.03 | 도달  464 | 차단    0
Ep 475 | 배송  6/50 | 재적재 0 | 도착 182 | 2홉+ 0.02 | 도달  540 | 차단   13
Ep 476 | 배송  9/50 | 재적재 0 | 도착 307 | 2홉+ 0.04 | 도달  428 | 차단    0
Ep 477 | 배송  6/50 | 재적재 0 | 도착 334 | 2홉+ 0.00 | 도달  313 | 차단    0
Ep 478 | 배송  6/50 | 재적재 0 | 도착   2 | 2홉+ 0.00 | 도달  369 | 차단    0
Ep 479 | 배송  5/50 | 재적재 0 | 도착 419 | 2홉+ 0.00 | 도달  308 | 차단    0
Ep 480 | 배송  6/50 | 재적재 0 | 도착 109 | 2홉+ 0.01 | 도달  328 | 차단    0
Ep 481 | 배송  8/50 | 재적재 0 | 도착   5 | 2홉+ 0.09 | 도달  497 | 차단  318
Ep 482 | 배송  5/50 | 재적재 0 | 도착   1 | 2홉+ 0.00 | 도달  316 | 차단    0
Ep 483 | 배송  0/50 | 재적재 0 | 도착   0 | 2홉+ 0.00 | 도달  149 | 차단    0
Ep 484 | 배송  0/50 | 재적재 0 | 도착   0 | 2홉+ 0.00 | 도달  245 | 차단    0
Ep 485 | 배송  0/50 | 재적재 0 | 도착   0 | 2홉+ 0.00 | 도달  111 | 차단    0
Ep 486 | 배송  6/50 | 재적재 0 | 도착   0 | 2홉+ 0.00 | 도달  321 | 차단    0
Ep 487 | 배송  0/50 | 재적재 0 | 도착   0 | 2홉+ 0.00 | 도달  122 | 차단    0
Ep 488 | 배송  4/50 | 재적재 0 | 도착   0 | 2홉+ 0.00 | 도달  252 | 차단    0
Ep 489 | 배송  0/50 | 재적재 0 | 도착   0 | 2홉+ 0.00 | 도달  134 | 차단    0
Ep 490 | 배송  0/50 | 재적재 0 | 도착   0 | 2홉+ 0.00 | 도달  145 | 차단    0
Ep 491 | 배송  7/50 | 재적재 0 | 도착 279 | 2홉+ 0.01 | 도달  325 | 차단    0
Ep 492 | 배송  7/50 | 재적재 0 | 도착  30 | 2홉+ 0.06 | 도달  502 | 차단   41
Ep 493 | 배송  9/50 | 재적재 0 | 도착 236 | 2홉+ 0.04 | 도달  427 | 차단   36
Ep 494 | 배송  0/50 | 재적재 0 | 도착   0 | 2홉+ 0.00 | 도달  164 | 차단    0
Ep 495 | 배송  0/50 | 재적재 0 | 도착   0 | 2홉+ 0.00 | 도달  136 | 차단    0
Ep 496 | 배송  9/50 | 재적재 0 | 도착 227 | 2홉+ 0.02 | 도달  367 | 차단    0
Ep 497 | 배송  0/50 | 재적재 0 | 도착   0 | 2홉+ 0.00 | 도달  128 | 차단    0
Ep 498 | 배송  7/50 | 재적재 0 | 도착  79 | 2홉+ 0.07 | 도달  555 | 차단   65
Ep 499 | 배송  6/50 | 재적재 0 | 도착 309 | 2홉+ 0.00 | 도달  308 | 차단    4
Ep 500 | 배송  0/50 | 재적재 0 | 도착   0 | 2홉+ 0.00 | 도달  150 | 차단    0
  [홀드아웃] 배송 4.1±4.3 재적재 0.0 2홉+ 0.13 | 최고 26.8@ep50 정체 9/15
Ep 501 | 배송  0/50 | 재적재 0 | 도착   0 | 2홉+ 0.00 | 도달  161 | 차단    0
Ep 502 | 배송 12/50 | 재적재 0 | 도착   5 | 2홉+ 0.27 | 도달  531 | 차단  304
Ep 503 | 배송  0/50 | 재적재 0 | 도착   0 | 2홉+ 0.00 | 도달  153 | 차단    0
Ep 504 | 배송  0/50 | 재적재 0 | 도착   0 | 2홉+ 0.00 | 도달  113 | 차단    0
Ep 505 | 배송  0/50 | 재적재 0 | 도착   0 | 2홉+ 0.00 | 도달  123 | 차단    0
Ep 506 | 배송  0/50 | 재적재 0 | 도착   0 | 2홉+ 0.00 | 도달  126 | 차단    0
Ep 507 | 배송  0/50 | 재적재 0 | 도착   0 | 2홉+ 0.00 | 도달  140 | 차단    0
Ep 508 | 배송 10/50 | 재적재 0 | 도착 105 | 2홉+ 0.08 | 도달  502 | 차단   83
Ep 509 | 배송  0/50 | 재적재 0 | 도착   0 | 2홉+ 0.00 | 도달  143 | 차단    0
Ep 510 | 배송  8/50 | 재적재 0 | 도착   1 | 2홉+ 0.12 | 도달  459 | 차단   24
Ep 511 | 배송  6/50 | 재적재 0 | 도착 458 | 2홉+ 0.00 | 도달  310 | 차단    0
Ep 512 | 배송  0/50 | 재적재 0 | 도착   0 | 2홉+ 0.00 | 도달  135 | 차단    0
Ep 513 | 배송  8/50 | 재적재 0 | 도착 188 | 2홉+ 0.02 | 도달  456 | 차단    0
Ep 514 | 배송  9/50 | 재적재 0 | 도착  14 | 2홉+ 0.04 | 도달  600 | 차단  120
Ep 515 | 배송  0/50 | 재적재 0 | 도착   0 | 2홉+ 0.00 | 도달  111 | 차단    0
Ep 516 | 배송  0/50 | 재적재 0 | 도착   0 | 2홉+ 0.00 | 도달  150 | 차단    0
Ep 517 | 배송  0/50 | 재적재 0 | 도착   0 | 2홉+ 0.00 | 도달  115 | 차단    0
Ep 518 | 배송  7/50 | 재적재 0 | 도착  99 | 2홉+ 0.02 | 도달  415 | 차단    0
Ep 519 | 배송  0/50 | 재적재 0 | 도착   0 | 2홉+ 0.00 | 도달  116 | 차단    0
Ep 520 | 배송  0/50 | 재적재 0 | 도착   0 | 2홉+ 0.00 | 도달  135 | 차단    0
Ep 521 | 배송  0/50 | 재적재 0 | 도착   0 | 2홉+ 0.00 | 도달  151 | 차단    0
Ep 522 | 배송  0/50 | 재적재 0 | 도착   0 | 2홉+ 0.00 | 도달  167 | 차단    0
Ep 523 | 배송  4/50 | 재적재 0 | 도착   1 | 2홉+ 0.14 | 도달  494 | 차단  510
Ep 524 | 배송  7/50 | 재적재 0 | 도착 232 | 2홉+ 0.01 | 도달  327 | 차단   54
Ep 525 | 배송  0/50 | 재적재 0 | 도착   0 | 2홉+ 0.00 | 도달  131 | 차단    0
Ep 526 | 배송  6/50 | 재적재 0 | 도착 427 | 2홉+ 0.00 | 도달  306 | 차단    0
Ep 527 | 배송  8/50 | 재적재 0 | 도착   2 | 2홉+ 0.02 | 도달  387 | 차단    0
Ep 528 | 배송  0/50 | 재적재 0 | 도착   0 | 2홉+ 0.00 | 도달  133 | 차단    0
Ep 529 | 배송 11/50 | 재적재 1 | 도착 131 | 2홉+ 0.10 | 도달  591 | 차단  226
Ep 530 | 배송  8/50 | 재적재 0 | 도착  15 | 2홉+ 0.12 | 도달  510 | 차단  300
Ep 531 | 배송  8/50 | 재적재 0 | 도착 196 | 2홉+ 0.18 | 도달  570 | 차단 1132
Ep 532 | 배송 11/50 | 재적재 1 | 도착 166 | 2홉+ 0.11 | 도달  606 | 차단  284
Ep 533 | 배송  5/50 | 재적재 0 | 도착 612 | 2홉+ 0.01 | 도달  428 | 차단   25
Ep 534 | 배송  6/50 | 재적재 0 | 도착 271 | 2홉+ 0.01 | 도달  402 | 차단   42
Ep 535 | 배송  0/50 | 재적재 0 | 도착   0 | 2홉+ 0.00 | 도달  122 | 차단    0
Ep 536 | 배송  6/50 | 재적재 0 | 도착 201 | 2홉+ 0.00 | 도달  326 | 차단    0
Ep 537 | 배송  5/50 | 재적재 0 | 도착 586 | 2홉+ 0.00 | 도달  295 | 차단    0
Ep 538 | 배송  6/50 | 재적재 0 | 도착 732 | 2홉+ 0.00 | 도달  303 | 차단    0
Ep 539 | 배송  8/50 | 재적재 0 | 도착 254 | 2홉+ 0.02 | 도달  379 | 차단   11
Ep 540 | 배송  0/50 | 재적재 0 | 도착   0 | 2홉+ 0.00 | 도달  132 | 차단    0
Ep 541 | 배송  7/50 | 재적재 0 | 도착 289 | 2홉+ 0.02 | 도달  400 | 차단   14
Ep 542 | 배송  7/50 | 재적재 0 | 도착  58 | 2홉+ 0.03 | 도달  437 | 차단   78
Ep 543 | 배송  6/50 | 재적재 0 | 도착 128 | 2홉+ 0.02 | 도달  434 | 차단   35
Ep 544 | 배송  6/50 | 재적재 0 | 도착 315 | 2홉+ 0.00 | 도달  306 | 차단    0
Ep 545 | 배송  8/50 | 재적재 0 | 도착   2 | 2홉+ 0.03 | 도달  470 | 차단   73
Ep 546 | 배송  6/50 | 재적재 0 | 도착 1195 | 2홉+ 0.00 | 도달  319 | 차단    0
Ep 547 | 배송  6/50 | 재적재 0 | 도착 959 | 2홉+ 0.01 | 도달  366 | 차단    9
Ep 548 | 배송  5/50 | 재적재 0 | 도착 968 | 2홉+ 0.00 | 도달  267 | 차단    0
Ep 549 | 배송  7/50 | 재적재 0 | 도착 740 | 2홉+ 0.02 | 도달  459 | 차단    0
Ep 550 | 배송 16/50 | 재적재 1 | 도착  25 | 2홉+ 0.45 | 도달  666 | 차단  672
  [홀드아웃] 배송 8.8±2.0 재적재 0.2 2홉+ 0.24 | 최고 26.8@ep50 정체 10/15
Ep 551 | 배송  7/50 | 재적재 0 | 도착 593 | 2홉+ 0.01 | 도달  389 | 차단    0
Ep 552 | 배송  7/50 | 재적재 0 | 도착 464 | 2홉+ 0.03 | 도달  457 | 차단   16
Ep 553 | 배송  9/50 | 재적재 0 | 도착 153 | 2홉+ 0.06 | 도달  466 | 차단   77
Ep 554 | 배송  6/50 | 재적재 0 | 도착 1016 | 2홉+ 0.01 | 도달  364 | 차단    0
Ep 555 | 배송  6/50 | 재적재 0 | 도착 231 | 2홉+ 0.02 | 도달  359 | 차단    0
Ep 556 | 배송  7/50 | 재적재 0 | 도착 407 | 2홉+ 0.01 | 도달  313 | 차단    0
Ep 557 | 배송  7/50 | 재적재 0 | 도착 358 | 2홉+ 0.02 | 도달  366 | 차단    0
Ep 558 | 배송  9/50 | 재적재 0 | 도착 383 | 2홉+ 0.07 | 도달  478 | 차단   45
Ep 559 | 배송  5/50 | 재적재 0 | 도착 495 | 2홉+ 0.01 | 도달  422 | 차단    0
Ep 560 | 배송  6/50 | 재적재 0 | 도착 1290 | 2홉+ 0.01 | 도달  439 | 차단   12
Ep 561 | 배송  6/50 | 재적재 0 | 도착 1039 | 2홉+ 0.00 | 도달  314 | 차단    0
Ep 562 | 배송  6/50 | 재적재 0 | 도착 928 | 2홉+ 0.00 | 도달  316 | 차단    0
Ep 563 | 배송  6/50 | 재적재 0 | 도착 1017 | 2홉+ 0.00 | 도달  311 | 차단    0
Ep 564 | 배송  7/50 | 재적재 0 | 도착 338 | 2홉+ 0.04 | 도달  410 | 차단    6
Ep 565 | 배송  6/50 | 재적재 0 | 도착 570 | 2홉+ 0.00 | 도달  330 | 차단    0
Ep 566 | 배송  6/50 | 재적재 0 | 도착 783 | 2홉+ 0.05 | 도달  422 | 차단   52
Ep 567 | 배송  5/50 | 재적재 0 | 도착 337 | 2홉+ 0.00 | 도달  312 | 차단    0
Ep 568 | 배송  6/50 | 재적재 0 | 도착 518 | 2홉+ 0.01 | 도달  397 | 차단    0
Ep 569 | 배송  7/50 | 재적재 0 | 도착 120 | 2홉+ 0.03 | 도달  385 | 차단    0
Ep 570 | 배송  7/50 | 재적재 0 | 도착 156 | 2홉+ 0.06 | 도달  415 | 차단   46
Ep 571 | 배송  5/50 | 재적재 0 | 도착  96 | 2홉+ 0.03 | 도달  396 | 차단    3
Ep 572 | 배송  5/50 | 재적재 0 | 도착 134 | 2홉+ 0.02 | 도달  386 | 차단    1
Ep 573 | 배송  8/50 | 재적재 0 | 도착 477 | 2홉+ 0.06 | 도달  477 | 차단    0
Ep 574 | 배송  5/50 | 재적재 0 | 도착 274 | 2홉+ 0.00 | 도달  316 | 차단    0
Ep 575 | 배송  5/50 | 재적재 0 | 도착 265 | 2홉+ 0.01 | 도달  370 | 차단    0
Ep 576 | 배송  6/50 | 재적재 0 | 도착 910 | 2홉+ 0.00 | 도달  311 | 차단    0
Ep 577 | 배송  6/50 | 재적재 0 | 도착 485 | 2홉+ 0.02 | 도달  431 | 차단    0
Ep 578 | 배송  5/50 | 재적재 0 | 도착 514 | 2홉+ 0.00 | 도달  214 | 차단    0
Ep 579 | 배송  6/50 | 재적재 0 | 도착 698 | 2홉+ 0.02 | 도달  452 | 차단    0
Ep 580 | 배송  6/50 | 재적재 0 | 도착 733 | 2홉+ 0.00 | 도달  309 | 차단    0
Ep 581 | 배송  5/50 | 재적재 0 | 도착 364 | 2홉+ 0.00 | 도달  292 | 차단    0
Ep 582 | 배송  7/50 | 재적재 0 | 도착 516 | 2홉+ 0.01 | 도달  360 | 차단    0
Ep 583 | 배송  5/50 | 재적재 0 | 도착 375 | 2홉+ 0.02 | 도달  348 | 차단   85
Ep 584 | 배송  4/50 | 재적재 0 | 도착 337 | 2홉+ 0.00 | 도달  203 | 차단    0
Ep 585 | 배송  5/50 | 재적재 0 | 도착 467 | 2홉+ 0.00 | 도달  281 | 차단    0
Ep 586 | 배송  4/50 | 재적재 0 | 도착 103 | 2홉+ 0.00 | 도달  211 | 차단    0
Ep 587 | 배송  5/50 | 재적재 0 | 도착 409 | 2홉+ 0.00 | 도달  312 | 차단    0
Ep 588 | 배송  6/50 | 재적재 0 | 도착 250 | 2홉+ 0.02 | 도달  438 | 차단   14
Ep 589 | 배송  5/50 | 재적재 0 | 도착 1087 | 2홉+ 0.00 | 도달  242 | 차단    0
Ep 590 | 배송  6/50 | 재적재 0 | 도착 515 | 2홉+ 0.01 | 도달  359 | 차단    0
Ep 591 | 배송  4/50 | 재적재 0 | 도착  66 | 2홉+ 0.00 | 도달  242 | 차단    0
Ep 592 | 배송  4/50 | 재적재 0 | 도착 103 | 2홉+ 0.00 | 도달  201 | 차단    0
Ep 593 | 배송  5/50 | 재적재 0 | 도착 314 | 2홉+ 0.00 | 도달  283 | 차단    0
Ep 594 | 배송  6/50 | 재적재 0 | 도착 420 | 2홉+ 0.00 | 도달  331 | 차단    0
Ep 595 | 배송  5/50 | 재적재 0 | 도착 632 | 2홉+ 0.01 | 도달  406 | 차단    0
Ep 596 | 배송  4/50 | 재적재 0 | 도착 332 | 2홉+ 0.00 | 도달  202 | 차단    0
Ep 597 | 배송  6/50 | 재적재 0 | 도착 611 | 2홉+ 0.00 | 도달  301 | 차단    0
Ep 598 | 배송  4/50 | 재적재 0 | 도착 410 | 2홉+ 0.00 | 도달  262 | 차단    0
Ep 599 | 배송  6/50 | 재적재 0 | 도착 358 | 2홉+ 0.00 | 도달  309 | 차단    0
Ep 600 | 배송  4/50 | 재적재 0 | 도착 447 | 2홉+ 0.00 | 도달  230 | 차단    0
  [홀드아웃] 배송 6.7±2.9 재적재 0.0 2홉+ 0.39 | 최고 26.8@ep50 정체 11/15
Ep 601 | 배송  4/50 | 재적재 0 | 도착 264 | 2홉+ 0.00 | 도달  286 | 차단    0
Ep 602 | 배송  6/50 | 재적재 0 | 도착 584 | 2홉+ 0.00 | 도달  297 | 차단    0
Ep 603 | 배송  5/50 | 재적재 0 | 도착 1460 | 2홉+ 0.00 | 도달  217 | 차단    0
Ep 604 | 배송  7/50 | 재적재 0 | 도착 152 | 2홉+ 0.03 | 도달  520 | 차단   48
Ep 605 | 배송  4/50 | 재적재 0 | 도착 393 | 2홉+ 0.01 | 도달  366 | 차단    4
Ep 606 | 배송  4/50 | 재적재 0 | 도착  26 | 2홉+ 0.03 | 도달  399 | 차단    0
Ep 607 | 배송  4/50 | 재적재 0 | 도착 569 | 2홉+ 0.00 | 도달  202 | 차단    0
Ep 608 | 배송  4/50 | 재적재 0 | 도착 698 | 2홉+ 0.00 | 도달  200 | 차단    0
Ep 609 | 배송  6/50 | 재적재 0 | 도착 519 | 2홉+ 0.01 | 도달  390 | 차단    8
Ep 610 | 배송  4/50 | 재적재 0 | 도착 443 | 2홉+ 0.00 | 도달  203 | 차단    0
Ep 611 | 배송  4/50 | 재적재 0 | 도착 376 | 2홉+ 0.00 | 도달  290 | 차단    0
Ep 612 | 배송  4/50 | 재적재 0 | 도착 278 | 2홉+ 0.00 | 도달  323 | 차단    0
Ep 613 | 배송 10/50 | 재적재 0 | 도착 318 | 2홉+ 0.04 | 도달  425 | 차단   54
Ep 614 | 배송  6/50 | 재적재 0 | 도착 602 | 2홉+ 0.00 | 도달  318 | 차단    0
Ep 615 | 배송  5/50 | 재적재 0 | 도착 244 | 2홉+ 0.00 | 도달  293 | 차단    0
Ep 616 | 배송  6/50 | 재적재 0 | 도착 465 | 2홉+ 0.00 | 도달  308 | 차단    0
Ep 617 | 배송  5/50 | 재적재 0 | 도착 276 | 2홉+ 0.00 | 도달  268 | 차단    0
Ep 618 | 배송  4/50 | 재적재 0 | 도착 341 | 2홉+ 0.00 | 도달  286 | 차단    0
Ep 619 | 배송  5/50 | 재적재 0 | 도착 497 | 2홉+ 0.00 | 도달  225 | 차단    0
Ep 620 | 배송  7/50 | 재적재 0 | 도착 674 | 2홉+ 0.01 | 도달  437 | 차단   12
Ep 621 | 배송  6/50 | 재적재 0 | 도착 669 | 2홉+ 0.00 | 도달  319 | 차단    0
Ep 622 | 배송  5/50 | 재적재 0 | 도착 483 | 2홉+ 0.00 | 도달  370 | 차단    0
Ep 623 | 배송  6/50 | 재적재 0 | 도착  92 | 2홉+ 0.00 | 도달  306 | 차단    0
Ep 624 | 배송  5/50 | 재적재 0 | 도착 410 | 2홉+ 0.00 | 도달  225 | 차단    0
Ep 625 | 배송  5/50 | 재적재 0 | 도착 285 | 2홉+ 0.02 | 도달  336 | 차단   80
Ep 626 | 배송  6/50 | 재적재 0 | 도착 250 | 2홉+ 0.02 | 도달  483 | 차단    8
Ep 627 | 배송  5/50 | 재적재 0 | 도착 165 | 2홉+ 0.03 | 도달  346 | 차단  160
Ep 628 | 배송  6/50 | 재적재 0 | 도착 104 | 2홉+ 0.01 | 도달  318 | 차단    1
Ep 629 | 배송  5/50 | 재적재 0 | 도착 496 | 2홉+ 0.00 | 도달  218 | 차단    0
Ep 630 | 배송  5/50 | 재적재 0 | 도착  96 | 2홉+ 0.00 | 도달  277 | 차단    0
Ep 631 | 배송  5/50 | 재적재 0 | 도착 803 | 2홉+ 0.01 | 도달  325 | 차단    0
Ep 632 | 배송  6/50 | 재적재 0 | 도착 425 | 2홉+ 0.01 | 도달  423 | 차단    0
Ep 633 | 배송  7/50 | 재적재 0 | 도착 318 | 2홉+ 0.01 | 도달  344 | 차단   15
Ep 634 | 배송  6/50 | 재적재 0 | 도착 400 | 2홉+ 0.01 | 도달  375 | 차단    0
Ep 635 | 배송  7/50 | 재적재 0 | 도착 328 | 2홉+ 0.01 | 도달  323 | 차단    0
Ep 636 | 배송  7/50 | 재적재 0 | 도착 604 | 2홉+ 0.01 | 도달  355 | 차단    0
Ep 637 | 배송  7/50 | 재적재 0 | 도착 407 | 2홉+ 0.01 | 도달  427 | 차단    0
Ep 638 | 배송  6/50 | 재적재 0 | 도착 507 | 2홉+ 0.02 | 도달  350 | 차단    0
Ep 639 | 배송  6/50 | 재적재 0 | 도착 588 | 2홉+ 0.01 | 도달  353 | 차단    0
Ep 640 | 배송  7/50 | 재적재 0 | 도착 764 | 2홉+ 0.03 | 도달  478 | 차단  107
Ep 641 | 배송  6/50 | 재적재 0 | 도착 711 | 2홉+ 0.02 | 도달  431 | 차단    0
Ep 642 | 배송  7/50 | 재적재 0 | 도착 105 | 2홉+ 0.09 | 도달  470 | 차단  108
Ep 643 | 배송  6/50 | 재적재 0 | 도착 510 | 2홉+ 0.01 | 도달  348 | 차단    0
Ep 644 | 배송  7/50 | 재적재 0 | 도착 568 | 2홉+ 0.01 | 도달  325 | 차단    0
Ep 645 | 배송  7/50 | 재적재 0 | 도착  90 | 2홉+ 0.04 | 도달  459 | 차단  133
Ep 646 | 배송  7/50 | 재적재 0 | 도착 259 | 2홉+ 0.01 | 도달  352 | 차단    1
Ep 647 | 배송  5/50 | 재적재 0 | 도착 185 | 2홉+ 0.00 | 도달  257 | 차단    0
Ep 648 | 배송  8/50 | 재적재 0 | 도착 497 | 2홉+ 0.03 | 도달  465 | 차단    0
Ep 649 | 배송  6/50 | 재적재 0 | 도착 181 | 2홉+ 0.01 | 도달  349 | 차단    0
Ep 650 | 배송  6/50 | 재적재 0 | 도착  38 | 2홉+ 0.11 | 도달  435 | 차단  769
  [홀드아웃] 배송 7.6±3.2 재적재 0.0 2홉+ 0.23 | 최고 26.8@ep50 정체 12/15
Ep 651 | 배송  6/50 | 재적재 0 | 도착 167 | 2홉+ 0.00 | 도달  319 | 차단    0
Ep 652 | 배송  7/50 | 재적재 0 | 도착 566 | 2홉+ 0.02 | 도달  362 | 차단    0
Ep 653 | 배송  7/50 | 재적재 0 | 도착 647 | 2홉+ 0.03 | 도달  422 | 차단    2
Ep 654 | 배송  7/50 | 재적재 0 | 도착 329 | 2홉+ 0.01 | 도달  390 | 차단    0
Ep 655 | 배송  6/50 | 재적재 0 | 도착 250 | 2홉+ 0.00 | 도달  287 | 차단    0
Ep 656 | 배송  5/50 | 재적재 0 | 도착 633 | 2홉+ 0.02 | 도달  428 | 차단    1
Ep 657 | 배송  6/50 | 재적재 0 | 도착 331 | 2홉+ 0.01 | 도달  351 | 차단    0
Ep 658 | 배송  6/50 | 재적재 0 | 도착 344 | 2홉+ 0.00 | 도달  314 | 차단    0
Ep 659 | 배송  5/50 | 재적재 0 | 도착  41 | 2홉+ 0.34 | 도달  503 | 차단  540
Ep 660 | 배송  7/50 | 재적재 0 | 도착 513 | 2홉+ 0.01 | 도달  372 | 차단    0
Ep 661 | 배송  7/50 | 재적재 0 | 도착 547 | 2홉+ 0.01 | 도달  322 | 차단    0
Ep 662 | 배송  6/50 | 재적재 0 | 도착 400 | 2홉+ 0.01 | 도달  320 | 차단    0
Ep 663 | 배송  6/50 | 재적재 0 | 도착 409 | 2홉+ 0.01 | 도달  326 | 차단    0
Ep 664 | 배송  6/50 | 재적재 0 | 도착 416 | 2홉+ 0.01 | 도달  338 | 차단    0
Ep 665 | 배송  7/50 | 재적재 0 | 도착 339 | 2홉+ 0.01 | 도달  354 | 차단    0
Ep 666 | 배송  6/50 | 재적재 0 | 도착 271 | 2홉+ 0.00 | 도달  323 | 차단    0
Ep 667 | 배송  5/50 | 재적재 0 | 도착 770 | 2홉+ 0.00 | 도달  320 | 차단    0
Ep 668 | 배송  7/50 | 재적재 0 | 도착 515 | 2홉+ 0.01 | 도달  320 | 차단    0
Ep 669 | 배송  6/50 | 재적재 0 | 도착 485 | 2홉+ 0.01 | 도달  338 | 차단    0
Ep 670 | 배송  5/50 | 재적재 0 | 도착   3 | 2홉+ 0.33 | 도달  502 | 차단  101
Ep 671 | 배송  4/50 | 재적재 0 | 도착 403 | 2홉+ 0.01 | 도달  376 | 차단    0
Ep 672 | 배송  5/50 | 재적재 0 | 도착 155 | 2홉+ 0.22 | 도달  547 | 차단  193
Ep 673 | 배송  5/50 | 재적재 0 | 도착 793 | 2홉+ 0.00 | 도달  303 | 차단    0
Ep 674 | 배송  5/50 | 재적재 0 | 도착 552 | 2홉+ 0.01 | 도달  337 | 차단    0
Ep 675 | 배송  5/50 | 재적재 0 | 도착 755 | 2홉+ 0.00 | 도달  308 | 차단    0
Ep 676 | 배송  5/50 | 재적재 0 | 도착 706 | 2홉+ 0.03 | 도달  437 | 차단   25
Ep 677 | 배송  6/50 | 재적재 0 | 도착 375 | 2홉+ 0.00 | 도달  281 | 차단    0
Ep 678 | 배송  6/50 | 재적재 0 | 도착 492 | 2홉+ 0.01 | 도달  364 | 차단   12
Ep 679 | 배송  5/50 | 재적재 0 | 도착 744 | 2홉+ 0.00 | 도달  266 | 차단    0
Ep 680 | 배송  5/50 | 재적재 0 | 도착 544 | 2홉+ 0.01 | 도달  332 | 차단    0
Ep 681 | 배송  5/50 | 재적재 0 | 도착 316 | 2홉+ 0.00 | 도달  237 | 차단    0
Ep 682 | 배송  4/50 | 재적재 0 | 도착 603 | 2홉+ 0.00 | 도달  278 | 차단    0
Ep 683 | 배송  4/50 | 재적재 0 | 도착 451 | 2홉+ 0.00 | 도달  296 | 차단    0
Ep 684 | 배송  5/50 | 재적재 0 | 도착 377 | 2홉+ 0.00 | 도달  248 | 차단    0
Ep 685 | 배송  5/50 | 재적재 0 | 도착 212 | 2홉+ 0.00 | 도달  260 | 차단    0
Ep 686 | 배송  5/50 | 재적재 0 | 도착 517 | 2홉+ 0.00 | 도달  285 | 차단    0
Ep 687 | 배송  6/50 | 재적재 0 | 도착 353 | 2홉+ 0.00 | 도달  288 | 차단    0
Ep 688 | 배송  4/50 | 재적재 0 | 도착 408 | 2홉+ 0.00 | 도달  285 | 차단    0
Ep 689 | 배송  5/50 | 재적재 0 | 도착 348 | 2홉+ 0.00 | 도달  269 | 차단    0
Ep 690 | 배송  5/50 | 재적재 0 | 도착 377 | 2홉+ 0.00 | 도달  277 | 차단    0
Ep 691 | 배송  4/50 | 재적재 0 | 도착 558 | 2홉+ 0.00 | 도달  272 | 차단    0
Ep 692 | 배송  5/50 | 재적재 0 | 도착 195 | 2홉+ 0.00 | 도달  276 | 차단    0
Ep 693 | 배송  5/50 | 재적재 0 | 도착 231 | 2홉+ 0.00 | 도달  270 | 차단    0
Ep 694 | 배송  7/50 | 재적재 0 | 도착  42 | 2홉+ 0.02 | 도달  504 | 차단   49
Ep 695 | 배송  4/50 | 재적재 0 | 도착   0 | 2홉+ 0.42 | 도달  502 | 차단   18
Ep 696 | 배송  5/50 | 재적재 0 | 도착 161 | 2홉+ 0.00 | 도달  289 | 차단    0
Ep 697 | 배송  6/50 | 재적재 0 | 도착 160 | 2홉+ 0.01 | 도달  336 | 차단    0
Ep 698 | 배송  6/50 | 재적재 0 | 도착  82 | 2홉+ 0.01 | 도달  393 | 차단    0
Ep 699 | 배송  5/50 | 재적재 0 | 도착  29 | 2홉+ 0.03 | 도달  338 | 차단    3
Ep 700 | 배송  5/50 | 재적재 0 | 도착  51 | 2홉+ 0.01 | 도달  311 | 차단    0
  [홀드아웃] 배송 4.6±1.7 재적재 0.0 2홉+ 0.37 | 최고 26.8@ep50 정체 13/15
Ep 701 | 배송  4/50 | 재적재 0 | 도착   1 | 2홉+ 0.15 | 도달  578 | 차단   45
Ep 702 | 배송  4/50 | 재적재 0 | 도착  68 | 2홉+ 0.00 | 도달  298 | 차단    0
Ep 703 | 배송  5/50 | 재적재 0 | 도착  71 | 2홉+ 0.00 | 도달  228 | 차단    0
Ep 704 | 배송  5/50 | 재적재 0 | 도착 129 | 2홉+ 0.00 | 도달  271 | 차단    0
Ep 705 | 배송  5/50 | 재적재 0 | 도착  95 | 2홉+ 0.00 | 도달  274 | 차단    0
Ep 706 | 배송  4/50 | 재적재 0 | 도착  23 | 2홉+ 0.00 | 도달  289 | 차단    0
Ep 707 | 배송  5/50 | 재적재 0 | 도착 137 | 2홉+ 0.00 | 도달  265 | 차단    0
Ep 708 | 배송  4/50 | 재적재 0 | 도착  32 | 2홉+ 0.00 | 도달  258 | 차단    0
Ep 709 | 배송  5/50 | 재적재 0 | 도착 211 | 2홉+ 0.00 | 도달  324 | 차단    0
Ep 710 | 배송  4/50 | 재적재 0 | 도착  51 | 2홉+ 0.00 | 도달  249 | 차단    0
Ep 711 | 배송  5/50 | 재적재 0 | 도착   1 | 2홉+ 0.64 | 도달  696 | 차단 2058
Ep 712 | 배송  4/50 | 재적재 0 | 도착  88 | 2홉+ 0.00 | 도달  316 | 차단    0
Ep 713 | 배송  4/50 | 재적재 0 | 도착 139 | 2홉+ 0.02 | 도달  344 | 차단    0
Ep 714 | 배송  7/50 | 재적재 0 | 도착 110 | 2홉+ 0.00 | 도달  329 | 차단    0
Ep 715 | 배송  4/50 | 재적재 0 | 도착 160 | 2홉+ 0.00 | 도달  254 | 차단    0
Ep 716 | 배송  5/50 | 재적재 0 | 도착 221 | 2홉+ 0.00 | 도달  216 | 차단    0
Ep 717 | 배송  6/50 | 재적재 0 | 도착 115 | 2홉+ 0.17 | 도달  502 | 차단  329
Ep 718 | 배송  5/50 | 재적재 0 | 도착 460 | 2홉+ 0.00 | 도달  208 | 차단    0
Ep 719 | 배송  4/50 | 재적재 0 | 도착 278 | 2홉+ 0.00 | 도달  230 | 차단    0
Ep 720 | 배송  5/50 | 재적재 0 | 도착 288 | 2홉+ 0.00 | 도달  304 | 차단    0
Ep 721 | 배송  3/50 | 재적재 0 | 도착  41 | 2홉+ 0.17 | 도달  478 | 차단 1485
Ep 722 | 배송  4/50 | 재적재 0 | 도착 711 | 2홉+ 0.00 | 도달  230 | 차단    0
Ep 723 | 배송  5/50 | 재적재 0 | 도착  98 | 2홉+ 0.06 | 도달  446 | 차단  167
Ep 724 | 배송  5/50 | 재적재 0 | 도착 248 | 2홉+ 0.02 | 도달  426 | 차단    9
Ep 725 | 배송  5/50 | 재적재 0 | 도착 214 | 2홉+ 0.08 | 도달  458 | 차단    9
Ep 726 | 배송  5/50 | 재적재 0 | 도착 112 | 2홉+ 0.00 | 도달  313 | 차단    0
Ep 727 | 배송  5/50 | 재적재 0 | 도착  16 | 2홉+ 0.12 | 도달  510 | 차단  137
Ep 728 | 배송  5/50 | 재적재 0 | 도착  18 | 2홉+ 0.06 | 도달  413 | 차단    9
Ep 729 | 배송  7/50 | 재적재 0 | 도착  78 | 2홉+ 0.04 | 도달  394 | 차단   88
Ep 730 | 배송  9/50 | 재적재 0 | 도착 156 | 2홉+ 0.26 | 도달  576 | 차단  951
Ep 731 | 배송 10/50 | 재적재 0 | 도착  77 | 2홉+ 0.22 | 도달  651 | 차단  802
Ep 732 | 배송 10/50 | 재적재 0 | 도착 155 | 2홉+ 0.18 | 도달  566 | 차단  362
Ep 733 | 배송  5/50 | 재적재 0 | 도착 501 | 2홉+ 0.00 | 도달  293 | 차단    0
Ep 734 | 배송  5/50 | 재적재 0 | 도착 446 | 2홉+ 0.02 | 도달  383 | 차단    4
Ep 735 | 배송  5/50 | 재적재 0 | 도착 389 | 2홉+ 0.00 | 도달  290 | 차단    0
Ep 736 | 배송  5/50 | 재적재 0 | 도착 290 | 2홉+ 0.00 | 도달  324 | 차단    1
Ep 737 | 배송  5/50 | 재적재 0 | 도착 244 | 2홉+ 0.01 | 도달  459 | 차단    0
Ep 738 | 배송  8/50 | 재적재 0 | 도착 211 | 2홉+ 0.04 | 도달  533 | 차단   13
Ep 739 | 배송  5/50 | 재적재 0 | 도착 281 | 2홉+ 0.02 | 도달  422 | 차단    0
Ep 740 | 배송  6/50 | 재적재 0 | 도착 565 | 2홉+ 0.00 | 도달  302 | 차단    0
Ep 741 | 배송  4/50 | 재적재 0 | 도착 323 | 2홉+ 0.00 | 도달  283 | 차단    0
Ep 742 | 배송  5/50 | 재적재 0 | 도착 263 | 2홉+ 0.00 | 도달  309 | 차단    0
Ep 743 | 배송  6/50 | 재적재 0 | 도착 285 | 2홉+ 0.12 | 도달  520 | 차단  251
Ep 744 | 배송  5/50 | 재적재 0 | 도착 157 | 2홉+ 0.01 | 도달  355 | 차단    0
Ep 745 | 배송  5/50 | 재적재 0 | 도착 224 | 2홉+ 0.01 | 도달  319 | 차단    0
Ep 746 | 배송  6/50 | 재적재 0 | 도착  69 | 2홉+ 0.12 | 도달  548 | 차단   50
Ep 747 | 배송  5/50 | 재적재 0 | 도착 260 | 2홉+ 0.00 | 도달  297 | 차단    0
Ep 748 | 배송  4/50 | 재적재 0 | 도착 147 | 2홉+ 0.01 | 도달  334 | 차단   19
Ep 749 | 배송  4/50 | 재적재 0 | 도착  98 | 2홉+ 0.00 | 도달  233 | 차단    0
Ep 750 | 배송 11/50 | 재적재 0 | 도착   1 | 2홉+ 0.29 | 도달  571 | 차단 1143
  [홀드아웃] 배송 6.2±1.1 재적재 0.0 2홉+ 0.14 | 최고 26.8@ep50 정체 14/15
Ep 751 | 배송  5/50 | 재적재 0 | 도착 216 | 2홉+ 0.00 | 도달  309 | 차단    0
Ep 752 | 배송  5/50 | 재적재 0 | 도착 202 | 2홉+ 0.00 | 도달  240 | 차단    0
Ep 753 | 배송  5/50 | 재적재 0 | 도착 319 | 2홉+ 0.03 | 도달  387 | 차단   23
Ep 754 | 배송  5/50 | 재적재 0 | 도착 167 | 2홉+ 0.00 | 도달  332 | 차단    0
Ep 755 | 배송  4/50 | 재적재 0 | 도착 278 | 2홉+ 0.00 | 도달  244 | 차단    0
Ep 756 | 배송  5/50 | 재적재 0 | 도착  75 | 2홉+ 0.00 | 도달  255 | 차단    0
Ep 757 | 배송  4/50 | 재적재 0 | 도착 223 | 2홉+ 0.00 | 도달  281 | 차단    0
Ep 758 | 배송  5/50 | 재적재 0 | 도착 230 | 2홉+ 0.00 | 도달  314 | 차단    0
Ep 759 | 배송  5/50 | 재적재 0 | 도착 232 | 2홉+ 0.01 | 도달  387 | 차단    0
Ep 760 | 배송  5/50 | 재적재 0 | 도착 184 | 2홉+ 0.00 | 도달  329 | 차단    0
Ep 761 | 배송  5/50 | 재적재 0 | 도착 201 | 2홉+ 0.01 | 도달  367 | 차단    0
Ep 762 | 배송  4/50 | 재적재 0 | 도착 202 | 2홉+ 0.00 | 도달  240 | 차단    0
Ep 763 | 배송  4/50 | 재적재 0 | 도착 211 | 2홉+ 0.00 | 도달  373 | 차단    0
Ep 764 | 배송  4/50 | 재적재 0 | 도착 321 | 2홉+ 0.00 | 도달  259 | 차단    0
Ep 765 | 배송  4/50 | 재적재 0 | 도착 215 | 2홉+ 0.00 | 도달  278 | 차단    0
Ep 766 | 배송  8/50 | 재적재 0 | 도착  18 | 2홉+ 0.10 | 도달  506 | 차단  256
Ep 767 | 배송  5/50 | 재적재 0 | 도착 229 | 2홉+ 0.00 | 도달  269 | 차단    0
Ep 768 | 배송  6/50 | 재적재 0 | 도착 265 | 2홉+ 0.01 | 도달  319 | 차단    0
Ep 769 | 배송  6/50 | 재적재 0 | 도착 277 | 2홉+ 0.03 | 도달  404 | 차단   56
Ep 770 | 배송  7/50 | 재적재 0 | 도착   1 | 2홉+ 0.24 | 도달  494 | 차단  967
Ep 771 | 배송  4/50 | 재적재 0 | 도착 315 | 2홉+ 0.01 | 도달  339 | 차단   16
Ep 772 | 배송  4/50 | 재적재 0 | 도착 308 | 2홉+ 0.00 | 도달  307 | 차단   29
Ep 773 | 배송  4/50 | 재적재 0 | 도착 289 | 2홉+ 0.03 | 도달  367 | 차단  159
Ep 774 | 배송  5/50 | 재적재 0 | 도착 129 | 2홉+ 0.13 | 도달  388 | 차단  563
Ep 775 | 배송  5/50 | 재적재 0 | 도착 345 | 2홉+ 0.01 | 도달  392 | 차단    0
Ep 776 | 배송  4/50 | 재적재 0 | 도착 233 | 2홉+ 0.00 | 도달  248 | 차단    0
Ep 777 | 배송  4/50 | 재적재 0 | 도착  19 | 2홉+ 0.00 | 도달  311 | 차단    8
Ep 778 | 배송  5/50 | 재적재 0 | 도착 254 | 2홉+ 0.00 | 도달  289 | 차단    0
Ep 779 | 배송  5/50 | 재적재 0 | 도착  35 | 2홉+ 0.31 | 도달  502 | 차단  596
Ep 780 | 배송  5/50 | 재적재 0 | 도착  32 | 2홉+ 0.02 | 도달  424 | 차단   26
Ep 781 | 배송  5/50 | 재적재 0 | 도착   2 | 2홉+ 0.05 | 도달  464 | 차단   22
Ep 782 | 배송  5/50 | 재적재 0 | 도착 371 | 2홉+ 0.04 | 도달  339 | 차단    0
Ep 783 | 배송  4/50 | 재적재 0 | 도착   4 | 2홉+ 0.04 | 도달  354 | 차단   37
Ep 784 | 배송  6/50 | 재적재 0 | 도착 151 | 2홉+ 0.05 | 도달  367 | 차단  423
Ep 785 | 배송  4/50 | 재적재 0 | 도착 167 | 2홉+ 0.00 | 도달  307 | 차단    0
Ep 786 | 배송  4/50 | 재적재 0 | 도착   3 | 2홉+ 0.05 | 도달  332 | 차단  230
Ep 787 | 배송  4/50 | 재적재 0 | 도착  20 | 2홉+ 0.05 | 도달  345 | 차단    8
Ep 788 | 배송  5/50 | 재적재 0 | 도착   0 | 2홉+ 0.16 | 도달  413 | 차단 1634
Ep 789 | 배송  4/50 | 재적재 0 | 도착   1 | 2홉+ 0.03 | 도달  347 | 차단   27
Ep 790 | 배송  4/50 | 재적재 0 | 도착 198 | 2홉+ 0.03 | 도달  337 | 차단  214
Ep 791 | 배송  5/50 | 재적재 0 | 도착   7 | 2홉+ 0.04 | 도달  429 | 차단    5
Ep 792 | 배송  5/50 | 재적재 0 | 도착  53 | 2홉+ 0.03 | 도달  348 | 차단    9
Ep 793 | 배송  5/50 | 재적재 0 | 도착 141 | 2홉+ 0.01 | 도달  308 | 차단    7
Ep 794 | 배송  4/50 | 재적재 0 | 도착 240 | 2홉+ 0.00 | 도달  293 | 차단    0
Ep 795 | 배송  4/50 | 재적재 0 | 도착  66 | 2홉+ 0.01 | 도달  472 | 차단    6
Ep 796 | 배송  5/50 | 재적재 0 | 도착 248 | 2홉+ 0.00 | 도달  352 | 차단    0
Ep 797 | 배송  6/50 | 재적재 0 | 도착   9 | 2홉+ 0.06 | 도달  483 | 차단   63
Ep 798 | 배송  4/50 | 재적재 0 | 도착 219 | 2홉+ 0.00 | 도달  298 | 차단    0
Ep 799 | 배송  4/50 | 재적재 0 | 도착 112 | 2홉+ 0.00 | 도달  307 | 차단    3
Ep 800 | 배송  4/50 | 재적재 0 | 도착 231 | 2홉+ 0.01 | 도달  310 | 차단    1
  [홀드아웃] 배송 3.2±2.9 재적재 0.0 2홉+ 0.07 | 최고 26.8@ep50 정체 15/15

조기 종료. 최고 26.8@ep50
Training finished. best=26.8 @ ep50
