[2026-09-12 08:54:42] === 절제 학습 시작 (4조합) ===
[2026-09-12 08:55:22] === 종료 대기 (최대 14시간) ===
[2026-09-12 17:34:24] 학습 종료
[2026-09-12 17:34:24] === 평가: 이전 챔피언과 같은 좁은 예산 300 롤아웃 ===
pygame 2.6.1 (SDL 2.28.4, Python 3.10.19)
  규칙상위 + 직진하위 (= greedy): 22.82/50
  규칙상위 + 직진 (중계1대 고정): 14.54/50
  규칙상위 + 직진 (중계2대 고정): 8.78/50
  학습상위 + 학습하위 (v3_26_09_04_15_m_s1): 26.71/50
  학습상위 + 학습하위 (v3_26_09_12_09_base): 26.4/50
  학습상위 + 학습하위 (v3_26_09_12_09_arv): 19.08/50
  학습상위 + 학습하위 (v3_26_09_12_09_term): 27.55/50
  학습상위 + 학습하위 (v3_26_09_12_09_keep): 21.81/50

홀드아웃 60개 × 5회 = 롤아웃 300개 (시드 101~160), 반경 300

method                            | delivered | sd   | se   | reloads | idle | hop2plus | reach | blocked | stall | maxstall | steps | comm_loss | full | full_pct | makespan | mk_sd
----------------------------------------------------------------------------------------------------------------------------------------------------------------------------------------
규칙상위 + 직진하위 (= greedy)            | 22.82     | 8.89 | 0.51 | 2.08    | 0.0  | 0.569    | 647.0 | 714.0   | 0.647 | 100.0    | 341.0 | 0         | 0    | 0.0      | -        | -    
규칙상위 + 직진 (중계1대 고정)               | 14.54     | 6.23 | 0.36 | 1.11    | 1.0  | 0.345    | 532.0 | 378.0   | 0.65  | 100.0    | 249.0 | 0         | 0    | 0.0      | -        | -    
규칙상위 + 직진 (중계2대 고정)               | 8.78      | 3.55 | 0.21 | 0.43    | 2.0  | 0.179    | 428.0 | 234.0   | 0.69  | 100.0    | 217.0 | 0         | 0    | 0.0      | -        | -    
학습상위 + 학습하위 (v3_26_09_04_15_m_s1) | 26.71     | 8.32 | 0.48 | 3.01    | 0.04 | 0.606    | 798.0 | 776.0   | 0.228 | 44.0     | 903.0 | 0         | 0    | 0.0      | -        | -    
학습상위 + 학습하위 (v3_26_09_12_09_base) | 26.4      | 6.59 | 0.38 | 2.73    | 0.03 | 0.607    | 799.0 | 786.0   | 0.261 | 50.0     | 818.0 | 0         | 0    | 0.0      | -        | -    
학습상위 + 학습하위 (v3_26_09_12_09_arv)  | 19.08     | 8.46 | 0.49 | 1.6     | 0.12 | 0.625    | 734.0 | 689.0   | 0.286 | 49.0     | 695.0 | 0         | 0    | 0.0      | -        | -    
학습상위 + 학습하위 (v3_26_09_12_09_term) | 27.55     | 5.6  | 0.32 | 3.17    | 0.0  | 0.602    | 776.0 | 748.0   | 0.212 | 34.0     | 924.0 | 0         | 0    | 0.0      | -        | -    
학습상위 + 학습하위 (v3_26_09_12_09_keep) | 21.81     | 7.13 | 0.41 | 2.09    | 0.06 | 0.581    | 729.0 | 656.0   | 0.236 | 41.0     | 758.0 | 0         | 0    | 0.0      | -        | -    

저장: /home/kopt/drone/figures/eval_v3_ablate3_26_09_12_09.csv
[2026-09-12 17:57:23] === 완료 ===
