[2026-09-17 03:33:11] === makespan 사이클 학습 시작 (A: 완주보상, B: gamma 0.999, 시드 2개씩) ===
[2026-09-17 03:33:42] === 종료 대기 (최대 10시간) ===
[2026-09-17 06:48:44] 학습 종료
[2026-09-17 06:48:44] === 평가 (a): 표준 구성 4/50 CC고정, 60시드x2 ===
pygame 2.6.1 (SDL 2.28.4, Python 3.10.19)
  규칙상위 + 직진하위 (= greedy): 22.98/50
  기하 중계 규칙 (무학습): 45.47/50
  규칙상위 + 직진 (중계1대 고정): 24.73/50
  규칙상위 + 직진 (중계2대 고정): 35.83/50
  학습상위 + 직진하위 (v5_26_09_15_23_s3b): 50.0/50
  학습상위 + 직진하위 (v5_26_09_17_03_A1): 50.0/50
  학습상위 + 직진하위 (v5_26_09_17_03_A2): 49.99/50
  학습상위 + 직진하위 (v5_26_09_17_03_B1): 50.0/50
  학습상위 + 직진하위 (v5_26_09_17_03_B2): 50.0/50

홀드아웃 60개 × 2회 = 롤아웃 120개 (시드 101~160), 반경 300, 드론 4 목적지 50 CC=고정

method                           | delivered | sd   | se   | reloads | idle | hop2plus | reach | blocked | stall | maxstall | steps   | comm_loss | full | full_pct | makespan | mk_sd 
------------------------------------------------------------------------------------------------------------------------------------------------------------------------------------------
규칙상위 + 직진하위 (= greedy)           | 22.98     | 9.02 | 0.82 | 2.08    | 0.0  | 0.667    | 651.0 | 39342.0 | 0.989 | 9744.0   | 10000.0 | 0         | 0    | 0.0      | -        | -     
기하 중계 규칙 (무학습)                   | 45.47     | 7.87 | 0.72 | 6.13    | 0.0  | 0.648    | 896.0 | 12341.0 | 0.398 | 3307.0   | 4187.0  | 0         | 76   | 63.3     | 821.0    | 91.0  
규칙상위 + 직진 (중계1대 고정)              | 24.73     | 8.09 | 0.74 | 3.17    | 1.0  | 0.604    | 682.0 | 36455.0 | 0.918 | 9684.0   | 10000.0 | 0         | 0    | 0.0      | -        | -     
규칙상위 + 직진 (중계2대 고정)              | 35.83     | 9.84 | 0.9  | 6.03    | 2.0  | 0.699    | 796.0 | 27501.0 | 0.731 | 4663.0   | 9773.0  | 0         | 3    | 2.5      | 918.0    | 12.0  
학습상위 + 직진하위 (v5_26_09_15_23_s3b) | 50.0      | 0.0  | 0.0  | 8.61    | 0.0  | 0.635    | 932.0 | 2537.0  | 0.438 | 180.0    | 1388.0  | 0         | 120  | 100.0    | 1388.0   | 562.0 
학습상위 + 직진하위 (v5_26_09_17_03_A1)  | 50.0      | 0.0  | 0.0  | 8.17    | 0.0  | 0.669    | 933.0 | 4192.0  | 0.58  | 313.0    | 1741.0  | 0         | 120  | 100.0    | 1741.0   | 839.0 
학습상위 + 직진하위 (v5_26_09_17_03_A2)  | 49.99     | 0.09 | 0.01 | 8.48    | 0.0  | 0.658    | 932.0 | 6427.0  | 0.586 | 928.0    | 2315.0  | 0         | 119  | 99.2     | 2251.0   | 1805.0
학습상위 + 직진하위 (v5_26_09_17_03_B1)  | 50.0      | 0.0  | 0.0  | 8.33    | 0.0  | 0.674    | 931.0 | 4140.0  | 0.475 | 230.0    | 2098.0  | 0         | 120  | 100.0    | 2098.0   | 809.0 
학습상위 + 직진하위 (v5_26_09_17_03_B2)  | 50.0      | 0.0  | 0.0  | 8.51    | 0.0  | 0.679    | 932.0 | 3915.0  | 0.434 | 120.0    | 2251.0  | 0         | 120  | 100.0    | 2251.0   | 842.0 

저장: /home/kopt/drone/figures/eval_v5mk_std_26_09_17_03.csv
[2026-09-17 08:10:22] === 평가 (b): 드론 3, 목적지 30, CC 무작위, 40시드 ===
pygame 2.6.1 (SDL 2.28.4, Python 3.10.19)
  규칙상위 + 직진하위 (= greedy): 14.07/50
  기하 중계 규칙 (무학습): 29.62/50
  규칙상위 + 직진 (중계1대 고정): 16.43/50
  규칙상위 + 직진 (중계2대 고정): 23.73/50
  학습상위 + 직진하위 (v5_26_09_15_23_s3b): 30.0/50
  학습상위 + 직진하위 (v5_26_09_17_03_A1): 30.0/50
  학습상위 + 직진하위 (v5_26_09_17_03_A2): 30.0/50
  학습상위 + 직진하위 (v5_26_09_17_03_B1): 30.0/50
  학습상위 + 직진하위 (v5_26_09_17_03_B2): 30.0/50

홀드아웃 40개 × 1회 = 롤아웃 40개 (시드 501~540), 반경 300, 드론 3 목적지 30 CC=무작위

method                           | delivered | sd   | se   | reloads | idle | hop2plus | reach | blocked | stall | maxstall | steps   | comm_loss | full | full_pct | makespan | mk_sd 
------------------------------------------------------------------------------------------------------------------------------------------------------------------------------------------
규칙상위 + 직진하위 (= greedy)           | 14.07     | 5.77 | 0.91 | 1.2     | 0.0  | 0.579    | 544.0 | 29602.0 | 0.992 | 9839.0   | 10000.0 | 0         | 0    | 0.0      | -        | -     
기하 중계 규칙 (무학습)                   | 29.62     | 1.73 | 0.27 | 3.52    | 0.0  | 0.468    | 740.0 | 1082.0  | 0.1   | 504.0    | 1055.0  | 0         | 38   | 95.0     | 585.0    | 108.0 
규칙상위 + 직진 (중계1대 고정)              | 16.43     | 6.66 | 1.05 | 2.08    | 1.0  | 0.566    | 574.0 | 25382.0 | 0.853 | 9515.0   | 9760.0  | 0         | 1    | 2.5      | 386.0    | 0.0   
규칙상위 + 직진 (중계2대 고정)              | 23.73     | 7.59 | 1.2  | 4.12    | 2.0  | 0.438    | 696.0 | 7166.0  | 0.369 | 4536.0   | 5210.0  | 0         | 21   | 52.5     | 875.0    | 46.0  
학습상위 + 직진하위 (v5_26_09_15_23_s3b) | 30.0      | 0.0  | 0.0  | 4.75    | 0.0  | 0.514    | 748.0 | 1548.0  | 0.41  | 139.0    | 1197.0  | 0         | 40   | 100.0    | 1197.0   | 413.0 
학습상위 + 직진하위 (v5_26_09_17_03_A1)  | 30.0      | 0.0  | 0.0  | 4.5     | 0.0  | 0.527    | 746.0 | 1743.0  | 0.481 | 208.0    | 1163.0  | 0         | 40   | 100.0    | 1163.0   | 422.0 
학습상위 + 직진하위 (v5_26_09_17_03_A2)  | 30.0      | 0.0  | 0.0  | 4.75    | 0.0  | 0.535    | 748.0 | 4451.0  | 0.566 | 945.0    | 2130.0  | 0         | 40   | 100.0    | 2130.0   | 2026.0
학습상위 + 직진하위 (v5_26_09_17_03_B1)  | 30.0      | 0.0  | 0.0  | 4.67    | 0.0  | 0.535    | 746.0 | 1944.0  | 0.389 | 161.0    | 1580.0  | 0         | 40   | 100.0    | 1580.0   | 667.0 
학습상위 + 직진하위 (v5_26_09_17_03_B2)  | 30.0      | 0.0  | 0.0  | 4.85    | 0.0  | 0.527    | 746.0 | 1759.0  | 0.335 | 106.0    | 1746.0  | 0         | 40   | 100.0    | 1746.0   | 717.0 

저장: /home/kopt/drone/figures/eval_v5mk_d3_26_09_17_03.csv
[2026-09-17 08:23:37] === 평가 (c): 드론 5, 목적지 50, CC 무작위, 40시드 ===
pygame 2.6.1 (SDL 2.28.4, Python 3.10.19)
  규칙상위 + 직진하위 (= greedy): 37.42/50
  기하 중계 규칙 (무학습): 48.98/50
  규칙상위 + 직진 (중계1대 고정): 39.15/50
  규칙상위 + 직진 (중계2대 고정): 45.3/50
  학습상위 + 직진하위 (v5_26_09_15_23_s3b): 50.0/50
  학습상위 + 직진하위 (v5_26_09_17_03_A1): 50.0/50
  학습상위 + 직진하위 (v5_26_09_17_03_A2): 50.0/50
  학습상위 + 직진하위 (v5_26_09_17_03_B1): 50.0/50
  학습상위 + 직진하위 (v5_26_09_17_03_B2): 50.0/50

홀드아웃 40개 × 1회 = 롤아웃 40개 (시드 701~740), 반경 300, 드론 5 목적지 50 CC=무작위

method                           | delivered | sd    | se   | reloads | idle | hop2plus | reach | blocked | stall | maxstall | steps  | comm_loss | full | full_pct | makespan | mk_sd
-----------------------------------------------------------------------------------------------------------------------------------------------------------------------------------------
규칙상위 + 직진하위 (= greedy)           | 37.42     | 9.51  | 1.5  | 4.83    | 0.0  | 0.631    | 702.0 | 36939.0 | 0.829 | 7265.0   | 7623.0 | 0         | 10   | 25.0     | 493.0    | 64.0 
기하 중계 규칙 (무학습)                   | 48.98     | 5.34  | 0.84 | 7.4     | 0.0  | 0.574    | 830.0 | 3831.0  | 0.228 | 482.0    | 1288.0 | 0         | 37   | 92.5     | 582.0    | 87.0 
규칙상위 + 직진 (중계1대 고정)              | 39.15     | 11.01 | 1.74 | 5.47    | 0.97 | 0.551    | 728.0 | 29878.0 | 0.694 | 6279.0   | 6690.0 | 0         | 14   | 35.0     | 544.0    | 88.0 
규칙상위 + 직진 (중계2대 고정)              | 45.3      | 9.48  | 1.5  | 7.62    | 1.93 | 0.521    | 801.0 | 11894.0 | 0.355 | 2168.0   | 3427.0 | 0         | 28   | 70.0     | 610.0    | 60.0 
학습상위 + 직진하위 (v5_26_09_15_23_s3b) | 50.0      | 0.0   | 0.0  | 8.1     | 0.0  | 0.563    | 847.0 | 1080.0  | 0.265 | 29.0     | 804.0  | 0         | 40   | 100.0    | 804.0    | 214.0
학습상위 + 직진하위 (v5_26_09_17_03_A1)  | 50.0      | 0.0   | 0.0  | 7.9     | 0.0  | 0.584    | 846.0 | 1714.0  | 0.391 | 66.0     | 835.0  | 0         | 40   | 100.0    | 835.0    | 348.0
학습상위 + 직진하위 (v5_26_09_17_03_A2)  | 50.0      | 0.0   | 0.0  | 7.83    | 0.0  | 0.564    | 846.0 | 1199.0  | 0.334 | 40.0     | 714.0  | 0         | 40   | 100.0    | 714.0    | 236.0
학습상위 + 직진하위 (v5_26_09_17_03_B1)  | 50.0      | 0.0   | 0.0  | 7.95    | 0.0  | 0.597    | 845.0 | 1792.0  | 0.265 | 100.0    | 1174.0 | 0         | 40   | 100.0    | 1174.0   | 616.0
학습상위 + 직진하위 (v5_26_09_17_03_B2)  | 50.0      | 0.0   | 0.0  | 8.05    | 0.0  | 0.598    | 845.0 | 1667.0  | 0.23  | 22.0     | 1358.0 | 0         | 40   | 100.0    | 1358.0   | 518.0

저장: /home/kopt/drone/figures/eval_v5mk_d5_26_09_17_03.csv
[2026-09-17 08:43:13] === 완료 ===
