[2026-10-01 00:16:27] 사이클 17 학습 종료 대기 중
[2026-10-01 12:15:29] 사이클 17 학습이 끝났다 — 사이클 18 시작
[2026-10-01 12:15:29] === 사이클 18 학습 시작 (결합 critic, 시드 1-4) ===
[2026-10-01 12:16:03] === 종료 대기 (최대 20시간) ===
[2026-10-02 01:07:05] 학습 종료
[2026-10-02 01:07:05] === 쌍별 3/30 JC1 ===
pygame 2.6.1 (SDL 2.28.4, Python 3.10.19)

롤아웃 200개 (시드 501~540 x 5회, 드론 3 목적지 30)
완주: 규칙+탈출 200 · 학습 200 · 둘 다 200

[편향된 비교] 각자 완주한 것만 평균
  규칙+탈출 614   학습 701   차이 +87

[쌍별 비교] 둘 다 완주한 200개
  규칙+탈출 614   학습 701   쌍별 차이 +87 (중앙값 +80)
  학습이 빠른 경우 54 · 느린 경우 146 · 동점 0
  윌콕슨 부호순위 p=0.0000

저장: /home/kopt/drone/figures/paired_d3_JC1_v5_26_10_01_00.csv
[2026-10-02 01:09:07] === 쌍별 5/50 JC1 ===
pygame 2.6.1 (SDL 2.28.4, Python 3.10.19)

롤아웃 200개 (시드 701~740 x 5회, 드론 5 목적지 50)
완주: 규칙+탈출 191 · 학습 200 · 둘 다 191

[편향된 비교] 각자 완주한 것만 평균
  규칙+탈출 624   학습 596   차이 -28

[쌍별 비교] 둘 다 완주한 191개
  규칙+탈출 624   학습 595   쌍별 차이 -29 (중앙값 -16)
  학습이 빠른 경우 108 · 느린 경우 82 · 동점 1
  윌콕슨 부호순위 p=0.0252

규칙만 실패한 9개에서 학습의 makespan: 623 (범위 499-799)

저장: /home/kopt/drone/figures/paired_d5_JC1_v5_26_10_01_00.csv
[2026-10-02 01:14:39] === 쌍별 표준 JC1 ===
pygame 2.6.1 (SDL 2.28.4, Python 3.10.19)

롤아웃 120개 (시드 101~160 x 2회, 드론 4 목적지 50)
완주: 규칙+탈출 118 · 학습 120 · 둘 다 118

[편향된 비교] 각자 완주한 것만 평균
  규칙+탈출 917   학습 907   차이 -10

[쌍별 비교] 둘 다 완주한 118개
  규칙+탈출 917   학습 909   쌍별 차이 -9 (중앙값 +8)
  학습이 빠른 경우 55 · 느린 경우 63 · 동점 0
  윌콕슨 부호순위 p=0.8257

규칙만 실패한 2개에서 학습의 makespan: 813 (범위 738-888)

저장: /home/kopt/drone/figures/paired_std_JC1_v5_26_10_01_00.csv
[2026-10-02 01:17:19] === 쌍별 3/30 JC2 ===
pygame 2.6.1 (SDL 2.28.4, Python 3.10.19)

롤아웃 200개 (시드 501~540 x 5회, 드론 3 목적지 30)
완주: 규칙+탈출 200 · 학습 200 · 둘 다 200

[편향된 비교] 각자 완주한 것만 평균
  규칙+탈출 609   학습 741   차이 +132

[쌍별 비교] 둘 다 완주한 200개
  규칙+탈출 609   학습 741   쌍별 차이 +132 (중앙값 +124)
  학습이 빠른 경우 41 · 느린 경우 158 · 동점 1
  윌콕슨 부호순위 p=0.0000

저장: /home/kopt/drone/figures/paired_d3_JC2_v5_26_10_01_00.csv
[2026-10-02 01:19:29] === 쌍별 5/50 JC2 ===
pygame 2.6.1 (SDL 2.28.4, Python 3.10.19)

롤아웃 200개 (시드 701~740 x 5회, 드론 5 목적지 50)
완주: 규칙+탈출 190 · 학습 200 · 둘 다 190

[편향된 비교] 각자 완주한 것만 평균
  규칙+탈출 621   학습 608   차이 -12

[쌍별 비교] 둘 다 완주한 190개
  규칙+탈출 621   학습 607   쌍별 차이 -13 (중앙값 -18)
  학습이 빠른 경우 112 · 느린 경우 78 · 동점 0
  윌콕슨 부호순위 p=0.2558

규칙만 실패한 10개에서 학습의 makespan: 634 (범위 497-805)

저장: /home/kopt/drone/figures/paired_d5_JC2_v5_26_10_01_00.csv
[2026-10-02 01:25:24] === 쌍별 표준 JC2 ===
pygame 2.6.1 (SDL 2.28.4, Python 3.10.19)

롤아웃 120개 (시드 101~160 x 2회, 드론 4 목적지 50)
완주: 규칙+탈출 118 · 학습 120 · 둘 다 118

[편향된 비교] 각자 완주한 것만 평균
  규칙+탈출 914   학습 980   차이 +66

[쌍별 비교] 둘 다 완주한 118개
  규칙+탈출 914   학습 982   쌍별 차이 +68 (중앙값 +88)
  학습이 빠른 경우 43 · 느린 경우 75 · 동점 0
  윌콕슨 부호순위 p=0.0015

규칙만 실패한 2개에서 학습의 makespan: 868 (범위 784-951)

저장: /home/kopt/drone/figures/paired_std_JC2_v5_26_10_01_00.csv
[2026-10-02 01:28:25] === 쌍별 3/30 JC3 ===
pygame 2.6.1 (SDL 2.28.4, Python 3.10.19)

롤아웃 200개 (시드 501~540 x 5회, 드론 3 목적지 30)
완주: 규칙+탈출 200 · 학습 200 · 둘 다 200

[편향된 비교] 각자 완주한 것만 평균
  규칙+탈출 610   학습 721   차이 +111

[쌍별 비교] 둘 다 완주한 200개
  규칙+탈출 610   학습 721   쌍별 차이 +111 (중앙값 +71)
  학습이 빠른 경우 55 · 느린 경우 145 · 동점 0
  윌콕슨 부호순위 p=0.0000

저장: /home/kopt/drone/figures/paired_d3_JC3_v5_26_10_01_00.csv
[2026-10-02 01:30:30] === 쌍별 5/50 JC3 ===
pygame 2.6.1 (SDL 2.28.4, Python 3.10.19)

롤아웃 200개 (시드 701~740 x 5회, 드론 5 목적지 50)
완주: 규칙+탈출 195 · 학습 200 · 둘 다 195

[편향된 비교] 각자 완주한 것만 평균
  규칙+탈출 623   학습 584   차이 -38

[쌍별 비교] 둘 다 완주한 195개
  규칙+탈출 623   학습 580   쌍별 차이 -43 (중앙값 -46)
  학습이 빠른 경우 126 · 느린 경우 67 · 동점 2
  윌콕슨 부호순위 p=0.0000

규칙만 실패한 5개에서 학습의 makespan: 768 (범위 594-1129)

저장: /home/kopt/drone/figures/paired_d5_JC3_v5_26_10_01_00.csv
[2026-10-02 01:35:17] === 쌍별 표준 JC3 ===
pygame 2.6.1 (SDL 2.28.4, Python 3.10.19)

롤아웃 120개 (시드 101~160 x 2회, 드론 4 목적지 50)
완주: 규칙+탈출 119 · 학습 120 · 둘 다 119

[편향된 비교] 각자 완주한 것만 평균
  규칙+탈출 914   학습 1061   차이 +147

[쌍별 비교] 둘 다 완주한 119개
  규칙+탈출 914   학습 1061   쌍별 차이 +147 (중앙값 +34)
  학습이 빠른 경우 44 · 느린 경우 74 · 동점 1
  윌콕슨 부호순위 p=0.1045

규칙만 실패한 1개에서 학습의 makespan: 1077 (범위 1077-1077)

저장: /home/kopt/drone/figures/paired_std_JC3_v5_26_10_01_00.csv
[2026-10-02 01:38:20] === 쌍별 3/30 JC4 ===
pygame 2.6.1 (SDL 2.28.4, Python 3.10.19)

롤아웃 200개 (시드 501~540 x 5회, 드론 3 목적지 30)
완주: 규칙+탈출 200 · 학습 200 · 둘 다 200

[편향된 비교] 각자 완주한 것만 평균
  규칙+탈출 609   학습 687   차이 +78

[쌍별 비교] 둘 다 완주한 200개
  규칙+탈출 609   학습 687   쌍별 차이 +78 (중앙값 +80)
  학습이 빠른 경우 51 · 느린 경우 148 · 동점 1
  윌콕슨 부호순위 p=0.0000

저장: /home/kopt/drone/figures/paired_d3_JC4_v5_26_10_01_00.csv
[2026-10-02 01:40:19] === 쌍별 5/50 JC4 ===
pygame 2.6.1 (SDL 2.28.4, Python 3.10.19)

롤아웃 200개 (시드 701~740 x 5회, 드론 5 목적지 50)
완주: 규칙+탈출 191 · 학습 200 · 둘 다 191

[편향된 비교] 각자 완주한 것만 평균
  규칙+탈출 618   학습 605   차이 -13

[쌍별 비교] 둘 다 완주한 191개
  규칙+탈출 618   학습 600   쌍별 차이 -17 (중앙값 -28)
  학습이 빠른 경우 115 · 느린 경우 75 · 동점 1
  윌콕슨 부호순위 p=0.0233

규칙만 실패한 9개에서 학습의 makespan: 698 (범위 576-821)

저장: /home/kopt/drone/figures/paired_d5_JC4_v5_26_10_01_00.csv
[2026-10-02 01:45:57] === 쌍별 표준 JC4 ===
pygame 2.6.1 (SDL 2.28.4, Python 3.10.19)

롤아웃 120개 (시드 101~160 x 2회, 드론 4 목적지 50)
완주: 규칙+탈출 119 · 학습 120 · 둘 다 119

[편향된 비교] 각자 완주한 것만 평균
  규칙+탈출 914   학습 1010   차이 +96

[쌍별 비교] 둘 다 완주한 119개
  규칙+탈출 914   학습 1011   쌍별 차이 +97 (중앙값 +100)
  학습이 빠른 경우 32 · 느린 경우 87 · 동점 0
  윌콕슨 부호순위 p=0.0000

규칙만 실패한 1개에서 학습의 makespan: 906 (범위 906-906)

저장: /home/kopt/drone/figures/paired_std_JC4_v5_26_10_01_00.csv
[2026-10-02 01:48:45] === 완료 ===
