[2026-09-27 17:44:32] 사이클 13 학습 종료 대기 중
[2026-09-28 06:29:13] 사이클 13 학습이 끝났다 — 사이클 14 시작
[2026-09-28 06:29:13] === 사이클 14 학습 시작 (PD2 x2 크레딧 2.0, PD6 x2 크레딧 6.0) ===
[2026-09-28 06:29:41] === 종료 대기 (최대 30시간) ===
[2026-09-29 04:25:13] 학습 종료
[2026-09-29 04:25:13] === 쌍별 표준 PD2a ===
pygame 2.6.1 (SDL 2.28.4, Python 3.10.19)

롤아웃 120개 (시드 101~160 x 2회, 드론 4 목적지 50)
완주: 규칙+탈출 118 · 학습 120 · 둘 다 118

[편향된 비교] 각자 완주한 것만 평균
  규칙+탈출 923   학습 970   차이 +47

[쌍별 비교] 둘 다 완주한 118개
  규칙+탈출 923   학습 972   쌍별 차이 +49 (중앙값 +39)
  학습이 빠른 경우 46 · 느린 경우 72 · 동점 0
  윌콕슨 부호순위 p=0.0203

규칙만 실패한 2개에서 학습의 makespan: 846 (범위 798-894)

저장: /home/kopt/drone/figures/paired_std_PD2a_v5_26_09_27_17.csv
[2026-09-29 04:28:00] === 쌍별 3/30 PD2a ===
pygame 2.6.1 (SDL 2.28.4, Python 3.10.19)

롤아웃 200개 (시드 501~540 x 5회, 드론 3 목적지 30)
완주: 규칙+탈출 200 · 학습 200 · 둘 다 200

[편향된 비교] 각자 완주한 것만 평균
  규칙+탈출 610   학습 679   차이 +69

[쌍별 비교] 둘 다 완주한 200개
  규칙+탈출 610   학습 679   쌍별 차이 +69 (중앙값 +58)
  학습이 빠른 경우 60 · 느린 경우 139 · 동점 1
  윌콕슨 부호순위 p=0.0000

저장: /home/kopt/drone/figures/paired_d3_PD2a_v5_26_09_27_17.csv
[2026-09-29 04:29:55] === 쌍별 5/50 PD2a ===
pygame 2.6.1 (SDL 2.28.4, Python 3.10.19)

롤아웃 200개 (시드 701~740 x 5회, 드론 5 목적지 50)
완주: 규칙+탈출 189 · 학습 200 · 둘 다 189

[편향된 비교] 각자 완주한 것만 평균
  규칙+탈출 609   학습 689   차이 +80

[쌍별 비교] 둘 다 완주한 189개
  규칙+탈출 609   학습 682   쌍별 차이 +74 (중앙값 +62)
  학습이 빠른 경우 50 · 느린 경우 139 · 동점 0
  윌콕슨 부호순위 p=0.0000

규칙만 실패한 11개에서 학습의 makespan: 796 (범위 614-1032)

저장: /home/kopt/drone/figures/paired_d5_PD2a_v5_26_09_27_17.csv
[2026-09-29 04:36:04] === 쌍별 표준 PD2b ===
pygame 2.6.1 (SDL 2.28.4, Python 3.10.19)

롤아웃 120개 (시드 101~160 x 2회, 드론 4 목적지 50)
완주: 규칙+탈출 117 · 학습 120 · 둘 다 117

[편향된 비교] 각자 완주한 것만 평균
  규칙+탈출 913   학습 945   차이 +32

[쌍별 비교] 둘 다 완주한 117개
  규칙+탈출 913   학습 948   쌍별 차이 +35 (중앙값 +57)
  학습이 빠른 경우 37 · 느린 경우 79 · 동점 1
  윌콕슨 부호순위 p=0.0020

규칙만 실패한 3개에서 학습의 makespan: 841 (범위 769-921)

저장: /home/kopt/drone/figures/paired_std_PD2b_v5_26_09_27_17.csv
[2026-09-29 04:39:00] === 쌍별 3/30 PD2b ===
pygame 2.6.1 (SDL 2.28.4, Python 3.10.19)

롤아웃 200개 (시드 501~540 x 5회, 드론 3 목적지 30)
완주: 규칙+탈출 200 · 학습 200 · 둘 다 200

[편향된 비교] 각자 완주한 것만 평균
  규칙+탈출 609   학습 650   차이 +41

[쌍별 비교] 둘 다 완주한 200개
  규칙+탈출 609   학습 650   쌍별 차이 +41 (중앙값 +36)
  학습이 빠른 경우 65 · 느린 경우 135 · 동점 0
  윌콕슨 부호순위 p=0.0000

저장: /home/kopt/drone/figures/paired_d3_PD2b_v5_26_09_27_17.csv
[2026-09-29 04:40:50] === 쌍별 5/50 PD2b ===
pygame 2.6.1 (SDL 2.28.4, Python 3.10.19)

롤아웃 200개 (시드 701~740 x 5회, 드론 5 목적지 50)
완주: 규칙+탈출 191 · 학습 200 · 둘 다 191

[편향된 비교] 각자 완주한 것만 평균
  규칙+탈출 627   학습 702   차이 +75

[쌍별 비교] 둘 다 완주한 191개
  규칙+탈출 627   학습 700   쌍별 차이 +73 (중앙값 +60)
  학습이 빠른 경우 59 · 느린 경우 131 · 동점 1
  윌콕슨 부호순위 p=0.0000

규칙만 실패한 9개에서 학습의 makespan: 747 (범위 545-1120)

저장: /home/kopt/drone/figures/paired_d5_PD2b_v5_26_09_27_17.csv
[2026-09-29 04:46:51] === 쌍별 표준 PD6a ===
pygame 2.6.1 (SDL 2.28.4, Python 3.10.19)

롤아웃 120개 (시드 101~160 x 2회, 드론 4 목적지 50)
완주: 규칙+탈출 120 · 학습 120 · 둘 다 120

[편향된 비교] 각자 완주한 것만 평균
  규칙+탈출 929   학습 1061   차이 +132

[쌍별 비교] 둘 다 완주한 120개
  규칙+탈출 929   학습 1061   쌍별 차이 +132 (중앙값 +131)
  학습이 빠른 경우 24 · 느린 경우 96 · 동점 0
  윌콕슨 부호순위 p=0.0000

저장: /home/kopt/drone/figures/paired_std_PD6a_v5_26_09_27_17.csv
[2026-09-29 04:49:31] === 쌍별 3/30 PD6a ===
pygame 2.6.1 (SDL 2.28.4, Python 3.10.19)

롤아웃 200개 (시드 501~540 x 5회, 드론 3 목적지 30)
완주: 규칙+탈출 200 · 학습 200 · 둘 다 200

[편향된 비교] 각자 완주한 것만 평균
  규칙+탈출 609   학습 686   차이 +78

[쌍별 비교] 둘 다 완주한 200개
  규칙+탈출 609   학습 686   쌍별 차이 +78 (중앙값 +82)
  학습이 빠른 경우 40 · 느린 경우 159 · 동점 1
  윌콕슨 부호순위 p=0.0000

저장: /home/kopt/drone/figures/paired_d3_PD6a_v5_26_09_27_17.csv
[2026-09-29 04:51:31] === 쌍별 5/50 PD6a ===
pygame 2.6.1 (SDL 2.28.4, Python 3.10.19)

롤아웃 200개 (시드 701~740 x 5회, 드론 5 목적지 50)
완주: 규칙+탈출 193 · 학습 200 · 둘 다 193

[편향된 비교] 각자 완주한 것만 평균
  규칙+탈출 605   학습 715   차이 +110

[쌍별 비교] 둘 다 완주한 193개
  규칙+탈출 605   학습 713   쌍별 차이 +108 (중앙값 +106)
  학습이 빠른 경우 37 · 느린 경우 156 · 동점 0
  윌콕슨 부호순위 p=0.0000

규칙만 실패한 7개에서 학습의 makespan: 785 (범위 568-963)

저장: /home/kopt/drone/figures/paired_d5_PD6a_v5_26_09_27_17.csv
[2026-09-29 04:57:39] === 쌍별 표준 PD6b ===
pygame 2.6.1 (SDL 2.28.4, Python 3.10.19)

롤아웃 120개 (시드 101~160 x 2회, 드론 4 목적지 50)
완주: 규칙+탈출 119 · 학습 120 · 둘 다 119

[편향된 비교] 각자 완주한 것만 평균
  규칙+탈출 927   학습 1038   차이 +110

[쌍별 비교] 둘 다 완주한 119개
  규칙+탈출 927   학습 1039   쌍별 차이 +111 (중앙값 +125)
  학습이 빠른 경우 28 · 느린 경우 91 · 동점 0
  윌콕슨 부호순위 p=0.0000

규칙만 실패한 1개에서 학습의 makespan: 934 (범위 934-934)

저장: /home/kopt/drone/figures/paired_std_PD6b_v5_26_09_27_17.csv
[2026-09-29 05:00:48] === 쌍별 3/30 PD6b ===
pygame 2.6.1 (SDL 2.28.4, Python 3.10.19)

롤아웃 200개 (시드 501~540 x 5회, 드론 3 목적지 30)
완주: 규칙+탈출 200 · 학습 200 · 둘 다 200

[편향된 비교] 각자 완주한 것만 평균
  규칙+탈출 610   학습 690   차이 +81

[쌍별 비교] 둘 다 완주한 200개
  규칙+탈출 610   학습 690   쌍별 차이 +81 (중앙값 +78)
  학습이 빠른 경우 51 · 느린 경우 148 · 동점 1
  윌콕슨 부호순위 p=0.0000

저장: /home/kopt/drone/figures/paired_d3_PD6b_v5_26_09_27_17.csv
[2026-09-29 05:02:58] === 쌍별 5/50 PD6b ===
pygame 2.6.1 (SDL 2.28.4, Python 3.10.19)

롤아웃 200개 (시드 701~740 x 5회, 드론 5 목적지 50)
완주: 규칙+탈출 189 · 학습 200 · 둘 다 189

[편향된 비교] 각자 완주한 것만 평균
  규칙+탈출 612   학습 752   차이 +140

[쌍별 비교] 둘 다 완주한 189개
  규칙+탈출 612   학습 745   쌍별 차이 +133 (중앙값 +95)
  학습이 빠른 경우 37 · 느린 경우 151 · 동점 1
  윌콕슨 부호순위 p=0.0000

규칙만 실패한 11개에서 학습의 makespan: 869 (범위 547-1384)

저장: /home/kopt/drone/figures/paired_d5_PD6b_v5_26_09_27_17.csv
[2026-09-29 05:10:04] === 집계 평가 std ===
