[2026-09-18 16:38:32] === 막힘 페널티 사이클 학습 시작 (0.1 x2, 0.3 x2) ===
[2026-09-18 16:39:00] === 종료 대기 (최대 16시간) ===
[2026-09-18 21:51:01] 학습 종료
[2026-09-18 21:51:01] === 평가 (a): 표준 4/50, 60시드x2 ===
pygame 2.6.1 (SDL 2.28.4, Python 3.10.19)
  규칙상위 + 직진하위 (= greedy): 23.09/50
  기하 중계 규칙 (무학습): 45.45/50
  규칙상위 + 직진 (중계1대 고정): 24.48/50
  규칙상위 + 직진 (중계2대 고정): 35.14/50
  학습상위 + 직진하위 (v5_26_09_18_00_R20a): 50.0/50
  학습상위 + 직진하위 (v5_26_09_18_16_B01a): 50.0/50
  학습상위 + 직진하위 (v5_26_09_18_16_B01b): 50.0/50
  학습상위 + 직진하위 (v5_26_09_18_16_B03a): 50.0/50
  학습상위 + 직진하위 (v5_26_09_18_16_B03b): 50.0/50

홀드아웃 60개 × 2회 = 롤아웃 120개 (시드 101~160), 반경 300, 드론 4 목적지 50 CC=고정

method                            | delivered | sd    | se   | reloads | idle | hop2plus | reach | blocked | stall | maxstall | steps   | comm_loss | full | full_pct | makespan | mk_sd
-------------------------------------------------------------------------------------------------------------------------------------------------------------------------------------------
규칙상위 + 직진하위 (= greedy)            | 23.09     | 8.75  | 0.8  | 2.12    | 0.0  | 0.669    | 651.0 | 39341.0 | 0.99  | 9745.0   | 10000.0 | 0         | 0    | 0.0      | -        | -    
기하 중계 규칙 (무학습)                    | 45.45     | 8.12  | 0.74 | 6.17    | 0.0  | 0.658    | 890.0 | 14010.0 | 0.43  | 3693.0   | 4638.0  | 0         | 70   | 58.3     | 807.0    | 73.0 
규칙상위 + 직진 (중계1대 고정)               | 24.48     | 7.92  | 0.72 | 3.13    | 1.0  | 0.608    | 672.0 | 36201.0 | 0.912 | 9690.0   | 10000.0 | 0         | 0    | 0.0      | -        | -    
규칙상위 + 직진 (중계2대 고정)               | 35.14     | 10.31 | 0.94 | 5.93    | 1.99 | 0.696    | 785.0 | 27372.0 | 0.732 | 4908.0   | 9698.0  | 0         | 4    | 3.3      | 935.0    | 22.0 
학습상위 + 직진하위 (v5_26_09_18_00_R20a) | 50.0      | 0.0   | 0.0  | 8.38    | 0.0  | 0.623    | 933.0 | 1531.0  | 0.364 | 58.0     | 1096.0  | 0         | 120  | 100.0    | 1096.0   | 266.0
학습상위 + 직진하위 (v5_26_09_18_16_B01a) | 50.0      | 0.0   | 0.0  | 8.09    | 0.0  | 0.632    | 933.0 | 1638.0  | 0.407 | 68.0     | 1057.0  | 0         | 120  | 100.0    | 1057.0   | 227.0
학습상위 + 직진하위 (v5_26_09_18_16_B01b) | 50.0      | 0.0   | 0.0  | 8.24    | 0.0  | 0.588    | 933.0 | 1894.0  | 0.379 | 91.0     | 1250.0  | 0         | 120  | 100.0    | 1250.0   | 413.0
학습상위 + 직진하위 (v5_26_09_18_16_B03a) | 50.0      | 0.0   | 0.0  | 7.93    | 0.0  | 0.635    | 932.0 | 1746.0  | 0.346 | 71.0     | 1265.0  | 0         | 120  | 100.0    | 1265.0   | 370.0
학습상위 + 직진하위 (v5_26_09_18_16_B03b) | 50.0      | 0.0   | 0.0  | 8.18    | 0.0  | 0.596    | 931.0 | 1176.0  | 0.228 | 25.0     | 1331.0  | 0         | 120  | 100.0    | 1331.0   | 258.0

저장: /home/kopt/drone/figures/eval_v5bp_std_26_09_18_16.csv
[2026-09-18 23:03:11] === 평가: 드론 3, 목적지 30, CC 무작위, 40시드 ===
pygame 2.6.1 (SDL 2.28.4, Python 3.10.19)
  규칙상위 + 직진하위 (= greedy): 14.1/50
  기하 중계 규칙 (무학습): 29.62/50
  규칙상위 + 직진 (중계1대 고정): 16.18/50
  규칙상위 + 직진 (중계2대 고정): 23.73/50
  학습상위 + 직진하위 (v5_26_09_18_00_R20a): 30.0/50
  학습상위 + 직진하위 (v5_26_09_18_16_B01a): 30.0/50
  학습상위 + 직진하위 (v5_26_09_18_16_B01b): 30.0/50
  학습상위 + 직진하위 (v5_26_09_18_16_B03a): 30.0/50
  학습상위 + 직진하위 (v5_26_09_18_16_B03b): 30.0/50

홀드아웃 40개 × 1회 = 롤아웃 40개 (시드 501~540), 반경 300, 드론 3 목적지 30 CC=무작위

method                            | delivered | sd   | se   | reloads | idle | hop2plus | reach | blocked | stall | maxstall | steps   | comm_loss | full | full_pct | makespan | mk_sd
------------------------------------------------------------------------------------------------------------------------------------------------------------------------------------------
규칙상위 + 직진하위 (= greedy)            | 14.1      | 5.8  | 0.92 | 1.2     | 0.0  | 0.579    | 544.0 | 29602.0 | 0.992 | 9839.0   | 10000.0 | 0         | 0    | 0.0      | -        | -    
기하 중계 규칙 (무학습)                    | 29.62     | 1.73 | 0.27 | 3.45    | 0.0  | 0.47     | 740.0 | 1076.0  | 0.097 | 504.0    | 1052.0  | 0         | 38   | 95.0     | 582.0    | 107.0
규칙상위 + 직진 (중계1대 고정)               | 16.18     | 6.34 | 1.0  | 2.05    | 1.0  | 0.566    | 567.0 | 25721.0 | 0.864 | 9523.0   | 9760.0  | 0         | 1    | 2.5      | 386.0    | 0.0  
규칙상위 + 직진 (중계2대 고정)               | 23.73     | 7.59 | 1.2  | 4.12    | 2.0  | 0.437    | 696.0 | 7166.0  | 0.368 | 4536.0   | 5209.0  | 0         | 21   | 52.5     | 875.0    | 46.0 
학습상위 + 직진하위 (v5_26_09_18_00_R20a) | 30.0      | 0.0  | 0.0  | 4.65    | 0.0  | 0.507    | 748.0 | 846.0   | 0.346 | 80.0     | 800.0   | 0         | 40   | 100.0    | 800.0    | 234.0
학습상위 + 직진하위 (v5_26_09_18_16_B01a) | 30.0      | 0.0  | 0.0  | 4.62    | 0.0  | 0.493    | 749.0 | 855.0   | 0.366 | 81.0     | 802.0   | 0         | 40   | 100.0    | 802.0    | 242.0
학습상위 + 직진하위 (v5_26_09_18_16_B01b) | 30.0      | 0.0  | 0.0  | 4.7     | 0.0  | 0.468    | 747.0 | 963.0   | 0.361 | 92.0     | 920.0   | 0         | 40   | 100.0    | 920.0    | 207.0
학습상위 + 직진하위 (v5_26_09_18_16_B03a) | 30.0      | 0.0  | 0.0  | 4.17    | 0.0  | 0.5      | 747.0 | 627.0   | 0.255 | 52.0     | 815.0   | 0         | 40   | 100.0    | 815.0    | 211.0
학습상위 + 직진하위 (v5_26_09_18_16_B03b) | 30.0      | 0.0  | 0.0  | 4.62    | 0.0  | 0.47     | 747.0 | 733.0   | 0.275 | 64.0     | 911.0   | 0         | 40   | 100.0    | 911.0    | 201.0

저장: /home/kopt/drone/figures/eval_v5bp_d3_26_09_18_16.csv
[2026-09-18 23:14:37] === 평가: 드론 5, 목적지 50, CC 무작위, 40시드 ===
pygame 2.6.1 (SDL 2.28.4, Python 3.10.19)
  규칙상위 + 직진하위 (= greedy): 36.55/50
  기하 중계 규칙 (무학습): 48.75/50
  규칙상위 + 직진 (중계1대 고정): 40.25/50
  규칙상위 + 직진 (중계2대 고정): 43.95/50
  학습상위 + 직진하위 (v5_26_09_18_00_R20a): 50.0/50
  학습상위 + 직진하위 (v5_26_09_18_16_B01a): 50.0/50
  학습상위 + 직진하위 (v5_26_09_18_16_B01b): 50.0/50
  학습상위 + 직진하위 (v5_26_09_18_16_B03a): 50.0/50
  학습상위 + 직진하위 (v5_26_09_18_16_B03b): 50.0/50

홀드아웃 40개 × 1회 = 롤아웃 40개 (시드 701~740), 반경 300, 드론 5 목적지 50 CC=무작위

method                            | delivered | sd    | se   | reloads | idle | hop2plus | reach | blocked | stall | maxstall | steps  | comm_loss | full | full_pct | makespan | mk_sd
------------------------------------------------------------------------------------------------------------------------------------------------------------------------------------------
규칙상위 + 직진하위 (= greedy)            | 36.55     | 10.27 | 1.62 | 4.55    | 0.0  | 0.632    | 705.0 | 38180.0 | 0.854 | 7503.0   | 7864.0 | 0         | 9    | 22.5     | 505.0    | 74.0 
기하 중계 규칙 (무학습)                    | 48.75     | 5.5   | 0.87 | 7.53    | 0.0  | 0.578    | 832.0 | 4576.0  | 0.247 | 490.0    | 1543.0 | 0         | 36   | 90.0     | 603.0    | 85.0 
규칙상위 + 직진 (중계1대 고정)               | 40.25     | 10.69 | 1.69 | 5.78    | 0.97 | 0.569    | 754.0 | 29379.0 | 0.691 | 6257.0   | 6696.0 | 0         | 14   | 35.0     | 561.0    | 136.0
규칙상위 + 직진 (중계2대 고정)               | 43.95     | 10.22 | 1.62 | 7.38    | 1.95 | 0.539    | 779.0 | 16318.0 | 0.421 | 3122.0   | 4360.0 | 0         | 24   | 60.0     | 599.0    | 62.0 
학습상위 + 직진하위 (v5_26_09_18_00_R20a) | 50.0      | 0.0   | 0.0  | 7.95    | 0.0  | 0.571    | 846.0 | 744.0   | 0.252 | 18.0     | 622.0  | 0         | 40   | 100.0    | 622.0    | 154.0
학습상위 + 직진하위 (v5_26_09_18_16_B01a) | 50.0      | 0.0   | 0.0  | 7.95    | 0.0  | 0.555    | 846.0 | 759.0   | 0.267 | 15.0     | 606.0  | 0         | 40   | 100.0    | 606.0    | 190.0
학습상위 + 직진하위 (v5_26_09_18_16_B01b) | 50.0      | 0.0   | 0.0  | 7.92    | 0.0  | 0.541    | 846.0 | 964.0   | 0.286 | 31.0     | 704.0  | 0         | 40   | 100.0    | 704.0    | 179.0
학습상위 + 직진하위 (v5_26_09_18_16_B03a) | 50.0      | 0.0   | 0.0  | 7.5     | 0.0  | 0.548    | 846.0 | 731.0   | 0.197 | 12.0     | 738.0  | 0         | 40   | 100.0    | 738.0    | 237.0
학습상위 + 직진하위 (v5_26_09_18_16_B03b) | 50.0      | 0.0   | 0.0  | 7.5     | 0.0  | 0.529    | 846.0 | 634.0   | 0.156 | 9.0      | 792.0  | 0         | 40   | 100.0    | 792.0    | 204.0

저장: /home/kopt/drone/figures/eval_v5bp_d5_26_09_18_16.csv
[2026-09-18 23:33:42] === 완료 ===
