[2026-09-09 16:31:24] === 2단계 학습 시작 (시드 2개) ===
[2026-09-09 16:31:46] === 종료 대기 (최대 12시간) ===
[2026-09-09 23:55:53] 학습 종료
[2026-09-09 23:55:53] === 최종 평가 (60 인스턴스 × 5회) ===
pygame 2.6.1 (SDL 2.28.4, Python 3.10.19)
  규칙상위 + 직진하위 (= greedy): 22.66/50
  규칙상위 + 직진 (중계1대 고정): 14.44/50
  규칙상위 + 직진 (중계2대 고정): 8.79/50
  학습상위 + 학습하위 (v3_26_09_07_17_m_s1): 18.76/50
  학습상위 + 학습하위 (v3_26_09_07_17_m_s2): 15.13/50

홀드아웃 60개 × 5회 = 롤아웃 300개 (시드 101~160), 반경 300

method                            | delivered | sd   | se   | reloads | idle | hop2plus | reach | blocked | stall | maxstall | steps | comm_loss | full | makespan
---------------------------------------------------------------------------------------------------------------------------------------------------------------------
규칙상위 + 직진하위 (= greedy)            | 22.66     | 8.64 | 0.5  | 1.99    | 0.0  | 0.569    | 649.0 | 709.0   | 0.648 | 100.0    | 338.0 | 0         | 0    | -       
규칙상위 + 직진 (중계1대 고정)               | 14.44     | 6.08 | 0.35 | 1.1     | 1.0  | 0.343    | 530.0 | 375.0   | 0.65  | 100.0    | 247.0 | 0         | 0    | -       
규칙상위 + 직진 (중계2대 고정)               | 8.79      | 3.55 | 0.21 | 0.43    | 2.0  | 0.179    | 428.0 | 234.0   | 0.69  | 100.0    | 218.0 | 0         | 0    | -       
학습상위 + 학습하위 (v3_26_09_07_17_m_s1) | 18.76     | 7.1  | 0.41 | 2.02    | 0.22 | 0.414    | 597.0 | 468.0   | 0.162 | 26.0     | 782.0 | 0         | 0    | -       
학습상위 + 학습하위 (v3_26_09_07_17_m_s2) | 15.13     | 7.81 | 0.45 | 0.84    | 0.45 | 0.415    | 594.0 | 503.0   | 0.181 | 31.0     | 673.0 | 0         | 0    | -       

저장: /home/kopt/drone/figures/eval_v3_longep_26_09_07_17.csv
[2026-09-10 02:50:12] === 완료 ===
