[2026-09-19 11:53:25] === 사이클 5 체인 종료 대기 ===
[2026-09-19 22:58:17] === 사이클 6 학습 시작 (E03 x2, E045 x2) ===
[2026-09-19 22:58:45] === 종료 대기 (최대 18시간) ===
[2026-09-20 15:38:51] 학습 종료
[2026-09-20 15:38:51] === 평가 (a): 표준 4/50, 60시드x2 ===
pygame 2.6.1 (SDL 2.28.4, Python 3.10.19)
  규칙상위 + 직진하위 (= greedy): 23.21/50
  기하 중계 규칙 (무학습): 45.95/50
  기하 중계 규칙 + 교착 탈출 (무학습): 49.76/50
  규칙상위 + 직진 (중계1대 고정): 24.75/50
  규칙상위 + 직진 (중계2대 고정): 35.62/50
  학습상위 + 직진하위 (v5_26_09_19_12_E03a): 49.99/50
  학습상위 + 직진하위 (v5_26_09_19_12_E03b): 50.0/50
  학습상위 + 직진하위 (v5_26_09_19_12_E045a): 50.0/50
  학습상위 + 직진하위 (v5_26_09_19_12_E045b): 50.0/50

홀드아웃 60개 × 2회 = 롤아웃 120개 (시드 101~160), 반경 300, 드론 4 목적지 50 CC=고정

method                             | delivered | sd    | se   | reloads | idle | hop2plus | reach | blocked | stall | maxstall | steps   | comm_loss | full | full_pct | makespan | mk_sd
--------------------------------------------------------------------------------------------------------------------------------------------------------------------------------------------
규칙상위 + 직진하위 (= greedy)             | 23.21     | 8.93  | 0.82 | 2.11    | 0.0  | 0.655    | 651.0 | 39337.0 | 0.989 | 9740.0   | 10000.0 | 0         | 0    | 0.0      | -        | -    
기하 중계 규칙 (무학습)                     | 45.95     | 7.47  | 0.68 | 6.28    | 0.0  | 0.651    | 900.0 | 12720.0 | 0.407 | 3379.0   | 4262.0  | 0         | 75   | 62.5     | 820.0    | 76.0 
기하 중계 규칙 + 교착 탈출 (무학습)             | 49.76     | 1.85  | 0.17 | 7.0     | 0.0  | 0.614    | 930.0 | 1247.0  | 0.189 | 36.0     | 1155.0  | 0         | 117  | 97.5     | 928.0    | 202.0
규칙상위 + 직진 (중계1대 고정)                | 24.75     | 7.64  | 0.7  | 3.18    | 1.0  | 0.6      | 681.0 | 36291.0 | 0.914 | 9682.0   | 10000.0 | 0         | 0    | 0.0      | -        | -    
규칙상위 + 직진 (중계2대 고정)                | 35.62     | 10.07 | 0.92 | 6.03    | 2.0  | 0.7      | 790.0 | 27600.0 | 0.737 | 5059.0   | 9774.0  | 0         | 3    | 2.5      | 948.0    | 42.0 
학습상위 + 직진하위 (v5_26_09_19_12_E03a)  | 49.99     | 0.09  | 0.01 | 8.43    | 0.0  | 0.638    | 932.0 | 1907.0  | 0.401 | 136.0    | 1143.0  | 0         | 119  | 99.2     | 1068.0   | 243.0
학습상위 + 직진하위 (v5_26_09_19_12_E03b)  | 50.0      | 0.0   | 0.0  | 8.03    | 0.0  | 0.625    | 932.0 | 1222.0  | 0.342 | 51.0     | 955.0   | 0         | 120  | 100.0    | 955.0    | 177.0
학습상위 + 직진하위 (v5_26_09_19_12_E045a) | 50.0      | 0.0   | 0.0  | 8.47    | 0.0  | 0.627    | 933.0 | 1275.0  | 0.327 | 37.0     | 1034.0  | 0         | 120  | 100.0    | 1034.0   | 174.0
학습상위 + 직진하위 (v5_26_09_19_12_E045b) | 50.0      | 0.0   | 0.0  | 8.12    | 0.0  | 0.623    | 933.0 | 1515.0  | 0.378 | 92.0     | 1023.0  | 0         | 120  | 100.0    | 1023.0   | 313.0

저장: /home/kopt/drone/figures/eval_v5ent_std_26_09_19_12.csv
[2026-09-20 16:51:02] === 평가: 드론 3, 목적지 30, CC 무작위, 40시드 ===
pygame 2.6.1 (SDL 2.28.4, Python 3.10.19)
  규칙상위 + 직진하위 (= greedy): 14.2/50
  기하 중계 규칙 (무학습): 29.62/50
  기하 중계 규칙 + 교착 탈출 (무학습): 30.0/50
  규칙상위 + 직진 (중계1대 고정): 16.18/50
  규칙상위 + 직진 (중계2대 고정): 23.73/50
  학습상위 + 직진하위 (v5_26_09_19_12_E03a): 30.0/50
  학습상위 + 직진하위 (v5_26_09_19_12_E03b): 30.0/50
  학습상위 + 직진하위 (v5_26_09_19_12_E045a): 30.0/50
  학습상위 + 직진하위 (v5_26_09_19_12_E045b): 30.0/50

홀드아웃 40개 × 1회 = 롤아웃 40개 (시드 501~540), 반경 300, 드론 3 목적지 30 CC=무작위

method                             | delivered | sd   | se   | reloads | idle | hop2plus | reach | blocked | stall | maxstall | steps   | comm_loss | full | full_pct | makespan | mk_sd
-------------------------------------------------------------------------------------------------------------------------------------------------------------------------------------------
규칙상위 + 직진하위 (= greedy)             | 14.2      | 5.91 | 0.93 | 1.25    | 0.0  | 0.571    | 545.0 | 29598.0 | 0.992 | 9837.0   | 10000.0 | 0         | 0    | 0.0      | -        | -    
기하 중계 규칙 (무학습)                     | 29.62     | 1.73 | 0.27 | 3.52    | 0.0  | 0.469    | 740.0 | 1077.0  | 0.098 | 504.0    | 1052.0  | 0         | 38   | 95.0     | 582.0    | 108.0
기하 중계 규칙 + 교착 탈출 (무학습)             | 30.0      | 0.0  | 0.0  | 3.5     | 0.0  | 0.466    | 750.0 | 164.0   | 0.085 | 42.0     | 609.0   | 0         | 40   | 100.0    | 609.0    | 171.0
규칙상위 + 직진 (중계1대 고정)                | 16.18     | 6.38 | 1.01 | 2.02    | 1.0  | 0.558    | 567.0 | 25716.0 | 0.864 | 9523.0   | 9760.0  | 0         | 1    | 2.5      | 386.0    | 0.0  
규칙상위 + 직진 (중계2대 고정)                | 23.73     | 7.59 | 1.2  | 4.12    | 2.0  | 0.437    | 696.0 | 7165.0  | 0.368 | 4536.0   | 5209.0  | 0         | 21   | 52.5     | 875.0    | 47.0 
학습상위 + 직진하위 (v5_26_09_19_12_E03a)  | 30.0      | 0.0  | 0.0  | 4.67    | 0.0  | 0.526    | 748.0 | 1068.0  | 0.39  | 125.0    | 875.0   | 0         | 40   | 100.0    | 875.0    | 479.0
학습상위 + 직진하위 (v5_26_09_19_12_E03b)  | 30.0      | 0.0  | 0.0  | 4.45    | 0.0  | 0.496    | 748.0 | 721.0   | 0.348 | 72.0     | 717.0   | 0         | 40   | 100.0    | 717.0    | 192.0
학습상위 + 직진하위 (v5_26_09_19_12_E045a) | 30.0      | 0.0  | 0.0  | 4.72    | 0.0  | 0.511    | 747.0 | 1228.0  | 0.411 | 183.0    | 935.0   | 0         | 40   | 100.0    | 935.0    | 427.0
학습상위 + 직진하위 (v5_26_09_19_12_E045b) | 30.0      | 0.0  | 0.0  | 4.67    | 0.0  | 0.509    | 748.0 | 791.0   | 0.348 | 84.0     | 760.0   | 0         | 40   | 100.0    | 760.0    | 253.0

저장: /home/kopt/drone/figures/eval_v5ent_d3_26_09_19_12.csv
[2026-09-20 17:02:44] === 평가: 드론 5, 목적지 50, CC 무작위, 40시드 ===
pygame 2.6.1 (SDL 2.28.4, Python 3.10.19)
  규칙상위 + 직진하위 (= greedy): 37.5/50
  기하 중계 규칙 (무학습): 48.52/50
  기하 중계 규칙 + 교착 탈출 (무학습): 49.9/50
  규칙상위 + 직진 (중계1대 고정): 39.35/50
  규칙상위 + 직진 (중계2대 고정): 44.2/50
  학습상위 + 직진하위 (v5_26_09_19_12_E03a): 50.0/50
  학습상위 + 직진하위 (v5_26_09_19_12_E03b): 50.0/50
  학습상위 + 직진하위 (v5_26_09_19_12_E045a): 50.0/50
  학습상위 + 직진하위 (v5_26_09_19_12_E045b): 50.0/50

홀드아웃 40개 × 1회 = 롤아웃 40개 (시드 701~740), 반경 300, 드론 5 목적지 50 CC=무작위

method                             | delivered | sd    | se   | reloads | idle | hop2plus | reach | blocked | stall | maxstall | steps  | comm_loss | full | full_pct | makespan | mk_sd
-------------------------------------------------------------------------------------------------------------------------------------------------------------------------------------------
규칙상위 + 직진하위 (= greedy)             | 37.5      | 10.18 | 1.61 | 4.67    | 0.0  | 0.629    | 706.0 | 36982.0 | 0.847 | 7252.0   | 7630.0 | 0         | 10   | 25.0     | 521.0    | 74.0 
기하 중계 규칙 (무학습)                     | 48.52     | 5.63  | 0.89 | 7.42    | 0.0  | 0.59     | 824.0 | 6830.0  | 0.279 | 961.0    | 2004.0 | 0         | 34   | 85.0     | 593.0    | 99.0 
기하 중계 규칙 + 교착 탈출 (무학습)             | 49.9      | 0.37  | 0.06 | 7.85    | 0.0  | 0.576    | 842.0 | 3063.0  | 0.212 | 14.0     | 1311.0 | 0         | 37   | 92.5     | 607.0    | 126.0
규칙상위 + 직진 (중계1대 고정)                | 39.35     | 10.49 | 1.66 | 5.55    | 0.97 | 0.565    | 744.0 | 30569.0 | 0.71  | 6508.0   | 6930.0 | 0         | 13   | 32.5     | 555.0    | 109.0
규칙상위 + 직진 (중계2대 고정)                | 44.2      | 10.23 | 1.62 | 7.45    | 1.93 | 0.527    | 792.0 | 14291.0 | 0.39  | 2889.0   | 3896.0 | 0         | 26   | 65.0     | 610.0    | 66.0 
학습상위 + 직진하위 (v5_26_09_19_12_E03a)  | 50.0      | 0.0   | 0.0  | 8.12    | 0.0  | 0.592    | 847.0 | 882.0   | 0.26  | 25.0     | 687.0  | 0         | 40   | 100.0    | 687.0    | 247.0
학습상위 + 직진하위 (v5_26_09_19_12_E03b)  | 50.0      | 0.0   | 0.0  | 7.85    | 0.0  | 0.548    | 848.0 | 711.0   | 0.241 | 15.0     | 615.0  | 0         | 40   | 100.0    | 615.0    | 161.0
학습상위 + 직진하위 (v5_26_09_19_12_E045a) | 50.0      | 0.0   | 0.0  | 7.95    | 0.0  | 0.566    | 847.0 | 687.0   | 0.24  | 17.0     | 625.0  | 0         | 40   | 100.0    | 625.0    | 145.0
학습상위 + 직진하위 (v5_26_09_19_12_E045b) | 50.0      | 0.0   | 0.0  | 7.83    | 0.0  | 0.568    | 846.0 | 757.0   | 0.274 | 17.0     | 599.0  | 0         | 40   | 100.0    | 599.0    | 137.0

저장: /home/kopt/drone/figures/eval_v5ent_d5_26_09_19_12.csv
[2026-09-20 17:23:01] === 완료 ===
