[2026-09-26 17:24:58] === 사이클 12 학습 시작 (L1 x2 자기회귀 유지, L2 x2 간소) ===
[2026-09-26 17:25:28] === 종료 대기 (최대 26시간) ===
[2026-09-27 06:30:48] 학습 종료
[2026-09-27 06:30:48] === 평가 std (자기회귀 L1 + 기준) ===
pygame 2.6.1 (SDL 2.28.4, Python 3.10.19)
  규칙상위 + 직진하위 (= greedy): 23.17/50
  기하 중계 규칙 (무학습): 45.14/50
  기하 중계 규칙 + 교착 탈출 (무학습): 49.55/50
  규칙상위 + 직진 (중계1대 고정): 25.13/50
  규칙상위 + 직진 (중계2대 고정): 35.62/50
  학습상위 + 직진하위 (v5_26_09_26_17_L1a): 50.0/50
  학습상위 + 직진하위 (v5_26_09_26_17_L1b): 50.0/50
  학습상위 + 직진하위 (v5_26_09_23_18_SWa): 50.0/50

홀드아웃 60개 × 2회 = 롤아웃 120개 (시드 101~160), 반경 300, 드론 4 목적지 50 CC=고정

method                           | delivered | sd    | se   | reloads | idle | hop2plus | reach | blocked | stall | maxstall | steps   | comm_loss | full | full_pct | makespan | mk_sd
------------------------------------------------------------------------------------------------------------------------------------------------------------------------------------------
규칙상위 + 직진하위 (= greedy)           | 23.17     | 8.97  | 0.82 | 2.16    | 0.0  | 0.653    | 652.0 | 39338.0 | 0.989 | 9745.0   | 10000.0 | 0         | 0    | 0.0      | -        | -    
기하 중계 규칙 (무학습)                   | 45.14     | 8.21  | 0.75 | 6.16    | 0.0  | 0.657    | 891.0 | 13972.0 | 0.431 | 3698.0   | 4565.0  | 0         | 71   | 59.2     | 814.0    | 72.0 
기하 중계 규칙 + 교착 탈출 (무학습)           | 49.55     | 2.82  | 0.26 | 6.8     | 0.0  | 0.612    | 928.0 | 1273.0  | 0.186 | 43.0     | 1140.0  | 0         | 117  | 97.5     | 913.0    | 255.0
규칙상위 + 직진 (중계1대 고정)              | 25.13     | 8.18  | 0.75 | 3.23    | 1.0  | 0.606    | 686.0 | 36556.0 | 0.921 | 9681.0   | 10000.0 | 0         | 0    | 0.0      | -        | -    
규칙상위 + 직진 (중계2대 고정)              | 35.62     | 10.07 | 0.92 | 6.02    | 2.0  | 0.703    | 794.0 | 27752.0 | 0.736 | 4590.0   | 9849.0  | 0         | 2    | 1.7      | 922.0    | 12.0 
학습상위 + 직진하위 (v5_26_09_26_17_L1a) | 50.0      | 0.0   | 0.0  | 8.22    | 0.0  | 0.602    | 934.0 | 1017.0  | 0.265 | 58.0     | 961.0   | 0         | 120  | 100.0    | 961.0    | 293.0
학습상위 + 직진하위 (v5_26_09_26_17_L1b) | 50.0      | 0.0   | 0.0  | 8.12    | 0.0  | 0.612    | 933.0 | 1243.0  | 0.309 | 79.0     | 979.0   | 0         | 120  | 100.0    | 979.0    | 507.0
학습상위 + 직진하위 (v5_26_09_23_18_SWa) | 50.0      | 0.0   | 0.0  | 7.75    | 0.0  | 0.618    | 934.0 | 1123.0  | 0.309 | 61.0     | 931.0   | 0         | 120  | 100.0    | 931.0    | 266.0

저장: /home/kopt/drone/figures/eval_v5lean_std_ar_26_09_26_17.csv
[2026-09-27 07:42:01] === 평가 std (간소 L2) ===
pygame 2.6.1 (SDL 2.28.4, Python 3.10.19)
  규칙상위 + 직진하위 (= greedy): 22.94/50
  기하 중계 규칙 (무학습): 45.44/50
  기하 중계 규칙 + 교착 탈출 (무학습): 49.76/50
  규칙상위 + 직진 (중계1대 고정): 24.95/50
  규칙상위 + 직진 (중계2대 고정): 36.08/50
  학습상위 + 직진하위 (v5_26_09_26_17_L2a): 50.0/50
  학습상위 + 직진하위 (v5_26_09_26_17_L2b): 50.0/50

홀드아웃 60개 × 2회 = 롤아웃 120개 (시드 101~160), 반경 300, 드론 4 목적지 50 CC=고정

method                           | delivered | sd   | se   | reloads | idle | hop2plus | reach | blocked | stall | maxstall | steps   | comm_loss | full | full_pct | makespan | mk_sd
-----------------------------------------------------------------------------------------------------------------------------------------------------------------------------------------
규칙상위 + 직진하위 (= greedy)           | 22.94     | 8.6  | 0.78 | 2.09    | 0.0  | 0.665    | 649.0 | 39346.0 | 0.99  | 9750.0   | 10000.0 | 0         | 0    | 0.0      | -        | -    
기하 중계 규칙 (무학습)                   | 45.44     | 8.34 | 0.76 | 6.21    | 0.0  | 0.652    | 901.0 | 12686.0 | 0.409 | 3313.0   | 4184.0  | 0         | 76   | 63.3     | 817.0    | 82.0 
기하 중계 규칙 + 교착 탈출 (무학습)           | 49.76     | 1.85 | 0.17 | 6.84    | 0.0  | 0.616    | 930.0 | 1262.0  | 0.185 | 48.0     | 1157.0  | 0         | 117  | 97.5     | 930.0    | 226.0
규칙상위 + 직진 (중계1대 고정)              | 24.95     | 8.09 | 0.74 | 3.18    | 1.0  | 0.594    | 680.0 | 36217.0 | 0.912 | 9683.0   | 10000.0 | 0         | 0    | 0.0      | -        | -    
규칙상위 + 직진 (중계2대 고정)              | 36.08     | 9.98 | 0.91 | 6.08    | 1.99 | 0.697    | 800.0 | 27286.0 | 0.727 | 4508.0   | 9773.0  | 0         | 3    | 2.5      | 917.0    | 4.0  
학습상위 + 직진하위 (v5_26_09_26_17_L2a) | 50.0      | 0.0  | 0.0  | 8.41    | 0.0  | 0.604    | 933.0 | 1409.0  | 0.329 | 104.0    | 1063.0  | 0         | 120  | 100.0    | 1063.0   | 412.0
학습상위 + 직진하위 (v5_26_09_26_17_L2b) | 50.0      | 0.0  | 0.0  | 8.22    | 0.0  | 0.604    | 934.0 | 859.0   | 0.232 | 48.0     | 943.0   | 0         | 120  | 100.0    | 943.0    | 229.0

저장: /home/kopt/drone/figures/eval_v5lean_std_pl_26_09_26_17.csv
[2026-09-27 08:49:15] === 평가 d3 (자기회귀 L1 + 기준) ===
pygame 2.6.1 (SDL 2.28.4, Python 3.10.19)
  규칙상위 + 직진하위 (= greedy): 14.1/50
  기하 중계 규칙 (무학습): 29.62/50
  기하 중계 규칙 + 교착 탈출 (무학습): 30.0/50
  규칙상위 + 직진 (중계1대 고정): 16.45/50
  규칙상위 + 직진 (중계2대 고정): 23.38/50
  학습상위 + 직진하위 (v5_26_09_26_17_L1a): 30.0/50
  학습상위 + 직진하위 (v5_26_09_26_17_L1b): 30.0/50
  학습상위 + 직진하위 (v5_26_09_23_18_SWa): 30.0/50

홀드아웃 40개 × 1회 = 롤아웃 40개 (시드 501~540), 반경 300, 드론 3 목적지 30 CC=무작위

method                           | delivered | sd   | se   | reloads | idle | hop2plus | reach | blocked | stall | maxstall | steps   | comm_loss | full | full_pct | makespan | mk_sd
-----------------------------------------------------------------------------------------------------------------------------------------------------------------------------------------
규칙상위 + 직진하위 (= greedy)           | 14.1      | 5.76 | 0.91 | 1.2     | 0.0  | 0.579    | 544.0 | 29602.0 | 0.992 | 9839.0   | 10000.0 | 0         | 0    | 0.0      | -        | -    
기하 중계 규칙 (무학습)                   | 29.62     | 1.73 | 0.27 | 3.48    | 0.0  | 0.468    | 740.0 | 1078.0  | 0.097 | 503.0    | 1053.0  | 0         | 38   | 95.0     | 582.0    | 107.0
기하 중계 규칙 + 교착 탈출 (무학습)           | 30.0      | 0.0  | 0.0  | 3.45    | 0.0  | 0.466    | 751.0 | 162.0   | 0.083 | 41.0     | 609.0   | 0         | 40   | 100.0    | 609.0    | 173.0
규칙상위 + 직진 (중계1대 고정)              | 16.45     | 6.66 | 1.05 | 2.08    | 1.0  | 0.566    | 576.0 | 25372.0 | 0.853 | 9512.0   | 9760.0  | 0         | 1    | 2.5      | 386.0    | 0.0  
규칙상위 + 직진 (중계2대 고정)              | 23.38     | 7.61 | 1.2  | 4.08    | 2.0  | 0.442    | 695.0 | 7166.0  | 0.368 | 4773.0   | 5438.0  | 0         | 20   | 50.0     | 875.0    | 48.0 
학습상위 + 직진하위 (v5_26_09_26_17_L1a) | 30.0      | 0.0  | 0.0  | 4.78    | 0.0  | 0.484    | 750.0 | 592.0   | 0.258 | 80.0     | 718.0   | 0         | 40   | 100.0    | 718.0    | 269.0
학습상위 + 직진하위 (v5_26_09_26_17_L1b) | 30.0      | 0.0  | 0.0  | 4.5     | 0.0  | 0.474    | 748.0 | 584.0   | 0.293 | 59.0     | 769.0   | 0         | 40   | 100.0    | 769.0    | 501.0
학습상위 + 직진하위 (v5_26_09_23_18_SWa) | 30.0      | 0.0  | 0.0  | 4.42    | 0.0  | 0.496    | 749.0 | 518.0   | 0.274 | 60.0     | 639.0   | 0         | 40   | 100.0    | 639.0    | 158.0

저장: /home/kopt/drone/figures/eval_v5lean_d3_ar_26_09_26_17.csv
[2026-09-27 09:00:38] === 평가 d3 (간소 L2) ===
pygame 2.6.1 (SDL 2.28.4, Python 3.10.19)
  규칙상위 + 직진하위 (= greedy): 14.18/50
  기하 중계 규칙 (무학습): 29.62/50
  기하 중계 규칙 + 교착 탈출 (무학습): 30.0/50
  규칙상위 + 직진 (중계1대 고정): 16.4/50
  규칙상위 + 직진 (중계2대 고정): 23.73/50
  학습상위 + 직진하위 (v5_26_09_26_17_L2a): 29.88/50
  학습상위 + 직진하위 (v5_26_09_26_17_L2b): 30.0/50

홀드아웃 40개 × 1회 = 롤아웃 40개 (시드 501~540), 반경 300, 드론 3 목적지 30 CC=무작위

method                           | delivered | sd   | se   | reloads | idle | hop2plus | reach | blocked | stall | maxstall | steps   | comm_loss | full | full_pct | makespan | mk_sd 
------------------------------------------------------------------------------------------------------------------------------------------------------------------------------------------
규칙상위 + 직진하위 (= greedy)           | 14.18     | 5.96 | 0.94 | 1.2     | 0.0  | 0.579    | 545.0 | 29601.0 | 0.992 | 9839.0   | 10000.0 | 0         | 0    | 0.0      | -        | -     
기하 중계 규칙 (무학습)                   | 29.62     | 1.73 | 0.27 | 3.48    | 0.0  | 0.468    | 740.0 | 1080.0  | 0.099 | 504.0    | 1056.0  | 0         | 38   | 95.0     | 585.0    | 107.0 
기하 중계 규칙 + 교착 탈출 (무학습)           | 30.0      | 0.0  | 0.0  | 3.48    | 0.0  | 0.466    | 750.0 | 164.0   | 0.084 | 41.0     | 609.0   | 0         | 40   | 100.0    | 609.0    | 172.0 
규칙상위 + 직진 (중계1대 고정)              | 16.4      | 6.55 | 1.04 | 2.08    | 1.0  | 0.55     | 572.0 | 25547.0 | 0.858 | 9514.0   | 9760.0  | 0         | 1    | 2.5      | 386.0    | 0.0   
규칙상위 + 직진 (중계2대 고정)              | 23.73     | 7.59 | 1.2  | 4.12    | 2.0  | 0.437    | 696.0 | 7166.0  | 0.368 | 4536.0   | 5209.0  | 0         | 21   | 52.5     | 875.0    | 47.0  
학습상위 + 직진하위 (v5_26_09_26_17_L2a) | 29.88     | 0.78 | 0.12 | 4.53    | 0.0  | 0.497    | 748.0 | 2029.0  | 0.344 | 430.0    | 1184.0  | 0         | 39   | 97.5     | 958.0    | 1105.0
학습상위 + 직진하위 (v5_26_09_26_17_L2b) | 30.0      | 0.0  | 0.0  | 4.55    | 0.0  | 0.487    | 750.0 | 552.0   | 0.242 | 85.0     | 710.0   | 0         | 40   | 100.0    | 710.0    | 290.0 

저장: /home/kopt/drone/figures/eval_v5lean_d3_pl_26_09_26_17.csv
[2026-09-27 09:11:38] === 평가 d5 (자기회귀 L1 + 기준) ===
pygame 2.6.1 (SDL 2.28.4, Python 3.10.19)
  규칙상위 + 직진하위 (= greedy): 37.15/50
  기하 중계 규칙 (무학습): 48.6/50
  기하 중계 규칙 + 교착 탈출 (무학습): 49.98/50
  규칙상위 + 직진 (중계1대 고정): 39.45/50
  규칙상위 + 직진 (중계2대 고정): 44.3/50
  학습상위 + 직진하위 (v5_26_09_26_17_L1a): 50.0/50
  학습상위 + 직진하위 (v5_26_09_26_17_L1b): 50.0/50
  학습상위 + 직진하위 (v5_26_09_23_18_SWa): 50.0/50

홀드아웃 40개 × 1회 = 롤아웃 40개 (시드 701~740), 반경 300, 드론 5 목적지 50 CC=무작위

method                           | delivered | sd    | se   | reloads | idle | hop2plus | reach | blocked | stall | maxstall | steps  | comm_loss | full | full_pct | makespan | mk_sd
-----------------------------------------------------------------------------------------------------------------------------------------------------------------------------------------
규칙상위 + 직진하위 (= greedy)           | 37.15     | 10.49 | 1.66 | 4.8     | 0.0  | 0.634    | 712.0 | 35771.0 | 0.821 | 7022.0   | 7388.0 | 0         | 11   | 27.5     | 503.0    | 69.0 
기하 중계 규칙 (무학습)                   | 48.6      | 5.54  | 0.88 | 7.65    | 0.0  | 0.587    | 826.0 | 7615.0  | 0.299 | 960.0    | 2241.0 | 0         | 33   | 82.5     | 596.0    | 118.0
기하 중계 규칙 + 교착 탈출 (무학습)           | 49.98     | 0.16  | 0.02 | 7.85    | 0.0  | 0.563    | 845.0 | 1357.0  | 0.192 | 13.0     | 841.0  | 0         | 39   | 97.5     | 606.0    | 114.0
규칙상위 + 직진 (중계1대 고정)              | 39.45     | 10.68 | 1.69 | 5.47    | 0.97 | 0.562    | 730.0 | 30520.0 | 0.713 | 6507.0   | 6938.0 | 0         | 13   | 32.5     | 578.0    | 97.0 
규칙상위 + 직진 (중계2대 고정)              | 44.3      | 10.4  | 1.64 | 7.45    | 1.93 | 0.522    | 787.0 | 13268.0 | 0.367 | 2651.0   | 3654.0 | 0         | 27   | 67.5     | 599.0    | 57.0 
학습상위 + 직진하위 (v5_26_09_26_17_L1a) | 50.0      | 0.0   | 0.0  | 8.0     | 0.0  | 0.543    | 847.0 | 434.0   | 0.165 | 11.0     | 567.0  | 0         | 40   | 100.0    | 567.0    | 116.0
학습상위 + 직진하위 (v5_26_09_26_17_L1b) | 50.0      | 0.0   | 0.0  | 7.72    | 0.0  | 0.537    | 848.0 | 585.0   | 0.215 | 14.0     | 581.0  | 0         | 40   | 100.0    | 581.0    | 127.0
학습상위 + 직진하위 (v5_26_09_23_18_SWa) | 50.0      | 0.0   | 0.0  | 8.03    | 0.0  | 0.543    | 847.0 | 517.0   | 0.202 | 10.0     | 563.0  | 0         | 40   | 100.0    | 563.0    | 123.0

저장: /home/kopt/drone/figures/eval_v5lean_d5_ar_26_09_26_17.csv
[2026-09-27 09:31:28] === 평가 d5 (간소 L2) ===
pygame 2.6.1 (SDL 2.28.4, Python 3.10.19)
  규칙상위 + 직진하위 (= greedy): 37.3/50
  기하 중계 규칙 (무학습): 47.92/50
  기하 중계 규칙 + 교착 탈출 (무학습): 49.7/50
  규칙상위 + 직진 (중계1대 고정): 39.75/50
  규칙상위 + 직진 (중계2대 고정): 44.85/50
  학습상위 + 직진하위 (v5_26_09_26_17_L2a): 50.0/50
  학습상위 + 직진하위 (v5_26_09_26_17_L2b): 50.0/50

홀드아웃 40개 × 1회 = 롤아웃 40개 (시드 701~740), 반경 300, 드론 5 목적지 50 CC=무작위

method                           | delivered | sd    | se   | reloads | idle | hop2plus | reach | blocked | stall | maxstall | steps  | comm_loss | full | full_pct | makespan | mk_sd
-----------------------------------------------------------------------------------------------------------------------------------------------------------------------------------------
규칙상위 + 직진하위 (= greedy)           | 37.3      | 10.18 | 1.61 | 4.88    | 0.0  | 0.634    | 706.0 | 35742.0 | 0.818 | 7008.0   | 7385.0 | 0         | 11   | 27.5     | 490.0    | 48.0 
기하 중계 규칙 (무학습)                   | 47.92     | 6.15  | 0.97 | 7.25    | 0.0  | 0.594    | 809.0 | 9011.0  | 0.308 | 1438.0   | 2459.0 | 0         | 32   | 80.0     | 574.0    | 91.0 
기하 중계 규칙 + 교착 탈출 (무학습)           | 49.7      | 1.72  | 0.27 | 7.78    | 0.0  | 0.574    | 844.0 | 2264.0  | 0.207 | 15.0     | 1074.0 | 0         | 38   | 95.0     | 605.0    | 101.0
규칙상위 + 직진 (중계1대 고정)              | 39.75     | 10.3  | 1.63 | 5.6     | 0.95 | 0.576    | 740.0 | 31352.0 | 0.715 | 6728.0   | 7162.0 | 0         | 12   | 30.0     | 540.0    | 85.0 
규칙상위 + 직진 (중계2대 고정)              | 44.85     | 10.0  | 1.58 | 7.55    | 1.95 | 0.525    | 796.0 | 12198.0 | 0.36  | 2176.0   | 3431.0 | 0         | 28   | 70.0     | 616.0    | 74.0 
학습상위 + 직진하위 (v5_26_09_26_17_L2a) | 50.0      | 0.0   | 0.0  | 7.9     | 0.0  | 0.552    | 847.0 | 755.0   | 0.236 | 24.0     | 655.0  | 0         | 40   | 100.0    | 655.0    | 177.0
학습상위 + 직진하위 (v5_26_09_26_17_L2b) | 50.0      | 0.0   | 0.0  | 7.8     | 0.0  | 0.549    | 847.0 | 503.0   | 0.19  | 13.0     | 582.0  | 0         | 40   | 100.0    | 582.0    | 98.0 

저장: /home/kopt/drone/figures/eval_v5lean_d5_pl_26_09_26_17.csv
[2026-09-27 09:50:12] === 완료 ===
