[2026-09-23 18:12:03] === 사이클 11 학습 시작 (W31 x2, SW x2) ===
[2026-09-23 18:12:31] === 종료 대기 (최대 20시간) ===
[2026-09-24 13:33:37] 학습 종료
[2026-09-24 13:33:37] === 평가 (a): 표준 4/50, 60시드x2 ===
pygame 2.6.1 (SDL 2.28.4, Python 3.10.19)
  규칙상위 + 직진하위 (= greedy): 22.93/50
  기하 중계 규칙 (무학습): 46.18/50
  기하 중계 규칙 + 교착 탈출 (무학습): 49.68/50
  규칙상위 + 직진 (중계1대 고정): 25.13/50
  규칙상위 + 직진 (중계2대 고정): 35.83/50
  학습상위 + 직진하위 (v5_26_09_23_18_W31a): 50.0/50
  학습상위 + 직진하위 (v5_26_09_23_18_W31b): 50.0/50
  학습상위 + 직진하위 (v5_26_09_23_18_SWa): 50.0/50
  학습상위 + 직진하위 (v5_26_09_23_18_SWb): 49.99/50
  학습상위 + 직진하위 (v5_26_09_23_00_D3b): 50.0/50
  학습상위 + 직진하위 (v5_26_09_22_05_D34a): 49.97/50

홀드아웃 60개 × 2회 = 롤아웃 120개 (시드 101~160), 반경 300, 드론 4 목적지 50 CC=고정

method                            | delivered | sd   | se   | reloads | idle | hop2plus | reach | blocked | stall | maxstall | steps   | comm_loss | full | full_pct | makespan | mk_sd
------------------------------------------------------------------------------------------------------------------------------------------------------------------------------------------
규칙상위 + 직진하위 (= greedy)            | 22.93     | 8.58 | 0.78 | 2.08    | 0.0  | 0.661    | 654.0 | 39343.0 | 0.99  | 9746.0   | 10000.0 | 0         | 0    | 0.0      | -        | -    
기하 중계 규칙 (무학습)                    | 46.18     | 7.03 | 0.64 | 6.33    | 0.0  | 0.647    | 902.0 | 11592.0 | 0.382 | 3073.0   | 3957.0  | 0         | 79   | 65.8     | 821.0    | 76.0 
기하 중계 규칙 + 교착 탈출 (무학습)            | 49.68     | 2.43 | 0.22 | 6.92    | 0.0  | 0.616    | 930.0 | 1040.0  | 0.179 | 36.0     | 1083.0  | 0         | 118  | 98.3     | 932.0    | 207.0
규칙상위 + 직진 (중계1대 고정)               | 25.13     | 8.2  | 0.75 | 3.3     | 1.0  | 0.602    | 681.0 | 36155.0 | 0.911 | 9677.0   | 10000.0 | 0         | 0    | 0.0      | -        | -    
규칙상위 + 직진 (중계2대 고정)               | 35.83     | 9.92 | 0.91 | 6.0     | 1.99 | 0.696    | 796.0 | 27077.0 | 0.723 | 4355.0   | 9623.0  | 0         | 5    | 4.2      | 948.0    | 33.0 
학습상위 + 직진하위 (v5_26_09_23_18_W31a) | 50.0      | 0.0  | 0.0  | 7.74    | 0.0  | 0.616    | 933.0 | 1546.0  | 0.351 | 132.0    | 1050.0  | 0         | 120  | 100.0    | 1050.0   | 524.0
학습상위 + 직진하위 (v5_26_09_23_18_W31b) | 50.0      | 0.0  | 0.0  | 7.95    | 0.0  | 0.608    | 934.0 | 1047.0  | 0.276 | 83.0     | 944.0   | 0         | 120  | 100.0    | 944.0    | 321.0
학습상위 + 직진하위 (v5_26_09_23_18_SWa)  | 50.0      | 0.0  | 0.0  | 7.75    | 0.0  | 0.621    | 933.0 | 1023.0  | 0.303 | 43.0     | 901.0   | 0         | 120  | 100.0    | 901.0    | 157.0
학습상위 + 직진하위 (v5_26_09_23_18_SWb)  | 49.99     | 0.09 | 0.01 | 8.01    | 0.0  | 0.62     | 933.0 | 1652.0  | 0.305 | 220.0    | 1093.0  | 0         | 119  | 99.2     | 1018.0   | 763.0
학습상위 + 직진하위 (v5_26_09_23_00_D3b)  | 50.0      | 0.0  | 0.0  | 7.92    | 0.0  | 0.588    | 933.0 | 748.0   | 0.216 | 22.0     | 934.0   | 0         | 120  | 100.0    | 934.0    | 121.0
학습상위 + 직진하위 (v5_26_09_22_05_D34a) | 49.97     | 0.26 | 0.02 | 7.87    | 0.0  | 0.607    | 934.0 | 1711.0  | 0.297 | 229.0    | 1101.0  | 0         | 118  | 98.3     | 950.0    | 368.0

저장: /home/kopt/drone/figures/eval_v5w3_std_26_09_23_18.csv
[2026-09-24 14:48:18] === 평가: 드론 3, 목적지 30, CC 무작위, 40시드 ===
pygame 2.6.1 (SDL 2.28.4, Python 3.10.19)
  규칙상위 + 직진하위 (= greedy): 14.2/50
  기하 중계 규칙 (무학습): 29.62/50
  기하 중계 규칙 + 교착 탈출 (무학습): 30.0/50
  규칙상위 + 직진 (중계1대 고정): 16.43/50
  규칙상위 + 직진 (중계2대 고정): 23.73/50
  학습상위 + 직진하위 (v5_26_09_23_18_W31a): 29.88/50
  학습상위 + 직진하위 (v5_26_09_23_18_W31b): 30.0/50
  학습상위 + 직진하위 (v5_26_09_23_18_SWa): 30.0/50
  학습상위 + 직진하위 (v5_26_09_23_18_SWb): 30.0/50
  학습상위 + 직진하위 (v5_26_09_23_00_D3b): 30.0/50
  학습상위 + 직진하위 (v5_26_09_22_05_D34a): 30.0/50

홀드아웃 40개 × 1회 = 롤아웃 40개 (시드 501~540), 반경 300, 드론 3 목적지 30 CC=무작위

method                            | delivered | sd   | se   | reloads | idle | hop2plus | reach | blocked | stall | maxstall | steps   | comm_loss | full | full_pct | makespan | mk_sd
------------------------------------------------------------------------------------------------------------------------------------------------------------------------------------------
규칙상위 + 직진하위 (= greedy)            | 14.2      | 5.98 | 0.95 | 1.2     | 0.0  | 0.579    | 545.0 | 29600.0 | 0.992 | 9839.0   | 10000.0 | 0         | 0    | 0.0      | -        | -    
기하 중계 규칙 (무학습)                    | 29.62     | 1.73 | 0.27 | 3.55    | 0.0  | 0.467    | 740.0 | 1078.0  | 0.098 | 504.0    | 1055.0  | 0         | 38   | 95.0     | 585.0    | 108.0
기하 중계 규칙 + 교착 탈출 (무학습)            | 30.0      | 0.0  | 0.0  | 3.5     | 0.0  | 0.466    | 751.0 | 161.0   | 0.083 | 41.0     | 609.0   | 0         | 40   | 100.0    | 609.0    | 172.0
규칙상위 + 직진 (중계1대 고정)               | 16.43     | 6.63 | 1.05 | 2.1     | 1.0  | 0.55     | 568.0 | 25704.0 | 0.864 | 9516.0   | 9760.0  | 0         | 1    | 2.5      | 386.0    | 0.0  
규칙상위 + 직진 (중계2대 고정)               | 23.73     | 7.59 | 1.2  | 4.12    | 2.0  | 0.437    | 696.0 | 6928.0  | 0.356 | 4536.0   | 5209.0  | 0         | 21   | 52.5     | 875.0    | 47.0 
학습상위 + 직진하위 (v5_26_09_23_18_W31a) | 29.88     | 0.78 | 0.12 | 4.35    | 0.0  | 0.488    | 751.0 | 1596.0  | 0.323 | 397.0    | 1050.0  | 0         | 39   | 97.5     | 821.0    | 579.0
학습상위 + 직진하위 (v5_26_09_23_18_W31b) | 30.0      | 0.0  | 0.0  | 4.58    | 0.0  | 0.481    | 749.0 | 496.0   | 0.252 | 76.0     | 661.0   | 0         | 40   | 100.0    | 661.0    | 177.0
학습상위 + 직진하위 (v5_26_09_23_18_SWa)  | 30.0      | 0.0  | 0.0  | 4.4     | 0.0  | 0.489    | 750.0 | 443.0   | 0.252 | 45.0     | 617.0   | 0         | 40   | 100.0    | 617.0    | 124.0
학습상위 + 직진하위 (v5_26_09_23_18_SWb)  | 30.0      | 0.0  | 0.0  | 4.58    | 0.0  | 0.503    | 749.0 | 1006.0  | 0.351 | 208.0    | 806.0   | 0         | 40   | 100.0    | 806.0    | 451.0
학습상위 + 직진하위 (v5_26_09_23_00_D3b)  | 30.0      | 0.0  | 0.0  | 4.45    | 0.0  | 0.468    | 749.0 | 406.0   | 0.2   | 50.0     | 686.0   | 0         | 40   | 100.0    | 686.0    | 182.0
학습상위 + 직진하위 (v5_26_09_22_05_D34a) | 30.0      | 0.0  | 0.0  | 4.62    | 0.0  | 0.49     | 750.0 | 560.0   | 0.276 | 82.0     | 672.0   | 0         | 40   | 100.0    | 672.0    | 214.0

저장: /home/kopt/drone/figures/eval_v5w3_d3_26_09_23_18.csv
[2026-09-24 15:00:19] === 평가: 드론 5, 목적지 50, CC 무작위, 40시드 ===
pygame 2.6.1 (SDL 2.28.4, Python 3.10.19)
  규칙상위 + 직진하위 (= greedy): 37.12/50
  기하 중계 규칙 (무학습): 48.73/50
  기하 중계 규칙 + 교착 탈출 (무학습): 49.98/50
  규칙상위 + 직진 (중계1대 고정): 39.92/50
  규칙상위 + 직진 (중계2대 고정): 45.17/50
  학습상위 + 직진하위 (v5_26_09_23_18_W31a): 50.0/50
  학습상위 + 직진하위 (v5_26_09_23_18_W31b): 50.0/50
  학습상위 + 직진하위 (v5_26_09_23_18_SWa): 50.0/50
  학습상위 + 직진하위 (v5_26_09_23_18_SWb): 50.0/50
  학습상위 + 직진하위 (v5_26_09_23_00_D3b): 50.0/50
  학습상위 + 직진하위 (v5_26_09_22_05_D34a): 50.0/50

홀드아웃 40개 × 1회 = 롤아웃 40개 (시드 701~740), 반경 300, 드론 5 목적지 50 CC=무작위

method                            | delivered | sd    | se   | reloads | idle | hop2plus | reach | blocked | stall | maxstall | steps  | comm_loss | full | full_pct | makespan | mk_sd 
-------------------------------------------------------------------------------------------------------------------------------------------------------------------------------------------
규칙상위 + 직진하위 (= greedy)            | 37.12     | 9.82  | 1.55 | 4.78    | 0.0  | 0.646    | 706.0 | 36997.0 | 0.839 | 7272.0   | 7633.0 | 0         | 10   | 25.0     | 531.0    | 111.0 
기하 중계 규칙 (무학습)                    | 48.73     | 5.52  | 0.87 | 7.38    | 0.0  | 0.574    | 829.0 | 5658.0  | 0.262 | 730.0    | 1770.0 | 0         | 35   | 87.5     | 595.0    | 93.0  
기하 중계 규칙 + 교착 탈출 (무학습)            | 49.98     | 0.16  | 0.02 | 7.88    | 0.0  | 0.565    | 844.0 | 1664.0  | 0.222 | 36.0     | 917.0  | 0         | 39   | 97.5     | 684.0    | 359.0 
규칙상위 + 직진 (중계1대 고정)               | 39.92     | 10.99 | 1.74 | 5.65    | 0.97 | 0.559    | 742.0 | 27666.0 | 0.663 | 6026.0   | 6454.0 | 0         | 15   | 37.5     | 543.0    | 86.0  
규칙상위 + 직진 (중계2대 고정)               | 45.17     | 9.96  | 1.58 | 7.62    | 1.95 | 0.523    | 793.0 | 12119.0 | 0.355 | 2175.0   | 3433.0 | 0         | 28   | 70.0     | 619.0    | 83.0  
학습상위 + 직진하위 (v5_26_09_23_18_W31a) | 50.0      | 0.0   | 0.0  | 7.67    | 0.0  | 0.543    | 847.0 | 799.0   | 0.253 | 31.0     | 622.0  | 0         | 40   | 100.0    | 622.0    | 193.0 
학습상위 + 직진하위 (v5_26_09_23_18_W31b) | 50.0      | 0.0   | 0.0  | 7.72    | 0.0  | 0.547    | 848.0 | 727.0   | 0.244 | 33.0     | 599.0  | 0         | 40   | 100.0    | 599.0    | 209.0 
학습상위 + 직진하위 (v5_26_09_23_18_SWa)  | 50.0      | 0.0   | 0.0  | 7.85    | 0.0  | 0.556    | 846.0 | 807.0   | 0.216 | 14.0     | 632.0  | 0         | 40   | 100.0    | 632.0    | 535.0 
학습상위 + 직진하위 (v5_26_09_23_18_SWb)  | 50.0      | 0.0   | 0.0  | 7.97    | 0.0  | 0.551    | 848.0 | 661.0   | 0.243 | 14.0     | 594.0  | 0         | 40   | 100.0    | 594.0    | 119.0 
학습상위 + 직진하위 (v5_26_09_23_00_D3b)  | 50.0      | 0.0   | 0.0  | 7.8     | 0.0  | 0.509    | 847.0 | 605.0   | 0.17  | 22.0     | 667.0  | 0         | 40   | 100.0    | 667.0    | 200.0 
학습상위 + 직진하위 (v5_26_09_22_05_D34a) | 50.0      | 0.0   | 0.0  | 8.03    | 0.0  | 0.539    | 847.0 | 1319.0  | 0.211 | 176.0    | 726.0  | 0         | 40   | 100.0    | 726.0    | 1083.0

저장: /home/kopt/drone/figures/eval_v5w3_d5_26_09_23_18.csv
[2026-09-24 15:20:27] === 완료 ===
