[2026-10-02 11:49:31] === 사이클 19 학습 시작 (NR1 NR2 SR1 SR2) ===
[2026-10-02 11:50:05] === 종료 대기 (최대 30시간) ===
[2026-10-03 00:33:24] 학습 종료
[2026-10-03 00:33:24] === 쌍별 d3 NR1 (--ar-near) ===
pygame 2.6.1 (SDL 2.28.4, Python 3.10.19)

롤아웃 200개 (시드 501~540 x 5회, 드론 3 목적지 30)
완주: 규칙+탈출 200 · 학습 200 · 둘 다 200

[편향된 비교] 각자 완주한 것만 평균
  규칙+탈출 608   학습 750   차이 +142

[쌍별 비교] 둘 다 완주한 200개
  규칙+탈출 608   학습 750   쌍별 차이 +142 (중앙값 +46)
  학습이 빠른 경우 69 · 느린 경우 131 · 동점 0
  윌콕슨 부호순위 p=0.0000

저장: /home/kopt/drone/figures/paired_d3_NR1_v5_26_10_02_12.csv
[2026-10-03 00:35:30] === 쌍별 d5 NR1 (--ar-near) ===
pygame 2.6.1 (SDL 2.28.4, Python 3.10.19)

롤아웃 200개 (시드 701~740 x 5회, 드론 5 목적지 50)
완주: 규칙+탈출 191 · 학습 200 · 둘 다 191

[편향된 비교] 각자 완주한 것만 평균
  규칙+탈출 616   학습 587   차이 -30

[쌍별 비교] 둘 다 완주한 191개
  규칙+탈출 616   학습 583   쌍별 차이 -34 (중앙값 -43)
  학습이 빠른 경우 135 · 느린 경우 55 · 동점 1
  윌콕슨 부호순위 p=0.0000

규칙만 실패한 9개에서 학습의 makespan: 667 (범위 496-1272)

저장: /home/kopt/drone/figures/paired_d5_NR1_v5_26_10_02_12.csv
[2026-10-03 00:40:49] === 쌍별 std NR1 (--ar-near) ===
pygame 2.6.1 (SDL 2.28.4, Python 3.10.19)

롤아웃 120개 (시드 101~160 x 2회, 드론 4 목적지 50)
완주: 규칙+탈출 118 · 학습 120 · 둘 다 118

[편향된 비교] 각자 완주한 것만 평균
  규칙+탈출 915   학습 950   차이 +35

[쌍별 비교] 둘 다 완주한 118개
  규칙+탈출 915   학습 951   쌍별 차이 +36 (중앙값 +4)
  학습이 빠른 경우 58 · 느린 경우 59 · 동점 1
  윌콕슨 부호순위 p=0.5505

규칙만 실패한 2개에서 학습의 makespan: 864 (범위 792-936)

저장: /home/kopt/drone/figures/paired_std_NR1_v5_26_10_02_12.csv
[2026-10-03 00:43:35] === 쌍별 d3m20 NR1 (--ar-near) ===
pygame 2.6.1 (SDL 2.28.4, Python 3.10.19)

롤아웃 80개 (시드 901~940 x 2회, 드론 3 목적지 20)
완주: 규칙+탈출 80 · 학습 80 · 둘 다 80

[편향된 비교] 각자 완주한 것만 평균
  규칙+탈출 379   학습 565   차이 +186

[쌍별 비교] 둘 다 완주한 80개
  규칙+탈출 379   학습 565   쌍별 차이 +186 (중앙값 +50)
  학습이 빠른 경우 21 · 느린 경우 59 · 동점 0
  윌콕슨 부호순위 p=0.0000

저장: /home/kopt/drone/figures/paired_d3m20_NR1_v5_26_10_02_12.csv
[2026-10-03 00:44:11] === 쌍별 d3 NR2 (--ar-near) ===
pygame 2.6.1 (SDL 2.28.4, Python 3.10.19)

롤아웃 200개 (시드 501~540 x 5회, 드론 3 목적지 30)
완주: 규칙+탈출 200 · 학습 200 · 둘 다 200

[편향된 비교] 각자 완주한 것만 평균
  규칙+탈출 609   학습 777   차이 +168

[쌍별 비교] 둘 다 완주한 200개
  규칙+탈출 609   학습 777   쌍별 차이 +168 (중앙값 +100)
  학습이 빠른 경우 48 · 느린 경우 151 · 동점 1
  윌콕슨 부호순위 p=0.0000

저장: /home/kopt/drone/figures/paired_d3_NR2_v5_26_10_02_12.csv
[2026-10-03 00:46:18] === 쌍별 d5 NR2 (--ar-near) ===
pygame 2.6.1 (SDL 2.28.4, Python 3.10.19)

롤아웃 200개 (시드 701~740 x 5회, 드론 5 목적지 50)
완주: 규칙+탈출 192 · 학습 200 · 둘 다 192

[편향된 비교] 각자 완주한 것만 평균
  규칙+탈출 611   학습 586   차이 -25

[쌍별 비교] 둘 다 완주한 192개
  규칙+탈출 611   학습 583   쌍별 차이 -28 (중앙값 -38)
  학습이 빠른 경우 126 · 느린 경우 65 · 동점 1
  윌콕슨 부호순위 p=0.0000

규칙만 실패한 8개에서 학습의 makespan: 659 (범위 553-829)

저장: /home/kopt/drone/figures/paired_d5_NR2_v5_26_10_02_12.csv
[2026-10-03 00:51:16] === 쌍별 std NR2 (--ar-near) ===
pygame 2.6.1 (SDL 2.28.4, Python 3.10.19)

롤아웃 120개 (시드 101~160 x 2회, 드론 4 목적지 50)
완주: 규칙+탈출 118 · 학습 120 · 둘 다 118

[편향된 비교] 각자 완주한 것만 평균
  규칙+탈출 912   학습 989   차이 +77

[쌍별 비교] 둘 다 완주한 118개
  규칙+탈출 912   학습 989   쌍별 차이 +77 (중앙값 +106)
  학습이 빠른 경우 32 · 느린 경우 86 · 동점 0
  윌콕슨 부호순위 p=0.0000

규칙만 실패한 2개에서 학습의 makespan: 955 (범위 817-1093)

저장: /home/kopt/drone/figures/paired_std_NR2_v5_26_10_02_12.csv
[2026-10-03 00:53:59] === 쌍별 d3m20 NR2 (--ar-near) ===
pygame 2.6.1 (SDL 2.28.4, Python 3.10.19)

롤아웃 80개 (시드 901~940 x 2회, 드론 3 목적지 20)
완주: 규칙+탈출 80 · 학습 80 · 둘 다 80

[편향된 비교] 각자 완주한 것만 평균
  규칙+탈출 379   학습 486   차이 +108

[쌍별 비교] 둘 다 완주한 80개
  규칙+탈출 379   학습 486   쌍별 차이 +108 (중앙값 +77)
  학습이 빠른 경우 12 · 느린 경우 68 · 동점 0
  윌콕슨 부호순위 p=0.0000

저장: /home/kopt/drone/figures/paired_d3m20_NR2_v5_26_10_02_12.csv
[2026-10-03 00:54:30] === 쌍별 d3 SR1 (--stall-redecide 60) ===
pygame 2.6.1 (SDL 2.28.4, Python 3.10.19)

롤아웃 200개 (시드 501~540 x 5회, 드론 3 목적지 30)
완주: 규칙+탈출 200 · 학습 200 · 둘 다 200

[편향된 비교] 각자 완주한 것만 평균
  규칙+탈출 609   학습 725   차이 +116

[쌍별 비교] 둘 다 완주한 200개
  규칙+탈출 609   학습 725   쌍별 차이 +116 (중앙값 +82)
  학습이 빠른 경우 54 · 느린 경우 146 · 동점 0
  윌콕슨 부호순위 p=0.0000

저장: /home/kopt/drone/figures/paired_d3_SR1_v5_26_10_02_12.csv
[2026-10-03 00:56:29] === 쌍별 d5 SR1 (--stall-redecide 60) ===
pygame 2.6.1 (SDL 2.28.4, Python 3.10.19)

롤아웃 200개 (시드 701~740 x 5회, 드론 5 목적지 50)
완주: 규칙+탈출 192 · 학습 200 · 둘 다 192

[편향된 비교] 각자 완주한 것만 평균
  규칙+탈출 623   학습 592   차이 -31

[쌍별 비교] 둘 다 완주한 192개
  규칙+탈출 623   학습 593   쌍별 차이 -30 (중앙값 -38)
  학습이 빠른 경우 119 · 느린 경우 73 · 동점 0
  윌콕슨 부호순위 p=0.0011

규칙만 실패한 8개에서 학습의 makespan: 573 (범위 447-775)

저장: /home/kopt/drone/figures/paired_d5_SR1_v5_26_10_02_12.csv
[2026-10-03 01:01:36] === 쌍별 std SR1 (--stall-redecide 60) ===
pygame 2.6.1 (SDL 2.28.4, Python 3.10.19)

롤아웃 120개 (시드 101~160 x 2회, 드론 4 목적지 50)
완주: 규칙+탈출 118 · 학습 120 · 둘 다 118

[편향된 비교] 각자 완주한 것만 평균
  규칙+탈출 930   학습 914   차이 -17

[쌍별 비교] 둘 다 완주한 118개
  규칙+탈출 930   학습 915   쌍별 차이 -15 (중앙값 +17)
  학습이 빠른 경우 52 · 느린 경우 65 · 동점 1
  윌콕슨 부호순위 p=0.4083

규칙만 실패한 2개에서 학습의 makespan: 842 (범위 788-895)

저장: /home/kopt/drone/figures/paired_std_SR1_v5_26_10_02_12.csv
[2026-10-03 01:04:16] === 쌍별 d3m20 SR1 (--stall-redecide 60) ===
pygame 2.6.1 (SDL 2.28.4, Python 3.10.19)

롤아웃 80개 (시드 901~940 x 2회, 드론 3 목적지 20)
완주: 규칙+탈출 80 · 학습 80 · 둘 다 80

[편향된 비교] 각자 완주한 것만 평균
  규칙+탈출 380   학습 460   차이 +80

[쌍별 비교] 둘 다 완주한 80개
  규칙+탈출 380   학습 460   쌍별 차이 +80 (중앙값 +44)
  학습이 빠른 경우 16 · 느린 경우 64 · 동점 0
  윌콕슨 부호순위 p=0.0000

저장: /home/kopt/drone/figures/paired_d3m20_SR1_v5_26_10_02_12.csv
[2026-10-03 01:04:45] === 쌍별 d3 SR2 (--stall-redecide 60) ===
pygame 2.6.1 (SDL 2.28.4, Python 3.10.19)

롤아웃 200개 (시드 501~540 x 5회, 드론 3 목적지 30)
완주: 규칙+탈출 200 · 학습 200 · 둘 다 200

[편향된 비교] 각자 완주한 것만 평균
  규칙+탈출 607   학습 776   차이 +169

[쌍별 비교] 둘 다 완주한 200개
  규칙+탈출 607   학습 776   쌍별 차이 +169 (중앙값 +95)
  학습이 빠른 경우 52 · 느린 경우 148 · 동점 0
  윌콕슨 부호순위 p=0.0000

저장: /home/kopt/drone/figures/paired_d3_SR2_v5_26_10_02_12.csv
[2026-10-03 01:06:52] === 쌍별 d5 SR2 (--stall-redecide 60) ===
pygame 2.6.1 (SDL 2.28.4, Python 3.10.19)

롤아웃 200개 (시드 701~740 x 5회, 드론 5 목적지 50)
완주: 규칙+탈출 194 · 학습 200 · 둘 다 194

[편향된 비교] 각자 완주한 것만 평균
  규칙+탈출 622   학습 593   차이 -29

[쌍별 비교] 둘 다 완주한 194개
  규칙+탈출 622   학습 593   쌍별 차이 -28 (중앙값 -34)
  학습이 빠른 경우 132 · 느린 경우 61 · 동점 1
  윌콕슨 부호순위 p=0.0000

규칙만 실패한 6개에서 학습의 makespan: 573 (범위 467-701)

저장: /home/kopt/drone/figures/paired_d5_SR2_v5_26_10_02_12.csv
[2026-10-03 01:11:36] === 쌍별 std SR2 (--stall-redecide 60) ===
pygame 2.6.1 (SDL 2.28.4, Python 3.10.19)

롤아웃 120개 (시드 101~160 x 2회, 드론 4 목적지 50)
완주: 규칙+탈출 117 · 학습 120 · 둘 다 117

[편향된 비교] 각자 완주한 것만 평균
  규칙+탈출 915   학습 1029   차이 +114

[쌍별 비교] 둘 다 완주한 117개
  규칙+탈출 915   학습 1033   쌍별 차이 +118 (중앙값 +55)
  학습이 빠른 경우 48 · 느린 경우 69 · 동점 0
  윌콕슨 부호순위 p=0.1826

규칙만 실패한 3개에서 학습의 makespan: 884 (범위 845-905)

저장: /home/kopt/drone/figures/paired_std_SR2_v5_26_10_02_12.csv
[2026-10-03 01:14:41] === 쌍별 d3m20 SR2 (--stall-redecide 60) ===
pygame 2.6.1 (SDL 2.28.4, Python 3.10.19)

롤아웃 80개 (시드 901~940 x 2회, 드론 3 목적지 20)
완주: 규칙+탈출 80 · 학습 80 · 둘 다 80

[편향된 비교] 각자 완주한 것만 평균
  규칙+탈출 380   학습 563   차이 +183

[쌍별 비교] 둘 다 완주한 80개
  규칙+탈출 380   학습 563   쌍별 차이 +183 (중앙값 +59)
  학습이 빠른 경우 17 · 느린 경우 63 · 동점 0
  윌콕슨 부호순위 p=0.0000

저장: /home/kopt/drone/figures/paired_d3m20_SR2_v5_26_10_02_12.csv
[2026-10-03 01:15:17] === 완료 ===
