[2026-09-21 11:28:22] === 사이클 8 학습 시작 (L015 x2, ANN x2) ===
[2026-09-21 11:28:50] === 종료 대기 (최대 20시간) ===
[2026-09-22 03:49:05] 학습 종료
[2026-09-22 03:49:05] === 평가 (a): 표준 4/50, 60시드x2 ===
pygame 2.6.1 (SDL 2.28.4, Python 3.10.19)
  규칙상위 + 직진하위 (= greedy): 22.75/50
  기하 중계 규칙 (무학습): 46.51/50
  기하 중계 규칙 + 교착 탈출 (무학습): 49.82/50
  규칙상위 + 직진 (중계1대 고정): 24.98/50
  규칙상위 + 직진 (중계2대 고정): 35.88/50
  학습상위 + 직진하위 (v5_26_09_21_11_L015a): 49.99/50
  학습상위 + 직진하위 (v5_26_09_21_11_L015b): 50.0/50
  학습상위 + 직진하위 (v5_26_09_21_11_ANNa): 50.0/50
  학습상위 + 직진하위 (v5_26_09_21_11_ANNb): 50.0/50
  학습상위 + 직진하위 (v5_26_09_19_12_E03b): 50.0/50

홀드아웃 60개 × 2회 = 롤아웃 120개 (시드 101~160), 반경 300, 드론 4 목적지 50 CC=고정

method                             | delivered | sd   | se   | reloads | idle | hop2plus | reach | blocked | stall | maxstall | steps   | comm_loss | full | full_pct | makespan | mk_sd
-------------------------------------------------------------------------------------------------------------------------------------------------------------------------------------------
규칙상위 + 직진하위 (= greedy)             | 22.75     | 8.48 | 0.77 | 2.03    | 0.0  | 0.661    | 648.0 | 39353.0 | 0.99  | 9754.0   | 10000.0 | 0         | 0    | 0.0      | -        | -    
기하 중계 규칙 (무학습)                     | 46.51     | 7.64 | 0.7  | 6.38    | 0.0  | 0.636    | 906.0 | 9482.0  | 0.343 | 2454.0   | 3355.0  | 0         | 87   | 72.5     | 835.0    | 140.0
기하 중계 규칙 + 교착 탈출 (무학습)             | 49.82     | 1.75 | 0.16 | 6.94    | 0.0  | 0.614    | 930.0 | 1045.0  | 0.186 | 49.0     | 1052.0  | 0         | 118  | 98.3     | 900.0    | 168.0
규칙상위 + 직진 (중계1대 고정)                | 24.98     | 8.22 | 0.75 | 3.22    | 1.0  | 0.608    | 684.0 | 36116.0 | 0.91  | 9683.0   | 10000.0 | 0         | 0    | 0.0      | -        | -    
규칙상위 + 직진 (중계2대 고정)                | 35.88     | 9.97 | 0.91 | 6.01    | 2.0  | 0.698    | 797.0 | 27443.0 | 0.729 | 4433.0   | 9773.0  | 0         | 3    | 2.5      | 920.0    | 3.0  
학습상위 + 직진하위 (v5_26_09_21_11_L015a) | 49.99     | 0.09 | 0.01 | 8.03    | 0.0  | 0.607    | 933.0 | 2368.0  | 0.373 | 306.0    | 1281.0  | 0         | 119  | 99.2     | 1208.0   | 943.0
학습상위 + 직진하위 (v5_26_09_21_11_L015b) | 50.0      | 0.0  | 0.0  | 7.91    | 0.0  | 0.637    | 933.0 | 1576.0  | 0.38  | 99.0     | 1070.0  | 0         | 120  | 100.0    | 1070.0   | 299.0
학습상위 + 직진하위 (v5_26_09_21_11_ANNa)  | 50.0      | 0.0  | 0.0  | 7.88    | 0.0  | 0.635    | 933.0 | 1528.0  | 0.417 | 57.0     | 987.0   | 0         | 120  | 100.0    | 987.0    | 177.0
학습상위 + 직진하위 (v5_26_09_21_11_ANNb)  | 50.0      | 0.0  | 0.0  | 8.31    | 0.0  | 0.619    | 933.0 | 1545.0  | 0.392 | 72.0     | 1041.0  | 0         | 120  | 100.0    | 1041.0   | 230.0
학습상위 + 직진하위 (v5_26_09_19_12_E03b)  | 50.0      | 0.0  | 0.0  | 8.03    | 0.0  | 0.627    | 933.0 | 1351.0  | 0.353 | 81.0     | 984.0   | 0         | 120  | 100.0    | 984.0    | 334.0

저장: /home/kopt/drone/figures/eval_v5ent2_std_26_09_21_11.csv
[2026-09-22 05:02:31] === 평가: 드론 3, 목적지 30, CC 무작위, 40시드 ===
pygame 2.6.1 (SDL 2.28.4, Python 3.10.19)
  규칙상위 + 직진하위 (= greedy): 14.18/50
  기하 중계 규칙 (무학습): 29.62/50
  기하 중계 규칙 + 교착 탈출 (무학습): 30.0/50
  규칙상위 + 직진 (중계1대 고정): 16.2/50
  규칙상위 + 직진 (중계2대 고정): 23.73/50
  학습상위 + 직진하위 (v5_26_09_21_11_L015a): 30.0/50
  학습상위 + 직진하위 (v5_26_09_21_11_L015b): 30.0/50
  학습상위 + 직진하위 (v5_26_09_21_11_ANNa): 30.0/50
  학습상위 + 직진하위 (v5_26_09_21_11_ANNb): 30.0/50
  학습상위 + 직진하위 (v5_26_09_19_12_E03b): 30.0/50

홀드아웃 40개 × 1회 = 롤아웃 40개 (시드 501~540), 반경 300, 드론 3 목적지 30 CC=무작위

method                             | delivered | sd   | se   | reloads | idle | hop2plus | reach | blocked | stall | maxstall | steps   | comm_loss | full | full_pct | makespan | mk_sd
-------------------------------------------------------------------------------------------------------------------------------------------------------------------------------------------
규칙상위 + 직진하위 (= greedy)             | 14.18     | 5.93 | 0.94 | 1.23    | 0.0  | 0.571    | 546.0 | 29599.0 | 0.992 | 9837.0   | 10000.0 | 0         | 0    | 0.0      | -        | -    
기하 중계 규칙 (무학습)                     | 29.62     | 1.73 | 0.27 | 3.48    | 0.0  | 0.468    | 740.0 | 1076.0  | 0.096 | 504.0    | 1053.0  | 0         | 38   | 95.0     | 582.0    | 107.0
기하 중계 규칙 + 교착 탈출 (무학습)             | 30.0      | 0.0  | 0.0  | 3.5     | 0.0  | 0.467    | 751.0 | 162.0   | 0.083 | 41.0     | 611.0   | 0         | 40   | 100.0    | 611.0    | 171.0
규칙상위 + 직진 (중계1대 고정)                | 16.2      | 6.35 | 1.0  | 2.05    | 1.0  | 0.566    | 567.0 | 25721.0 | 0.864 | 9522.0   | 9760.0  | 0         | 1    | 2.5      | 386.0    | 0.0  
규칙상위 + 직진 (중계2대 고정)                | 23.73     | 7.59 | 1.2  | 4.12    | 2.0  | 0.437    | 696.0 | 7166.0  | 0.369 | 4536.0   | 5210.0  | 0         | 21   | 52.5     | 875.0    | 47.0 
학습상위 + 직진하위 (v5_26_09_21_11_L015a) | 30.0      | 0.0  | 0.0  | 4.4     | 0.0  | 0.489    | 749.0 | 972.0   | 0.385 | 117.0    | 842.0   | 0         | 40   | 100.0    | 842.0    | 304.0
학습상위 + 직진하위 (v5_26_09_21_11_L015b) | 30.0      | 0.0  | 0.0  | 4.35    | 0.0  | 0.512    | 748.0 | 946.0   | 0.361 | 124.0    | 818.0   | 0         | 40   | 100.0    | 818.0    | 402.0
학습상위 + 직진하위 (v5_26_09_21_11_ANNa)  | 30.0      | 0.0  | 0.0  | 4.65    | 0.0  | 0.523    | 749.0 | 1347.0  | 0.431 | 225.0    | 934.0   | 0         | 40   | 100.0    | 934.0    | 644.0
학습상위 + 직진하위 (v5_26_09_21_11_ANNb)  | 30.0      | 0.0  | 0.0  | 4.65    | 0.0  | 0.508    | 748.0 | 1104.0  | 0.415 | 159.0    | 892.0   | 0         | 40   | 100.0    | 892.0    | 353.0
학습상위 + 직진하위 (v5_26_09_19_12_E03b)  | 30.0      | 0.0  | 0.0  | 4.47    | 0.0  | 0.502    | 748.0 | 1037.0  | 0.36  | 195.0    | 836.0   | 0         | 40   | 100.0    | 836.0    | 773.0

저장: /home/kopt/drone/figures/eval_v5ent2_d3_26_09_21_11.csv
[2026-09-22 05:14:38] === 평가: 드론 5, 목적지 50, CC 무작위, 40시드 ===
pygame 2.6.1 (SDL 2.28.4, Python 3.10.19)
  규칙상위 + 직진하위 (= greedy): 37.02/50
  기하 중계 규칙 (무학습): 48.5/50
  기하 중계 규칙 + 교착 탈출 (무학습): 49.98/50
  규칙상위 + 직진 (중계1대 고정): 39.2/50
  규칙상위 + 직진 (중계2대 고정): 44.08/50
  학습상위 + 직진하위 (v5_26_09_21_11_L015a): 50.0/50
  학습상위 + 직진하위 (v5_26_09_21_11_L015b): 50.0/50
  학습상위 + 직진하위 (v5_26_09_21_11_ANNa): 50.0/50
  학습상위 + 직진하위 (v5_26_09_21_11_ANNb): 50.0/50
  학습상위 + 직진하위 (v5_26_09_19_12_E03b): 50.0/50

홀드아웃 40개 × 1회 = 롤아웃 40개 (시드 701~740), 반경 300, 드론 5 목적지 50 CC=무작위

method                             | delivered | sd    | se   | reloads | idle | hop2plus | reach | blocked | stall | maxstall | steps  | comm_loss | full | full_pct | makespan | mk_sd
-------------------------------------------------------------------------------------------------------------------------------------------------------------------------------------------
규칙상위 + 직진하위 (= greedy)             | 37.02     | 10.49 | 1.66 | 4.65    | 0.0  | 0.636    | 703.0 | 38133.0 | 0.844 | 7492.0   | 7858.0 | 0         | 9    | 22.5     | 482.0    | 56.0 
기하 중계 규칙 (무학습)                     | 48.5      | 5.91  | 0.93 | 7.58    | 0.0  | 0.58     | 828.0 | 5866.0  | 0.255 | 737.0    | 1767.0 | 0         | 35   | 87.5     | 591.0    | 95.0 
기하 중계 규칙 + 교착 탈출 (무학습)             | 49.98     | 0.16  | 0.02 | 7.83    | 0.0  | 0.568    | 844.0 | 1409.0  | 0.192 | 29.0     | 847.0  | 0         | 39   | 97.5     | 613.0    | 195.0
규칙상위 + 직진 (중계1대 고정)                | 39.2      | 10.49 | 1.66 | 5.4     | 1.0  | 0.579    | 734.0 | 30560.0 | 0.701 | 6510.0   | 6922.0 | 0         | 13   | 32.5     | 530.0    | 80.0 
규칙상위 + 직진 (중계2대 고정)                | 44.08     | 10.29 | 1.63 | 7.38    | 1.95 | 0.527    | 780.0 | 14862.0 | 0.393 | 2654.0   | 4122.0 | 0         | 25   | 62.5     | 595.0    | 58.0 
학습상위 + 직진하위 (v5_26_09_21_11_L015a) | 50.0      | 0.0   | 0.0  | 7.58    | 0.0  | 0.548    | 847.0 | 1191.0  | 0.311 | 22.0     | 727.0  | 0         | 40   | 100.0    | 727.0    | 519.0
학습상위 + 직진하위 (v5_26_09_21_11_L015b) | 50.0      | 0.0   | 0.0  | 8.05    | 0.0  | 0.574    | 846.0 | 958.0   | 0.295 | 29.0     | 677.0  | 0         | 40   | 100.0    | 677.0    | 179.0
학습상위 + 직진하위 (v5_26_09_21_11_ANNa)  | 50.0      | 0.0   | 0.0  | 7.8     | 0.0  | 0.57     | 845.0 | 742.0   | 0.275 | 15.0     | 589.0  | 0         | 40   | 100.0    | 589.0    | 120.0
학습상위 + 직진하위 (v5_26_09_21_11_ANNb)  | 50.0      | 0.0   | 0.0  | 7.6     | 0.0  | 0.561    | 846.0 | 788.0   | 0.27  | 18.0     | 606.0  | 0         | 40   | 100.0    | 606.0    | 162.0
학습상위 + 직진하위 (v5_26_09_19_12_E03b)  | 50.0      | 0.0   | 0.0  | 7.8     | 0.0  | 0.554    | 848.0 | 636.0   | 0.243 | 14.0     | 577.0  | 0         | 40   | 100.0    | 577.0    | 115.0

저장: /home/kopt/drone/figures/eval_v5ent2_d5_26_09_21_11.csv
[2026-09-22 05:35:39] === 완료 ===
