[2026-09-22 05:44:38] === 사이클 9 학습 시작 (FA x2, D34 x2) ===
[2026-09-22 05:45:06] === 종료 대기 (최대 20시간) ===
[2026-09-22 22:48:17] 학습 종료
[2026-09-22 22:48:17] === 평가 (a): 표준 4/50, 60시드x2 ===
pygame 2.6.1 (SDL 2.28.4, Python 3.10.19)
  규칙상위 + 직진하위 (= greedy): 22.86/50
  기하 중계 규칙 (무학습): 44.21/50
  기하 중계 규칙 + 교착 탈출 (무학습): 49.68/50
  규칙상위 + 직진 (중계1대 고정): 24.99/50
  규칙상위 + 직진 (중계2대 고정): 35.33/50
  학습상위 + 직진하위 (v5_26_09_22_05_FAa): 50.0/50
  학습상위 + 직진하위 (v5_26_09_22_05_FAb): 50.0/50
  학습상위 + 직진하위 (v5_26_09_22_05_D34a): 49.99/50
  학습상위 + 직진하위 (v5_26_09_22_05_D34b): 50.0/50
  학습상위 + 직진하위 (v5_26_09_21_11_ANNa): 50.0/50

홀드아웃 60개 × 2회 = 롤아웃 120개 (시드 101~160), 반경 300, 드론 4 목적지 50 CC=고정

method                            | delivered | sd   | se   | reloads | idle | hop2plus | reach | blocked | stall | maxstall | steps   | comm_loss | full | full_pct | makespan | mk_sd
------------------------------------------------------------------------------------------------------------------------------------------------------------------------------------------
규칙상위 + 직진하위 (= greedy)            | 22.86     | 8.59 | 0.78 | 2.04    | 0.0  | 0.651    | 647.0 | 39348.0 | 0.99  | 9749.0   | 10000.0 | 0         | 0    | 0.0      | -        | -    
기하 중계 규칙 (무학습)                    | 44.21     | 8.85 | 0.81 | 6.03    | 0.0  | 0.66     | 886.0 | 14657.0 | 0.445 | 3951.0   | 4796.0  | 0         | 68   | 56.7     | 816.0    | 75.0 
기하 중계 규칙 + 교착 탈출 (무학습)            | 49.68     | 2.43 | 0.22 | 6.92    | 0.0  | 0.609    | 930.0 | 1103.0  | 0.192 | 46.0     | 1066.0  | 0         | 118  | 98.3     | 914.0    | 217.0
규칙상위 + 직진 (중계1대 고정)               | 24.99     | 7.96 | 0.73 | 3.26    | 1.0  | 0.614    | 688.0 | 36089.0 | 0.912 | 9606.0   | 9924.0  | 0         | 1    | 0.8      | 876.0    | 0.0  
규칙상위 + 직진 (중계2대 고정)               | 35.33     | 10.2 | 0.93 | 5.96    | 2.0  | 0.698    | 792.0 | 26833.0 | 0.72  | 4440.0   | 9623.0  | 0         | 5    | 4.2      | 957.0    | 57.0 
학습상위 + 직진하위 (v5_26_09_22_05_FAa)  | 50.0      | 0.0  | 0.0  | 7.92    | 0.0  | 0.632    | 932.0 | 1536.0  | 0.386 | 88.0     | 1017.0  | 0         | 120  | 100.0    | 1017.0   | 384.0
학습상위 + 직진하위 (v5_26_09_22_05_FAb)  | 50.0      | 0.0  | 0.0  | 8.02    | 0.0  | 0.643    | 933.0 | 1693.0  | 0.42  | 58.0     | 1061.0  | 0         | 120  | 100.0    | 1061.0   | 233.0
학습상위 + 직진하위 (v5_26_09_22_05_D34a) | 49.99     | 0.09 | 0.01 | 7.98    | 0.0  | 0.605    | 934.0 | 1182.0  | 0.271 | 121.0    | 974.0   | 0         | 119  | 99.2     | 899.0    | 193.0
학습상위 + 직진하위 (v5_26_09_22_05_D34b) | 50.0      | 0.0  | 0.0  | 7.94    | 0.0  | 0.613    | 934.0 | 1108.0  | 0.302 | 54.0     | 955.0   | 0         | 120  | 100.0    | 955.0    | 199.0
학습상위 + 직진하위 (v5_26_09_21_11_ANNa) | 50.0      | 0.0  | 0.0  | 7.97    | 0.0  | 0.64     | 933.0 | 1759.0  | 0.441 | 96.0     | 1049.0  | 0         | 120  | 100.0    | 1049.0   | 268.0

저장: /home/kopt/drone/figures/eval_v5fa_std_26_09_22_05.csv
[2026-09-23 00:06:31] === 평가: 드론 3, 목적지 30, CC 무작위, 40시드 ===
pygame 2.6.1 (SDL 2.28.4, Python 3.10.19)
  규칙상위 + 직진하위 (= greedy): 14.15/50
  기하 중계 규칙 (무학습): 29.62/50
  기하 중계 규칙 + 교착 탈출 (무학습): 30.0/50
  규칙상위 + 직진 (중계1대 고정): 16.38/50
  규칙상위 + 직진 (중계2대 고정): 23.73/50
  학습상위 + 직진하위 (v5_26_09_22_05_FAa): 29.88/50
  학습상위 + 직진하위 (v5_26_09_22_05_FAb): 30.0/50
  학습상위 + 직진하위 (v5_26_09_22_05_D34a): 30.0/50
  학습상위 + 직진하위 (v5_26_09_22_05_D34b): 30.0/50
  학습상위 + 직진하위 (v5_26_09_21_11_ANNa): 30.0/50

홀드아웃 40개 × 1회 = 롤아웃 40개 (시드 501~540), 반경 300, 드론 3 목적지 30 CC=무작위

method                            | delivered | sd   | se   | reloads | idle | hop2plus | reach | blocked | stall | maxstall | steps   | comm_loss | full | full_pct | makespan | mk_sd
------------------------------------------------------------------------------------------------------------------------------------------------------------------------------------------
규칙상위 + 직진하위 (= greedy)            | 14.15     | 5.91 | 0.93 | 1.23    | 0.0  | 0.571    | 546.0 | 29599.0 | 0.992 | 9837.0   | 10000.0 | 0         | 0    | 0.0      | -        | -    
기하 중계 규칙 (무학습)                    | 29.62     | 1.73 | 0.27 | 3.5     | 0.0  | 0.469    | 740.0 | 1079.0  | 0.099 | 504.0    | 1053.0  | 0         | 38   | 95.0     | 583.0    | 109.0
기하 중계 규칙 + 교착 탈출 (무학습)            | 30.0      | 0.0  | 0.0  | 3.5     | 0.0  | 0.463    | 751.0 | 210.0   | 0.093 | 62.0     | 634.0   | 0         | 40   | 100.0    | 634.0    | 231.0
규칙상위 + 직진 (중계1대 고정)               | 16.38     | 6.55 | 1.04 | 2.05    | 1.0  | 0.558    | 574.0 | 25543.0 | 0.858 | 9516.0   | 9760.0  | 0         | 1    | 2.5      | 386.0    | 0.0  
규칙상위 + 직진 (중계2대 고정)               | 23.73     | 7.59 | 1.2  | 4.12    | 2.0  | 0.437    | 696.0 | 7165.0  | 0.368 | 4536.0   | 5209.0  | 0         | 21   | 52.5     | 875.0    | 47.0 
학습상위 + 직진하위 (v5_26_09_22_05_FAa)  | 29.88     | 0.78 | 0.12 | 4.6     | 0.0  | 0.516    | 748.0 | 1551.0  | 0.417 | 351.0    | 993.0   | 0         | 39   | 97.5     | 762.0    | 256.0
학습상위 + 직진하위 (v5_26_09_22_05_FAb)  | 30.0      | 0.0  | 0.0  | 4.45    | 0.0  | 0.531    | 750.0 | 1499.0  | 0.505 | 173.0    | 957.0   | 0         | 40   | 100.0    | 957.0    | 427.0
학습상위 + 직진하위 (v5_26_09_22_05_D34a) | 30.0      | 0.0  | 0.0  | 4.6     | 0.0  | 0.487    | 750.0 | 721.0   | 0.291 | 140.0    | 740.0   | 0         | 40   | 100.0    | 740.0    | 347.0
학습상위 + 직진하위 (v5_26_09_22_05_D34b) | 30.0      | 0.0  | 0.0  | 4.42    | 0.0  | 0.486    | 748.0 | 730.0   | 0.281 | 125.0    | 751.0   | 0         | 40   | 100.0    | 751.0    | 326.0
학습상위 + 직진하위 (v5_26_09_21_11_ANNa) | 30.0      | 0.0  | 0.0  | 4.65    | 0.0  | 0.522    | 748.0 | 1309.0  | 0.449 | 178.0    | 923.0   | 0         | 40   | 100.0    | 923.0    | 484.0

저장: /home/kopt/drone/figures/eval_v5fa_d3_26_09_22_05.csv
[2026-09-23 00:19:09] === 평가: 드론 5, 목적지 50, CC 무작위, 40시드 ===
pygame 2.6.1 (SDL 2.28.4, Python 3.10.19)
  규칙상위 + 직진하위 (= greedy): 38.12/50
  기하 중계 규칙 (무학습): 48.38/50
  기하 중계 규칙 + 교착 탈출 (무학습): 49.8/50
  규칙상위 + 직진 (중계1대 고정): 38.6/50
  규칙상위 + 직진 (중계2대 고정): 44.52/50
  학습상위 + 직진하위 (v5_26_09_22_05_FAa): 50.0/50
  학습상위 + 직진하위 (v5_26_09_22_05_FAb): 50.0/50
  학습상위 + 직진하위 (v5_26_09_22_05_D34a): 50.0/50
  학습상위 + 직진하위 (v5_26_09_22_05_D34b): 50.0/50
  학습상위 + 직진하위 (v5_26_09_21_11_ANNa): 50.0/50

홀드아웃 40개 × 1회 = 롤아웃 40개 (시드 701~740), 반경 300, 드론 5 목적지 50 CC=무작위

method                            | delivered | sd    | se   | reloads | idle | hop2plus | reach | blocked | stall | maxstall | steps  | comm_loss | full | full_pct | makespan | mk_sd
------------------------------------------------------------------------------------------------------------------------------------------------------------------------------------------
규칙상위 + 직진하위 (= greedy)            | 38.12     | 10.83 | 1.71 | 4.75    | 0.0  | 0.618    | 713.0 | 33422.0 | 0.801 | 6541.0   | 6923.0 | 0         | 13   | 32.5     | 533.0    | 107.0
기하 중계 규칙 (무학습)                    | 48.38     | 6.34  | 1.0  | 7.25    | 0.0  | 0.579    | 822.0 | 5527.0  | 0.256 | 735.0    | 1766.0 | 0         | 35   | 87.5     | 590.0    | 123.0
기하 중계 규칙 + 교착 탈출 (무학습)            | 49.8      | 1.1   | 0.17 | 7.83    | 0.0  | 0.572    | 840.0 | 2412.0  | 0.231 | 14.0     | 1157.0 | 0         | 38   | 95.0     | 691.0    | 357.0
규칙상위 + 직진 (중계1대 고정)               | 38.6      | 10.77 | 1.7  | 5.3     | 1.0  | 0.566    | 735.0 | 31432.0 | 0.719 | 6751.0   | 7167.0 | 0         | 12   | 30.0     | 558.0    | 123.0
규칙상위 + 직진 (중계2대 고정)               | 44.52     | 10.04 | 1.59 | 7.53    | 1.95 | 0.532    | 779.0 | 14236.0 | 0.388 | 2652.0   | 3895.0 | 0         | 26   | 65.0     | 608.0    | 71.0 
학습상위 + 직진하위 (v5_26_09_22_05_FAa)  | 50.0      | 0.0   | 0.0  | 7.9     | 0.0  | 0.576    | 845.0 | 828.0   | 0.302 | 22.0     | 602.0  | 0         | 40   | 100.0    | 602.0    | 137.0
학습상위 + 직진하위 (v5_26_09_22_05_FAb)  | 50.0      | 0.0   | 0.0  | 7.88    | 0.0  | 0.582    | 847.0 | 1011.0  | 0.341 | 23.0     | 650.0  | 0         | 40   | 100.0    | 650.0    | 150.0
학습상위 + 직진하위 (v5_26_09_22_05_D34a) | 50.0      | 0.0   | 0.0  | 7.85    | 0.0  | 0.534    | 846.0 | 538.0   | 0.215 | 14.0     | 553.0  | 0         | 40   | 100.0    | 553.0    | 95.0 
학습상위 + 직진하위 (v5_26_09_22_05_D34b) | 50.0      | 0.0   | 0.0  | 7.9     | 0.0  | 0.548    | 848.0 | 563.0   | 0.205 | 11.0     | 578.0  | 0         | 40   | 100.0    | 578.0    | 129.0
학습상위 + 직진하위 (v5_26_09_21_11_ANNa) | 50.0      | 0.0   | 0.0  | 7.62    | 0.0  | 0.571    | 847.0 | 792.0   | 0.286 | 18.0     | 599.0  | 0         | 40   | 100.0    | 599.0    | 138.0

저장: /home/kopt/drone/figures/eval_v5fa_d5_26_09_22_05.csv
[2026-09-23 00:40:19] === 완료 ===
