[2026-09-19 03:15:57] === 사이클 5 학습 시작 (AR x2, ARC x2) ===
[2026-09-19 03:16:25] === 종료 대기 (최대 18시간) ===
[2026-09-19 21:10:28] 학습 종료
[2026-09-19 21:10:28] === 평가 (a): 표준 4/50, 60시드x2 ===
pygame 2.6.1 (SDL 2.28.4, Python 3.10.19)
  규칙상위 + 직진하위 (= greedy): 22.7/50
  기하 중계 규칙 (무학습): 46.06/50
  기하 중계 규칙 + 교착 탈출 (무학습): 49.68/50
  규칙상위 + 직진 (중계1대 고정): 24.85/50
  규칙상위 + 직진 (중계2대 고정): 35.82/50
  학습상위 + 직진하위 (v5_26_09_19_03_ARa): 50.0/50
  학습상위 + 직진하위 (v5_26_09_19_03_ARb): 50.0/50
  학습상위 + 직진하위 (v5_26_09_19_03_ARCa): 50.0/50
  학습상위 + 직진하위 (v5_26_09_19_03_ARCb): 50.0/50

홀드아웃 60개 × 2회 = 롤아웃 120개 (시드 101~160), 반경 300, 드론 4 목적지 50 CC=고정

method                            | delivered | sd   | se   | reloads | idle | hop2plus | reach | blocked | stall | maxstall | steps   | comm_loss | full | full_pct | makespan | mk_sd 
-------------------------------------------------------------------------------------------------------------------------------------------------------------------------------------------
규칙상위 + 직진하위 (= greedy)            | 22.7      | 8.86 | 0.81 | 1.99    | 0.0  | 0.666    | 646.0 | 39356.0 | 0.99  | 9757.0   | 10000.0 | 0         | 0    | 0.0      | -        | -     
기하 중계 규칙 (무학습)                    | 46.06     | 8.57 | 0.78 | 6.33    | 0.0  | 0.645    | 898.0 | 11288.0 | 0.379 | 2918.0   | 3726.0  | 0         | 82   | 68.3     | 818.0    | 77.0  
기하 중계 규칙 + 교착 탈출 (무학습)            | 49.68     | 2.43 | 0.22 | 6.93    | 0.0  | 0.612    | 930.0 | 1002.0  | 0.178 | 30.0     | 1042.0  | 0         | 118  | 98.3     | 890.0    | 160.0 
규칙상위 + 직진 (중계1대 고정)               | 24.85     | 8.1  | 0.74 | 3.19    | 1.0  | 0.618    | 686.0 | 36232.0 | 0.912 | 9687.0   | 10000.0 | 0         | 0    | 0.0      | -        | -     
규칙상위 + 직진 (중계2대 고정)               | 35.82     | 9.93 | 0.91 | 6.05    | 2.0  | 0.7      | 794.0 | 26960.0 | 0.721 | 4513.0   | 9622.0  | 0         | 5    | 4.2      | 933.0    | 44.0  
학습상위 + 직진하위 (v5_26_09_19_03_ARa)  | 50.0      | 0.0  | 0.0  | 8.42    | 0.0  | 0.637    | 932.0 | 1682.0  | 0.37  | 71.0     | 1147.0  | 0         | 120  | 100.0    | 1147.0   | 370.0 
학습상위 + 직진하위 (v5_26_09_19_03_ARb)  | 50.0      | 0.0  | 0.0  | 7.72    | 0.0  | 0.645    | 934.0 | 3256.0  | 0.505 | 375.0    | 1452.0  | 0         | 120  | 100.0    | 1452.0   | 1007.0
학습상위 + 직진하위 (v5_26_09_19_03_ARCa) | 50.0      | 0.0  | 0.0  | 8.28    | 0.0  | 0.641    | 933.0 | 1831.0  | 0.428 | 65.0     | 1123.0  | 0         | 120  | 100.0    | 1123.0   | 231.0 
학습상위 + 직진하위 (v5_26_09_19_03_ARCb) | 50.0      | 0.0  | 0.0  | 8.52    | 0.0  | 0.638    | 932.0 | 1516.0  | 0.376 | 52.0     | 1067.0  | 0         | 120  | 100.0    | 1067.0   | 201.0 

저장: /home/kopt/drone/figures/eval_v5ar_std_26_09_19_03.csv
[2026-09-19 22:23:14] === 평가: 드론 3, 목적지 30, CC 무작위, 40시드 ===
pygame 2.6.1 (SDL 2.28.4, Python 3.10.19)
  규칙상위 + 직진하위 (= greedy): 14.2/50
  기하 중계 규칙 (무학습): 29.62/50
  기하 중계 규칙 + 교착 탈출 (무학습): 30.0/50
  규칙상위 + 직진 (중계1대 고정): 16.38/50
  규칙상위 + 직진 (중계2대 고정): 23.73/50
  학습상위 + 직진하위 (v5_26_09_19_03_ARa): 30.0/50
  학습상위 + 직진하위 (v5_26_09_19_03_ARb): 30.0/50
  학습상위 + 직진하위 (v5_26_09_19_03_ARCa): 30.0/50
  학습상위 + 직진하위 (v5_26_09_19_03_ARCb): 30.0/50

홀드아웃 40개 × 1회 = 롤아웃 40개 (시드 501~540), 반경 300, 드론 3 목적지 30 CC=무작위

method                            | delivered | sd   | se   | reloads | idle | hop2plus | reach | blocked | stall | maxstall | steps   | comm_loss | full | full_pct | makespan | mk_sd
------------------------------------------------------------------------------------------------------------------------------------------------------------------------------------------
규칙상위 + 직진하위 (= greedy)            | 14.2      | 5.91 | 0.93 | 1.23    | 0.0  | 0.571    | 545.0 | 29599.0 | 0.992 | 9837.0   | 10000.0 | 0         | 0    | 0.0      | -        | -    
기하 중계 규칙 (무학습)                    | 29.62     | 1.73 | 0.27 | 3.5     | 0.0  | 0.467    | 740.0 | 1075.0  | 0.095 | 503.0    | 1052.0  | 0         | 38   | 95.0     | 581.0    | 108.0
기하 중계 규칙 + 교착 탈출 (무학습)            | 30.0      | 0.0  | 0.0  | 3.52    | 0.0  | 0.464    | 751.0 | 161.0   | 0.082 | 41.0     | 609.0   | 0         | 40   | 100.0    | 609.0    | 171.0
규칙상위 + 직진 (중계1대 고정)               | 16.38     | 6.55 | 1.04 | 2.08    | 1.0  | 0.558    | 572.0 | 25539.0 | 0.858 | 9518.0   | 9760.0  | 0         | 1    | 2.5      | 386.0    | 0.0  
규칙상위 + 직진 (중계2대 고정)               | 23.73     | 7.59 | 1.2  | 4.12    | 2.0  | 0.429    | 696.0 | 6923.0  | 0.356 | 4536.0   | 5210.0  | 0         | 21   | 52.5     | 875.0    | 47.0 
학습상위 + 직진하위 (v5_26_09_19_03_ARa)  | 30.0      | 0.0  | 0.0  | 4.72    | 0.0  | 0.521    | 749.0 | 996.0   | 0.369 | 109.0    | 876.0   | 0         | 40   | 100.0    | 876.0    | 321.0
학습상위 + 직진하위 (v5_26_09_19_03_ARb)  | 30.0      | 0.0  | 0.0  | 4.55    | 0.0  | 0.531    | 748.0 | 1536.0  | 0.471 | 211.0    | 1045.0  | 0         | 40   | 100.0    | 1045.0   | 420.0
학습상위 + 직진하위 (v5_26_09_19_03_ARCa) | 30.0      | 0.0  | 0.0  | 4.75    | 0.0  | 0.509    | 748.0 | 887.0   | 0.372 | 86.0     | 812.0   | 0         | 40   | 100.0    | 812.0    | 225.0
학습상위 + 직진하위 (v5_26_09_19_03_ARCb) | 30.0      | 0.0  | 0.0  | 4.67    | 0.0  | 0.506    | 748.0 | 950.0   | 0.377 | 83.0     | 857.0   | 0         | 40   | 100.0    | 857.0    | 231.0

저장: /home/kopt/drone/figures/eval_v5ar_d3_26_09_19_03.csv
[2026-09-19 22:34:53] === 평가: 드론 5, 목적지 50, CC 무작위, 40시드 ===
pygame 2.6.1 (SDL 2.28.4, Python 3.10.19)
  규칙상위 + 직진하위 (= greedy): 37.08/50
  기하 중계 규칙 (무학습): 48.98/50
  기하 중계 규칙 + 교착 탈출 (무학습): 49.8/50
  규칙상위 + 직진 (중계1대 고정): 40.0/50
  규칙상위 + 직진 (중계2대 고정): 44.33/50
  학습상위 + 직진하위 (v5_26_09_19_03_ARa): 50.0/50
  학습상위 + 직진하위 (v5_26_09_19_03_ARb): 50.0/50
  학습상위 + 직진하위 (v5_26_09_19_03_ARCa): 50.0/50
  학습상위 + 직진하위 (v5_26_09_19_03_ARCb): 50.0/50

홀드아웃 40개 × 1회 = 롤아웃 40개 (시드 701~740), 반경 300, 드론 5 목적지 50 CC=무작위

method                            | delivered | sd    | se   | reloads | idle | hop2plus | reach | blocked | stall | maxstall | steps  | comm_loss | full | full_pct | makespan | mk_sd
------------------------------------------------------------------------------------------------------------------------------------------------------------------------------------------
규칙상위 + 직진하위 (= greedy)            | 37.08     | 10.59 | 1.67 | 4.62    | 0.0  | 0.638    | 703.0 | 35790.0 | 0.823 | 7025.0   | 7389.0 | 0         | 11   | 27.5     | 507.0    | 78.0 
기하 중계 규칙 (무학습)                    | 48.98     | 5.36  | 0.85 | 7.42    | 0.0  | 0.574    | 834.0 | 3749.0  | 0.234 | 494.0    | 1298.0 | 0         | 37   | 92.5     | 593.0    | 95.0 
기하 중계 규칙 + 교착 탈출 (무학습)            | 49.8      | 0.95  | 0.15 | 7.67    | 0.0  | 0.574    | 843.0 | 3143.0  | 0.215 | 12.0     | 1303.0 | 0         | 37   | 92.5     | 598.0    | 126.0
규칙상위 + 직진 (중계1대 고정)               | 40.0      | 10.65 | 1.68 | 5.62    | 1.0  | 0.57     | 734.0 | 29539.0 | 0.69  | 6264.0   | 6695.0 | 0         | 14   | 35.0     | 558.0    | 103.0
규칙상위 + 직진 (중계2대 고정)               | 44.33     | 10.03 | 1.59 | 7.4     | 1.95 | 0.534    | 787.0 | 14819.0 | 0.396 | 2414.0   | 4125.0 | 0         | 25   | 62.5     | 599.0    | 61.0 
학습상위 + 직진하위 (v5_26_09_19_03_ARa)  | 50.0      | 0.0   | 0.0  | 8.05    | 0.0  | 0.579    | 846.0 | 821.0   | 0.255 | 14.0     | 671.0  | 0         | 40   | 100.0    | 671.0    | 177.0
학습상위 + 직진하위 (v5_26_09_19_03_ARb)  | 50.0      | 0.0   | 0.0  | 7.67    | 0.0  | 0.57     | 847.0 | 1056.0  | 0.337 | 27.0     | 671.0  | 0         | 40   | 100.0    | 671.0    | 163.0
학습상위 + 직진하위 (v5_26_09_19_03_ARCa) | 50.0      | 0.0   | 0.0  | 7.75    | 0.0  | 0.574    | 846.0 | 891.0   | 0.293 | 22.0     | 640.0  | 0         | 40   | 100.0    | 640.0    | 162.0
학습상위 + 직진하위 (v5_26_09_19_03_ARCb) | 50.0      | 0.0   | 0.0  | 8.15    | 0.0  | 0.574    | 845.0 | 861.0   | 0.273 | 20.0     | 661.0  | 0         | 40   | 100.0    | 661.0    | 167.0

저장: /home/kopt/drone/figures/eval_v5ar_d5_26_09_19_03.csv
[2026-09-19 22:54:32] === 완료 ===
