[2026-09-17 16:04:29] === makespan 사이클 2 학습 시작 (A x2, AB x2) ===
[2026-09-17 16:04:57] === 종료 대기 (최대 14시간) ===
[2026-09-17 21:29:32] 학습 종료
[2026-09-17 21:29:32] === 평가 A (a): 표준 4/50, 60시드x2 ===
pygame 2.6.1 (SDL 2.28.4, Python 3.10.19)
  규칙상위 + 직진하위 (= greedy): 22.88/50
  기하 중계 규칙 (무학습): 46.25/50
  규칙상위 + 직진 (중계1대 고정): 25.35/50
  규칙상위 + 직진 (중계2대 고정): 35.39/50
  학습상위 + 직진하위 (v5_26_09_15_23_s3b): 50.0/50
  학습상위 + 직진하위 (v5_26_09_17_16_A1): 50.0/50
  학습상위 + 직진하위 (v5_26_09_17_16_A2): 50.0/50

홀드아웃 60개 × 2회 = 롤아웃 120개 (시드 101~160), 반경 300, 드론 4 목적지 50 CC=고정

method                           | delivered | sd    | se   | reloads | idle | hop2plus | reach | blocked | stall | maxstall | steps   | comm_loss | full | full_pct | makespan | mk_sd
------------------------------------------------------------------------------------------------------------------------------------------------------------------------------------------
규칙상위 + 직진하위 (= greedy)           | 22.88     | 8.83  | 0.81 | 2.07    | 0.0  | 0.657    | 646.0 | 39346.0 | 0.99  | 9748.0   | 10000.0 | 0         | 0    | 0.0      | -        | -    
기하 중계 규칙 (무학습)                   | 46.25     | 6.62  | 0.6  | 6.38    | 0.0  | 0.653    | 899.0 | 12862.0 | 0.412 | 3454.0   | 4258.0  | 0         | 75   | 62.5     | 813.0    | 77.0 
규칙상위 + 직진 (중계1대 고정)              | 25.35     | 8.61  | 0.79 | 3.31    | 1.0  | 0.594    | 683.0 | 35847.0 | 0.905 | 9596.0   | 9922.0  | 0         | 1    | 0.8      | 684.0    | 0.0  
규칙상위 + 직진 (중계2대 고정)              | 35.39     | 10.17 | 0.93 | 5.93    | 2.0  | 0.696    | 790.0 | 27621.0 | 0.735 | 4665.0   | 9773.0  | 0         | 3    | 2.5      | 915.0    | 11.0 
학습상위 + 직진하위 (v5_26_09_15_23_s3b) | 50.0      | 0.0   | 0.0  | 8.63    | 0.0  | 0.634    | 933.0 | 2525.0  | 0.445 | 172.0    | 1389.0  | 0         | 120  | 100.0    | 1389.0   | 545.0
학습상위 + 직진하위 (v5_26_09_17_16_A1)  | 50.0      | 0.0   | 0.0  | 8.31    | 0.0  | 0.634    | 933.0 | 2387.0  | 0.468 | 109.0    | 1282.0  | 0         | 120  | 100.0    | 1282.0   | 453.0
학습상위 + 직진하위 (v5_26_09_17_16_A2)  | 50.0      | 0.0   | 0.0  | 8.38    | 0.0  | 0.621    | 931.0 | 2214.0  | 0.402 | 79.0     | 1388.0  | 0         | 120  | 100.0    | 1388.0   | 575.0

저장: /home/kopt/drone/figures/eval_v5mk2_A_std_26_09_17_16.csv
[2026-09-17 22:38:21] === 평가 A: 드론 3, 목적지 30, CC 무작위, 40시드 ===
pygame 2.6.1 (SDL 2.28.4, Python 3.10.19)
  규칙상위 + 직진하위 (= greedy): 14.07/50
  기하 중계 규칙 (무학습): 29.62/50
  규칙상위 + 직진 (중계1대 고정): 16.23/50
  규칙상위 + 직진 (중계2대 고정): 23.73/50
  학습상위 + 직진하위 (v5_26_09_15_23_s3b): 30.0/50
  학습상위 + 직진하위 (v5_26_09_17_16_A1): 30.0/50
  학습상위 + 직진하위 (v5_26_09_17_16_A2): 30.0/50

홀드아웃 40개 × 1회 = 롤아웃 40개 (시드 501~540), 반경 300, 드론 3 목적지 30 CC=무작위

method                           | delivered | sd   | se   | reloads | idle | hop2plus | reach | blocked | stall | maxstall | steps   | comm_loss | full | full_pct | makespan | mk_sd 
------------------------------------------------------------------------------------------------------------------------------------------------------------------------------------------
규칙상위 + 직진하위 (= greedy)           | 14.07     | 5.77 | 0.91 | 1.2     | 0.0  | 0.579    | 544.0 | 29602.0 | 0.992 | 9839.0   | 10000.0 | 0         | 0    | 0.0      | -        | -     
기하 중계 규칙 (무학습)                   | 29.62     | 1.73 | 0.27 | 3.48    | 0.0  | 0.469    | 740.0 | 1077.0  | 0.097 | 504.0    | 1054.0  | 0         | 38   | 95.0     | 583.0    | 106.0 
규칙상위 + 직진 (중계1대 고정)              | 16.23     | 6.39 | 1.01 | 2.05    | 1.0  | 0.566    | 569.0 | 25716.0 | 0.864 | 9522.0   | 9760.0  | 0         | 1    | 2.5      | 386.0    | 0.0   
규칙상위 + 직진 (중계2대 고정)              | 23.73     | 7.59 | 1.2  | 4.12    | 2.0  | 0.437    | 696.0 | 7167.0  | 0.369 | 4536.0   | 5210.0  | 0         | 21   | 52.5     | 876.0    | 47.0  
학습상위 + 직진하위 (v5_26_09_15_23_s3b) | 30.0      | 0.0  | 0.0  | 4.88    | 0.0  | 0.516    | 747.0 | 1605.0  | 0.419 | 158.0    | 1212.0  | 0         | 40   | 100.0    | 1212.0   | 484.0 
학습상위 + 직진하위 (v5_26_09_17_16_A1)  | 30.0      | 0.0  | 0.0  | 4.65    | 0.0  | 0.506    | 747.0 | 1222.0  | 0.387 | 102.0    | 1031.0  | 0         | 40   | 100.0    | 1031.0   | 323.0 
학습상위 + 직진하위 (v5_26_09_17_16_A2)  | 30.0      | 0.0  | 0.0  | 4.75    | 0.0  | 0.486    | 747.0 | 2480.0  | 0.428 | 528.0    | 1627.0  | 0         | 40   | 100.0    | 1627.0   | 1471.0

저장: /home/kopt/drone/figures/eval_v5mk2_A_d3_26_09_17_16.csv
[2026-09-17 22:49:45] === 평가 A: 드론 5, 목적지 50, CC 무작위, 40시드 ===
pygame 2.6.1 (SDL 2.28.4, Python 3.10.19)
  규칙상위 + 직진하위 (= greedy): 36.52/50
  기하 중계 규칙 (무학습): 48.3/50
  규칙상위 + 직진 (중계1대 고정): 39.0/50
  규칙상위 + 직진 (중계2대 고정): 43.77/50
  학습상위 + 직진하위 (v5_26_09_15_23_s3b): 50.0/50
  학습상위 + 직진하위 (v5_26_09_17_16_A1): 50.0/50
  학습상위 + 직진하위 (v5_26_09_17_16_A2): 50.0/50

홀드아웃 40개 × 1회 = 롤아웃 40개 (시드 701~740), 반경 300, 드론 5 목적지 50 CC=무작위

method                           | delivered | sd    | se   | reloads | idle | hop2plus | reach | blocked | stall | maxstall | steps  | comm_loss | full | full_pct | makespan | mk_sd
-----------------------------------------------------------------------------------------------------------------------------------------------------------------------------------------
규칙상위 + 직진하위 (= greedy)           | 36.52     | 9.98  | 1.58 | 4.38    | 0.0  | 0.629    | 700.0 | 37035.0 | 0.846 | 7276.0   | 7632.0 | 0         | 10   | 25.0     | 529.0    | 104.0
기하 중계 규칙 (무학습)                   | 48.3      | 5.92  | 0.94 | 7.4     | 0.0  | 0.588    | 823.0 | 7526.0  | 0.283 | 961.0    | 2229.0 | 0         | 33   | 82.5     | 580.0    | 93.0 
규칙상위 + 직진 (중계1대 고정)              | 39.0      | 11.07 | 1.75 | 5.45    | 0.95 | 0.559    | 733.0 | 28799.0 | 0.681 | 6050.0   | 6454.0 | 0         | 15   | 37.5     | 545.0    | 107.0
규칙상위 + 직진 (중계2대 고정)              | 43.77     | 10.71 | 1.69 | 7.33    | 1.95 | 0.531    | 784.0 | 15556.0 | 0.41  | 3364.0   | 4125.0 | 0         | 25   | 62.5     | 600.0    | 66.0 
학습상위 + 직진하위 (v5_26_09_15_23_s3b) | 50.0      | 0.0   | 0.0  | 8.2     | 0.0  | 0.569    | 845.0 | 1071.0  | 0.273 | 19.0     | 799.0  | 0         | 40   | 100.0    | 799.0    | 192.0
학습상위 + 직진하위 (v5_26_09_17_16_A1)  | 50.0      | 0.0   | 0.0  | 7.88    | 0.0  | 0.552    | 847.0 | 1061.0  | 0.279 | 22.0     | 755.0  | 0         | 40   | 100.0    | 755.0    | 216.0
학습상위 + 직진하위 (v5_26_09_17_16_A2)  | 50.0      | 0.0   | 0.0  | 7.9     | 0.0  | 0.552    | 846.0 | 896.0   | 0.225 | 18.0     | 805.0  | 0         | 40   | 100.0    | 805.0    | 194.0

저장: /home/kopt/drone/figures/eval_v5mk2_A_d5_26_09_17_16.csv
[2026-09-17 23:08:25] === 평가 AB (a): 표준 4/50, 60시드x2 ===
pygame 2.6.1 (SDL 2.28.4, Python 3.10.19)
  규칙상위 + 직진하위 (= greedy): 22.94/50
  기하 중계 규칙 (무학습): 45.58/50
  규칙상위 + 직진 (중계1대 고정): 24.98/50
  규칙상위 + 직진 (중계2대 고정): 35.94/50
  학습상위 + 직진하위 (v5_26_09_17_16_AB1): 50.0/50
  학습상위 + 직진하위 (v5_26_09_17_16_AB2): 50.0/50

홀드아웃 60개 × 2회 = 롤아웃 120개 (시드 101~160), 반경 300, 드론 4 목적지 50 CC=고정

method                           | delivered | sd    | se   | reloads | idle | hop2plus | reach | blocked | stall | maxstall | steps   | comm_loss | full | full_pct | makespan | mk_sd
------------------------------------------------------------------------------------------------------------------------------------------------------------------------------------------
규칙상위 + 직진하위 (= greedy)           | 22.94     | 8.91  | 0.81 | 2.1     | 0.0  | 0.661    | 647.0 | 39346.0 | 0.99  | 9748.0   | 10000.0 | 0         | 0    | 0.0      | -        | -    
기하 중계 규칙 (무학습)                   | 45.58     | 8.25  | 0.75 | 6.18    | 0.0  | 0.645    | 891.0 | 11181.0 | 0.374 | 3005.0   | 3875.0  | 0         | 80   | 66.7     | 812.0    | 71.0 
규칙상위 + 직진 (중계1대 고정)              | 24.98     | 8.27  | 0.76 | 3.23    | 1.0  | 0.603    | 684.0 | 36208.0 | 0.912 | 9678.0   | 10000.0 | 0         | 0    | 0.0      | -        | -    
규칙상위 + 직진 (중계2대 고정)              | 35.94     | 10.21 | 0.93 | 6.04    | 1.99 | 0.701    | 799.0 | 27559.0 | 0.732 | 4432.0   | 9773.0  | 0         | 3    | 2.5      | 916.0    | 6.0  
학습상위 + 직진하위 (v5_26_09_17_16_AB1) | 50.0      | 0.0   | 0.0  | 8.35    | 0.0  | 0.633    | 931.0 | 1964.0  | 0.358 | 44.0     | 1401.0  | 0         | 120  | 100.0    | 1401.0   | 315.0
학습상위 + 직진하위 (v5_26_09_17_16_AB2) | 50.0      | 0.0   | 0.0  | 8.47    | 0.0  | 0.629    | 933.0 | 2303.0  | 0.432 | 183.0    | 1279.0  | 0         | 120  | 100.0    | 1279.0   | 697.0

저장: /home/kopt/drone/figures/eval_v5mk2_AB_std_26_09_17_16.csv
[2026-09-18 00:14:37] === 평가 AB: 드론 3, 목적지 30, CC 무작위, 40시드 ===
pygame 2.6.1 (SDL 2.28.4, Python 3.10.19)
  규칙상위 + 직진하위 (= greedy): 14.07/50
  기하 중계 규칙 (무학습): 29.62/50
  규칙상위 + 직진 (중계1대 고정): 16.2/50
  규칙상위 + 직진 (중계2대 고정): 23.73/50
  학습상위 + 직진하위 (v5_26_09_17_16_AB1): 30.0/50
  학습상위 + 직진하위 (v5_26_09_17_16_AB2): 30.0/50

홀드아웃 40개 × 1회 = 롤아웃 40개 (시드 501~540), 반경 300, 드론 3 목적지 30 CC=무작위

method                           | delivered | sd   | se   | reloads | idle | hop2plus | reach | blocked | stall | maxstall | steps   | comm_loss | full | full_pct | makespan | mk_sd
-----------------------------------------------------------------------------------------------------------------------------------------------------------------------------------------
규칙상위 + 직진하위 (= greedy)           | 14.07     | 5.77 | 0.91 | 1.2     | 0.0  | 0.579    | 545.0 | 29602.0 | 0.992 | 9840.0   | 10000.0 | 0         | 0    | 0.0      | -        | -    
기하 중계 규칙 (무학습)                   | 29.62     | 1.73 | 0.27 | 3.45    | 0.0  | 0.469    | 740.0 | 1076.0  | 0.097 | 502.0    | 1053.0  | 0         | 38   | 95.0     | 582.0    | 109.0
규칙상위 + 직진 (중계1대 고정)              | 16.2      | 6.38 | 1.01 | 2.05    | 1.0  | 0.558    | 566.0 | 25718.0 | 0.864 | 9523.0   | 9760.0  | 0         | 1    | 2.5      | 386.0    | 0.0  
규칙상위 + 직진 (중계2대 고정)              | 23.73     | 7.59 | 1.2  | 4.12    | 2.0  | 0.429    | 696.0 | 6686.0  | 0.345 | 4536.0   | 5210.0  | 0         | 21   | 52.5     | 876.0    | 47.0 
학습상위 + 직진하위 (v5_26_09_17_16_AB1) | 30.0      | 0.0  | 0.0  | 4.78    | 0.0  | 0.5      | 747.0 | 1278.0  | 0.343 | 128.0    | 1156.0  | 0         | 40   | 100.0    | 1156.0   | 462.0
학습상위 + 직진하위 (v5_26_09_17_16_AB2) | 30.0      | 0.0  | 0.0  | 4.75    | 0.0  | 0.505    | 748.0 | 1283.0  | 0.373 | 149.0    | 1056.0  | 0         | 40   | 100.0    | 1056.0   | 455.0

저장: /home/kopt/drone/figures/eval_v5mk2_AB_d3_26_09_17_16.csv
[2026-09-18 00:26:14] === 평가 AB: 드론 5, 목적지 50, CC 무작위, 40시드 ===
pygame 2.6.1 (SDL 2.28.4, Python 3.10.19)
  규칙상위 + 직진하위 (= greedy): 36.05/50
  기하 중계 규칙 (무학습): 49.1/50
  규칙상위 + 직진 (중계1대 고정): 40.0/50
  규칙상위 + 직진 (중계2대 고정): 43.58/50
  학습상위 + 직진하위 (v5_26_09_17_16_AB1): 50.0/50
  학습상위 + 직진하위 (v5_26_09_17_16_AB2): 50.0/50

홀드아웃 40개 × 1회 = 롤아웃 40개 (시드 701~740), 반경 300, 드론 5 목적지 50 CC=무작위

method                           | delivered | sd    | se   | reloads | idle | hop2plus | reach | blocked | stall | maxstall | steps  | comm_loss | full | full_pct | makespan | mk_sd
-----------------------------------------------------------------------------------------------------------------------------------------------------------------------------------------
규칙상위 + 직진하위 (= greedy)           | 36.05     | 10.26 | 1.62 | 4.45    | 0.0  | 0.629    | 681.0 | 38182.0 | 0.844 | 7517.0   | 7861.0 | 0         | 9    | 22.5     | 491.0    | 65.0 
기하 중계 규칙 (무학습)                   | 49.1      | 5.3   | 0.84 | 7.62    | 0.0  | 0.569    | 834.0 | 3522.0  | 0.211 | 489.0    | 1286.0 | 0         | 37   | 92.5     | 580.0    | 87.0 
규칙상위 + 직진 (중계1대 고정)              | 40.0      | 10.92 | 1.73 | 5.83    | 0.97 | 0.566    | 749.0 | 29385.0 | 0.692 | 6257.0   | 6693.0 | 0         | 14   | 35.0     | 552.0    | 115.0
규칙상위 + 직진 (중계2대 고정)              | 43.58     | 10.62 | 1.68 | 7.28    | 1.95 | 0.535    | 775.0 | 15071.0 | 0.402 | 2899.0   | 4126.0 | 0         | 25   | 62.5     | 601.0    | 66.0 
학습상위 + 직진하위 (v5_26_09_17_16_AB1) | 50.0      | 0.0   | 0.0  | 8.0     | 0.0  | 0.576    | 845.0 | 886.0   | 0.229 | 14.0     | 768.0  | 0         | 40   | 100.0    | 768.0    | 210.0
학습상위 + 직진하위 (v5_26_09_17_16_AB2) | 50.0      | 0.0   | 0.0  | 8.1     | 0.0  | 0.559    | 847.0 | 977.0   | 0.277 | 22.0     | 723.0  | 0         | 40   | 100.0    | 723.0    | 178.0

저장: /home/kopt/drone/figures/eval_v5mk2_AB_d5_26_09_17_16.csv
[2026-09-18 00:45:13] === 완료 ===
