[2026-09-30 04:23:53] === 사이클 16 학습 시작 (RS2 x2 재분배 2.0, PD0 x2 대조군) ===
[2026-09-30 04:24:23] === 종료 대기 (최대 20시간) ===
[2026-09-30 17:21:19] 학습 종료
[2026-09-30 17:21:19] === 쌍별 3/30 RS2a ===
pygame 2.6.1 (SDL 2.28.4, Python 3.10.19)

롤아웃 200개 (시드 501~540 x 5회, 드론 3 목적지 30)
완주: 규칙+탈출 200 · 학습 200 · 둘 다 200

[편향된 비교] 각자 완주한 것만 평균
  규칙+탈출 609   학습 721   차이 +112

[쌍별 비교] 둘 다 완주한 200개
  규칙+탈출 609   학습 721   쌍별 차이 +112 (중앙값 +91)
  학습이 빠른 경우 40 · 느린 경우 159 · 동점 1
  윌콕슨 부호순위 p=0.0000

저장: /home/kopt/drone/figures/paired_d3_RS2a_v5_26_09_30_04.csv
[2026-09-30 17:23:19] === 쌍별 5/50 RS2a ===
pygame 2.6.1 (SDL 2.28.4, Python 3.10.19)

롤아웃 200개 (시드 701~740 x 5회, 드론 5 목적지 50)
완주: 규칙+탈출 188 · 학습 200 · 둘 다 188

[편향된 비교] 각자 완주한 것만 평균
  규칙+탈출 616   학습 739   차이 +122

[쌍별 비교] 둘 다 완주한 188개
  규칙+탈출 616   학습 737   쌍별 차이 +121 (중앙값 +98)
  학습이 빠른 경우 37 · 느린 경우 151 · 동점 0
  윌콕슨 부호순위 p=0.0000

규칙만 실패한 12개에서 학습의 makespan: 762 (범위 556-992)

저장: /home/kopt/drone/figures/paired_d5_RS2a_v5_26_09_30_04.csv
[2026-09-30 17:30:11] === 쌍별 표준 RS2a ===
pygame 2.6.1 (SDL 2.28.4, Python 3.10.19)

롤아웃 120개 (시드 101~160 x 2회, 드론 4 목적지 50)
완주: 규칙+탈출 118 · 학습 120 · 둘 다 118

[편향된 비교] 각자 완주한 것만 평균
  규칙+탈출 909   학습 1068   차이 +159

[쌍별 비교] 둘 다 완주한 118개
  규칙+탈출 909   학습 1064   쌍별 차이 +154 (중앙값 +146)
  학습이 빠른 경우 15 · 느린 경우 103 · 동점 0
  윌콕슨 부호순위 p=0.0000

규칙만 실패한 2개에서 학습의 makespan: 1317 (범위 1201-1433)

저장: /home/kopt/drone/figures/paired_std_RS2a_v5_26_09_30_04.csv
[2026-09-30 17:33:08] === 쌍별 3/30 RS2b ===
pygame 2.6.1 (SDL 2.28.4, Python 3.10.19)

롤아웃 200개 (시드 501~540 x 5회, 드론 3 목적지 30)
완주: 규칙+탈출 200 · 학습 200 · 둘 다 200

[편향된 비교] 각자 완주한 것만 평균
  규칙+탈출 609   학습 825   차이 +216

[쌍별 비교] 둘 다 완주한 200개
  규칙+탈출 609   학습 825   쌍별 차이 +216 (중앙값 +126)
  학습이 빠른 경우 30 · 느린 경우 169 · 동점 1
  윌콕슨 부호순위 p=0.0000

저장: /home/kopt/drone/figures/paired_d3_RS2b_v5_26_09_30_04.csv
[2026-09-30 17:35:21] === 쌍별 5/50 RS2b ===
pygame 2.6.1 (SDL 2.28.4, Python 3.10.19)

롤아웃 200개 (시드 701~740 x 5회, 드론 5 목적지 50)
완주: 규칙+탈출 191 · 학습 200 · 둘 다 191

[편향된 비교] 각자 완주한 것만 평균
  규칙+탈출 607   학습 809   차이 +202

[쌍별 비교] 둘 다 완주한 191개
  규칙+탈출 607   학습 805   쌍별 차이 +198 (중앙값 +172)
  학습이 빠른 경우 16 · 느린 경우 173 · 동점 2
  윌콕슨 부호순위 p=0.0000

규칙만 실패한 9개에서 학습의 makespan: 898 (범위 734-1223)

저장: /home/kopt/drone/figures/paired_d5_RS2b_v5_26_09_30_04.csv
[2026-09-30 17:41:38] === 쌍별 표준 RS2b ===
pygame 2.6.1 (SDL 2.28.4, Python 3.10.19)

롤아웃 120개 (시드 101~160 x 2회, 드론 4 목적지 50)
완주: 규칙+탈출 119 · 학습 120 · 둘 다 119

[편향된 비교] 각자 완주한 것만 평균
  규칙+탈출 931   학습 1085   차이 +154

[쌍별 비교] 둘 다 완주한 119개
  규칙+탈출 931   학습 1086   쌍별 차이 +156 (중앙값 +180)
  학습이 빠른 경우 25 · 느린 경우 94 · 동점 0
  윌콕슨 부호순위 p=0.0000

규칙만 실패한 1개에서 학습의 makespan: 871 (범위 871-871)

저장: /home/kopt/drone/figures/paired_std_RS2b_v5_26_09_30_04.csv
[2026-09-30 17:44:28] === 쌍별 3/30 PD0a ===
pygame 2.6.1 (SDL 2.28.4, Python 3.10.19)

롤아웃 200개 (시드 501~540 x 5회, 드론 3 목적지 30)
완주: 규칙+탈출 200 · 학습 200 · 둘 다 200

[편향된 비교] 각자 완주한 것만 평균
  규칙+탈출 609   학습 663   차이 +54

[쌍별 비교] 둘 다 완주한 200개
  규칙+탈출 609   학습 663   쌍별 차이 +54 (중앙값 +42)
  학습이 빠른 경우 68 · 느린 경우 132 · 동점 0
  윌콕슨 부호순위 p=0.0000

저장: /home/kopt/drone/figures/paired_d3_PD0a_v5_26_09_30_04.csv
[2026-09-30 17:46:20] === 쌍별 5/50 PD0a ===
pygame 2.6.1 (SDL 2.28.4, Python 3.10.19)

롤아웃 200개 (시드 701~740 x 5회, 드론 5 목적지 50)
완주: 규칙+탈출 195 · 학습 200 · 둘 다 195

[편향된 비교] 각자 완주한 것만 평균
  규칙+탈출 617   학습 642   차이 +25

[쌍별 비교] 둘 다 완주한 195개
  규칙+탈출 617   학습 640   쌍별 차이 +24 (중앙값 +11)
  학습이 빠른 경우 90 · 느린 경우 105 · 동점 0
  윌콕슨 부호순위 p=0.0502

규칙만 실패한 5개에서 학습의 makespan: 705 (범위 593-943)

저장: /home/kopt/drone/figures/paired_d5_PD0a_v5_26_09_30_04.csv
[2026-09-30 17:51:23] === 쌍별 표준 PD0a ===
pygame 2.6.1 (SDL 2.28.4, Python 3.10.19)

롤아웃 120개 (시드 101~160 x 2회, 드론 4 목적지 50)
완주: 규칙+탈출 119 · 학습 120 · 둘 다 119

[편향된 비교] 각자 완주한 것만 평균
  규칙+탈출 931   학습 936   차이 +5

[쌍별 비교] 둘 다 완주한 119개
  규칙+탈출 931   학습 937   쌍별 차이 +6 (중앙값 -10)
  학습이 빠른 경우 63 · 느린 경우 56 · 동점 0
  윌콕슨 부호순위 p=0.9514

규칙만 실패한 1개에서 학습의 makespan: 829 (범위 829-829)

저장: /home/kopt/drone/figures/paired_std_PD0a_v5_26_09_30_04.csv
[2026-09-30 17:54:03] === 쌍별 3/30 PD0b ===
pygame 2.6.1 (SDL 2.28.4, Python 3.10.19)

롤아웃 200개 (시드 501~540 x 5회, 드론 3 목적지 30)
완주: 규칙+탈출 200 · 학습 200 · 둘 다 200

[편향된 비교] 각자 완주한 것만 평균
  규칙+탈출 609   학습 826   차이 +217

[쌍별 비교] 둘 다 완주한 200개
  규칙+탈출 609   학습 826   쌍별 차이 +217 (중앙값 +142)
  학습이 빠른 경우 36 · 느린 경우 162 · 동점 2
  윌콕슨 부호순위 p=0.0000

저장: /home/kopt/drone/figures/paired_d3_PD0b_v5_26_09_30_04.csv
[2026-09-30 17:56:21] === 쌍별 5/50 PD0b ===
pygame 2.6.1 (SDL 2.28.4, Python 3.10.19)

롤아웃 200개 (시드 701~740 x 5회, 드론 5 목적지 50)
완주: 규칙+탈출 192 · 학습 200 · 둘 다 192

[편향된 비교] 각자 완주한 것만 평균
  규칙+탈출 626   학습 659   차이 +33

[쌍별 비교] 둘 다 완주한 192개
  규칙+탈출 626   학습 657   쌍별 차이 +30 (중앙값 +20)
  학습이 빠른 경우 88 · 느린 경우 103 · 동점 1
  윌콕슨 부호순위 p=0.0041

규칙만 실패한 8개에서 학습의 makespan: 709 (범위 561-1242)

저장: /home/kopt/drone/figures/paired_d5_PD0b_v5_26_09_30_04.csv
[2026-09-30 18:01:57] === 쌍별 표준 PD0b ===
pygame 2.6.1 (SDL 2.28.4, Python 3.10.19)

롤아웃 120개 (시드 101~160 x 2회, 드론 4 목적지 50)
완주: 규칙+탈출 120 · 학습 120 · 둘 다 120

[편향된 비교] 각자 완주한 것만 평균
  규칙+탈출 937   학습 1095   차이 +158

[쌍별 비교] 둘 다 완주한 120개
  규칙+탈출 937   학습 1095   쌍별 차이 +158 (중앙값 +144)
  학습이 빠른 경우 23 · 느린 경우 97 · 동점 0
  윌콕슨 부호순위 p=0.0000

저장: /home/kopt/drone/figures/paired_std_PD0b_v5_26_09_30_04.csv
[2026-09-30 18:04:56] === 완료 ===
