[2026-09-15 22:23:48] === v5 2·3단계 학습 시작 ===
[2026-09-15 22:24:17] === 종료 대기 (최대 12시간) ===
[2026-09-16 00:33:57] --- 재기동: 목표유지 off, 먼후보 0, 엔트로피 목표 유효행동 기준 ---
[2026-09-16 00:34:24] === v5 2·3단계 학습 시작 ===
[2026-09-16 00:34:54] === 종료 대기 (최대 12시간) ===
[2026-09-16 09:38:41] 학습 종료
[2026-09-16 09:38:41] === 평가 (a): 표준 구성 드론 4, 목적지 50, CC 고정, 60시드x2 ===
pygame 2.6.1 (SDL 2.28.4, Python 3.10.19)
  규칙상위 + 직진하위 (= greedy): 23.08/50
  기하 중계 규칙 (무학습): 46.0/50
  규칙상위 + 직진 (중계1대 고정): 24.85/50
  규칙상위 + 직진 (중계2대 고정): 34.91/50
  학습상위 + 직진하위 (v5_26_09_15_23_s2a): 50.0/50
  학습상위 + 직진하위 (v5_26_09_15_23_s2b): 50.0/50
  학습상위 + 직진하위 (v5_26_09_15_23_s3a): 50.0/50
  학습상위 + 직진하위 (v5_26_09_15_23_s3b): 50.0/50

홀드아웃 60개 × 2회 = 롤아웃 120개 (시드 101~160), 반경 300, 드론 4 목적지 50 CC=고정

method                           | delivered | sd    | se   | reloads | idle | hop2plus | reach | blocked | stall | maxstall | steps   | comm_loss | full | full_pct | makespan | mk_sd
------------------------------------------------------------------------------------------------------------------------------------------------------------------------------------------
규칙상위 + 직진하위 (= greedy)           | 23.08     | 8.84  | 0.81 | 2.12    | 0.0  | 0.669    | 649.0 | 39342.0 | 0.99  | 9748.0   | 10000.0 | 0         | 0    | 0.0      | -        | -    
기하 중계 규칙 (무학습)                   | 46.0      | 7.47  | 0.68 | 6.2     | 0.0  | 0.649    | 898.0 | 11516.0 | 0.38  | 2920.0   | 3961.0  | 0         | 79   | 65.8     | 827.0    | 79.0 
규칙상위 + 직진 (중계1대 고정)              | 24.85     | 8.01  | 0.73 | 3.21    | 1.0  | 0.61     | 681.0 | 36167.0 | 0.911 | 9682.0   | 10000.0 | 0         | 0    | 0.0      | -        | -    
규칙상위 + 직진 (중계2대 고정)              | 34.91     | 10.18 | 0.93 | 5.88    | 2.0  | 0.701    | 785.0 | 27706.0 | 0.742 | 4829.0   | 9849.0  | 0         | 2    | 1.7      | 922.0    | 6.0  
학습상위 + 직진하위 (v5_26_09_15_23_s2a) | 50.0      | 0.0   | 0.0  | 8.37    | 0.0  | 0.58     | 931.0 | 1892.0  | 0.268 | 41.0     | 1830.0  | 0         | 120  | 100.0    | 1830.0   | 847.0
학습상위 + 직진하위 (v5_26_09_15_23_s2b) | 50.0      | 0.0   | 0.0  | 8.49    | 0.0  | 0.625    | 931.0 | 1476.0  | 0.325 | 43.0     | 1174.0  | 0         | 120  | 100.0    | 1174.0   | 289.0
학습상위 + 직진하위 (v5_26_09_15_23_s3a) | 50.0      | 0.0   | 0.0  | 8.59    | 0.0  | 0.649    | 932.0 | 2401.0  | 0.393 | 59.0     | 1544.0  | 0         | 120  | 100.0    | 1544.0   | 408.0
학습상위 + 직진하위 (v5_26_09_15_23_s3b) | 50.0      | 0.0   | 0.0  | 8.65    | 0.0  | 0.636    | 932.0 | 2432.0  | 0.439 | 164.0    | 1356.0  | 0         | 120  | 100.0    | 1356.0   | 472.0

저장: /home/kopt/drone/figures/eval_v5s23_std_26_09_15_23.csv
[2026-09-16 10:52:21] === 평가 (b): 미지 구성 드론 3, 목적지 30, CC 무작위, 40시드 ===
pygame 2.6.1 (SDL 2.28.4, Python 3.10.19)
  규칙상위 + 직진하위 (= greedy): 14.12/50
  기하 중계 규칙 (무학습): 29.62/50
  규칙상위 + 직진 (중계1대 고정): 16.4/50
  규칙상위 + 직진 (중계2대 고정): 23.73/50
  학습상위 + 직진하위 (v5_26_09_15_23_s2a): 29.38/50
  학습상위 + 직진하위 (v5_26_09_15_23_s2b): 29.95/50
  학습상위 + 직진하위 (v5_26_09_15_23_s3a): 30.0/50
  학습상위 + 직진하위 (v5_26_09_15_23_s3b): 30.0/50

홀드아웃 40개 × 1회 = 롤아웃 40개 (시드 501~540), 반경 300, 드론 3 목적지 30 CC=무작위

method                           | delivered | sd   | se   | reloads | idle | hop2plus | reach | blocked | stall | maxstall | steps   | comm_loss | full | full_pct | makespan | mk_sd 
------------------------------------------------------------------------------------------------------------------------------------------------------------------------------------------
규칙상위 + 직진하위 (= greedy)           | 14.12     | 5.78 | 0.91 | 1.2     | 0.0  | 0.579    | 544.0 | 29602.0 | 0.992 | 9839.0   | 10000.0 | 0         | 0    | 0.0      | -        | -     
기하 중계 규칙 (무학습)                   | 29.62     | 1.73 | 0.27 | 3.48    | 0.0  | 0.469    | 740.0 | 1074.0  | 0.096 | 503.0    | 1051.0  | 0         | 38   | 95.0     | 580.0    | 108.0 
규칙상위 + 직진 (중계1대 고정)              | 16.4      | 6.63 | 1.05 | 2.08    | 1.0  | 0.566    | 568.0 | 25703.0 | 0.864 | 9517.0   | 9760.0  | 0         | 1    | 2.5      | 386.0    | 0.0   
규칙상위 + 직진 (중계2대 고정)              | 23.73     | 7.59 | 1.2  | 4.12    | 2.0  | 0.438    | 696.0 | 7166.0  | 0.369 | 4536.0   | 5210.0  | 0         | 21   | 52.5     | 875.0    | 46.0  
학습상위 + 직진하위 (v5_26_09_15_23_s2a) | 29.38     | 1.85 | 0.29 | 4.47    | 0.0  | 0.426    | 744.0 | 5551.0  | 0.395 | 1003.0   | 3565.0  | 0         | 35   | 87.5     | 2645.0   | 1669.0
학습상위 + 직진하위 (v5_26_09_15_23_s2b) | 29.95     | 0.31 | 0.05 | 4.65    | 0.0  | 0.37     | 746.0 | 3768.0  | 0.342 | 496.0    | 3401.0  | 0         | 39   | 97.5     | 3232.0   | 2609.0
학습상위 + 직진하위 (v5_26_09_15_23_s3a) | 30.0      | 0.0  | 0.0  | 4.67    | 0.0  | 0.497    | 747.0 | 1291.0  | 0.322 | 80.0     | 1307.0  | 0         | 40   | 100.0    | 1307.0   | 473.0 
학습상위 + 직진하위 (v5_26_09_15_23_s3b) | 30.0      | 0.0  | 0.0  | 4.78    | 0.0  | 0.505    | 747.0 | 1542.0  | 0.422 | 161.0    | 1194.0  | 0         | 40   | 100.0    | 1194.0   | 374.0 

저장: /home/kopt/drone/figures/eval_v5s23_d3_26_09_15_23.csv
[2026-09-16 11:05:45] === 평가 (c): 미지 구성 드론 6, 목적지 80, CC 무작위, 40시드 ===
pygame 2.6.1 (SDL 2.28.4, Python 3.10.19)
  규칙상위 + 직진하위 (= greedy): 68.92/50
  기하 중계 규칙 (무학습): 79.3/50
  규칙상위 + 직진 (중계1대 고정): 70.8/50
  규칙상위 + 직진 (중계2대 고정): 73.85/50
  학습상위 + 직진하위 (v5_26_09_15_23_s2a): 79.47/50
  학습상위 + 직진하위 (v5_26_09_15_23_s2b): 79.35/50
  학습상위 + 직진하위 (v5_26_09_15_23_s3a): 80.0/50
  학습상위 + 직진하위 (v5_26_09_15_23_s3b): 80.0/50

홀드아웃 40개 × 1회 = 롤아웃 40개 (시드 601~640), 반경 300, 드론 6 목적지 80 CC=무작위

method                           | delivered | sd    | se   | reloads | idle | hop2plus | reach | blocked | stall | maxstall | steps  | comm_loss | full | full_pct | makespan | mk_sd 
------------------------------------------------------------------------------------------------------------------------------------------------------------------------------------------
규칙상위 + 직진하위 (= greedy)           | 68.92     | 14.14 | 2.24 | 10.43   | 0.0  | 0.652    | 807.0 | 29696.0 | 0.677 | 4739.0   | 5310.0 | 0         | 20   | 50.0     | 619.0    | 85.0  
기하 중계 규칙 (무학습)                   | 79.3      | 4.37  | 0.69 | 13.57   | 0.0  | 0.629    | 877.0 | 2441.0  | 0.252 | 246.0    | 1032.0 | 0         | 39   | 97.5     | 803.0    | 203.0 
규칙상위 + 직진 (중계1대 고정)              | 70.8      | 11.88 | 1.88 | 11.55   | 0.97 | 0.596    | 801.0 | 25235.0 | 0.581 | 4242.0   | 4874.0 | 0         | 22   | 55.0     | 681.0    | 82.0  
규칙상위 + 직진 (중계2대 고정)              | 73.85     | 9.84  | 1.56 | 12.5    | 1.95 | 0.57     | 835.0 | 18324.0 | 0.409 | 2351.0   | 3957.0 | 0         | 26   | 65.0     | 703.0    | 86.0  
학습상위 + 직진하위 (v5_26_09_15_23_s2a) | 79.47     | 2.5   | 0.4  | 13.12   | 0.0  | 0.433    | 875.0 | 5157.0  | 0.247 | 11.0     | 2425.0 | 0         | 38   | 95.0     | 2026.0   | 1931.0
학습상위 + 직진하위 (v5_26_09_15_23_s2b) | 79.35     | 4.06  | 0.64 | 13.45   | 0.0  | 0.45     | 875.0 | 3025.0  | 0.241 | 10.0     | 2053.0 | 0         | 39   | 97.5     | 1849.0   | 1654.0
학습상위 + 직진하위 (v5_26_09_15_23_s3a) | 80.0      | 0.0   | 0.0  | 14.0    | 0.0  | 0.605    | 881.0 | 1330.0  | 0.252 | 12.0     | 923.0  | 0         | 40   | 100.0    | 923.0    | 195.0 
학습상위 + 직진하위 (v5_26_09_15_23_s3b) | 80.0      | 0.0   | 0.0  | 13.95   | 0.0  | 0.593    | 881.0 | 1222.0  | 0.245 | 14.0     | 901.0  | 0         | 40   | 100.0    | 901.0    | 134.0 

저장: /home/kopt/drone/figures/eval_v5s23_d6_26_09_15_23.csv
[2026-09-16 11:27:56] === 평가 (d): 미지 구성 드론 5, 목적지 50, CC 무작위, 40시드 ===
pygame 2.6.1 (SDL 2.28.4, Python 3.10.19)
  규칙상위 + 직진하위 (= greedy): 38.4/50
  기하 중계 규칙 (무학습): 48.88/50
  규칙상위 + 직진 (중계1대 고정): 40.17/50
  규칙상위 + 직진 (중계2대 고정): 44.98/50
  학습상위 + 직진하위 (v5_26_09_15_23_s2a): 49.65/50
  학습상위 + 직진하위 (v5_26_09_15_23_s2b): 49.65/50
  학습상위 + 직진하위 (v5_26_09_15_23_s3a): 50.0/50
  학습상위 + 직진하위 (v5_26_09_15_23_s3b): 50.0/50

홀드아웃 40개 × 1회 = 롤아웃 40개 (시드 701~740), 반경 300, 드론 5 목적지 50 CC=무작위

method                           | delivered | sd    | se   | reloads | idle | hop2plus | reach | blocked | stall | maxstall | steps  | comm_loss | full | full_pct | makespan | mk_sd 
------------------------------------------------------------------------------------------------------------------------------------------------------------------------------------------
규칙상위 + 직진하위 (= greedy)           | 38.4      | 10.17 | 1.61 | 5.0     | 0.0  | 0.628    | 702.0 | 34624.0 | 0.822 | 6766.0   | 7167.0 | 0         | 12   | 30.0     | 557.0    | 135.0 
기하 중계 규칙 (무학습)                   | 48.88     | 5.38  | 0.85 | 7.58    | 0.0  | 0.575    | 829.0 | 4579.0  | 0.236 | 489.0    | 1525.0 | 0         | 36   | 90.0     | 584.0    | 84.0  
규칙상위 + 직진 (중계1대 고정)              | 40.17     | 10.68 | 1.69 | 5.72    | 0.97 | 0.582    | 748.0 | 29172.0 | 0.695 | 6260.0   | 6696.0 | 0         | 14   | 35.0     | 561.0    | 79.0  
규칙상위 + 직진 (중계2대 고정)              | 44.98     | 9.44  | 1.49 | 7.6     | 1.93 | 0.539    | 787.0 | 14467.0 | 0.396 | 2641.0   | 3898.0 | 0         | 26   | 65.0     | 612.0    | 82.0  
학습상위 + 직진하위 (v5_26_09_15_23_s2a) | 49.65     | 1.54  | 0.24 | 7.65    | 0.0  | 0.424    | 843.0 | 3783.0  | 0.266 | 20.0     | 2052.0 | 0         | 38   | 95.0     | 1634.0   | 1248.0
학습상위 + 직진하위 (v5_26_09_15_23_s2b) | 49.65     | 2.19  | 0.35 | 7.6     | 0.0  | 0.41     | 844.0 | 2997.0  | 0.257 | 25.0     | 2428.0 | 0         | 39   | 97.5     | 2234.0   | 2477.0
학습상위 + 직진하위 (v5_26_09_15_23_s3a) | 50.0      | 0.0   | 0.0  | 8.38    | 0.0  | 0.58     | 845.0 | 1162.0  | 0.274 | 22.0     | 868.0  | 0         | 40   | 100.0    | 868.0    | 205.0 
학습상위 + 직진하위 (v5_26_09_15_23_s3b) | 50.0      | 0.0   | 0.0  | 8.0     | 0.0  | 0.569    | 845.0 | 1191.0  | 0.276 | 67.0     | 828.0  | 0         | 40   | 100.0    | 828.0    | 309.0 

저장: /home/kopt/drone/figures/eval_v5s23_d5_26_09_15_23.csv
[2026-09-16 11:48:02] === 완료 ===
