[2026-09-27 11:11:51] === 사이클 13 학습 시작 (RR3 x2 중계가중치 3, RG4 x2 균일 규칙정규화 4) ===
[2026-09-27 11:12:19] === 종료 대기 (최대 26시간) ===
[2026-09-28 06:27:58] 학습 종료
[2026-09-28 06:27:58] === 쌍별 표준 RR3a ===
pygame 2.6.1 (SDL 2.28.4, Python 3.10.19)

롤아웃 120개 (시드 101~160 x 2회, 드론 4 목적지 50)
완주: 규칙+탈출 118 · 학습 120 · 둘 다 118

[편향된 비교] 각자 완주한 것만 평균
  규칙+탈출 921   학습 967   차이 +46

[쌍별 비교] 둘 다 완주한 118개
  규칙+탈출 921   학습 968   쌍별 차이 +47 (중앙값 +41)
  학습이 빠른 경우 50 · 느린 경우 68 · 동점 0
  윌콕슨 부호순위 p=0.0079

규칙만 실패한 2개에서 학습의 makespan: 932 (범위 893-972)

저장: /home/kopt/drone/figures/paired_std_RR3a_v5_26_09_27_11.csv
[2026-09-28 06:31:00] === 쌍별 3/30 RR3a ===
pygame 2.6.1 (SDL 2.28.4, Python 3.10.19)

롤아웃 40개 (시드 501~540 x 1회, 드론 3 목적지 30)
완주: 규칙+탈출 40 · 학습 40 · 둘 다 40

[편향된 비교] 각자 완주한 것만 평균
  규칙+탈출 610   학습 648   차이 +38

[쌍별 비교] 둘 다 완주한 40개
  규칙+탈출 610   학습 648   쌍별 차이 +38 (중앙값 +58)
  학습이 빠른 경우 10 · 느린 경우 30 · 동점 0
  윌콕슨 부호순위 p=0.0062

저장: /home/kopt/drone/figures/paired_d3_RR3a_v5_26_09_27_11.csv
[2026-09-28 06:31:27] === 쌍별 5/50 RR3a ===
pygame 2.6.1 (SDL 2.28.4, Python 3.10.19)

롤아웃 40개 (시드 701~740 x 1회, 드론 5 목적지 50)
완주: 규칙+탈출 40 · 학습 40 · 둘 다 40

[편향된 비교] 각자 완주한 것만 평균
  규칙+탈출 634   학습 615   차이 -19

[쌍별 비교] 둘 다 완주한 40개
  규칙+탈출 634   학습 615   쌍별 차이 -19 (중앙값 +13)
  학습이 빠른 경우 19 · 느린 경우 21 · 동점 0
  윌콕슨 부호순위 p=0.9571

저장: /home/kopt/drone/figures/paired_d5_RR3a_v5_26_09_27_11.csv
[2026-09-28 06:32:23] === 쌍별 표준 RR3b ===
pygame 2.6.1 (SDL 2.28.4, Python 3.10.19)

롤아웃 120개 (시드 101~160 x 2회, 드론 4 목적지 50)
완주: 규칙+탈출 118 · 학습 120 · 둘 다 118

[편향된 비교] 각자 완주한 것만 평균
  규칙+탈출 940   학습 978   차이 +38

[쌍별 비교] 둘 다 완주한 118개
  규칙+탈출 940   학습 980   쌍별 차이 +40 (중앙값 +13)
  학습이 빠른 경우 55 · 느린 경우 63 · 동점 0
  윌콕슨 부호순위 p=0.5893

규칙만 실패한 2개에서 학습의 makespan: 867 (범위 865-869)

저장: /home/kopt/drone/figures/paired_std_RR3b_v5_26_09_27_11.csv
[2026-09-28 06:35:40] === 쌍별 3/30 RR3b ===
pygame 2.6.1 (SDL 2.28.4, Python 3.10.19)

롤아웃 40개 (시드 501~540 x 1회, 드론 3 목적지 30)
완주: 규칙+탈출 40 · 학습 40 · 둘 다 40

[편향된 비교] 각자 완주한 것만 평균
  규칙+탈출 612   학습 633   차이 +21

[쌍별 비교] 둘 다 완주한 40개
  규칙+탈출 612   학습 633   쌍별 차이 +21 (중앙값 +18)
  학습이 빠른 경우 15 · 느린 경우 24 · 동점 1
  윌콕슨 부호순위 p=0.2016

저장: /home/kopt/drone/figures/paired_d3_RR3b_v5_26_09_27_11.csv
[2026-09-28 06:36:05] === 쌍별 5/50 RR3b ===
pygame 2.6.1 (SDL 2.28.4, Python 3.10.19)

롤아웃 40개 (시드 701~740 x 1회, 드론 5 목적지 50)
완주: 규칙+탈출 36 · 학습 40 · 둘 다 36

[편향된 비교] 각자 완주한 것만 평균
  규칙+탈출 622   학습 574   차이 -48

[쌍별 비교] 둘 다 완주한 36개
  규칙+탈출 622   학습 570   쌍별 차이 -51 (중앙값 -29)
  학습이 빠른 경우 22 · 느린 경우 14 · 동점 0
  윌콕슨 부호순위 p=0.0594

규칙만 실패한 4개에서 학습의 makespan: 601 (범위 521-766)

저장: /home/kopt/drone/figures/paired_d5_RR3b_v5_26_09_27_11.csv
[2026-09-28 06:37:47] === 쌍별 표준 RG4a ===
pygame 2.6.1 (SDL 2.28.4, Python 3.10.19)

롤아웃 120개 (시드 101~160 x 2회, 드론 4 목적지 50)
완주: 규칙+탈출 119 · 학습 120 · 둘 다 119

[편향된 비교] 각자 완주한 것만 평균
  규칙+탈출 951   학습 949   차이 -2

[쌍별 비교] 둘 다 완주한 119개
  규칙+탈출 951   학습 934   쌍별 차이 -18 (중앙값 +1)
  학습이 빠른 경우 59 · 느린 경우 60 · 동점 0
  윌콕슨 부호순위 p=0.9345

규칙만 실패한 1개에서 학습의 makespan: 2799 (범위 2799-2799)

저장: /home/kopt/drone/figures/paired_std_RG4a_v5_26_09_27_11.csv
[2026-09-28 06:40:47] === 쌍별 3/30 RG4a ===
pygame 2.6.1 (SDL 2.28.4, Python 3.10.19)

롤아웃 40개 (시드 501~540 x 1회, 드론 3 목적지 30)
완주: 규칙+탈출 40 · 학습 40 · 둘 다 40

[편향된 비교] 각자 완주한 것만 평균
  규칙+탈출 610   학습 618   차이 +8

[쌍별 비교] 둘 다 완주한 40개
  규칙+탈출 610   학습 618   쌍별 차이 +8 (중앙값 +8)
  학습이 빠른 경우 16 · 느린 경우 23 · 동점 1
  윌콕슨 부호순위 p=0.3252

저장: /home/kopt/drone/figures/paired_d3_RG4a_v5_26_09_27_11.csv
[2026-09-28 06:41:13] === 쌍별 5/50 RG4a ===
pygame 2.6.1 (SDL 2.28.4, Python 3.10.19)

롤아웃 40개 (시드 701~740 x 1회, 드론 5 목적지 50)
완주: 규칙+탈출 36 · 학습 40 · 둘 다 36

[편향된 비교] 각자 완주한 것만 평균
  규칙+탈출 634   학습 566   차이 -68

[쌍별 비교] 둘 다 완주한 36개
  규칙+탈출 634   학습 560   쌍별 차이 -75 (중앙값 -34)
  학습이 빠른 경우 28 · 느린 경우 8 · 동점 0
  윌콕슨 부호순위 p=0.0017

규칙만 실패한 4개에서 학습의 makespan: 626 (범위 589-676)

저장: /home/kopt/drone/figures/paired_d5_RG4a_v5_26_09_27_11.csv
[2026-09-28 06:42:56] === 쌍별 표준 RG4b ===
pygame 2.6.1 (SDL 2.28.4, Python 3.10.19)

롤아웃 120개 (시드 101~160 x 2회, 드론 4 목적지 50)
완주: 규칙+탈출 118 · 학습 120 · 둘 다 118

[편향된 비교] 각자 완주한 것만 평균
  규칙+탈출 897   학습 908   차이 +11

[쌍별 비교] 둘 다 완주한 118개
  규칙+탈출 897   학습 911   쌍별 차이 +14 (중앙값 +24)
  학습이 빠른 경우 55 · 느린 경우 63 · 동점 0
  윌콕슨 부호순위 p=0.6674

규칙만 실패한 2개에서 학습의 makespan: 739 (범위 736-742)

저장: /home/kopt/drone/figures/paired_std_RG4b_v5_26_09_27_11.csv
[2026-09-28 06:45:58] === 쌍별 3/30 RG4b ===
pygame 2.6.1 (SDL 2.28.4, Python 3.10.19)

롤아웃 40개 (시드 501~540 x 1회, 드론 3 목적지 30)
완주: 규칙+탈출 40 · 학습 40 · 둘 다 40

[편향된 비교] 각자 완주한 것만 평균
  규칙+탈출 608   학습 635   차이 +26

[쌍별 비교] 둘 다 완주한 40개
  규칙+탈출 608   학습 635   쌍별 차이 +26 (중앙값 +28)
  학습이 빠른 경우 15 · 느린 경우 25 · 동점 0
  윌콕슨 부호순위 p=0.1357

저장: /home/kopt/drone/figures/paired_d3_RG4b_v5_26_09_27_11.csv
[2026-09-28 06:46:25] === 쌍별 5/50 RG4b ===
pygame 2.6.1 (SDL 2.28.4, Python 3.10.19)

롤아웃 40개 (시드 701~740 x 1회, 드론 5 목적지 50)
완주: 규칙+탈출 40 · 학습 40 · 둘 다 40

[편향된 비교] 각자 완주한 것만 평균
  규칙+탈출 646   학습 604   차이 -42

[쌍별 비교] 둘 다 완주한 40개
  규칙+탈출 646   학습 604   쌍별 차이 -42 (중앙값 -4)
  학습이 빠른 경우 22 · 느린 경우 18 · 동점 0
  윌콕슨 부호순위 p=0.3678

저장: /home/kopt/drone/figures/paired_d5_RG4b_v5_26_09_27_11.csv
[2026-09-28 06:47:19] === 집계 평가 std ===
pygame 2.6.1 (SDL 2.28.4, Python 3.10.19)
  규칙상위 + 직진하위 (= greedy): 22.85/50
  기하 중계 규칙 (무학습): 44.65/50
  기하 중계 규칙 + 교착 탈출 (무학습): 49.78/50
  규칙상위 + 직진 (중계1대 고정): 24.77/50
  규칙상위 + 직진 (중계2대 고정): 35.21/50
  학습상위 + 직진하위 (v5_26_09_27_11_RR3a): 50.0/50
  학습상위 + 직진하위 (v5_26_09_27_11_RR3b): 50.0/50
  학습상위 + 직진하위 (v5_26_09_27_11_RG4a): 50.0/50
  학습상위 + 직진하위 (v5_26_09_27_11_RG4b): 50.0/50
  학습상위 + 직진하위 (v5_26_09_23_18_SWa): 50.0/50

홀드아웃 60개 × 2회 = 롤아웃 120개 (시드 101~160), 반경 300, 드론 4 목적지 50 CC=고정

method                            | delivered | sd    | se   | reloads | idle | hop2plus | reach | blocked | stall | maxstall | steps   | comm_loss | full | full_pct | makespan | mk_sd
-------------------------------------------------------------------------------------------------------------------------------------------------------------------------------------------
규칙상위 + 직진하위 (= greedy)            | 22.85     | 8.83  | 0.81 | 2.03    | 0.0  | 0.653    | 652.0 | 39349.0 | 0.99  | 9750.0   | 10000.0 | 0         | 0    | 0.0      | -        | -    
기하 중계 규칙 (무학습)                    | 44.65     | 9.4   | 0.86 | 6.06    | 0.0  | 0.65     | 884.0 | 13247.0 | 0.415 | 3478.0   | 4333.0  | 0         | 74   | 61.7     | 810.0    | 73.0 
기하 중계 규칙 + 교착 탈출 (무학습)            | 49.78     | 1.84  | 0.17 | 6.99    | 0.0  | 0.61     | 931.0 | 1005.0  | 0.182 | 31.0     | 1039.0  | 0         | 118  | 98.3     | 887.0    | 142.0
규칙상위 + 직진 (중계1대 고정)               | 24.77     | 7.64  | 0.7  | 3.14    | 1.0  | 0.606    | 682.0 | 36028.0 | 0.907 | 9687.0   | 10000.0 | 0         | 0    | 0.0      | -        | -    
규칙상위 + 직진 (중계2대 고정)               | 35.21     | 10.25 | 0.94 | 5.9     | 2.0  | 0.69     | 790.0 | 27143.0 | 0.727 | 4671.0   | 9697.0  | 0         | 4    | 3.3      | 914.0    | 12.0 
학습상위 + 직진하위 (v5_26_09_27_11_RR3a) | 50.0      | 0.0   | 0.0  | 7.85    | 0.0  | 0.615    | 933.0 | 991.0   | 0.276 | 47.0     | 938.0   | 0         | 120  | 100.0    | 938.0    | 187.0
학습상위 + 직진하위 (v5_26_09_27_11_RR3b) | 50.0      | 0.0   | 0.0  | 7.72    | 0.0  | 0.61     | 933.0 | 950.0   | 0.254 | 62.0     | 932.0   | 0         | 120  | 100.0    | 932.0    | 317.0
학습상위 + 직진하위 (v5_26_09_27_11_RG4a) | 50.0      | 0.0   | 0.0  | 7.43    | 0.0  | 0.611    | 934.0 | 931.0   | 0.269 | 49.0     | 916.0   | 0         | 120  | 100.0    | 916.0    | 185.0
학습상위 + 직진하위 (v5_26_09_27_11_RG4b) | 50.0      | 0.0   | 0.0  | 7.81    | 0.0  | 0.621    | 934.0 | 932.0   | 0.255 | 53.0     | 925.0   | 0         | 120  | 100.0    | 925.0    | 257.0
학습상위 + 직진하위 (v5_26_09_23_18_SWa)  | 50.0      | 0.0   | 0.0  | 7.85    | 0.0  | 0.617    | 933.0 | 1018.0  | 0.301 | 42.0     | 911.0   | 0         | 120  | 100.0    | 911.0    | 147.0

저장: /home/kopt/drone/figures/eval_v5rc_std_26_09_27_11.csv
[2026-09-28 08:07:45] === 집계 평가 d3 ===
pygame 2.6.1 (SDL 2.28.4, Python 3.10.19)
  규칙상위 + 직진하위 (= greedy): 14.2/50
  기하 중계 규칙 (무학습): 29.62/50
  기하 중계 규칙 + 교착 탈출 (무학습): 30.0/50
  규칙상위 + 직진 (중계1대 고정): 16.23/50
  규칙상위 + 직진 (중계2대 고정): 23.73/50
  학습상위 + 직진하위 (v5_26_09_27_11_RR3a): 30.0/50
  학습상위 + 직진하위 (v5_26_09_27_11_RR3b): 30.0/50
  학습상위 + 직진하위 (v5_26_09_27_11_RG4a): 30.0/50
  학습상위 + 직진하위 (v5_26_09_27_11_RG4b): 30.0/50
  학습상위 + 직진하위 (v5_26_09_23_18_SWa): 30.0/50

홀드아웃 40개 × 1회 = 롤아웃 40개 (시드 501~540), 반경 300, 드론 3 목적지 30 CC=무작위

method                            | delivered | sd   | se   | reloads | idle | hop2plus | reach | blocked | stall | maxstall | steps   | comm_loss | full | full_pct | makespan | mk_sd
------------------------------------------------------------------------------------------------------------------------------------------------------------------------------------------
규칙상위 + 직진하위 (= greedy)            | 14.2      | 5.91 | 0.93 | 1.23    | 0.0  | 0.571    | 545.0 | 29598.0 | 0.992 | 9837.0   | 10000.0 | 0         | 0    | 0.0      | -        | -    
기하 중계 규칙 (무학습)                    | 29.62     | 1.73 | 0.27 | 3.48    | 0.0  | 0.468    | 740.0 | 1073.0  | 0.095 | 502.0    | 1052.0  | 0         | 38   | 95.0     | 581.0    | 108.0
기하 중계 규칙 + 교착 탈출 (무학습)            | 30.0      | 0.0  | 0.0  | 3.42    | 0.0  | 0.465    | 751.0 | 158.0   | 0.081 | 41.0     | 607.0   | 0         | 40   | 100.0    | 607.0    | 172.0
규칙상위 + 직진 (중계1대 고정)               | 16.23     | 6.39 | 1.01 | 2.05    | 1.0  | 0.558    | 569.0 | 25723.0 | 0.864 | 9521.0   | 9760.0  | 0         | 1    | 2.5      | 386.0    | 0.0  
규칙상위 + 직진 (중계2대 고정)               | 23.73     | 7.59 | 1.2  | 4.12    | 2.0  | 0.437    | 696.0 | 7166.0  | 0.368 | 4536.0   | 5209.0  | 0         | 21   | 52.5     | 875.0    | 47.0 
학습상위 + 직진하위 (v5_26_09_27_11_RR3a) | 30.0      | 0.0  | 0.0  | 4.53    | 0.0  | 0.47     | 750.0 | 408.0   | 0.214 | 45.0     | 660.0   | 0         | 40   | 100.0    | 660.0    | 134.0
학습상위 + 직진하위 (v5_26_09_27_11_RR3b) | 30.0      | 0.0  | 0.0  | 4.28    | 0.0  | 0.482    | 748.0 | 812.0   | 0.229 | 193.0    | 765.0   | 0         | 40   | 100.0    | 765.0    | 823.0
학습상위 + 직진하위 (v5_26_09_27_11_RG4a) | 30.0      | 0.0  | 0.0  | 4.22    | 0.0  | 0.483    | 750.0 | 496.0   | 0.246 | 69.0     | 663.0   | 0         | 40   | 100.0    | 663.0    | 190.0
학습상위 + 직진하위 (v5_26_09_27_11_RG4b) | 30.0      | 0.0  | 0.0  | 4.38    | 0.0  | 0.493    | 749.0 | 463.0   | 0.256 | 64.0     | 639.0   | 0         | 40   | 100.0    | 639.0    | 136.0
학습상위 + 직진하위 (v5_26_09_23_18_SWa)  | 30.0      | 0.0  | 0.0  | 4.47    | 0.0  | 0.499    | 748.0 | 596.0   | 0.293 | 76.0     | 689.0   | 0         | 40   | 100.0    | 689.0    | 175.0

저장: /home/kopt/drone/figures/eval_v5rc_d3_26_09_27_11.csv
[2026-09-28 08:20:28] === 집계 평가 d5 ===
pygame 2.6.1 (SDL 2.28.4, Python 3.10.19)
  규칙상위 + 직진하위 (= greedy): 36.2/50
  기하 중계 규칙 (무학습): 49.7/50
  기하 중계 규칙 + 교착 탈출 (무학습): 49.83/50
  규칙상위 + 직진 (중계1대 고정): 39.6/50
  규칙상위 + 직진 (중계2대 고정): 44.45/50
  학습상위 + 직진하위 (v5_26_09_27_11_RR3a): 50.0/50
  학습상위 + 직진하위 (v5_26_09_27_11_RR3b): 50.0/50
  학습상위 + 직진하위 (v5_26_09_27_11_RG4a): 50.0/50
  학습상위 + 직진하위 (v5_26_09_27_11_RG4b): 50.0/50
  학습상위 + 직진하위 (v5_26_09_23_18_SWa): 50.0/50

홀드아웃 40개 × 1회 = 롤아웃 40개 (시드 701~740), 반경 300, 드론 5 목적지 50 CC=무작위

method                            | delivered | sd    | se   | reloads | idle | hop2plus | reach | blocked | stall | maxstall | steps  | comm_loss | full | full_pct | makespan | mk_sd
------------------------------------------------------------------------------------------------------------------------------------------------------------------------------------------
규칙상위 + 직진하위 (= greedy)            | 36.2      | 9.85  | 1.56 | 4.53    | 0.0  | 0.627    | 697.0 | 37015.0 | 0.835 | 7275.0   | 7629.0 | 0         | 10   | 25.0     | 516.0    | 76.0 
기하 중계 규칙 (무학습)                    | 49.7      | 1.44  | 0.23 | 7.78    | 0.0  | 0.576    | 843.0 | 3376.0  | 0.212 | 245.0    | 1303.0 | 0         | 37   | 92.5     | 598.0    | 85.0 
기하 중계 규칙 + 교착 탈출 (무학습)            | 49.83     | 0.7   | 0.11 | 7.62    | 0.0  | 0.578    | 844.0 | 3037.0  | 0.234 | 35.0     | 1326.0 | 0         | 37   | 92.5     | 623.0    | 195.0
규칙상위 + 직진 (중계1대 고정)               | 39.6      | 11.24 | 1.78 | 5.5     | 0.97 | 0.533    | 726.0 | 27042.0 | 0.656 | 5788.0   | 6217.0 | 0         | 16   | 40.0     | 544.0    | 81.0 
규칙상위 + 직진 (중계2대 고정)               | 44.45     | 10.22 | 1.62 | 7.53    | 1.95 | 0.525    | 786.0 | 13964.0 | 0.385 | 2651.0   | 3897.0 | 0         | 26   | 65.0     | 611.0    | 84.0 
학습상위 + 직진하위 (v5_26_09_27_11_RR3a) | 50.0      | 0.0   | 0.0  | 7.6     | 0.0  | 0.547    | 847.0 | 614.0   | 0.215 | 13.0     | 605.0  | 0         | 40   | 100.0    | 605.0    | 140.0
학습상위 + 직진하위 (v5_26_09_27_11_RR3b) | 50.0      | 0.0   | 0.0  | 7.7     | 0.0  | 0.546    | 847.0 | 481.0   | 0.184 | 10.0     | 562.0  | 0         | 40   | 100.0    | 562.0    | 116.0
학습상위 + 직진하위 (v5_26_09_27_11_RG4a) | 50.0      | 0.0   | 0.0  | 7.75    | 0.0  | 0.538    | 845.0 | 520.0   | 0.2   | 14.0     | 561.0  | 0         | 40   | 100.0    | 561.0    | 117.0
학습상위 + 직진하위 (v5_26_09_27_11_RG4b) | 50.0      | 0.0   | 0.0  | 7.83    | 0.0  | 0.568    | 846.0 | 621.0   | 0.219 | 15.0     | 598.0  | 0         | 40   | 100.0    | 598.0    | 151.0
학습상위 + 직진하위 (v5_26_09_23_18_SWa)  | 50.0      | 0.0   | 0.0  | 7.85    | 0.0  | 0.552    | 847.0 | 705.0   | 0.207 | 49.0     | 593.0  | 0         | 40   | 100.0    | 593.0    | 308.0

저장: /home/kopt/drone/figures/eval_v5rc_d5_26_09_27_11.csv
[2026-09-28 08:41:31] === 완료 ===
