[2026-09-20 06:04:58] === 사이클 6 체인 종료 대기 ===
[2026-09-20 17:26:58] === 사이클 7 학습 시작 (S03 x2, S045 x2) ===
[2026-09-20 17:27:27] === 종료 대기 (최대 18시간) ===
[2026-09-21 09:38:07] 학습 종료
[2026-09-21 09:38:07] === 평가 (a): 표준 4/50, 60시드x2 ===
pygame 2.6.1 (SDL 2.28.4, Python 3.10.19)
  규칙상위 + 직진하위 (= greedy): 23.52/50
  기하 중계 규칙 (무학습): 45.9/50
  기하 중계 규칙 + 교착 탈출 (무학습): 49.83/50
  규칙상위 + 직진 (중계1대 고정): 25.52/50
  규칙상위 + 직진 (중계2대 고정): 36.03/50
  학습상위 + 직진하위 (v5_26_09_20_06_S03a): 50.0/50
  학습상위 + 직진하위 (v5_26_09_20_06_S03b): 50.0/50
  학습상위 + 직진하위 (v5_26_09_20_06_S045a): 50.0/50
  학습상위 + 직진하위 (v5_26_09_20_06_S045b): 50.0/50

홀드아웃 60개 × 2회 = 롤아웃 120개 (시드 101~160), 반경 300, 드론 4 목적지 50 CC=고정

method                             | delivered | sd    | se   | reloads | idle | hop2plus | reach | blocked | stall | maxstall | steps   | comm_loss | full | full_pct | makespan | mk_sd
--------------------------------------------------------------------------------------------------------------------------------------------------------------------------------------------
규칙상위 + 직진하위 (= greedy)             | 23.52     | 9.35  | 0.85 | 2.17    | 0.0  | 0.661    | 653.0 | 39324.0 | 0.989 | 9744.0   | 10000.0 | 0         | 0    | 0.0      | -        | -    
기하 중계 규칙 (무학습)                     | 45.9      | 7.65  | 0.7  | 6.31    | 0.0  | 0.65     | 895.0 | 12774.0 | 0.408 | 3386.0   | 4262.0  | 0         | 75   | 62.5     | 819.0    | 76.0 
기하 중계 규칙 + 교착 탈출 (무학습)             | 49.83     | 1.74  | 0.16 | 6.98    | 0.0  | 0.614    | 932.0 | 1051.0  | 0.191 | 39.0     | 1062.0  | 0         | 118  | 98.3     | 910.0    | 172.0
규칙상위 + 직진 (중계1대 고정)                | 25.52     | 8.63  | 0.79 | 3.35    | 1.0  | 0.612    | 687.0 | 35980.0 | 0.909 | 9596.0   | 9924.0  | 0         | 1    | 0.8      | 837.0    | 0.0  
규칙상위 + 직진 (중계2대 고정)                | 36.03     | 10.18 | 0.93 | 6.07    | 2.0  | 0.694    | 795.0 | 27237.0 | 0.727 | 4433.0   | 9699.0  | 0         | 4    | 3.3      | 958.0    | 30.0 
학습상위 + 직진하위 (v5_26_09_20_06_S03a)  | 50.0      | 0.0   | 0.0  | 8.18    | 0.0  | 0.626    | 932.0 | 1583.0  | 0.39  | 98.0     | 1035.0  | 0         | 120  | 100.0    | 1035.0   | 353.0
학습상위 + 직진하위 (v5_26_09_20_06_S03b)  | 50.0      | 0.0   | 0.0  | 7.71    | 0.0  | 0.638    | 933.0 | 1756.0  | 0.435 | 97.0     | 1055.0  | 0         | 120  | 100.0    | 1055.0   | 272.0
학습상위 + 직진하위 (v5_26_09_20_06_S045a) | 50.0      | 0.0   | 0.0  | 8.38    | 0.0  | 0.642    | 933.0 | 2465.0  | 0.452 | 224.0    | 1286.0  | 0         | 120  | 100.0    | 1286.0   | 670.0
학습상위 + 직진하위 (v5_26_09_20_06_S045b) | 50.0      | 0.0   | 0.0  | 8.33    | 0.0  | 0.631    | 932.0 | 1802.0  | 0.435 | 98.0     | 1074.0  | 0         | 120  | 100.0    | 1074.0   | 321.0

저장: /home/kopt/drone/figures/eval_v5esc_std_26_09_20_06.csv
[2026-09-21 10:51:20] === 평가: 드론 3, 목적지 30, CC 무작위, 40시드 ===
pygame 2.6.1 (SDL 2.28.4, Python 3.10.19)
  규칙상위 + 직진하위 (= greedy): 14.22/50
  기하 중계 규칙 (무학습): 29.62/50
  기하 중계 규칙 + 교착 탈출 (무학습): 30.0/50
  규칙상위 + 직진 (중계1대 고정): 16.23/50
  규칙상위 + 직진 (중계2대 고정): 23.73/50
  학습상위 + 직진하위 (v5_26_09_20_06_S03a): 30.0/50
  학습상위 + 직진하위 (v5_26_09_20_06_S03b): 30.0/50
  학습상위 + 직진하위 (v5_26_09_20_06_S045a): 30.0/50
  학습상위 + 직진하위 (v5_26_09_20_06_S045b): 30.0/50

홀드아웃 40개 × 1회 = 롤아웃 40개 (시드 501~540), 반경 300, 드론 3 목적지 30 CC=무작위

method                             | delivered | sd   | se   | reloads | idle | hop2plus | reach | blocked | stall | maxstall | steps   | comm_loss | full | full_pct | makespan | mk_sd 
--------------------------------------------------------------------------------------------------------------------------------------------------------------------------------------------
규칙상위 + 직진하위 (= greedy)             | 14.22     | 5.96 | 0.94 | 1.2     | 0.0  | 0.579    | 546.0 | 29600.0 | 0.992 | 9839.0   | 10000.0 | 0         | 0    | 0.0      | -        | -     
기하 중계 규칙 (무학습)                     | 29.62     | 1.73 | 0.27 | 3.48    | 0.0  | 0.47     | 740.0 | 1078.0  | 0.099 | 504.0    | 1055.0  | 0         | 38   | 95.0     | 584.0    | 107.0 
기하 중계 규칙 + 교착 탈출 (무학습)             | 30.0      | 0.0  | 0.0  | 3.48    | 0.0  | 0.466    | 751.0 | 161.0   | 0.083 | 41.0     | 611.0   | 0         | 40   | 100.0    | 611.0    | 171.0 
규칙상위 + 직진 (중계1대 고정)                | 16.23     | 6.39 | 1.01 | 2.05    | 1.0  | 0.558    | 568.0 | 25710.0 | 0.864 | 9522.0   | 9760.0  | 0         | 1    | 2.5      | 386.0    | 0.0   
규칙상위 + 직진 (중계2대 고정)                | 23.73     | 7.59 | 1.2  | 4.12    | 2.0  | 0.429    | 696.0 | 6923.0  | 0.357 | 4536.0   | 5210.0  | 0         | 21   | 52.5     | 876.0    | 47.0  
학습상위 + 직진하위 (v5_26_09_20_06_S03a)  | 30.0      | 0.0  | 0.0  | 4.47    | 0.0  | 0.495    | 748.0 | 608.0   | 0.32  | 60.0     | 679.0   | 0         | 40   | 100.0    | 679.0    | 145.0 
학습상위 + 직진하위 (v5_26_09_20_06_S03b)  | 30.0      | 0.0  | 0.0  | 4.22    | 0.0  | 0.521    | 750.0 | 1907.0  | 0.475 | 440.0    | 1087.0  | 0         | 40   | 100.0    | 1087.0   | 1080.0
학습상위 + 직진하위 (v5_26_09_20_06_S045a) | 30.0      | 0.0  | 0.0  | 4.67    | 0.0  | 0.518    | 749.0 | 1221.0  | 0.425 | 162.0    | 910.0   | 0         | 40   | 100.0    | 910.0    | 426.0 
학습상위 + 직진하위 (v5_26_09_20_06_S045b) | 30.0      | 0.0  | 0.0  | 4.67    | 0.0  | 0.519    | 749.0 | 1210.0  | 0.435 | 168.0    | 888.0   | 0         | 40   | 100.0    | 888.0    | 407.0 

저장: /home/kopt/drone/figures/eval_v5esc_d3_26_09_20_06.csv
[2026-09-21 11:04:53] === 평가: 드론 5, 목적지 50, CC 무작위, 40시드 ===
pygame 2.6.1 (SDL 2.28.4, Python 3.10.19)
  규칙상위 + 직진하위 (= greedy): 38.25/50
  기하 중계 규칙 (무학습): 47.4/50
  기하 중계 규칙 + 교착 탈출 (무학습): 49.98/50
  규칙상위 + 직진 (중계1대 고정): 39.8/50
  규칙상위 + 직진 (중계2대 고정): 44.42/50
  학습상위 + 직진하위 (v5_26_09_20_06_S03a): 50.0/50
  학습상위 + 직진하위 (v5_26_09_20_06_S03b): 50.0/50
  학습상위 + 직진하위 (v5_26_09_20_06_S045a): 50.0/50
  학습상위 + 직진하위 (v5_26_09_20_06_S045b): 50.0/50

홀드아웃 40개 × 1회 = 롤아웃 40개 (시드 701~740), 반경 300, 드론 5 목적지 50 CC=무작위

method                             | delivered | sd    | se   | reloads | idle | hop2plus | reach | blocked | stall | maxstall | steps  | comm_loss | full | full_pct | makespan | mk_sd
-------------------------------------------------------------------------------------------------------------------------------------------------------------------------------------------
규칙상위 + 직진하위 (= greedy)             | 38.25     | 10.33 | 1.63 | 4.88    | 0.0  | 0.631    | 715.0 | 33429.0 | 0.811 | 6544.0   | 6925.0 | 0         | 13   | 32.5     | 540.0    | 83.0 
기하 중계 규칙 (무학습)                     | 47.4      | 6.8   | 1.08 | 7.08    | 0.0  | 0.597    | 814.0 | 11197.0 | 0.354 | 1925.0   | 2939.0 | 0         | 30   | 75.0     | 585.0    | 99.0 
기하 중계 규칙 + 교착 탈출 (무학습)             | 49.98     | 0.16  | 0.02 | 7.6     | 0.0  | 0.566    | 845.0 | 1390.0  | 0.202 | 12.0     | 841.0  | 0         | 39   | 97.5     | 606.0    | 126.0
규칙상위 + 직진 (중계1대 고정)                | 39.8      | 11.33 | 1.79 | 5.58    | 0.97 | 0.549    | 741.0 | 25067.0 | 0.622 | 5325.0   | 5738.0 | 0         | 18   | 45.0     | 529.0    | 74.0 
규칙상위 + 직진 (중계2대 고정)                | 44.42     | 9.93  | 1.57 | 7.4     | 1.95 | 0.533    | 794.0 | 14468.0 | 0.389 | 2879.0   | 3890.0 | 0         | 26   | 65.0     | 600.0    | 57.0 
학습상위 + 직진하위 (v5_26_09_20_06_S03a)  | 50.0      | 0.0   | 0.0  | 7.72    | 0.0  | 0.564    | 845.0 | 677.0   | 0.244 | 16.0     | 594.0  | 0         | 40   | 100.0    | 594.0    | 136.0
학습상위 + 직진하위 (v5_26_09_20_06_S03b)  | 50.0      | 0.0   | 0.0  | 7.53    | 0.0  | 0.577    | 848.0 | 960.0   | 0.334 | 42.0     | 610.0  | 0         | 40   | 100.0    | 610.0    | 166.0
학습상위 + 직진하위 (v5_26_09_20_06_S045a) | 50.0      | 0.0   | 0.0  | 7.9     | 0.0  | 0.572    | 846.0 | 794.0   | 0.277 | 20.0     | 619.0  | 0         | 40   | 100.0    | 619.0    | 152.0
학습상위 + 직진하위 (v5_26_09_20_06_S045b) | 50.0      | 0.0   | 0.0  | 8.07    | 0.0  | 0.567    | 846.0 | 884.0   | 0.298 | 26.0     | 632.0  | 0         | 40   | 100.0    | 632.0    | 152.0

저장: /home/kopt/drone/figures/eval_v5esc_d5_26_09_20_06.csv
[2026-09-21 11:26:31] === 완료 ===
