[2026-09-23 01:01:38] === 사이클 10 학습 시작 (D3 x2, E20 x2) ===
[2026-09-23 01:02:08] === 종료 대기 (최대 20시간) ===
[2026-09-23 16:10:20] 학습 종료
[2026-09-23 16:10:20] === 평가 (a): 표준 4/50, 60시드x2 ===
pygame 2.6.1 (SDL 2.28.4, Python 3.10.19)
  규칙상위 + 직진하위 (= greedy): 22.67/50
  기하 중계 규칙 (무학습): 45.2/50
  기하 중계 규칙 + 교착 탈출 (무학습): 49.84/50
  규칙상위 + 직진 (중계1대 고정): 25.23/50
  규칙상위 + 직진 (중계2대 고정): 35.87/50
  학습상위 + 직진하위 (v5_26_09_23_00_D3a): 50.0/50
  학습상위 + 직진하위 (v5_26_09_23_00_D3b): 50.0/50
  학습상위 + 직진하위 (v5_26_09_23_00_E20a): 50.0/50
  학습상위 + 직진하위 (v5_26_09_23_00_E20b): 50.0/50
  학습상위 + 직진하위 (v5_26_09_22_05_D34a): 49.88/50

홀드아웃 60개 × 2회 = 롤아웃 120개 (시드 101~160), 반경 300, 드론 4 목적지 50 CC=고정

method                            | delivered | sd    | se   | reloads | idle | hop2plus | reach | blocked | stall | maxstall | steps   | comm_loss | full | full_pct | makespan | mk_sd
-------------------------------------------------------------------------------------------------------------------------------------------------------------------------------------------
규칙상위 + 직진하위 (= greedy)            | 22.67     | 8.81  | 0.8  | 2.03    | 0.0  | 0.669    | 643.0 | 39354.0 | 0.99  | 9757.0   | 10000.0 | 0         | 0    | 0.0      | -        | -    
기하 중계 규칙 (무학습)                    | 45.2      | 8.38  | 0.76 | 6.17    | 0.0  | 0.662    | 894.0 | 14607.0 | 0.445 | 3859.0   | 4797.0  | 0         | 68   | 56.7     | 818.0    | 73.0 
기하 중계 규칙 + 교착 탈출 (무학습)            | 49.84     | 1.73  | 0.16 | 6.98    | 0.0  | 0.609    | 931.0 | 805.0   | 0.176 | 32.0     | 972.0   | 0         | 119  | 99.2     | 896.0    | 177.0
규칙상위 + 직진 (중계1대 고정)               | 25.23     | 8.02  | 0.73 | 3.28    | 1.0  | 0.604    | 686.0 | 36081.0 | 0.909 | 9678.0   | 10000.0 | 0         | 0    | 0.0      | -        | -    
규칙상위 + 직진 (중계2대 고정)               | 35.87     | 10.12 | 0.92 | 6.03    | 2.0  | 0.701    | 797.0 | 27813.0 | 0.739 | 4660.0   | 9849.0  | 0         | 2    | 1.7      | 918.0    | 1.0  
학습상위 + 직진하위 (v5_26_09_23_00_D3a)  | 50.0      | 0.0   | 0.0  | 7.8     | 0.0  | 0.595    | 933.0 | 1020.0  | 0.244 | 83.0     | 964.0   | 0         | 120  | 100.0    | 964.0    | 507.0
학습상위 + 직진하위 (v5_26_09_23_00_D3b)  | 50.0      | 0.0   | 0.0  | 7.97    | 0.0  | 0.586    | 933.0 | 725.0   | 0.207 | 22.0     | 936.0   | 0         | 120  | 100.0    | 936.0    | 135.0
학습상위 + 직진하위 (v5_26_09_23_00_E20a) | 50.0      | 0.0   | 0.0  | 8.01    | 0.0  | 0.597    | 932.0 | 1278.0  | 0.294 | 39.0     | 1133.0  | 0         | 120  | 100.0    | 1133.0   | 214.0
학습상위 + 직진하위 (v5_26_09_23_00_E20b) | 50.0      | 0.0   | 0.0  | 7.48    | 0.0  | 0.609    | 934.0 | 1076.0  | 0.26  | 99.0     | 942.0   | 0         | 120  | 100.0    | 942.0    | 633.0
학습상위 + 직진하위 (v5_26_09_22_05_D34a) | 49.88     | 0.8   | 0.07 | 8.01    | 0.0  | 0.608    | 932.0 | 2079.0  | 0.303 | 278.0    | 1210.0  | 0         | 117  | 97.5     | 985.0    | 571.0

저장: /home/kopt/drone/figures/eval_v5d3_std_26_09_23_00.csv
[2026-09-23 17:25:02] === 평가: 드론 3, 목적지 30, CC 무작위, 40시드 ===
pygame 2.6.1 (SDL 2.28.4, Python 3.10.19)
  규칙상위 + 직진하위 (= greedy): 14.18/50
  기하 중계 규칙 (무학습): 29.62/50
  기하 중계 규칙 + 교착 탈출 (무학습): 30.0/50
  규칙상위 + 직진 (중계1대 고정): 16.2/50
  규칙상위 + 직진 (중계2대 고정): 23.73/50
  학습상위 + 직진하위 (v5_26_09_23_00_D3a): 30.0/50
  학습상위 + 직진하위 (v5_26_09_23_00_D3b): 30.0/50
  학습상위 + 직진하위 (v5_26_09_23_00_E20a): 30.0/50
  학습상위 + 직진하위 (v5_26_09_23_00_E20b): 30.0/50
  학습상위 + 직진하위 (v5_26_09_22_05_D34a): 30.0/50

홀드아웃 40개 × 1회 = 롤아웃 40개 (시드 501~540), 반경 300, 드론 3 목적지 30 CC=무작위

method                            | delivered | sd   | se   | reloads | idle | hop2plus | reach | blocked | stall | maxstall | steps   | comm_loss | full | full_pct | makespan | mk_sd 
-------------------------------------------------------------------------------------------------------------------------------------------------------------------------------------------
규칙상위 + 직진하위 (= greedy)            | 14.18     | 5.96 | 0.94 | 1.2     | 0.0  | 0.579    | 546.0 | 29601.0 | 0.992 | 9838.0   | 10000.0 | 0         | 0    | 0.0      | -        | -     
기하 중계 규칙 (무학습)                    | 29.62     | 1.73 | 0.27 | 3.45    | 0.0  | 0.468    | 740.0 | 1075.0  | 0.096 | 503.0    | 1054.0  | 0         | 38   | 95.0     | 583.0    | 107.0 
기하 중계 규칙 + 교착 탈출 (무학습)            | 30.0      | 0.0  | 0.0  | 3.45    | 0.0  | 0.465    | 751.0 | 157.0   | 0.08  | 41.0     | 607.0   | 0         | 40   | 100.0    | 607.0    | 172.0 
규칙상위 + 직진 (중계1대 고정)               | 16.2      | 6.38 | 1.01 | 2.05    | 1.0  | 0.558    | 567.0 | 25721.0 | 0.864 | 9523.0   | 9760.0  | 0         | 1    | 2.5      | 386.0    | 0.0   
규칙상위 + 직진 (중계2대 고정)               | 23.73     | 7.59 | 1.2  | 4.12    | 2.0  | 0.437    | 696.0 | 7166.0  | 0.368 | 4536.0   | 5209.0  | 0         | 21   | 52.5     | 875.0    | 47.0  
학습상위 + 직진하위 (v5_26_09_23_00_D3a)  | 30.0      | 0.0  | 0.0  | 4.5     | 0.0  | 0.459    | 749.0 | 363.0   | 0.195 | 39.0     | 670.0   | 0         | 40   | 100.0    | 670.0    | 112.0 
학습상위 + 직진하위 (v5_26_09_23_00_D3b)  | 30.0      | 0.0  | 0.0  | 4.45    | 0.0  | 0.472    | 749.0 | 387.0   | 0.201 | 35.0     | 678.0   | 0         | 40   | 100.0    | 678.0    | 122.0 
학습상위 + 직진하위 (v5_26_09_23_00_E20a) | 30.0      | 0.0  | 0.0  | 4.58    | 0.0  | 0.464    | 748.0 | 592.0   | 0.258 | 50.0     | 783.0   | 0         | 40   | 100.0    | 783.0    | 206.0 
학습상위 + 직진하위 (v5_26_09_23_00_E20b) | 30.0      | 0.0  | 0.0  | 4.17    | 0.0  | 0.5      | 750.0 | 1613.0  | 0.357 | 405.0    | 1025.0  | 0         | 40   | 100.0    | 1025.0   | 1037.0
학습상위 + 직진하위 (v5_26_09_22_05_D34a) | 30.0      | 0.0  | 0.0  | 4.53    | 0.0  | 0.496    | 749.0 | 1117.0  | 0.323 | 255.0    | 865.0   | 0         | 40   | 100.0    | 865.0    | 823.0 

저장: /home/kopt/drone/figures/eval_v5d3_d3_26_09_23_00.csv
[2026-09-23 17:36:55] === 평가: 드론 5, 목적지 50, CC 무작위, 40시드 ===
pygame 2.6.1 (SDL 2.28.4, Python 3.10.19)
  규칙상위 + 직진하위 (= greedy): 36.88/50
  기하 중계 규칙 (무학습): 49.25/50
  기하 중계 규칙 + 교착 탈출 (무학습): 49.95/50
  규칙상위 + 직진 (중계1대 고정): 39.5/50
  규칙상위 + 직진 (중계2대 고정): 44.1/50
  학습상위 + 직진하위 (v5_26_09_23_00_D3a): 50.0/50
  학습상위 + 직진하위 (v5_26_09_23_00_D3b): 50.0/50
  학습상위 + 직진하위 (v5_26_09_23_00_E20a): 50.0/50
  학습상위 + 직진하위 (v5_26_09_23_00_E20b): 50.0/50
  학습상위 + 직진하위 (v5_26_09_22_05_D34a): 50.0/50

홀드아웃 40개 × 1회 = 롤아웃 40개 (시드 701~740), 반경 300, 드론 5 목적지 50 CC=무작위

method                            | delivered | sd    | se   | reloads | idle | hop2plus | reach | blocked | stall | maxstall | steps  | comm_loss | full | full_pct | makespan | mk_sd
------------------------------------------------------------------------------------------------------------------------------------------------------------------------------------------
규칙상위 + 직진하위 (= greedy)            | 36.88     | 10.03 | 1.59 | 4.62    | 0.0  | 0.641    | 698.0 | 36972.0 | 0.836 | 7263.0   | 7625.0 | 0         | 10   | 25.0     | 500.0    | 66.0 
기하 중계 규칙 (무학습)                    | 49.25     | 3.3   | 0.52 | 7.65    | 0.0  | 0.56     | 839.0 | 2597.0  | 0.207 | 490.0    | 1059.0 | 0         | 38   | 95.0     | 589.0    | 96.0 
기하 중계 규칙 + 교착 탈출 (무학습)            | 49.95     | 0.22  | 0.03 | 7.78    | 0.0  | 0.568    | 844.0 | 2163.0  | 0.199 | 11.0     | 1065.0 | 0         | 38   | 95.0     | 595.0    | 103.0
규칙상위 + 직진 (중계1대 고정)               | 39.5      | 10.8  | 1.71 | 5.5     | 0.95 | 0.549    | 728.0 | 28255.0 | 0.677 | 6031.0   | 6456.0 | 0         | 15   | 37.5     | 548.0    | 92.0 
규칙상위 + 직진 (중계2대 고정)               | 44.1      | 10.65 | 1.68 | 7.38    | 1.95 | 0.526    | 778.0 | 13349.0 | 0.379 | 2895.0   | 3664.0 | 0         | 27   | 67.5     | 613.0    | 76.0 
학습상위 + 직진하위 (v5_26_09_23_00_D3a)  | 50.0      | 0.0   | 0.0  | 7.72    | 0.0  | 0.537    | 847.0 | 700.0   | 0.205 | 27.0     | 636.0  | 0         | 40   | 100.0    | 636.0    | 247.0
학습상위 + 직진하위 (v5_26_09_23_00_D3b)  | 50.0      | 0.0   | 0.0  | 7.65    | 0.0  | 0.508    | 846.0 | 431.0   | 0.136 | 9.0      | 637.0  | 0         | 40   | 100.0    | 637.0    | 175.0
학습상위 + 직진하위 (v5_26_09_23_00_E20a) | 50.0      | 0.0   | 0.0  | 7.83    | 0.0  | 0.535    | 848.0 | 736.0   | 0.223 | 16.0     | 677.0  | 0         | 40   | 100.0    | 677.0    | 157.0
학습상위 + 직진하위 (v5_26_09_23_00_E20b) | 50.0      | 0.0   | 0.0  | 7.65    | 0.0  | 0.545    | 847.0 | 561.0   | 0.205 | 21.0     | 564.0  | 0         | 40   | 100.0    | 564.0    | 154.0
학습상위 + 직진하위 (v5_26_09_22_05_D34a) | 50.0      | 0.0   | 0.0  | 7.7     | 0.0  | 0.539    | 847.0 | 585.0   | 0.214 | 27.0     | 569.0  | 0         | 40   | 100.0    | 569.0    | 150.0

저장: /home/kopt/drone/figures/eval_v5d3_d5_26_09_23_00.csv
[2026-09-23 17:55:50] === 완료 ===
