[2026-09-18 00:15:19] === 규칙 정규화 사이클 학습 시작 (lambda 0.5 x2, 2.0 x2) ===
[2026-09-18 00:15:50] === 종료 대기 (최대 16시간) ===
[2026-09-18 05:23:53] 학습 종료
[2026-09-18 05:23:53] === 평가 (a): 표준 4/50, 60시드x2 ===
pygame 2.6.1 (SDL 2.28.4, Python 3.10.19)
  규칙상위 + 직진하위 (= greedy): 22.62/50
  기하 중계 규칙 (무학습): 45.82/50
  규칙상위 + 직진 (중계1대 고정): 24.81/50
  규칙상위 + 직진 (중계2대 고정): 35.27/50
  학습상위 + 직진하위 (v5_26_09_15_23_s3b): 50.0/50
  학습상위 + 직진하위 (v5_26_09_18_00_R05a): 50.0/50
  학습상위 + 직진하위 (v5_26_09_18_00_R05b): 50.0/50
  학습상위 + 직진하위 (v5_26_09_18_00_R20a): 50.0/50
  학습상위 + 직진하위 (v5_26_09_18_00_R20b): 50.0/50

홀드아웃 60개 × 2회 = 롤아웃 120개 (시드 101~160), 반경 300, 드론 4 목적지 50 CC=고정

method                            | delivered | sd   | se   | reloads | idle | hop2plus | reach | blocked | stall | maxstall | steps   | comm_loss | full | full_pct | makespan | mk_sd
------------------------------------------------------------------------------------------------------------------------------------------------------------------------------------------
규칙상위 + 직진하위 (= greedy)            | 22.62     | 8.78 | 0.8  | 2.07    | 0.0  | 0.657    | 641.0 | 39354.0 | 0.99  | 9753.0   | 10000.0 | 0         | 0    | 0.0      | -        | -    
기하 중계 규칙 (무학습)                    | 45.82     | 7.6  | 0.69 | 6.4     | 0.0  | 0.651    | 901.0 | 12467.0 | 0.402 | 3304.0   | 4196.0  | 0         | 76   | 63.3     | 836.0    | 181.0
규칙상위 + 직진 (중계1대 고정)               | 24.81     | 8.07 | 0.74 | 3.18    | 1.0  | 0.604    | 683.0 | 36296.0 | 0.914 | 9684.0   | 10000.0 | 0         | 0    | 0.0      | -        | -    
규칙상위 + 직진 (중계2대 고정)               | 35.27     | 9.89 | 0.9  | 5.95    | 2.0  | 0.699    | 791.0 | 27957.0 | 0.744 | 4905.0   | 9849.0  | 0         | 2    | 1.7      | 922.0    | 0.0  
학습상위 + 직진하위 (v5_26_09_15_23_s3b)  | 50.0      | 0.0  | 0.0  | 8.64    | 0.0  | 0.637    | 933.0 | 2670.0  | 0.456 | 214.0    | 1418.0  | 0         | 120  | 100.0    | 1418.0   | 571.0
학습상위 + 직진하위 (v5_26_09_18_00_R05a) | 50.0      | 0.0  | 0.0  | 8.41    | 0.0  | 0.634    | 933.0 | 1767.0  | 0.389 | 86.0     | 1140.0  | 0         | 120  | 100.0    | 1140.0   | 512.0
학습상위 + 직진하위 (v5_26_09_18_00_R05b) | 50.0      | 0.0  | 0.0  | 7.82    | 0.0  | 0.642    | 932.0 | 1947.0  | 0.456 | 88.0     | 1103.0  | 0         | 120  | 100.0    | 1103.0   | 371.0
학습상위 + 직진하위 (v5_26_09_18_00_R20a) | 50.0      | 0.0  | 0.0  | 8.4     | 0.0  | 0.624    | 932.0 | 1539.0  | 0.367 | 53.0     | 1094.0  | 0         | 120  | 100.0    | 1094.0   | 250.0
학습상위 + 직진하위 (v5_26_09_18_00_R20b) | 50.0      | 0.0  | 0.0  | 7.98    | 0.0  | 0.633    | 933.0 | 1701.0  | 0.392 | 90.0     | 1109.0  | 0         | 120  | 100.0    | 1109.0   | 334.0

저장: /home/kopt/drone/figures/eval_v5rr_std_26_09_18_00.csv
[2026-09-18 06:39:15] === 평가: 드론 3, 목적지 30, CC 무작위, 40시드 ===
pygame 2.6.1 (SDL 2.28.4, Python 3.10.19)
  규칙상위 + 직진하위 (= greedy): 14.15/50
  기하 중계 규칙 (무학습): 29.62/50
  규칙상위 + 직진 (중계1대 고정): 16.2/50
  규칙상위 + 직진 (중계2대 고정): 23.73/50
  학습상위 + 직진하위 (v5_26_09_15_23_s3b): 30.0/50
  학습상위 + 직진하위 (v5_26_09_18_00_R05a): 30.0/50
  학습상위 + 직진하위 (v5_26_09_18_00_R05b): 29.8/50
  학습상위 + 직진하위 (v5_26_09_18_00_R20a): 30.0/50
  학습상위 + 직진하위 (v5_26_09_18_00_R20b): 30.0/50

홀드아웃 40개 × 1회 = 롤아웃 40개 (시드 501~540), 반경 300, 드론 3 목적지 30 CC=무작위

method                            | delivered | sd   | se   | reloads | idle | hop2plus | reach | blocked | stall | maxstall | steps   | comm_loss | full | full_pct | makespan | mk_sd
------------------------------------------------------------------------------------------------------------------------------------------------------------------------------------------
규칙상위 + 직진하위 (= greedy)            | 14.15     | 5.91 | 0.93 | 1.23    | 0.0  | 0.571    | 546.0 | 29599.0 | 0.992 | 9838.0   | 10000.0 | 0         | 0    | 0.0      | -        | -    
기하 중계 규칙 (무학습)                    | 29.62     | 1.73 | 0.27 | 3.55    | 0.0  | 0.466    | 740.0 | 1076.0  | 0.097 | 504.0    | 1054.0  | 0         | 38   | 95.0     | 583.0    | 109.0
규칙상위 + 직진 (중계1대 고정)               | 16.2      | 6.38 | 1.01 | 2.05    | 1.0  | 0.558    | 566.0 | 25714.0 | 0.864 | 9523.0   | 9760.0  | 0         | 1    | 2.5      | 386.0    | 0.0  
규칙상위 + 직진 (중계2대 고정)               | 23.73     | 7.59 | 1.2  | 4.12    | 2.0  | 0.429    | 696.0 | 6922.0  | 0.356 | 4535.0   | 5210.0  | 0         | 21   | 52.5     | 875.0    | 47.0 
학습상위 + 직진하위 (v5_26_09_15_23_s3b)  | 30.0      | 0.0  | 0.0  | 4.78    | 0.0  | 0.5      | 748.0 | 1599.0  | 0.407 | 201.0    | 1217.0  | 0         | 40   | 100.0    | 1217.0   | 584.0
학습상위 + 직진하위 (v5_26_09_18_00_R05a) | 30.0      | 0.0  | 0.0  | 4.62    | 0.0  | 0.506    | 747.0 | 1000.0  | 0.376 | 83.0     | 901.0   | 0         | 40   | 100.0    | 901.0    | 245.0
학습상위 + 직진하위 (v5_26_09_18_00_R05b) | 29.8      | 1.25 | 0.2  | 4.35    | 0.0  | 0.499    | 745.0 | 1451.0  | 0.43  | 181.0    | 1217.0  | 0         | 39   | 97.5     | 992.0    | 565.0
학습상위 + 직진하위 (v5_26_09_18_00_R20a) | 30.0      | 0.0  | 0.0  | 4.75    | 0.0  | 0.501    | 748.0 | 899.0   | 0.363 | 81.0     | 842.0   | 0         | 40   | 100.0    | 842.0    | 233.0
학습상위 + 직진하위 (v5_26_09_18_00_R20b) | 30.0      | 0.0  | 0.0  | 4.5     | 0.0  | 0.507    | 749.0 | 729.0   | 0.339 | 54.0     | 767.0   | 0         | 40   | 100.0    | 767.0    | 122.0

저장: /home/kopt/drone/figures/eval_v5rr_d3_26_09_18_00.csv
[2026-09-18 06:52:43] === 평가: 드론 5, 목적지 50, CC 무작위, 40시드 ===
pygame 2.6.1 (SDL 2.28.4, Python 3.10.19)
  규칙상위 + 직진하위 (= greedy): 36.7/50
  기하 중계 규칙 (무학습): 48.85/50
  규칙상위 + 직진 (중계1대 고정): 39.75/50
  규칙상위 + 직진 (중계2대 고정): 43.83/50
  학습상위 + 직진하위 (v5_26_09_15_23_s3b): 50.0/50
  학습상위 + 직진하위 (v5_26_09_18_00_R05a): 50.0/50
  학습상위 + 직진하위 (v5_26_09_18_00_R05b): 50.0/50
  학습상위 + 직진하위 (v5_26_09_18_00_R20a): 50.0/50
  학습상위 + 직진하위 (v5_26_09_18_00_R20b): 50.0/50

홀드아웃 40개 × 1회 = 롤아웃 40개 (시드 701~740), 반경 300, 드론 5 목적지 50 CC=무작위

method                            | delivered | sd    | se   | reloads | idle | hop2plus | reach | blocked | stall | maxstall | steps  | comm_loss | full | full_pct | makespan | mk_sd
------------------------------------------------------------------------------------------------------------------------------------------------------------------------------------------
규칙상위 + 직진하위 (= greedy)            | 36.7      | 10.38 | 1.64 | 4.6     | 0.0  | 0.643    | 708.0 | 38150.0 | 0.849 | 7511.0   | 7861.0 | 0         | 9    | 22.5     | 493.0    | 69.0 
기하 중계 규칙 (무학습)                    | 48.85     | 5.38  | 0.85 | 7.58    | 0.0  | 0.587    | 831.0 | 6800.0  | 0.269 | 959.0    | 1988.0 | 0         | 34   | 85.0     | 574.0    | 93.0 
규칙상위 + 직진 (중계1대 고정)               | 39.75     | 11.56 | 1.83 | 5.65    | 0.97 | 0.541    | 741.0 | 27534.0 | 0.674 | 5806.0   | 6222.0 | 0         | 16   | 40.0     | 554.0    | 100.0
규칙상위 + 직진 (중계2대 고정)               | 43.83     | 10.68 | 1.69 | 7.38    | 1.93 | 0.528    | 785.0 | 14244.0 | 0.385 | 2887.0   | 3888.0 | 0         | 26   | 65.0     | 598.0    | 58.0 
학습상위 + 직진하위 (v5_26_09_15_23_s3b)  | 50.0      | 0.0   | 0.0  | 8.25    | 0.0  | 0.561    | 845.0 | 965.0   | 0.248 | 18.0     | 801.0  | 0         | 40   | 100.0    | 801.0    | 158.0
학습상위 + 직진하위 (v5_26_09_18_00_R05a) | 50.0      | 0.0   | 0.0  | 7.85    | 0.0  | 0.57     | 845.0 | 953.0   | 0.278 | 18.0     | 715.0  | 0         | 40   | 100.0    | 715.0    | 166.0
학습상위 + 직진하위 (v5_26_09_18_00_R05b) | 50.0      | 0.0   | 0.0  | 7.72    | 0.0  | 0.554    | 846.0 | 893.0   | 0.296 | 23.0     | 630.0  | 0         | 40   | 100.0    | 630.0    | 178.0
학습상위 + 직진하위 (v5_26_09_18_00_R20a) | 50.0      | 0.0   | 0.0  | 7.67    | 0.0  | 0.572    | 845.0 | 813.0   | 0.265 | 18.0     | 637.0  | 0         | 40   | 100.0    | 637.0    | 166.0
학습상위 + 직진하위 (v5_26_09_18_00_R20b) | 50.0      | 0.0   | 0.0  | 7.9     | 0.0  | 0.571    | 846.0 | 790.0   | 0.264 | 17.0     | 635.0  | 0         | 40   | 100.0    | 635.0    | 142.0

저장: /home/kopt/drone/figures/eval_v5rr_d5_26_09_18_00.csv
[2026-09-18 07:12:36] === 완료 ===
