[2026-10-11 06:55:30] === 사이클 22 학습 시작 (SQ1 SQ2 SQ3 SQ4, 순차 크레딧) ===
[2026-10-11 06:56:05] === 종료 대기 (최대 30시간) ===
[2026-10-11 10:31:18] 학습 종료
[2026-10-11 10:31:18] === critic 탐욕 대 actor SQ1 (순차 탐욕, 3/30, 20롤아웃) ===
pygame 2.6.1 (SDL 2.28.4, Python 3.10.19)
actor 표본     완주 20/20  중앙   695  절단평균   702  최대  2933
actor 최빈     완주 19/20  중앙   549  절단평균  1164  최대  9290
critic 탐욕    완주 7/20  중앙  2501  절단평균  2897  최대  7016
규칙+탈출        완주 20/20  중앙   558  절단평균   563  최대   768
  actor 최빈 대 actor 표본: 쌍별 중앙 -59 승 13 패 6 p=0.2753
  critic 탐욕 대 actor 표본: 쌍별 중앙 +1785 승 0 패 7 p=0.0156
  규칙+탈출 대 actor 표본: 쌍별 중앙 -134 승 16 패 4 p=0.0009
[2026-10-11 10:33:45] === critic 탐욕 대 actor SQ2 (순차 탐욕, 3/30, 20롤아웃) ===
pygame 2.6.1 (SDL 2.28.4, Python 3.10.19)
actor 표본     완주 20/20  중앙   624  절단평균   607  최대  1198
actor 최빈     완주 18/20  중앙   549  절단평균   562  최대  3277
critic 탐욕    완주 2/20  중앙  6610  절단평균  6610  최대  9389
규칙+탈출        완주 19/20  중앙   565  절단평균   561  최대   768
  actor 최빈 대 actor 표본: 쌍별 중앙 -87 승 12 패 5 p=0.2868
  critic 탐욕 대 actor 표본: 쌍별 중앙 +6094 승 0 패 2 p=0.5000
  규칙+탈출 대 actor 표본: 쌍별 중앙 -34 승 12 패 7 p=0.1232
[2026-10-11 10:35:50] === critic 탐욕 대 actor SQ3 (순차 탐욕, 3/30, 20롤아웃) ===
pygame 2.6.1 (SDL 2.28.4, Python 3.10.19)
actor 표본     완주 20/20  중앙   675  절단평균   749  최대  3622
actor 최빈     완주 17/20  중앙   557  절단평균   781  최대  6565
critic 탐욕    완주 13/20  중앙  3174  절단평균  3067  최대  7911
규칙+탈출        완주 20/20  중앙   563  절단평균   561  최대   768
  actor 최빈 대 actor 표본: 쌍별 중앙 -138 승 14 패 3 p=0.0448
  critic 탐욕 대 actor 표본: 쌍별 중앙 +2377 승 1 패 12 p=0.0012
  규칙+탈출 대 actor 표본: 쌍별 중앙 -104 승 17 패 3 p=0.0005
[2026-10-11 10:37:48] === critic 탐욕 대 actor SQ4 (순차 탐욕, 3/30, 20롤아웃) ===
pygame 2.6.1 (SDL 2.28.4, Python 3.10.19)
actor 표본     완주 20/20  중앙   598  절단평균   652  최대  1599
actor 최빈     완주 15/20  중앙   592  절단평균  1075  최대  8580
critic 탐욕    완주 4/20  중앙  9259  절단평균  8968  최대  9425
규칙+탈출        완주 20/20  중앙   562  절단평균   556  최대   768
  actor 최빈 대 actor 표본: 쌍별 중앙 +32 승 7 패 8 p=0.8040
  critic 탐욕 대 actor 표본: 쌍별 중앙 +8450 승 0 패 4 p=0.1250
  규칙+탈출 대 actor 표본: 쌍별 중앙 -76 승 14 패 6 p=0.0583
[2026-10-11 10:40:40] === 쌍별 d3 SQ1 ===
pygame 2.6.1 (SDL 2.28.4, Python 3.10.19)

롤아웃 200개 (시드 501~540 x 5회, 드론 3 목적지 30)
완주: 규칙+탈출 200 · 학습 200 · 둘 다 200

[편향된 비교] 각자 완주한 것만 평균
  규칙+탈출 614   학습 746   차이 +132

[쌍별 비교] 둘 다 완주한 200개
  규칙+탈출 614   학습 746   쌍별 차이 +132 (중앙값 +120)
  학습이 빠른 경우 39 · 느린 경우 161 · 동점 0
  윌콕슨 부호순위 p=0.0000

저장: /home/kopt/drone/figures/paired_d3_SQ1_v5_26_10_11_06.csv
[2026-10-11 10:42:45] === 쌍별 d5 SQ1 ===
pygame 2.6.1 (SDL 2.28.4, Python 3.10.19)

롤아웃 200개 (시드 701~740 x 5회, 드론 5 목적지 50)
완주: 규칙+탈출 193 · 학습 200 · 둘 다 193

[편향된 비교] 각자 완주한 것만 평균
  규칙+탈출 638   학습 632   차이 -6

[쌍별 비교] 둘 다 완주한 193개
  규칙+탈출 638   학습 629   쌍별 차이 -9 (중앙값 +8)
  학습이 빠른 경우 94 · 느린 경우 99 · 동점 0
  윌콕슨 부호순위 p=0.5933

규칙만 실패한 7개에서 학습의 makespan: 709 (범위 626-794)

저장: /home/kopt/drone/figures/paired_d5_SQ1_v5_26_10_11_06.csv
[2026-10-11 10:48:08] === 쌍별 std SQ1 ===
pygame 2.6.1 (SDL 2.28.4, Python 3.10.19)

롤아웃 120개 (시드 101~160 x 2회, 드론 4 목적지 50)
완주: 규칙+탈출 119 · 학습 120 · 둘 다 119

[편향된 비교] 각자 완주한 것만 평균
  규칙+탈출 903   학습 1025   차이 +122

[쌍별 비교] 둘 다 완주한 119개
  규칙+탈출 903   학습 1025   쌍별 차이 +123 (중앙값 +117)
  학습이 빠른 경우 35 · 느린 경우 84 · 동점 0
  윌콕슨 부호순위 p=0.0000

규칙만 실패한 1개에서 학습의 makespan: 957 (범위 957-957)

저장: /home/kopt/drone/figures/paired_std_SQ1_v5_26_10_11_06.csv
[2026-10-11 10:50:56] === 쌍별 d3m20 SQ1 ===
pygame 2.6.1 (SDL 2.28.4, Python 3.10.19)

롤아웃 80개 (시드 901~940 x 2회, 드론 3 목적지 20)
완주: 규칙+탈출 80 · 학습 80 · 둘 다 80

[편향된 비교] 각자 완주한 것만 평균
  규칙+탈출 379   학습 546   차이 +166

[쌍별 비교] 둘 다 완주한 80개
  규칙+탈출 379   학습 546   쌍별 차이 +166 (중앙값 +116)
  학습이 빠른 경우 10 · 느린 경우 70 · 동점 0
  윌콕슨 부호순위 p=0.0000

저장: /home/kopt/drone/figures/paired_d3m20_SQ1_v5_26_10_11_06.csv
[2026-10-11 10:51:30] === 쌍별 d3 SQ2 ===
pygame 2.6.1 (SDL 2.28.4, Python 3.10.19)

롤아웃 200개 (시드 501~540 x 5회, 드론 3 목적지 30)
완주: 규칙+탈출 200 · 학습 200 · 둘 다 200

[편향된 비교] 각자 완주한 것만 평균
  규칙+탈출 610   학습 832   차이 +222

[쌍별 비교] 둘 다 완주한 200개
  규칙+탈출 610   학습 832   쌍별 차이 +222 (중앙값 +213)
  학습이 빠른 경우 19 · 느린 경우 181 · 동점 0
  윌콕슨 부호순위 p=0.0000

저장: /home/kopt/drone/figures/paired_d3_SQ2_v5_26_10_11_06.csv
[2026-10-11 10:53:47] === 쌍별 d5 SQ2 ===
pygame 2.6.1 (SDL 2.28.4, Python 3.10.19)

롤아웃 200개 (시드 701~740 x 5회, 드론 5 목적지 50)
완주: 규칙+탈출 187 · 학습 200 · 둘 다 187

[편향된 비교] 각자 완주한 것만 평균
  규칙+탈출 609   학습 656   차이 +46

[쌍별 비교] 둘 다 완주한 187개
  규칙+탈출 609   학습 650   쌍별 차이 +41 (중앙값 +27)
  학습이 빠른 경우 73 · 느린 경우 113 · 동점 1
  윌콕슨 부호순위 p=0.0001

규칙만 실패한 13개에서 학습의 makespan: 729 (범위 535-937)

저장: /home/kopt/drone/figures/paired_d5_SQ2_v5_26_10_11_06.csv
[2026-10-11 11:00:18] === 쌍별 std SQ2 ===
pygame 2.6.1 (SDL 2.28.4, Python 3.10.19)

롤아웃 120개 (시드 101~160 x 2회, 드론 4 목적지 50)
완주: 규칙+탈출 117 · 학습 120 · 둘 다 117

[편향된 비교] 각자 완주한 것만 평균
  규칙+탈출 907   학습 1034   차이 +127

[쌍별 비교] 둘 다 완주한 117개
  규칙+탈출 907   학습 1032   쌍별 차이 +125 (중앙값 +116)
  학습이 빠른 경우 26 · 느린 경우 91 · 동점 0
  윌콕슨 부호순위 p=0.0000

규칙만 실패한 3개에서 학습의 makespan: 1086 (범위 766-1326)

저장: /home/kopt/drone/figures/paired_std_SQ2_v5_26_10_11_06.csv
[2026-10-11 11:03:21] === 쌍별 d3m20 SQ2 ===
pygame 2.6.1 (SDL 2.28.4, Python 3.10.19)

롤아웃 80개 (시드 901~940 x 2회, 드론 3 목적지 20)
완주: 규칙+탈출 80 · 학습 80 · 둘 다 80

[편향된 비교] 각자 완주한 것만 평균
  규칙+탈출 380   학습 622   차이 +242

[쌍별 비교] 둘 다 완주한 80개
  규칙+탈출 380   학습 622   쌍별 차이 +242 (중앙값 +184)
  학습이 빠른 경우 2 · 느린 경우 78 · 동점 0
  윌콕슨 부호순위 p=0.0000

저장: /home/kopt/drone/figures/paired_d3m20_SQ2_v5_26_10_11_06.csv
[2026-10-11 11:04:01] === 쌍별 d3 SQ3 ===
pygame 2.6.1 (SDL 2.28.4, Python 3.10.19)

롤아웃 200개 (시드 501~540 x 5회, 드론 3 목적지 30)
완주: 규칙+탈출 200 · 학습 200 · 둘 다 200

[편향된 비교] 각자 완주한 것만 평균
  규칙+탈출 609   학습 732   차이 +123

[쌍별 비교] 둘 다 완주한 200개
  규칙+탈출 609   학습 732   쌍별 차이 +123 (중앙값 +81)
  학습이 빠른 경우 49 · 느린 경우 149 · 동점 2
  윌콕슨 부호순위 p=0.0000

저장: /home/kopt/drone/figures/paired_d3_SQ3_v5_26_10_11_06.csv
[2026-10-11 11:06:02] === 쌍별 d5 SQ3 ===
pygame 2.6.1 (SDL 2.28.4, Python 3.10.19)

롤아웃 200개 (시드 701~740 x 5회, 드론 5 목적지 50)
완주: 규칙+탈출 191 · 학습 200 · 둘 다 191

[편향된 비교] 각자 완주한 것만 평균
  규칙+탈출 616   학습 642   차이 +26

[쌍별 비교] 둘 다 완주한 191개
  규칙+탈출 616   학습 639   쌍별 차이 +23 (중앙값 +15)
  학습이 빠른 경우 83 · 느린 경우 108 · 동점 0
  윌콕슨 부호순위 p=0.0794

규칙만 실패한 9개에서 학습의 makespan: 713 (범위 528-1033)

저장: /home/kopt/drone/figures/paired_d5_SQ3_v5_26_10_11_06.csv
[2026-10-11 11:11:45] === 쌍별 std SQ3 ===
pygame 2.6.1 (SDL 2.28.4, Python 3.10.19)

롤아웃 120개 (시드 101~160 x 2회, 드론 4 목적지 50)
완주: 규칙+탈출 119 · 학습 120 · 둘 다 119

[편향된 비교] 각자 완주한 것만 평균
  규칙+탈출 930   학습 989   차이 +59

[쌍별 비교] 둘 다 완주한 119개
  규칙+탈출 930   학습 988   쌍별 차이 +58 (중앙값 +62)
  학습이 빠른 경우 45 · 느린 경우 73 · 동점 1
  윌콕슨 부호순위 p=0.0008

규칙만 실패한 1개에서 학습의 makespan: 1067 (범위 1067-1067)

저장: /home/kopt/drone/figures/paired_std_SQ3_v5_26_10_11_06.csv
[2026-10-11 11:14:28] === 쌍별 d3m20 SQ3 ===
pygame 2.6.1 (SDL 2.28.4, Python 3.10.19)

롤아웃 80개 (시드 901~940 x 2회, 드론 3 목적지 20)
완주: 규칙+탈출 80 · 학습 80 · 둘 다 80

[편향된 비교] 각자 완주한 것만 평균
  규칙+탈출 379   학습 497   차이 +118

[쌍별 비교] 둘 다 완주한 80개
  규칙+탈출 379   학습 497   쌍별 차이 +118 (중앙값 +70)
  학습이 빠른 경우 12 · 느린 경우 68 · 동점 0
  윌콕슨 부호순위 p=0.0000

저장: /home/kopt/drone/figures/paired_d3m20_SQ3_v5_26_10_11_06.csv
[2026-10-11 11:15:00] === 쌍별 d3 SQ4 ===
pygame 2.6.1 (SDL 2.28.4, Python 3.10.19)

롤아웃 200개 (시드 501~540 x 5회, 드론 3 목적지 30)
완주: 규칙+탈출 200 · 학습 200 · 둘 다 200

[편향된 비교] 각자 완주한 것만 평균
  규칙+탈출 614   학습 795   차이 +180

[쌍별 비교] 둘 다 완주한 200개
  규칙+탈출 614   학습 795   쌍별 차이 +180 (중앙값 +154)
  학습이 빠른 경우 21 · 느린 경우 178 · 동점 1
  윌콕슨 부호순위 p=0.0000

저장: /home/kopt/drone/figures/paired_d3_SQ4_v5_26_10_11_06.csv
[2026-10-11 11:17:11] === 쌍별 d5 SQ4 ===
pygame 2.6.1 (SDL 2.28.4, Python 3.10.19)

롤아웃 200개 (시드 701~740 x 5회, 드론 5 목적지 50)
완주: 규칙+탈출 192 · 학습 200 · 둘 다 192

[편향된 비교] 각자 완주한 것만 평균
  규칙+탈출 638   학습 656   차이 +19

[쌍별 비교] 둘 다 완주한 192개
  규칙+탈출 638   학습 655   쌍별 차이 +17 (중앙값 +18)
  학습이 빠른 경우 89 · 느린 경우 102 · 동점 1
  윌콕슨 부호순위 p=0.0232

규칙만 실패한 8개에서 학습의 makespan: 694 (범위 502-1036)

저장: /home/kopt/drone/figures/paired_d5_SQ4_v5_26_10_11_06.csv
[2026-10-11 11:22:47] === 쌍별 std SQ4 ===
pygame 2.6.1 (SDL 2.28.4, Python 3.10.19)

롤아웃 120개 (시드 101~160 x 2회, 드론 4 목적지 50)
완주: 규칙+탈출 118 · 학습 120 · 둘 다 118

[편향된 비교] 각자 완주한 것만 평균
  규칙+탈출 936   학습 1073   차이 +137

[쌍별 비교] 둘 다 완주한 118개
  규칙+탈출 936   학습 1074   쌍별 차이 +138 (중앙값 +170)
  학습이 빠른 경우 31 · 느린 경우 87 · 동점 0
  윌콕슨 부호순위 p=0.0000

규칙만 실패한 2개에서 학습의 makespan: 1014 (범위 968-1060)

저장: /home/kopt/drone/figures/paired_std_SQ4_v5_26_10_11_06.csv
[2026-10-11 11:25:52] === 쌍별 d3m20 SQ4 ===
pygame 2.6.1 (SDL 2.28.4, Python 3.10.19)

롤아웃 80개 (시드 901~940 x 2회, 드론 3 목적지 20)
완주: 규칙+탈출 80 · 학습 80 · 둘 다 80

[편향된 비교] 각자 완주한 것만 평균
  규칙+탈출 381   학습 596   차이 +215

[쌍별 비교] 둘 다 완주한 80개
  규칙+탈출 381   학습 596   쌍별 차이 +215 (중앙값 +170)
  학습이 빠른 경우 3 · 느린 경우 77 · 동점 0
  윌콕슨 부호순위 p=0.0000

저장: /home/kopt/drone/figures/paired_d3m20_SQ4_v5_26_10_11_06.csv
[2026-10-11 11:26:29] === 완료 ===
