[2026-09-17 10:06:42] === 이관 혼합 평가 (a): 표준 4/50, 60시드x2 ===
pygame 2.6.1 (SDL 2.28.4, Python 3.10.19)
  규칙상위 + 직진하위 (= greedy): 23.2/50
  기하 중계 규칙 (무학습): 44.92/50
  규칙상위 + 직진 (중계1대 고정): 24.48/50
  규칙상위 + 직진 (중계2대 고정): 35.85/50
  학습상위 + 직진하위 (v5_26_09_15_23_s3b): 50.0/50
  혼합 (K=60 hold=100 이관무배송>300): 50.0/50
  혼합 (K=60 hold=100 이관탈출>1 이관무배송>200): 50.0/50

홀드아웃 60개 × 2회 = 롤아웃 120개 (시드 101~160), 반경 300, 드론 4 목적지 50 CC=고정

method                              | delivered | sd   | se   | reloads | idle | hop2plus | reach | blocked | stall | maxstall | steps   | comm_loss | full | full_pct | makespan | mk_sd 
---------------------------------------------------------------------------------------------------------------------------------------------------------------------------------------------
규칙상위 + 직진하위 (= greedy)              | 23.2      | 8.47 | 0.77 | 2.11    | 0.0  | 0.663    | 651.0 | 39337.0 | 0.989 | 9746.0   | 10000.0 | 0         | 0    | 0.0      | -        | -     
기하 중계 규칙 (무학습)                      | 44.92     | 8.17 | 0.75 | 6.1     | 0.0  | 0.659    | 893.0 | 14358.0 | 0.447 | 3865.0   | 4726.0  | 0         | 69   | 57.5     | 827.0    | 80.0  
규칙상위 + 직진 (중계1대 고정)                 | 24.48     | 7.47 | 0.68 | 3.12    | 1.0  | 0.604    | 674.0 | 36369.0 | 0.916 | 9692.0   | 10000.0 | 0         | 0    | 0.0      | -        | -     
규칙상위 + 직진 (중계2대 고정)                 | 35.85     | 9.88 | 0.9  | 6.02    | 2.0  | 0.701    | 798.0 | 27217.0 | 0.724 | 4200.0   | 9774.0  | 0         | 3    | 2.5      | 950.0    | 28.0  
학습상위 + 직진하위 (v5_26_09_15_23_s3b)    | 50.0      | 0.0  | 0.0  | 8.62    | 0.0  | 0.639    | 932.0 | 2918.0  | 0.454 | 278.0    | 1480.0  | 0         | 120  | 100.0    | 1480.0   | 1003.0
혼합 (K=60 hold=100 이관무배송>300)        | 50.0      | 0.0  | 0.0  | 7.58    | 0.0  | 0.611    | 933.0 | 942.0   | 0.233 | 54.0     | 958.0   | 0         | 120  | 100.0    | 958.0    | 287.0 
혼합 (K=60 hold=100 이관탈출>1 이관무배송>200) | 50.0      | 0.0  | 0.0  | 7.75    | 0.0  | 0.612    | 933.0 | 1163.0  | 0.234 | 105.0    | 1012.0  | 0         | 120  | 100.0    | 1012.0   | 718.0 

저장: /home/kopt/drone/figures/eval_v5hy2_std_26_09_17_10.csv
[2026-09-17 11:18:22] === 이관 혼합 평가: 드론 3, 목적지 30, CC 무작위, 40시드 ===
pygame 2.6.1 (SDL 2.28.4, Python 3.10.19)
  규칙상위 + 직진하위 (= greedy): 14.12/50
  기하 중계 규칙 (무학습): 29.62/50
  규칙상위 + 직진 (중계1대 고정): 16.23/50
  규칙상위 + 직진 (중계2대 고정): 23.73/50
  학습상위 + 직진하위 (v5_26_09_15_23_s3b): 30.0/50
  혼합 (K=60 hold=100 이관무배송>300): 30.0/50
  혼합 (K=60 hold=100 이관탈출>1 이관무배송>200): 30.0/50

홀드아웃 40개 × 1회 = 롤아웃 40개 (시드 501~540), 반경 300, 드론 3 목적지 30 CC=무작위

method                              | delivered | sd   | se   | reloads | idle | hop2plus | reach | blocked | stall | maxstall | steps   | comm_loss | full | full_pct | makespan | mk_sd
--------------------------------------------------------------------------------------------------------------------------------------------------------------------------------------------
규칙상위 + 직진하위 (= greedy)              | 14.12     | 5.78 | 0.91 | 1.2     | 0.0  | 0.579    | 544.0 | 29602.0 | 0.992 | 9840.0   | 10000.0 | 0         | 0    | 0.0      | -        | -    
기하 중계 규칙 (무학습)                      | 29.62     | 1.73 | 0.27 | 3.5     | 0.0  | 0.469    | 739.0 | 1076.0  | 0.097 | 504.0    | 1053.0  | 0         | 38   | 95.0     | 582.0    | 107.0
규칙상위 + 직진 (중계1대 고정)                 | 16.23     | 6.39 | 1.01 | 2.05    | 1.0  | 0.566    | 569.0 | 25713.0 | 0.864 | 9522.0   | 9760.0  | 0         | 1    | 2.5      | 386.0    | 0.0  
규칙상위 + 직진 (중계2대 고정)                 | 23.73     | 7.59 | 1.2  | 4.12    | 2.0  | 0.429    | 696.0 | 6685.0  | 0.344 | 4535.0   | 5209.0  | 0         | 21   | 52.5     | 875.0    | 48.0 
학습상위 + 직진하위 (v5_26_09_15_23_s3b)    | 30.0      | 0.0  | 0.0  | 4.88    | 0.0  | 0.515    | 746.0 | 1364.0  | 0.402 | 129.0    | 1094.0  | 0         | 40   | 100.0    | 1094.0   | 345.0
혼합 (K=60 hold=100 이관무배송>300)        | 30.0      | 0.0  | 0.0  | 3.6     | 0.0  | 0.469    | 750.0 | 226.0   | 0.09  | 26.0     | 629.0   | 0         | 40   | 100.0    | 629.0    | 288.0
혼합 (K=60 hold=100 이관탈출>1 이관무배송>200) | 30.0      | 0.0  | 0.0  | 3.55    | 0.0  | 0.467    | 750.0 | 146.0   | 0.083 | 24.0     | 595.0   | 0         | 40   | 100.0    | 595.0    | 124.0

저장: /home/kopt/drone/figures/eval_v5hy2_d3_26_09_17_10.csv
[2026-09-17 11:29:11] === 이관 혼합 평가: 드론 5, 목적지 50, CC 무작위, 40시드 ===
pygame 2.6.1 (SDL 2.28.4, Python 3.10.19)
  규칙상위 + 직진하위 (= greedy): 37.05/50
  기하 중계 규칙 (무학습): 48.85/50
  규칙상위 + 직진 (중계1대 고정): 40.85/50
  규칙상위 + 직진 (중계2대 고정): 44.38/50
  학습상위 + 직진하위 (v5_26_09_15_23_s3b): 50.0/50
  혼합 (K=60 hold=100 이관무배송>300): 50.0/50
  혼합 (K=60 hold=100 이관탈출>1 이관무배송>200): 50.0/50

홀드아웃 40개 × 1회 = 롤아웃 40개 (시드 701~740), 반경 300, 드론 5 목적지 50 CC=무작위

method                              | delivered | sd    | se   | reloads | idle | hop2plus | reach | blocked | stall | maxstall | steps  | comm_loss | full | full_pct | makespan | mk_sd
--------------------------------------------------------------------------------------------------------------------------------------------------------------------------------------------
규칙상위 + 직진하위 (= greedy)              | 37.05     | 10.04 | 1.59 | 4.6     | 0.0  | 0.642    | 704.0 | 37010.0 | 0.845 | 7270.0   | 7634.0 | 0         | 10   | 25.0     | 535.0    | 64.0 
기하 중계 규칙 (무학습)                      | 48.85     | 5.42  | 0.86 | 7.58    | 0.0  | 0.582    | 830.0 | 4478.0  | 0.241 | 496.0    | 1539.0 | 0         | 36   | 90.0     | 599.0    | 98.0 
규칙상위 + 직진 (중계1대 고정)                 | 40.85     | 11.13 | 1.76 | 5.78    | 0.97 | 0.56     | 751.0 | 25080.0 | 0.64  | 5300.0   | 5757.0 | 0         | 18   | 45.0     | 571.0    | 113.0
규칙상위 + 직진 (중계2대 고정)                 | 44.38     | 10.39 | 1.64 | 7.5     | 1.93 | 0.532    | 782.0 | 13274.0 | 0.37  | 2652.0   | 3662.0 | 0         | 27   | 67.5     | 611.0    | 71.0 
학습상위 + 직진하위 (v5_26_09_15_23_s3b)    | 50.0      | 0.0   | 0.0  | 8.15    | 0.0  | 0.576    | 846.0 | 1137.0  | 0.274 | 39.0     | 820.0  | 0         | 40   | 100.0    | 820.0    | 208.0
혼합 (K=60 hold=100 이관무배송>300)        | 50.0      | 0.0   | 0.0  | 7.97    | 0.0  | 0.565    | 847.0 | 604.0   | 0.203 | 18.0     | 632.0  | 0         | 40   | 100.0    | 632.0    | 120.0
혼합 (K=60 hold=100 이관탈출>1 이관무배송>200) | 50.0      | 0.0   | 0.0  | 7.83    | 0.0  | 0.565    | 847.0 | 525.0   | 0.182 | 14.0     | 612.0  | 0         | 40   | 100.0    | 612.0    | 122.0

저장: /home/kopt/drone/figures/eval_v5hy2_d5_26_09_17_10.csv
[2026-09-17 11:46:05] === 이관 혼합 평가: 드론 6, 목적지 80, CC 무작위, 40시드 ===
pygame 2.6.1 (SDL 2.28.4, Python 3.10.19)
  규칙상위 + 직진하위 (= greedy): 69.88/50
  기하 중계 규칙 (무학습): 79.38/50
  규칙상위 + 직진 (중계1대 고정): 71.72/50
  규칙상위 + 직진 (중계2대 고정): 74.12/50
  학습상위 + 직진하위 (v5_26_09_15_23_s3b): 80.0/50
  혼합 (K=60 hold=100 이관무배송>300): 80.0/50
  혼합 (K=60 hold=100 이관탈출>1 이관무배송>200): 80.0/50

홀드아웃 40개 × 1회 = 롤아웃 40개 (시드 601~640), 반경 300, 드론 6 목적지 80 CC=무작위

method                              | delivered | sd    | se   | reloads | idle | hop2plus | reach | blocked | stall | maxstall | steps  | comm_loss | full | full_pct | makespan | mk_sd
--------------------------------------------------------------------------------------------------------------------------------------------------------------------------------------------
규칙상위 + 직진하위 (= greedy)              | 69.88     | 13.34 | 2.11 | 10.93   | 0.0  | 0.64     | 813.0 | 25438.0 | 0.631 | 4064.0   | 4607.0 | 0         | 23   | 57.5     | 621.0    | 106.0
기하 중계 규칙 (무학습)                      | 79.38     | 2.52  | 0.4  | 13.8    | 0.0  | 0.637    | 884.0 | 4575.0  | 0.272 | 477.0    | 1486.0 | 0         | 37   | 92.5     | 796.0    | 112.0
규칙상위 + 직진 (중계1대 고정)                 | 71.72     | 11.06 | 1.75 | 11.85   | 0.97 | 0.603    | 821.0 | 26732.0 | 0.609 | 4473.0   | 5114.0 | 0         | 21   | 52.5     | 693.0    | 111.0
규칙상위 + 직진 (중계2대 고정)                 | 74.12     | 9.84  | 1.56 | 12.5    | 1.93 | 0.578    | 836.0 | 18325.0 | 0.405 | 2348.0   | 3953.0 | 0         | 26   | 65.0     | 697.0    | 87.0 
학습상위 + 직진하위 (v5_26_09_15_23_s3b)    | 80.0      | 0.0   | 0.0  | 13.85   | 0.0  | 0.593    | 882.0 | 1312.0  | 0.252 | 16.0     | 935.0  | 0         | 40   | 100.0    | 935.0    | 166.0
혼합 (K=60 hold=100 이관무배송>300)        | 80.0      | 0.0   | 0.0  | 13.8    | 0.0  | 0.626    | 883.0 | 1181.0  | 0.249 | 13.0     | 854.0  | 0         | 40   | 100.0    | 854.0    | 214.0
혼합 (K=60 hold=100 이관탈출>1 이관무배송>200) | 80.0      | 0.0   | 0.0  | 13.8    | 0.0  | 0.623    | 883.0 | 949.0   | 0.229 | 13.0     | 793.0  | 0         | 40   | 100.0    | 793.0    | 136.0

저장: /home/kopt/drone/figures/eval_v5hy2_d6_26_09_17_10.csv
[2026-09-17 12:05:15] === 완료 ===
