[2026-10-06 16:11:58] === 사이클 20 학습 시작 (MX1 MX2 MX3 MX4, 단조 혼합 critic) ===
[2026-10-06 16:12:32] === 종료 대기 (최대 30시간) ===
[2026-10-07 04:09:35] 학습 종료
[2026-10-07 04:09:35] === critic 탐욕 대 actor MX1 (3/30, 20롤아웃) ===
pygame 2.6.1 (SDL 2.28.4, Python 3.10.19)
actor 표본     완주 20/20  중앙   758  절단평균   775  최대  3795
actor 최빈     완주 19/20  중앙   695  절단평균  1672  최대  7878
critic 탐욕    완주 13/20  중앙  3935  절단평균  4574  최대  7468
규칙+탈출        완주 20/20  중앙   565  절단평균   558  최대   768
[2026-10-07 04:11:22] === critic 탐욕 대 actor MX2 (3/30, 20롤아웃) ===
pygame 2.6.1 (SDL 2.28.4, Python 3.10.19)
actor 표본     완주 20/20  중앙   640  절단평균   631  최대   922
actor 최빈     완주 20/20  중앙   667  절단평균   893  최대  7503
critic 탐욕    완주 17/20  중앙  4936  절단평균  5080  최대  9986
규칙+탈출        완주 20/20  중앙   560  절단평균   558  최대   768
[2026-10-07 04:12:42] === critic 탐욕 대 actor MX3 (3/30, 20롤아웃) ===
pygame 2.6.1 (SDL 2.28.4, Python 3.10.19)
actor 표본     완주 20/20  중앙   654  절단평균   705  최대  2595
actor 최빈     완주 19/20  중앙   734  절단평균  1062  최대  4104
critic 탐욕    완주 12/20  중앙  5658  절단평균  5459  최대  8899
규칙+탈출        완주 20/20  중앙   568  절단평균   565  최대  1592
[2026-10-07 04:14:12] === critic 탐욕 대 actor MX4 (3/30, 20롤아웃) ===
pygame 2.6.1 (SDL 2.28.4, Python 3.10.19)
actor 표본     완주 20/20  중앙   774  절단평균   831  최대  2424
actor 최빈     완주 19/20  중앙   627  절단평균   853  최대  5873
critic 탐욕    완주 15/20  중앙  1785  절단평균  2465  최대  6849
규칙+탈출        완주 20/20  중앙   569  절단평균   560  최대   768
[2026-10-07 04:15:26] === 쌍별 d3 MX1 ===
pygame 2.6.1 (SDL 2.28.4, Python 3.10.19)

롤아웃 200개 (시드 501~540 x 5회, 드론 3 목적지 30)
완주: 규칙+탈출 200 · 학습 200 · 둘 다 200

[편향된 비교] 각자 완주한 것만 평균
  규칙+탈출 609   학습 767   차이 +159

[쌍별 비교] 둘 다 완주한 200개
  규칙+탈출 609   학습 767   쌍별 차이 +159 (중앙값 +146)
  학습이 빠른 경우 38 · 느린 경우 161 · 동점 1
  윌콕슨 부호순위 p=0.0000

저장: /home/kopt/drone/figures/paired_d3_MX1_v5_26_10_06_09.csv
[2026-10-07 04:17:35] === 쌍별 d5 MX1 ===
pygame 2.6.1 (SDL 2.28.4, Python 3.10.19)

롤아웃 200개 (시드 701~740 x 5회, 드론 5 목적지 50)
완주: 규칙+탈출 195 · 학습 200 · 둘 다 195

[편향된 비교] 각자 완주한 것만 평균
  규칙+탈출 637   학습 641   차이 +4

[쌍별 비교] 둘 다 완주한 195개
  규칙+탈출 637   학습 641   쌍별 차이 +4 (중앙값 +4)
  학습이 빠른 경우 93 · 느린 경우 102 · 동점 0
  윌콕슨 부호순위 p=0.6064

규칙만 실패한 5개에서 학습의 makespan: 641 (범위 563-706)

저장: /home/kopt/drone/figures/paired_d5_MX1_v5_26_10_06_09.csv
[2026-10-07 04:22:27] === 쌍별 std MX1 ===
pygame 2.6.1 (SDL 2.28.4, Python 3.10.19)

롤아웃 120개 (시드 101~160 x 2회, 드론 4 목적지 50)
완주: 규칙+탈출 117 · 학습 120 · 둘 다 117

[편향된 비교] 각자 완주한 것만 평균
  규칙+탈출 926   학습 992   차이 +66

[쌍별 비교] 둘 다 완주한 117개
  규칙+탈출 926   학습 993   쌍별 차이 +66 (중앙값 +55)
  학습이 빠른 경우 43 · 느린 경우 74 · 동점 0
  윌콕슨 부호순위 p=0.0098

규칙만 실패한 3개에서 학습의 makespan: 968 (범위 860-1033)

저장: /home/kopt/drone/figures/paired_std_MX1_v5_26_10_06_09.csv
[2026-10-07 04:25:32] === 쌍별 d3m20 MX1 ===
pygame 2.6.1 (SDL 2.28.4, Python 3.10.19)

롤아웃 80개 (시드 901~940 x 2회, 드론 3 목적지 20)
완주: 규칙+탈출 80 · 학습 80 · 둘 다 80

[편향된 비교] 각자 완주한 것만 평균
  규칙+탈출 380   학습 540   차이 +160

[쌍별 비교] 둘 다 완주한 80개
  규칙+탈출 380   학습 540   쌍별 차이 +160 (중앙값 +115)
  학습이 빠른 경우 5 · 느린 경우 75 · 동점 0
  윌콕슨 부호순위 p=0.0000

저장: /home/kopt/drone/figures/paired_d3m20_MX1_v5_26_10_06_09.csv
[2026-10-07 04:26:07] === 쌍별 d3 MX2 ===
pygame 2.6.1 (SDL 2.28.4, Python 3.10.19)

롤아웃 200개 (시드 501~540 x 5회, 드론 3 목적지 30)
완주: 규칙+탈출 200 · 학습 200 · 둘 다 200

[편향된 비교] 각자 완주한 것만 평균
  규칙+탈출 609   학습 793   차이 +184

[쌍별 비교] 둘 다 완주한 200개
  규칙+탈출 609   학습 793   쌍별 차이 +184 (중앙값 +151)
  학습이 빠른 경우 32 · 느린 경우 168 · 동점 0
  윌콕슨 부호순위 p=0.0000

저장: /home/kopt/drone/figures/paired_d3_MX2_v5_26_10_06_09.csv
[2026-10-07 04:28:22] === 쌍별 d5 MX2 ===
pygame 2.6.1 (SDL 2.28.4, Python 3.10.19)

롤아웃 200개 (시드 701~740 x 5회, 드론 5 목적지 50)
완주: 규칙+탈출 195 · 학습 200 · 둘 다 195

[편향된 비교] 각자 완주한 것만 평균
  규칙+탈출 617   학습 683   차이 +65

[쌍별 비교] 둘 다 완주한 195개
  규칙+탈출 617   학습 675   쌍별 차이 +58 (중앙값 +38)
  학습이 빠른 경우 72 · 느린 경우 121 · 동점 2
  윌콕슨 부호순위 p=0.0000

규칙만 실패한 5개에서 학습의 makespan: 988 (범위 670-1666)

저장: /home/kopt/drone/figures/paired_d5_MX2_v5_26_10_06_09.csv
[2026-10-07 04:33:33] === 쌍별 std MX2 ===
pygame 2.6.1 (SDL 2.28.4, Python 3.10.19)

롤아웃 120개 (시드 101~160 x 2회, 드론 4 목적지 50)
완주: 규칙+탈출 117 · 학습 120 · 둘 다 117

[편향된 비교] 각자 완주한 것만 평균
  규칙+탈출 915   학습 1089   차이 +174

[쌍별 비교] 둘 다 완주한 117개
  규칙+탈출 915   학습 1089   쌍별 차이 +174 (중앙값 +139)
  학습이 빠른 경우 25 · 느린 경우 92 · 동점 0
  윌콕슨 부호순위 p=0.0000

규칙만 실패한 3개에서 학습의 makespan: 1073 (범위 870-1326)

저장: /home/kopt/drone/figures/paired_std_MX2_v5_26_10_06_09.csv
[2026-10-07 04:36:56] === 쌍별 d3m20 MX2 ===
pygame 2.6.1 (SDL 2.28.4, Python 3.10.19)

롤아웃 80개 (시드 901~940 x 2회, 드론 3 목적지 20)
완주: 규칙+탈출 80 · 학습 80 · 둘 다 80

[편향된 비교] 각자 완주한 것만 평균
  규칙+탈출 380   학습 555   차이 +175

[쌍별 비교] 둘 다 완주한 80개
  규칙+탈출 380   학습 555   쌍별 차이 +175 (중앙값 +144)
  학습이 빠른 경우 9 · 느린 경우 71 · 동점 0
  윌콕슨 부호순위 p=0.0000

저장: /home/kopt/drone/figures/paired_d3m20_MX2_v5_26_10_06_09.csv
[2026-10-07 04:37:32] === 쌍별 d3 MX3 ===
pygame 2.6.1 (SDL 2.28.4, Python 3.10.19)

롤아웃 200개 (시드 501~540 x 5회, 드론 3 목적지 30)
완주: 규칙+탈출 200 · 학습 200 · 둘 다 200

[편향된 비교] 각자 완주한 것만 평균
  규칙+탈출 610   학습 687   차이 +77

[쌍별 비교] 둘 다 완주한 200개
  규칙+탈출 610   학습 687   쌍별 차이 +77 (중앙값 +54)
  학습이 빠른 경우 64 · 느린 경우 136 · 동점 0
  윌콕슨 부호순위 p=0.0000

저장: /home/kopt/drone/figures/paired_d3_MX3_v5_26_10_06_09.csv
[2026-10-07 04:39:32] === 쌍별 d5 MX3 ===
pygame 2.6.1 (SDL 2.28.4, Python 3.10.19)

롤아웃 200개 (시드 701~740 x 5회, 드론 5 목적지 50)
완주: 규칙+탈출 196 · 학습 200 · 둘 다 196

[편향된 비교] 각자 완주한 것만 평균
  규칙+탈출 633   학습 604   차이 -29

[쌍별 비교] 둘 다 완주한 196개
  규칙+탈출 633   학습 604   쌍별 차이 -29 (중앙값 -28)
  학습이 빠른 경우 125 · 느린 경우 71 · 동점 0
  윌콕슨 부호순위 p=0.0013

규칙만 실패한 4개에서 학습의 makespan: 604 (범위 461-711)

저장: /home/kopt/drone/figures/paired_d5_MX3_v5_26_10_06_09.csv
[2026-10-07 04:44:11] === 쌍별 std MX3 ===
pygame 2.6.1 (SDL 2.28.4, Python 3.10.19)

롤아웃 120개 (시드 101~160 x 2회, 드론 4 목적지 50)
완주: 규칙+탈출 119 · 학습 120 · 둘 다 119

[편향된 비교] 각자 완주한 것만 평균
  규칙+탈출 919   학습 1016   차이 +98

[쌍별 비교] 둘 다 완주한 119개
  규칙+탈출 919   학습 1017   쌍별 차이 +98 (중앙값 +105)
  학습이 빠른 경우 37 · 느린 경우 82 · 동점 0
  윌콕슨 부호순위 p=0.0001

규칙만 실패한 1개에서 학습의 makespan: 945 (범위 945-945)

저장: /home/kopt/drone/figures/paired_std_MX3_v5_26_10_06_09.csv
[2026-10-07 04:47:04] === 쌍별 d3m20 MX3 ===
pygame 2.6.1 (SDL 2.28.4, Python 3.10.19)

롤아웃 80개 (시드 901~940 x 2회, 드론 3 목적지 20)
완주: 규칙+탈출 80 · 학습 80 · 둘 다 80

[편향된 비교] 각자 완주한 것만 평균
  규칙+탈출 379   학습 485   차이 +106

[쌍별 비교] 둘 다 완주한 80개
  규칙+탈출 379   학습 485   쌍별 차이 +106 (중앙값 +78)
  학습이 빠른 경우 13 · 느린 경우 67 · 동점 0
  윌콕슨 부호순위 p=0.0000

저장: /home/kopt/drone/figures/paired_d3m20_MX3_v5_26_10_06_09.csv
[2026-10-07 04:47:37] === 쌍별 d3 MX4 ===
pygame 2.6.1 (SDL 2.28.4, Python 3.10.19)

롤아웃 200개 (시드 501~540 x 5회, 드론 3 목적지 30)
완주: 규칙+탈출 200 · 학습 199 · 둘 다 199

[편향된 비교] 각자 완주한 것만 평균
  규칙+탈출 609   학습 873   차이 +264

[쌍별 비교] 둘 다 완주한 199개
  규칙+탈출 609   학습 873   쌍별 차이 +265 (중앙값 +230)
  학습이 빠른 경우 19 · 느린 경우 178 · 동점 2
  윌콕슨 부호순위 p=0.0000
학습만 실패한 1개에서 규칙의 makespan: 689

저장: /home/kopt/drone/figures/paired_d3_MX4_v5_26_10_06_09.csv
[2026-10-07 04:50:11] === 쌍별 d5 MX4 ===
pygame 2.6.1 (SDL 2.28.4, Python 3.10.19)

롤아웃 200개 (시드 701~740 x 5회, 드론 5 목적지 50)
완주: 규칙+탈출 194 · 학습 200 · 둘 다 194

[편향된 비교] 각자 완주한 것만 평균
  규칙+탈출 635   학습 633   차이 -2

[쌍별 비교] 둘 다 완주한 194개
  규칙+탈출 635   학습 631   쌍별 차이 -4 (중앙값 +6)
  학습이 빠른 경우 90 · 느린 경우 103 · 동점 1
  윌콕슨 부호순위 p=0.0877

규칙만 실패한 6개에서 학습의 makespan: 691 (범위 584-813)

저장: /home/kopt/drone/figures/paired_d5_MX4_v5_26_10_06_09.csv
[2026-10-07 04:55:22] === 쌍별 std MX4 ===
pygame 2.6.1 (SDL 2.28.4, Python 3.10.19)

롤아웃 120개 (시드 101~160 x 2회, 드론 4 목적지 50)
완주: 규칙+탈출 119 · 학습 120 · 둘 다 119

[편향된 비교] 각자 완주한 것만 평균
  규칙+탈출 920   학습 1163   차이 +243

[쌍별 비교] 둘 다 완주한 119개
  규칙+탈출 920   학습 1162   쌍별 차이 +241 (중앙값 +258)
  학습이 빠른 경우 15 · 느린 경우 104 · 동점 0
  윌콕슨 부호순위 p=0.0000

규칙만 실패한 1개에서 학습의 makespan: 1300 (범위 1300-1300)

저장: /home/kopt/drone/figures/paired_std_MX4_v5_26_10_06_09.csv
[2026-10-07 04:58:34] === 쌍별 d3m20 MX4 ===
pygame 2.6.1 (SDL 2.28.4, Python 3.10.19)

롤아웃 80개 (시드 901~940 x 2회, 드론 3 목적지 20)
완주: 규칙+탈출 80 · 학습 80 · 둘 다 80

[편향된 비교] 각자 완주한 것만 평균
  규칙+탈출 379   학습 557   차이 +178

[쌍별 비교] 둘 다 완주한 80개
  규칙+탈출 379   학습 557   쌍별 차이 +178 (중앙값 +152)
  학습이 빠른 경우 6 · 느린 경우 74 · 동점 0
  윌콕슨 부호순위 p=0.0000

저장: /home/kopt/drone/figures/paired_d3m20_MX4_v5_26_10_06_09.csv
[2026-10-07 04:59:10] === 완료 ===
