[2026-09-14 13:30:43] === 1단계: 하위 재학습 (규칙 상위 = 기하 중계) ===
[2026-09-14 15:16:18] 1단계 종료 — 조기 종료. 최고 29.8@ep50
[2026-09-14 15:16:18] === 2단계: 상위 학습 3조합 병렬 ===
[2026-09-14 15:16:49] === 2단계 종료 대기 (최대 10시간) ===
[2026-09-14 15:17:56] === 2단계 종료 대기 (5조합, 최대 10시간) ===
[2026-09-14 16:28:11] === 2단계 재기동 (5조합, 홀드아웃 샘플링 평가) ===
[2026-09-14 16:28:46] === 종료 대기 (최대 10시간) ===
[2026-09-14 23:55:10] === 2단계 재실행 (옵션 단위 전이 적용, 4조합) ===
[2026-09-14 23:55:39] === 종료 대기 (최대 10시간) ===
[2026-09-14 23:57:00] 2단계 종료
[2026-09-14 23:57:00] === 3단계: 확정 평가 (60시드 x 2회, 샘플링) ===
pygame 2.6.1 (SDL 2.28.4, Python 3.10.19)
[2026-09-15 02:01:17] === 2단계 재실행 (복귀 마스킹 수정, 4조합) ===
[2026-09-15 02:01:47] === 종료 대기 (최대 10시간) ===
[2026-09-15 08:51:45] 2단계 종료
[2026-09-15 08:51:45] === 3단계: 확정 평가 (60시드 x 2회, 샘플링) ===
pygame 2.6.1 (SDL 2.28.4, Python 3.10.19)
  규칙상위 + 직진하위 (= greedy): 23.51/50
  기하 중계 규칙 (무학습): 45.65/50
  규칙상위 + 직진 (중계1대 고정): 24.61/50
  규칙상위 + 직진 (중계2대 고정): 35.24/50
  학습상위 + 학습하위 (v4_26_09_14_03_r_sw): 46.11/50
  학습상위 + 학습하위 (v4_26_09_14_03_r_swc): 43.15/50
  학습상위 + 학습하위 (v4_26_09_14_03_r_norel): 41.88/50
  학습상위 + 학습하위 (v4_26_09_14_03_r_s2): 41.82/50

홀드아웃 60개 × 2회 = 롤아웃 120개 (시드 101~160), 반경 300

method                               | delivered | sd   | se   | reloads | idle | hop2plus | reach | blocked | stall | maxstall | steps   | comm_loss | full | full_pct | makespan | mk_sd
---------------------------------------------------------------------------------------------------------------------------------------------------------------------------------------------
규칙상위 + 직진하위 (= greedy)               | 23.51     | 9.27 | 0.85 | 2.21    | 0.0  | 0.665    | 653.0 | 39324.0 | 0.989 | 9737.0   | 10000.0 | 0         | 0    | 0.0      | -        | -    
기하 중계 규칙 (무학습)                       | 45.65     | 7.93 | 0.72 | 6.31    | 0.0  | 0.646    | 901.0 | 11833.0 | 0.389 | 3154.0   | 3961.0  | 0         | 79   | 65.8     | 827.0    | 89.0 
규칙상위 + 직진 (중계1대 고정)                  | 24.61     | 7.92 | 0.72 | 3.12    | 1.0  | 0.6      | 677.0 | 35989.0 | 0.906 | 9689.0   | 10000.0 | 0         | 0    | 0.0      | -        | -    
규칙상위 + 직진 (중계2대 고정)                  | 35.24     | 9.97 | 0.91 | 5.91    | 2.0  | 0.7      | 792.0 | 27014.0 | 0.72  | 4204.0   | 9774.0  | 0         | 3    | 2.5      | 947.0    | 28.0 
학습상위 + 학습하위 (v4_26_09_14_03_r_sw)    | 46.11     | 1.68 | 0.15 | 7.48    | 0.0  | 0.643    | 960.0 | 9550.0  | 0.227 | 73.0     | 9887.0  | 0         | 2    | 1.7      | 3214.0   | 56.0 
학습상위 + 학습하위 (v4_26_09_14_03_r_swc)   | 43.15     | 3.34 | 0.3  | 6.58    | 0.0  | 0.35     | 905.0 | 4445.0  | 0.099 | 49.0     | 10000.0 | 0         | 0    | 0.0      | -        | -    
학습상위 + 학습하위 (v4_26_09_14_03_r_norel) | 41.88     | 2.81 | 0.26 | 6.97    | 0.0  | 0.221    | 921.0 | 4956.0  | 0.107 | 40.0     | 10000.0 | 0         | 0    | 0.0      | -        | -    
학습상위 + 학습하위 (v4_26_09_14_03_r_s2)    | 41.82     | 3.16 | 0.29 | 6.67    | 0.0  | 0.254    | 876.0 | 3695.0  | 0.082 | 36.0     | 9938.0  | 0         | 1    | 0.8      | 2592.0   | 0.0  

저장: /home/kopt/drone/figures/eval_v4_final_26_09_15_02.csv
[2026-09-15 10:48:24] === 완료 ===
