[2026-09-17 08:44:22] === 혼합 상위 평가 (a): 표준 4/50 CC고정, 60시드x2 ===
pygame 2.6.1 (SDL 2.28.4, Python 3.10.19)
  규칙상위 + 직진하위 (= greedy): 22.78/50
  기하 중계 규칙 (무학습): 46.14/50
  규칙상위 + 직진 (중계1대 고정): 25.44/50
  규칙상위 + 직진 (중계2대 고정): 35.22/50
  학습상위 + 직진하위 (v5_26_09_15_23_s3b): 50.0/50
  혼합 (규칙 + 학습 탈출 K=60 hold=100): 49.58/50
  혼합 (규칙 + 학습 탈출 K=30 hold=60): 49.67/50

홀드아웃 60개 × 2회 = 롤아웃 120개 (시드 101~160), 반경 300, 드론 4 목적지 50 CC=고정

method                           | delivered | sd   | se   | reloads | idle | hop2plus | reach | blocked | stall | maxstall | steps   | comm_loss | full | full_pct | makespan | mk_sd
-----------------------------------------------------------------------------------------------------------------------------------------------------------------------------------------
규칙상위 + 직진하위 (= greedy)           | 22.78     | 8.93 | 0.82 | 2.02    | 0.0  | 0.661    | 650.0 | 39352.0 | 0.99  | 9754.0   | 10000.0 | 0         | 0    | 0.0      | -        | -    
기하 중계 규칙 (무학습)                   | 46.14     | 8.17 | 0.75 | 6.38    | 0.0  | 0.641    | 894.0 | 10707.0 | 0.364 | 2918.0   | 3724.0  | 0         | 82   | 68.3     | 815.0    | 69.0 
규칙상위 + 직진 (중계1대 고정)              | 25.44     | 8.6  | 0.78 | 3.33    | 1.0  | 0.604    | 692.0 | 36158.0 | 0.911 | 9672.0   | 10000.0 | 0         | 0    | 0.0      | -        | -    
규칙상위 + 직진 (중계2대 고정)              | 35.22     | 9.91 | 0.9  | 5.92    | 2.0  | 0.701    | 789.0 | 27647.0 | 0.735 | 4513.0   | 9849.0  | 0         | 2    | 1.7      | 916.0    | 2.0  
학습상위 + 직진하위 (v5_26_09_15_23_s3b) | 50.0      | 0.0  | 0.0  | 8.63    | 0.0  | 0.634    | 932.0 | 2362.0  | 0.428 | 160.0    | 1352.0  | 0         | 120  | 100.0    | 1352.0   | 488.0
혼합 (규칙 + 학습 탈출 K=60 hold=100)    | 49.58     | 2.65 | 0.24 | 7.72    | 0.0  | 0.62     | 928.0 | 1856.0  | 0.284 | 80.0     | 1252.0  | 0         | 117  | 97.5     | 1028.0   | 406.0
혼합 (규칙 + 학습 탈출 K=30 hold=60)     | 49.67     | 2.43 | 0.22 | 7.7     | 0.0  | 0.619    | 929.0 | 2087.0  | 0.296 | 126.0    | 1325.0  | 0         | 117  | 97.5     | 1102.0   | 546.0

저장: /home/kopt/drone/figures/eval_v5hy_std_26_09_17_08.csv
[2026-09-17 09:54:37] === 혼합 상위 평가: 드론 3, 목적지 30, CC 무작위, 40시드 ===
pygame 2.6.1 (SDL 2.28.4, Python 3.10.19)
  규칙상위 + 직진하위 (= greedy): 14.2/50
  기하 중계 규칙 (무학습): 29.62/50
  규칙상위 + 직진 (중계1대 고정): 16.2/50
  규칙상위 + 직진 (중계2대 고정): 23.73/50
  학습상위 + 직진하위 (v5_26_09_15_23_s3b): 30.0/50
  혼합 (규칙 + 학습 탈출 K=60 hold=100): 30.0/50
  혼합 (규칙 + 학습 탈출 K=30 hold=60): 30.0/50

홀드아웃 40개 × 1회 = 롤아웃 40개 (시드 501~540), 반경 300, 드론 3 목적지 30 CC=무작위

method                           | delivered | sd   | se   | reloads | idle | hop2plus | reach | blocked | stall | maxstall | steps   | comm_loss | full | full_pct | makespan | mk_sd
-----------------------------------------------------------------------------------------------------------------------------------------------------------------------------------------
규칙상위 + 직진하위 (= greedy)           | 14.2      | 5.98 | 0.95 | 1.2     | 0.0  | 0.579    | 545.0 | 29600.0 | 0.992 | 9839.0   | 10000.0 | 0         | 0    | 0.0      | -        | -    
기하 중계 규칙 (무학습)                   | 29.62     | 1.73 | 0.27 | 3.52    | 0.0  | 0.468    | 740.0 | 1076.0  | 0.095 | 502.0    | 1056.0  | 0         | 38   | 95.0     | 586.0    | 107.0
규칙상위 + 직진 (중계1대 고정)              | 16.2      | 6.38 | 1.01 | 2.05    | 1.0  | 0.55     | 565.0 | 25715.0 | 0.864 | 9523.0   | 9760.0  | 0         | 1    | 2.5      | 386.0    | 0.0  
규칙상위 + 직진 (중계2대 고정)              | 23.73     | 7.59 | 1.2  | 4.12    | 2.0  | 0.437    | 696.0 | 7166.0  | 0.368 | 4536.0   | 5209.0  | 0         | 21   | 52.5     | 875.0    | 47.0 
학습상위 + 직진하위 (v5_26_09_15_23_s3b) | 30.0      | 0.0  | 0.0  | 4.88    | 0.0  | 0.504    | 746.0 | 1407.0  | 0.4   | 147.0    | 1131.0  | 0         | 40   | 100.0    | 1131.0   | 371.0
혼합 (규칙 + 학습 탈출 K=60 hold=100)    | 30.0      | 0.0  | 0.0  | 3.65    | 0.0  | 0.468    | 751.0 | 155.0   | 0.085 | 21.0     | 605.0   | 0         | 40   | 100.0    | 605.0    | 138.0
혼합 (규칙 + 학습 탈출 K=30 hold=60)     | 30.0      | 0.0  | 0.0  | 3.8     | 0.0  | 0.48     | 750.0 | 456.0   | 0.14  | 48.0     | 712.0   | 0         | 40   | 100.0    | 712.0    | 438.0

저장: /home/kopt/drone/figures/eval_v5hy_d3_26_09_17_08.csv
[2026-09-17 10:05:54] === 혼합 상위 평가: 드론 5, 목적지 50, CC 무작위, 40시드 ===
pygame 2.6.1 (SDL 2.28.4, Python 3.10.19)
  규칙상위 + 직진하위 (= greedy): 36.98/50
  기하 중계 규칙 (무학습): 49.02/50
  규칙상위 + 직진 (중계1대 고정): 37.98/50
  규칙상위 + 직진 (중계2대 고정): 45.02/50
  학습상위 + 직진하위 (v5_26_09_15_23_s3b): 50.0/50
  혼합 (규칙 + 학습 탈출 K=60 hold=100): 49.8/50
  혼합 (규칙 + 학습 탈출 K=30 hold=60): 50.0/50

홀드아웃 40개 × 1회 = 롤아웃 40개 (시드 701~740), 반경 300, 드론 5 목적지 50 CC=무작위

method                           | delivered | sd    | se   | reloads | idle | hop2plus | reach | blocked | stall | maxstall | steps  | comm_loss | full | full_pct | makespan | mk_sd
-----------------------------------------------------------------------------------------------------------------------------------------------------------------------------------------
규칙상위 + 직진하위 (= greedy)           | 36.98     | 9.5   | 1.5  | 4.65    | 0.0  | 0.644    | 694.0 | 40529.0 | 0.878 | 7978.0   | 8337.0 | 0         | 7    | 17.5     | 496.0    | 79.0 
기하 중계 규칙 (무학습)                   | 49.02     | 5.31  | 0.84 | 7.5     | 0.0  | 0.577    | 834.0 | 4690.0  | 0.242 | 727.0    | 1534.0 | 0         | 36   | 90.0     | 594.0    | 95.0 
규칙상위 + 직진 (중계1대 고정)              | 37.98     | 10.18 | 1.61 | 5.25    | 0.97 | 0.567    | 729.0 | 34573.0 | 0.762 | 7246.0   | 7637.0 | 0         | 10   | 25.0     | 547.0    | 117.0
규칙상위 + 직진 (중계2대 고정)              | 45.02     | 10.0  | 1.58 | 7.62    | 1.95 | 0.526    | 787.0 | 12222.0 | 0.353 | 2412.0   | 3427.0 | 0         | 28   | 70.0     | 609.0    | 66.0 
학습상위 + 직진하위 (v5_26_09_15_23_s3b) | 50.0      | 0.0   | 0.0  | 8.1     | 0.0  | 0.567    | 845.0 | 1036.0  | 0.267 | 28.0     | 793.0  | 0         | 40   | 100.0    | 793.0    | 175.0
혼합 (규칙 + 학습 탈출 K=60 hold=100)    | 49.8      | 1.1   | 0.17 | 7.65    | 0.0  | 0.574    | 841.0 | 2262.0  | 0.221 | 14.0     | 1091.0 | 0         | 38   | 95.0     | 622.0    | 133.0
혼합 (규칙 + 학습 탈출 K=30 hold=60)     | 50.0      | 0.0   | 0.0  | 7.95    | 0.0  | 0.561    | 848.0 | 494.0   | 0.175 | 11.0     | 615.0  | 0         | 40   | 100.0    | 615.0    | 117.0

저장: /home/kopt/drone/figures/eval_v5hy_d5_26_09_17_08.csv
[2026-09-17 10:25:46] === 혼합 상위 평가: 드론 6, 목적지 80, CC 무작위, 40시드 ===
pygame 2.6.1 (SDL 2.28.4, Python 3.10.19)
usage: eval_v5_26_09_15_23.py [-h] [--n N] [--seed0 SEED0]
                              [--comm-range COMM_RANGE] [--hl-every HL_EVERY]
                              [--worker [WORKER ...]]
                              [--manager [MANAGER ...]] [--no-cluster-penalty]
                              [--no-stuck-obs] [--reps REPS] [--out OUT]
                              [--max-steps MAX_STEPS]
                              [--no-progress-limit NO_PROGRESS_LIMIT]
                              [--deadlock-limit DEADLOCK_LIMIT]
                              [--arch {mlp,set}]
                              [--hybrid K HOLD MAXESC NPLIM]
                              [--num-drones NUM_DRONES]
                              [--num-dests NUM_DESTS] [--random-cc] [--commit]
                              [--no-relay] [--straight-worker] [--stochastic]
eval_v5_26_09_15_23.py: error: argument --hybrid: expected 4 arguments
[2026-09-17 10:25:47] === 완료 ===
