[2026-09-16 23:25:01] === 범위 밖 평가: 드론 6, 목적지 150, CC 무작위, 20시드 ===
pygame 2.6.1 (SDL 2.28.4, Python 3.10.19)
  규칙상위 + 직진하위 (= greedy): 125.85/50
  기하 중계 규칙 (무학습): 150.0/50
  규칙상위 + 직진 (중계1대 고정): 120.2/50
  규칙상위 + 직진 (중계2대 고정): 132.05/50
  학습상위 + 직진하위 (v5_26_09_15_23_s3a): 150.0/50
  학습상위 + 직진하위 (v5_26_09_15_23_s3b): 150.0/50

홀드아웃 20개 × 1회 = 롤아웃 20개 (시드 801~820), 반경 300, 드론 6 목적지 150 CC=무작위

method                           | delivered | sd    | se   | reloads | idle | hop2plus | reach | blocked | stall | maxstall | steps  | comm_loss | full | full_pct | makespan | mk_sd
-----------------------------------------------------------------------------------------------------------------------------------------------------------------------------------------
규칙상위 + 직진하위 (= greedy)           | 125.85    | 24.14 | 5.4  | 21.8    | 0.0  | 0.651    | 753.0 | 35292.0 | 0.777 | 5522.0   | 6461.0 | 0         | 8    | 40.0     | 1153.0   | 99.0 
기하 중계 규칙 (무학습)                   | 150.0     | 0.0   | 0.0  | 27.85   | 0.0  | 0.596    | 859.0 | 1411.0  | 0.228 | 10.0     | 1266.0 | 0         | 20   | 100.0    | 1266.0   | 210.0
규칙상위 + 직진 (중계1대 고정)              | 120.2     | 26.34 | 5.89 | 21.2    | 0.95 | 0.549    | 726.0 | 39895.0 | 0.757 | 6835.0   | 7777.0 | 0         | 5    | 25.0     | 1107.0   | 173.0
규칙상위 + 직진 (중계2대 고정)              | 132.05    | 25.29 | 5.65 | 24.0    | 1.95 | 0.557    | 771.0 | 21665.0 | 0.454 | 1864.0   | 5138.0 | 0         | 11   | 55.0     | 1159.0   | 100.0
학습상위 + 직진하위 (v5_26_09_15_23_s3a) | 150.0     | 0.0   | 0.0  | 27.9    | 0.0  | 0.562    | 856.0 | 2229.0  | 0.271 | 16.0     | 1504.0 | 0         | 20   | 100.0    | 1504.0   | 277.0
학습상위 + 직진하위 (v5_26_09_15_23_s3b) | 150.0     | 0.0   | 0.0  | 27.8    | 0.0  | 0.566    | 857.0 | 2161.0  | 0.266 | 19.0     | 1502.0 | 0         | 20   | 100.0    | 1502.0   | 268.0

저장: /home/kopt/drone/figures/eval_v5s3_extrap_d6_m150_26_09_16_13.csv
[2026-09-16 23:38:20] === 범위 밖 평가: 드론 8, 목적지 150, CC 무작위, 20시드 ===
pygame 2.6.1 (SDL 2.28.4, Python 3.10.19)
  규칙상위 + 직진하위 (= greedy): 150.0/50
  기하 중계 규칙 (무학습): 150.0/50
  규칙상위 + 직진 (중계1대 고정): 147.65/50
  규칙상위 + 직진 (중계2대 고정): 148.25/50
  학습상위 + 직진하위 (v5_26_09_15_23_s3a): 150.0/50
  학습상위 + 직진하위 (v5_26_09_15_23_s3b): 150.0/50

홀드아웃 20개 × 1회 = 롤아웃 20개 (시드 811~830), 반경 300, 드론 8 목적지 150 CC=무작위

method                           | delivered | sd    | se   | reloads | idle | hop2plus | reach | blocked | stall | maxstall | steps  | comm_loss | full | full_pct | makespan | mk_sd
-----------------------------------------------------------------------------------------------------------------------------------------------------------------------------------------
규칙상위 + 직진하위 (= greedy)           | 150.0     | 0.0   | 0.0  | 26.2    | 0.0  | 0.59     | 859.0 | 2309.0  | 0.419 | 16.0     | 854.0  | 0         | 20   | 100.0    | 854.0    | 173.0
기하 중계 규칙 (무학습)                   | 150.0     | 0.0   | 0.0  | 26.9    | 0.0  | 0.621    | 860.0 | 1295.0  | 0.223 | 5.0      | 889.0  | 0         | 20   | 100.0    | 889.0    | 175.0
규칙상위 + 직진 (중계1대 고정)              | 147.65    | 10.24 | 2.29 | 26.45   | 0.95 | 0.555    | 851.0 | 5962.0  | 0.379 | 495.0    | 1409.0 | 0         | 19   | 95.0     | 957.0    | 301.0
규칙상위 + 직진 (중계2대 고정)              | 148.25    | 7.63  | 1.71 | 26.5    | 1.9  | 0.504    | 851.0 | 4069.0  | 0.184 | 7.0      | 1292.0 | 0         | 19   | 95.0     | 833.0    | 102.0
학습상위 + 직진하위 (v5_26_09_15_23_s3a) | 150.0     | 0.0   | 0.0  | 27.4    | 0.0  | 0.599    | 857.0 | 1136.0  | 0.168 | 5.0      | 961.0  | 0         | 20   | 100.0    | 961.0    | 157.0
학습상위 + 직진하위 (v5_26_09_15_23_s3b) | 150.0     | 0.0   | 0.0  | 27.15   | 0.0  | 0.586    | 857.0 | 1308.0  | 0.183 | 5.0      | 1032.0 | 0         | 20   | 100.0    | 1032.0   | 104.0

저장: /home/kopt/drone/figures/eval_v5s3_extrap_d8_m150_26_09_16_13.csv
[2026-09-16 23:42:04] === 범위 밖 평가: 드론 10, 목적지 300, CC 무작위, 20시드 ===
pygame 2.6.1 (SDL 2.28.4, Python 3.10.19)
  규칙상위 + 직진하위 (= greedy): 300.0/50
  기하 중계 규칙 (무학습): 300.0/50
  규칙상위 + 직진 (중계1대 고정): 300.0/50
  규칙상위 + 직진 (중계2대 고정): 300.0/50
  학습상위 + 직진하위 (v5_26_09_15_23_s3a): 300.0/50
  학습상위 + 직진하위 (v5_26_09_15_23_s3b): 300.0/50

홀드아웃 20개 × 1회 = 롤아웃 20개 (시드 821~840), 반경 300, 드론 10 목적지 300 CC=무작위

method                           | delivered | sd  | se  | reloads | idle | hop2plus | reach | blocked | stall | maxstall | steps  | comm_loss | full | full_pct | makespan | mk_sd
--------------------------------------------------------------------------------------------------------------------------------------------------------------------------------------
규칙상위 + 직진하위 (= greedy)           | 300.0     | 0.0 | 0.0 | 55.55   | 0.0  | 0.579    | 930.0 | 2817.0  | 0.332 | 7.0      | 1157.0 | 0         | 20   | 100.0    | 1157.0   | 159.0
기하 중계 규칙 (무학습)                   | 300.0     | 0.0 | 0.0 | 56.2    | 0.0  | 0.62     | 930.0 | 2022.0  | 0.209 | 4.0      | 1259.0 | 0         | 20   | 100.0    | 1259.0   | 249.0
규칙상위 + 직진 (중계1대 고정)              | 300.0     | 0.0 | 0.0 | 55.45   | 0.95 | 0.519    | 931.0 | 1570.0  | 0.185 | 5.0      | 1116.0 | 0         | 20   | 100.0    | 1116.0   | 167.0
규칙상위 + 직진 (중계2대 고정)              | 300.0     | 0.0 | 0.0 | 56.15   | 2.0  | 0.517    | 931.0 | 1023.0  | 0.12  | 3.0      | 1187.0 | 0         | 20   | 100.0    | 1187.0   | 125.0
학습상위 + 직진하위 (v5_26_09_15_23_s3a) | 300.0     | 0.0 | 0.0 | 56.85   | 0.0  | 0.595    | 929.0 | 1821.0  | 0.177 | 4.0      | 1308.0 | 0         | 20   | 100.0    | 1308.0   | 158.0
학습상위 + 직진하위 (v5_26_09_15_23_s3b) | 300.0     | 0.0 | 0.0 | 56.45   | 0.0  | 0.593    | 927.0 | 1459.0  | 0.133 | 4.0      | 1337.0 | 0         | 20   | 100.0    | 1337.0   | 176.0

저장: /home/kopt/drone/figures/eval_v5s3_extrap_d10_m300_26_09_16_13.csv
[2026-09-16 23:47:02] === 범위 밖 평가: 드론 8, 목적지 300, CC 무작위, 20시드 ===
pygame 2.6.1 (SDL 2.28.4, Python 3.10.19)
  규칙상위 + 직진하위 (= greedy): 282.5/50
  기하 중계 규칙 (무학습): 300.0/50
  규칙상위 + 직진 (중계1대 고정): 297.5/50
  규칙상위 + 직진 (중계2대 고정): 296.65/50
  학습상위 + 직진하위 (v5_26_09_15_23_s3a): 300.0/50
  학습상위 + 직진하위 (v5_26_09_15_23_s3b): 300.0/50

홀드아웃 20개 × 1회 = 롤아웃 20개 (시드 831~850), 반경 300, 드론 8 목적지 300 CC=무작위

method                           | delivered | sd    | se   | reloads | idle | hop2plus | reach | blocked | stall | maxstall | steps  | comm_loss | full | full_pct | makespan | mk_sd
-----------------------------------------------------------------------------------------------------------------------------------------------------------------------------------------
규칙상위 + 직진하위 (= greedy)           | 282.5     | 34.07 | 7.62 | 52.45   | 0.0  | 0.614    | 860.0 | 21733.0 | 0.554 | 2210.0   | 3693.0 | 0         | 15   | 75.0     | 1590.0   | 357.0
기하 중계 규칙 (무학습)                   | 300.0     | 0.0   | 0.0  | 57.05   | 0.0  | 0.621    | 911.0 | 3138.0  | 0.276 | 8.0      | 1784.0 | 0         | 20   | 100.0    | 1784.0   | 444.0
규칙상위 + 직진 (중계1대 고정)              | 297.5     | 10.9  | 2.44 | 56.25   | 0.95 | 0.531    | 905.0 | 7194.0  | 0.376 | 469.0    | 2127.0 | 0         | 19   | 95.0     | 1713.0   | 404.0
규칙상위 + 직진 (중계2대 고정)              | 296.65    | 12.13 | 2.71 | 55.75   | 1.95 | 0.509    | 896.0 | 7952.0  | 0.252 | 16.0     | 2454.0 | 0         | 18   | 90.0     | 1616.0   | 219.0
학습상위 + 직진하위 (v5_26_09_15_23_s3a) | 300.0     | 0.0   | 0.0  | 57.3    | 0.0  | 0.583    | 908.0 | 2984.0  | 0.251 | 10.0     | 1808.0 | 0         | 20   | 100.0    | 1808.0   | 252.0
학습상위 + 직진하위 (v5_26_09_15_23_s3b) | 300.0     | 0.0   | 0.0  | 57.5    | 0.0  | 0.581    | 909.0 | 2755.0  | 0.232 | 9.0      | 1827.0 | 0         | 20   | 100.0    | 1827.0   | 182.0

저장: /home/kopt/drone/figures/eval_v5s3_extrap_d8_m300_26_09_16_13.csv
[2026-09-16 23:56:39] === 완료 ===
