/home/kopt/enter/envs/wsl_neuroMCTS/lib/python3.10/site-packages/pygame/pkgdata.py:25: UserWarning: pkg_resources is deprecated as an API. See https://setuptools.pypa.io/en/latest/pkg_resources.html. The pkg_resources package is slated for removal as early as 2025-11-30. Refrain from using this package or pin to Setuptools<81.
  from pkg_resources import resource_stream, resource_exists
pygame 2.6.1 (SDL 2.28.4, Python 3.10.19)
Hello from the pygame community. https://www.pygame.org/contribute.html
집합 상위 학습 | 반경 300 상한 1000 무배송 500 gamma 0.997 구성=무작위 드론[3, 4] 목적지[20, 80] CC무작위 인스턴스=무작위 목표유지=off 완주보상=0.0 잔여페널티=0.1 규칙관측=False 규칙정규화=2.0/중계가중치=1.0 막힘페널티=0.0 중계크레딧=0.0/재분배=0.0/드론별보상=False 도달권shaping=0.0 정체전환보상=0.0 엔트로피비=0.6->0.25@400 자기회귀=True/가까운순=False 혼합critic=False 정체재결정=0 결합critic=False 홀드아웃상한=3000 선택=makespan/속도가중치=40.0
/home/kopt/drone/proposed_src/pipeline/train_v5_26_09_15_23.py:438: UserWarning: Converting a tensor with requires_grad=True to a scalar may lead to unexpected behavior.
Consider using tensor.detach() first. (Triggered internally at /pytorch/torch/csrc/autograd/generated/python_variable_methods.cpp:836.)
  writer.add_scalar("train/alpha", float(log_alpha.exp()), ep)
Ep 1 | 드론4 목적지57 | 1000스텝 | 배송 52/57 | 재적재  9 | 중계율 0.16 | alpha 0.100 | step_limit
Ep 2 | 드론3 목적지50 | 1000스텝 | 배송 39/50 | 재적재  7 | 중계율 0.16 | alpha 0.100 | step_limit
Ep 3 | 드론4 목적지72 | 1000스텝 | 배송 60/72 | 재적재  9 | 중계율 0.15 | alpha 0.100 | step_limit
Ep 4 | 드론3 목적지46 | 1000스텝 | 배송 38/46 | 재적재  6 | 중계율 0.15 | alpha 0.099 | step_limit
Ep 5 | 드론3 목적지58 | 1000스텝 | 배송 38/58 | 재적재  6 | 중계율 0.28 | alpha 0.108 | step_limit
Ep 6 | 드론3 목적지61 | 1000스텝 | 배송 57/61 | 재적재 10 | 중계율 0.32 | alpha 0.118 | step_limit
Ep 7 | 드론3 목적지30 |  605스텝 | 배송 30/30 | 재적재  5 | 중계율 0.36 | alpha 0.124 | complete
Ep 8 | 드론3 목적지69 | 1000스텝 | 배송 50/69 | 재적재  7 | 중계율 0.30 | alpha 0.134 | step_limit
Ep 9 | 드론3 목적지66 | 1000스텝 | 배송 60/66 | 재적재  9 | 중계율 0.35 | alpha 0.145 | step_limit
Ep 10 | 드론3 목적지26 |  475스텝 | 배송 26/26 | 재적재  4 | 중계율 0.27 | alpha 0.150 | complete
Ep 11 | 드론4 목적지32 |  428스텝 | 배송 32/32 | 재적재  4 | 중계율 0.23 | alpha 0.155 | complete
Ep 12 | 드론3 목적지35 |  672스텝 | 배송 35/35 | 재적재  6 | 중계율 0.29 | alpha 0.162 | complete
Ep 13 | 드론3 목적지23 |  478스텝 | 배송 23/23 | 재적재  3 | 중계율 0.30 | alpha 0.168 | complete
Ep 14 | 드론3 목적지61 | 1000스텝 | 배송 57/61 | 재적재 10 | 중계율 0.31 | alpha 0.181 | step_limit
Ep 15 | 드론4 목적지78 | 1000스텝 | 배송 77/78 | 재적재 15 | 중계율 0.24 | alpha 0.194 | step_limit
Ep 16 | 드론4 목적지46 |  596스텝 | 배송 46/46 | 재적재  6 | 중계율 0.31 | alpha 0.202 | complete
Ep 17 | 드론4 목적지74 |  987스텝 | 배송 74/74 | 재적재 14 | 중계율 0.20 | alpha 0.217 | complete
Ep 18 | 드론3 목적지24 |  572스텝 | 배송 24/24 | 재적재  4 | 중계율 0.33 | alpha 0.225 | complete
Ep 19 | 드론4 목적지24 |  612스텝 | 배송 24/24 | 재적재  3 | 중계율 0.34 | alpha 0.235 | complete
Ep 20 | 드론3 목적지66 |  787스텝 | 배송 66/66 | 재적재 12 | 중계율 0.18 | alpha 0.249 | complete
Ep 21 | 드론3 목적지43 |  624스텝 | 배송 43/43 | 재적재  7 | 중계율 0.21 | alpha 0.260 | complete
Ep 22 | 드론3 목적지43 |  926스텝 | 배송 43/43 | 재적재  7 | 중계율 0.15 | alpha 0.278 | complete
Ep 23 | 드론3 목적지22 |  744스텝 | 배송 22/22 | 재적재  3 | 중계율 0.34 | alpha 0.293 | complete
Ep 24 | 드론3 목적지35 |  889스텝 | 배송 35/35 | 재적재  5 | 중계율 0.19 | alpha 0.312 | complete
Ep 25 | 드론4 목적지25 |  500스텝 | 배송 25/25 | 재적재  4 | 중계율 0.40 | alpha 0.324 | complete
Ep 26 | 드론3 목적지79 | 1000스텝 | 배송 64/79 | 재적재 12 | 중계율 0.19 | alpha 0.349 | step_limit
Ep 27 | 드론4 목적지63 | 1000스텝 | 배송 55/63 | 재적재  9 | 중계율 0.33 | alpha 0.375 | step_limit
Ep 28 | 드론3 목적지77 | 1000스텝 | 배송 65/77 | 재적재 11 | 중계율 0.25 | alpha 0.404 | step_limit
Ep 29 | 드론3 목적지34 |  818스텝 | 배송 34/34 | 재적재  5 | 중계율 0.30 | alpha 0.429 | complete
Ep 30 | 드론3 목적지25 |  554스텝 | 배송 25/25 | 재적재  4 | 중계율 0.32 | alpha 0.446 | complete
Ep 31 | 드론4 목적지68 |  838스텝 | 배송 68/68 | 재적재 12 | 중계율 0.25 | alpha 0.474 | complete
Ep 32 | 드론3 목적지79 | 1000스텝 | 배송 55/79 | 재적재  9 | 중계율 0.22 | alpha 0.510 | step_limit
Ep 33 | 드론3 목적지62 | 1000스텝 | 배송 54/62 | 재적재  9 | 중계율 0.25 | alpha 0.548 | step_limit
Ep 34 | 드론3 목적지33 |  654스텝 | 배송 33/33 | 재적재  5 | 중계율 0.16 | alpha 0.575 | complete
Ep 35 | 드론3 목적지26 |  644스텝 | 배송 26/26 | 재적재  4 | 중계율 0.26 | alpha 0.602 | complete
Ep 36 | 드론3 목적지57 | 1000스텝 | 배송 54/57 | 재적재  8 | 중계율 0.32 | alpha 0.648 | step_limit
Ep 37 | 드론3 목적지29 |  643스텝 | 배송 29/29 | 재적재  4 | 중계율 0.27 | alpha 0.679 | complete
Ep 38 | 드론4 목적지63 |  877스텝 | 배송 63/63 | 재적재 10 | 중계율 0.30 | alpha 0.723 | complete
Ep 39 | 드론4 목적지44 | 1000스텝 | 배송 32/44 | 재적재  5 | 중계율 0.28 | alpha 0.777 | step_limit
Ep 40 | 드론4 목적지56 |  748스텝 | 배송 56/56 | 재적재  8 | 중계율 0.25 | alpha 0.820 | complete
Ep 41 | 드론4 목적지21 |  583스텝 | 배송 21/21 | 재적재  2 | 중계율 0.38 | alpha 0.855 | complete
Ep 42 | 드론3 목적지24 |  733스텝 | 배송 24/24 | 재적재  3 | 중계율 0.38 | alpha 0.901 | complete
Ep 43 | 드론3 목적지52 | 1000스텝 | 배송 51/52 | 재적재  9 | 중계율 0.26 | alpha 0.967 | step_limit
Ep 44 | 드론3 목적지72 |  891스텝 | 배송 72/72 | 재적재 14 | 중계율 0.15 | alpha 1.030 | complete
Ep 45 | 드론3 목적지52 | 1000스텝 | 배송 50/52 | 재적재  8 | 중계율 0.33 | alpha 1.104 | step_limit
Ep 46 | 드론4 목적지72 |  829스텝 | 배송 72/72 | 재적재 13 | 중계율 0.19 | alpha 1.168 | complete
Ep 47 | 드론3 목적지69 | 1000스텝 | 배송 56/69 | 재적재 10 | 중계율 0.19 | alpha 1.251 | step_limit
Ep 48 | 드론3 목적지56 | 1000스텝 | 배송 55/56 | 재적재  9 | 중계율 0.21 | alpha 1.339 | step_limit
Ep 49 | 드론4 목적지78 | 1000스텝 | 배송 76/78 | 재적재 12 | 중계율 0.20 | alpha 1.430 | step_limit
Ep 50 | 드론4 목적지40 | 1000스텝 | 배송 32/40 | 재적재  4 | 중계율 0.39 | alpha 1.525 | step_limit
  [홀드아웃] 배송 47.9±5.0 완주 0.80 스텝 1086 점수 105.5 재적재 7.5 2홉+ 0.62 | 최고 105.5@ep50 정체 0/8  ← 갱신
Ep 51 | 드론4 목적지51 |  565스텝 | 배송 51/51 | 재적재  9 | 중계율 0.15 | alpha 1.581 | complete
Ep 52 | 드론3 목적지42 |  687스텝 | 배송 42/42 | 재적재  7 | 중계율 0.23 | alpha 1.647 | complete
Ep 53 | 드론4 목적지60 |  890스텝 | 배송 60/60 | 재적재 11 | 중계율 0.16 | alpha 1.730 | complete
Ep 54 | 드론3 목적지49 |  835스텝 | 배송 49/49 | 재적재  8 | 중계율 0.18 | alpha 1.804 | complete
Ep 55 | 드론3 목적지40 |  736스텝 | 배송 40/40 | 재적재  6 | 중계율 0.17 | alpha 1.865 | complete
Ep 56 | 드론4 목적지61 |  812스텝 | 배송 61/61 | 재적재 10 | 중계율 0.24 | alpha 1.934 | complete
Ep 57 | 드론3 목적지53 | 1000스텝 | 배송 52/53 | 재적재  8 | 중계율 0.32 | alpha 2.018 | step_limit
Ep 58 | 드론4 목적지57 | 1000스텝 | 배송 55/57 | 재적재  8 | 중계율 0.29 | alpha 2.103 | step_limit
Ep 59 | 드론3 목적지50 | 1000스텝 | 배송 47/50 | 재적재  7 | 중계율 0.20 | alpha 2.183 | step_limit
Ep 60 | 드론3 목적지21 |  575스텝 | 배송 21/21 | 재적재  3 | 중계율 0.30 | alpha 2.226 | complete
Ep 61 | 드론4 목적지26 |  402스텝 | 배송 26/26 | 재적재  3 | 중계율 0.19 | alpha 2.256 | complete
Ep 62 | 드론4 목적지55 |  794스텝 | 배송 55/55 | 재적재 10 | 중계율 0.25 | alpha 2.313 | complete
Ep 63 | 드론4 목적지68 | 1000스텝 | 배송 64/68 | 재적재 11 | 중계율 0.26 | alpha 2.370 | step_limit
Ep 64 | 드론3 목적지41 | 1000스텝 | 배송 32/41 | 재적재  5 | 중계율 0.25 | alpha 2.419 | step_limit
Ep 65 | 드론4 목적지68 | 1000스텝 | 배송 64/68 | 재적재 11 | 중계율 0.14 | alpha 2.462 | step_limit
Ep 66 | 드론3 목적지61 |  905스텝 | 배송 61/61 | 재적재 11 | 중계율 0.15 | alpha 2.494 | complete
Ep 67 | 드론3 목적지53 | 1000스텝 | 배송 46/53 | 재적재  8 | 중계율 0.22 | alpha 2.530 | step_limit
Ep 68 | 드론3 목적지44 | 1000스텝 | 배송 42/44 | 재적재  7 | 중계율 0.15 | alpha 2.562 | step_limit
Ep 69 | 드론3 목적지34 |  874스텝 | 배송 34/34 | 재적재  6 | 중계율 0.21 | alpha 2.589 | complete
Ep 70 | 드론3 목적지31 |  946스텝 | 배송 31/31 | 재적재  4 | 중계율 0.28 | alpha 2.615 | complete
Ep 71 | 드론4 목적지71 |  977스텝 | 배송 71/71 | 재적재 13 | 중계율 0.16 | alpha 2.634 | complete
Ep 72 | 드론3 목적지53 | 1000스텝 | 배송 51/53 | 재적재  8 | 중계율 0.25 | alpha 2.649 | step_limit
Ep 73 | 드론3 목적지21 |  778스텝 | 배송 21/21 | 재적재  3 | 중계율 0.28 | alpha 2.658 | complete
Ep 74 | 드론4 목적지45 |  775스텝 | 배송 45/45 | 재적재  7 | 중계율 0.19 | alpha 2.676 | complete
Ep 75 | 드론4 목적지40 |  733스텝 | 배송 40/40 | 재적재  7 | 중계율 0.24 | alpha 2.674 | complete
Ep 76 | 드론3 목적지75 | 1000스텝 | 배송 55/75 | 재적재  8 | 중계율 0.29 | alpha 2.663 | step_limit
Ep 77 | 드론4 목적지24 |  478스텝 | 배송 24/24 | 재적재  2 | 중계율 0.28 | alpha 2.674 | complete
Ep 78 | 드론3 목적지64 | 1000스텝 | 배송 56/64 | 재적재  9 | 중계율 0.24 | alpha 2.708 | step_limit
Ep 79 | 드론3 목적지41 | 1000스텝 | 배송 39/41 | 재적재  6 | 중계율 0.24 | alpha 2.721 | step_limit
Ep 80 | 드론3 목적지69 | 1000스텝 | 배송 60/69 | 재적재 10 | 중계율 0.18 | alpha 2.725 | step_limit
Ep 81 | 드론4 목적지47 | 1000스텝 | 배송 44/47 | 재적재  8 | 중계율 0.21 | alpha 2.715 | step_limit
Ep 82 | 드론4 목적지69 | 1000스텝 | 배송 64/69 | 재적재 11 | 중계율 0.25 | alpha 2.685 | step_limit
Ep 83 | 드론4 목적지31 |  965스텝 | 배송 25/31 | 재적재  4 | 중계율 0.33 | alpha 2.648 | no_progress
Ep 84 | 드론3 목적지33 |  828스텝 | 배송 33/33 | 재적재  6 | 중계율 0.22 | alpha 2.646 | complete
Ep 85 | 드론3 목적지38 |  794스텝 | 배송 38/38 | 재적재  6 | 중계율 0.16 | alpha 2.649 | complete
Ep 86 | 드론4 목적지24 |  505스텝 | 배송 24/24 | 재적재  3 | 중계율 0.24 | alpha 2.664 | complete
Ep 87 | 드론3 목적지30 |  592스텝 | 배송 30/30 | 재적재  5 | 중계율 0.20 | alpha 2.677 | complete
Ep 88 | 드론3 목적지38 |  913스텝 | 배송 38/38 | 재적재  7 | 중계율 0.18 | alpha 2.695 | complete
Ep 89 | 드론3 목적지57 | 1000스텝 | 배송 48/57 | 재적재  9 | 중계율 0.22 | alpha 2.746 | step_limit
Ep 90 | 드론4 목적지21 |  465스텝 | 배송 21/21 | 재적재  3 | 중계율 0.27 | alpha 2.759 | complete
Ep 91 | 드론4 목적지77 | 1000스텝 | 배송 73/77 | 재적재 13 | 중계율 0.24 | alpha 2.768 | step_limit
Ep 92 | 드론3 목적지69 | 1000스텝 | 배송 49/69 | 재적재  8 | 중계율 0.23 | alpha 2.765 | step_limit
Ep 93 | 드론4 목적지60 |  726스텝 | 배송 60/60 | 재적재 11 | 중계율 0.16 | alpha 2.738 | complete
Ep 94 | 드론4 목적지45 |  854스텝 | 배송 45/45 | 재적재  7 | 중계율 0.19 | alpha 2.700 | complete
Ep 95 | 드론3 목적지71 | 1000스텝 | 배송 68/71 | 재적재 11 | 중계율 0.23 | alpha 2.690 | step_limit
Ep 96 | 드론3 목적지74 | 1000스텝 | 배송 60/74 | 재적재  9 | 중계율 0.24 | alpha 2.655 | step_limit
Ep 97 | 드론4 목적지47 |  664스텝 | 배송 47/47 | 재적재  8 | 중계율 0.19 | alpha 2.627 | complete
Ep 98 | 드론4 목적지50 |  819스텝 | 배송 50/50 | 재적재  8 | 중계율 0.24 | alpha 2.600 | complete
Ep 99 | 드론4 목적지35 |  618스텝 | 배송 35/35 | 재적재  5 | 중계율 0.24 | alpha 2.606 | complete
Ep 100 | 드론3 목적지40 |  928스텝 | 배송 40/40 | 재적재  7 | 중계율 0.22 | alpha 2.567 | complete
  [홀드아웃] 배송 49.8±0.9 완주 0.96 스텝 1152 점수 120.9 재적재 8.3 2홉+ 0.61 | 최고 120.9@ep100 정체 0/8  ← 갱신
Ep 101 | 드론3 목적지23 |  488스텝 | 배송 23/23 | 재적재  3 | 중계율 0.17 | alpha 2.524 | complete
Ep 102 | 드론3 목적지21 |  720스텝 | 배송 21/21 | 재적재  3 | 중계율 0.23 | alpha 2.495 | complete
Ep 103 | 드론4 목적지72 |  775스텝 | 배송 72/72 | 재적재 12 | 중계율 0.18 | alpha 2.465 | complete
Ep 104 | 드론3 목적지27 |  794스텝 | 배송 27/27 | 재적재  4 | 중계율 0.19 | alpha 2.455 | complete
Ep 105 | 드론3 목적지63 | 1000스텝 | 배송 60/63 | 재적재 11 | 중계율 0.18 | alpha 2.426 | step_limit
Ep 106 | 드론4 목적지58 |  767스텝 | 배송 58/58 | 재적재 11 | 중계율 0.19 | alpha 2.435 | complete
Ep 107 | 드론4 목적지75 | 1000스텝 | 배송 56/75 | 재적재 10 | 중계율 0.31 | alpha 2.458 | step_limit
Ep 108 | 드론3 목적지55 |  970스텝 | 배송 55/55 | 재적재  9 | 중계율 0.20 | alpha 2.463 | complete
Ep 109 | 드론4 목적지64 |  983스텝 | 배송 64/64 | 재적재 11 | 중계율 0.24 | alpha 2.416 | complete
Ep 110 | 드론3 목적지55 | 1000스텝 | 배송 54/55 | 재적재  9 | 중계율 0.26 | alpha 2.387 | step_limit
Ep 111 | 드론4 목적지67 | 1000스텝 | 배송 64/67 | 재적재 10 | 중계율 0.28 | alpha 2.368 | step_limit
Ep 112 | 드론3 목적지46 | 1000스텝 | 배송 45/46 | 재적재  7 | 중계율 0.19 | alpha 2.370 | step_limit
Ep 113 | 드론4 목적지43 |  539스텝 | 배송 43/43 | 재적재  8 | 중계율 0.15 | alpha 2.366 | complete
Ep 114 | 드론3 목적지80 | 1000스텝 | 배송 60/80 | 재적재 11 | 중계율 0.22 | alpha 2.332 | step_limit
Ep 115 | 드론4 목적지78 | 1000스텝 | 배송 71/78 | 재적재 13 | 중계율 0.17 | alpha 2.307 | step_limit
Ep 116 | 드론4 목적지72 | 1000스텝 | 배송 67/72 | 재적재 12 | 중계율 0.22 | alpha 2.286 | step_limit
Ep 117 | 드론3 목적지54 | 1000스텝 | 배송 47/54 | 재적재  9 | 중계율 0.21 | alpha 2.255 | step_limit
Ep 118 | 드론3 목적지63 | 1000스텝 | 배송 56/63 | 재적재  9 | 중계율 0.26 | alpha 2.233 | step_limit
Ep 119 | 드론4 목적지66 |  896스텝 | 배송 66/66 | 재적재 11 | 중계율 0.21 | alpha 2.222 | complete
Ep 120 | 드론4 목적지70 | 1000스텝 | 배송 67/70 | 재적재 13 | 중계율 0.22 | alpha 2.209 | step_limit
Ep 121 | 드론4 목적지45 |  786스텝 | 배송 45/45 | 재적재  8 | 중계율 0.23 | alpha 2.208 | complete
Ep 122 | 드론4 목적지26 |  625스텝 | 배송 26/26 | 재적재  3 | 중계율 0.30 | alpha 2.207 | complete
Ep 123 | 드론4 목적지30 |  634스텝 | 배송 30/30 | 재적재  5 | 중계율 0.29 | alpha 2.191 | complete
Ep 124 | 드론3 목적지80 | 1000스텝 | 배송 66/80 | 재적재 12 | 중계율 0.22 | alpha 2.184 | step_limit
Ep 125 | 드론4 목적지41 |  505스텝 | 배송 41/41 | 재적재  7 | 중계율 0.18 | alpha 2.174 | complete
Ep 126 | 드론3 목적지50 | 1000스텝 | 배송 47/50 | 재적재  8 | 중계율 0.34 | alpha 2.198 | step_limit
Ep 127 | 드론3 목적지37 |  854스텝 | 배송 37/37 | 재적재  7 | 중계율 0.24 | alpha 2.192 | complete
Ep 128 | 드론3 목적지42 | 1000스텝 | 배송 40/42 | 재적재  7 | 중계율 0.26 | alpha 2.188 | step_limit
Ep 129 | 드론4 목적지52 |  835스텝 | 배송 52/52 | 재적재  8 | 중계율 0.20 | alpha 2.190 | complete
Ep 130 | 드론3 목적지40 | 1000스텝 | 배송 39/40 | 재적재  6 | 중계율 0.37 | alpha 2.197 | step_limit
Ep 131 | 드론3 목적지39 |  758스텝 | 배송 39/39 | 재적재  6 | 중계율 0.17 | alpha 2.207 | complete
Ep 132 | 드론4 목적지63 |  926스텝 | 배송 63/63 | 재적재 11 | 중계율 0.21 | alpha 2.227 | complete
Ep 133 | 드론3 목적지61 | 1000스텝 | 배송 60/61 | 재적재 12 | 중계율 0.17 | alpha 2.236 | step_limit
Ep 134 | 드론4 목적지22 |  284스텝 | 배송 22/22 | 재적재  3 | 중계율 0.14 | alpha 2.226 | complete
Ep 135 | 드론3 목적지20 |  729스텝 | 배송 20/20 | 재적재  3 | 중계율 0.30 | alpha 2.207 | complete
Ep 136 | 드론4 목적지57 |  778스텝 | 배송 57/57 | 재적재 10 | 중계율 0.25 | alpha 2.193 | complete
Ep 137 | 드론3 목적지24 |  617스텝 | 배송 24/24 | 재적재  4 | 중계율 0.26 | alpha 2.169 | complete
Ep 138 | 드론4 목적지35 |  598스텝 | 배송 35/35 | 재적재  5 | 중계율 0.15 | alpha 2.189 | complete
Ep 139 | 드론3 목적지29 |  741스텝 | 배송 29/29 | 재적재  4 | 중계율 0.29 | alpha 2.204 | complete
Ep 140 | 드론3 목적지32 |  842스텝 | 배송 32/32 | 재적재  6 | 중계율 0.26 | alpha 2.217 | complete
Ep 141 | 드론3 목적지54 | 1000스텝 | 배송 52/54 | 재적재  9 | 중계율 0.18 | alpha 2.218 | step_limit
Ep 142 | 드론3 목적지42 | 1000스텝 | 배송 36/42 | 재적재  7 | 중계율 0.22 | alpha 2.216 | step_limit
Ep 143 | 드론3 목적지23 |  508스텝 | 배송 23/23 | 재적재  3 | 중계율 0.22 | alpha 2.218 | complete
Ep 144 | 드론3 목적지61 | 1000스텝 | 배송 50/61 | 재적재  8 | 중계율 0.26 | alpha 2.246 | step_limit
Ep 145 | 드론3 목적지64 | 1000스텝 | 배송 58/64 | 재적재 11 | 중계율 0.18 | alpha 2.258 | step_limit
Ep 146 | 드론3 목적지71 | 1000스텝 | 배송 66/71 | 재적재 12 | 중계율 0.20 | alpha 2.267 | step_limit
Ep 147 | 드론3 목적지48 |  901스텝 | 배송 48/48 | 재적재  8 | 중계율 0.20 | alpha 2.277 | complete
Ep 148 | 드론4 목적지36 | 1000스텝 | 배송 32/36 | 재적재  4 | 중계율 0.25 | alpha 2.262 | step_limit
Ep 149 | 드론4 목적지40 |  613스텝 | 배송 40/40 | 재적재  6 | 중계율 0.17 | alpha 2.265 | complete
Ep 150 | 드론3 목적지26 |  642스텝 | 배송 26/26 | 재적재  3 | 중계율 0.22 | alpha 2.246 | complete
  [홀드아웃] 배송 49.7±1.8 완주 0.96 스텝 1077 점수 121.9 재적재 8.0 2홉+ 0.62 | 최고 121.9@ep150 정체 0/8  ← 갱신
Ep 151 | 드론4 목적지70 |  993스텝 | 배송 70/70 | 재적재 11 | 중계율 0.25 | alpha 2.237 | complete
Ep 152 | 드론4 목적지48 |  762스텝 | 배송 48/48 | 재적재  8 | 중계율 0.20 | alpha 2.210 | complete
Ep 153 | 드론4 목적지57 |  952스텝 | 배송 57/57 | 재적재 10 | 중계율 0.26 | alpha 2.174 | complete
Ep 154 | 드론4 목적지34 |  474스텝 | 배송 34/34 | 재적재  5 | 중계율 0.17 | alpha 2.177 | complete
Ep 155 | 드론4 목적지80 | 1000스텝 | 배송 71/80 | 재적재 12 | 중계율 0.28 | alpha 2.199 | step_limit
Ep 156 | 드론4 목적지59 | 1000스텝 | 배송 50/59 | 재적재  9 | 중계율 0.27 | alpha 2.237 | step_limit
Ep 157 | 드론3 목적지42 |  890스텝 | 배송 42/42 | 재적재  8 | 중계율 0.20 | alpha 2.189 | complete
Ep 158 | 드론4 목적지76 |  854스텝 | 배송 76/76 | 재적재 13 | 중계율 0.15 | alpha 2.201 | complete
Ep 159 | 드론4 목적지47 |  760스텝 | 배송 47/47 | 재적재  9 | 중계율 0.21 | alpha 2.190 | complete
Ep 160 | 드론3 목적지62 | 1000스텝 | 배송 51/62 | 재적재 10 | 중계율 0.26 | alpha 2.192 | step_limit
Ep 161 | 드론3 목적지31 |  666스텝 | 배송 31/31 | 재적재  4 | 중계율 0.19 | alpha 2.151 | complete
Ep 162 | 드론3 목적지26 |  677스텝 | 배송 26/26 | 재적재  4 | 중계율 0.26 | alpha 2.144 | complete
Ep 163 | 드론4 목적지21 |  810스텝 | 배송 21/21 | 재적재  3 | 중계율 0.33 | alpha 2.130 | complete
Ep 164 | 드론4 목적지79 | 1000스텝 | 배송 71/79 | 재적재 13 | 중계율 0.28 | alpha 2.104 | step_limit
Ep 165 | 드론4 목적지47 |  639스텝 | 배송 47/47 | 재적재  8 | 중계율 0.19 | alpha 2.094 | complete
Ep 166 | 드론3 목적지77 | 1000스텝 | 배송 70/77 | 재적재 12 | 중계율 0.22 | alpha 2.070 | step_limit
Ep 167 | 드론4 목적지77 | 1000스텝 | 배송 59/77 | 재적재 10 | 중계율 0.32 | alpha 2.048 | step_limit
Ep 168 | 드론4 목적지29 |  528스텝 | 배송 29/29 | 재적재  3 | 중계율 0.25 | alpha 2.057 | complete
Ep 169 | 드론4 목적지59 |  994스텝 | 배송 59/59 | 재적재 11 | 중계율 0.27 | alpha 2.052 | complete
Ep 170 | 드론3 목적지74 | 1000스텝 | 배송 61/74 | 재적재 11 | 중계율 0.19 | alpha 2.015 | step_limit
Ep 171 | 드론4 목적지34 |  702스텝 | 배송 34/34 | 재적재  5 | 중계율 0.18 | alpha 2.008 | complete
Ep 172 | 드론3 목적지43 |  928스텝 | 배송 43/43 | 재적재  8 | 중계율 0.22 | alpha 1.986 | complete
Ep 173 | 드론3 목적지35 |  934스텝 | 배송 35/35 | 재적재  6 | 중계율 0.31 | alpha 2.004 | complete
Ep 174 | 드론4 목적지43 |  879스텝 | 배송 43/43 | 재적재  7 | 중계율 0.23 | alpha 1.989 | complete
Ep 175 | 드론4 목적지30 |  829스텝 | 배송 30/30 | 재적재  4 | 중계율 0.38 | alpha 1.979 | complete
Ep 176 | 드론4 목적지29 |  579스텝 | 배송 29/29 | 재적재  4 | 중계율 0.29 | alpha 1.963 | complete
Ep 177 | 드론3 목적지45 | 1000스텝 | 배송 44/45 | 재적재  8 | 중계율 0.30 | alpha 1.972 | step_limit
Ep 178 | 드론3 목적지20 |  643스텝 | 배송 20/20 | 재적재  3 | 중계율 0.30 | alpha 1.966 | complete
Ep 179 | 드론4 목적지66 | 1000스텝 | 배송 57/66 | 재적재 10 | 중계율 0.29 | alpha 1.945 | step_limit
Ep 180 | 드론4 목적지22 |  441스텝 | 배송 22/22 | 재적재  3 | 중계율 0.18 | alpha 1.922 | complete
Ep 181 | 드론4 목적지77 | 1000스텝 | 배송 73/77 | 재적재 11 | 중계율 0.27 | alpha 1.936 | step_limit
Ep 182 | 드론3 목적지74 | 1000스텝 | 배송 56/74 | 재적재  9 | 중계율 0.25 | alpha 1.946 | step_limit
Ep 183 | 드론4 목적지40 |  470스텝 | 배송 40/40 | 재적재  6 | 중계율 0.18 | alpha 1.945 | complete
Ep 184 | 드론3 목적지77 | 1000스텝 | 배송 70/77 | 재적재 12 | 중계율 0.21 | alpha 1.932 | step_limit
Ep 185 | 드론4 목적지72 | 1000스텝 | 배송 64/72 | 재적재 10 | 중계율 0.25 | alpha 1.930 | step_limit
Ep 186 | 드론4 목적지74 |  892스텝 | 배송 74/74 | 재적재 14 | 중계율 0.23 | alpha 1.908 | complete
Ep 187 | 드론3 목적지65 | 1000스텝 | 배송 56/65 | 재적재 11 | 중계율 0.18 | alpha 1.892 | step_limit
Ep 188 | 드론3 목적지80 | 1000스텝 | 배송 54/80 | 재적재  8 | 중계율 0.33 | alpha 1.885 | step_limit
Ep 189 | 드론4 목적지55 |  806스텝 | 배송 55/55 | 재적재  9 | 중계율 0.26 | alpha 1.895 | complete
Ep 190 | 드론3 목적지36 |  830스텝 | 배송 36/36 | 재적재  6 | 중계율 0.33 | alpha 1.889 | complete
Ep 191 | 드론3 목적지28 |  874스텝 | 배송 28/28 | 재적재  5 | 중계율 0.30 | alpha 1.903 | complete
Ep 192 | 드론4 목적지74 |  897스텝 | 배송 74/74 | 재적재 13 | 중계율 0.19 | alpha 1.898 | complete
Ep 193 | 드론3 목적지61 | 1000스텝 | 배송 50/61 | 재적재  8 | 중계율 0.32 | alpha 1.872 | step_limit
Ep 194 | 드론4 목적지73 | 1000스텝 | 배송 71/73 | 재적재 13 | 중계율 0.19 | alpha 1.839 | step_limit
Ep 195 | 드론4 목적지69 | 1000스텝 | 배송 56/69 | 재적재 10 | 중계율 0.28 | alpha 1.846 | step_limit
Ep 196 | 드론3 목적지47 |  910스텝 | 배송 47/47 | 재적재  8 | 중계율 0.18 | alpha 1.842 | complete
Ep 197 | 드론4 목적지27 |  529스텝 | 배송 27/27 | 재적재  4 | 중계율 0.27 | alpha 1.839 | complete
Ep 198 | 드론3 목적지56 | 1000스텝 | 배송 53/56 | 재적재  9 | 중계율 0.17 | alpha 1.861 | step_limit
Ep 199 | 드론3 목적지57 | 1000스텝 | 배송 50/57 | 재적재  9 | 중계율 0.23 | alpha 1.860 | step_limit
Ep 200 | 드론4 목적지64 | 1000스텝 | 배송 58/64 | 재적재 10 | 중계율 0.29 | alpha 1.855 | step_limit
  [홀드아웃] 배송 50.0±0.0 완주 1.00 스텝 973 점수 127.0 재적재 7.9 2홉+ 0.61 | 최고 127.0@ep200 정체 0/8  ← 갱신
Training finished. best=127.0 @ ep200
