/home/kopt/enter/envs/wsl_neuroMCTS/lib/python3.10/site-packages/pygame/pkgdata.py:25: UserWarning: pkg_resources is deprecated as an API. See https://setuptools.pypa.io/en/latest/pkg_resources.html. The pkg_resources package is slated for removal as early as 2025-11-30. Refrain from using this package or pin to Setuptools<81.
  from pkg_resources import resource_stream, resource_exists
pygame 2.6.1 (SDL 2.28.4, Python 3.10.19)
Hello from the pygame community. https://www.pygame.org/contribute.html
집합 상위 학습 | 반경 300 상한 1000 무배송 500 gamma 0.997 구성=무작위 드론[3, 4] 목적지[20, 80] CC무작위 인스턴스=무작위 목표유지=off 완주보상=0.0 잔여페널티=0.1 규칙관측=False 규칙정규화=2.0/중계가중치=1.0 막힘페널티=0.0 중계크레딧=0.0/재분배=0.0/드론별보상=False 도달권shaping=0.0 정체전환보상=0.0 엔트로피비=0.6->0.25@400 자기회귀=True/가까운순=False 혼합critic=True 정체재결정=0 결합critic=False 홀드아웃상한=3000 선택=makespan/속도가중치=40.0
/home/kopt/drone/proposed_src/pipeline/train_v5_26_09_15_23.py:438: UserWarning: Converting a tensor with requires_grad=True to a scalar may lead to unexpected behavior.
Consider using tensor.detach() first. (Triggered internally at /pytorch/torch/csrc/autograd/generated/python_variable_methods.cpp:836.)
  writer.add_scalar("train/alpha", float(log_alpha.exp()), ep)
Ep 1 | 드론4 목적지57 | 1000스텝 | 배송 50/57 | 재적재  8 | 중계율 0.15 | alpha 0.100 | step_limit
Ep 2 | 드론3 목적지50 | 1000스텝 | 배송 37/50 | 재적재  6 | 중계율 0.17 | alpha 0.100 | step_limit
Ep 3 | 드론4 목적지72 | 1000스텝 | 배송 59/72 | 재적재 10 | 중계율 0.15 | alpha 0.100 | step_limit
Ep 4 | 드론3 목적지46 | 1000스텝 | 배송 40/46 | 재적재  7 | 중계율 0.16 | alpha 0.100 | step_limit
Ep 5 | 드론3 목적지58 | 1000스텝 | 배송 41/58 | 재적재  6 | 중계율 0.30 | alpha 0.106 | step_limit
Ep 6 | 드론3 목적지61 | 1000스텝 | 배송 54/61 | 재적재  9 | 중계율 0.35 | alpha 0.117 | step_limit
Ep 7 | 드론3 목적지30 |  507스텝 | 배송 30/30 | 재적재  3 | 중계율 0.35 | alpha 0.122 | complete
Ep 8 | 드론3 목적지69 | 1000스텝 | 배송 59/69 | 재적재 10 | 중계율 0.29 | alpha 0.133 | step_limit
Ep 9 | 드론3 목적지66 | 1000스텝 | 배송 61/66 | 재적재 11 | 중계율 0.34 | alpha 0.144 | step_limit
Ep 10 | 드론3 목적지26 |  434스텝 | 배송 26/26 | 재적재  3 | 중계율 0.31 | alpha 0.148 | complete
Ep 11 | 드론4 목적지32 |  464스텝 | 배송 32/32 | 재적재  5 | 중계율 0.25 | alpha 0.154 | complete
Ep 12 | 드론3 목적지35 |  642스텝 | 배송 35/35 | 재적재  6 | 중계율 0.26 | alpha 0.161 | complete
Ep 13 | 드론3 목적지23 |  358스텝 | 배송 23/23 | 재적재  3 | 중계율 0.27 | alpha 0.166 | complete
Ep 14 | 드론3 목적지61 | 1000스텝 | 배송 43/61 | 재적재  7 | 중계율 0.23 | alpha 0.179 | step_limit
Ep 15 | 드론4 목적지78 | 1000스텝 | 배송 72/78 | 재적재 12 | 중계율 0.21 | alpha 0.193 | step_limit
Ep 16 | 드론4 목적지46 |  959스텝 | 배송 46/46 | 재적재  8 | 중계율 0.29 | alpha 0.207 | complete
Ep 17 | 드론4 목적지74 |  983스텝 | 배송 74/74 | 재적재 13 | 중계율 0.23 | alpha 0.223 | complete
Ep 18 | 드론3 목적지24 |  510스텝 | 배송 24/24 | 재적재  3 | 중계율 0.38 | alpha 0.231 | complete
Ep 19 | 드론4 목적지24 |  488스텝 | 배송 24/24 | 재적재  3 | 중계율 0.34 | alpha 0.239 | complete
Ep 20 | 드론3 목적지66 |  875스텝 | 배송 66/66 | 재적재 12 | 중계율 0.17 | alpha 0.255 | complete
Ep 21 | 드론3 목적지43 |  914스텝 | 배송 43/43 | 재적재  7 | 중계율 0.22 | alpha 0.273 | complete
Ep 22 | 드론3 목적지43 |  531스텝 | 배송 43/43 | 재적재  7 | 중계율 0.14 | alpha 0.283 | complete
Ep 23 | 드론3 목적지22 |  528스텝 | 배송 22/22 | 재적재  4 | 중계율 0.34 | alpha 0.295 | complete
Ep 24 | 드론3 목적지35 | 1000스텝 | 배송 22/35 | 재적재  3 | 중계율 0.18 | alpha 0.317 | step_limit
Ep 25 | 드론4 목적지25 |  374스텝 | 배송 25/25 | 재적재  3 | 중계율 0.33 | alpha 0.325 | complete
Ep 26 | 드론3 목적지79 | 1000스텝 | 배송 67/79 | 재적재 12 | 중계율 0.17 | alpha 0.350 | step_limit
Ep 27 | 드론4 목적지63 | 1000스텝 | 배송 53/63 | 재적재  9 | 중계율 0.34 | alpha 0.376 | step_limit
Ep 28 | 드론3 목적지77 | 1000스텝 | 배송 57/77 | 재적재 10 | 중계율 0.27 | alpha 0.404 | step_limit
Ep 29 | 드론3 목적지34 | 1000스텝 | 배송 27/34 | 재적재  4 | 중계율 0.20 | alpha 0.433 | step_limit
Ep 30 | 드론3 목적지25 | 1000스텝 | 배송 23/25 | 재적재  2 | 중계율 0.22 | alpha 0.465 | step_limit
Ep 31 | 드론4 목적지68 |  814스텝 | 배송 68/68 | 재적재 11 | 중계율 0.24 | alpha 0.493 | complete
Ep 32 | 드론3 목적지79 | 1000스텝 | 배송 63/79 | 재적재 11 | 중계율 0.27 | alpha 0.530 | step_limit
Ep 33 | 드론3 목적지62 | 1000스텝 | 배송 36/62 | 재적재  6 | 중계율 0.17 | alpha 0.568 | step_limit
Ep 34 | 드론3 목적지33 |  683스텝 | 배송 33/33 | 재적재  5 | 중계율 0.17 | alpha 0.596 | complete
Ep 35 | 드론3 목적지26 |  685스텝 | 배송 26/26 | 재적재  4 | 중계율 0.26 | alpha 0.625 | complete
Ep 36 | 드론3 목적지57 | 1000스텝 | 배송 45/57 | 재적재  8 | 중계율 0.26 | alpha 0.670 | step_limit
Ep 37 | 드론3 목적지29 |  894스텝 | 배송 29/29 | 재적재  4 | 중계율 0.42 | alpha 0.713 | complete
Ep 38 | 드론4 목적지63 |  946스텝 | 배송 63/63 | 재적재 11 | 중계율 0.34 | alpha 0.761 | complete
Ep 39 | 드론4 목적지44 |  958스텝 | 배송 44/44 | 재적재  6 | 중계율 0.35 | alpha 0.813 | complete
Ep 40 | 드론4 목적지56 |  638스텝 | 배송 56/56 | 재적재  8 | 중계율 0.27 | alpha 0.849 | complete
Ep 41 | 드론4 목적지21 |  610스텝 | 배송 21/21 | 재적재  3 | 중계율 0.39 | alpha 0.885 | complete
Ep 42 | 드론3 목적지24 |  879스텝 | 배송 20/24 | 재적재  2 | 중계율 0.40 | alpha 0.937 | no_progress
Ep 43 | 드론3 목적지52 | 1000스텝 | 배송 50/52 | 재적재  8 | 중계율 0.24 | alpha 1.001 | step_limit
Ep 44 | 드론3 목적지72 | 1000스텝 | 배송 70/72 | 재적재 12 | 중계율 0.18 | alpha 1.069 | step_limit
Ep 45 | 드론3 목적지52 |  921스텝 | 배송 52/52 | 재적재  8 | 중계율 0.30 | alpha 1.135 | complete
Ep 46 | 드론4 목적지72 |  929스텝 | 배송 72/72 | 재적재 14 | 중계율 0.20 | alpha 1.206 | complete
Ep 47 | 드론3 목적지69 | 1000스텝 | 배송 56/69 | 재적재 10 | 중계율 0.17 | alpha 1.288 | step_limit
Ep 48 | 드론3 목적지56 | 1000스텝 | 배송 44/56 | 재적재  7 | 중계율 0.18 | alpha 1.376 | step_limit
Ep 49 | 드론4 목적지78 | 1000스텝 | 배송 76/78 | 재적재 13 | 중계율 0.26 | alpha 1.470 | step_limit
Ep 50 | 드론4 목적지40 | 1000스텝 | 배송 30/40 | 재적재  5 | 중계율 0.35 | alpha 1.571 | step_limit
  [홀드아웃] 배송 49.9±0.4 완주 0.97 스텝 1357 점수 119.4 재적재 8.1 2홉+ 0.64 | 최고 119.4@ep50 정체 0/8  ← 갱신
Ep 51 | 드론4 목적지51 |  670스텝 | 배송 51/51 | 재적재  8 | 중계율 0.21 | alpha 1.642 | complete
Ep 52 | 드론3 목적지42 |  779스텝 | 배송 42/42 | 재적재  6 | 중계율 0.29 | alpha 1.727 | complete
Ep 53 | 드론4 목적지60 |  858스텝 | 배송 60/60 | 재적재 11 | 중계율 0.21 | alpha 1.823 | complete
Ep 54 | 드론3 목적지49 | 1000스텝 | 배송 41/49 | 재적재  6 | 중계율 0.20 | alpha 1.941 | step_limit
Ep 55 | 드론3 목적지40 |  775스텝 | 배송 40/40 | 재적재  7 | 중계율 0.24 | alpha 2.037 | complete
Ep 56 | 드론4 목적지61 | 1000스텝 | 배송 56/61 | 재적재 11 | 중계율 0.24 | alpha 2.168 | step_limit
Ep 57 | 드론3 목적지53 | 1000스텝 | 배송 50/53 | 재적재  8 | 중계율 0.28 | alpha 2.306 | step_limit
Ep 58 | 드론4 목적지57 |  983스텝 | 배송 57/57 | 재적재  8 | 중계율 0.31 | alpha 2.446 | complete
Ep 59 | 드론3 목적지50 |  966스텝 | 배송 50/50 | 재적재  9 | 중계율 0.23 | alpha 2.582 | complete
Ep 60 | 드론3 목적지21 | 1000스텝 | 배송 20/21 | 재적재  4 | 중계율 0.32 | alpha 2.723 | step_limit
Ep 61 | 드론4 목적지26 |  631스텝 | 배송 26/26 | 재적재  4 | 중계율 0.22 | alpha 2.810 | complete
Ep 62 | 드론4 목적지55 | 1000스텝 | 배송 49/55 | 재적재  9 | 중계율 0.35 | alpha 2.944 | step_limit
Ep 63 | 드론4 목적지68 | 1000스텝 | 배송 59/68 | 재적재 10 | 중계율 0.21 | alpha 3.073 | step_limit
Ep 64 | 드론3 목적지41 | 1000스텝 | 배송 38/41 | 재적재  6 | 중계율 0.25 | alpha 3.195 | step_limit
Ep 65 | 드론4 목적지68 |  963스텝 | 배송 68/68 | 재적재 11 | 중계율 0.16 | alpha 3.313 | complete
Ep 66 | 드론3 목적지61 | 1000스텝 | 배송 58/61 | 재적재 11 | 중계율 0.19 | alpha 3.433 | step_limit
Ep 67 | 드론3 목적지53 | 1000스텝 | 배송 46/53 | 재적재  9 | 중계율 0.28 | alpha 3.564 | step_limit
Ep 68 | 드론3 목적지44 | 1000스텝 | 배송 42/44 | 재적재  8 | 중계율 0.18 | alpha 3.671 | step_limit
Ep 69 | 드론3 목적지34 | 1000스텝 | 배송 33/34 | 재적재  5 | 중계율 0.22 | alpha 3.757 | step_limit
Ep 70 | 드론3 목적지31 |  914스텝 | 배송 31/31 | 재적재  5 | 중계율 0.34 | alpha 3.819 | complete
Ep 71 | 드론4 목적지71 | 1000스텝 | 배송 68/71 | 재적재 12 | 중계율 0.16 | alpha 3.871 | step_limit
Ep 72 | 드론3 목적지53 | 1000스텝 | 배송 42/53 | 재적재  7 | 중계율 0.27 | alpha 3.915 | step_limit
Ep 73 | 드론3 목적지21 |  635스텝 | 배송 21/21 | 재적재  3 | 중계율 0.32 | alpha 3.928 | complete
Ep 74 | 드론4 목적지45 |  687스텝 | 배송 45/45 | 재적재  8 | 중계율 0.21 | alpha 3.937 | complete
Ep 75 | 드론4 목적지40 |  750스텝 | 배송 40/40 | 재적재  7 | 중계율 0.24 | alpha 3.929 | complete
Ep 76 | 드론3 목적지75 | 1000스텝 | 배송 47/75 | 재적재  8 | 중계율 0.18 | alpha 3.888 | step_limit
Ep 77 | 드론4 목적지24 |  460스텝 | 배송 24/24 | 재적재  2 | 중계율 0.30 | alpha 3.865 | complete
Ep 78 | 드론3 목적지64 | 1000스텝 | 배송 51/64 | 재적재  8 | 중계율 0.19 | alpha 3.820 | step_limit
Ep 79 | 드론3 목적지41 |  943스텝 | 배송 41/41 | 재적재  7 | 중계율 0.26 | alpha 3.801 | complete
Ep 80 | 드론3 목적지69 | 1000스텝 | 배송 64/69 | 재적재 11 | 중계율 0.21 | alpha 3.748 | step_limit
Ep 81 | 드론4 목적지47 |  983스텝 | 배송 47/47 | 재적재  8 | 중계율 0.25 | alpha 3.725 | complete
Ep 82 | 드론4 목적지69 | 1000스텝 | 배송 62/69 | 재적재  9 | 중계율 0.28 | alpha 3.714 | step_limit
Ep 83 | 드론4 목적지31 |  870스텝 | 배송 31/31 | 재적재  4 | 중계율 0.32 | alpha 3.700 | complete
Ep 84 | 드론3 목적지33 | 1000스텝 | 배송 31/33 | 재적재  5 | 중계율 0.23 | alpha 3.688 | step_limit
Ep 85 | 드론3 목적지38 |  992스텝 | 배송 38/38 | 재적재  7 | 중계율 0.20 | alpha 3.703 | complete
Ep 86 | 드론4 목적지24 |  694스텝 | 배송 24/24 | 재적재  4 | 중계율 0.27 | alpha 3.733 | complete
Ep 87 | 드론3 목적지30 |  984스텝 | 배송 30/30 | 재적재  4 | 중계율 0.25 | alpha 3.770 | complete
Ep 88 | 드론3 목적지38 | 1000스텝 | 배송 37/38 | 재적재  7 | 중계율 0.26 | alpha 3.765 | step_limit
Ep 89 | 드론3 목적지57 | 1000스텝 | 배송 48/57 | 재적재  9 | 중계율 0.25 | alpha 3.772 | step_limit
Ep 90 | 드론4 목적지21 |  702스텝 | 배송 21/21 | 재적재  3 | 중계율 0.31 | alpha 3.796 | complete
Ep 91 | 드론4 목적지77 | 1000스텝 | 배송 71/77 | 재적재 12 | 중계율 0.25 | alpha 3.792 | step_limit
Ep 92 | 드론3 목적지69 | 1000스텝 | 배송 55/69 | 재적재 11 | 중계율 0.21 | alpha 3.762 | step_limit
Ep 93 | 드론4 목적지60 |  892스텝 | 배송 60/60 | 재적재 11 | 중계율 0.19 | alpha 3.768 | complete
Ep 94 | 드론4 목적지45 |  911스텝 | 배송 45/45 | 재적재  7 | 중계율 0.21 | alpha 3.721 | complete
Ep 95 | 드론3 목적지71 | 1000스텝 | 배송 60/71 | 재적재 12 | 중계율 0.19 | alpha 3.691 | step_limit
Ep 96 | 드론3 목적지74 | 1000스텝 | 배송 55/74 | 재적재  8 | 중계율 0.25 | alpha 3.745 | step_limit
Ep 97 | 드론4 목적지47 |  834스텝 | 배송 47/47 | 재적재  8 | 중계율 0.25 | alpha 3.786 | complete
Ep 98 | 드론4 목적지50 | 1000스텝 | 배송 44/50 | 재적재  6 | 중계율 0.26 | alpha 3.885 | step_limit
Ep 99 | 드론4 목적지35 |  789스텝 | 배송 35/35 | 재적재  6 | 중계율 0.27 | alpha 3.925 | complete
Ep 100 | 드론3 목적지40 | 1000스텝 | 배송 38/40 | 재적재  7 | 중계율 0.24 | alpha 4.001 | step_limit
  [홀드아웃] 배송 49.9±0.5 완주 0.97 스텝 1285 점수 120.4 재적재 8.3 2홉+ 0.63 | 최고 120.4@ep100 정체 0/8  ← 갱신
Ep 101 | 드론3 목적지23 | 1000스텝 | 배송 21/23 | 재적재  3 | 중계율 0.25 | alpha 3.944 | step_limit
Ep 102 | 드론3 목적지21 |  741스텝 | 배송 21/21 | 재적재  3 | 중계율 0.31 | alpha 3.891 | complete
Ep 103 | 드론4 목적지72 |  970스텝 | 배송 72/72 | 재적재 14 | 중계율 0.22 | alpha 3.908 | complete
Ep 104 | 드론3 목적지27 | 1000스텝 | 배송 26/27 | 재적재  3 | 중계율 0.32 | alpha 3.888 | step_limit
Ep 105 | 드론3 목적지63 | 1000스텝 | 배송 58/63 | 재적재 10 | 중계율 0.21 | alpha 3.839 | step_limit
Ep 106 | 드론4 목적지58 |  630스텝 | 배송 58/58 | 재적재  9 | 중계율 0.18 | alpha 3.803 | complete
Ep 107 | 드론4 목적지75 | 1000스텝 | 배송 57/75 | 재적재  9 | 중계율 0.33 | alpha 3.797 | step_limit
Ep 108 | 드론3 목적지55 | 1000스텝 | 배송 49/55 | 재적재  9 | 중계율 0.22 | alpha 3.766 | step_limit
Ep 109 | 드론4 목적지64 | 1000스텝 | 배송 54/64 | 재적재  9 | 중계율 0.26 | alpha 3.793 | step_limit
Ep 110 | 드론3 목적지55 | 1000스텝 | 배송 51/55 | 재적재  9 | 중계율 0.19 | alpha 3.831 | step_limit
Ep 111 | 드론4 목적지67 | 1000스텝 | 배송 50/67 | 재적재  8 | 중계율 0.26 | alpha 3.884 | step_limit
Ep 112 | 드론3 목적지46 | 1000스텝 | 배송 41/46 | 재적재  6 | 중계율 0.20 | alpha 3.893 | step_limit
Ep 113 | 드론4 목적지43 |  614스텝 | 배송 43/43 | 재적재  7 | 중계율 0.16 | alpha 3.888 | complete
Ep 114 | 드론3 목적지80 | 1000스텝 | 배송 60/80 | 재적재 11 | 중계율 0.22 | alpha 3.877 | step_limit
Ep 115 | 드론4 목적지78 | 1000스텝 | 배송 75/78 | 재적재 14 | 중계율 0.17 | alpha 3.903 | step_limit
Ep 116 | 드론4 목적지72 | 1000스텝 | 배송 64/72 | 재적재 11 | 중계율 0.22 | alpha 3.872 | step_limit
Ep 117 | 드론3 목적지54 | 1000스텝 | 배송 45/54 | 재적재  7 | 중계율 0.23 | alpha 3.774 | step_limit
Ep 118 | 드론3 목적지63 | 1000스텝 | 배송 54/63 | 재적재  9 | 중계율 0.24 | alpha 3.765 | step_limit
Ep 119 | 드론4 목적지66 | 1000스텝 | 배송 65/66 | 재적재 12 | 중계율 0.22 | alpha 3.737 | step_limit
Ep 120 | 드론4 목적지70 | 1000스텝 | 배송 66/70 | 재적재 11 | 중계율 0.23 | alpha 3.721 | step_limit
Ep 121 | 드론4 목적지45 | 1000스텝 | 배송 44/45 | 재적재  7 | 중계율 0.29 | alpha 3.668 | step_limit
Ep 122 | 드론4 목적지26 |  714스텝 | 배송 26/26 | 재적재  4 | 중계율 0.31 | alpha 3.649 | complete
Ep 123 | 드론4 목적지30 | 1000스텝 | 배송 27/30 | 재적재  4 | 중계율 0.29 | alpha 3.597 | step_limit
Ep 124 | 드론3 목적지80 | 1000스텝 | 배송 50/80 | 재적재  8 | 중계율 0.22 | alpha 3.594 | step_limit
Ep 125 | 드론4 목적지41 |  686스텝 | 배송 41/41 | 재적재  6 | 중계율 0.25 | alpha 3.594 | complete
Ep 126 | 드론3 목적지50 | 1000스텝 | 배송 40/50 | 재적재  7 | 중계율 0.30 | alpha 3.608 | step_limit
Ep 127 | 드론3 목적지37 | 1000스텝 | 배송 35/37 | 재적재  6 | 중계율 0.27 | alpha 3.638 | step_limit
Ep 128 | 드론3 목적지42 | 1000스텝 | 배송 39/42 | 재적재  6 | 중계율 0.29 | alpha 3.647 | step_limit
Ep 129 | 드론4 목적지52 |  898스텝 | 배송 52/52 | 재적재  9 | 중계율 0.24 | alpha 3.652 | complete
Ep 130 | 드론3 목적지40 | 1000스텝 | 배송 35/40 | 재적재  6 | 중계율 0.33 | alpha 3.656 | step_limit
Ep 131 | 드론3 목적지39 |  858스텝 | 배송 39/39 | 재적재  7 | 중계율 0.19 | alpha 3.644 | complete
Ep 132 | 드론4 목적지63 | 1000스텝 | 배송 57/63 | 재적재 11 | 중계율 0.20 | alpha 3.604 | step_limit
Ep 133 | 드론3 목적지61 | 1000스텝 | 배송 47/61 | 재적재  8 | 중계율 0.15 | alpha 3.615 | step_limit
Ep 134 | 드론4 목적지22 |  322스텝 | 배송 22/22 | 재적재  3 | 중계율 0.20 | alpha 3.584 | complete
Ep 135 | 드론3 목적지20 |  547스텝 | 배송 20/20 | 재적재  2 | 중계율 0.27 | alpha 3.578 | complete
Ep 136 | 드론4 목적지57 | 1000스텝 | 배송 53/57 | 재적재  9 | 중계율 0.30 | alpha 3.576 | step_limit
Ep 137 | 드론3 목적지24 |  459스텝 | 배송 24/24 | 재적재  3 | 중계율 0.17 | alpha 3.587 | complete
Ep 138 | 드론4 목적지35 |  510스텝 | 배송 35/35 | 재적재  5 | 중계율 0.20 | alpha 3.623 | complete
Ep 139 | 드론3 목적지29 | 1000스텝 | 배송 27/29 | 재적재  5 | 중계율 0.22 | alpha 3.644 | step_limit
Ep 140 | 드론3 목적지32 |  947스텝 | 배송 32/32 | 재적재  5 | 중계율 0.28 | alpha 3.666 | complete
Ep 141 | 드론3 목적지54 | 1000스텝 | 배송 51/54 | 재적재  9 | 중계율 0.19 | alpha 3.621 | step_limit
Ep 142 | 드론3 목적지42 | 1000스텝 | 배송 41/42 | 재적재  7 | 중계율 0.23 | alpha 3.636 | step_limit
Ep 143 | 드론3 목적지23 |  652스텝 | 배송 23/23 | 재적재  3 | 중계율 0.30 | alpha 3.621 | complete
Ep 144 | 드론3 목적지61 | 1000스텝 | 배송 49/61 | 재적재  8 | 중계율 0.23 | alpha 3.567 | step_limit
Ep 145 | 드론3 목적지64 | 1000스텝 | 배송 55/64 | 재적재 10 | 중계율 0.21 | alpha 3.588 | step_limit
Ep 146 | 드론3 목적지71 | 1000스텝 | 배송 65/71 | 재적재 12 | 중계율 0.19 | alpha 3.594 | step_limit
Ep 147 | 드론3 목적지48 | 1000스텝 | 배송 40/48 | 재적재  7 | 중계율 0.25 | alpha 3.651 | step_limit
Ep 148 | 드론4 목적지36 |  725스텝 | 배송 36/36 | 재적재  5 | 중계율 0.30 | alpha 3.601 | complete
Ep 149 | 드론4 목적지40 |  646스텝 | 배송 40/40 | 재적재  7 | 중계율 0.18 | alpha 3.552 | complete
Ep 150 | 드론3 목적지26 |  783스텝 | 배송 26/26 | 재적재  4 | 중계율 0.23 | alpha 3.486 | complete
  [홀드아웃] 배송 49.9±0.6 완주 0.97 스텝 1248 점수 120.9 재적재 8.3 2홉+ 0.63 | 최고 120.9@ep150 정체 0/8  ← 갱신
Ep 151 | 드론4 목적지70 | 1000스텝 | 배송 67/70 | 재적재 12 | 중계율 0.25 | alpha 3.419 | step_limit
Ep 152 | 드론4 목적지48 | 1000스텝 | 배송 42/48 | 재적재  8 | 중계율 0.27 | alpha 3.333 | step_limit
Ep 153 | 드론4 목적지57 |  924스텝 | 배송 57/57 | 재적재  9 | 중계율 0.29 | alpha 3.269 | complete
Ep 154 | 드론4 목적지34 |  494스텝 | 배송 34/34 | 재적재  5 | 중계율 0.18 | alpha 3.247 | complete
Ep 155 | 드론4 목적지80 | 1000스텝 | 배송 66/80 | 재적재 11 | 중계율 0.26 | alpha 3.195 | step_limit
Ep 156 | 드론4 목적지59 |  957스텝 | 배송 59/59 | 재적재  9 | 중계율 0.26 | alpha 3.195 | complete
Ep 157 | 드론3 목적지42 | 1000스텝 | 배송 37/42 | 재적재  6 | 중계율 0.24 | alpha 3.211 | step_limit
Ep 158 | 드론4 목적지76 | 1000스텝 | 배송 72/76 | 재적재 14 | 중계율 0.16 | alpha 3.210 | step_limit
Ep 159 | 드론4 목적지47 |  693스텝 | 배송 47/47 | 재적재  8 | 중계율 0.24 | alpha 3.153 | complete
Ep 160 | 드론3 목적지62 | 1000스텝 | 배송 52/62 | 재적재  9 | 중계율 0.27 | alpha 3.134 | step_limit
Ep 161 | 드론3 목적지31 |  841스텝 | 배송 31/31 | 재적재  5 | 중계율 0.24 | alpha 3.101 | complete
Ep 162 | 드론3 목적지26 | 1000스텝 | 배송 23/26 | 재적재  4 | 중계율 0.36 | alpha 3.061 | step_limit
Ep 163 | 드론4 목적지21 |  843스텝 | 배송 21/21 | 재적재  3 | 중계율 0.37 | alpha 2.985 | complete
Ep 164 | 드론4 목적지79 | 1000스텝 | 배송 58/79 | 재적재  9 | 중계율 0.25 | alpha 2.913 | step_limit
Ep 165 | 드론4 목적지47 |  667스텝 | 배송 47/47 | 재적재  7 | 중계율 0.23 | alpha 2.907 | complete
Ep 166 | 드론3 목적지77 | 1000스텝 | 배송 70/77 | 재적재 12 | 중계율 0.18 | alpha 2.865 | step_limit
Ep 167 | 드론4 목적지77 | 1000스텝 | 배송 63/77 | 재적재 11 | 중계율 0.33 | alpha 2.866 | step_limit
Ep 168 | 드론4 목적지29 |  744스텝 | 배송 29/29 | 재적재  5 | 중계율 0.30 | alpha 2.876 | complete
Ep 169 | 드론4 목적지59 | 1000스텝 | 배송 56/59 | 재적재 11 | 중계율 0.26 | alpha 2.835 | step_limit
Ep 170 | 드론3 목적지74 | 1000스텝 | 배송 45/74 | 재적재  7 | 중계율 0.22 | alpha 2.802 | step_limit
Ep 171 | 드론4 목적지34 |  419스텝 | 배송 34/34 | 재적재  5 | 중계율 0.18 | alpha 2.775 | complete
Ep 172 | 드론3 목적지43 |  993스텝 | 배송 43/43 | 재적재  7 | 중계율 0.26 | alpha 2.802 | complete
Ep 173 | 드론3 목적지35 | 1000스텝 | 배송 33/35 | 재적재  5 | 중계율 0.31 | alpha 2.791 | step_limit
Ep 174 | 드론4 목적지43 |  757스텝 | 배송 43/43 | 재적재  8 | 중계율 0.27 | alpha 2.802 | complete
Ep 175 | 드론4 목적지30 |  945스텝 | 배송 30/30 | 재적재  3 | 중계율 0.35 | alpha 2.764 | complete
Ep 176 | 드론4 목적지29 |  615스텝 | 배송 29/29 | 재적재  5 | 중계율 0.29 | alpha 2.779 | complete
Ep 177 | 드론3 목적지45 | 1000스텝 | 배송 42/45 | 재적재  8 | 중계율 0.27 | alpha 2.724 | step_limit
Ep 178 | 드론3 목적지20 |  493스텝 | 배송 20/20 | 재적재  2 | 중계율 0.31 | alpha 2.704 | complete
Ep 179 | 드론4 목적지66 | 1000스텝 | 배송 57/66 | 재적재 10 | 중계율 0.28 | alpha 2.664 | step_limit
Ep 180 | 드론4 목적지22 |  450스텝 | 배송 22/22 | 재적재  2 | 중계율 0.28 | alpha 2.634 | complete
Ep 181 | 드론4 목적지77 | 1000스텝 | 배송 65/77 | 재적재 12 | 중계율 0.26 | alpha 2.600 | step_limit
Ep 182 | 드론3 목적지74 | 1000스텝 | 배송 60/74 | 재적재 11 | 중계율 0.22 | alpha 2.581 | step_limit
Ep 183 | 드론4 목적지40 |  553스텝 | 배송 40/40 | 재적재  6 | 중계율 0.20 | alpha 2.587 | complete
Ep 184 | 드론3 목적지77 | 1000스텝 | 배송 60/77 | 재적재 10 | 중계율 0.19 | alpha 2.592 | step_limit
Ep 185 | 드론4 목적지72 | 1000스텝 | 배송 67/72 | 재적재 11 | 중계율 0.30 | alpha 2.586 | step_limit
Ep 186 | 드론4 목적지74 | 1000스텝 | 배송 71/74 | 재적재 13 | 중계율 0.21 | alpha 2.553 | step_limit
Ep 187 | 드론3 목적지65 | 1000스텝 | 배송 62/65 | 재적재 12 | 중계율 0.22 | alpha 2.565 | step_limit
Ep 188 | 드론3 목적지80 | 1000스텝 | 배송 56/80 | 재적재  9 | 중계율 0.34 | alpha 2.592 | step_limit
Ep 189 | 드론4 목적지55 |  847스텝 | 배송 55/55 | 재적재 10 | 중계율 0.29 | alpha 2.581 | complete
Ep 190 | 드론3 목적지36 | 1000스텝 | 배송 34/36 | 재적재  5 | 중계율 0.33 | alpha 2.540 | step_limit
Ep 191 | 드론3 목적지28 | 1000스텝 | 배송 27/28 | 재적재  4 | 중계율 0.31 | alpha 2.556 | step_limit
Ep 192 | 드론4 목적지74 |  919스텝 | 배송 74/74 | 재적재 13 | 중계율 0.23 | alpha 2.572 | complete
Ep 193 | 드론3 목적지61 | 1000스텝 | 배송 51/61 | 재적재  8 | 중계율 0.28 | alpha 2.576 | step_limit
Ep 194 | 드론4 목적지73 | 1000스텝 | 배송 69/73 | 재적재 12 | 중계율 0.20 | alpha 2.564 | step_limit
Ep 195 | 드론4 목적지69 | 1000스텝 | 배송 60/69 | 재적재 11 | 중계율 0.30 | alpha 2.571 | step_limit
Ep 196 | 드론3 목적지47 | 1000스텝 | 배송 45/47 | 재적재  7 | 중계율 0.18 | alpha 2.529 | step_limit
Ep 197 | 드론4 목적지27 |  811스텝 | 배송 27/27 | 재적재  3 | 중계율 0.29 | alpha 2.518 | complete
Ep 198 | 드론3 목적지56 | 1000스텝 | 배송 54/56 | 재적재 10 | 중계율 0.18 | alpha 2.497 | step_limit
Ep 199 | 드론3 목적지57 | 1000스텝 | 배송 50/57 | 재적재  8 | 중계율 0.25 | alpha 2.475 | step_limit
Ep 200 | 드론4 목적지64 | 1000스텝 | 배송 59/64 | 재적재  9 | 중계율 0.29 | alpha 2.446 | step_limit
  [홀드아웃] 배송 49.8±0.9 완주 0.96 스텝 1163 점수 120.7 재적재 8.1 2홉+ 0.64 | 최고 120.9@ep150 정체 1/8
Training finished. best=120.9 @ ep150
