/home/kopt/enter/envs/wsl_neuroMCTS/lib/python3.10/site-packages/pygame/pkgdata.py:25: UserWarning: pkg_resources is deprecated as an API. See https://setuptools.pypa.io/en/latest/pkg_resources.html. The pkg_resources package is slated for removal as early as 2025-11-30. Refrain from using this package or pin to Setuptools<81.
  from pkg_resources import resource_stream, resource_exists
pygame 2.6.1 (SDL 2.28.4, Python 3.10.19)
Hello from the pygame community. https://www.pygame.org/contribute.html
  rep0 seed501: 규칙 470 학습 577
  rep0 seed502: 규칙 583 학습 677
  rep0 seed503: 규칙 556 학습 746
  rep0 seed504: 규칙 689 학습 668
  rep0 seed505: 규칙 542 학습 558
  rep0 seed506: 규칙 521 학습 550
  rep0 seed507: 규칙 491 학습 572
  rep0 seed508: 규칙 534 학습 540
  rep0 seed509: 규칙 584 학습 644
  rep0 seed510: 규칙 491 학습 674
  rep0 seed511: 규칙 575 학습 472
  rep0 seed512: 규칙 768 학습 751
  rep0 seed513: 규칙 566 학습 654
  rep0 seed514: 규칙 573 학습 764
  rep0 seed515: 규칙 601 학습 546
  rep0 seed516: 규칙 539 학습 636
  rep0 seed517: 규칙 567 학습 490
  rep0 seed518: 규칙 564 학습 691
  rep0 seed519: 규칙 650 학습 716
  rep0 seed520: 규칙 473 학습 536
  rep0 seed521: 규칙 532 학습 699
  rep0 seed522: 규칙 781 학습 769
  rep0 seed523: 규칙 772 학습 734
  rep0 seed524: 규칙 592 학습 895
  rep0 seed525: 규칙 687 학습 646
  rep0 seed526: 규칙 750 학습 594
  rep0 seed527: 규칙 365 학습 383
  rep0 seed528: 규칙 665 학습 655
  rep0 seed529: 규칙 534 학습 704
  rep0 seed530: 규칙 476 학습 629
  rep0 seed531: 규칙 601 학습 662
  rep0 seed532: 규칙 528 학습 1055
  rep0 seed533: 규칙 731 학습 707
  rep0 seed534: 규칙 463 학습 583
  rep0 seed535: 규칙 906 학습 936
  rep0 seed536: 규칙 567 학습 692
  rep0 seed537: 규칙 398 학습 406
  rep0 seed538: 규칙 566 학습 551
  rep0 seed539: 규칙 626 학습 981
  rep0 seed540: 규칙 1447 학습 562
  rep1 seed501: 규칙 478 학습 616
  rep1 seed502: 규칙 597 학습 602
  rep1 seed503: 규칙 566 학습 796
  rep1 seed504: 규칙 689 학습 648
  rep1 seed505: 규칙 542 학습 687
  rep1 seed506: 규칙 525 학습 467
  rep1 seed507: 규칙 487 학습 542
  rep1 seed508: 규칙 526 학습 591
  rep1 seed509: 규칙 594 학습 507
  rep1 seed510: 규칙 534 학습 631
  rep1 seed511: 규칙 575 학습 607
  rep1 seed512: 규칙 768 학습 748
  rep1 seed513: 규칙 560 학습 522
  rep1 seed514: 규칙 583 학습 643
  rep1 seed515: 규칙 587 학습 509
  rep1 seed516: 규칙 552 학습 584
  rep1 seed517: 규칙 567 학습 666
  rep1 seed518: 규칙 579 학습 725
  rep1 seed519: 규칙 653 학습 588
  rep1 seed520: 규칙 477 학습 454
  rep1 seed521: 규칙 532 학습 598
  rep1 seed522: 규칙 764 학습 741
  rep1 seed523: 규칙 772 학습 594
  rep1 seed524: 규칙 580 학습 642
  rep1 seed525: 규칙 688 학습 1007
  rep1 seed526: 규칙 754 학습 677
  rep1 seed527: 규칙 365 학습 488
  rep1 seed528: 규칙 666 학습 560
  rep1 seed529: 규칙 550 학습 598
  rep1 seed530: 규칙 479 학습 1925
  rep1 seed531: 규칙 608 학습 763
  rep1 seed532: 규칙 530 학습 1259
  rep1 seed533: 규칙 730 학습 504
  rep1 seed534: 규칙 461 학습 550
  rep1 seed535: 규칙 906 학습 5395
  rep1 seed536: 규칙 570 학습 1120
  rep1 seed537: 규칙 398 학습 412
  rep1 seed538: 규칙 576 학습 625
  rep1 seed539: 규칙 621 학습 827
  rep1 seed540: 규칙 1447 학습 628
  rep2 seed501: 규칙 476 학습 675
  rep2 seed502: 규칙 600 학습 625
  rep2 seed503: 규칙 564 학습 557
  rep2 seed504: 규칙 689 학습 612
  rep2 seed505: 규칙 532 학습 615
  rep2 seed506: 규칙 524 학습 476
  rep2 seed507: 규칙 486 학습 694
  rep2 seed508: 규칙 536 학습 517
  rep2 seed509: 규칙 596 학습 514
  rep2 seed510: 규칙 484 학습 797
  rep2 seed511: 규칙 575 학습 600
  rep2 seed512: 규칙 768 학습 803
  rep2 seed513: 규칙 563 학습 621
  rep2 seed514: 규칙 575 학습 619
  rep2 seed515: 규칙 589 학습 579
  rep2 seed516: 규칙 507 학습 1257
  rep2 seed517: 규칙 567 학습 695
  rep2 seed518: 규칙 565 학습 596
  rep2 seed519: 규칙 648 학습 544
  rep2 seed520: 규칙 477 학습 428
  rep2 seed521: 규칙 532 학습 764
  rep2 seed522: 규칙 765 학습 676
  rep2 seed523: 규칙 772 학습 603
  rep2 seed524: 규칙 577 학습 651
  rep2 seed525: 규칙 687 학습 677
  rep2 seed526: 규칙 750 학습 668
  rep2 seed527: 규칙 365 학습 424
  rep2 seed528: 규칙 669 학습 956
  rep2 seed529: 규칙 534 학습 556
  rep2 seed530: 규칙 476 학습 479
  rep2 seed531: 규칙 605 학습 682
  rep2 seed532: 규칙 527 학습 723
  rep2 seed533: 규칙 730 학습 482
  rep2 seed534: 규칙 459 학습 545
  rep2 seed535: 규칙 915 학습 942
  rep2 seed536: 규칙 575 학습 690
  rep2 seed537: 규칙 398 학습 472
  rep2 seed538: 규칙 573 학습 473
  rep2 seed539: 규칙 619 학습 913
  rep2 seed540: 규칙 1447 학습 562
  rep3 seed501: 규칙 469 학습 579
  rep3 seed502: 규칙 596 학습 750
  rep3 seed503: 규칙 566 학습 540
  rep3 seed504: 규칙 689 학습 624
  rep3 seed505: 규칙 542 학습 562
  rep3 seed506: 규칙 521 학습 459
  rep3 seed507: 규칙 487 학습 557
  rep3 seed508: 규칙 534 학습 459
  rep3 seed509: 규칙 600 학습 556
  rep3 seed510: 규칙 483 학습 717
  rep3 seed511: 규칙 575 학습 626
  rep3 seed512: 규칙 768 학습 687
  rep3 seed513: 규칙 559 학습 604
  rep3 seed514: 규칙 568 학습 572
  rep3 seed515: 규칙 591 학습 566
  rep3 seed516: 규칙 531 학습 630
  rep3 seed517: 규칙 567 학습 458
  rep3 seed518: 규칙 564 학습 618
  rep3 seed519: 규칙 650 학습 797
  rep3 seed520: 규칙 479 학습 529
  rep3 seed521: 규칙 532 학습 709
  rep3 seed522: 규칙 769 학습 689
  rep3 seed523: 규칙 772 학습 661
  rep3 seed524: 규칙 601 학습 579
  rep3 seed525: 규칙 687 학습 602
  rep3 seed526: 규칙 747 학습 602
  rep3 seed527: 규칙 365 학습 455
  rep3 seed528: 규칙 658 학습 614
  rep3 seed529: 규칙 588 학습 664
  rep3 seed530: 규칙 478 학습 718
  rep3 seed531: 규칙 601 학습 697
  rep3 seed532: 규칙 530 학습 599
  rep3 seed533: 규칙 731 학습 525
  rep3 seed534: 규칙 456 학습 561
  rep3 seed535: 규칙 915 학습 883
  rep3 seed536: 규칙 569 학습 773
  rep3 seed537: 규칙 398 학습 457
  rep3 seed538: 규칙 574 학습 565
  rep3 seed539: 규칙 622 학습 849
  rep3 seed540: 규칙 1447 학습 751
  rep4 seed501: 규칙 464 학습 592
  rep4 seed502: 규칙 580 학습 860
  rep4 seed503: 규칙 563 학습 740
  rep4 seed504: 규칙 689 학습 579
  rep4 seed505: 규칙 542 학습 809
  rep4 seed506: 규칙 521 학습 537
  rep4 seed507: 규칙 487 학습 598
  rep4 seed508: 규칙 529 학습 781
  rep4 seed509: 규칙 600 학습 464
  rep4 seed510: 규칙 487 학습 730
  rep4 seed511: 규칙 575 학습 466
  rep4 seed512: 규칙 768 학습 709
  rep4 seed513: 규칙 563 학습 802
  rep4 seed514: 규칙 569 학습 661
  rep4 seed515: 규칙 595 학습 555
  rep4 seed516: 규칙 544 학습 569
  rep4 seed517: 규칙 553 학습 692
  rep4 seed518: 규칙 564 학습 701
  rep4 seed519: 규칙 650 학습 590
  rep4 seed520: 규칙 483 학습 593
  rep4 seed521: 규칙 537 학습 563
  rep4 seed522: 규칙 765 학습 737
  rep4 seed523: 규칙 772 학습 561
  rep4 seed524: 규칙 577 학습 602
  rep4 seed525: 규칙 689 학습 667
  rep4 seed526: 규칙 747 학습 1801
  rep4 seed527: 규칙 365 학습 422
  rep4 seed528: 규칙 669 학습 510
  rep4 seed529: 규칙 555 학습 577
  rep4 seed530: 규칙 476 학습 507
  rep4 seed531: 규칙 598 학습 663
  rep4 seed532: 규칙 527 학습 546
  rep4 seed533: 규칙 730 학습 573
  rep4 seed534: 규칙 461 학습 567
  rep4 seed535: 규칙 906 학습 916
  rep4 seed536: 규칙 566 학습 669
  rep4 seed537: 규칙 398 학습 449
  rep4 seed538: 규칙 574 학습 543
  rep4 seed539: 규칙 620 학습 733
  rep4 seed540: 규칙 1447 학습 606

롤아웃 200개 (시드 501~540 x 5회, 드론 3 목적지 30)
완주: 규칙+탈출 200 · 학습 200 · 둘 다 200

[편향된 비교] 각자 완주한 것만 평균
  규칙+탈출 609   학습 676   차이 +67

[쌍별 비교] 둘 다 완주한 200개
  규칙+탈출 609   학습 676   쌍별 차이 +67 (중앙값 +40)
  학습이 빠른 경우 73 · 느린 경우 127 · 동점 0
  윌콕슨 부호순위 p=0.0000

저장: /home/kopt/drone/figures/paired_d3_rep5_v5_26_09_27_11.csv
