/home/kopt/enter/envs/wsl_neuroMCTS/lib/python3.10/site-packages/pygame/pkgdata.py:25: UserWarning: pkg_resources is deprecated as an API. See https://setuptools.pypa.io/en/latest/pkg_resources.html. The pkg_resources package is slated for removal as early as 2025-11-30. Refrain from using this package or pin to Setuptools<81.
  from pkg_resources import resource_stream, resource_exists
pygame 2.6.1 (SDL 2.28.4, Python 3.10.19)
Hello from the pygame community. https://www.pygame.org/contribute.html
  rep0 seed701: 규칙 748 학습 729
  rep0 seed702: 규칙 732 학습 605
  rep0 seed703: 규칙 719 학습 464
  rep0 seed704: 규칙 572 학습 528
  rep0 seed705: 규칙 538 학습 486
  rep0 seed706: 규칙 1734 학습 633
  rep0 seed707: 규칙 585 학습 400
  rep0 seed708: 규칙 762 학습 641
  rep0 seed709: 규칙 504 학습 455
  rep0 seed710: 규칙 682 학습 667
  rep0 seed711: 규칙 472 학습 472
  rep0 seed712: 규칙 552 학습 604
  rep0 seed713: 규칙 533 학습 417
  rep0 seed714: 규칙 626 학습 549
  rep0 seed715: 규칙 577 학습 457
  rep0 seed716: 규칙 677 학습 843
  rep0 seed717: 규칙 496 학습 406
  rep0 seed718: 규칙 562 학습 555
  rep0 seed719: 규칙 699 학습 562
  rep0 seed720: 규칙 666 학습 754
  rep0 seed721: 규칙 504 학습 494
  rep0 seed722: 규칙 521 학습 429
  rep0 seed723: 규칙 564 학습 420
  rep0 seed724: 규칙 757 학습 743
  rep0 seed725: 규칙 519 학습 477
  rep0 seed726: 규칙 488 학습 477
  rep0 seed727: 규칙 760 학습 481
  rep0 seed728: 규칙 675 학습 592
  rep0 seed729: 규칙 None 학습 643
  rep0 seed730: 규칙 516 학습 508
  rep0 seed731: 규칙 863 학습 580
  rep0 seed732: 규칙 583 학습 508
  rep0 seed733: 규칙 664 학습 664
  rep0 seed734: 규칙 700 학습 558
  rep0 seed735: 규칙 519 학습 526
  rep0 seed736: 규칙 491 학습 386
  rep0 seed737: 규칙 512 학습 447
  rep0 seed738: 규칙 519 학습 537
  rep0 seed739: 규칙 492 학습 500
  rep0 seed740: 규칙 503 학습 518
  rep1 seed701: 규칙 771 학습 638
  rep1 seed702: 규칙 705 학습 566
  rep1 seed703: 규칙 576 학습 577
  rep1 seed704: 규칙 561 학습 534
  rep1 seed705: 규칙 550 학습 504
  rep1 seed706: 규칙 700 학습 776
  rep1 seed707: 규칙 506 학습 466
  rep1 seed708: 규칙 721 학습 807
  rep1 seed709: 규칙 523 학습 448
  rep1 seed710: 규칙 723 학습 660
  rep1 seed711: 규칙 1049 학습 525
  rep1 seed712: 규칙 553 학습 539
  rep1 seed713: 규칙 462 학습 496
  rep1 seed714: 규칙 839 학습 558
  rep1 seed715: 규칙 570 학습 508
  rep1 seed716: 규칙 646 학습 523
  rep1 seed717: 규칙 477 학습 440
  rep1 seed718: 규칙 558 학습 574
  rep1 seed719: 규칙 594 학습 473
  rep1 seed720: 규칙 847 학습 723
  rep1 seed721: 규칙 489 학습 471
  rep1 seed722: 규칙 595 학습 502
  rep1 seed723: 규칙 531 학습 409
  rep1 seed724: 규칙 920 학습 749
  rep1 seed725: 규칙 698 학습 589
  rep1 seed726: 규칙 452 학습 487
  rep1 seed727: 규칙 915 학습 808
  rep1 seed728: 규칙 None 학습 693
  rep1 seed729: 규칙 None 학습 784
  rep1 seed730: 규칙 509 학습 558
  rep1 seed731: 규칙 670 학습 621
  rep1 seed732: 규칙 588 학습 596
  rep1 seed733: 규칙 713 학습 669
  rep1 seed734: 규칙 1178 학습 576
  rep1 seed735: 규칙 579 학습 458
  rep1 seed736: 규칙 446 학습 567
  rep1 seed737: 규칙 513 학습 479
  rep1 seed738: 규칙 479 학습 634
  rep1 seed739: 규칙 490 학습 434
  rep1 seed740: 규칙 490 학습 549
  rep2 seed701: 규칙 745 학습 784
  rep2 seed702: 규칙 623 학습 523
  rep2 seed703: 규칙 551 학습 540
  rep2 seed704: 규칙 568 학습 464
  rep2 seed705: 규칙 562 학습 480
  rep2 seed706: 규칙 655 학습 484
  rep2 seed707: 규칙 554 학습 411
  rep2 seed708: 규칙 709 학습 639
  rep2 seed709: 규칙 520 학습 390
  rep2 seed710: 규칙 755 학습 714
  rep2 seed711: 규칙 470 학습 461
  rep2 seed712: 규칙 556 학습 603
  rep2 seed713: 규칙 462 학습 499
  rep2 seed714: 규칙 831 학습 489
  rep2 seed715: 규칙 None 학습 519
  rep2 seed716: 규칙 704 학습 1101
  rep2 seed717: 규칙 545 학습 490
  rep2 seed718: 규칙 565 학습 490
  rep2 seed719: 규칙 598 학습 548
  rep2 seed720: 규칙 638 학습 622
  rep2 seed721: 규칙 463 학습 395
  rep2 seed722: 규칙 541 학습 456
  rep2 seed723: 규칙 437 학습 421
  rep2 seed724: 규칙 739 학습 729
  rep2 seed725: 규칙 554 학습 433
  rep2 seed726: 규칙 499 학습 491
  rep2 seed727: 규칙 969 학습 617
  rep2 seed728: 규칙 657 학습 792
  rep2 seed729: 규칙 None 학습 566
  rep2 seed730: 규칙 534 학습 544
  rep2 seed731: 규칙 680 학습 567
  rep2 seed732: 규칙 604 학습 496
  rep2 seed733: 규칙 724 학습 646
  rep2 seed734: 규칙 711 학습 689
  rep2 seed735: 규칙 546 학습 513
  rep2 seed736: 규칙 449 학습 403
  rep2 seed737: 규칙 482 학습 493
  rep2 seed738: 규칙 587 학습 567
  rep2 seed739: 규칙 490 학습 450
  rep2 seed740: 규칙 498 학습 517
  rep3 seed701: 규칙 872 학습 681
  rep3 seed702: 규칙 713 학습 575
  rep3 seed703: 규칙 609 학습 628
  rep3 seed704: 규칙 571 학습 613
  rep3 seed705: 규칙 542 학습 476
  rep3 seed706: 규칙 773 학습 648
  rep3 seed707: 규칙 492 학습 417
  rep3 seed708: 규칙 638 학습 573
  rep3 seed709: 규칙 513 학습 420
  rep3 seed710: 규칙 739 학습 598
  rep3 seed711: 규칙 557 학습 562
  rep3 seed712: 규칙 652 학습 531
  rep3 seed713: 규칙 488 학습 506
  rep3 seed714: 규칙 659 학습 533
  rep3 seed715: 규칙 712 학습 573
  rep3 seed716: 규칙 723 학습 621
  rep3 seed717: 규칙 540 학습 466
  rep3 seed718: 규칙 571 학습 521
  rep3 seed719: 규칙 534 학습 518
  rep3 seed720: 규칙 678 학습 636
  rep3 seed721: 규칙 462 학습 465
  rep3 seed722: 규칙 722 학습 499
  rep3 seed723: 규칙 507 학습 443
  rep3 seed724: 규칙 750 학습 652
  rep3 seed725: 규칙 516 학습 539
  rep3 seed726: 규칙 597 학습 444
  rep3 seed727: 규칙 723 학습 558
  rep3 seed728: 규칙 659 학습 580
  rep3 seed729: 규칙 None 학습 512
  rep3 seed730: 규칙 513 학습 405
  rep3 seed731: 규칙 964 학습 690
  rep3 seed732: 규칙 562 학습 562
  rep3 seed733: 규칙 748 학습 611
  rep3 seed734: 규칙 778 학습 582
  rep3 seed735: 규칙 552 학습 492
  rep3 seed736: 규칙 464 학습 481
  rep3 seed737: 규칙 514 학습 481
  rep3 seed738: 규칙 499 학습 496
  rep3 seed739: 규칙 492 학습 486
  rep3 seed740: 규칙 535 학습 514
  rep4 seed701: 규칙 713 학습 720
  rep4 seed702: 규칙 None 학습 749
  rep4 seed703: 규칙 517 학습 679
  rep4 seed704: 규칙 583 학습 526
  rep4 seed705: 규칙 568 학습 519
  rep4 seed706: 규칙 None 학습 728
  rep4 seed707: 규칙 601 학습 492
  rep4 seed708: 규칙 750 학습 672
  rep4 seed709: 규칙 529 학습 609
  rep4 seed710: 규칙 729 학습 724
  rep4 seed711: 규칙 496 학습 532
  rep4 seed712: 규칙 553 학습 594
  rep4 seed713: 규칙 487 학습 455
  rep4 seed714: 규칙 None 학습 515
  rep4 seed715: 규칙 567 학습 509
  rep4 seed716: 규칙 645 학습 780
  rep4 seed717: 규칙 462 학습 577
  rep4 seed718: 규칙 935 학습 581
  rep4 seed719: 규칙 648 학습 502
  rep4 seed720: 규칙 661 학습 971
  rep4 seed721: 규칙 438 학습 382
  rep4 seed722: 규칙 634 학습 541
  rep4 seed723: 규칙 514 학습 395
  rep4 seed724: 규칙 741 학습 607
  rep4 seed725: 규칙 529 학습 521
  rep4 seed726: 규칙 492 학습 476
  rep4 seed727: 규칙 772 학습 625
  rep4 seed728: 규칙 785 학습 620
  rep4 seed729: 규칙 None 학습 630
  rep4 seed730: 규칙 545 학습 451
  rep4 seed731: 규칙 726 학습 626
  rep4 seed732: 규칙 568 학습 586
  rep4 seed733: 규칙 715 학습 816
  rep4 seed734: 규칙 655 학습 552
  rep4 seed735: 규칙 580 학습 481
  rep4 seed736: 규칙 453 학습 471
  rep4 seed737: 규칙 494 학습 641
  rep4 seed738: 규칙 511 학습 463
  rep4 seed739: 규칙 490 학습 400
  rep4 seed740: 규칙 506 학습 506

롤아웃 200개 (시드 701~740 x 5회, 드론 5 목적지 50)
완주: 규칙+탈출 190 · 학습 200 · 둘 다 190

[편향된 비교] 각자 완주한 것만 평균
  규칙+탈출 617   학습 558   차이 -60

[쌍별 비교] 둘 다 완주한 190개
  규칙+탈출 617   학습 554   쌍별 차이 -64 (중앙값 -54)
  학습이 빠른 경우 141 · 느린 경우 45 · 동점 4
  윌콕슨 부호순위 p=0.0000

규칙만 실패한 10개에서 학습의 makespan: 634 (범위 512-784)

저장: /home/kopt/drone/figures/paired_d5_rep5_v5_26_09_27_11.csv
