/home/kopt/enter/envs/wsl_neuroMCTS/lib/python3.10/site-packages/pygame/pkgdata.py:25: UserWarning: pkg_resources is deprecated as an API. See https://setuptools.pypa.io/en/latest/pkg_resources.html. The pkg_resources package is slated for removal as early as 2025-11-30. Refrain from using this package or pin to Setuptools<81.
  from pkg_resources import resource_stream, resource_exists
pygame 2.6.1 (SDL 2.28.4, Python 3.10.19)
Hello from the pygame community. https://www.pygame.org/contribute.html
단계=manager 장치=cuda 반경=300.0 상위주기=20 시드=1 교착관측=True
상한=1000 교착한도=1000000000 무배송한도=1000000000 (초반 300ep까지 1000000000) gamma=0.997 미완료페널티=0.0 도달보너스=매스텝 중계정박=0.02
worker_obs=16 manager_obs=49 state=66 상위행동=7
하위 가중치 로드: weights/v4_26_09_14_03_w/best_worker.pth
Ep 1 |  1000스텝 | 배송 37/50 | 재적재  5 | 정지 0.53 교착최장  44 | step_limit
Ep 2 |  1000스텝 | 배송 32/50 | 재적재  5 | 정지 0.59 교착최장  59 | step_limit
Ep 3 |  1000스텝 | 배송 32/50 | 재적재  4 | 정지 0.64 교착최장 172 | step_limit
Ep 4 |  1000스텝 | 배송 36/50 | 재적재  5 | 정지 0.58 교착최장  80 | step_limit
Ep 5 |  1000스텝 | 배송 30/50 | 재적재  5 | 정지 0.66 교착최장 126 | step_limit
Ep 6 |  1000스텝 | 배송 41/50 | 재적재  7 | 정지 0.49 교착최장 112 | step_limit
Ep 7 |  1000스텝 | 배송 22/50 | 재적재  3 | 정지 0.73 교착최장 458 | step_limit
Ep 8 |  1000스텝 | 배송 27/50 | 재적재  4 | 정지 0.51 교착최장 339 | step_limit
Ep 9 |  1000스텝 | 배송 35/50 | 재적재  5 | 정지 0.31 교착최장  46 | step_limit
Ep 10 |  1000스텝 | 배송 28/50 | 재적재  3 | 정지 0.57 교착최장 288 | step_limit
Ep 11 |  1000스텝 | 배송 42/50 | 재적재  6 | 정지 0.44 교착최장  85 | step_limit
Ep 12 |  1000스텝 | 배송 27/50 | 재적재  3 | 정지 0.60 교착최장 182 | step_limit
Ep 13 |  1000스텝 | 배송 28/50 | 재적재  3 | 정지 0.53 교착최장  95 | step_limit
Ep 14 |  1000스텝 | 배송 25/50 | 재적재  3 | 정지 0.59 교착최장 412 | step_limit
Ep 15 |  1000스텝 | 배송 16/50 | 재적재  2 | 정지 0.70 교착최장 397 | step_limit
Ep 16 |  1000스텝 | 배송 20/50 | 재적재  2 | 정지 0.46 교착최장  20 | step_limit
Ep 17 |  1000스텝 | 배송 25/50 | 재적재  2 | 정지 0.63 교착최장 504 | step_limit
Ep 18 |  1000스텝 | 배송 29/50 | 재적재  4 | 정지 0.55 교착최장 115 | step_limit
Ep 19 |  1000스텝 | 배송 23/50 | 재적재  3 | 정지 0.76 교착최장 576 | step_limit
Ep 20 |  1000스텝 | 배송 34/50 | 재적재  5 | 정지 0.65 교착최장 337 | step_limit
Ep 21 |  1000스텝 | 배송 27/50 | 재적재  3 | 정지 0.74 교착최장 307 | step_limit
Ep 22 |  1000스텝 | 배송 38/50 | 재적재  6 | 정지 0.49 교착최장  59 | step_limit
Ep 23 |  1000스텝 | 배송 34/50 | 재적재  6 | 정지 0.57 교착최장  81 | step_limit
Ep 24 |  1000스텝 | 배송 30/50 | 재적재  4 | 정지 0.63 교착최장 212 | step_limit
Ep 25 |  1000스텝 | 배송 30/50 | 재적재  4 | 정지 0.72 교착최장 436 | step_limit
Ep 26 |  1000스텝 | 배송 27/50 | 재적재  4 | 정지 0.74 교착최장 382 | step_limit
Ep 27 |  1000스텝 | 배송 36/50 | 재적재  6 | 정지 0.61 교착최장 151 | step_limit
Ep 28 |  1000스텝 | 배송 38/50 | 재적재  6 | 정지 0.55 교착최장 138 | step_limit
Ep 29 |  1000스텝 | 배송 30/50 | 재적재  4 | 정지 0.68 교착최장 223 | step_limit
Ep 30 |  1000스텝 | 배송 32/50 | 재적재  4 | 정지 0.64 교착최장 167 | step_limit
Ep 31 |  1000스텝 | 배송 32/50 | 재적재  5 | 정지 0.69 교착최장 179 | step_limit
Ep 32 |  1000스텝 | 배송 33/50 | 재적재  5 | 정지 0.67 교착최장 173 | step_limit
Ep 33 |  1000스텝 | 배송 25/50 | 재적재  3 | 정지 0.78 교착최장 249 | step_limit
Ep 34 |  1000스텝 | 배송 33/50 | 재적재  5 | 정지 0.69 교착최장 189 | step_limit
Ep 35 |  1000스텝 | 배송 32/50 | 재적재  4 | 정지 0.65 교착최장  80 | step_limit
Ep 36 |  1000스텝 | 배송 40/50 | 재적재  6 | 정지 0.58 교착최장  95 | step_limit
Ep 37 |  1000스텝 | 배송 29/50 | 재적재  4 | 정지 0.69 교착최장 356 | step_limit
Ep 38 |  1000스텝 | 배송 31/50 | 재적재  4 | 정지 0.67 교착최장 153 | step_limit
Ep 39 |  1000스텝 | 배송 21/50 | 재적재  2 | 정지 0.85 교착최장 467 | step_limit
Ep 40 |  1000스텝 | 배송 23/50 | 재적재  3 | 정지 0.80 교착최장 627 | step_limit
Ep 41 |  1000스텝 | 배송 23/50 | 재적재  3 | 정지 0.77 교착최장 307 | step_limit
Ep 42 |  1000스텝 | 배송 41/50 | 재적재  7 | 정지 0.49 교착최장  50 | step_limit
Ep 43 |  1000스텝 | 배송 39/50 | 재적재  5 | 정지 0.55 교착최장  67 | step_limit
Ep 44 |  1000스텝 | 배송 28/50 | 재적재  5 | 정지 0.76 교착최장 301 | step_limit
Ep 45 |  1000스텝 | 배송 22/50 | 재적재  3 | 정지 0.82 교착최장 552 | step_limit
Ep 46 |  1000스텝 | 배송 25/50 | 재적재  3 | 정지 0.79 교착최장 263 | step_limit
Ep 47 |  1000스텝 | 배송 29/50 | 재적재  5 | 정지 0.71 교착최장 184 | step_limit
Ep 48 |  1000스텝 | 배송 24/50 | 재적재  3 | 정지 0.80 교착최장 410 | step_limit
Ep 49 |  1000스텝 | 배송 24/50 | 재적재  3 | 정지 0.77 교착최장 214 | step_limit
Ep 50 |  1000스텝 | 배송 25/50 | 재적재  3 | 정지 0.79 교착최장 337 | step_limit
  [홀드아웃] 배송 33.3±9.6 재적재 4.5 2홉+ 0.64 | 최고 33.3@ep50 정체 0/15  ← 갱신
Ep 51 |  1000스텝 | 배송 28/50 | 재적재  4 | 정지 0.75 교착최장 396 | step_limit
Ep 52 |  1000스텝 | 배송 30/50 | 재적재  4 | 정지 0.70 교착최장 177 | step_limit
Ep 53 |  1000스텝 | 배송 28/50 | 재적재  3 | 정지 0.71 교착최장  94 | step_limit
Ep 54 |  1000스텝 | 배송 43/50 | 재적재  6 | 정지 0.52 교착최장  63 | step_limit
Ep 55 |  1000스텝 | 배송 35/50 | 재적재  5 | 정지 0.66 교착최장 212 | step_limit
Ep 56 |  1000스텝 | 배송 36/50 | 재적재  5 | 정지 0.61 교착최장 296 | step_limit
Ep 57 |  1000스텝 | 배송 23/50 | 재적재  4 | 정지 0.73 교착최장 204 | step_limit
Ep 58 |  1000스텝 | 배송 34/50 | 재적재  5 | 정지 0.62 교착최장  96 | step_limit
Ep 59 |  1000스텝 | 배송 33/50 | 재적재  5 | 정지 0.68 교착최장  88 | step_limit
Ep 60 |  1000스텝 | 배송 18/50 | 재적재  2 | 정지 0.86 교착최장 478 | step_limit
Ep 61 |  1000스텝 | 배송 28/50 | 재적재  4 | 정지 0.78 교착최장 470 | step_limit
Ep 62 |  1000스텝 | 배송 30/50 | 재적재  4 | 정지 0.68 교착최장 246 | step_limit
Ep 63 |  1000스텝 | 배송 25/50 | 재적재  3 | 정지 0.75 교착최장 245 | step_limit
Ep 64 |  1000스텝 | 배송 33/50 | 재적재  5 | 정지 0.63 교착최장 134 | step_limit
Ep 65 |  1000스텝 | 배송 43/50 | 재적재  6 | 정지 0.58 교착최장 235 | step_limit
Ep 66 |  1000스텝 | 배송 46/50 | 재적재  8 | 정지 0.50 교착최장 129 | step_limit
Ep 67 |  1000스텝 | 배송 31/50 | 재적재  5 | 정지 0.65 교착최장 178 | step_limit
Ep 68 |  1000스텝 | 배송 35/50 | 재적재  6 | 정지 0.66 교착최장 139 | step_limit
Ep 69 |  1000스텝 | 배송 20/50 | 재적재  2 | 정지 0.77 교착최장 202 | step_limit
Ep 70 |  1000스텝 | 배송 38/50 | 재적재  6 | 정지 0.59 교착최장  79 | step_limit
Ep 71 |  1000스텝 | 배송 30/50 | 재적재  4 | 정지 0.74 교착최장 195 | step_limit
Ep 72 |  1000스텝 | 배송 28/50 | 재적재  3 | 정지 0.77 교착최장 492 | step_limit
Ep 73 |  1000스텝 | 배송 27/50 | 재적재  4 | 정지 0.79 교착최장 438 | step_limit
Ep 74 |  1000스텝 | 배송 29/50 | 재적재  4 | 정지 0.75 교착최장 575 | step_limit
Ep 75 |  1000스텝 | 배송 41/50 | 재적재  6 | 정지 0.55 교착최장  95 | step_limit
Ep 76 |  1000스텝 | 배송 37/50 | 재적재  7 | 정지 0.63 교착최장  77 | step_limit
Ep 77 |  1000스텝 | 배송 29/50 | 재적재  3 | 정지 0.75 교착최장 268 | step_limit
Ep 78 |  1000스텝 | 배송 22/50 | 재적재  3 | 정지 0.82 교착최장 541 | step_limit
Ep 79 |  1000스텝 | 배송 23/50 | 재적재  3 | 정지 0.82 교착최장 719 | step_limit
Ep 80 |  1000스텝 | 배송 36/50 | 재적재  5 | 정지 0.53 교착최장 139 | step_limit
Ep 81 |  1000스텝 | 배송 26/50 | 재적재  3 | 정지 0.75 교착최장 314 | step_limit
Ep 82 |  1000스텝 | 배송 36/50 | 재적재  6 | 정지 0.65 교착최장  67 | step_limit
Ep 83 |  1000스텝 | 배송 24/50 | 재적재  3 | 정지 0.80 교착최장 525 | step_limit
Ep 84 |  1000스텝 | 배송 30/50 | 재적재  4 | 정지 0.73 교착최장 183 | step_limit
Ep 85 |  1000스텝 | 배송 37/50 | 재적재  6 | 정지 0.68 교착최장 212 | step_limit
Ep 86 |  1000스텝 | 배송 26/50 | 재적재  2 | 정지 0.81 교착최장 233 | step_limit
Ep 87 |  1000스텝 | 배송 28/50 | 재적재  5 | 정지 0.69 교착최장  58 | step_limit
Ep 88 |  1000스텝 | 배송 28/50 | 재적재  3 | 정지 0.75 교착최장 170 | step_limit
Ep 89 |  1000스텝 | 배송 27/50 | 재적재  4 | 정지 0.72 교착최장 173 | step_limit
Ep 90 |  1000스텝 | 배송 45/50 | 재적재  7 | 정지 0.53 교착최장  48 | step_limit
Ep 91 |  1000스텝 | 배송 25/50 | 재적재  3 | 정지 0.78 교착최장 277 | step_limit
Ep 92 |  1000스텝 | 배송 33/50 | 재적재  5 | 정지 0.69 교착최장 117 | step_limit
Ep 93 |  1000스텝 | 배송 36/50 | 재적재  5 | 정지 0.64 교착최장  61 | step_limit
Ep 94 |  1000스텝 | 배송 39/50 | 재적재  6 | 정지 0.60 교착최장  71 | step_limit
Ep 95 |  1000스텝 | 배송 21/50 | 재적재  2 | 정지 0.78 교착최장 214 | step_limit
Ep 96 |  1000스텝 | 배송 23/50 | 재적재  3 | 정지 0.80 교착최장 400 | step_limit
Ep 97 |  1000스텝 | 배송 25/50 | 재적재  3 | 정지 0.81 교착최장 438 | step_limit
Ep 98 |  1000스텝 | 배송 32/50 | 재적재  5 | 정지 0.74 교착최장 187 | step_limit
Ep 99 |  1000스텝 | 배송 28/50 | 재적재  4 | 정지 0.75 교착최장 473 | step_limit
Ep 100 |  1000스텝 | 배송 22/50 | 재적재  3 | 정지 0.68 교착최장  98 | step_limit
  [홀드아웃] 배송 34.6±6.0 재적재 4.8 2홉+ 0.63 | 최고 34.6@ep100 정체 0/15  ← 갱신
Ep 101 |  1000스텝 | 배송 41/50 | 재적재  6 | 정지 0.60 교착최장 223 | step_limit
Ep 102 |  1000스텝 | 배송 19/50 | 재적재  2 | 정지 0.83 교착최장 478 | step_limit
Ep 103 |  1000스텝 | 배송 34/50 | 재적재  4 | 정지 0.71 교착최장 214 | step_limit
Ep 104 |  1000스텝 | 배송 22/50 | 재적재  3 | 정지 0.81 교착최장 237 | step_limit
Ep 105 |  1000스텝 | 배송 31/50 | 재적재  3 | 정지 0.69 교착최장 134 | step_limit
Ep 106 |  1000스텝 | 배송 25/50 | 재적재  3 | 정지 0.81 교착최장 620 | step_limit
Ep 107 |  1000스텝 | 배송 41/50 | 재적재  6 | 정지 0.62 교착최장 136 | step_limit
Ep 108 |  1000스텝 | 배송 30/50 | 재적재  4 | 정지 0.76 교착최장 159 | step_limit
Ep 109 |  1000스텝 | 배송 37/50 | 재적재  5 | 정지 0.66 교착최장 128 | step_limit
Ep 110 |  1000스텝 | 배송 25/50 | 재적재  3 | 정지 0.76 교착최장 166 | step_limit
Ep 111 |  1000스텝 | 배송 25/50 | 재적재  3 | 정지 0.78 교착최장 545 | step_limit
Ep 112 |  1000스텝 | 배송 40/50 | 재적재  6 | 정지 0.60 교착최장 178 | step_limit
Ep 113 |  1000스텝 | 배송 34/50 | 재적재  6 | 정지 0.61 교착최장 158 | step_limit
Ep 114 |  1000스텝 | 배송 29/50 | 재적재  5 | 정지 0.76 교착최장 115 | step_limit
Ep 115 |  1000스텝 | 배송 25/50 | 재적재  3 | 정지 0.76 교착최장 278 | step_limit
Ep 116 |  1000스텝 | 배송 26/50 | 재적재  3 | 정지 0.75 교착최장 561 | step_limit
Ep 117 |  1000스텝 | 배송 35/50 | 재적재  6 | 정지 0.63 교착최장 113 | step_limit
Ep 118 |  1000스텝 | 배송 33/50 | 재적재  4 | 정지 0.73 교착최장 186 | step_limit
Ep 119 |  1000스텝 | 배송 20/50 | 재적재  2 | 정지 0.83 교착최장 500 | step_limit
Ep 120 |  1000스텝 | 배송 27/50 | 재적재  4 | 정지 0.74 교착최장 173 | step_limit
Ep 121 |  1000스텝 | 배송 28/50 | 재적재  4 | 정지 0.75 교착최장 184 | step_limit
Ep 122 |  1000스텝 | 배송 27/50 | 재적재  4 | 정지 0.75 교착최장 139 | step_limit
Ep 123 |  1000스텝 | 배송 25/50 | 재적재  3 | 정지 0.77 교착최장 255 | step_limit
Ep 124 |  1000스텝 | 배송 29/50 | 재적재  3 | 정지 0.74 교착최장 272 | step_limit
Ep 125 |  1000스텝 | 배송 26/50 | 재적재  3 | 정지 0.82 교착최장 185 | step_limit
Ep 126 |  1000스텝 | 배송 28/50 | 재적재  4 | 정지 0.76 교착최장 239 | step_limit
Ep 127 |  1000스텝 | 배송 26/50 | 재적재  3 | 정지 0.79 교착최장 310 | step_limit
Ep 128 |  1000스텝 | 배송 20/50 | 재적재  2 | 정지 0.84 교착최장 308 | step_limit
Ep 129 |  1000스텝 | 배송 20/50 | 재적재  2 | 정지 0.86 교착최장 627 | step_limit
Ep 130 |  1000스텝 | 배송 27/50 | 재적재  4 | 정지 0.76 교착최장 524 | step_limit
Ep 131 |  1000스텝 | 배송 29/50 | 재적재  4 | 정지 0.74 교착최장 337 | step_limit
Ep 132 |  1000스텝 | 배송 27/50 | 재적재  3 | 정지 0.83 교착최장 328 | step_limit
Ep 133 |  1000스텝 | 배송 30/50 | 재적재  4 | 정지 0.78 교착최장 297 | step_limit
Ep 134 |  1000스텝 | 배송 25/50 | 재적재  3 | 정지 0.81 교착최장 308 | step_limit
Ep 135 |  1000스텝 | 배송 21/50 | 재적재  2 | 정지 0.87 교착최장 702 | step_limit
Ep 136 |  1000스텝 | 배송 32/50 | 재적재  4 | 정지 0.77 교착최장 299 | step_limit
Ep 137 |  1000스텝 | 배송 30/50 | 재적재  4 | 정지 0.74 교착최장 215 | step_limit
Ep 138 |  1000스텝 | 배송 28/50 | 재적재  4 | 정지 0.79 교착최장 373 | step_limit
Ep 139 |  1000스텝 | 배송 26/50 | 재적재  4 | 정지 0.78 교착최장 436 | step_limit
Ep 140 |  1000스텝 | 배송 22/50 | 재적재  2 | 정지 0.82 교착최장 572 | step_limit
Ep 141 |  1000스텝 | 배송 26/50 | 재적재  4 | 정지 0.76 교착최장 116 | step_limit
Ep 142 |  1000스텝 | 배송 31/50 | 재적재  4 | 정지 0.72 교착최장 155 | step_limit
Ep 143 |  1000스텝 | 배송 23/50 | 재적재  3 | 정지 0.83 교착최장 532 | step_limit
Ep 144 |  1000스텝 | 배송 23/50 | 재적재  2 | 정지 0.81 교착최장 276 | step_limit
Ep 145 |  1000스텝 | 배송 33/50 | 재적재  4 | 정지 0.75 교착최장 274 | step_limit
Ep 146 |  1000스텝 | 배송 29/50 | 재적재  4 | 정지 0.77 교착최장 151 | step_limit
Ep 147 |  1000스텝 | 배송 23/50 | 재적재  2 | 정지 0.83 교착최장 366 | step_limit
Ep 148 |  1000스텝 | 배송 25/50 | 재적재  3 | 정지 0.82 교착최장 370 | step_limit
Ep 149 |  1000스텝 | 배송 26/50 | 재적재  4 | 정지 0.79 교착최장 219 | step_limit
Ep 150 |  1000스텝 | 배송 22/50 | 재적재  2 | 정지 0.84 교착최장 313 | step_limit
  [홀드아웃] 배송 33.0±5.9 재적재 4.7 2홉+ 0.65 | 최고 34.6@ep100 정체 1/15
Ep 151 |  1000스텝 | 배송 38/50 | 재적재  7 | 정지 0.63 교착최장 211 | step_limit
Ep 152 |  1000스텝 | 배송 39/50 | 재적재  6 | 정지 0.67 교착최장 117 | step_limit
Ep 153 |  1000스텝 | 배송 43/50 | 재적재  7 | 정지 0.54 교착최장  99 | step_limit
Ep 154 |  1000스텝 | 배송 35/50 | 재적재  5 | 정지 0.64 교착최장 103 | step_limit
Ep 155 |  1000스텝 | 배송 28/50 | 재적재  3 | 정지 0.72 교착최장 381 | step_limit
Ep 156 |  1000스텝 | 배송 24/50 | 재적재  3 | 정지 0.82 교착최장 428 | step_limit
Ep 157 |  1000스텝 | 배송 27/50 | 재적재  3 | 정지 0.80 교착최장 258 | step_limit
Ep 158 |  1000스텝 | 배송 27/50 | 재적재  4 | 정지 0.77 교착최장 185 | step_limit
Ep 159 |  1000스텝 | 배송 26/50 | 재적재  2 | 정지 0.83 교착최장 337 | step_limit
Ep 160 |  1000스텝 | 배송 34/50 | 재적재  4 | 정지 0.71 교착최장 208 | step_limit
Ep 161 |  1000스텝 | 배송 30/50 | 재적재  4 | 정지 0.78 교착최장 387 | step_limit
Ep 162 |  1000스텝 | 배송 32/50 | 재적재  4 | 정지 0.73 교착최장 171 | step_limit
Ep 163 |  1000스텝 | 배송 25/50 | 재적재  3 | 정지 0.80 교착최장 487 | step_limit
Ep 164 |  1000스텝 | 배송 25/50 | 재적재  3 | 정지 0.78 교착최장 216 | step_limit
Ep 165 |  1000스텝 | 배송 35/50 | 재적재  5 | 정지 0.67 교착최장 109 | step_limit
Ep 166 |  1000스텝 | 배송 35/50 | 재적재  5 | 정지 0.66 교착최장  99 | step_limit
Ep 167 |  1000스텝 | 배송 24/50 | 재적재  3 | 정지 0.81 교착최장 374 | step_limit
Ep 168 |  1000스텝 | 배송 39/50 | 재적재  6 | 정지 0.58 교착최장  94 | step_limit
Ep 169 |  1000스텝 | 배송 24/50 | 재적재  3 | 정지 0.84 교착최장 712 | step_limit
Ep 170 |  1000스텝 | 배송 26/50 | 재적재  3 | 정지 0.82 교착최장 461 | step_limit
Ep 171 |  1000스텝 | 배송 26/50 | 재적재  3 | 정지 0.81 교착최장 400 | step_limit
Ep 172 |  1000스텝 | 배송 27/50 | 재적재  3 | 정지 0.81 교착최장 310 | step_limit
Ep 173 |  1000스텝 | 배송 33/50 | 재적재  5 | 정지 0.75 교착최장 313 | step_limit
Ep 174 |  1000스텝 | 배송 26/50 | 재적재  4 | 정지 0.81 교착최장 438 | step_limit
Ep 175 |  1000스텝 | 배송 24/50 | 재적재  3 | 정지 0.78 교착최장 277 | step_limit
Ep 176 |  1000스텝 | 배송 26/50 | 재적재  3 | 정지 0.80 교착최장 338 | step_limit
Ep 177 |  1000스텝 | 배송 18/50 | 재적재  1 | 정지 0.87 교착최장 274 | step_limit
Ep 178 |  1000스텝 | 배송 32/50 | 재적재  5 | 정지 0.75 교착최장 201 | step_limit
Ep 179 |  1000스텝 | 배송 21/50 | 재적재  4 | 정지 0.83 교착최장 480 | step_limit
Ep 180 |  1000스텝 | 배송 25/50 | 재적재  3 | 정지 0.84 교착최장 412 | step_limit
Ep 181 |  1000스텝 | 배송 28/50 | 재적재  4 | 정지 0.76 교착최장 333 | step_limit
Ep 182 |  1000스텝 | 배송 39/50 | 재적재  7 | 정지 0.62 교착최장 169 | step_limit
Ep 183 |  1000스텝 | 배송 34/50 | 재적재  5 | 정지 0.75 교착최장 215 | step_limit
Ep 184 |  1000스텝 | 배송 30/50 | 재적재  4 | 정지 0.72 교착최장 317 | step_limit
Ep 185 |  1000스텝 | 배송 20/50 | 재적재  2 | 정지 0.87 교착최장 775 | step_limit
Ep 186 |  1000스텝 | 배송 26/50 | 재적재  4 | 정지 0.82 교착최장 566 | step_limit
Ep 187 |  1000스텝 | 배송 31/50 | 재적재  4 | 정지 0.75 교착최장 313 | step_limit
Ep 188 |  1000스텝 | 배송 30/50 | 재적재  5 | 정지 0.71 교착최장 130 | step_limit
Ep 189 |  1000스텝 | 배송 27/50 | 재적재  4 | 정지 0.81 교착최장 170 | step_limit
Ep 190 |  1000스텝 | 배송 28/50 | 재적재  4 | 정지 0.77 교착최장 133 | step_limit
Ep 191 |  1000스텝 | 배송 30/50 | 재적재  4 | 정지 0.76 교착최장 307 | step_limit
Ep 192 |  1000스텝 | 배송 30/50 | 재적재  3 | 정지 0.79 교착최장 262 | step_limit
Ep 193 |  1000스텝 | 배송 27/50 | 재적재  4 | 정지 0.79 교착최장 332 | step_limit
Ep 194 |  1000스텝 | 배송 32/50 | 재적재  5 | 정지 0.73 교착최장 199 | step_limit
Ep 195 |  1000스텝 | 배송 29/50 | 재적재  4 | 정지 0.77 교착최장 209 | step_limit
Ep 196 |  1000스텝 | 배송 38/50 | 재적재  6 | 정지 0.68 교착최장 357 | step_limit
Ep 197 |  1000스텝 | 배송 39/50 | 재적재  6 | 정지 0.64 교착최장 150 | step_limit
Ep 198 |  1000스텝 | 배송 24/50 | 재적재  2 | 정지 0.85 교착최장 434 | step_limit
Ep 199 |  1000스텝 | 배송 33/50 | 재적재  4 | 정지 0.78 교착최장 464 | step_limit
Ep 200 |  1000스텝 | 배송 34/50 | 재적재  4 | 정지 0.72 교착최장 174 | step_limit
  [홀드아웃] 배송 32.2±8.2 재적재 4.5 2홉+ 0.62 | 최고 34.6@ep100 정체 2/15
Ep 201 |  1000스텝 | 배송 23/50 | 재적재  3 | 정지 0.84 교착최장 721 | step_limit
Ep 202 |  1000스텝 | 배송 25/50 | 재적재  4 | 정지 0.84 교착최장 677 | step_limit
Ep 203 |  1000스텝 | 배송 28/50 | 재적재  4 | 정지 0.77 교착최장 239 | step_limit
Ep 204 |  1000스텝 | 배송 25/50 | 재적재  3 | 정지 0.81 교착최장 452 | step_limit
Ep 205 |  1000스텝 | 배송 28/50 | 재적재  4 | 정지 0.75 교착최장 239 | step_limit
Ep 206 |  1000스텝 | 배송 22/50 | 재적재  3 | 정지 0.85 교착최장 698 | step_limit
Ep 207 |  1000스텝 | 배송 27/50 | 재적재  3 | 정지 0.81 교착최장 374 | step_limit
Ep 208 |  1000스텝 | 배송 35/50 | 재적재  5 | 정지 0.71 교착최장 195 | step_limit
Ep 209 |  1000스텝 | 배송 30/50 | 재적재  4 | 정지 0.76 교착최장 314 | step_limit
Ep 210 |  1000스텝 | 배송 19/50 | 재적재  1 | 정지 0.87 교착최장 585 | step_limit
Ep 211 |  1000스텝 | 배송 29/50 | 재적재  3 | 정지 0.78 교착최장 346 | step_limit
Ep 212 |  1000스텝 | 배송 30/50 | 재적재  4 | 정지 0.76 교착최장 354 | step_limit
Ep 213 |  1000스텝 | 배송 23/50 | 재적재  3 | 정지 0.83 교착최장 794 | step_limit
Ep 214 |  1000스텝 | 배송 29/50 | 재적재  3 | 정지 0.82 교착최장 510 | step_limit
Ep 215 |  1000스텝 | 배송 24/50 | 재적재  4 | 정지 0.83 교착최장 636 | step_limit
Ep 216 |  1000스텝 | 배송 39/50 | 재적재  6 | 정지 0.67 교착최장  89 | step_limit
Ep 217 |  1000스텝 | 배송 22/50 | 재적재  2 | 정지 0.89 교착최장 801 | step_limit
Ep 218 |  1000스텝 | 배송 21/50 | 재적재  2 | 정지 0.87 교착최장 540 | step_limit
Ep 219 |  1000스텝 | 배송 32/50 | 재적재  5 | 정지 0.74 교착최장 195 | step_limit
Ep 220 |  1000스텝 | 배송 30/50 | 재적재  4 | 정지 0.78 교착최장 269 | step_limit
Ep 221 |  1000스텝 | 배송 26/50 | 재적재  4 | 정지 0.79 교착최장 232 | step_limit
Ep 222 |  1000스텝 | 배송 28/50 | 재적재  4 | 정지 0.80 교착최장 404 | step_limit
Ep 223 |  1000스텝 | 배송 29/50 | 재적재  4 | 정지 0.79 교착최장 560 | step_limit
Ep 224 |  1000스텝 | 배송 20/50 | 재적재  2 | 정지 0.86 교착최장 276 | step_limit
Ep 225 |  1000스텝 | 배송 29/50 | 재적재  5 | 정지 0.75 교착최장 419 | step_limit
Ep 226 |  1000스텝 | 배송 30/50 | 재적재  4 | 정지 0.79 교착최장 546 | step_limit
Ep 227 |  1000스텝 | 배송 27/50 | 재적재  4 | 정지 0.82 교착최장 554 | step_limit
Ep 228 |  1000스텝 | 배송 16/50 | 재적재  1 | 정지 0.92 교착최장 812 | step_limit
Ep 229 |  1000스텝 | 배송 23/50 | 재적재  2 | 정지 0.86 교착최장 505 | step_limit
Ep 230 |  1000스텝 | 배송 16/50 | 재적재  1 | 정지 0.91 교착최장 816 | step_limit
Ep 231 |  1000스텝 | 배송 30/50 | 재적재  6 | 정지 0.74 교착최장 420 | step_limit
Ep 232 |  1000스텝 | 배송 28/50 | 재적재  4 | 정지 0.80 교착최장 453 | step_limit
Ep 233 |  1000스텝 | 배송 25/50 | 재적재  3 | 정지 0.85 교착최장 737 | step_limit
Ep 234 |  1000스텝 | 배송 25/50 | 재적재  3 | 정지 0.83 교착최장 417 | step_limit
Ep 235 |  1000스텝 | 배송 23/50 | 재적재  2 | 정지 0.86 교착최장 633 | step_limit
Ep 236 |  1000스텝 | 배송 32/50 | 재적재  5 | 정지 0.73 교착최장 165 | step_limit
Ep 237 |  1000스텝 | 배송 37/50 | 재적재  6 | 정지 0.68 교착최장 357 | step_limit
Ep 238 |  1000스텝 | 배송 11/50 | 재적재  0 | 정지 0.94 교착최장 893 | step_limit
Ep 239 |  1000스텝 | 배송 26/50 | 재적재  3 | 정지 0.82 교착최장 180 | step_limit
Ep 240 |  1000스텝 | 배송 23/50 | 재적재  2 | 정지 0.85 교착최장 533 | step_limit
Ep 241 |  1000스텝 | 배송 17/50 | 재적재  0 | 정지 0.93 교착최장 566 | step_limit
Ep 242 |  1000스텝 | 배송 40/50 | 재적재  6 | 정지 0.64 교착최장 159 | step_limit
Ep 243 |  1000스텝 | 배송 20/50 | 재적재  2 | 정지 0.87 교착최장 743 | step_limit
Ep 244 |  1000스텝 | 배송 26/50 | 재적재  3 | 정지 0.81 교착최장 292 | step_limit
Ep 245 |  1000스텝 | 배송 31/50 | 재적재  4 | 정지 0.76 교착최장 374 | step_limit
Ep 246 |  1000스텝 | 배송 27/50 | 재적재  3 | 정지 0.76 교착최장 194 | step_limit
Ep 247 |  1000스텝 | 배송 25/50 | 재적재  3 | 정지 0.84 교착최장 283 | step_limit
Ep 248 |  1000스텝 | 배송 19/50 | 재적재  1 | 정지 0.89 교착최장 600 | step_limit
Ep 249 |  1000스텝 | 배송 15/50 | 재적재  0 | 정지 0.92 교착최장 721 | step_limit
Ep 250 |  1000스텝 | 배송 22/50 | 재적재  2 | 정지 0.85 교착최장 583 | step_limit
  [홀드아웃] 배송 33.6±8.5 재적재 4.5 2홉+ 0.65 | 최고 34.6@ep100 정체 3/15
Ep 251 |  1000스텝 | 배송 25/50 | 재적재  3 | 정지 0.84 교착최장 654 | step_limit
Ep 252 |  1000스텝 | 배송 26/50 | 재적재  4 | 정지 0.76 교착최장 202 | step_limit
Ep 253 |  1000스텝 | 배송 30/50 | 재적재  4 | 정지 0.74 교착최장 202 | step_limit
Ep 254 |  1000스텝 | 배송 24/50 | 재적재  2 | 정지 0.84 교착최장 639 | step_limit
Ep 255 |  1000스텝 | 배송 26/50 | 재적재  2 | 정지 0.83 교착최장 254 | step_limit
Ep 256 |  1000스텝 | 배송 17/50 | 재적재  1 | 정지 0.90 교착최장 434 | step_limit
Ep 257 |  1000스텝 | 배송 28/50 | 재적재  3 | 정지 0.79 교착최장 190 | step_limit
Ep 258 |  1000스텝 | 배송 25/50 | 재적재  3 | 정지 0.82 교착최장 301 | step_limit
Ep 259 |  1000스텝 | 배송 37/50 | 재적재  5 | 정지 0.74 교착최장 195 | step_limit
Ep 260 |  1000스텝 | 배송 17/50 | 재적재  2 | 정지 0.89 교착최장 768 | step_limit
Ep 261 |  1000스텝 | 배송 36/50 | 재적재  7 | 정지 0.65 교착최장  93 | step_limit
Ep 262 |  1000스텝 | 배송 20/50 | 재적재  1 | 정지 0.90 교착최장 602 | step_limit
Ep 263 |  1000스텝 | 배송 29/50 | 재적재  3 | 정지 0.80 교착최장 473 | step_limit
Ep 264 |  1000스텝 | 배송 19/50 | 재적재  1 | 정지 0.87 교착최장 422 | step_limit
Ep 265 |  1000스텝 | 배송 19/50 | 재적재  1 | 정지 0.90 교착최장 769 | step_limit
Ep 266 |  1000스텝 | 배송 28/50 | 재적재  4 | 정지 0.81 교착최장 319 | step_limit
Ep 267 |  1000스텝 | 배송 34/50 | 재적재  5 | 정지 0.68 교착최장 232 | step_limit
Ep 268 |  1000스텝 | 배송 24/50 | 재적재  3 | 정지 0.81 교착최장 508 | step_limit
Ep 269 |  1000스텝 | 배송 18/50 | 재적재  2 | 정지 0.88 교착최장 479 | step_limit
Ep 270 |  1000스텝 | 배송 21/50 | 재적재  2 | 정지 0.84 교착최장 203 | step_limit
Ep 271 |  1000스텝 | 배송 31/50 | 재적재  5 | 정지 0.73 교착최장 392 | step_limit
Ep 272 |  1000스텝 | 배송 27/50 | 재적재  3 | 정지 0.80 교착최장 595 | step_limit
Ep 273 |  1000스텝 | 배송 24/50 | 재적재  4 | 정지 0.82 교착최장 399 | step_limit
Ep 274 |  1000스텝 | 배송 38/50 | 재적재  6 | 정지 0.68 교착최장 332 | step_limit
Ep 275 |  1000스텝 | 배송 39/50 | 재적재  5 | 정지 0.69 교착최장 129 | step_limit
Ep 276 |  1000스텝 | 배송 26/50 | 재적재  3 | 정지 0.81 교착최장 386 | step_limit
Ep 277 |  1000스텝 | 배송 40/50 | 재적재  6 | 정지 0.67 교착최장 117 | step_limit
Ep 278 |  1000스텝 | 배송 26/50 | 재적재  4 | 정지 0.79 교착최장 412 | step_limit
Ep 279 |  1000스텝 | 배송 28/50 | 재적재  4 | 정지 0.80 교착최장 522 | step_limit
Ep 280 |  1000스텝 | 배송 32/50 | 재적재  5 | 정지 0.76 교착최장 377 | step_limit
Ep 281 |  1000스텝 | 배송 26/50 | 재적재  3 | 정지 0.81 교착최장 475 | step_limit
Ep 282 |  1000스텝 | 배송 25/50 | 재적재  3 | 정지 0.84 교착최장 720 | step_limit
Ep 283 |  1000스텝 | 배송 31/50 | 재적재  5 | 정지 0.74 교착최장 199 | step_limit
Ep 284 |  1000스텝 | 배송 21/50 | 재적재  1 | 정지 0.85 교착최장 741 | step_limit
Ep 285 |  1000스텝 | 배송 30/50 | 재적재  3 | 정지 0.81 교착최장 156 | step_limit
Ep 286 |  1000스텝 | 배송 28/50 | 재적재  4 | 정지 0.79 교착최장 601 | step_limit
Ep 287 |  1000스텝 | 배송 17/50 | 재적재  1 | 정지 0.89 교착최장 598 | step_limit
Ep 288 |  1000스텝 | 배송 26/50 | 재적재  4 | 정지 0.81 교착최장 499 | step_limit
Ep 289 |  1000스텝 | 배송 23/50 | 재적재  3 | 정지 0.85 교착최장 774 | step_limit
Ep 290 |  1000스텝 | 배송 35/50 | 재적재  5 | 정지 0.69 교착최장 218 | step_limit
Ep 291 |  1000스텝 | 배송 34/50 | 재적재  4 | 정지 0.73 교착최장 526 | step_limit
Ep 292 |  1000스텝 | 배송 20/50 | 재적재  2 | 정지 0.87 교착최장 727 | step_limit
Ep 293 |  1000스텝 | 배송 29/50 | 재적재  4 | 정지 0.82 교착최장 460 | step_limit
Ep 294 |  1000스텝 | 배송 36/50 | 재적재  6 | 정지 0.68 교착최장  72 | step_limit
Ep 295 |  1000스텝 | 배송 22/50 | 재적재  3 | 정지 0.84 교착최장 418 | step_limit
Ep 296 |  1000스텝 | 배송 40/50 | 재적재  6 | 정지 0.62 교착최장 134 | step_limit
Ep 297 |  1000스텝 | 배송 21/50 | 재적재  2 | 정지 0.87 교착최장 558 | step_limit
Ep 298 |  1000스텝 | 배송 25/50 | 재적재  2 | 정지 0.83 교착최장 352 | step_limit
Ep 299 |  1000스텝 | 배송 24/50 | 재적재  3 | 정지 0.85 교착최장 734 | step_limit
Ep 300 |  1000스텝 | 배송 35/50 | 재적재  5 | 정지 0.69 교착최장 176 | step_limit
  [홀드아웃] 배송 35.2±4.9 재적재 5.0 2홉+ 0.60 | 최고 35.2@ep300 정체 0/15  ← 갱신
Ep 301 |  1000스텝 | 배송 18/50 | 재적재  0 | 정지 0.93 교착최장 496 | step_limit
Ep 302 |  1000스텝 | 배송 24/50 | 재적재  3 | 정지 0.82 교착최장 499 | step_limit
Ep 303 |  1000스텝 | 배송 27/50 | 재적재  4 | 정지 0.81 교착최장 245 | step_limit
Ep 304 |  1000스텝 | 배송 37/50 | 재적재  6 | 정지 0.67 교착최장 235 | step_limit
Ep 305 |  1000스텝 | 배송 23/50 | 재적재  2 | 정지 0.87 교착최장 614 | step_limit
Ep 306 |  1000스텝 | 배송 25/50 | 재적재  3 | 정지 0.84 교착최장 519 | step_limit
Ep 307 |  1000스텝 | 배송 28/50 | 재적재  4 | 정지 0.74 교착최장 156 | step_limit
Ep 308 |  1000스텝 | 배송 30/50 | 재적재  4 | 정지 0.74 교착최장 444 | step_limit
Ep 309 |  1000스텝 | 배송 32/50 | 재적재  3 | 정지 0.78 교착최장 334 | step_limit
Ep 310 |  1000스텝 | 배송 26/50 | 재적재  3 | 정지 0.80 교착최장 316 | step_limit
Ep 311 |  1000스텝 | 배송 21/50 | 재적재  1 | 정지 0.89 교착최장 632 | step_limit
Ep 312 |  1000스텝 | 배송 27/50 | 재적재  3 | 정지 0.78 교착최장 277 | step_limit
Ep 313 |  1000스텝 | 배송 26/50 | 재적재  5 | 정지 0.78 교착최장 240 | step_limit
Ep 314 |  1000스텝 | 배송 24/50 | 재적재  3 | 정지 0.86 교착최장 752 | step_limit
Ep 315 |  1000스텝 | 배송 30/50 | 재적재  4 | 정지 0.74 교착최장 119 | step_limit
Ep 316 |  1000스텝 | 배송 24/50 | 재적재  3 | 정지 0.86 교착최장 679 | step_limit
Ep 317 |  1000스텝 | 배송 15/50 | 재적재  0 | 정지 0.93 교착최장 797 | step_limit
Ep 318 |  1000스텝 | 배송 25/50 | 재적재  3 | 정지 0.84 교착최장 617 | step_limit
Ep 319 |  1000스텝 | 배송 28/50 | 재적재  4 | 정지 0.80 교착최장 364 | step_limit
Ep 320 |  1000스텝 | 배송 31/50 | 재적재  4 | 정지 0.77 교착최장 233 | step_limit
Ep 321 |  1000스텝 | 배송 15/50 | 재적재  0 | 정지 0.91 교착최장 359 | step_limit
Ep 322 |  1000스텝 | 배송 31/50 | 재적재  5 | 정지 0.72 교착최장 492 | step_limit
Ep 323 |  1000스텝 | 배송 33/50 | 재적재  5 | 정지 0.75 교착최장 211 | step_limit
Ep 324 |  1000스텝 | 배송 20/50 | 재적재  2 | 정지 0.89 교착최장 731 | step_limit
Ep 325 |  1000스텝 | 배송 25/50 | 재적재  3 | 정지 0.84 교착최장 375 | step_limit
Ep 326 |  1000스텝 | 배송 32/50 | 재적재  3 | 정지 0.78 교착최장 561 | step_limit
Ep 327 |  1000스텝 | 배송 24/50 | 재적재  3 | 정지 0.82 교착최장 261 | step_limit
Ep 328 |  1000스텝 | 배송 25/50 | 재적재  3 | 정지 0.83 교착최장 379 | step_limit
Ep 329 |  1000스텝 | 배송 35/50 | 재적재  4 | 정지 0.74 교착최장 319 | step_limit
Ep 330 |  1000스텝 | 배송 29/50 | 재적재  4 | 정지 0.78 교착최장 199 | step_limit
Ep 331 |  1000스텝 | 배송 19/50 | 재적재  2 | 정지 0.89 교착최장 784 | step_limit
Ep 332 |  1000스텝 | 배송 27/50 | 재적재  4 | 정지 0.79 교착최장 190 | step_limit
Ep 333 |  1000스텝 | 배송 24/50 | 재적재  3 | 정지 0.83 교착최장 387 | step_limit
Ep 334 |  1000스텝 | 배송 21/50 | 재적재  2 | 정지 0.86 교착최장 668 | step_limit
Ep 335 |  1000스텝 | 배송 29/50 | 재적재  4 | 정지 0.80 교착최장 498 | step_limit
Ep 336 |  1000스텝 | 배송 21/50 | 재적재  2 | 정지 0.86 교착최장 550 | step_limit
Ep 337 |  1000스텝 | 배송 18/50 | 재적재  2 | 정지 0.89 교착최장 717 | step_limit
Ep 338 |  1000스텝 | 배송 24/50 | 재적재  2 | 정지 0.84 교착최장 364 | step_limit
Ep 339 |  1000스텝 | 배송 28/50 | 재적재  4 | 정지 0.81 교착최장 443 | step_limit
Ep 340 |  1000스텝 | 배송 20/50 | 재적재  2 | 정지 0.86 교착최장 271 | step_limit
Ep 341 |  1000스텝 | 배송 29/50 | 재적재  4 | 정지 0.77 교착최장 298 | step_limit
Ep 342 |  1000스텝 | 배송 35/50 | 재적재  4 | 정지 0.72 교착최장 232 | step_limit
Ep 343 |  1000스텝 | 배송 19/50 | 재적재  1 | 정지 0.90 교착최장 777 | step_limit
Ep 344 |  1000스텝 | 배송 23/50 | 재적재  2 | 정지 0.86 교착최장 497 | step_limit
Ep 345 |  1000스텝 | 배송 21/50 | 재적재  2 | 정지 0.88 교착최장 700 | step_limit
Ep 346 |  1000스텝 | 배송 41/50 | 재적재  7 | 정지 0.59 교착최장 211 | step_limit
Ep 347 |  1000스텝 | 배송 29/50 | 재적재  4 | 정지 0.77 교착최장 310 | step_limit
Ep 348 |  1000스텝 | 배송 27/50 | 재적재  4 | 정지 0.81 교착최장 258 | step_limit
Ep 349 |  1000스텝 | 배송 22/50 | 재적재  2 | 정지 0.85 교착최장 558 | step_limit
Ep 350 |  1000스텝 | 배송 29/50 | 재적재  4 | 정지 0.81 교착최장 341 | step_limit
  [홀드아웃] 배송 29.7±6.9 재적재 3.8 2홉+ 0.61 | 최고 35.2@ep300 정체 1/15
Ep 351 |  1000스텝 | 배송 37/50 | 재적재  5 | 정지 0.68 교착최장 197 | step_limit
Ep 352 |  1000스텝 | 배송 14/50 | 재적재  1 | 정지 0.92 교착최장 794 | step_limit
Ep 353 |  1000스텝 | 배송 22/50 | 재적재  2 | 정지 0.86 교착최장 725 | step_limit
Ep 354 |  1000스텝 | 배송 25/50 | 재적재  2 | 정지 0.84 교착최장 565 | step_limit
Ep 355 |  1000스텝 | 배송 28/50 | 재적재  4 | 정지 0.81 교착최장 500 | step_limit
Ep 356 |  1000스텝 | 배송 22/50 | 재적재  2 | 정지 0.87 교착최장 293 | step_limit
Ep 357 |  1000스텝 | 배송 24/50 | 재적재  2 | 정지 0.87 교착최장 638 | step_limit
Ep 358 |  1000스텝 | 배송 19/50 | 재적재  1 | 정지 0.90 교착최장 596 | step_limit
Ep 359 |  1000스텝 | 배송 28/50 | 재적재  3 | 정지 0.79 교착최장 219 | step_limit
Ep 360 |  1000스텝 | 배송 28/50 | 재적재  2 | 정지 0.85 교착최장 465 | step_limit
Ep 361 |  1000스텝 | 배송 21/50 | 재적재  3 | 정지 0.85 교착최장 657 | step_limit
Ep 362 |  1000스텝 | 배송 21/50 | 재적재  2 | 정지 0.88 교착최장 681 | step_limit
Ep 363 |  1000스텝 | 배송 23/50 | 재적재  2 | 정지 0.85 교착최장 475 | step_limit
Ep 364 |  1000스텝 | 배송 40/50 | 재적재  6 | 정지 0.66 교착최장 106 | step_limit
Ep 365 |  1000스텝 | 배송 27/50 | 재적재  4 | 정지 0.81 교착최장 459 | step_limit
Ep 366 |  1000스텝 | 배송 27/50 | 재적재  3 | 정지 0.82 교착최장 444 | step_limit
Ep 367 |  1000스텝 | 배송 31/50 | 재적재  5 | 정지 0.75 교착최장 413 | step_limit
Ep 368 |  1000스텝 | 배송 32/50 | 재적재  5 | 정지 0.73 교착최장 345 | step_limit
Ep 369 |  1000스텝 | 배송 23/50 | 재적재  2 | 정지 0.85 교착최장 563 | step_limit
Ep 370 |  1000스텝 | 배송 20/50 | 재적재  2 | 정지 0.87 교착최장 467 | step_limit
Ep 371 |  1000스텝 | 배송 27/50 | 재적재  3 | 정지 0.82 교착최장 235 | step_limit
Ep 372 |  1000스텝 | 배송 31/50 | 재적재  6 | 정지 0.74 교착최장 278 | step_limit
Ep 373 |  1000스텝 | 배송 23/50 | 재적재  3 | 정지 0.83 교착최장 672 | step_limit
Ep 374 |  1000스텝 | 배송 23/50 | 재적재  3 | 정지 0.84 교착최장 438 | step_limit
Ep 375 |  1000스텝 | 배송 42/50 | 재적재  7 | 정지 0.60 교착최장 142 | step_limit
Ep 376 |  1000스텝 | 배송 23/50 | 재적재  2 | 정지 0.84 교착최장 712 | step_limit
Ep 377 |  1000스텝 | 배송 35/50 | 재적재  5 | 정지 0.72 교착최장 128 | step_limit
Ep 378 |  1000스텝 | 배송 25/50 | 재적재  3 | 정지 0.82 교착최장 259 | step_limit
Ep 379 |  1000스텝 | 배송 22/50 | 재적재  1 | 정지 0.88 교착최장 497 | step_limit
Ep 380 |  1000스텝 | 배송 25/50 | 재적재  3 | 정지 0.81 교착최장 311 | step_limit
Ep 381 |  1000스텝 | 배송 35/50 | 재적재  5 | 정지 0.70 교착최장  96 | step_limit
Ep 382 |  1000스텝 | 배송 20/50 | 재적재  2 | 정지 0.88 교착최장 719 | step_limit
Ep 383 |  1000스텝 | 배송 19/50 | 재적재  2 | 정지 0.87 교착최장 803 | step_limit
Ep 384 |  1000스텝 | 배송 28/50 | 재적재  3 | 정지 0.80 교착최장 324 | step_limit
Ep 385 |  1000스텝 | 배송 32/50 | 재적재  5 | 정지 0.75 교착최장 352 | step_limit
Ep 386 |  1000스텝 | 배송 20/50 | 재적재  3 | 정지 0.85 교착최장 617 | step_limit
Ep 387 |  1000스텝 | 배송 26/50 | 재적재  4 | 정지 0.80 교착최장 439 | step_limit
Ep 388 |  1000스텝 | 배송 33/50 | 재적재  4 | 정지 0.77 교착최장 352 | step_limit
Ep 389 |  1000스텝 | 배송 26/50 | 재적재  3 | 정지 0.81 교착최장 597 | step_limit
Ep 390 |  1000스텝 | 배송 30/50 | 재적재  4 | 정지 0.78 교착최장 379 | step_limit
Ep 391 |  1000스텝 | 배송 18/50 | 재적재  1 | 정지 0.90 교착최장 688 | step_limit
Ep 392 |  1000스텝 | 배송 32/50 | 재적재  4 | 정지 0.79 교착최장 339 | step_limit
Ep 393 |  1000스텝 | 배송 36/50 | 재적재  6 | 정지 0.70 교착최장 298 | step_limit
Ep 394 |  1000스텝 | 배송 36/50 | 재적재  5 | 정지 0.66 교착최장 318 | step_limit
Ep 395 |  1000스텝 | 배송 29/50 | 재적재  4 | 정지 0.79 교착최장 310 | step_limit
Ep 396 |  1000스텝 | 배송 16/50 | 재적재  0 | 정지 0.93 교착최장 868 | step_limit
Ep 397 |  1000스텝 | 배송 22/50 | 재적재  2 | 정지 0.86 교착최장 556 | step_limit
Ep 398 |  1000스텝 | 배송 31/50 | 재적재  4 | 정지 0.79 교착최장 201 | step_limit
Ep 399 |  1000스텝 | 배송 22/50 | 재적재  2 | 정지 0.86 교착최장 217 | step_limit
Ep 400 |  1000스텝 | 배송 26/50 | 재적재  3 | 정지 0.83 교착최장 609 | step_limit
  [홀드아웃] 배송 31.6±6.3 재적재 4.3 2홉+ 0.66 | 최고 35.2@ep300 정체 2/15
Ep 401 |  1000스텝 | 배송 20/50 | 재적재  2 | 정지 0.88 교착최장 318 | step_limit
Ep 402 |  1000스텝 | 배송 12/50 | 재적재  0 | 정지 0.95 교착최장 873 | step_limit
Ep 403 |  1000스텝 | 배송 34/50 | 재적재  6 | 정지 0.70 교착최장 338 | step_limit
Ep 404 |  1000스텝 | 배송 31/50 | 재적재  4 | 정지 0.78 교착최장 258 | step_limit
Ep 405 |  1000스텝 | 배송 36/50 | 재적재  5 | 정지 0.71 교착최장 133 | step_limit
Ep 406 |  1000스텝 | 배송 25/50 | 재적재  3 | 정지 0.84 교착최장 507 | step_limit
Ep 407 |  1000스텝 | 배송 23/50 | 재적재  3 | 정지 0.85 교착최장 472 | step_limit
Ep 408 |  1000스텝 | 배송 25/50 | 재적재  3 | 정지 0.84 교착최장 557 | step_limit
Ep 409 |  1000스텝 | 배송 22/50 | 재적재  3 | 정지 0.82 교착최장 665 | step_limit
Ep 410 |  1000스텝 | 배송 33/50 | 재적재  5 | 정지 0.74 교착최장 175 | step_limit
Ep 411 |  1000스텝 | 배송 22/50 | 재적재  2 | 정지 0.87 교착최장 727 | step_limit
Ep 412 |  1000스텝 | 배송 40/50 | 재적재  6 | 정지 0.68 교착최장 206 | step_limit
Ep 413 |  1000스텝 | 배송 20/50 | 재적재  2 | 정지 0.85 교착최장 631 | step_limit
Ep 414 |  1000스텝 | 배송 27/50 | 재적재  3 | 정지 0.82 교착최장 488 | step_limit
Ep 415 |  1000스텝 | 배송 19/50 | 재적재  2 | 정지 0.86 교착최장 215 | step_limit
Ep 416 |  1000스텝 | 배송 27/50 | 재적재  3 | 정지 0.81 교착최장 432 | step_limit
Ep 417 |  1000스텝 | 배송 31/50 | 재적재  4 | 정지 0.73 교착최장 323 | step_limit
Ep 418 |  1000스텝 | 배송 17/50 | 재적재  0 | 정지 0.93 교착최장 816 | step_limit
Ep 419 |  1000스텝 | 배송 20/50 | 재적재  1 | 정지 0.88 교착최장 596 | step_limit
Ep 420 |  1000스텝 | 배송 20/50 | 재적재  1 | 정지 0.92 교착최장 488 | step_limit
Ep 421 |  1000스텝 | 배송 35/50 | 재적재  5 | 정지 0.74 교착최장 275 | step_limit
Ep 422 |  1000스텝 | 배송 27/50 | 재적재  3 | 정지 0.82 교착최장 453 | step_limit
Ep 423 |  1000스텝 | 배송 23/50 | 재적재  2 | 정지 0.86 교착최장 738 | step_limit
Ep 424 |  1000스텝 | 배송 28/50 | 재적재  4 | 정지 0.79 교착최장 433 | step_limit
Ep 425 |  1000스텝 | 배송 31/50 | 재적재  5 | 정지 0.72 교착최장 391 | step_limit
Ep 426 |  1000스텝 | 배송 16/50 | 재적재  0 | 정지 0.93 교착최장 789 | step_limit
Ep 427 |  1000스텝 | 배송 24/50 | 재적재  3 | 정지 0.82 교착최장 629 | step_limit
Ep 428 |  1000스텝 | 배송 39/50 | 재적재  7 | 정지 0.67 교착최장 216 | step_limit
Ep 429 |  1000스텝 | 배송 28/50 | 재적재  4 | 정지 0.77 교착최장 165 | step_limit
Ep 430 |  1000스텝 | 배송 21/50 | 재적재  2 | 정지 0.85 교착최장 248 | step_limit
Ep 431 |  1000스텝 | 배송 22/50 | 재적재  3 | 정지 0.82 교착최장 438 | step_limit
Ep 432 |  1000스텝 | 배송 34/50 | 재적재  5 | 정지 0.76 교착최장 538 | step_limit
Ep 433 |  1000스텝 | 배송 27/50 | 재적재  3 | 정지 0.81 교착최장 474 | step_limit
Ep 434 |  1000스텝 | 배송 29/50 | 재적재  3 | 정지 0.79 교착최장 206 | step_limit
Ep 435 |  1000스텝 | 배송 28/50 | 재적재  4 | 정지 0.78 교착최장 237 | step_limit
Ep 436 |  1000스텝 | 배송 30/50 | 재적재  3 | 정지 0.76 교착최장 192 | step_limit
Ep 437 |  1000스텝 | 배송 34/50 | 재적재  4 | 정지 0.77 교착최장 175 | step_limit
Ep 438 |  1000스텝 | 배송 21/50 | 재적재  2 | 정지 0.85 교착최장 467 | step_limit
Ep 439 |  1000스텝 | 배송 24/50 | 재적재  2 | 정지 0.86 교착최장 334 | step_limit
Ep 440 |  1000스텝 | 배송 25/50 | 재적재  3 | 정지 0.84 교착최장 556 | step_limit
Ep 441 |  1000스텝 | 배송 25/50 | 재적재  3 | 정지 0.84 교착최장 551 | step_limit
Ep 442 |  1000스텝 | 배송 27/50 | 재적재  4 | 정지 0.78 교착최장 119 | step_limit
Ep 443 |  1000스텝 | 배송 24/50 | 재적재  3 | 정지 0.84 교착최장 559 | step_limit
Ep 444 |  1000스텝 | 배송 24/50 | 재적재  3 | 정지 0.83 교착최장 308 | step_limit
Ep 445 |  1000스텝 | 배송 22/50 | 재적재  2 | 정지 0.87 교착최장 555 | step_limit
Ep 446 |  1000스텝 | 배송 27/50 | 재적재  3 | 정지 0.82 교착최장 599 | step_limit
Ep 447 |  1000스텝 | 배송 27/50 | 재적재  3 | 정지 0.84 교착최장 356 | step_limit
Ep 448 |  1000스텝 | 배송 16/50 | 재적재  0 | 정지 0.92 교착최장 586 | step_limit
Ep 449 |  1000스텝 | 배송 19/50 | 재적재  1 | 정지 0.90 교착최장 753 | step_limit
Ep 450 |  1000스텝 | 배송 21/50 | 재적재  2 | 정지 0.87 교착최장 698 | step_limit
  [홀드아웃] 배송 27.9±9.5 재적재 3.5 2홉+ 0.66 | 최고 35.2@ep300 정체 3/15
Ep 451 |  1000스텝 | 배송 31/50 | 재적재  5 | 정지 0.74 교착최장 258 | step_limit
Ep 452 |  1000스텝 | 배송 26/50 | 재적재  4 | 정지 0.84 교착최장 296 | step_limit
Ep 453 |  1000스텝 | 배송 20/50 | 재적재  3 | 정지 0.87 교착최장 419 | step_limit
Ep 454 |  1000스텝 | 배송 28/50 | 재적재  4 | 정지 0.78 교착최장 159 | step_limit
Ep 455 |  1000스텝 | 배송 40/50 | 재적재  6 | 정지 0.64 교착최장 123 | step_limit
Ep 456 |  1000스텝 | 배송 32/50 | 재적재  4 | 정지 0.75 교착최장 252 | step_limit
Ep 457 |  1000스텝 | 배송 26/50 | 재적재  3 | 정지 0.82 교착최장 570 | step_limit
Ep 458 |  1000스텝 | 배송 27/50 | 재적재  3 | 정지 0.81 교착최장 274 | step_limit
Ep 459 |  1000스텝 | 배송 21/50 | 재적재  2 | 정지 0.87 교착최장 683 | step_limit
Ep 460 |  1000스텝 | 배송 16/50 | 재적재  1 | 정지 0.92 교착최장 865 | step_limit
Ep 461 |  1000스텝 | 배송 17/50 | 재적재  0 | 정지 0.92 교착최장 579 | step_limit
Ep 462 |  1000스텝 | 배송 32/50 | 재적재  4 | 정지 0.77 교착최장 116 | step_limit
Ep 463 |  1000스텝 | 배송 16/50 | 재적재  0 | 정지 0.93 교착최장 535 | step_limit
Ep 464 |  1000스텝 | 배송 21/50 | 재적재  2 | 정지 0.89 교착최장 666 | step_limit
Ep 465 |  1000스텝 | 배송 24/50 | 재적재  2 | 정지 0.87 교착최장 455 | step_limit
Ep 466 |  1000스텝 | 배송 29/50 | 재적재  4 | 정지 0.79 교착최장 435 | step_limit
Ep 467 |  1000스텝 | 배송 37/50 | 재적재  5 | 정지 0.72 교착최장 241 | step_limit
Ep 468 |  1000스텝 | 배송 16/50 | 재적재  1 | 정지 0.91 교착최장 636 | step_limit
Ep 469 |  1000스텝 | 배송 18/50 | 재적재  0 | 정지 0.91 교착최장 733 | step_limit
Ep 470 |  1000스텝 | 배송 24/50 | 재적재  3 | 정지 0.83 교착최장 491 | step_limit
Ep 471 |  1000스텝 | 배송 19/50 | 재적재  1 | 정지 0.89 교착최장 512 | step_limit
Ep 472 |  1000스텝 | 배송 25/50 | 재적재  2 | 정지 0.87 교착최장 775 | step_limit
Ep 473 |  1000스텝 | 배송 48/50 | 재적재  9 | 정지 0.47 교착최장  45 | step_limit
Ep 474 |  1000스텝 | 배송 32/50 | 재적재  4 | 정지 0.75 교착최장 188 | step_limit
Ep 475 |  1000스텝 | 배송 26/50 | 재적재  2 | 정지 0.80 교착최장 269 | step_limit
Ep 476 |  1000스텝 | 배송 16/50 | 재적재  0 | 정지 0.92 교착최장 732 | step_limit
Ep 477 |  1000스텝 | 배송 21/50 | 재적재  1 | 정지 0.86 교착최장 372 | step_limit
Ep 478 |  1000스텝 | 배송 35/50 | 재적재  5 | 정지 0.71 교착최장 195 | step_limit
Ep 479 |  1000스텝 | 배송 16/50 | 재적재  0 | 정지 0.93 교착최장 826 | step_limit
Ep 480 |  1000스텝 | 배송 28/50 | 재적재  4 | 정지 0.80 교착최장 413 | step_limit
Ep 481 |  1000스텝 | 배송 32/50 | 재적재  6 | 정지 0.70 교착최장 408 | step_limit
Ep 482 |  1000스텝 | 배송 23/50 | 재적재  3 | 정지 0.86 교착최장 649 | step_limit
Ep 483 |  1000스텝 | 배송 23/50 | 재적재  2 | 정지 0.84 교착최장 291 | step_limit
Ep 484 |  1000스텝 | 배송 33/50 | 재적재  4 | 정지 0.75 교착최장 242 | step_limit
Ep 485 |  1000스텝 | 배송 27/50 | 재적재  3 | 정지 0.82 교착최장 611 | step_limit
Ep 486 |  1000스텝 | 배송 25/50 | 재적재  3 | 정지 0.82 교착최장 391 | step_limit
Ep 487 |  1000스텝 | 배송 30/50 | 재적재  4 | 정지 0.76 교착최장 209 | step_limit
Ep 488 |  1000스텝 | 배송 32/50 | 재적재  4 | 정지 0.75 교착최장 217 | step_limit
Ep 489 |  1000스텝 | 배송 29/50 | 재적재  3 | 정지 0.81 교착최장 202 | step_limit
Ep 490 |  1000스텝 | 배송 28/50 | 재적재  3 | 정지 0.79 교착최장 473 | step_limit
Ep 491 |  1000스텝 | 배송 26/50 | 재적재  3 | 정지 0.84 교착최장 303 | step_limit
Ep 492 |  1000스텝 | 배송 17/50 | 재적재  0 | 정지 0.93 교착최장 853 | step_limit
Ep 493 |  1000스텝 | 배송 29/50 | 재적재  4 | 정지 0.78 교착최장 379 | step_limit
Ep 494 |  1000스텝 | 배송 18/50 | 재적재  2 | 정지 0.86 교착최장 704 | step_limit
Ep 495 |  1000스텝 | 배송 33/50 | 재적재  5 | 정지 0.71 교착최장 181 | step_limit
Ep 496 |  1000스텝 | 배송 23/50 | 재적재  3 | 정지 0.84 교착최장 628 | step_limit
Ep 497 |  1000스텝 | 배송 24/50 | 재적재  2 | 정지 0.82 교착최장 265 | step_limit
Ep 498 |  1000스텝 | 배송 23/50 | 재적재  3 | 정지 0.85 교착최장 659 | step_limit
Ep 499 |  1000스텝 | 배송 33/50 | 재적재  4 | 정지 0.74 교착최장 109 | step_limit
Ep 500 |  1000스텝 | 배송 27/50 | 재적재  4 | 정지 0.80 교착최장 491 | step_limit
  [홀드아웃] 배송 28.8±11.1 재적재 3.5 2홉+ 0.67 | 최고 35.2@ep300 정체 4/15
Ep 501 |  1000스텝 | 배송 31/50 | 재적재  5 | 정지 0.71 교착최장 142 | step_limit
Ep 502 |  1000스텝 | 배송 17/50 | 재적재  1 | 정지 0.91 교착최장 737 | step_limit
Ep 503 |  1000스텝 | 배송 34/50 | 재적재  4 | 정지 0.75 교착최장 228 | step_limit
Ep 504 |  1000스텝 | 배송 22/50 | 재적재  2 | 정지 0.87 교착최장 738 | step_limit
Ep 505 |  1000스텝 | 배송 13/50 | 재적재  1 | 정지 0.90 교착최장 817 | step_limit
Ep 506 |  1000스텝 | 배송 22/50 | 재적재  3 | 정지 0.85 교착최장 554 | step_limit
Ep 507 |  1000스텝 | 배송 27/50 | 재적재  3 | 정지 0.80 교착최장 441 | step_limit
Ep 508 |  1000스텝 | 배송 23/50 | 재적재  3 | 정지 0.85 교착최장 694 | step_limit
Ep 509 |  1000스텝 | 배송 25/50 | 재적재  3 | 정지 0.85 교착최장 379 | step_limit
Ep 510 |  1000스텝 | 배송 30/50 | 재적재  5 | 정지 0.74 교착최장 290 | step_limit
Ep 511 |  1000스텝 | 배송 26/50 | 재적재  4 | 정지 0.83 교착최장 504 | step_limit
Ep 512 |  1000스텝 | 배송 20/50 | 재적재  2 | 정지 0.88 교착최장 643 | step_limit
Ep 513 |  1000스텝 | 배송 26/50 | 재적재  3 | 정지 0.84 교착최장 499 | step_limit
Ep 514 |  1000스텝 | 배송 25/50 | 재적재  3 | 정지 0.81 교착최장 291 | step_limit
Ep 515 |  1000스텝 | 배송 25/50 | 재적재  3 | 정지 0.84 교착최장 530 | step_limit
Ep 516 |  1000스텝 | 배송 30/50 | 재적재  4 | 정지 0.77 교착최장 297 | step_limit
Ep 517 |  1000스텝 | 배송 36/50 | 재적재  5 | 정지 0.72 교착최장 328 | step_limit
Ep 518 |  1000스텝 | 배송 28/50 | 재적재  4 | 정지 0.82 교착최장 558 | step_limit
Ep 519 |  1000스텝 | 배송 20/50 | 재적재  1 | 정지 0.89 교착최장 527 | step_limit
Ep 520 |  1000스텝 | 배송 23/50 | 재적재  2 | 정지 0.85 교착최장 540 | step_limit
Ep 521 |  1000스텝 | 배송 27/50 | 재적재  3 | 정지 0.81 교착최장 235 | step_limit
Ep 522 |  1000스텝 | 배송 22/50 | 재적재  2 | 정지 0.85 교착최장 356 | step_limit
Ep 523 |  1000스텝 | 배송 26/50 | 재적재  3 | 정지 0.82 교착최장 302 | step_limit
Ep 524 |  1000스텝 | 배송 20/50 | 재적재  2 | 정지 0.88 교착최장 660 | step_limit
Ep 525 |  1000스텝 | 배송 28/50 | 재적재  3 | 정지 0.81 교착최장 149 | step_limit
Ep 526 |  1000스텝 | 배송 43/50 | 재적재  7 | 정지 0.60 교착최장 235 | step_limit
Ep 527 |  1000스텝 | 배송 18/50 | 재적재  0 | 정지 0.91 교착최장 722 | step_limit
Ep 528 |  1000스텝 | 배송 23/50 | 재적재  2 | 정지 0.87 교착최장 757 | step_limit
Ep 529 |  1000스텝 | 배송 26/50 | 재적재  4 | 정지 0.80 교착최장 287 | step_limit
Ep 530 |  1000스텝 | 배송 19/50 | 재적재  2 | 정지 0.87 교착최장 473 | step_limit
Ep 531 |  1000스텝 | 배송 14/50 | 재적재  0 | 정지 0.91 교착최장 743 | step_limit
Ep 532 |  1000스텝 | 배송 19/50 | 재적재  1 | 정지 0.88 교착최장 256 | step_limit
Ep 533 |  1000스텝 | 배송 24/50 | 재적재  1 | 정지 0.86 교착최장 239 | step_limit
Ep 534 |  1000스텝 | 배송 29/50 | 재적재  3 | 정지 0.80 교착최장 235 | step_limit
Ep 535 |  1000스텝 | 배송 30/50 | 재적재  4 | 정지 0.76 교착최장 157 | step_limit
Ep 536 |  1000스텝 | 배송 36/50 | 재적재  6 | 정지 0.69 교착최장 359 | step_limit
Ep 537 |  1000스텝 | 배송 25/50 | 재적재  3 | 정지 0.81 교착최장 167 | step_limit
Ep 538 |  1000스텝 | 배송 30/50 | 재적재  4 | 정지 0.76 교착최장 462 | step_limit
Ep 539 |  1000스텝 | 배송 25/50 | 재적재  3 | 정지 0.81 교착최장 379 | step_limit
Ep 540 |  1000스텝 | 배송 30/50 | 재적재  4 | 정지 0.79 교착최장 393 | step_limit
Ep 541 |  1000스텝 | 배송 39/50 | 재적재  5 | 정지 0.71 교착최장 294 | step_limit
Ep 542 |  1000스텝 | 배송 24/50 | 재적재  3 | 정지 0.82 교착최장 179 | step_limit
Ep 543 |  1000스텝 | 배송 41/50 | 재적재  6 | 정지 0.65 교착최장 125 | step_limit
Ep 544 |  1000스텝 | 배송 30/50 | 재적재  5 | 정지 0.75 교착최장 504 | step_limit
Ep 545 |  1000스텝 | 배송 26/50 | 재적재  4 | 정지 0.82 교착최장 477 | step_limit
Ep 546 |  1000스텝 | 배송 30/50 | 재적재  4 | 정지 0.75 교착최장 190 | step_limit
Ep 547 |  1000스텝 | 배송 17/50 | 재적재  1 | 정지 0.91 교착최장 576 | step_limit
Ep 548 |  1000스텝 | 배송 30/50 | 재적재  5 | 정지 0.77 교착최장 518 | step_limit
Ep 549 |  1000스텝 | 배송 25/50 | 재적재  3 | 정지 0.83 교착최장 292 | step_limit
Ep 550 |  1000스텝 | 배송 27/50 | 재적재  4 | 정지 0.80 교착최장 414 | step_limit
  [홀드아웃] 배송 36.1±4.8 재적재 5.3 2홉+ 0.63 | 최고 36.1@ep550 정체 0/15  ← 갱신
Ep 551 |  1000스텝 | 배송 21/50 | 재적재  3 | 정지 0.85 교착최장 701 | step_limit
Ep 552 |  1000스텝 | 배송 36/50 | 재적재  6 | 정지 0.71 교착최장  90 | step_limit
Ep 553 |  1000스텝 | 배송 24/50 | 재적재  2 | 정지 0.84 교착최장 716 | step_limit
Ep 554 |  1000스텝 | 배송 22/50 | 재적재  2 | 정지 0.87 교착최장 682 | step_limit
Ep 555 |  1000스텝 | 배송 33/50 | 재적재  4 | 정지 0.75 교착최장 267 | step_limit
Ep 556 |  1000스텝 | 배송 31/50 | 재적재  6 | 정지 0.71 교착최장 240 | step_limit
Ep 557 |  1000스텝 | 배송 43/50 | 재적재  6 | 정지 0.64 교착최장 105 | step_limit
Ep 558 |  1000스텝 | 배송 26/50 | 재적재  3 | 정지 0.82 교착최장 425 | step_limit
Ep 559 |  1000스텝 | 배송 25/50 | 재적재  3 | 정지 0.85 교착최장 662 | step_limit
Ep 560 |  1000스텝 | 배송 15/50 | 재적재  0 | 정지 0.94 교착최장 577 | step_limit
Ep 561 |  1000스텝 | 배송 21/50 | 재적재  2 | 정지 0.85 교착최장 624 | step_limit
Ep 562 |  1000스텝 | 배송 31/50 | 재적재  4 | 정지 0.77 교착최장 385 | step_limit
Ep 563 |  1000스텝 | 배송 23/50 | 재적재  3 | 정지 0.83 교착최장 679 | step_limit
Ep 564 |  1000스텝 | 배송 35/50 | 재적재  5 | 정지 0.72 교착최장  95 | step_limit
Ep 565 |  1000스텝 | 배송 20/50 | 재적재  2 | 정지 0.89 교착최장 717 | step_limit
Ep 566 |  1000스텝 | 배송 25/50 | 재적재  2 | 정지 0.85 교착최장 315 | step_limit
Ep 567 |  1000스텝 | 배송 19/50 | 재적재  1 | 정지 0.88 교착최장 693 | step_limit
Ep 568 |  1000스텝 | 배송 31/50 | 재적재  4 | 정지 0.79 교착최장 225 | step_limit
Ep 569 |  1000스텝 | 배송 19/50 | 재적재  1 | 정지 0.89 교착최장 762 | step_limit
Ep 570 |  1000스텝 | 배송 30/50 | 재적재  4 | 정지 0.80 교착최장 572 | step_limit
Ep 571 |  1000스텝 | 배송 17/50 | 재적재  0 | 정지 0.93 교착최장 795 | step_limit
Ep 572 |  1000스텝 | 배송 24/50 | 재적재  2 | 정지 0.84 교착최장 180 | step_limit
Ep 573 |  1000스텝 | 배송 18/50 | 재적재  0 | 정지 0.93 교착최장 881 | step_limit
Ep 574 |  1000스텝 | 배송 27/50 | 재적재  4 | 정지 0.80 교착최장 328 | step_limit
Ep 575 |  1000스텝 | 배송 33/50 | 재적재  5 | 정지 0.76 교착최장 188 | step_limit
Ep 576 |  1000스텝 | 배송 27/50 | 재적재  3 | 정지 0.84 교착최장 399 | step_limit
Ep 577 |  1000스텝 | 배송 24/50 | 재적재  2 | 정지 0.85 교착최장 423 | step_limit
Ep 578 |  1000스텝 | 배송 25/50 | 재적재  3 | 정지 0.85 교착최장 451 | step_limit
Ep 579 |  1000스텝 | 배송 13/50 | 재적재  0 | 정지 0.95 교착최장 799 | step_limit
Ep 580 |  1000스텝 | 배송 22/50 | 재적재  2 | 정지 0.86 교착최장 563 | step_limit
Ep 581 |  1000스텝 | 배송 27/50 | 재적재  3 | 정지 0.82 교착최장 292 | step_limit
Ep 582 |  1000스텝 | 배송 27/50 | 재적재  4 | 정지 0.80 교착최장 317 | step_limit
Ep 583 |  1000스텝 | 배송 22/50 | 재적재  2 | 정지 0.87 교착최장 736 | step_limit
Ep 584 |  1000스텝 | 배송 23/50 | 재적재  3 | 정지 0.84 교착최장 706 | step_limit
Ep 585 |  1000스텝 | 배송 30/50 | 재적재  4 | 정지 0.78 교착최장 199 | step_limit
Ep 586 |  1000스텝 | 배송 17/50 | 재적재  1 | 정지 0.91 교착최장 847 | step_limit
Ep 587 |  1000스텝 | 배송 18/50 | 재적재  1 | 정지 0.89 교착최장 701 | step_limit
Ep 588 |  1000스텝 | 배송 32/50 | 재적재  4 | 정지 0.74 교착최장 155 | step_limit
Ep 589 |  1000스텝 | 배송 25/50 | 재적재  3 | 정지 0.83 교착최장 281 | step_limit
Ep 590 |  1000스텝 | 배송 35/50 | 재적재  5 | 정지 0.71 교착최장 153 | step_limit
Ep 591 |  1000스텝 | 배송 26/50 | 재적재  3 | 정지 0.82 교착최장 269 | step_limit
Ep 592 |  1000스텝 | 배송 35/50 | 재적재  5 | 정지 0.73 교착최장 439 | step_limit
Ep 593 |  1000스텝 | 배송 22/50 | 재적재  2 | 정지 0.85 교착최장 742 | step_limit
Ep 594 |  1000스텝 | 배송 18/50 | 재적재  1 | 정지 0.89 교착최장 386 | step_limit
Ep 595 |  1000스텝 | 배송 26/50 | 재적재  3 | 정지 0.80 교착최장 294 | step_limit
Ep 596 |  1000스텝 | 배송 37/50 | 재적재  6 | 정지 0.70 교착최장 156 | step_limit
Ep 597 |  1000스텝 | 배송 31/50 | 재적재  4 | 정지 0.76 교착최장 213 | step_limit
Ep 598 |  1000스텝 | 배송 20/50 | 재적재  2 | 정지 0.87 교착최장 675 | step_limit
Ep 599 |  1000스텝 | 배송 16/50 | 재적재  0 | 정지 0.93 교착최장 776 | step_limit
Ep 600 |  1000스텝 | 배송 21/50 | 재적재  3 | 정지 0.86 교착최장 759 | step_limit
  [홀드아웃] 배송 31.0±10.7 재적재 4.0 2홉+ 0.66 | 최고 36.1@ep550 정체 1/15
Ep 601 |  1000스텝 | 배송 21/50 | 재적재  2 | 정지 0.86 교착최장 599 | step_limit
Ep 602 |  1000스텝 | 배송 25/50 | 재적재  3 | 정지 0.83 교착최장 333 | step_limit
Ep 603 |  1000스텝 | 배송 33/50 | 재적재  5 | 정지 0.75 교착최장 299 | step_limit
Ep 604 |  1000스텝 | 배송 46/50 | 재적재  8 | 정지 0.52 교착최장  85 | step_limit
Ep 605 |  1000스텝 | 배송 21/50 | 재적재  2 | 정지 0.88 교착최장 399 | step_limit
Ep 606 |  1000스텝 | 배송 30/50 | 재적재  4 | 정지 0.76 교착최장 192 | step_limit
Ep 607 |  1000스텝 | 배송 19/50 | 재적재  1 | 정지 0.90 교착최장 737 | step_limit
Ep 608 |  1000스텝 | 배송 18/50 | 재적재  1 | 정지 0.92 교착최장 798 | step_limit
Ep 609 |  1000스텝 | 배송 35/50 | 재적재  5 | 정지 0.74 교착최장 404 | step_limit
Ep 610 |  1000스텝 | 배송 22/50 | 재적재  3 | 정지 0.83 교착최장 320 | step_limit
Ep 611 |  1000스텝 | 배송 23/50 | 재적재  3 | 정지 0.86 교착최장 635 | step_limit
Ep 612 |  1000스텝 | 배송 25/50 | 재적재  3 | 정지 0.83 교착최장 576 | step_limit
Ep 613 |  1000스텝 | 배송 15/50 | 재적재  0 | 정지 0.91 교착최장 656 | step_limit
Ep 614 |  1000스텝 | 배송 20/50 | 재적재  2 | 정지 0.87 교착최장 769 | step_limit
Ep 615 |  1000스텝 | 배송 27/50 | 재적재  3 | 정지 0.84 교착최장 576 | step_limit
Ep 616 |  1000스텝 | 배송 19/50 | 재적재  1 | 정지 0.90 교착최장 740 | step_limit
Ep 617 |  1000스텝 | 배송 19/50 | 재적재  1 | 정지 0.89 교착최장 735 | step_limit
Ep 618 |  1000스텝 | 배송 22/50 | 재적재  3 | 정지 0.84 교착최장 322 | step_limit
Ep 619 |  1000스텝 | 배송 25/50 | 재적재  3 | 정지 0.82 교착최장 571 | step_limit
Ep 620 |  1000스텝 | 배송 23/50 | 재적재  2 | 정지 0.85 교착최장 558 | step_limit
Ep 621 |  1000스텝 | 배송 22/50 | 재적재  2 | 정지 0.88 교착최장 493 | step_limit
Ep 622 |  1000스텝 | 배송 23/50 | 재적재  3 | 정지 0.83 교착최장 416 | step_limit
Ep 623 |  1000스텝 | 배송 22/50 | 재적재  3 | 정지 0.83 교착최장 505 | step_limit
Ep 624 |  1000스텝 | 배송 24/50 | 재적재  2 | 정지 0.84 교착최장 391 | step_limit
Ep 625 |  1000스텝 | 배송 22/50 | 재적재  2 | 정지 0.87 교착최장 412 | step_limit
Ep 626 |  1000스텝 | 배송 32/50 | 재적재  4 | 정지 0.76 교착최장 184 | step_limit
Ep 627 |  1000스텝 | 배송 29/50 | 재적재  4 | 정지 0.80 교착최장 531 | step_limit
Ep 628 |  1000스텝 | 배송 31/50 | 재적재  5 | 정지 0.74 교착최장 121 | step_limit
Ep 629 |  1000스텝 | 배송 23/50 | 재적재  3 | 정지 0.85 교착최장 317 | step_limit
Ep 630 |  1000스텝 | 배송 23/50 | 재적재  2 | 정지 0.85 교착최장 264 | step_limit
Ep 631 |  1000스텝 | 배송 33/50 | 재적재  5 | 정지 0.72 교착최장 240 | step_limit
Ep 632 |  1000스텝 | 배송 24/50 | 재적재  2 | 정지 0.85 교착최장 648 | step_limit
Ep 633 |  1000스텝 | 배송 14/50 | 재적재  0 | 정지 0.94 교착최장 739 | step_limit
Ep 634 |  1000스텝 | 배송 30/50 | 재적재  5 | 정지 0.76 교착최장 291 | step_limit
Ep 635 |  1000스텝 | 배송 15/50 | 재적재  0 | 정지 0.94 교착최장 818 | step_limit
Ep 636 |  1000스텝 | 배송 28/50 | 재적재  3 | 정지 0.80 교착최장 177 | step_limit
Ep 637 |  1000스텝 | 배송 36/50 | 재적재  5 | 정지 0.71 교착최장 114 | step_limit
Ep 638 |  1000스텝 | 배송 16/50 | 재적재  0 | 정지 0.92 교착최장 851 | step_limit
Ep 639 |  1000스텝 | 배송 26/50 | 재적재  3 | 정지 0.83 교착최장 531 | step_limit
Ep 640 |  1000스텝 | 배송 23/50 | 재적재  2 | 정지 0.86 교착최장 690 | step_limit
Ep 641 |  1000스텝 | 배송 21/50 | 재적재  2 | 정지 0.87 교착최장 619 | step_limit
Ep 642 |  1000스텝 | 배송 21/50 | 재적재  2 | 정지 0.86 교착최장 470 | step_limit
Ep 643 |  1000스텝 | 배송 26/50 | 재적재  4 | 정지 0.80 교착최장 578 | step_limit
Ep 644 |  1000스텝 | 배송 19/50 | 재적재  1 | 정지 0.87 교착최장 256 | step_limit
Ep 645 |  1000스텝 | 배송 28/50 | 재적재  3 | 정지 0.83 교착최장 550 | step_limit
Ep 646 |  1000스텝 | 배송 25/50 | 재적재  2 | 정지 0.84 교착최장 468 | step_limit
Ep 647 |  1000스텝 | 배송 22/50 | 재적재  3 | 정지 0.86 교착최장 712 | step_limit
Ep 648 |  1000스텝 | 배송 28/50 | 재적재  4 | 정지 0.79 교착최장 226 | step_limit
Ep 649 |  1000스텝 | 배송 30/50 | 재적재  5 | 정지 0.70 교착최장 168 | step_limit
Ep 650 |  1000스텝 | 배송 21/50 | 재적재  3 | 정지 0.83 교착최장 595 | step_limit
  [홀드아웃] 배송 34.5±7.6 재적재 5.1 2홉+ 0.62 | 최고 36.1@ep550 정체 2/15
Ep 651 |  1000스텝 | 배송 27/50 | 재적재  4 | 정지 0.78 교착최장 275 | step_limit
Ep 652 |  1000스텝 | 배송 26/50 | 재적재  3 | 정지 0.84 교착최장 371 | step_limit
Ep 653 |  1000스텝 | 배송 29/50 | 재적재  4 | 정지 0.79 교착최장 296 | step_limit
Ep 654 |  1000스텝 | 배송 16/50 | 재적재  0 | 정지 0.91 교착최장 855 | step_limit
Ep 655 |  1000스텝 | 배송 22/50 | 재적재  3 | 정지 0.85 교착최장 697 | step_limit
Ep 656 |  1000스텝 | 배송 20/50 | 재적재  2 | 정지 0.88 교착최장 572 | step_limit
Ep 657 |  1000스텝 | 배송 30/50 | 재적재  4 | 정지 0.79 교착최장 132 | step_limit
Ep 658 |  1000스텝 | 배송 17/50 | 재적재  1 | 정지 0.90 교착최장 837 | step_limit
Ep 659 |  1000스텝 | 배송 27/50 | 재적재  4 | 정지 0.78 교착최장 311 | step_limit
Ep 660 |  1000스텝 | 배송 22/50 | 재적재  2 | 정지 0.85 교착최장 435 | step_limit
Ep 661 |  1000스텝 | 배송 22/50 | 재적재  3 | 정지 0.85 교착최장 728 | step_limit
Ep 662 |  1000스텝 | 배송 25/50 | 재적재  3 | 정지 0.83 교착최장 585 | step_limit
Ep 663 |  1000스텝 | 배송 26/50 | 재적재  4 | 정지 0.77 교착최장 431 | step_limit
Ep 664 |  1000스텝 | 배송 18/50 | 재적재  0 | 정지 0.92 교착최장 647 | step_limit
Ep 665 |  1000스텝 | 배송 22/50 | 재적재  2 | 정지 0.86 교착최장 582 | step_limit
Ep 666 |  1000스텝 | 배송 31/50 | 재적재  4 | 정지 0.76 교착최장 476 | step_limit
Ep 667 |  1000스텝 | 배송 22/50 | 재적재  2 | 정지 0.87 교착최장 758 | step_limit
Ep 668 |  1000스텝 | 배송 23/50 | 재적재  2 | 정지 0.87 교착최장 799 | step_limit
Ep 669 |  1000스텝 | 배송 19/50 | 재적재  2 | 정지 0.88 교착최장 782 | step_limit
Ep 670 |  1000스텝 | 배송 27/50 | 재적재  4 | 정지 0.81 교착최장 560 | step_limit
Ep 671 |  1000스텝 | 배송 17/50 | 재적재  0 | 정지 0.91 교착최장 861 | step_limit
Ep 672 |  1000스텝 | 배송 25/50 | 재적재  3 | 정지 0.85 교착최장 724 | step_limit
Ep 673 |  1000스텝 | 배송 20/50 | 재적재  2 | 정지 0.86 교착최장 342 | step_limit
Ep 674 |  1000스텝 | 배송 29/50 | 재적재  3 | 정지 0.80 교착최장 237 | step_limit
Ep 675 |  1000스텝 | 배송 24/50 | 재적재  3 | 정지 0.84 교착최장 456 | step_limit
Ep 676 |  1000스텝 | 배송 21/50 | 재적재  1 | 정지 0.88 교착최장 530 | step_limit
Ep 677 |  1000스텝 | 배송 16/50 | 재적재  1 | 정지 0.91 교착최장 847 | step_limit
Ep 678 |  1000스텝 | 배송 27/50 | 재적재  3 | 정지 0.78 교착최장 210 | step_limit
Ep 679 |  1000스텝 | 배송 21/50 | 재적재  2 | 정지 0.86 교착최장 401 | step_limit
Ep 680 |  1000스텝 | 배송 22/50 | 재적재  2 | 정지 0.87 교착최장 575 | step_limit
Ep 681 |  1000스텝 | 배송 18/50 | 재적재  0 | 정지 0.92 교착최장 491 | step_limit
Ep 682 |  1000스텝 | 배송 35/50 | 재적재  4 | 정지 0.74 교착최장 270 | step_limit
Ep 683 |  1000스텝 | 배송 21/50 | 재적재  2 | 정지 0.86 교착최장 724 | step_limit
Ep 684 |  1000스텝 | 배송 24/50 | 재적재  3 | 정지 0.84 교착최장 763 | step_limit
Ep 685 |  1000스텝 | 배송 22/50 | 재적재  2 | 정지 0.87 교착최장 294 | step_limit
Ep 686 |  1000스텝 | 배송 16/50 | 재적재  0 | 정지 0.93 교착최장 837 | step_limit
Ep 687 |  1000스텝 | 배송 26/50 | 재적재  3 | 정지 0.82 교착최장 365 | step_limit
Ep 688 |  1000스텝 | 배송 31/50 | 재적재  5 | 정지 0.77 교착최장 486 | step_limit
Ep 689 |  1000스텝 | 배송 25/50 | 재적재  3 | 정지 0.82 교착최장 276 | step_limit
Ep 690 |  1000스텝 | 배송 25/50 | 재적재  3 | 정지 0.82 교착최장 418 | step_limit
Ep 691 |  1000스텝 | 배송 23/50 | 재적재  2 | 정지 0.87 교착최장 753 | step_limit
Ep 692 |  1000스텝 | 배송 24/50 | 재적재  2 | 정지 0.84 교착최장 363 | step_limit
Ep 693 |  1000스텝 | 배송 23/50 | 재적재  2 | 정지 0.86 교착최장 418 | step_limit
Ep 694 |  1000스텝 | 배송 27/50 | 재적재  3 | 정지 0.79 교착최장 282 | step_limit
Ep 695 |  1000스텝 | 배송 24/50 | 재적재  2 | 정지 0.86 교착최장 392 | step_limit
Ep 696 |  1000스텝 | 배송 21/50 | 재적재  2 | 정지 0.86 교착최장 693 | step_limit
Ep 697 |  1000스텝 | 배송 24/50 | 재적재  2 | 정지 0.85 교착최장 481 | step_limit
Ep 698 |  1000스텝 | 배송 33/50 | 재적재  5 | 정지 0.75 교착최장 215 | step_limit
Ep 699 |  1000스텝 | 배송 16/50 | 재적재  0 | 정지 0.93 교착최장 894 | step_limit
Ep 700 |  1000스텝 | 배송 23/50 | 재적재  2 | 정지 0.85 교착최장 270 | step_limit
  [홀드아웃] 배송 32.9±6.8 재적재 4.7 2홉+ 0.64 | 최고 36.1@ep550 정체 3/15
Ep 701 |  1000스텝 | 배송 29/50 | 재적재  4 | 정지 0.75 교착최장 213 | step_limit
Ep 702 |  1000스텝 | 배송 27/50 | 재적재  3 | 정지 0.78 교착최장 215 | step_limit
Ep 703 |  1000스텝 | 배송 29/50 | 재적재  4 | 정지 0.80 교착최장 199 | step_limit
Ep 704 |  1000스텝 | 배송 21/50 | 재적재  2 | 정지 0.85 교착최장 639 | step_limit
Ep 705 |  1000스텝 | 배송 28/50 | 재적재  3 | 정지 0.83 교착최장 279 | step_limit
Ep 706 |  1000스텝 | 배송 22/50 | 재적재  3 | 정지 0.85 교착최장 594 | step_limit
Ep 707 |  1000스텝 | 배송 18/50 | 재적재  1 | 정지 0.88 교착최장 606 | step_limit
Ep 708 |  1000스텝 | 배송 17/50 | 재적재  0 | 정지 0.91 교착최장 822 | step_limit
Ep 709 |  1000스텝 | 배송 25/50 | 재적재  3 | 정지 0.83 교착최장 279 | step_limit
Ep 710 |  1000스텝 | 배송 21/50 | 재적재  2 | 정지 0.87 교착최장 753 | step_limit
Ep 711 |  1000스텝 | 배송 38/50 | 재적재  6 | 정지 0.68 교착최장 242 | step_limit
Ep 712 |  1000스텝 | 배송 23/50 | 재적재  2 | 정지 0.86 교착최장 333 | step_limit
Ep 713 |  1000스텝 | 배송 23/50 | 재적재  2 | 정지 0.86 교착최장 632 | step_limit
Ep 714 |  1000스텝 | 배송 30/50 | 재적재  5 | 정지 0.75 교착최장 379 | step_limit
Ep 715 |  1000스텝 | 배송 25/50 | 재적재  3 | 정지 0.80 교착최장 519 | step_limit
Ep 716 |  1000스텝 | 배송 34/50 | 재적재  5 | 정지 0.75 교착최장 229 | step_limit
Ep 717 |  1000스텝 | 배송 23/50 | 재적재  2 | 정지 0.86 교착최장 357 | step_limit
Ep 718 |  1000스텝 | 배송 24/50 | 재적재  3 | 정지 0.83 교착최장 676 | step_limit
Ep 719 |  1000스텝 | 배송 27/50 | 재적재  4 | 정지 0.80 교착최장 295 | step_limit
Ep 720 |  1000스텝 | 배송 22/50 | 재적재  2 | 정지 0.85 교착최장 659 | step_limit
Ep 721 |  1000스텝 | 배송 28/50 | 재적재  4 | 정지 0.80 교착최장 353 | step_limit
Ep 722 |  1000스텝 | 배송 26/50 | 재적재  3 | 정지 0.83 교착최장 605 | step_limit
Ep 723 |  1000스텝 | 배송 27/50 | 재적재  4 | 정지 0.81 교착최장 649 | step_limit
Ep 724 |  1000스텝 | 배송 27/50 | 재적재  4 | 정지 0.80 교착최장 312 | step_limit
Ep 725 |  1000스텝 | 배송 23/50 | 재적재  2 | 정지 0.84 교착최장 627 | step_limit
Ep 726 |  1000스텝 | 배송 20/50 | 재적재  1 | 정지 0.91 교착최장 701 | step_limit
Ep 727 |  1000스텝 | 배송 24/50 | 재적재  2 | 정지 0.85 교착최장 357 | step_limit
Ep 728 |  1000스텝 | 배송 18/50 | 재적재  0 | 정지 0.93 교착최장 598 | step_limit
Ep 729 |  1000스텝 | 배송 24/50 | 재적재  3 | 정지 0.84 교착최장 275 | step_limit
Ep 730 |  1000스텝 | 배송 32/50 | 재적재  5 | 정지 0.74 교착최장 415 | step_limit
Ep 731 |  1000스텝 | 배송 21/50 | 재적재  2 | 정지 0.87 교착최장 702 | step_limit
Ep 732 |  1000스텝 | 배송 21/50 | 재적재  2 | 정지 0.86 교착최장 730 | step_limit
Ep 733 |  1000스텝 | 배송 38/50 | 재적재  5 | 정지 0.71 교착최장 194 | step_limit
Ep 734 |  1000스텝 | 배송 35/50 | 재적재  5 | 정지 0.72 교착최장 408 | step_limit
Ep 735 |  1000스텝 | 배송 27/50 | 재적재  3 | 정지 0.81 교착최장 349 | step_limit
Ep 736 |  1000스텝 | 배송 29/50 | 재적재  4 | 정지 0.80 교착최장 499 | step_limit
Ep 737 |  1000스텝 | 배송 22/50 | 재적재  2 | 정지 0.84 교착최장 439 | step_limit
Ep 738 |  1000스텝 | 배송 25/50 | 재적재  4 | 정지 0.80 교착최장 305 | step_limit
Ep 739 |  1000스텝 | 배송 24/50 | 재적재  3 | 정지 0.84 교착최장 542 | step_limit
Ep 740 |  1000스텝 | 배송 24/50 | 재적재  3 | 정지 0.83 교착최장 314 | step_limit
Ep 741 |  1000스텝 | 배송 45/50 | 재적재  7 | 정지 0.59 교착최장 143 | step_limit
Ep 742 |  1000스텝 | 배송 17/50 | 재적재  1 | 정지 0.89 교착최장 479 | step_limit
Ep 743 |  1000스텝 | 배송 24/50 | 재적재  2 | 정지 0.85 교착최장 204 | step_limit
Ep 744 |  1000스텝 | 배송 24/50 | 재적재  3 | 정지 0.84 교착최장 617 | step_limit
Ep 745 |  1000스텝 | 배송 24/50 | 재적재  2 | 정지 0.86 교착최장 566 | step_limit
Ep 746 |  1000스텝 | 배송 18/50 | 재적재  1 | 정지 0.90 교착최장 517 | step_limit
Ep 747 |  1000스텝 | 배송 28/50 | 재적재  4 | 정지 0.81 교착최장 638 | step_limit
Ep 748 |  1000스텝 | 배송 28/50 | 재적재  4 | 정지 0.77 교착최장 218 | step_limit
Ep 749 |  1000스텝 | 배송 23/50 | 재적재  2 | 정지 0.85 교착최장 741 | step_limit
Ep 750 |  1000스텝 | 배송 26/50 | 재적재  3 | 정지 0.82 교착최장 273 | step_limit
  [홀드아웃] 배송 31.8±5.9 재적재 4.3 2홉+ 0.59 | 최고 36.1@ep550 정체 4/15
Ep 751 |  1000스텝 | 배송 27/50 | 재적재  3 | 정지 0.82 교착최장 245 | step_limit
Ep 752 |  1000스텝 | 배송 23/50 | 재적재  2 | 정지 0.87 교착최장 517 | step_limit
Ep 753 |  1000스텝 | 배송 19/50 | 재적재  2 | 정지 0.89 교착최장 813 | step_limit
Ep 754 |  1000스텝 | 배송 22/50 | 재적재  3 | 정지 0.85 교착최장 418 | step_limit
Ep 755 |  1000스텝 | 배송 19/50 | 재적재  1 | 정지 0.90 교착최장 778 | step_limit
Ep 756 |  1000스텝 | 배송 24/50 | 재적재  3 | 정지 0.85 교착최장 735 | step_limit
Ep 757 |  1000스텝 | 배송 22/50 | 재적재  3 | 정지 0.85 교착최장 791 | step_limit
Ep 758 |  1000스텝 | 배송 24/50 | 재적재  2 | 정지 0.84 교착최장 498 | step_limit
Ep 759 |  1000스텝 | 배송 37/50 | 재적재  6 | 정지 0.66 교착최장 185 | step_limit
Ep 760 |  1000스텝 | 배송 29/50 | 재적재  3 | 정지 0.80 교착최장 411 | step_limit
Ep 761 |  1000스텝 | 배송 37/50 | 재적재  5 | 정지 0.72 교착최장 218 | step_limit
Ep 762 |  1000스텝 | 배송 29/50 | 재적재  4 | 정지 0.78 교착최장 132 | step_limit
Ep 763 |  1000스텝 | 배송 26/50 | 재적재  3 | 정지 0.82 교착최장 404 | step_limit
Ep 764 |  1000스텝 | 배송 16/50 | 재적재  0 | 정지 0.90 교착최장 455 | step_limit
Ep 765 |  1000스텝 | 배송 21/50 | 재적재  2 | 정지 0.87 교착최장 577 | step_limit
Ep 766 |  1000스텝 | 배송 25/50 | 재적재  3 | 정지 0.84 교착최장 428 | step_limit
Ep 767 |  1000스텝 | 배송 27/50 | 재적재  3 | 정지 0.79 교착최장 221 | step_limit
Ep 768 |  1000스텝 | 배송 25/50 | 재적재  3 | 정지 0.83 교착최장 358 | step_limit
Ep 769 |  1000스텝 | 배송 20/50 | 재적재  2 | 정지 0.87 교착최장 635 | step_limit
Ep 770 |  1000스텝 | 배송 26/50 | 재적재  4 | 정지 0.78 교착최장 106 | step_limit
Ep 771 |  1000스텝 | 배송 35/50 | 재적재  5 | 정지 0.75 교착최장 378 | step_limit
Ep 772 |  1000스텝 | 배송 40/50 | 재적재  7 | 정지 0.65 교착최장 328 | step_limit
Ep 773 |  1000스텝 | 배송 24/50 | 재적재  3 | 정지 0.83 교착최장 552 | step_limit
Ep 774 |  1000스텝 | 배송 25/50 | 재적재  3 | 정지 0.83 교착최장 375 | step_limit
Ep 775 |  1000스텝 | 배송 33/50 | 재적재  5 | 정지 0.71 교착최장 250 | step_limit
Ep 776 |  1000스텝 | 배송 39/50 | 재적재  5 | 정지 0.70 교착최장 151 | step_limit
Ep 777 |  1000스텝 | 배송 32/50 | 재적재  5 | 정지 0.72 교착최장 156 | step_limit
Ep 778 |  1000스텝 | 배송 34/50 | 재적재  5 | 정지 0.67 교착최장 167 | step_limit
Ep 779 |  1000스텝 | 배송 24/50 | 재적재  3 | 정지 0.86 교착최장 719 | step_limit
Ep 780 |  1000스텝 | 배송 33/50 | 재적재  5 | 정지 0.73 교착최장 189 | step_limit
Ep 781 |  1000스텝 | 배송 34/50 | 재적재  5 | 정지 0.73 교착최장 215 | step_limit
Ep 782 |  1000스텝 | 배송 17/50 | 재적재  1 | 정지 0.92 교착최장 718 | step_limit
Ep 783 |  1000스텝 | 배송 26/50 | 재적재  3 | 정지 0.80 교착최장 199 | step_limit
Ep 784 |  1000스텝 | 배송 17/50 | 재적재  0 | 정지 0.93 교착최장 858 | step_limit
Ep 785 |  1000스텝 | 배송 30/50 | 재적재  4 | 정지 0.77 교착최장 290 | step_limit
Ep 786 |  1000스텝 | 배송 22/50 | 재적재  3 | 정지 0.86 교착최장 590 | step_limit
Ep 787 |  1000스텝 | 배송 24/50 | 재적재  2 | 정지 0.85 교착최장 572 | step_limit
Ep 788 |  1000스텝 | 배송 20/50 | 재적재  1 | 정지 0.92 교착최장 877 | step_limit
Ep 789 |  1000스텝 | 배송 16/50 | 재적재  1 | 정지 0.92 교착최장 859 | step_limit
Ep 790 |  1000스텝 | 배송 25/50 | 재적재  3 | 정지 0.82 교착최장 173 | step_limit
Ep 791 |  1000스텝 | 배송 25/50 | 재적재  3 | 정지 0.80 교착최장 410 | step_limit
Ep 792 |  1000스텝 | 배송 20/50 | 재적재  2 | 정지 0.89 교착최장 720 | step_limit
Ep 793 |  1000스텝 | 배송 24/50 | 재적재  3 | 정지 0.85 교착최장 347 | step_limit
Ep 794 |  1000스텝 | 배송 40/50 | 재적재  6 | 정지 0.68 교착최장 147 | step_limit
Ep 795 |  1000스텝 | 배송 25/50 | 재적재  3 | 정지 0.83 교착최장 464 | step_limit
Ep 796 |  1000스텝 | 배송 24/50 | 재적재  3 | 정지 0.84 교착최장 215 | step_limit
Ep 797 |  1000스텝 | 배송 21/50 | 재적재  2 | 정지 0.87 교착최장 718 | step_limit
Ep 798 |  1000스텝 | 배송 24/50 | 재적재  2 | 정지 0.86 교착최장 652 | step_limit
Ep 799 |  1000스텝 | 배송 24/50 | 재적재  2 | 정지 0.84 교착최장 450 | step_limit
Ep 800 |  1000스텝 | 배송 20/50 | 재적재  1 | 정지 0.90 교착최장 595 | step_limit
  [홀드아웃] 배송 30.9±9.7 재적재 4.2 2홉+ 0.68 | 최고 36.1@ep550 정체 5/15
Ep 801 |  1000스텝 | 배송 17/50 | 재적재  1 | 정지 0.91 교착최장 879 | step_limit
Ep 802 |  1000스텝 | 배송 30/50 | 재적재  4 | 정지 0.78 교착최장 398 | step_limit
Ep 803 |  1000스텝 | 배송 18/50 | 재적재  0 | 정지 0.91 교착최장 813 | step_limit
Ep 804 |  1000스텝 | 배송 32/50 | 재적재  4 | 정지 0.76 교착최장 491 | step_limit
Ep 805 |  1000스텝 | 배송 31/50 | 재적재  4 | 정지 0.76 교착최장 305 | step_limit
Ep 806 |  1000스텝 | 배송 30/50 | 재적재  4 | 정지 0.75 교착최장 130 | step_limit
Ep 807 |  1000스텝 | 배송 15/50 | 재적재  1 | 정지 0.92 교착최장 869 | step_limit
Ep 808 |  1000스텝 | 배송 27/50 | 재적재  3 | 정지 0.82 교착최장 597 | step_limit
Ep 809 |  1000스텝 | 배송 31/50 | 재적재  5 | 정지 0.76 교착최장 377 | step_limit
Ep 810 |  1000스텝 | 배송 35/50 | 재적재  5 | 정지 0.71 교착최장 206 | step_limit
Ep 811 |  1000스텝 | 배송 16/50 | 재적재  0 | 정지 0.92 교착최장 799 | step_limit
Ep 812 |  1000스텝 | 배송 24/50 | 재적재  3 | 정지 0.85 교착최장 210 | step_limit
Ep 813 |  1000스텝 | 배송 20/50 | 재적재  2 | 정지 0.87 교착최장 794 | step_limit
Ep 814 |  1000스텝 | 배송 17/50 | 재적재  1 | 정지 0.92 교착최장 835 | step_limit
Ep 815 |  1000스텝 | 배송 23/50 | 재적재  2 | 정지 0.87 교착최장 504 | step_limit
Ep 816 |  1000스텝 | 배송 36/50 | 재적재  6 | 정지 0.69 교착최장 139 | step_limit
Ep 817 |  1000스텝 | 배송 19/50 | 재적재  1 | 정지 0.89 교착최장 724 | step_limit
Ep 818 |  1000스텝 | 배송 39/50 | 재적재  6 | 정지 0.69 교착최장 173 | step_limit
Ep 819 |  1000스텝 | 배송 31/50 | 재적재  4 | 정지 0.75 교착최장 272 | step_limit
Ep 820 |  1000스텝 | 배송 29/50 | 재적재  4 | 정지 0.79 교착최장 295 | step_limit
Ep 821 |  1000스텝 | 배송 27/50 | 재적재  4 | 정지 0.80 교착최장 230 | step_limit
Ep 822 |  1000스텝 | 배송 27/50 | 재적재  3 | 정지 0.82 교착최장 562 | step_limit
Ep 823 |  1000스텝 | 배송 30/50 | 재적재  4 | 정지 0.81 교착최장 501 | step_limit
Ep 824 |  1000스텝 | 배송 29/50 | 재적재  4 | 정지 0.78 교착최장 301 | step_limit
Ep 825 |  1000스텝 | 배송 34/50 | 재적재  5 | 정지 0.73 교착최장 200 | step_limit
Ep 826 |  1000스텝 | 배송 34/50 | 재적재  4 | 정지 0.75 교착최장 176 | step_limit
Ep 827 |  1000스텝 | 배송 16/50 | 재적재  0 | 정지 0.92 교착최장 659 | step_limit
Ep 828 |  1000스텝 | 배송 38/50 | 재적재  5 | 정지 0.71 교착최장 137 | step_limit
Ep 829 |  1000스텝 | 배송 23/50 | 재적재  2 | 정지 0.86 교착최장 373 | step_limit
Ep 830 |  1000스텝 | 배송 21/50 | 재적재  2 | 정지 0.85 교착최장 675 | step_limit
Ep 831 |  1000스텝 | 배송 25/50 | 재적재  3 | 정지 0.86 교착최장 770 | step_limit
Ep 832 |  1000스텝 | 배송 15/50 | 재적재  1 | 정지 0.92 교착최장 814 | step_limit
Ep 833 |  1000스텝 | 배송 16/50 | 재적재  0 | 정지 0.93 교착최장 858 | step_limit
Ep 834 |  1000스텝 | 배송 37/50 | 재적재  6 | 정지 0.68 교착최장 151 | step_limit
Ep 835 |  1000스텝 | 배송 24/50 | 재적재  2 | 정지 0.85 교착최장 654 | step_limit
Ep 836 |  1000스텝 | 배송 33/50 | 재적재  4 | 정지 0.74 교착최장 387 | step_limit
Ep 837 |  1000스텝 | 배송 20/50 | 재적재  2 | 정지 0.87 교착최장 599 | step_limit
Ep 838 |  1000스텝 | 배송 26/50 | 재적재  3 | 정지 0.83 교착최장 247 | step_limit
Ep 839 |  1000스텝 | 배송 23/50 | 재적재  2 | 정지 0.87 교착최장 428 | step_limit
Ep 840 |  1000스텝 | 배송 21/50 | 재적재  2 | 정지 0.86 교착최장 430 | step_limit
Ep 841 |  1000스텝 | 배송 28/50 | 재적재  3 | 정지 0.80 교착최장 257 | step_limit
Ep 842 |  1000스텝 | 배송 25/50 | 재적재  3 | 정지 0.82 교착최장 524 | step_limit
Ep 843 |  1000스텝 | 배송 33/50 | 재적재  5 | 정지 0.73 교착최장 265 | step_limit
Ep 844 |  1000스텝 | 배송 19/50 | 재적재  1 | 정지 0.90 교착최장 711 | step_limit
Ep 845 |  1000스텝 | 배송 30/50 | 재적재  4 | 정지 0.74 교착최장 253 | step_limit
Ep 846 |  1000스텝 | 배송 29/50 | 재적재  4 | 정지 0.77 교착최장 359 | step_limit
Ep 847 |  1000스텝 | 배송 19/50 | 재적재  1 | 정지 0.89 교착최장 576 | step_limit
Ep 848 |  1000스텝 | 배송 27/50 | 재적재  3 | 정지 0.80 교착최장 476 | step_limit
Ep 849 |  1000스텝 | 배송 17/50 | 재적재  3 | 정지 0.89 교착최장 700 | step_limit
Ep 850 |  1000스텝 | 배송 23/50 | 재적재  3 | 정지 0.83 교착최장 275 | step_limit
  [홀드아웃] 배송 34.1±8.0 재적재 5.0 2홉+ 0.64 | 최고 36.1@ep550 정체 6/15
Ep 851 |  1000스텝 | 배송 31/50 | 재적재  4 | 정지 0.77 교착최장 324 | step_limit
Ep 852 |  1000스텝 | 배송 20/50 | 재적재  1 | 정지 0.88 교착최장 617 | step_limit
Ep 853 |  1000스텝 | 배송 18/50 | 재적재  1 | 정지 0.91 교착최장 776 | step_limit
Ep 854 |  1000스텝 | 배송 35/50 | 재적재  5 | 정지 0.72 교착최장 206 | step_limit
Ep 855 |  1000스텝 | 배송 34/50 | 재적재  5 | 정지 0.75 교착최장 378 | step_limit
Ep 856 |  1000스텝 | 배송 20/50 | 재적재  2 | 정지 0.87 교착최장 617 | step_limit
Ep 857 |  1000스텝 | 배송 21/50 | 재적재  2 | 정지 0.88 교착최장 731 | step_limit
Ep 858 |  1000스텝 | 배송 19/50 | 재적재  1 | 정지 0.87 교착최장 398 | step_limit
Ep 859 |  1000스텝 | 배송 38/50 | 재적재  5 | 정지 0.65 교착최장 372 | step_limit
Ep 860 |  1000스텝 | 배송 24/50 | 재적재  3 | 정지 0.82 교착최장 317 | step_limit
Ep 861 |  1000스텝 | 배송 23/50 | 재적재  2 | 정지 0.85 교착최장 458 | step_limit
Ep 862 |  1000스텝 | 배송 18/50 | 재적재  0 | 정지 0.93 교착최장 860 | step_limit
Ep 863 |  1000스텝 | 배송 16/50 | 재적재  0 | 정지 0.92 교착최장 867 | step_limit
Ep 864 |  1000스텝 | 배송 30/50 | 재적재  4 | 정지 0.78 교착최장 428 | step_limit
Ep 865 |  1000스텝 | 배송 32/50 | 재적재  5 | 정지 0.76 교착최장 230 | step_limit
Ep 866 |  1000스텝 | 배송 24/50 | 재적재  3 | 정지 0.83 교착최장 616 | step_limit
Ep 867 |  1000스텝 | 배송 26/50 | 재적재  3 | 정지 0.80 교착최장 381 | step_limit
Ep 868 |  1000스텝 | 배송 24/50 | 재적재  2 | 정지 0.83 교착최장 290 | step_limit
Ep 869 |  1000스텝 | 배송 28/50 | 재적재  3 | 정지 0.80 교착최장 496 | step_limit
Ep 870 |  1000스텝 | 배송 35/50 | 재적재  5 | 정지 0.73 교착최장 155 | step_limit
Ep 871 |  1000스텝 | 배송 29/50 | 재적재  4 | 정지 0.78 교착최장 550 | step_limit
Ep 872 |  1000스텝 | 배송 21/50 | 재적재  2 | 정지 0.85 교착최장 498 | step_limit
Ep 873 |  1000스텝 | 배송 29/50 | 재적재  4 | 정지 0.79 교착최장 208 | step_limit
Ep 874 |  1000스텝 | 배송 32/50 | 재적재  4 | 정지 0.74 교착최장 120 | step_limit
Ep 875 |  1000스텝 | 배송 26/50 | 재적재  3 | 정지 0.80 교착최장 330 | step_limit
Ep 876 |  1000스텝 | 배송 27/50 | 재적재  3 | 정지 0.81 교착최장 406 | step_limit
Ep 877 |  1000스텝 | 배송 23/50 | 재적재  2 | 정지 0.85 교착최장 612 | step_limit
Ep 878 |  1000스텝 | 배송 17/50 | 재적재  0 | 정지 0.92 교착최장 836 | step_limit
Ep 879 |  1000스텝 | 배송 20/50 | 재적재  2 | 정지 0.88 교착최장 358 | step_limit
Ep 880 |  1000스텝 | 배송 29/50 | 재적재  4 | 정지 0.79 교착최장 312 | step_limit
Ep 881 |  1000스텝 | 배송 27/50 | 재적재  4 | 정지 0.80 교착최장 456 | step_limit
Ep 882 |  1000스텝 | 배송 44/50 | 재적재  7 | 정지 0.55 교착최장  70 | step_limit
Ep 883 |  1000스텝 | 배송 26/50 | 재적재  3 | 정지 0.81 교착최장 360 | step_limit
Ep 884 |  1000스텝 | 배송 19/50 | 재적재  1 | 정지 0.90 교착최장 694 | step_limit
Ep 885 |  1000스텝 | 배송 28/50 | 재적재  3 | 정지 0.78 교착최장 180 | step_limit
Ep 886 |  1000스텝 | 배송 25/50 | 재적재  3 | 정지 0.83 교착최장 628 | step_limit
Ep 887 |  1000스텝 | 배송 23/50 | 재적재  2 | 정지 0.87 교착최장 614 | step_limit
Ep 888 |  1000스텝 | 배송 27/50 | 재적재  3 | 정지 0.82 교착최장 304 | step_limit
Ep 889 |  1000스텝 | 배송 23/50 | 재적재  2 | 정지 0.87 교착최장 373 | step_limit
Ep 890 |  1000스텝 | 배송 23/50 | 재적재  2 | 정지 0.86 교착최장 570 | step_limit
Ep 891 |  1000스텝 | 배송 24/50 | 재적재  3 | 정지 0.83 교착최장 716 | step_limit
Ep 892 |  1000스텝 | 배송 26/50 | 재적재  3 | 정지 0.82 교착최장 472 | step_limit
Ep 893 |  1000스텝 | 배송 23/50 | 재적재  3 | 정지 0.83 교착최장 594 | step_limit
Ep 894 |  1000스텝 | 배송 17/50 | 재적재  1 | 정지 0.92 교착최장 815 | step_limit
Ep 895 |  1000스텝 | 배송 33/50 | 재적재  4 | 정지 0.74 교착최장 259 | step_limit
Ep 896 |  1000스텝 | 배송 22/50 | 재적재  2 | 정지 0.87 교착최장 549 | step_limit
Ep 897 |  1000스텝 | 배송 31/50 | 재적재  4 | 정지 0.76 교착최장 380 | step_limit
Ep 898 |  1000스텝 | 배송 16/50 | 재적재  0 | 정지 0.92 교착최장 724 | step_limit
Ep 899 |  1000스텝 | 배송 26/50 | 재적재  3 | 정지 0.81 교착최장 238 | step_limit
Ep 900 |  1000스텝 | 배송 21/50 | 재적재  2 | 정지 0.87 교착최장 785 | step_limit
  [홀드아웃] 배송 30.6±8.4 재적재 3.8 2홉+ 0.64 | 최고 36.1@ep550 정체 7/15
Ep 901 |  1000스텝 | 배송 23/50 | 재적재  2 | 정지 0.88 교착최장 796 | step_limit
Ep 902 |  1000스텝 | 배송 17/50 | 재적재  2 | 정지 0.91 교착최장 795 | step_limit
Ep 903 |  1000스텝 | 배송 30/50 | 재적재  5 | 정지 0.75 교착최장 210 | step_limit
Ep 904 |  1000스텝 | 배송 23/50 | 재적재  3 | 정지 0.86 교착최장 692 | step_limit
Ep 905 |  1000스텝 | 배송 21/50 | 재적재  2 | 정지 0.88 교착최장 716 | step_limit
Ep 906 |  1000스텝 | 배송 27/50 | 재적재  3 | 정지 0.82 교착최장 419 | step_limit
Ep 907 |  1000스텝 | 배송 16/50 | 재적재  0 | 정지 0.92 교착최장 857 | step_limit
Ep 908 |  1000스텝 | 배송 23/50 | 재적재  3 | 정지 0.86 교착최장 539 | step_limit
Ep 909 |  1000스텝 | 배송 21/50 | 재적재  2 | 정지 0.89 교착최장 405 | step_limit
Ep 910 |  1000스텝 | 배송 26/50 | 재적재  4 | 정지 0.79 교착최장 157 | step_limit
Ep 911 |  1000스텝 | 배송 17/50 | 재적재  0 | 정지 0.92 교착최장 497 | step_limit
Ep 912 |  1000스텝 | 배송 31/50 | 재적재  5 | 정지 0.75 교착최장 228 | step_limit
Ep 913 |  1000스텝 | 배송 30/50 | 재적재  4 | 정지 0.77 교착최장 398 | step_limit
Ep 914 |  1000스텝 | 배송 24/50 | 재적재  3 | 정지 0.85 교착최장 779 | step_limit
Ep 915 |  1000스텝 | 배송 28/50 | 재적재  4 | 정지 0.81 교착최장 436 | step_limit
Ep 916 |  1000스텝 | 배송 16/50 | 재적재  0 | 정지 0.93 교착최장 773 | step_limit
Ep 917 |  1000스텝 | 배송 28/50 | 재적재  4 | 정지 0.78 교착최장 233 | step_limit
Ep 918 |  1000스텝 | 배송 22/50 | 재적재  3 | 정지 0.83 교착최장 674 | step_limit
Ep 919 |  1000스텝 | 배송 25/50 | 재적재  3 | 정지 0.84 교착최장 551 | step_limit
Ep 920 |  1000스텝 | 배송 23/50 | 재적재  2 | 정지 0.87 교착최장 606 | step_limit
Ep 921 |  1000스텝 | 배송 26/50 | 재적재  3 | 정지 0.81 교착최장 287 | step_limit
Ep 922 |  1000스텝 | 배송 31/50 | 재적재  5 | 정지 0.76 교착최장 447 | step_limit
Ep 923 |  1000스텝 | 배송 26/50 | 재적재  3 | 정지 0.81 교착최장 442 | step_limit
Ep 924 |  1000스텝 | 배송 25/50 | 재적재  3 | 정지 0.84 교착최장 390 | step_limit
Ep 925 |  1000스텝 | 배송 29/50 | 재적재  4 | 정지 0.79 교착최장 347 | step_limit
Ep 926 |  1000스텝 | 배송 18/50 | 재적재  0 | 정지 0.89 교착최장 700 | step_limit
Ep 927 |  1000스텝 | 배송 24/50 | 재적재  3 | 정지 0.83 교착최장 452 | step_limit
Ep 928 |  1000스텝 | 배송 17/50 | 재적재  0 | 정지 0.92 교착최장 730 | step_limit
Ep 929 |  1000스텝 | 배송 20/50 | 재적재  2 | 정지 0.87 교착최장 731 | step_limit
Ep 930 |  1000스텝 | 배송 28/50 | 재적재  3 | 정지 0.84 교착최장 465 | step_limit
Ep 931 |  1000스텝 | 배송 21/50 | 재적재  2 | 정지 0.86 교착최장 584 | step_limit
Ep 932 |  1000스텝 | 배송 32/50 | 재적재  4 | 정지 0.76 교착최장 352 | step_limit
Ep 933 |  1000스텝 | 배송 31/50 | 재적재  4 | 정지 0.76 교착최장 339 | step_limit
Ep 934 |  1000스텝 | 배송 37/50 | 재적재  6 | 정지 0.68 교착최장 120 | step_limit
Ep 935 |  1000스텝 | 배송 25/50 | 재적재  3 | 정지 0.82 교착최장 596 | step_limit
Ep 936 |  1000스텝 | 배송 30/50 | 재적재  4 | 정지 0.75 교착최장 316 | step_limit
Ep 937 |  1000스텝 | 배송 34/50 | 재적재  5 | 정지 0.76 교착최장 220 | step_limit
Ep 938 |  1000스텝 | 배송 30/50 | 재적재  4 | 정지 0.78 교착최장 200 | step_limit
Ep 939 |  1000스텝 | 배송 41/50 | 재적재  6 | 정지 0.57 교착최장 100 | step_limit
Ep 940 |  1000스텝 | 배송 19/50 | 재적재  1 | 정지 0.87 교착최장 577 | step_limit
Ep 941 |  1000스텝 | 배송 40/50 | 재적재  6 | 정지 0.66 교착최장 133 | step_limit
Ep 942 |  1000스텝 | 배송 28/50 | 재적재  3 | 정지 0.81 교착최장 493 | step_limit
Ep 943 |  1000스텝 | 배송 21/50 | 재적재  2 | 정지 0.85 교착최장 698 | step_limit
Ep 944 |  1000스텝 | 배송 25/50 | 재적재  4 | 정지 0.80 교착최장 319 | step_limit
Ep 945 |  1000스텝 | 배송 17/50 | 재적재  0 | 정지 0.92 교착최장 746 | step_limit
Ep 946 |  1000스텝 | 배송 17/50 | 재적재  0 | 정지 0.91 교착최장 733 | step_limit
Ep 947 |  1000스텝 | 배송 21/50 | 재적재  2 | 정지 0.87 교착최장 728 | step_limit
Ep 948 |  1000스텝 | 배송 24/50 | 재적재  2 | 정지 0.85 교착최장 627 | step_limit
Ep 949 |  1000스텝 | 배송 26/50 | 재적재  2 | 정지 0.78 교착최장 377 | step_limit
Ep 950 |  1000스텝 | 배송 23/50 | 재적재  2 | 정지 0.86 교착최장 456 | step_limit
  [홀드아웃] 배송 31.2±7.4 재적재 4.1 2홉+ 0.62 | 최고 36.1@ep550 정체 8/15
Ep 951 |  1000스텝 | 배송 25/50 | 재적재  4 | 정지 0.83 교착최장 646 | step_limit
Ep 952 |  1000스텝 | 배송 19/50 | 재적재  1 | 정지 0.90 교착최장 753 | step_limit
Ep 953 |  1000스텝 | 배송 27/50 | 재적재  4 | 정지 0.79 교착최장 367 | step_limit
Ep 954 |  1000스텝 | 배송 14/50 | 재적재  0 | 정지 0.94 교착최장 559 | step_limit
Ep 955 |  1000스텝 | 배송 29/50 | 재적재  3 | 정지 0.80 교착최장 313 | step_limit
Ep 956 |  1000스텝 | 배송 25/50 | 재적재  3 | 정지 0.84 교착최장 619 | step_limit
Ep 957 |  1000스텝 | 배송 33/50 | 재적재  5 | 정지 0.71 교착최장 199 | step_limit
Ep 958 |  1000스텝 | 배송 31/50 | 재적재  4 | 정지 0.78 교착최장 242 | step_limit
Ep 959 |  1000스텝 | 배송 22/50 | 재적재  2 | 정지 0.87 교착최장 539 | step_limit
Ep 960 |  1000스텝 | 배송 23/50 | 재적재  2 | 정지 0.88 교착최장 783 | step_limit
Ep 961 |  1000스텝 | 배송 25/50 | 재적재  3 | 정지 0.83 교착최장 535 | step_limit
Ep 962 |  1000스텝 | 배송 42/50 | 재적재  8 | 정지 0.58 교착최장  84 | step_limit
Ep 963 |  1000스텝 | 배송 17/50 | 재적재  1 | 정지 0.90 교착최장 453 | step_limit
Ep 964 |  1000스텝 | 배송 18/50 | 재적재  2 | 정지 0.90 교착최장 786 | step_limit
Ep 965 |  1000스텝 | 배송 21/50 | 재적재  2 | 정지 0.88 교착최장 771 | step_limit
Ep 966 |  1000스텝 | 배송 35/50 | 재적재  4 | 정지 0.71 교착최장 239 | step_limit
Ep 967 |  1000스텝 | 배송 25/50 | 재적재  3 | 정지 0.82 교착최장 614 | step_limit
Ep 968 |  1000스텝 | 배송 26/50 | 재적재  3 | 정지 0.85 교착최장 604 | step_limit
Ep 969 |  1000스텝 | 배송 27/50 | 재적재  4 | 정지 0.81 교착최장 317 | step_limit
Ep 970 |  1000스텝 | 배송 23/50 | 재적재  2 | 정지 0.87 교착최장 596 | step_limit
Ep 971 |  1000스텝 | 배송 33/50 | 재적재  5 | 정지 0.71 교착최장 179 | step_limit
Ep 972 |  1000스텝 | 배송 25/50 | 재적재  3 | 정지 0.82 교착최장 450 | step_limit
Ep 973 |  1000스텝 | 배송 22/50 | 재적재  2 | 정지 0.87 교착최장 602 | step_limit
Ep 974 |  1000스텝 | 배송 31/50 | 재적재  4 | 정지 0.75 교착최장 252 | step_limit
Ep 975 |  1000스텝 | 배송 28/50 | 재적재  4 | 정지 0.79 교착최장 637 | step_limit
Ep 976 |  1000스텝 | 배송 24/50 | 재적재  2 | 정지 0.85 교착최장 410 | step_limit
Ep 977 |  1000스텝 | 배송 31/50 | 재적재  5 | 정지 0.75 교착최장 382 | step_limit
Ep 978 |  1000스텝 | 배송 27/50 | 재적재  3 | 정지 0.78 교착최장 403 | step_limit
Ep 979 |  1000스텝 | 배송 23/50 | 재적재  3 | 정지 0.85 교착최장 737 | step_limit
Ep 980 |  1000스텝 | 배송 30/50 | 재적재  3 | 정지 0.81 교착최장 502 | step_limit
Ep 981 |  1000스텝 | 배송 26/50 | 재적재  3 | 정지 0.82 교착최장 456 | step_limit
Ep 982 |  1000스텝 | 배송 25/50 | 재적재  2 | 정지 0.83 교착최장 306 | step_limit
Ep 983 |  1000스텝 | 배송 24/50 | 재적재  2 | 정지 0.86 교착최장 525 | step_limit
Ep 984 |  1000스텝 | 배송 20/50 | 재적재  1 | 정지 0.90 교착최장 692 | step_limit
Ep 985 |  1000스텝 | 배송 25/50 | 재적재  2 | 정지 0.86 교착최장 374 | step_limit
Ep 986 |  1000스텝 | 배송 29/50 | 재적재  4 | 정지 0.81 교착최장 209 | step_limit
Ep 987 |  1000스텝 | 배송 27/50 | 재적재  3 | 정지 0.81 교착최장 317 | step_limit
Ep 988 |  1000스텝 | 배송 19/50 | 재적재  1 | 정지 0.88 교착최장 416 | step_limit
Ep 989 |  1000스텝 | 배송 31/50 | 재적재  4 | 정지 0.74 교착최장 208 | step_limit
Ep 990 |  1000스텝 | 배송 33/50 | 재적재  4 | 정지 0.76 교착최장 181 | step_limit
Ep 991 |  1000스텝 | 배송 25/50 | 재적재  3 | 정지 0.84 교착최장 639 | step_limit
Ep 992 |  1000스텝 | 배송 20/50 | 재적재  2 | 정지 0.86 교착최장 620 | step_limit
Ep 993 |  1000스텝 | 배송 21/50 | 재적재  3 | 정지 0.86 교착최장 746 | step_limit
Ep 994 |  1000스텝 | 배송 16/50 | 재적재  0 | 정지 0.93 교착최장 806 | step_limit
Ep 995 |  1000스텝 | 배송 25/50 | 재적재  3 | 정지 0.83 교착최장 589 | step_limit
Ep 996 |  1000스텝 | 배송 33/50 | 재적재  5 | 정지 0.68 교착최장 134 | step_limit
Ep 997 |  1000스텝 | 배송 18/50 | 재적재  0 | 정지 0.89 교착최장 788 | step_limit
Ep 998 |  1000스텝 | 배송 28/50 | 재적재  4 | 정지 0.79 교착최장 223 | step_limit
Ep 999 |  1000스텝 | 배송 24/50 | 재적재  2 | 정지 0.87 교착최장 650 | step_limit
Ep 1000 |  1000스텝 | 배송 24/50 | 재적재  3 | 정지 0.86 교착최장 741 | step_limit
  [홀드아웃] 배송 27.7±10.4 재적재 3.4 2홉+ 0.63 | 최고 36.1@ep550 정체 9/15
Ep 1001 |  1000스텝 | 배송 30/50 | 재적재  4 | 정지 0.80 교착최장 214 | step_limit
Ep 1002 |  1000스텝 | 배송 22/50 | 재적재  2 | 정지 0.88 교착최장 794 | step_limit
Ep 1003 |  1000스텝 | 배송 26/50 | 재적재  3 | 정지 0.79 교착최장 406 | step_limit
Ep 1004 |  1000스텝 | 배송 36/50 | 재적재  5 | 정지 0.72 교착최장 218 | step_limit
Ep 1005 |  1000스텝 | 배송 22/50 | 재적재  2 | 정지 0.86 교착최장 553 | step_limit
Ep 1006 |  1000스텝 | 배송 23/50 | 재적재  3 | 정지 0.84 교착최장 383 | step_limit
Ep 1007 |  1000스텝 | 배송 24/50 | 재적재  3 | 정지 0.84 교착최장 360 | step_limit
Ep 1008 |  1000스텝 | 배송 27/50 | 재적재  2 | 정지 0.83 교착최장 414 | step_limit
Ep 1009 |  1000스텝 | 배송 43/50 | 재적재  7 | 정지 0.61 교착최장 144 | step_limit
Ep 1010 |  1000스텝 | 배송 33/50 | 재적재  3 | 정지 0.76 교착최장 267 | step_limit
Ep 1011 |  1000스텝 | 배송 25/50 | 재적재  3 | 정지 0.84 교착최장 536 | step_limit
Ep 1012 |  1000스텝 | 배송 21/50 | 재적재  2 | 정지 0.86 교착최장 506 | step_limit
Ep 1013 |  1000스텝 | 배송 34/50 | 재적재  5 | 정지 0.71 교착최장 184 | step_limit
Ep 1014 |  1000스텝 | 배송 21/50 | 재적재  1 | 정지 0.89 교착최장 615 | step_limit
Ep 1015 |  1000스텝 | 배송 24/50 | 재적재  3 | 정지 0.84 교착최장 188 | step_limit
Ep 1016 |  1000스텝 | 배송 37/50 | 재적재  5 | 정지 0.66 교착최장  98 | step_limit
Ep 1017 |  1000스텝 | 배송 34/50 | 재적재  5 | 정지 0.70 교착최장 195 | step_limit
Ep 1018 |  1000스텝 | 배송 24/50 | 재적재  3 | 정지 0.82 교착최장 609 | step_limit
Ep 1019 |  1000스텝 | 배송 16/50 | 재적재  0 | 정지 0.93 교착최장 871 | step_limit
Ep 1020 |  1000스텝 | 배송 35/50 | 재적재  4 | 정지 0.77 교착최장 387 | step_limit
Ep 1021 |  1000스텝 | 배송 16/50 | 재적재  0 | 정지 0.93 교착최장 718 | step_limit
Ep 1022 |  1000스텝 | 배송 16/50 | 재적재  1 | 정지 0.91 교착최장 579 | step_limit
Ep 1023 |  1000스텝 | 배송 22/50 | 재적재  2 | 정지 0.86 교착최장 790 | step_limit
Ep 1024 |  1000스텝 | 배송 39/50 | 재적재  6 | 정지 0.65 교착최장 213 | step_limit
Ep 1025 |  1000스텝 | 배송 19/50 | 재적재  1 | 정지 0.88 교착최장 444 | step_limit
Ep 1026 |  1000스텝 | 배송 25/50 | 재적재  4 | 정지 0.84 교착최장 756 | step_limit
Ep 1027 |  1000스텝 | 배송 19/50 | 재적재  2 | 정지 0.86 교착최장 394 | step_limit
Ep 1028 |  1000스텝 | 배송 31/50 | 재적재  4 | 정지 0.78 교착최장 234 | step_limit
Ep 1029 |  1000스텝 | 배송 27/50 | 재적재  3 | 정지 0.81 교착최장 484 | step_limit
Ep 1030 |  1000스텝 | 배송 21/50 | 재적재  3 | 정지 0.87 교착최장 642 | step_limit
Ep 1031 |  1000스텝 | 배송 23/50 | 재적재  2 | 정지 0.82 교착최장 209 | step_limit
Ep 1032 |  1000스텝 | 배송 23/50 | 재적재  3 | 정지 0.82 교착최장 695 | step_limit
Ep 1033 |  1000스텝 | 배송 21/50 | 재적재  2 | 정지 0.85 교착최장 485 | step_limit
Ep 1034 |  1000스텝 | 배송 24/50 | 재적재  3 | 정지 0.81 교착최장 256 | step_limit
Ep 1035 |  1000스텝 | 배송 24/50 | 재적재  3 | 정지 0.87 교착최장 715 | step_limit
Ep 1036 |  1000스텝 | 배송 33/50 | 재적재  5 | 정지 0.73 교착최장 165 | step_limit
Ep 1037 |  1000스텝 | 배송 41/50 | 재적재  6 | 정지 0.61 교착최장 117 | step_limit
Ep 1038 |  1000스텝 | 배송 22/50 | 재적재  3 | 정지 0.85 교착최장 752 | step_limit
Ep 1039 |  1000스텝 | 배송 24/50 | 재적재  2 | 정지 0.86 교착최장 613 | step_limit
Ep 1040 |  1000스텝 | 배송 22/50 | 재적재  2 | 정지 0.86 교착최장 610 | step_limit
Ep 1041 |  1000스텝 | 배송 18/50 | 재적재  1 | 정지 0.91 교착최장 853 | step_limit
Ep 1042 |  1000스텝 | 배송 17/50 | 재적재  1 | 정지 0.90 교착최장 682 | step_limit
Ep 1043 |  1000스텝 | 배송 24/50 | 재적재  2 | 정지 0.85 교착최장 215 | step_limit
Ep 1044 |  1000스텝 | 배송 19/50 | 재적재  1 | 정지 0.90 교착최장 784 | step_limit
Ep 1045 |  1000스텝 | 배송 24/50 | 재적재  2 | 정지 0.83 교착최장 532 | step_limit
Ep 1046 |  1000스텝 | 배송 22/50 | 재적재  4 | 정지 0.83 교착최장 392 | step_limit
Ep 1047 |  1000스텝 | 배송 18/50 | 재적재  1 | 정지 0.91 교착최장 338 | step_limit
Ep 1048 |  1000스텝 | 배송 20/50 | 재적재  2 | 정지 0.87 교착최장 655 | step_limit
Ep 1049 |  1000스텝 | 배송 18/50 | 재적재  1 | 정지 0.88 교착최장 450 | step_limit
Ep 1050 |  1000스텝 | 배송 15/50 | 재적재  0 | 정지 0.94 교착최장 859 | step_limit
  [홀드아웃] 배송 31.6±9.1 재적재 4.6 2홉+ 0.64 | 최고 36.1@ep550 정체 10/15
Ep 1051 |  1000스텝 | 배송 28/50 | 재적재  4 | 정지 0.81 교착최장 455 | step_limit
Ep 1052 |  1000스텝 | 배송 34/50 | 재적재  5 | 정지 0.71 교착최장 174 | step_limit
Ep 1053 |  1000스텝 | 배송 36/50 | 재적재  5 | 정지 0.71 교착최장 297 | step_limit
Ep 1054 |  1000스텝 | 배송 25/50 | 재적재  3 | 정지 0.83 교착최장 301 | step_limit
Ep 1055 |  1000스텝 | 배송 22/50 | 재적재  2 | 정지 0.86 교착최장 637 | step_limit
Ep 1056 |  1000스텝 | 배송 18/50 | 재적재  1 | 정지 0.91 교착최장 757 | step_limit
Ep 1057 |  1000스텝 | 배송 16/50 | 재적재  0 | 정지 0.92 교착최장 773 | step_limit
Ep 1058 |  1000스텝 | 배송 23/50 | 재적재  3 | 정지 0.84 교착최장 514 | step_limit
Ep 1059 |  1000스텝 | 배송 30/50 | 재적재  4 | 정지 0.77 교착최장 363 | step_limit
Ep 1060 |  1000스텝 | 배송 30/50 | 재적재  4 | 정지 0.80 교착최장 618 | step_limit
Ep 1061 |  1000스텝 | 배송 21/50 | 재적재  2 | 정지 0.88 교착최장 735 | step_limit
Ep 1062 |  1000스텝 | 배송 27/50 | 재적재  3 | 정지 0.82 교착최장 608 | step_limit
Ep 1063 |  1000스텝 | 배송 25/50 | 재적재  3 | 정지 0.80 교착최장 439 | step_limit
Ep 1064 |  1000스텝 | 배송 25/50 | 재적재  2 | 정지 0.86 교착최장 524 | step_limit
Ep 1065 |  1000스텝 | 배송 20/50 | 재적재  2 | 정지 0.87 교착최장 744 | step_limit
Ep 1066 |  1000스텝 | 배송 21/50 | 재적재  2 | 정지 0.86 교착최장 719 | step_limit
Ep 1067 |  1000스텝 | 배송 24/50 | 재적재  3 | 정지 0.83 교착최장 606 | step_limit
Ep 1068 |  1000스텝 | 배송 20/50 | 재적재  2 | 정지 0.87 교착최장 763 | step_limit
Ep 1069 |  1000스텝 | 배송 37/50 | 재적재  6 | 정지 0.68 교착최장 160 | step_limit
Ep 1070 |  1000스텝 | 배송 22/50 | 재적재  3 | 정지 0.84 교착최장 479 | step_limit
Ep 1071 |  1000스텝 | 배송 23/50 | 재적재  3 | 정지 0.85 교착최장 435 | step_limit
Ep 1072 |  1000스텝 | 배송 26/50 | 재적재  4 | 정지 0.80 교착최장 621 | step_limit
Ep 1073 |  1000스텝 | 배송 35/50 | 재적재  6 | 정지 0.70 교착최장 129 | step_limit
Ep 1074 |  1000스텝 | 배송 25/50 | 재적재  3 | 정지 0.84 교착최장 468 | step_limit
Ep 1075 |  1000스텝 | 배송 27/50 | 재적재  3 | 정지 0.81 교착최장 450 | step_limit
Ep 1076 |  1000스텝 | 배송 18/50 | 재적재  1 | 정지 0.88 교착최장 691 | step_limit
Ep 1077 |  1000스텝 | 배송 25/50 | 재적재  3 | 정지 0.83 교착최장 543 | step_limit
Ep 1078 |  1000스텝 | 배송 24/50 | 재적재  3 | 정지 0.83 교착최장 696 | step_limit
Ep 1079 |  1000스텝 | 배송 30/50 | 재적재  4 | 정지 0.79 교착최장 284 | step_limit
Ep 1080 |  1000스텝 | 배송 25/50 | 재적재  3 | 정지 0.83 교착최장 751 | step_limit
Ep 1081 |  1000스텝 | 배송 36/50 | 재적재  5 | 정지 0.72 교착최장 417 | step_limit
Ep 1082 |  1000스텝 | 배송 23/50 | 재적재  1 | 정지 0.87 교착최장 305 | step_limit
Ep 1083 |  1000스텝 | 배송 22/50 | 재적재  2 | 정지 0.88 교착최장 802 | step_limit
Ep 1084 |  1000스텝 | 배송 26/50 | 재적재  3 | 정지 0.85 교착최장 477 | step_limit
Ep 1085 |  1000스텝 | 배송 13/50 | 재적재  0 | 정지 0.94 교착최장 799 | step_limit
Ep 1086 |  1000스텝 | 배송 22/50 | 재적재  2 | 정지 0.87 교착최장 776 | step_limit
Ep 1087 |  1000스텝 | 배송 24/50 | 재적재  3 | 정지 0.84 교착최장 739 | step_limit
Ep 1088 |  1000스텝 | 배송 23/50 | 재적재  2 | 정지 0.87 교착최장 295 | step_limit
Ep 1089 |  1000스텝 | 배송 27/50 | 재적재  3 | 정지 0.83 교착최장 536 | step_limit
Ep 1090 |  1000스텝 | 배송 35/50 | 재적재  5 | 정지 0.76 교착최장 283 | step_limit
Ep 1091 |  1000스텝 | 배송 22/50 | 재적재  2 | 정지 0.88 교착최장 602 | step_limit
Ep 1092 |  1000스텝 | 배송 14/50 | 재적재  0 | 정지 0.94 교착최장 796 | step_limit
Ep 1093 |  1000스텝 | 배송 32/50 | 재적재  5 | 정지 0.74 교착최장 205 | step_limit
Ep 1094 |  1000스텝 | 배송 30/50 | 재적재  5 | 정지 0.74 교착최장 457 | step_limit
Ep 1095 |  1000스텝 | 배송 19/50 | 재적재  1 | 정지 0.89 교착최장 325 | step_limit
Ep 1096 |  1000스텝 | 배송 16/50 | 재적재  1 | 정지 0.91 교착최장 835 | step_limit
Ep 1097 |  1000스텝 | 배송 12/50 | 재적재  0 | 정지 0.94 교착최장 755 | step_limit
Ep 1098 |  1000스텝 | 배송 34/50 | 재적재  5 | 정지 0.73 교착최장 181 | step_limit
Ep 1099 |  1000스텝 | 배송 25/50 | 재적재  3 | 정지 0.83 교착최장 254 | step_limit
Ep 1100 |  1000스텝 | 배송 16/50 | 재적재  1 | 정지 0.92 교착최장 808 | step_limit
  [홀드아웃] 배송 29.2±7.3 재적재 3.6 2홉+ 0.62 | 최고 36.1@ep550 정체 11/15
Ep 1101 |  1000스텝 | 배송 27/50 | 재적재  4 | 정지 0.80 교착최장 170 | step_limit
Ep 1102 |  1000스텝 | 배송 34/50 | 재적재  4 | 정지 0.76 교착최장 128 | step_limit
Ep 1103 |  1000스텝 | 배송 34/50 | 재적재  4 | 정지 0.75 교착최장 364 | step_limit
Ep 1104 |  1000스텝 | 배송 39/50 | 재적재  5 | 정지 0.71 교착최장 156 | step_limit
Ep 1105 |  1000스텝 | 배송 25/50 | 재적재  3 | 정지 0.83 교착최장 587 | step_limit
Ep 1106 |  1000스텝 | 배송 26/50 | 재적재  3 | 정지 0.83 교착최장 560 | step_limit
Ep 1107 |  1000스텝 | 배송 31/50 | 재적재  4 | 정지 0.79 교착최장 263 | step_limit
Ep 1108 |  1000스텝 | 배송 25/50 | 재적재  2 | 정지 0.84 교착최장 269 | step_limit
Ep 1109 |  1000스텝 | 배송 19/50 | 재적재  1 | 정지 0.89 교착최장 720 | step_limit
Ep 1110 |  1000스텝 | 배송 25/50 | 재적재  3 | 정지 0.83 교착최장 617 | step_limit
Ep 1111 |  1000스텝 | 배송 21/50 | 재적재  3 | 정지 0.86 교착최장 773 | step_limit
Ep 1112 |  1000스텝 | 배송 23/50 | 재적재  2 | 정지 0.86 교착최장 441 | step_limit
Ep 1113 |  1000스텝 | 배송 33/50 | 재적재  4 | 정지 0.76 교착최장 243 | step_limit
Ep 1114 |  1000스텝 | 배송 26/50 | 재적재  3 | 정지 0.83 교착최장 509 | step_limit
Ep 1115 |  1000스텝 | 배송 30/50 | 재적재  5 | 정지 0.76 교착최장 197 | step_limit
Ep 1116 |  1000스텝 | 배송 45/50 | 재적재  7 | 정지 0.57 교착최장  75 | step_limit
Ep 1117 |  1000스텝 | 배송 38/50 | 재적재  6 | 정지 0.71 교착최장 228 | step_limit
Ep 1118 |  1000스텝 | 배송 12/50 | 재적재  0 | 정지 0.94 교착최장 844 | step_limit
Ep 1119 |  1000스텝 | 배송 29/50 | 재적재  3 | 정지 0.80 교착최장 216 | step_limit
Ep 1120 |  1000스텝 | 배송 18/50 | 재적재  1 | 정지 0.92 교착최장 776 | step_limit
Ep 1121 |  1000스텝 | 배송 21/50 | 재적재  2 | 정지 0.86 교착최장 621 | step_limit
Ep 1122 |  1000스텝 | 배송 26/50 | 재적재  3 | 정지 0.83 교착최장 421 | step_limit
Ep 1123 |  1000스텝 | 배송 26/50 | 재적재  3 | 정지 0.82 교착최장 677 | step_limit
Ep 1124 |  1000스텝 | 배송 25/50 | 재적재  3 | 정지 0.85 교착최장 561 | step_limit
Ep 1125 |  1000스텝 | 배송 18/50 | 재적재  1 | 정지 0.88 교착최장 777 | step_limit
Ep 1126 |  1000스텝 | 배송 30/50 | 재적재  5 | 정지 0.74 교착최장 260 | step_limit
Ep 1127 |  1000스텝 | 배송 23/50 | 재적재  3 | 정지 0.85 교착최장 793 | step_limit
Ep 1128 |  1000스텝 | 배송 31/50 | 재적재  3 | 정지 0.75 교착최장 198 | step_limit
Ep 1129 |  1000스텝 | 배송 26/50 | 재적재  4 | 정지 0.82 교착최장 291 | step_limit
Ep 1130 |  1000스텝 | 배송 17/50 | 재적재  0 | 정지 0.92 교착최장 832 | step_limit
Ep 1131 |  1000스텝 | 배송 24/50 | 재적재  3 | 정지 0.83 교착최장 691 | step_limit
Ep 1132 |  1000스텝 | 배송 28/50 | 재적재  3 | 정지 0.82 교착최장 596 | step_limit
Ep 1133 |  1000스텝 | 배송 17/50 | 재적재  1 | 정지 0.92 교착최장 868 | step_limit
Ep 1134 |  1000스텝 | 배송 25/50 | 재적재  3 | 정지 0.83 교착최장 419 | step_limit
Ep 1135 |  1000스텝 | 배송 25/50 | 재적재  3 | 정지 0.83 교착최장 457 | step_limit
Ep 1136 |  1000스텝 | 배송 19/50 | 재적재  1 | 정지 0.88 교착최장 472 | step_limit
Ep 1137 |  1000스텝 | 배송 24/50 | 재적재  3 | 정지 0.85 교착최장 436 | step_limit
Ep 1138 |  1000스텝 | 배송 23/50 | 재적재  3 | 정지 0.85 교착최장 551 | step_limit
Ep 1139 |  1000스텝 | 배송 30/50 | 재적재  4 | 정지 0.78 교착최장 241 | step_limit
Ep 1140 |  1000스텝 | 배송 24/50 | 재적재  2 | 정지 0.87 교착최장 629 | step_limit
Ep 1141 |  1000스텝 | 배송 20/50 | 재적재  1 | 정지 0.89 교착최장 395 | step_limit
Ep 1142 |  1000스텝 | 배송 32/50 | 재적재  5 | 정지 0.69 교착최장 214 | step_limit
Ep 1143 |  1000스텝 | 배송 39/50 | 재적재  6 | 정지 0.66 교착최장 109 | step_limit
Ep 1144 |  1000스텝 | 배송 31/50 | 재적재  4 | 정지 0.79 교착최장 287 | step_limit
Ep 1145 |  1000스텝 | 배송 15/50 | 재적재  0 | 정지 0.93 교착최장 866 | step_limit
Ep 1146 |  1000스텝 | 배송 20/50 | 재적재  1 | 정지 0.91 교착최장 739 | step_limit
Ep 1147 |  1000스텝 | 배송 22/50 | 재적재  2 | 정지 0.86 교착최장 458 | step_limit
Ep 1148 |  1000스텝 | 배송 25/50 | 재적재  3 | 정지 0.84 교착최장 676 | step_limit
Ep 1149 |  1000스텝 | 배송 31/50 | 재적재  4 | 정지 0.73 교착최장  96 | step_limit
Ep 1150 |  1000스텝 | 배송 27/50 | 재적재  3 | 정지 0.81 교착최장 409 | step_limit
  [홀드아웃] 배송 26.8±7.1 재적재 3.3 2홉+ 0.64 | 최고 36.1@ep550 정체 12/15
Ep 1151 |  1000스텝 | 배송 44/50 | 재적재  7 | 정지 0.62 교착최장  49 | step_limit
Ep 1152 |  1000스텝 | 배송 19/50 | 재적재  1 | 정지 0.90 교착최장 835 | step_limit
Ep 1153 |  1000스텝 | 배송 13/50 | 재적재  0 | 정지 0.94 교착최장 848 | step_limit
Ep 1154 |  1000스텝 | 배송 36/50 | 재적재  5 | 정지 0.71 교착최장 145 | step_limit
Ep 1155 |  1000스텝 | 배송 23/50 | 재적재  3 | 정지 0.85 교착최장 495 | step_limit
Ep 1156 |  1000스텝 | 배송 30/50 | 재적재  3 | 정지 0.82 교착최장 378 | step_limit
Ep 1157 |  1000스텝 | 배송 35/50 | 재적재  4 | 정지 0.76 교착최장 149 | step_limit
Ep 1158 |  1000스텝 | 배송 21/50 | 재적재  2 | 정지 0.87 교착최장 613 | step_limit
Ep 1159 |  1000스텝 | 배송 23/50 | 재적재  2 | 정지 0.82 교착최장 225 | step_limit
Ep 1160 |  1000스텝 | 배송 24/50 | 재적재  3 | 정지 0.81 교착최장 512 | step_limit
Ep 1161 |  1000스텝 | 배송 22/50 | 재적재  3 | 정지 0.84 교착최장 516 | step_limit
Ep 1162 |  1000스텝 | 배송 26/50 | 재적재  3 | 정지 0.85 교착최장 579 | step_limit
Ep 1163 |  1000스텝 | 배송 32/50 | 재적재  4 | 정지 0.77 교착최장 193 | step_limit
Ep 1164 |  1000스텝 | 배송 25/50 | 재적재  2 | 정지 0.85 교착최장 706 | step_limit
Ep 1165 |  1000스텝 | 배송 15/50 | 재적재  0 | 정지 0.93 교착최장 785 | step_limit
Ep 1166 |  1000스텝 | 배송 20/50 | 재적재  1 | 정지 0.91 교착최장 719 | step_limit
Ep 1167 |  1000스텝 | 배송 22/50 | 재적재  3 | 정지 0.86 교착최장 769 | step_limit
Ep 1168 |  1000스텝 | 배송 25/50 | 재적재  3 | 정지 0.82 교착최장 657 | step_limit
Ep 1169 |  1000스텝 | 배송 40/50 | 재적재  6 | 정지 0.70 교착최장 238 | step_limit
Ep 1170 |  1000스텝 | 배송 21/50 | 재적재  2 | 정지 0.87 교착최장 647 | step_limit
Ep 1171 |  1000스텝 | 배송 23/50 | 재적재  2 | 정지 0.87 교착최장 394 | step_limit
Ep 1172 |  1000스텝 | 배송 46/50 | 재적재  8 | 정지 0.59 교착최장 253 | step_limit
Ep 1173 |  1000스텝 | 배송 24/50 | 재적재  3 | 정지 0.83 교착최장 477 | step_limit
Ep 1174 |  1000스텝 | 배송 25/50 | 재적재  3 | 정지 0.84 교착최장 290 | step_limit
Ep 1175 |  1000스텝 | 배송 23/50 | 재적재  2 | 정지 0.86 교착최장 372 | step_limit
Ep 1176 |  1000스텝 | 배송 33/50 | 재적재  5 | 정지 0.76 교착최장 458 | step_limit
Ep 1177 |  1000스텝 | 배송 15/50 | 재적재  0 | 정지 0.92 교착최장 779 | step_limit
Ep 1178 |  1000스텝 | 배송 27/50 | 재적재  4 | 정지 0.80 교착최장 659 | step_limit
Ep 1179 |  1000스텝 | 배송 26/50 | 재적재  2 | 정지 0.83 교착최장 313 | step_limit
Ep 1180 |  1000스텝 | 배송 24/50 | 재적재  2 | 정지 0.84 교착최장 221 | step_limit
Ep 1181 |  1000스텝 | 배송 17/50 | 재적재  1 | 정지 0.92 교착최장 849 | step_limit
Ep 1182 |  1000스텝 | 배송 32/50 | 재적재  4 | 정지 0.76 교착최장 202 | step_limit
Ep 1183 |  1000스텝 | 배송 36/50 | 재적재  5 | 정지 0.68 교착최장 237 | step_limit
Ep 1184 |  1000스텝 | 배송 22/50 | 재적재  2 | 정지 0.87 교착최장 468 | step_limit
Ep 1185 |  1000스텝 | 배송 27/50 | 재적재  3 | 정지 0.83 교착최장 599 | step_limit
Ep 1186 |  1000스텝 | 배송 31/50 | 재적재  4 | 정지 0.75 교착최장 249 | step_limit
Ep 1187 |  1000스텝 | 배송 26/50 | 재적재  3 | 정지 0.83 교착최장 339 | step_limit
Ep 1188 |  1000스텝 | 배송 18/50 | 재적재  0 | 정지 0.91 교착최장 752 | step_limit
Ep 1189 |  1000스텝 | 배송 22/50 | 재적재  2 | 정지 0.86 교착최장 743 | step_limit
Ep 1190 |  1000스텝 | 배송 26/50 | 재적재  3 | 정지 0.83 교착최장 650 | step_limit
Ep 1191 |  1000스텝 | 배송 15/50 | 재적재  1 | 정지 0.92 교착최장 870 | step_limit
Ep 1192 |  1000스텝 | 배송 26/50 | 재적재  4 | 정지 0.77 교착최장 196 | step_limit
Ep 1193 |  1000스텝 | 배송 22/50 | 재적재  2 | 정지 0.85 교착최장 705 | step_limit
Ep 1194 |  1000스텝 | 배송 24/50 | 재적재  2 | 정지 0.85 교착최장 203 | step_limit
Ep 1195 |  1000스텝 | 배송 17/50 | 재적재  0 | 정지 0.94 교착최장 838 | step_limit
Ep 1196 |  1000스텝 | 배송 27/50 | 재적재  3 | 정지 0.81 교착최장 509 | step_limit
Ep 1197 |  1000스텝 | 배송 34/50 | 재적재  5 | 정지 0.67 교착최장 159 | step_limit
Ep 1198 |  1000스텝 | 배송 21/50 | 재적재  2 | 정지 0.88 교착최장 707 | step_limit
Ep 1199 |  1000스텝 | 배송 16/50 | 재적재  0 | 정지 0.91 교착최장 818 | step_limit
Ep 1200 |  1000스텝 | 배송 18/50 | 재적재  2 | 정지 0.90 교착최장 655 | step_limit
  [홀드아웃] 배송 31.9±8.7 재적재 4.2 2홉+ 0.65 | 최고 36.1@ep550 정체 13/15
Ep 1201 |  1000스텝 | 배송 31/50 | 재적재  4 | 정지 0.77 교착최장 194 | step_limit
Ep 1202 |  1000스텝 | 배송 22/50 | 재적재  2 | 정지 0.86 교착최장 507 | step_limit
Ep 1203 |  1000스텝 | 배송 26/50 | 재적재  3 | 정지 0.81 교착최장 496 | step_limit
Ep 1204 |  1000스텝 | 배송 27/50 | 재적재  3 | 정지 0.80 교착최장 483 | step_limit
Ep 1205 |  1000스텝 | 배송 24/50 | 재적재  2 | 정지 0.81 교착최장 255 | step_limit
Ep 1206 |  1000스텝 | 배송 20/50 | 재적재  2 | 정지 0.88 교착최장 598 | step_limit
Ep 1207 |  1000스텝 | 배송 21/50 | 재적재  3 | 정지 0.86 교착최장 683 | step_limit
Ep 1208 |  1000스텝 | 배송 21/50 | 재적재  2 | 정지 0.88 교착최장 679 | step_limit
Ep 1209 |  1000스텝 | 배송 38/50 | 재적재  6 | 정지 0.59 교착최장  76 | step_limit
Ep 1210 |  1000스텝 | 배송 29/50 | 재적재  4 | 정지 0.80 교착최장 595 | step_limit
Ep 1211 |  1000스텝 | 배송 34/50 | 재적재  5 | 정지 0.73 교착최장 372 | step_limit
Ep 1212 |  1000스텝 | 배송 19/50 | 재적재  2 | 정지 0.88 교착최장 633 | step_limit
Ep 1213 |  1000스텝 | 배송 28/50 | 재적재  4 | 정지 0.81 교착최장 627 | step_limit
Ep 1214 |  1000스텝 | 배송 31/50 | 재적재  4 | 정지 0.77 교착최장 423 | step_limit
Ep 1215 |  1000스텝 | 배송 26/50 | 재적재  3 | 정지 0.81 교착최장 554 | step_limit
Ep 1216 |  1000스텝 | 배송 28/50 | 재적재  3 | 정지 0.81 교착최장 218 | step_limit
Ep 1217 |  1000스텝 | 배송 23/50 | 재적재  3 | 정지 0.86 교착최장 714 | step_limit
Ep 1218 |  1000스텝 | 배송 16/50 | 재적재  0 | 정지 0.93 교착최장 775 | step_limit
Ep 1219 |  1000스텝 | 배송 18/50 | 재적재  0 | 정지 0.90 교착최장 455 | step_limit
Ep 1220 |  1000스텝 | 배송 32/50 | 재적재  4 | 정지 0.75 교착최장 157 | step_limit
Ep 1221 |  1000스텝 | 배송 25/50 | 재적재  2 | 정지 0.84 교착최장 385 | step_limit
Ep 1222 |  1000스텝 | 배송 28/50 | 재적재  3 | 정지 0.82 교착최장 348 | step_limit
Ep 1223 |  1000스텝 | 배송 21/50 | 재적재  2 | 정지 0.87 교착최장 742 | step_limit
Ep 1224 |  1000스텝 | 배송 32/50 | 재적재  4 | 정지 0.76 교착최장 483 | step_limit
Ep 1225 |  1000스텝 | 배송 22/50 | 재적재  2 | 정지 0.86 교착최장 599 | step_limit
Ep 1226 |  1000스텝 | 배송 35/50 | 재적재  5 | 정지 0.71 교착최장 237 | step_limit
Ep 1227 |  1000스텝 | 배송 23/50 | 재적재  2 | 정지 0.89 교착최장 814 | step_limit
Ep 1228 |  1000스텝 | 배송 24/50 | 재적재  3 | 정지 0.85 교착최장 373 | step_limit
Ep 1229 |  1000스텝 | 배송 31/50 | 재적재  4 | 정지 0.79 교착최장 351 | step_limit
Ep 1230 |  1000스텝 | 배송 17/50 | 재적재  0 | 정지 0.92 교착최장 694 | step_limit
Ep 1231 |  1000스텝 | 배송 21/50 | 재적재  2 | 정지 0.86 교착최장 631 | step_limit
Ep 1232 |  1000스텝 | 배송 19/50 | 재적재  1 | 정지 0.90 교착최장 314 | step_limit
Ep 1233 |  1000스텝 | 배송 21/50 | 재적재  2 | 정지 0.88 교착최장 759 | step_limit
Ep 1234 |  1000스텝 | 배송 26/50 | 재적재  3 | 정지 0.84 교착최장 619 | step_limit
Ep 1235 |  1000스텝 | 배송 15/50 | 재적재  0 | 정지 0.94 교착최장 868 | step_limit
Ep 1236 |  1000스텝 | 배송 22/50 | 재적재  2 | 정지 0.87 교착최장 390 | step_limit
Ep 1237 |  1000스텝 | 배송 22/50 | 재적재  2 | 정지 0.87 교착최장 775 | step_limit
Ep 1238 |  1000스텝 | 배송 24/50 | 재적재  3 | 정지 0.85 교착최장 746 | step_limit
Ep 1239 |  1000스텝 | 배송 16/50 | 재적재  0 | 정지 0.93 교착최장 796 | step_limit
Ep 1240 |  1000스텝 | 배송 16/50 | 재적재  1 | 정지 0.91 교착최장 856 | step_limit
Ep 1241 |  1000스텝 | 배송 26/50 | 재적재  3 | 정지 0.84 교착최장 554 | step_limit
Ep 1242 |  1000스텝 | 배송 33/50 | 재적재  4 | 정지 0.74 교착최장 182 | step_limit
Ep 1243 |  1000스텝 | 배송 29/50 | 재적재  3 | 정지 0.80 교착최장 147 | step_limit
Ep 1244 |  1000스텝 | 배송 32/50 | 재적재  4 | 정지 0.75 교착최장 394 | step_limit
Ep 1245 |  1000스텝 | 배송 23/50 | 재적재  3 | 정지 0.87 교착최장 513 | step_limit
Ep 1246 |  1000스텝 | 배송 39/50 | 재적재  6 | 정지 0.67 교착최장 321 | step_limit
Ep 1247 |  1000스텝 | 배송 37/50 | 재적재  5 | 정지 0.69 교착최장 160 | step_limit
Ep 1248 |  1000스텝 | 배송 18/50 | 재적재  1 | 정지 0.89 교착최장 557 | step_limit
Ep 1249 |  1000스텝 | 배송 29/50 | 재적재  3 | 정지 0.79 교착최장 162 | step_limit
Ep 1250 |  1000스텝 | 배송 35/50 | 재적재  5 | 정지 0.71 교착최장  85 | step_limit
  [홀드아웃] 배송 32.2±11.6 재적재 4.2 2홉+ 0.64 | 최고 36.1@ep550 정체 14/15
Ep 1251 |  1000스텝 | 배송 26/50 | 재적재  4 | 정지 0.82 교착최장 416 | step_limit
Ep 1252 |  1000스텝 | 배송 30/50 | 재적재  5 | 정지 0.74 교착최장 215 | step_limit
Ep 1253 |  1000스텝 | 배송 17/50 | 재적재  0 | 정지 0.93 교착최장 856 | step_limit
Ep 1254 |  1000스텝 | 배송 22/50 | 재적재  2 | 정지 0.87 교착최장 676 | step_limit
Ep 1255 |  1000스텝 | 배송 29/50 | 재적재  4 | 정지 0.78 교착최장 199 | step_limit
Ep 1256 |  1000스텝 | 배송 25/50 | 재적재  2 | 정지 0.87 교착최장 612 | step_limit
Ep 1257 |  1000스텝 | 배송 19/50 | 재적재  1 | 정지 0.87 교착최장 349 | step_limit
Ep 1258 |  1000스텝 | 배송 28/50 | 재적재  3 | 정지 0.81 교착최장 222 | step_limit
Ep 1259 |  1000스텝 | 배송 23/50 | 재적재  2 | 정지 0.86 교착최장 584 | step_limit
Ep 1260 |  1000스텝 | 배송 25/50 | 재적재  3 | 정지 0.84 교착최장 718 | step_limit
Ep 1261 |  1000스텝 | 배송 16/50 | 재적재  0 | 정지 0.93 교착최장 455 | step_limit
Ep 1262 |  1000스텝 | 배송 21/50 | 재적재  2 | 정지 0.88 교착최장 705 | step_limit
Ep 1263 |  1000스텝 | 배송 25/50 | 재적재  2 | 정지 0.85 교착최장 537 | step_limit
Ep 1264 |  1000스텝 | 배송 38/50 | 재적재  6 | 정지 0.66 교착최장 103 | step_limit
Ep 1265 |  1000스텝 | 배송 20/50 | 재적재  2 | 정지 0.87 교착최장 638 | step_limit
Ep 1266 |  1000스텝 | 배송 34/50 | 재적재  5 | 정지 0.69 교착최장 111 | step_limit
Ep 1267 |  1000스텝 | 배송 38/50 | 재적재  6 | 정지 0.69 교착최장 157 | step_limit
Ep 1268 |  1000스텝 | 배송 32/50 | 재적재  5 | 정지 0.75 교착최장 364 | step_limit
Ep 1269 |  1000스텝 | 배송 16/50 | 재적재  0 | 정지 0.94 교착최장 847 | step_limit
Ep 1270 |  1000스텝 | 배송 25/50 | 재적재  3 | 정지 0.83 교착최장 514 | step_limit
Ep 1271 |  1000스텝 | 배송 21/50 | 재적재  3 | 정지 0.87 교착최장 718 | step_limit
Ep 1272 |  1000스텝 | 배송 23/50 | 재적재  2 | 정지 0.87 교착최장 379 | step_limit
Ep 1273 |  1000스텝 | 배송 18/50 | 재적재  1 | 정지 0.88 교착최장 781 | step_limit
Ep 1274 |  1000스텝 | 배송 24/50 | 재적재  2 | 정지 0.86 교착최장 427 | step_limit
Ep 1275 |  1000스텝 | 배송 22/50 | 재적재  2 | 정지 0.87 교착최장 715 | step_limit
Ep 1276 |  1000스텝 | 배송 15/50 | 재적재  0 | 정지 0.94 교착최장 847 | step_limit
Ep 1277 |  1000스텝 | 배송 25/50 | 재적재  3 | 정지 0.85 교착최장 544 | step_limit
Ep 1278 |  1000스텝 | 배송 35/50 | 재적재  5 | 정지 0.70 교착최장 302 | step_limit
Ep 1279 |  1000스텝 | 배송 20/50 | 재적재  3 | 정지 0.87 교착최장 473 | step_limit
Ep 1280 |  1000스텝 | 배송 25/50 | 재적재  3 | 정지 0.84 교착최장 439 | step_limit
Ep 1281 |  1000스텝 | 배송 24/50 | 재적재  2 | 정지 0.85 교착최장 641 | step_limit
Ep 1282 |  1000스텝 | 배송 25/50 | 재적재  2 | 정지 0.83 교착최장 423 | step_limit
Ep 1283 |  1000스텝 | 배송 25/50 | 재적재  3 | 정지 0.82 교착최장 339 | step_limit
Ep 1284 |  1000스텝 | 배송 27/50 | 재적재  3 | 정지 0.80 교착최장 214 | step_limit
Ep 1285 |  1000스텝 | 배송 27/50 | 재적재  4 | 정지 0.78 교착최장 367 | step_limit
Ep 1286 |  1000스텝 | 배송 28/50 | 재적재  4 | 정지 0.77 교착최장 170 | step_limit
Ep 1287 |  1000스텝 | 배송 24/50 | 재적재  3 | 정지 0.85 교착최장 733 | step_limit
Ep 1288 |  1000스텝 | 배송 22/50 | 재적재  3 | 정지 0.86 교착최장 739 | step_limit
Ep 1289 |  1000스텝 | 배송 22/50 | 재적재  2 | 정지 0.86 교착최장 730 | step_limit
Ep 1290 |  1000스텝 | 배송 17/50 | 재적재  0 | 정지 0.93 교착최장 870 | step_limit
Ep 1291 |  1000스텝 | 배송 21/50 | 재적재  2 | 정지 0.87 교착최장 718 | step_limit
Ep 1292 |  1000스텝 | 배송 23/50 | 재적재  2 | 정지 0.84 교착최장 599 | step_limit
Ep 1293 |  1000스텝 | 배송 29/50 | 재적재  4 | 정지 0.75 교착최장 181 | step_limit
Ep 1294 |  1000스텝 | 배송 24/50 | 재적재  2 | 정지 0.85 교착최장 612 | step_limit
Ep 1295 |  1000스텝 | 배송 38/50 | 재적재  5 | 정지 0.69 교착최장  79 | step_limit
Ep 1296 |  1000스텝 | 배송 27/50 | 재적재  3 | 정지 0.83 교착최장 451 | step_limit
Ep 1297 |  1000스텝 | 배송 16/50 | 재적재  1 | 정지 0.92 교착최장 857 | step_limit
Ep 1298 |  1000스텝 | 배송 27/50 | 재적재  3 | 정지 0.82 교착최장 329 | step_limit
Ep 1299 |  1000스텝 | 배송 25/50 | 재적재  3 | 정지 0.85 교착최장 630 | step_limit
Ep 1300 |  1000스텝 | 배송 26/50 | 재적재  4 | 정지 0.81 교착최장 312 | step_limit
  [홀드아웃] 배송 30.7±10.3 재적재 3.9 2홉+ 0.66 | 최고 36.1@ep550 정체 15/15

조기 종료. 최고 36.1@ep550
Training finished. best=36.1 @ ep550
