[2026-09-12 08:07:25] === 1/3: 이전 챔피언, 좁은 예산 (무배송 200, 300 롤아웃) ===
pygame 2.6.1 (SDL 2.28.4, Python 3.10.19)
  규칙상위 + 직진하위 (= greedy): 22.86/50
  규칙상위 + 직진 (중계1대 고정): 14.37/50
  규칙상위 + 직진 (중계2대 고정): 8.8/50
  학습상위 + 학습하위 (v3_26_09_04_15_m_s1): 26.67/50
  학습상위 + 학습하위 (v3_26_09_04_15_m_s2): 27.15/50
  학습상위 + 학습하위 (v3_26_09_07_17_m_s1): 18.25/50
  학습상위 + 학습하위 (v3_26_09_07_17_m_s2): 15.14/50
  학습상위 + 학습하위 (v3_26_09_10_12_g99): 17.74/50

홀드아웃 60개 × 5회 = 롤아웃 300개 (시드 101~160), 반경 300

method                            | delivered | sd   | se   | reloads | idle | hop2plus | reach | blocked | stall | maxstall | steps | comm_loss | full | full_pct | makespan | mk_sd
----------------------------------------------------------------------------------------------------------------------------------------------------------------------------------------
규칙상위 + 직진하위 (= greedy)            | 22.86     | 8.7  | 0.5  | 2.03    | 0.0  | 0.568    | 653.0 | 724.0   | 0.649 | 100.0    | 344.0 | 0         | 0    | 0.0      | -        | -    
규칙상위 + 직진 (중계1대 고정)               | 14.37     | 6.1  | 0.35 | 1.06    | 1.0  | 0.343    | 529.0 | 374.0   | 0.652 | 100.0    | 245.0 | 0         | 0    | 0.0      | -        | -    
규칙상위 + 직진 (중계2대 고정)               | 8.8       | 3.55 | 0.21 | 0.43    | 2.0  | 0.179    | 429.0 | 234.0   | 0.689 | 100.0    | 218.0 | 0         | 0    | 0.0      | -        | -    
학습상위 + 학습하위 (v3_26_09_04_15_m_s1) | 26.67     | 7.98 | 0.46 | 2.91    | 0.04 | 0.604    | 791.0 | 761.0   | 0.222 | 40.0     | 888.0 | 0         | 0    | 0.0      | -        | -    
학습상위 + 학습하위 (v3_26_09_04_15_m_s2) | 27.15     | 7.51 | 0.43 | 3.1     | 0.01 | 0.592    | 788.0 | 736.0   | 0.202 | 33.0     | 944.0 | 0         | 0    | 0.0      | -        | -    
학습상위 + 학습하위 (v3_26_09_07_17_m_s1) | 18.25     | 7.22 | 0.42 | 1.84    | 0.24 | 0.418    | 600.0 | 463.0   | 0.17  | 27.0     | 747.0 | 0         | 0    | 0.0      | -        | -    
학습상위 + 학습하위 (v3_26_09_07_17_m_s2) | 15.14     | 7.89 | 0.46 | 0.88    | 0.46 | 0.414    | 595.0 | 501.0   | 0.181 | 33.0     | 675.0 | 0         | 0    | 0.0      | -        | -    
학습상위 + 학습하위 (v3_26_09_10_12_g99)  | 17.74     | 6.67 | 0.39 | 1.23    | 0.23 | 0.448    | 618.0 | 566.0   | 0.21  | 38.0     | 704.0 | 0         | 0    | 0.0      | -        | -    

저장: /home/kopt/drone/figures/eval_v3_prior_tight_26_09_12_08.csv
[2026-09-12 08:29:02] === 2/3: 이전 챔피언, 여유 예산 (무배송 4000, 120 롤아웃) ===
pygame 2.6.1 (SDL 2.28.4, Python 3.10.19)
  규칙상위 + 직진하위 (= greedy): 23.25/50
  규칙상위 + 직진 (중계1대 고정): 14.72/50
  규칙상위 + 직진 (중계2대 고정): 8.79/50
  학습상위 + 학습하위 (v3_26_09_04_15_m_s1): 30.79/50
  학습상위 + 학습하위 (v3_26_09_04_15_m_s2): 32.0/50
  학습상위 + 학습하위 (v3_26_09_07_17_m_s1): 25.65/50
  학습상위 + 학습하위 (v3_26_09_07_17_m_s2): 20.82/50
  학습상위 + 학습하위 (v3_26_09_10_12_g99): 23.35/50

홀드아웃 60개 × 2회 = 롤아웃 120개 (시드 101~160), 반경 300

method                            | delivered | sd   | se   | reloads | idle | hop2plus | reach | blocked | stall | maxstall | steps  | comm_loss | full | full_pct | makespan | mk_sd
-----------------------------------------------------------------------------------------------------------------------------------------------------------------------------------------
규칙상위 + 직진하위 (= greedy)            | 23.25     | 8.97 | 0.82 | 2.17    | 0.0  | 0.613    | 651.0 | 1567.0  | 0.798 | 300.0    | 559.0  | 0         | 0    | 0.0      | -        | -    
규칙상위 + 직진 (중계1대 고정)               | 14.72     | 6.12 | 0.56 | 1.15    | 1.0  | 0.372    | 535.0 | 995.0   | 0.826 | 300.0    | 456.0  | 0         | 0    | 0.0      | -        | -    
규칙상위 + 직진 (중계2대 고정)               | 8.79      | 3.55 | 0.32 | 0.43    | 2.0  | 0.204    | 428.0 | 634.0   | 0.855 | 300.0    | 418.0  | 0         | 0    | 0.0      | -        | -    
학습상위 + 학습하위 (v3_26_09_04_15_m_s1) | 30.79     | 7.66 | 0.7  | 3.81    | 0.02 | 0.654    | 859.0 | 3591.0  | 0.408 | 278.0    | 2360.0 | 0         | 0    | 0.0      | -        | -    
학습상위 + 학습하위 (v3_26_09_04_15_m_s2) | 32.0      | 6.7  | 0.61 | 3.98    | 0.0  | 0.649    | 868.0 | 3760.0  | 0.38  | 264.0    | 2554.0 | 0         | 0    | 0.0      | -        | -    
학습상위 + 학습하위 (v3_26_09_07_17_m_s1) | 25.65     | 6.18 | 0.56 | 3.41    | 0.02 | 0.472    | 718.0 | 4331.0  | 0.312 | 272.0    | 4004.0 | 0         | 0    | 0.0      | -        | -    
학습상위 + 학습하위 (v3_26_09_07_17_m_s2) | 20.82     | 7.5  | 0.68 | 1.7     | 0.05 | 0.551    | 687.0 | 3910.0  | 0.419 | 285.0    | 2399.0 | 0         | 0    | 0.0      | -        | -    
학습상위 + 학습하위 (v3_26_09_10_12_g99)  | 23.35     | 9.63 | 0.88 | 2.54    | 0.09 | 0.544    | 707.0 | 3355.0  | 0.423 | 284.0    | 2288.0 | 0         | 0    | 0.0      | -        | -    

저장: /home/kopt/drone/figures/eval_v3_prior_loose_26_09_12_08.csv
[2026-09-12 09:04:05] === 3/3: 이번 조합, 여유 예산 표본 확대 (120 롤아웃) ===
pygame 2.6.1 (SDL 2.28.4, Python 3.10.19)
  규칙상위 + 직진하위 (= greedy): 23.14/50
  규칙상위 + 직진 (중계1대 고정): 14.5/50
  규칙상위 + 직진 (중계2대 고정): 8.78/50
  학습상위 + 학습하위 (v3_26_09_10_12_g99): 24.77/50
  학습상위 + 학습하위 (v3_26_09_10_12_s1k): 20.02/50
  학습상위 + 학습하위 (v3_26_09_10_12_mk_ep850): 22.9/50
  학습상위 + 학습하위 (v3_26_09_11_11_mk2k): 22.51/50

홀드아웃 60개 × 2회 = 롤아웃 120개 (시드 101~160), 반경 300

method                                | delivered | sd   | se   | reloads | idle | hop2plus | reach | blocked | stall | maxstall | steps  | comm_loss | full | full_pct | makespan | mk_sd
---------------------------------------------------------------------------------------------------------------------------------------------------------------------------------------------
규칙상위 + 직진하위 (= greedy)                | 23.14     | 9.04 | 0.83 | 2.16    | 0.0  | 0.608    | 649.0 | 1569.0  | 0.8   | 300.0    | 558.0  | 0         | 0    | 0.0      | -        | -    
규칙상위 + 직진 (중계1대 고정)                   | 14.5      | 6.1  | 0.56 | 1.05    | 1.0  | 0.377    | 532.0 | 994.0   | 0.83  | 300.0    | 453.0  | 0         | 0    | 0.0      | -        | -    
규칙상위 + 직진 (중계2대 고정)                   | 8.78      | 3.55 | 0.32 | 0.43    | 2.0  | 0.204    | 428.0 | 634.0   | 0.855 | 300.0    | 417.0  | 0         | 0    | 0.0      | -        | -    
학습상위 + 학습하위 (v3_26_09_10_12_g99)      | 24.77     | 8.5  | 0.78 | 2.77    | 0.05 | 0.546    | 730.0 | 4640.0  | 0.436 | 272.0    | 2830.0 | 0         | 0    | 0.0      | -        | -    
학습상위 + 학습하위 (v3_26_09_10_12_s1k)      | 20.02     | 4.31 | 0.39 | 1.55    | 0.06 | 0.596    | 659.0 | 2437.0  | 0.37  | 242.0    | 2220.0 | 0         | 0    | 0.0      | -        | -    
학습상위 + 학습하위 (v3_26_09_10_12_mk_ep850) | 22.9      | 8.03 | 0.73 | 2.38    | 0.06 | 0.561    | 729.0 | 3995.0  | 0.438 | 288.0    | 2380.0 | 0         | 0    | 0.0      | -        | -    
학습상위 + 학습하위 (v3_26_09_11_11_mk2k)     | 22.51     | 7.03 | 0.64 | 2.17    | 0.03 | 0.559    | 721.0 | 4268.0  | 0.426 | 282.0    | 2747.0 | 0         | 0    | 0.0      | -        | -    

저장: /home/kopt/drone/figures/eval_v3_loose120_26_09_12_08.csv
[2026-09-12 09:33:37] === 완료 ===
