[2026-09-12 19:11:00] === 1/2: 여유 예산 120 롤아웃, 결정론 추론 (대조군) ===
pygame 2.6.1 (SDL 2.28.4, Python 3.10.19)
  규칙상위 + 직진하위 (= greedy): 23.02/50
  규칙상위 + 직진 (중계1대 고정): 14.61/50
  규칙상위 + 직진 (중계2대 고정): 8.78/50
  학습상위 + 학습하위 (v3_26_09_12_09_term): 30.44/50
  학습상위 + 학습하위 (v3_26_09_04_15_m_s1): 31.17/50
  학습상위 + 학습하위 (v3_26_09_04_15_m_s2): 31.96/50

홀드아웃 60개 × 2회 = 롤아웃 120개 (시드 101~160), 반경 300

method                            | delivered | sd   | se   | reloads | idle | hop2plus | reach | blocked | stall | maxstall | steps  | comm_loss | full | full_pct | makespan | mk_sd
-----------------------------------------------------------------------------------------------------------------------------------------------------------------------------------------
규칙상위 + 직진하위 (= greedy)            | 23.02     | 8.95 | 0.82 | 2.1     | 0.0  | 0.609    | 649.0 | 1549.0  | 0.799 | 300.0    | 552.0  | 0         | 0    | 0.0      | -        | -    
규칙상위 + 직진 (중계1대 고정)               | 14.61     | 6.07 | 0.55 | 1.08    | 1.0  | 0.375    | 533.0 | 993.0   | 0.829 | 300.0    | 454.0  | 0         | 0    | 0.0      | -        | -    
규칙상위 + 직진 (중계2대 고정)               | 8.78      | 3.55 | 0.32 | 0.43    | 2.0  | 0.204    | 428.0 | 634.0   | 0.855 | 300.0    | 417.0  | 0         | 0    | 0.0      | -        | -    
학습상위 + 학습하위 (v3_26_09_12_09_term) | 30.44     | 4.56 | 0.42 | 3.67    | 0.0  | 0.664    | 805.0 | 4090.0  | 0.386 | 254.0    | 2731.0 | 0         | 0    | 0.0      | -        | -    
학습상위 + 학습하위 (v3_26_09_04_15_m_s1) | 31.17     | 6.61 | 0.6  | 3.94    | 0.0  | 0.664    | 860.0 | 4052.0  | 0.407 | 255.0    | 2606.0 | 0         | 0    | 0.0      | -        | -    
학습상위 + 학습하위 (v3_26_09_04_15_m_s2) | 31.96     | 6.55 | 0.6  | 4.04    | 0.0  | 0.655    | 880.0 | 4554.0  | 0.391 | 250.0    | 2942.0 | 0         | 0    | 0.0      | -        | -    

저장: /home/kopt/drone/figures/eval_v3_det120_26_09_12_19.csv
[2026-09-12 19:33:19] === 2/2: 여유 예산 120 롤아웃, 확률 샘플링 추론 ===
pygame 2.6.1 (SDL 2.28.4, Python 3.10.19)
  규칙상위 + 직진하위 (= greedy): 22.68/50
  규칙상위 + 직진 (중계1대 고정): 14.57/50
  규칙상위 + 직진 (중계2대 고정): 8.79/50
  학습상위 + 학습하위 (v3_26_09_12_09_term): 34.69/50
  학습상위 + 학습하위 (v3_26_09_04_15_m_s1): 42.4/50
  학습상위 + 학습하위 (v3_26_09_04_15_m_s2): 42.31/50

홀드아웃 60개 × 2회 = 롤아웃 120개 (시드 101~160), 반경 300

method                            | delivered | sd   | se   | reloads | idle | hop2plus | reach  | blocked | stall | maxstall | steps  | comm_loss | full | full_pct | makespan | mk_sd 
-------------------------------------------------------------------------------------------------------------------------------------------------------------------------------------------
규칙상위 + 직진하위 (= greedy)            | 22.68     | 8.5  | 0.78 | 1.99    | 0.0  | 0.601    | 646.0  | 1549.0  | 0.802 | 300.0    | 548.0  | 0         | 0    | 0.0      | -        | -     
규칙상위 + 직진 (중계1대 고정)               | 14.57     | 6.11 | 0.56 | 1.08    | 1.0  | 0.375    | 533.0  | 994.0   | 0.829 | 300.0    | 454.0  | 0         | 0    | 0.0      | -        | -     
규칙상위 + 직진 (중계2대 고정)               | 8.79      | 3.55 | 0.32 | 0.43    | 2.0  | 0.204    | 428.0  | 634.0   | 0.855 | 300.0    | 418.0  | 0         | 0    | 0.0      | -        | -     
학습상위 + 학습하위 (v3_26_09_12_09_term) | 34.69     | 3.93 | 0.36 | 4.14    | 0.0  | 0.712    | 869.0  | 9195.0  | 0.37  | 89.0     | 6289.0 | 0         | 0    | 0.0      | -        | -     
학습상위 + 학습하위 (v3_26_09_04_15_m_s1) | 42.4      | 3.58 | 0.33 | 6.82    | 0.0  | 0.712    | 1006.0 | 13183.0 | 0.391 | 77.0     | 7748.0 | 0         | 4    | 3.3      | 8146.0   | 2107.0
학습상위 + 학습하위 (v3_26_09_04_15_m_s2) | 42.31     | 3.61 | 0.33 | 6.47    | 0.0  | 0.711    | 994.0  | 10919.0 | 0.315 | 44.0     | 7709.0 | 0         | 1    | 0.8      | 10980.0  | 0.0   

저장: /home/kopt/drone/figures/eval_v3_stoch120_26_09_12_19.csv
[2026-09-12 20:22:57] === 완료 ===
