/home/kopt/enter/envs/wsl_neuroMCTS/lib/python3.10/site-packages/pygame/pkgdata.py:25: UserWarning: pkg_resources is deprecated as an API. See https://setuptools.pypa.io/en/latest/pkg_resources.html. The pkg_resources package is slated for removal as early as 2025-11-30. Refrain from using this package or pin to Setuptools<81.
  from pkg_resources import resource_stream, resource_exists
pygame 2.6.1 (SDL 2.28.4, Python 3.10.19)
Hello from the pygame community. https://www.pygame.org/contribute.html
집합 상위 학습 | 반경 300 상한 1000 무배송 500 gamma 0.997 구성=무작위 드론[3, 4] 목적지[20, 80] CC무작위 인스턴스=무작위 목표유지=off 완주보상=0.0 잔여페널티=0.1 규칙관측=False 규칙정규화=2.0 막힘페널티=0.0 도달권shaping=0.0 정체전환보상=0.0 엔트로피비=0.6->0.25@400 자기회귀=False 홀드아웃상한=3000 선택=makespan/속도가중치=40.0
/home/kopt/drone/proposed_src/pipeline/train_v5_26_09_15_23.py:354: UserWarning: Converting a tensor with requires_grad=True to a scalar may lead to unexpected behavior.
Consider using tensor.detach() first. (Triggered internally at /pytorch/torch/csrc/autograd/generated/python_variable_methods.cpp:836.)
  writer.add_scalar("train/alpha", float(log_alpha.exp()), ep)
Ep 1 | 드론4 목적지57 | 1000스텝 | 배송 49/57 | 재적재  8 | 중계율 0.17 | alpha 0.100 | step_limit
Ep 2 | 드론3 목적지50 | 1000스텝 | 배송 39/50 | 재적재  7 | 중계율 0.16 | alpha 0.100 | step_limit
Ep 3 | 드론4 목적지72 | 1000스텝 | 배송 57/72 | 재적재  9 | 중계율 0.15 | alpha 0.100 | step_limit
Ep 4 | 드론3 목적지46 | 1000스텝 | 배송 36/46 | 재적재  5 | 중계율 0.13 | alpha 0.100 | step_limit
Ep 5 | 드론3 목적지58 | 1000스텝 | 배송 48/58 | 재적재  7 | 중계율 0.30 | alpha 0.104 | step_limit
Ep 6 | 드론3 목적지61 | 1000스텝 | 배송 57/61 | 재적재 10 | 중계율 0.34 | alpha 0.114 | step_limit
Ep 7 | 드론3 목적지30 |  564스텝 | 배송 30/30 | 재적재  4 | 중계율 0.33 | alpha 0.120 | complete
Ep 8 | 드론3 목적지69 | 1000스텝 | 배송 63/69 | 재적재 11 | 중계율 0.31 | alpha 0.130 | step_limit
Ep 9 | 드론3 목적지66 | 1000스텝 | 배송 50/66 | 재적재  7 | 중계율 0.35 | alpha 0.141 | step_limit
Ep 10 | 드론3 목적지26 |  833스텝 | 배송 26/26 | 재적재  4 | 중계율 0.30 | alpha 0.151 | complete
Ep 11 | 드론4 목적지32 |  339스텝 | 배송 32/32 | 재적재  4 | 중계율 0.18 | alpha 0.155 | complete
Ep 12 | 드론3 목적지35 |  515스텝 | 배송 35/35 | 재적재  6 | 중계율 0.22 | alpha 0.161 | complete
Ep 13 | 드론3 목적지23 |  401스텝 | 배송 23/23 | 재적재  2 | 중계율 0.26 | alpha 0.166 | complete
Ep 14 | 드론3 목적지61 | 1000스텝 | 배송 53/61 | 재적재  8 | 중계율 0.26 | alpha 0.178 | step_limit
Ep 15 | 드론4 목적지78 |  908스텝 | 배송 78/78 | 재적재 15 | 중계율 0.22 | alpha 0.191 | complete
Ep 16 | 드론4 목적지46 |  982스텝 | 배송 46/46 | 재적재  6 | 중계율 0.24 | alpha 0.205 | complete
Ep 17 | 드론4 목적지74 |  870스텝 | 배송 74/74 | 재적재 13 | 중계율 0.22 | alpha 0.218 | complete
Ep 18 | 드론3 목적지24 |  486스텝 | 배송 24/24 | 재적재  3 | 중계율 0.31 | alpha 0.226 | complete
Ep 19 | 드론4 목적지24 |  503스텝 | 배송 24/24 | 재적재  3 | 중계율 0.35 | alpha 0.235 | complete
Ep 20 | 드론3 목적지66 |  862스텝 | 배송 66/66 | 재적재 12 | 중계율 0.19 | alpha 0.250 | complete
Ep 21 | 드론3 목적지43 |  699스텝 | 배송 43/43 | 재적재  7 | 중계율 0.20 | alpha 0.263 | complete
Ep 22 | 드론3 목적지43 |  529스텝 | 배송 43/43 | 재적재  6 | 중계율 0.15 | alpha 0.273 | complete
Ep 23 | 드론3 목적지22 |  472스텝 | 배송 22/22 | 재적재  3 | 중계율 0.35 | alpha 0.283 | complete
Ep 24 | 드론3 목적지35 |  816스텝 | 배송 35/35 | 재적재  6 | 중계율 0.29 | alpha 0.300 | complete
Ep 25 | 드론4 목적지25 |  595스텝 | 배송 25/25 | 재적재  3 | 중계율 0.35 | alpha 0.313 | complete
Ep 26 | 드론3 목적지79 | 1000스텝 | 배송 65/79 | 재적재 12 | 중계율 0.18 | alpha 0.337 | step_limit
Ep 27 | 드론4 목적지63 | 1000스텝 | 배송 43/63 | 재적재  7 | 중계율 0.38 | alpha 0.362 | step_limit
Ep 28 | 드론3 목적지77 | 1000스텝 | 배송 67/77 | 재적재 12 | 중계율 0.27 | alpha 0.389 | step_limit
Ep 29 | 드론3 목적지34 |  793스텝 | 배송 34/34 | 재적재  5 | 중계율 0.31 | alpha 0.412 | complete
Ep 30 | 드론3 목적지25 |  569스텝 | 배송 25/25 | 재적재  3 | 중계율 0.30 | alpha 0.430 | complete
Ep 31 | 드론4 목적지68 | 1000스텝 | 배송 67/68 | 재적재 12 | 중계율 0.29 | alpha 0.462 | step_limit
Ep 32 | 드론3 목적지79 | 1000스텝 | 배송 54/79 | 재적재  9 | 중계율 0.28 | alpha 0.496 | step_limit
Ep 33 | 드론3 목적지62 | 1000스텝 | 배송 48/62 | 재적재  7 | 중계율 0.27 | alpha 0.533 | step_limit
Ep 34 | 드론3 목적지33 |  743스텝 | 배송 22/33 | 재적재  3 | 중계율 0.19 | alpha 0.562 | no_progress
Ep 35 | 드론3 목적지26 |  656스텝 | 배송 26/26 | 재적재  4 | 중계율 0.28 | alpha 0.588 | complete
Ep 36 | 드론3 목적지57 |  988스텝 | 배송 57/57 | 재적재  9 | 중계율 0.30 | alpha 0.629 | complete
Ep 37 | 드론3 목적지29 |  744스텝 | 배송 29/29 | 재적재  4 | 중계율 0.33 | alpha 0.660 | complete
Ep 38 | 드론4 목적지63 |  962스텝 | 배송 63/63 | 재적재 10 | 중계율 0.29 | alpha 0.702 | complete
Ep 39 | 드론4 목적지44 | 1000스텝 | 배송 36/44 | 재적재  6 | 중계율 0.32 | alpha 0.748 | step_limit
Ep 40 | 드론4 목적지56 |  900스텝 | 배송 56/56 | 재적재 10 | 중계율 0.24 | alpha 0.792 | complete
Ep 41 | 드론4 목적지21 |  475스텝 | 배송 21/21 | 재적재  3 | 중계율 0.34 | alpha 0.816 | complete
Ep 42 | 드론3 목적지24 |  609스텝 | 배송 24/24 | 재적재  4 | 중계율 0.33 | alpha 0.848 | complete
Ep 43 | 드론3 목적지52 | 1000스텝 | 배송 48/52 | 재적재  8 | 중계율 0.22 | alpha 0.906 | step_limit
Ep 44 | 드론3 목적지72 | 1000스텝 | 배송 70/72 | 재적재 12 | 중계율 0.20 | alpha 0.967 | step_limit
Ep 45 | 드론3 목적지52 | 1000스텝 | 배송 41/52 | 재적재  6 | 중계율 0.31 | alpha 1.034 | step_limit
Ep 46 | 드론4 목적지72 |  881스텝 | 배송 72/72 | 재적재 12 | 중계율 0.23 | alpha 1.096 | complete
Ep 47 | 드론3 목적지69 | 1000스텝 | 배송 55/69 | 재적재 10 | 중계율 0.20 | alpha 1.171 | step_limit
Ep 48 | 드론3 목적지56 | 1000스텝 | 배송 48/56 | 재적재  9 | 중계율 0.22 | alpha 1.252 | step_limit
Ep 49 | 드론4 목적지78 | 1000스텝 | 배송 77/78 | 재적재 13 | 중계율 0.27 | alpha 1.337 | step_limit
Ep 50 | 드론4 목적지40 | 1000스텝 | 배송 33/40 | 재적재  4 | 중계율 0.35 | alpha 1.425 | step_limit
  [홀드아웃] 배송 49.5±2.1 완주 0.94 스텝 1032 점수 120.0 재적재 7.5 2홉+ 0.63 | 최고 120.0@ep50 정체 0/15  ← 갱신
Ep 51 | 드론4 목적지51 |  850스텝 | 배송 51/51 | 재적재  8 | 중계율 0.21 | alpha 1.500 | complete
Ep 52 | 드론3 목적지42 |  845스텝 | 배송 42/42 | 재적재  7 | 중계율 0.28 | alpha 1.577 | complete
Ep 53 | 드론4 목적지60 |  856스텝 | 배송 60/60 | 재적재 11 | 중계율 0.21 | alpha 1.657 | complete
Ep 54 | 드론3 목적지49 | 1000스텝 | 배송 47/49 | 재적재  8 | 중계율 0.21 | alpha 1.751 | step_limit
Ep 55 | 드론3 목적지40 |  745스텝 | 배송 40/40 | 재적재  7 | 중계율 0.24 | alpha 1.818 | complete
Ep 56 | 드론4 목적지61 |  996스텝 | 배송 61/61 | 재적재 11 | 중계율 0.25 | alpha 1.903 | complete
Ep 57 | 드론3 목적지53 | 1000스텝 | 배송 52/53 | 재적재  8 | 중계율 0.27 | alpha 1.984 | step_limit
Ep 58 | 드론4 목적지57 | 1000스텝 | 배송 52/57 | 재적재  9 | 중계율 0.29 | alpha 2.063 | step_limit
Ep 59 | 드론3 목적지50 |  888스텝 | 배송 50/50 | 재적재  9 | 중계율 0.26 | alpha 2.131 | complete
Ep 60 | 드론3 목적지21 |  613스텝 | 배송 21/21 | 재적재  3 | 중계율 0.28 | alpha 2.175 | complete
Ep 61 | 드론4 목적지26 |  403스텝 | 배송 26/26 | 재적재  3 | 중계율 0.20 | alpha 2.203 | complete
Ep 62 | 드론4 목적지55 | 1000스텝 | 배송 51/55 | 재적재  9 | 중계율 0.28 | alpha 2.276 | step_limit
Ep 63 | 드론4 목적지68 | 1000스텝 | 배송 51/68 | 재적재  9 | 중계율 0.23 | alpha 2.343 | step_limit
Ep 64 | 드론3 목적지41 |  969스텝 | 배송 41/41 | 재적재  7 | 중계율 0.25 | alpha 2.396 | complete
Ep 65 | 드론4 목적지68 |  704스텝 | 배송 68/68 | 재적재 11 | 중계율 0.15 | alpha 2.422 | complete
Ep 66 | 드론3 목적지61 | 1000스텝 | 배송 52/61 | 재적재  9 | 중계율 0.16 | alpha 2.473 | step_limit
Ep 67 | 드론3 목적지53 | 1000스텝 | 배송 48/53 | 재적재  8 | 중계율 0.26 | alpha 2.519 | step_limit
Ep 68 | 드론3 목적지44 |  803스텝 | 배송 44/44 | 재적재  7 | 중계율 0.22 | alpha 2.555 | complete
Ep 69 | 드론3 목적지34 |  602스텝 | 배송 34/34 | 재적재  6 | 중계율 0.22 | alpha 2.583 | complete
Ep 70 | 드론3 목적지31 |  997스텝 | 배송 31/31 | 재적재  5 | 중계율 0.33 | alpha 2.595 | complete
Ep 71 | 드론4 목적지71 |  928스텝 | 배송 71/71 | 재적재 12 | 중계율 0.15 | alpha 2.610 | complete
Ep 72 | 드론3 목적지53 | 1000스텝 | 배송 39/53 | 재적재  6 | 중계율 0.21 | alpha 2.653 | step_limit
Ep 73 | 드론3 목적지21 |  564스텝 | 배송 21/21 | 재적재  2 | 중계율 0.32 | alpha 2.664 | complete
Ep 74 | 드론4 목적지45 |  938스텝 | 배송 45/45 | 재적재  7 | 중계율 0.22 | alpha 2.682 | complete
Ep 75 | 드론4 목적지40 |  919스텝 | 배송 40/40 | 재적재  6 | 중계율 0.24 | alpha 2.677 | complete
Ep 76 | 드론3 목적지75 | 1000스텝 | 배송 62/75 | 재적재 11 | 중계율 0.26 | alpha 2.671 | step_limit
Ep 77 | 드론4 목적지24 |  516스텝 | 배송 24/24 | 재적재  3 | 중계율 0.26 | alpha 2.670 | complete
Ep 78 | 드론3 목적지64 | 1000스텝 | 배송 58/64 | 재적재 10 | 중계율 0.24 | alpha 2.677 | step_limit
Ep 79 | 드론3 목적지41 | 1000스텝 | 배송 37/41 | 재적재  6 | 중계율 0.26 | alpha 2.671 | step_limit
Ep 80 | 드론3 목적지69 | 1000스텝 | 배송 54/69 | 재적재 10 | 중계율 0.16 | alpha 2.710 | step_limit
Ep 81 | 드론4 목적지47 |  682스텝 | 배송 47/47 | 재적재  8 | 중계율 0.20 | alpha 2.689 | complete
Ep 82 | 드론4 목적지69 | 1000스텝 | 배송 63/69 | 재적재 10 | 중계율 0.24 | alpha 2.681 | step_limit
Ep 83 | 드론4 목적지31 | 1000스텝 | 배송 30/31 | 재적재  5 | 중계율 0.33 | alpha 2.623 | step_limit
Ep 84 | 드론3 목적지33 |  815스텝 | 배송 33/33 | 재적재  6 | 중계율 0.25 | alpha 2.568 | complete
Ep 85 | 드론3 목적지38 |  726스텝 | 배송 38/38 | 재적재  6 | 중계율 0.16 | alpha 2.539 | complete
Ep 86 | 드론4 목적지24 |  456스텝 | 배송 24/24 | 재적재  3 | 중계율 0.29 | alpha 2.527 | complete
Ep 87 | 드론3 목적지30 | 1000스텝 | 배송 26/30 | 재적재  5 | 중계율 0.19 | alpha 2.504 | step_limit
Ep 88 | 드론3 목적지38 | 1000스텝 | 배송 36/38 | 재적재  7 | 중계율 0.20 | alpha 2.517 | step_limit
Ep 89 | 드론3 목적지57 | 1000스텝 | 배송 52/57 | 재적재 10 | 중계율 0.24 | alpha 2.531 | step_limit
Ep 90 | 드론4 목적지21 |  680스텝 | 배송 21/21 | 재적재  2 | 중계율 0.28 | alpha 2.528 | complete
Ep 91 | 드론4 목적지77 | 1000스텝 | 배송 70/77 | 재적재 12 | 중계율 0.23 | alpha 2.484 | step_limit
Ep 92 | 드론3 목적지69 | 1000스텝 | 배송 64/69 | 재적재 11 | 중계율 0.25 | alpha 2.394 | step_limit
Ep 93 | 드론4 목적지60 |  906스텝 | 배송 60/60 | 재적재 10 | 중계율 0.19 | alpha 2.304 | complete
Ep 94 | 드론4 목적지45 |  781스텝 | 배송 45/45 | 재적재  8 | 중계율 0.23 | alpha 2.233 | complete
Ep 95 | 드론3 목적지71 | 1000스텝 | 배송 60/71 | 재적재 12 | 중계율 0.20 | alpha 2.199 | step_limit
Ep 96 | 드론3 목적지74 | 1000스텝 | 배송 58/74 | 재적재 10 | 중계율 0.17 | alpha 2.177 | step_limit
Ep 97 | 드론4 목적지47 |  720스텝 | 배송 47/47 | 재적재  8 | 중계율 0.19 | alpha 2.157 | complete
Ep 98 | 드론4 목적지50 | 1000스텝 | 배송 49/50 | 재적재  7 | 중계율 0.27 | alpha 2.146 | step_limit
Ep 99 | 드론4 목적지35 |  556스텝 | 배송 35/35 | 재적재  5 | 중계율 0.22 | alpha 2.129 | complete
Ep 100 | 드론3 목적지40 |  716스텝 | 배송 40/40 | 재적재  5 | 중계율 0.24 | alpha 2.091 | complete
  [홀드아웃] 배송 50.0±0.0 완주 1.00 스텝 1034 점수 126.2 재적재 7.8 2홉+ 0.62 | 최고 126.2@ep100 정체 0/15  ← 갱신
Ep 101 | 드론3 목적지23 |  575스텝 | 배송 23/23 | 재적재  3 | 중계율 0.33 | alpha 2.071 | complete
Ep 102 | 드론3 목적지21 |  611스텝 | 배송 21/21 | 재적재  2 | 중계율 0.31 | alpha 2.055 | complete
Ep 103 | 드론4 목적지72 | 1000스텝 | 배송 68/72 | 재적재 11 | 중계율 0.18 | alpha 2.005 | step_limit
Ep 104 | 드론3 목적지27 |  563스텝 | 배송 27/27 | 재적재  3 | 중계율 0.25 | alpha 1.987 | complete
Ep 105 | 드론3 목적지63 | 1000스텝 | 배송 57/63 | 재적재 10 | 중계율 0.20 | alpha 1.971 | step_limit
Ep 106 | 드론4 목적지58 |  671스텝 | 배송 58/58 | 재적재 10 | 중계율 0.20 | alpha 1.952 | complete
Ep 107 | 드론4 목적지75 | 1000스텝 | 배송 61/75 | 재적재 10 | 중계율 0.29 | alpha 1.929 | step_limit
Ep 108 | 드론3 목적지55 | 1000스텝 | 배송 52/55 | 재적재  8 | 중계율 0.22 | alpha 1.932 | step_limit
Ep 109 | 드론4 목적지64 | 1000스텝 | 배송 63/64 | 재적재 11 | 중계율 0.29 | alpha 1.893 | step_limit
Ep 110 | 드론3 목적지55 | 1000스텝 | 배송 52/55 | 재적재  9 | 중계율 0.22 | alpha 1.835 | step_limit
Ep 111 | 드론4 목적지67 | 1000스텝 | 배송 55/67 | 재적재 10 | 중계율 0.24 | alpha 1.804 | step_limit
Ep 112 | 드론3 목적지46 |  937스텝 | 배송 46/46 | 재적재  8 | 중계율 0.21 | alpha 1.814 | complete
Ep 113 | 드론4 목적지43 |  884스텝 | 배송 43/43 | 재적재  8 | 중계율 0.19 | alpha 1.859 | complete
Ep 114 | 드론3 목적지80 | 1000스텝 | 배송 57/80 | 재적재 11 | 중계율 0.18 | alpha 1.868 | step_limit
Ep 115 | 드론4 목적지78 |  970스텝 | 배송 78/78 | 재적재 15 | 중계율 0.23 | alpha 1.914 | complete
Ep 116 | 드론4 목적지72 |  889스텝 | 배송 72/72 | 재적재 13 | 중계율 0.19 | alpha 1.951 | complete
Ep 117 | 드론3 목적지54 | 1000스텝 | 배송 49/54 | 재적재  9 | 중계율 0.22 | alpha 1.916 | step_limit
Ep 118 | 드론3 목적지63 | 1000스텝 | 배송 53/63 | 재적재  9 | 중계율 0.21 | alpha 1.877 | step_limit
Ep 119 | 드론4 목적지66 | 1000스텝 | 배송 62/66 | 재적재 12 | 중계율 0.18 | alpha 1.891 | step_limit
Ep 120 | 드론4 목적지70 |  921스텝 | 배송 70/70 | 재적재 13 | 중계율 0.20 | alpha 1.922 | complete
Ep 121 | 드론4 목적지45 |  727스텝 | 배송 45/45 | 재적재  7 | 중계율 0.26 | alpha 1.947 | complete
Ep 122 | 드론4 목적지26 |  477스텝 | 배송 26/26 | 재적재  3 | 중계율 0.30 | alpha 1.956 | complete
Ep 123 | 드론4 목적지30 |  667스텝 | 배송 30/30 | 재적재  5 | 중계율 0.29 | alpha 1.952 | complete
Ep 124 | 드론3 목적지80 | 1000스텝 | 배송 63/80 | 재적재 11 | 중계율 0.22 | alpha 1.931 | step_limit
Ep 125 | 드론4 목적지41 |  632스텝 | 배송 41/41 | 재적재  7 | 중계율 0.26 | alpha 1.931 | complete
Ep 126 | 드론3 목적지50 | 1000스텝 | 배송 44/50 | 재적재  8 | 중계율 0.25 | alpha 1.882 | step_limit
Ep 127 | 드론3 목적지37 | 1000스텝 | 배송 35/37 | 재적재  6 | 중계율 0.33 | alpha 1.873 | step_limit
Ep 128 | 드론3 목적지42 |  959스텝 | 배송 42/42 | 재적재  7 | 중계율 0.29 | alpha 1.872 | complete
Ep 129 | 드론4 목적지52 |  634스텝 | 배송 52/52 | 재적재  8 | 중계율 0.21 | alpha 1.871 | complete
Ep 130 | 드론3 목적지40 |  893스텝 | 배송 40/40 | 재적재  6 | 중계율 0.36 | alpha 1.835 | complete
Ep 131 | 드론3 목적지39 |  841스텝 | 배송 39/39 | 재적재  7 | 중계율 0.23 | alpha 1.844 | complete
Ep 132 | 드론4 목적지63 |  806스텝 | 배송 63/63 | 재적재 11 | 중계율 0.20 | alpha 1.845 | complete
Ep 133 | 드론3 목적지61 |  908스텝 | 배송 61/61 | 재적재 11 | 중계율 0.23 | alpha 1.843 | complete
Ep 134 | 드론4 목적지22 |  263스텝 | 배송 22/22 | 재적재  2 | 중계율 0.16 | alpha 1.843 | complete
Ep 135 | 드론3 목적지20 |  792스텝 | 배송 20/20 | 재적재  3 | 중계율 0.27 | alpha 1.818 | complete
Ep 136 | 드론4 목적지57 |  958스텝 | 배송 57/57 | 재적재  9 | 중계율 0.31 | alpha 1.844 | complete
Ep 137 | 드론3 목적지24 |  546스텝 | 배송 24/24 | 재적재  3 | 중계율 0.26 | alpha 1.850 | complete
Ep 138 | 드론4 목적지35 |  433스텝 | 배송 35/35 | 재적재  5 | 중계율 0.20 | alpha 1.834 | complete
Ep 139 | 드론3 목적지29 |  817스텝 | 배송 29/29 | 재적재  5 | 중계율 0.26 | alpha 1.830 | complete
Ep 140 | 드론3 목적지32 |  904스텝 | 배송 32/32 | 재적재  6 | 중계율 0.25 | alpha 1.800 | complete
Ep 141 | 드론3 목적지54 | 1000스텝 | 배송 52/54 | 재적재  9 | 중계율 0.19 | alpha 1.796 | step_limit
Ep 142 | 드론3 목적지42 |  686스텝 | 배송 42/42 | 재적재  7 | 중계율 0.22 | alpha 1.793 | complete
Ep 143 | 드론3 목적지23 |  881스텝 | 배송 20/23 | 재적재  2 | 중계율 0.33 | alpha 1.791 | no_progress
Ep 144 | 드론3 목적지61 | 1000스텝 | 배송 53/61 | 재적재 10 | 중계율 0.20 | alpha 1.783 | step_limit
Ep 145 | 드론3 목적지64 | 1000스텝 | 배송 52/64 | 재적재  9 | 중계율 0.21 | alpha 1.776 | step_limit
Ep 146 | 드론3 목적지71 | 1000스텝 | 배송 54/71 | 재적재 10 | 중계율 0.20 | alpha 1.758 | step_limit
Ep 147 | 드론3 목적지48 |  961스텝 | 배송 48/48 | 재적재  8 | 중계율 0.20 | alpha 1.764 | complete
Ep 148 | 드론4 목적지36 |  669스텝 | 배송 36/36 | 재적재  5 | 중계율 0.32 | alpha 1.756 | complete
Ep 149 | 드론4 목적지40 |  551스텝 | 배송 40/40 | 재적재  7 | 중계율 0.22 | alpha 1.755 | complete
Ep 150 | 드론3 목적지26 |  542스텝 | 배송 26/26 | 재적재  4 | 중계율 0.18 | alpha 1.747 | complete
  [홀드아웃] 배송 50.0±0.0 완주 1.00 스텝 962 점수 127.2 재적재 7.8 2홉+ 0.62 | 최고 127.2@ep150 정체 0/15  ← 갱신
Ep 151 | 드론4 목적지70 |  961스텝 | 배송 70/70 | 재적재 12 | 중계율 0.23 | alpha 1.720 | complete
Ep 152 | 드론4 목적지48 |  988스텝 | 배송 48/48 | 재적재  7 | 중계율 0.27 | alpha 1.710 | complete
Ep 153 | 드론4 목적지57 |  868스텝 | 배송 57/57 | 재적재 10 | 중계율 0.30 | alpha 1.685 | complete
Ep 154 | 드론4 목적지34 |  508스텝 | 배송 34/34 | 재적재  6 | 중계율 0.24 | alpha 1.674 | complete
Ep 155 | 드론4 목적지80 | 1000스텝 | 배송 62/80 | 재적재 11 | 중계율 0.30 | alpha 1.690 | step_limit
Ep 156 | 드론4 목적지59 | 1000스텝 | 배송 56/59 | 재적재 10 | 중계율 0.30 | alpha 1.676 | step_limit
Ep 157 | 드론3 목적지42 | 1000스텝 | 배송 40/42 | 재적재  6 | 중계율 0.25 | alpha 1.684 | step_limit
Ep 158 | 드론4 목적지76 |  804스텝 | 배송 76/76 | 재적재 13 | 중계율 0.18 | alpha 1.710 | complete
Ep 159 | 드론4 목적지47 |  975스텝 | 배송 47/47 | 재적재  9 | 중계율 0.23 | alpha 1.720 | complete
Ep 160 | 드론3 목적지62 | 1000스텝 | 배송 55/62 | 재적재 10 | 중계율 0.24 | alpha 1.706 | step_limit
Ep 161 | 드론3 목적지31 |  593스텝 | 배송 31/31 | 재적재  5 | 중계율 0.21 | alpha 1.684 | complete
Ep 162 | 드론3 목적지26 |  899스텝 | 배송 26/26 | 재적재  4 | 중계율 0.32 | alpha 1.685 | complete
Ep 163 | 드론4 목적지21 |  820스텝 | 배송 21/21 | 재적재  3 | 중계율 0.35 | alpha 1.704 | complete
Ep 164 | 드론4 목적지79 | 1000스텝 | 배송 65/79 | 재적재 12 | 중계율 0.28 | alpha 1.718 | step_limit
Ep 165 | 드론4 목적지47 |  688스텝 | 배송 47/47 | 재적재  7 | 중계율 0.21 | alpha 1.729 | complete
Ep 166 | 드론3 목적지77 | 1000스텝 | 배송 69/77 | 재적재 12 | 중계율 0.18 | alpha 1.741 | step_limit
Ep 167 | 드론4 목적지77 | 1000스텝 | 배송 60/77 | 재적재 10 | 중계율 0.30 | alpha 1.747 | step_limit
Ep 168 | 드론4 목적지29 |  881스텝 | 배송 29/29 | 재적재  5 | 중계율 0.29 | alpha 1.739 | complete
Ep 169 | 드론4 목적지59 |  916스텝 | 배송 59/59 | 재적재 10 | 중계율 0.27 | alpha 1.747 | complete
Ep 170 | 드론3 목적지74 | 1000스텝 | 배송 62/74 | 재적재 10 | 중계율 0.23 | alpha 1.757 | step_limit
Ep 171 | 드론4 목적지34 |  631스텝 | 배송 34/34 | 재적재  4 | 중계율 0.14 | alpha 1.758 | complete
Ep 172 | 드론3 목적지43 |  881스텝 | 배송 43/43 | 재적재  6 | 중계율 0.25 | alpha 1.754 | complete
Ep 173 | 드론3 목적지35 |  815스텝 | 배송 35/35 | 재적재  4 | 중계율 0.26 | alpha 1.737 | complete
Ep 174 | 드론4 목적지43 |  845스텝 | 배송 43/43 | 재적재  8 | 중계율 0.21 | alpha 1.710 | complete
Ep 175 | 드론4 목적지30 | 1000스텝 | 배송 28/30 | 재적재  4 | 중계율 0.37 | alpha 1.714 | step_limit
Ep 176 | 드론4 목적지29 |  608스텝 | 배송 29/29 | 재적재  3 | 중계율 0.26 | alpha 1.720 | complete
Ep 177 | 드론3 목적지45 |  784스텝 | 배송 45/45 | 재적재  8 | 중계율 0.27 | alpha 1.727 | complete
Ep 178 | 드론3 목적지20 |  663스텝 | 배송 20/20 | 재적재  2 | 중계율 0.33 | alpha 1.702 | complete
Ep 179 | 드론4 목적지66 | 1000스텝 | 배송 55/66 | 재적재  8 | 중계율 0.31 | alpha 1.671 | step_limit
Ep 180 | 드론4 목적지22 |  388스텝 | 배송 22/22 | 재적재  4 | 중계율 0.25 | alpha 1.667 | complete
Ep 181 | 드론4 목적지77 | 1000스텝 | 배송 62/77 | 재적재 11 | 중계율 0.28 | alpha 1.663 | step_limit
Ep 182 | 드론3 목적지74 | 1000스텝 | 배송 57/74 | 재적재 10 | 중계율 0.21 | alpha 1.673 | step_limit
Ep 183 | 드론4 목적지40 |  543스텝 | 배송 40/40 | 재적재  6 | 중계율 0.16 | alpha 1.672 | complete
Ep 184 | 드론3 목적지77 | 1000스텝 | 배송 57/77 | 재적재 11 | 중계율 0.17 | alpha 1.680 | step_limit
Ep 185 | 드론4 목적지72 | 1000스텝 | 배송 64/72 | 재적재 11 | 중계율 0.29 | alpha 1.664 | step_limit
Ep 186 | 드론4 목적지74 |  820스텝 | 배송 74/74 | 재적재 13 | 중계율 0.20 | alpha 1.626 | complete
Ep 187 | 드론3 목적지65 | 1000스텝 | 배송 60/65 | 재적재 11 | 중계율 0.21 | alpha 1.605 | step_limit
Ep 188 | 드론3 목적지80 | 1000스텝 | 배송 55/80 | 재적재 11 | 중계율 0.27 | alpha 1.601 | step_limit
Ep 189 | 드론4 목적지55 |  945스텝 | 배송 55/55 | 재적재  9 | 중계율 0.31 | alpha 1.602 | complete
Ep 190 | 드론3 목적지36 |  794스텝 | 배송 36/36 | 재적재  7 | 중계율 0.27 | alpha 1.632 | complete
Ep 191 | 드론3 목적지28 |  708스텝 | 배송 28/28 | 재적재  4 | 중계율 0.27 | alpha 1.610 | complete
Ep 192 | 드론4 목적지74 |  924스텝 | 배송 74/74 | 재적재 13 | 중계율 0.19 | alpha 1.615 | complete
Ep 193 | 드론3 목적지61 | 1000스텝 | 배송 45/61 | 재적재  8 | 중계율 0.25 | alpha 1.600 | step_limit
Ep 194 | 드론4 목적지73 |  970스텝 | 배송 73/73 | 재적재 14 | 중계율 0.20 | alpha 1.590 | complete
Ep 195 | 드론4 목적지69 | 1000스텝 | 배송 62/69 | 재적재 10 | 중계율 0.30 | alpha 1.582 | step_limit
Ep 196 | 드론3 목적지47 |  914스텝 | 배송 47/47 | 재적재  8 | 중계율 0.16 | alpha 1.593 | complete
Ep 197 | 드론4 목적지27 |  664스텝 | 배송 27/27 | 재적재  5 | 중계율 0.31 | alpha 1.611 | complete
Ep 198 | 드론3 목적지56 | 1000스텝 | 배송 53/56 | 재적재  9 | 중계율 0.15 | alpha 1.581 | step_limit
Ep 199 | 드론3 목적지57 | 1000스텝 | 배송 53/57 | 재적재  9 | 중계율 0.26 | alpha 1.546 | step_limit
Ep 200 | 드론4 목적지64 |  865스텝 | 배송 64/64 | 재적재 12 | 중계율 0.26 | alpha 1.537 | complete
  [홀드아웃] 배송 49.9±0.6 완주 0.97 스텝 962 점수 124.7 재적재 7.5 2홉+ 0.62 | 최고 127.2@ep150 정체 1/15
Ep 201 | 드론4 목적지38 | 1000스텝 | 배송 34/38 | 재적재  6 | 중계율 0.35 | alpha 1.525 | step_limit
Ep 202 | 드론3 목적지32 |  924스텝 | 배송 32/32 | 재적재  6 | 중계율 0.31 | alpha 1.499 | complete
Ep 203 | 드론3 목적지23 |  392스텝 | 배송 23/23 | 재적재  3 | 중계율 0.11 | alpha 1.486 | complete
Ep 204 | 드론3 목적지38 |  584스텝 | 배송 38/38 | 재적재  7 | 중계율 0.19 | alpha 1.465 | complete
Ep 205 | 드론3 목적지27 |  725스텝 | 배송 27/27 | 재적재  3 | 중계율 0.26 | alpha 1.451 | complete
Ep 206 | 드론3 목적지58 | 1000스텝 | 배송 51/58 | 재적재  9 | 중계율 0.23 | alpha 1.426 | step_limit
Ep 207 | 드론3 목적지52 | 1000스텝 | 배송 46/52 | 재적재  8 | 중계율 0.26 | alpha 1.393 | step_limit
Ep 208 | 드론3 목적지60 | 1000스텝 | 배송 45/60 | 재적재  8 | 중계율 0.28 | alpha 1.384 | step_limit
Ep 209 | 드론3 목적지72 | 1000스텝 | 배송 57/72 | 재적재 10 | 중계율 0.26 | alpha 1.385 | step_limit
Ep 210 | 드론4 목적지39 |  663스텝 | 배송 39/39 | 재적재  6 | 중계율 0.23 | alpha 1.415 | complete
Ep 211 | 드론3 목적지55 | 1000스텝 | 배송 54/55 | 재적재  9 | 중계율 0.24 | alpha 1.428 | step_limit
Ep 212 | 드론3 목적지62 | 1000스텝 | 배송 57/62 | 재적재 10 | 중계율 0.19 | alpha 1.438 | step_limit
Ep 213 | 드론4 목적지77 |  827스텝 | 배송 77/77 | 재적재 15 | 중계율 0.13 | alpha 1.425 | complete
Ep 214 | 드론3 목적지44 |  909스텝 | 배송 44/44 | 재적재  8 | 중계율 0.22 | alpha 1.443 | complete
Ep 215 | 드론3 목적지49 |  987스텝 | 배송 49/49 | 재적재  7 | 중계율 0.30 | alpha 1.461 | complete
Ep 216 | 드론4 목적지29 |  761스텝 | 배송 29/29 | 재적재  5 | 중계율 0.33 | alpha 1.477 | complete
Ep 217 | 드론4 목적지36 |  413스텝 | 배송 36/36 | 재적재  4 | 중계율 0.18 | alpha 1.478 | complete
Ep 218 | 드론4 목적지55 |  860스텝 | 배송 55/55 | 재적재 10 | 중계율 0.18 | alpha 1.480 | complete
Ep 219 | 드론3 목적지35 |  985스텝 | 배송 35/35 | 재적재  6 | 중계율 0.30 | alpha 1.443 | complete
Ep 220 | 드론4 목적지73 | 1000스텝 | 배송 69/73 | 재적재 12 | 중계율 0.17 | alpha 1.399 | step_limit
Ep 221 | 드론4 목적지25 |  384스텝 | 배송 25/25 | 재적재  3 | 중계율 0.31 | alpha 1.402 | complete
Ep 222 | 드론3 목적지30 |  709스텝 | 배송 30/30 | 재적재  5 | 중계율 0.25 | alpha 1.403 | complete
Ep 223 | 드론3 목적지45 |  988스텝 | 배송 45/45 | 재적재  8 | 중계율 0.32 | alpha 1.386 | complete
Ep 224 | 드론4 목적지76 | 1000스텝 | 배송 60/76 | 재적재 10 | 중계율 0.31 | alpha 1.385 | step_limit
Ep 225 | 드론4 목적지70 |  980스텝 | 배송 70/70 | 재적재 12 | 중계율 0.25 | alpha 1.399 | complete
Ep 226 | 드론4 목적지73 |  904스텝 | 배송 73/73 | 재적재 12 | 중계율 0.19 | alpha 1.389 | complete
Ep 227 | 드론4 목적지56 |  657스텝 | 배송 56/56 | 재적재  8 | 중계율 0.19 | alpha 1.373 | complete
Ep 228 | 드론4 목적지24 |  441스텝 | 배송 24/24 | 재적재  3 | 중계율 0.28 | alpha 1.365 | complete
Ep 229 | 드론3 목적지32 |  759스텝 | 배송 15/32 | 재적재  2 | 중계율 0.37 | alpha 1.370 | no_progress
Ep 230 | 드론3 목적지62 | 1000스텝 | 배송 54/62 | 재적재  9 | 중계율 0.21 | alpha 1.352 | step_limit
Ep 231 | 드론3 목적지27 |  475스텝 | 배송 27/27 | 재적재  5 | 중계율 0.22 | alpha 1.340 | complete
Ep 232 | 드론4 목적지27 |  752스텝 | 배송 27/27 | 재적재  4 | 중계율 0.42 | alpha 1.336 | complete
Ep 233 | 드론4 목적지58 | 1000스텝 | 배송 47/58 | 재적재  6 | 중계율 0.28 | alpha 1.312 | step_limit
Ep 234 | 드론3 목적지56 |  847스텝 | 배송 56/56 | 재적재 11 | 중계율 0.20 | alpha 1.311 | complete
Ep 235 | 드론3 목적지49 | 1000스텝 | 배송 44/49 | 재적재  7 | 중계율 0.22 | alpha 1.289 | step_limit
Ep 236 | 드론4 목적지71 |  925스텝 | 배송 71/71 | 재적재 14 | 중계율 0.24 | alpha 1.264 | complete
Ep 237 | 드론4 목적지77 |  900스텝 | 배송 77/77 | 재적재 15 | 중계율 0.17 | alpha 1.233 | complete
Ep 238 | 드론4 목적지27 |  445스텝 | 배송 27/27 | 재적재  4 | 중계율 0.22 | alpha 1.240 | complete
Ep 239 | 드론4 목적지37 |  841스텝 | 배송 37/37 | 재적재  5 | 중계율 0.35 | alpha 1.250 | complete
Ep 240 | 드론4 목적지70 |  821스텝 | 배송 70/70 | 재적재 13 | 중계율 0.21 | alpha 1.241 | complete
Ep 241 | 드론3 목적지46 | 1000스텝 | 배송 41/46 | 재적재  6 | 중계율 0.24 | alpha 1.250 | step_limit
Ep 242 | 드론4 목적지65 |  852스텝 | 배송 65/65 | 재적재 11 | 중계율 0.18 | alpha 1.222 | complete
Ep 243 | 드론4 목적지39 |  963스텝 | 배송 39/39 | 재적재  5 | 중계율 0.27 | alpha 1.197 | complete
Ep 244 | 드론3 목적지51 |  934스텝 | 배송 51/51 | 재적재  9 | 중계율 0.25 | alpha 1.171 | complete
Ep 245 | 드론3 목적지52 | 1000스텝 | 배송 35/52 | 재적재  5 | 중계율 0.39 | alpha 1.159 | step_limit
Ep 246 | 드론4 목적지54 |  842스텝 | 배송 54/54 | 재적재  9 | 중계율 0.21 | alpha 1.166 | complete
Ep 247 | 드론4 목적지69 | 1000스텝 | 배송 65/69 | 재적재 13 | 중계율 0.22 | alpha 1.152 | step_limit
Ep 248 | 드론3 목적지77 | 1000스텝 | 배송 68/77 | 재적재 12 | 중계율 0.22 | alpha 1.140 | step_limit
Ep 249 | 드론4 목적지70 |  845스텝 | 배송 70/70 | 재적재 13 | 중계율 0.17 | alpha 1.127 | complete
Ep 250 | 드론3 목적지51 | 1000스텝 | 배송 47/51 | 재적재  9 | 중계율 0.27 | alpha 1.114 | step_limit
  [홀드아웃] 배송 49.8±1.7 완주 0.97 스텝 952 점수 124.8 재적재 7.6 2홉+ 0.61 | 최고 127.2@ep150 정체 2/15
Ep 251 | 드론4 목적지33 |  408스텝 | 배송 33/33 | 재적재  4 | 중계율 0.18 | alpha 1.117 | complete
Ep 252 | 드론3 목적지25 |  664스텝 | 배송 25/25 | 재적재  3 | 중계율 0.28 | alpha 1.111 | complete
Ep 253 | 드론4 목적지49 | 1000스텝 | 배송 44/49 | 재적재  6 | 중계율 0.33 | alpha 1.106 | step_limit
Ep 254 | 드론4 목적지26 |  366스텝 | 배송 26/26 | 재적재  4 | 중계율 0.20 | alpha 1.108 | complete
Ep 255 | 드론3 목적지38 |  953스텝 | 배송 38/38 | 재적재  6 | 중계율 0.25 | alpha 1.099 | complete
Ep 256 | 드론3 목적지27 |  733스텝 | 배송 27/27 | 재적재  3 | 중계율 0.31 | alpha 1.103 | complete
Ep 257 | 드론3 목적지44 |  970스텝 | 배송 44/44 | 재적재  7 | 중계율 0.23 | alpha 1.110 | complete
Ep 258 | 드론4 목적지73 | 1000스텝 | 배송 72/73 | 재적재 12 | 중계율 0.20 | alpha 1.117 | step_limit
Ep 259 | 드론4 목적지65 |  690스텝 | 배송 65/65 | 재적재 10 | 중계율 0.20 | alpha 1.133 | complete
Ep 260 | 드론4 목적지49 |  789스텝 | 배송 49/49 | 재적재  8 | 중계율 0.27 | alpha 1.144 | complete
Ep 261 | 드론4 목적지21 |  582스텝 | 배송 21/21 | 재적재  2 | 중계율 0.31 | alpha 1.135 | complete
Ep 262 | 드론3 목적지69 | 1000스텝 | 배송 63/69 | 재적재 12 | 중계율 0.19 | alpha 1.107 | step_limit
Ep 263 | 드론3 목적지40 |  773스텝 | 배송 40/40 | 재적재  6 | 중계율 0.28 | alpha 1.086 | complete
Ep 264 | 드론4 목적지35 |  411스텝 | 배송 35/35 | 재적재  4 | 중계율 0.18 | alpha 1.077 | complete
Ep 265 | 드론4 목적지52 |  598스텝 | 배송 52/52 | 재적재  8 | 중계율 0.16 | alpha 1.076 | complete
Ep 266 | 드론3 목적지33 |  487스텝 | 배송 33/33 | 재적재  5 | 중계율 0.15 | alpha 1.074 | complete
Ep 267 | 드론4 목적지32 |  582스텝 | 배송 32/32 | 재적재  4 | 중계율 0.31 | alpha 1.081 | complete
Ep 268 | 드론3 목적지39 |  993스텝 | 배송 39/39 | 재적재  7 | 중계율 0.28 | alpha 1.060 | complete
Ep 269 | 드론4 목적지71 | 1000스텝 | 배송 67/71 | 재적재 13 | 중계율 0.21 | alpha 1.036 | step_limit
Ep 270 | 드론3 목적지56 | 1000스텝 | 배송 40/56 | 재적재  6 | 중계율 0.29 | alpha 1.016 | step_limit
Ep 271 | 드론4 목적지66 | 1000스텝 | 배송 65/66 | 재적재 10 | 중계율 0.24 | alpha 1.014 | step_limit
Ep 272 | 드론3 목적지33 |  706스텝 | 배송 33/33 | 재적재  4 | 중계율 0.16 | alpha 0.990 | complete
Ep 273 | 드론4 목적지75 | 1000스텝 | 배송 70/75 | 재적재 13 | 중계율 0.21 | alpha 0.954 | step_limit
Ep 274 | 드론3 목적지63 | 1000스텝 | 배송 55/63 | 재적재 11 | 중계율 0.19 | alpha 0.932 | step_limit
Ep 275 | 드론3 목적지46 | 1000스텝 | 배송 42/46 | 재적재  8 | 중계율 0.29 | alpha 0.918 | step_limit
Ep 276 | 드론4 목적지62 | 1000스텝 | 배송 55/62 | 재적재 10 | 중계율 0.30 | alpha 0.928 | step_limit
Ep 277 | 드론4 목적지35 |  491스텝 | 배송 35/35 | 재적재  5 | 중계율 0.25 | alpha 0.920 | complete
Ep 278 | 드론3 목적지79 | 1000스텝 | 배송 69/79 | 재적재 13 | 중계율 0.19 | alpha 0.908 | step_limit
Ep 279 | 드론3 목적지50 |  992스텝 | 배송 50/50 | 재적재  8 | 중계율 0.23 | alpha 0.870 | complete
Ep 280 | 드론3 목적지71 | 1000스텝 | 배송 56/71 | 재적재 11 | 중계율 0.21 | alpha 0.842 | step_limit
Ep 281 | 드론4 목적지52 |  677스텝 | 배송 52/52 | 재적재  8 | 중계율 0.26 | alpha 0.829 | complete
Ep 282 | 드론3 목적지55 |  923스텝 | 배송 55/55 | 재적재 10 | 중계율 0.20 | alpha 0.823 | complete
Ep 283 | 드론3 목적지44 |  828스텝 | 배송 44/44 | 재적재  8 | 중계율 0.16 | alpha 0.818 | complete
Ep 284 | 드론4 목적지61 |  846스텝 | 배송 61/61 | 재적재 10 | 중계율 0.20 | alpha 0.816 | complete
Ep 285 | 드론4 목적지61 | 1000스텝 | 배송 54/61 | 재적재  9 | 중계율 0.22 | alpha 0.809 | step_limit
Ep 286 | 드론4 목적지35 |  601스텝 | 배송 35/35 | 재적재  4 | 중계율 0.18 | alpha 0.786 | complete
Ep 287 | 드론4 목적지42 |  717스텝 | 배송 42/42 | 재적재  6 | 중계율 0.25 | alpha 0.779 | complete
Ep 288 | 드론3 목적지26 |  548스텝 | 배송 26/26 | 재적재  5 | 중계율 0.26 | alpha 0.779 | complete
Ep 289 | 드론4 목적지71 |  968스텝 | 배송 71/71 | 재적재 12 | 중계율 0.19 | alpha 0.783 | complete
Ep 290 | 드론3 목적지34 |  778스텝 | 배송 34/34 | 재적재  5 | 중계율 0.23 | alpha 0.785 | complete
Ep 291 | 드론4 목적지70 |  892스텝 | 배송 70/70 | 재적재 12 | 중계율 0.24 | alpha 0.776 | complete
Ep 292 | 드론4 목적지25 |  327스텝 | 배송 25/25 | 재적재  4 | 중계율 0.20 | alpha 0.779 | complete
Ep 293 | 드론4 목적지78 |  897스텝 | 배송 78/78 | 재적재 13 | 중계율 0.26 | alpha 0.785 | complete
Ep 294 | 드론3 목적지63 | 1000스텝 | 배송 56/63 | 재적재 11 | 중계율 0.25 | alpha 0.780 | step_limit
Ep 295 | 드론3 목적지40 |  654스텝 | 배송 40/40 | 재적재  6 | 중계율 0.26 | alpha 0.776 | complete
Ep 296 | 드론3 목적지78 | 1000스텝 | 배송 60/78 | 재적재 10 | 중계율 0.23 | alpha 0.761 | step_limit
Ep 297 | 드론3 목적지76 |  992스텝 | 배송 76/76 | 재적재 13 | 중계율 0.19 | alpha 0.747 | complete
Ep 298 | 드론4 목적지42 |  503스텝 | 배송 42/42 | 재적재  6 | 중계율 0.18 | alpha 0.739 | complete
Ep 299 | 드론4 목적지34 |  993스텝 | 배송 34/34 | 재적재  5 | 중계율 0.37 | alpha 0.722 | complete
Ep 300 | 드론4 목적지73 | 1000스텝 | 배송 60/73 | 재적재 11 | 중계율 0.25 | alpha 0.721 | step_limit
  [홀드아웃] 배송 50.0±0.2 완주 0.97 스텝 927 점수 125.1 재적재 7.7 2홉+ 0.62 | 최고 127.2@ep150 정체 3/15
Ep 301 | 드론4 목적지74 |  850스텝 | 배송 74/74 | 재적재 13 | 중계율 0.20 | alpha 0.715 | complete
Ep 302 | 드론3 목적지56 | 1000스텝 | 배송 55/56 | 재적재  9 | 중계율 0.27 | alpha 0.702 | step_limit
Ep 303 | 드론4 목적지24 |  462스텝 | 배송 24/24 | 재적재  2 | 중계율 0.22 | alpha 0.701 | complete
Ep 304 | 드론4 목적지67 | 1000스텝 | 배송 65/67 | 재적재 11 | 중계율 0.27 | alpha 0.691 | step_limit
Ep 305 | 드론3 목적지69 | 1000스텝 | 배송 57/69 | 재적재 10 | 중계율 0.21 | alpha 0.672 | step_limit
Ep 306 | 드론3 목적지30 |  545스텝 | 배송 30/30 | 재적재  4 | 중계율 0.24 | alpha 0.668 | complete
Ep 307 | 드론4 목적지46 |  644스텝 | 배송 46/46 | 재적재  6 | 중계율 0.14 | alpha 0.664 | complete
Ep 308 | 드론3 목적지45 |  843스텝 | 배송 45/45 | 재적재  8 | 중계율 0.24 | alpha 0.664 | complete
Ep 309 | 드론4 목적지80 | 1000스텝 | 배송 71/80 | 재적재 12 | 중계율 0.25 | alpha 0.663 | step_limit
Ep 310 | 드론3 목적지26 |  472스텝 | 배송 26/26 | 재적재  3 | 중계율 0.25 | alpha 0.667 | complete
Ep 311 | 드론3 목적지52 | 1000스텝 | 배송 50/52 | 재적재  9 | 중계율 0.16 | alpha 0.675 | step_limit
Ep 312 | 드론3 목적지42 |  901스텝 | 배송 42/42 | 재적재  7 | 중계율 0.28 | alpha 0.681 | complete
Ep 313 | 드론3 목적지60 | 1000스텝 | 배송 51/60 | 재적재  9 | 중계율 0.23 | alpha 0.678 | step_limit
Ep 314 | 드론3 목적지78 | 1000스텝 | 배송 61/78 | 재적재 11 | 중계율 0.23 | alpha 0.677 | step_limit
Ep 315 | 드론4 목적지51 | 1000스텝 | 배송 50/51 | 재적재  9 | 중계율 0.32 | alpha 0.681 | step_limit
Ep 316 | 드론4 목적지58 |  833스텝 | 배송 58/58 | 재적재 11 | 중계율 0.23 | alpha 0.668 | complete
Ep 317 | 드론4 목적지75 | 1000스텝 | 배송 71/75 | 재적재 13 | 중계율 0.26 | alpha 0.658 | step_limit
Ep 318 | 드론4 목적지56 |  915스텝 | 배송 56/56 | 재적재 11 | 중계율 0.32 | alpha 0.648 | complete
Ep 319 | 드론3 목적지69 | 1000스텝 | 배송 55/69 | 재적재  9 | 중계율 0.29 | alpha 0.653 | step_limit
Ep 320 | 드론4 목적지45 |  710스텝 | 배송 45/45 | 재적재  6 | 중계율 0.32 | alpha 0.651 | complete
Ep 321 | 드론4 목적지28 |  383스텝 | 배송 28/28 | 재적재  3 | 중계율 0.26 | alpha 0.648 | complete
Ep 322 | 드론4 목적지59 |  771스텝 | 배송 59/59 | 재적재  9 | 중계율 0.16 | alpha 0.644 | complete
Ep 323 | 드론3 목적지44 | 1000스텝 | 배송 43/44 | 재적재  7 | 중계율 0.31 | alpha 0.632 | step_limit
Ep 324 | 드론3 목적지25 |  542스텝 | 배송 25/25 | 재적재  3 | 중계율 0.16 | alpha 0.627 | complete
Ep 325 | 드론4 목적지65 |  788스텝 | 배송 65/65 | 재적재 11 | 중계율 0.18 | alpha 0.623 | complete
Ep 326 | 드론3 목적지31 |  687스텝 | 배송 31/31 | 재적재  6 | 중계율 0.27 | alpha 0.615 | complete
Ep 327 | 드론4 목적지67 |  777스텝 | 배송 67/67 | 재적재 10 | 중계율 0.25 | alpha 0.599 | complete
Ep 328 | 드론3 목적지65 | 1000스텝 | 배송 53/65 | 재적재  9 | 중계율 0.18 | alpha 0.584 | step_limit
Ep 329 | 드론4 목적지33 |  608스텝 | 배송 33/33 | 재적재  4 | 중계율 0.28 | alpha 0.568 | complete
Ep 330 | 드론4 목적지76 | 1000스텝 | 배송 70/76 | 재적재 13 | 중계율 0.26 | alpha 0.547 | step_limit
Ep 331 | 드론3 목적지76 | 1000스텝 | 배송 61/76 | 재적재 10 | 중계율 0.22 | alpha 0.531 | step_limit
Ep 332 | 드론4 목적지75 |  935스텝 | 배송 75/75 | 재적재 14 | 중계율 0.21 | alpha 0.519 | complete
Ep 333 | 드론3 목적지26 |  419스텝 | 배송 26/26 | 재적재  3 | 중계율 0.19 | alpha 0.511 | complete
Ep 334 | 드론3 목적지63 | 1000스텝 | 배송 56/63 | 재적재 10 | 중계율 0.18 | alpha 0.501 | step_limit
Ep 335 | 드론4 목적지28 |  896스텝 | 배송 27/28 | 재적재  4 | 중계율 0.29 | alpha 0.494 | no_progress
Ep 336 | 드론3 목적지54 | 1000스텝 | 배송 53/54 | 재적재 10 | 중계율 0.26 | alpha 0.491 | step_limit
Ep 337 | 드론3 목적지65 | 1000스텝 | 배송 55/65 | 재적재  9 | 중계율 0.27 | alpha 0.487 | step_limit
Ep 338 | 드론3 목적지68 | 1000스텝 | 배송 54/68 | 재적재  9 | 중계율 0.22 | alpha 0.474 | step_limit
Ep 339 | 드론4 목적지47 |  588스텝 | 배송 47/47 | 재적재  8 | 중계율 0.15 | alpha 0.472 | complete
Ep 340 | 드론3 목적지73 | 1000스텝 | 배송 60/73 | 재적재 10 | 중계율 0.23 | alpha 0.471 | step_limit
Ep 341 | 드론3 목적지64 | 1000스텝 | 배송 55/64 | 재적재  9 | 중계율 0.32 | alpha 0.469 | step_limit
Ep 342 | 드론3 목적지26 |  456스텝 | 배송 26/26 | 재적재  4 | 중계율 0.18 | alpha 0.469 | complete
Ep 343 | 드론4 목적지58 |  828스텝 | 배송 58/58 | 재적재  9 | 중계율 0.30 | alpha 0.461 | complete
Ep 344 | 드론4 목적지23 |  305스텝 | 배송 23/23 | 재적재  4 | 중계율 0.18 | alpha 0.459 | complete
Ep 345 | 드론4 목적지53 |  932스텝 | 배송 53/53 | 재적재  9 | 중계율 0.29 | alpha 0.463 | complete
Ep 346 | 드론3 목적지21 |  581스텝 | 배송 21/21 | 재적재  3 | 중계율 0.28 | alpha 0.464 | complete
Ep 347 | 드론4 목적지39 |  604스텝 | 배송 39/39 | 재적재  6 | 중계율 0.24 | alpha 0.467 | complete
Ep 348 | 드론4 목적지46 |  601스텝 | 배송 46/46 | 재적재  7 | 중계율 0.19 | alpha 0.462 | complete
Ep 349 | 드론4 목적지37 |  488스텝 | 배송 37/37 | 재적재  5 | 중계율 0.28 | alpha 0.455 | complete
Ep 350 | 드론3 목적지42 |  788스텝 | 배송 42/42 | 재적재  7 | 중계율 0.24 | alpha 0.442 | complete
  [홀드아웃] 배송 50.0±0.1 완주 0.99 스텝 887 점수 126.9 재적재 7.7 2홉+ 0.61 | 최고 127.2@ep150 정체 4/15
Ep 351 | 드론4 목적지54 |  896스텝 | 배송 54/54 | 재적재  9 | 중계율 0.24 | alpha 0.432 | complete
Ep 352 | 드론4 목적지69 | 1000스텝 | 배송 66/69 | 재적재 11 | 중계율 0.26 | alpha 0.423 | step_limit
Ep 353 | 드론3 목적지44 |  838스텝 | 배송 44/44 | 재적재  8 | 중계율 0.22 | alpha 0.415 | complete
Ep 354 | 드론3 목적지49 |  712스텝 | 배송 49/49 | 재적재  8 | 중계율 0.19 | alpha 0.409 | complete
Ep 355 | 드론3 목적지28 |  580스텝 | 배송 28/28 | 재적재  4 | 중계율 0.22 | alpha 0.402 | complete
Ep 356 | 드론3 목적지79 | 1000스텝 | 배송 70/79 | 재적재 13 | 중계율 0.16 | alpha 0.391 | step_limit
Ep 357 | 드론4 목적지71 |  940스텝 | 배송 71/71 | 재적재 13 | 중계율 0.16 | alpha 0.386 | complete
Ep 358 | 드론3 목적지30 |  540스텝 | 배송 30/30 | 재적재  5 | 중계율 0.24 | alpha 0.384 | complete
Ep 359 | 드론3 목적지74 | 1000스텝 | 배송 55/74 | 재적재 10 | 중계율 0.14 | alpha 0.374 | step_limit
Ep 360 | 드론4 목적지47 | 1000스텝 | 배송 42/47 | 재적재  7 | 중계율 0.29 | alpha 0.366 | step_limit
Ep 361 | 드론3 목적지43 |  950스텝 | 배송 43/43 | 재적재  7 | 중계율 0.26 | alpha 0.361 | complete
Ep 362 | 드론4 목적지78 |  820스텝 | 배송 78/78 | 재적재 14 | 중계율 0.20 | alpha 0.356 | complete
Ep 363 | 드론4 목적지70 |  709스텝 | 배송 70/70 | 재적재 11 | 중계율 0.17 | alpha 0.352 | complete
Ep 364 | 드론3 목적지64 | 1000스텝 | 배송 56/64 | 재적재 11 | 중계율 0.28 | alpha 0.339 | step_limit
Ep 365 | 드론3 목적지63 | 1000스텝 | 배송 54/63 | 재적재  8 | 중계율 0.32 | alpha 0.331 | step_limit
Ep 366 | 드론3 목적지44 | 1000스텝 | 배송 40/44 | 재적재  7 | 중계율 0.25 | alpha 0.325 | step_limit
Ep 367 | 드론4 목적지38 |  465스텝 | 배송 38/38 | 재적재  4 | 중계율 0.25 | alpha 0.323 | complete
Ep 368 | 드론3 목적지37 |  642스텝 | 배송 37/37 | 재적재  6 | 중계율 0.17 | alpha 0.316 | complete
Ep 369 | 드론3 목적지42 |  783스텝 | 배송 42/42 | 재적재  8 | 중계율 0.25 | alpha 0.312 | complete
Ep 370 | 드론3 목적지70 | 1000스텝 | 배송 54/70 | 재적재 10 | 중계율 0.23 | alpha 0.306 | step_limit
Ep 371 | 드론3 목적지40 |  833스텝 | 배송 40/40 | 재적재  7 | 중계율 0.24 | alpha 0.298 | complete
Ep 372 | 드론4 목적지29 |  452스텝 | 배송 29/29 | 재적재  4 | 중계율 0.20 | alpha 0.296 | complete
Ep 373 | 드론3 목적지79 | 1000스텝 | 배송 66/79 | 재적재 12 | 중계율 0.16 | alpha 0.288 | step_limit
Ep 374 | 드론3 목적지40 |  776스텝 | 배송 40/40 | 재적재  6 | 중계율 0.26 | alpha 0.282 | complete
Ep 375 | 드론3 목적지28 |  565스텝 | 배송 28/28 | 재적재  4 | 중계율 0.27 | alpha 0.279 | complete
Ep 376 | 드론3 목적지40 |  890스텝 | 배송 40/40 | 재적재  7 | 중계율 0.34 | alpha 0.271 | complete
Ep 377 | 드론3 목적지72 | 1000스텝 | 배송 50/72 | 재적재  9 | 중계율 0.24 | alpha 0.261 | step_limit
Ep 378 | 드론4 목적지61 |  891스텝 | 배송 61/61 | 재적재 10 | 중계율 0.23 | alpha 0.252 | complete
Ep 379 | 드론4 목적지68 |  946스텝 | 배송 68/68 | 재적재 11 | 중계율 0.29 | alpha 0.245 | complete
Ep 380 | 드론3 목적지24 |  430스텝 | 배송 24/24 | 재적재  3 | 중계율 0.22 | alpha 0.241 | complete
Ep 381 | 드론3 목적지52 | 1000스텝 | 배송 50/52 | 재적재  8 | 중계율 0.29 | alpha 0.233 | step_limit
Ep 382 | 드론4 목적지35 |  430스텝 | 배송 35/35 | 재적재  4 | 중계율 0.20 | alpha 0.230 | complete
Ep 383 | 드론3 목적지47 | 1000스텝 | 배송 37/47 | 재적재  6 | 중계율 0.21 | alpha 0.224 | step_limit
Ep 384 | 드론3 목적지28 |  510스텝 | 배송 28/28 | 재적재  5 | 중계율 0.23 | alpha 0.219 | complete
Ep 385 | 드론4 목적지70 |  872스텝 | 배송 70/70 | 재적재 11 | 중계율 0.22 | alpha 0.213 | complete
Ep 386 | 드론4 목적지71 |  675스텝 | 배송 71/71 | 재적재 12 | 중계율 0.18 | alpha 0.206 | complete
Ep 387 | 드론3 목적지49 |  607스텝 | 배송 49/49 | 재적재  8 | 중계율 0.14 | alpha 0.202 | complete
Ep 388 | 드론3 목적지21 |  586스텝 | 배송 21/21 | 재적재  2 | 중계율 0.34 | alpha 0.197 | complete
Ep 389 | 드론4 목적지60 |  627스텝 | 배송 60/60 | 재적재 10 | 중계율 0.16 | alpha 0.191 | complete
Ep 390 | 드론4 목적지30 |  434스텝 | 배송 30/30 | 재적재  4 | 중계율 0.29 | alpha 0.187 | complete
Ep 391 | 드론3 목적지51 | 1000스텝 | 배송 50/51 | 재적재  9 | 중계율 0.13 | alpha 0.178 | step_limit
Ep 392 | 드론3 목적지39 |  709스텝 | 배송 39/39 | 재적재  6 | 중계율 0.28 | alpha 0.172 | complete
Ep 393 | 드론4 목적지73 |  804스텝 | 배송 73/73 | 재적재 12 | 중계율 0.16 | alpha 0.168 | complete
Ep 394 | 드론3 목적지32 |  640스텝 | 배송 32/32 | 재적재  5 | 중계율 0.26 | alpha 0.162 | complete
Ep 395 | 드론4 목적지70 |  886스텝 | 배송 70/70 | 재적재 13 | 중계율 0.18 | alpha 0.155 | complete
Ep 396 | 드론4 목적지28 |  372스텝 | 배송 28/28 | 재적재  3 | 중계율 0.23 | alpha 0.151 | complete
Ep 397 | 드론3 목적지39 |  682스텝 | 배송 39/39 | 재적재  5 | 중계율 0.29 | alpha 0.146 | complete
Ep 398 | 드론3 목적지40 | 1000스텝 | 배송 37/40 | 재적재  7 | 중계율 0.25 | alpha 0.139 | step_limit
Ep 399 | 드론3 목적지51 |  883스텝 | 배송 51/51 | 재적재  9 | 중계율 0.24 | alpha 0.135 | complete
Ep 400 | 드론3 목적지79 | 1000스텝 | 배송 40/79 | 재적재  7 | 중계율 0.24 | alpha 0.128 | step_limit
  [홀드아웃] 배송 49.9±0.6 완주 0.99 스텝 891 점수 126.9 재적재 7.6 2홉+ 0.62 | 최고 127.2@ep150 정체 5/15
Ep 401 | 드론3 목적지63 | 1000스텝 | 배송 56/63 | 재적재 11 | 중계율 0.21 | alpha 0.123 | step_limit
Ep 402 | 드론3 목적지32 |  688스텝 | 배송 32/32 | 재적재  5 | 중계율 0.23 | alpha 0.120 | complete
Ep 403 | 드론3 목적지76 | 1000스텝 | 배송 72/76 | 재적재 13 | 중계율 0.20 | alpha 0.116 | step_limit
Ep 404 | 드론4 목적지23 |  307스텝 | 배송 23/23 | 재적재  3 | 중계율 0.22 | alpha 0.116 | complete
Ep 405 | 드론3 목적지67 | 1000스텝 | 배송 51/67 | 재적재  9 | 중계율 0.23 | alpha 0.112 | step_limit
Ep 406 | 드론3 목적지48 |  920스텝 | 배송 48/48 | 재적재  8 | 중계율 0.25 | alpha 0.111 | complete
Ep 407 | 드론3 목적지72 | 1000스텝 | 배송 60/72 | 재적재 11 | 중계율 0.22 | alpha 0.109 | step_limit
Ep 408 | 드론4 목적지79 | 1000스텝 | 배송 76/79 | 재적재 13 | 중계율 0.22 | alpha 0.109 | step_limit
Ep 409 | 드론4 목적지28 |  383스텝 | 배송 28/28 | 재적재  4 | 중계율 0.12 | alpha 0.109 | complete
Ep 410 | 드론4 목적지46 | 1000스텝 | 배송 44/46 | 재적재  7 | 중계율 0.32 | alpha 0.109 | step_limit
Ep 411 | 드론4 목적지69 | 1000스텝 | 배송 60/69 | 재적재 10 | 중계율 0.33 | alpha 0.109 | step_limit
Ep 412 | 드론3 목적지47 |  864스텝 | 배송 47/47 | 재적재  9 | 중계율 0.20 | alpha 0.110 | complete
Ep 413 | 드론4 목적지45 |  646스텝 | 배송 45/45 | 재적재  7 | 중계율 0.22 | alpha 0.110 | complete
Ep 414 | 드론3 목적지76 | 1000스텝 | 배송 69/76 | 재적재 12 | 중계율 0.21 | alpha 0.112 | step_limit
Ep 415 | 드론3 목적지79 | 1000스텝 | 배송 61/79 | 재적재 10 | 중계율 0.21 | alpha 0.116 | step_limit
Ep 416 | 드론3 목적지20 |  524스텝 | 배송 20/20 | 재적재  3 | 중계율 0.21 | alpha 0.117 | complete
Ep 417 | 드론3 목적지45 |  756스텝 | 배송 45/45 | 재적재  7 | 중계율 0.23 | alpha 0.120 | complete
Ep 418 | 드론3 목적지75 | 1000스텝 | 배송 71/75 | 재적재 12 | 중계율 0.21 | alpha 0.123 | step_limit
Ep 419 | 드론4 목적지78 |  971스텝 | 배송 78/78 | 재적재 13 | 중계율 0.27 | alpha 0.125 | complete
Ep 420 | 드론4 목적지33 |  479스텝 | 배송 33/33 | 재적재  5 | 중계율 0.22 | alpha 0.128 | complete
Ep 421 | 드론3 목적지62 | 1000스텝 | 배송 47/62 | 재적재  7 | 중계율 0.27 | alpha 0.130 | step_limit
Ep 422 | 드론4 목적지51 |  968스텝 | 배송 51/51 | 재적재 10 | 중계율 0.36 | alpha 0.133 | complete
Ep 423 | 드론3 목적지44 |  763스텝 | 배송 44/44 | 재적재  7 | 중계율 0.28 | alpha 0.137 | complete
Ep 424 | 드론3 목적지33 |  825스텝 | 배송 33/33 | 재적재  4 | 중계율 0.36 | alpha 0.140 | complete
Ep 425 | 드론3 목적지33 |  483스텝 | 배송 33/33 | 재적재  5 | 중계율 0.09 | alpha 0.141 | complete
Ep 426 | 드론4 목적지24 |  403스텝 | 배송 24/24 | 재적재  2 | 중계율 0.20 | alpha 0.142 | complete
Ep 427 | 드론3 목적지64 | 1000스텝 | 배송 55/64 | 재적재  9 | 중계율 0.26 | alpha 0.146 | step_limit
Ep 428 | 드론4 목적지53 | 1000스텝 | 배송 48/53 | 재적재  8 | 중계율 0.33 | alpha 0.150 | step_limit
Ep 429 | 드론3 목적지36 |  700스텝 | 배송 36/36 | 재적재  6 | 중계율 0.22 | alpha 0.154 | complete
Ep 430 | 드론4 목적지48 |  735스텝 | 배송 48/48 | 재적재  9 | 중계율 0.28 | alpha 0.158 | complete
Ep 431 | 드론3 목적지56 | 1000스텝 | 배송 49/56 | 재적재  7 | 중계율 0.28 | alpha 0.161 | step_limit
Ep 432 | 드론3 목적지45 |  844스텝 | 배송 45/45 | 재적재  7 | 중계율 0.21 | alpha 0.166 | complete
Ep 433 | 드론4 목적지25 |  440스텝 | 배송 25/25 | 재적재  3 | 중계율 0.28 | alpha 0.170 | complete
Ep 434 | 드론3 목적지58 | 1000스텝 | 배송 56/58 | 재적재 11 | 중계율 0.27 | alpha 0.178 | step_limit
Ep 435 | 드론3 목적지72 | 1000스텝 | 배송 55/72 | 재적재  9 | 중계율 0.27 | alpha 0.183 | step_limit
Ep 436 | 드론3 목적지71 | 1000스텝 | 배송 68/71 | 재적재 11 | 중계율 0.15 | alpha 0.188 | step_limit
Ep 437 | 드론3 목적지53 | 1000스텝 | 배송 51/53 | 재적재  9 | 중계율 0.30 | alpha 0.194 | step_limit
Ep 438 | 드론4 목적지31 |  749스텝 | 배송 31/31 | 재적재  5 | 중계율 0.30 | alpha 0.196 | complete
Ep 439 | 드론4 목적지77 |  846스텝 | 배송 77/77 | 재적재 13 | 중계율 0.22 | alpha 0.201 | complete
Ep 440 | 드론3 목적지73 | 1000스텝 | 배송 60/73 | 재적재 12 | 중계율 0.22 | alpha 0.207 | step_limit
Ep 441 | 드론4 목적지27 |  284스텝 | 배송 27/27 | 재적재  4 | 중계율 0.13 | alpha 0.209 | complete
Ep 442 | 드론3 목적지20 |  441스텝 | 배송 20/20 | 재적재  3 | 중계율 0.25 | alpha 0.212 | complete
Ep 443 | 드론4 목적지73 |  831스텝 | 배송 73/73 | 재적재 13 | 중계율 0.15 | alpha 0.220 | complete
Ep 444 | 드론3 목적지56 |  814스텝 | 배송 56/56 | 재적재 11 | 중계율 0.17 | alpha 0.226 | complete
Ep 445 | 드론4 목적지20 |  384스텝 | 배송 20/20 | 재적재  2 | 중계율 0.33 | alpha 0.229 | complete
Ep 446 | 드론3 목적지26 |  613스텝 | 배송 26/26 | 재적재  4 | 중계율 0.26 | alpha 0.235 | complete
Ep 447 | 드론3 목적지41 |  740스텝 | 배송 41/41 | 재적재  7 | 중계율 0.20 | alpha 0.242 | complete
Ep 448 | 드론4 목적지73 |  815스텝 | 배송 73/73 | 재적재 12 | 중계율 0.22 | alpha 0.246 | complete
Ep 449 | 드론3 목적지56 | 1000스텝 | 배송 48/56 | 재적재  9 | 중계율 0.25 | alpha 0.252 | step_limit
Ep 450 | 드론3 목적지35 |  608스텝 | 배송 35/35 | 재적재  6 | 중계율 0.27 | alpha 0.256 | complete
  [홀드아웃] 배송 49.9±0.4 완주 0.95 스텝 915 점수 122.8 재적재 7.7 2홉+ 0.62 | 최고 127.2@ep150 정체 6/15
Ep 451 | 드론4 목적지77 |  800스텝 | 배송 77/77 | 재적재 14 | 중계율 0.12 | alpha 0.260 | complete
Ep 452 | 드론3 목적지22 |  613스텝 | 배송 22/22 | 재적재  3 | 중계율 0.20 | alpha 0.262 | complete
Ep 453 | 드론4 목적지47 |  655스텝 | 배송 47/47 | 재적재  9 | 중계율 0.18 | alpha 0.267 | complete
Ep 454 | 드론4 목적지72 | 1000스텝 | 배송 71/72 | 재적재 14 | 중계율 0.26 | alpha 0.273 | step_limit
Ep 455 | 드론4 목적지63 | 1000스텝 | 배송 57/63 | 재적재 10 | 중계율 0.23 | alpha 0.278 | step_limit
Ep 456 | 드론3 목적지73 | 1000스텝 | 배송 60/73 | 재적재 10 | 중계율 0.18 | alpha 0.285 | step_limit
Ep 457 | 드론4 목적지36 |  843스텝 | 배송 27/36 | 재적재  4 | 중계율 0.31 | alpha 0.290 | no_progress
Ep 458 | 드론4 목적지78 |  804스텝 | 배송 78/78 | 재적재 15 | 중계율 0.16 | alpha 0.298 | complete
Ep 459 | 드론4 목적지45 |  771스텝 | 배송 45/45 | 재적재  7 | 중계율 0.32 | alpha 0.298 | complete
Ep 460 | 드론3 목적지70 | 1000스텝 | 배송 57/70 | 재적재  9 | 중계율 0.28 | alpha 0.304 | step_limit
Ep 461 | 드론3 목적지39 |  742스텝 | 배송 39/39 | 재적재  6 | 중계율 0.18 | alpha 0.312 | complete
Ep 462 | 드론4 목적지62 | 1000스텝 | 배송 58/62 | 재적재 11 | 중계율 0.24 | alpha 0.312 | step_limit
Ep 463 | 드론3 목적지67 | 1000스텝 | 배송 65/67 | 재적재 11 | 중계율 0.21 | alpha 0.316 | step_limit
Ep 464 | 드론3 목적지33 |  787스텝 | 배송 33/33 | 재적재  5 | 중계율 0.15 | alpha 0.319 | complete
Ep 465 | 드론4 목적지80 | 1000스텝 | 배송 67/80 | 재적재 11 | 중계율 0.30 | alpha 0.318 | step_limit
Ep 466 | 드론4 목적지42 |  721스텝 | 배송 42/42 | 재적재  7 | 중계율 0.14 | alpha 0.316 | complete
Ep 467 | 드론3 목적지63 | 1000스텝 | 배송 62/63 | 재적재 12 | 중계율 0.19 | alpha 0.313 | step_limit
Ep 468 | 드론3 목적지78 | 1000스텝 | 배송 62/78 | 재적재 12 | 중계율 0.22 | alpha 0.315 | step_limit
Ep 469 | 드론4 목적지48 |  857스텝 | 배송 48/48 | 재적재  7 | 중계율 0.18 | alpha 0.317 | complete
Ep 470 | 드론4 목적지70 | 1000스텝 | 배송 65/70 | 재적재 10 | 중계율 0.24 | alpha 0.315 | step_limit
Ep 471 | 드론3 목적지24 |  381스텝 | 배송 24/24 | 재적재  3 | 중계율 0.15 | alpha 0.315 | complete
Ep 472 | 드론4 목적지62 |  977스텝 | 배송 62/62 | 재적재 10 | 중계율 0.23 | alpha 0.316 | complete
Ep 473 | 드론3 목적지30 |  578스텝 | 배송 30/30 | 재적재  4 | 중계율 0.28 | alpha 0.318 | complete
Ep 474 | 드론3 목적지37 | 1000스텝 | 배송 36/37 | 재적재  7 | 중계율 0.29 | alpha 0.316 | step_limit
Ep 475 | 드론3 목적지71 | 1000스텝 | 배송 65/71 | 재적재 12 | 중계율 0.22 | alpha 0.319 | step_limit
Ep 476 | 드론3 목적지29 |  793스텝 | 배송 29/29 | 재적재  4 | 중계율 0.29 | alpha 0.323 | complete
Ep 477 | 드론3 목적지36 |  637스텝 | 배송 36/36 | 재적재  6 | 중계율 0.26 | alpha 0.323 | complete
Ep 478 | 드론3 목적지52 | 1000스텝 | 배송 50/52 | 재적재 10 | 중계율 0.27 | alpha 0.325 | step_limit
Ep 479 | 드론4 목적지75 | 1000스텝 | 배송 69/75 | 재적재 11 | 중계율 0.26 | alpha 0.327 | step_limit
Ep 480 | 드론4 목적지64 |  691스텝 | 배송 64/64 | 재적재 12 | 중계율 0.18 | alpha 0.325 | complete
Ep 481 | 드론3 목적지70 | 1000스텝 | 배송 61/70 | 재적재 11 | 중계율 0.28 | alpha 0.322 | step_limit
Ep 482 | 드론4 목적지39 |  472스텝 | 배송 39/39 | 재적재  6 | 중계율 0.15 | alpha 0.321 | complete
Ep 483 | 드론4 목적지51 |  780스텝 | 배송 51/51 | 재적재  8 | 중계율 0.26 | alpha 0.327 | complete
Ep 484 | 드론4 목적지43 |  590스텝 | 배송 43/43 | 재적재  8 | 중계율 0.28 | alpha 0.326 | complete
Ep 485 | 드론3 목적지36 | 1000스텝 | 배송 26/36 | 재적재  3 | 중계율 0.32 | alpha 0.330 | step_limit
Ep 486 | 드론3 목적지53 |  899스텝 | 배송 53/53 | 재적재  9 | 중계율 0.23 | alpha 0.338 | complete
Ep 487 | 드론4 목적지34 |  811스텝 | 배송 30/34 | 재적재  4 | 중계율 0.23 | alpha 0.339 | no_progress
Ep 488 | 드론3 목적지73 | 1000스텝 | 배송 58/73 | 재적재 11 | 중계율 0.22 | alpha 0.339 | step_limit
Ep 489 | 드론4 목적지52 |  680스텝 | 배송 52/52 | 재적재  9 | 중계율 0.25 | alpha 0.339 | complete
Ep 490 | 드론4 목적지40 |  508스텝 | 배송 40/40 | 재적재  6 | 중계율 0.26 | alpha 0.342 | complete
Ep 491 | 드론3 목적지47 |  890스텝 | 배송 47/47 | 재적재  8 | 중계율 0.22 | alpha 0.343 | complete
Ep 492 | 드론3 목적지71 | 1000스텝 | 배송 60/71 | 재적재  9 | 중계율 0.26 | alpha 0.346 | step_limit
Ep 493 | 드론3 목적지46 |  792스텝 | 배송 46/46 | 재적재  8 | 중계율 0.26 | alpha 0.349 | complete
Ep 494 | 드론3 목적지47 |  942스텝 | 배송 47/47 | 재적재  8 | 중계율 0.25 | alpha 0.357 | complete
Ep 495 | 드론3 목적지45 |  898스텝 | 배송 45/45 | 재적재  7 | 중계율 0.27 | alpha 0.359 | complete
Ep 496 | 드론4 목적지65 |  917스텝 | 배송 65/65 | 재적재 12 | 중계율 0.18 | alpha 0.362 | complete
Ep 497 | 드론3 목적지35 |  743스텝 | 배송 35/35 | 재적재  6 | 중계율 0.15 | alpha 0.364 | complete
Ep 498 | 드론4 목적지39 |  837스텝 | 배송 39/39 | 재적재  6 | 중계율 0.37 | alpha 0.365 | complete
Ep 499 | 드론4 목적지28 |  540스텝 | 배송 28/28 | 재적재  3 | 중계율 0.25 | alpha 0.364 | complete
Ep 500 | 드론3 목적지49 | 1000스텝 | 배송 47/49 | 재적재  9 | 중계율 0.30 | alpha 0.362 | step_limit
  [홀드아웃] 배송 49.8±0.8 완주 0.95 스텝 900 점수 123.0 재적재 7.7 2홉+ 0.62 | 최고 127.2@ep150 정체 7/15
Ep 501 | 드론4 목적지26 |  436스텝 | 배송 26/26 | 재적재  4 | 중계율 0.30 | alpha 0.360 | complete
Ep 502 | 드론4 목적지69 |  697스텝 | 배송 69/69 | 재적재 12 | 중계율 0.16 | alpha 0.363 | complete
Ep 503 | 드론4 목적지44 |  906스텝 | 배송 44/44 | 재적재  6 | 중계율 0.26 | alpha 0.364 | complete
Ep 504 | 드론4 목적지34 |  610스텝 | 배송 34/34 | 재적재  3 | 중계율 0.34 | alpha 0.366 | complete
Ep 505 | 드론4 목적지77 | 1000스텝 | 배송 57/77 | 재적재  9 | 중계율 0.35 | alpha 0.360 | step_limit
Ep 506 | 드론4 목적지55 |  574스텝 | 배송 55/55 | 재적재  9 | 중계율 0.14 | alpha 0.359 | complete
Ep 507 | 드론3 목적지61 |  927스텝 | 배송 61/61 | 재적재 12 | 중계율 0.15 | alpha 0.359 | complete
Ep 508 | 드론3 목적지24 |  421스텝 | 배송 24/24 | 재적재  3 | 중계율 0.21 | alpha 0.358 | complete
Ep 509 | 드론3 목적지48 | 1000스텝 | 배송 45/48 | 재적재  7 | 중계율 0.28 | alpha 0.357 | step_limit
Ep 510 | 드론4 목적지71 | 1000스텝 | 배송 69/71 | 재적재 13 | 중계율 0.28 | alpha 0.358 | step_limit
Ep 511 | 드론4 목적지39 |  785스텝 | 배송 39/39 | 재적재  6 | 중계율 0.34 | alpha 0.356 | complete
Ep 512 | 드론4 목적지29 |  386스텝 | 배송 29/29 | 재적재  4 | 중계율 0.15 | alpha 0.356 | complete
Ep 513 | 드론4 목적지46 |  840스텝 | 배송 46/46 | 재적재  8 | 중계율 0.26 | alpha 0.356 | complete
Ep 514 | 드론3 목적지49 |  897스텝 | 배송 49/49 | 재적재  9 | 중계율 0.25 | alpha 0.353 | complete
Ep 515 | 드론3 목적지70 | 1000스텝 | 배송 62/70 | 재적재 12 | 중계율 0.25 | alpha 0.355 | step_limit
Ep 516 | 드론4 목적지63 | 1000스텝 | 배송 58/63 | 재적재  9 | 중계율 0.33 | alpha 0.354 | step_limit
Ep 517 | 드론4 목적지44 |  654스텝 | 배송 44/44 | 재적재  7 | 중계율 0.27 | alpha 0.352 | complete
Ep 518 | 드론3 목적지57 | 1000스텝 | 배송 52/57 | 재적재 10 | 중계율 0.33 | alpha 0.351 | step_limit
Ep 519 | 드론4 목적지34 |  468스텝 | 배송 34/34 | 재적재  4 | 중계율 0.23 | alpha 0.349 | complete
Ep 520 | 드론3 목적지68 | 1000스텝 | 배송 60/68 | 재적재  9 | 중계율 0.16 | alpha 0.348 | step_limit
Ep 521 | 드론4 목적지71 | 1000스텝 | 배송 65/71 | 재적재 11 | 중계율 0.30 | alpha 0.348 | step_limit
Ep 522 | 드론3 목적지72 | 1000스텝 | 배송 65/72 | 재적재 12 | 중계율 0.22 | alpha 0.351 | step_limit
Ep 523 | 드론3 목적지27 |  511스텝 | 배송 27/27 | 재적재  3 | 중계율 0.23 | alpha 0.353 | complete
Ep 524 | 드론3 목적지37 |  756스텝 | 배송 37/37 | 재적재  6 | 중계율 0.32 | alpha 0.351 | complete
Ep 525 | 드론3 목적지79 | 1000스텝 | 배송 35/79 | 재적재  5 | 중계율 0.11 | alpha 0.350 | step_limit
Ep 526 | 드론3 목적지39 |  865스텝 | 배송 39/39 | 재적재  5 | 중계율 0.27 | alpha 0.352 | complete
Ep 527 | 드론3 목적지42 |  859스텝 | 배송 42/42 | 재적재  8 | 중계율 0.29 | alpha 0.355 | complete
Ep 528 | 드론3 목적지51 |  804스텝 | 배송 51/51 | 재적재  8 | 중계율 0.22 | alpha 0.354 | complete
Ep 529 | 드론3 목적지21 |  440스텝 | 배송 21/21 | 재적재  3 | 중계율 0.22 | alpha 0.357 | complete
Ep 530 | 드론4 목적지34 |  665스텝 | 배송 34/34 | 재적재  4 | 중계율 0.27 | alpha 0.357 | complete
Ep 531 | 드론4 목적지64 | 1000스텝 | 배송 60/64 | 재적재 10 | 중계율 0.25 | alpha 0.351 | step_limit
Ep 532 | 드론4 목적지78 | 1000스텝 | 배송 73/78 | 재적재 13 | 중계율 0.14 | alpha 0.348 | step_limit
Ep 533 | 드론4 목적지68 |  913스텝 | 배송 68/68 | 재적재 11 | 중계율 0.29 | alpha 0.350 | complete
Ep 534 | 드론3 목적지25 |  526스텝 | 배송 25/25 | 재적재  4 | 중계율 0.28 | alpha 0.349 | complete
Ep 535 | 드론3 목적지25 |  572스텝 | 배송 25/25 | 재적재  2 | 중계율 0.28 | alpha 0.347 | complete
Ep 536 | 드론4 목적지71 |  816스텝 | 배송 71/71 | 재적재 12 | 중계율 0.23 | alpha 0.346 | complete
Ep 537 | 드론4 목적지31 |  860스텝 | 배송 31/31 | 재적재  4 | 중계율 0.36 | alpha 0.353 | complete
Ep 538 | 드론4 목적지55 | 1000스텝 | 배송 53/55 | 재적재 10 | 중계율 0.31 | alpha 0.356 | step_limit
Ep 539 | 드론3 목적지46 |  869스텝 | 배송 46/46 | 재적재  8 | 중계율 0.23 | alpha 0.361 | complete
Ep 540 | 드론4 목적지50 |  579스텝 | 배송 50/50 | 재적재  8 | 중계율 0.15 | alpha 0.363 | complete
Ep 541 | 드론4 목적지25 |  309스텝 | 배송 25/25 | 재적재  4 | 중계율 0.14 | alpha 0.365 | complete
Ep 542 | 드론4 목적지65 |  978스텝 | 배송 65/65 | 재적재 12 | 중계율 0.22 | alpha 0.370 | complete
Ep 543 | 드론3 목적지32 |  799스텝 | 배송 32/32 | 재적재  5 | 중계율 0.21 | alpha 0.370 | complete
Ep 544 | 드론4 목적지60 |  836스텝 | 배송 60/60 | 재적재 11 | 중계율 0.23 | alpha 0.373 | complete
Ep 545 | 드론3 목적지74 | 1000스텝 | 배송 65/74 | 재적재 11 | 중계율 0.27 | alpha 0.377 | step_limit
Ep 546 | 드론3 목적지45 |  892스텝 | 배송 45/45 | 재적재  8 | 중계율 0.26 | alpha 0.375 | complete
Ep 547 | 드론3 목적지37 |  689스텝 | 배송 37/37 | 재적재  6 | 중계율 0.13 | alpha 0.378 | complete
Ep 548 | 드론3 목적지63 |  995스텝 | 배송 63/63 | 재적재 11 | 중계율 0.19 | alpha 0.380 | complete
Ep 549 | 드론4 목적지55 |  699스텝 | 배송 55/55 | 재적재  9 | 중계율 0.23 | alpha 0.385 | complete
Ep 550 | 드론4 목적지30 |  520스텝 | 배송 30/30 | 재적재  4 | 중계율 0.28 | alpha 0.388 | complete
  [홀드아웃] 배송 50.0±0.3 완주 0.97 스텝 924 점수 125.2 재적재 8.0 2홉+ 0.62 | 최고 127.2@ep150 정체 8/15
Ep 551 | 드론4 목적지33 |  449스텝 | 배송 33/33 | 재적재  5 | 중계율 0.15 | alpha 0.391 | complete
Ep 552 | 드론4 목적지71 |  709스텝 | 배송 71/71 | 재적재 12 | 중계율 0.19 | alpha 0.388 | complete
Ep 553 | 드론4 목적지68 | 1000스텝 | 배송 64/68 | 재적재 11 | 중계율 0.23 | alpha 0.383 | step_limit
Ep 554 | 드론3 목적지74 | 1000스텝 | 배송 66/74 | 재적재 11 | 중계율 0.24 | alpha 0.384 | step_limit
Ep 555 | 드론4 목적지59 | 1000스텝 | 배송 52/59 | 재적재  9 | 중계율 0.33 | alpha 0.386 | step_limit
Ep 556 | 드론4 목적지41 |  789스텝 | 배송 41/41 | 재적재  6 | 중계율 0.34 | alpha 0.392 | complete
Ep 557 | 드론3 목적지71 |  893스텝 | 배송 71/71 | 재적재 14 | 중계율 0.17 | alpha 0.390 | complete
Ep 558 | 드론4 목적지50 |  696스텝 | 배송 50/50 | 재적재  9 | 중계율 0.19 | alpha 0.391 | complete
Ep 559 | 드론4 목적지57 |  767스텝 | 배송 57/57 | 재적재 10 | 중계율 0.23 | alpha 0.393 | complete
Ep 560 | 드론4 목적지42 |  500스텝 | 배송 42/42 | 재적재  7 | 중계율 0.13 | alpha 0.396 | complete
Ep 561 | 드론4 목적지27 |  580스텝 | 배송 27/27 | 재적재  4 | 중계율 0.29 | alpha 0.396 | complete
Ep 562 | 드론4 목적지47 | 1000스텝 | 배송 43/47 | 재적재  6 | 중계율 0.33 | alpha 0.401 | step_limit
Ep 563 | 드론3 목적지78 | 1000스텝 | 배송 68/78 | 재적재 13 | 중계율 0.25 | alpha 0.403 | step_limit
Ep 564 | 드론4 목적지30 |  529스텝 | 배송 30/30 | 재적재  4 | 중계율 0.21 | alpha 0.402 | complete
Ep 565 | 드론4 목적지22 |  365스텝 | 배송 22/22 | 재적재  3 | 중계율 0.22 | alpha 0.403 | complete
Ep 566 | 드론3 목적지49 |  801스텝 | 배송 49/49 | 재적재  8 | 중계율 0.22 | alpha 0.399 | complete
Ep 567 | 드론3 목적지78 | 1000스텝 | 배송 64/78 | 재적재 12 | 중계율 0.26 | alpha 0.401 | step_limit
Ep 568 | 드론4 목적지67 | 1000스텝 | 배송 60/67 | 재적재 10 | 중계율 0.32 | alpha 0.404 | step_limit
Ep 569 | 드론4 목적지70 |  993스텝 | 배송 70/70 | 재적재 13 | 중계율 0.27 | alpha 0.407 | complete
Ep 570 | 드론3 목적지72 | 1000스텝 | 배송 65/72 | 재적재 13 | 중계율 0.21 | alpha 0.408 | step_limit
Ep 571 | 드론4 목적지49 |  606스텝 | 배송 49/49 | 재적재  8 | 중계율 0.21 | alpha 0.415 | complete
Ep 572 | 드론4 목적지75 | 1000스텝 | 배송 74/75 | 재적재 14 | 중계율 0.28 | alpha 0.415 | step_limit
Ep 573 | 드론4 목적지66 |  772스텝 | 배송 66/66 | 재적재 12 | 중계율 0.22 | alpha 0.413 | complete
Ep 574 | 드론4 목적지44 |  617스텝 | 배송 44/44 | 재적재  8 | 중계율 0.22 | alpha 0.413 | complete
Ep 575 | 드론4 목적지78 |  995스텝 | 배송 78/78 | 재적재 14 | 중계율 0.22 | alpha 0.410 | complete
Ep 576 | 드론3 목적지69 | 1000스텝 | 배송 62/69 | 재적재 11 | 중계율 0.27 | alpha 0.415 | step_limit
Ep 577 | 드론4 목적지24 |  365스텝 | 배송 24/24 | 재적재  4 | 중계율 0.21 | alpha 0.415 | complete
Ep 578 | 드론4 목적지32 |  561스텝 | 배송 32/32 | 재적재  4 | 중계율 0.20 | alpha 0.414 | complete
Ep 579 | 드론4 목적지26 |  328스텝 | 배송 26/26 | 재적재  4 | 중계율 0.14 | alpha 0.413 | complete
Ep 580 | 드론4 목적지60 |  832스텝 | 배송 60/60 | 재적재 10 | 중계율 0.19 | alpha 0.414 | complete
Ep 581 | 드론3 목적지47 |  945스텝 | 배송 47/47 | 재적재  8 | 중계율 0.27 | alpha 0.417 | complete
Ep 582 | 드론3 목적지36 |  866스텝 | 배송 36/36 | 재적재  7 | 중계율 0.24 | alpha 0.418 | complete
Ep 583 | 드론4 목적지65 | 1000스텝 | 배송 64/65 | 재적재 11 | 중계율 0.24 | alpha 0.414 | step_limit
Ep 584 | 드론3 목적지54 | 1000스텝 | 배송 53/54 | 재적재  9 | 중계율 0.24 | alpha 0.414 | step_limit
Ep 585 | 드론4 목적지72 | 1000스텝 | 배송 68/72 | 재적재 11 | 중계율 0.28 | alpha 0.416 | step_limit
Ep 586 | 드론4 목적지37 |  537스텝 | 배송 37/37 | 재적재  5 | 중계율 0.20 | alpha 0.414 | complete
Ep 587 | 드론3 목적지49 | 1000스텝 | 배송 48/49 | 재적재  8 | 중계율 0.29 | alpha 0.408 | step_limit
Ep 588 | 드론3 목적지57 | 1000스텝 | 배송 55/57 | 재적재  9 | 중계율 0.26 | alpha 0.412 | step_limit
Ep 589 | 드론3 목적지50 |  983스텝 | 배송 50/50 | 재적재  9 | 중계율 0.21 | alpha 0.415 | complete
Ep 590 | 드론3 목적지47 |  841스텝 | 배송 47/47 | 재적재  7 | 중계율 0.26 | alpha 0.419 | complete
Ep 591 | 드론4 목적지64 | 1000스텝 | 배송 59/64 | 재적재 11 | 중계율 0.34 | alpha 0.422 | step_limit
Ep 592 | 드론4 목적지22 |  465스텝 | 배송 22/22 | 재적재  2 | 중계율 0.20 | alpha 0.420 | complete
Ep 593 | 드론4 목적지51 |  907스텝 | 배송 51/51 | 재적재  9 | 중계율 0.30 | alpha 0.414 | complete
Ep 594 | 드론3 목적지40 | 1000스텝 | 배송 39/40 | 재적재  5 | 중계율 0.25 | alpha 0.407 | step_limit
Ep 595 | 드론4 목적지26 |  578스텝 | 배송 26/26 | 재적재  3 | 중계율 0.28 | alpha 0.413 | complete
Ep 596 | 드론4 목적지26 |  269스텝 | 배송 26/26 | 재적재  4 | 중계율 0.15 | alpha 0.412 | complete
Ep 597 | 드론3 목적지21 |  464스텝 | 배송 21/21 | 재적재  3 | 중계율 0.30 | alpha 0.417 | complete
Ep 598 | 드론3 목적지23 |  397스텝 | 배송 23/23 | 재적재  3 | 중계율 0.25 | alpha 0.420 | complete
Ep 599 | 드론3 목적지77 | 1000스텝 | 배송 69/77 | 재적재 12 | 중계율 0.27 | alpha 0.416 | step_limit
Ep 600 | 드론4 목적지68 | 1000스텝 | 배송 55/68 | 재적재  8 | 중계율 0.33 | alpha 0.411 | step_limit
  [홀드아웃] 배송 49.8±1.2 완주 0.97 스텝 899 점수 125.5 재적재 7.9 2홉+ 0.62 | 최고 127.2@ep150 정체 9/15
Ep 601 | 드론3 목적지20 |  438스텝 | 배송 20/20 | 재적재  2 | 중계율 0.27 | alpha 0.410 | complete
Ep 602 | 드론4 목적지72 | 1000스텝 | 배송 71/72 | 재적재 12 | 중계율 0.21 | alpha 0.412 | step_limit
Ep 603 | 드론4 목적지60 |  769스텝 | 배송 60/60 | 재적재 11 | 중계율 0.16 | alpha 0.414 | complete
Ep 604 | 드론4 목적지68 |  939스텝 | 배송 68/68 | 재적재 12 | 중계율 0.15 | alpha 0.419 | complete
Ep 605 | 드론3 목적지73 | 1000스텝 | 배송 55/73 | 재적재  8 | 중계율 0.30 | alpha 0.423 | step_limit
Ep 606 | 드론4 목적지51 |  997스텝 | 배송 51/51 | 재적재  9 | 중계율 0.29 | alpha 0.421 | complete
Ep 607 | 드론3 목적지48 | 1000스텝 | 배송 45/48 | 재적재  7 | 중계율 0.25 | alpha 0.426 | step_limit
Ep 608 | 드론4 목적지67 |  740스텝 | 배송 67/67 | 재적재 12 | 중계율 0.13 | alpha 0.429 | complete
Ep 609 | 드론3 목적지51 | 1000스텝 | 배송 50/51 | 재적재  9 | 중계율 0.25 | alpha 0.432 | step_limit
Ep 610 | 드론3 목적지72 |  974스텝 | 배송 72/72 | 재적재 12 | 중계율 0.16 | alpha 0.432 | complete
Ep 611 | 드론3 목적지77 | 1000스텝 | 배송 62/77 | 재적재 11 | 중계율 0.24 | alpha 0.429 | step_limit
Ep 612 | 드론3 목적지42 |  916스텝 | 배송 42/42 | 재적재  7 | 중계율 0.32 | alpha 0.430 | complete
Ep 613 | 드론3 목적지40 |  538스텝 | 배송 40/40 | 재적재  6 | 중계율 0.17 | alpha 0.433 | complete
Ep 614 | 드론3 목적지42 |  822스텝 | 배송 42/42 | 재적재  7 | 중계율 0.24 | alpha 0.440 | complete
Ep 615 | 드론3 목적지80 | 1000스텝 | 배송 71/80 | 재적재 12 | 중계율 0.21 | alpha 0.443 | step_limit
Ep 616 | 드론4 목적지26 |  384스텝 | 배송 26/26 | 재적재  3 | 중계율 0.24 | alpha 0.443 | complete
Ep 617 | 드론4 목적지75 | 1000스텝 | 배송 70/75 | 재적재 12 | 중계율 0.26 | alpha 0.442 | step_limit
Ep 618 | 드론3 목적지50 |  893스텝 | 배송 50/50 | 재적재  8 | 중계율 0.31 | alpha 0.441 | complete
Ep 619 | 드론4 목적지71 |  827스텝 | 배송 71/71 | 재적재 12 | 중계율 0.20 | alpha 0.438 | complete
Ep 620 | 드론4 목적지55 |  776스텝 | 배송 55/55 | 재적재 10 | 중계율 0.23 | alpha 0.433 | complete
Ep 621 | 드론3 목적지79 | 1000스텝 | 배송 63/79 | 재적재 12 | 중계율 0.25 | alpha 0.435 | step_limit
Ep 622 | 드론4 목적지56 | 1000스텝 | 배송 47/56 | 재적재  8 | 중계율 0.36 | alpha 0.435 | step_limit
Ep 623 | 드론3 목적지33 |  712스텝 | 배송 33/33 | 재적재  6 | 중계율 0.20 | alpha 0.440 | complete
Ep 624 | 드론3 목적지72 | 1000스텝 | 배송 55/72 | 재적재 10 | 중계율 0.28 | alpha 0.445 | step_limit
Ep 625 | 드론4 목적지47 |  713스텝 | 배송 47/47 | 재적재  7 | 중계율 0.28 | alpha 0.445 | complete
Ep 626 | 드론3 목적지52 |  828스텝 | 배송 52/52 | 재적재  9 | 중계율 0.20 | alpha 0.448 | complete
Ep 627 | 드론4 목적지66 | 1000스텝 | 배송 56/66 | 재적재 10 | 중계율 0.29 | alpha 0.450 | step_limit
Ep 628 | 드론3 목적지42 |  697스텝 | 배송 42/42 | 재적재  7 | 중계율 0.20 | alpha 0.454 | complete
Ep 629 | 드론3 목적지31 |  764스텝 | 배송 31/31 | 재적재  4 | 중계율 0.30 | alpha 0.449 | complete
Ep 630 | 드론3 목적지65 | 1000스텝 | 배송 56/65 | 재적재 10 | 중계율 0.26 | alpha 0.447 | step_limit
Ep 631 | 드론3 목적지20 |  387스텝 | 배송 20/20 | 재적재  3 | 중계율 0.25 | alpha 0.443 | complete
Ep 632 | 드론3 목적지38 |  818스텝 | 배송 38/38 | 재적재  5 | 중계율 0.30 | alpha 0.440 | complete
Ep 633 | 드론4 목적지67 |  793스텝 | 배송 67/67 | 재적재 13 | 중계율 0.15 | alpha 0.435 | complete
Ep 634 | 드론4 목적지47 |  603스텝 | 배송 47/47 | 재적재  8 | 중계율 0.18 | alpha 0.433 | complete
Ep 635 | 드론4 목적지30 |  369스텝 | 배송 30/30 | 재적재  4 | 중계율 0.13 | alpha 0.431 | complete
Ep 636 | 드론3 목적지29 |  552스텝 | 배송 29/29 | 재적재  4 | 중계율 0.27 | alpha 0.429 | complete
Ep 637 | 드론3 목적지71 | 1000스텝 | 배송 61/71 | 재적재 11 | 중계율 0.28 | alpha 0.427 | step_limit
Ep 638 | 드론4 목적지73 | 1000스텝 | 배송 56/73 | 재적재  8 | 중계율 0.16 | alpha 0.426 | step_limit
Ep 639 | 드론4 목적지79 | 1000스텝 | 배송 70/79 | 재적재 10 | 중계율 0.33 | alpha 0.428 | step_limit
Ep 640 | 드론3 목적지22 |  596스텝 | 배송 22/22 | 재적재  2 | 중계율 0.35 | alpha 0.429 | complete
Ep 641 | 드론4 목적지77 | 1000스텝 | 배송 75/77 | 재적재 13 | 중계율 0.26 | alpha 0.430 | step_limit
Ep 642 | 드론4 목적지26 |  293스텝 | 배송 26/26 | 재적재  4 | 중계율 0.16 | alpha 0.430 | complete
Ep 643 | 드론4 목적지30 |  342스텝 | 배송 30/30 | 재적재  4 | 중계율 0.10 | alpha 0.429 | complete
Ep 644 | 드론3 목적지77 | 1000스텝 | 배송 71/77 | 재적재 13 | 중계율 0.20 | alpha 0.425 | step_limit
Ep 645 | 드론3 목적지34 |  639스텝 | 배송 34/34 | 재적재  6 | 중계율 0.17 | alpha 0.423 | complete
Ep 646 | 드론4 목적지34 |  434스텝 | 배송 34/34 | 재적재  5 | 중계율 0.18 | alpha 0.423 | complete
Ep 647 | 드론3 목적지37 |  750스텝 | 배송 37/37 | 재적재  6 | 중계율 0.24 | alpha 0.433 | complete
Ep 648 | 드론3 목적지55 | 1000스텝 | 배송 54/55 | 재적재  9 | 중계율 0.19 | alpha 0.431 | step_limit
Ep 649 | 드론3 목적지20 |  493스텝 | 배송 20/20 | 재적재  3 | 중계율 0.37 | alpha 0.428 | complete
Ep 650 | 드론4 목적지37 |  431스텝 | 배송 37/37 | 재적재  7 | 중계율 0.15 | alpha 0.429 | complete
  [홀드아웃] 배송 49.7±2.7 완주 0.99 스텝 888 점수 126.9 재적재 7.9 2홉+ 0.62 | 최고 127.2@ep150 정체 10/15
Ep 651 | 드론3 목적지77 | 1000스텝 | 배송 62/77 | 재적재 11 | 중계율 0.25 | alpha 0.436 | step_limit
Ep 652 | 드론4 목적지57 |  743스텝 | 배송 57/57 | 재적재 10 | 중계율 0.25 | alpha 0.446 | complete
Ep 653 | 드론4 목적지38 |  478스텝 | 배송 38/38 | 재적재  5 | 중계율 0.24 | alpha 0.447 | complete
Ep 654 | 드론4 목적지45 |  616스텝 | 배송 45/45 | 재적재  7 | 중계율 0.16 | alpha 0.450 | complete
Ep 655 | 드론3 목적지40 |  953스텝 | 배송 40/40 | 재적재  7 | 중계율 0.24 | alpha 0.455 | complete
Ep 656 | 드론4 목적지31 |  843스텝 | 배송 31/31 | 재적재  5 | 중계율 0.28 | alpha 0.455 | complete
Ep 657 | 드론4 목적지26 |  592스텝 | 배송 26/26 | 재적재  4 | 중계율 0.32 | alpha 0.460 | complete
Ep 658 | 드론3 목적지39 |  603스텝 | 배송 39/39 | 재적재  6 | 중계율 0.25 | alpha 0.459 | complete
Ep 659 | 드론3 목적지51 | 1000스텝 | 배송 49/51 | 재적재  9 | 중계율 0.24 | alpha 0.459 | step_limit
Ep 660 | 드론3 목적지51 |  962스텝 | 배송 51/51 | 재적재  9 | 중계율 0.28 | alpha 0.461 | complete
Ep 661 | 드론3 목적지38 |  887스텝 | 배송 38/38 | 재적재  6 | 중계율 0.27 | alpha 0.461 | complete
Ep 662 | 드론4 목적지43 |  711스텝 | 배송 43/43 | 재적재  6 | 중계율 0.25 | alpha 0.460 | complete
Ep 663 | 드론4 목적지57 |  757스텝 | 배송 57/57 | 재적재  8 | 중계율 0.23 | alpha 0.456 | complete
Ep 664 | 드론3 목적지27 |  655스텝 | 배송 27/27 | 재적재  4 | 중계율 0.25 | alpha 0.454 | complete
Ep 665 | 드론4 목적지59 |  609스텝 | 배송 59/59 | 재적재  9 | 중계율 0.17 | alpha 0.453 | complete
Ep 666 | 드론3 목적지72 | 1000스텝 | 배송 66/72 | 재적재 11 | 중계율 0.24 | alpha 0.455 | step_limit
Ep 667 | 드론4 목적지45 |  623스텝 | 배송 45/45 | 재적재  7 | 중계율 0.21 | alpha 0.456 | complete
Ep 668 | 드론3 목적지65 | 1000스텝 | 배송 63/65 | 재적재 10 | 중계율 0.24 | alpha 0.445 | step_limit
Ep 669 | 드론3 목적지66 | 1000스텝 | 배송 65/66 | 재적재 12 | 중계율 0.21 | alpha 0.440 | step_limit
Ep 670 | 드론4 목적지77 | 1000스텝 | 배송 70/77 | 재적재 11 | 중계율 0.27 | alpha 0.432 | step_limit
Ep 671 | 드론4 목적지58 | 1000스텝 | 배송 54/58 | 재적재  9 | 중계율 0.30 | alpha 0.431 | step_limit
Ep 672 | 드론3 목적지43 |  715스텝 | 배송 43/43 | 재적재  7 | 중계율 0.21 | alpha 0.424 | complete
Ep 673 | 드론4 목적지68 |  973스텝 | 배송 68/68 | 재적재 12 | 중계율 0.24 | alpha 0.416 | complete
Ep 674 | 드론3 목적지52 | 1000스텝 | 배송 50/52 | 재적재  9 | 중계율 0.23 | alpha 0.417 | step_limit
Ep 675 | 드론3 목적지42 |  999스텝 | 배송 42/42 | 재적재  7 | 중계율 0.36 | alpha 0.420 | complete
Ep 676 | 드론3 목적지45 |  783스텝 | 배송 45/45 | 재적재  8 | 중계율 0.21 | alpha 0.426 | complete
Ep 677 | 드론3 목적지41 |  899스텝 | 배송 41/41 | 재적재  6 | 중계율 0.24 | alpha 0.433 | complete
Ep 678 | 드론4 목적지79 | 1000스텝 | 배송 60/79 | 재적재  9 | 중계율 0.30 | alpha 0.440 | step_limit
Ep 679 | 드론3 목적지24 |  478스텝 | 배송 24/24 | 재적재  2 | 중계율 0.33 | alpha 0.439 | complete
Ep 680 | 드론3 목적지52 | 1000스텝 | 배송 50/52 | 재적재  8 | 중계율 0.30 | alpha 0.440 | step_limit
Ep 681 | 드론4 목적지77 |  907스텝 | 배송 77/77 | 재적재 13 | 중계율 0.23 | alpha 0.439 | complete
Ep 682 | 드론3 목적지49 |  828스텝 | 배송 49/49 | 재적재  8 | 중계율 0.19 | alpha 0.446 | complete
Ep 683 | 드론4 목적지63 | 1000스텝 | 배송 54/63 | 재적재  8 | 중계율 0.31 | alpha 0.453 | step_limit
Ep 684 | 드론3 목적지37 |  733스텝 | 배송 37/37 | 재적재  7 | 중계율 0.26 | alpha 0.454 | complete
Ep 685 | 드론4 목적지56 |  903스텝 | 배송 56/56 | 재적재  9 | 중계율 0.31 | alpha 0.460 | complete
Ep 686 | 드론3 목적지28 |  637스텝 | 배송 28/28 | 재적재  3 | 중계율 0.28 | alpha 0.468 | complete
Ep 687 | 드론4 목적지77 |  807스텝 | 배송 77/77 | 재적재 14 | 중계율 0.15 | alpha 0.481 | complete
Ep 688 | 드론3 목적지45 | 1000스텝 | 배송 41/45 | 재적재  8 | 중계율 0.31 | alpha 0.497 | step_limit
Ep 689 | 드론4 목적지70 |  842스텝 | 배송 70/70 | 재적재 13 | 중계율 0.24 | alpha 0.507 | complete
Ep 690 | 드론4 목적지62 | 1000스텝 | 배송 58/62 | 재적재 11 | 중계율 0.20 | alpha 0.515 | step_limit
Ep 691 | 드론3 목적지31 |  873스텝 | 배송 31/31 | 재적재  4 | 중계율 0.31 | alpha 0.523 | complete
Ep 692 | 드론4 목적지61 |  846스텝 | 배송 61/61 | 재적재 11 | 중계율 0.25 | alpha 0.526 | complete
Ep 693 | 드론4 목적지60 | 1000스텝 | 배송 58/60 | 재적재  9 | 중계율 0.30 | alpha 0.524 | step_limit
Ep 694 | 드론3 목적지33 |  641스텝 | 배송 33/33 | 재적재  4 | 중계율 0.25 | alpha 0.521 | complete
Ep 695 | 드론3 목적지29 |  578스텝 | 배송 29/29 | 재적재  4 | 중계율 0.26 | alpha 0.522 | complete
Ep 696 | 드론4 목적지28 |  677스텝 | 배송 28/28 | 재적재  3 | 중계율 0.24 | alpha 0.517 | complete
Ep 697 | 드론4 목적지35 |  456스텝 | 배송 35/35 | 재적재  5 | 중계율 0.21 | alpha 0.511 | complete
Ep 698 | 드론3 목적지32 |  687스텝 | 배송 32/32 | 재적재  5 | 중계율 0.31 | alpha 0.505 | complete
Ep 699 | 드론3 목적지62 | 1000스텝 | 배송 54/62 | 재적재 10 | 중계율 0.20 | alpha 0.497 | step_limit
Ep 700 | 드론3 목적지61 | 1000스텝 | 배송 60/61 | 재적재 11 | 중계율 0.27 | alpha 0.494 | step_limit
  [홀드아웃] 배송 49.8±1.6 완주 0.96 스텝 943 점수 123.7 재적재 7.8 2홉+ 0.62 | 최고 127.2@ep150 정체 11/15
Ep 701 | 드론4 목적지72 |  947스텝 | 배송 72/72 | 재적재 13 | 중계율 0.20 | alpha 0.492 | complete
Ep 702 | 드론4 목적지34 |  842스텝 | 배송 34/34 | 재적재  5 | 중계율 0.41 | alpha 0.498 | complete
Ep 703 | 드론4 목적지32 |  504스텝 | 배송 32/32 | 재적재  4 | 중계율 0.28 | alpha 0.496 | complete
Ep 704 | 드론4 목적지74 |  792스텝 | 배송 74/74 | 재적재 12 | 중계율 0.22 | alpha 0.490 | complete
Ep 705 | 드론3 목적지38 |  667스텝 | 배송 38/38 | 재적재  6 | 중계율 0.24 | alpha 0.487 | complete
Ep 706 | 드론4 목적지30 |  375스텝 | 배송 30/30 | 재적재  4 | 중계율 0.21 | alpha 0.484 | complete
Ep 707 | 드론4 목적지31 |  433스텝 | 배송 31/31 | 재적재  3 | 중계율 0.27 | alpha 0.481 | complete
Ep 708 | 드론3 목적지63 | 1000스텝 | 배송 52/63 | 재적재  9 | 중계율 0.24 | alpha 0.474 | step_limit
Ep 709 | 드론3 목적지20 |  526스텝 | 배송 20/20 | 재적재  3 | 중계율 0.30 | alpha 0.469 | complete
Ep 710 | 드론4 목적지78 | 1000스텝 | 배송 77/78 | 재적재 13 | 중계율 0.19 | alpha 0.471 | step_limit
Ep 711 | 드론4 목적지58 | 1000스텝 | 배송 52/58 | 재적재 10 | 중계율 0.35 | alpha 0.468 | step_limit
Ep 712 | 드론3 목적지75 | 1000스텝 | 배송 65/75 | 재적재 12 | 중계율 0.29 | alpha 0.461 | step_limit
Ep 713 | 드론3 목적지69 | 1000스텝 | 배송 65/69 | 재적재 12 | 중계율 0.16 | alpha 0.449 | step_limit
Ep 714 | 드론3 목적지36 |  901스텝 | 배송 36/36 | 재적재  6 | 중계율 0.31 | alpha 0.439 | complete
Ep 715 | 드론3 목적지65 | 1000스텝 | 배송 60/65 | 재적재 10 | 중계율 0.27 | alpha 0.431 | step_limit
Ep 716 | 드론4 목적지36 |  713스텝 | 배송 36/36 | 재적재  5 | 중계율 0.19 | alpha 0.428 | complete
Ep 717 | 드론4 목적지56 |  934스텝 | 배송 56/56 | 재적재 11 | 중계율 0.34 | alpha 0.417 | complete
Ep 718 | 드론3 목적지69 | 1000스텝 | 배송 60/69 | 재적재 10 | 중계율 0.21 | alpha 0.412 | step_limit
Ep 719 | 드론3 목적지21 |  338스텝 | 배송 21/21 | 재적재  3 | 중계율 0.25 | alpha 0.412 | complete
Ep 720 | 드론4 목적지45 |  845스텝 | 배송 45/45 | 재적재  8 | 중계율 0.24 | alpha 0.410 | complete
Ep 721 | 드론3 목적지30 |  512스텝 | 배송 30/30 | 재적재  5 | 중계율 0.20 | alpha 0.406 | complete
Ep 722 | 드론4 목적지47 | 1000스텝 | 배송 45/47 | 재적재  7 | 중계율 0.16 | alpha 0.388 | step_limit
Ep 723 | 드론3 목적지51 |  997스텝 | 배송 51/51 | 재적재  9 | 중계율 0.21 | alpha 0.390 | complete
Ep 724 | 드론4 목적지57 |  837스텝 | 배송 57/57 | 재적재 10 | 중계율 0.27 | alpha 0.386 | complete
Ep 725 | 드론4 목적지29 |  540스텝 | 배송 29/29 | 재적재  4 | 중계율 0.30 | alpha 0.384 | complete
Ep 726 | 드론4 목적지69 | 1000스텝 | 배송 68/69 | 재적재 12 | 중계율 0.26 | alpha 0.376 | step_limit
Ep 727 | 드론4 목적지36 | 1000스텝 | 배송 35/36 | 재적재  6 | 중계율 0.38 | alpha 0.374 | step_limit
Ep 728 | 드론3 목적지74 | 1000스텝 | 배송 55/74 | 재적재  8 | 중계율 0.25 | alpha 0.373 | step_limit
Ep 729 | 드론4 목적지64 | 1000스텝 | 배송 56/64 | 재적재  9 | 중계율 0.24 | alpha 0.371 | step_limit
Ep 730 | 드론3 목적지70 | 1000스텝 | 배송 63/70 | 재적재 10 | 중계율 0.22 | alpha 0.368 | step_limit
Ep 731 | 드론3 목적지48 |  799스텝 | 배송 48/48 | 재적재  9 | 중계율 0.25 | alpha 0.367 | complete
Ep 732 | 드론4 목적지37 |  921스텝 | 배송 37/37 | 재적재  6 | 중계율 0.39 | alpha 0.364 | complete
Ep 733 | 드론4 목적지67 |  774스텝 | 배송 67/67 | 재적재 12 | 중계율 0.17 | alpha 0.360 | complete
Ep 734 | 드론4 목적지54 | 1000스텝 | 배송 50/54 | 재적재  9 | 중계율 0.33 | alpha 0.358 | step_limit
Ep 735 | 드론4 목적지57 |  927스텝 | 배송 57/57 | 재적재 10 | 중계율 0.32 | alpha 0.352 | complete
Ep 736 | 드론4 목적지39 |  755스텝 | 배송 39/39 | 재적재  6 | 중계율 0.19 | alpha 0.349 | complete
Ep 737 | 드론3 목적지29 |  730스텝 | 배송 29/29 | 재적재  5 | 중계율 0.25 | alpha 0.346 | complete
Ep 738 | 드론4 목적지68 |  816스텝 | 배송 68/68 | 재적재 11 | 중계율 0.18 | alpha 0.345 | complete
Ep 739 | 드론3 목적지20 |  499스텝 | 배송 20/20 | 재적재  2 | 중계율 0.33 | alpha 0.345 | complete
Ep 740 | 드론3 목적지69 | 1000스텝 | 배송 57/69 | 재적재  9 | 중계율 0.30 | alpha 0.343 | step_limit
Ep 741 | 드론4 목적지41 |  686스텝 | 배송 41/41 | 재적재  7 | 중계율 0.27 | alpha 0.343 | complete
Ep 742 | 드론3 목적지78 | 1000스텝 | 배송 69/78 | 재적재 12 | 중계율 0.24 | alpha 0.341 | step_limit
Ep 743 | 드론3 목적지39 |  710스텝 | 배송 39/39 | 재적재  5 | 중계율 0.28 | alpha 0.342 | complete
Ep 744 | 드론3 목적지57 |  979스텝 | 배송 57/57 | 재적재  9 | 중계율 0.27 | alpha 0.347 | complete
Ep 745 | 드론3 목적지76 | 1000스텝 | 배송 70/76 | 재적재 12 | 중계율 0.21 | alpha 0.348 | step_limit
Ep 746 | 드론3 목적지69 | 1000스텝 | 배송 68/69 | 재적재 12 | 중계율 0.24 | alpha 0.352 | step_limit
Ep 747 | 드론3 목적지33 |  626스텝 | 배송 33/33 | 재적재  5 | 중계율 0.25 | alpha 0.356 | complete
Ep 748 | 드론3 목적지30 |  659스텝 | 배송 30/30 | 재적재  5 | 중계율 0.24 | alpha 0.353 | complete
Ep 749 | 드론4 목적지32 |  542스텝 | 배송 32/32 | 재적재  4 | 중계율 0.31 | alpha 0.356 | complete
Ep 750 | 드론4 목적지61 |  672스텝 | 배송 61/61 | 재적재  9 | 중계율 0.21 | alpha 0.357 | complete
  [홀드아웃] 배송 49.6±1.8 완주 0.91 스텝 916 점수 119.0 재적재 7.8 2홉+ 0.62 | 최고 127.2@ep150 정체 12/15
Ep 751 | 드론4 목적지34 |  851스텝 | 배송 34/34 | 재적재  5 | 중계율 0.26 | alpha 0.360 | complete
Ep 752 | 드론4 목적지69 | 1000스텝 | 배송 66/69 | 재적재 12 | 중계율 0.26 | alpha 0.354 | step_limit
Ep 753 | 드론3 목적지80 | 1000스텝 | 배송 67/80 | 재적재 12 | 중계율 0.20 | alpha 0.351 | step_limit
Ep 754 | 드론3 목적지29 |  500스텝 | 배송 29/29 | 재적재  5 | 중계율 0.17 | alpha 0.350 | complete
Ep 755 | 드론3 목적지43 |  814스텝 | 배송 43/43 | 재적재  8 | 중계율 0.16 | alpha 0.349 | complete
Ep 756 | 드론4 목적지30 |  505스텝 | 배송 30/30 | 재적재  4 | 중계율 0.25 | alpha 0.348 | complete
Ep 757 | 드론4 목적지37 |  497스텝 | 배송 37/37 | 재적재  6 | 중계율 0.22 | alpha 0.343 | complete
Ep 758 | 드론3 목적지51 |  905스텝 | 배송 51/51 | 재적재  9 | 중계율 0.19 | alpha 0.341 | complete
Ep 759 | 드론4 목적지23 |  454스텝 | 배송 23/23 | 재적재  4 | 중계율 0.26 | alpha 0.337 | complete
Ep 760 | 드론4 목적지60 |  871스텝 | 배송 60/60 | 재적재  8 | 중계율 0.23 | alpha 0.339 | complete
Ep 761 | 드론3 목적지77 | 1000스텝 | 배송 60/77 | 재적재 12 | 중계율 0.30 | alpha 0.337 | step_limit
Ep 762 | 드론4 목적지26 |  456스텝 | 배송 26/26 | 재적재  4 | 중계율 0.28 | alpha 0.336 | complete
Ep 763 | 드론4 목적지70 |  840스텝 | 배송 70/70 | 재적재 13 | 중계율 0.13 | alpha 0.331 | complete
Ep 764 | 드론4 목적지32 |  896스텝 | 배송 32/32 | 재적재  5 | 중계율 0.33 | alpha 0.327 | complete
Ep 765 | 드론4 목적지23 |  449스텝 | 배송 23/23 | 재적재  3 | 중계율 0.29 | alpha 0.327 | complete
Ep 766 | 드론4 목적지51 |  885스텝 | 배송 51/51 | 재적재  8 | 중계율 0.28 | alpha 0.328 | complete
Ep 767 | 드론3 목적지49 |  937스텝 | 배송 49/49 | 재적재  9 | 중계율 0.20 | alpha 0.331 | complete
Ep 768 | 드론3 목적지72 | 1000스텝 | 배송 59/72 | 재적재 10 | 중계율 0.21 | alpha 0.331 | step_limit
Ep 769 | 드론4 목적지22 |  583스텝 | 배송 22/22 | 재적재  3 | 중계율 0.25 | alpha 0.327 | complete
Ep 770 | 드론4 목적지53 |  505스텝 | 배송 53/53 | 재적재 10 | 중계율 0.13 | alpha 0.326 | complete
Ep 771 | 드론4 목적지38 |  688스텝 | 배송 38/38 | 재적재  6 | 중계율 0.29 | alpha 0.325 | complete
Ep 772 | 드론3 목적지36 |  681스텝 | 배송 36/36 | 재적재  6 | 중계율 0.23 | alpha 0.325 | complete
Ep 773 | 드론4 목적지21 |  468스텝 | 배송 21/21 | 재적재  2 | 중계율 0.37 | alpha 0.322 | complete
Ep 774 | 드론4 목적지46 |  670스텝 | 배송 46/46 | 재적재  7 | 중계율 0.24 | alpha 0.322 | complete
Ep 775 | 드론4 목적지41 |  848스텝 | 배송 41/41 | 재적재  7 | 중계율 0.30 | alpha 0.327 | complete
Ep 776 | 드론4 목적지48 |  590스텝 | 배송 48/48 | 재적재  8 | 중계율 0.21 | alpha 0.328 | complete
Ep 777 | 드론3 목적지20 |  391스텝 | 배송 20/20 | 재적재  2 | 중계율 0.33 | alpha 0.329 | complete
Ep 778 | 드론4 목적지57 | 1000스텝 | 배송 56/57 | 재적재 10 | 중계율 0.35 | alpha 0.329 | step_limit
Ep 779 | 드론4 목적지79 | 1000스텝 | 배송 70/79 | 재적재 11 | 중계율 0.27 | alpha 0.331 | step_limit
Ep 780 | 드론3 목적지68 | 1000스텝 | 배송 65/68 | 재적재 11 | 중계율 0.22 | alpha 0.331 | step_limit
Ep 781 | 드론4 목적지50 |  600스텝 | 배송 50/50 | 재적재  8 | 중계율 0.21 | alpha 0.333 | complete
Ep 782 | 드론4 목적지45 | 1000스텝 | 배송 43/45 | 재적재  8 | 중계율 0.38 | alpha 0.334 | step_limit
Ep 783 | 드론3 목적지28 |  521스텝 | 배송 28/28 | 재적재  5 | 중계율 0.22 | alpha 0.335 | complete
Ep 784 | 드론4 목적지58 |  858스텝 | 배송 58/58 | 재적재 11 | 중계율 0.25 | alpha 0.338 | complete
Ep 785 | 드론3 목적지49 | 1000스텝 | 배송 48/49 | 재적재  9 | 중계율 0.27 | alpha 0.346 | step_limit
Ep 786 | 드론3 목적지53 |  908스텝 | 배송 53/53 | 재적재  9 | 중계율 0.26 | alpha 0.350 | complete
Ep 787 | 드론3 목적지47 | 1000스텝 | 배송 45/47 | 재적재  6 | 중계율 0.27 | alpha 0.351 | step_limit
Ep 788 | 드론4 목적지75 | 1000스텝 | 배송 67/75 | 재적재 12 | 중계율 0.24 | alpha 0.352 | step_limit
Ep 789 | 드론3 목적지79 | 1000스텝 | 배송 75/79 | 재적재 13 | 중계율 0.23 | alpha 0.347 | step_limit
Ep 790 | 드론3 목적지65 | 1000스텝 | 배송 63/65 | 재적재 12 | 중계율 0.23 | alpha 0.347 | step_limit
Ep 791 | 드론3 목적지21 |  334스텝 | 배송 21/21 | 재적재  3 | 중계율 0.19 | alpha 0.347 | complete
Ep 792 | 드론3 목적지50 |  926스텝 | 배송 50/50 | 재적재  8 | 중계율 0.21 | alpha 0.345 | complete
Ep 793 | 드론4 목적지27 |  541스텝 | 배송 27/27 | 재적재  4 | 중계율 0.27 | alpha 0.345 | complete
Ep 794 | 드론3 목적지74 | 1000스텝 | 배송 66/74 | 재적재 12 | 중계율 0.25 | alpha 0.345 | step_limit
Ep 795 | 드론3 목적지58 | 1000스텝 | 배송 55/58 | 재적재 10 | 중계율 0.17 | alpha 0.344 | step_limit
Ep 796 | 드론3 목적지23 |  564스텝 | 배송 23/23 | 재적재  3 | 중계율 0.35 | alpha 0.346 | complete
Ep 797 | 드론4 목적지34 |  561스텝 | 배송 34/34 | 재적재  6 | 중계율 0.16 | alpha 0.350 | complete
Ep 798 | 드론3 목적지60 | 1000스텝 | 배송 56/60 | 재적재 11 | 중계율 0.17 | alpha 0.355 | step_limit
Ep 799 | 드론3 목적지33 |  600스텝 | 배송 33/33 | 재적재  5 | 중계율 0.20 | alpha 0.356 | complete
Ep 800 | 드론4 목적지50 |  614스텝 | 배송 50/50 | 재적재  8 | 중계율 0.17 | alpha 0.361 | complete
  [홀드아웃] 배송 50.0±0.4 완주 0.99 스텝 888 점수 126.9 재적재 7.7 2홉+ 0.62 | 최고 127.2@ep150 정체 13/15
Ep 801 | 드론4 목적지57 |  728스텝 | 배송 57/57 | 재적재  8 | 중계율 0.21 | alpha 0.367 | complete
Ep 802 | 드론3 목적지68 | 1000스텝 | 배송 50/68 | 재적재  9 | 중계율 0.18 | alpha 0.374 | step_limit
Ep 803 | 드론3 목적지80 | 1000스텝 | 배송 69/80 | 재적재 12 | 중계율 0.25 | alpha 0.380 | step_limit
Ep 804 | 드론4 목적지65 |  854스텝 | 배송 65/65 | 재적재 11 | 중계율 0.25 | alpha 0.383 | complete
Ep 805 | 드론4 목적지78 | 1000스텝 | 배송 68/78 | 재적재 11 | 중계율 0.20 | alpha 0.385 | step_limit
Ep 806 | 드론4 목적지73 |  719스텝 | 배송 73/73 | 재적재 13 | 중계율 0.15 | alpha 0.387 | complete
Ep 807 | 드론4 목적지69 |  865스텝 | 배송 69/69 | 재적재 13 | 중계율 0.19 | alpha 0.387 | complete
Ep 808 | 드론3 목적지26 |  586스텝 | 배송 26/26 | 재적재  3 | 중계율 0.36 | alpha 0.387 | complete
Ep 809 | 드론3 목적지70 | 1000스텝 | 배송 66/70 | 재적재 11 | 중계율 0.19 | alpha 0.384 | step_limit
Ep 810 | 드론3 목적지68 |  964스텝 | 배송 68/68 | 재적재 12 | 중계율 0.18 | alpha 0.386 | complete
Ep 811 | 드론3 목적지58 | 1000스텝 | 배송 55/58 | 재적재 10 | 중계율 0.18 | alpha 0.388 | step_limit
Ep 812 | 드론3 목적지33 |  545스텝 | 배송 33/33 | 재적재  4 | 중계율 0.25 | alpha 0.388 | complete
Ep 813 | 드론3 목적지41 |  993스텝 | 배송 34/41 | 재적재  5 | 중계율 0.34 | alpha 0.383 | no_progress
Ep 814 | 드론3 목적지24 |  511스텝 | 배송 24/24 | 재적재  3 | 중계율 0.24 | alpha 0.377 | complete
Ep 815 | 드론3 목적지38 |  786스텝 | 배송 38/38 | 재적재  7 | 중계율 0.22 | alpha 0.374 | complete
Ep 816 | 드론3 목적지25 | 1000스텝 | 배송 21/25 | 재적재  4 | 중계율 0.30 | alpha 0.369 | step_limit
Ep 817 | 드론3 목적지53 |  913스텝 | 배송 53/53 | 재적재 10 | 중계율 0.16 | alpha 0.371 | complete
Ep 818 | 드론4 목적지28 |  454스텝 | 배송 28/28 | 재적재  3 | 중계율 0.28 | alpha 0.368 | complete
Ep 819 | 드론4 목적지23 |  371스텝 | 배송 23/23 | 재적재  3 | 중계율 0.24 | alpha 0.368 | complete
Ep 820 | 드론3 목적지74 | 1000스텝 | 배송 60/74 | 재적재 12 | 중계율 0.28 | alpha 0.371 | step_limit
Ep 821 | 드론3 목적지79 | 1000스텝 | 배송 65/79 | 재적재 12 | 중계율 0.21 | alpha 0.371 | step_limit
Ep 822 | 드론3 목적지20 |  467스텝 | 배송 20/20 | 재적재  2 | 중계율 0.24 | alpha 0.370 | complete
Ep 823 | 드론4 목적지61 |  990스텝 | 배송 61/61 | 재적재 11 | 중계율 0.27 | alpha 0.372 | complete
Ep 824 | 드론3 목적지25 |  554스텝 | 배송 25/25 | 재적재  3 | 중계율 0.23 | alpha 0.372 | complete
Ep 825 | 드론3 목적지41 | 1000스텝 | 배송 32/41 | 재적재  6 | 중계율 0.30 | alpha 0.376 | step_limit
Ep 826 | 드론3 목적지53 | 1000스텝 | 배송 50/53 | 재적재  8 | 중계율 0.33 | alpha 0.369 | step_limit
Ep 827 | 드론3 목적지44 |  876스텝 | 배송 44/44 | 재적재  7 | 중계율 0.31 | alpha 0.362 | complete
Ep 828 | 드론3 목적지24 |  565스텝 | 배송 24/24 | 재적재  3 | 중계율 0.26 | alpha 0.358 | complete
Ep 829 | 드론4 목적지53 |  781스텝 | 배송 53/53 | 재적재  9 | 중계율 0.24 | alpha 0.359 | complete
Ep 830 | 드론4 목적지66 |  990스텝 | 배송 66/66 | 재적재 11 | 중계율 0.26 | alpha 0.355 | complete
Ep 831 | 드론4 목적지69 |  863스텝 | 배송 69/69 | 재적재 12 | 중계율 0.14 | alpha 0.354 | complete
Ep 832 | 드론4 목적지69 |  972스텝 | 배송 69/69 | 재적재 13 | 중계율 0.23 | alpha 0.349 | complete
Ep 833 | 드론4 목적지72 | 1000스텝 | 배송 58/72 | 재적재 10 | 중계율 0.29 | alpha 0.352 | step_limit
Ep 834 | 드론3 목적지71 | 1000스텝 | 배송 60/71 | 재적재  9 | 중계율 0.28 | alpha 0.356 | step_limit
Ep 835 | 드론3 목적지56 |  999스텝 | 배송 56/56 | 재적재 10 | 중계율 0.16 | alpha 0.359 | complete
Ep 836 | 드론4 목적지30 |  643스텝 | 배송 30/30 | 재적재  5 | 중계율 0.33 | alpha 0.358 | complete
Ep 837 | 드론3 목적지73 | 1000스텝 | 배송 62/73 | 재적재 12 | 중계율 0.23 | alpha 0.362 | step_limit
Ep 838 | 드론4 목적지56 |  578스텝 | 배송 56/56 | 재적재 10 | 중계율 0.14 | alpha 0.362 | complete
Ep 839 | 드론3 목적지20 |  481스텝 | 배송 20/20 | 재적재  2 | 중계율 0.39 | alpha 0.365 | complete
Ep 840 | 드론3 목적지33 |  416스텝 | 배송 33/33 | 재적재  6 | 중계율 0.12 | alpha 0.360 | complete
Ep 841 | 드론3 목적지31 |  605스텝 | 배송 31/31 | 재적재  5 | 중계율 0.24 | alpha 0.359 | complete
Ep 842 | 드론3 목적지68 | 1000스텝 | 배송 62/68 | 재적재 11 | 중계율 0.26 | alpha 0.359 | step_limit
Ep 843 | 드론4 목적지51 |  901스텝 | 배송 51/51 | 재적재  9 | 중계율 0.32 | alpha 0.366 | complete
Ep 844 | 드론3 목적지37 |  745스텝 | 배송 37/37 | 재적재  6 | 중계율 0.27 | alpha 0.372 | complete
Ep 845 | 드론4 목적지74 |  812스텝 | 배송 74/74 | 재적재 13 | 중계율 0.14 | alpha 0.378 | complete
Ep 846 | 드론3 목적지32 |  692스텝 | 배송 32/32 | 재적재  5 | 중계율 0.13 | alpha 0.383 | complete
Ep 847 | 드론4 목적지25 |  351스텝 | 배송 25/25 | 재적재  3 | 중계율 0.16 | alpha 0.383 | complete
Ep 848 | 드론3 목적지44 |  748스텝 | 배송 44/44 | 재적재  7 | 중계율 0.27 | alpha 0.389 | complete
Ep 849 | 드론4 목적지28 |  702스텝 | 배송 28/28 | 재적재  5 | 중계율 0.33 | alpha 0.393 | complete
Ep 850 | 드론3 목적지47 |  806스텝 | 배송 47/47 | 재적재  8 | 중계율 0.14 | alpha 0.397 | complete
  [홀드아웃] 배송 49.9±0.5 완주 0.96 스텝 904 점수 124.2 재적재 7.8 2홉+ 0.63 | 최고 127.2@ep150 정체 14/15
Ep 851 | 드론3 목적지39 |  705스텝 | 배송 39/39 | 재적재  7 | 중계율 0.24 | alpha 0.401 | complete
Ep 852 | 드론3 목적지68 | 1000스텝 | 배송 60/68 | 재적재 10 | 중계율 0.30 | alpha 0.407 | step_limit
Ep 853 | 드론3 목적지65 | 1000스텝 | 배송 57/65 | 재적재 11 | 중계율 0.23 | alpha 0.411 | step_limit
Ep 854 | 드론4 목적지61 | 1000스텝 | 배송 55/61 | 재적재  9 | 중계율 0.26 | alpha 0.413 | step_limit
Ep 855 | 드론4 목적지22 |  289스텝 | 배송 22/22 | 재적재  3 | 중계율 0.20 | alpha 0.414 | complete
Ep 856 | 드론4 목적지59 |  770스텝 | 배송 59/59 | 재적재 10 | 중계율 0.20 | alpha 0.419 | complete
Ep 857 | 드론3 목적지69 | 1000스텝 | 배송 60/69 | 재적재 11 | 중계율 0.25 | alpha 0.423 | step_limit
Ep 858 | 드론4 목적지35 |  396스텝 | 배송 35/35 | 재적재  5 | 중계율 0.15 | alpha 0.423 | complete
Ep 859 | 드론3 목적지20 |  494스텝 | 배송 20/20 | 재적재  3 | 중계율 0.29 | alpha 0.426 | complete
Ep 860 | 드론4 목적지42 |  788스텝 | 배송 42/42 | 재적재  6 | 중계율 0.31 | alpha 0.432 | complete
Ep 861 | 드론3 목적지58 | 1000스텝 | 배송 49/58 | 재적재  8 | 중계율 0.24 | alpha 0.431 | step_limit
Ep 862 | 드론3 목적지39 |  620스텝 | 배송 39/39 | 재적재  6 | 중계율 0.23 | alpha 0.429 | complete
Ep 863 | 드론4 목적지77 | 1000스텝 | 배송 74/77 | 재적재 12 | 중계율 0.29 | alpha 0.434 | step_limit
Ep 864 | 드론4 목적지37 |  985스텝 | 배송 37/37 | 재적재  6 | 중계율 0.37 | alpha 0.432 | complete
Ep 865 | 드론3 목적지33 |  692스텝 | 배송 33/33 | 재적재  5 | 중계율 0.22 | alpha 0.431 | complete
Ep 866 | 드론4 목적지40 |  423스텝 | 배송 40/40 | 재적재  6 | 중계율 0.12 | alpha 0.430 | complete
Ep 867 | 드론4 목적지34 |  496스텝 | 배송 34/34 | 재적재  5 | 중계율 0.21 | alpha 0.427 | complete
Ep 868 | 드론3 목적지34 |  670스텝 | 배송 34/34 | 재적재  6 | 중계율 0.22 | alpha 0.429 | complete
Ep 869 | 드론3 목적지76 | 1000스텝 | 배송 64/76 | 재적재 11 | 중계율 0.15 | alpha 0.431 | step_limit
Ep 870 | 드론3 목적지42 | 1000스텝 | 배송 35/42 | 재적재  4 | 중계율 0.26 | alpha 0.429 | step_limit
Ep 871 | 드론3 목적지47 |  796스텝 | 배송 47/47 | 재적재  9 | 중계율 0.24 | alpha 0.426 | complete
Ep 872 | 드론4 목적지22 |  267스텝 | 배송 22/22 | 재적재  3 | 중계율 0.18 | alpha 0.426 | complete
Ep 873 | 드론4 목적지60 | 1000스텝 | 배송 51/60 | 재적재  8 | 중계율 0.32 | alpha 0.419 | step_limit
Ep 874 | 드론4 목적지45 |  646스텝 | 배송 45/45 | 재적재  7 | 중계율 0.24 | alpha 0.409 | complete
Ep 875 | 드론4 목적지32 |  546스텝 | 배송 32/32 | 재적재  5 | 중계율 0.27 | alpha 0.405 | complete
Ep 876 | 드론3 목적지49 |  860스텝 | 배송 49/49 | 재적재  9 | 중계율 0.17 | alpha 0.402 | complete
Ep 877 | 드론4 목적지77 | 1000스텝 | 배송 70/77 | 재적재 11 | 중계율 0.27 | alpha 0.402 | step_limit
Ep 878 | 드론4 목적지44 |  867스텝 | 배송 44/44 | 재적재  7 | 중계율 0.37 | alpha 0.402 | complete
Ep 879 | 드론3 목적지79 | 1000스텝 | 배송 69/79 | 재적재 13 | 중계율 0.25 | alpha 0.399 | step_limit
Ep 880 | 드론4 목적지32 |  333스텝 | 배송 32/32 | 재적재  4 | 중계율 0.21 | alpha 0.401 | complete
Ep 881 | 드론4 목적지74 | 1000스텝 | 배송 65/74 | 재적재 10 | 중계율 0.31 | alpha 0.399 | step_limit
Ep 882 | 드론3 목적지76 | 1000스텝 | 배송 42/76 | 재적재  7 | 중계율 0.22 | alpha 0.399 | step_limit
Ep 883 | 드론4 목적지50 |  720스텝 | 배송 50/50 | 재적재  7 | 중계율 0.33 | alpha 0.400 | complete
Ep 884 | 드론4 목적지56 |  664스텝 | 배송 56/56 | 재적재  9 | 중계율 0.18 | alpha 0.398 | complete
Ep 885 | 드론3 목적지44 |  719스텝 | 배송 44/44 | 재적재  8 | 중계율 0.18 | alpha 0.401 | complete
Ep 886 | 드론4 목적지76 | 1000스텝 | 배송 72/76 | 재적재 12 | 중계율 0.21 | alpha 0.398 | step_limit
Ep 887 | 드론3 목적지67 | 1000스텝 | 배송 58/67 | 재적재 10 | 중계율 0.25 | alpha 0.401 | step_limit
Ep 888 | 드론3 목적지71 | 1000스텝 | 배송 60/71 | 재적재 11 | 중계율 0.27 | alpha 0.409 | step_limit
Ep 889 | 드론3 목적지32 |  635스텝 | 배송 32/32 | 재적재  5 | 중계율 0.25 | alpha 0.411 | complete
Ep 890 | 드론4 목적지62 |  858스텝 | 배송 62/62 | 재적재 11 | 중계율 0.16 | alpha 0.414 | complete
Ep 891 | 드론3 목적지78 | 1000스텝 | 배송 70/78 | 재적재 12 | 중계율 0.21 | alpha 0.418 | step_limit
Ep 892 | 드론3 목적지39 |  647스텝 | 배송 39/39 | 재적재  6 | 중계율 0.21 | alpha 0.419 | complete
Ep 893 | 드론3 목적지65 | 1000스텝 | 배송 58/65 | 재적재 11 | 중계율 0.25 | alpha 0.432 | step_limit
Ep 894 | 드론4 목적지47 |  512스텝 | 배송 47/47 | 재적재  8 | 중계율 0.20 | alpha 0.435 | complete
Ep 895 | 드론4 목적지64 |  828스텝 | 배송 64/64 | 재적재 12 | 중계율 0.23 | alpha 0.436 | complete
Ep 896 | 드론4 목적지41 |  883스텝 | 배송 41/41 | 재적재  6 | 중계율 0.31 | alpha 0.433 | complete
Ep 897 | 드론4 목적지77 |  707스텝 | 배송 77/77 | 재적재 13 | 중계율 0.16 | alpha 0.427 | complete
Ep 898 | 드론3 목적지29 |  482스텝 | 배송 29/29 | 재적재  3 | 중계율 0.24 | alpha 0.424 | complete
Ep 899 | 드론3 목적지31 |  645스텝 | 배송 31/31 | 재적재  5 | 중계율 0.23 | alpha 0.424 | complete
Ep 900 | 드론3 목적지69 | 1000스텝 | 배송 61/69 | 재적재 11 | 중계율 0.19 | alpha 0.421 | step_limit
  [홀드아웃] 배송 49.9±0.7 완주 0.96 스텝 922 점수 124.0 재적재 7.9 2홉+ 0.62 | 최고 127.2@ep150 정체 15/15

조기 종료. 최고 127.2@ep150
Training finished. best=127.2 @ ep150
