/home/kopt/enter/envs/wsl_neuroMCTS/lib/python3.10/site-packages/pygame/pkgdata.py:25: UserWarning: pkg_resources is deprecated as an API. See https://setuptools.pypa.io/en/latest/pkg_resources.html. The pkg_resources package is slated for removal as early as 2025-11-30. Refrain from using this package or pin to Setuptools<81.
  from pkg_resources import resource_stream, resource_exists
pygame 2.6.1 (SDL 2.28.4, Python 3.10.19)
Hello from the pygame community. https://www.pygame.org/contribute.html
집합 상위 학습 | 반경 300 상한 1000 무배송 500 gamma 0.997 구성=무작위 드론[3, 6] 목적지[20, 80] CC무작위 인스턴스=무작위 목표유지=off 완주보상=0.0 잔여페널티=0.1 규칙관측=False 규칙정규화=2.0 막힘페널티=0.1 홀드아웃상한=3000 선택=makespan
/home/kopt/drone/proposed_src/pipeline/train_v5_26_09_15_23.py:330: UserWarning: Converting a tensor with requires_grad=True to a scalar may lead to unexpected behavior.
Consider using tensor.detach() first. (Triggered internally at /pytorch/torch/csrc/autograd/generated/python_variable_methods.cpp:836.)
  writer.add_scalar("train/alpha", float(log_alpha.exp()), ep)
Ep 1 | 드론6 목적지57 | 1000스텝 | 배송 52/57 | 재적재  9 | 중계율 0.14 | alpha 0.100 | step_limit
Ep 2 | 드론3 목적지50 | 1000스텝 | 배송 35/50 | 재적재  6 | 중계율 0.15 | alpha 0.100 | step_limit
Ep 3 | 드론6 목적지72 | 1000스텝 | 배송 67/72 | 재적재 11 | 중계율 0.17 | alpha 0.100 | step_limit
Ep 4 | 드론3 목적지46 | 1000스텝 | 배송 41/46 | 재적재  7 | 중계율 0.14 | alpha 0.099 | step_limit
Ep 5 | 드론4 목적지58 | 1000스텝 | 배송 45/58 | 재적재  7 | 중계율 0.35 | alpha 0.107 | step_limit
Ep 6 | 드론3 목적지61 | 1000스텝 | 배송 57/61 | 재적재  9 | 중계율 0.37 | alpha 0.117 | step_limit
Ep 7 | 드론3 목적지30 |  526스텝 | 배송 30/30 | 재적재  5 | 중계율 0.31 | alpha 0.122 | complete
Ep 8 | 드론3 목적지69 |  921스텝 | 배송 40/69 | 재적재  6 | 중계율 0.25 | alpha 0.132 | no_progress
Ep 9 | 드론4 목적지66 |  981스텝 | 배송 66/66 | 재적재 10 | 중계율 0.40 | alpha 0.143 | complete
Ep 10 | 드론4 목적지26 |  569스텝 | 배송 26/26 | 재적재  3 | 중계율 0.29 | alpha 0.150 | complete
Ep 11 | 드론6 목적지32 |  232스텝 | 배송 32/32 | 재적재  3 | 중계율 0.19 | alpha 0.153 | complete
Ep 12 | 드론4 목적지35 |  462스텝 | 배송 35/35 | 재적재  4 | 중계율 0.19 | alpha 0.158 | complete
Ep 13 | 드론4 목적지23 |  464스텝 | 배송 23/23 | 재적재  4 | 중계율 0.31 | alpha 0.164 | complete
Ep 14 | 드론3 목적지61 | 1000스텝 | 배송 55/61 | 재적재  8 | 중계율 0.32 | alpha 0.176 | step_limit
Ep 15 | 드론5 목적지78 |  925스텝 | 배송 78/78 | 재적재 14 | 중계율 0.25 | alpha 0.187 | complete
Ep 16 | 드론6 목적지46 |  442스텝 | 배송 46/46 | 재적재  8 | 중계율 0.22 | alpha 0.193 | complete
Ep 17 | 드론5 목적지74 |  761스텝 | 배송 74/74 | 재적재 13 | 중계율 0.21 | alpha 0.204 | complete
Ep 18 | 드론4 목적지24 |  396스텝 | 배송 24/24 | 재적재  4 | 중계율 0.31 | alpha 0.209 | complete
Ep 19 | 드론5 목적지24 |  449스텝 | 배송 24/24 | 재적재  3 | 중계율 0.31 | alpha 0.216 | complete
Ep 20 | 드론4 목적지66 |  744스텝 | 배송 66/66 | 재적재 12 | 중계율 0.18 | alpha 0.228 | complete
Ep 21 | 드론4 목적지43 |  442스텝 | 배송 43/43 | 재적재  8 | 중계율 0.21 | alpha 0.235 | complete
Ep 22 | 드론4 목적지43 |  440스텝 | 배송 43/43 | 재적재  7 | 중계율 0.18 | alpha 0.243 | complete
Ep 23 | 드론3 목적지22 |  567스텝 | 배송 22/22 | 재적재  4 | 중계율 0.38 | alpha 0.253 | complete
Ep 24 | 드론4 목적지35 |  590스텝 | 배송 35/35 | 재적재  6 | 중계율 0.30 | alpha 0.264 | complete
Ep 25 | 드론5 목적지25 |  516스텝 | 배송 25/25 | 재적재  3 | 중계율 0.38 | alpha 0.274 | complete
Ep 26 | 드론4 목적지79 |  825스텝 | 배송 79/79 | 재적재 14 | 중계율 0.24 | alpha 0.291 | complete
Ep 27 | 드론6 목적지63 |  804스텝 | 배송 63/63 | 재적재 10 | 중계율 0.34 | alpha 0.309 | complete
Ep 28 | 드론3 목적지77 | 1000스텝 | 배송 63/77 | 재적재 11 | 중계율 0.28 | alpha 0.332 | step_limit
Ep 29 | 드론4 목적지34 |  810스텝 | 배송 34/34 | 재적재  5 | 중계율 0.38 | alpha 0.353 | complete
Ep 30 | 드론4 목적지25 |  586스텝 | 배송 25/25 | 재적재  3 | 중계율 0.44 | alpha 0.368 | complete
Ep 31 | 드론6 목적지68 |  611스텝 | 배송 68/68 | 재적재 11 | 중계율 0.25 | alpha 0.385 | complete
Ep 32 | 드론4 목적지79 | 1000스텝 | 배송 75/79 | 재적재 12 | 중계율 0.36 | alpha 0.414 | step_limit
Ep 33 | 드론4 목적지62 | 1000스텝 | 배송 54/62 | 재적재  9 | 중계율 0.31 | alpha 0.446 | step_limit
Ep 34 | 드론4 목적지33 |  427스텝 | 배송 33/33 | 재적재  5 | 중계율 0.23 | alpha 0.460 | complete
Ep 35 | 드론4 목적지26 |  413스텝 | 배송 26/26 | 재적재  4 | 중계율 0.27 | alpha 0.473 | complete
Ep 36 | 드론4 목적지57 | 1000스텝 | 배송 53/57 | 재적재  8 | 중계율 0.33 | alpha 0.508 | step_limit
Ep 37 | 드론4 목적지29 |  469스텝 | 배송 29/29 | 재적재  3 | 중계율 0.35 | alpha 0.526 | complete
Ep 38 | 드론5 목적지63 |  720스텝 | 배송 63/63 | 재적재 11 | 중계율 0.29 | alpha 0.554 | complete
Ep 39 | 드론5 목적지44 |  818스텝 | 배송 44/44 | 재적재  7 | 중계율 0.37 | alpha 0.588 | complete
Ep 40 | 드론6 목적지56 |  432스텝 | 배송 56/56 | 재적재  7 | 중계율 0.26 | alpha 0.606 | complete
Ep 41 | 드론6 목적지21 |  201스텝 | 배송 21/21 | 재적재  0 | 중계율 0.35 | alpha 0.615 | complete
Ep 42 | 드론3 목적지24 |  750스텝 | 배송 19/24 | 재적재  1 | 중계율 0.48 | alpha 0.650 | no_progress
Ep 43 | 드론4 목적지52 |  723스텝 | 배송 52/52 | 재적재  9 | 중계율 0.22 | alpha 0.685 | complete
Ep 44 | 드론4 목적지72 |  732스텝 | 배송 72/72 | 재적재 12 | 중계율 0.19 | alpha 0.722 | complete
Ep 45 | 드론4 목적지52 | 1000스텝 | 배송 45/52 | 재적재  6 | 중계율 0.39 | alpha 0.776 | step_limit
Ep 46 | 드론6 목적지72 |  567스텝 | 배송 72/72 | 재적재 11 | 중계율 0.14 | alpha 0.808 | complete
Ep 47 | 드론4 목적지69 |  968스텝 | 배송 69/69 | 재적재 12 | 중계율 0.18 | alpha 0.867 | complete
Ep 48 | 드론4 목적지56 |  791스텝 | 배송 56/56 | 재적재  9 | 중계율 0.20 | alpha 0.917 | complete
Ep 49 | 드론6 목적지78 |  633스텝 | 배송 78/78 | 재적재 14 | 중계율 0.23 | alpha 0.958 | complete
Ep 50 | 드론5 목적지40 |  911스텝 | 배송 40/40 | 재적재  6 | 중계율 0.43 | alpha 1.019 | complete
  [홀드아웃] 배송 49.4±2.7 완주 0.90 스텝 1162 점수 96.1 재적재 8.2 2홉+ 0.61 | 최고 96.1@ep50 정체 0/15  ← 갱신
Ep 51 | 드론6 목적지51 |  379스텝 | 배송 51/51 | 재적재  6 | 중계율 0.13 | alpha 1.045 | complete
Ep 52 | 드론3 목적지42 |  788스텝 | 배송 42/42 | 재적재  8 | 중계율 0.30 | alpha 1.101 | complete
Ep 53 | 드론6 목적지60 |  518스텝 | 배송 60/60 | 재적재 10 | 중계율 0.19 | alpha 1.140 | complete
Ep 54 | 드론4 목적지49 |  602스텝 | 배송 49/49 | 재적재  9 | 중계율 0.21 | alpha 1.187 | complete
Ep 55 | 드론4 목적지40 |  521스텝 | 배송 40/40 | 재적재  6 | 중계율 0.25 | alpha 1.228 | complete
Ep 56 | 드론5 목적지61 |  638스텝 | 배송 61/61 | 재적재 10 | 중계율 0.21 | alpha 1.280 | complete
Ep 57 | 드론3 목적지53 | 1000스텝 | 배송 50/53 | 재적재  8 | 중계율 0.29 | alpha 1.365 | step_limit
Ep 58 | 드론6 목적지57 |  550스텝 | 배송 57/57 | 재적재  8 | 중계율 0.26 | alpha 1.412 | complete
Ep 59 | 드론3 목적지50 | 1000스텝 | 배송 40/50 | 재적재  7 | 중계율 0.23 | alpha 1.497 | step_limit
Ep 60 | 드론4 목적지21 |  295스텝 | 배송 21/21 | 재적재  3 | 중계율 0.27 | alpha 1.523 | complete
Ep 61 | 드론5 목적지26 |  505스텝 | 배송 26/26 | 재적재  3 | 중계율 0.20 | alpha 1.566 | complete
Ep 62 | 드론5 목적지55 |  887스텝 | 배송 55/55 | 재적재  9 | 중계율 0.32 | alpha 1.642 | complete
Ep 63 | 드론6 목적지68 |  683스텝 | 배송 68/68 | 재적재 11 | 중계율 0.20 | alpha 1.701 | complete
Ep 64 | 드론3 목적지41 | 1000스텝 | 배송 38/41 | 재적재  6 | 중계율 0.25 | alpha 1.790 | step_limit
Ep 65 | 드론5 목적지68 |  572스텝 | 배송 68/68 | 재적재 10 | 중계율 0.16 | alpha 1.838 | complete
Ep 66 | 드론3 목적지61 | 1000스텝 | 배송 56/61 | 재적재 10 | 중계율 0.20 | alpha 1.915 | step_limit
Ep 67 | 드론3 목적지53 | 1000스텝 | 배송 47/53 | 재적재  8 | 중계율 0.32 | alpha 1.987 | step_limit
Ep 68 | 드론3 목적지44 |  686스텝 | 배송 44/44 | 재적재  7 | 중계율 0.21 | alpha 2.031 | complete
Ep 69 | 드론4 목적지34 |  610스텝 | 배송 34/34 | 재적재  5 | 중계율 0.19 | alpha 2.061 | complete
Ep 70 | 드론4 목적지31 |  665스텝 | 배송 31/31 | 재적재  4 | 중계율 0.34 | alpha 2.091 | complete
Ep 71 | 드론5 목적지71 |  694스텝 | 배송 71/71 | 재적재 12 | 중계율 0.16 | alpha 2.124 | complete
Ep 72 | 드론3 목적지53 | 1000스텝 | 배송 49/53 | 재적재  9 | 중계율 0.33 | alpha 2.160 | step_limit
Ep 73 | 드론4 목적지21 | 1000스텝 | 배송 20/21 | 재적재  1 | 중계율 0.30 | alpha 2.199 | step_limit
Ep 74 | 드론5 목적지45 |  625스텝 | 배송 45/45 | 재적재  6 | 중계율 0.19 | alpha 2.232 | complete
Ep 75 | 드론5 목적지40 |  799스텝 | 배송 40/40 | 재적재  6 | 중계율 0.22 | alpha 2.260 | complete
Ep 76 | 드론4 목적지75 | 1000스텝 | 배송 49/75 | 재적재  7 | 중계율 0.30 | alpha 2.285 | step_limit
Ep 77 | 드론5 목적지24 |  345스텝 | 배송 24/24 | 재적재  3 | 중계율 0.28 | alpha 2.296 | complete
Ep 78 | 드론4 목적지64 | 1000스텝 | 배송 61/64 | 재적재 11 | 중계율 0.20 | alpha 2.329 | step_limit
Ep 79 | 드론3 목적지41 | 1000스텝 | 배송 37/41 | 재적재  5 | 중계율 0.25 | alpha 2.358 | step_limit
Ep 80 | 드론3 목적지69 | 1000스텝 | 배송 61/69 | 재적재 11 | 중계율 0.25 | alpha 2.405 | step_limit
Ep 81 | 드론6 목적지47 |  610스텝 | 배송 47/47 | 재적재  7 | 중계율 0.17 | alpha 2.437 | complete
Ep 82 | 드론6 목적지69 |  795스텝 | 배송 69/69 | 재적재 13 | 중계율 0.19 | alpha 2.468 | complete
Ep 83 | 드론5 목적지31 |  604스텝 | 배송 31/31 | 재적재  4 | 중계율 0.25 | alpha 2.477 | complete
Ep 84 | 드론3 목적지33 |  851스텝 | 배송 33/33 | 재적재  5 | 중계율 0.17 | alpha 2.495 | complete
Ep 85 | 드론4 목적지38 |  441스텝 | 배송 38/38 | 재적재  6 | 중계율 0.14 | alpha 2.498 | complete
Ep 86 | 드론6 목적지24 |  329스텝 | 배송 24/24 | 재적재  2 | 중계율 0.20 | alpha 2.491 | complete
Ep 87 | 드론3 목적지30 |  788스텝 | 배송 30/30 | 재적재  5 | 중계율 0.17 | alpha 2.474 | complete
Ep 88 | 드론4 목적지38 |  695스텝 | 배송 38/38 | 재적재  5 | 중계율 0.23 | alpha 2.455 | complete
Ep 89 | 드론3 목적지57 | 1000스텝 | 배송 45/57 | 재적재  7 | 중계율 0.23 | alpha 2.466 | step_limit
Ep 90 | 드론6 목적지21 |  285스텝 | 배송 21/21 | 재적재  0 | 중계율 0.19 | alpha 2.467 | complete
Ep 91 | 드론6 목적지77 | 1000스텝 | 배송 76/77 | 재적재 13 | 중계율 0.19 | alpha 2.492 | step_limit
Ep 92 | 드론4 목적지69 | 1000스텝 | 배송 68/69 | 재적재 12 | 중계율 0.22 | alpha 2.475 | step_limit
Ep 93 | 드론6 목적지60 |  466스텝 | 배송 60/60 | 재적재 10 | 중계율 0.13 | alpha 2.460 | complete
Ep 94 | 드론6 목적지45 |  624스텝 | 배송 45/45 | 재적재  7 | 중계율 0.15 | alpha 2.448 | complete
Ep 95 | 드론4 목적지71 |  955스텝 | 배송 71/71 | 재적재 13 | 중계율 0.17 | alpha 2.471 | complete
Ep 96 | 드론3 목적지74 | 1000스텝 | 배송 54/74 | 재적재 10 | 중계율 0.18 | alpha 2.448 | step_limit
Ep 97 | 드론6 목적지47 |  499스텝 | 배송 47/47 | 재적재  8 | 중계율 0.14 | alpha 2.424 | complete
Ep 98 | 드론6 목적지50 |  748스텝 | 배송 50/50 | 재적재  8 | 중계율 0.19 | alpha 2.420 | complete
Ep 99 | 드론6 목적지35 |  389스텝 | 배송 35/35 | 재적재  5 | 중계율 0.13 | alpha 2.449 | complete
Ep 100 | 드론3 목적지40 |  802스텝 | 배송 40/40 | 재적재  6 | 중계율 0.20 | alpha 2.425 | complete
  [홀드아웃] 배송 49.9±0.6 완주 0.97 스텝 1160 점수 103.6 재적재 8.3 2홉+ 0.63 | 최고 103.6@ep100 정체 0/15  ← 갱신
Ep 101 | 드론3 목적지23 |  600스텝 | 배송 23/23 | 재적재  3 | 중계율 0.20 | alpha 2.407 | complete
Ep 102 | 드론3 목적지21 |  569스텝 | 배송 21/21 | 재적재  3 | 중계율 0.24 | alpha 2.375 | complete
Ep 103 | 드론6 목적지72 |  551스텝 | 배송 72/72 | 재적재 11 | 중계율 0.11 | alpha 2.364 | complete
Ep 104 | 드론3 목적지27 |  628스텝 | 배송 27/27 | 재적재  4 | 중계율 0.27 | alpha 2.339 | complete
Ep 105 | 드론4 목적지63 | 1000스텝 | 배송 58/63 | 재적재 10 | 중계율 0.16 | alpha 2.329 | step_limit
Ep 106 | 드론5 목적지58 |  710스텝 | 배송 58/58 | 재적재 10 | 중계율 0.15 | alpha 2.349 | complete
Ep 107 | 드론6 목적지75 |  829스텝 | 배송 75/75 | 재적재 12 | 중계율 0.28 | alpha 2.375 | complete
Ep 108 | 드론4 목적지55 | 1000스텝 | 배송 48/55 | 재적재  9 | 중계율 0.23 | alpha 2.361 | step_limit
Ep 109 | 드론5 목적지64 | 1000스텝 | 배송 64/64 | 재적재 11 | 중계율 0.23 | alpha 2.404 | complete
Ep 110 | 드론4 목적지55 |  799스텝 | 배송 55/55 | 재적재  9 | 중계율 0.19 | alpha 2.420 | complete
Ep 111 | 드론5 목적지67 |  927스텝 | 배송 67/67 | 재적재 12 | 중계율 0.26 | alpha 2.390 | complete
Ep 112 | 드론4 목적지46 |  863스텝 | 배송 46/46 | 재적재  8 | 중계율 0.23 | alpha 2.372 | complete
Ep 113 | 드론5 목적지43 |  439스텝 | 배송 43/43 | 재적재  7 | 중계율 0.14 | alpha 2.382 | complete
Ep 114 | 드론3 목적지80 | 1000스텝 | 배송 59/80 | 재적재  9 | 중계율 0.20 | alpha 2.382 | step_limit
Ep 115 | 드론6 목적지78 |  585스텝 | 배송 78/78 | 재적재 14 | 중계율 0.12 | alpha 2.407 | complete
Ep 116 | 드론5 목적지72 |  947스텝 | 배송 72/72 | 재적재 13 | 중계율 0.21 | alpha 2.437 | complete
Ep 117 | 드론4 목적지54 |  737스텝 | 배송 54/54 | 재적재  9 | 중계율 0.18 | alpha 2.446 | complete
Ep 118 | 드론3 목적지63 | 1000스텝 | 배송 42/63 | 재적재  6 | 중계율 0.18 | alpha 2.495 | step_limit
Ep 119 | 드론6 목적지66 |  682스텝 | 배송 66/66 | 재적재 11 | 중계율 0.16 | alpha 2.560 | complete
Ep 120 | 드론5 목적지70 |  719스텝 | 배송 70/70 | 재적재 11 | 중계율 0.16 | alpha 2.572 | complete
Ep 121 | 드론5 목적지45 |  823스텝 | 배송 45/45 | 재적재  7 | 중계율 0.19 | alpha 2.520 | complete
Ep 122 | 드론5 목적지26 |  659스텝 | 배송 26/26 | 재적재  4 | 중계율 0.32 | alpha 2.517 | complete
Ep 123 | 드론6 목적지30 |  407스텝 | 배송 30/30 | 재적재  4 | 중계율 0.22 | alpha 2.492 | complete
Ep 124 | 드론3 목적지80 | 1000스텝 | 배송 60/80 | 재적재 11 | 중계율 0.24 | alpha 2.504 | step_limit
Ep 125 | 드론6 목적지41 |  410스텝 | 배송 41/41 | 재적재  6 | 중계율 0.14 | alpha 2.501 | complete
Ep 126 | 드론4 목적지50 | 1000스텝 | 배송 45/50 | 재적재  6 | 중계율 0.32 | alpha 2.503 | step_limit
Ep 127 | 드론4 목적지37 |  795스텝 | 배송 37/37 | 재적재  5 | 중계율 0.33 | alpha 2.521 | complete
Ep 128 | 드론3 목적지42 | 1000스텝 | 배송 37/42 | 재적재  6 | 중계율 0.27 | alpha 2.513 | step_limit
Ep 129 | 드론5 목적지52 |  830스텝 | 배송 52/52 | 재적재  8 | 중계율 0.18 | alpha 2.542 | complete
Ep 130 | 드론3 목적지40 | 1000스텝 | 배송 33/40 | 재적재  5 | 중계율 0.25 | alpha 2.573 | step_limit
Ep 131 | 드론4 목적지39 |  583스텝 | 배송 39/39 | 재적재  7 | 중계율 0.16 | alpha 2.549 | complete
Ep 132 | 드론6 목적지63 |  527스텝 | 배송 63/63 | 재적재 10 | 중계율 0.11 | alpha 2.558 | complete
Ep 133 | 드론4 목적지61 |  996스텝 | 배송 61/61 | 재적재 11 | 중계율 0.20 | alpha 2.524 | complete
Ep 134 | 드론5 목적지22 |  195스텝 | 배송 22/22 | 재적재  2 | 중계율 0.09 | alpha 2.524 | complete
Ep 135 | 드론3 목적지20 |  627스텝 | 배송 20/20 | 재적재  3 | 중계율 0.34 | alpha 2.555 | complete
Ep 136 | 드론6 목적지57 |  538스텝 | 배송 57/57 | 재적재  9 | 중계율 0.19 | alpha 2.536 | complete
Ep 137 | 드론4 목적지24 |  441스텝 | 배송 24/24 | 재적재  3 | 중계율 0.24 | alpha 2.530 | complete
Ep 138 | 드론5 목적지35 |  352스텝 | 배송 35/35 | 재적재  4 | 중계율 0.16 | alpha 2.556 | complete
Ep 139 | 드론4 목적지29 |  664스텝 | 배송 29/29 | 재적재  5 | 중계율 0.23 | alpha 2.572 | complete
Ep 140 | 드론3 목적지32 |  924스텝 | 배송 32/32 | 재적재  6 | 중계율 0.25 | alpha 2.585 | complete
Ep 141 | 드론4 목적지54 |  878스텝 | 배송 54/54 | 재적재  9 | 중계율 0.16 | alpha 2.564 | complete
Ep 142 | 드론3 목적지42 |  990스텝 | 배송 42/42 | 재적재  7 | 중계율 0.21 | alpha 2.544 | complete
Ep 143 | 드론3 목적지23 |  474스텝 | 배송 23/23 | 재적재  2 | 중계율 0.29 | alpha 2.543 | complete
Ep 144 | 드론4 목적지61 | 1000스텝 | 배송 54/61 | 재적재  9 | 중계율 0.18 | alpha 2.544 | step_limit
Ep 145 | 드론4 목적지64 | 1000스텝 | 배송 61/64 | 재적재 10 | 중계율 0.21 | alpha 2.563 | step_limit
Ep 146 | 드론3 목적지71 | 1000스텝 | 배송 61/71 | 재적재 12 | 중계율 0.18 | alpha 2.575 | step_limit
Ep 147 | 드론3 목적지48 | 1000스텝 | 배송 42/48 | 재적재  8 | 중계율 0.19 | alpha 2.552 | step_limit
Ep 148 | 드론5 목적지36 |  524스텝 | 배송 36/36 | 재적재  5 | 중계율 0.24 | alpha 2.559 | complete
Ep 149 | 드론5 목적지40 |  411스텝 | 배송 40/40 | 재적재  6 | 중계율 0.13 | alpha 2.563 | complete
Ep 150 | 드론4 목적지26 |  566스텝 | 배송 26/26 | 재적재  4 | 중계율 0.21 | alpha 2.561 | complete
  [홀드아웃] 배송 50.0±0.0 완주 1.00 스텝 1203 점수 106.0 재적재 8.4 2홉+ 0.64 | 최고 106.0@ep150 정체 0/15  ← 갱신
Ep 151 | 드론5 목적지70 |  833스텝 | 배송 70/70 | 재적재 11 | 중계율 0.19 | alpha 2.538 | complete
Ep 152 | 드론6 목적지48 |  400스텝 | 배송 48/48 | 재적재  6 | 중계율 0.11 | alpha 2.568 | complete
Ep 153 | 드론6 목적지57 |  612스텝 | 배송 57/57 | 재적재  8 | 중계율 0.17 | alpha 2.591 | complete
Ep 154 | 드론6 목적지34 |  328스텝 | 배송 34/34 | 재적재  4 | 중계율 0.10 | alpha 2.586 | complete
Ep 155 | 드론6 목적지80 |  814스텝 | 배송 80/80 | 재적재 13 | 중계율 0.20 | alpha 2.546 | complete
Ep 156 | 드론6 목적지59 |  509스텝 | 배송 59/59 | 재적재  9 | 중계율 0.15 | alpha 2.546 | complete
Ep 157 | 드론3 목적지42 |  900스텝 | 배송 42/42 | 재적재  7 | 중계율 0.23 | alpha 2.576 | complete
Ep 158 | 드론5 목적지76 |  712스텝 | 배송 76/76 | 재적재 12 | 중계율 0.12 | alpha 2.604 | complete
Ep 159 | 드론6 목적지47 |  359스텝 | 배송 47/47 | 재적재  7 | 중계율 0.13 | alpha 2.573 | complete
Ep 160 | 드론3 목적지62 | 1000스텝 | 배송 51/62 | 재적재 10 | 중계율 0.24 | alpha 2.495 | step_limit
Ep 161 | 드론4 목적지31 |  947스텝 | 배송 31/31 | 재적재  4 | 중계율 0.15 | alpha 2.571 | complete
Ep 162 | 드론4 목적지26 |  499스텝 | 배송 26/26 | 재적재  4 | 중계율 0.22 | alpha 2.589 | complete
Ep 163 | 드론5 목적지21 |  500스텝 | 배송 21/21 | 재적재  2 | 중계율 0.23 | alpha 2.610 | complete
Ep 164 | 드론6 목적지79 |  858스텝 | 배송 79/79 | 재적재 14 | 중계율 0.19 | alpha 2.590 | complete
Ep 165 | 드론6 목적지47 |  382스텝 | 배송 47/47 | 재적재  8 | 중계율 0.14 | alpha 2.575 | complete
Ep 166 | 드론4 목적지77 | 1000스텝 | 배송 74/77 | 재적재 14 | 중계율 0.18 | alpha 2.552 | step_limit
Ep 167 | 드론5 목적지77 | 1000스텝 | 배송 69/77 | 재적재 11 | 중계율 0.28 | alpha 2.540 | step_limit
Ep 168 | 드론6 목적지29 |  376스텝 | 배송 29/29 | 재적재  2 | 중계율 0.16 | alpha 2.559 | complete
Ep 169 | 드론6 목적지59 |  881스텝 | 배송 59/59 | 재적재 10 | 중계율 0.16 | alpha 2.554 | complete
Ep 170 | 드론4 목적지74 | 1000스텝 | 배송 67/74 | 재적재 12 | 중계율 0.27 | alpha 2.519 | step_limit
Ep 171 | 드론5 목적지34 |  800스텝 | 배송 34/34 | 재적재  4 | 중계율 0.17 | alpha 2.526 | complete
Ep 172 | 드론3 목적지43 | 1000스텝 | 배송 42/43 | 재적재  7 | 중계율 0.23 | alpha 2.526 | step_limit
Ep 173 | 드론4 목적지35 |  706스텝 | 배송 35/35 | 재적재  6 | 중계율 0.23 | alpha 2.552 | complete
Ep 174 | 드론6 목적지43 |  521스텝 | 배송 43/43 | 재적재  6 | 중계율 0.12 | alpha 2.586 | complete
Ep 175 | 드론6 목적지30 |  495스텝 | 배송 30/30 | 재적재  4 | 중계율 0.19 | alpha 2.576 | complete
Ep 176 | 드론6 목적지29 |  357스텝 | 배송 29/29 | 재적재  3 | 중계율 0.15 | alpha 2.594 | complete
Ep 177 | 드론3 목적지45 | 1000스텝 | 배송 35/45 | 재적재  4 | 중계율 0.29 | alpha 2.596 | step_limit
Ep 178 | 드론3 목적지20 |  457스텝 | 배송 20/20 | 재적재  2 | 중계율 0.30 | alpha 2.601 | complete
Ep 179 | 드론6 목적지66 |  759스텝 | 배송 66/66 | 재적재 11 | 중계율 0.21 | alpha 2.590 | complete
Ep 180 | 드론6 목적지22 |  298스텝 | 배송 22/22 | 재적재  1 | 중계율 0.13 | alpha 2.606 | complete
Ep 181 | 드론6 목적지77 |  707스텝 | 배송 77/77 | 재적재 13 | 중계율 0.20 | alpha 2.672 | complete
Ep 182 | 드론4 목적지74 | 1000스텝 | 배송 63/74 | 재적재 11 | 중계율 0.22 | alpha 2.708 | step_limit
Ep 183 | 드론6 목적지40 |  347스텝 | 배송 40/40 | 재적재  5 | 중계율 0.12 | alpha 2.703 | complete
Ep 184 | 드론4 목적지77 | 1000스텝 | 배송 76/77 | 재적재 14 | 중계율 0.18 | alpha 2.708 | step_limit
Ep 185 | 드론5 목적지72 | 1000스텝 | 배송 68/72 | 재적재 13 | 중계율 0.21 | alpha 2.692 | step_limit
Ep 186 | 드론5 목적지74 |  702스텝 | 배송 74/74 | 재적재 13 | 중계율 0.13 | alpha 2.692 | complete
Ep 187 | 드론3 목적지65 | 1000스텝 | 배송 60/65 | 재적재 10 | 중계율 0.17 | alpha 2.649 | step_limit
Ep 188 | 드론3 목적지80 | 1000스텝 | 배송 49/80 | 재적재  8 | 중계율 0.25 | alpha 2.619 | step_limit
Ep 189 | 드론5 목적지55 |  908스텝 | 배송 55/55 | 재적재  9 | 중계율 0.23 | alpha 2.627 | complete
Ep 190 | 드론4 목적지36 |  736스텝 | 배송 36/36 | 재적재  6 | 중계율 0.21 | alpha 2.640 | complete
Ep 191 | 드론3 목적지28 |  645스텝 | 배송 28/28 | 재적재  5 | 중계율 0.24 | alpha 2.671 | complete
Ep 192 | 드론6 목적지74 |  623스텝 | 배송 74/74 | 재적재 14 | 중계율 0.15 | alpha 2.642 | complete
Ep 193 | 드론4 목적지61 | 1000스텝 | 배송 53/61 | 재적재  8 | 중계율 0.29 | alpha 2.586 | step_limit
Ep 194 | 드론6 목적지73 |  559스텝 | 배송 73/73 | 재적재 13 | 중계율 0.10 | alpha 2.565 | complete
Ep 195 | 드론5 목적지69 | 1000스텝 | 배송 66/69 | 재적재 12 | 중계율 0.22 | alpha 2.563 | step_limit
Ep 196 | 드론4 목적지47 | 1000스텝 | 배송 45/47 | 재적재  8 | 중계율 0.15 | alpha 2.538 | step_limit
Ep 197 | 드론5 목적지27 |  496스텝 | 배송 27/27 | 재적재  2 | 중계율 0.18 | alpha 2.515 | complete
Ep 198 | 드론4 목적지56 |  755스텝 | 배송 56/56 | 재적재  9 | 중계율 0.16 | alpha 2.458 | complete
Ep 199 | 드론3 목적지57 | 1000스텝 | 배송 51/57 | 재적재  8 | 중계율 0.21 | alpha 2.439 | step_limit
Ep 200 | 드론6 목적지64 |  677스텝 | 배송 64/64 | 재적재 10 | 중계율 0.15 | alpha 2.471 | complete
  [홀드아웃] 배송 50.0±0.2 완주 0.97 스텝 1174 점수 103.6 재적재 8.4 2홉+ 0.63 | 최고 106.0@ep150 정체 1/15
Ep 201 | 드론6 목적지38 |  661스텝 | 배송 38/38 | 재적재  5 | 중계율 0.25 | alpha 2.485 | complete
Ep 202 | 드론3 목적지32 | 1000스텝 | 배송 31/32 | 재적재  5 | 중계율 0.27 | alpha 2.442 | step_limit
Ep 203 | 드론4 목적지23 |  428스텝 | 배송 23/23 | 재적재  3 | 중계율 0.16 | alpha 2.417 | complete
Ep 204 | 드론4 목적지38 |  520스텝 | 배송 38/38 | 재적재  6 | 중계율 0.15 | alpha 2.445 | complete
Ep 205 | 드론4 목적지27 |  505스텝 | 배송 27/27 | 재적재  4 | 중계율 0.10 | alpha 2.437 | complete
Ep 206 | 드론3 목적지58 | 1000스텝 | 배송 45/58 | 재적재  7 | 중계율 0.21 | alpha 2.416 | step_limit
Ep 207 | 드론4 목적지52 | 1000스텝 | 배송 50/52 | 재적재  8 | 중계율 0.26 | alpha 2.407 | step_limit
Ep 208 | 드론4 목적지60 | 1000스텝 | 배송 50/60 | 재적재  8 | 중계율 0.25 | alpha 2.377 | step_limit
Ep 209 | 드론3 목적지72 | 1000스텝 | 배송 58/72 | 재적재 10 | 중계율 0.21 | alpha 2.410 | step_limit
Ep 210 | 드론6 목적지39 |  492스텝 | 배송 39/39 | 재적재  6 | 중계율 0.11 | alpha 2.422 | complete
Ep 211 | 드론3 목적지55 | 1000스텝 | 배송 52/55 | 재적재 10 | 중계율 0.20 | alpha 2.386 | step_limit
Ep 212 | 드론4 목적지62 |  739스텝 | 배송 62/62 | 재적재 11 | 중계율 0.14 | alpha 2.373 | complete
Ep 213 | 드론5 목적지77 |  667스텝 | 배송 77/77 | 재적재 14 | 중계율 0.12 | alpha 2.345 | complete
Ep 214 | 드론4 목적지44 |  681스텝 | 배송 44/44 | 재적재  6 | 중계율 0.15 | alpha 2.322 | complete
Ep 215 | 드론3 목적지49 | 1000스텝 | 배송 41/49 | 재적재  8 | 중계율 0.24 | alpha 2.319 | step_limit
Ep 216 | 드론6 목적지29 |  379스텝 | 배송 29/29 | 재적재  3 | 중계율 0.23 | alpha 2.294 | complete
Ep 217 | 드론5 목적지36 |  404스텝 | 배송 36/36 | 재적재  4 | 중계율 0.12 | alpha 2.291 | complete
Ep 218 | 드론5 목적지55 |  526스텝 | 배송 55/55 | 재적재  8 | 중계율 0.11 | alpha 2.269 | complete
Ep 219 | 드론3 목적지35 |  810스텝 | 배송 35/35 | 재적재  6 | 중계율 0.23 | alpha 2.258 | complete
Ep 220 | 드론6 목적지73 |  496스텝 | 배송 73/73 | 재적재 12 | 중계율 0.14 | alpha 2.263 | complete
Ep 221 | 드론6 목적지25 |  314스텝 | 배송 25/25 | 재적재  2 | 중계율 0.16 | alpha 2.280 | complete
Ep 222 | 드론4 목적지30 |  478스텝 | 배송 30/30 | 재적재  5 | 중계율 0.17 | alpha 2.291 | complete
Ep 223 | 드론4 목적지45 | 1000스텝 | 배송 44/45 | 재적재  6 | 중계율 0.24 | alpha 2.309 | step_limit
Ep 224 | 드론5 목적지76 | 1000스텝 | 배송 75/76 | 재적재 13 | 중계율 0.28 | alpha 2.302 | step_limit
Ep 225 | 드론5 목적지70 |  952스텝 | 배송 70/70 | 재적재 12 | 중계율 0.18 | alpha 2.287 | complete
Ep 226 | 드론6 목적지73 |  784스텝 | 배송 73/73 | 재적재 13 | 중계율 0.13 | alpha 2.285 | complete
Ep 227 | 드론6 목적지56 |  526스텝 | 배송 56/56 | 재적재  9 | 중계율 0.12 | alpha 2.313 | complete
Ep 228 | 드론5 목적지24 |  389스텝 | 배송 24/24 | 재적재  2 | 중계율 0.14 | alpha 2.316 | complete
Ep 229 | 드론3 목적지32 | 1000스텝 | 배송 29/32 | 재적재  4 | 중계율 0.30 | alpha 2.327 | step_limit
Ep 230 | 드론3 목적지62 | 1000스텝 | 배송 53/62 | 재적재  9 | 중계율 0.14 | alpha 2.343 | step_limit
Ep 231 | 드론3 목적지27 |  622스텝 | 배송 27/27 | 재적재  4 | 중계율 0.09 | alpha 2.325 | complete
Ep 232 | 드론6 목적지27 |  321스텝 | 배송 27/27 | 재적재  4 | 중계율 0.18 | alpha 2.306 | complete
Ep 233 | 드론5 목적지58 |  620스텝 | 배송 58/58 | 재적재 10 | 중계율 0.17 | alpha 2.305 | complete
Ep 234 | 드론4 목적지56 |  564스텝 | 배송 56/56 | 재적재 10 | 중계율 0.12 | alpha 2.323 | complete
Ep 235 | 드론4 목적지49 |  747스텝 | 배송 49/49 | 재적재  8 | 중계율 0.21 | alpha 2.363 | complete
Ep 236 | 드론6 목적지71 |  672스텝 | 배송 71/71 | 재적재 13 | 중계율 0.15 | alpha 2.344 | complete
Ep 237 | 드론5 목적지77 |  748스텝 | 배송 77/77 | 재적재 14 | 중계율 0.15 | alpha 2.331 | complete
Ep 238 | 드론6 목적지27 |  222스텝 | 배송 27/27 | 재적재  2 | 중계율 0.06 | alpha 2.312 | complete
Ep 239 | 드론5 목적지37 |  522스텝 | 배송 37/37 | 재적재  5 | 중계율 0.16 | alpha 2.298 | complete
Ep 240 | 드론6 목적지70 |  492스텝 | 배송 70/70 | 재적재 11 | 중계율 0.12 | alpha 2.291 | complete
Ep 241 | 드론3 목적지46 | 1000스텝 | 배송 44/46 | 재적재  8 | 중계율 0.22 | alpha 2.226 | step_limit
Ep 242 | 드론6 목적지65 |  501스텝 | 배송 65/65 | 재적재 10 | 중계율 0.09 | alpha 2.220 | complete
Ep 243 | 드론5 목적지39 |  682스텝 | 배송 39/39 | 재적재  6 | 중계율 0.19 | alpha 2.253 | complete
Ep 244 | 드론4 목적지51 |  811스텝 | 배송 51/51 | 재적재  9 | 중계율 0.17 | alpha 2.255 | complete
Ep 245 | 드론3 목적지52 | 1000스텝 | 배송 40/52 | 재적재  7 | 중계율 0.29 | alpha 2.238 | step_limit
Ep 246 | 드론5 목적지54 |  487스텝 | 배송 54/54 | 재적재 10 | 중계율 0.16 | alpha 2.249 | complete
Ep 247 | 드론6 목적지69 |  651스텝 | 배송 69/69 | 재적재 12 | 중계율 0.13 | alpha 2.264 | complete
Ep 248 | 드론3 목적지77 | 1000스텝 | 배송 66/77 | 재적재 11 | 중계율 0.22 | alpha 2.288 | step_limit
Ep 249 | 드론5 목적지70 |  645스텝 | 배송 70/70 | 재적재 13 | 중계율 0.10 | alpha 2.289 | complete
Ep 250 | 드론3 목적지51 | 1000스텝 | 배송 40/51 | 재적재  7 | 중계율 0.26 | alpha 2.257 | step_limit
  [홀드아웃] 배송 50.0±0.0 완주 1.00 스텝 1057 점수 106.5 재적재 8.2 2홉+ 0.64 | 최고 106.5@ep250 정체 0/15  ← 갱신
Ep 251 | 드론6 목적지33 |  365스텝 | 배송 33/33 | 재적재  4 | 중계율 0.10 | alpha 2.260 | complete
Ep 252 | 드론3 목적지25 |  676스텝 | 배송 25/25 | 재적재  4 | 중계율 0.31 | alpha 2.262 | complete
Ep 253 | 드론5 목적지49 |  751스텝 | 배송 49/49 | 재적재  7 | 중계율 0.17 | alpha 2.220 | complete
Ep 254 | 드론5 목적지26 |  363스텝 | 배송 26/26 | 재적재  2 | 중계율 0.10 | alpha 2.233 | complete
Ep 255 | 드론4 목적지38 |  803스텝 | 배송 38/38 | 재적재  5 | 중계율 0.25 | alpha 2.222 | complete
Ep 256 | 드론4 목적지27 |  483스텝 | 배송 27/27 | 재적재  3 | 중계율 0.16 | alpha 2.249 | complete
Ep 257 | 드론3 목적지44 | 1000스텝 | 배송 42/44 | 재적재  8 | 중계율 0.21 | alpha 2.221 | step_limit
Ep 258 | 드론5 목적지73 |  718스텝 | 배송 73/73 | 재적재 13 | 중계율 0.14 | alpha 2.253 | complete
Ep 259 | 드론5 목적지65 |  727스텝 | 배송 65/65 | 재적재 11 | 중계율 0.17 | alpha 2.254 | complete
Ep 260 | 드론6 목적지49 |  607스텝 | 배송 49/49 | 재적재  9 | 중계율 0.12 | alpha 2.271 | complete
Ep 261 | 드론6 목적지21 |  245스텝 | 배송 21/21 | 재적재  0 | 중계율 0.17 | alpha 2.280 | complete
Ep 262 | 드론3 목적지69 | 1000스텝 | 배송 65/69 | 재적재 11 | 중계율 0.19 | alpha 2.256 | step_limit
Ep 263 | 드론4 목적지40 | 1000스텝 | 배송 35/40 | 재적재  5 | 중계율 0.32 | alpha 2.244 | step_limit
Ep 264 | 드론5 목적지35 |  389스텝 | 배송 35/35 | 재적재  5 | 중계율 0.12 | alpha 2.209 | complete
Ep 265 | 드론6 목적지52 |  675스텝 | 배송 52/52 | 재적재  8 | 중계율 0.10 | alpha 2.239 | complete
Ep 266 | 드론4 목적지33 |  388스텝 | 배송 33/33 | 재적재  4 | 중계율 0.08 | alpha 2.253 | complete
Ep 267 | 드론6 목적지32 |  263스텝 | 배송 32/32 | 재적재  5 | 중계율 0.10 | alpha 2.277 | complete
Ep 268 | 드론4 목적지39 |  943스텝 | 배송 39/39 | 재적재  7 | 중계율 0.22 | alpha 2.262 | complete
Ep 269 | 드론5 목적지71 |  759스텝 | 배송 71/71 | 재적재 13 | 중계율 0.17 | alpha 2.246 | complete
Ep 270 | 드론3 목적지56 | 1000스텝 | 배송 44/56 | 재적재  7 | 중계율 0.29 | alpha 2.237 | step_limit
Ep 271 | 드론5 목적지66 |  980스텝 | 배송 66/66 | 재적재 12 | 중계율 0.17 | alpha 2.210 | complete
Ep 272 | 드론4 목적지33 |  431스텝 | 배송 33/33 | 재적재  4 | 중계율 0.14 | alpha 2.196 | complete
Ep 273 | 드론5 목적지75 | 1000스텝 | 배송 74/75 | 재적재 14 | 중계율 0.18 | alpha 2.173 | step_limit
Ep 274 | 드론4 목적지63 |  666스텝 | 배송 63/63 | 재적재 10 | 중계율 0.14 | alpha 2.187 | complete
Ep 275 | 드론3 목적지46 | 1000스텝 | 배송 41/46 | 재적재  6 | 중계율 0.22 | alpha 2.183 | step_limit
Ep 276 | 드론5 목적지62 |  970스텝 | 배송 62/62 | 재적재 11 | 중계율 0.24 | alpha 2.217 | complete
Ep 277 | 드론6 목적지35 |  325스텝 | 배송 35/35 | 재적재  6 | 중계율 0.13 | alpha 2.230 | complete
Ep 278 | 드론4 목적지79 | 1000스텝 | 배송 75/79 | 재적재 13 | 중계율 0.15 | alpha 2.275 | step_limit
Ep 279 | 드론3 목적지50 | 1000스텝 | 배송 48/50 | 재적재  8 | 중계율 0.22 | alpha 2.254 | step_limit
Ep 280 | 드론3 목적지71 | 1000스텝 | 배송 55/71 | 재적재 11 | 중계율 0.25 | alpha 2.258 | step_limit
Ep 281 | 드론5 목적지52 |  768스텝 | 배송 52/52 | 재적재  9 | 중계율 0.20 | alpha 2.223 | complete
Ep 282 | 드론4 목적지55 |  688스텝 | 배송 55/55 | 재적재  9 | 중계율 0.14 | alpha 2.211 | complete
Ep 283 | 드론4 목적지44 |  932스텝 | 배송 44/44 | 재적재  7 | 중계율 0.15 | alpha 2.221 | complete
Ep 284 | 드론6 목적지61 |  519스텝 | 배송 61/61 | 재적재 11 | 중계율 0.13 | alpha 2.236 | complete
Ep 285 | 드론6 목적지61 |  733스텝 | 배송 61/61 | 재적재  9 | 중계율 0.16 | alpha 2.208 | complete
Ep 286 | 드론6 목적지35 |  431스텝 | 배송 35/35 | 재적재  4 | 중계율 0.13 | alpha 2.222 | complete
Ep 287 | 드론5 목적지42 |  423스텝 | 배송 42/42 | 재적재  6 | 중계율 0.10 | alpha 2.256 | complete
Ep 288 | 드론4 목적지26 |  714스텝 | 배송 26/26 | 재적재  3 | 중계율 0.27 | alpha 2.212 | complete
Ep 289 | 드론5 목적지71 |  762스텝 | 배송 71/71 | 재적재 12 | 중계율 0.13 | alpha 2.170 | complete
Ep 290 | 드론3 목적지34 |  666스텝 | 배송 34/34 | 재적재  6 | 중계율 0.16 | alpha 2.203 | complete
Ep 291 | 드론6 목적지70 |  642스텝 | 배송 70/70 | 재적재 11 | 중계율 0.13 | alpha 2.203 | complete
Ep 292 | 드론6 목적지25 |  249스텝 | 배송 25/25 | 재적재  2 | 중계율 0.11 | alpha 2.216 | complete
Ep 293 | 드론5 목적지78 | 1000스텝 | 배송 74/78 | 재적재 13 | 중계율 0.19 | alpha 2.227 | step_limit
Ep 294 | 드론4 목적지63 |  957스텝 | 배송 63/63 | 재적재 11 | 중계율 0.19 | alpha 2.205 | complete
Ep 295 | 드론3 목적지40 |  809스텝 | 배송 40/40 | 재적재  6 | 중계율 0.24 | alpha 2.186 | complete
Ep 296 | 드론3 목적지78 | 1000스텝 | 배송 59/78 | 재적재 10 | 중계율 0.28 | alpha 2.186 | step_limit
Ep 297 | 드론3 목적지76 | 1000스텝 | 배송 67/76 | 재적재 13 | 중계율 0.13 | alpha 2.167 | step_limit
Ep 298 | 드론5 목적지42 |  408스텝 | 배송 42/42 | 재적재  5 | 중계율 0.14 | alpha 2.171 | complete
Ep 299 | 드론5 목적지34 |  858스텝 | 배송 34/34 | 재적재  4 | 중계율 0.25 | alpha 2.194 | complete
Ep 300 | 드론6 목적지73 |  715스텝 | 배송 73/73 | 재적재 12 | 중계율 0.16 | alpha 2.174 | complete
  [홀드아웃] 배송 50.0±0.0 완주 1.00 스텝 1010 점수 106.6 재적재 8.2 2홉+ 0.63 | 최고 106.6@ep300 정체 0/15  ← 갱신
Ep 301 | 드론5 목적지74 |  877스텝 | 배송 74/74 | 재적재 14 | 중계율 0.10 | alpha 2.171 | complete
Ep 302 | 드론3 목적지56 | 1000스텝 | 배송 50/56 | 재적재  9 | 중계율 0.18 | alpha 2.191 | step_limit
Ep 303 | 드론6 목적지24 |  262스텝 | 배송 24/24 | 재적재  1 | 중계율 0.12 | alpha 2.200 | complete
Ep 304 | 드론5 목적지67 |  997스텝 | 배송 67/67 | 재적재 12 | 중계율 0.23 | alpha 2.189 | complete
Ep 305 | 드론4 목적지69 | 1000스텝 | 배송 69/69 | 재적재 13 | 중계율 0.20 | alpha 2.221 | complete
Ep 306 | 드론4 목적지30 |  503스텝 | 배송 30/30 | 재적재  5 | 중계율 0.22 | alpha 2.196 | complete
Ep 307 | 드론6 목적지46 |  413스텝 | 배송 46/46 | 재적재  6 | 중계율 0.10 | alpha 2.177 | complete
Ep 308 | 드론3 목적지45 |  999스텝 | 배송 45/45 | 재적재  7 | 중계율 0.28 | alpha 2.177 | complete
Ep 309 | 드론6 목적지80 |  704스텝 | 배송 80/80 | 재적재 14 | 중계율 0.15 | alpha 2.172 | complete
Ep 310 | 드론4 목적지26 |  443스텝 | 배송 26/26 | 재적재  4 | 중계율 0.17 | alpha 2.175 | complete
Ep 311 | 드론3 목적지52 | 1000스텝 | 배송 46/52 | 재적재  7 | 중계율 0.18 | alpha 2.170 | step_limit
Ep 312 | 드론3 목적지42 | 1000스텝 | 배송 35/42 | 재적재  6 | 중계율 0.25 | alpha 2.233 | step_limit
Ep 313 | 드론3 목적지60 | 1000스텝 | 배송 47/60 | 재적재  8 | 중계율 0.22 | alpha 2.197 | step_limit
Ep 314 | 드론3 목적지78 | 1000스텝 | 배송 46/78 | 재적재  7 | 중계율 0.26 | alpha 2.162 | step_limit
Ep 315 | 드론5 목적지51 |  791스텝 | 배송 51/51 | 재적재  9 | 중계율 0.18 | alpha 2.222 | complete
Ep 316 | 드론5 목적지58 |  842스텝 | 배송 58/58 | 재적재 10 | 중계율 0.17 | alpha 2.195 | complete
Ep 317 | 드론5 목적지75 |  802스텝 | 배송 75/75 | 재적재 12 | 중계율 0.16 | alpha 2.223 | complete
Ep 318 | 드론6 목적지56 |  593스텝 | 배송 56/56 | 재적재  8 | 중계율 0.16 | alpha 2.236 | complete
Ep 319 | 드론4 목적지69 | 1000스텝 | 배송 66/69 | 재적재 12 | 중계율 0.21 | alpha 2.175 | step_limit
Ep 320 | 드론5 목적지45 |  594스텝 | 배송 45/45 | 재적재  6 | 중계율 0.18 | alpha 2.136 | complete
Ep 321 | 드론5 목적지28 |  367스텝 | 배송 28/28 | 재적재  4 | 중계율 0.20 | alpha 2.139 | complete
Ep 322 | 드론5 목적지59 |  598스텝 | 배송 59/59 | 재적재 10 | 중계율 0.10 | alpha 2.151 | complete
Ep 323 | 드론3 목적지44 | 1000스텝 | 배송 41/44 | 재적재  6 | 중계율 0.26 | alpha 2.157 | step_limit
Ep 324 | 드론3 목적지25 |  673스텝 | 배송 25/25 | 재적재  3 | 중계율 0.14 | alpha 2.172 | complete
Ep 325 | 드론6 목적지65 |  528스텝 | 배송 65/65 | 재적재 10 | 중계율 0.10 | alpha 2.187 | complete
Ep 326 | 드론4 목적지31 | 1000스텝 | 배송 30/31 | 재적재  4 | 중계율 0.25 | alpha 2.206 | step_limit
Ep 327 | 드론6 목적지67 |  557스텝 | 배송 67/67 | 재적재 11 | 중계율 0.12 | alpha 2.210 | complete
Ep 328 | 드론4 목적지65 |  797스텝 | 배송 65/65 | 재적재 11 | 중계율 0.13 | alpha 2.195 | complete
Ep 329 | 드론6 목적지33 |  371스텝 | 배송 33/33 | 재적재  4 | 중계율 0.11 | alpha 2.210 | complete
Ep 330 | 드론5 목적지76 | 1000스텝 | 배송 74/76 | 재적재 12 | 중계율 0.15 | alpha 2.209 | step_limit
Ep 331 | 드론4 목적지76 | 1000스텝 | 배송 63/76 | 재적재 12 | 중계율 0.20 | alpha 2.171 | step_limit
Ep 332 | 드론6 목적지75 |  683스텝 | 배송 75/75 | 재적재 12 | 중계율 0.12 | alpha 2.197 | complete
Ep 333 | 드론4 목적지26 |  414스텝 | 배송 26/26 | 재적재  4 | 중계율 0.13 | alpha 2.180 | complete
Ep 334 | 드론3 목적지63 | 1000스텝 | 배송 47/63 | 재적재  8 | 중계율 0.15 | alpha 2.191 | step_limit
Ep 335 | 드론5 목적지28 |  420스텝 | 배송 28/28 | 재적재  4 | 중계율 0.16 | alpha 2.183 | complete
Ep 336 | 드론3 목적지54 | 1000스텝 | 배송 45/54 | 재적재  7 | 중계율 0.26 | alpha 2.156 | step_limit
Ep 337 | 드론4 목적지65 | 1000스텝 | 배송 55/65 | 재적재  9 | 중계율 0.29 | alpha 2.159 | step_limit
Ep 338 | 드론4 목적지68 | 1000스텝 | 배송 64/68 | 재적재 12 | 중계율 0.20 | alpha 2.202 | step_limit
Ep 339 | 드론5 목적지47 |  502스텝 | 배송 47/47 | 재적재  6 | 중계율 0.10 | alpha 2.204 | complete
Ep 340 | 드론4 목적지73 | 1000스텝 | 배송 61/73 | 재적재 11 | 중계율 0.24 | alpha 2.199 | step_limit
Ep 341 | 드론4 목적지64 | 1000스텝 | 배송 55/64 | 재적재  8 | 중계율 0.27 | alpha 2.214 | step_limit
Ep 342 | 드론4 목적지26 |  361스텝 | 배송 26/26 | 재적재  4 | 중계율 0.12 | alpha 2.236 | complete
Ep 343 | 드론6 목적지58 |  468스텝 | 배송 58/58 | 재적재  9 | 중계율 0.15 | alpha 2.219 | complete
Ep 344 | 드론5 목적지23 |  237스텝 | 배송 23/23 | 재적재  2 | 중계율 0.11 | alpha 2.207 | complete
Ep 345 | 드론5 목적지53 |  886스텝 | 배송 53/53 | 재적재 10 | 중계율 0.17 | alpha 2.211 | complete
Ep 346 | 드론4 목적지21 |  411스텝 | 배송 21/21 | 재적재  3 | 중계율 0.16 | alpha 2.238 | complete
Ep 347 | 드론6 목적지39 |  340스텝 | 배송 39/39 | 재적재  5 | 중계율 0.12 | alpha 2.256 | complete
Ep 348 | 드론6 목적지46 |  403스텝 | 배송 46/46 | 재적재  7 | 중계율 0.11 | alpha 2.277 | complete
Ep 349 | 드론5 목적지37 |  445스텝 | 배송 37/37 | 재적재  5 | 중계율 0.10 | alpha 2.261 | complete
Ep 350 | 드론3 목적지42 |  935스텝 | 배송 42/42 | 재적재  7 | 중계율 0.23 | alpha 2.196 | complete
  [홀드아웃] 배송 49.9±0.4 완주 0.93 스텝 1056 점수 99.0 재적재 8.1 2홉+ 0.63 | 최고 106.6@ep300 정체 1/15
Ep 351 | 드론6 목적지54 |  472스텝 | 배송 54/54 | 재적재  7 | 중계율 0.11 | alpha 2.220 | complete
Ep 352 | 드론5 목적지69 |  933스텝 | 배송 69/69 | 재적재 11 | 중계율 0.16 | alpha 2.203 | complete
Ep 353 | 드론3 목적지44 | 1000스텝 | 배송 39/44 | 재적재  6 | 중계율 0.16 | alpha 2.222 | step_limit
Ep 354 | 드론4 목적지49 |  757스텝 | 배송 49/49 | 재적재  9 | 중계율 0.18 | alpha 2.226 | complete
Ep 355 | 드론3 목적지28 |  567스텝 | 배송 28/28 | 재적재  4 | 중계율 0.19 | alpha 2.214 | complete
Ep 356 | 드론3 목적지79 | 1000스텝 | 배송 71/79 | 재적재 13 | 중계율 0.15 | alpha 2.209 | step_limit
Ep 357 | 드론5 목적지71 |  848스텝 | 배송 71/71 | 재적재 13 | 중계율 0.09 | alpha 2.210 | complete
Ep 358 | 드론3 목적지30 |  815스텝 | 배송 30/30 | 재적재  4 | 중계율 0.29 | alpha 2.238 | complete
Ep 359 | 드론4 목적지74 | 1000스텝 | 배송 72/74 | 재적재 13 | 중계율 0.14 | alpha 2.278 | step_limit
Ep 360 | 드론5 목적지47 |  456스텝 | 배송 47/47 | 재적재  7 | 중계율 0.14 | alpha 2.260 | complete
Ep 361 | 드론4 목적지43 |  634스텝 | 배송 43/43 | 재적재  7 | 중계율 0.19 | alpha 2.269 | complete
Ep 362 | 드론6 목적지78 |  631스텝 | 배송 78/78 | 재적재 13 | 중계율 0.10 | alpha 2.274 | complete
Ep 363 | 드론5 목적지70 |  749스텝 | 배송 70/70 | 재적재 13 | 중계율 0.08 | alpha 2.299 | complete
Ep 364 | 드론3 목적지64 | 1000스텝 | 배송 51/64 | 재적재  9 | 중계율 0.25 | alpha 2.275 | step_limit
Ep 365 | 드론3 목적지63 | 1000스텝 | 배송 53/63 | 재적재  9 | 중계율 0.27 | alpha 2.237 | step_limit
Ep 366 | 드론4 목적지44 |  926스텝 | 배송 44/44 | 재적재  7 | 중계율 0.26 | alpha 2.198 | complete
Ep 367 | 드론5 목적지38 |  445스텝 | 배송 38/38 | 재적재  5 | 중계율 0.21 | alpha 2.196 | complete
Ep 368 | 드론3 목적지37 |  631스텝 | 배송 37/37 | 재적재  5 | 중계율 0.12 | alpha 2.189 | complete
Ep 369 | 드론3 목적지42 |  804스텝 | 배송 42/42 | 재적재  8 | 중계율 0.21 | alpha 2.217 | complete
Ep 370 | 드론4 목적지70 | 1000스텝 | 배송 60/70 | 재적재  9 | 중계율 0.25 | alpha 2.252 | step_limit
Ep 371 | 드론4 목적지40 |  962스텝 | 배송 40/40 | 재적재  7 | 중계율 0.19 | alpha 2.213 | complete
Ep 372 | 드론5 목적지29 |  336스텝 | 배송 29/29 | 재적재  3 | 중계율 0.08 | alpha 2.205 | complete
Ep 373 | 드론3 목적지79 | 1000스텝 | 배송 61/79 | 재적재 10 | 중계율 0.19 | alpha 2.185 | step_limit
Ep 374 | 드론4 목적지40 | 1000스텝 | 배송 39/40 | 재적재  5 | 중계율 0.26 | alpha 2.153 | step_limit
Ep 375 | 드론3 목적지28 |  566스텝 | 배송 28/28 | 재적재  5 | 중계율 0.12 | alpha 2.165 | complete
Ep 376 | 드론4 목적지40 |  828스텝 | 배송 40/40 | 재적재  7 | 중계율 0.28 | alpha 2.205 | complete
Ep 377 | 드론3 목적지72 | 1000스텝 | 배송 50/72 | 재적재  9 | 중계율 0.23 | alpha 2.189 | step_limit
Ep 378 | 드론6 목적지61 |  454스텝 | 배송 61/61 | 재적재  9 | 중계율 0.10 | alpha 2.155 | complete
Ep 379 | 드론5 목적지68 |  838스텝 | 배송 68/68 | 재적재 11 | 중계율 0.16 | alpha 2.203 | complete
Ep 380 | 드론3 목적지24 |  745스텝 | 배송 24/24 | 재적재  3 | 중계율 0.25 | alpha 2.186 | complete
Ep 381 | 드론4 목적지52 | 1000스텝 | 배송 47/52 | 재적재  8 | 중계율 0.31 | alpha 2.206 | step_limit
Ep 382 | 드론5 목적지35 |  672스텝 | 배송 35/35 | 재적재  4 | 중계율 0.15 | alpha 2.186 | complete
Ep 383 | 드론3 목적지47 | 1000스텝 | 배송 38/47 | 재적재  7 | 중계율 0.22 | alpha 2.158 | step_limit
Ep 384 | 드론4 목적지28 |  528스텝 | 배송 28/28 | 재적재  5 | 중계율 0.18 | alpha 2.145 | complete
Ep 385 | 드론5 목적지70 |  830스텝 | 배송 70/70 | 재적재 13 | 중계율 0.14 | alpha 2.155 | complete
Ep 386 | 드론5 목적지71 |  999스텝 | 배송 71/71 | 재적재 12 | 중계율 0.12 | alpha 2.158 | complete
Ep 387 | 드론4 목적지49 |  546스텝 | 배송 49/49 | 재적재  9 | 중계율 0.09 | alpha 2.190 | complete
Ep 388 | 드론4 목적지21 |  795스텝 | 배송 21/21 | 재적재  2 | 중계율 0.26 | alpha 2.173 | complete
Ep 389 | 드론5 목적지60 |  579스텝 | 배송 60/60 | 재적재 10 | 중계율 0.08 | alpha 2.188 | complete
Ep 390 | 드론5 목적지30 |  357스텝 | 배송 30/30 | 재적재  4 | 중계율 0.15 | alpha 2.199 | complete
Ep 391 | 드론3 목적지51 |  755스텝 | 배송 51/51 | 재적재  9 | 중계율 0.12 | alpha 2.197 | complete
Ep 392 | 드론4 목적지39 |  772스텝 | 배송 39/39 | 재적재  6 | 중계율 0.22 | alpha 2.217 | complete
Ep 393 | 드론6 목적지73 |  553스텝 | 배송 73/73 | 재적재 12 | 중계율 0.07 | alpha 2.235 | complete
Ep 394 | 드론3 목적지32 |  834스텝 | 배송 32/32 | 재적재  4 | 중계율 0.27 | alpha 2.235 | complete
Ep 395 | 드론6 목적지70 |  483스텝 | 배송 70/70 | 재적재 12 | 중계율 0.08 | alpha 2.208 | complete
Ep 396 | 드론6 목적지28 |  318스텝 | 배송 28/28 | 재적재  2 | 중계율 0.08 | alpha 2.207 | complete
Ep 397 | 드론3 목적지39 |  877스텝 | 배송 39/39 | 재적재  7 | 중계율 0.23 | alpha 2.168 | complete
Ep 398 | 드론4 목적지40 |  753스텝 | 배송 40/40 | 재적재  6 | 중계율 0.23 | alpha 2.172 | complete
Ep 399 | 드론3 목적지51 | 1000스텝 | 배송 49/51 | 재적재  8 | 중계율 0.22 | alpha 2.184 | step_limit
Ep 400 | 드론3 목적지79 | 1000스텝 | 배송 53/79 | 재적재  9 | 중계율 0.21 | alpha 2.184 | step_limit
  [홀드아웃] 배송 50.0±0.0 완주 1.00 스텝 1031 점수 106.6 재적재 8.4 2홉+ 0.63 | 최고 106.6@ep300 정체 2/15
Ep 401 | 드론3 목적지63 | 1000스텝 | 배송 60/63 | 재적재 11 | 중계율 0.22 | alpha 2.181 | step_limit
Ep 402 | 드론3 목적지32 |  686스텝 | 배송 32/32 | 재적재  5 | 중계율 0.21 | alpha 2.140 | complete
Ep 403 | 드론4 목적지76 | 1000스텝 | 배송 70/76 | 재적재 12 | 중계율 0.16 | alpha 2.125 | step_limit
Ep 404 | 드론5 목적지23 |  306스텝 | 배송 23/23 | 재적재  3 | 중계율 0.10 | alpha 2.143 | complete
Ep 405 | 드론4 목적지67 | 1000스텝 | 배송 58/67 | 재적재  8 | 중계율 0.22 | alpha 2.179 | step_limit
Ep 406 | 드론4 목적지48 |  988스텝 | 배송 48/48 | 재적재  8 | 중계율 0.17 | alpha 2.177 | complete
Ep 407 | 드론3 목적지72 | 1000스텝 | 배송 57/72 | 재적재  9 | 중계율 0.18 | alpha 2.176 | step_limit
Ep 408 | 드론6 목적지79 |  710스텝 | 배송 79/79 | 재적재 12 | 중계율 0.15 | alpha 2.166 | complete
Ep 409 | 드론6 목적지28 |  205스텝 | 배송 28/28 | 재적재  2 | 중계율 0.06 | alpha 2.184 | complete
Ep 410 | 드론6 목적지46 |  493스텝 | 배송 46/46 | 재적재  6 | 중계율 0.10 | alpha 2.209 | complete
Ep 411 | 드론6 목적지69 |  911스텝 | 배송 69/69 | 재적재 11 | 중계율 0.18 | alpha 2.155 | complete
Ep 412 | 드론3 목적지47 | 1000스텝 | 배송 41/47 | 재적재  7 | 중계율 0.18 | alpha 2.179 | step_limit
Ep 413 | 드론5 목적지45 |  503스텝 | 배송 45/45 | 재적재  7 | 중계율 0.11 | alpha 2.175 | complete
Ep 414 | 드론3 목적지76 | 1000스텝 | 배송 57/76 | 재적재  9 | 중계율 0.19 | alpha 2.220 | step_limit
Ep 415 | 드론4 목적지79 | 1000스텝 | 배송 69/79 | 재적재 12 | 중계율 0.15 | alpha 2.214 | step_limit
Ep 416 | 드론3 목적지20 |  829스텝 | 배송 20/20 | 재적재  3 | 중계율 0.23 | alpha 2.215 | complete
Ep 417 | 드론3 목적지45 |  848스텝 | 배송 45/45 | 재적재  8 | 중계율 0.18 | alpha 2.181 | complete
Ep 418 | 드론4 목적지75 | 1000스텝 | 배송 69/75 | 재적재 11 | 중계율 0.20 | alpha 2.121 | step_limit
Ep 419 | 드론6 목적지78 |  696스텝 | 배송 78/78 | 재적재 14 | 중계율 0.16 | alpha 2.129 | complete
Ep 420 | 드론6 목적지33 |  350스텝 | 배송 33/33 | 재적재  5 | 중계율 0.08 | alpha 2.142 | complete
Ep 421 | 드론4 목적지62 | 1000스텝 | 배송 55/62 | 재적재 10 | 중계율 0.24 | alpha 2.166 | step_limit
Ep 422 | 드론6 목적지51 |  752스텝 | 배송 51/51 | 재적재  9 | 중계율 0.22 | alpha 2.166 | complete
Ep 423 | 드론4 목적지44 |  850스텝 | 배송 44/44 | 재적재  7 | 중계율 0.23 | alpha 2.181 | complete
Ep 424 | 드론4 목적지33 |  638스텝 | 배송 33/33 | 재적재  5 | 중계율 0.22 | alpha 2.181 | complete
Ep 425 | 드론3 목적지33 |  652스텝 | 배송 33/33 | 재적재  5 | 중계율 0.08 | alpha 2.169 | complete
Ep 426 | 드론5 목적지24 |  402스텝 | 배송 24/24 | 재적재  3 | 중계율 0.10 | alpha 2.165 | complete
Ep 427 | 드론4 목적지64 | 1000스텝 | 배송 59/64 | 재적재  9 | 중계율 0.23 | alpha 2.155 | step_limit
Ep 428 | 드론6 목적지53 |  810스텝 | 배송 53/53 | 재적재  8 | 중계율 0.20 | alpha 2.167 | complete
Ep 429 | 드론4 목적지36 |  590스텝 | 배송 36/36 | 재적재  6 | 중계율 0.16 | alpha 2.185 | complete
Ep 430 | 드론6 목적지48 |  427스텝 | 배송 48/48 | 재적재  7 | 중계율 0.13 | alpha 2.183 | complete
Ep 431 | 드론3 목적지56 | 1000스텝 | 배송 46/56 | 재적재  8 | 중계율 0.25 | alpha 2.161 | step_limit
Ep 432 | 드론4 목적지45 |  704스텝 | 배송 45/45 | 재적재  8 | 중계율 0.12 | alpha 2.148 | complete
Ep 433 | 드론5 목적지25 |  516스텝 | 배송 25/25 | 재적재  4 | 중계율 0.18 | alpha 2.142 | complete
Ep 434 | 드론4 목적지58 | 1000스텝 | 배송 55/58 | 재적재  9 | 중계율 0.22 | alpha 2.117 | step_limit
Ep 435 | 드론4 목적지72 | 1000스텝 | 배송 53/72 | 재적재  8 | 중계율 0.32 | alpha 2.165 | step_limit
Ep 436 | 드론3 목적지71 | 1000스텝 | 배송 50/71 | 재적재  9 | 중계율 0.18 | alpha 2.179 | step_limit
Ep 437 | 드론3 목적지53 | 1000스텝 | 배송 49/53 | 재적재  9 | 중계율 0.21 | alpha 2.202 | step_limit
Ep 438 | 드론6 목적지31 |  370스텝 | 배송 31/31 | 재적재  4 | 중계율 0.11 | alpha 2.200 | complete
Ep 439 | 드론6 목적지77 |  789스텝 | 배송 77/77 | 재적재 12 | 중계율 0.10 | alpha 2.189 | complete
Ep 440 | 드론4 목적지73 | 1000스텝 | 배송 70/73 | 재적재 12 | 중계율 0.22 | alpha 2.220 | step_limit
Ep 441 | 드론5 목적지27 |  316스텝 | 배송 27/27 | 재적재  4 | 중계율 0.12 | alpha 2.223 | complete
Ep 442 | 드론4 목적지20 |  456스텝 | 배송 20/20 | 재적재  3 | 중계율 0.15 | alpha 2.213 | complete
Ep 443 | 드론5 목적지73 |  974스텝 | 배송 73/73 | 재적재 12 | 중계율 0.07 | alpha 2.226 | complete
Ep 444 | 드론3 목적지56 | 1000스텝 | 배송 54/56 | 재적재 10 | 중계율 0.14 | alpha 2.276 | step_limit
Ep 445 | 드론5 목적지20 |  342스텝 | 배송 20/20 | 재적재  2 | 중계율 0.19 | alpha 2.271 | complete
Ep 446 | 드론3 목적지26 |  503스텝 | 배송 26/26 | 재적재  4 | 중계율 0.19 | alpha 2.241 | complete
Ep 447 | 드론4 목적지41 |  478스텝 | 배송 41/41 | 재적재  6 | 중계율 0.09 | alpha 2.230 | complete
Ep 448 | 드론6 목적지73 |  531스텝 | 배송 73/73 | 재적재 12 | 중계율 0.11 | alpha 2.238 | complete
Ep 449 | 드론4 목적지56 |  874스텝 | 배송 56/56 | 재적재  9 | 중계율 0.17 | alpha 2.249 | complete
Ep 450 | 드론4 목적지35 |  671스텝 | 배송 35/35 | 재적재  6 | 중계율 0.21 | alpha 2.244 | complete
  [홀드아웃] 배송 50.0±0.0 완주 1.00 스텝 1073 점수 106.4 재적재 8.4 2홉+ 0.63 | 최고 106.6@ep300 정체 3/15
Ep 451 | 드론5 목적지77 |  709스텝 | 배송 77/77 | 재적재 13 | 중계율 0.07 | alpha 2.238 | complete
Ep 452 | 드론3 목적지22 | 1000스텝 | 배송 21/22 | 재적재  3 | 중계율 0.17 | alpha 2.259 | step_limit
Ep 453 | 드론6 목적지47 |  557스텝 | 배송 47/47 | 재적재  8 | 중계율 0.12 | alpha 2.255 | complete
Ep 454 | 드론5 목적지72 | 1000스텝 | 배송 65/72 | 재적재 11 | 중계율 0.16 | alpha 2.230 | step_limit
Ep 455 | 드론6 목적지63 |  783스텝 | 배송 63/63 | 재적재 10 | 중계율 0.15 | alpha 2.241 | complete
Ep 456 | 드론4 목적지73 | 1000스텝 | 배송 63/73 | 재적재 10 | 중계율 0.20 | alpha 2.269 | step_limit
Ep 457 | 드론5 목적지36 |  692스텝 | 배송 36/36 | 재적재  6 | 중계율 0.17 | alpha 2.254 | complete
Ep 458 | 드론5 목적지78 |  767스텝 | 배송 78/78 | 재적재 14 | 중계율 0.11 | alpha 2.315 | complete
Ep 459 | 드론5 목적지45 |  659스텝 | 배송 45/45 | 재적재  6 | 중계율 0.20 | alpha 2.329 | complete
Ep 460 | 드론4 목적지70 | 1000스텝 | 배송 61/70 | 재적재 10 | 중계율 0.20 | alpha 2.270 | step_limit
Ep 461 | 드론3 목적지39 |  986스텝 | 배송 39/39 | 재적재  6 | 중계율 0.15 | alpha 2.225 | complete
Ep 462 | 드론5 목적지62 |  693스텝 | 배송 62/62 | 재적재 10 | 중계율 0.11 | alpha 2.237 | complete
Ep 463 | 드론4 목적지67 | 1000스텝 | 배송 66/67 | 재적재 12 | 중계율 0.17 | alpha 2.230 | step_limit
Ep 464 | 드론4 목적지33 |  561스텝 | 배송 33/33 | 재적재  4 | 중계율 0.11 | alpha 2.206 | complete
Ep 465 | 드론5 목적지80 | 1000스텝 | 배송 78/80 | 재적재 14 | 중계율 0.20 | alpha 2.190 | step_limit
Ep 466 | 드론6 목적지42 |  408스텝 | 배송 42/42 | 재적재  6 | 중계율 0.09 | alpha 2.188 | complete
Ep 467 | 드론4 목적지63 |  807스텝 | 배송 63/63 | 재적재 12 | 중계율 0.12 | alpha 2.194 | complete
Ep 468 | 드론3 목적지78 | 1000스텝 | 배송 60/78 | 재적재 10 | 중계율 0.20 | alpha 2.177 | step_limit
Ep 469 | 드론5 목적지48 |  605스텝 | 배송 48/48 | 재적재  7 | 중계율 0.10 | alpha 2.189 | complete
Ep 470 | 드론5 목적지70 |  698스텝 | 배송 70/70 | 재적재 11 | 중계율 0.13 | alpha 2.215 | complete
Ep 471 | 드론4 목적지24 |  479스텝 | 배송 24/24 | 재적재  3 | 중계율 0.11 | alpha 2.217 | complete
Ep 472 | 드론6 목적지62 |  694스텝 | 배송 62/62 | 재적재 10 | 중계율 0.11 | alpha 2.171 | complete
Ep 473 | 드론4 목적지30 |  843스텝 | 배송 30/30 | 재적재  4 | 중계율 0.22 | alpha 2.158 | complete
Ep 474 | 드론4 목적지37 |  703스텝 | 배송 37/37 | 재적재  6 | 중계율 0.16 | alpha 2.185 | complete
Ep 475 | 드론3 목적지71 | 1000스텝 | 배송 56/71 | 재적재  9 | 중계율 0.23 | alpha 2.180 | step_limit
Ep 476 | 드론3 목적지29 |  828스텝 | 배송 29/29 | 재적재  5 | 중계율 0.17 | alpha 2.230 | complete
Ep 477 | 드론4 목적지36 |  647스텝 | 배송 36/36 | 재적재  5 | 중계율 0.15 | alpha 2.251 | complete
Ep 478 | 드론3 목적지52 | 1000스텝 | 배송 50/52 | 재적재  9 | 중계율 0.20 | alpha 2.227 | step_limit
Ep 479 | 드론5 목적지75 | 1000스텝 | 배송 72/75 | 재적재 12 | 중계율 0.16 | alpha 2.243 | step_limit
Ep 480 | 드론6 목적지64 |  911스텝 | 배송 64/64 | 재적재 10 | 중계율 0.13 | alpha 2.251 | complete
Ep 481 | 드론4 목적지70 | 1000스텝 | 배송 57/70 | 재적재  9 | 중계율 0.21 | alpha 2.240 | step_limit
Ep 482 | 드론6 목적지39 |  545스텝 | 배송 39/39 | 재적재  6 | 중계율 0.10 | alpha 2.241 | complete
Ep 483 | 드론5 목적지51 |  681스텝 | 배송 51/51 | 재적재  9 | 중계율 0.12 | alpha 2.232 | complete
Ep 484 | 드론5 목적지43 |  477스텝 | 배송 43/43 | 재적재  7 | 중계율 0.12 | alpha 2.232 | complete
Ep 485 | 드론4 목적지36 |  497스텝 | 배송 36/36 | 재적재  6 | 중계율 0.18 | alpha 2.243 | complete
Ep 486 | 드론4 목적지53 |  902스텝 | 배송 53/53 | 재적재  9 | 중계율 0.16 | alpha 2.248 | complete
Ep 487 | 드론6 목적지34 |  327스텝 | 배송 34/34 | 재적재  4 | 중계율 0.15 | alpha 2.270 | complete
Ep 488 | 드론3 목적지73 | 1000스텝 | 배송 56/73 | 재적재 10 | 중계율 0.25 | alpha 2.300 | step_limit
Ep 489 | 드론5 목적지52 |  521스텝 | 배송 52/52 | 재적재  8 | 중계율 0.10 | alpha 2.292 | complete
Ep 490 | 드론6 목적지40 |  426스텝 | 배송 40/40 | 재적재  7 | 중계율 0.09 | alpha 2.303 | complete
Ep 491 | 드론3 목적지47 | 1000스텝 | 배송 45/47 | 재적재  8 | 중계율 0.13 | alpha 2.300 | step_limit
Ep 492 | 드론3 목적지71 | 1000스텝 | 배송 55/71 | 재적재 11 | 중계율 0.19 | alpha 2.250 | step_limit
Ep 493 | 드론4 목적지46 |  688스텝 | 배송 46/46 | 재적재  8 | 중계율 0.17 | alpha 2.249 | complete
Ep 494 | 드론3 목적지47 | 1000스텝 | 배송 43/47 | 재적재  6 | 중계율 0.21 | alpha 2.266 | step_limit
Ep 495 | 드론4 목적지45 |  822스텝 | 배송 45/45 | 재적재  7 | 중계율 0.14 | alpha 2.310 | complete
Ep 496 | 드론5 목적지65 |  876스텝 | 배송 65/65 | 재적재 11 | 중계율 0.12 | alpha 2.286 | complete
Ep 497 | 드론3 목적지35 |  941스텝 | 배송 35/35 | 재적재  6 | 중계율 0.17 | alpha 2.277 | complete
Ep 498 | 드론5 목적지39 |  578스텝 | 배송 39/39 | 재적재  5 | 중계율 0.18 | alpha 2.265 | complete
Ep 499 | 드론5 목적지28 |  334스텝 | 배송 28/28 | 재적재  4 | 중계율 0.11 | alpha 2.272 | complete
Ep 500 | 드론4 목적지49 |  828스텝 | 배송 49/49 | 재적재  8 | 중계율 0.23 | alpha 2.249 | complete
  [홀드아웃] 배송 50.0±0.0 완주 1.00 스텝 1110 점수 106.3 재적재 8.2 2홉+ 0.62 | 최고 106.6@ep300 정체 4/15
Ep 501 | 드론5 목적지26 |  478스텝 | 배송 26/26 | 재적재  3 | 중계율 0.17 | alpha 2.255 | complete
Ep 502 | 드론6 목적지69 |  728스텝 | 배송 69/69 | 재적재 11 | 중계율 0.08 | alpha 2.282 | complete
Ep 503 | 드론6 목적지44 |  394스텝 | 배송 44/44 | 재적재  6 | 중계율 0.13 | alpha 2.291 | complete
Ep 504 | 드론6 목적지34 |  570스텝 | 배송 34/34 | 재적재  4 | 중계율 0.17 | alpha 2.297 | complete
Ep 505 | 드론6 목적지77 | 1000스텝 | 배송 67/77 | 재적재 10 | 중계율 0.24 | alpha 2.292 | step_limit
Ep 506 | 드론6 목적지55 |  506스텝 | 배송 55/55 | 재적재  9 | 중계율 0.08 | alpha 2.299 | complete
Ep 507 | 드론3 목적지61 | 1000스텝 | 배송 58/61 | 재적재 11 | 중계율 0.14 | alpha 2.215 | step_limit
Ep 508 | 드론4 목적지24 |  378스텝 | 배송 24/24 | 재적재  3 | 중계율 0.13 | alpha 2.220 | complete
Ep 509 | 드론3 목적지48 | 1000스텝 | 배송 44/48 | 재적재  7 | 중계율 0.23 | alpha 2.224 | step_limit
Ep 510 | 드론5 목적지71 | 1000스텝 | 배송 66/71 | 재적재 10 | 중계율 0.22 | alpha 2.255 | step_limit
Ep 511 | 드론6 목적지39 |  510스텝 | 배송 39/39 | 재적재  5 | 중계율 0.10 | alpha 2.246 | complete
Ep 512 | 드론5 목적지29 |  377스텝 | 배송 29/29 | 재적재  3 | 중계율 0.11 | alpha 2.272 | complete
Ep 513 | 드론6 목적지46 |  369스텝 | 배송 46/46 | 재적재  6 | 중계율 0.12 | alpha 2.287 | complete
Ep 514 | 드론3 목적지49 | 1000스텝 | 배송 45/49 | 재적재  8 | 중계율 0.27 | alpha 2.293 | step_limit
Ep 515 | 드론3 목적지70 | 1000스텝 | 배송 55/70 | 재적재  9 | 중계율 0.22 | alpha 2.298 | step_limit
Ep 516 | 드론5 목적지63 | 1000스텝 | 배송 58/63 | 재적재  9 | 중계율 0.23 | alpha 2.292 | step_limit
Ep 517 | 드론5 목적지44 |  537스텝 | 배송 44/44 | 재적재  5 | 중계율 0.13 | alpha 2.273 | complete
Ep 518 | 드론3 목적지57 | 1000스텝 | 배송 46/57 | 재적재  8 | 중계율 0.29 | alpha 2.307 | step_limit
Ep 519 | 드론6 목적지34 |  343스텝 | 배송 34/34 | 재적재  5 | 중계율 0.13 | alpha 2.321 | complete
Ep 520 | 드론4 목적지68 | 1000스텝 | 배송 66/68 | 재적재 12 | 중계율 0.12 | alpha 2.320 | step_limit
Ep 521 | 드론5 목적지71 | 1000스텝 | 배송 63/71 | 재적재 11 | 중계율 0.21 | alpha 2.308 | step_limit
Ep 522 | 드론4 목적지72 | 1000스텝 | 배송 70/72 | 재적재 12 | 중계율 0.19 | alpha 2.311 | step_limit
Ep 523 | 드론4 목적지27 |  475스텝 | 배송 27/27 | 재적재  4 | 중계율 0.09 | alpha 2.315 | complete
Ep 524 | 드론3 목적지37 | 1000스텝 | 배송 25/37 | 재적재  4 | 중계율 0.30 | alpha 2.326 | step_limit
Ep 525 | 드론3 목적지79 | 1000스텝 | 배송 60/79 | 재적재 10 | 중계율 0.20 | alpha 2.316 | step_limit
Ep 526 | 드론4 목적지39 | 1000스텝 | 배송 36/39 | 재적재  7 | 중계율 0.30 | alpha 2.324 | step_limit
Ep 527 | 드론4 목적지42 |  813스텝 | 배송 42/42 | 재적재  6 | 중계율 0.18 | alpha 2.313 | complete
Ep 528 | 드론4 목적지51 |  661스텝 | 배송 51/51 | 재적재  8 | 중계율 0.12 | alpha 2.314 | complete
Ep 529 | 드론4 목적지21 |  604스텝 | 배송 21/21 | 재적재  2 | 중계율 0.25 | alpha 2.326 | complete
Ep 530 | 드론5 목적지34 |  437스텝 | 배송 34/34 | 재적재  6 | 중계율 0.12 | alpha 2.304 | complete
Ep 531 | 드론6 목적지64 |  483스텝 | 배송 64/64 | 재적재 10 | 중계율 0.12 | alpha 2.295 | complete
Ep 532 | 드론6 목적지78 |  694스텝 | 배송 78/78 | 재적재 14 | 중계율 0.06 | alpha 2.266 | complete
Ep 533 | 드론5 목적지68 |  777스텝 | 배송 68/68 | 재적재 11 | 중계율 0.16 | alpha 2.262 | complete
Ep 534 | 드론4 목적지25 |  646스텝 | 배송 25/25 | 재적재  3 | 중계율 0.20 | alpha 2.267 | complete
Ep 535 | 드론4 목적지25 |  574스텝 | 배송 25/25 | 재적재  4 | 중계율 0.17 | alpha 2.297 | complete
Ep 536 | 드론6 목적지71 |  555스텝 | 배송 71/71 | 재적재 11 | 중계율 0.09 | alpha 2.255 | complete
Ep 537 | 드론6 목적지31 |  438스텝 | 배송 31/31 | 재적재  4 | 중계율 0.12 | alpha 2.261 | complete
Ep 538 | 드론5 목적지55 |  700스텝 | 배송 55/55 | 재적재  9 | 중계율 0.16 | alpha 2.265 | complete
Ep 539 | 드론3 목적지46 | 1000스텝 | 배송 43/46 | 재적재  8 | 중계율 0.19 | alpha 2.265 | step_limit
Ep 540 | 드론5 목적지50 |  495스텝 | 배송 50/50 | 재적재  8 | 중계율 0.08 | alpha 2.302 | complete
Ep 541 | 드론5 목적지25 |  314스텝 | 배송 25/25 | 재적재  1 | 중계율 0.10 | alpha 2.297 | complete
Ep 542 | 드론5 목적지65 |  756스텝 | 배송 65/65 | 재적재 11 | 중계율 0.14 | alpha 2.293 | complete
Ep 543 | 드론4 목적지32 |  634스텝 | 배송 32/32 | 재적재  5 | 중계율 0.12 | alpha 2.322 | complete
Ep 544 | 드론5 목적지60 | 1000스텝 | 배송 59/60 | 재적재  9 | 중계율 0.14 | alpha 2.314 | step_limit
Ep 545 | 드론4 목적지74 | 1000스텝 | 배송 68/74 | 재적재 12 | 중계율 0.21 | alpha 2.360 | step_limit
Ep 546 | 드론4 목적지45 |  952스텝 | 배송 45/45 | 재적재  8 | 중계율 0.22 | alpha 2.351 | complete
Ep 547 | 드론4 목적지37 |  752스텝 | 배송 37/37 | 재적재  6 | 중계율 0.12 | alpha 2.318 | complete
Ep 548 | 드론4 목적지63 |  669스텝 | 배송 63/63 | 재적재 10 | 중계율 0.13 | alpha 2.317 | complete
Ep 549 | 드론6 목적지55 |  530스텝 | 배송 55/55 | 재적재  8 | 중계율 0.11 | alpha 2.338 | complete
Ep 550 | 드론5 목적지30 |  431스텝 | 배송 30/30 | 재적재  3 | 중계율 0.18 | alpha 2.363 | complete
  [홀드아웃] 배송 50.0±0.0 완주 1.00 스텝 1116 점수 106.3 재적재 8.4 2홉+ 0.61 | 최고 106.6@ep300 정체 5/15
Ep 551 | 드론6 목적지33 |  254스텝 | 배송 33/33 | 재적재  4 | 중계율 0.05 | alpha 2.345 | complete
Ep 552 | 드론6 목적지71 |  543스텝 | 배송 71/71 | 재적재 13 | 중계율 0.08 | alpha 2.332 | complete
Ep 553 | 드론6 목적지68 |  586스텝 | 배송 68/68 | 재적재 12 | 중계율 0.12 | alpha 2.327 | complete
Ep 554 | 드론4 목적지74 |  959스텝 | 배송 74/74 | 재적재 13 | 중계율 0.17 | alpha 2.299 | complete
Ep 555 | 드론5 목적지59 | 1000스텝 | 배송 58/59 | 재적재 10 | 중계율 0.21 | alpha 2.320 | step_limit
Ep 556 | 드론5 목적지41 |  752스텝 | 배송 41/41 | 재적재  6 | 중계율 0.22 | alpha 2.331 | complete
Ep 557 | 드론4 목적지71 |  764스텝 | 배송 71/71 | 재적재 13 | 중계율 0.10 | alpha 2.316 | complete
Ep 558 | 드론5 목적지50 |  753스텝 | 배송 50/50 | 재적재  9 | 중계율 0.10 | alpha 2.282 | complete
Ep 559 | 드론5 목적지57 |  771스텝 | 배송 57/57 | 재적재  9 | 중계율 0.11 | alpha 2.291 | complete
Ep 560 | 드론5 목적지42 |  417스텝 | 배송 42/42 | 재적재  7 | 중계율 0.07 | alpha 2.317 | complete
Ep 561 | 드론5 목적지27 |  440스텝 | 배송 27/27 | 재적재  4 | 중계율 0.09 | alpha 2.283 | complete
Ep 562 | 드론6 목적지47 |  681스텝 | 배송 47/47 | 재적재  6 | 중계율 0.16 | alpha 2.319 | complete
Ep 563 | 드론4 목적지78 | 1000스텝 | 배송 74/78 | 재적재 13 | 중계율 0.18 | alpha 2.318 | step_limit
Ep 564 | 드론5 목적지30 |  496스텝 | 배송 30/30 | 재적재  4 | 중계율 0.11 | alpha 2.322 | complete
Ep 565 | 드론6 목적지22 |  294스텝 | 배송 22/22 | 재적재  2 | 중계율 0.14 | alpha 2.298 | complete
Ep 566 | 드론4 목적지49 |  814스텝 | 배송 49/49 | 재적재  9 | 중계율 0.16 | alpha 2.296 | complete
Ep 567 | 드론4 목적지78 | 1000스텝 | 배송 71/78 | 재적재 12 | 중계율 0.20 | alpha 2.285 | step_limit
Ep 568 | 드론5 목적지67 | 1000스텝 | 배송 65/67 | 재적재  9 | 중계율 0.21 | alpha 2.293 | step_limit
Ep 569 | 드론6 목적지70 |  664스텝 | 배송 70/70 | 재적재 12 | 중계율 0.11 | alpha 2.273 | complete
Ep 570 | 드론4 목적지72 |  955스텝 | 배송 72/72 | 재적재 12 | 중계율 0.15 | alpha 2.243 | complete
Ep 571 | 드론6 목적지49 |  510스텝 | 배송 49/49 | 재적재  8 | 중계율 0.11 | alpha 2.258 | complete
Ep 572 | 드론6 목적지75 |  726스텝 | 배송 75/75 | 재적재 13 | 중계율 0.14 | alpha 2.271 | complete
Ep 573 | 드론5 목적지66 |  642스텝 | 배송 66/66 | 재적재 11 | 중계율 0.09 | alpha 2.279 | complete
Ep 574 | 드론5 목적지44 |  582스텝 | 배송 44/44 | 재적재  6 | 중계율 0.14 | alpha 2.288 | complete
Ep 575 | 드론6 목적지78 |  553스텝 | 배송 78/78 | 재적재 13 | 중계율 0.09 | alpha 2.297 | complete
Ep 576 | 드론3 목적지69 | 1000스텝 | 배송 59/69 | 재적재 10 | 중계율 0.24 | alpha 2.339 | step_limit
Ep 577 | 드론5 목적지24 |  310스텝 | 배송 24/24 | 재적재  2 | 중계율 0.12 | alpha 2.329 | complete
Ep 578 | 드론5 목적지32 |  310스텝 | 배송 32/32 | 재적재  4 | 중계율 0.09 | alpha 2.315 | complete
Ep 579 | 드론6 목적지26 |  291스텝 | 배송 26/26 | 재적재  3 | 중계율 0.09 | alpha 2.290 | complete
Ep 580 | 드론5 목적지60 |  729스텝 | 배송 60/60 | 재적재 10 | 중계율 0.14 | alpha 2.276 | complete
Ep 581 | 드론4 목적지47 | 1000스텝 | 배송 39/47 | 재적재  6 | 중계율 0.23 | alpha 2.290 | step_limit
Ep 582 | 드론3 목적지36 |  749스텝 | 배송 36/36 | 재적재  6 | 중계율 0.20 | alpha 2.301 | complete
Ep 583 | 드론6 목적지65 |  567스텝 | 배송 65/65 | 재적재 12 | 중계율 0.09 | alpha 2.284 | complete
Ep 584 | 드론4 목적지54 |  992스텝 | 배송 54/54 | 재적재  9 | 중계율 0.20 | alpha 2.270 | complete
Ep 585 | 드론6 목적지72 |  877스텝 | 배송 72/72 | 재적재 13 | 중계율 0.15 | alpha 2.255 | complete
Ep 586 | 드론6 목적지37 |  366스텝 | 배송 37/37 | 재적재  4 | 중계율 0.13 | alpha 2.275 | complete
Ep 587 | 드론3 목적지49 | 1000스텝 | 배송 43/49 | 재적재  7 | 중계율 0.27 | alpha 2.263 | step_limit
Ep 588 | 드론4 목적지57 |  980스텝 | 배송 57/57 | 재적재  9 | 중계율 0.16 | alpha 2.354 | complete
Ep 589 | 드론3 목적지50 | 1000스텝 | 배송 42/50 | 재적재  8 | 중계율 0.20 | alpha 2.318 | step_limit
Ep 590 | 드론4 목적지47 |  865스텝 | 배송 47/47 | 재적재  8 | 중계율 0.17 | alpha 2.336 | complete
Ep 591 | 드론6 목적지64 |  673스텝 | 배송 64/64 | 재적재 12 | 중계율 0.19 | alpha 2.329 | complete
Ep 592 | 드론5 목적지22 |  403스텝 | 배송 22/22 | 재적재  2 | 중계율 0.15 | alpha 2.306 | complete
Ep 593 | 드론5 목적지51 |  627스텝 | 배송 51/51 | 재적재  8 | 중계율 0.12 | alpha 2.308 | complete
Ep 594 | 드론3 목적지40 |  954스텝 | 배송 40/40 | 재적재  7 | 중계율 0.16 | alpha 2.311 | complete
Ep 595 | 드론5 목적지26 |  482스텝 | 배송 26/26 | 재적재  3 | 중계율 0.13 | alpha 2.289 | complete
Ep 596 | 드론6 목적지26 |  260스텝 | 배송 26/26 | 재적재  3 | 중계율 0.10 | alpha 2.306 | complete
Ep 597 | 드론4 목적지21 |  388스텝 | 배송 21/21 | 재적재  2 | 중계율 0.13 | alpha 2.278 | complete
Ep 598 | 드론4 목적지23 |  478스텝 | 배송 23/23 | 재적재  3 | 중계율 0.14 | alpha 2.249 | complete
Ep 599 | 드론4 목적지77 | 1000스텝 | 배송 70/77 | 재적재 12 | 중계율 0.21 | alpha 2.216 | step_limit
Ep 600 | 드론5 목적지68 | 1000스텝 | 배송 63/68 | 재적재 10 | 중계율 0.24 | alpha 2.208 | step_limit
  [홀드아웃] 배송 50.0±0.2 완주 0.97 스텝 1120 점수 103.8 재적재 8.2 2홉+ 0.61 | 최고 106.6@ep300 정체 6/15
Ep 601 | 드론4 목적지20 |  594스텝 | 배송 20/20 | 재적재  3 | 중계율 0.17 | alpha 2.244 | complete
Ep 602 | 드론5 목적지72 |  813스텝 | 배송 72/72 | 재적재 12 | 중계율 0.12 | alpha 2.238 | complete
Ep 603 | 드론6 목적지60 |  558스텝 | 배송 60/60 | 재적재 10 | 중계율 0.11 | alpha 2.277 | complete
Ep 604 | 드론5 목적지68 |  752스텝 | 배송 68/68 | 재적재 11 | 중계율 0.09 | alpha 2.263 | complete
Ep 605 | 드론4 목적지73 | 1000스텝 | 배송 63/73 | 재적재 11 | 중계율 0.26 | alpha 2.246 | step_limit
Ep 606 | 드론5 목적지51 |  734스텝 | 배송 51/51 | 재적재  8 | 중계율 0.19 | alpha 2.290 | complete
Ep 607 | 드론3 목적지48 |  974스텝 | 배송 48/48 | 재적재  9 | 중계율 0.20 | alpha 2.318 | complete
Ep 608 | 드론5 목적지67 |  627스텝 | 배송 67/67 | 재적재 11 | 중계율 0.09 | alpha 2.305 | complete
Ep 609 | 드론4 목적지51 | 1000스텝 | 배송 49/51 | 재적재  9 | 중계율 0.23 | alpha 2.253 | step_limit
Ep 610 | 드론4 목적지72 |  917스텝 | 배송 72/72 | 재적재 13 | 중계율 0.14 | alpha 2.255 | complete
Ep 611 | 드론4 목적지77 | 1000스텝 | 배송 63/77 | 재적재 12 | 중계율 0.22 | alpha 2.286 | step_limit
Ep 612 | 드론3 목적지42 | 1000스텝 | 배송 40/42 | 재적재  6 | 중계율 0.33 | alpha 2.277 | step_limit
Ep 613 | 드론4 목적지40 |  467스텝 | 배송 40/40 | 재적재  7 | 중계율 0.08 | alpha 2.290 | complete
Ep 614 | 드론4 목적지42 |  767스텝 | 배송 42/42 | 재적재  7 | 중계율 0.20 | alpha 2.292 | complete
Ep 615 | 드론4 목적지80 |  941스텝 | 배송 80/80 | 재적재 15 | 중계율 0.15 | alpha 2.277 | complete
Ep 616 | 드론5 목적지26 |  302스텝 | 배송 26/26 | 재적재  4 | 중계율 0.12 | alpha 2.262 | complete
Ep 617 | 드론6 목적지75 |  819스텝 | 배송 75/75 | 재적재 12 | 중계율 0.15 | alpha 2.238 | complete
Ep 618 | 드론4 목적지50 |  956스텝 | 배송 50/50 | 재적재  7 | 중계율 0.30 | alpha 2.249 | complete
Ep 619 | 드론5 목적지71 |  846스텝 | 배송 71/71 | 재적재 12 | 중계율 0.12 | alpha 2.339 | complete
Ep 620 | 드론6 목적지55 |  389스텝 | 배송 55/55 | 재적재  7 | 중계율 0.11 | alpha 2.351 | complete
Ep 621 | 드론4 목적지79 | 1000스텝 | 배송 60/79 | 재적재 11 | 중계율 0.23 | alpha 2.371 | step_limit
Ep 622 | 드론6 목적지56 |  863스텝 | 배송 56/56 | 재적재  9 | 중계율 0.18 | alpha 2.293 | complete
Ep 623 | 드론3 목적지33 |  865스텝 | 배송 33/33 | 재적재  6 | 중계율 0.27 | alpha 2.270 | complete
Ep 624 | 드론4 목적지72 | 1000스텝 | 배송 65/72 | 재적재 10 | 중계율 0.25 | alpha 2.303 | step_limit
Ep 625 | 드론6 목적지47 |  444스텝 | 배송 47/47 | 재적재  6 | 중계율 0.12 | alpha 2.291 | complete
Ep 626 | 드론3 목적지52 |  983스텝 | 배송 52/52 | 재적재  9 | 중계율 0.20 | alpha 2.311 | complete
Ep 627 | 드론5 목적지66 | 1000스텝 | 배송 64/66 | 재적재 11 | 중계율 0.21 | alpha 2.279 | step_limit
Ep 628 | 드론4 목적지42 |  761스텝 | 배송 42/42 | 재적재  7 | 중계율 0.18 | alpha 2.265 | complete
Ep 629 | 드론3 목적지31 | 1000스텝 | 배송 29/31 | 재적재  5 | 중계율 0.22 | alpha 2.291 | step_limit
Ep 630 | 드론4 목적지65 | 1000스텝 | 배송 54/65 | 재적재  9 | 중계율 0.21 | alpha 2.263 | step_limit
Ep 631 | 드론3 목적지20 |  667스텝 | 배송 20/20 | 재적재  3 | 중계율 0.21 | alpha 2.294 | complete
Ep 632 | 드론4 목적지38 |  790스텝 | 배송 38/38 | 재적재  5 | 중계율 0.23 | alpha 2.278 | complete
Ep 633 | 드론6 목적지67 |  565스텝 | 배송 67/67 | 재적재 11 | 중계율 0.09 | alpha 2.292 | complete
Ep 634 | 드론6 목적지47 |  390스텝 | 배송 47/47 | 재적재  7 | 중계율 0.08 | alpha 2.314 | complete
Ep 635 | 드론6 목적지30 |  248스텝 | 배송 30/30 | 재적재  2 | 중계율 0.06 | alpha 2.315 | complete
Ep 636 | 드론4 목적지29 |  787스텝 | 배송 29/29 | 재적재  5 | 중계율 0.21 | alpha 2.286 | complete
Ep 637 | 드론4 목적지71 | 1000스텝 | 배송 66/71 | 재적재 11 | 중계율 0.21 | alpha 2.262 | step_limit
Ep 638 | 드론6 목적지73 |  615스텝 | 배송 73/73 | 재적재 12 | 중계율 0.10 | alpha 2.260 | complete
Ep 639 | 드론5 목적지79 | 1000스텝 | 배송 68/79 | 재적재 12 | 중계율 0.19 | alpha 2.279 | step_limit
Ep 640 | 드론3 목적지22 |  517스텝 | 배송 22/22 | 재적재  3 | 중계율 0.24 | alpha 2.272 | complete
Ep 641 | 드론5 목적지77 |  902스텝 | 배송 77/77 | 재적재 13 | 중계율 0.16 | alpha 2.247 | complete
Ep 642 | 드론5 목적지26 |  283스텝 | 배송 26/26 | 재적재  2 | 중계율 0.11 | alpha 2.250 | complete
Ep 643 | 드론6 목적지30 |  226스텝 | 배송 30/30 | 재적재  3 | 중계율 0.06 | alpha 2.241 | complete
Ep 644 | 드론4 목적지77 |  966스텝 | 배송 77/77 | 재적재 14 | 중계율 0.14 | alpha 2.248 | complete
Ep 645 | 드론4 목적지34 |  560스텝 | 배송 34/34 | 재적재  5 | 중계율 0.08 | alpha 2.260 | complete
Ep 646 | 드론5 목적지34 |  618스텝 | 배송 34/34 | 재적재  5 | 중계율 0.11 | alpha 2.257 | complete
Ep 647 | 드론3 목적지37 | 1000스텝 | 배송 34/37 | 재적재  6 | 중계율 0.21 | alpha 2.254 | step_limit
Ep 648 | 드론4 목적지55 |  910스텝 | 배송 55/55 | 재적재 10 | 중계율 0.10 | alpha 2.252 | complete
Ep 649 | 드론3 목적지20 |  528스텝 | 배송 20/20 | 재적재  3 | 중계율 0.19 | alpha 2.302 | complete
Ep 650 | 드론5 목적지37 |  340스텝 | 배송 37/37 | 재적재  4 | 중계율 0.07 | alpha 2.303 | complete
  [홀드아웃] 배송 50.0±0.0 완주 1.00 스텝 1190 점수 106.0 재적재 8.2 2홉+ 0.62 | 최고 106.6@ep300 정체 7/15
Ep 651 | 드론3 목적지77 | 1000스텝 | 배송 57/77 | 재적재 10 | 중계율 0.25 | alpha 2.256 | step_limit
Ep 652 | 드론6 목적지57 |  537스텝 | 배송 57/57 | 재적재  9 | 중계율 0.12 | alpha 2.238 | complete
Ep 653 | 드론5 목적지38 |  551스텝 | 배송 38/38 | 재적재  6 | 중계율 0.11 | alpha 2.218 | complete
Ep 654 | 드론6 목적지45 |  437스텝 | 배송 45/45 | 재적재  6 | 중계율 0.08 | alpha 2.221 | complete
Ep 655 | 드론3 목적지40 | 1000스텝 | 배송 39/40 | 재적재  7 | 중계율 0.22 | alpha 2.215 | step_limit
Ep 656 | 드론5 목적지31 |  553스텝 | 배송 31/31 | 재적재  4 | 중계율 0.15 | alpha 2.199 | complete
Ep 657 | 드론5 목적지26 |  796스텝 | 배송 26/26 | 재적재  4 | 중계율 0.16 | alpha 2.248 | complete
Ep 658 | 드론4 목적지39 |  952스텝 | 배송 39/39 | 재적재  7 | 중계율 0.18 | alpha 2.270 | complete
Ep 659 | 드론4 목적지51 |  820스텝 | 배송 51/51 | 재적재  9 | 중계율 0.17 | alpha 2.281 | complete
Ep 660 | 드론4 목적지51 |  999스텝 | 배송 51/51 | 재적재  9 | 중계율 0.24 | alpha 2.265 | complete
Ep 661 | 드론3 목적지38 | 1000스텝 | 배송 36/38 | 재적재  6 | 중계율 0.22 | alpha 2.207 | step_limit
Ep 662 | 드론5 목적지43 |  478스텝 | 배송 43/43 | 재적재  6 | 중계율 0.08 | alpha 2.225 | complete
Ep 663 | 드론5 목적지57 |  614스텝 | 배송 57/57 | 재적재  8 | 중계율 0.17 | alpha 2.204 | complete
Ep 664 | 드론4 목적지27 |  487스텝 | 배송 27/27 | 재적재  3 | 중계율 0.16 | alpha 2.189 | complete
Ep 665 | 드론6 목적지59 |  442스텝 | 배송 59/59 | 재적재  9 | 중계율 0.07 | alpha 2.185 | complete
Ep 666 | 드론4 목적지72 |  982스텝 | 배송 72/72 | 재적재 12 | 중계율 0.17 | alpha 2.191 | complete
Ep 667 | 드론5 목적지45 |  545스텝 | 배송 45/45 | 재적재  8 | 중계율 0.14 | alpha 2.161 | complete
Ep 668 | 드론3 목적지65 | 1000스텝 | 배송 52/65 | 재적재  9 | 중계율 0.20 | alpha 2.195 | step_limit
Ep 669 | 드론4 목적지66 | 1000스텝 | 배송 64/66 | 재적재 10 | 중계율 0.13 | alpha 2.183 | step_limit
Ep 670 | 드론6 목적지77 |  785스텝 | 배송 77/77 | 재적재 13 | 중계율 0.17 | alpha 2.209 | complete
Ep 671 | 드론5 목적지58 | 1000스텝 | 배송 53/58 | 재적재  9 | 중계율 0.19 | alpha 2.202 | step_limit
Ep 672 | 드론3 목적지43 |  693스텝 | 배송 43/43 | 재적재  7 | 중계율 0.13 | alpha 2.191 | complete
Ep 673 | 드론6 목적지68 |  599스텝 | 배송 68/68 | 재적재 11 | 중계율 0.12 | alpha 2.170 | complete
Ep 674 | 드론3 목적지52 | 1000스텝 | 배송 50/52 | 재적재  8 | 중계율 0.18 | alpha 2.149 | step_limit
Ep 675 | 드론4 목적지42 | 1000스텝 | 배송 35/42 | 재적재  6 | 중계율 0.24 | alpha 2.197 | step_limit
Ep 676 | 드론3 목적지45 |  785스텝 | 배송 45/45 | 재적재  8 | 중계율 0.17 | alpha 2.223 | complete
Ep 677 | 드론3 목적지41 | 1000스텝 | 배송 39/41 | 재적재  6 | 중계율 0.26 | alpha 2.230 | step_limit
Ep 678 | 드론6 목적지79 |  800스텝 | 배송 79/79 | 재적재 12 | 중계율 0.15 | alpha 2.214 | complete
Ep 679 | 드론4 목적지24 |  816스텝 | 배송 24/24 | 재적재  3 | 중계율 0.33 | alpha 2.207 | complete
Ep 680 | 드론4 목적지52 |  929스텝 | 배송 52/52 | 재적재  9 | 중계율 0.27 | alpha 2.199 | complete
Ep 681 | 드론5 목적지77 |  816스텝 | 배송 77/77 | 재적재 13 | 중계율 0.12 | alpha 2.207 | complete
Ep 682 | 드론4 목적지49 |  598스텝 | 배송 49/49 | 재적재  8 | 중계율 0.12 | alpha 2.196 | complete
Ep 683 | 드론5 목적지63 |  767스텝 | 배송 63/63 | 재적재 11 | 중계율 0.18 | alpha 2.178 | complete
Ep 684 | 드론4 목적지37 |  833스텝 | 배송 37/37 | 재적재  5 | 중계율 0.16 | alpha 2.189 | complete
Ep 685 | 드론6 목적지56 |  948스텝 | 배송 56/56 | 재적재  9 | 중계율 0.18 | alpha 2.172 | complete
Ep 686 | 드론3 목적지28 |  575스텝 | 배송 28/28 | 재적재  4 | 중계율 0.15 | alpha 2.197 | complete
Ep 687 | 드론6 목적지77 |  500스텝 | 배송 77/77 | 재적재 12 | 중계율 0.08 | alpha 2.187 | complete
Ep 688 | 드론4 목적지45 |  746스텝 | 배송 45/45 | 재적재  8 | 중계율 0.18 | alpha 2.186 | complete
Ep 689 | 드론5 목적지70 |  748스텝 | 배송 70/70 | 재적재 11 | 중계율 0.15 | alpha 2.188 | complete
Ep 690 | 드론6 목적지62 |  579스텝 | 배송 62/62 | 재적재 10 | 중계율 0.10 | alpha 2.215 | complete
Ep 691 | 드론3 목적지31 |  865스텝 | 배송 31/31 | 재적재  5 | 중계율 0.23 | alpha 2.211 | complete
Ep 692 | 드론6 목적지61 |  708스텝 | 배송 61/61 | 재적재 10 | 중계율 0.13 | alpha 2.198 | complete
Ep 693 | 드론6 목적지60 |  802스텝 | 배송 60/60 | 재적재 10 | 중계율 0.17 | alpha 2.242 | complete
Ep 694 | 드론4 목적지33 |  839스텝 | 배송 33/33 | 재적재  5 | 중계율 0.24 | alpha 2.251 | complete
Ep 695 | 드론4 목적지29 |  761스텝 | 배송 29/29 | 재적재  5 | 중계율 0.31 | alpha 2.251 | complete
Ep 696 | 드론6 목적지28 |  386스텝 | 배송 28/28 | 재적재  4 | 중계율 0.10 | alpha 2.232 | complete
Ep 697 | 드론6 목적지35 |  362스텝 | 배송 35/35 | 재적재  4 | 중계율 0.15 | alpha 2.244 | complete
Ep 698 | 드론4 목적지32 |  783스텝 | 배송 32/32 | 재적재  5 | 중계율 0.28 | alpha 2.216 | complete
Ep 699 | 드론3 목적지62 | 1000스텝 | 배송 58/62 | 재적재  9 | 중계율 0.19 | alpha 2.216 | step_limit
Ep 700 | 드론4 목적지61 |  997스텝 | 배송 61/61 | 재적재 11 | 중계율 0.21 | alpha 2.199 | complete
  [홀드아웃] 배송 50.0±0.0 완주 1.00 스텝 1134 점수 106.2 재적재 8.4 2홉+ 0.61 | 최고 106.6@ep300 정체 8/15
Ep 701 | 드론6 목적지72 |  647스텝 | 배송 72/72 | 재적재 12 | 중계율 0.11 | alpha 2.207 | complete
Ep 702 | 드론6 목적지34 |  529스텝 | 배송 34/34 | 재적재  5 | 중계율 0.19 | alpha 2.190 | complete
Ep 703 | 드론6 목적지32 |  358스텝 | 배송 32/32 | 재적재  4 | 중계율 0.13 | alpha 2.179 | complete
Ep 704 | 드론5 목적지74 |  665스텝 | 배송 74/74 | 재적재 12 | 중계율 0.12 | alpha 2.149 | complete
Ep 705 | 드론3 목적지38 |  867스텝 | 배송 38/38 | 재적재  6 | 중계율 0.22 | alpha 2.138 | complete
Ep 706 | 드론6 목적지30 |  259스텝 | 배송 30/30 | 재적재  2 | 중계율 0.07 | alpha 2.141 | complete
Ep 707 | 드론5 목적지31 |  498스텝 | 배송 31/31 | 재적재  3 | 중계율 0.19 | alpha 2.146 | complete
Ep 708 | 드론4 목적지63 |  822스텝 | 배송 63/63 | 재적재 11 | 중계율 0.18 | alpha 2.158 | complete
Ep 709 | 드론4 목적지20 |  485스텝 | 배송 20/20 | 재적재  3 | 중계율 0.17 | alpha 2.201 | complete
Ep 710 | 드론5 목적지78 |  594스텝 | 배송 78/78 | 재적재 13 | 중계율 0.11 | alpha 2.220 | complete
Ep 711 | 드론6 목적지58 |  683스텝 | 배송 58/58 | 재적재  8 | 중계율 0.17 | alpha 2.206 | complete
Ep 712 | 드론3 목적지75 | 1000스텝 | 배송 58/75 | 재적재 11 | 중계율 0.23 | alpha 2.170 | step_limit
Ep 713 | 드론3 목적지69 | 1000스텝 | 배송 68/69 | 재적재 13 | 중계율 0.12 | alpha 2.131 | step_limit
Ep 714 | 드론3 목적지36 | 1000스텝 | 배송 32/36 | 재적재  4 | 중계율 0.30 | alpha 2.180 | step_limit
Ep 715 | 드론3 목적지65 | 1000스텝 | 배송 60/65 | 재적재 11 | 중계율 0.18 | alpha 2.164 | step_limit
Ep 716 | 드론6 목적지36 |  393스텝 | 배송 36/36 | 재적재  5 | 중계율 0.06 | alpha 2.177 | complete
Ep 717 | 드론6 목적지56 |  630스텝 | 배송 56/56 | 재적재  8 | 중계율 0.12 | alpha 2.197 | complete
Ep 718 | 드론4 목적지69 | 1000스텝 | 배송 67/69 | 재적재 12 | 중계율 0.17 | alpha 2.208 | step_limit
Ep 719 | 드론4 목적지21 |  324스텝 | 배송 21/21 | 재적재  3 | 중계율 0.12 | alpha 2.180 | complete
Ep 720 | 드론6 목적지45 |  530스텝 | 배송 45/45 | 재적재  7 | 중계율 0.10 | alpha 2.184 | complete
Ep 721 | 드론3 목적지30 |  676스텝 | 배송 30/30 | 재적재  4 | 중계율 0.17 | alpha 2.147 | complete
Ep 722 | 드론6 목적지47 |  392스텝 | 배송 47/47 | 재적재  7 | 중계율 0.05 | alpha 2.134 | complete
Ep 723 | 드론3 목적지51 | 1000스텝 | 배송 50/51 | 재적재  9 | 중계율 0.20 | alpha 2.174 | step_limit
Ep 724 | 드론5 목적지57 |  697스텝 | 배송 57/57 | 재적재 10 | 중계율 0.17 | alpha 2.197 | complete
Ep 725 | 드론5 목적지29 |  503스텝 | 배송 29/29 | 재적재  4 | 중계율 0.16 | alpha 2.182 | complete
Ep 726 | 드론6 목적지69 |  631스텝 | 배송 69/69 | 재적재 11 | 중계율 0.12 | alpha 2.205 | complete
Ep 727 | 드론5 목적지36 |  549스텝 | 배송 36/36 | 재적재  5 | 중계율 0.21 | alpha 2.178 | complete
Ep 728 | 드론4 목적지74 | 1000스텝 | 배송 61/74 | 재적재 10 | 중계율 0.22 | alpha 2.151 | step_limit
Ep 729 | 드론6 목적지64 |  832스텝 | 배송 64/64 | 재적재 11 | 중계율 0.16 | alpha 2.142 | complete
Ep 730 | 드론4 목적지70 |  929스텝 | 배송 70/70 | 재적재 13 | 중계율 0.16 | alpha 2.146 | complete
Ep 731 | 드론3 목적지48 |  942스텝 | 배송 48/48 | 재적재  9 | 중계율 0.18 | alpha 2.166 | complete
Ep 732 | 드론5 목적지37 |  540스텝 | 배송 37/37 | 재적재  4 | 중계율 0.17 | alpha 2.169 | complete
Ep 733 | 드론5 목적지67 |  852스텝 | 배송 67/67 | 재적재 12 | 중계율 0.11 | alpha 2.208 | complete
Ep 734 | 드론6 목적지54 | 1000스텝 | 배송 53/54 | 재적재  9 | 중계율 0.22 | alpha 2.219 | step_limit
Ep 735 | 드론5 목적지57 |  877스텝 | 배송 57/57 | 재적재 10 | 중계율 0.21 | alpha 2.226 | complete
Ep 736 | 드론6 목적지39 |  399스텝 | 배송 39/39 | 재적재  6 | 중계율 0.11 | alpha 2.233 | complete
Ep 737 | 드론4 목적지29 |  833스텝 | 배송 29/29 | 재적재  5 | 중계율 0.21 | alpha 2.228 | complete
Ep 738 | 드론6 목적지68 |  557스텝 | 배송 68/68 | 재적재 11 | 중계율 0.10 | alpha 2.214 | complete
Ep 739 | 드론4 목적지20 |  635스텝 | 배송 20/20 | 재적재  1 | 중계율 0.26 | alpha 2.197 | complete
Ep 740 | 드론3 목적지69 | 1000스텝 | 배송 50/69 | 재적재  8 | 중계율 0.28 | alpha 2.197 | step_limit
Ep 741 | 드론6 목적지41 |  521스텝 | 배송 41/41 | 재적재  6 | 중계율 0.14 | alpha 2.194 | complete
Ep 742 | 드론4 목적지78 | 1000스텝 | 배송 71/78 | 재적재 13 | 중계율 0.19 | alpha 2.179 | step_limit
Ep 743 | 드론3 목적지39 |  798스텝 | 배송 39/39 | 재적재  6 | 중계율 0.25 | alpha 2.199 | complete
Ep 744 | 드론4 목적지57 | 1000스텝 | 배송 56/57 | 재적재 10 | 중계율 0.19 | alpha 2.165 | step_limit
Ep 745 | 드론3 목적지76 | 1000스텝 | 배송 64/76 | 재적재 11 | 중계율 0.16 | alpha 2.149 | step_limit
Ep 746 | 드론4 목적지69 | 1000스텝 | 배송 58/69 | 재적재 10 | 중계율 0.22 | alpha 2.119 | step_limit
Ep 747 | 드론4 목적지33 |  504스텝 | 배송 33/33 | 재적재  4 | 중계율 0.13 | alpha 2.108 | complete
Ep 748 | 드론3 목적지30 |  516스텝 | 배송 30/30 | 재적재  4 | 중계율 0.16 | alpha 2.123 | complete
Ep 749 | 드론5 목적지32 |  419스텝 | 배송 32/32 | 재적재  5 | 중계율 0.14 | alpha 2.120 | complete
Ep 750 | 드론5 목적지61 |  728스텝 | 배송 61/61 | 재적재 11 | 중계율 0.13 | alpha 2.124 | complete
  [홀드아웃] 배송 50.0±0.0 완주 1.00 스텝 1212 점수 106.0 재적재 8.3 2홉+ 0.60 | 최고 106.6@ep300 정체 9/15
Ep 751 | 드론5 목적지34 |  475스텝 | 배송 34/34 | 재적재  4 | 중계율 0.15 | alpha 2.133 | complete
Ep 752 | 드론6 목적지69 |  964스텝 | 배송 69/69 | 재적재 11 | 중계율 0.16 | alpha 2.099 | complete
Ep 753 | 드론4 목적지80 | 1000스텝 | 배송 75/80 | 재적재 13 | 중계율 0.17 | alpha 2.132 | step_limit
Ep 754 | 드론4 목적지29 |  676스텝 | 배송 29/29 | 재적재  5 | 중계율 0.12 | alpha 2.150 | complete
Ep 755 | 드론3 목적지43 |  972스텝 | 배송 43/43 | 재적재  7 | 중계율 0.16 | alpha 2.127 | complete
Ep 756 | 드론6 목적지30 |  399스텝 | 배송 30/30 | 재적재  4 | 중계율 0.17 | alpha 2.139 | complete
Ep 757 | 드론6 목적지37 |  457스텝 | 배송 37/37 | 재적재  5 | 중계율 0.13 | alpha 2.118 | complete
Ep 758 | 드론4 목적지51 |  762스텝 | 배송 51/51 | 재적재  9 | 중계율 0.16 | alpha 2.127 | complete
Ep 759 | 드론5 목적지23 |  363스텝 | 배송 23/23 | 재적재  1 | 중계율 0.09 | alpha 2.147 | complete
Ep 760 | 드론5 목적지60 | 1000스텝 | 배송 58/60 | 재적재  9 | 중계율 0.22 | alpha 2.162 | step_limit
Ep 761 | 드론3 목적지77 | 1000스텝 | 배송 53/77 | 재적재  9 | 중계율 0.23 | alpha 2.137 | step_limit
Ep 762 | 드론5 목적지26 |  514스텝 | 배송 26/26 | 재적재  3 | 중계율 0.14 | alpha 2.171 | complete
Ep 763 | 드론5 목적지70 |  912스텝 | 배송 70/70 | 재적재 11 | 중계율 0.10 | alpha 2.152 | complete
Ep 764 | 드론6 목적지32 |  468스텝 | 배송 32/32 | 재적재  4 | 중계율 0.18 | alpha 2.147 | complete
Ep 765 | 드론5 목적지23 |  379스텝 | 배송 23/23 | 재적재  1 | 중계율 0.20 | alpha 2.163 | complete
Ep 766 | 드론6 목적지51 |  365스텝 | 배송 51/51 | 재적재  6 | 중계율 0.10 | alpha 2.195 | complete
Ep 767 | 드론4 목적지49 |  866스텝 | 배송 49/49 | 재적재  9 | 중계율 0.17 | alpha 2.185 | complete
Ep 768 | 드론3 목적지72 | 1000스텝 | 배송 60/72 | 재적재 11 | 중계율 0.19 | alpha 2.209 | step_limit
Ep 769 | 드론6 목적지22 |  315스텝 | 배송 22/22 | 재적재  2 | 중계율 0.11 | alpha 2.228 | complete
Ep 770 | 드론6 목적지53 |  392스텝 | 배송 53/53 | 재적재  9 | 중계율 0.09 | alpha 2.232 | complete
Ep 771 | 드론5 목적지38 |  637스텝 | 배송 38/38 | 재적재  7 | 중계율 0.16 | alpha 2.232 | complete
Ep 772 | 드론4 목적지36 |  604스텝 | 배송 36/36 | 재적재  5 | 중계율 0.12 | alpha 2.199 | complete
Ep 773 | 드론6 목적지21 |  210스텝 | 배송 21/21 | 재적재  0 | 중계율 0.15 | alpha 2.209 | complete
Ep 774 | 드론6 목적지46 |  486스텝 | 배송 46/46 | 재적재  7 | 중계율 0.12 | alpha 2.175 | complete
Ep 775 | 드론6 목적지41 |  546스텝 | 배송 41/41 | 재적재  6 | 중계율 0.12 | alpha 2.173 | complete
Ep 776 | 드론5 목적지48 |  570스텝 | 배송 48/48 | 재적재  8 | 중계율 0.11 | alpha 2.170 | complete
Ep 777 | 드론4 목적지20 |  409스텝 | 배송 20/20 | 재적재  2 | 중계율 0.18 | alpha 2.179 | complete
Ep 778 | 드론5 목적지57 |  966스텝 | 배송 57/57 | 재적재 10 | 중계율 0.23 | alpha 2.157 | complete
Ep 779 | 드론6 목적지79 |  955스텝 | 배송 79/79 | 재적재 14 | 중계율 0.19 | alpha 2.134 | complete
Ep 780 | 드론3 목적지68 | 1000스텝 | 배송 42/68 | 재적재  7 | 중계율 0.12 | alpha 2.161 | step_limit
Ep 781 | 드론5 목적지50 |  415스텝 | 배송 50/50 | 재적재  7 | 중계율 0.09 | alpha 2.154 | complete
Ep 782 | 드론5 목적지45 |  879스텝 | 배송 45/45 | 재적재  7 | 중계율 0.18 | alpha 2.202 | complete
Ep 783 | 드론3 목적지28 |  638스텝 | 배송 28/28 | 재적재  4 | 중계율 0.21 | alpha 2.167 | complete
Ep 784 | 드론6 목적지58 |  639스텝 | 배송 58/58 | 재적재  9 | 중계율 0.13 | alpha 2.207 | complete
Ep 785 | 드론4 목적지49 |  949스텝 | 배송 49/49 | 재적재  8 | 중계율 0.20 | alpha 2.186 | complete
Ep 786 | 드론4 목적지53 | 1000스텝 | 배송 46/53 | 재적재  8 | 중계율 0.25 | alpha 2.224 | step_limit
Ep 787 | 드론4 목적지47 |  889스텝 | 배송 47/47 | 재적재  7 | 중계율 0.22 | alpha 2.214 | complete
Ep 788 | 드론6 목적지75 |  815스텝 | 배송 75/75 | 재적재 14 | 중계율 0.14 | alpha 2.230 | complete
Ep 789 | 드론3 목적지79 | 1000스텝 | 배송 69/79 | 재적재 12 | 중계율 0.17 | alpha 2.193 | step_limit
Ep 790 | 드론3 목적지65 | 1000스텝 | 배송 56/65 | 재적재 10 | 중계율 0.19 | alpha 2.206 | step_limit
Ep 791 | 드론3 목적지21 |  318스텝 | 배송 21/21 | 재적재  3 | 중계율 0.11 | alpha 2.208 | complete
Ep 792 | 드론4 목적지50 |  596스텝 | 배송 50/50 | 재적재  8 | 중계율 0.08 | alpha 2.223 | complete
Ep 793 | 드론6 목적지27 |  291스텝 | 배송 27/27 | 재적재  2 | 중계율 0.13 | alpha 2.224 | complete
Ep 794 | 드론3 목적지74 | 1000스텝 | 배송 66/74 | 재적재 12 | 중계율 0.20 | alpha 2.248 | step_limit
Ep 795 | 드론3 목적지58 | 1000스텝 | 배송 48/58 | 재적재  9 | 중계율 0.23 | alpha 2.219 | step_limit
Ep 796 | 드론4 목적지23 |  638스텝 | 배송 23/23 | 재적재  3 | 중계율 0.20 | alpha 2.226 | complete
Ep 797 | 드론5 목적지34 |  449스텝 | 배송 34/34 | 재적재  5 | 중계율 0.07 | alpha 2.241 | complete
Ep 798 | 드론4 목적지60 |  770스텝 | 배송 60/60 | 재적재 10 | 중계율 0.15 | alpha 2.221 | complete
Ep 799 | 드론3 목적지33 |  797스텝 | 배송 33/33 | 재적재  6 | 중계율 0.20 | alpha 2.295 | complete
Ep 800 | 드론5 목적지50 |  549스텝 | 배송 50/50 | 재적재  7 | 중계율 0.10 | alpha 2.282 | complete
  [홀드아웃] 배송 50.0±0.0 완주 1.00 스텝 1221 점수 105.9 재적재 8.3 2홉+ 0.60 | 최고 106.6@ep300 정체 10/15
Ep 801 | 드론5 목적지57 |  809스텝 | 배송 57/57 | 재적재 10 | 중계율 0.14 | alpha 2.237 | complete
Ep 802 | 드론4 목적지68 |  852스텝 | 배송 68/68 | 재적재 13 | 중계율 0.15 | alpha 2.232 | complete
Ep 803 | 드론4 목적지80 | 1000스텝 | 배송 73/80 | 재적재 13 | 중계율 0.18 | alpha 2.166 | step_limit
Ep 804 | 드론6 목적지65 |  624스텝 | 배송 65/65 | 재적재 10 | 중계율 0.12 | alpha 2.184 | complete
Ep 805 | 드론6 목적지78 |  839스텝 | 배송 78/78 | 재적재 13 | 중계율 0.14 | alpha 2.176 | complete
Ep 806 | 드론6 목적지73 |  569스텝 | 배송 73/73 | 재적재 11 | 중계율 0.09 | alpha 2.204 | complete
Ep 807 | 드론6 목적지69 |  550스텝 | 배송 69/69 | 재적재 13 | 중계율 0.09 | alpha 2.203 | complete
Ep 808 | 드론4 목적지26 |  825스텝 | 배송 26/26 | 재적재  4 | 중계율 0.22 | alpha 2.256 | complete
Ep 809 | 드론4 목적지70 | 1000스텝 | 배송 67/70 | 재적재 12 | 중계율 0.14 | alpha 2.206 | step_limit
Ep 810 | 드론4 목적지68 |  726스텝 | 배송 68/68 | 재적재 11 | 중계율 0.13 | alpha 2.193 | complete
Ep 811 | 드론3 목적지58 | 1000스텝 | 배송 56/58 | 재적재 10 | 중계율 0.16 | alpha 2.259 | step_limit
Ep 812 | 드론4 목적지33 |  466스텝 | 배송 33/33 | 재적재  4 | 중계율 0.11 | alpha 2.270 | complete
Ep 813 | 드론4 목적지41 |  673스텝 | 배송 41/41 | 재적재  6 | 중계율 0.18 | alpha 2.268 | complete
Ep 814 | 드론4 목적지24 |  855스텝 | 배송 24/24 | 재적재  3 | 중계율 0.29 | alpha 2.246 | complete
Ep 815 | 드론3 목적지38 | 1000스텝 | 배송 36/38 | 재적재  6 | 중계율 0.21 | alpha 2.208 | step_limit
Ep 816 | 드론3 목적지25 |  683스텝 | 배송 25/25 | 재적재  4 | 중계율 0.21 | alpha 2.257 | complete
Ep 817 | 드론4 목적지53 |  563스텝 | 배송 53/53 | 재적재  8 | 중계율 0.10 | alpha 2.270 | complete
Ep 818 | 드론5 목적지28 |  378스텝 | 배송 28/28 | 재적재  3 | 중계율 0.12 | alpha 2.256 | complete
Ep 819 | 드론6 목적지23 |  256스텝 | 배송 23/23 | 재적재  0 | 중계율 0.16 | alpha 2.256 | complete
Ep 820 | 드론4 목적지74 | 1000스텝 | 배송 72/74 | 재적재 13 | 중계율 0.21 | alpha 2.283 | step_limit
Ep 821 | 드론4 목적지79 | 1000스텝 | 배송 68/79 | 재적재 13 | 중계율 0.17 | alpha 2.269 | step_limit
Ep 822 | 드론4 목적지20 |  334스텝 | 배송 20/20 | 재적재  2 | 중계율 0.11 | alpha 2.268 | complete
Ep 823 | 드론5 목적지61 |  950스텝 | 배송 61/61 | 재적재 10 | 중계율 0.18 | alpha 2.246 | complete
Ep 824 | 드론3 목적지25 |  628스텝 | 배송 25/25 | 재적재  3 | 중계율 0.22 | alpha 2.216 | complete
Ep 825 | 드론3 목적지41 |  716스텝 | 배송 41/41 | 재적재  6 | 중계율 0.22 | alpha 2.212 | complete
Ep 826 | 드론3 목적지53 | 1000스텝 | 배송 37/53 | 재적재  7 | 중계율 0.25 | alpha 2.238 | step_limit
Ep 827 | 드론4 목적지44 | 1000스텝 | 배송 36/44 | 재적재  6 | 중계율 0.21 | alpha 2.261 | step_limit
Ep 828 | 드론4 목적지24 |  660스텝 | 배송 24/24 | 재적재  4 | 중계율 0.21 | alpha 2.249 | complete
Ep 829 | 드론6 목적지53 |  484스텝 | 배송 53/53 | 재적재  7 | 중계율 0.12 | alpha 2.254 | complete
Ep 830 | 드론6 목적지66 |  841스텝 | 배송 66/66 | 재적재 12 | 중계율 0.13 | alpha 2.277 | complete
Ep 831 | 드론5 목적지69 |  715스텝 | 배송 69/69 | 재적재 12 | 중계율 0.12 | alpha 2.277 | complete
Ep 832 | 드론5 목적지69 | 1000스텝 | 배송 63/69 | 재적재 12 | 중계율 0.16 | alpha 2.274 | step_limit
Ep 833 | 드론6 목적지72 | 1000스텝 | 배송 70/72 | 재적재 12 | 중계율 0.20 | alpha 2.280 | step_limit
Ep 834 | 드론4 목적지71 | 1000스텝 | 배송 59/71 | 재적재 10 | 중계율 0.20 | alpha 2.320 | step_limit
Ep 835 | 드론3 목적지56 |  972스텝 | 배송 56/56 | 재적재 10 | 중계율 0.16 | alpha 2.332 | complete
Ep 836 | 드론6 목적지30 |  331스텝 | 배송 30/30 | 재적재  2 | 중계율 0.11 | alpha 2.315 | complete
Ep 837 | 드론3 목적지73 | 1000스텝 | 배송 54/73 | 재적재 10 | 중계율 0.18 | alpha 2.337 | step_limit
Ep 838 | 드론5 목적지56 |  545스텝 | 배송 56/56 | 재적재  7 | 중계율 0.10 | alpha 2.316 | complete
Ep 839 | 드론4 목적지20 |  498스텝 | 배송 20/20 | 재적재  2 | 중계율 0.29 | alpha 2.350 | complete
Ep 840 | 드론3 목적지33 |  716스텝 | 배송 33/33 | 재적재  6 | 중계율 0.18 | alpha 2.360 | complete
Ep 841 | 드론4 목적지31 |  643스텝 | 배송 31/31 | 재적재  4 | 중계율 0.21 | alpha 2.330 | complete
Ep 842 | 드론3 목적지68 | 1000스텝 | 배송 59/68 | 재적재 11 | 중계율 0.21 | alpha 2.321 | step_limit
Ep 843 | 드론6 목적지51 |  719스텝 | 배송 51/51 | 재적재  7 | 중계율 0.18 | alpha 2.330 | complete
Ep 844 | 드론4 목적지37 |  525스텝 | 배송 37/37 | 재적재  5 | 중계율 0.14 | alpha 2.343 | complete
Ep 845 | 드론6 목적지74 |  570스텝 | 배송 74/74 | 재적재 12 | 중계율 0.06 | alpha 2.362 | complete
Ep 846 | 드론3 목적지32 |  758스텝 | 배송 32/32 | 재적재  5 | 중계율 0.10 | alpha 2.315 | complete
Ep 847 | 드론5 목적지25 |  302스텝 | 배송 25/25 | 재적재  2 | 중계율 0.11 | alpha 2.321 | complete
Ep 848 | 드론3 목적지44 |  979스텝 | 배송 44/44 | 재적재  7 | 중계율 0.23 | alpha 2.310 | complete
Ep 849 | 드론5 목적지28 | 1000스텝 | 배송 27/28 | 재적재  3 | 중계율 0.26 | alpha 2.287 | step_limit
Ep 850 | 드론3 목적지47 |  887스텝 | 배송 47/47 | 재적재  8 | 중계율 0.15 | alpha 2.305 | complete
  [홀드아웃] 배송 50.0±0.0 완주 1.00 스텝 1161 점수 106.1 재적재 8.1 2홉+ 0.60 | 최고 106.6@ep300 정체 11/15
Ep 851 | 드론3 목적지39 | 1000스텝 | 배송 38/39 | 재적재  6 | 중계율 0.19 | alpha 2.345 | step_limit
Ep 852 | 드론4 목적지68 | 1000스텝 | 배송 50/68 | 재적재  8 | 중계율 0.22 | alpha 2.376 | step_limit
Ep 853 | 드론4 목적지65 | 1000스텝 | 배송 55/65 | 재적재 10 | 중계율 0.24 | alpha 2.337 | step_limit
Ep 854 | 드론5 목적지61 | 1000스텝 | 배송 59/61 | 재적재 11 | 중계율 0.16 | alpha 2.353 | step_limit
Ep 855 | 드론5 목적지22 |  348스텝 | 배송 22/22 | 재적재  2 | 중계율 0.08 | alpha 2.351 | complete
Ep 856 | 드론5 목적지59 |  627스텝 | 배송 59/59 | 재적재  9 | 중계율 0.13 | alpha 2.358 | complete
Ep 857 | 드론3 목적지69 | 1000스텝 | 배송 60/69 | 재적재 10 | 중계율 0.25 | alpha 2.345 | step_limit
Ep 858 | 드론6 목적지35 |  238스텝 | 배송 35/35 | 재적재  4 | 중계율 0.09 | alpha 2.334 | complete
Ep 859 | 드론3 목적지20 |  911스텝 | 배송 20/20 | 재적재  3 | 중계율 0.27 | alpha 2.352 | complete
Ep 860 | 드론5 목적지42 |  615스텝 | 배송 42/42 | 재적재  8 | 중계율 0.19 | alpha 2.328 | complete
Ep 861 | 드론4 목적지58 |  758스텝 | 배송 58/58 | 재적재 10 | 중계율 0.14 | alpha 2.281 | complete
Ep 862 | 드론3 목적지39 |  981스텝 | 배송 39/39 | 재적재  6 | 중계율 0.18 | alpha 2.347 | complete
Ep 863 | 드론5 목적지77 |  922스텝 | 배송 77/77 | 재적재 15 | 중계율 0.16 | alpha 2.342 | complete
Ep 864 | 드론6 목적지37 |  475스텝 | 배송 37/37 | 재적재  4 | 중계율 0.19 | alpha 2.347 | complete
Ep 865 | 드론4 목적지33 |  514스텝 | 배송 33/33 | 재적재  4 | 중계율 0.19 | alpha 2.351 | complete
Ep 866 | 드론5 목적지40 |  339스텝 | 배송 40/40 | 재적재  6 | 중계율 0.08 | alpha 2.382 | complete
Ep 867 | 드론6 목적지34 |  500스텝 | 배송 34/34 | 재적재  4 | 중계율 0.08 | alpha 2.414 | complete
Ep 868 | 드론3 목적지34 |  799스텝 | 배송 34/34 | 재적재  6 | 중계율 0.24 | alpha 2.400 | complete
Ep 869 | 드론3 목적지76 | 1000스텝 | 배송 68/76 | 재적재 13 | 중계율 0.15 | alpha 2.390 | step_limit
Ep 870 | 드론4 목적지42 |  732스텝 | 배송 42/42 | 재적재  7 | 중계율 0.16 | alpha 2.363 | complete
Ep 871 | 드론3 목적지47 | 1000스텝 | 배송 46/47 | 재적재  8 | 중계율 0.20 | alpha 2.320 | step_limit
Ep 872 | 드론5 목적지22 |  470스텝 | 배송 22/22 | 재적재  3 | 중계율 0.13 | alpha 2.309 | complete
Ep 873 | 드론5 목적지60 |  812스텝 | 배송 60/60 | 재적재 11 | 중계율 0.18 | alpha 2.282 | complete
Ep 874 | 드론6 목적지45 |  537스텝 | 배송 45/45 | 재적재  6 | 중계율 0.12 | alpha 2.311 | complete
Ep 875 | 드론6 목적지32 |  410스텝 | 배송 32/32 | 재적재  4 | 중계율 0.17 | alpha 2.316 | complete
Ep 876 | 드론3 목적지49 |  962스텝 | 배송 49/49 | 재적재  9 | 중계율 0.12 | alpha 2.349 | complete
Ep 877 | 드론6 목적지77 |  778스텝 | 배송 77/77 | 재적재 13 | 중계율 0.13 | alpha 2.400 | complete
Ep 878 | 드론5 목적지44 | 1000스텝 | 배송 38/44 | 재적재  6 | 중계율 0.23 | alpha 2.371 | step_limit
Ep 879 | 드론3 목적지79 | 1000스텝 | 배송 60/79 | 재적재 10 | 중계율 0.20 | alpha 2.414 | step_limit
Ep 880 | 드론5 목적지32 |  383스텝 | 배송 32/32 | 재적재  5 | 중계율 0.09 | alpha 2.400 | complete
Ep 881 | 드론6 목적지74 |  864스텝 | 배송 74/74 | 재적재 11 | 중계율 0.16 | alpha 2.442 | complete
Ep 882 | 드론4 목적지76 | 1000스텝 | 배송 68/76 | 재적재 12 | 중계율 0.17 | alpha 2.465 | step_limit
Ep 883 | 드론6 목적지50 |  618스텝 | 배송 50/50 | 재적재  8 | 중계율 0.18 | alpha 2.467 | complete
Ep 884 | 드론6 목적지56 |  513스텝 | 배송 56/56 | 재적재  8 | 중계율 0.12 | alpha 2.451 | complete
Ep 885 | 드론3 목적지44 | 1000스텝 | 배송 41/44 | 재적재  7 | 중계율 0.18 | alpha 2.448 | step_limit
Ep 886 | 드론6 목적지76 |  728스텝 | 배송 76/76 | 재적재 12 | 중계율 0.13 | alpha 2.465 | complete
Ep 887 | 드론4 목적지67 | 1000스텝 | 배송 63/67 | 재적재 10 | 중계율 0.18 | alpha 2.414 | step_limit
Ep 888 | 드론3 목적지71 | 1000스텝 | 배송 50/71 | 재적재  8 | 중계율 0.25 | alpha 2.369 | step_limit
Ep 889 | 드론3 목적지32 |  648스텝 | 배송 32/32 | 재적재  4 | 중계율 0.21 | alpha 2.403 | complete
Ep 890 | 드론5 목적지62 |  562스텝 | 배송 62/62 | 재적재  9 | 중계율 0.11 | alpha 2.436 | complete
Ep 891 | 드론3 목적지78 | 1000스텝 | 배송 62/78 | 재적재 12 | 중계율 0.16 | alpha 2.476 | step_limit
Ep 892 | 드론4 목적지39 |  634스텝 | 배송 39/39 | 재적재  6 | 중계율 0.13 | alpha 2.461 | complete
Ep 893 | 드론4 목적지65 | 1000스텝 | 배송 51/65 | 재적재  8 | 중계율 0.19 | alpha 2.464 | step_limit
Ep 894 | 드론6 목적지47 |  351스텝 | 배송 47/47 | 재적재  6 | 중계율 0.09 | alpha 2.447 | complete
Ep 895 | 드론6 목적지64 |  639스텝 | 배송 64/64 | 재적재 10 | 중계율 0.10 | alpha 2.399 | complete
Ep 896 | 드론5 목적지41 |  654스텝 | 배송 41/41 | 재적재  6 | 중계율 0.18 | alpha 2.377 | complete
Ep 897 | 드론6 목적지77 |  538스텝 | 배송 77/77 | 재적재 12 | 중계율 0.07 | alpha 2.394 | complete
Ep 898 | 드론4 목적지29 |  962스텝 | 배송 29/29 | 재적재  4 | 중계율 0.24 | alpha 2.422 | complete
Ep 899 | 드론3 목적지31 |  934스텝 | 배송 31/31 | 재적재  5 | 중계율 0.23 | alpha 2.438 | complete
Ep 900 | 드론3 목적지69 | 1000스텝 | 배송 63/69 | 재적재 12 | 중계율 0.14 | alpha 2.418 | step_limit
  [홀드아웃] 배송 50.0±0.0 완주 1.00 스텝 1169 점수 106.1 재적재 8.2 2홉+ 0.60 | 최고 106.6@ep300 정체 12/15
Ep 901 | 드론6 목적지26 |  366스텝 | 배송 26/26 | 재적재  3 | 중계율 0.15 | alpha 2.411 | complete
Ep 902 | 드론6 목적지58 |  528스텝 | 배송 58/58 | 재적재  9 | 중계율 0.14 | alpha 2.428 | complete
Ep 903 | 드론3 목적지41 |  960스텝 | 배송 41/41 | 재적재  7 | 중계율 0.28 | alpha 2.487 | complete
Ep 904 | 드론6 목적지47 |  417스텝 | 배송 47/47 | 재적재  8 | 중계율 0.09 | alpha 2.486 | complete
Ep 905 | 드론3 목적지63 | 1000스텝 | 배송 50/63 | 재적재  9 | 중계율 0.21 | alpha 2.479 | step_limit
Ep 906 | 드론5 목적지64 |  957스텝 | 배송 64/64 | 재적재 11 | 중계율 0.19 | alpha 2.466 | complete
Ep 907 | 드론3 목적지80 | 1000스텝 | 배송 71/80 | 재적재 14 | 중계율 0.17 | alpha 2.442 | step_limit
Ep 908 | 드론6 목적지49 |  411스텝 | 배송 49/49 | 재적재  6 | 중계율 0.12 | alpha 2.451 | complete
Ep 909 | 드론3 목적지68 | 1000스텝 | 배송 54/68 | 재적재  9 | 중계율 0.23 | alpha 2.456 | step_limit
Ep 910 | 드론6 목적지69 |  545스텝 | 배송 69/69 | 재적재 11 | 중계율 0.11 | alpha 2.485 | complete
Ep 911 | 드론3 목적지22 |  315스텝 | 배송 22/22 | 재적재  3 | 중계율 0.16 | alpha 2.461 | complete
Ep 912 | 드론4 목적지71 | 1000스텝 | 배송 54/71 | 재적재  9 | 중계율 0.29 | alpha 2.518 | step_limit
Ep 913 | 드론3 목적지48 |  998스텝 | 배송 48/48 | 재적재  8 | 중계율 0.16 | alpha 2.469 | complete
Ep 914 | 드론3 목적지64 | 1000스텝 | 배송 52/64 | 재적재 10 | 중계율 0.20 | alpha 2.463 | step_limit
Ep 915 | 드론6 목적지58 |  788스텝 | 배송 58/58 | 재적재  9 | 중계율 0.14 | alpha 2.470 | complete
Ep 916 | 드론4 목적지21 |  571스텝 | 배송 21/21 | 재적재  3 | 중계율 0.20 | alpha 2.465 | complete
Ep 917 | 드론5 목적지75 | 1000스텝 | 배송 68/75 | 재적재 12 | 중계율 0.25 | alpha 2.460 | step_limit
Ep 918 | 드론6 목적지22 |  414스텝 | 배송 22/22 | 재적재  2 | 중계율 0.18 | alpha 2.476 | complete
Ep 919 | 드론5 목적지73 |  955스텝 | 배송 73/73 | 재적재 13 | 중계율 0.16 | alpha 2.497 | complete
Ep 920 | 드론3 목적지79 | 1000스텝 | 배송 53/79 | 재적재 10 | 중계율 0.23 | alpha 2.497 | step_limit
Ep 921 | 드론4 목적지27 |  456스텝 | 배송 27/27 | 재적재  4 | 중계율 0.12 | alpha 2.490 | complete
Ep 922 | 드론4 목적지20 |  315스텝 | 배송 20/20 | 재적재  2 | 중계율 0.10 | alpha 2.490 | complete
Ep 923 | 드론5 목적지51 |  913스텝 | 배송 51/51 | 재적재  8 | 중계율 0.18 | alpha 2.537 | complete
Ep 924 | 드론6 목적지68 |  477스텝 | 배송 68/68 | 재적재 12 | 중계율 0.06 | alpha 2.576 | complete
Ep 925 | 드론6 목적지30 |  439스텝 | 배송 30/30 | 재적재  3 | 중계율 0.15 | alpha 2.542 | complete
Ep 926 | 드론6 목적지31 |  250스텝 | 배송 31/31 | 재적재  4 | 중계율 0.09 | alpha 2.533 | complete
Ep 927 | 드론3 목적지62 | 1000스텝 | 배송 54/62 | 재적재 10 | 중계율 0.19 | alpha 2.540 | step_limit
Ep 928 | 드론3 목적지51 | 1000스텝 | 배송 50/51 | 재적재  9 | 중계율 0.17 | alpha 2.511 | step_limit
Ep 929 | 드론6 목적지34 |  367스텝 | 배송 34/34 | 재적재  5 | 중계율 0.08 | alpha 2.531 | complete
Ep 930 | 드론4 목적지57 |  729스텝 | 배송 57/57 | 재적재  9 | 중계율 0.12 | alpha 2.521 | complete
Ep 931 | 드론4 목적지52 |  977스텝 | 배송 52/52 | 재적재  9 | 중계율 0.15 | alpha 2.507 | complete
Ep 932 | 드론6 목적지27 |  380스텝 | 배송 27/27 | 재적재  4 | 중계율 0.12 | alpha 2.507 | complete
Ep 933 | 드론6 목적지71 |  614스텝 | 배송 71/71 | 재적재 11 | 중계율 0.13 | alpha 2.474 | complete
Ep 934 | 드론6 목적지65 | 1000스텝 | 배송 64/65 | 재적재 11 | 중계율 0.20 | alpha 2.450 | step_limit
Ep 935 | 드론4 목적지29 |  485스텝 | 배송 29/29 | 재적재  3 | 중계율 0.17 | alpha 2.463 | complete
Ep 936 | 드론3 목적지44 |  916스텝 | 배송 44/44 | 재적재  6 | 중계율 0.20 | alpha 2.444 | complete
Ep 937 | 드론3 목적지22 |  569스텝 | 배송 22/22 | 재적재  4 | 중계율 0.20 | alpha 2.469 | complete
Ep 938 | 드론4 목적지44 |  957스텝 | 배송 44/44 | 재적재  7 | 중계율 0.24 | alpha 2.499 | complete
Ep 939 | 드론5 목적지68 | 1000스텝 | 배송 62/68 | 재적재 11 | 중계율 0.22 | alpha 2.504 | step_limit
Ep 940 | 드론5 목적지43 | 1000스텝 | 배송 39/43 | 재적재  5 | 중계율 0.24 | alpha 2.522 | step_limit
Ep 941 | 드론5 목적지73 | 1000스텝 | 배송 66/73 | 재적재 12 | 중계율 0.22 | alpha 2.537 | step_limit
Ep 942 | 드론6 목적지26 |  239스텝 | 배송 26/26 | 재적재  2 | 중계율 0.14 | alpha 2.499 | complete
Ep 943 | 드론5 목적지28 |  511스텝 | 배송 28/28 | 재적재  5 | 중계율 0.16 | alpha 2.536 | complete
Ep 944 | 드론3 목적지79 | 1000스텝 | 배송 76/79 | 재적재 15 | 중계율 0.13 | alpha 2.520 | step_limit
Ep 945 | 드론3 목적지61 | 1000스텝 | 배송 51/61 | 재적재  8 | 중계율 0.23 | alpha 2.523 | step_limit
Ep 946 | 드론4 목적지50 | 1000스텝 | 배송 47/50 | 재적재  9 | 중계율 0.20 | alpha 2.544 | step_limit
Ep 947 | 드론6 목적지25 |  296스텝 | 배송 25/25 | 재적재  3 | 중계율 0.14 | alpha 2.535 | complete
Ep 948 | 드론6 목적지58 |  608스텝 | 배송 58/58 | 재적재  8 | 중계율 0.13 | alpha 2.521 | complete
Ep 949 | 드론6 목적지52 |  555스텝 | 배송 52/52 | 재적재  8 | 중계율 0.10 | alpha 2.538 | complete
Ep 950 | 드론6 목적지43 |  419스텝 | 배송 43/43 | 재적재  5 | 중계율 0.08 | alpha 2.521 | complete
  [홀드아웃] 배송 50.0±0.0 완주 1.00 스텝 1118 점수 106.3 재적재 8.3 2홉+ 0.60 | 최고 106.6@ep300 정체 13/15
Ep 951 | 드론5 목적지30 |  480스텝 | 배송 30/30 | 재적재  3 | 중계율 0.17 | alpha 2.559 | complete
Ep 952 | 드론3 목적지51 | 1000스텝 | 배송 43/51 | 재적재  8 | 중계율 0.23 | alpha 2.578 | step_limit
Ep 953 | 드론6 목적지43 |  619스텝 | 배송 43/43 | 재적재  8 | 중계율 0.19 | alpha 2.524 | complete
Ep 954 | 드론6 목적지80 |  922스텝 | 배송 80/80 | 재적재 13 | 중계율 0.16 | alpha 2.580 | complete
Ep 955 | 드론6 목적지46 |  502스텝 | 배송 46/46 | 재적재  7 | 중계율 0.11 | alpha 2.612 | complete
Ep 956 | 드론5 목적지37 |  528스텝 | 배송 37/37 | 재적재  6 | 중계율 0.16 | alpha 2.607 | complete
Ep 957 | 드론3 목적지52 | 1000스텝 | 배송 50/52 | 재적재  9 | 중계율 0.16 | alpha 2.615 | step_limit
Ep 958 | 드론6 목적지46 |  731스텝 | 배송 46/46 | 재적재  6 | 중계율 0.18 | alpha 2.591 | complete
Ep 959 | 드론4 목적지46 |  659스텝 | 배송 46/46 | 재적재  7 | 중계율 0.16 | alpha 2.561 | complete
Ep 960 | 드론6 목적지66 |  575스텝 | 배송 66/66 | 재적재 11 | 중계율 0.06 | alpha 2.495 | complete
Ep 961 | 드론4 목적지76 | 1000스텝 | 배송 60/76 | 재적재 11 | 중계율 0.23 | alpha 2.467 | step_limit
Ep 962 | 드론4 목적지52 | 1000스텝 | 배송 49/52 | 재적재  8 | 중계율 0.28 | alpha 2.465 | step_limit
Ep 963 | 드론3 목적지56 | 1000스텝 | 배송 45/56 | 재적재  8 | 중계율 0.22 | alpha 2.463 | step_limit
Ep 964 | 드론3 목적지54 |  893스텝 | 배송 54/54 | 재적재 10 | 중계율 0.18 | alpha 2.462 | complete
Ep 965 | 드론4 목적지34 |  820스텝 | 배송 34/34 | 재적재  6 | 중계율 0.22 | alpha 2.499 | complete
Ep 966 | 드론5 목적지77 |  936스텝 | 배송 77/77 | 재적재 13 | 중계율 0.13 | alpha 2.479 | complete
Ep 967 | 드론6 목적지38 |  313스텝 | 배송 38/38 | 재적재  6 | 중계율 0.08 | alpha 2.468 | complete
Ep 968 | 드론6 목적지37 |  751스텝 | 배송 37/37 | 재적재  6 | 중계율 0.21 | alpha 2.469 | complete
Ep 969 | 드론4 목적지54 |  877스텝 | 배송 54/54 | 재적재  9 | 중계율 0.20 | alpha 2.516 | complete
Ep 970 | 드론5 목적지80 | 1000스텝 | 배송 79/80 | 재적재 13 | 중계율 0.16 | alpha 2.538 | step_limit
Ep 971 | 드론5 목적지26 |  303스텝 | 배송 26/26 | 재적재  2 | 중계율 0.08 | alpha 2.540 | complete
Ep 972 | 드론6 목적지27 |  332스텝 | 배송 27/27 | 재적재  3 | 중계율 0.13 | alpha 2.542 | complete
Ep 973 | 드론4 목적지36 |  671스텝 | 배송 36/36 | 재적재  5 | 중계율 0.16 | alpha 2.554 | complete
Ep 974 | 드론3 목적지80 | 1000스텝 | 배송 63/80 | 재적재 11 | 중계율 0.18 | alpha 2.529 | step_limit
Ep 975 | 드론6 목적지80 |  980스텝 | 배송 80/80 | 재적재 14 | 중계율 0.18 | alpha 2.515 | complete
Ep 976 | 드론4 목적지48 | 1000스텝 | 배송 46/48 | 재적재  7 | 중계율 0.22 | alpha 2.510 | step_limit
Ep 977 | 드론5 목적지48 |  711스텝 | 배송 48/48 | 재적재  7 | 중계율 0.10 | alpha 2.531 | complete
Ep 978 | 드론5 목적지69 |  686스텝 | 배송 69/69 | 재적재 12 | 중계율 0.14 | alpha 2.498 | complete
Ep 979 | 드론6 목적지58 |  602스텝 | 배송 58/58 | 재적재  9 | 중계율 0.09 | alpha 2.532 | complete
Ep 980 | 드론6 목적지73 |  995스텝 | 배송 73/73 | 재적재 13 | 중계율 0.19 | alpha 2.517 | complete
Ep 981 | 드론4 목적지62 |  741스텝 | 배송 62/62 | 재적재 11 | 중계율 0.13 | alpha 2.548 | complete
Ep 982 | 드론6 목적지66 |  775스텝 | 배송 66/66 | 재적재 12 | 중계율 0.16 | alpha 2.577 | complete
Ep 983 | 드론4 목적지22 |  553스텝 | 배송 22/22 | 재적재  3 | 중계율 0.15 | alpha 2.535 | complete
Ep 984 | 드론3 목적지53 | 1000스텝 | 배송 42/53 | 재적재  7 | 중계율 0.26 | alpha 2.549 | step_limit
Ep 985 | 드론5 목적지65 |  938스텝 | 배송 65/65 | 재적재 12 | 중계율 0.13 | alpha 2.532 | complete
Ep 986 | 드론6 목적지35 |  400스텝 | 배송 35/35 | 재적재  4 | 중계율 0.09 | alpha 2.551 | complete
Ep 987 | 드론5 목적지47 |  487스텝 | 배송 47/47 | 재적재  8 | 중계율 0.12 | alpha 2.586 | complete
Ep 988 | 드론4 목적지24 |  474스텝 | 배송 24/24 | 재적재  4 | 중계율 0.20 | alpha 2.567 | complete
Ep 989 | 드론3 목적지64 | 1000스텝 | 배송 59/64 | 재적재 11 | 중계율 0.22 | alpha 2.517 | step_limit
Ep 990 | 드론4 목적지26 |  718스텝 | 배송 26/26 | 재적재  4 | 중계율 0.20 | alpha 2.553 | complete
Ep 991 | 드론3 목적지30 |  583스텝 | 배송 30/30 | 재적재  4 | 중계율 0.19 | alpha 2.595 | complete
Ep 992 | 드론4 목적지59 | 1000스텝 | 배송 58/59 | 재적재 11 | 중계율 0.19 | alpha 2.576 | step_limit
Ep 993 | 드론3 목적지46 | 1000스텝 | 배송 36/46 | 재적재  6 | 중계율 0.26 | alpha 2.570 | step_limit
Ep 994 | 드론5 목적지71 |  679스텝 | 배송 71/71 | 재적재 11 | 중계율 0.12 | alpha 2.580 | complete
Ep 995 | 드론3 목적지61 | 1000스텝 | 배송 54/61 | 재적재  9 | 중계율 0.21 | alpha 2.564 | step_limit
Ep 996 | 드론3 목적지61 | 1000스텝 | 배송 58/61 | 재적재 10 | 중계율 0.15 | alpha 2.579 | step_limit
Ep 997 | 드론3 목적지59 | 1000스텝 | 배송 51/59 | 재적재  9 | 중계율 0.20 | alpha 2.558 | step_limit
Ep 998 | 드론6 목적지70 |  841스텝 | 배송 70/70 | 재적재 12 | 중계율 0.18 | alpha 2.541 | complete
Ep 999 | 드론4 목적지49 |  890스텝 | 배송 49/49 | 재적재  8 | 중계율 0.16 | alpha 2.570 | complete
Ep 1000 | 드론5 목적지63 | 1000스텝 | 배송 58/63 | 재적재 10 | 중계율 0.17 | alpha 2.574 | step_limit
  [홀드아웃] 배송 49.9±0.8 완주 0.97 스텝 1144 점수 103.7 재적재 8.2 2홉+ 0.60 | 최고 106.6@ep300 정체 14/15
Ep 1001 | 드론6 목적지43 |  327스텝 | 배송 43/43 | 재적재  5 | 중계율 0.09 | alpha 2.559 | complete
Ep 1002 | 드론4 목적지78 | 1000스텝 | 배송 69/78 | 재적재 12 | 중계율 0.19 | alpha 2.578 | step_limit
Ep 1003 | 드론4 목적지74 | 1000스텝 | 배송 65/74 | 재적재 10 | 중계율 0.24 | alpha 2.558 | step_limit
Ep 1004 | 드론6 목적지61 |  715스텝 | 배송 61/61 | 재적재 10 | 중계율 0.14 | alpha 2.563 | complete
Ep 1005 | 드론5 목적지62 | 1000스텝 | 배송 55/62 | 재적재 10 | 중계율 0.13 | alpha 2.518 | step_limit
Ep 1006 | 드론3 목적지22 |  755스텝 | 배송 22/22 | 재적재  3 | 중계율 0.20 | alpha 2.513 | complete
Ep 1007 | 드론5 목적지79 | 1000스텝 | 배송 78/79 | 재적재 13 | 중계율 0.15 | alpha 2.505 | step_limit
Ep 1008 | 드론4 목적지28 |  657스텝 | 배송 28/28 | 재적재  4 | 중계율 0.17 | alpha 2.507 | complete
Ep 1009 | 드론4 목적지65 | 1000스텝 | 배송 55/65 | 재적재 10 | 중계율 0.20 | alpha 2.492 | step_limit
Ep 1010 | 드론5 목적지22 |  529스텝 | 배송 22/22 | 재적재  2 | 중계율 0.17 | alpha 2.503 | complete
Ep 1011 | 드론5 목적지52 |  598스텝 | 배송 52/52 | 재적재  9 | 중계율 0.10 | alpha 2.501 | complete
Ep 1012 | 드론6 목적지47 |  650스텝 | 배송 47/47 | 재적재  7 | 중계율 0.11 | alpha 2.514 | complete
Ep 1013 | 드론6 목적지66 |  639스텝 | 배송 66/66 | 재적재 11 | 중계율 0.08 | alpha 2.544 | complete
Ep 1014 | 드론4 목적지69 | 1000스텝 | 배송 63/69 | 재적재 12 | 중계율 0.19 | alpha 2.530 | step_limit
Ep 1015 | 드론4 목적지77 | 1000스텝 | 배송 71/77 | 재적재 12 | 중계율 0.13 | alpha 2.498 | step_limit
Ep 1016 | 드론4 목적지80 | 1000스텝 | 배송 69/80 | 재적재 12 | 중계율 0.24 | alpha 2.500 | step_limit
Ep 1017 | 드론5 목적지51 |  455스텝 | 배송 51/51 | 재적재  8 | 중계율 0.12 | alpha 2.528 | complete
Ep 1018 | 드론6 목적지21 |  177스텝 | 배송 21/21 | 재적재  1 | 중계율 0.07 | alpha 2.538 | complete
Ep 1019 | 드론4 목적지58 | 1000스텝 | 배송 56/58 | 재적재 10 | 중계율 0.15 | alpha 2.491 | step_limit
Ep 1020 | 드론4 목적지74 | 1000스텝 | 배송 63/74 | 재적재 10 | 중계율 0.21 | alpha 2.452 | step_limit
Ep 1021 | 드론3 목적지48 | 1000스텝 | 배송 40/48 | 재적재  7 | 중계율 0.20 | alpha 2.437 | step_limit
Ep 1022 | 드론6 목적지27 |  221스텝 | 배송 27/27 | 재적재  2 | 중계율 0.08 | alpha 2.425 | complete
Ep 1023 | 드론6 목적지46 |  437스텝 | 배송 46/46 | 재적재  7 | 중계율 0.08 | alpha 2.441 | complete
Ep 1024 | 드론3 목적지70 | 1000스텝 | 배송 45/70 | 재적재  7 | 중계율 0.24 | alpha 2.446 | step_limit
Ep 1025 | 드론5 목적지41 |  848스텝 | 배송 41/41 | 재적재  7 | 중계율 0.22 | alpha 2.499 | complete
Ep 1026 | 드론6 목적지76 |  639스텝 | 배송 76/76 | 재적재 12 | 중계율 0.13 | alpha 2.525 | complete
Ep 1027 | 드론4 목적지51 |  947스텝 | 배송 51/51 | 재적재  9 | 중계율 0.16 | alpha 2.467 | complete
Ep 1028 | 드론3 목적지27 |  715스텝 | 배송 27/27 | 재적재  5 | 중계율 0.17 | alpha 2.440 | complete
Ep 1029 | 드론4 목적지37 |  726스텝 | 배송 37/37 | 재적재  6 | 중계율 0.16 | alpha 2.400 | complete
Ep 1030 | 드론4 목적지46 | 1000스텝 | 배송 45/46 | 재적재  6 | 중계율 0.23 | alpha 2.442 | step_limit
Ep 1031 | 드론6 목적지20 |  238스텝 | 배송 20/20 | 재적재  1 | 중계율 0.06 | alpha 2.461 | complete
Ep 1032 | 드론3 목적지27 |  570스텝 | 배송 27/27 | 재적재  4 | 중계율 0.13 | alpha 2.517 | complete
Ep 1033 | 드론5 목적지38 |  466스텝 | 배송 38/38 | 재적재  6 | 중계율 0.10 | alpha 2.517 | complete
Ep 1034 | 드론4 목적지66 | 1000스텝 | 배송 58/66 | 재적재 11 | 중계율 0.15 | alpha 2.503 | step_limit
Ep 1035 | 드론6 목적지64 |  688스텝 | 배송 64/64 | 재적재 10 | 중계율 0.13 | alpha 2.515 | complete
Ep 1036 | 드론4 목적지59 | 1000스텝 | 배송 56/59 | 재적재 11 | 중계율 0.19 | alpha 2.476 | step_limit
Ep 1037 | 드론3 목적지49 | 1000스텝 | 배송 43/49 | 재적재  8 | 중계율 0.17 | alpha 2.445 | step_limit
Ep 1038 | 드론6 목적지57 |  914스텝 | 배송 57/57 | 재적재  9 | 중계율 0.20 | alpha 2.500 | complete
Ep 1039 | 드론4 목적지73 | 1000스텝 | 배송 65/73 | 재적재 10 | 중계율 0.19 | alpha 2.510 | step_limit
Ep 1040 | 드론3 목적지44 | 1000스텝 | 배송 41/44 | 재적재  8 | 중계율 0.20 | alpha 2.516 | step_limit
Ep 1041 | 드론5 목적지65 | 1000스텝 | 배송 57/65 | 재적재 10 | 중계율 0.16 | alpha 2.526 | step_limit
Ep 1042 | 드론3 목적지37 |  894스텝 | 배송 37/37 | 재적재  6 | 중계율 0.22 | alpha 2.541 | complete
Ep 1043 | 드론5 목적지52 |  629스텝 | 배송 52/52 | 재적재  9 | 중계율 0.09 | alpha 2.546 | complete
Ep 1044 | 드론4 목적지36 |  880스텝 | 배송 36/36 | 재적재  6 | 중계율 0.25 | alpha 2.578 | complete
Ep 1045 | 드론4 목적지52 |  649스텝 | 배송 52/52 | 재적재  9 | 중계율 0.14 | alpha 2.639 | complete
Ep 1046 | 드론5 목적지43 |  524스텝 | 배송 43/43 | 재적재  6 | 중계율 0.12 | alpha 2.630 | complete
Ep 1047 | 드론3 목적지52 | 1000스텝 | 배송 46/52 | 재적재  8 | 중계율 0.29 | alpha 2.607 | step_limit
Ep 1048 | 드론3 목적지51 | 1000스텝 | 배송 42/51 | 재적재  8 | 중계율 0.23 | alpha 2.569 | step_limit
Ep 1049 | 드론4 목적지72 | 1000스텝 | 배송 54/72 | 재적재  8 | 중계율 0.24 | alpha 2.564 | step_limit
Ep 1050 | 드론5 목적지76 | 1000스텝 | 배송 73/76 | 재적재 13 | 중계율 0.18 | alpha 2.565 | step_limit
  [홀드아웃] 배송 50.0±0.0 완주 1.00 스텝 1138 점수 106.2 재적재 8.2 2홉+ 0.60 | 최고 106.6@ep300 정체 15/15

조기 종료. 최고 106.6@ep300
Training finished. best=106.6 @ ep300
