/home/kopt/enter/envs/wsl_neuroMCTS/lib/python3.10/site-packages/pygame/pkgdata.py:25: UserWarning: pkg_resources is deprecated as an API. See https://setuptools.pypa.io/en/latest/pkg_resources.html. The pkg_resources package is slated for removal as early as 2025-11-30. Refrain from using this package or pin to Setuptools<81.
  from pkg_resources import resource_stream, resource_exists
pygame 2.6.1 (SDL 2.28.4, Python 3.10.19)
Hello from the pygame community. https://www.pygame.org/contribute.html
집합 상위 학습 | 반경 300 상한 1000 무배송 500 gamma 0.997 구성=무작위 드론[3, 6] 목적지[20, 80] CC무작위 인스턴스=무작위 목표유지=off 완주보상=0.0 잔여페널티=0.1 규칙관측=False 규칙정규화=2.0 막힘페널티=0.3 홀드아웃상한=3000 선택=makespan
/home/kopt/drone/proposed_src/pipeline/train_v5_26_09_15_23.py:330: UserWarning: Converting a tensor with requires_grad=True to a scalar may lead to unexpected behavior.
Consider using tensor.detach() first. (Triggered internally at /pytorch/torch/csrc/autograd/generated/python_variable_methods.cpp:836.)
  writer.add_scalar("train/alpha", float(log_alpha.exp()), ep)
Ep 1 | 드론6 목적지57 |  974스텝 | 배송 57/57 | 재적재  8 | 중계율 0.15 | alpha 0.100 | complete
Ep 2 | 드론3 목적지50 | 1000스텝 | 배송 44/50 | 재적재  8 | 중계율 0.17 | alpha 0.100 | step_limit
Ep 3 | 드론6 목적지72 |  954스텝 | 배송 72/72 | 재적재 13 | 중계율 0.15 | alpha 0.100 | complete
Ep 4 | 드론3 목적지46 | 1000스텝 | 배송 41/46 | 재적재  6 | 중계율 0.15 | alpha 0.099 | step_limit
Ep 5 | 드론4 목적지58 | 1000스텝 | 배송 53/58 | 재적재  7 | 중계율 0.38 | alpha 0.108 | step_limit
Ep 6 | 드론3 목적지61 | 1000스텝 | 배송 58/61 | 재적재  9 | 중계율 0.33 | alpha 0.119 | step_limit
Ep 7 | 드론3 목적지30 |  614스텝 | 배송 30/30 | 재적재  5 | 중계율 0.31 | alpha 0.125 | complete
Ep 8 | 드론3 목적지69 | 1000스텝 | 배송 63/69 | 재적재 11 | 중계율 0.34 | alpha 0.136 | step_limit
Ep 9 | 드론4 목적지66 | 1000스텝 | 배송 61/66 | 재적재 10 | 중계율 0.37 | alpha 0.148 | step_limit
Ep 10 | 드론4 목적지26 |  737스텝 | 배송 26/26 | 재적재  3 | 중계율 0.28 | alpha 0.156 | complete
Ep 11 | 드론6 목적지32 |  312스텝 | 배송 32/32 | 재적재  5 | 중계율 0.16 | alpha 0.160 | complete
Ep 12 | 드론4 목적지35 |  607스텝 | 배송 35/35 | 재적재  5 | 중계율 0.24 | alpha 0.167 | complete
Ep 13 | 드론4 목적지23 |  548스텝 | 배송 23/23 | 재적재  3 | 중계율 0.30 | alpha 0.174 | complete
Ep 14 | 드론3 목적지61 | 1000스텝 | 배송 45/61 | 재적재  8 | 중계율 0.22 | alpha 0.186 | step_limit
Ep 15 | 드론5 목적지78 | 1000스텝 | 배송 73/78 | 재적재 13 | 중계율 0.13 | alpha 0.200 | step_limit
Ep 16 | 드론6 목적지46 |  824스텝 | 배송 46/46 | 재적재  7 | 중계율 0.19 | alpha 0.211 | complete
Ep 17 | 드론5 목적지74 |  782스텝 | 배송 74/74 | 재적재 13 | 중계율 0.16 | alpha 0.221 | complete
Ep 18 | 드론4 목적지24 |  418스텝 | 배송 24/24 | 재적재  3 | 중계율 0.30 | alpha 0.227 | complete
Ep 19 | 드론5 목적지24 |  543스텝 | 배송 24/24 | 재적재  2 | 중계율 0.23 | alpha 0.234 | complete
Ep 20 | 드론4 목적지66 |  796스텝 | 배송 66/66 | 재적재 12 | 중계율 0.13 | alpha 0.245 | complete
Ep 21 | 드론4 목적지43 |  775스텝 | 배송 43/43 | 재적재  7 | 중계율 0.17 | alpha 0.257 | complete
Ep 22 | 드론4 목적지43 |  612스텝 | 배송 43/43 | 재적재  6 | 중계율 0.08 | alpha 0.267 | complete
Ep 23 | 드론3 목적지22 |  866스텝 | 배송 20/22 | 재적재  4 | 중계율 0.41 | alpha 0.281 | no_progress
Ep 24 | 드론4 목적지35 |  944스텝 | 배송 35/35 | 재적재  5 | 중계율 0.19 | alpha 0.298 | complete
Ep 25 | 드론5 목적지25 |  479스텝 | 배송 25/25 | 재적재  3 | 중계율 0.27 | alpha 0.306 | complete
Ep 26 | 드론4 목적지79 | 1000스텝 | 배송 70/79 | 재적재 11 | 중계율 0.13 | alpha 0.327 | step_limit
Ep 27 | 드론6 목적지63 | 1000스텝 | 배송 59/63 | 재적재 10 | 중계율 0.19 | alpha 0.349 | step_limit
Ep 28 | 드론3 목적지77 | 1000스텝 | 배송 62/77 | 재적재 11 | 중계율 0.20 | alpha 0.373 | step_limit
Ep 29 | 드론4 목적지34 | 1000스텝 | 배송 30/34 | 재적재  5 | 중계율 0.16 | alpha 0.401 | step_limit
Ep 30 | 드론4 목적지25 |  915스텝 | 배송 25/25 | 재적재  4 | 중계율 0.42 | alpha 0.428 | complete
Ep 31 | 드론6 목적지68 |  729스텝 | 배송 68/68 | 재적재 12 | 중계율 0.17 | alpha 0.452 | complete
Ep 32 | 드론4 목적지79 | 1000스텝 | 배송 71/79 | 재적재 12 | 중계율 0.26 | alpha 0.487 | step_limit
Ep 33 | 드론4 목적지62 | 1000스텝 | 배송 48/62 | 재적재  8 | 중계율 0.23 | alpha 0.526 | step_limit
Ep 34 | 드론4 목적지33 |  604스텝 | 배송 33/33 | 재적재  5 | 중계율 0.18 | alpha 0.551 | complete
Ep 35 | 드론4 목적지26 |  592스텝 | 배송 26/26 | 재적재  3 | 중계율 0.25 | alpha 0.577 | complete
Ep 36 | 드론4 목적지57 | 1000스텝 | 배송 51/57 | 재적재  7 | 중계율 0.31 | alpha 0.622 | step_limit
Ep 37 | 드론4 목적지29 |  636스텝 | 배송 29/29 | 재적재  4 | 중계율 0.33 | alpha 0.652 | complete
Ep 38 | 드론5 목적지63 |  813스텝 | 배송 63/63 | 재적재 11 | 중계율 0.29 | alpha 0.691 | complete
Ep 39 | 드론5 목적지44 |  780스텝 | 배송 44/44 | 재적재  6 | 중계율 0.33 | alpha 0.731 | complete
Ep 40 | 드론6 목적지56 |  588스텝 | 배송 56/56 | 재적재  9 | 중계율 0.20 | alpha 0.760 | complete
Ep 41 | 드론6 목적지21 |  191스텝 | 배송 21/21 | 재적재  0 | 중계율 0.19 | alpha 0.770 | complete
Ep 42 | 드론3 목적지24 |  463스텝 | 배송 24/24 | 재적재  2 | 중계율 0.26 | alpha 0.793 | complete
Ep 43 | 드론4 목적지52 |  662스텝 | 배송 52/52 | 재적재  9 | 중계율 0.22 | alpha 0.827 | complete
Ep 44 | 드론4 목적지72 |  724스텝 | 배송 72/72 | 재적재 12 | 중계율 0.17 | alpha 0.864 | complete
Ep 45 | 드론4 목적지52 | 1000스텝 | 배송 51/52 | 재적재  8 | 중계율 0.38 | alpha 0.916 | step_limit
Ep 46 | 드론6 목적지72 |  546스텝 | 배송 72/72 | 재적재 12 | 중계율 0.12 | alpha 0.947 | complete
Ep 47 | 드론4 목적지69 |  840스텝 | 배송 69/69 | 재적재 12 | 중계율 0.19 | alpha 0.995 | complete
Ep 48 | 드론4 목적지56 |  741스텝 | 배송 56/56 | 재적재  9 | 중계율 0.22 | alpha 1.042 | complete
Ep 49 | 드론6 목적지78 |  739스텝 | 배송 78/78 | 재적재 13 | 중계율 0.19 | alpha 1.091 | complete
Ep 50 | 드론5 목적지40 | 1000스텝 | 배송 38/40 | 재적재  6 | 중계율 0.35 | alpha 1.165 | step_limit
  [홀드아웃] 배송 49.8±1.1 완주 0.95 스텝 1111 점수 101.3 재적재 7.8 2홉+ 0.63 | 최고 101.3@ep50 정체 0/15  ← 갱신
Ep 51 | 드론6 목적지51 |  352스텝 | 배송 51/51 | 재적재  6 | 중계율 0.12 | alpha 1.192 | complete
Ep 52 | 드론3 목적지42 |  782스텝 | 배송 42/42 | 재적재  6 | 중계율 0.29 | alpha 1.255 | complete
Ep 53 | 드론6 목적지60 |  434스텝 | 배송 60/60 | 재적재  9 | 중계율 0.13 | alpha 1.291 | complete
Ep 54 | 드론4 목적지49 |  800스텝 | 배송 49/49 | 재적재  9 | 중계율 0.20 | alpha 1.359 | complete
Ep 55 | 드론4 목적지40 |  517스텝 | 배송 40/40 | 재적재  6 | 중계율 0.20 | alpha 1.402 | complete
Ep 56 | 드론5 목적지61 |  627스텝 | 배송 61/61 | 재적재 10 | 중계율 0.23 | alpha 1.453 | complete
Ep 57 | 드론3 목적지53 | 1000스텝 | 배송 50/53 | 재적재  9 | 중계율 0.32 | alpha 1.532 | step_limit
Ep 58 | 드론6 목적지57 |  539스텝 | 배송 57/57 | 재적재 10 | 중계율 0.23 | alpha 1.572 | complete
Ep 59 | 드론3 목적지50 |  975스텝 | 배송 50/50 | 재적재  9 | 중계율 0.27 | alpha 1.651 | complete
Ep 60 | 드론4 목적지21 |  474스텝 | 배송 21/21 | 재적재  3 | 중계율 0.31 | alpha 1.691 | complete
Ep 61 | 드론5 목적지26 |  441스텝 | 배송 26/26 | 재적재  4 | 중계율 0.25 | alpha 1.728 | complete
Ep 62 | 드론5 목적지55 |  986스텝 | 배송 55/55 | 재적재 10 | 중계율 0.30 | alpha 1.814 | complete
Ep 63 | 드론6 목적지68 |  599스텝 | 배송 68/68 | 재적재 12 | 중계율 0.20 | alpha 1.863 | complete
Ep 64 | 드론3 목적지41 | 1000스텝 | 배송 35/41 | 재적재  5 | 중계율 0.21 | alpha 1.936 | step_limit
Ep 65 | 드론5 목적지68 |  746스텝 | 배송 68/68 | 재적재 11 | 중계율 0.15 | alpha 1.980 | complete
Ep 66 | 드론3 목적지61 | 1000스텝 | 배송 56/61 | 재적재 10 | 중계율 0.18 | alpha 2.035 | step_limit
Ep 67 | 드론3 목적지53 | 1000스텝 | 배송 40/53 | 재적재  8 | 중계율 0.28 | alpha 2.095 | step_limit
Ep 68 | 드론3 목적지44 |  921스텝 | 배송 44/44 | 재적재  7 | 중계율 0.22 | alpha 2.136 | complete
Ep 69 | 드론4 목적지34 |  557스텝 | 배송 34/34 | 재적재  6 | 중계율 0.15 | alpha 2.155 | complete
Ep 70 | 드론4 목적지31 |  852스텝 | 배송 31/31 | 재적재  5 | 중계율 0.27 | alpha 2.188 | complete
Ep 71 | 드론5 목적지71 |  626스텝 | 배송 71/71 | 재적재 13 | 중계율 0.14 | alpha 2.189 | complete
Ep 72 | 드론3 목적지53 | 1000스텝 | 배송 43/53 | 재적재  7 | 중계율 0.29 | alpha 2.186 | step_limit
Ep 73 | 드론4 목적지21 |  465스텝 | 배송 21/21 | 재적재  3 | 중계율 0.23 | alpha 2.187 | complete
Ep 74 | 드론5 목적지45 |  596스텝 | 배송 45/45 | 재적재  7 | 중계율 0.19 | alpha 2.192 | complete
Ep 75 | 드론5 목적지40 |  835스텝 | 배송 40/40 | 재적재  7 | 중계율 0.18 | alpha 2.214 | complete
Ep 76 | 드론4 목적지75 | 1000스텝 | 배송 53/75 | 재적재  9 | 중계율 0.29 | alpha 2.224 | step_limit
Ep 77 | 드론5 목적지24 |  294스텝 | 배송 24/24 | 재적재  3 | 중계율 0.17 | alpha 2.225 | complete
Ep 78 | 드론4 목적지64 |  900스텝 | 배송 64/64 | 재적재 11 | 중계율 0.21 | alpha 2.244 | complete
Ep 79 | 드론3 목적지41 |  859스텝 | 배송 41/41 | 재적재  6 | 중계율 0.24 | alpha 2.249 | complete
Ep 80 | 드론3 목적지69 | 1000스텝 | 배송 59/69 | 재적재 11 | 중계율 0.23 | alpha 2.270 | step_limit
Ep 81 | 드론6 목적지47 |  548스텝 | 배송 47/47 | 재적재  6 | 중계율 0.11 | alpha 2.296 | complete
Ep 82 | 드론6 목적지69 |  855스텝 | 배송 69/69 | 재적재 12 | 중계율 0.23 | alpha 2.305 | complete
Ep 83 | 드론5 목적지31 |  600스텝 | 배송 31/31 | 재적재  5 | 중계율 0.23 | alpha 2.289 | complete
Ep 84 | 드론3 목적지33 |  738스텝 | 배송 33/33 | 재적재  6 | 중계율 0.23 | alpha 2.282 | complete
Ep 85 | 드론4 목적지38 |  685스텝 | 배송 38/38 | 재적재  6 | 중계율 0.18 | alpha 2.262 | complete
Ep 86 | 드론6 목적지24 |  419스텝 | 배송 24/24 | 재적재  2 | 중계율 0.20 | alpha 2.254 | complete
Ep 87 | 드론3 목적지30 |  784스텝 | 배송 30/30 | 재적재  5 | 중계율 0.27 | alpha 2.229 | complete
Ep 88 | 드론4 목적지38 |  768스텝 | 배송 38/38 | 재적재  7 | 중계율 0.24 | alpha 2.264 | complete
Ep 89 | 드론3 목적지57 | 1000스텝 | 배송 50/57 | 재적재  8 | 중계율 0.28 | alpha 2.290 | step_limit
Ep 90 | 드론6 목적지21 |  289스텝 | 배송 21/21 | 재적재  0 | 중계율 0.15 | alpha 2.290 | complete
Ep 91 | 드론6 목적지77 | 1000스텝 | 배송 75/77 | 재적재 13 | 중계율 0.22 | alpha 2.300 | step_limit
Ep 92 | 드론4 목적지69 |  991스텝 | 배송 69/69 | 재적재 12 | 중계율 0.30 | alpha 2.319 | complete
Ep 93 | 드론6 목적지60 |  816스텝 | 배송 60/60 | 재적재 10 | 중계율 0.18 | alpha 2.358 | complete
Ep 94 | 드론6 목적지45 |  473스텝 | 배송 45/45 | 재적재  5 | 중계율 0.16 | alpha 2.372 | complete
Ep 95 | 드론4 목적지71 | 1000스텝 | 배송 60/71 | 재적재 11 | 중계율 0.19 | alpha 2.364 | step_limit
Ep 96 | 드론3 목적지74 | 1000스텝 | 배송 62/74 | 재적재 10 | 중계율 0.26 | alpha 2.347 | step_limit
Ep 97 | 드론6 목적지47 |  732스텝 | 배송 47/47 | 재적재  6 | 중계율 0.16 | alpha 2.368 | complete
Ep 98 | 드론6 목적지50 | 1000스텝 | 배송 46/50 | 재적재  8 | 중계율 0.25 | alpha 2.351 | step_limit
Ep 99 | 드론6 목적지35 |  428스텝 | 배송 35/35 | 재적재  5 | 중계율 0.18 | alpha 2.374 | complete
Ep 100 | 드론3 목적지40 |  960스텝 | 배송 40/40 | 재적재  6 | 중계율 0.24 | alpha 2.399 | complete
  [홀드아웃] 배송 50.0±0.0 완주 1.00 스텝 1349 점수 105.5 재적재 8.2 2홉+ 0.63 | 최고 105.5@ep100 정체 0/15  ← 갱신
Ep 101 | 드론3 목적지23 |  882스텝 | 배송 23/23 | 재적재  4 | 중계율 0.25 | alpha 2.493 | complete
Ep 102 | 드론3 목적지21 |  640스텝 | 배송 21/21 | 재적재  3 | 중계율 0.27 | alpha 2.542 | complete
Ep 103 | 드론6 목적지72 |  928스텝 | 배송 72/72 | 재적재 12 | 중계율 0.17 | alpha 2.560 | complete
Ep 104 | 드론3 목적지27 |  998스텝 | 배송 27/27 | 재적재  4 | 중계율 0.35 | alpha 2.571 | complete
Ep 105 | 드론4 목적지63 |  825스텝 | 배송 63/63 | 재적재 10 | 중계율 0.18 | alpha 2.560 | complete
Ep 106 | 드론5 목적지58 |  568스텝 | 배송 58/58 | 재적재  9 | 중계율 0.17 | alpha 2.564 | complete
Ep 107 | 드론6 목적지75 | 1000스텝 | 배송 73/75 | 재적재 13 | 중계율 0.27 | alpha 2.541 | step_limit
Ep 108 | 드론4 목적지55 | 1000스텝 | 배송 53/55 | 재적재  9 | 중계율 0.27 | alpha 2.553 | step_limit
Ep 109 | 드론5 목적지64 | 1000스텝 | 배송 61/64 | 재적재 10 | 중계율 0.26 | alpha 2.563 | step_limit
Ep 110 | 드론4 목적지55 | 1000스텝 | 배송 54/55 | 재적재  9 | 중계율 0.25 | alpha 2.529 | step_limit
Ep 111 | 드론5 목적지67 | 1000스텝 | 배송 62/67 | 재적재 10 | 중계율 0.24 | alpha 2.515 | step_limit
Ep 112 | 드론4 목적지46 |  720스텝 | 배송 46/46 | 재적재  7 | 중계율 0.24 | alpha 2.520 | complete
Ep 113 | 드론5 목적지43 |  649스텝 | 배송 43/43 | 재적재  6 | 중계율 0.18 | alpha 2.512 | complete
Ep 114 | 드론3 목적지80 | 1000스텝 | 배송 64/80 | 재적재 10 | 중계율 0.22 | alpha 2.489 | step_limit
Ep 115 | 드론6 목적지78 |  799스텝 | 배송 78/78 | 재적재 13 | 중계율 0.16 | alpha 2.452 | complete
Ep 116 | 드론5 목적지72 | 1000스텝 | 배송 71/72 | 재적재 13 | 중계율 0.24 | alpha 2.407 | step_limit
Ep 117 | 드론4 목적지54 |  746스텝 | 배송 54/54 | 재적재  9 | 중계율 0.23 | alpha 2.397 | complete
Ep 118 | 드론3 목적지63 | 1000스텝 | 배송 53/63 | 재적재  9 | 중계율 0.28 | alpha 2.441 | step_limit
Ep 119 | 드론6 목적지66 | 1000스텝 | 배송 63/66 | 재적재 10 | 중계율 0.19 | alpha 2.470 | step_limit
Ep 120 | 드론5 목적지70 |  875스텝 | 배송 70/70 | 재적재 13 | 중계율 0.23 | alpha 2.455 | complete
Ep 121 | 드론5 목적지45 |  788스텝 | 배송 45/45 | 재적재  6 | 중계율 0.20 | alpha 2.468 | complete
Ep 122 | 드론5 목적지26 |  611스텝 | 배송 26/26 | 재적재  3 | 중계율 0.23 | alpha 2.453 | complete
Ep 123 | 드론6 목적지30 |  440스텝 | 배송 30/30 | 재적재  2 | 중계율 0.21 | alpha 2.474 | complete
Ep 124 | 드론3 목적지80 | 1000스텝 | 배송 65/80 | 재적재 11 | 중계율 0.28 | alpha 2.464 | step_limit
Ep 125 | 드론6 목적지41 |  380스텝 | 배송 41/41 | 재적재  6 | 중계율 0.21 | alpha 2.458 | complete
Ep 126 | 드론4 목적지50 | 1000스텝 | 배송 39/50 | 재적재  6 | 중계율 0.31 | alpha 2.448 | step_limit
Ep 127 | 드론4 목적지37 |  950스텝 | 배송 37/37 | 재적재  6 | 중계율 0.30 | alpha 2.448 | complete
Ep 128 | 드론3 목적지42 | 1000스텝 | 배송 41/42 | 재적재  7 | 중계율 0.31 | alpha 2.490 | step_limit
Ep 129 | 드론5 목적지52 |  636스텝 | 배송 52/52 | 재적재  9 | 중계율 0.18 | alpha 2.460 | complete
Ep 130 | 드론3 목적지40 | 1000스텝 | 배송 33/40 | 재적재  5 | 중계율 0.37 | alpha 2.460 | step_limit
Ep 131 | 드론4 목적지39 |  558스텝 | 배송 39/39 | 재적재  7 | 중계율 0.16 | alpha 2.456 | complete
Ep 132 | 드론6 목적지63 |  440스텝 | 배송 63/63 | 재적재 10 | 중계율 0.12 | alpha 2.456 | complete
Ep 133 | 드론4 목적지61 | 1000스텝 | 배송 59/61 | 재적재 11 | 중계율 0.23 | alpha 2.435 | step_limit
Ep 134 | 드론5 목적지22 |  285스텝 | 배송 22/22 | 재적재  1 | 중계율 0.12 | alpha 2.428 | complete
Ep 135 | 드론3 목적지20 |  494스텝 | 배송 20/20 | 재적재  2 | 중계율 0.32 | alpha 2.389 | complete
Ep 136 | 드론6 목적지57 |  680스텝 | 배송 57/57 | 재적재  9 | 중계율 0.23 | alpha 2.347 | complete
Ep 137 | 드론4 목적지24 |  567스텝 | 배송 24/24 | 재적재  3 | 중계율 0.22 | alpha 2.322 | complete
Ep 138 | 드론5 목적지35 |  455스텝 | 배송 35/35 | 재적재  5 | 중계율 0.13 | alpha 2.313 | complete
Ep 139 | 드론4 목적지29 |  879스텝 | 배송 29/29 | 재적재  4 | 중계율 0.22 | alpha 2.264 | complete
Ep 140 | 드론3 목적지32 |  874스텝 | 배송 32/32 | 재적재  6 | 중계율 0.30 | alpha 2.218 | complete
Ep 141 | 드론4 목적지54 | 1000스텝 | 배송 52/54 | 재적재  8 | 중계율 0.20 | alpha 2.229 | step_limit
Ep 142 | 드론3 목적지42 |  922스텝 | 배송 42/42 | 재적재  8 | 중계율 0.25 | alpha 2.240 | complete
Ep 143 | 드론3 목적지23 |  958스텝 | 배송 23/23 | 재적재  3 | 중계율 0.25 | alpha 2.165 | complete
Ep 144 | 드론4 목적지61 |  801스텝 | 배송 61/61 | 재적재 10 | 중계율 0.22 | alpha 2.115 | complete
Ep 145 | 드론4 목적지64 | 1000스텝 | 배송 63/64 | 재적재 11 | 중계율 0.20 | alpha 2.129 | step_limit
Ep 146 | 드론3 목적지71 | 1000스텝 | 배송 56/71 | 재적재 10 | 중계율 0.21 | alpha 2.175 | step_limit
Ep 147 | 드론3 목적지48 | 1000스텝 | 배송 45/48 | 재적재  8 | 중계율 0.24 | alpha 2.167 | step_limit
Ep 148 | 드론5 목적지36 |  697스텝 | 배송 36/36 | 재적재  6 | 중계율 0.27 | alpha 2.157 | complete
Ep 149 | 드론5 목적지40 |  654스텝 | 배송 40/40 | 재적재  6 | 중계율 0.13 | alpha 2.147 | complete
Ep 150 | 드론4 목적지26 |  610스텝 | 배송 26/26 | 재적재  2 | 중계율 0.23 | alpha 2.158 | complete
  [홀드아웃] 배송 50.0±0.0 완주 1.00 스텝 1349 점수 105.5 재적재 8.3 2홉+ 0.64 | 최고 105.5@ep100 정체 1/15
Ep 151 | 드론5 목적지70 |  864스텝 | 배송 70/70 | 재적재 13 | 중계율 0.23 | alpha 2.220 | complete
Ep 152 | 드론6 목적지48 |  510스텝 | 배송 48/48 | 재적재  6 | 중계율 0.15 | alpha 2.238 | complete
Ep 153 | 드론6 목적지57 |  725스텝 | 배송 57/57 | 재적재 10 | 중계율 0.19 | alpha 2.297 | complete
Ep 154 | 드론6 목적지34 |  336스텝 | 배송 34/34 | 재적재  4 | 중계율 0.12 | alpha 2.297 | complete
Ep 155 | 드론6 목적지80 | 1000스텝 | 배송 79/80 | 재적재 13 | 중계율 0.23 | alpha 2.278 | step_limit
Ep 156 | 드론6 목적지59 | 1000스텝 | 배송 55/59 | 재적재  9 | 중계율 0.21 | alpha 2.289 | step_limit
Ep 157 | 드론3 목적지42 |  925스텝 | 배송 42/42 | 재적재  6 | 중계율 0.26 | alpha 2.343 | complete
Ep 158 | 드론5 목적지76 | 1000스텝 | 배송 73/76 | 재적재 13 | 중계율 0.16 | alpha 2.393 | step_limit
Ep 159 | 드론6 목적지47 |  794스텝 | 배송 47/47 | 재적재  7 | 중계율 0.15 | alpha 2.380 | complete
Ep 160 | 드론3 목적지62 | 1000스텝 | 배송 53/62 | 재적재  9 | 중계율 0.28 | alpha 2.421 | step_limit
Ep 161 | 드론4 목적지31 |  575스텝 | 배송 31/31 | 재적재  3 | 중계율 0.17 | alpha 2.471 | complete
Ep 162 | 드론4 목적지26 | 1000스텝 | 배송 25/26 | 재적재  3 | 중계율 0.25 | alpha 2.511 | step_limit
Ep 163 | 드론5 목적지21 |  711스텝 | 배송 21/21 | 재적재  2 | 중계율 0.33 | alpha 2.542 | complete
Ep 164 | 드론6 목적지79 | 1000스텝 | 배송 66/79 | 재적재 10 | 중계율 0.21 | alpha 2.614 | step_limit
Ep 165 | 드론6 목적지47 |  472스텝 | 배송 47/47 | 재적재  5 | 중계율 0.14 | alpha 2.628 | complete
Ep 166 | 드론4 목적지77 | 1000스텝 | 배송 68/77 | 재적재 12 | 중계율 0.17 | alpha 2.595 | step_limit
Ep 167 | 드론5 목적지77 | 1000스텝 | 배송 46/77 | 재적재  7 | 중계율 0.26 | alpha 2.596 | step_limit
Ep 168 | 드론6 목적지29 |  431스텝 | 배송 29/29 | 재적재  3 | 중계율 0.16 | alpha 2.591 | complete
Ep 169 | 드론6 목적지59 |  748스텝 | 배송 59/59 | 재적재  9 | 중계율 0.20 | alpha 2.556 | complete
Ep 170 | 드론4 목적지74 | 1000스텝 | 배송 64/74 | 재적재  9 | 중계율 0.26 | alpha 2.550 | step_limit
Ep 171 | 드론5 목적지34 |  661스텝 | 배송 34/34 | 재적재  4 | 중계율 0.12 | alpha 2.567 | complete
Ep 172 | 드론3 목적지43 | 1000스텝 | 배송 34/43 | 재적재  6 | 중계율 0.28 | alpha 2.538 | step_limit
Ep 173 | 드론4 목적지35 | 1000스텝 | 배송 32/35 | 재적재  5 | 중계율 0.31 | alpha 2.557 | step_limit
Ep 174 | 드론6 목적지43 |  598스텝 | 배송 43/43 | 재적재  4 | 중계율 0.14 | alpha 2.557 | complete
Ep 175 | 드론6 목적지30 |  603스텝 | 배송 30/30 | 재적재  3 | 중계율 0.22 | alpha 2.506 | complete
Ep 176 | 드론6 목적지29 |  559스텝 | 배송 29/29 | 재적재  3 | 중계율 0.20 | alpha 2.476 | complete
Ep 177 | 드론3 목적지45 | 1000스텝 | 배송 41/45 | 재적재  7 | 중계율 0.29 | alpha 2.450 | step_limit
Ep 178 | 드론3 목적지20 |  526스텝 | 배송 20/20 | 재적재  2 | 중계율 0.24 | alpha 2.460 | complete
Ep 179 | 드론6 목적지66 | 1000스텝 | 배송 54/66 | 재적재  8 | 중계율 0.23 | alpha 2.464 | step_limit
Ep 180 | 드론6 목적지22 |  226스텝 | 배송 22/22 | 재적재  2 | 중계율 0.16 | alpha 2.475 | complete
Ep 181 | 드론6 목적지77 |  946스텝 | 배송 77/77 | 재적재 14 | 중계율 0.23 | alpha 2.510 | complete
Ep 182 | 드론4 목적지74 | 1000스텝 | 배송 65/74 | 재적재 12 | 중계율 0.23 | alpha 2.483 | step_limit
Ep 183 | 드론6 목적지40 |  366스텝 | 배송 40/40 | 재적재  6 | 중계율 0.15 | alpha 2.471 | complete
Ep 184 | 드론4 목적지77 | 1000스텝 | 배송 69/77 | 재적재 12 | 중계율 0.18 | alpha 2.492 | step_limit
Ep 185 | 드론5 목적지72 | 1000스텝 | 배송 64/72 | 재적재 10 | 중계율 0.21 | alpha 2.545 | step_limit
Ep 186 | 드론5 목적지74 |  807스텝 | 배송 74/74 | 재적재 11 | 중계율 0.17 | alpha 2.533 | complete
Ep 187 | 드론3 목적지65 | 1000스텝 | 배송 54/65 | 재적재 10 | 중계율 0.21 | alpha 2.520 | step_limit
Ep 188 | 드론3 목적지80 | 1000스텝 | 배송 41/80 | 재적재  7 | 중계율 0.19 | alpha 2.551 | step_limit
Ep 189 | 드론5 목적지55 |  964스텝 | 배송 55/55 | 재적재 10 | 중계율 0.24 | alpha 2.535 | complete
Ep 190 | 드론4 목적지36 | 1000스텝 | 배송 32/36 | 재적재  4 | 중계율 0.31 | alpha 2.539 | step_limit
Ep 191 | 드론3 목적지28 |  846스텝 | 배송 28/28 | 재적재  4 | 중계율 0.27 | alpha 2.526 | complete
Ep 192 | 드론6 목적지74 |  588스텝 | 배송 74/74 | 재적재 13 | 중계율 0.18 | alpha 2.564 | complete
Ep 193 | 드론4 목적지61 | 1000스텝 | 배송 46/61 | 재적재  8 | 중계율 0.26 | alpha 2.531 | step_limit
Ep 194 | 드론6 목적지73 |  804스텝 | 배송 73/73 | 재적재 13 | 중계율 0.14 | alpha 2.554 | complete
Ep 195 | 드론5 목적지69 |  877스텝 | 배송 69/69 | 재적재 12 | 중계율 0.30 | alpha 2.504 | complete
Ep 196 | 드론4 목적지47 |  935스텝 | 배송 47/47 | 재적재  8 | 중계율 0.16 | alpha 2.539 | complete
Ep 197 | 드론5 목적지27 |  635스텝 | 배송 27/27 | 재적재  3 | 중계율 0.19 | alpha 2.499 | complete
Ep 198 | 드론4 목적지56 |  891스텝 | 배송 56/56 | 재적재 10 | 중계율 0.21 | alpha 2.541 | complete
Ep 199 | 드론3 목적지57 | 1000스텝 | 배송 47/57 | 재적재  8 | 중계율 0.27 | alpha 2.542 | step_limit
Ep 200 | 드론6 목적지64 |  794스텝 | 배송 64/64 | 재적재 10 | 중계율 0.22 | alpha 2.567 | complete
  [홀드아웃] 배송 50.0±0.0 완주 1.00 스텝 1210 점수 106.0 재적재 8.1 2홉+ 0.63 | 최고 106.0@ep200 정체 0/15  ← 갱신
Ep 201 | 드론6 목적지38 | 1000스텝 | 배송 37/38 | 재적재  4 | 중계율 0.26 | alpha 2.593 | step_limit
Ep 202 | 드론3 목적지32 |  920스텝 | 배송 32/32 | 재적재  5 | 중계율 0.32 | alpha 2.641 | complete
Ep 203 | 드론4 목적지23 |  306스텝 | 배송 23/23 | 재적재  3 | 중계율 0.13 | alpha 2.636 | complete
Ep 204 | 드론4 목적지38 |  448스텝 | 배송 38/38 | 재적재  5 | 중계율 0.11 | alpha 2.644 | complete
Ep 205 | 드론4 목적지27 |  441스텝 | 배송 27/27 | 재적재  4 | 중계율 0.19 | alpha 2.647 | complete
Ep 206 | 드론3 목적지58 | 1000스텝 | 배송 50/58 | 재적재  9 | 중계율 0.23 | alpha 2.677 | step_limit
Ep 207 | 드론4 목적지52 | 1000스텝 | 배송 35/52 | 재적재  4 | 중계율 0.16 | alpha 2.670 | step_limit
Ep 208 | 드론4 목적지60 | 1000스텝 | 배송 50/60 | 재적재  8 | 중계율 0.32 | alpha 2.642 | step_limit
Ep 209 | 드론3 목적지72 | 1000스텝 | 배송 52/72 | 재적재 10 | 중계율 0.25 | alpha 2.731 | step_limit
Ep 210 | 드론6 목적지39 |  548스텝 | 배송 39/39 | 재적재  4 | 중계율 0.14 | alpha 2.742 | complete
Ep 211 | 드론3 목적지55 | 1000스텝 | 배송 52/55 | 재적재  9 | 중계율 0.25 | alpha 2.711 | step_limit
Ep 212 | 드론4 목적지62 |  810스텝 | 배송 62/62 | 재적재 11 | 중계율 0.21 | alpha 2.742 | complete
Ep 213 | 드론5 목적지77 |  620스텝 | 배송 77/77 | 재적재 14 | 중계율 0.11 | alpha 2.719 | complete
Ep 214 | 드론4 목적지44 |  693스텝 | 배송 44/44 | 재적재  6 | 중계율 0.19 | alpha 2.681 | complete
Ep 215 | 드론3 목적지49 | 1000스텝 | 배송 47/49 | 재적재  8 | 중계율 0.34 | alpha 2.662 | step_limit
Ep 216 | 드론6 목적지29 |  540스텝 | 배송 29/29 | 재적재  2 | 중계율 0.32 | alpha 2.671 | complete
Ep 217 | 드론5 목적지36 |  455스텝 | 배송 36/36 | 재적재  5 | 중계율 0.15 | alpha 2.661 | complete
Ep 218 | 드론5 목적지55 |  567스텝 | 배송 55/55 | 재적재  9 | 중계율 0.17 | alpha 2.677 | complete
Ep 219 | 드론3 목적지35 |  958스텝 | 배송 35/35 | 재적재  5 | 중계율 0.26 | alpha 2.670 | complete
Ep 220 | 드론6 목적지73 |  736스텝 | 배송 73/73 | 재적재 12 | 중계율 0.16 | alpha 2.701 | complete
Ep 221 | 드론6 목적지25 |  279스텝 | 배송 25/25 | 재적재  2 | 중계율 0.26 | alpha 2.682 | complete
Ep 222 | 드론4 목적지30 |  587스텝 | 배송 30/30 | 재적재  5 | 중계율 0.20 | alpha 2.650 | complete
Ep 223 | 드론4 목적지45 | 1000스텝 | 배송 43/45 | 재적재  6 | 중계율 0.31 | alpha 2.626 | step_limit
Ep 224 | 드론5 목적지76 | 1000스텝 | 배송 58/76 | 재적재  9 | 중계율 0.23 | alpha 2.664 | step_limit
Ep 225 | 드론5 목적지70 |  854스텝 | 배송 70/70 | 재적재 12 | 중계율 0.19 | alpha 2.670 | complete
Ep 226 | 드론6 목적지73 |  855스텝 | 배송 73/73 | 재적재 12 | 중계율 0.14 | alpha 2.627 | complete
Ep 227 | 드론6 목적지56 |  717스텝 | 배송 56/56 | 재적재  9 | 중계율 0.17 | alpha 2.627 | complete
Ep 228 | 드론5 목적지24 |  548스텝 | 배송 24/24 | 재적재  3 | 중계율 0.26 | alpha 2.638 | complete
Ep 229 | 드론3 목적지32 | 1000스텝 | 배송 30/32 | 재적재  4 | 중계율 0.33 | alpha 2.660 | step_limit
Ep 230 | 드론3 목적지62 | 1000스텝 | 배송 48/62 | 재적재  9 | 중계율 0.23 | alpha 2.719 | step_limit
Ep 231 | 드론3 목적지27 |  797스텝 | 배송 27/27 | 재적재  5 | 중계율 0.24 | alpha 2.765 | complete
Ep 232 | 드론6 목적지27 |  478스텝 | 배송 27/27 | 재적재  3 | 중계율 0.32 | alpha 2.735 | complete
Ep 233 | 드론5 목적지58 |  759스텝 | 배송 58/58 | 재적재  9 | 중계율 0.24 | alpha 2.765 | complete
Ep 234 | 드론4 목적지56 | 1000스텝 | 배송 55/56 | 재적재  9 | 중계율 0.17 | alpha 2.791 | step_limit
Ep 235 | 드론4 목적지49 |  870스텝 | 배송 49/49 | 재적재  8 | 중계율 0.23 | alpha 2.768 | complete
Ep 236 | 드론6 목적지71 |  663스텝 | 배송 71/71 | 재적재 12 | 중계율 0.18 | alpha 2.797 | complete
Ep 237 | 드론5 목적지77 |  945스텝 | 배송 77/77 | 재적재 14 | 중계율 0.16 | alpha 2.754 | complete
Ep 238 | 드론6 목적지27 |  314스텝 | 배송 27/27 | 재적재  2 | 중계율 0.13 | alpha 2.749 | complete
Ep 239 | 드론5 목적지37 |  843스텝 | 배송 37/37 | 재적재  5 | 중계율 0.24 | alpha 2.769 | complete
Ep 240 | 드론6 목적지70 |  695스텝 | 배송 70/70 | 재적재 11 | 중계율 0.15 | alpha 2.802 | complete
Ep 241 | 드론3 목적지46 | 1000스텝 | 배송 44/46 | 재적재  7 | 중계율 0.20 | alpha 2.778 | step_limit
Ep 242 | 드론6 목적지65 |  656스텝 | 배송 65/65 | 재적재 11 | 중계율 0.10 | alpha 2.758 | complete
Ep 243 | 드론5 목적지39 |  683스텝 | 배송 39/39 | 재적재  6 | 중계율 0.23 | alpha 2.771 | complete
Ep 244 | 드론4 목적지51 | 1000스텝 | 배송 50/51 | 재적재  7 | 중계율 0.21 | alpha 2.776 | step_limit
Ep 245 | 드론3 목적지52 | 1000스텝 | 배송 36/52 | 재적재  5 | 중계율 0.33 | alpha 2.806 | step_limit
Ep 246 | 드론5 목적지54 |  606스텝 | 배송 54/54 | 재적재  9 | 중계율 0.12 | alpha 2.815 | complete
Ep 247 | 드론6 목적지69 |  718스텝 | 배송 69/69 | 재적재 12 | 중계율 0.17 | alpha 2.822 | complete
Ep 248 | 드론3 목적지77 | 1000스텝 | 배송 55/77 | 재적재  9 | 중계율 0.13 | alpha 2.812 | step_limit
Ep 249 | 드론5 목적지70 |  982스텝 | 배송 70/70 | 재적재 12 | 중계율 0.17 | alpha 2.767 | complete
Ep 250 | 드론3 목적지51 | 1000스텝 | 배송 46/51 | 재적재  9 | 중계율 0.30 | alpha 2.744 | step_limit
  [홀드아웃] 배송 49.9±0.8 완주 0.97 스텝 1244 점수 103.4 재적재 8.1 2홉+ 0.60 | 최고 106.0@ep200 정체 1/15
Ep 251 | 드론6 목적지33 |  465스텝 | 배송 33/33 | 재적재  4 | 중계율 0.13 | alpha 2.737 | complete
Ep 252 | 드론3 목적지25 | 1000스텝 | 배송 21/25 | 재적재  2 | 중계율 0.21 | alpha 2.757 | step_limit
Ep 253 | 드론5 목적지49 |  861스텝 | 배송 49/49 | 재적재  7 | 중계율 0.22 | alpha 2.701 | complete
Ep 254 | 드론5 목적지26 |  354스텝 | 배송 26/26 | 재적재  4 | 중계율 0.14 | alpha 2.695 | complete
Ep 255 | 드론4 목적지38 | 1000스텝 | 배송 37/38 | 재적재  6 | 중계율 0.25 | alpha 2.693 | step_limit
Ep 256 | 드론4 목적지27 | 1000스텝 | 배송 26/27 | 재적재  4 | 중계율 0.36 | alpha 2.721 | step_limit
Ep 257 | 드론3 목적지44 | 1000스텝 | 배송 40/44 | 재적재  7 | 중계율 0.26 | alpha 2.710 | step_limit
Ep 258 | 드론5 목적지73 |  919스텝 | 배송 73/73 | 재적재 11 | 중계율 0.18 | alpha 2.755 | complete
Ep 259 | 드론5 목적지65 | 1000스텝 | 배송 64/65 | 재적재 11 | 중계율 0.22 | alpha 2.803 | step_limit
Ep 260 | 드론6 목적지49 |  711스텝 | 배송 49/49 | 재적재  7 | 중계율 0.17 | alpha 2.763 | complete
Ep 261 | 드론6 목적지21 |  354스텝 | 배송 21/21 | 재적재  0 | 중계율 0.29 | alpha 2.765 | complete
Ep 262 | 드론3 목적지69 | 1000스텝 | 배송 59/69 | 재적재 10 | 중계율 0.15 | alpha 2.770 | step_limit
Ep 263 | 드론4 목적지40 | 1000스텝 | 배송 27/40 | 재적재  3 | 중계율 0.26 | alpha 2.779 | step_limit
Ep 264 | 드론5 목적지35 |  512스텝 | 배송 35/35 | 재적재  5 | 중계율 0.16 | alpha 2.812 | complete
Ep 265 | 드론6 목적지52 |  478스텝 | 배송 52/52 | 재적재  8 | 중계율 0.08 | alpha 2.819 | complete
Ep 266 | 드론4 목적지33 |  477스텝 | 배송 33/33 | 재적재  5 | 중계율 0.08 | alpha 2.766 | complete
Ep 267 | 드론6 목적지32 |  399스텝 | 배송 32/32 | 재적재  3 | 중계율 0.18 | alpha 2.752 | complete
Ep 268 | 드론4 목적지39 | 1000스텝 | 배송 37/39 | 재적재  6 | 중계율 0.25 | alpha 2.786 | step_limit
Ep 269 | 드론5 목적지71 |  794스텝 | 배송 71/71 | 재적재 12 | 중계율 0.15 | alpha 2.827 | complete
Ep 270 | 드론3 목적지56 | 1000스텝 | 배송 39/56 | 재적재  6 | 중계율 0.25 | alpha 2.837 | step_limit
Ep 271 | 드론5 목적지66 | 1000스텝 | 배송 63/66 | 재적재 10 | 중계율 0.17 | alpha 2.843 | step_limit
Ep 272 | 드론4 목적지33 |  471스텝 | 배송 33/33 | 재적재  5 | 중계율 0.13 | alpha 2.860 | complete
Ep 273 | 드론5 목적지75 | 1000스텝 | 배송 71/75 | 재적재 11 | 중계율 0.24 | alpha 2.864 | step_limit
Ep 274 | 드론4 목적지63 |  849스텝 | 배송 63/63 | 재적재 11 | 중계율 0.18 | alpha 2.842 | complete
Ep 275 | 드론3 목적지46 | 1000스텝 | 배송 43/46 | 재적재  6 | 중계율 0.26 | alpha 2.892 | step_limit
Ep 276 | 드론5 목적지62 | 1000스텝 | 배송 57/62 | 재적재  8 | 중계율 0.23 | alpha 2.879 | step_limit
Ep 277 | 드론6 목적지35 |  415스텝 | 배송 35/35 | 재적재  4 | 중계율 0.18 | alpha 2.882 | complete
Ep 278 | 드론4 목적지79 | 1000스텝 | 배송 73/79 | 재적재 13 | 중계율 0.16 | alpha 2.960 | step_limit
Ep 279 | 드론3 목적지50 | 1000스텝 | 배송 42/50 | 재적재  6 | 중계율 0.16 | alpha 2.928 | step_limit
Ep 280 | 드론3 목적지71 | 1000스텝 | 배송 53/71 | 재적재  8 | 중계율 0.20 | alpha 2.976 | step_limit
Ep 281 | 드론5 목적지52 | 1000스텝 | 배송 50/52 | 재적재  8 | 중계율 0.24 | alpha 2.984 | step_limit
Ep 282 | 드론4 목적지55 |  707스텝 | 배송 55/55 | 재적재 10 | 중계율 0.14 | alpha 2.947 | complete
Ep 283 | 드론4 목적지44 |  592스텝 | 배송 44/44 | 재적재  7 | 중계율 0.13 | alpha 2.963 | complete
Ep 284 | 드론6 목적지61 |  717스텝 | 배송 61/61 | 재적재 10 | 중계율 0.14 | alpha 2.964 | complete
Ep 285 | 드론6 목적지61 |  636스텝 | 배송 61/61 | 재적재 10 | 중계율 0.13 | alpha 2.898 | complete
Ep 286 | 드론6 목적지35 |  595스텝 | 배송 35/35 | 재적재  5 | 중계율 0.14 | alpha 2.862 | complete
Ep 287 | 드론5 목적지42 |  543스텝 | 배송 42/42 | 재적재  6 | 중계율 0.15 | alpha 2.827 | complete
Ep 288 | 드론4 목적지26 | 1000스텝 | 배송 24/26 | 재적재  2 | 중계율 0.32 | alpha 2.849 | step_limit
Ep 289 | 드론5 목적지71 | 1000스텝 | 배송 65/71 | 재적재 11 | 중계율 0.16 | alpha 2.884 | step_limit
Ep 290 | 드론3 목적지34 | 1000스텝 | 배송 32/34 | 재적재  5 | 중계율 0.19 | alpha 2.894 | step_limit
Ep 291 | 드론6 목적지70 |  645스텝 | 배송 70/70 | 재적재 11 | 중계율 0.13 | alpha 2.935 | complete
Ep 292 | 드론6 목적지25 |  224스텝 | 배송 25/25 | 재적재  2 | 중계율 0.15 | alpha 2.925 | complete
Ep 293 | 드론5 목적지78 | 1000스텝 | 배송 70/78 | 재적재 12 | 중계율 0.20 | alpha 2.960 | step_limit
Ep 294 | 드론4 목적지63 | 1000스텝 | 배송 49/63 | 재적재  8 | 중계율 0.16 | alpha 2.951 | step_limit
Ep 295 | 드론3 목적지40 | 1000스텝 | 배송 37/40 | 재적재  6 | 중계율 0.27 | alpha 2.922 | step_limit
Ep 296 | 드론3 목적지78 | 1000스텝 | 배송 52/78 | 재적재  9 | 중계율 0.20 | alpha 2.902 | step_limit
Ep 297 | 드론3 목적지76 | 1000스텝 | 배송 74/76 | 재적재 14 | 중계율 0.14 | alpha 2.896 | step_limit
Ep 298 | 드론5 목적지42 |  660스텝 | 배송 42/42 | 재적재  6 | 중계율 0.15 | alpha 2.836 | complete
Ep 299 | 드론5 목적지34 | 1000스텝 | 배송 28/34 | 재적재  2 | 중계율 0.30 | alpha 2.879 | step_limit
Ep 300 | 드론6 목적지73 |  934스텝 | 배송 73/73 | 재적재 12 | 중계율 0.17 | alpha 2.956 | complete
  [홀드아웃] 배송 49.8±1.6 완주 0.97 스텝 1257 점수 103.3 재적재 8.1 2홉+ 0.62 | 최고 106.0@ep200 정체 2/15
Ep 301 | 드론5 목적지74 |  667스텝 | 배송 74/74 | 재적재 12 | 중계율 0.11 | alpha 2.926 | complete
Ep 302 | 드론3 목적지56 | 1000스텝 | 배송 53/56 | 재적재  8 | 중계율 0.20 | alpha 2.874 | step_limit
Ep 303 | 드론6 목적지24 |  376스텝 | 배송 24/24 | 재적재  1 | 중계율 0.18 | alpha 2.865 | complete
Ep 304 | 드론5 목적지67 | 1000스텝 | 배송 56/67 | 재적재  9 | 중계율 0.18 | alpha 2.892 | step_limit
Ep 305 | 드론4 목적지69 | 1000스텝 | 배송 66/69 | 재적재 12 | 중계율 0.24 | alpha 2.817 | step_limit
Ep 306 | 드론4 목적지30 |  776스텝 | 배송 30/30 | 재적재  4 | 중계율 0.20 | alpha 2.841 | complete
Ep 307 | 드론6 목적지46 |  465스텝 | 배송 46/46 | 재적재  6 | 중계율 0.09 | alpha 2.842 | complete
Ep 308 | 드론3 목적지45 | 1000스텝 | 배송 38/45 | 재적재  7 | 중계율 0.21 | alpha 2.852 | step_limit
Ep 309 | 드론6 목적지80 |  958스텝 | 배송 80/80 | 재적재 13 | 중계율 0.21 | alpha 2.794 | complete
Ep 310 | 드론4 목적지26 |  442스텝 | 배송 26/26 | 재적재  4 | 중계율 0.18 | alpha 2.805 | complete
Ep 311 | 드론3 목적지52 | 1000스텝 | 배송 51/52 | 재적재  9 | 중계율 0.14 | alpha 2.788 | step_limit
Ep 312 | 드론3 목적지42 | 1000스텝 | 배송 34/42 | 재적재  5 | 중계율 0.23 | alpha 2.731 | step_limit
Ep 313 | 드론3 목적지60 | 1000스텝 | 배송 53/60 | 재적재  9 | 중계율 0.22 | alpha 2.727 | step_limit
Ep 314 | 드론3 목적지78 | 1000스텝 | 배송 60/78 | 재적재 10 | 중계율 0.26 | alpha 2.765 | step_limit
Ep 315 | 드론5 목적지51 | 1000스텝 | 배송 46/51 | 재적재  7 | 중계율 0.27 | alpha 2.828 | step_limit
Ep 316 | 드론5 목적지58 |  691스텝 | 배송 58/58 | 재적재  9 | 중계율 0.16 | alpha 2.781 | complete
Ep 317 | 드론5 목적지75 | 1000스텝 | 배송 58/75 | 재적재  8 | 중계율 0.18 | alpha 2.761 | step_limit
Ep 318 | 드론6 목적지56 | 1000스텝 | 배송 54/56 | 재적재  8 | 중계율 0.23 | alpha 2.732 | step_limit
Ep 319 | 드론4 목적지69 | 1000스텝 | 배송 56/69 | 재적재 10 | 중계율 0.19 | alpha 2.767 | step_limit
Ep 320 | 드론5 목적지45 |  712스텝 | 배송 45/45 | 재적재  7 | 중계율 0.26 | alpha 2.792 | complete
Ep 321 | 드론5 목적지28 |  491스텝 | 배송 28/28 | 재적재  2 | 중계율 0.23 | alpha 2.767 | complete
Ep 322 | 드론5 목적지59 |  589스텝 | 배송 59/59 | 재적재  9 | 중계율 0.10 | alpha 2.757 | complete
Ep 323 | 드론3 목적지44 | 1000스텝 | 배송 36/44 | 재적재  7 | 중계율 0.21 | alpha 2.812 | step_limit
Ep 324 | 드론3 목적지25 |  567스텝 | 배송 25/25 | 재적재  4 | 중계율 0.13 | alpha 2.797 | complete
Ep 325 | 드론6 목적지65 |  655스텝 | 배송 65/65 | 재적재 10 | 중계율 0.12 | alpha 2.802 | complete
Ep 326 | 드론4 목적지31 |  839스텝 | 배송 31/31 | 재적재  4 | 중계율 0.25 | alpha 2.776 | complete
Ep 327 | 드론6 목적지67 |  788스텝 | 배송 67/67 | 재적재 11 | 중계율 0.16 | alpha 2.837 | complete
Ep 328 | 드론4 목적지65 | 1000스텝 | 배송 55/65 | 재적재 10 | 중계율 0.13 | alpha 2.805 | step_limit
Ep 329 | 드론6 목적지33 |  592스텝 | 배송 33/33 | 재적재  4 | 중계율 0.19 | alpha 2.791 | complete
Ep 330 | 드론5 목적지76 | 1000스텝 | 배송 59/76 | 재적재  9 | 중계율 0.14 | alpha 2.782 | step_limit
Ep 331 | 드론4 목적지76 | 1000스텝 | 배송 71/76 | 재적재 11 | 중계율 0.19 | alpha 2.764 | step_limit
Ep 332 | 드론6 목적지75 |  707스텝 | 배송 75/75 | 재적재 13 | 중계율 0.14 | alpha 2.747 | complete
Ep 333 | 드론4 목적지26 |  445스텝 | 배송 26/26 | 재적재  4 | 중계율 0.17 | alpha 2.747 | complete
Ep 334 | 드론3 목적지63 | 1000스텝 | 배송 56/63 | 재적재 10 | 중계율 0.16 | alpha 2.734 | step_limit
Ep 335 | 드론5 목적지28 |  466스텝 | 배송 28/28 | 재적재  3 | 중계율 0.19 | alpha 2.704 | complete
Ep 336 | 드론3 목적지54 | 1000스텝 | 배송 46/54 | 재적재  9 | 중계율 0.23 | alpha 2.705 | step_limit
Ep 337 | 드론4 목적지65 | 1000스텝 | 배송 51/65 | 재적재  8 | 중계율 0.25 | alpha 2.798 | step_limit
Ep 338 | 드론4 목적지68 | 1000스텝 | 배송 50/68 | 재적재  8 | 중계율 0.20 | alpha 2.859 | step_limit
Ep 339 | 드론5 목적지47 |  546스텝 | 배송 47/47 | 재적재  8 | 중계율 0.10 | alpha 2.829 | complete
Ep 340 | 드론4 목적지73 | 1000스텝 | 배송 59/73 | 재적재 11 | 중계율 0.21 | alpha 2.840 | step_limit
Ep 341 | 드론4 목적지64 | 1000스텝 | 배송 45/64 | 재적재  8 | 중계율 0.27 | alpha 2.822 | step_limit
Ep 342 | 드론4 목적지26 |  393스텝 | 배송 26/26 | 재적재  4 | 중계율 0.09 | alpha 2.787 | complete
Ep 343 | 드론6 목적지58 |  637스텝 | 배송 58/58 | 재적재 10 | 중계율 0.16 | alpha 2.770 | complete
Ep 344 | 드론5 목적지23 |  278스텝 | 배송 23/23 | 재적재  2 | 중계율 0.09 | alpha 2.810 | complete
Ep 345 | 드론5 목적지53 | 1000스텝 | 배송 51/53 | 재적재  8 | 중계율 0.24 | alpha 2.820 | step_limit
Ep 346 | 드론4 목적지21 |  555스텝 | 배송 21/21 | 재적재  2 | 중계율 0.22 | alpha 2.822 | complete
Ep 347 | 드론6 목적지39 |  617스텝 | 배송 39/39 | 재적재  6 | 중계율 0.17 | alpha 2.824 | complete
Ep 348 | 드론6 목적지46 |  366스텝 | 배송 46/46 | 재적재  5 | 중계율 0.12 | alpha 2.845 | complete
Ep 349 | 드론5 목적지37 |  408스텝 | 배송 37/37 | 재적재  6 | 중계율 0.14 | alpha 2.847 | complete
Ep 350 | 드론3 목적지42 | 1000스텝 | 배송 37/42 | 재적재  5 | 중계율 0.22 | alpha 2.838 | step_limit
  [홀드아웃] 배송 50.0±0.0 완주 1.00 스텝 1242 점수 105.9 재적재 7.9 2홉+ 0.61 | 최고 106.0@ep200 정체 3/15
Ep 351 | 드론6 목적지54 |  814스텝 | 배송 54/54 | 재적재  7 | 중계율 0.13 | alpha 2.917 | complete
Ep 352 | 드론5 목적지69 | 1000스텝 | 배송 62/69 | 재적재 11 | 중계율 0.19 | alpha 2.876 | step_limit
Ep 353 | 드론3 목적지44 |  926스텝 | 배송 44/44 | 재적재  8 | 중계율 0.16 | alpha 2.820 | complete
Ep 354 | 드론4 목적지49 |  837스텝 | 배송 49/49 | 재적재  8 | 중계율 0.17 | alpha 2.817 | complete
Ep 355 | 드론3 목적지28 |  687스텝 | 배송 28/28 | 재적재  5 | 중계율 0.20 | alpha 2.778 | complete
Ep 356 | 드론3 목적지79 | 1000스텝 | 배송 69/79 | 재적재 12 | 중계율 0.16 | alpha 2.878 | step_limit
Ep 357 | 드론5 목적지71 |  665스텝 | 배송 71/71 | 재적재 12 | 중계율 0.07 | alpha 2.881 | complete
Ep 358 | 드론3 목적지30 | 1000스텝 | 배송 25/30 | 재적재  4 | 중계율 0.28 | alpha 2.927 | step_limit
Ep 359 | 드론4 목적지74 | 1000스텝 | 배송 72/74 | 재적재 13 | 중계율 0.14 | alpha 2.933 | step_limit
Ep 360 | 드론5 목적지47 |  977스텝 | 배송 47/47 | 재적재  7 | 중계율 0.19 | alpha 2.953 | complete
Ep 361 | 드론4 목적지43 |  650스텝 | 배송 43/43 | 재적재  8 | 중계율 0.19 | alpha 2.964 | complete
Ep 362 | 드론6 목적지78 |  908스텝 | 배송 78/78 | 재적재 13 | 중계율 0.13 | alpha 2.958 | complete
Ep 363 | 드론5 목적지70 | 1000스텝 | 배송 66/70 | 재적재 11 | 중계율 0.11 | alpha 2.962 | step_limit
Ep 364 | 드론3 목적지64 | 1000스텝 | 배송 46/64 | 재적재  8 | 중계율 0.19 | alpha 3.092 | step_limit
Ep 365 | 드론3 목적지63 | 1000스텝 | 배송 46/63 | 재적재  7 | 중계율 0.25 | alpha 3.019 | step_limit
Ep 366 | 드론4 목적지44 | 1000스텝 | 배송 36/44 | 재적재  4 | 중계율 0.24 | alpha 3.051 | step_limit
Ep 367 | 드론5 목적지38 |  582스텝 | 배송 38/38 | 재적재  6 | 중계율 0.23 | alpha 3.156 | complete
Ep 368 | 드론3 목적지37 | 1000스텝 | 배송 28/37 | 재적재  4 | 중계율 0.10 | alpha 3.081 | step_limit
Ep 369 | 드론3 목적지42 | 1000스텝 | 배송 40/42 | 재적재  6 | 중계율 0.20 | alpha 3.124 | step_limit
Ep 370 | 드론4 목적지70 | 1000스텝 | 배송 52/70 | 재적재  8 | 중계율 0.17 | alpha 3.125 | step_limit
Ep 371 | 드론4 목적지40 |  856스텝 | 배송 40/40 | 재적재  6 | 중계율 0.22 | alpha 3.191 | complete
Ep 372 | 드론5 목적지29 |  390스텝 | 배송 29/29 | 재적재  4 | 중계율 0.10 | alpha 3.194 | complete
Ep 373 | 드론3 목적지79 | 1000스텝 | 배송 60/79 | 재적재  9 | 중계율 0.15 | alpha 3.207 | step_limit
Ep 374 | 드론4 목적지40 | 1000스텝 | 배송 31/40 | 재적재  4 | 중계율 0.21 | alpha 3.184 | step_limit
Ep 375 | 드론3 목적지28 |  699스텝 | 배송 28/28 | 재적재  4 | 중계율 0.20 | alpha 3.134 | complete
Ep 376 | 드론4 목적지40 | 1000스텝 | 배송 34/40 | 재적재  5 | 중계율 0.28 | alpha 3.144 | step_limit
Ep 377 | 드론3 목적지72 | 1000스텝 | 배송 43/72 | 재적재  8 | 중계율 0.22 | alpha 3.202 | step_limit
Ep 378 | 드론6 목적지61 |  544스텝 | 배송 61/61 | 재적재  8 | 중계율 0.10 | alpha 3.149 | complete
Ep 379 | 드론5 목적지68 | 1000스텝 | 배송 58/68 | 재적재 10 | 중계율 0.18 | alpha 3.089 | step_limit
Ep 380 | 드론3 목적지24 |  971스텝 | 배송 24/24 | 재적재  3 | 중계율 0.26 | alpha 3.161 | complete
Ep 381 | 드론4 목적지52 | 1000스텝 | 배송 49/52 | 재적재  9 | 중계율 0.29 | alpha 3.148 | step_limit
Ep 382 | 드론5 목적지35 |  542스텝 | 배송 35/35 | 재적재  5 | 중계율 0.17 | alpha 3.133 | complete
Ep 383 | 드론3 목적지47 | 1000스텝 | 배송 40/47 | 재적재  7 | 중계율 0.24 | alpha 3.090 | step_limit
Ep 384 | 드론4 목적지28 |  384스텝 | 배송 28/28 | 재적재  4 | 중계율 0.14 | alpha 3.092 | complete
Ep 385 | 드론5 목적지70 | 1000스텝 | 배송 69/70 | 재적재 12 | 중계율 0.20 | alpha 3.121 | step_limit
Ep 386 | 드론5 목적지71 |  786스텝 | 배송 71/71 | 재적재 12 | 중계율 0.12 | alpha 3.224 | complete
Ep 387 | 드론4 목적지49 |  632스텝 | 배송 49/49 | 재적재  8 | 중계율 0.10 | alpha 3.214 | complete
Ep 388 | 드론4 목적지21 |  942스텝 | 배송 21/21 | 재적재  4 | 중계율 0.32 | alpha 3.146 | complete
Ep 389 | 드론5 목적지60 |  736스텝 | 배송 60/60 | 재적재 11 | 중계율 0.09 | alpha 3.193 | complete
Ep 390 | 드론5 목적지30 |  451스텝 | 배송 30/30 | 재적재  4 | 중계율 0.18 | alpha 3.197 | complete
Ep 391 | 드론3 목적지51 |  857스텝 | 배송 51/51 | 재적재  9 | 중계율 0.12 | alpha 3.223 | complete
Ep 392 | 드론4 목적지39 |  908스텝 | 배송 39/39 | 재적재  5 | 중계율 0.27 | alpha 3.159 | complete
Ep 393 | 드론6 목적지73 |  587스텝 | 배송 73/73 | 재적재 11 | 중계율 0.08 | alpha 3.147 | complete
Ep 394 | 드론3 목적지32 | 1000스텝 | 배송 30/32 | 재적재  5 | 중계율 0.30 | alpha 3.160 | step_limit
Ep 395 | 드론6 목적지70 |  569스텝 | 배송 70/70 | 재적재 12 | 중계율 0.10 | alpha 3.193 | complete
Ep 396 | 드론6 목적지28 |  322스텝 | 배송 28/28 | 재적재  4 | 중계율 0.11 | alpha 3.155 | complete
Ep 397 | 드론3 목적지39 | 1000스텝 | 배송 36/39 | 재적재  5 | 중계율 0.24 | alpha 3.143 | step_limit
Ep 398 | 드론4 목적지40 |  762스텝 | 배송 40/40 | 재적재  6 | 중계율 0.25 | alpha 3.190 | complete
Ep 399 | 드론3 목적지51 | 1000스텝 | 배송 45/51 | 재적재  8 | 중계율 0.22 | alpha 3.149 | step_limit
Ep 400 | 드론3 목적지79 | 1000스텝 | 배송 50/79 | 재적재  8 | 중계율 0.23 | alpha 3.064 | step_limit
  [홀드아웃] 배송 50.0±0.0 완주 1.00 스텝 1338 점수 105.5 재적재 8.1 2홉+ 0.60 | 최고 106.0@ep200 정체 4/15
Ep 401 | 드론3 목적지63 | 1000스텝 | 배송 56/63 | 재적재 10 | 중계율 0.18 | alpha 3.003 | step_limit
Ep 402 | 드론3 목적지32 |  762스텝 | 배송 32/32 | 재적재  5 | 중계율 0.21 | alpha 3.057 | complete
Ep 403 | 드론4 목적지76 | 1000스텝 | 배송 66/76 | 재적재 12 | 중계율 0.14 | alpha 3.138 | step_limit
Ep 404 | 드론5 목적지23 |  310스텝 | 배송 23/23 | 재적재  3 | 중계율 0.08 | alpha 3.151 | complete
Ep 405 | 드론4 목적지67 | 1000스텝 | 배송 39/67 | 재적재  5 | 중계율 0.18 | alpha 3.084 | step_limit
Ep 406 | 드론4 목적지48 |  755스텝 | 배송 48/48 | 재적재  8 | 중계율 0.14 | alpha 3.078 | complete
Ep 407 | 드론3 목적지72 | 1000스텝 | 배송 54/72 | 재적재 10 | 중계율 0.16 | alpha 3.131 | step_limit
Ep 408 | 드론6 목적지79 | 1000스텝 | 배송 65/79 | 재적재 11 | 중계율 0.15 | alpha 3.200 | step_limit
Ep 409 | 드론6 목적지28 |  323스텝 | 배송 28/28 | 재적재  3 | 중계율 0.03 | alpha 3.162 | complete
Ep 410 | 드론6 목적지46 |  516스텝 | 배송 46/46 | 재적재  6 | 중계율 0.14 | alpha 3.116 | complete
Ep 411 | 드론6 목적지69 | 1000스텝 | 배송 61/69 | 재적재  8 | 중계율 0.19 | alpha 3.176 | step_limit
Ep 412 | 드론3 목적지47 | 1000스텝 | 배송 45/47 | 재적재  8 | 중계율 0.23 | alpha 3.172 | step_limit
Ep 413 | 드론5 목적지45 |  503스텝 | 배송 45/45 | 재적재  8 | 중계율 0.12 | alpha 3.183 | complete
Ep 414 | 드론3 목적지76 | 1000스텝 | 배송 58/76 | 재적재  9 | 중계율 0.19 | alpha 3.163 | step_limit
Ep 415 | 드론4 목적지79 | 1000스텝 | 배송 66/79 | 재적재 11 | 중계율 0.16 | alpha 3.158 | step_limit
Ep 416 | 드론3 목적지20 |  773스텝 | 배송 20/20 | 재적재  3 | 중계율 0.16 | alpha 3.182 | complete
Ep 417 | 드론3 목적지45 | 1000스텝 | 배송 42/45 | 재적재  7 | 중계율 0.20 | alpha 3.157 | step_limit
Ep 418 | 드론4 목적지75 | 1000스텝 | 배송 60/75 | 재적재 10 | 중계율 0.18 | alpha 3.174 | step_limit
Ep 419 | 드론6 목적지78 | 1000스텝 | 배송 77/78 | 재적재 13 | 중계율 0.21 | alpha 3.205 | step_limit
Ep 420 | 드론6 목적지33 |  541스텝 | 배송 33/33 | 재적재  5 | 중계율 0.11 | alpha 3.141 | complete
Ep 421 | 드론4 목적지62 | 1000스텝 | 배송 51/62 | 재적재  8 | 중계율 0.21 | alpha 3.173 | step_limit
Ep 422 | 드론6 목적지51 |  857스텝 | 배송 51/51 | 재적재  7 | 중계율 0.25 | alpha 3.153 | complete
Ep 423 | 드론4 목적지44 |  797스텝 | 배송 44/44 | 재적재  8 | 중계율 0.24 | alpha 3.162 | complete
Ep 424 | 드론4 목적지33 | 1000스텝 | 배송 30/33 | 재적재  4 | 중계율 0.28 | alpha 3.168 | step_limit
Ep 425 | 드론3 목적지33 |  506스텝 | 배송 33/33 | 재적재  6 | 중계율 0.07 | alpha 3.144 | complete
Ep 426 | 드론5 목적지24 |  364스텝 | 배송 24/24 | 재적재  3 | 중계율 0.10 | alpha 3.114 | complete
Ep 427 | 드론4 목적지64 | 1000스텝 | 배송 53/64 | 재적재  9 | 중계율 0.25 | alpha 3.087 | step_limit
Ep 428 | 드론6 목적지53 | 1000스텝 | 배송 50/53 | 재적재  8 | 중계율 0.24 | alpha 3.071 | step_limit
Ep 429 | 드론4 목적지36 |  504스텝 | 배송 36/36 | 재적재  6 | 중계율 0.16 | alpha 3.080 | complete
Ep 430 | 드론6 목적지48 |  697스텝 | 배송 48/48 | 재적재  8 | 중계율 0.13 | alpha 3.103 | complete
Ep 431 | 드론3 목적지56 | 1000스텝 | 배송 37/56 | 재적재  7 | 중계율 0.22 | alpha 3.058 | step_limit
Ep 432 | 드론4 목적지45 |  758스텝 | 배송 45/45 | 재적재  7 | 중계율 0.13 | alpha 3.004 | complete
Ep 433 | 드론5 목적지25 |  610스텝 | 배송 25/25 | 재적재  3 | 중계율 0.24 | alpha 2.963 | complete
Ep 434 | 드론4 목적지58 | 1000스텝 | 배송 47/58 | 재적재  8 | 중계율 0.20 | alpha 2.915 | step_limit
Ep 435 | 드론4 목적지72 | 1000스텝 | 배송 27/72 | 재적재  4 | 중계율 0.23 | alpha 2.995 | step_limit
Ep 436 | 드론3 목적지71 | 1000스텝 | 배송 58/71 | 재적재 11 | 중계율 0.16 | alpha 3.034 | step_limit
Ep 437 | 드론3 목적지53 | 1000스텝 | 배송 35/53 | 재적재  5 | 중계율 0.20 | alpha 3.054 | step_limit
Ep 438 | 드론6 목적지31 |  496스텝 | 배송 31/31 | 재적재  4 | 중계율 0.18 | alpha 3.038 | complete
Ep 439 | 드론6 목적지77 |  703스텝 | 배송 77/77 | 재적재 13 | 중계율 0.14 | alpha 3.000 | complete
Ep 440 | 드론4 목적지73 | 1000스텝 | 배송 56/73 | 재적재  9 | 중계율 0.19 | alpha 2.988 | step_limit
Ep 441 | 드론5 목적지27 |  279스텝 | 배송 27/27 | 재적재  3 | 중계율 0.08 | alpha 3.021 | complete
Ep 442 | 드론4 목적지20 |  637스텝 | 배송 20/20 | 재적재  2 | 중계율 0.22 | alpha 2.991 | complete
Ep 443 | 드론5 목적지73 |  897스텝 | 배송 73/73 | 재적재 13 | 중계율 0.10 | alpha 2.998 | complete
Ep 444 | 드론3 목적지56 | 1000스텝 | 배송 53/56 | 재적재  9 | 중계율 0.12 | alpha 3.035 | step_limit
Ep 445 | 드론5 목적지20 |  339스텝 | 배송 20/20 | 재적재  1 | 중계율 0.19 | alpha 3.036 | complete
Ep 446 | 드론3 목적지26 |  765스텝 | 배송 26/26 | 재적재  3 | 중계율 0.18 | alpha 3.038 | complete
Ep 447 | 드론4 목적지41 |  818스텝 | 배송 41/41 | 재적재  6 | 중계율 0.08 | alpha 3.001 | complete
Ep 448 | 드론6 목적지73 |  831스텝 | 배송 73/73 | 재적재 11 | 중계율 0.12 | alpha 3.041 | complete
Ep 449 | 드론4 목적지56 | 1000스텝 | 배송 52/56 | 재적재  8 | 중계율 0.12 | alpha 3.038 | step_limit
Ep 450 | 드론4 목적지35 |  812스텝 | 배송 35/35 | 재적재  5 | 중계율 0.24 | alpha 3.026 | complete
  [홀드아웃] 배송 50.0±0.0 완주 1.00 스텝 1497 점수 105.0 재적재 7.7 2홉+ 0.58 | 최고 106.0@ep200 정체 5/15
Ep 451 | 드론5 목적지77 |  896스텝 | 배송 77/77 | 재적재 13 | 중계율 0.07 | alpha 2.964 | complete
Ep 452 | 드론3 목적지22 |  709스텝 | 배송 22/22 | 재적재  3 | 중계율 0.20 | alpha 2.945 | complete
Ep 453 | 드론6 목적지47 |  375스텝 | 배송 47/47 | 재적재  7 | 중계율 0.08 | alpha 2.980 | complete
Ep 454 | 드론5 목적지72 | 1000스텝 | 배송 58/72 | 재적재 10 | 중계율 0.14 | alpha 2.993 | step_limit
Ep 455 | 드론6 목적지63 | 1000스텝 | 배송 60/63 | 재적재 10 | 중계율 0.14 | alpha 2.984 | step_limit
Ep 456 | 드론4 목적지73 | 1000스텝 | 배송 61/73 | 재적재 10 | 중계율 0.13 | alpha 2.969 | step_limit
Ep 457 | 드론5 목적지36 |  710스텝 | 배송 36/36 | 재적재  6 | 중계율 0.22 | alpha 2.958 | complete
Ep 458 | 드론5 목적지78 |  841스텝 | 배송 78/78 | 재적재 13 | 중계율 0.12 | alpha 2.996 | complete
Ep 459 | 드론5 목적지45 |  883스텝 | 배송 45/45 | 재적재  7 | 중계율 0.24 | alpha 2.922 | complete
Ep 460 | 드론4 목적지70 | 1000스텝 | 배송 48/70 | 재적재  7 | 중계율 0.21 | alpha 2.971 | step_limit
Ep 461 | 드론3 목적지39 |  997스텝 | 배송 39/39 | 재적재  7 | 중계율 0.22 | alpha 2.984 | complete
Ep 462 | 드론5 목적지62 | 1000스텝 | 배송 53/62 | 재적재  8 | 중계율 0.15 | alpha 3.036 | step_limit
Ep 463 | 드론4 목적지67 | 1000스텝 | 배송 58/67 | 재적재 10 | 중계율 0.23 | alpha 3.119 | step_limit
Ep 464 | 드론4 목적지33 |  646스텝 | 배송 33/33 | 재적재  5 | 중계율 0.10 | alpha 3.101 | complete
Ep 465 | 드론5 목적지80 | 1000스텝 | 배송 49/80 | 재적재  8 | 중계율 0.16 | alpha 3.120 | step_limit
Ep 466 | 드론6 목적지42 |  463스텝 | 배송 42/42 | 재적재  6 | 중계율 0.10 | alpha 3.138 | complete
Ep 467 | 드론4 목적지63 | 1000스텝 | 배송 56/63 | 재적재  9 | 중계율 0.12 | alpha 3.111 | step_limit
Ep 468 | 드론3 목적지78 | 1000스텝 | 배송 49/78 | 재적재  9 | 중계율 0.15 | alpha 3.026 | step_limit
Ep 469 | 드론5 목적지48 |  856스텝 | 배송 48/48 | 재적재  7 | 중계율 0.10 | alpha 3.013 | complete
Ep 470 | 드론5 목적지70 | 1000스텝 | 배송 65/70 | 재적재 11 | 중계율 0.18 | alpha 3.057 | step_limit
Ep 471 | 드론4 목적지24 |  382스텝 | 배송 24/24 | 재적재  3 | 중계율 0.10 | alpha 3.026 | complete
Ep 472 | 드론6 목적지62 |  769스텝 | 배송 62/62 | 재적재  9 | 중계율 0.09 | alpha 3.005 | complete
Ep 473 | 드론4 목적지30 | 1000스텝 | 배송 25/30 | 재적재  4 | 중계율 0.23 | alpha 2.962 | step_limit
Ep 474 | 드론4 목적지37 |  772스텝 | 배송 37/37 | 재적재  6 | 중계율 0.12 | alpha 2.980 | complete
Ep 475 | 드론3 목적지71 | 1000스텝 | 배송 46/71 | 재적재  8 | 중계율 0.14 | alpha 2.988 | step_limit
Ep 476 | 드론3 목적지29 |  836스텝 | 배송 29/29 | 재적재  5 | 중계율 0.14 | alpha 2.951 | complete
Ep 477 | 드론4 목적지36 |  711스텝 | 배송 36/36 | 재적재  5 | 중계율 0.22 | alpha 2.898 | complete
Ep 478 | 드론3 목적지52 | 1000스텝 | 배송 51/52 | 재적재  8 | 중계율 0.16 | alpha 2.893 | step_limit
Ep 479 | 드론5 목적지75 | 1000스텝 | 배송 60/75 | 재적재 10 | 중계율 0.19 | alpha 2.997 | step_limit
Ep 480 | 드론6 목적지64 |  586스텝 | 배송 64/64 | 재적재  8 | 중계율 0.12 | alpha 2.999 | complete
Ep 481 | 드론4 목적지70 | 1000스텝 | 배송 56/70 | 재적재 10 | 중계율 0.17 | alpha 3.008 | step_limit
Ep 482 | 드론6 목적지39 |  435스텝 | 배송 39/39 | 재적재  5 | 중계율 0.09 | alpha 2.981 | complete
Ep 483 | 드론5 목적지51 |  829스텝 | 배송 51/51 | 재적재  7 | 중계율 0.19 | alpha 2.984 | complete
Ep 484 | 드론5 목적지43 |  981스텝 | 배송 43/43 | 재적재  7 | 중계율 0.21 | alpha 2.951 | complete
Ep 485 | 드론4 목적지36 |  829스텝 | 배송 36/36 | 재적재  5 | 중계율 0.17 | alpha 3.026 | complete
Ep 486 | 드론4 목적지53 | 1000스텝 | 배송 50/53 | 재적재  8 | 중계율 0.16 | alpha 2.992 | step_limit
Ep 487 | 드론6 목적지34 |  598스텝 | 배송 34/34 | 재적재  4 | 중계율 0.13 | alpha 3.012 | complete
Ep 488 | 드론3 목적지73 | 1000스텝 | 배송 57/73 | 재적재 10 | 중계율 0.17 | alpha 3.039 | step_limit
Ep 489 | 드론5 목적지52 |  581스텝 | 배송 52/52 | 재적재  7 | 중계율 0.10 | alpha 3.066 | complete
Ep 490 | 드론6 목적지40 |  509스텝 | 배송 40/40 | 재적재  5 | 중계율 0.12 | alpha 3.043 | complete
Ep 491 | 드론3 목적지47 | 1000스텝 | 배송 43/47 | 재적재  8 | 중계율 0.12 | alpha 3.037 | step_limit
Ep 492 | 드론3 목적지71 | 1000스텝 | 배송 51/71 | 재적재  9 | 중계율 0.18 | alpha 3.090 | step_limit
Ep 493 | 드론4 목적지46 |  870스텝 | 배송 46/46 | 재적재  7 | 중계율 0.17 | alpha 3.043 | complete
Ep 494 | 드론3 목적지47 | 1000스텝 | 배송 36/47 | 재적재  6 | 중계율 0.20 | alpha 3.021 | step_limit
Ep 495 | 드론4 목적지45 |  867스텝 | 배송 45/45 | 재적재  7 | 중계율 0.20 | alpha 2.994 | complete
Ep 496 | 드론5 목적지65 |  876스텝 | 배송 65/65 | 재적재 10 | 중계율 0.10 | alpha 3.014 | complete
Ep 497 | 드론3 목적지35 |  626스텝 | 배송 35/35 | 재적재  5 | 중계율 0.15 | alpha 3.034 | complete
Ep 498 | 드론5 목적지39 | 1000스텝 | 배송 32/39 | 재적재  4 | 중계율 0.19 | alpha 3.078 | step_limit
Ep 499 | 드론5 목적지28 |  460스텝 | 배송 28/28 | 재적재  3 | 중계율 0.18 | alpha 3.048 | complete
Ep 500 | 드론4 목적지49 | 1000스텝 | 배송 35/49 | 재적재  5 | 중계율 0.17 | alpha 2.903 | step_limit
  [홀드아웃] 배송 50.0±0.0 완주 1.00 스텝 1541 점수 104.9 재적재 7.9 2홉+ 0.57 | 최고 106.0@ep200 정체 6/15
Ep 501 | 드론5 목적지26 | 1000스텝 | 배송 24/26 | 재적재  2 | 중계율 0.20 | alpha 2.937 | step_limit
Ep 502 | 드론6 목적지69 |  959스텝 | 배송 69/69 | 재적재 11 | 중계율 0.11 | alpha 2.958 | complete
Ep 503 | 드론6 목적지44 |  461스텝 | 배송 44/44 | 재적재  6 | 중계율 0.12 | alpha 2.973 | complete
Ep 504 | 드론6 목적지34 |  458스텝 | 배송 34/34 | 재적재  4 | 중계율 0.17 | alpha 3.000 | complete
Ep 505 | 드론6 목적지77 | 1000스텝 | 배송 44/77 | 재적재  5 | 중계율 0.19 | alpha 3.011 | step_limit
Ep 506 | 드론6 목적지55 |  657스텝 | 배송 55/55 | 재적재  8 | 중계율 0.08 | alpha 3.011 | complete
Ep 507 | 드론3 목적지61 | 1000스텝 | 배송 49/61 | 재적재  8 | 중계율 0.12 | alpha 2.985 | step_limit
Ep 508 | 드론4 목적지24 |  469스텝 | 배송 24/24 | 재적재  2 | 중계율 0.13 | alpha 3.022 | complete
Ep 509 | 드론3 목적지48 | 1000스텝 | 배송 41/48 | 재적재  6 | 중계율 0.28 | alpha 3.034 | step_limit
Ep 510 | 드론5 목적지71 | 1000스텝 | 배송 54/71 | 재적재  9 | 중계율 0.14 | alpha 3.011 | step_limit
Ep 511 | 드론6 목적지39 |  746스텝 | 배송 39/39 | 재적재  3 | 중계율 0.20 | alpha 2.986 | complete
Ep 512 | 드론5 목적지29 |  461스텝 | 배송 29/29 | 재적재  4 | 중계율 0.10 | alpha 3.005 | complete
Ep 513 | 드론6 목적지46 |  688스텝 | 배송 46/46 | 재적재  8 | 중계율 0.14 | alpha 2.973 | complete
Ep 514 | 드론3 목적지49 | 1000스텝 | 배송 47/49 | 재적재  8 | 중계율 0.19 | alpha 2.984 | step_limit
Ep 515 | 드론3 목적지70 | 1000스텝 | 배송 49/70 | 재적재  9 | 중계율 0.23 | alpha 3.025 | step_limit
Ep 516 | 드론5 목적지63 | 1000스텝 | 배송 40/63 | 재적재  6 | 중계율 0.19 | alpha 2.952 | step_limit
Ep 517 | 드론5 목적지44 |  734스텝 | 배송 44/44 | 재적재  6 | 중계율 0.20 | alpha 2.977 | complete
Ep 518 | 드론3 목적지57 | 1000스텝 | 배송 45/57 | 재적재  7 | 중계율 0.28 | alpha 3.053 | step_limit
Ep 519 | 드론6 목적지34 |  436스텝 | 배송 34/34 | 재적재  4 | 중계율 0.12 | alpha 3.058 | complete
Ep 520 | 드론4 목적지68 |  983스텝 | 배송 68/68 | 재적재 12 | 중계율 0.12 | alpha 3.039 | complete
Ep 521 | 드론5 목적지71 | 1000스텝 | 배송 49/71 | 재적재  8 | 중계율 0.18 | alpha 3.090 | step_limit
Ep 522 | 드론4 목적지72 | 1000스텝 | 배송 62/72 | 재적재 11 | 중계율 0.16 | alpha 3.030 | step_limit
Ep 523 | 드론4 목적지27 |  464스텝 | 배송 27/27 | 재적재  3 | 중계율 0.17 | alpha 3.017 | complete
Ep 524 | 드론3 목적지37 | 1000스텝 | 배송 31/37 | 재적재  5 | 중계율 0.23 | alpha 2.972 | step_limit
Ep 525 | 드론3 목적지79 | 1000스텝 | 배송 53/79 | 재적재 10 | 중계율 0.16 | alpha 2.959 | step_limit
Ep 526 | 드론4 목적지39 | 1000스텝 | 배송 33/39 | 재적재  5 | 중계율 0.26 | alpha 2.967 | step_limit
Ep 527 | 드론4 목적지42 |  833스텝 | 배송 42/42 | 재적재  7 | 중계율 0.22 | alpha 2.936 | complete
Ep 528 | 드론4 목적지51 | 1000스텝 | 배송 50/51 | 재적재  9 | 중계율 0.15 | alpha 3.043 | step_limit
Ep 529 | 드론4 목적지21 | 1000스텝 | 배송 20/21 | 재적재  2 | 중계율 0.24 | alpha 3.014 | step_limit
Ep 530 | 드론5 목적지34 |  426스텝 | 배송 34/34 | 재적재  3 | 중계율 0.14 | alpha 3.011 | complete
Ep 531 | 드론6 목적지64 |  835스텝 | 배송 64/64 | 재적재  9 | 중계율 0.14 | alpha 3.048 | complete
Ep 532 | 드론6 목적지78 | 1000스텝 | 배송 72/78 | 재적재 12 | 중계율 0.05 | alpha 3.019 | step_limit
Ep 533 | 드론5 목적지68 | 1000스텝 | 배송 59/68 | 재적재  9 | 중계율 0.14 | alpha 2.982 | step_limit
Ep 534 | 드론4 목적지25 |  788스텝 | 배송 25/25 | 재적재  3 | 중계율 0.24 | alpha 3.052 | complete
Ep 535 | 드론4 목적지25 | 1000스텝 | 배송 23/25 | 재적재  3 | 중계율 0.21 | alpha 3.056 | step_limit
Ep 536 | 드론6 목적지71 |  732스텝 | 배송 71/71 | 재적재 12 | 중계율 0.11 | alpha 3.028 | complete
Ep 537 | 드론6 목적지31 |  574스텝 | 배송 31/31 | 재적재  2 | 중계율 0.18 | alpha 3.026 | complete
Ep 538 | 드론5 목적지55 | 1000스텝 | 배송 49/55 | 재적재  8 | 중계율 0.16 | alpha 3.049 | step_limit
Ep 539 | 드론3 목적지46 | 1000스텝 | 배송 45/46 | 재적재  8 | 중계율 0.22 | alpha 3.029 | step_limit
Ep 540 | 드론5 목적지50 |  747스텝 | 배송 50/50 | 재적재  7 | 중계율 0.07 | alpha 3.059 | complete
Ep 541 | 드론5 목적지25 |  288스텝 | 배송 25/25 | 재적재  4 | 중계율 0.11 | alpha 3.052 | complete
Ep 542 | 드론5 목적지65 | 1000스텝 | 배송 61/65 | 재적재 10 | 중계율 0.15 | alpha 2.976 | step_limit
Ep 543 | 드론4 목적지32 |  620스텝 | 배송 32/32 | 재적재  5 | 중계율 0.12 | alpha 3.007 | complete
Ep 544 | 드론5 목적지60 | 1000스텝 | 배송 52/60 | 재적재  8 | 중계율 0.15 | alpha 3.041 | step_limit
Ep 545 | 드론4 목적지74 | 1000스텝 | 배송 60/74 | 재적재 10 | 중계율 0.19 | alpha 3.020 | step_limit
Ep 546 | 드론4 목적지45 |  914스텝 | 배송 45/45 | 재적재  6 | 중계율 0.21 | alpha 3.001 | complete
Ep 547 | 드론4 목적지37 |  640스텝 | 배송 37/37 | 재적재  6 | 중계율 0.10 | alpha 3.054 | complete
Ep 548 | 드론4 목적지63 |  797스텝 | 배송 63/63 | 재적재 11 | 중계율 0.12 | alpha 3.016 | complete
Ep 549 | 드론6 목적지55 |  573스텝 | 배송 55/55 | 재적재  7 | 중계율 0.11 | alpha 3.063 | complete
Ep 550 | 드론5 목적지30 |  691스텝 | 배송 30/30 | 재적재  4 | 중계율 0.23 | alpha 3.108 | complete
  [홀드아웃] 배송 50.0±0.0 완주 1.00 스텝 1283 점수 105.7 재적재 7.9 2홉+ 0.60 | 최고 106.0@ep200 정체 7/15
Ep 551 | 드론6 목적지33 |  282스텝 | 배송 33/33 | 재적재  4 | 중계율 0.07 | alpha 3.128 | complete
Ep 552 | 드론6 목적지71 |  737스텝 | 배송 71/71 | 재적재 11 | 중계율 0.08 | alpha 3.096 | complete
Ep 553 | 드론6 목적지68 | 1000스텝 | 배송 53/68 | 재적재  9 | 중계율 0.13 | alpha 3.151 | step_limit
Ep 554 | 드론4 목적지74 | 1000스텝 | 배송 61/74 | 재적재 11 | 중계율 0.17 | alpha 3.096 | step_limit
Ep 555 | 드론5 목적지59 | 1000스텝 | 배송 42/59 | 재적재  7 | 중계율 0.21 | alpha 3.054 | step_limit
Ep 556 | 드론5 목적지41 | 1000스텝 | 배송 36/41 | 재적재  6 | 중계율 0.19 | alpha 3.119 | step_limit
Ep 557 | 드론4 목적지71 | 1000스텝 | 배송 70/71 | 재적재 12 | 중계율 0.14 | alpha 3.118 | step_limit
Ep 558 | 드론5 목적지50 |  554스텝 | 배송 50/50 | 재적재  7 | 중계율 0.08 | alpha 3.037 | complete
Ep 559 | 드론5 목적지57 |  870스텝 | 배송 57/57 | 재적재  9 | 중계율 0.15 | alpha 3.036 | complete
Ep 560 | 드론5 목적지42 |  490스텝 | 배송 42/42 | 재적재  6 | 중계율 0.07 | alpha 3.020 | complete
Ep 561 | 드론5 목적지27 |  683스텝 | 배송 27/27 | 재적재  4 | 중계율 0.18 | alpha 3.019 | complete
Ep 562 | 드론6 목적지47 | 1000스텝 | 배송 38/47 | 재적재  5 | 중계율 0.20 | alpha 3.038 | step_limit
Ep 563 | 드론4 목적지78 | 1000스텝 | 배송 67/78 | 재적재 13 | 중계율 0.15 | alpha 2.992 | step_limit
Ep 564 | 드론5 목적지30 |  444스텝 | 배송 30/30 | 재적재  4 | 중계율 0.11 | alpha 2.979 | complete
Ep 565 | 드론6 목적지22 |  180스텝 | 배송 22/22 | 재적재  1 | 중계율 0.12 | alpha 2.977 | complete
Ep 566 | 드론4 목적지49 |  890스텝 | 배송 49/49 | 재적재  7 | 중계율 0.17 | alpha 2.939 | complete
Ep 567 | 드론4 목적지78 | 1000스텝 | 배송 63/78 | 재적재 10 | 중계율 0.22 | alpha 2.955 | step_limit
Ep 568 | 드론5 목적지67 | 1000스텝 | 배송 44/67 | 재적재  7 | 중계율 0.21 | alpha 2.942 | step_limit
Ep 569 | 드론6 목적지70 |  769스텝 | 배송 70/70 | 재적재 12 | 중계율 0.10 | alpha 2.923 | complete
Ep 570 | 드론4 목적지72 | 1000스텝 | 배송 70/72 | 재적재 12 | 중계율 0.16 | alpha 2.974 | step_limit
Ep 571 | 드론6 목적지49 |  377스텝 | 배송 49/49 | 재적재  6 | 중계율 0.09 | alpha 3.037 | complete
Ep 572 | 드론6 목적지75 |  781스텝 | 배송 75/75 | 재적재 12 | 중계율 0.12 | alpha 3.095 | complete
Ep 573 | 드론5 목적지66 |  891스텝 | 배송 66/66 | 재적재 10 | 중계율 0.12 | alpha 3.074 | complete
Ep 574 | 드론5 목적지44 |  888스텝 | 배송 44/44 | 재적재  5 | 중계율 0.19 | alpha 3.052 | complete
Ep 575 | 드론6 목적지78 | 1000스텝 | 배송 77/78 | 재적재 14 | 중계율 0.12 | alpha 3.061 | step_limit
Ep 576 | 드론3 목적지69 | 1000스텝 | 배송 52/69 | 재적재  9 | 중계율 0.23 | alpha 3.014 | step_limit
Ep 577 | 드론5 목적지24 |  330스텝 | 배송 24/24 | 재적재  3 | 중계율 0.09 | alpha 3.038 | complete
Ep 578 | 드론5 목적지32 |  519스텝 | 배송 32/32 | 재적재  4 | 중계율 0.12 | alpha 3.050 | complete
Ep 579 | 드론6 목적지26 |  347스텝 | 배송 26/26 | 재적재  2 | 중계율 0.08 | alpha 3.077 | complete
Ep 580 | 드론5 목적지60 |  642스텝 | 배송 60/60 | 재적재  9 | 중계율 0.13 | alpha 3.045 | complete
Ep 581 | 드론4 목적지47 | 1000스텝 | 배송 36/47 | 재적재  5 | 중계율 0.19 | alpha 3.049 | step_limit
Ep 582 | 드론3 목적지36 |  749스텝 | 배송 36/36 | 재적재  6 | 중계율 0.22 | alpha 3.052 | complete
Ep 583 | 드론6 목적지65 |  598스텝 | 배송 65/65 | 재적재 10 | 중계율 0.09 | alpha 2.977 | complete
Ep 584 | 드론4 목적지54 | 1000스텝 | 배송 49/54 | 재적재  8 | 중계율 0.21 | alpha 2.919 | step_limit
Ep 585 | 드론6 목적지72 | 1000스텝 | 배송 63/72 | 재적재 10 | 중계율 0.16 | alpha 2.970 | step_limit
Ep 586 | 드론6 목적지37 |  471스텝 | 배송 37/37 | 재적재  5 | 중계율 0.14 | alpha 2.986 | complete
Ep 587 | 드론3 목적지49 | 1000스텝 | 배송 46/49 | 재적재  7 | 중계율 0.21 | alpha 3.001 | step_limit
Ep 588 | 드론4 목적지57 | 1000스텝 | 배송 46/57 | 재적재  8 | 중계율 0.17 | alpha 2.959 | step_limit
Ep 589 | 드론3 목적지50 | 1000스텝 | 배송 43/50 | 재적재  8 | 중계율 0.19 | alpha 2.948 | step_limit
Ep 590 | 드론4 목적지47 | 1000스텝 | 배송 43/47 | 재적재  7 | 중계율 0.18 | alpha 2.948 | step_limit
Ep 591 | 드론6 목적지64 | 1000스텝 | 배송 52/64 | 재적재  9 | 중계율 0.16 | alpha 2.982 | step_limit
Ep 592 | 드론5 목적지22 |  247스텝 | 배송 22/22 | 재적재  1 | 중계율 0.10 | alpha 2.994 | complete
Ep 593 | 드론5 목적지51 |  949스텝 | 배송 51/51 | 재적재  8 | 중계율 0.18 | alpha 2.943 | complete
Ep 594 | 드론3 목적지40 | 1000스텝 | 배송 34/40 | 재적재  6 | 중계율 0.23 | alpha 2.924 | step_limit
Ep 595 | 드론5 목적지26 |  525스텝 | 배송 26/26 | 재적재  2 | 중계율 0.15 | alpha 2.950 | complete
Ep 596 | 드론6 목적지26 |  210스텝 | 배송 26/26 | 재적재  2 | 중계율 0.08 | alpha 2.967 | complete
Ep 597 | 드론4 목적지21 |  575스텝 | 배송 21/21 | 재적재  2 | 중계율 0.21 | alpha 3.003 | complete
Ep 598 | 드론4 목적지23 |  509스텝 | 배송 23/23 | 재적재  2 | 중계율 0.11 | alpha 3.032 | complete
Ep 599 | 드론4 목적지77 | 1000스텝 | 배송 53/77 | 재적재  9 | 중계율 0.16 | alpha 3.023 | step_limit
Ep 600 | 드론5 목적지68 | 1000스텝 | 배송 42/68 | 재적재  6 | 중계율 0.21 | alpha 3.063 | step_limit
  [홀드아웃] 배송 50.0±0.0 완주 1.00 스텝 1264 점수 105.8 재적재 7.5 2홉+ 0.62 | 최고 106.0@ep200 정체 8/15
Ep 601 | 드론4 목적지20 |  485스텝 | 배송 20/20 | 재적재  2 | 중계율 0.22 | alpha 3.056 | complete
Ep 602 | 드론5 목적지72 | 1000스텝 | 배송 64/72 | 재적재 10 | 중계율 0.12 | alpha 3.054 | step_limit
Ep 603 | 드론6 목적지60 |  508스텝 | 배송 60/60 | 재적재  8 | 중계율 0.09 | alpha 2.979 | complete
Ep 604 | 드론5 목적지68 |  548스텝 | 배송 68/68 | 재적재 12 | 중계율 0.08 | alpha 2.945 | complete
Ep 605 | 드론4 목적지73 | 1000스텝 | 배송 58/73 | 재적재 10 | 중계율 0.20 | alpha 2.983 | step_limit
Ep 606 | 드론5 목적지51 | 1000스텝 | 배송 48/51 | 재적재  7 | 중계율 0.20 | alpha 3.039 | step_limit
Ep 607 | 드론3 목적지48 | 1000스텝 | 배송 44/48 | 재적재  7 | 중계율 0.17 | alpha 2.957 | step_limit
Ep 608 | 드론5 목적지67 |  573스텝 | 배송 67/67 | 재적재 11 | 중계율 0.08 | alpha 2.934 | complete
Ep 609 | 드론4 목적지51 | 1000스텝 | 배송 39/51 | 재적재  6 | 중계율 0.15 | alpha 2.919 | step_limit
Ep 610 | 드론4 목적지72 |  813스텝 | 배송 72/72 | 재적재 12 | 중계율 0.12 | alpha 2.935 | complete
Ep 611 | 드론4 목적지77 | 1000스텝 | 배송 58/77 | 재적재 10 | 중계율 0.19 | alpha 3.010 | step_limit
Ep 612 | 드론3 목적지42 | 1000스텝 | 배송 33/42 | 재적재  6 | 중계율 0.21 | alpha 3.002 | step_limit
Ep 613 | 드론4 목적지40 |  528스텝 | 배송 40/40 | 재적재  6 | 중계율 0.07 | alpha 2.969 | complete
Ep 614 | 드론4 목적지42 |  899스텝 | 배송 42/42 | 재적재  7 | 중계율 0.23 | alpha 2.967 | complete
Ep 615 | 드론4 목적지80 | 1000스텝 | 배송 73/80 | 재적재 13 | 중계율 0.12 | alpha 3.027 | step_limit
Ep 616 | 드론5 목적지26 |  431스텝 | 배송 26/26 | 재적재  2 | 중계율 0.17 | alpha 3.020 | complete
Ep 617 | 드론6 목적지75 | 1000스텝 | 배송 73/75 | 재적재 12 | 중계율 0.15 | alpha 2.975 | step_limit
Ep 618 | 드론4 목적지50 | 1000스텝 | 배송 38/50 | 재적재  6 | 중계율 0.19 | alpha 2.944 | step_limit
Ep 619 | 드론5 목적지71 | 1000스텝 | 배송 60/71 | 재적재 10 | 중계율 0.13 | alpha 2.955 | step_limit
Ep 620 | 드론6 목적지55 | 1000스텝 | 배송 46/55 | 재적재  6 | 중계율 0.11 | alpha 2.925 | step_limit
Ep 621 | 드론4 목적지79 | 1000스텝 | 배송 60/79 | 재적재 10 | 중계율 0.18 | alpha 2.948 | step_limit
Ep 622 | 드론6 목적지56 | 1000스텝 | 배송 51/56 | 재적재  9 | 중계율 0.18 | alpha 2.879 | step_limit
Ep 623 | 드론3 목적지33 | 1000스텝 | 배송 26/33 | 재적재  4 | 중계율 0.10 | alpha 2.877 | step_limit
Ep 624 | 드론4 목적지72 | 1000스텝 | 배송 62/72 | 재적재 11 | 중계율 0.21 | alpha 2.869 | step_limit
Ep 625 | 드론6 목적지47 | 1000스텝 | 배송 40/47 | 재적재  5 | 중계율 0.16 | alpha 2.907 | step_limit
Ep 626 | 드론3 목적지52 | 1000스텝 | 배송 48/52 | 재적재  9 | 중계율 0.11 | alpha 2.929 | step_limit
Ep 627 | 드론5 목적지66 | 1000스텝 | 배송 49/66 | 재적재  8 | 중계율 0.16 | alpha 2.951 | step_limit
Ep 628 | 드론4 목적지42 |  722스텝 | 배송 42/42 | 재적재  7 | 중계율 0.13 | alpha 3.030 | complete
Ep 629 | 드론3 목적지31 | 1000스텝 | 배송 24/31 | 재적재  4 | 중계율 0.19 | alpha 2.920 | step_limit
Ep 630 | 드론4 목적지65 | 1000스텝 | 배송 49/65 | 재적재  8 | 중계율 0.16 | alpha 2.867 | step_limit
Ep 631 | 드론3 목적지20 |  631스텝 | 배송 20/20 | 재적재  2 | 중계율 0.20 | alpha 2.851 | complete
Ep 632 | 드론4 목적지38 | 1000스텝 | 배송 27/38 | 재적재  4 | 중계율 0.16 | alpha 2.913 | step_limit
Ep 633 | 드론6 목적지67 |  625스텝 | 배송 67/67 | 재적재 11 | 중계율 0.08 | alpha 2.927 | complete
Ep 634 | 드론6 목적지47 |  428스텝 | 배송 47/47 | 재적재  7 | 중계율 0.08 | alpha 2.964 | complete
Ep 635 | 드론6 목적지30 |  327스텝 | 배송 30/30 | 재적재  4 | 중계율 0.09 | alpha 2.965 | complete
Ep 636 | 드론4 목적지29 |  565스텝 | 배송 29/29 | 재적재  5 | 중계율 0.17 | alpha 2.956 | complete
Ep 637 | 드론4 목적지71 | 1000스텝 | 배송 53/71 | 재적재  9 | 중계율 0.17 | alpha 2.963 | step_limit
Ep 638 | 드론6 목적지73 |  757스텝 | 배송 73/73 | 재적재 11 | 중계율 0.08 | alpha 2.991 | complete
Ep 639 | 드론5 목적지79 | 1000스텝 | 배송 58/79 | 재적재 10 | 중계율 0.17 | alpha 3.003 | step_limit
Ep 640 | 드론3 목적지22 |  755스텝 | 배송 22/22 | 재적재  3 | 중계율 0.27 | alpha 2.893 | complete
Ep 641 | 드론5 목적지77 |  865스텝 | 배송 77/77 | 재적재 13 | 중계율 0.17 | alpha 2.971 | complete
Ep 642 | 드론5 목적지26 |  309스텝 | 배송 26/26 | 재적재  2 | 중계율 0.07 | alpha 3.025 | complete
Ep 643 | 드론6 목적지30 |  493스텝 | 배송 30/30 | 재적재  3 | 중계율 0.07 | alpha 3.024 | complete
Ep 644 | 드론4 목적지77 | 1000스텝 | 배송 70/77 | 재적재 13 | 중계율 0.12 | alpha 3.029 | step_limit
Ep 645 | 드론4 목적지34 |  473스텝 | 배송 34/34 | 재적재  4 | 중계율 0.13 | alpha 2.957 | complete
Ep 646 | 드론5 목적지34 |  635스텝 | 배송 34/34 | 재적재  4 | 중계율 0.11 | alpha 2.929 | complete
Ep 647 | 드론3 목적지37 | 1000스텝 | 배송 33/37 | 재적재  5 | 중계율 0.21 | alpha 3.006 | step_limit
Ep 648 | 드론4 목적지55 |  734스텝 | 배송 55/55 | 재적재 10 | 중계율 0.10 | alpha 3.015 | complete
Ep 649 | 드론3 목적지20 |  852스텝 | 배송 20/20 | 재적재  3 | 중계율 0.24 | alpha 2.985 | complete
Ep 650 | 드론5 목적지37 |  407스텝 | 배송 37/37 | 재적재  5 | 중계율 0.07 | alpha 2.920 | complete
  [홀드아웃] 배송 48.6±3.9 완주 0.88 스텝 1294 점수 93.2 재적재 7.7 2홉+ 0.58 | 최고 106.0@ep200 정체 9/15
Ep 651 | 드론3 목적지77 | 1000스텝 | 배송 58/77 | 재적재 10 | 중계율 0.21 | alpha 2.988 | step_limit
Ep 652 | 드론6 목적지57 |  627스텝 | 배송 57/57 | 재적재  8 | 중계율 0.07 | alpha 2.983 | complete
Ep 653 | 드론5 목적지38 |  405스텝 | 배송 38/38 | 재적재  4 | 중계율 0.09 | alpha 2.946 | complete
Ep 654 | 드론6 목적지45 |  436스텝 | 배송 45/45 | 재적재  7 | 중계율 0.10 | alpha 2.902 | complete
Ep 655 | 드론3 목적지40 |  964스텝 | 배송 40/40 | 재적재  6 | 중계율 0.23 | alpha 2.894 | complete
Ep 656 | 드론5 목적지31 |  464스텝 | 배송 31/31 | 재적재  4 | 중계율 0.18 | alpha 2.898 | complete
Ep 657 | 드론5 목적지26 |  908스텝 | 배송 17/26 | 재적재  2 | 중계율 0.14 | alpha 2.946 | no_progress
Ep 658 | 드론4 목적지39 |  827스텝 | 배송 39/39 | 재적재  6 | 중계율 0.16 | alpha 2.995 | complete
Ep 659 | 드론4 목적지51 | 1000스텝 | 배송 48/51 | 재적재  7 | 중계율 0.18 | alpha 3.021 | step_limit
Ep 660 | 드론4 목적지51 | 1000스텝 | 배송 46/51 | 재적재  8 | 중계율 0.20 | alpha 3.023 | step_limit
Ep 661 | 드론3 목적지38 | 1000스텝 | 배송 36/38 | 재적재  7 | 중계율 0.19 | alpha 2.971 | step_limit
Ep 662 | 드론5 목적지43 |  527스텝 | 배송 43/43 | 재적재  6 | 중계율 0.12 | alpha 2.967 | complete
Ep 663 | 드론5 목적지57 | 1000스텝 | 배송 43/57 | 재적재  6 | 중계율 0.15 | alpha 3.035 | step_limit
Ep 664 | 드론4 목적지27 |  423스텝 | 배송 27/27 | 재적재  2 | 중계율 0.16 | alpha 3.072 | complete
Ep 665 | 드론6 목적지59 |  467스텝 | 배송 59/59 | 재적재  9 | 중계율 0.08 | alpha 3.104 | complete
Ep 666 | 드론4 목적지72 | 1000스텝 | 배송 60/72 | 재적재 10 | 중계율 0.17 | alpha 3.165 | step_limit
Ep 667 | 드론5 목적지45 |  543스텝 | 배송 45/45 | 재적재  6 | 중계율 0.14 | alpha 3.185 | complete
Ep 668 | 드론3 목적지65 | 1000스텝 | 배송 43/65 | 재적재  8 | 중계율 0.16 | alpha 3.122 | step_limit
Ep 669 | 드론4 목적지66 |  987스텝 | 배송 66/66 | 재적재 12 | 중계율 0.18 | alpha 3.124 | complete
Ep 670 | 드론6 목적지77 | 1000스텝 | 배송 52/77 | 재적재  8 | 중계율 0.15 | alpha 3.173 | step_limit
Ep 671 | 드론5 목적지58 | 1000스텝 | 배송 48/58 | 재적재  8 | 중계율 0.14 | alpha 3.100 | step_limit
Ep 672 | 드론3 목적지43 |  688스텝 | 배송 43/43 | 재적재  6 | 중계율 0.11 | alpha 3.106 | complete
Ep 673 | 드론6 목적지68 | 1000스텝 | 배송 49/68 | 재적재  8 | 중계율 0.11 | alpha 3.196 | step_limit
Ep 674 | 드론3 목적지52 | 1000스텝 | 배송 49/52 | 재적재  9 | 중계율 0.24 | alpha 3.164 | step_limit
Ep 675 | 드론4 목적지42 |  925스텝 | 배송 42/42 | 재적재  6 | 중계율 0.28 | alpha 3.166 | complete
Ep 676 | 드론3 목적지45 |  922스텝 | 배송 45/45 | 재적재  8 | 중계율 0.17 | alpha 3.244 | complete
Ep 677 | 드론3 목적지41 | 1000스텝 | 배송 35/41 | 재적재  6 | 중계율 0.15 | alpha 3.334 | step_limit
Ep 678 | 드론6 목적지79 | 1000스텝 | 배송 75/79 | 재적재 12 | 중계율 0.19 | alpha 3.209 | step_limit
Ep 679 | 드론4 목적지24 | 1000스텝 | 배송 19/24 | 재적재  2 | 중계율 0.19 | alpha 3.250 | step_limit
Ep 680 | 드론4 목적지52 | 1000스텝 | 배송 41/52 | 재적재  7 | 중계율 0.18 | alpha 3.236 | step_limit
Ep 681 | 드론5 목적지77 | 1000스텝 | 배송 61/77 | 재적재 11 | 중계율 0.11 | alpha 3.267 | step_limit
Ep 682 | 드론4 목적지49 |  768스텝 | 배송 49/49 | 재적재  8 | 중계율 0.11 | alpha 3.227 | complete
Ep 683 | 드론5 목적지63 | 1000스텝 | 배송 44/63 | 재적재  7 | 중계율 0.13 | alpha 3.158 | step_limit
Ep 684 | 드론4 목적지37 |  821스텝 | 배송 37/37 | 재적재  6 | 중계율 0.18 | alpha 3.129 | complete
Ep 685 | 드론6 목적지56 |  736스텝 | 배송 56/56 | 재적재  6 | 중계율 0.15 | alpha 3.243 | complete
Ep 686 | 드론3 목적지28 |  800스텝 | 배송 28/28 | 재적재  5 | 중계율 0.19 | alpha 3.305 | complete
Ep 687 | 드론6 목적지77 |  729스텝 | 배송 77/77 | 재적재 12 | 중계율 0.08 | alpha 3.407 | complete
Ep 688 | 드론4 목적지45 | 1000스텝 | 배송 38/45 | 재적재  5 | 중계율 0.19 | alpha 3.384 | step_limit
Ep 689 | 드론5 목적지70 | 1000스텝 | 배송 63/70 | 재적재 10 | 중계율 0.13 | alpha 3.368 | step_limit
Ep 690 | 드론6 목적지62 |  748스텝 | 배송 62/62 | 재적재 10 | 중계율 0.13 | alpha 3.324 | complete
Ep 691 | 드론3 목적지31 | 1000스텝 | 배송 27/31 | 재적재  4 | 중계율 0.21 | alpha 3.321 | step_limit
Ep 692 | 드론6 목적지61 |  549스텝 | 배송 61/61 | 재적재  8 | 중계율 0.13 | alpha 3.311 | complete
Ep 693 | 드론6 목적지60 |  666스텝 | 배송 60/60 | 재적재  9 | 중계율 0.15 | alpha 3.375 | complete
Ep 694 | 드론4 목적지33 | 1000스텝 | 배송 28/33 | 재적재  3 | 중계율 0.25 | alpha 3.362 | step_limit
Ep 695 | 드론4 목적지29 | 1000스텝 | 배송 25/29 | 재적재  3 | 중계율 0.29 | alpha 3.332 | step_limit
Ep 696 | 드론6 목적지28 |  412스텝 | 배송 28/28 | 재적재  2 | 중계율 0.11 | alpha 3.325 | complete
Ep 697 | 드론6 목적지35 |  389스텝 | 배송 35/35 | 재적재  2 | 중계율 0.14 | alpha 3.334 | complete
Ep 698 | 드론4 목적지32 | 1000스텝 | 배송 25/32 | 재적재  3 | 중계율 0.23 | alpha 3.422 | step_limit
Ep 699 | 드론3 목적지62 | 1000스텝 | 배송 50/62 | 재적재  8 | 중계율 0.15 | alpha 3.475 | step_limit
Ep 700 | 드론4 목적지61 | 1000스텝 | 배송 54/61 | 재적재  8 | 중계율 0.13 | alpha 3.523 | step_limit
  [홀드아웃] 배송 49.0±3.9 완주 0.93 스텝 1322 점수 98.1 재적재 7.6 2홉+ 0.57 | 최고 106.0@ep200 정체 10/15
Ep 701 | 드론6 목적지72 | 1000스텝 | 배송 65/72 | 재적재 10 | 중계율 0.12 | alpha 3.500 | step_limit
Ep 702 | 드론6 목적지34 | 1000스텝 | 배송 33/34 | 재적재  3 | 중계율 0.20 | alpha 3.473 | step_limit
Ep 703 | 드론6 목적지32 |  560스텝 | 배송 32/32 | 재적재  3 | 중계율 0.16 | alpha 3.490 | complete
Ep 704 | 드론5 목적지74 |  923스텝 | 배송 74/74 | 재적재 12 | 중계율 0.14 | alpha 3.473 | complete
Ep 705 | 드론3 목적지38 | 1000스텝 | 배송 29/38 | 재적재  4 | 중계율 0.13 | alpha 3.540 | step_limit
Ep 706 | 드론6 목적지30 |  236스텝 | 배송 30/30 | 재적재  3 | 중계율 0.07 | alpha 3.547 | complete
Ep 707 | 드론5 목적지31 |  612스텝 | 배송 31/31 | 재적재  4 | 중계율 0.16 | alpha 3.508 | complete
Ep 708 | 드론4 목적지63 | 1000스텝 | 배송 53/63 | 재적재  9 | 중계율 0.15 | alpha 3.553 | step_limit
Ep 709 | 드론4 목적지20 |  900스텝 | 배송 20/20 | 재적재  2 | 중계율 0.25 | alpha 3.461 | complete
Ep 710 | 드론5 목적지78 |  799스텝 | 배송 78/78 | 재적재 14 | 중계율 0.10 | alpha 3.392 | complete
Ep 711 | 드론6 목적지58 | 1000스텝 | 배송 46/58 | 재적재  6 | 중계율 0.15 | alpha 3.369 | step_limit
Ep 712 | 드론3 목적지75 | 1000스텝 | 배송 50/75 | 재적재  9 | 중계율 0.13 | alpha 3.423 | step_limit
Ep 713 | 드론3 목적지69 | 1000스텝 | 배송 66/69 | 재적재 11 | 중계율 0.13 | alpha 3.478 | step_limit
Ep 714 | 드론3 목적지36 | 1000스텝 | 배송 29/36 | 재적재  3 | 중계율 0.25 | alpha 3.495 | step_limit
Ep 715 | 드론3 목적지65 | 1000스텝 | 배송 48/65 | 재적재  8 | 중계율 0.17 | alpha 3.410 | step_limit
Ep 716 | 드론6 목적지36 |  438스텝 | 배송 36/36 | 재적재  3 | 중계율 0.10 | alpha 3.414 | complete
Ep 717 | 드론6 목적지56 | 1000스텝 | 배송 45/56 | 재적재  7 | 중계율 0.15 | alpha 3.440 | step_limit
Ep 718 | 드론4 목적지69 |  922스텝 | 배송 69/69 | 재적재 11 | 중계율 0.16 | alpha 3.458 | complete
Ep 719 | 드론4 목적지21 |  367스텝 | 배송 21/21 | 재적재  2 | 중계율 0.14 | alpha 3.476 | complete
Ep 720 | 드론6 목적지45 |  666스텝 | 배송 45/45 | 재적재  6 | 중계율 0.13 | alpha 3.533 | complete
Ep 721 | 드론3 목적지30 |  770스텝 | 배송 30/30 | 재적재  5 | 중계율 0.21 | alpha 3.473 | complete
Ep 722 | 드론6 목적지47 |  490스텝 | 배송 47/47 | 재적재  7 | 중계율 0.06 | alpha 3.501 | complete
Ep 723 | 드론3 목적지51 | 1000스텝 | 배송 44/51 | 재적재  7 | 중계율 0.17 | alpha 3.515 | step_limit
Ep 724 | 드론5 목적지57 | 1000스텝 | 배송 45/57 | 재적재  7 | 중계율 0.14 | alpha 3.569 | step_limit
Ep 725 | 드론5 목적지29 |  549스텝 | 배송 29/29 | 재적재  3 | 중계율 0.17 | alpha 3.538 | complete
Ep 726 | 드론6 목적지69 |  924스텝 | 배송 69/69 | 재적재 11 | 중계율 0.14 | alpha 3.593 | complete
Ep 727 | 드론5 목적지36 | 1000스텝 | 배송 26/36 | 재적재  4 | 중계율 0.21 | alpha 3.531 | step_limit
Ep 728 | 드론4 목적지74 | 1000스텝 | 배송 52/74 | 재적재  8 | 중계율 0.17 | alpha 3.588 | step_limit
Ep 729 | 드론6 목적지64 |  567스텝 | 배송 64/64 | 재적재  9 | 중계율 0.16 | alpha 3.658 | complete
Ep 730 | 드론4 목적지70 | 1000스텝 | 배송 62/70 | 재적재 11 | 중계율 0.18 | alpha 3.706 | step_limit
Ep 731 | 드론3 목적지48 | 1000스텝 | 배송 42/48 | 재적재  8 | 중계율 0.16 | alpha 3.636 | step_limit
Ep 732 | 드론5 목적지37 |  867스텝 | 배송 37/37 | 재적재  5 | 중계율 0.23 | alpha 3.703 | complete
Ep 733 | 드론5 목적지67 |  888스텝 | 배송 67/67 | 재적재 12 | 중계율 0.13 | alpha 3.664 | complete
Ep 734 | 드론6 목적지54 | 1000스텝 | 배송 40/54 | 재적재  6 | 중계율 0.16 | alpha 3.588 | step_limit
Ep 735 | 드론5 목적지57 | 1000스텝 | 배송 49/57 | 재적재  8 | 중계율 0.18 | alpha 3.559 | step_limit
Ep 736 | 드론6 목적지39 |  571스텝 | 배송 39/39 | 재적재  5 | 중계율 0.08 | alpha 3.582 | complete
Ep 737 | 드론4 목적지29 | 1000스텝 | 배송 28/29 | 재적재  3 | 중계율 0.14 | alpha 3.686 | step_limit
Ep 738 | 드론6 목적지68 |  992스텝 | 배송 68/68 | 재적재 10 | 중계율 0.12 | alpha 3.646 | complete
Ep 739 | 드론4 목적지20 |  696스텝 | 배송  8/20 | 재적재  0 | 중계율 0.14 | alpha 3.586 | no_progress
Ep 740 | 드론3 목적지69 | 1000스텝 | 배송 48/69 | 재적재  9 | 중계율 0.27 | alpha 3.606 | step_limit
Ep 741 | 드론6 목적지41 |  731스텝 | 배송 41/41 | 재적재  5 | 중계율 0.12 | alpha 3.600 | complete
Ep 742 | 드론4 목적지78 | 1000스텝 | 배송 63/78 | 재적재  9 | 중계율 0.16 | alpha 3.613 | step_limit
Ep 743 | 드론3 목적지39 | 1000스텝 | 배송 38/39 | 재적재  5 | 중계율 0.28 | alpha 3.661 | step_limit
Ep 744 | 드론4 목적지57 | 1000스텝 | 배송 46/57 | 재적재  8 | 중계율 0.15 | alpha 3.672 | step_limit
Ep 745 | 드론3 목적지76 | 1000스텝 | 배송 55/76 | 재적재 10 | 중계율 0.19 | alpha 3.645 | step_limit
Ep 746 | 드론4 목적지69 | 1000스텝 | 배송 55/69 | 재적재  8 | 중계율 0.18 | alpha 3.619 | step_limit
Ep 747 | 드론4 목적지33 |  495스텝 | 배송 33/33 | 재적재  4 | 중계율 0.22 | alpha 3.585 | complete
Ep 748 | 드론3 목적지30 |  719스텝 | 배송 30/30 | 재적재  4 | 중계율 0.17 | alpha 3.552 | complete
Ep 749 | 드론5 목적지32 |  457스텝 | 배송 32/32 | 재적재  3 | 중계율 0.19 | alpha 3.600 | complete
Ep 750 | 드론5 목적지61 |  654스텝 | 배송 61/61 | 재적재 10 | 중계율 0.12 | alpha 3.619 | complete
  [홀드아웃] 배송 50.0±0.0 완주 1.00 스텝 1256 점수 105.8 재적재 7.7 2홉+ 0.60 | 최고 106.0@ep200 정체 11/15
Ep 751 | 드론5 목적지34 |  538스텝 | 배송 34/34 | 재적재  3 | 중계율 0.17 | alpha 3.626 | complete
Ep 752 | 드론6 목적지69 |  695스텝 | 배송 69/69 | 재적재 10 | 중계율 0.13 | alpha 3.628 | complete
Ep 753 | 드론4 목적지80 | 1000스텝 | 배송 65/80 | 재적재 10 | 중계율 0.15 | alpha 3.729 | step_limit
Ep 754 | 드론4 목적지29 |  418스텝 | 배송 29/29 | 재적재  3 | 중계율 0.11 | alpha 3.743 | complete
Ep 755 | 드론3 목적지43 | 1000스텝 | 배송 40/43 | 재적재  7 | 중계율 0.18 | alpha 3.684 | step_limit
Ep 756 | 드론6 목적지30 |  337스텝 | 배송 30/30 | 재적재  3 | 중계율 0.11 | alpha 3.624 | complete
Ep 757 | 드론6 목적지37 |  427스텝 | 배송 37/37 | 재적재  3 | 중계율 0.13 | alpha 3.575 | complete
Ep 758 | 드론4 목적지51 |  930스텝 | 배송 51/51 | 재적재  7 | 중계율 0.16 | alpha 3.633 | complete
Ep 759 | 드론5 목적지23 |  356스텝 | 배송 23/23 | 재적재  1 | 중계율 0.16 | alpha 3.555 | complete
Ep 760 | 드론5 목적지60 | 1000스텝 | 배송 46/60 | 재적재  7 | 중계율 0.13 | alpha 3.605 | step_limit
Ep 761 | 드론3 목적지77 | 1000스텝 | 배송 51/77 | 재적재  9 | 중계율 0.20 | alpha 3.704 | step_limit
Ep 762 | 드론5 목적지26 |  513스텝 | 배송 26/26 | 재적재  3 | 중계율 0.18 | alpha 3.697 | complete
Ep 763 | 드론5 목적지70 |  873스텝 | 배송 70/70 | 재적재 13 | 중계율 0.11 | alpha 3.640 | complete
Ep 764 | 드론6 목적지32 | 1000스텝 | 배송 21/32 | 재적재  2 | 중계율 0.16 | alpha 3.572 | step_limit
Ep 765 | 드론5 목적지23 |  502스텝 | 배송 23/23 | 재적재  1 | 중계율 0.21 | alpha 3.552 | complete
Ep 766 | 드론6 목적지51 |  499스텝 | 배송 51/51 | 재적재  6 | 중계율 0.09 | alpha 3.549 | complete
Ep 767 | 드론4 목적지49 | 1000스텝 | 배송 39/49 | 재적재  6 | 중계율 0.13 | alpha 3.508 | step_limit
Ep 768 | 드론3 목적지72 | 1000스텝 | 배송 52/72 | 재적재  9 | 중계율 0.12 | alpha 3.574 | step_limit
Ep 769 | 드론6 목적지22 |  215스텝 | 배송 22/22 | 재적재  1 | 중계율 0.10 | alpha 3.571 | complete
Ep 770 | 드론6 목적지53 |  485스텝 | 배송 53/53 | 재적재  8 | 중계율 0.07 | alpha 3.559 | complete
Ep 771 | 드론5 목적지38 |  526스텝 | 배송 38/38 | 재적재  4 | 중계율 0.13 | alpha 3.473 | complete
Ep 772 | 드론4 목적지36 |  583스텝 | 배송 36/36 | 재적재  4 | 중계율 0.13 | alpha 3.458 | complete
Ep 773 | 드론6 목적지21 |  276스텝 | 배송 21/21 | 재적재  2 | 중계율 0.17 | alpha 3.470 | complete
Ep 774 | 드론6 목적지46 |  559스텝 | 배송 46/46 | 재적재  6 | 중계율 0.09 | alpha 3.429 | complete
Ep 775 | 드론6 목적지41 |  447스텝 | 배송 41/41 | 재적재  5 | 중계율 0.11 | alpha 3.457 | complete
Ep 776 | 드론5 목적지48 |  654스텝 | 배송 48/48 | 재적재  7 | 중계율 0.13 | alpha 3.482 | complete
Ep 777 | 드론4 목적지20 |  567스텝 | 배송 20/20 | 재적재  2 | 중계율 0.24 | alpha 3.546 | complete
Ep 778 | 드론5 목적지57 | 1000스텝 | 배송 47/57 | 재적재  8 | 중계율 0.17 | alpha 3.460 | step_limit
Ep 779 | 드론6 목적지79 | 1000스텝 | 배송 54/79 | 재적재  9 | 중계율 0.13 | alpha 3.374 | step_limit
Ep 780 | 드론3 목적지68 | 1000스텝 | 배송 46/68 | 재적재  8 | 중계율 0.14 | alpha 3.394 | step_limit
Ep 781 | 드론5 목적지50 |  612스텝 | 배송 50/50 | 재적재  6 | 중계율 0.11 | alpha 3.442 | complete
Ep 782 | 드론5 목적지45 | 1000스텝 | 배송 32/45 | 재적재  4 | 중계율 0.16 | alpha 3.527 | step_limit
Ep 783 | 드론3 목적지28 |  943스텝 | 배송 28/28 | 재적재  4 | 중계율 0.19 | alpha 3.590 | complete
Ep 784 | 드론6 목적지58 | 1000스텝 | 배송 56/58 | 재적재  8 | 중계율 0.12 | alpha 3.563 | step_limit
Ep 785 | 드론4 목적지49 | 1000스텝 | 배송 45/49 | 재적재  7 | 중계율 0.16 | alpha 3.533 | step_limit
Ep 786 | 드론4 목적지53 | 1000스텝 | 배송 36/53 | 재적재  5 | 중계율 0.17 | alpha 3.546 | step_limit
Ep 787 | 드론4 목적지47 | 1000스텝 | 배송 41/47 | 재적재  6 | 중계율 0.18 | alpha 3.548 | step_limit
Ep 788 | 드론6 목적지75 | 1000스텝 | 배송 55/75 | 재적재  9 | 중계율 0.11 | alpha 3.602 | step_limit
Ep 789 | 드론3 목적지79 | 1000스텝 | 배송 64/79 | 재적재 12 | 중계율 0.11 | alpha 3.482 | step_limit
Ep 790 | 드론3 목적지65 | 1000스텝 | 배송 41/65 | 재적재  6 | 중계율 0.15 | alpha 3.524 | step_limit
Ep 791 | 드론3 목적지21 |  449스텝 | 배송 21/21 | 재적재  2 | 중계율 0.16 | alpha 3.559 | complete
Ep 792 | 드론4 목적지50 |  851스텝 | 배송 50/50 | 재적재  8 | 중계율 0.12 | alpha 3.602 | complete
Ep 793 | 드론6 목적지27 |  263스텝 | 배송 27/27 | 재적재  2 | 중계율 0.09 | alpha 3.632 | complete
Ep 794 | 드론3 목적지74 | 1000스텝 | 배송 52/74 | 재적재  9 | 중계율 0.17 | alpha 3.592 | step_limit
Ep 795 | 드론3 목적지58 | 1000스텝 | 배송 46/58 | 재적재  7 | 중계율 0.07 | alpha 3.578 | step_limit
Ep 796 | 드론4 목적지23 |  671스텝 | 배송 23/23 | 재적재  2 | 중계율 0.26 | alpha 3.589 | complete
Ep 797 | 드론5 목적지34 |  492스텝 | 배송 34/34 | 재적재  4 | 중계율 0.09 | alpha 3.630 | complete
Ep 798 | 드론4 목적지60 |  807스텝 | 배송 60/60 | 재적재 10 | 중계율 0.12 | alpha 3.647 | complete
Ep 799 | 드론3 목적지33 | 1000스텝 | 배송 32/33 | 재적재  5 | 중계율 0.16 | alpha 3.668 | step_limit
Ep 800 | 드론5 목적지50 |  547스텝 | 배송 50/50 | 재적재  9 | 중계율 0.11 | alpha 3.676 | complete
  [홀드아웃] 배송 48.4±4.2 완주 0.88 스텝 1333 점수 93.1 재적재 7.5 2홉+ 0.57 | 최고 106.0@ep200 정체 12/15
Ep 801 | 드론5 목적지57 |  784스텝 | 배송 57/57 | 재적재 10 | 중계율 0.12 | alpha 3.696 | complete
Ep 802 | 드론4 목적지68 | 1000스텝 | 배송 60/68 | 재적재  9 | 중계율 0.15 | alpha 3.683 | step_limit
Ep 803 | 드론4 목적지80 | 1000스텝 | 배송 66/80 | 재적재 12 | 중계율 0.14 | alpha 3.700 | step_limit
Ep 804 | 드론6 목적지65 |  655스텝 | 배송 65/65 | 재적재  9 | 중계율 0.12 | alpha 3.692 | complete
Ep 805 | 드론6 목적지78 | 1000스텝 | 배송 60/78 | 재적재  8 | 중계율 0.11 | alpha 3.663 | step_limit
Ep 806 | 드론6 목적지73 |  645스텝 | 배송 73/73 | 재적재 12 | 중계율 0.10 | alpha 3.651 | complete
Ep 807 | 드론6 목적지69 |  829스텝 | 배송 69/69 | 재적재 12 | 중계율 0.12 | alpha 3.702 | complete
Ep 808 | 드론4 목적지26 |  621스텝 | 배송 26/26 | 재적재  2 | 중계율 0.25 | alpha 3.669 | complete
Ep 809 | 드론4 목적지70 | 1000스텝 | 배송 65/70 | 재적재 10 | 중계율 0.14 | alpha 3.648 | step_limit
Ep 810 | 드론4 목적지68 | 1000스텝 | 배송 67/68 | 재적재 12 | 중계율 0.11 | alpha 3.633 | step_limit
Ep 811 | 드론3 목적지58 | 1000스텝 | 배송 50/58 | 재적재  9 | 중계율 0.11 | alpha 3.757 | step_limit
Ep 812 | 드론4 목적지33 |  499스텝 | 배송 33/33 | 재적재  4 | 중계율 0.15 | alpha 3.774 | complete
Ep 813 | 드론4 목적지41 | 1000스텝 | 배송 34/41 | 재적재  5 | 중계율 0.16 | alpha 3.753 | step_limit
Ep 814 | 드론4 목적지24 | 1000스텝 | 배송 17/24 | 재적재  1 | 중계율 0.24 | alpha 3.685 | step_limit
Ep 815 | 드론3 목적지38 | 1000스텝 | 배송 31/38 | 재적재  5 | 중계율 0.13 | alpha 3.626 | step_limit
Ep 816 | 드론3 목적지25 | 1000스텝 | 배송 18/25 | 재적재  2 | 중계율 0.16 | alpha 3.580 | step_limit
Ep 817 | 드론4 목적지53 |  717스텝 | 배송 53/53 | 재적재  8 | 중계율 0.11 | alpha 3.666 | complete
Ep 818 | 드론5 목적지28 |  395스텝 | 배송 28/28 | 재적재  4 | 중계율 0.14 | alpha 3.668 | complete
Ep 819 | 드론6 목적지23 |  284스텝 | 배송 23/23 | 재적재  1 | 중계율 0.16 | alpha 3.705 | complete
Ep 820 | 드론4 목적지74 | 1000스텝 | 배송 60/74 | 재적재  9 | 중계율 0.13 | alpha 3.746 | step_limit
Ep 821 | 드론4 목적지79 | 1000스텝 | 배송 58/79 | 재적재  8 | 중계율 0.10 | alpha 3.741 | step_limit
Ep 822 | 드론4 목적지20 |  689스텝 | 배송 20/20 | 재적재  2 | 중계율 0.13 | alpha 3.735 | complete
Ep 823 | 드론5 목적지61 | 1000스텝 | 배송 44/61 | 재적재  5 | 중계율 0.16 | alpha 3.643 | step_limit
Ep 824 | 드론3 목적지25 |  831스텝 | 배송 25/25 | 재적재  3 | 중계율 0.19 | alpha 3.650 | complete
Ep 825 | 드론3 목적지41 | 1000스텝 | 배송 40/41 | 재적재  6 | 중계율 0.21 | alpha 3.681 | step_limit
Ep 826 | 드론3 목적지53 | 1000스텝 | 배송 35/53 | 재적재  6 | 중계율 0.17 | alpha 3.741 | step_limit
Ep 827 | 드론4 목적지44 | 1000스텝 | 배송 27/44 | 재적재  4 | 중계율 0.12 | alpha 3.812 | step_limit
Ep 828 | 드론4 목적지24 |  403스텝 | 배송 24/24 | 재적재  2 | 중계율 0.13 | alpha 3.822 | complete
Ep 829 | 드론6 목적지53 |  556스텝 | 배송 53/53 | 재적재  6 | 중계율 0.14 | alpha 3.805 | complete
Ep 830 | 드론6 목적지66 |  969스텝 | 배송 49/66 | 재적재  7 | 중계율 0.12 | alpha 3.792 | no_progress
Ep 831 | 드론5 목적지69 | 1000스텝 | 배송 61/69 | 재적재 10 | 중계율 0.09 | alpha 3.775 | step_limit
Ep 832 | 드론5 목적지69 | 1000스텝 | 배송 59/69 | 재적재  9 | 중계율 0.12 | alpha 3.827 | step_limit
Ep 833 | 드론6 목적지72 | 1000스텝 | 배송 45/72 | 재적재  6 | 중계율 0.15 | alpha 3.807 | step_limit
Ep 834 | 드론4 목적지71 | 1000스텝 | 배송 44/71 | 재적재  6 | 중계율 0.21 | alpha 3.857 | step_limit
Ep 835 | 드론3 목적지56 | 1000스텝 | 배송 52/56 | 재적재  8 | 중계율 0.09 | alpha 3.737 | step_limit
Ep 836 | 드론6 목적지30 |  675스텝 | 배송 30/30 | 재적재  3 | 중계율 0.16 | alpha 3.739 | complete
Ep 837 | 드론3 목적지73 | 1000스텝 | 배송 47/73 | 재적재  7 | 중계율 0.15 | alpha 3.825 | step_limit
Ep 838 | 드론5 목적지56 |  621스텝 | 배송 56/56 | 재적재 10 | 중계율 0.07 | alpha 3.785 | complete
Ep 839 | 드론4 목적지20 | 1000스텝 | 배송 12/20 | 재적재  1 | 중계율 0.23 | alpha 3.819 | step_limit
Ep 840 | 드론3 목적지33 |  582스텝 | 배송 33/33 | 재적재  5 | 중계율 0.13 | alpha 3.853 | complete
Ep 841 | 드론4 목적지31 |  704스텝 | 배송 31/31 | 재적재  4 | 중계율 0.17 | alpha 3.864 | complete
Ep 842 | 드론3 목적지68 | 1000스텝 | 배송 47/68 | 재적재  7 | 중계율 0.14 | alpha 3.871 | step_limit
Ep 843 | 드론6 목적지51 | 1000스텝 | 배송 37/51 | 재적재  4 | 중계율 0.18 | alpha 3.844 | step_limit
Ep 844 | 드론4 목적지37 | 1000스텝 | 배송 30/37 | 재적재  4 | 중계율 0.12 | alpha 3.904 | step_limit
Ep 845 | 드론6 목적지74 |  716스텝 | 배송 74/74 | 재적재 12 | 중계율 0.07 | alpha 3.848 | complete
Ep 846 | 드론3 목적지32 |  676스텝 | 배송 32/32 | 재적재  6 | 중계율 0.07 | alpha 3.798 | complete
Ep 847 | 드론5 목적지25 |  376스텝 | 배송 25/25 | 재적재  3 | 중계율 0.08 | alpha 3.848 | complete
Ep 848 | 드론3 목적지44 | 1000스텝 | 배송 35/44 | 재적재  4 | 중계율 0.16 | alpha 3.791 | step_limit
Ep 849 | 드론5 목적지28 | 1000스텝 | 배송 24/28 | 재적재  2 | 중계율 0.17 | alpha 3.778 | step_limit
Ep 850 | 드론3 목적지47 | 1000스텝 | 배송 45/47 | 재적재  7 | 중계율 0.15 | alpha 3.904 | step_limit
  [홀드아웃] 배송 42.0±9.2 완주 0.55 스텝 1478 점수 60.1 재적재 6.5 2홉+ 0.49 | 최고 106.0@ep200 정체 13/15
Ep 851 | 드론3 목적지39 | 1000스텝 | 배송 33/39 | 재적재  5 | 중계율 0.11 | alpha 3.947 | step_limit
Ep 852 | 드론4 목적지68 | 1000스텝 | 배송 31/68 | 재적재  4 | 중계율 0.19 | alpha 3.880 | step_limit
Ep 853 | 드론4 목적지65 | 1000스텝 | 배송 40/65 | 재적재  6 | 중계율 0.17 | alpha 3.918 | step_limit
Ep 854 | 드론5 목적지61 | 1000스텝 | 배송 37/61 | 재적재  5 | 중계율 0.19 | alpha 4.033 | step_limit
Ep 855 | 드론5 목적지22 |  439스텝 | 배송 22/22 | 재적재  1 | 중계율 0.11 | alpha 4.042 | complete
Ep 856 | 드론5 목적지59 | 1000스텝 | 배송 47/59 | 재적재  7 | 중계율 0.12 | alpha 3.951 | step_limit
Ep 857 | 드론3 목적지69 | 1000스텝 | 배송 40/69 | 재적재  7 | 중계율 0.11 | alpha 4.021 | step_limit
Ep 858 | 드론6 목적지35 |  364스텝 | 배송 35/35 | 재적재  6 | 중계율 0.06 | alpha 4.014 | complete
Ep 859 | 드론3 목적지20 | 1000스텝 | 배송 14/20 | 재적재  0 | 중계율 0.18 | alpha 3.974 | step_limit
Ep 860 | 드론5 목적지42 | 1000스텝 | 배송 29/42 | 재적재  4 | 중계율 0.14 | alpha 3.985 | step_limit
Ep 861 | 드론4 목적지58 |  789스텝 | 배송 58/58 | 재적재 10 | 중계율 0.13 | alpha 3.960 | complete
Ep 862 | 드론3 목적지39 | 1000스텝 | 배송 33/39 | 재적재  5 | 중계율 0.13 | alpha 4.024 | step_limit
Ep 863 | 드론5 목적지77 | 1000스텝 | 배송 56/77 | 재적재  7 | 중계율 0.16 | alpha 4.014 | step_limit
Ep 864 | 드론6 목적지37 | 1000스텝 | 배송 23/37 | 재적재  2 | 중계율 0.18 | alpha 4.037 | step_limit
Ep 865 | 드론4 목적지33 | 1000스텝 | 배송 28/33 | 재적재  4 | 중계율 0.14 | alpha 4.052 | step_limit
Ep 866 | 드론5 목적지40 |  392스텝 | 배송 40/40 | 재적재  6 | 중계율 0.10 | alpha 3.999 | complete
Ep 867 | 드론6 목적지34 |  507스텝 | 배송 34/34 | 재적재  5 | 중계율 0.08 | alpha 4.021 | complete
Ep 868 | 드론3 목적지34 | 1000스텝 | 배송 32/34 | 재적재  5 | 중계율 0.18 | alpha 4.117 | step_limit
Ep 869 | 드론3 목적지76 | 1000스텝 | 배송 58/76 | 재적재 10 | 중계율 0.15 | alpha 4.095 | step_limit
Ep 870 | 드론4 목적지42 | 1000스텝 | 배송 28/42 | 재적재  3 | 중계율 0.17 | alpha 4.016 | step_limit
Ep 871 | 드론3 목적지47 | 1000스텝 | 배송 39/47 | 재적재  6 | 중계율 0.17 | alpha 4.020 | step_limit
Ep 872 | 드론5 목적지22 |  266스텝 | 배송 22/22 | 재적재  2 | 중계율 0.13 | alpha 4.035 | complete
Ep 873 | 드론5 목적지60 | 1000스텝 | 배송 46/60 | 재적재  6 | 중계율 0.14 | alpha 4.098 | step_limit
Ep 874 | 드론6 목적지45 |  505스텝 | 배송 45/45 | 재적재  6 | 중계율 0.15 | alpha 4.053 | complete
Ep 875 | 드론6 목적지32 | 1000스텝 | 배송 25/32 | 재적재  2 | 중계율 0.12 | alpha 4.085 | step_limit
Ep 876 | 드론3 목적지49 | 1000스텝 | 배송 38/49 | 재적재  6 | 중계율 0.11 | alpha 4.103 | step_limit
Ep 877 | 드론6 목적지77 | 1000스텝 | 배송 61/77 | 재적재  9 | 중계율 0.12 | alpha 4.166 | step_limit
Ep 878 | 드론5 목적지44 | 1000스텝 | 배송 20/44 | 재적재  2 | 중계율 0.17 | alpha 4.277 | step_limit
Ep 879 | 드론3 목적지79 | 1000스텝 | 배송 53/79 | 재적재 10 | 중계율 0.15 | alpha 4.214 | step_limit
Ep 880 | 드론5 목적지32 |  483스텝 | 배송 32/32 | 재적재  4 | 중계율 0.07 | alpha 4.198 | complete
Ep 881 | 드론6 목적지74 | 1000스텝 | 배송 49/74 | 재적재  6 | 중계율 0.17 | alpha 4.208 | step_limit
Ep 882 | 드론4 목적지76 | 1000스텝 | 배송 55/76 | 재적재  9 | 중계율 0.13 | alpha 4.179 | step_limit
Ep 883 | 드론6 목적지50 | 1000스텝 | 배송 40/50 | 재적재  4 | 중계율 0.12 | alpha 4.097 | step_limit
Ep 884 | 드론6 목적지56 |  942스텝 | 배송 56/56 | 재적재  8 | 중계율 0.11 | alpha 3.987 | complete
Ep 885 | 드론3 목적지44 | 1000스텝 | 배송 39/44 | 재적재  5 | 중계율 0.18 | alpha 3.930 | step_limit
Ep 886 | 드론6 목적지76 | 1000스텝 | 배송 66/76 | 재적재 10 | 중계율 0.12 | alpha 3.988 | step_limit
Ep 887 | 드론4 목적지67 | 1000스텝 | 배송 51/67 | 재적재  7 | 중계율 0.13 | alpha 4.065 | step_limit
Ep 888 | 드론3 목적지71 | 1000스텝 | 배송 44/71 | 재적재  7 | 중계율 0.14 | alpha 4.052 | step_limit
Ep 889 | 드론3 목적지32 |  827스텝 | 배송 32/32 | 재적재  5 | 중계율 0.14 | alpha 4.023 | complete
Ep 890 | 드론5 목적지62 | 1000스텝 | 배송 55/62 | 재적재  7 | 중계율 0.14 | alpha 4.135 | step_limit
Ep 891 | 드론3 목적지78 | 1000스텝 | 배송 51/78 | 재적재  9 | 중계율 0.14 | alpha 4.179 | step_limit
Ep 892 | 드론4 목적지39 |  974스텝 | 배송 39/39 | 재적재  5 | 중계율 0.12 | alpha 4.132 | complete
Ep 893 | 드론4 목적지65 | 1000스텝 | 배송 45/65 | 재적재  7 | 중계율 0.10 | alpha 4.128 | step_limit
Ep 894 | 드론6 목적지47 |  999스텝 | 배송 47/47 | 재적재  6 | 중계율 0.11 | alpha 4.030 | complete
Ep 895 | 드론6 목적지64 | 1000스텝 | 배송 55/64 | 재적재  9 | 중계율 0.12 | alpha 4.164 | step_limit
Ep 896 | 드론5 목적지41 | 1000스텝 | 배송 31/41 | 재적재  4 | 중계율 0.12 | alpha 4.150 | step_limit
Ep 897 | 드론6 목적지77 |  796스텝 | 배송 77/77 | 재적재 13 | 중계율 0.08 | alpha 4.120 | complete
Ep 898 | 드론4 목적지29 |  886스텝 | 배송 29/29 | 재적재  4 | 중계율 0.18 | alpha 4.179 | complete
Ep 899 | 드론3 목적지31 | 1000스텝 | 배송 25/31 | 재적재  3 | 중계율 0.16 | alpha 4.256 | step_limit
Ep 900 | 드론3 목적지69 | 1000스텝 | 배송 57/69 | 재적재  9 | 중계율 0.12 | alpha 4.306 | step_limit
  [홀드아웃] 배송 40.8±9.7 완주 0.47 스텝 1476 점수 52.6 재적재 6.1 2홉+ 0.48 | 최고 106.0@ep200 정체 14/15
Ep 901 | 드론6 목적지26 | 1000스텝 | 배송 19/26 | 재적재  0 | 중계율 0.15 | alpha 4.331 | step_limit
Ep 902 | 드론6 목적지58 | 1000스텝 | 배송 44/58 | 재적재  6 | 중계율 0.12 | alpha 4.404 | step_limit
Ep 903 | 드론3 목적지41 | 1000스텝 | 배송 25/41 | 재적재  3 | 중계율 0.12 | alpha 4.340 | step_limit
Ep 904 | 드론6 목적지47 |  541스텝 | 배송 47/47 | 재적재  7 | 중계율 0.09 | alpha 4.321 | complete
Ep 905 | 드론3 목적지63 | 1000스텝 | 배송 39/63 | 재적재  6 | 중계율 0.12 | alpha 4.353 | step_limit
Ep 906 | 드론5 목적지64 | 1000스텝 | 배송 46/64 | 재적재  5 | 중계율 0.16 | alpha 4.347 | step_limit
Ep 907 | 드론3 목적지80 | 1000스텝 | 배송 58/80 | 재적재 10 | 중계율 0.13 | alpha 4.454 | step_limit
Ep 908 | 드론6 목적지49 | 1000스텝 | 배송 40/49 | 재적재  6 | 중계율 0.14 | alpha 4.360 | step_limit
Ep 909 | 드론3 목적지68 | 1000스텝 | 배송 47/68 | 재적재  9 | 중계율 0.17 | alpha 4.348 | step_limit
Ep 910 | 드론6 목적지69 | 1000스텝 | 배송 54/69 | 재적재  9 | 중계율 0.09 | alpha 4.464 | step_limit
Ep 911 | 드론3 목적지22 |  616스텝 | 배송 22/22 | 재적재  3 | 중계율 0.14 | alpha 4.494 | complete
Ep 912 | 드론4 목적지71 | 1000스텝 | 배송 41/71 | 재적재  6 | 중계율 0.22 | alpha 4.546 | step_limit
Ep 913 | 드론3 목적지48 | 1000스텝 | 배송 40/48 | 재적재  6 | 중계율 0.11 | alpha 4.391 | step_limit
Ep 914 | 드론3 목적지64 | 1000스텝 | 배송 42/64 | 재적재  7 | 중계율 0.17 | alpha 4.389 | step_limit
Ep 915 | 드론6 목적지58 | 1000스텝 | 배송 42/58 | 재적재  5 | 중계율 0.13 | alpha 4.405 | step_limit
Ep 916 | 드론4 목적지21 |  572스텝 | 배송 21/21 | 재적재  3 | 중계율 0.17 | alpha 4.436 | complete
Ep 917 | 드론5 목적지75 | 1000스텝 | 배송 43/75 | 재적재  6 | 중계율 0.15 | alpha 4.527 | step_limit
Ep 918 | 드론6 목적지22 | 1000스텝 | 배송 16/22 | 재적재  0 | 중계율 0.15 | alpha 4.502 | step_limit
Ep 919 | 드론5 목적지73 | 1000스텝 | 배송 59/73 | 재적재 10 | 중계율 0.09 | alpha 4.549 | step_limit
Ep 920 | 드론3 목적지79 | 1000스텝 | 배송 45/79 | 재적재  8 | 중계율 0.20 | alpha 4.453 | step_limit
Ep 921 | 드론4 목적지27 |  569스텝 | 배송 27/27 | 재적재  4 | 중계율 0.09 | alpha 4.465 | complete
Ep 922 | 드론4 목적지20 |  560스텝 | 배송 20/20 | 재적재  2 | 중계율 0.10 | alpha 4.462 | complete
Ep 923 | 드론5 목적지51 | 1000스텝 | 배송 38/51 | 재적재  5 | 중계율 0.13 | alpha 4.512 | step_limit
Ep 924 | 드론6 목적지68 |  903스텝 | 배송 68/68 | 재적재 10 | 중계율 0.11 | alpha 4.478 | complete
Ep 925 | 드론6 목적지30 |  687스텝 | 배송 15/30 | 재적재  0 | 중계율 0.08 | alpha 4.503 | no_progress
Ep 926 | 드론6 목적지31 | 1000스텝 | 배송 28/31 | 재적재  2 | 중계율 0.12 | alpha 4.444 | step_limit
Ep 927 | 드론3 목적지62 | 1000스텝 | 배송 46/62 | 재적재  7 | 중계율 0.10 | alpha 4.497 | step_limit
Ep 928 | 드론3 목적지51 | 1000스텝 | 배송 38/51 | 재적재  6 | 중계율 0.15 | alpha 4.575 | step_limit
Ep 929 | 드론6 목적지34 |  451스텝 | 배송 34/34 | 재적재  5 | 중계율 0.10 | alpha 4.604 | complete
Ep 930 | 드론4 목적지57 | 1000스텝 | 배송 53/57 | 재적재  8 | 중계율 0.11 | alpha 4.520 | step_limit
Ep 931 | 드론4 목적지52 | 1000스텝 | 배송 41/52 | 재적재  6 | 중계율 0.11 | alpha 4.504 | step_limit
Ep 932 | 드론6 목적지27 |  314스텝 | 배송 27/27 | 재적재  2 | 중계율 0.12 | alpha 4.493 | complete
Ep 933 | 드론6 목적지71 | 1000스텝 | 배송 53/71 | 재적재  8 | 중계율 0.16 | alpha 4.547 | step_limit
Ep 934 | 드론6 목적지65 | 1000스텝 | 배송 47/65 | 재적재  5 | 중계율 0.15 | alpha 4.554 | step_limit
Ep 935 | 드론4 목적지29 | 1000스텝 | 배송 23/29 | 재적재  3 | 중계율 0.09 | alpha 4.558 | step_limit
Ep 936 | 드론3 목적지44 | 1000스텝 | 배송 30/44 | 재적재  5 | 중계율 0.10 | alpha 4.610 | step_limit
Ep 937 | 드론3 목적지22 |  721스텝 | 배송 22/22 | 재적재  3 | 중계율 0.18 | alpha 4.686 | complete
Ep 938 | 드론4 목적지44 | 1000스텝 | 배송 27/44 | 재적재  3 | 중계율 0.17 | alpha 4.674 | step_limit
Ep 939 | 드론5 목적지68 | 1000스텝 | 배송 43/68 | 재적재  7 | 중계율 0.18 | alpha 4.488 | step_limit
Ep 940 | 드론5 목적지43 | 1000스텝 | 배송 33/43 | 재적재  4 | 중계율 0.18 | alpha 4.518 | step_limit
Ep 941 | 드론5 목적지73 | 1000스텝 | 배송 52/73 | 재적재  6 | 중계율 0.14 | alpha 4.546 | step_limit
Ep 942 | 드론6 목적지26 |  339스텝 | 배송 26/26 | 재적재  4 | 중계율 0.12 | alpha 4.591 | complete
Ep 943 | 드론5 목적지28 | 1000스텝 | 배송 24/28 | 재적재  2 | 중계율 0.19 | alpha 4.543 | step_limit
Ep 944 | 드론3 목적지79 | 1000스텝 | 배송 66/79 | 재적재 11 | 중계율 0.13 | alpha 4.608 | step_limit
Ep 945 | 드론3 목적지61 | 1000스텝 | 배송 43/61 | 재적재  8 | 중계율 0.16 | alpha 4.513 | step_limit
Ep 946 | 드론4 목적지50 | 1000스텝 | 배송 38/50 | 재적재  5 | 중계율 0.15 | alpha 4.400 | step_limit
Ep 947 | 드론6 목적지25 |  501스텝 | 배송 25/25 | 재적재  2 | 중계율 0.10 | alpha 4.434 | complete
Ep 948 | 드론6 목적지58 |  782스텝 | 배송 58/58 | 재적재  8 | 중계율 0.12 | alpha 4.432 | complete
Ep 949 | 드론6 목적지52 |  683스텝 | 배송 52/52 | 재적재  8 | 중계율 0.13 | alpha 4.387 | complete
Ep 950 | 드론6 목적지43 | 1000스텝 | 배송 34/43 | 재적재  4 | 중계율 0.11 | alpha 4.411 | step_limit
  [홀드아웃] 배송 39.6±10.2 완주 0.45 스텝 1478 점수 50.1 재적재 5.9 2홉+ 0.44 | 최고 106.0@ep200 정체 15/15

조기 종료. 최고 106.0@ep200
Training finished. best=106.0 @ ep200
