/home/kopt/enter/envs/wsl_neuroMCTS/lib/python3.10/site-packages/pygame/pkgdata.py:25: UserWarning: pkg_resources is deprecated as an API. See https://setuptools.pypa.io/en/latest/pkg_resources.html. The pkg_resources package is slated for removal as early as 2025-11-30. Refrain from using this package or pin to Setuptools<81.
  from pkg_resources import resource_stream, resource_exists
pygame 2.6.1 (SDL 2.28.4, Python 3.10.19)
Hello from the pygame community. https://www.pygame.org/contribute.html
집합 상위 학습 | 반경 300 상한 1000 무배송 500 gamma 0.997 구성=무작위 드론[3, 4] 목적지[20, 80] CC무작위 인스턴스=무작위 목표유지=off 완주보상=0.0 잔여페널티=0.1 규칙관측=False 규칙정규화=2.0/중계가중치=1.0 막힘페널티=0.0 중계크레딧=0.0/재분배=0.0/드론별보상=False 도달권shaping=0.0 정체전환보상=0.0 엔트로피비=0.6->0.25@400 자기회귀=True/가까운순=False 정체재결정=60 결합critic=False 홀드아웃상한=3000 선택=makespan/속도가중치=40.0
/home/kopt/drone/proposed_src/pipeline/train_v5_26_09_15_23.py:419: UserWarning: Converting a tensor with requires_grad=True to a scalar may lead to unexpected behavior.
Consider using tensor.detach() first. (Triggered internally at /pytorch/torch/csrc/autograd/generated/python_variable_methods.cpp:836.)
  writer.add_scalar("train/alpha", float(log_alpha.exp()), ep)
Ep 1 | 드론4 목적지43 | 1000스텝 | 배송 41/43 | 재적재  7 | 중계율 0.10 | alpha 0.100 | step_limit
Ep 2 | 드론3 목적지74 | 1000스텝 | 배송 59/74 | 재적재 10 | 중계율 0.07 | alpha 0.100 | step_limit
Ep 3 | 드론4 목적지43 |  879스텝 | 배송 43/43 | 재적재  7 | 중계율 0.08 | alpha 0.100 | complete
Ep 4 | 드론3 목적지23 | 1000스텝 | 배송 17/23 | 재적재  2 | 중계율 0.12 | alpha 0.100 | step_limit
Ep 5 | 드론3 목적지31 |  991스텝 | 배송 31/31 | 재적재  5 | 중계율 0.19 | alpha 0.100 | complete
Ep 6 | 드론3 목적지68 | 1000스텝 | 배송 60/68 | 재적재 11 | 중계율 0.24 | alpha 0.110 | step_limit
Ep 7 | 드론4 목적지44 |  553스텝 | 배송 44/44 | 재적재  6 | 중계율 0.30 | alpha 0.116 | complete
Ep 8 | 드론4 목적지30 |  378스텝 | 배송 30/30 | 재적재  4 | 중계율 0.27 | alpha 0.120 | complete
Ep 9 | 드론4 목적지42 |  796스텝 | 배송 42/42 | 재적재  7 | 중계율 0.37 | alpha 0.129 | complete
Ep 10 | 드론4 목적지47 |  634스텝 | 배송 47/47 | 재적재  7 | 중계율 0.30 | alpha 0.135 | complete
Ep 11 | 드론4 목적지21 |  516스텝 | 배송 21/21 | 재적재  3 | 중계율 0.25 | alpha 0.141 | complete
Ep 12 | 드론3 목적지37 |  661스텝 | 배송 37/37 | 재적재  6 | 중계율 0.22 | alpha 0.148 | complete
Ep 13 | 드론4 목적지28 |  403스텝 | 배송 28/28 | 재적재  4 | 중계율 0.22 | alpha 0.153 | complete
Ep 14 | 드론3 목적지41 |  709스텝 | 배송 41/41 | 재적재  8 | 중계율 0.24 | alpha 0.161 | complete
Ep 15 | 드론3 목적지66 | 1000스텝 | 배송 53/66 | 재적재  9 | 중계율 0.25 | alpha 0.174 | step_limit
Ep 16 | 드론3 목적지71 | 1000스텝 | 배송 59/71 | 재적재 11 | 중계율 0.30 | alpha 0.187 | step_limit
Ep 17 | 드론3 목적지24 |  582스텝 | 배송 10/24 | 재적재  0 | 중계율 0.42 | alpha 0.195 | no_progress
Ep 18 | 드론4 목적지49 |  600스텝 | 배송 49/49 | 재적재  8 | 중계율 0.27 | alpha 0.204 | complete
Ep 19 | 드론4 목적지34 |  453스텝 | 배송 34/34 | 재적재  5 | 중계율 0.27 | alpha 0.211 | complete
Ep 20 | 드론3 목적지48 | 1000스텝 | 배송 39/48 | 재적재  6 | 중계율 0.23 | alpha 0.227 | step_limit
Ep 21 | 드론3 목적지63 | 1000스텝 | 배송 45/63 | 재적재  8 | 중계율 0.27 | alpha 0.243 | step_limit
Ep 22 | 드론4 목적지46 |  802스텝 | 배송 46/46 | 재적재  9 | 중계율 0.35 | alpha 0.258 | complete
Ep 23 | 드론3 목적지44 |  888스텝 | 배송 44/44 | 재적재  8 | 중계율 0.30 | alpha 0.274 | complete
Ep 24 | 드론4 목적지41 |  540스텝 | 배송 41/41 | 재적재  6 | 중계율 0.28 | alpha 0.285 | complete
Ep 25 | 드론4 목적지38 |  707스텝 | 배송 38/38 | 재적재  5 | 중계율 0.29 | alpha 0.299 | complete
Ep 26 | 드론4 목적지77 | 1000스텝 | 배송 73/77 | 재적재 13 | 중계율 0.30 | alpha 0.320 | step_limit
Ep 27 | 드론3 목적지41 | 1000스텝 | 배송 36/41 | 재적재  7 | 중계율 0.27 | alpha 0.342 | step_limit
Ep 28 | 드론4 목적지52 | 1000스텝 | 배송 50/52 | 재적재  7 | 중계율 0.41 | alpha 0.366 | step_limit
Ep 29 | 드론4 목적지72 | 1000스텝 | 배송 56/72 | 재적재  9 | 중계율 0.38 | alpha 0.392 | step_limit
Ep 30 | 드론4 목적지61 | 1000스텝 | 배송 60/61 | 재적재  9 | 중계율 0.39 | alpha 0.419 | step_limit
Ep 31 | 드론4 목적지45 |  656스텝 | 배송 45/45 | 재적재  6 | 중계율 0.26 | alpha 0.437 | complete
Ep 32 | 드론3 목적지68 | 1000스텝 | 배송 63/68 | 재적재 10 | 중계율 0.31 | alpha 0.466 | step_limit
Ep 33 | 드론3 목적지35 |  909스텝 | 배송 35/35 | 재적재  6 | 중계율 0.33 | alpha 0.493 | complete
Ep 34 | 드론3 목적지24 |  354스텝 | 배송 24/24 | 재적재  3 | 중계율 0.14 | alpha 0.504 | complete
Ep 35 | 드론3 목적지58 | 1000스텝 | 배송 57/58 | 재적재 10 | 중계율 0.27 | alpha 0.536 | step_limit
Ep 36 | 드론3 목적지64 | 1000스텝 | 배송 60/64 | 재적재  9 | 중계율 0.33 | alpha 0.569 | step_limit
Ep 37 | 드론4 목적지58 | 1000스텝 | 배송 49/58 | 재적재  7 | 중계율 0.38 | alpha 0.606 | step_limit
Ep 38 | 드론3 목적지77 | 1000스텝 | 배송 48/77 | 재적재  8 | 중계율 0.23 | alpha 0.645 | step_limit
Ep 39 | 드론3 목적지28 |  603스텝 | 배송 28/28 | 재적재  3 | 중계율 0.35 | alpha 0.671 | complete
Ep 40 | 드론3 목적지37 |  781스텝 | 배송 37/37 | 재적재  6 | 중계율 0.26 | alpha 0.706 | complete
Ep 41 | 드론4 목적지59 |  849스텝 | 배송 59/59 | 재적재 11 | 중계율 0.18 | alpha 0.748 | complete
Ep 42 | 드론4 목적지58 | 1000스텝 | 배송 54/58 | 재적재  7 | 중계율 0.39 | alpha 0.804 | step_limit
Ep 43 | 드론4 목적지20 |  465스텝 | 배송 20/20 | 재적재  2 | 중계율 0.29 | alpha 0.831 | complete
Ep 44 | 드론4 목적지30 |  583스텝 | 배송 30/30 | 재적재  4 | 중계율 0.19 | alpha 0.867 | complete
Ep 45 | 드론4 목적지39 |  482스텝 | 배송 39/39 | 재적재  6 | 중계율 0.28 | alpha 0.898 | complete
Ep 46 | 드론4 목적지32 |  506스텝 | 배송 32/32 | 재적재  4 | 중계율 0.26 | alpha 0.932 | complete
Ep 47 | 드론4 목적지35 |  563스텝 | 배송 35/35 | 재적재  4 | 중계율 0.32 | alpha 0.970 | complete
Ep 48 | 드론4 목적지39 |  856스텝 | 배송 39/39 | 재적재  5 | 중계율 0.40 | alpha 1.031 | complete
Ep 49 | 드론4 목적지47 |  746스텝 | 배송 47/47 | 재적재  7 | 중계율 0.29 | alpha 1.085 | complete
Ep 50 | 드론3 목적지72 | 1000스텝 | 배송 61/72 | 재적재 11 | 중계율 0.24 | alpha 1.162 | step_limit
  [홀드아웃] 배송 49.1±2.9 완주 0.84 스텝 1067 점수 109.5 재적재 7.6 2홉+ 0.64 | 최고 109.5@ep50 정체 0/8  ← 갱신
Ep 51 | 드론3 목적지71 | 1000스텝 | 배송 65/71 | 재적재 11 | 중계율 0.21 | alpha 1.240 | step_limit
Ep 52 | 드론3 목적지45 |  788스텝 | 배송 45/45 | 재적재  7 | 중계율 0.23 | alpha 1.305 | complete
Ep 53 | 드론4 목적지64 |  616스텝 | 배송 64/64 | 재적재 12 | 중계율 0.18 | alpha 1.355 | complete
Ep 54 | 드론4 목적지24 |  734스텝 | 배송 24/24 | 재적재  3 | 중계율 0.41 | alpha 1.415 | complete
Ep 55 | 드론4 목적지60 | 1000스텝 | 배송 55/60 | 재적재  7 | 중계율 0.36 | alpha 1.493 | step_limit
Ep 56 | 드론4 목적지20 |  385스텝 | 배송 20/20 | 재적재  2 | 중계율 0.21 | alpha 1.522 | complete
Ep 57 | 드론4 목적지61 |  720스텝 | 배송 61/61 | 재적재 10 | 중계율 0.22 | alpha 1.575 | complete
Ep 58 | 드론4 목적지77 | 1000스텝 | 배송 69/77 | 재적재 11 | 중계율 0.24 | alpha 1.642 | step_limit
Ep 59 | 드론4 목적지40 |  970스텝 | 배송 40/40 | 재적재  4 | 중계율 0.44 | alpha 1.706 | complete
Ep 60 | 드론3 목적지76 | 1000스텝 | 배송 65/76 | 재적재 11 | 중계율 0.23 | alpha 1.775 | step_limit
Ep 61 | 드론4 목적지66 | 1000스텝 | 배송 60/66 | 재적재 10 | 중계율 0.26 | alpha 1.839 | step_limit
Ep 62 | 드론4 목적지43 |  666스텝 | 배송 43/43 | 재적재  8 | 중계율 0.21 | alpha 1.883 | complete
Ep 63 | 드론4 목적지57 | 1000스텝 | 배송 49/57 | 재적재  9 | 중계율 0.23 | alpha 1.930 | step_limit
Ep 64 | 드론3 목적지52 | 1000스텝 | 배송 50/52 | 재적재  8 | 중계율 0.22 | alpha 1.954 | step_limit
Ep 65 | 드론4 목적지42 |  835스텝 | 배송 42/42 | 재적재  6 | 중계율 0.18 | alpha 1.966 | complete
Ep 66 | 드론3 목적지41 |  901스텝 | 배송 41/41 | 재적재  7 | 중계율 0.24 | alpha 1.987 | complete
Ep 67 | 드론4 목적지23 |  441스텝 | 배송 23/23 | 재적재  3 | 중계율 0.18 | alpha 1.991 | complete
Ep 68 | 드론4 목적지77 | 1000스텝 | 배송 74/77 | 재적재 13 | 중계율 0.16 | alpha 1.996 | step_limit
Ep 69 | 드론3 목적지48 |  793스텝 | 배송 48/48 | 재적재  8 | 중계율 0.18 | alpha 1.989 | complete
Ep 70 | 드론3 목적지69 | 1000스텝 | 배송 50/69 | 재적재  9 | 중계율 0.24 | alpha 1.968 | step_limit
Ep 71 | 드론4 목적지34 |  496스텝 | 배송 34/34 | 재적재  5 | 중계율 0.17 | alpha 1.962 | complete
Ep 72 | 드론4 목적지61 | 1000스텝 | 배송 50/61 | 재적재  9 | 중계율 0.27 | alpha 1.970 | step_limit
Ep 73 | 드론4 목적지50 | 1000스텝 | 배송 43/50 | 재적재  6 | 중계율 0.33 | alpha 1.984 | step_limit
Ep 74 | 드론3 목적지70 | 1000스텝 | 배송 61/70 | 재적재 11 | 중계율 0.16 | alpha 1.971 | step_limit
Ep 75 | 드론4 목적지21 |  317스텝 | 배송 21/21 | 재적재  3 | 중계율 0.23 | alpha 1.964 | complete
Ep 76 | 드론3 목적지49 | 1000스텝 | 배송 41/49 | 재적재  6 | 중계율 0.28 | alpha 1.951 | step_limit
Ep 77 | 드론3 목적지67 | 1000스텝 | 배송 48/67 | 재적재  8 | 중계율 0.30 | alpha 1.935 | step_limit
Ep 78 | 드론3 목적지34 |  892스텝 | 배송 34/34 | 재적재  4 | 중계율 0.22 | alpha 1.928 | complete
Ep 79 | 드론4 목적지31 |  563스텝 | 배송 31/31 | 재적재  4 | 중계율 0.25 | alpha 1.940 | complete
Ep 80 | 드론3 목적지44 |  766스텝 | 배송 44/44 | 재적재  6 | 중계율 0.21 | alpha 1.955 | complete
Ep 81 | 드론4 목적지71 | 1000스텝 | 배송 65/71 | 재적재 10 | 중계율 0.31 | alpha 1.957 | step_limit
Ep 82 | 드론3 목적지59 | 1000스텝 | 배송 51/59 | 재적재  9 | 중계율 0.18 | alpha 1.945 | step_limit
Ep 83 | 드론4 목적지21 |  348스텝 | 배송 21/21 | 재적재  3 | 중계율 0.11 | alpha 1.946 | complete
Ep 84 | 드론3 목적지41 |  881스텝 | 배송 41/41 | 재적재  8 | 중계율 0.23 | alpha 1.926 | complete
Ep 85 | 드론4 목적지38 |  845스텝 | 배송 38/38 | 재적재  5 | 중계율 0.34 | alpha 1.907 | complete
Ep 86 | 드론4 목적지64 | 1000스텝 | 배송 63/64 | 재적재 12 | 중계율 0.26 | alpha 1.910 | step_limit
Ep 87 | 드론4 목적지24 |  438스텝 | 배송 24/24 | 재적재  3 | 중계율 0.24 | alpha 1.916 | complete
Ep 88 | 드론4 목적지66 |  763스텝 | 배송 66/66 | 재적재 11 | 중계율 0.21 | alpha 1.911 | complete
Ep 89 | 드론4 목적지20 |  659스텝 | 배송 20/20 | 재적재  1 | 중계율 0.25 | alpha 1.934 | complete
Ep 90 | 드론4 목적지37 |  371스텝 | 배송 37/37 | 재적재  5 | 중계율 0.13 | alpha 1.954 | complete
Ep 91 | 드론3 목적지60 | 1000스텝 | 배송 50/60 | 재적재  8 | 중계율 0.20 | alpha 1.975 | step_limit
Ep 92 | 드론3 목적지37 | 1000스텝 | 배송 35/37 | 재적재  6 | 중계율 0.26 | alpha 2.021 | step_limit
Ep 93 | 드론3 목적지27 |  682스텝 | 배송 27/27 | 재적재  4 | 중계율 0.28 | alpha 2.021 | complete
Ep 94 | 드론3 목적지76 | 1000스텝 | 배송 53/76 | 재적재  9 | 중계율 0.21 | alpha 2.018 | step_limit
Ep 95 | 드론4 목적지30 |  371스텝 | 배송 30/30 | 재적재  3 | 중계율 0.19 | alpha 1.998 | complete
Ep 96 | 드론4 목적지34 |  901스텝 | 배송 34/34 | 재적재  6 | 중계율 0.32 | alpha 1.985 | complete
Ep 97 | 드론4 목적지35 |  804스텝 | 배송 35/35 | 재적재  4 | 중계율 0.30 | alpha 1.967 | complete
Ep 98 | 드론4 목적지39 |  596스텝 | 배송 39/39 | 재적재  5 | 중계율 0.17 | alpha 1.943 | complete
Ep 99 | 드론4 목적지69 | 1000스텝 | 배송 55/69 | 재적재  9 | 중계율 0.32 | alpha 1.951 | step_limit
Ep 100 | 드론4 목적지80 | 1000스텝 | 배송 76/80 | 재적재 14 | 중계율 0.17 | alpha 1.931 | step_limit
  [홀드아웃] 배송 49.8±1.6 완주 0.95 스텝 1140 점수 119.8 재적재 7.8 2홉+ 0.65 | 최고 119.8@ep100 정체 0/8  ← 갱신
Ep 101 | 드론3 목적지62 | 1000스텝 | 배송 54/62 | 재적재 10 | 중계율 0.19 | alpha 1.938 | step_limit
Ep 102 | 드론3 목적지30 |  700스텝 | 배송 30/30 | 재적재  4 | 중계율 0.17 | alpha 1.948 | complete
Ep 103 | 드론4 목적지75 | 1000스텝 | 배송 71/75 | 재적재 12 | 중계율 0.25 | alpha 1.921 | step_limit
Ep 104 | 드론3 목적지39 | 1000스텝 | 배송 34/39 | 재적재  4 | 중계율 0.24 | alpha 1.911 | step_limit
Ep 105 | 드론4 목적지24 |  563스텝 | 배송 24/24 | 재적재  4 | 중계율 0.29 | alpha 1.901 | complete
Ep 106 | 드론4 목적지73 | 1000스텝 | 배송 64/73 | 재적재 10 | 중계율 0.28 | alpha 1.898 | step_limit
Ep 107 | 드론4 목적지25 |  327스텝 | 배송 25/25 | 재적재  3 | 중계율 0.14 | alpha 1.899 | complete
Ep 108 | 드론3 목적지69 | 1000스텝 | 배송 58/69 | 재적재 10 | 중계율 0.24 | alpha 1.869 | step_limit
Ep 109 | 드론3 목적지25 |  399스텝 | 배송 25/25 | 재적재  4 | 중계율 0.17 | alpha 1.878 | complete
Ep 110 | 드론3 목적지26 |  880스텝 | 배송 26/26 | 재적재  4 | 중계율 0.27 | alpha 1.897 | complete
Ep 111 | 드론3 목적지21 |  452스텝 | 배송 21/21 | 재적재  2 | 중계율 0.19 | alpha 1.888 | complete
Ep 112 | 드론4 목적지31 |  452스텝 | 배송 31/31 | 재적재  4 | 중계율 0.09 | alpha 1.885 | complete
Ep 113 | 드론3 목적지57 | 1000스텝 | 배송 47/57 | 재적재  7 | 중계율 0.30 | alpha 1.906 | step_limit
Ep 114 | 드론4 목적지64 | 1000스텝 | 배송 47/64 | 재적재  8 | 중계율 0.31 | alpha 1.891 | step_limit
Ep 115 | 드론4 목적지57 |  742스텝 | 배송 57/57 | 재적재  9 | 중계율 0.21 | alpha 1.868 | complete
Ep 116 | 드론3 목적지78 | 1000스텝 | 배송 58/78 | 재적재  9 | 중계율 0.23 | alpha 1.884 | step_limit
Ep 117 | 드론4 목적지76 | 1000스텝 | 배송 64/76 | 재적재 10 | 중계율 0.32 | alpha 1.903 | step_limit
Ep 118 | 드론3 목적지59 | 1000스텝 | 배송 54/59 | 재적재  9 | 중계율 0.18 | alpha 1.892 | step_limit
Ep 119 | 드론3 목적지73 | 1000스텝 | 배송 60/73 | 재적재 10 | 중계율 0.23 | alpha 1.878 | step_limit
Ep 120 | 드론3 목적지68 | 1000스텝 | 배송 60/68 | 재적재 11 | 중계율 0.21 | alpha 1.855 | step_limit
Ep 121 | 드론4 목적지59 | 1000스텝 | 배송 53/59 | 재적재  8 | 중계율 0.26 | alpha 1.824 | step_limit
Ep 122 | 드론4 목적지55 |  931스텝 | 배송 55/55 | 재적재 10 | 중계율 0.25 | alpha 1.835 | complete
Ep 123 | 드론3 목적지22 |  385스텝 | 배송 22/22 | 재적재  3 | 중계율 0.14 | alpha 1.843 | complete
Ep 124 | 드론3 목적지57 | 1000스텝 | 배송 47/57 | 재적재  8 | 중계율 0.14 | alpha 1.828 | step_limit
Ep 125 | 드론3 목적지29 |  600스텝 | 배송 29/29 | 재적재  4 | 중계율 0.24 | alpha 1.837 | complete
Ep 126 | 드론4 목적지80 |  971스텝 | 배송 80/80 | 재적재 13 | 중계율 0.24 | alpha 1.846 | complete
Ep 127 | 드론4 목적지23 |  578스텝 | 배송 23/23 | 재적재  2 | 중계율 0.29 | alpha 1.838 | complete
Ep 128 | 드론3 목적지75 | 1000스텝 | 배송 52/75 | 재적재  9 | 중계율 0.27 | alpha 1.827 | step_limit
Ep 129 | 드론4 목적지31 |  687스텝 | 배송 31/31 | 재적재  5 | 중계율 0.32 | alpha 1.838 | complete
Ep 130 | 드론4 목적지26 |  369스텝 | 배송 26/26 | 재적재  4 | 중계율 0.14 | alpha 1.855 | complete
Ep 131 | 드론4 목적지57 | 1000스텝 | 배송 56/57 | 재적재 10 | 중계율 0.24 | alpha 1.819 | step_limit
Ep 132 | 드론3 목적지51 | 1000스텝 | 배송 44/51 | 재적재  7 | 중계율 0.27 | alpha 1.783 | step_limit
Ep 133 | 드론4 목적지36 |  716스텝 | 배송 36/36 | 재적재  6 | 중계율 0.34 | alpha 1.764 | complete
Ep 134 | 드론4 목적지49 |  974스텝 | 배송 49/49 | 재적재  9 | 중계율 0.27 | alpha 1.758 | complete
Ep 135 | 드론3 목적지56 | 1000스텝 | 배송 53/56 | 재적재  9 | 중계율 0.25 | alpha 1.753 | step_limit
Ep 136 | 드론3 목적지38 |  866스텝 | 배송 38/38 | 재적재  6 | 중계율 0.26 | alpha 1.748 | complete
Ep 137 | 드론4 목적지37 |  635스텝 | 배송 37/37 | 재적재  5 | 중계율 0.18 | alpha 1.744 | complete
Ep 138 | 드론4 목적지68 |  954스텝 | 배송 68/68 | 재적재 12 | 중계율 0.30 | alpha 1.738 | complete
Ep 139 | 드론3 목적지63 | 1000스텝 | 배송 59/63 | 재적재 10 | 중계율 0.17 | alpha 1.730 | step_limit
Ep 140 | 드론4 목적지64 |  767스텝 | 배송 64/64 | 재적재 10 | 중계율 0.22 | alpha 1.689 | complete
Ep 141 | 드론3 목적지48 | 1000스텝 | 배송 43/48 | 재적재  6 | 중계율 0.24 | alpha 1.673 | step_limit
Ep 142 | 드론4 목적지69 |  924스텝 | 배송 69/69 | 재적재 12 | 중계율 0.23 | alpha 1.658 | complete
Ep 143 | 드론3 목적지58 |  897스텝 | 배송 58/58 | 재적재 10 | 중계율 0.20 | alpha 1.668 | complete
Ep 144 | 드론4 목적지55 |  975스텝 | 배송 55/55 | 재적재 10 | 중계율 0.29 | alpha 1.677 | complete
Ep 145 | 드론3 목적지39 | 1000스텝 | 배송 38/39 | 재적재  5 | 중계율 0.31 | alpha 1.691 | step_limit
Ep 146 | 드론3 목적지60 | 1000스텝 | 배송 58/60 | 재적재 10 | 중계율 0.15 | alpha 1.673 | step_limit
Ep 147 | 드론3 목적지44 |  832스텝 | 배송 44/44 | 재적재  7 | 중계율 0.18 | alpha 1.625 | complete
Ep 148 | 드론4 목적지50 |  933스텝 | 배송 50/50 | 재적재  8 | 중계율 0.29 | alpha 1.622 | complete
Ep 149 | 드론3 목적지36 |  855스텝 | 배송 36/36 | 재적재  5 | 중계율 0.20 | alpha 1.646 | complete
Ep 150 | 드론4 목적지78 | 1000스텝 | 배송 65/78 | 재적재 11 | 중계율 0.23 | alpha 1.657 | step_limit
  [홀드아웃] 배송 49.7±1.7 완주 0.97 스텝 1061 점수 123.4 재적재 8.0 2홉+ 0.63 | 최고 123.4@ep150 정체 0/8  ← 갱신
Ep 151 | 드론3 목적지64 | 1000스텝 | 배송 60/64 | 재적재 11 | 중계율 0.18 | alpha 1.676 | step_limit
Ep 152 | 드론4 목적지21 |  327스텝 | 배송 21/21 | 재적재  2 | 중계율 0.09 | alpha 1.672 | complete
Ep 153 | 드론4 목적지76 | 1000스텝 | 배송 74/76 | 재적재 13 | 중계율 0.26 | alpha 1.668 | step_limit
Ep 154 | 드론3 목적지40 |  856스텝 | 배송 40/40 | 재적재  7 | 중계율 0.22 | alpha 1.664 | complete
Ep 155 | 드론3 목적지64 | 1000스텝 | 배송 53/64 | 재적재  9 | 중계율 0.19 | alpha 1.631 | step_limit
Ep 156 | 드론4 목적지50 |  885스텝 | 배송 50/50 | 재적재  7 | 중계율 0.30 | alpha 1.649 | complete
Ep 157 | 드론3 목적지56 |  922스텝 | 배송 56/56 | 재적재 11 | 중계율 0.20 | alpha 1.625 | complete
Ep 158 | 드론4 목적지67 | 1000스텝 | 배송 59/67 | 재적재 10 | 중계율 0.25 | alpha 1.615 | step_limit
Ep 159 | 드론4 목적지78 | 1000스텝 | 배송 67/78 | 재적재 12 | 중계율 0.16 | alpha 1.566 | step_limit
Ep 160 | 드론4 목적지23 |  530스텝 | 배송 23/23 | 재적재  3 | 중계율 0.30 | alpha 1.545 | complete
Ep 161 | 드론4 목적지73 | 1000스텝 | 배송 65/73 | 재적재 10 | 중계율 0.27 | alpha 1.534 | step_limit
Ep 162 | 드론3 목적지49 |  968스텝 | 배송 49/49 | 재적재  9 | 중계율 0.17 | alpha 1.515 | complete
Ep 163 | 드론4 목적지36 |  666스텝 | 배송 36/36 | 재적재  5 | 중계율 0.23 | alpha 1.466 | complete
Ep 164 | 드론4 목적지54 |  831스텝 | 배송 54/54 | 재적재  9 | 중계율 0.19 | alpha 1.431 | complete
Ep 165 | 드론4 목적지47 |  724스텝 | 배송 47/47 | 재적재  8 | 중계율 0.24 | alpha 1.412 | complete
Ep 166 | 드론4 목적지63 |  876스텝 | 배송 63/63 | 재적재 10 | 중계율 0.23 | alpha 1.406 | complete
Ep 167 | 드론4 목적지38 |  602스텝 | 배송 38/38 | 재적재  5 | 중계율 0.27 | alpha 1.425 | complete
Ep 168 | 드론4 목적지44 | 1000스텝 | 배송 41/44 | 재적재  6 | 중계율 0.30 | alpha 1.450 | step_limit
Ep 169 | 드론4 목적지45 |  733스텝 | 배송 45/45 | 재적재  8 | 중계율 0.23 | alpha 1.483 | complete
Ep 170 | 드론3 목적지78 | 1000스텝 | 배송 64/78 | 재적재 11 | 중계율 0.15 | alpha 1.477 | step_limit
Ep 171 | 드론4 목적지34 |  655스텝 | 배송 34/34 | 재적재  5 | 중계율 0.28 | alpha 1.464 | complete
Ep 172 | 드론3 목적지48 | 1000스텝 | 배송 46/48 | 재적재  8 | 중계율 0.17 | alpha 1.451 | step_limit
Ep 173 | 드론3 목적지64 | 1000스텝 | 배송 55/64 | 재적재 10 | 중계율 0.25 | alpha 1.450 | step_limit
Ep 174 | 드론4 목적지38 |  700스텝 | 배송 38/38 | 재적재  5 | 중계율 0.16 | alpha 1.433 | complete
Ep 175 | 드론3 목적지56 | 1000스텝 | 배송 51/56 | 재적재  9 | 중계율 0.27 | alpha 1.417 | step_limit
Ep 176 | 드론3 목적지68 | 1000스텝 | 배송 44/68 | 재적재  7 | 중계율 0.30 | alpha 1.388 | step_limit
Ep 177 | 드론4 목적지74 | 1000스텝 | 배송 70/74 | 재적재 13 | 중계율 0.27 | alpha 1.385 | step_limit
Ep 178 | 드론4 목적지37 |  622스텝 | 배송 37/37 | 재적재  6 | 중계율 0.21 | alpha 1.376 | complete
Ep 179 | 드론4 목적지48 |  773스텝 | 배송 48/48 | 재적재  8 | 중계율 0.26 | alpha 1.371 | complete
Ep 180 | 드론3 목적지61 | 1000스텝 | 배송 42/61 | 재적재  7 | 중계율 0.25 | alpha 1.383 | step_limit
Ep 181 | 드론3 목적지80 | 1000스텝 | 배송 60/80 | 재적재 12 | 중계율 0.25 | alpha 1.400 | step_limit
Ep 182 | 드론4 목적지31 |  516스텝 | 배송 31/31 | 재적재  4 | 중계율 0.26 | alpha 1.399 | complete
Ep 183 | 드론3 목적지53 |  969스텝 | 배송 35/53 | 재적재  6 | 중계율 0.28 | alpha 1.408 | no_progress
Ep 184 | 드론3 목적지64 | 1000스텝 | 배송 39/64 | 재적재  6 | 중계율 0.31 | alpha 1.397 | step_limit
Ep 185 | 드론3 목적지49 |  893스텝 | 배송 49/49 | 재적재  9 | 중계율 0.17 | alpha 1.378 | complete
Ep 186 | 드론4 목적지47 |  754스텝 | 배송 47/47 | 재적재  8 | 중계율 0.25 | alpha 1.369 | complete
Ep 187 | 드론4 목적지59 | 1000스텝 | 배송 55/59 | 재적재  9 | 중계율 0.28 | alpha 1.367 | step_limit
Ep 188 | 드론3 목적지33 |  848스텝 | 배송 33/33 | 재적재  6 | 중계율 0.23 | alpha 1.372 | complete
Ep 189 | 드론4 목적지35 |  529스텝 | 배송 35/35 | 재적재  4 | 중계율 0.16 | alpha 1.365 | complete
Ep 190 | 드론3 목적지30 |  503스텝 | 배송 30/30 | 재적재  4 | 중계율 0.20 | alpha 1.371 | complete
Ep 191 | 드론3 목적지70 | 1000스텝 | 배송 58/70 | 재적재 10 | 중계율 0.21 | alpha 1.373 | step_limit
Ep 192 | 드론4 목적지36 |  437스텝 | 배송 36/36 | 재적재  6 | 중계율 0.16 | alpha 1.383 | complete
Ep 193 | 드론3 목적지54 | 1000스텝 | 배송 49/54 | 재적재  9 | 중계율 0.28 | alpha 1.367 | step_limit
Ep 194 | 드론3 목적지76 | 1000스텝 | 배송 60/76 | 재적재  9 | 중계율 0.24 | alpha 1.371 | step_limit
Ep 195 | 드론4 목적지74 | 1000스텝 | 배송 56/74 | 재적재  9 | 중계율 0.30 | alpha 1.375 | step_limit
Ep 196 | 드론4 목적지70 | 1000스텝 | 배송 66/70 | 재적재 12 | 중계율 0.30 | alpha 1.360 | step_limit
Ep 197 | 드론3 목적지34 |  874스텝 | 배송 34/34 | 재적재  6 | 중계율 0.27 | alpha 1.352 | complete
Ep 198 | 드론3 목적지33 |  826스텝 | 배송 33/33 | 재적재  6 | 중계율 0.29 | alpha 1.349 | complete
Ep 199 | 드론4 목적지46 |  784스텝 | 배송 46/46 | 재적재  8 | 중계율 0.21 | alpha 1.353 | complete
Ep 200 | 드론4 목적지42 |  672스텝 | 배송 42/42 | 재적재  6 | 중계율 0.18 | alpha 1.362 | complete
  [홀드아웃] 배송 49.8±1.0 완주 0.97 스텝 1069 점수 123.2 재적재 7.9 2홉+ 0.63 | 최고 123.4@ep150 정체 1/8
Ep 201 | 드론4 목적지51 |  718스텝 | 배송 51/51 | 재적재  8 | 중계율 0.20 | alpha 1.377 | complete
Ep 202 | 드론4 목적지32 |  512스텝 | 배송 32/32 | 재적재  4 | 중계율 0.36 | alpha 1.395 | complete
Ep 203 | 드론4 목적지30 |  874스텝 | 배송 30/30 | 재적재  5 | 중계율 0.39 | alpha 1.393 | complete
Ep 204 | 드론4 목적지73 | 1000스텝 | 배송 66/73 | 재적재 12 | 중계율 0.30 | alpha 1.387 | step_limit
Ep 205 | 드론3 목적지44 |  946스텝 | 배송 35/44 | 재적재  5 | 중계율 0.25 | alpha 1.389 | no_progress
Ep 206 | 드론3 목적지26 |  443스텝 | 배송 26/26 | 재적재  4 | 중계율 0.17 | alpha 1.393 | complete
Ep 207 | 드론4 목적지40 |  843스텝 | 배송 40/40 | 재적재  7 | 중계율 0.29 | alpha 1.387 | complete
Ep 208 | 드론4 목적지35 |  734스텝 | 배송 35/35 | 재적재  5 | 중계율 0.31 | alpha 1.388 | complete
Ep 209 | 드론4 목적지75 |  748스텝 | 배송 75/75 | 재적재 13 | 중계율 0.12 | alpha 1.377 | complete
Ep 210 | 드론4 목적지56 | 1000스텝 | 배송 50/56 | 재적재  8 | 중계율 0.27 | alpha 1.336 | step_limit
Ep 211 | 드론3 목적지26 |  491스텝 | 배송 26/26 | 재적재  4 | 중계율 0.21 | alpha 1.309 | complete
Ep 212 | 드론3 목적지58 | 1000스텝 | 배송 55/58 | 재적재 10 | 중계율 0.16 | alpha 1.282 | step_limit
Ep 213 | 드론3 목적지44 |  905스텝 | 배송 44/44 | 재적재  7 | 중계율 0.24 | alpha 1.245 | complete
Ep 214 | 드론3 목적지56 | 1000스텝 | 배송 53/56 | 재적재 10 | 중계율 0.21 | alpha 1.243 | step_limit
Ep 215 | 드론3 목적지64 | 1000스텝 | 배송 48/64 | 재적재  8 | 중계율 0.26 | alpha 1.242 | step_limit
Ep 216 | 드론4 목적지40 |  752스텝 | 배송 40/40 | 재적재  6 | 중계율 0.33 | alpha 1.245 | complete
Ep 217 | 드론4 목적지41 |  660스텝 | 배송 41/41 | 재적재  6 | 중계율 0.12 | alpha 1.245 | complete
Ep 218 | 드론3 목적지31 |  653스텝 | 배송 31/31 | 재적재  5 | 중계율 0.25 | alpha 1.228 | complete
Ep 219 | 드론3 목적지80 | 1000스텝 | 배송 70/80 | 재적재 12 | 중계율 0.22 | alpha 1.187 | step_limit
Ep 220 | 드론3 목적지53 |  975스텝 | 배송 53/53 | 재적재  9 | 중계율 0.28 | alpha 1.145 | complete
Ep 221 | 드론4 목적지72 | 1000스텝 | 배송 71/72 | 재적재 12 | 중계율 0.21 | alpha 1.136 | step_limit
Ep 222 | 드론3 목적지27 |  685스텝 | 배송 27/27 | 재적재  4 | 중계율 0.27 | alpha 1.119 | complete
Ep 223 | 드론4 목적지22 |  407스텝 | 배송 22/22 | 재적재  3 | 중계율 0.30 | alpha 1.116 | complete
Ep 224 | 드론3 목적지62 | 1000스텝 | 배송 55/62 | 재적재 10 | 중계율 0.27 | alpha 1.112 | step_limit
Ep 225 | 드론4 목적지58 |  871스텝 | 배송 58/58 | 재적재 10 | 중계율 0.19 | alpha 1.114 | complete
Ep 226 | 드론4 목적지37 |  859스텝 | 배송 37/37 | 재적재  7 | 중계율 0.28 | alpha 1.121 | complete
Ep 227 | 드론3 목적지49 | 1000스텝 | 배송 48/49 | 재적재  8 | 중계율 0.29 | alpha 1.125 | step_limit
Ep 228 | 드론4 목적지72 |  879스텝 | 배송 72/72 | 재적재 12 | 중계율 0.16 | alpha 1.141 | complete
Ep 229 | 드론3 목적지77 | 1000스텝 | 배송 60/77 | 재적재 10 | 중계율 0.27 | alpha 1.146 | step_limit
Ep 230 | 드론4 목적지53 |  832스텝 | 배송 53/53 | 재적재  8 | 중계율 0.21 | alpha 1.139 | complete
Ep 231 | 드론4 목적지56 | 1000스텝 | 배송 52/56 | 재적재 10 | 중계율 0.36 | alpha 1.148 | step_limit
Ep 232 | 드론3 목적지28 |  950스텝 | 배송 28/28 | 재적재  4 | 중계율 0.31 | alpha 1.130 | complete
Ep 233 | 드론4 목적지40 |  852스텝 | 배송 40/40 | 재적재  5 | 중계율 0.35 | alpha 1.126 | complete
Ep 234 | 드론4 목적지29 |  599스텝 | 배송 29/29 | 재적재  4 | 중계율 0.19 | alpha 1.115 | complete
Ep 235 | 드론4 목적지69 |  960스텝 | 배송 69/69 | 재적재 13 | 중계율 0.28 | alpha 1.090 | complete
Ep 236 | 드론3 목적지30 |  766스텝 | 배송 30/30 | 재적재  3 | 중계율 0.23 | alpha 1.072 | complete
Ep 237 | 드론4 목적지24 |  392스텝 | 배송 24/24 | 재적재  2 | 중계율 0.28 | alpha 1.064 | complete
Ep 238 | 드론4 목적지21 |  420스텝 | 배송 21/21 | 재적재  2 | 중계율 0.26 | alpha 1.059 | complete
Ep 239 | 드론4 목적지60 | 1000스텝 | 배송 58/60 | 재적재  9 | 중계율 0.31 | alpha 1.056 | step_limit
Ep 240 | 드론4 목적지58 |  923스텝 | 배송 58/58 | 재적재 11 | 중계율 0.28 | alpha 1.050 | complete
Ep 241 | 드론3 목적지26 |  886스텝 | 배송 26/26 | 재적재  4 | 중계율 0.16 | alpha 1.045 | complete
Ep 242 | 드론3 목적지43 |  890스텝 | 배송 43/43 | 재적재  8 | 중계율 0.25 | alpha 1.043 | complete
Ep 243 | 드론4 목적지55 |  842스텝 | 배송 55/55 | 재적재  9 | 중계율 0.25 | alpha 1.063 | complete
Ep 244 | 드론4 목적지48 |  522스텝 | 배송 48/48 | 재적재  8 | 중계율 0.19 | alpha 1.050 | complete
Ep 245 | 드론4 목적지67 | 1000스텝 | 배송 54/67 | 재적재 10 | 중계율 0.27 | alpha 1.039 | step_limit
Ep 246 | 드론3 목적지65 | 1000스텝 | 배송 59/65 | 재적재 10 | 중계율 0.20 | alpha 1.024 | step_limit
Ep 247 | 드론4 목적지49 |  770스텝 | 배송 49/49 | 재적재  8 | 중계율 0.28 | alpha 1.011 | complete
Ep 248 | 드론3 목적지41 |  797스텝 | 배송 41/41 | 재적재  6 | 중계율 0.27 | alpha 1.029 | complete
Ep 249 | 드론4 목적지26 |  302스텝 | 배송 26/26 | 재적재  3 | 중계율 0.12 | alpha 1.032 | complete
Ep 250 | 드론4 목적지43 |  851스텝 | 배송 43/43 | 재적재  6 | 중계율 0.27 | alpha 1.017 | complete
  [홀드아웃] 배송 49.9±0.9 완주 0.97 스텝 1088 점수 123.0 재적재 8.0 2홉+ 0.61 | 최고 123.4@ep150 정체 2/8
Ep 251 | 드론4 목적지71 |  954스텝 | 배송 71/71 | 재적재 11 | 중계율 0.24 | alpha 0.997 | complete
Ep 252 | 드론3 목적지48 | 1000스텝 | 배송 45/48 | 재적재  7 | 중계율 0.27 | alpha 1.003 | step_limit
Ep 253 | 드론3 목적지30 |  749스텝 | 배송 30/30 | 재적재  4 | 중계율 0.29 | alpha 1.020 | complete
Ep 254 | 드론4 목적지26 |  555스텝 | 배송 26/26 | 재적재  3 | 중계율 0.35 | alpha 1.015 | complete
Ep 255 | 드론4 목적지69 | 1000스텝 | 배송 61/69 | 재적재 11 | 중계율 0.23 | alpha 1.000 | step_limit
Ep 256 | 드론4 목적지33 |  721스텝 | 배송 33/33 | 재적재  6 | 중계율 0.35 | alpha 0.999 | complete
Ep 257 | 드론3 목적지55 | 1000스텝 | 배송 50/55 | 재적재  9 | 중계율 0.31 | alpha 0.981 | step_limit
Ep 258 | 드론4 목적지36 |  775스텝 | 배송 36/36 | 재적재  5 | 중계율 0.39 | alpha 0.979 | complete
Ep 259 | 드론3 목적지79 | 1000스텝 | 배송 70/79 | 재적재 11 | 중계율 0.19 | alpha 0.973 | step_limit
Ep 260 | 드론3 목적지41 |  790스텝 | 배송 41/41 | 재적재  8 | 중계율 0.21 | alpha 0.972 | complete
Ep 261 | 드론4 목적지21 |  619스텝 | 배송 21/21 | 재적재  3 | 중계율 0.35 | alpha 0.955 | complete
Ep 262 | 드론3 목적지43 | 1000스텝 | 배송 42/43 | 재적재  7 | 중계율 0.26 | alpha 0.942 | step_limit
Ep 263 | 드론4 목적지21 |  416스텝 | 배송 21/21 | 재적재  3 | 중계율 0.24 | alpha 0.933 | complete
Ep 264 | 드론4 목적지50 |  859스텝 | 배송 50/50 | 재적재  7 | 중계율 0.35 | alpha 0.928 | complete
Ep 265 | 드론3 목적지35 |  748스텝 | 배송 17/35 | 재적재  2 | 중계율 0.40 | alpha 0.929 | no_progress
Ep 266 | 드론3 목적지54 |  955스텝 | 배송 54/54 | 재적재  9 | 중계율 0.28 | alpha 0.951 | complete
Ep 267 | 드론4 목적지46 |  653스텝 | 배송 46/46 | 재적재  8 | 중계율 0.16 | alpha 0.950 | complete
Ep 268 | 드론3 목적지33 | 1000스텝 | 배송 31/33 | 재적재  4 | 중계율 0.20 | alpha 0.956 | step_limit
Ep 269 | 드론3 목적지42 |  960스텝 | 배송 42/42 | 재적재  8 | 중계율 0.25 | alpha 0.957 | complete
Ep 270 | 드론3 목적지45 |  777스텝 | 배송 45/45 | 재적재  7 | 중계율 0.27 | alpha 0.938 | complete
Ep 271 | 드론4 목적지37 |  983스텝 | 배송 37/37 | 재적재  6 | 중계율 0.33 | alpha 0.922 | complete
Ep 272 | 드론3 목적지47 |  865스텝 | 배송 47/47 | 재적재  8 | 중계율 0.23 | alpha 0.927 | complete
Ep 273 | 드론4 목적지76 | 1000스텝 | 배송 68/76 | 재적재 12 | 중계율 0.23 | alpha 0.933 | step_limit
Ep 274 | 드론4 목적지29 |  551스텝 | 배송 29/29 | 재적재  4 | 중계율 0.29 | alpha 0.936 | complete
Ep 275 | 드론3 목적지78 | 1000스텝 | 배송 65/78 | 재적재 13 | 중계율 0.25 | alpha 0.944 | step_limit
Ep 276 | 드론4 목적지49 |  599스텝 | 배송 49/49 | 재적재  7 | 중계율 0.21 | alpha 0.937 | complete
Ep 277 | 드론3 목적지67 | 1000스텝 | 배송 60/67 | 재적재 10 | 중계율 0.27 | alpha 0.922 | step_limit
Ep 278 | 드론3 목적지30 |  640스텝 | 배송 30/30 | 재적재  4 | 중계율 0.32 | alpha 0.924 | complete
Ep 279 | 드론4 목적지44 |  599스텝 | 배송 44/44 | 재적재  7 | 중계율 0.19 | alpha 0.920 | complete
Ep 280 | 드론3 목적지32 |  543스텝 | 배송 32/32 | 재적재  5 | 중계율 0.21 | alpha 0.911 | complete
Ep 281 | 드론3 목적지36 |  852스텝 | 배송 36/36 | 재적재  6 | 중계율 0.32 | alpha 0.908 | complete
Ep 282 | 드론3 목적지56 | 1000스텝 | 배송 55/56 | 재적재 10 | 중계율 0.23 | alpha 0.895 | step_limit
Ep 283 | 드론3 목적지75 | 1000스텝 | 배송 71/75 | 재적재 12 | 중계율 0.18 | alpha 0.904 | step_limit
Ep 284 | 드론4 목적지21 |  316스텝 | 배송 21/21 | 재적재  2 | 중계율 0.13 | alpha 0.901 | complete
Ep 285 | 드론4 목적지72 |  899스텝 | 배송 72/72 | 재적재 12 | 중계율 0.22 | alpha 0.913 | complete
Ep 286 | 드론4 목적지78 |  889스텝 | 배송 78/78 | 재적재 15 | 중계율 0.19 | alpha 0.920 | complete
Ep 287 | 드론3 목적지39 |  669스텝 | 배송 39/39 | 재적재  5 | 중계율 0.19 | alpha 0.912 | complete
Ep 288 | 드론3 목적지39 |  765스텝 | 배송 39/39 | 재적재  7 | 중계율 0.22 | alpha 0.900 | complete
Ep 289 | 드론3 목적지49 |  994스텝 | 배송 49/49 | 재적재  8 | 중계율 0.25 | alpha 0.882 | complete
Ep 290 | 드론3 목적지29 |  548스텝 | 배송 29/29 | 재적재  3 | 중계율 0.22 | alpha 0.881 | complete
Ep 291 | 드론4 목적지68 |  726스텝 | 배송 68/68 | 재적재 11 | 중계율 0.16 | alpha 0.872 | complete
Ep 292 | 드론3 목적지69 | 1000스텝 | 배송 58/69 | 재적재 11 | 중계율 0.20 | alpha 0.860 | step_limit
Ep 293 | 드론3 목적지38 |  908스텝 | 배송 38/38 | 재적재  7 | 중계율 0.25 | alpha 0.855 | complete
Ep 294 | 드론4 목적지41 |  613스텝 | 배송 41/41 | 재적재  6 | 중계율 0.25 | alpha 0.851 | complete
Ep 295 | 드론3 목적지35 | 1000스텝 | 배송 33/35 | 재적재  5 | 중계율 0.29 | alpha 0.840 | step_limit
Ep 296 | 드론4 목적지49 | 1000스텝 | 배송 40/49 | 재적재  6 | 중계율 0.24 | alpha 0.828 | step_limit
Ep 297 | 드론3 목적지78 | 1000스텝 | 배송 54/78 | 재적재 10 | 중계율 0.21 | alpha 0.820 | step_limit
Ep 298 | 드론3 목적지73 | 1000스텝 | 배송 64/73 | 재적재 10 | 중계율 0.20 | alpha 0.822 | step_limit
Ep 299 | 드론4 목적지75 | 1000스텝 | 배송 71/75 | 재적재 13 | 중계율 0.22 | alpha 0.823 | step_limit
Ep 300 | 드론3 목적지39 |  865스텝 | 배송 39/39 | 재적재  5 | 중계율 0.26 | alpha 0.821 | complete
  [홀드아웃] 배송 49.7±1.9 완주 0.97 스텝 985 점수 124.4 재적재 8.1 2홉+ 0.62 | 최고 124.4@ep300 정체 0/8  ← 갱신
Ep 301 | 드론3 목적지69 | 1000스텝 | 배송 65/69 | 재적재 11 | 중계율 0.20 | alpha 0.820 | step_limit
Ep 302 | 드론4 목적지60 | 1000스텝 | 배송 46/60 | 재적재  7 | 중계율 0.29 | alpha 0.823 | step_limit
Ep 303 | 드론3 목적지74 | 1000스텝 | 배송 70/74 | 재적재 12 | 중계율 0.16 | alpha 0.817 | step_limit
Ep 304 | 드론3 목적지25 |  482스텝 | 배송 25/25 | 재적재  4 | 중계율 0.19 | alpha 0.820 | complete
Ep 305 | 드론3 목적지75 | 1000스텝 | 배송 44/75 | 재적재  8 | 중계율 0.29 | alpha 0.795 | step_limit
Ep 306 | 드론3 목적지29 |  521스텝 | 배송 29/29 | 재적재  3 | 중계율 0.25 | alpha 0.784 | complete
Ep 307 | 드론4 목적지29 |  425스텝 | 배송 29/29 | 재적재  4 | 중계율 0.20 | alpha 0.776 | complete
Ep 308 | 드론4 목적지35 |  492스텝 | 배송 35/35 | 재적재  5 | 중계율 0.11 | alpha 0.763 | complete
Ep 309 | 드론4 목적지37 |  789스텝 | 배송 37/37 | 재적재  6 | 중계율 0.31 | alpha 0.760 | complete
Ep 310 | 드론3 목적지74 | 1000스텝 | 배송 60/74 | 재적재 10 | 중계율 0.24 | alpha 0.746 | step_limit
Ep 311 | 드론4 목적지42 |  703스텝 | 배송 42/42 | 재적재  6 | 중계율 0.31 | alpha 0.731 | complete
Ep 312 | 드론4 목적지73 | 1000스텝 | 배송 57/73 | 재적재 10 | 중계율 0.32 | alpha 0.706 | step_limit
Ep 313 | 드론3 목적지34 |  915스텝 | 배송 34/34 | 재적재  5 | 중계율 0.36 | alpha 0.703 | complete
Ep 314 | 드론3 목적지26 |  714스텝 | 배송 26/26 | 재적재  4 | 중계율 0.25 | alpha 0.708 | complete
Ep 315 | 드론4 목적지20 |  418스텝 | 배송 20/20 | 재적재  2 | 중계율 0.35 | alpha 0.713 | complete
Ep 316 | 드론4 목적지24 |  404스텝 | 배송 24/24 | 재적재  3 | 중계율 0.19 | alpha 0.714 | complete
Ep 317 | 드론4 목적지23 |  631스텝 | 배송 23/23 | 재적재  3 | 중계율 0.35 | alpha 0.709 | complete
Ep 318 | 드론3 목적지45 |  850스텝 | 배송 45/45 | 재적재  8 | 중계율 0.26 | alpha 0.701 | complete
Ep 319 | 드론4 목적지52 |  916스텝 | 배송 52/52 | 재적재  8 | 중계율 0.30 | alpha 0.689 | complete
Ep 320 | 드론3 목적지25 |  683스텝 | 배송 25/25 | 재적재  4 | 중계율 0.26 | alpha 0.683 | complete
Ep 321 | 드론3 목적지34 |  901스텝 | 배송 34/34 | 재적재  6 | 중계율 0.26 | alpha 0.679 | complete
Ep 322 | 드론3 목적지33 |  728스텝 | 배송 33/33 | 재적재  5 | 중계율 0.25 | alpha 0.682 | complete
Ep 323 | 드론3 목적지35 |  842스텝 | 배송 35/35 | 재적재  6 | 중계율 0.29 | alpha 0.680 | complete
Ep 324 | 드론4 목적지70 |  920스텝 | 배송 70/70 | 재적재 12 | 중계율 0.21 | alpha 0.678 | complete
Ep 325 | 드론3 목적지43 | 1000스텝 | 배송 41/43 | 재적재  7 | 중계율 0.24 | alpha 0.678 | step_limit
Ep 326 | 드론4 목적지42 |  796스텝 | 배송 25/42 | 재적재  3 | 중계율 0.35 | alpha 0.678 | no_progress
Ep 327 | 드론4 목적지62 |  842스텝 | 배송 62/62 | 재적재 10 | 중계율 0.25 | alpha 0.671 | complete
Ep 328 | 드론3 목적지53 | 1000스텝 | 배송 51/53 | 재적재  8 | 중계율 0.23 | alpha 0.659 | step_limit
Ep 329 | 드론4 목적지31 |  491스텝 | 배송 31/31 | 재적재  4 | 중계율 0.22 | alpha 0.655 | complete
Ep 330 | 드론3 목적지65 | 1000스텝 | 배송 57/65 | 재적재  9 | 중계율 0.25 | alpha 0.635 | step_limit
Ep 331 | 드론3 목적지25 |  568스텝 | 배송 25/25 | 재적재  4 | 중계율 0.20 | alpha 0.629 | complete
Ep 332 | 드론3 목적지79 | 1000스텝 | 배송 67/79 | 재적재 12 | 중계율 0.25 | alpha 0.621 | step_limit
Ep 333 | 드론3 목적지37 |  976스텝 | 배송 37/37 | 재적재  7 | 중계율 0.33 | alpha 0.617 | complete
Ep 334 | 드론3 목적지72 |  998스텝 | 배송 72/72 | 재적재 12 | 중계율 0.20 | alpha 0.625 | complete
Ep 335 | 드론3 목적지23 |  490스텝 | 배송 23/23 | 재적재  3 | 중계율 0.31 | alpha 0.630 | complete
Ep 336 | 드론3 목적지57 | 1000스텝 | 배송 54/57 | 재적재 10 | 중계율 0.29 | alpha 0.633 | step_limit
Ep 337 | 드론3 목적지76 | 1000스텝 | 배송 65/76 | 재적재 11 | 중계율 0.26 | alpha 0.642 | step_limit
Ep 338 | 드론3 목적지30 |  752스텝 | 배송 30/30 | 재적재  4 | 중계율 0.27 | alpha 0.649 | complete
Ep 339 | 드론4 목적지73 |  898스텝 | 배송 73/73 | 재적재 13 | 중계율 0.20 | alpha 0.648 | complete
Ep 340 | 드론4 목적지34 |  475스텝 | 배송 34/34 | 재적재  5 | 중계율 0.20 | alpha 0.651 | complete
Ep 341 | 드론4 목적지26 |  622스텝 | 배송 26/26 | 재적재  2 | 중계율 0.36 | alpha 0.661 | complete
Ep 342 | 드론3 목적지46 |  960스텝 | 배송 46/46 | 재적재  8 | 중계율 0.22 | alpha 0.660 | complete
Ep 343 | 드론3 목적지50 | 1000스텝 | 배송 38/50 | 재적재  6 | 중계율 0.29 | alpha 0.652 | step_limit
Ep 344 | 드론4 목적지28 |  362스텝 | 배송 28/28 | 재적재  3 | 중계율 0.18 | alpha 0.651 | complete
Ep 345 | 드론4 목적지61 | 1000스텝 | 배송 57/61 | 재적재 10 | 중계율 0.36 | alpha 0.641 | step_limit
Ep 346 | 드론3 목적지29 |  968스텝 | 배송 29/29 | 재적재  5 | 중계율 0.28 | alpha 0.629 | complete
Ep 347 | 드론3 목적지42 | 1000스텝 | 배송 41/42 | 재적재  7 | 중계율 0.33 | alpha 0.626 | step_limit
Ep 348 | 드론4 목적지53 |  741스텝 | 배송 53/53 | 재적재  9 | 중계율 0.17 | alpha 0.624 | complete
Ep 349 | 드론3 목적지62 | 1000스텝 | 배송 56/62 | 재적재  9 | 중계율 0.28 | alpha 0.617 | step_limit
Ep 350 | 드론3 목적지79 | 1000스텝 | 배송 70/79 | 재적재 12 | 중계율 0.20 | alpha 0.606 | step_limit
  [홀드아웃] 배송 49.5±2.2 완주 0.91 스텝 987 점수 118.1 재적재 7.8 2홉+ 0.62 | 최고 124.4@ep300 정체 1/8
Ep 351 | 드론4 목적지65 | 1000스텝 | 배송 58/65 | 재적재 10 | 중계율 0.31 | alpha 0.599 | step_limit
Ep 352 | 드론4 목적지36 |  488스텝 | 배송 36/36 | 재적재  5 | 중계율 0.22 | alpha 0.592 | complete
Ep 353 | 드론3 목적지62 |  906스텝 | 배송 62/62 | 재적재 12 | 중계율 0.14 | alpha 0.573 | complete
Ep 354 | 드론4 목적지35 |  373스텝 | 배송 35/35 | 재적재  6 | 중계율 0.15 | alpha 0.563 | complete
Ep 355 | 드론3 목적지24 |  610스텝 | 배송 24/24 | 재적재  3 | 중계율 0.19 | alpha 0.550 | complete
Ep 356 | 드론4 목적지62 | 1000스텝 | 배송 45/62 | 재적재  8 | 중계율 0.33 | alpha 0.544 | step_limit
Ep 357 | 드론3 목적지21 |  727스텝 | 배송 21/21 | 재적재  3 | 중계율 0.21 | alpha 0.535 | complete
Ep 358 | 드론4 목적지26 |  329스텝 | 배송 26/26 | 재적재  4 | 중계율 0.16 | alpha 0.533 | complete
Ep 359 | 드론3 목적지52 | 1000스텝 | 배송 50/52 | 재적재  8 | 중계율 0.32 | alpha 0.516 | step_limit
Ep 360 | 드론4 목적지52 |  839스텝 | 배송 52/52 | 재적재  9 | 중계율 0.30 | alpha 0.503 | complete
Ep 361 | 드론3 목적지40 | 1000스텝 | 배송 30/40 | 재적재  5 | 중계율 0.31 | alpha 0.496 | step_limit
Ep 362 | 드론4 목적지52 | 1000스텝 | 배송 45/52 | 재적재  7 | 중계율 0.41 | alpha 0.485 | step_limit
Ep 363 | 드론4 목적지64 | 1000스텝 | 배송 60/64 | 재적재 11 | 중계율 0.35 | alpha 0.472 | step_limit
Ep 364 | 드론3 목적지64 | 1000스텝 | 배송 59/64 | 재적재 10 | 중계율 0.31 | alpha 0.467 | step_limit
Ep 365 | 드론4 목적지69 | 1000스텝 | 배송 63/69 | 재적재 11 | 중계율 0.29 | alpha 0.462 | step_limit
Ep 366 | 드론4 목적지61 |  925스텝 | 배송 61/61 | 재적재 11 | 중계율 0.20 | alpha 0.460 | complete
Ep 367 | 드론3 목적지53 |  823스텝 | 배송 53/53 | 재적재  9 | 중계율 0.13 | alpha 0.460 | complete
Ep 368 | 드론4 목적지73 |  920스텝 | 배송 73/73 | 재적재 12 | 중계율 0.18 | alpha 0.461 | complete
Ep 369 | 드론4 목적지30 |  456스텝 | 배송 30/30 | 재적재  4 | 중계율 0.12 | alpha 0.463 | complete
Ep 370 | 드론3 목적지71 | 1000스텝 | 배송 70/71 | 재적재 13 | 중계율 0.18 | alpha 0.463 | step_limit
Ep 371 | 드론3 목적지54 | 1000스텝 | 배송 40/54 | 재적재  7 | 중계율 0.28 | alpha 0.453 | step_limit
Ep 372 | 드론4 목적지80 |  921스텝 | 배송 80/80 | 재적재 14 | 중계율 0.24 | alpha 0.453 | complete
Ep 373 | 드론3 목적지41 |  740스텝 | 배송 41/41 | 재적재  6 | 중계율 0.24 | alpha 0.453 | complete
Ep 374 | 드론3 목적지67 | 1000스텝 | 배송 58/67 | 재적재  9 | 중계율 0.26 | alpha 0.457 | step_limit
Ep 375 | 드론3 목적지62 | 1000스텝 | 배송 52/62 | 재적재  9 | 중계율 0.32 | alpha 0.462 | step_limit
Ep 376 | 드론4 목적지72 | 1000스텝 | 배송 65/72 | 재적재 11 | 중계율 0.25 | alpha 0.465 | step_limit
Ep 377 | 드론4 목적지63 | 1000스텝 | 배송 60/63 | 재적재 10 | 중계율 0.38 | alpha 0.463 | step_limit
Ep 378 | 드론4 목적지74 |  808스텝 | 배송 74/74 | 재적재 12 | 중계율 0.18 | alpha 0.464 | complete
Ep 379 | 드론3 목적지77 | 1000스텝 | 배송 70/77 | 재적재 13 | 중계율 0.26 | alpha 0.461 | step_limit
Ep 380 | 드론3 목적지73 | 1000스텝 | 배송 71/73 | 재적재 12 | 중계율 0.20 | alpha 0.452 | step_limit
Ep 381 | 드론4 목적지20 |  317스텝 | 배송 20/20 | 재적재  3 | 중계율 0.15 | alpha 0.450 | complete
Ep 382 | 드론3 목적지75 | 1000스텝 | 배송 68/75 | 재적재 11 | 중계율 0.28 | alpha 0.442 | step_limit
Ep 383 | 드론3 목적지52 | 1000스텝 | 배송 49/52 | 재적재  9 | 중계율 0.29 | alpha 0.438 | step_limit
Ep 384 | 드론3 목적지77 | 1000스텝 | 배송 62/77 | 재적재 12 | 중계율 0.19 | alpha 0.431 | step_limit
Ep 385 | 드론3 목적지62 | 1000스텝 | 배송 55/62 | 재적재  9 | 중계율 0.31 | alpha 0.427 | step_limit
Ep 386 | 드론3 목적지80 | 1000스텝 | 배송 65/80 | 재적재 12 | 중계율 0.31 | alpha 0.430 | step_limit
Ep 387 | 드론3 목적지31 |  580스텝 | 배송 31/31 | 재적재  5 | 중계율 0.16 | alpha 0.427 | complete
Ep 388 | 드론3 목적지33 |  881스텝 | 배송 33/33 | 재적재  5 | 중계율 0.34 | alpha 0.432 | complete
Ep 389 | 드론4 목적지72 | 1000스텝 | 배송 70/72 | 재적재 11 | 중계율 0.28 | alpha 0.427 | step_limit
Ep 390 | 드론4 목적지71 |  886스텝 | 배송 71/71 | 재적재 13 | 중계율 0.21 | alpha 0.422 | complete
Ep 391 | 드론4 목적지50 |  978스텝 | 배송 50/50 | 재적재  8 | 중계율 0.21 | alpha 0.413 | complete
Ep 392 | 드론4 목적지71 |  851스텝 | 배송 71/71 | 재적재 13 | 중계율 0.21 | alpha 0.410 | complete
Ep 393 | 드론4 목적지21 |  329스텝 | 배송 21/21 | 재적재  3 | 중계율 0.27 | alpha 0.409 | complete
Ep 394 | 드론4 목적지60 | 1000스텝 | 배송 52/60 | 재적재 10 | 중계율 0.32 | alpha 0.401 | step_limit
Ep 395 | 드론4 목적지55 |  757스텝 | 배송 55/55 | 재적재  9 | 중계율 0.13 | alpha 0.389 | complete
Ep 396 | 드론4 목적지71 |  899스텝 | 배송 71/71 | 재적재 12 | 중계율 0.12 | alpha 0.380 | complete
Ep 397 | 드론3 목적지36 |  613스텝 | 배송 36/36 | 재적재  6 | 중계율 0.23 | alpha 0.370 | complete
Ep 398 | 드론3 목적지52 |  723스텝 | 배송 52/52 | 재적재  9 | 중계율 0.16 | alpha 0.361 | complete
Ep 399 | 드론3 목적지46 |  856스텝 | 배송 46/46 | 재적재  8 | 중계율 0.22 | alpha 0.354 | complete
Ep 400 | 드론3 목적지34 |  721스텝 | 배송 34/34 | 재적재  5 | 중계율 0.32 | alpha 0.349 | complete
  [홀드아웃] 배송 48.9±3.9 완주 0.85 스텝 976 점수 112.0 재적재 7.6 2홉+ 0.62 | 최고 124.4@ep300 정체 2/8
Ep 401 | 드론3 목적지38 |  733스텝 | 배송 38/38 | 재적재  6 | 중계율 0.31 | alpha 0.345 | complete
Ep 402 | 드론4 목적지36 |  738스텝 | 배송 36/36 | 재적재  5 | 중계율 0.28 | alpha 0.346 | complete
Ep 403 | 드론3 목적지73 | 1000스텝 | 배송 69/73 | 재적재 12 | 중계율 0.25 | alpha 0.342 | step_limit
Ep 404 | 드론4 목적지70 | 1000스텝 | 배송 64/70 | 재적재 11 | 중계율 0.32 | alpha 0.343 | step_limit
Ep 405 | 드론3 목적지25 |  466스텝 | 배송 25/25 | 재적재  3 | 중계율 0.27 | alpha 0.347 | complete
Ep 406 | 드론4 목적지58 |  780스텝 | 배송 58/58 | 재적재  9 | 중계율 0.31 | alpha 0.350 | complete
Ep 407 | 드론4 목적지70 | 1000스텝 | 배송 69/70 | 재적재 12 | 중계율 0.28 | alpha 0.351 | step_limit
Ep 408 | 드론3 목적지40 |  610스텝 | 배송 40/40 | 재적재  6 | 중계율 0.18 | alpha 0.351 | complete
Ep 409 | 드론3 목적지30 |  593스텝 | 배송 30/30 | 재적재  4 | 중계율 0.26 | alpha 0.350 | complete
Ep 410 | 드론3 목적지63 | 1000스텝 | 배송 60/63 | 재적재 11 | 중계율 0.23 | alpha 0.351 | step_limit
Ep 411 | 드론3 목적지48 |  967스텝 | 배송 48/48 | 재적재  9 | 중계율 0.26 | alpha 0.352 | complete
Ep 412 | 드론4 목적지34 |  558스텝 | 배송 34/34 | 재적재  5 | 중계율 0.26 | alpha 0.355 | complete
Ep 413 | 드론3 목적지22 |  412스텝 | 배송 22/22 | 재적재  2 | 중계율 0.26 | alpha 0.357 | complete
Ep 414 | 드론3 목적지51 | 1000스텝 | 배송 50/51 | 재적재  8 | 중계율 0.31 | alpha 0.369 | step_limit
Ep 415 | 드론4 목적지45 |  872스텝 | 배송 45/45 | 재적재  7 | 중계율 0.34 | alpha 0.379 | complete
Ep 416 | 드론3 목적지60 | 1000스텝 | 배송 55/60 | 재적재  9 | 중계율 0.29 | alpha 0.392 | step_limit
Ep 417 | 드론3 목적지43 |  935스텝 | 배송 43/43 | 재적재  7 | 중계율 0.32 | alpha 0.405 | complete
Ep 418 | 드론4 목적지75 | 1000스텝 | 배송 69/75 | 재적재 11 | 중계율 0.30 | alpha 0.425 | step_limit
Ep 419 | 드론4 목적지60 | 1000스텝 | 배송 57/60 | 재적재 10 | 중계율 0.34 | alpha 0.441 | step_limit
Ep 420 | 드론3 목적지22 |  431스텝 | 배송 22/22 | 재적재  3 | 중계율 0.23 | alpha 0.449 | complete
Ep 421 | 드론4 목적지40 |  837스텝 | 배송 40/40 | 재적재  4 | 중계율 0.36 | alpha 0.467 | complete
Ep 422 | 드론4 목적지52 |  700스텝 | 배송 52/52 | 재적재  8 | 중계율 0.19 | alpha 0.477 | complete
Ep 423 | 드론3 목적지29 |  517스텝 | 배송 29/29 | 재적재  5 | 중계율 0.17 | alpha 0.479 | complete
Ep 424 | 드론3 목적지29 |  570스텝 | 배송 29/29 | 재적재  5 | 중계율 0.22 | alpha 0.487 | complete
Ep 425 | 드론3 목적지80 | 1000스텝 | 배송 70/80 | 재적재 12 | 중계율 0.25 | alpha 0.500 | step_limit
Ep 426 | 드론4 목적지78 |  805스텝 | 배송 78/78 | 재적재 14 | 중계율 0.18 | alpha 0.501 | complete
Ep 427 | 드론3 목적지46 |  869스텝 | 배송 46/46 | 재적재  8 | 중계율 0.33 | alpha 0.513 | complete
Ep 428 | 드론4 목적지72 |  878스텝 | 배송 72/72 | 재적재 13 | 중계율 0.23 | alpha 0.516 | complete
Ep 429 | 드론3 목적지72 | 1000스텝 | 배송 57/72 | 재적재 10 | 중계율 0.27 | alpha 0.522 | step_limit
Ep 430 | 드론3 목적지78 | 1000스텝 | 배송 71/78 | 재적재 14 | 중계율 0.22 | alpha 0.528 | step_limit
Ep 431 | 드론3 목적지23 |  507스텝 | 배송 23/23 | 재적재  4 | 중계율 0.26 | alpha 0.533 | complete
Ep 432 | 드론4 목적지41 |  449스텝 | 배송 41/41 | 재적재  7 | 중계율 0.15 | alpha 0.541 | complete
Ep 433 | 드론3 목적지66 | 1000스텝 | 배송 61/66 | 재적재 10 | 중계율 0.24 | alpha 0.545 | step_limit
Ep 434 | 드론4 목적지62 |  802스텝 | 배송 62/62 | 재적재 10 | 중계율 0.28 | alpha 0.548 | complete
Ep 435 | 드론3 목적지32 |  906스텝 | 배송 32/32 | 재적재  5 | 중계율 0.33 | alpha 0.560 | complete
Ep 436 | 드론4 목적지65 |  803스텝 | 배송 65/65 | 재적재 11 | 중계율 0.22 | alpha 0.565 | complete
Ep 437 | 드론4 목적지61 |  654스텝 | 배송 61/61 | 재적재 10 | 중계율 0.14 | alpha 0.568 | complete
Ep 438 | 드론3 목적지37 |  876스텝 | 배송 37/37 | 재적재  7 | 중계율 0.22 | alpha 0.568 | complete
Ep 439 | 드론4 목적지49 |  829스텝 | 배송 49/49 | 재적재  9 | 중계율 0.33 | alpha 0.568 | complete
Ep 440 | 드론3 목적지42 |  985스텝 | 배송 42/42 | 재적재  8 | 중계율 0.24 | alpha 0.568 | complete
Ep 441 | 드론3 목적지54 | 1000스텝 | 배송 51/54 | 재적재 10 | 중계율 0.23 | alpha 0.579 | step_limit
Ep 442 | 드론4 목적지41 |  469스텝 | 배송 41/41 | 재적재  6 | 중계율 0.20 | alpha 0.581 | complete
Ep 443 | 드론3 목적지61 | 1000스텝 | 배송 56/61 | 재적재  9 | 중계율 0.31 | alpha 0.578 | step_limit
Ep 444 | 드론3 목적지55 |  869스텝 | 배송 55/55 | 재적재  9 | 중계율 0.24 | alpha 0.583 | complete
Ep 445 | 드론3 목적지49 |  854스텝 | 배송 49/49 | 재적재  7 | 중계율 0.27 | alpha 0.587 | complete
Ep 446 | 드론4 목적지72 |  913스텝 | 배송 72/72 | 재적재 13 | 중계율 0.26 | alpha 0.582 | complete
Ep 447 | 드론4 목적지40 |  522스텝 | 배송 40/40 | 재적재  5 | 중계율 0.29 | alpha 0.582 | complete
Ep 448 | 드론3 목적지71 | 1000스텝 | 배송 58/71 | 재적재 11 | 중계율 0.29 | alpha 0.584 | step_limit
Ep 449 | 드론4 목적지26 |  498스텝 | 배송 26/26 | 재적재  2 | 중계율 0.30 | alpha 0.586 | complete
Ep 450 | 드론3 목적지56 | 1000스텝 | 배송 45/56 | 재적재  7 | 중계율 0.22 | alpha 0.577 | step_limit
  [홀드아웃] 배송 49.5±1.9 완주 0.90 스텝 957 점수 117.2 재적재 7.9 2홉+ 0.61 | 최고 124.4@ep300 정체 3/8
Ep 451 | 드론4 목적지51 |  766스텝 | 배송 51/51 | 재적재  8 | 중계율 0.31 | alpha 0.575 | complete
Ep 452 | 드론3 목적지34 |  555스텝 | 배송 34/34 | 재적재  5 | 중계율 0.19 | alpha 0.573 | complete
Ep 453 | 드론4 목적지47 |  567스텝 | 배송 47/47 | 재적재  7 | 중계율 0.24 | alpha 0.573 | complete
Ep 454 | 드론4 목적지70 | 1000스텝 | 배송 67/70 | 재적재 12 | 중계율 0.32 | alpha 0.568 | step_limit
Ep 455 | 드론4 목적지44 | 1000스텝 | 배송 36/44 | 재적재  6 | 중계율 0.37 | alpha 0.569 | step_limit
Ep 456 | 드론4 목적지49 |  539스텝 | 배송 49/49 | 재적재  8 | 중계율 0.19 | alpha 0.571 | complete
Ep 457 | 드론4 목적지56 |  664스텝 | 배송 56/56 | 재적재  9 | 중계율 0.19 | alpha 0.568 | complete
Ep 458 | 드론4 목적지42 | 1000스텝 | 배송 41/42 | 재적재  6 | 중계율 0.32 | alpha 0.566 | step_limit
Ep 459 | 드론3 목적지45 |  661스텝 | 배송 45/45 | 재적재  8 | 중계율 0.13 | alpha 0.564 | complete
Ep 460 | 드론4 목적지73 |  875스텝 | 배송 73/73 | 재적재 14 | 중계율 0.23 | alpha 0.563 | complete
Ep 461 | 드론3 목적지30 |  829스텝 | 배송 30/30 | 재적재  5 | 중계율 0.34 | alpha 0.565 | complete
Ep 462 | 드론3 목적지64 | 1000스텝 | 배송 62/64 | 재적재 11 | 중계율 0.26 | alpha 0.559 | step_limit
Ep 463 | 드론3 목적지63 | 1000스텝 | 배송 59/63 | 재적재 11 | 중계율 0.32 | alpha 0.554 | step_limit
Ep 464 | 드론3 목적지68 | 1000스텝 | 배송 56/68 | 재적재 10 | 중계율 0.25 | alpha 0.551 | step_limit
Ep 465 | 드론4 목적지63 | 1000스텝 | 배송 61/63 | 재적재 10 | 중계율 0.31 | alpha 0.549 | step_limit
Ep 466 | 드론4 목적지65 |  901스텝 | 배송 65/65 | 재적재 10 | 중계율 0.28 | alpha 0.549 | complete
Ep 467 | 드론4 목적지57 |  678스텝 | 배송 57/57 | 재적재 10 | 중계율 0.24 | alpha 0.546 | complete
Ep 468 | 드론3 목적지35 |  881스텝 | 배송 35/35 | 재적재  6 | 중계율 0.29 | alpha 0.552 | complete
Ep 469 | 드론3 목적지46 | 1000스텝 | 배송 45/46 | 재적재  6 | 중계율 0.35 | alpha 0.551 | step_limit
Ep 470 | 드론4 목적지53 |  812스텝 | 배송 53/53 | 재적재  8 | 중계율 0.30 | alpha 0.564 | complete
Ep 471 | 드론4 목적지45 |  618스텝 | 배송 45/45 | 재적재  7 | 중계율 0.22 | alpha 0.572 | complete
Ep 472 | 드론3 목적지53 |  969스텝 | 배송 53/53 | 재적재  9 | 중계율 0.33 | alpha 0.582 | complete
Ep 473 | 드론4 목적지71 |  780스텝 | 배송 71/71 | 재적재 12 | 중계율 0.24 | alpha 0.590 | complete
Ep 474 | 드론4 목적지25 |  799스텝 | 배송 25/25 | 재적재  4 | 중계율 0.34 | alpha 0.588 | complete
Ep 475 | 드론4 목적지40 |  695스텝 | 배송 40/40 | 재적재  6 | 중계율 0.24 | alpha 0.584 | complete
Ep 476 | 드론3 목적지33 |  574스텝 | 배송 33/33 | 재적재  5 | 중계율 0.25 | alpha 0.586 | complete
Ep 477 | 드론3 목적지21 |  570스텝 | 배송 21/21 | 재적재  3 | 중계율 0.21 | alpha 0.586 | complete
Ep 478 | 드론4 목적지22 |  344스텝 | 배송 22/22 | 재적재  4 | 중계율 0.21 | alpha 0.581 | complete
Ep 479 | 드론4 목적지41 | 1000스텝 | 배송 37/41 | 재적재  6 | 중계율 0.37 | alpha 0.585 | step_limit
Ep 480 | 드론3 목적지57 |  970스텝 | 배송 57/57 | 재적재 11 | 중계율 0.23 | alpha 0.586 | complete
Ep 481 | 드론3 목적지66 | 1000스텝 | 배송 58/66 | 재적재 10 | 중계율 0.29 | alpha 0.577 | step_limit
Ep 482 | 드론4 목적지76 | 1000스텝 | 배송 72/76 | 재적재 13 | 중계율 0.26 | alpha 0.581 | step_limit
Ep 483 | 드론3 목적지28 |  535스텝 | 배송 28/28 | 재적재  4 | 중계율 0.20 | alpha 0.583 | complete
Ep 484 | 드론4 목적지35 |  534스텝 | 배송 35/35 | 재적재  6 | 중계율 0.13 | alpha 0.585 | complete
Ep 485 | 드론4 목적지44 |  790스텝 | 배송 44/44 | 재적재  7 | 중계율 0.30 | alpha 0.585 | complete
Ep 486 | 드론4 목적지75 |  821스텝 | 배송 75/75 | 재적재 14 | 중계율 0.14 | alpha 0.599 | complete
Ep 487 | 드론3 목적지75 | 1000스텝 | 배송 66/75 | 재적재 12 | 중계율 0.24 | alpha 0.614 | step_limit
Ep 488 | 드론4 목적지60 |  938스텝 | 배송 60/60 | 재적재 10 | 중계율 0.29 | alpha 0.620 | complete
Ep 489 | 드론3 목적지80 | 1000스텝 | 배송 67/80 | 재적재 13 | 중계율 0.17 | alpha 0.635 | step_limit
Ep 490 | 드론3 목적지30 |  654스텝 | 배송 30/30 | 재적재  5 | 중계율 0.21 | alpha 0.637 | complete
Ep 491 | 드론3 목적지59 | 1000스텝 | 배송 52/59 | 재적재  9 | 중계율 0.27 | alpha 0.637 | step_limit
Ep 492 | 드론3 목적지74 | 1000스텝 | 배송 61/74 | 재적재 12 | 중계율 0.23 | alpha 0.632 | step_limit
Ep 493 | 드론3 목적지47 |  862스텝 | 배송 47/47 | 재적재  9 | 중계율 0.30 | alpha 0.634 | complete
Ep 494 | 드론3 목적지52 | 1000스텝 | 배송 50/52 | 재적재  8 | 중계율 0.28 | alpha 0.639 | step_limit
Ep 495 | 드론3 목적지54 |  971스텝 | 배송 54/54 | 재적재  9 | 중계율 0.25 | alpha 0.640 | complete
Ep 496 | 드론4 목적지56 |  886스텝 | 배송 56/56 | 재적재 10 | 중계율 0.29 | alpha 0.641 | complete
Ep 497 | 드론4 목적지73 | 1000스텝 | 배송 61/73 | 재적재 11 | 중계율 0.29 | alpha 0.642 | step_limit
Ep 498 | 드론3 목적지22 |  489스텝 | 배송 22/22 | 재적재  2 | 중계율 0.17 | alpha 0.646 | complete
Ep 499 | 드론4 목적지55 | 1000스텝 | 배송 39/55 | 재적재  7 | 중계율 0.28 | alpha 0.660 | step_limit
Ep 500 | 드론3 목적지55 |  917스텝 | 배송 55/55 | 재적재  9 | 중계율 0.29 | alpha 0.666 | complete
  [홀드아웃] 배송 49.9±0.9 완주 0.97 스텝 929 점수 125.1 재적재 8.0 2홉+ 0.60 | 최고 125.1@ep500 정체 0/8  ← 갱신
Ep 501 | 드론4 목적지25 |  309스텝 | 배송 25/25 | 재적재  2 | 중계율 0.13 | alpha 0.665 | complete
Ep 502 | 드론3 목적지53 | 1000스텝 | 배송 47/53 | 재적재  7 | 중계율 0.32 | alpha 0.672 | step_limit
Ep 503 | 드론4 목적지73 |  909스텝 | 배송 73/73 | 재적재 12 | 중계율 0.26 | alpha 0.672 | complete
Ep 504 | 드론3 목적지60 | 1000스텝 | 배송 50/60 | 재적재  9 | 중계율 0.22 | alpha 0.677 | step_limit
Ep 505 | 드론3 목적지72 | 1000스텝 | 배송 61/72 | 재적재 12 | 중계율 0.21 | alpha 0.672 | step_limit
Ep 506 | 드론3 목적지76 | 1000스텝 | 배송 70/76 | 재적재 12 | 중계율 0.24 | alpha 0.675 | step_limit
Ep 507 | 드론4 목적지79 | 1000스텝 | 배송 66/79 | 재적재 12 | 중계율 0.17 | alpha 0.671 | step_limit
Ep 508 | 드론4 목적지38 |  653스텝 | 배송 38/38 | 재적재  5 | 중계율 0.28 | alpha 0.663 | complete
Ep 509 | 드론3 목적지52 |  794스텝 | 배송 52/52 | 재적재  9 | 중계율 0.19 | alpha 0.658 | complete
Ep 510 | 드론3 목적지42 |  848스텝 | 배송 42/42 | 재적재  7 | 중계율 0.16 | alpha 0.652 | complete
Ep 511 | 드론3 목적지21 |  548스텝 | 배송 21/21 | 재적재  2 | 중계율 0.25 | alpha 0.644 | complete
Ep 512 | 드론3 목적지23 |  629스텝 | 배송 23/23 | 재적재  2 | 중계율 0.34 | alpha 0.638 | complete
Ep 513 | 드론3 목적지66 | 1000스텝 | 배송 57/66 | 재적재 10 | 중계율 0.15 | alpha 0.629 | step_limit
Ep 514 | 드론3 목적지38 |  773스텝 | 배송 38/38 | 재적재  6 | 중계율 0.26 | alpha 0.626 | complete
Ep 515 | 드론4 목적지23 |  382스텝 | 배송 23/23 | 재적재  3 | 중계율 0.35 | alpha 0.623 | complete
Ep 516 | 드론4 목적지34 |  457스텝 | 배송 34/34 | 재적재  5 | 중계율 0.26 | alpha 0.619 | complete
Ep 517 | 드론3 목적지73 | 1000스텝 | 배송 66/73 | 재적재 11 | 중계율 0.24 | alpha 0.615 | step_limit
Ep 518 | 드론4 목적지43 |  609스텝 | 배송 43/43 | 재적재  6 | 중계율 0.21 | alpha 0.611 | complete
Ep 519 | 드론3 목적지65 | 1000스텝 | 배송 62/65 | 재적재 11 | 중계율 0.31 | alpha 0.612 | step_limit
Ep 520 | 드론4 목적지55 |  724스텝 | 배송 55/55 | 재적재  9 | 중계율 0.28 | alpha 0.612 | complete
Ep 521 | 드론3 목적지62 | 1000스텝 | 배송 55/62 | 재적재  8 | 중계율 0.29 | alpha 0.620 | step_limit
Ep 522 | 드론4 목적지37 |  613스텝 | 배송 37/37 | 재적재  6 | 중계율 0.27 | alpha 0.623 | complete
Ep 523 | 드론4 목적지66 |  860스텝 | 배송 66/66 | 재적재 12 | 중계율 0.25 | alpha 0.621 | complete
Ep 524 | 드론3 목적지57 | 1000스텝 | 배송 52/57 | 재적재  9 | 중계율 0.22 | alpha 0.620 | step_limit
Ep 525 | 드론3 목적지39 |  766스텝 | 배송 39/39 | 재적재  7 | 중계율 0.15 | alpha 0.625 | complete
Ep 526 | 드론4 목적지73 | 1000스텝 | 배송 69/73 | 재적재 12 | 중계율 0.26 | alpha 0.621 | step_limit
Ep 527 | 드론4 목적지58 |  780스텝 | 배송 58/58 | 재적재 11 | 중계율 0.24 | alpha 0.624 | complete
Ep 528 | 드론4 목적지46 |  607스텝 | 배송 46/46 | 재적재  8 | 중계율 0.23 | alpha 0.624 | complete
Ep 529 | 드론4 목적지20 |  279스텝 | 배송 20/20 | 재적재  3 | 중계율 0.18 | alpha 0.622 | complete
Ep 530 | 드론4 목적지72 | 1000스텝 | 배송 69/72 | 재적재 10 | 중계율 0.32 | alpha 0.616 | step_limit
Ep 531 | 드론3 목적지21 |  541스텝 | 배송 21/21 | 재적재  3 | 중계율 0.26 | alpha 0.612 | complete
Ep 532 | 드론4 목적지32 |  602스텝 | 배송 32/32 | 재적재  4 | 중계율 0.34 | alpha 0.614 | complete
Ep 533 | 드론3 목적지79 | 1000스텝 | 배송 66/79 | 재적재 11 | 중계율 0.26 | alpha 0.605 | step_limit
Ep 534 | 드론4 목적지56 |  905스텝 | 배송 56/56 | 재적재  9 | 중계율 0.31 | alpha 0.603 | complete
Ep 535 | 드론3 목적지68 | 1000스텝 | 배송 60/68 | 재적재  9 | 중계율 0.27 | alpha 0.598 | step_limit
Ep 536 | 드론4 목적지57 | 1000스텝 | 배송 51/57 | 재적재 10 | 중계율 0.38 | alpha 0.594 | step_limit
Ep 537 | 드론3 목적지49 | 1000스텝 | 배송 45/49 | 재적재  7 | 중계율 0.31 | alpha 0.581 | step_limit
Ep 538 | 드론3 목적지38 |  674스텝 | 배송 38/38 | 재적재  5 | 중계율 0.29 | alpha 0.576 | complete
Ep 539 | 드론4 목적지79 | 1000스텝 | 배송 71/79 | 재적재 13 | 중계율 0.26 | alpha 0.564 | step_limit
Ep 540 | 드론4 목적지70 |  727스텝 | 배송 70/70 | 재적재 12 | 중계율 0.18 | alpha 0.556 | complete
Ep 541 | 드론4 목적지77 |  960스텝 | 배송 77/77 | 재적재 14 | 중계율 0.23 | alpha 0.552 | complete
Ep 542 | 드론4 목적지53 |  951스텝 | 배송 53/53 | 재적재 10 | 중계율 0.30 | alpha 0.541 | complete
Ep 543 | 드론3 목적지49 | 1000스텝 | 배송 44/49 | 재적재  8 | 중계율 0.31 | alpha 0.537 | step_limit
Ep 544 | 드론4 목적지68 |  923스텝 | 배송 68/68 | 재적재 11 | 중계율 0.28 | alpha 0.535 | complete
Ep 545 | 드론4 목적지56 |  910스텝 | 배송 56/56 | 재적재  9 | 중계율 0.30 | alpha 0.535 | complete
Ep 546 | 드론4 목적지75 |  832스텝 | 배송 75/75 | 재적재 13 | 중계율 0.16 | alpha 0.546 | complete
Ep 547 | 드론3 목적지71 | 1000스텝 | 배송 60/71 | 재적재 11 | 중계율 0.30 | alpha 0.545 | step_limit
Ep 548 | 드론3 목적지80 | 1000스텝 | 배송 73/80 | 재적재 13 | 중계율 0.21 | alpha 0.542 | step_limit
Ep 549 | 드론4 목적지38 |  635스텝 | 배송 38/38 | 재적재  7 | 중계율 0.27 | alpha 0.550 | complete
Ep 550 | 드론4 목적지49 |  779스텝 | 배송 49/49 | 재적재  8 | 중계율 0.17 | alpha 0.550 | complete
  [홀드아웃] 배송 49.7±2.1 완주 0.95 스텝 942 점수 122.4 재적재 7.9 2홉+ 0.61 | 최고 125.1@ep500 정체 1/8
Ep 551 | 드론3 목적지56 | 1000스텝 | 배송 54/56 | 재적재  9 | 중계율 0.23 | alpha 0.549 | step_limit
Ep 552 | 드론4 목적지27 |  485스텝 | 배송 27/27 | 재적재  3 | 중계율 0.34 | alpha 0.555 | complete
Ep 553 | 드론3 목적지46 |  920스텝 | 배송 46/46 | 재적재  9 | 중계율 0.22 | alpha 0.550 | complete
Ep 554 | 드론4 목적지72 |  886스텝 | 배송 72/72 | 재적재 13 | 중계율 0.14 | alpha 0.555 | complete
Ep 555 | 드론3 목적지68 | 1000스텝 | 배송 55/68 | 재적재 10 | 중계율 0.28 | alpha 0.549 | step_limit
Ep 556 | 드론3 목적지30 |  859스텝 | 배송 25/30 | 재적재  4 | 중계율 0.30 | alpha 0.555 | no_progress
Ep 557 | 드론3 목적지46 |  820스텝 | 배송 46/46 | 재적재  8 | 중계율 0.22 | alpha 0.558 | complete
Ep 558 | 드론4 목적지66 | 1000스텝 | 배송 62/66 | 재적재  9 | 중계율 0.37 | alpha 0.561 | step_limit
Ep 559 | 드론4 목적지78 | 1000스텝 | 배송 69/78 | 재적재 12 | 중계율 0.29 | alpha 0.560 | step_limit
Ep 560 | 드론3 목적지22 |  522스텝 | 배송 22/22 | 재적재  3 | 중계율 0.24 | alpha 0.562 | complete
Ep 561 | 드론3 목적지29 |  550스텝 | 배송 29/29 | 재적재  4 | 중계율 0.14 | alpha 0.565 | complete
Ep 562 | 드론4 목적지71 | 1000스텝 | 배송 58/71 | 재적재 10 | 중계율 0.14 | alpha 0.571 | step_limit
Ep 563 | 드론4 목적지61 | 1000스텝 | 배송 60/61 | 재적재 11 | 중계율 0.31 | alpha 0.572 | step_limit
Ep 564 | 드론4 목적지44 |  604스텝 | 배송 44/44 | 재적재  6 | 중계율 0.20 | alpha 0.575 | complete
Ep 565 | 드론4 목적지21 |  370스텝 | 배송 21/21 | 재적재  2 | 중계율 0.32 | alpha 0.579 | complete
Ep 566 | 드론4 목적지23 |  431스텝 | 배송 23/23 | 재적재  4 | 중계율 0.12 | alpha 0.584 | complete
Ep 567 | 드론4 목적지57 |  582스텝 | 배송 57/57 | 재적재 10 | 중계율 0.13 | alpha 0.585 | complete
Ep 568 | 드론4 목적지23 |  369스텝 | 배송 23/23 | 재적재  2 | 중계율 0.30 | alpha 0.590 | complete
Ep 569 | 드론4 목적지79 | 1000스텝 | 배송 65/79 | 재적재 12 | 중계율 0.31 | alpha 0.597 | step_limit
Ep 570 | 드론4 목적지70 |  990스텝 | 배송 70/70 | 재적재 11 | 중계율 0.26 | alpha 0.602 | complete
Ep 571 | 드론4 목적지78 |  745스텝 | 배송 78/78 | 재적재 14 | 중계율 0.14 | alpha 0.601 | complete
Ep 572 | 드론4 목적지70 | 1000스텝 | 배송 62/70 | 재적재 11 | 중계율 0.22 | alpha 0.604 | step_limit
Ep 573 | 드론3 목적지77 | 1000스텝 | 배송 61/77 | 재적재 12 | 중계율 0.26 | alpha 0.586 | step_limit
Ep 574 | 드론4 목적지34 |  829스텝 | 배송 34/34 | 재적재  5 | 중계율 0.30 | alpha 0.580 | complete
Ep 575 | 드론3 목적지21 |  421스텝 | 배송 21/21 | 재적재  3 | 중계율 0.17 | alpha 0.580 | complete
Ep 576 | 드론3 목적지39 |  685스텝 | 배송 39/39 | 재적재  7 | 중계율 0.18 | alpha 0.580 | complete
Ep 577 | 드론4 목적지53 |  909스텝 | 배송 53/53 | 재적재 10 | 중계율 0.29 | alpha 0.582 | complete
Ep 578 | 드론4 목적지29 |  453스텝 | 배송 29/29 | 재적재  3 | 중계율 0.19 | alpha 0.575 | complete
Ep 579 | 드론3 목적지67 | 1000스텝 | 배송 62/67 | 재적재 10 | 중계율 0.24 | alpha 0.575 | step_limit
Ep 580 | 드론4 목적지39 |  745스텝 | 배송 39/39 | 재적재  7 | 중계율 0.32 | alpha 0.572 | complete
Ep 581 | 드론3 목적지25 |  536스텝 | 배송 25/25 | 재적재  3 | 중계율 0.39 | alpha 0.565 | complete
Ep 582 | 드론3 목적지27 |  945스텝 | 배송 25/27 | 재적재  5 | 중계율 0.38 | alpha 0.569 | no_progress
Ep 583 | 드론3 목적지67 | 1000스텝 | 배송 55/67 | 재적재  9 | 중계율 0.24 | alpha 0.548 | step_limit
Ep 584 | 드론4 목적지70 |  858스텝 | 배송 70/70 | 재적재 12 | 중계율 0.25 | alpha 0.544 | complete
Ep 585 | 드론3 목적지50 | 1000스텝 | 배송 43/50 | 재적재  7 | 중계율 0.27 | alpha 0.536 | step_limit
Ep 586 | 드론3 목적지55 | 1000스텝 | 배송 50/55 | 재적재  7 | 중계율 0.30 | alpha 0.530 | step_limit
Ep 587 | 드론4 목적지46 |  656스텝 | 배송 46/46 | 재적재  8 | 중계율 0.24 | alpha 0.524 | complete
Ep 588 | 드론3 목적지39 |  888스텝 | 배송 39/39 | 재적재  6 | 중계율 0.32 | alpha 0.525 | complete
Ep 589 | 드론4 목적지48 |  681스텝 | 배송 48/48 | 재적재  8 | 중계율 0.27 | alpha 0.530 | complete
Ep 590 | 드론3 목적지55 |  896스텝 | 배송 55/55 | 재적재  9 | 중계율 0.25 | alpha 0.534 | complete
Ep 591 | 드론3 목적지70 | 1000스텝 | 배송 57/70 | 재적재  9 | 중계율 0.25 | alpha 0.539 | step_limit
Ep 592 | 드론3 목적지45 |  861스텝 | 배송 45/45 | 재적재  8 | 중계율 0.29 | alpha 0.540 | complete
Ep 593 | 드론3 목적지27 |  489스텝 | 배송 27/27 | 재적재  4 | 중계율 0.15 | alpha 0.547 | complete
Ep 594 | 드론3 목적지77 | 1000스텝 | 배송 60/77 | 재적재 10 | 중계율 0.33 | alpha 0.553 | step_limit
Ep 595 | 드론4 목적지64 |  925스텝 | 배송 64/64 | 재적재 10 | 중계율 0.32 | alpha 0.555 | complete
Ep 596 | 드론3 목적지66 | 1000스텝 | 배송 60/66 | 재적재 11 | 중계율 0.29 | alpha 0.549 | step_limit
Ep 597 | 드론4 목적지31 |  690스텝 | 배송 31/31 | 재적재  6 | 중계율 0.33 | alpha 0.545 | complete
Ep 598 | 드론4 목적지64 | 1000스텝 | 배송 63/64 | 재적재 12 | 중계율 0.29 | alpha 0.537 | step_limit
Ep 599 | 드론3 목적지39 | 1000스텝 | 배송 36/39 | 재적재  6 | 중계율 0.32 | alpha 0.538 | step_limit
Ep 600 | 드론4 목적지80 | 1000스텝 | 배송 78/80 | 재적재 15 | 중계율 0.25 | alpha 0.540 | step_limit
  [홀드아웃] 배송 49.5±2.6 완주 0.94 스텝 943 점수 121.2 재적재 7.9 2홉+ 0.61 | 최고 125.1@ep500 정체 2/8
Ep 601 | 드론3 목적지28 |  601스텝 | 배송 28/28 | 재적재  5 | 중계율 0.22 | alpha 0.537 | complete
Ep 602 | 드론3 목적지78 | 1000스텝 | 배송 69/78 | 재적재 13 | 중계율 0.19 | alpha 0.543 | step_limit
Ep 603 | 드론3 목적지64 | 1000스텝 | 배송 60/64 | 재적재 10 | 중계율 0.26 | alpha 0.547 | step_limit
Ep 604 | 드론4 목적지68 |  996스텝 | 배송 68/68 | 재적재 12 | 중계율 0.23 | alpha 0.551 | complete
Ep 605 | 드론4 목적지55 | 1000스텝 | 배송 52/55 | 재적재  9 | 중계율 0.30 | alpha 0.547 | step_limit
Ep 606 | 드론4 목적지69 |  738스텝 | 배송 69/69 | 재적재 12 | 중계율 0.17 | alpha 0.542 | complete
Ep 607 | 드론3 목적지31 |  649스텝 | 배송 31/31 | 재적재  4 | 중계율 0.28 | alpha 0.540 | complete
Ep 608 | 드론3 목적지59 | 1000스텝 | 배송 55/59 | 재적재 11 | 중계율 0.27 | alpha 0.535 | step_limit
Ep 609 | 드론4 목적지56 | 1000스텝 | 배송 52/56 | 재적재  9 | 중계율 0.37 | alpha 0.533 | step_limit
Ep 610 | 드론3 목적지59 | 1000스텝 | 배송 55/59 | 재적재  9 | 중계율 0.27 | alpha 0.529 | step_limit
Ep 611 | 드론3 목적지21 |  410스텝 | 배송 21/21 | 재적재  3 | 중계율 0.18 | alpha 0.525 | complete
Ep 612 | 드론3 목적지27 |  613스텝 | 배송 27/27 | 재적재  4 | 중계율 0.26 | alpha 0.528 | complete
Ep 613 | 드론3 목적지80 | 1000스텝 | 배송 68/80 | 재적재 13 | 중계율 0.20 | alpha 0.530 | step_limit
Ep 614 | 드론3 목적지54 |  972스텝 | 배송 54/54 | 재적재  8 | 중계율 0.28 | alpha 0.524 | complete
Ep 615 | 드론3 목적지56 |  848스텝 | 배송 56/56 | 재적재 10 | 중계율 0.15 | alpha 0.519 | complete
Ep 616 | 드론4 목적지71 | 1000스텝 | 배송 66/71 | 재적재 11 | 중계율 0.32 | alpha 0.514 | step_limit
Ep 617 | 드론3 목적지67 | 1000스텝 | 배송 55/67 | 재적재  9 | 중계율 0.25 | alpha 0.514 | step_limit
Ep 618 | 드론3 목적지52 |  835스텝 | 배송 52/52 | 재적재  8 | 중계율 0.25 | alpha 0.521 | complete
Ep 619 | 드론4 목적지54 |  655스텝 | 배송 54/54 | 재적재 10 | 중계율 0.18 | alpha 0.523 | complete
Ep 620 | 드론4 목적지66 |  817스텝 | 배송 66/66 | 재적재 12 | 중계율 0.24 | alpha 0.521 | complete
Ep 621 | 드론3 목적지46 |  923스텝 | 배송 46/46 | 재적재  8 | 중계율 0.20 | alpha 0.523 | complete
Ep 622 | 드론3 목적지28 |  632스텝 | 배송 28/28 | 재적재  3 | 중계율 0.31 | alpha 0.516 | complete
Ep 623 | 드론4 목적지44 |  780스텝 | 배송 44/44 | 재적재  8 | 중계율 0.20 | alpha 0.513 | complete
Ep 624 | 드론3 목적지42 |  637스텝 | 배송 42/42 | 재적재  7 | 중계율 0.19 | alpha 0.515 | complete
Ep 625 | 드론3 목적지37 |  868스텝 | 배송 37/37 | 재적재  6 | 중계율 0.20 | alpha 0.514 | complete
Ep 626 | 드론3 목적지68 | 1000스텝 | 배송 60/68 | 재적재 12 | 중계율 0.22 | alpha 0.505 | step_limit
Ep 627 | 드론4 목적지27 |  273스텝 | 배송 27/27 | 재적재  3 | 중계율 0.13 | alpha 0.506 | complete
Ep 628 | 드론4 목적지38 |  452스텝 | 배송 38/38 | 재적재  7 | 중계율 0.10 | alpha 0.513 | complete
Ep 629 | 드론4 목적지57 |  610스텝 | 배송 57/57 | 재적재 10 | 중계율 0.21 | alpha 0.518 | complete
Ep 630 | 드론3 목적지73 | 1000스텝 | 배송 58/73 | 재적재 11 | 중계율 0.23 | alpha 0.518 | step_limit
Ep 631 | 드론3 목적지58 | 1000스텝 | 배송 55/58 | 재적재 10 | 중계율 0.32 | alpha 0.517 | step_limit
Ep 632 | 드론4 목적지36 |  602스텝 | 배송 36/36 | 재적재  5 | 중계율 0.16 | alpha 0.517 | complete
Ep 633 | 드론3 목적지46 | 1000스텝 | 배송 45/46 | 재적재  8 | 중계율 0.28 | alpha 0.518 | step_limit
Ep 634 | 드론3 목적지25 |  610스텝 | 배송 25/25 | 재적재  3 | 중계율 0.22 | alpha 0.519 | complete
Ep 635 | 드론3 목적지39 |  862스텝 | 배송 39/39 | 재적재  6 | 중계율 0.24 | alpha 0.529 | complete
Ep 636 | 드론4 목적지28 |  302스텝 | 배송 28/28 | 재적재  4 | 중계율 0.12 | alpha 0.529 | complete
Ep 637 | 드론4 목적지39 |  561스텝 | 배송 39/39 | 재적재  5 | 중계율 0.18 | alpha 0.525 | complete
Ep 638 | 드론3 목적지46 |  991스텝 | 배송 46/46 | 재적재  9 | 중계율 0.30 | alpha 0.525 | complete
Ep 639 | 드론4 목적지21 |  364스텝 | 배송 21/21 | 재적재  3 | 중계율 0.33 | alpha 0.525 | complete
Ep 640 | 드론3 목적지55 | 1000스텝 | 배송 46/55 | 재적재  8 | 중계율 0.34 | alpha 0.528 | step_limit
Ep 641 | 드론3 목적지74 | 1000스텝 | 배송 55/74 | 재적재 10 | 중계율 0.25 | alpha 0.530 | step_limit
Ep 642 | 드론3 목적지24 |  391스텝 | 배송 24/24 | 재적재  3 | 중계율 0.19 | alpha 0.532 | complete
Ep 643 | 드론4 목적지57 |  947스텝 | 배송 57/57 | 재적재 10 | 중계율 0.28 | alpha 0.542 | complete
Ep 644 | 드론3 목적지45 |  884스텝 | 배송 45/45 | 재적재  7 | 중계율 0.33 | alpha 0.539 | complete
Ep 645 | 드론3 목적지48 |  777스텝 | 배송 48/48 | 재적재  8 | 중계율 0.19 | alpha 0.534 | complete
Ep 646 | 드론3 목적지25 |  568스텝 | 배송 25/25 | 재적재  4 | 중계율 0.33 | alpha 0.537 | complete
Ep 647 | 드론3 목적지26 |  505스텝 | 배송 26/26 | 재적재  4 | 중계율 0.23 | alpha 0.538 | complete
Ep 648 | 드론3 목적지48 |  914스텝 | 배송 48/48 | 재적재  9 | 중계율 0.22 | alpha 0.533 | complete
Ep 649 | 드론4 목적지69 |  973스텝 | 배송 69/69 | 재적재 12 | 중계율 0.27 | alpha 0.527 | complete
Ep 650 | 드론3 목적지64 | 1000스텝 | 배송 63/64 | 재적재 11 | 중계율 0.28 | alpha 0.516 | step_limit
  [홀드아웃] 배송 49.6±2.5 완주 0.95 스텝 927 점수 122.6 재적재 7.8 2홉+ 0.61 | 최고 125.1@ep500 정체 3/8
Ep 651 | 드론4 목적지77 | 1000스텝 | 배송 63/77 | 재적재 11 | 중계율 0.30 | alpha 0.521 | step_limit
Ep 652 | 드론3 목적지32 |  838스텝 | 배송 32/32 | 재적재  4 | 중계율 0.32 | alpha 0.517 | complete
Ep 653 | 드론3 목적지77 | 1000스텝 | 배송 67/77 | 재적재 11 | 중계율 0.25 | alpha 0.518 | step_limit
Ep 654 | 드론4 목적지21 |  338스텝 | 배송 21/21 | 재적재  3 | 중계율 0.22 | alpha 0.521 | complete
Ep 655 | 드론3 목적지28 |  676스텝 | 배송 28/28 | 재적재  5 | 중계율 0.21 | alpha 0.519 | complete
Ep 656 | 드론3 목적지50 |  941스텝 | 배송 35/50 | 재적재  6 | 중계율 0.33 | alpha 0.519 | no_progress
Ep 657 | 드론4 목적지62 |  959스텝 | 배송 62/62 | 재적재 11 | 중계율 0.21 | alpha 0.519 | complete
Ep 658 | 드론3 목적지50 | 1000스텝 | 배송 47/50 | 재적재  8 | 중계율 0.27 | alpha 0.515 | step_limit
Ep 659 | 드론4 목적지39 |  439스텝 | 배송 39/39 | 재적재  7 | 중계율 0.14 | alpha 0.517 | complete
Ep 660 | 드론4 목적지65 |  719스텝 | 배송 65/65 | 재적재 10 | 중계율 0.16 | alpha 0.523 | complete
Ep 661 | 드론4 목적지20 |  407스텝 | 배송 20/20 | 재적재  2 | 중계율 0.19 | alpha 0.529 | complete
Ep 662 | 드론4 목적지46 |  598스텝 | 배송 46/46 | 재적재  7 | 중계율 0.24 | alpha 0.528 | complete
Ep 663 | 드론3 목적지78 | 1000스텝 | 배송 71/78 | 재적재 13 | 중계율 0.21 | alpha 0.526 | step_limit
Ep 664 | 드론3 목적지28 |  621스텝 | 배송 28/28 | 재적재  4 | 중계율 0.23 | alpha 0.525 | complete
Ep 665 | 드론3 목적지25 |  624스텝 | 배송 25/25 | 재적재  4 | 중계율 0.38 | alpha 0.528 | complete
Ep 666 | 드론4 목적지74 | 1000스텝 | 배송 70/74 | 재적재 11 | 중계율 0.24 | alpha 0.532 | step_limit
Ep 667 | 드론3 목적지50 |  956스텝 | 배송 50/50 | 재적재  9 | 중계율 0.28 | alpha 0.533 | complete
Ep 668 | 드론4 목적지80 |  963스텝 | 배송 80/80 | 재적재 14 | 중계율 0.26 | alpha 0.543 | complete
Ep 669 | 드론4 목적지53 |  650스텝 | 배송 53/53 | 재적재  8 | 중계율 0.19 | alpha 0.539 | complete
Ep 670 | 드론3 목적지68 | 1000스텝 | 배송 60/68 | 재적재 12 | 중계율 0.25 | alpha 0.541 | step_limit
Ep 671 | 드론3 목적지60 | 1000스텝 | 배송 52/60 | 재적재  9 | 중계율 0.34 | alpha 0.544 | step_limit
Ep 672 | 드론3 목적지50 |  920스텝 | 배송 34/50 | 재적재  5 | 중계율 0.28 | alpha 0.551 | no_progress
Ep 673 | 드론4 목적지54 | 1000스텝 | 배송 49/54 | 재적재  7 | 중계율 0.30 | alpha 0.554 | step_limit
Ep 674 | 드론4 목적지73 | 1000스텝 | 배송 66/73 | 재적재 12 | 중계율 0.24 | alpha 0.566 | step_limit
Ep 675 | 드론3 목적지74 | 1000스텝 | 배송 71/74 | 재적재 13 | 중계율 0.16 | alpha 0.573 | step_limit
Ep 676 | 드론3 목적지46 | 1000스텝 | 배송 43/46 | 재적재  6 | 중계율 0.23 | alpha 0.574 | step_limit
Ep 677 | 드론3 목적지79 | 1000스텝 | 배송 66/79 | 재적재 12 | 중계율 0.24 | alpha 0.586 | step_limit
Ep 678 | 드론4 목적지41 |  858스텝 | 배송 41/41 | 재적재  7 | 중계율 0.33 | alpha 0.597 | complete
Ep 679 | 드론4 목적지58 |  962스텝 | 배송 58/58 | 재적재 10 | 중계율 0.29 | alpha 0.603 | complete
Ep 680 | 드론3 목적지31 |  550스텝 | 배송 31/31 | 재적재  5 | 중계율 0.20 | alpha 0.604 | complete
Ep 681 | 드론4 목적지65 | 1000스텝 | 배송 56/65 | 재적재  8 | 중계율 0.28 | alpha 0.613 | step_limit
Ep 682 | 드론3 목적지72 | 1000스텝 | 배송 61/72 | 재적재 12 | 중계율 0.25 | alpha 0.621 | step_limit
Ep 683 | 드론4 목적지52 |  848스텝 | 배송 52/52 | 재적재  8 | 중계율 0.32 | alpha 0.625 | complete
Ep 684 | 드론3 목적지40 |  759스텝 | 배송 40/40 | 재적재  7 | 중계율 0.30 | alpha 0.633 | complete
Ep 685 | 드론3 목적지74 | 1000스텝 | 배송 60/74 | 재적재 10 | 중계율 0.21 | alpha 0.630 | step_limit
Ep 686 | 드론4 목적지58 |  749스텝 | 배송 58/58 | 재적재  9 | 중계율 0.20 | alpha 0.634 | complete
Ep 687 | 드론3 목적지46 |  901스텝 | 배송 46/46 | 재적재  8 | 중계율 0.32 | alpha 0.619 | complete
Ep 688 | 드론4 목적지33 |  393스텝 | 배송 33/33 | 재적재  4 | 중계율 0.20 | alpha 0.614 | complete
Ep 689 | 드론4 목적지80 | 1000스텝 | 배송 78/80 | 재적재 15 | 중계율 0.27 | alpha 0.620 | step_limit
Ep 690 | 드론3 목적지26 |  542스텝 | 배송 26/26 | 재적재  4 | 중계율 0.15 | alpha 0.613 | complete
Ep 691 | 드론3 목적지40 |  813스텝 | 배송 40/40 | 재적재  6 | 중계율 0.23 | alpha 0.612 | complete
Ep 692 | 드론3 목적지49 |  755스텝 | 배송 49/49 | 재적재  9 | 중계율 0.23 | alpha 0.610 | complete
Ep 693 | 드론4 목적지56 |  792스텝 | 배송 56/56 | 재적재 10 | 중계율 0.26 | alpha 0.612 | complete
Ep 694 | 드론3 목적지69 | 1000스텝 | 배송 65/69 | 재적재 11 | 중계율 0.19 | alpha 0.615 | step_limit
Ep 695 | 드론4 목적지32 |  530스텝 | 배송 32/32 | 재적재  5 | 중계율 0.22 | alpha 0.614 | complete
Ep 696 | 드론3 목적지48 |  860스텝 | 배송 48/48 | 재적재  9 | 중계율 0.25 | alpha 0.615 | complete
Ep 697 | 드론3 목적지58 |  929스텝 | 배송 58/58 | 재적재 11 | 중계율 0.25 | alpha 0.608 | complete
Ep 698 | 드론4 목적지65 | 1000스텝 | 배송 59/65 | 재적재  9 | 중계율 0.29 | alpha 0.614 | step_limit
Ep 699 | 드론4 목적지44 | 1000스텝 | 배송 41/44 | 재적재  7 | 중계율 0.35 | alpha 0.611 | step_limit
Ep 700 | 드론4 목적지40 | 1000스텝 | 배송 39/40 | 재적재  6 | 중계율 0.36 | alpha 0.619 | step_limit
  [홀드아웃] 배송 49.7±1.4 완주 0.94 스텝 936 점수 121.3 재적재 8.0 2홉+ 0.62 | 최고 125.1@ep500 정체 4/8
Ep 701 | 드론4 목적지26 |  476스텝 | 배송 26/26 | 재적재  2 | 중계율 0.33 | alpha 0.621 | complete
Ep 702 | 드론3 목적지66 | 1000스텝 | 배송 64/66 | 재적재 11 | 중계율 0.23 | alpha 0.621 | step_limit
Ep 703 | 드론3 목적지25 |  960스텝 | 배송 20/25 | 재적재  2 | 중계율 0.33 | alpha 0.621 | no_progress
Ep 704 | 드론4 목적지35 |  475스텝 | 배송 35/35 | 재적재  6 | 중계율 0.20 | alpha 0.617 | complete
Ep 705 | 드론3 목적지24 |  652스텝 | 배송 24/24 | 재적재  4 | 중계율 0.16 | alpha 0.615 | complete
Ep 706 | 드론3 목적지64 | 1000스텝 | 배송 62/64 | 재적재 12 | 중계율 0.23 | alpha 0.625 | step_limit
Ep 707 | 드론3 목적지24 |  424스텝 | 배송 24/24 | 재적재  3 | 중계율 0.17 | alpha 0.623 | complete
Ep 708 | 드론4 목적지68 |  840스텝 | 배송 68/68 | 재적재 13 | 중계율 0.18 | alpha 0.626 | complete
Ep 709 | 드론3 목적지57 | 1000스텝 | 배송 45/57 | 재적재  7 | 중계율 0.32 | alpha 0.617 | step_limit
Ep 710 | 드론4 목적지78 |  946스텝 | 배송 78/78 | 재적재 14 | 중계율 0.20 | alpha 0.619 | complete
Ep 711 | 드론4 목적지34 |  704스텝 | 배송 34/34 | 재적재  5 | 중계율 0.28 | alpha 0.619 | complete
Ep 712 | 드론3 목적지21 |  616스텝 | 배송 21/21 | 재적재  3 | 중계율 0.13 | alpha 0.611 | complete
Ep 713 | 드론3 목적지63 | 1000스텝 | 배송 50/63 | 재적재  9 | 중계율 0.30 | alpha 0.598 | step_limit
Ep 714 | 드론3 목적지64 | 1000스텝 | 배송 61/64 | 재적재 12 | 중계율 0.21 | alpha 0.582 | step_limit
Ep 715 | 드론4 목적지43 |  592스텝 | 배송 43/43 | 재적재  7 | 중계율 0.14 | alpha 0.575 | complete
Ep 716 | 드론3 목적지39 |  848스텝 | 배송 39/39 | 재적재  7 | 중계율 0.24 | alpha 0.574 | complete
Ep 717 | 드론3 목적지67 | 1000스텝 | 배송 63/67 | 재적재 12 | 중계율 0.21 | alpha 0.567 | step_limit
Ep 718 | 드론4 목적지68 | 1000스텝 | 배송 67/68 | 재적재 11 | 중계율 0.27 | alpha 0.555 | step_limit
Ep 719 | 드론4 목적지67 |  998스텝 | 배송 67/67 | 재적재 12 | 중계율 0.25 | alpha 0.564 | complete
Ep 720 | 드론3 목적지49 |  724스텝 | 배송 49/49 | 재적재  8 | 중계율 0.12 | alpha 0.572 | complete
Ep 721 | 드론3 목적지29 |  465스텝 | 배송 29/29 | 재적재  5 | 중계율 0.25 | alpha 0.571 | complete
Ep 722 | 드론4 목적지59 |  693스텝 | 배송 59/59 | 재적재  9 | 중계율 0.20 | alpha 0.574 | complete
Ep 723 | 드론4 목적지70 |  729스텝 | 배송 70/70 | 재적재 12 | 중계율 0.15 | alpha 0.576 | complete
Ep 724 | 드론3 목적지69 | 1000스텝 | 배송 60/69 | 재적재 10 | 중계율 0.23 | alpha 0.569 | step_limit
Ep 725 | 드론3 목적지62 | 1000스텝 | 배송 51/62 | 재적재 10 | 중계율 0.34 | alpha 0.564 | step_limit
Ep 726 | 드론4 목적지56 |  861스텝 | 배송 56/56 | 재적재 10 | 중계율 0.25 | alpha 0.565 | complete
Ep 727 | 드론3 목적지57 | 1000스텝 | 배송 51/57 | 재적재  9 | 중계율 0.15 | alpha 0.570 | step_limit
Ep 728 | 드론4 목적지43 |  802스텝 | 배송 43/43 | 재적재  7 | 중계율 0.37 | alpha 0.569 | complete
Ep 729 | 드론4 목적지77 |  861스텝 | 배송 77/77 | 재적재 12 | 중계율 0.19 | alpha 0.566 | complete
Ep 730 | 드론3 목적지27 |  612스텝 | 배송 27/27 | 재적재  4 | 중계율 0.26 | alpha 0.559 | complete
Ep 731 | 드론3 목적지80 | 1000스텝 | 배송 74/80 | 재적재 13 | 중계율 0.23 | alpha 0.546 | step_limit
Ep 732 | 드론3 목적지80 | 1000스텝 | 배송 67/80 | 재적재 11 | 중계율 0.26 | alpha 0.539 | step_limit
Ep 733 | 드론4 목적지64 |  881스텝 | 배송 64/64 | 재적재 11 | 중계율 0.22 | alpha 0.538 | complete
Ep 734 | 드론3 목적지38 |  585스텝 | 배송 38/38 | 재적재  5 | 중계율 0.14 | alpha 0.535 | complete
Ep 735 | 드론4 목적지63 |  830스텝 | 배송 63/63 | 재적재 10 | 중계율 0.27 | alpha 0.534 | complete
Ep 736 | 드론3 목적지52 | 1000스텝 | 배송 51/52 | 재적재  8 | 중계율 0.29 | alpha 0.539 | step_limit
Ep 737 | 드론3 목적지41 |  854스텝 | 배송 41/41 | 재적재  6 | 중계율 0.24 | alpha 0.534 | complete
Ep 738 | 드론4 목적지49 |  581스텝 | 배송 49/49 | 재적재  8 | 중계율 0.18 | alpha 0.540 | complete
Ep 739 | 드론3 목적지27 |  473스텝 | 배송 27/27 | 재적재  4 | 중계율 0.22 | alpha 0.542 | complete
Ep 740 | 드론3 목적지32 |  630스텝 | 배송 32/32 | 재적재  5 | 중계율 0.29 | alpha 0.551 | complete
Ep 741 | 드론3 목적지25 |  567스텝 | 배송 25/25 | 재적재  3 | 중계율 0.21 | alpha 0.553 | complete
Ep 742 | 드론3 목적지48 |  885스텝 | 배송 48/48 | 재적재  8 | 중계율 0.25 | alpha 0.545 | complete
Ep 743 | 드론4 목적지54 |  588스텝 | 배송 54/54 | 재적재  9 | 중계율 0.13 | alpha 0.549 | complete
Ep 744 | 드론4 목적지24 |  557스텝 | 배송 24/24 | 재적재  4 | 중계율 0.21 | alpha 0.555 | complete
Ep 745 | 드론4 목적지37 |  438스텝 | 배송 37/37 | 재적재  4 | 중계율 0.19 | alpha 0.554 | complete
Ep 746 | 드론3 목적지50 | 1000스텝 | 배송 45/50 | 재적재  9 | 중계율 0.30 | alpha 0.557 | step_limit
Ep 747 | 드론3 목적지78 | 1000스텝 | 배송 60/78 | 재적재  9 | 중계율 0.29 | alpha 0.555 | step_limit
Ep 748 | 드론3 목적지33 |  551스텝 | 배송 33/33 | 재적재  4 | 중계율 0.24 | alpha 0.559 | complete
Ep 749 | 드론3 목적지20 |  463스텝 | 배송 20/20 | 재적재  3 | 중계율 0.29 | alpha 0.559 | complete
Ep 750 | 드론4 목적지80 | 1000스텝 | 배송 78/80 | 재적재 13 | 중계율 0.17 | alpha 0.562 | step_limit
  [홀드아웃] 배송 49.7±2.5 완주 0.97 스텝 947 점수 124.9 재적재 7.9 2홉+ 0.62 | 최고 125.1@ep500 정체 5/8
Ep 751 | 드론4 목적지29 |  531스텝 | 배송 29/29 | 재적재  4 | 중계율 0.25 | alpha 0.567 | complete
Ep 752 | 드론4 목적지21 |  452스텝 | 배송 21/21 | 재적재  4 | 중계율 0.30 | alpha 0.569 | complete
Ep 753 | 드론4 목적지21 |  331스텝 | 배송 21/21 | 재적재  2 | 중계율 0.17 | alpha 0.564 | complete
Ep 754 | 드론4 목적지39 |  526스텝 | 배송 39/39 | 재적재  6 | 중계율 0.23 | alpha 0.564 | complete
Ep 755 | 드론3 목적지68 | 1000스텝 | 배송 53/68 | 재적재  9 | 중계율 0.25 | alpha 0.566 | step_limit
Ep 756 | 드론3 목적지80 | 1000스텝 | 배송 72/80 | 재적재 13 | 중계율 0.19 | alpha 0.560 | step_limit
Ep 757 | 드론4 목적지62 |  656스텝 | 배송 62/62 | 재적재  9 | 중계율 0.14 | alpha 0.557 | complete
Ep 758 | 드론4 목적지36 |  871스텝 | 배송 36/36 | 재적재  6 | 중계율 0.36 | alpha 0.559 | complete
Ep 759 | 드론4 목적지46 |  832스텝 | 배송 46/46 | 재적재  6 | 중계율 0.36 | alpha 0.564 | complete
Ep 760 | 드론3 목적지23 |  631스텝 | 배송 23/23 | 재적재  3 | 중계율 0.28 | alpha 0.566 | complete
Ep 761 | 드론4 목적지36 |  389스텝 | 배송 36/36 | 재적재  5 | 중계율 0.12 | alpha 0.565 | complete
Ep 762 | 드론3 목적지66 | 1000스텝 | 배송 62/66 | 재적재 10 | 중계율 0.19 | alpha 0.564 | step_limit
Ep 763 | 드론3 목적지24 |  344스텝 | 배송 24/24 | 재적재  3 | 중계율 0.15 | alpha 0.563 | complete
Ep 764 | 드론3 목적지27 |  386스텝 | 배송 27/27 | 재적재  4 | 중계율 0.18 | alpha 0.560 | complete
Ep 765 | 드론4 목적지43 |  684스텝 | 배송 43/43 | 재적재  7 | 중계율 0.17 | alpha 0.561 | complete
Ep 766 | 드론3 목적지25 |  580스텝 | 배송 25/25 | 재적재  3 | 중계율 0.24 | alpha 0.558 | complete
Ep 767 | 드론3 목적지65 | 1000스텝 | 배송 61/65 | 재적재 10 | 중계율 0.28 | alpha 0.558 | step_limit
Ep 768 | 드론3 목적지50 |  719스텝 | 배송 50/50 | 재적재  9 | 중계율 0.17 | alpha 0.561 | complete
Ep 769 | 드론4 목적지40 |  502스텝 | 배송 40/40 | 재적재  5 | 중계율 0.21 | alpha 0.561 | complete
Ep 770 | 드론4 목적지58 |  919스텝 | 배송 58/58 | 재적재 11 | 중계율 0.31 | alpha 0.564 | complete
Ep 771 | 드론3 목적지28 |  760스텝 | 배송 28/28 | 재적재  5 | 중계율 0.31 | alpha 0.570 | complete
Ep 772 | 드론4 목적지53 |  770스텝 | 배송 53/53 | 재적재  8 | 중계율 0.21 | alpha 0.575 | complete
Ep 773 | 드론3 목적지60 | 1000스텝 | 배송 50/60 | 재적재  9 | 중계율 0.29 | alpha 0.579 | step_limit
Ep 774 | 드론3 목적지60 | 1000스텝 | 배송 54/60 | 재적재 10 | 중계율 0.36 | alpha 0.588 | step_limit
Ep 775 | 드론3 목적지62 | 1000스텝 | 배송 57/62 | 재적재 10 | 중계율 0.25 | alpha 0.581 | step_limit
Ep 776 | 드론3 목적지47 |  937스텝 | 배송 47/47 | 재적재  7 | 중계율 0.27 | alpha 0.572 | complete
Ep 777 | 드론3 목적지77 | 1000스텝 | 배송 76/77 | 재적재 14 | 중계율 0.19 | alpha 0.578 | step_limit
Ep 778 | 드론3 목적지29 |  682스텝 | 배송 29/29 | 재적재  4 | 중계율 0.28 | alpha 0.583 | complete
Ep 779 | 드론3 목적지79 | 1000스텝 | 배송 60/79 | 재적재 10 | 중계율 0.29 | alpha 0.583 | step_limit
Ep 780 | 드론4 목적지50 |  861스텝 | 배송 50/50 | 재적재  9 | 중계율 0.28 | alpha 0.589 | complete
Ep 781 | 드론3 목적지53 | 1000스텝 | 배송 45/53 | 재적재  7 | 중계율 0.31 | alpha 0.582 | step_limit
Ep 782 | 드론3 목적지35 |  652스텝 | 배송 35/35 | 재적재  5 | 중계율 0.31 | alpha 0.581 | complete
Ep 783 | 드론4 목적지55 |  740스텝 | 배송 55/55 | 재적재  9 | 중계율 0.22 | alpha 0.581 | complete
Ep 784 | 드론3 목적지53 |  867스텝 | 배송 53/53 | 재적재  9 | 중계율 0.25 | alpha 0.584 | complete
Ep 785 | 드론4 목적지56 |  940스텝 | 배송 56/56 | 재적재 10 | 중계율 0.31 | alpha 0.587 | complete
Ep 786 | 드론3 목적지73 | 1000스텝 | 배송 60/73 | 재적재 10 | 중계율 0.25 | alpha 0.589 | step_limit
Ep 787 | 드론4 목적지70 | 1000스텝 | 배송 68/70 | 재적재 11 | 중계율 0.27 | alpha 0.598 | step_limit
Ep 788 | 드론3 목적지31 |  593스텝 | 배송 31/31 | 재적재  5 | 중계율 0.22 | alpha 0.600 | complete
Ep 789 | 드론3 목적지40 |  750스텝 | 배송 40/40 | 재적재  7 | 중계율 0.25 | alpha 0.603 | complete
Ep 790 | 드론4 목적지29 |  527스텝 | 배송 29/29 | 재적재  4 | 중계율 0.32 | alpha 0.604 | complete
Ep 791 | 드론4 목적지38 |  435스텝 | 배송 38/38 | 재적재  5 | 중계율 0.22 | alpha 0.605 | complete
Ep 792 | 드론4 목적지77 |  919스텝 | 배송 77/77 | 재적재 13 | 중계율 0.23 | alpha 0.596 | complete
Ep 793 | 드론3 목적지71 | 1000스텝 | 배송 67/71 | 재적재 11 | 중계율 0.21 | alpha 0.609 | step_limit
Ep 794 | 드론3 목적지33 |  616스텝 | 배송 33/33 | 재적재  5 | 중계율 0.22 | alpha 0.608 | complete
Ep 795 | 드론3 목적지76 | 1000스텝 | 배송 59/76 | 재적재 10 | 중계율 0.34 | alpha 0.612 | step_limit
Ep 796 | 드론3 목적지65 | 1000스텝 | 배송 52/65 | 재적재  9 | 중계율 0.27 | alpha 0.611 | step_limit
Ep 797 | 드론4 목적지72 |  839스텝 | 배송 72/72 | 재적재 13 | 중계율 0.22 | alpha 0.623 | complete
Ep 798 | 드론4 목적지54 | 1000스텝 | 배송 51/54 | 재적재  9 | 중계율 0.32 | alpha 0.638 | step_limit
Ep 799 | 드론3 목적지35 |  627스텝 | 배송 35/35 | 재적재  6 | 중계율 0.23 | alpha 0.649 | complete
Ep 800 | 드론3 목적지78 | 1000스텝 | 배송 65/78 | 재적재 13 | 중계율 0.27 | alpha 0.655 | step_limit
  [홀드아웃] 배송 49.7±2.3 완주 0.96 스텝 934 점수 123.8 재적재 7.9 2홉+ 0.61 | 최고 125.1@ep500 정체 6/8
Ep 801 | 드론3 목적지21 |  783스텝 | 배송 21/21 | 재적재  4 | 중계율 0.17 | alpha 0.658 | complete
Ep 802 | 드론4 목적지22 |  361스텝 | 배송 22/22 | 재적재  2 | 중계율 0.24 | alpha 0.658 | complete
Ep 803 | 드론4 목적지57 |  657스텝 | 배송 57/57 | 재적재 11 | 중계율 0.20 | alpha 0.660 | complete
Ep 804 | 드론3 목적지60 | 1000스텝 | 배송 56/60 | 재적재 10 | 중계율 0.25 | alpha 0.662 | step_limit
Ep 805 | 드론4 목적지34 |  465스텝 | 배송 34/34 | 재적재  6 | 중계율 0.16 | alpha 0.663 | complete
Ep 806 | 드론3 목적지59 | 1000스텝 | 배송 55/59 | 재적재 10 | 중계율 0.32 | alpha 0.665 | step_limit
Ep 807 | 드론4 목적지22 |  299스텝 | 배송 22/22 | 재적재  3 | 중계율 0.19 | alpha 0.666 | complete
Ep 808 | 드론3 목적지35 |  766스텝 | 배송 35/35 | 재적재  5 | 중계율 0.31 | alpha 0.670 | complete
Ep 809 | 드론3 목적지38 |  775스텝 | 배송 38/38 | 재적재  6 | 중계율 0.33 | alpha 0.674 | complete
Ep 810 | 드론4 목적지47 |  863스텝 | 배송 47/47 | 재적재  7 | 중계율 0.35 | alpha 0.669 | complete
Ep 811 | 드론3 목적지70 | 1000스텝 | 배송 55/70 | 재적재  9 | 중계율 0.36 | alpha 0.670 | step_limit
Ep 812 | 드론3 목적지40 |  831스텝 | 배송 40/40 | 재적재  6 | 중계율 0.32 | alpha 0.677 | complete
Ep 813 | 드론3 목적지55 |  997스텝 | 배송 55/55 | 재적재  9 | 중계율 0.32 | alpha 0.671 | complete
Ep 814 | 드론3 목적지38 |  912스텝 | 배송 38/38 | 재적재  6 | 중계율 0.28 | alpha 0.665 | complete
Ep 815 | 드론3 목적지75 | 1000스텝 | 배송 61/75 | 재적재 11 | 중계율 0.30 | alpha 0.670 | step_limit
Ep 816 | 드론4 목적지57 |  832스텝 | 배송 57/57 | 재적재 11 | 중계율 0.25 | alpha 0.667 | complete
Ep 817 | 드론3 목적지58 | 1000스텝 | 배송 54/58 | 재적재  9 | 중계율 0.30 | alpha 0.658 | step_limit
Ep 818 | 드론4 목적지21 |  779스텝 | 배송 21/21 | 재적재  2 | 중계율 0.37 | alpha 0.652 | complete
Ep 819 | 드론3 목적지70 | 1000스텝 | 배송 65/70 | 재적재 11 | 중계율 0.20 | alpha 0.660 | step_limit
Ep 820 | 드론4 목적지26 |  471스텝 | 배송 26/26 | 재적재  3 | 중계율 0.36 | alpha 0.662 | complete
Ep 821 | 드론4 목적지27 |  414스텝 | 배송 27/27 | 재적재  3 | 중계율 0.19 | alpha 0.668 | complete
Ep 822 | 드론4 목적지61 | 1000스텝 | 배송 60/61 | 재적재 10 | 중계율 0.29 | alpha 0.656 | step_limit
Ep 823 | 드론4 목적지77 | 1000스텝 | 배송 75/77 | 재적재 13 | 중계율 0.32 | alpha 0.647 | step_limit
Ep 824 | 드론3 목적지38 |  784스텝 | 배송 38/38 | 재적재  6 | 중계율 0.20 | alpha 0.651 | complete
Ep 825 | 드론3 목적지63 |  903스텝 | 배송 63/63 | 재적재 11 | 중계율 0.14 | alpha 0.659 | complete
Ep 826 | 드론4 목적지44 |  598스텝 | 배송 44/44 | 재적재  7 | 중계율 0.22 | alpha 0.662 | complete
Ep 827 | 드론4 목적지51 |  741스텝 | 배송 51/51 | 재적재  8 | 중계율 0.31 | alpha 0.660 | complete
Ep 828 | 드론3 목적지41 |  877스텝 | 배송 41/41 | 재적재  7 | 중계율 0.36 | alpha 0.670 | complete
Ep 829 | 드론3 목적지22 |  502스텝 | 배송 22/22 | 재적재  3 | 중계율 0.22 | alpha 0.671 | complete
Ep 830 | 드론3 목적지48 |  895스텝 | 배송 48/48 | 재적재  7 | 중계율 0.29 | alpha 0.673 | complete
Ep 831 | 드론3 목적지61 | 1000스텝 | 배송 51/61 | 재적재 10 | 중계율 0.30 | alpha 0.677 | step_limit
Ep 832 | 드론3 목적지66 | 1000스텝 | 배송 65/66 | 재적재 11 | 중계율 0.21 | alpha 0.673 | step_limit
Ep 833 | 드론3 목적지26 |  419스텝 | 배송 26/26 | 재적재  4 | 중계율 0.12 | alpha 0.669 | complete
Ep 834 | 드론4 목적지25 |  520스텝 | 배송 25/25 | 재적재  3 | 중계율 0.28 | alpha 0.666 | complete
Ep 835 | 드론3 목적지78 | 1000스텝 | 배송 66/78 | 재적재 12 | 중계율 0.27 | alpha 0.660 | step_limit
Ep 836 | 드론4 목적지22 |  366스텝 | 배송 22/22 | 재적재  4 | 중계율 0.25 | alpha 0.663 | complete
Ep 837 | 드론3 목적지74 | 1000스텝 | 배송 59/74 | 재적재 10 | 중계율 0.32 | alpha 0.659 | step_limit
Ep 838 | 드론4 목적지46 |  874스텝 | 배송 46/46 | 재적재  7 | 중계율 0.37 | alpha 0.656 | complete
Ep 839 | 드론3 목적지47 |  987스텝 | 배송 47/47 | 재적재  8 | 중계율 0.30 | alpha 0.656 | complete
Ep 840 | 드론4 목적지31 |  378스텝 | 배송 31/31 | 재적재  4 | 중계율 0.18 | alpha 0.656 | complete
Ep 841 | 드론3 목적지52 | 1000스텝 | 배송 50/52 | 재적재  8 | 중계율 0.30 | alpha 0.661 | step_limit
Ep 842 | 드론3 목적지30 |  378스텝 | 배송 30/30 | 재적재  5 | 중계율 0.13 | alpha 0.658 | complete
Ep 843 | 드론4 목적지75 | 1000스텝 | 배송 69/75 | 재적재 11 | 중계율 0.28 | alpha 0.661 | step_limit
Ep 844 | 드론4 목적지28 |  932스텝 | 배송 28/28 | 재적재  4 | 중계율 0.35 | alpha 0.660 | complete
Ep 845 | 드론3 목적지44 |  750스텝 | 배송 44/44 | 재적재  8 | 중계율 0.23 | alpha 0.660 | complete
Ep 846 | 드론3 목적지31 |  562스텝 | 배송 31/31 | 재적재  5 | 중계율 0.17 | alpha 0.657 | complete
Ep 847 | 드론4 목적지45 |  912스텝 | 배송 45/45 | 재적재  6 | 중계율 0.34 | alpha 0.652 | complete
Ep 848 | 드론3 목적지44 |  771스텝 | 배송 44/44 | 재적재  6 | 중계율 0.31 | alpha 0.641 | complete
Ep 849 | 드론3 목적지49 |  974스텝 | 배송 49/49 | 재적재  9 | 중계율 0.30 | alpha 0.635 | complete
Ep 850 | 드론3 목적지47 |  923스텝 | 배송 47/47 | 재적재  9 | 중계율 0.30 | alpha 0.630 | complete
  [홀드아웃] 배송 49.7±1.3 완주 0.95 스텝 963 점수 122.2 재적재 8.0 2홉+ 0.61 | 최고 125.1@ep500 정체 7/8
Ep 851 | 드론4 목적지30 |  545스텝 | 배송 30/30 | 재적재  5 | 중계율 0.28 | alpha 0.627 | complete
Ep 852 | 드론4 목적지65 |  894스텝 | 배송 65/65 | 재적재 11 | 중계율 0.25 | alpha 0.627 | complete
Ep 853 | 드론3 목적지45 |  809스텝 | 배송 45/45 | 재적재  8 | 중계율 0.27 | alpha 0.630 | complete
Ep 854 | 드론4 목적지23 |  504스텝 | 배송 23/23 | 재적재  4 | 중계율 0.26 | alpha 0.636 | complete
Ep 855 | 드론4 목적지49 | 1000스텝 | 배송 48/49 | 재적재  8 | 중계율 0.29 | alpha 0.652 | step_limit
Ep 856 | 드론3 목적지28 |  747스텝 | 배송 28/28 | 재적재  4 | 중계율 0.38 | alpha 0.659 | complete
Ep 857 | 드론3 목적지38 |  752스텝 | 배송 38/38 | 재적재  6 | 중계율 0.19 | alpha 0.663 | complete
Ep 858 | 드론4 목적지70 |  784스텝 | 배송 70/70 | 재적재 13 | 중계율 0.20 | alpha 0.676 | complete
Ep 859 | 드론4 목적지27 |  429스텝 | 배송 27/27 | 재적재  4 | 중계율 0.23 | alpha 0.672 | complete
Ep 860 | 드론4 목적지30 |  644스텝 | 배송 30/30 | 재적재  4 | 중계율 0.35 | alpha 0.674 | complete
Ep 861 | 드론3 목적지39 |  805스텝 | 배송 39/39 | 재적재  7 | 중계율 0.27 | alpha 0.681 | complete
Ep 862 | 드론4 목적지50 |  615스텝 | 배송 50/50 | 재적재  8 | 중계율 0.13 | alpha 0.680 | complete
Ep 863 | 드론4 목적지30 |  506스텝 | 배송 30/30 | 재적재  4 | 중계율 0.36 | alpha 0.678 | complete
Ep 864 | 드론4 목적지38 |  662스텝 | 배송 38/38 | 재적재  7 | 중계율 0.24 | alpha 0.672 | complete
Ep 865 | 드론4 목적지56 |  766스텝 | 배송 56/56 | 재적재  9 | 중계율 0.26 | alpha 0.671 | complete
Ep 866 | 드론3 목적지70 | 1000스텝 | 배송 66/70 | 재적재 12 | 중계율 0.27 | alpha 0.668 | step_limit
Ep 867 | 드론3 목적지48 |  833스텝 | 배송 48/48 | 재적재  8 | 중계율 0.27 | alpha 0.667 | complete
Ep 868 | 드론4 목적지37 |  488스텝 | 배송 37/37 | 재적재  6 | 중계율 0.26 | alpha 0.672 | complete
Ep 869 | 드론4 목적지46 |  537스텝 | 배송 46/46 | 재적재  8 | 중계율 0.18 | alpha 0.670 | complete
Ep 870 | 드론3 목적지47 |  841스텝 | 배송 47/47 | 재적재  8 | 중계율 0.26 | alpha 0.671 | complete
Ep 871 | 드론3 목적지44 |  796스텝 | 배송 44/44 | 재적재  7 | 중계율 0.26 | alpha 0.668 | complete
Ep 872 | 드론3 목적지57 | 1000스텝 | 배송 55/57 | 재적재  9 | 중계율 0.28 | alpha 0.663 | step_limit
Ep 873 | 드론4 목적지30 |  544스텝 | 배송 30/30 | 재적재  5 | 중계율 0.33 | alpha 0.658 | complete
Ep 874 | 드론3 목적지20 |  427스텝 | 배송 20/20 | 재적재  2 | 중계율 0.20 | alpha 0.657 | complete
Ep 875 | 드론4 목적지43 |  617스텝 | 배송 43/43 | 재적재  7 | 중계율 0.16 | alpha 0.658 | complete
Ep 876 | 드론4 목적지23 |  530스텝 | 배송 23/23 | 재적재  3 | 중계율 0.29 | alpha 0.659 | complete
Ep 877 | 드론3 목적지65 | 1000스텝 | 배송 60/65 | 재적재  9 | 중계율 0.30 | alpha 0.675 | step_limit
Ep 878 | 드론3 목적지65 | 1000스텝 | 배송 58/65 | 재적재 10 | 중계율 0.31 | alpha 0.686 | step_limit
Ep 879 | 드론4 목적지28 |  310스텝 | 배송 28/28 | 재적재  4 | 중계율 0.11 | alpha 0.686 | complete
Ep 880 | 드론4 목적지41 |  441스텝 | 배송 41/41 | 재적재  6 | 중계율 0.15 | alpha 0.695 | complete
Ep 881 | 드론3 목적지59 |  820스텝 | 배송 59/59 | 재적재 11 | 중계율 0.13 | alpha 0.693 | complete
Ep 882 | 드론3 목적지46 | 1000스텝 | 배송 45/46 | 재적재  8 | 중계율 0.24 | alpha 0.707 | step_limit
Ep 883 | 드론4 목적지67 | 1000스텝 | 배송 65/67 | 재적재 12 | 중계율 0.29 | alpha 0.727 | step_limit
Ep 884 | 드론3 목적지49 |  964스텝 | 배송 49/49 | 재적재  9 | 중계율 0.27 | alpha 0.749 | complete
Ep 885 | 드론3 목적지51 | 1000스텝 | 배송 45/51 | 재적재  8 | 중계율 0.29 | alpha 0.762 | step_limit
Ep 886 | 드론3 목적지36 |  778스텝 | 배송 36/36 | 재적재  6 | 중계율 0.33 | alpha 0.764 | complete
Ep 887 | 드론4 목적지36 |  514스텝 | 배송 36/36 | 재적재  6 | 중계율 0.21 | alpha 0.773 | complete
Ep 888 | 드론3 목적지48 | 1000스텝 | 배송 46/48 | 재적재  9 | 중계율 0.24 | alpha 0.782 | step_limit
Ep 889 | 드론4 목적지22 |  648스텝 | 배송 22/22 | 재적재  3 | 중계율 0.43 | alpha 0.787 | complete
Ep 890 | 드론3 목적지60 | 1000스텝 | 배송 50/60 | 재적재 10 | 중계율 0.35 | alpha 0.797 | step_limit
Ep 891 | 드론4 목적지80 | 1000스텝 | 배송 73/80 | 재적재 13 | 중계율 0.23 | alpha 0.808 | step_limit
Ep 892 | 드론3 목적지73 | 1000스텝 | 배송 65/73 | 재적재 13 | 중계율 0.27 | alpha 0.808 | step_limit
Ep 893 | 드론3 목적지30 |  612스텝 | 배송 30/30 | 재적재  4 | 중계율 0.28 | alpha 0.806 | complete
Ep 894 | 드론3 목적지63 | 1000스텝 | 배송 59/63 | 재적재 11 | 중계율 0.27 | alpha 0.812 | step_limit
Ep 895 | 드론4 목적지28 |  340스텝 | 배송 28/28 | 재적재  4 | 중계율 0.18 | alpha 0.813 | complete
Ep 896 | 드론3 목적지39 |  802스텝 | 배송 39/39 | 재적재  6 | 중계율 0.35 | alpha 0.819 | complete
Ep 897 | 드론4 목적지53 | 1000스텝 | 배송 47/53 | 재적재  8 | 중계율 0.35 | alpha 0.821 | step_limit
Ep 898 | 드론3 목적지66 | 1000스텝 | 배송 55/66 | 재적재 10 | 중계율 0.33 | alpha 0.825 | step_limit
Ep 899 | 드론3 목적지33 |  689스텝 | 배송 33/33 | 재적재  5 | 중계율 0.28 | alpha 0.822 | complete
Ep 900 | 드론4 목적지43 |  927스텝 | 배송 43/43 | 재적재  7 | 중계율 0.28 | alpha 0.816 | complete
  [홀드아웃] 배송 49.6±1.6 완주 0.94 스텝 940 점수 121.2 재적재 7.9 2홉+ 0.61 | 최고 125.1@ep500 정체 8/8

조기 종료. 최고 125.1@ep500
Training finished. best=125.1 @ ep500
