/home/kopt/enter/envs/wsl_neuroMCTS/lib/python3.10/site-packages/pygame/pkgdata.py:25: UserWarning: pkg_resources is deprecated as an API. See https://setuptools.pypa.io/en/latest/pkg_resources.html. The pkg_resources package is slated for removal as early as 2025-11-30. Refrain from using this package or pin to Setuptools<81.
  from pkg_resources import resource_stream, resource_exists
pygame 2.6.1 (SDL 2.28.4, Python 3.10.19)
Hello from the pygame community. https://www.pygame.org/contribute.html
집합 상위 학습 | 반경 300 상한 1000 무배송 500 gamma 0.997 구성=무작위 드론[3, 4] 목적지[20, 80] CC무작위 인스턴스=무작위 목표유지=off 완주보상=0.0 잔여페널티=0.1 규칙관측=False 규칙정규화=2.0/중계가중치=1.0 막힘페널티=0.0 중계크레딧=0.0/재분배=0.0/드론별보상=False 도달권shaping=0.0 정체전환보상=0.0 엔트로피비=0.6->0.25@400 자기회귀=True/가까운순=True 정체재결정=0 결합critic=False 홀드아웃상한=3000 선택=makespan/속도가중치=40.0
/home/kopt/drone/proposed_src/pipeline/train_v5_26_09_15_23.py:419: UserWarning: Converting a tensor with requires_grad=True to a scalar may lead to unexpected behavior.
Consider using tensor.detach() first. (Triggered internally at /pytorch/torch/csrc/autograd/generated/python_variable_methods.cpp:836.)
  writer.add_scalar("train/alpha", float(log_alpha.exp()), ep)
Ep 1 | 드론4 목적지57 | 1000스텝 | 배송 51/57 | 재적재  9 | 중계율 0.17 | alpha 0.100 | step_limit
Ep 2 | 드론3 목적지50 | 1000스텝 | 배송 38/50 | 재적재  6 | 중계율 0.17 | alpha 0.100 | step_limit
Ep 3 | 드론4 목적지72 | 1000스텝 | 배송 58/72 | 재적재  9 | 중계율 0.17 | alpha 0.100 | step_limit
Ep 4 | 드론3 목적지46 | 1000스텝 | 배송 37/46 | 재적재  6 | 중계율 0.12 | alpha 0.100 | step_limit
Ep 5 | 드론3 목적지58 | 1000스텝 | 배송 40/58 | 재적재  6 | 중계율 0.29 | alpha 0.104 | step_limit
Ep 6 | 드론3 목적지61 | 1000스텝 | 배송 55/61 | 재적재  9 | 중계율 0.32 | alpha 0.115 | step_limit
Ep 7 | 드론3 목적지30 |  552스텝 | 배송 30/30 | 재적재  4 | 중계율 0.35 | alpha 0.121 | complete
Ep 8 | 드론3 목적지69 | 1000스텝 | 배송 62/69 | 재적재 10 | 중계율 0.27 | alpha 0.131 | step_limit
Ep 9 | 드론3 목적지66 | 1000스텝 | 배송 53/66 | 재적재  9 | 중계율 0.26 | alpha 0.142 | step_limit
Ep 10 | 드론3 목적지26 |  847스텝 | 배송 20/26 | 재적재  3 | 중계율 0.32 | alpha 0.152 | no_progress
Ep 11 | 드론4 목적지32 |  365스텝 | 배송 32/32 | 재적재  4 | 중계율 0.16 | alpha 0.156 | complete
Ep 12 | 드론3 목적지35 |  756스텝 | 배송 35/35 | 재적재  6 | 중계율 0.22 | alpha 0.165 | complete
Ep 13 | 드론3 목적지23 |  586스텝 | 배송 23/23 | 재적재  2 | 중계율 0.27 | alpha 0.173 | complete
Ep 14 | 드론3 목적지61 | 1000스텝 | 배송 55/61 | 재적재  8 | 중계율 0.29 | alpha 0.186 | step_limit
Ep 15 | 드론4 목적지78 |  734스텝 | 배송 78/78 | 재적재 13 | 중계율 0.19 | alpha 0.196 | complete
Ep 16 | 드론4 목적지46 |  686스텝 | 배송 46/46 | 재적재  8 | 중계율 0.27 | alpha 0.206 | complete
Ep 17 | 드론4 목적지74 |  706스텝 | 배송 74/74 | 재적재 12 | 중계율 0.17 | alpha 0.217 | complete
Ep 18 | 드론3 목적지24 |  806스텝 | 배송 24/24 | 재적재  3 | 중계율 0.38 | alpha 0.230 | complete
Ep 19 | 드론4 목적지24 |  420스텝 | 배송 24/24 | 재적재  3 | 중계율 0.33 | alpha 0.237 | complete
Ep 20 | 드론3 목적지66 |  934스텝 | 배송 66/66 | 재적재 12 | 중계율 0.20 | alpha 0.254 | complete
Ep 21 | 드론3 목적지43 |  584스텝 | 배송 43/43 | 재적재  6 | 중계율 0.19 | alpha 0.266 | complete
Ep 22 | 드론3 목적지43 |  821스텝 | 배송 43/43 | 재적재  8 | 중계율 0.19 | alpha 0.282 | complete
Ep 23 | 드론3 목적지22 |  559스텝 | 배송 22/22 | 재적재  2 | 중계율 0.38 | alpha 0.294 | complete
Ep 24 | 드론3 목적지35 |  753스텝 | 배송 35/35 | 재적재  5 | 중계율 0.26 | alpha 0.310 | complete
Ep 25 | 드론4 목적지25 |  466스텝 | 배송 25/25 | 재적재  4 | 중계율 0.40 | alpha 0.321 | complete
Ep 26 | 드론3 목적지79 | 1000스텝 | 배송 56/79 | 재적재 10 | 중계율 0.17 | alpha 0.345 | step_limit
Ep 27 | 드론4 목적지63 | 1000스텝 | 배송 56/63 | 재적재  9 | 중계율 0.37 | alpha 0.371 | step_limit
Ep 28 | 드론3 목적지77 | 1000스텝 | 배송 58/77 | 재적재 10 | 중계율 0.23 | alpha 0.399 | step_limit
Ep 29 | 드론3 목적지34 |  886스텝 | 배송 22/34 | 재적재  3 | 중계율 0.33 | alpha 0.425 | no_progress
Ep 30 | 드론3 목적지25 |  705스텝 | 배송 11/25 | 재적재  0 | 중계율 0.34 | alpha 0.448 | no_progress
Ep 31 | 드론4 목적지68 | 1000스텝 | 배송 67/68 | 재적재 11 | 중계율 0.25 | alpha 0.481 | step_limit
Ep 32 | 드론3 목적지79 | 1000스텝 | 배송 56/79 | 재적재 11 | 중계율 0.26 | alpha 0.517 | step_limit
Ep 33 | 드론3 목적지62 | 1000스텝 | 배송 51/62 | 재적재  8 | 중계율 0.27 | alpha 0.556 | step_limit
Ep 34 | 드론3 목적지33 |  615스텝 | 배송 33/33 | 재적재  5 | 중계율 0.16 | alpha 0.581 | complete
Ep 35 | 드론3 목적지26 |  801스텝 | 배송 26/26 | 재적재  4 | 중계율 0.29 | alpha 0.616 | complete
Ep 36 | 드론3 목적지57 | 1000스텝 | 배송 54/57 | 재적재  9 | 중계율 0.29 | alpha 0.662 | step_limit
Ep 37 | 드론3 목적지29 |  778스텝 | 배송 29/29 | 재적재  5 | 중계율 0.40 | alpha 0.700 | complete
Ep 38 | 드론4 목적지63 |  892스텝 | 배송 63/63 | 재적재 10 | 중계율 0.33 | alpha 0.746 | complete
Ep 39 | 드론4 목적지44 |  744스텝 | 배송 44/44 | 재적재  5 | 중계율 0.34 | alpha 0.786 | complete
Ep 40 | 드론4 목적지56 | 1000스텝 | 배송 53/56 | 재적재  8 | 중계율 0.25 | alpha 0.843 | step_limit
Ep 41 | 드론4 목적지21 |  358스텝 | 배송 21/21 | 재적재  3 | 중계율 0.35 | alpha 0.864 | complete
Ep 42 | 드론3 목적지24 |  653스텝 | 배송 24/24 | 재적재  2 | 중계율 0.31 | alpha 0.904 | complete
Ep 43 | 드론3 목적지52 |  981스텝 | 배송 52/52 | 재적재  9 | 중계율 0.21 | alpha 0.968 | complete
Ep 44 | 드론3 목적지72 | 1000스텝 | 배송 53/72 | 재적재  8 | 중계율 0.11 | alpha 1.037 | step_limit
Ep 45 | 드론3 목적지52 | 1000스텝 | 배송 49/52 | 재적재  9 | 중계율 0.27 | alpha 1.111 | step_limit
Ep 46 | 드론4 목적지72 |  676스텝 | 배송 72/72 | 재적재 12 | 중계율 0.16 | alpha 1.163 | complete
Ep 47 | 드론3 목적지69 | 1000스텝 | 배송 61/69 | 재적재 11 | 중계율 0.22 | alpha 1.244 | step_limit
Ep 48 | 드론3 목적지56 | 1000스텝 | 배송 50/56 | 재적재  9 | 중계율 0.28 | alpha 1.328 | step_limit
Ep 49 | 드론4 목적지78 | 1000스텝 | 배송 76/78 | 재적재 14 | 중계율 0.26 | alpha 1.414 | step_limit
Ep 50 | 드론4 목적지40 | 1000스텝 | 배송 34/40 | 재적재  3 | 중계율 0.38 | alpha 1.504 | step_limit
  [홀드아웃] 배송 49.9±0.6 완주 0.97 스텝 1022 점수 123.9 재적재 7.7 2홉+ 0.63 | 최고 123.9@ep50 정체 0/8  ← 갱신
Ep 51 | 드론4 목적지51 |  543스텝 | 배송 51/51 | 재적재  8 | 중계율 0.16 | alpha 1.553 | complete
Ep 52 | 드론3 목적지42 |  716스텝 | 배송 42/42 | 재적재  6 | 중계율 0.26 | alpha 1.621 | complete
Ep 53 | 드론4 목적지60 |  892스텝 | 배송 60/60 | 재적재 10 | 중계율 0.18 | alpha 1.707 | complete
Ep 54 | 드론3 목적지49 |  893스텝 | 배송 49/49 | 재적재  9 | 중계율 0.16 | alpha 1.797 | complete
Ep 55 | 드론3 목적지40 |  936스텝 | 배송 40/40 | 재적재  7 | 중계율 0.18 | alpha 1.893 | complete
Ep 56 | 드론4 목적지61 |  890스텝 | 배송 61/61 | 재적재 10 | 중계율 0.23 | alpha 1.989 | complete
Ep 57 | 드론3 목적지53 | 1000스텝 | 배송 49/53 | 재적재  8 | 중계율 0.27 | alpha 2.094 | step_limit
Ep 58 | 드론4 목적지57 |  896스텝 | 배송 57/57 | 재적재 11 | 중계율 0.28 | alpha 2.184 | complete
Ep 59 | 드론3 목적지50 | 1000스텝 | 배송 47/50 | 재적재  9 | 중계율 0.26 | alpha 2.277 | step_limit
Ep 60 | 드론3 목적지21 |  615스텝 | 배송 21/21 | 재적재  3 | 중계율 0.29 | alpha 2.334 | complete
Ep 61 | 드론4 목적지26 |  362스텝 | 배송 26/26 | 재적재  3 | 중계율 0.19 | alpha 2.369 | complete
Ep 62 | 드론4 목적지55 | 1000스텝 | 배송 54/55 | 재적재  9 | 중계율 0.31 | alpha 2.457 | step_limit
Ep 63 | 드론4 목적지68 |  996스텝 | 배송 68/68 | 재적재 12 | 중계율 0.25 | alpha 2.546 | complete
Ep 64 | 드론3 목적지41 | 1000스텝 | 배송 35/41 | 재적재  6 | 중계율 0.26 | alpha 2.631 | step_limit
Ep 65 | 드론4 목적지68 |  853스텝 | 배송 68/68 | 재적재 12 | 중계율 0.13 | alpha 2.694 | complete
Ep 66 | 드론3 목적지61 | 1000스텝 | 배송 51/61 | 재적재  9 | 중계율 0.16 | alpha 2.756 | step_limit
Ep 67 | 드론3 목적지53 | 1000스텝 | 배송 42/53 | 재적재  6 | 중계율 0.27 | alpha 2.814 | step_limit
Ep 68 | 드론3 목적지44 |  819스텝 | 배송 44/44 | 재적재  8 | 중계율 0.16 | alpha 2.856 | complete
Ep 69 | 드론3 목적지34 |  943스텝 | 배송 34/34 | 재적재  6 | 중계율 0.21 | alpha 2.880 | complete
Ep 70 | 드론3 목적지31 | 1000스텝 | 배송 27/31 | 재적재  5 | 중계율 0.27 | alpha 2.887 | step_limit
Ep 71 | 드론4 목적지71 |  885스텝 | 배송 71/71 | 재적재 13 | 중계율 0.16 | alpha 2.882 | complete
Ep 72 | 드론3 목적지53 | 1000스텝 | 배송 44/53 | 재적재  7 | 중계율 0.22 | alpha 2.866 | step_limit
Ep 73 | 드론3 목적지21 |  964스텝 | 배송 21/21 | 재적재  3 | 중계율 0.30 | alpha 2.861 | complete
Ep 74 | 드론4 목적지45 |  720스텝 | 배송 45/45 | 재적재  8 | 중계율 0.20 | alpha 2.866 | complete
Ep 75 | 드론4 목적지40 |  980스텝 | 배송 40/40 | 재적재  6 | 중계율 0.20 | alpha 2.895 | complete
Ep 76 | 드론3 목적지75 | 1000스텝 | 배송 59/75 | 재적재 11 | 중계율 0.28 | alpha 2.906 | step_limit
Ep 77 | 드론4 목적지24 |  393스텝 | 배송 24/24 | 재적재  3 | 중계율 0.31 | alpha 2.907 | complete
Ep 78 | 드론3 목적지64 | 1000스텝 | 배송 53/64 | 재적재  9 | 중계율 0.17 | alpha 2.910 | step_limit
Ep 79 | 드론3 목적지41 | 1000스텝 | 배송 38/41 | 재적재  7 | 중계율 0.26 | alpha 2.880 | step_limit
Ep 80 | 드론3 목적지69 | 1000스텝 | 배송 60/69 | 재적재 11 | 중계율 0.18 | alpha 2.841 | step_limit
Ep 81 | 드론4 목적지47 |  814스텝 | 배송 47/47 | 재적재  8 | 중계율 0.20 | alpha 2.813 | complete
Ep 82 | 드론4 목적지69 | 1000스텝 | 배송 62/69 | 재적재 11 | 중계율 0.26 | alpha 2.830 | step_limit
Ep 83 | 드론4 목적지31 |  875스텝 | 배송 31/31 | 재적재  4 | 중계율 0.28 | alpha 2.821 | complete
Ep 84 | 드론3 목적지33 |  758스텝 | 배송 33/33 | 재적재  5 | 중계율 0.24 | alpha 2.848 | complete
Ep 85 | 드론3 목적지38 |  703스텝 | 배송 38/38 | 재적재  6 | 중계율 0.13 | alpha 2.859 | complete
Ep 86 | 드론4 목적지24 |  655스텝 | 배송 24/24 | 재적재  3 | 중계율 0.25 | alpha 2.864 | complete
Ep 87 | 드론3 목적지30 |  886스텝 | 배송 30/30 | 재적재  5 | 중계율 0.28 | alpha 2.849 | complete
Ep 88 | 드론3 목적지38 |  673스텝 | 배송 38/38 | 재적재  6 | 중계율 0.19 | alpha 2.806 | complete
Ep 89 | 드론3 목적지57 | 1000스텝 | 배송 45/57 | 재적재  7 | 중계율 0.24 | alpha 2.771 | step_limit
Ep 90 | 드론4 목적지21 |  785스텝 | 배송 21/21 | 재적재  2 | 중계율 0.30 | alpha 2.750 | complete
Ep 91 | 드론4 목적지77 | 1000스텝 | 배송 69/77 | 재적재 13 | 중계율 0.21 | alpha 2.718 | step_limit
Ep 92 | 드론3 목적지69 | 1000스텝 | 배송 58/69 | 재적재  9 | 중계율 0.25 | alpha 2.699 | step_limit
Ep 93 | 드론4 목적지60 |  819스텝 | 배송 60/60 | 재적재 11 | 중계율 0.13 | alpha 2.698 | complete
Ep 94 | 드론4 목적지45 |  808스텝 | 배송 45/45 | 재적재  7 | 중계율 0.19 | alpha 2.638 | complete
Ep 95 | 드론3 목적지71 | 1000스텝 | 배송 54/71 | 재적재  9 | 중계율 0.17 | alpha 2.610 | step_limit
Ep 96 | 드론3 목적지74 | 1000스텝 | 배송 60/74 | 재적재 10 | 중계율 0.17 | alpha 2.628 | step_limit
Ep 97 | 드론4 목적지47 |  635스텝 | 배송 47/47 | 재적재  8 | 중계율 0.18 | alpha 2.655 | complete
Ep 98 | 드론4 목적지50 | 1000스텝 | 배송 47/50 | 재적재  8 | 중계율 0.25 | alpha 2.680 | step_limit
Ep 99 | 드론4 목적지35 |  610스텝 | 배송 35/35 | 재적재  6 | 중계율 0.20 | alpha 2.667 | complete
Ep 100 | 드론3 목적지40 |  909스텝 | 배송 40/40 | 재적재  7 | 중계율 0.21 | alpha 2.651 | complete
  [홀드아웃] 배송 50.0±0.2 완주 0.97 스텝 1143 점수 122.3 재적재 8.3 2홉+ 0.63 | 최고 123.9@ep50 정체 1/8
Ep 101 | 드론3 목적지23 |  546스텝 | 배송 23/23 | 재적재  3 | 중계율 0.24 | alpha 2.637 | complete
Ep 102 | 드론3 목적지21 |  544스텝 | 배송 21/21 | 재적재  2 | 중계율 0.31 | alpha 2.652 | complete
Ep 103 | 드론4 목적지72 | 1000스텝 | 배송 69/72 | 재적재 12 | 중계율 0.18 | alpha 2.653 | step_limit
Ep 104 | 드론3 목적지27 |  902스텝 | 배송 27/27 | 재적재  5 | 중계율 0.30 | alpha 2.627 | complete
Ep 105 | 드론3 목적지63 | 1000스텝 | 배송 57/63 | 재적재 10 | 중계율 0.14 | alpha 2.613 | step_limit
Ep 106 | 드론4 목적지58 |  812스텝 | 배송 58/58 | 재적재 10 | 중계율 0.18 | alpha 2.574 | complete
Ep 107 | 드론4 목적지75 | 1000스텝 | 배송 56/75 | 재적재  9 | 중계율 0.32 | alpha 2.529 | step_limit
Ep 108 | 드론3 목적지55 | 1000스텝 | 배송 51/55 | 재적재  9 | 중계율 0.20 | alpha 2.430 | step_limit
Ep 109 | 드론4 목적지64 | 1000스텝 | 배송 55/64 | 재적재 10 | 중계율 0.24 | alpha 2.365 | step_limit
Ep 110 | 드론3 목적지55 | 1000스텝 | 배송 51/55 | 재적재 10 | 중계율 0.19 | alpha 2.321 | step_limit
Ep 111 | 드론4 목적지67 | 1000스텝 | 배송 57/67 | 재적재 10 | 중계율 0.23 | alpha 2.290 | step_limit
Ep 112 | 드론3 목적지46 | 1000스텝 | 배송 38/46 | 재적재  6 | 중계율 0.23 | alpha 2.257 | step_limit
Ep 113 | 드론4 목적지43 |  728스텝 | 배송 43/43 | 재적재  7 | 중계율 0.14 | alpha 2.249 | complete
Ep 114 | 드론3 목적지80 | 1000스텝 | 배송 60/80 | 재적재 11 | 중계율 0.21 | alpha 2.213 | step_limit
Ep 115 | 드론4 목적지78 | 1000스텝 | 배송 69/78 | 재적재 12 | 중계율 0.16 | alpha 2.210 | step_limit
Ep 116 | 드론4 목적지72 |  929스텝 | 배송 72/72 | 재적재 13 | 중계율 0.23 | alpha 2.182 | complete
Ep 117 | 드론3 목적지54 | 1000스텝 | 배송 50/54 | 재적재  9 | 중계율 0.26 | alpha 2.155 | step_limit
Ep 118 | 드론3 목적지63 | 1000스텝 | 배송 55/63 | 재적재 10 | 중계율 0.24 | alpha 2.122 | step_limit
Ep 119 | 드론4 목적지66 | 1000스텝 | 배송 63/66 | 재적재 12 | 중계율 0.24 | alpha 2.107 | step_limit
Ep 120 | 드론4 목적지70 | 1000스텝 | 배송 67/70 | 재적재 13 | 중계율 0.23 | alpha 2.096 | step_limit
Ep 121 | 드론4 목적지45 |  644스텝 | 배송 45/45 | 재적재  7 | 중계율 0.22 | alpha 2.067 | complete
Ep 122 | 드론4 목적지26 |  554스텝 | 배송 26/26 | 재적재  4 | 중계율 0.26 | alpha 2.063 | complete
Ep 123 | 드론4 목적지30 | 1000스텝 | 배송 29/30 | 재적재  4 | 중계율 0.32 | alpha 2.058 | step_limit
Ep 124 | 드론3 목적지80 | 1000스텝 | 배송 57/80 | 재적재 10 | 중계율 0.22 | alpha 2.072 | step_limit
Ep 125 | 드론4 목적지41 |  697스텝 | 배송 41/41 | 재적재  7 | 중계율 0.23 | alpha 2.059 | complete
Ep 126 | 드론3 목적지50 | 1000스텝 | 배송 49/50 | 재적재  9 | 중계율 0.30 | alpha 2.096 | step_limit
Ep 127 | 드론3 목적지37 |  771스텝 | 배송 37/37 | 재적재  6 | 중계율 0.21 | alpha 2.126 | complete
Ep 128 | 드론3 목적지42 |  913스텝 | 배송 42/42 | 재적재  8 | 중계율 0.25 | alpha 2.098 | complete
Ep 129 | 드론4 목적지52 |  707스텝 | 배송 52/52 | 재적재  9 | 중계율 0.21 | alpha 2.090 | complete
Ep 130 | 드론3 목적지40 |  932스텝 | 배송 40/40 | 재적재  6 | 중계율 0.37 | alpha 2.099 | complete
Ep 131 | 드론3 목적지39 |  736스텝 | 배송 39/39 | 재적재  7 | 중계율 0.21 | alpha 2.107 | complete
Ep 132 | 드론4 목적지63 |  737스텝 | 배송 63/63 | 재적재 10 | 중계율 0.21 | alpha 2.112 | complete
Ep 133 | 드론3 목적지61 | 1000스텝 | 배송 50/61 | 재적재  9 | 중계율 0.14 | alpha 2.087 | step_limit
Ep 134 | 드론4 목적지22 |  260스텝 | 배송 22/22 | 재적재  3 | 중계율 0.15 | alpha 2.082 | complete
Ep 135 | 드론3 목적지20 |  439스텝 | 배송 20/20 | 재적재  2 | 중계율 0.30 | alpha 2.054 | complete
Ep 136 | 드론4 목적지57 |  810스텝 | 배송 57/57 | 재적재  9 | 중계율 0.25 | alpha 2.032 | complete
Ep 137 | 드론3 목적지24 |  412스텝 | 배송 24/24 | 재적재  3 | 중계율 0.22 | alpha 2.024 | complete
Ep 138 | 드론4 목적지35 |  564스텝 | 배송 35/35 | 재적재  6 | 중계율 0.15 | alpha 2.021 | complete
Ep 139 | 드론3 목적지29 |  953스텝 | 배송 29/29 | 재적재  5 | 중계율 0.27 | alpha 2.028 | complete
Ep 140 | 드론3 목적지32 | 1000스텝 | 배송 30/32 | 재적재  4 | 중계율 0.31 | alpha 1.998 | step_limit
Ep 141 | 드론3 목적지54 |  926스텝 | 배송 54/54 | 재적재 10 | 중계율 0.20 | alpha 2.001 | complete
Ep 142 | 드론3 목적지42 |  911스텝 | 배송 42/42 | 재적재  8 | 중계율 0.19 | alpha 2.017 | complete
Ep 143 | 드론3 목적지23 |  552스텝 | 배송 23/23 | 재적재  4 | 중계율 0.27 | alpha 2.012 | complete
Ep 144 | 드론3 목적지61 | 1000스텝 | 배송 57/61 | 재적재 10 | 중계율 0.20 | alpha 2.039 | step_limit
Ep 145 | 드론3 목적지64 | 1000스텝 | 배송 46/64 | 재적재  8 | 중계율 0.14 | alpha 2.048 | step_limit
Ep 146 | 드론3 목적지71 | 1000스텝 | 배송 68/71 | 재적재 11 | 중계율 0.22 | alpha 2.055 | step_limit
Ep 147 | 드론3 목적지48 |  880스텝 | 배송 48/48 | 재적재  8 | 중계율 0.24 | alpha 2.057 | complete
Ep 148 | 드론4 목적지36 |  808스텝 | 배송 36/36 | 재적재  5 | 중계율 0.27 | alpha 2.069 | complete
Ep 149 | 드론4 목적지40 |  560스텝 | 배송 40/40 | 재적재  7 | 중계율 0.17 | alpha 2.077 | complete
Ep 150 | 드론3 목적지26 |  736스텝 | 배송 26/26 | 재적재  4 | 중계율 0.25 | alpha 2.083 | complete
  [홀드아웃] 배송 50.0±0.0 완주 1.00 스텝 1034 점수 126.2 재적재 8.1 2홉+ 0.63 | 최고 126.2@ep150 정체 0/8  ← 갱신
Ep 151 | 드론4 목적지70 |  906스텝 | 배송 70/70 | 재적재 12 | 중계율 0.24 | alpha 2.072 | complete
Ep 152 | 드론4 목적지48 |  604스텝 | 배송 48/48 | 재적재  9 | 중계율 0.24 | alpha 2.071 | complete
Ep 153 | 드론4 목적지57 |  744스텝 | 배송 57/57 | 재적재 10 | 중계율 0.23 | alpha 2.057 | complete
Ep 154 | 드론4 목적지34 |  457스텝 | 배송 34/34 | 재적재  5 | 중계율 0.14 | alpha 2.045 | complete
Ep 155 | 드론4 목적지80 | 1000스텝 | 배송 72/80 | 재적재 13 | 중계율 0.25 | alpha 2.047 | step_limit
Ep 156 | 드론4 목적지59 |  949스텝 | 배송 59/59 | 재적재 11 | 중계율 0.22 | alpha 2.017 | complete
Ep 157 | 드론3 목적지42 | 1000스텝 | 배송 40/42 | 재적재  7 | 중계율 0.23 | alpha 2.009 | step_limit
Ep 158 | 드론4 목적지76 |  967스텝 | 배송 76/76 | 재적재 14 | 중계율 0.15 | alpha 1.992 | complete
Ep 159 | 드론4 목적지47 |  969스텝 | 배송 47/47 | 재적재  8 | 중계율 0.22 | alpha 1.926 | complete
Ep 160 | 드론3 목적지62 | 1000스텝 | 배송 52/62 | 재적재 10 | 중계율 0.22 | alpha 1.900 | step_limit
Ep 161 | 드론3 목적지31 |  804스텝 | 배송 31/31 | 재적재  5 | 중계율 0.25 | alpha 1.852 | complete
Ep 162 | 드론3 목적지26 |  604스텝 | 배송 26/26 | 재적재  5 | 중계율 0.32 | alpha 1.844 | complete
Ep 163 | 드론4 목적지21 |  603스텝 | 배송 21/21 | 재적재  3 | 중계율 0.35 | alpha 1.830 | complete
Ep 164 | 드론4 목적지79 | 1000스텝 | 배송 71/79 | 재적재 12 | 중계율 0.24 | alpha 1.821 | step_limit
Ep 165 | 드론4 목적지47 |  740스텝 | 배송 47/47 | 재적재  8 | 중계율 0.22 | alpha 1.836 | complete
Ep 166 | 드론3 목적지77 | 1000스텝 | 배송 67/77 | 재적재 12 | 중계율 0.19 | alpha 1.863 | step_limit
Ep 167 | 드론4 목적지77 | 1000스텝 | 배송 60/77 | 재적재 11 | 중계율 0.28 | alpha 1.837 | step_limit
Ep 168 | 드론4 목적지29 |  683스텝 | 배송 29/29 | 재적재  5 | 중계율 0.27 | alpha 1.830 | complete
Ep 169 | 드론4 목적지59 | 1000스텝 | 배송 57/59 | 재적재 10 | 중계율 0.25 | alpha 1.811 | step_limit
Ep 170 | 드론3 목적지74 | 1000스텝 | 배송 60/74 | 재적재 10 | 중계율 0.23 | alpha 1.831 | step_limit
Ep 171 | 드론4 목적지34 |  857스텝 | 배송 34/34 | 재적재  5 | 중계율 0.20 | alpha 1.791 | complete
Ep 172 | 드론3 목적지43 | 1000스텝 | 배송 39/43 | 재적재  6 | 중계율 0.24 | alpha 1.786 | step_limit
Ep 173 | 드론3 목적지35 | 1000스텝 | 배송 34/35 | 재적재  5 | 중계율 0.26 | alpha 1.784 | step_limit
Ep 174 | 드론4 목적지43 |  908스텝 | 배송 43/43 | 재적재  7 | 중계율 0.22 | alpha 1.776 | complete
Ep 175 | 드론4 목적지30 | 1000스텝 | 배송 29/30 | 재적재  4 | 중계율 0.33 | alpha 1.771 | step_limit
Ep 176 | 드론4 목적지29 |  985스텝 | 배송 29/29 | 재적재  4 | 중계율 0.31 | alpha 1.791 | complete
Ep 177 | 드론3 목적지45 | 1000스텝 | 배송 40/45 | 재적재  6 | 중계율 0.26 | alpha 1.826 | step_limit
Ep 178 | 드론3 목적지20 |  620스텝 | 배송 20/20 | 재적재  2 | 중계율 0.32 | alpha 1.825 | complete
Ep 179 | 드론4 목적지66 | 1000스텝 | 배송 64/66 | 재적재 10 | 중계율 0.27 | alpha 1.826 | step_limit
Ep 180 | 드론4 목적지22 |  529스텝 | 배송 22/22 | 재적재  4 | 중계율 0.21 | alpha 1.831 | complete
Ep 181 | 드론4 목적지77 | 1000스텝 | 배송 74/77 | 재적재 12 | 중계율 0.22 | alpha 1.821 | step_limit
Ep 182 | 드론3 목적지74 | 1000스텝 | 배송 59/74 | 재적재 10 | 중계율 0.23 | alpha 1.798 | step_limit
Ep 183 | 드론4 목적지40 |  546스텝 | 배송 40/40 | 재적재  6 | 중계율 0.21 | alpha 1.807 | complete
Ep 184 | 드론3 목적지77 | 1000스텝 | 배송 65/77 | 재적재 11 | 중계율 0.19 | alpha 1.806 | step_limit
Ep 185 | 드론4 목적지72 |  994스텝 | 배송 72/72 | 재적재 13 | 중계율 0.24 | alpha 1.793 | complete
Ep 186 | 드론4 목적지74 |  922스텝 | 배송 74/74 | 재적재 13 | 중계율 0.17 | alpha 1.758 | complete
Ep 187 | 드론3 목적지65 | 1000스텝 | 배송 55/65 | 재적재 10 | 중계율 0.19 | alpha 1.741 | step_limit
Ep 188 | 드론3 목적지80 | 1000스텝 | 배송 60/80 | 재적재 11 | 중계율 0.21 | alpha 1.761 | step_limit
Ep 189 | 드론4 목적지55 | 1000스텝 | 배송 54/55 | 재적재  9 | 중계율 0.25 | alpha 1.772 | step_limit
Ep 190 | 드론3 목적지36 |  784스텝 | 배송 36/36 | 재적재  6 | 중계율 0.24 | alpha 1.750 | complete
Ep 191 | 드론3 목적지28 | 1000스텝 | 배송 20/28 | 재적재  3 | 중계율 0.35 | alpha 1.739 | step_limit
Ep 192 | 드론4 목적지74 | 1000스텝 | 배송 72/74 | 재적재 12 | 중계율 0.23 | alpha 1.725 | step_limit
Ep 193 | 드론3 목적지61 | 1000스텝 | 배송 48/61 | 재적재  8 | 중계율 0.26 | alpha 1.708 | step_limit
Ep 194 | 드론4 목적지73 | 1000스텝 | 배송 67/73 | 재적재 13 | 중계율 0.18 | alpha 1.707 | step_limit
Ep 195 | 드론4 목적지69 | 1000스텝 | 배송 64/69 | 재적재 11 | 중계율 0.26 | alpha 1.671 | step_limit
Ep 196 | 드론3 목적지47 | 1000스텝 | 배송 46/47 | 재적재  8 | 중계율 0.16 | alpha 1.655 | step_limit
Ep 197 | 드론4 목적지27 |  561스텝 | 배송 27/27 | 재적재  3 | 중계율 0.25 | alpha 1.628 | complete
Ep 198 | 드론3 목적지56 |  966스텝 | 배송 56/56 | 재적재 10 | 중계율 0.18 | alpha 1.613 | complete
Ep 199 | 드론3 목적지57 | 1000스텝 | 배송 43/57 | 재적재  8 | 중계율 0.24 | alpha 1.605 | step_limit
Ep 200 | 드론4 목적지64 | 1000스텝 | 배송 54/64 | 재적재  9 | 중계율 0.27 | alpha 1.595 | step_limit
  [홀드아웃] 배송 49.9±0.5 완주 0.96 스텝 1075 점수 121.9 재적재 8.2 2홉+ 0.62 | 최고 126.2@ep150 정체 1/8
Ep 201 | 드론4 목적지38 | 1000스텝 | 배송 34/38 | 재적재  5 | 중계율 0.32 | alpha 1.560 | step_limit
Ep 202 | 드론3 목적지32 |  782스텝 | 배송 32/32 | 재적재  5 | 중계율 0.27 | alpha 1.538 | complete
Ep 203 | 드론3 목적지23 |  812스텝 | 배송 23/23 | 재적재  3 | 중계율 0.25 | alpha 1.541 | complete
Ep 204 | 드론3 목적지38 |  858스텝 | 배송 38/38 | 재적재  7 | 중계율 0.22 | alpha 1.556 | complete
Ep 205 | 드론3 목적지27 |  660스텝 | 배송 27/27 | 재적재  5 | 중계율 0.23 | alpha 1.572 | complete
Ep 206 | 드론3 목적지58 | 1000스텝 | 배송 53/58 | 재적재  9 | 중계율 0.23 | alpha 1.589 | step_limit
Ep 207 | 드론3 목적지52 | 1000스텝 | 배송 44/52 | 재적재  8 | 중계율 0.26 | alpha 1.601 | step_limit
Ep 208 | 드론3 목적지60 | 1000스텝 | 배송 50/60 | 재적재  9 | 중계율 0.24 | alpha 1.614 | step_limit
Ep 209 | 드론3 목적지72 | 1000스텝 | 배송 56/72 | 재적재  9 | 중계율 0.21 | alpha 1.620 | step_limit
Ep 210 | 드론4 목적지39 |  618스텝 | 배송 39/39 | 재적재  6 | 중계율 0.19 | alpha 1.613 | complete
Ep 211 | 드론3 목적지55 | 1000스텝 | 배송 52/55 | 재적재 10 | 중계율 0.23 | alpha 1.605 | step_limit
Ep 212 | 드론3 목적지62 | 1000스텝 | 배송 55/62 | 재적재 10 | 중계율 0.24 | alpha 1.589 | step_limit
Ep 213 | 드론4 목적지77 |  698스텝 | 배송 77/77 | 재적재 14 | 중계율 0.16 | alpha 1.556 | complete
Ep 214 | 드론3 목적지44 |  922스텝 | 배송 44/44 | 재적재  8 | 중계율 0.20 | alpha 1.555 | complete
Ep 215 | 드론3 목적지49 | 1000스텝 | 배송 48/49 | 재적재  9 | 중계율 0.29 | alpha 1.540 | step_limit
Ep 216 | 드론4 목적지29 |  759스텝 | 배송 29/29 | 재적재  5 | 중계율 0.30 | alpha 1.532 | complete
Ep 217 | 드론4 목적지36 |  459스텝 | 배송 36/36 | 재적재  5 | 중계율 0.17 | alpha 1.532 | complete
Ep 218 | 드론4 목적지55 | 1000스텝 | 배송 50/55 | 재적재  9 | 중계율 0.20 | alpha 1.511 | step_limit
Ep 219 | 드론3 목적지35 |  819스텝 | 배송 35/35 | 재적재  6 | 중계율 0.28 | alpha 1.521 | complete
Ep 220 | 드론4 목적지73 |  908스텝 | 배송 73/73 | 재적재 13 | 중계율 0.21 | alpha 1.532 | complete
Ep 221 | 드론4 목적지25 |  598스텝 | 배송 25/25 | 재적재  4 | 중계율 0.29 | alpha 1.540 | complete
Ep 222 | 드론3 목적지30 |  784스텝 | 배송 30/30 | 재적재  4 | 중계율 0.25 | alpha 1.533 | complete
Ep 223 | 드론3 목적지45 |  966스텝 | 배송 45/45 | 재적재  7 | 중계율 0.30 | alpha 1.525 | complete
Ep 224 | 드론4 목적지76 | 1000스텝 | 배송 65/76 | 재적재 11 | 중계율 0.31 | alpha 1.536 | step_limit
Ep 225 | 드론4 목적지70 |  839스텝 | 배송 70/70 | 재적재 13 | 중계율 0.20 | alpha 1.523 | complete
Ep 226 | 드론4 목적지73 |  781스텝 | 배송 73/73 | 재적재 13 | 중계율 0.18 | alpha 1.514 | complete
Ep 227 | 드론4 목적지56 |  628스텝 | 배송 56/56 | 재적재  9 | 중계율 0.14 | alpha 1.502 | complete
Ep 228 | 드론4 목적지24 |  484스텝 | 배송 24/24 | 재적재  4 | 중계율 0.28 | alpha 1.486 | complete
Ep 229 | 드론3 목적지32 |  892스텝 | 배송 32/32 | 재적재  5 | 중계율 0.31 | alpha 1.450 | complete
Ep 230 | 드론3 목적지62 | 1000스텝 | 배송 56/62 | 재적재  9 | 중계율 0.22 | alpha 1.411 | step_limit
Ep 231 | 드론3 목적지27 |  694스텝 | 배송 27/27 | 재적재  4 | 중계율 0.19 | alpha 1.389 | complete
Ep 232 | 드론4 목적지27 |  765스텝 | 배송 27/27 | 재적재  3 | 중계율 0.44 | alpha 1.371 | complete
Ep 233 | 드론4 목적지58 | 1000스텝 | 배송 55/58 | 재적재 10 | 중계율 0.26 | alpha 1.354 | step_limit
Ep 234 | 드론3 목적지56 | 1000스텝 | 배송 54/56 | 재적재 10 | 중계율 0.20 | alpha 1.353 | step_limit
Ep 235 | 드론3 목적지49 |  974스텝 | 배송 49/49 | 재적재  8 | 중계율 0.28 | alpha 1.341 | complete
Ep 236 | 드론4 목적지71 | 1000스텝 | 배송 70/71 | 재적재 12 | 중계율 0.26 | alpha 1.349 | step_limit
Ep 237 | 드론4 목적지77 |  854스텝 | 배송 77/77 | 재적재 14 | 중계율 0.16 | alpha 1.346 | complete
Ep 238 | 드론4 목적지27 |  749스텝 | 배송 27/27 | 재적재  4 | 중계율 0.25 | alpha 1.331 | complete
Ep 239 | 드론4 목적지37 |  834스텝 | 배송 37/37 | 재적재  6 | 중계율 0.26 | alpha 1.304 | complete
Ep 240 | 드론4 목적지70 |  924스텝 | 배송 70/70 | 재적재 11 | 중계율 0.24 | alpha 1.303 | complete
Ep 241 | 드론3 목적지46 | 1000스텝 | 배송 44/46 | 재적재  7 | 중계율 0.28 | alpha 1.303 | step_limit
Ep 242 | 드론4 목적지65 |  802스텝 | 배송 65/65 | 재적재 12 | 중계율 0.18 | alpha 1.303 | complete
Ep 243 | 드론4 목적지39 |  818스텝 | 배송 39/39 | 재적재  5 | 중계율 0.30 | alpha 1.290 | complete
Ep 244 | 드론3 목적지51 |  923스텝 | 배송 51/51 | 재적재  9 | 중계율 0.28 | alpha 1.299 | complete
Ep 245 | 드론3 목적지52 | 1000스텝 | 배송 45/52 | 재적재  7 | 중계율 0.30 | alpha 1.315 | step_limit
Ep 246 | 드론4 목적지54 |  531스텝 | 배송 54/54 | 재적재  9 | 중계율 0.14 | alpha 1.303 | complete
Ep 247 | 드론4 목적지69 | 1000스텝 | 배송 66/69 | 재적재 12 | 중계율 0.25 | alpha 1.287 | step_limit
Ep 248 | 드론3 목적지77 | 1000스텝 | 배송 63/77 | 재적재 11 | 중계율 0.24 | alpha 1.257 | step_limit
Ep 249 | 드론4 목적지70 |  893스텝 | 배송 70/70 | 재적재 12 | 중계율 0.22 | alpha 1.254 | complete
Ep 250 | 드론3 목적지51 |  953스텝 | 배송 51/51 | 재적재  9 | 중계율 0.29 | alpha 1.258 | complete
  [홀드아웃] 배송 49.9±0.6 완주 0.97 스텝 1029 점수 123.8 재적재 8.2 2홉+ 0.62 | 최고 126.2@ep150 정체 2/8
Ep 251 | 드론4 목적지33 |  473스텝 | 배송 33/33 | 재적재  6 | 중계율 0.17 | alpha 1.253 | complete
Ep 252 | 드론3 목적지25 |  629스텝 | 배송 25/25 | 재적재  3 | 중계율 0.25 | alpha 1.244 | complete
Ep 253 | 드론4 목적지49 | 1000스텝 | 배송 48/49 | 재적재  8 | 중계율 0.33 | alpha 1.227 | step_limit
Ep 254 | 드론4 목적지26 |  365스텝 | 배송 26/26 | 재적재  4 | 중계율 0.15 | alpha 1.217 | complete
Ep 255 | 드론3 목적지38 |  653스텝 | 배송 38/38 | 재적재  5 | 중계율 0.21 | alpha 1.214 | complete
Ep 256 | 드론3 목적지27 |  660스텝 | 배송 27/27 | 재적재  4 | 중계율 0.32 | alpha 1.204 | complete
Ep 257 | 드론3 목적지44 |  872스텝 | 배송 44/44 | 재적재  8 | 중계율 0.21 | alpha 1.216 | complete
Ep 258 | 드론4 목적지73 | 1000스텝 | 배송 68/73 | 재적재 12 | 중계율 0.20 | alpha 1.220 | step_limit
Ep 259 | 드론4 목적지65 |  787스텝 | 배송 65/65 | 재적재 12 | 중계율 0.21 | alpha 1.220 | complete
Ep 260 | 드론4 목적지49 | 1000스텝 | 배송 47/49 | 재적재  7 | 중계율 0.27 | alpha 1.214 | step_limit
Ep 261 | 드론4 목적지21 |  516스텝 | 배송 21/21 | 재적재  2 | 중계율 0.25 | alpha 1.220 | complete
Ep 262 | 드론3 목적지69 | 1000스텝 | 배송 65/69 | 재적재 13 | 중계율 0.19 | alpha 1.213 | step_limit
Ep 263 | 드론3 목적지40 |  848스텝 | 배송 40/40 | 재적재  5 | 중계율 0.32 | alpha 1.192 | complete
Ep 264 | 드론4 목적지35 |  484스텝 | 배송 35/35 | 재적재  5 | 중계율 0.23 | alpha 1.197 | complete
Ep 265 | 드론4 목적지52 |  544스텝 | 배송 52/52 | 재적재  9 | 중계율 0.16 | alpha 1.189 | complete
Ep 266 | 드론3 목적지33 |  741스텝 | 배송 33/33 | 재적재  5 | 중계율 0.16 | alpha 1.187 | complete
Ep 267 | 드론4 목적지32 |  545스텝 | 배송 32/32 | 재적재  4 | 중계율 0.23 | alpha 1.184 | complete
Ep 268 | 드론3 목적지39 |  820스텝 | 배송 39/39 | 재적재  6 | 중계율 0.28 | alpha 1.176 | complete
Ep 269 | 드론4 목적지71 |  892스텝 | 배송 71/71 | 재적재 12 | 중계율 0.16 | alpha 1.176 | complete
Ep 270 | 드론3 목적지56 | 1000스텝 | 배송 48/56 | 재적재  9 | 중계율 0.28 | alpha 1.173 | step_limit
Ep 271 | 드론4 목적지66 |  886스텝 | 배송 66/66 | 재적재 13 | 중계율 0.24 | alpha 1.166 | complete
Ep 272 | 드론3 목적지33 |  594스텝 | 배송 33/33 | 재적재  6 | 중계율 0.18 | alpha 1.166 | complete
Ep 273 | 드론4 목적지75 | 1000스텝 | 배송 71/75 | 재적재 13 | 중계율 0.28 | alpha 1.147 | step_limit
Ep 274 | 드론3 목적지63 | 1000스텝 | 배송 61/63 | 재적재 11 | 중계율 0.19 | alpha 1.125 | step_limit
Ep 275 | 드론3 목적지46 | 1000스텝 | 배송 45/46 | 재적재  8 | 중계율 0.32 | alpha 1.142 | step_limit
Ep 276 | 드론4 목적지62 | 1000스텝 | 배송 59/62 | 재적재 11 | 중계율 0.32 | alpha 1.140 | step_limit
Ep 277 | 드론4 목적지35 |  494스텝 | 배송 35/35 | 재적재  4 | 중계율 0.23 | alpha 1.124 | complete
Ep 278 | 드론3 목적지79 | 1000스텝 | 배송 66/79 | 재적재 12 | 중계율 0.19 | alpha 1.118 | step_limit
Ep 279 | 드론3 목적지50 | 1000스텝 | 배송 49/50 | 재적재  8 | 중계율 0.28 | alpha 1.104 | step_limit
Ep 280 | 드론3 목적지71 | 1000스텝 | 배송 61/71 | 재적재 11 | 중계율 0.26 | alpha 1.112 | step_limit
Ep 281 | 드론4 목적지52 |  956스텝 | 배송 52/52 | 재적재  8 | 중계율 0.27 | alpha 1.128 | complete
Ep 282 | 드론3 목적지55 |  894스텝 | 배송 55/55 | 재적재  9 | 중계율 0.20 | alpha 1.134 | complete
Ep 283 | 드론3 목적지44 |  822스텝 | 배송 44/44 | 재적재  8 | 중계율 0.17 | alpha 1.125 | complete
Ep 284 | 드론4 목적지61 |  704스텝 | 배송 61/61 | 재적재  9 | 중계율 0.20 | alpha 1.124 | complete
Ep 285 | 드론4 목적지61 | 1000스텝 | 배송 58/61 | 재적재 11 | 중계율 0.22 | alpha 1.104 | step_limit
Ep 286 | 드론4 목적지35 |  568스텝 | 배송 35/35 | 재적재  5 | 중계율 0.19 | alpha 1.089 | complete
Ep 287 | 드론4 목적지42 |  611스텝 | 배송 42/42 | 재적재  7 | 중계율 0.24 | alpha 1.077 | complete
Ep 288 | 드론3 목적지26 |  580스텝 | 배송 26/26 | 재적재  3 | 중계율 0.27 | alpha 1.064 | complete
Ep 289 | 드론4 목적지71 |  802스텝 | 배송 71/71 | 재적재 12 | 중계율 0.20 | alpha 1.044 | complete
Ep 290 | 드론3 목적지34 |  724스텝 | 배송 34/34 | 재적재  6 | 중계율 0.22 | alpha 1.042 | complete
Ep 291 | 드론4 목적지70 |  974스텝 | 배송 70/70 | 재적재 13 | 중계율 0.23 | alpha 1.018 | complete
Ep 292 | 드론4 목적지25 |  339스텝 | 배송 25/25 | 재적재  4 | 중계율 0.17 | alpha 1.009 | complete
Ep 293 | 드론4 목적지78 | 1000스텝 | 배송 76/78 | 재적재 13 | 중계율 0.24 | alpha 0.995 | step_limit
Ep 294 | 드론3 목적지63 | 1000스텝 | 배송 56/63 | 재적재 10 | 중계율 0.26 | alpha 0.998 | step_limit
Ep 295 | 드론3 목적지40 |  771스텝 | 배송 40/40 | 재적재  7 | 중계율 0.25 | alpha 1.003 | complete
Ep 296 | 드론3 목적지78 | 1000스텝 | 배송 60/78 | 재적재 11 | 중계율 0.25 | alpha 1.017 | step_limit
Ep 297 | 드론3 목적지76 | 1000스텝 | 배송 69/76 | 재적재 12 | 중계율 0.17 | alpha 1.026 | step_limit
Ep 298 | 드론4 목적지42 |  663스텝 | 배송 42/42 | 재적재  7 | 중계율 0.20 | alpha 1.041 | complete
Ep 299 | 드론4 목적지34 |  919스텝 | 배송 34/34 | 재적재  6 | 중계율 0.36 | alpha 1.041 | complete
Ep 300 | 드론4 목적지73 | 1000스텝 | 배송 64/73 | 재적재  9 | 중계율 0.24 | alpha 1.049 | step_limit
  [홀드아웃] 배송 49.9±0.7 완주 0.96 스텝 956 점수 123.5 재적재 8.0 2홉+ 0.62 | 최고 126.2@ep150 정체 3/8
Ep 301 | 드론4 목적지74 |  800스텝 | 배송 74/74 | 재적재 13 | 중계율 0.18 | alpha 1.051 | complete
Ep 302 | 드론3 목적지56 | 1000스텝 | 배송 54/56 | 재적재 10 | 중계율 0.26 | alpha 1.040 | step_limit
Ep 303 | 드론4 목적지24 |  477스텝 | 배송 24/24 | 재적재  4 | 중계율 0.22 | alpha 1.030 | complete
Ep 304 | 드론4 목적지67 | 1000스텝 | 배송 63/67 | 재적재 12 | 중계율 0.33 | alpha 1.017 | step_limit
Ep 305 | 드론3 목적지69 | 1000스텝 | 배송 55/69 | 재적재  9 | 중계율 0.27 | alpha 1.015 | step_limit
Ep 306 | 드론3 목적지30 |  781스텝 | 배송 30/30 | 재적재  5 | 중계율 0.22 | alpha 1.023 | complete
Ep 307 | 드론4 목적지46 |  891스텝 | 배송 46/46 | 재적재  7 | 중계율 0.17 | alpha 1.043 | complete
Ep 308 | 드론3 목적지45 |  988스텝 | 배송 45/45 | 재적재  7 | 중계율 0.25 | alpha 1.047 | complete
Ep 309 | 드론4 목적지80 | 1000스텝 | 배송 76/80 | 재적재 14 | 중계율 0.27 | alpha 1.054 | step_limit
Ep 310 | 드론3 목적지26 |  694스텝 | 배송 26/26 | 재적재  3 | 중계율 0.25 | alpha 1.057 | complete
Ep 311 | 드론3 목적지52 |  983스텝 | 배송 52/52 | 재적재 10 | 중계율 0.21 | alpha 1.063 | complete
Ep 312 | 드론3 목적지42 |  966스텝 | 배송 42/42 | 재적재  7 | 중계율 0.26 | alpha 1.054 | complete
Ep 313 | 드론3 목적지60 | 1000스텝 | 배송 55/60 | 재적재  9 | 중계율 0.24 | alpha 1.047 | step_limit
Ep 314 | 드론3 목적지78 | 1000스텝 | 배송 62/78 | 재적재 11 | 중계율 0.23 | alpha 1.037 | step_limit
Ep 315 | 드론4 목적지51 | 1000스텝 | 배송 42/51 | 재적재  6 | 중계율 0.31 | alpha 1.017 | step_limit
Ep 316 | 드론4 목적지58 |  744스텝 | 배송 58/58 | 재적재 10 | 중계율 0.21 | alpha 0.994 | complete
Ep 317 | 드론4 목적지75 | 1000스텝 | 배송 71/75 | 재적재 12 | 중계율 0.22 | alpha 0.972 | step_limit
Ep 318 | 드론4 목적지56 | 1000스텝 | 배송 55/56 | 재적재  9 | 중계율 0.28 | alpha 0.967 | step_limit
Ep 319 | 드론3 목적지69 | 1000스텝 | 배송 46/69 | 재적재  8 | 중계율 0.21 | alpha 0.950 | step_limit
Ep 320 | 드론4 목적지45 |  699스텝 | 배송 45/45 | 재적재  7 | 중계율 0.29 | alpha 0.936 | complete
Ep 321 | 드론4 목적지28 |  446스텝 | 배송 28/28 | 재적재  4 | 중계율 0.25 | alpha 0.933 | complete
Ep 322 | 드론4 목적지59 |  759스텝 | 배송 59/59 | 재적재 11 | 중계율 0.16 | alpha 0.921 | complete
Ep 323 | 드론3 목적지44 |  932스텝 | 배송 44/44 | 재적재  8 | 중계율 0.29 | alpha 0.910 | complete
Ep 324 | 드론3 목적지25 |  491스텝 | 배송 25/25 | 재적재  3 | 중계율 0.19 | alpha 0.900 | complete
Ep 325 | 드론4 목적지65 | 1000스텝 | 배송 64/65 | 재적재 12 | 중계율 0.20 | alpha 0.890 | step_limit
Ep 326 | 드론3 목적지31 |  617스텝 | 배송 31/31 | 재적재  4 | 중계율 0.28 | alpha 0.876 | complete
Ep 327 | 드론4 목적지67 | 1000스텝 | 배송 60/67 | 재적재 10 | 중계율 0.24 | alpha 0.864 | step_limit
Ep 328 | 드론3 목적지65 | 1000스텝 | 배송 60/65 | 재적재 11 | 중계율 0.20 | alpha 0.857 | step_limit
Ep 329 | 드론4 목적지33 |  476스텝 | 배송 33/33 | 재적재  4 | 중계율 0.26 | alpha 0.860 | complete
Ep 330 | 드론4 목적지76 | 1000스텝 | 배송 74/76 | 재적재 13 | 중계율 0.22 | alpha 0.866 | step_limit
Ep 331 | 드론3 목적지76 | 1000스텝 | 배송 64/76 | 재적재 11 | 중계율 0.29 | alpha 0.856 | step_limit
Ep 332 | 드론4 목적지75 |  858스텝 | 배송 75/75 | 재적재 14 | 중계율 0.19 | alpha 0.838 | complete
Ep 333 | 드론3 목적지26 |  530스텝 | 배송 26/26 | 재적재  4 | 중계율 0.19 | alpha 0.835 | complete
Ep 334 | 드론3 목적지63 | 1000스텝 | 배송 62/63 | 재적재 12 | 중계율 0.19 | alpha 0.830 | step_limit
Ep 335 | 드론4 목적지28 |  690스텝 | 배송 28/28 | 재적재  4 | 중계율 0.29 | alpha 0.828 | complete
Ep 336 | 드론3 목적지54 | 1000스텝 | 배송 46/54 | 재적재  8 | 중계율 0.24 | alpha 0.821 | step_limit
Ep 337 | 드론3 목적지65 | 1000스텝 | 배송 51/65 | 재적재  9 | 중계율 0.26 | alpha 0.816 | step_limit
Ep 338 | 드론3 목적지68 | 1000스텝 | 배송 48/68 | 재적재  8 | 중계율 0.27 | alpha 0.818 | step_limit
Ep 339 | 드론4 목적지47 |  541스텝 | 배송 47/47 | 재적재  8 | 중계율 0.17 | alpha 0.807 | complete
Ep 340 | 드론3 목적지73 | 1000스텝 | 배송 59/73 | 재적재 10 | 중계율 0.26 | alpha 0.800 | step_limit
Ep 341 | 드론3 목적지64 | 1000스텝 | 배송 55/64 | 재적재  9 | 중계율 0.31 | alpha 0.794 | step_limit
Ep 342 | 드론3 목적지26 |  495스텝 | 배송 26/26 | 재적재  4 | 중계율 0.19 | alpha 0.793 | complete
Ep 343 | 드론4 목적지58 |  953스텝 | 배송 58/58 | 재적재 10 | 중계율 0.26 | alpha 0.798 | complete
Ep 344 | 드론4 목적지23 |  293스텝 | 배송 23/23 | 재적재  3 | 중계율 0.24 | alpha 0.799 | complete
Ep 345 | 드론4 목적지53 |  906스텝 | 배송 53/53 | 재적재  8 | 중계율 0.28 | alpha 0.786 | complete
Ep 346 | 드론3 목적지21 |  543스텝 | 배송 21/21 | 재적재  3 | 중계율 0.25 | alpha 0.786 | complete
Ep 347 | 드론4 목적지39 |  758스텝 | 배송 39/39 | 재적재  7 | 중계율 0.23 | alpha 0.794 | complete
Ep 348 | 드론4 목적지46 |  565스텝 | 배송 46/46 | 재적재  8 | 중계율 0.20 | alpha 0.801 | complete
Ep 349 | 드론4 목적지37 |  658스텝 | 배송 37/37 | 재적재  6 | 중계율 0.28 | alpha 0.794 | complete
Ep 350 | 드론3 목적지42 |  846스텝 | 배송 42/42 | 재적재  8 | 중계율 0.26 | alpha 0.789 | complete
  [홀드아웃] 배송 50.0±0.2 완주 0.97 스텝 902 점수 125.5 재적재 7.8 2홉+ 0.62 | 최고 126.2@ep150 정체 4/8
Ep 351 | 드론4 목적지54 | 1000스텝 | 배송 44/54 | 재적재  8 | 중계율 0.22 | alpha 0.799 | step_limit
Ep 352 | 드론4 목적지69 | 1000스텝 | 배송 68/69 | 재적재 13 | 중계율 0.29 | alpha 0.791 | step_limit
Ep 353 | 드론3 목적지44 |  850스텝 | 배송 44/44 | 재적재  8 | 중계율 0.22 | alpha 0.786 | complete
Ep 354 | 드론3 목적지49 |  746스텝 | 배송 49/49 | 재적재  8 | 중계율 0.20 | alpha 0.783 | complete
Ep 355 | 드론3 목적지28 |  505스텝 | 배송 28/28 | 재적재  5 | 중계율 0.27 | alpha 0.772 | complete
Ep 356 | 드론3 목적지79 | 1000스텝 | 배송 75/79 | 재적재 13 | 중계율 0.18 | alpha 0.743 | step_limit
Ep 357 | 드론4 목적지71 |  803스텝 | 배송 71/71 | 재적재 12 | 중계율 0.11 | alpha 0.725 | complete
Ep 358 | 드론3 목적지30 |  671스텝 | 배송 30/30 | 재적재  4 | 중계율 0.31 | alpha 0.718 | complete
Ep 359 | 드론3 목적지74 | 1000스텝 | 배송 63/74 | 재적재 10 | 중계율 0.23 | alpha 0.709 | step_limit
Ep 360 | 드론4 목적지47 |  671스텝 | 배송 47/47 | 재적재  8 | 중계율 0.20 | alpha 0.699 | complete
Ep 361 | 드론3 목적지43 | 1000스텝 | 배송 43/43 | 재적재  8 | 중계율 0.31 | alpha 0.700 | complete
Ep 362 | 드론4 목적지78 | 1000스텝 | 배송 59/78 | 재적재 11 | 중계율 0.20 | alpha 0.709 | step_limit
Ep 363 | 드론4 목적지70 |  726스텝 | 배송 70/70 | 재적재 11 | 중계율 0.16 | alpha 0.710 | complete
Ep 364 | 드론3 목적지64 | 1000스텝 | 배송 59/64 | 재적재 11 | 중계율 0.26 | alpha 0.705 | step_limit
Ep 365 | 드론3 목적지63 | 1000스텝 | 배송 51/63 | 재적재  9 | 중계율 0.23 | alpha 0.697 | step_limit
Ep 366 | 드론3 목적지44 |  884스텝 | 배송 44/44 | 재적재  7 | 중계율 0.27 | alpha 0.674 | complete
Ep 367 | 드론4 목적지38 |  503스텝 | 배송 38/38 | 재적재  5 | 중계율 0.23 | alpha 0.657 | complete
Ep 368 | 드론3 목적지37 |  582스텝 | 배송 37/37 | 재적재  6 | 중계율 0.12 | alpha 0.646 | complete
Ep 369 | 드론3 목적지42 |  646스텝 | 배송 42/42 | 재적재  8 | 중계율 0.24 | alpha 0.630 | complete
Ep 370 | 드론3 목적지70 | 1000스텝 | 배송 59/70 | 재적재 10 | 중계율 0.24 | alpha 0.627 | step_limit
Ep 371 | 드론3 목적지40 |  918스텝 | 배송 40/40 | 재적재  6 | 중계율 0.28 | alpha 0.616 | complete
Ep 372 | 드론4 목적지29 |  623스텝 | 배송 29/29 | 재적재  5 | 중계율 0.17 | alpha 0.604 | complete
Ep 373 | 드론3 목적지79 | 1000스텝 | 배송 72/79 | 재적재 14 | 중계율 0.20 | alpha 0.594 | step_limit
Ep 374 | 드론3 목적지40 |  759스텝 | 배송 40/40 | 재적재  7 | 중계율 0.31 | alpha 0.585 | complete
Ep 375 | 드론3 목적지28 |  664스텝 | 배송 28/28 | 재적재  5 | 중계율 0.25 | alpha 0.572 | complete
Ep 376 | 드론3 목적지40 | 1000스텝 | 배송 39/40 | 재적재  6 | 중계율 0.35 | alpha 0.565 | step_limit
Ep 377 | 드론3 목적지72 | 1000스텝 | 배송 57/72 | 재적재 10 | 중계율 0.28 | alpha 0.566 | step_limit
Ep 378 | 드론4 목적지61 |  711스텝 | 배송 61/61 | 재적재 10 | 중계율 0.21 | alpha 0.568 | complete
Ep 379 | 드론4 목적지68 |  962스텝 | 배송 68/68 | 재적재 11 | 중계율 0.26 | alpha 0.560 | complete
Ep 380 | 드론3 목적지24 |  476스텝 | 배송 24/24 | 재적재  4 | 중계율 0.30 | alpha 0.555 | complete
Ep 381 | 드론3 목적지52 | 1000스텝 | 배송 46/52 | 재적재  7 | 중계율 0.33 | alpha 0.547 | step_limit
Ep 382 | 드론4 목적지35 |  597스텝 | 배송 35/35 | 재적재  3 | 중계율 0.25 | alpha 0.545 | complete
Ep 383 | 드론3 목적지47 |  975스텝 | 배송 47/47 | 재적재  8 | 중계율 0.27 | alpha 0.542 | complete
Ep 384 | 드론3 목적지28 |  554스텝 | 배송 28/28 | 재적재  4 | 중계율 0.24 | alpha 0.539 | complete
Ep 385 | 드론4 목적지70 |  970스텝 | 배송 70/70 | 재적재 13 | 중계율 0.23 | alpha 0.529 | complete
Ep 386 | 드론4 목적지71 |  702스텝 | 배송 71/71 | 재적재 12 | 중계율 0.17 | alpha 0.528 | complete
Ep 387 | 드론3 목적지49 |  913스텝 | 배송 49/49 | 재적재  9 | 중계율 0.18 | alpha 0.529 | complete
Ep 388 | 드론3 목적지21 |  495스텝 | 배송 21/21 | 재적재  3 | 중계율 0.30 | alpha 0.519 | complete
Ep 389 | 드론4 목적지60 |  611스텝 | 배송 60/60 | 재적재 10 | 중계율 0.17 | alpha 0.511 | complete
Ep 390 | 드론4 목적지30 |  459스텝 | 배송 30/30 | 재적재  3 | 중계율 0.29 | alpha 0.505 | complete
Ep 391 | 드론3 목적지51 |  745스텝 | 배송 51/51 | 재적재 10 | 중계율 0.19 | alpha 0.497 | complete
Ep 392 | 드론3 목적지39 | 1000스텝 | 배송 38/39 | 재적재  6 | 중계율 0.27 | alpha 0.477 | step_limit
Ep 393 | 드론4 목적지73 |  846스텝 | 배송 73/73 | 재적재 12 | 중계율 0.15 | alpha 0.466 | complete
Ep 394 | 드론3 목적지32 |  692스텝 | 배송 32/32 | 재적재  4 | 중계율 0.31 | alpha 0.452 | complete
Ep 395 | 드론4 목적지70 |  993스텝 | 배송 70/70 | 재적재 12 | 중계율 0.20 | alpha 0.438 | complete
Ep 396 | 드론4 목적지28 |  419스텝 | 배송 28/28 | 재적재  4 | 중계율 0.17 | alpha 0.433 | complete
Ep 397 | 드론3 목적지39 |  747스텝 | 배송 39/39 | 재적재  7 | 중계율 0.26 | alpha 0.422 | complete
Ep 398 | 드론3 목적지40 |  751스텝 | 배송 40/40 | 재적재  6 | 중계율 0.26 | alpha 0.411 | complete
Ep 399 | 드론3 목적지51 |  911스텝 | 배송 51/51 | 재적재  9 | 중계율 0.25 | alpha 0.394 | complete
Ep 400 | 드론3 목적지79 | 1000스텝 | 배송 55/79 | 재적재  9 | 중계율 0.25 | alpha 0.382 | step_limit
  [홀드아웃] 배송 49.9±0.9 완주 0.96 스텝 919 점수 124.0 재적재 7.7 2홉+ 0.61 | 최고 126.2@ep150 정체 5/8
Ep 401 | 드론3 목적지63 | 1000스텝 | 배송 60/63 | 재적재 10 | 중계율 0.25 | alpha 0.376 | step_limit
Ep 402 | 드론3 목적지32 |  642스텝 | 배송 32/32 | 재적재  5 | 중계율 0.23 | alpha 0.373 | complete
Ep 403 | 드론3 목적지76 | 1000스텝 | 배송 66/76 | 재적재 13 | 중계율 0.23 | alpha 0.365 | step_limit
Ep 404 | 드론4 목적지23 |  372스텝 | 배송 23/23 | 재적재  3 | 중계율 0.19 | alpha 0.365 | complete
Ep 405 | 드론3 목적지67 | 1000스텝 | 배송 56/67 | 재적재 10 | 중계율 0.30 | alpha 0.367 | step_limit
Ep 406 | 드론3 목적지48 |  764스텝 | 배송 48/48 | 재적재  8 | 중계율 0.27 | alpha 0.370 | complete
Ep 407 | 드론3 목적지72 | 1000스텝 | 배송 62/72 | 재적재 12 | 중계율 0.24 | alpha 0.377 | step_limit
Ep 408 | 드론4 목적지79 | 1000스텝 | 배송 75/79 | 재적재 14 | 중계율 0.24 | alpha 0.380 | step_limit
Ep 409 | 드론4 목적지28 |  364스텝 | 배송 28/28 | 재적재  4 | 중계율 0.17 | alpha 0.381 | complete
Ep 410 | 드론4 목적지46 |  674스텝 | 배송 46/46 | 재적재  8 | 중계율 0.26 | alpha 0.384 | complete
Ep 411 | 드론4 목적지69 | 1000스텝 | 배송 64/69 | 재적재 12 | 중계율 0.31 | alpha 0.396 | step_limit
Ep 412 | 드론3 목적지47 |  825스텝 | 배송 47/47 | 재적재  9 | 중계율 0.27 | alpha 0.405 | complete
Ep 413 | 드론4 목적지45 |  901스텝 | 배송 45/45 | 재적재  8 | 중계율 0.27 | alpha 0.412 | complete
Ep 414 | 드론3 목적지76 | 1000스텝 | 배송 62/76 | 재적재 12 | 중계율 0.23 | alpha 0.421 | step_limit
Ep 415 | 드론3 목적지79 | 1000스텝 | 배송 73/79 | 재적재 12 | 중계율 0.23 | alpha 0.430 | step_limit
Ep 416 | 드론3 목적지20 |  921스텝 | 배송 20/20 | 재적재  3 | 중계율 0.29 | alpha 0.446 | complete
Ep 417 | 드론3 목적지45 |  733스텝 | 배송 45/45 | 재적재  8 | 중계율 0.23 | alpha 0.451 | complete
Ep 418 | 드론3 목적지75 | 1000스텝 | 배송 65/75 | 재적재 11 | 중계율 0.24 | alpha 0.463 | step_limit
Ep 419 | 드론4 목적지78 | 1000스텝 | 배송 76/78 | 재적재 13 | 중계율 0.29 | alpha 0.472 | step_limit
Ep 420 | 드론4 목적지33 |  654스텝 | 배송 33/33 | 재적재  6 | 중계율 0.30 | alpha 0.476 | complete
Ep 421 | 드론3 목적지62 | 1000스텝 | 배송 57/62 | 재적재  9 | 중계율 0.31 | alpha 0.488 | step_limit
Ep 422 | 드론4 목적지51 |  767스텝 | 배송 51/51 | 재적재  8 | 중계율 0.29 | alpha 0.491 | complete
Ep 423 | 드론3 목적지44 |  803스텝 | 배송 44/44 | 재적재  7 | 중계율 0.29 | alpha 0.503 | complete
Ep 424 | 드론3 목적지33 |  716스텝 | 배송 33/33 | 재적재  5 | 중계율 0.34 | alpha 0.513 | complete
Ep 425 | 드론3 목적지33 |  560스텝 | 배송 33/33 | 재적재  5 | 중계율 0.15 | alpha 0.519 | complete
Ep 426 | 드론4 목적지24 |  480스텝 | 배송 24/24 | 재적재  2 | 중계율 0.18 | alpha 0.525 | complete
Ep 427 | 드론3 목적지64 | 1000스텝 | 배송 60/64 | 재적재  9 | 중계율 0.32 | alpha 0.541 | step_limit
Ep 428 | 드론4 목적지53 | 1000스텝 | 배송 51/53 | 재적재  9 | 중계율 0.34 | alpha 0.554 | step_limit
Ep 429 | 드론3 목적지36 |  655스텝 | 배송 36/36 | 재적재  6 | 중계율 0.21 | alpha 0.562 | complete
Ep 430 | 드론4 목적지48 |  776스텝 | 배송 48/48 | 재적재  8 | 중계율 0.26 | alpha 0.574 | complete
Ep 431 | 드론3 목적지56 | 1000스텝 | 배송 50/56 | 재적재  9 | 중계율 0.27 | alpha 0.584 | step_limit
Ep 432 | 드론3 목적지45 |  882스텝 | 배송 45/45 | 재적재  8 | 중계율 0.20 | alpha 0.592 | complete
Ep 433 | 드론4 목적지25 |  580스텝 | 배송 25/25 | 재적재  3 | 중계율 0.31 | alpha 0.598 | complete
Ep 434 | 드론3 목적지58 | 1000스텝 | 배송 49/58 | 재적재  8 | 중계율 0.27 | alpha 0.610 | step_limit
Ep 435 | 드론3 목적지72 | 1000스텝 | 배송 52/72 | 재적재 10 | 중계율 0.29 | alpha 0.617 | step_limit
Ep 436 | 드론3 목적지71 |  985스텝 | 배송 71/71 | 재적재 12 | 중계율 0.20 | alpha 0.617 | complete
Ep 437 | 드론3 목적지53 |  954스텝 | 배송 53/53 | 재적재  8 | 중계율 0.28 | alpha 0.615 | complete
Ep 438 | 드론4 목적지31 |  658스텝 | 배송 31/31 | 재적재  5 | 중계율 0.28 | alpha 0.619 | complete
Ep 439 | 드론4 목적지77 |  865스텝 | 배송 77/77 | 재적재 13 | 중계율 0.20 | alpha 0.621 | complete
Ep 440 | 드론3 목적지73 | 1000스텝 | 배송 56/73 | 재적재 10 | 중계율 0.25 | alpha 0.618 | step_limit
Ep 441 | 드론4 목적지27 |  316스텝 | 배송 27/27 | 재적재  4 | 중계율 0.20 | alpha 0.619 | complete
Ep 442 | 드론3 목적지20 |  350스텝 | 배송 20/20 | 재적재  2 | 중계율 0.21 | alpha 0.623 | complete
Ep 443 | 드론4 목적지73 |  822스텝 | 배송 73/73 | 재적재 14 | 중계율 0.16 | alpha 0.625 | complete
Ep 444 | 드론3 목적지56 |  852스텝 | 배송 56/56 | 재적재  9 | 중계율 0.21 | alpha 0.633 | complete
Ep 445 | 드론4 목적지20 |  403스텝 | 배송 20/20 | 재적재  2 | 중계율 0.34 | alpha 0.638 | complete
Ep 446 | 드론3 목적지26 |  478스텝 | 배송 26/26 | 재적재  4 | 중계율 0.17 | alpha 0.640 | complete
Ep 447 | 드론3 목적지41 |  711스텝 | 배송 41/41 | 재적재  6 | 중계율 0.18 | alpha 0.637 | complete
Ep 448 | 드론4 목적지73 |  908스텝 | 배송 73/73 | 재적재 12 | 중계율 0.22 | alpha 0.641 | complete
Ep 449 | 드론3 목적지56 |  942스텝 | 배송 56/56 | 재적재 10 | 중계율 0.22 | alpha 0.646 | complete
Ep 450 | 드론3 목적지35 |  625스텝 | 배송 35/35 | 재적재  5 | 중계율 0.27 | alpha 0.643 | complete
  [홀드아웃] 배송 49.8±1.3 완주 0.95 스텝 912 점수 122.8 재적재 7.8 2홉+ 0.62 | 최고 126.2@ep150 정체 6/8
Ep 451 | 드론4 목적지77 |  907스텝 | 배송 77/77 | 재적재 13 | 중계율 0.15 | alpha 0.639 | complete
Ep 452 | 드론3 목적지22 |  547스텝 | 배송 22/22 | 재적재  4 | 중계율 0.28 | alpha 0.639 | complete
Ep 453 | 드론4 목적지47 |  558스텝 | 배송 47/47 | 재적재  8 | 중계율 0.19 | alpha 0.639 | complete
Ep 454 | 드론4 목적지72 | 1000스텝 | 배송 71/72 | 재적재 12 | 중계율 0.24 | alpha 0.638 | step_limit
Ep 455 | 드론4 목적지63 |  961스텝 | 배송 63/63 | 재적재 10 | 중계율 0.27 | alpha 0.630 | complete
Ep 456 | 드론3 목적지73 | 1000스텝 | 배송 69/73 | 재적재 12 | 중계율 0.23 | alpha 0.631 | step_limit
Ep 457 | 드론4 목적지36 | 1000스텝 | 배송 35/36 | 재적재  6 | 중계율 0.36 | alpha 0.625 | step_limit
Ep 458 | 드론4 목적지78 |  925스텝 | 배송 78/78 | 재적재 14 | 중계율 0.20 | alpha 0.617 | complete
Ep 459 | 드론4 목적지45 |  667스텝 | 배송 45/45 | 재적재  7 | 중계율 0.30 | alpha 0.613 | complete
Ep 460 | 드론3 목적지70 | 1000스텝 | 배송 54/70 | 재적재 10 | 중계율 0.29 | alpha 0.612 | step_limit
Ep 461 | 드론3 목적지39 |  779스텝 | 배송 39/39 | 재적재  7 | 중계율 0.22 | alpha 0.617 | complete
Ep 462 | 드론4 목적지62 |  891스텝 | 배송 62/62 | 재적재 12 | 중계율 0.23 | alpha 0.612 | complete
Ep 463 | 드론3 목적지67 | 1000스텝 | 배송 65/67 | 재적재 12 | 중계율 0.25 | alpha 0.614 | step_limit
Ep 464 | 드론3 목적지33 |  859스텝 | 배송 33/33 | 재적재  6 | 중계율 0.23 | alpha 0.614 | complete
Ep 465 | 드론4 목적지80 | 1000스텝 | 배송 71/80 | 재적재 12 | 중계율 0.28 | alpha 0.610 | step_limit
Ep 466 | 드론4 목적지42 |  661스텝 | 배송 42/42 | 재적재  7 | 중계율 0.17 | alpha 0.619 | complete
Ep 467 | 드론3 목적지63 | 1000스텝 | 배송 49/63 | 재적재  9 | 중계율 0.23 | alpha 0.623 | step_limit
Ep 468 | 드론3 목적지78 | 1000스텝 | 배송 66/78 | 재적재 11 | 중계율 0.28 | alpha 0.628 | step_limit
Ep 469 | 드론4 목적지48 |  628스텝 | 배송 48/48 | 재적재  8 | 중계율 0.18 | alpha 0.622 | complete
Ep 470 | 드론4 목적지70 | 1000스텝 | 배송 67/70 | 재적재 11 | 중계율 0.27 | alpha 0.625 | step_limit
Ep 471 | 드론3 목적지24 |  444스텝 | 배송 24/24 | 재적재  3 | 중계율 0.25 | alpha 0.622 | complete
Ep 472 | 드론4 목적지62 |  806스텝 | 배송 62/62 | 재적재 12 | 중계율 0.21 | alpha 0.618 | complete
Ep 473 | 드론3 목적지30 |  661스텝 | 배송 30/30 | 재적재  4 | 중계율 0.25 | alpha 0.609 | complete
Ep 474 | 드론3 목적지37 |  900스텝 | 배송 37/37 | 재적재  7 | 중계율 0.25 | alpha 0.611 | complete
Ep 475 | 드론3 목적지71 | 1000스텝 | 배송 68/71 | 재적재 12 | 중계율 0.24 | alpha 0.611 | step_limit
Ep 476 | 드론3 목적지29 |  642스텝 | 배송 29/29 | 재적재  5 | 중계율 0.21 | alpha 0.614 | complete
Ep 477 | 드론3 목적지36 | 1000스텝 | 배송 31/36 | 재적재  5 | 중계율 0.33 | alpha 0.623 | step_limit
Ep 478 | 드론3 목적지52 |  906스텝 | 배송 52/52 | 재적재  9 | 중계율 0.30 | alpha 0.623 | complete
Ep 479 | 드론4 목적지75 | 1000스텝 | 배송 69/75 | 재적재 11 | 중계율 0.25 | alpha 0.621 | step_limit
Ep 480 | 드론4 목적지64 |  827스텝 | 배송 64/64 | 재적재 12 | 중계율 0.21 | alpha 0.615 | complete
Ep 481 | 드론3 목적지70 | 1000스텝 | 배송 59/70 | 재적재 10 | 중계율 0.29 | alpha 0.608 | step_limit
Ep 482 | 드론4 목적지39 |  518스텝 | 배송 39/39 | 재적재  6 | 중계율 0.18 | alpha 0.614 | complete
Ep 483 | 드론4 목적지51 |  735스텝 | 배송 51/51 | 재적재  9 | 중계율 0.23 | alpha 0.621 | complete
Ep 484 | 드론4 목적지43 |  705스텝 | 배송 43/43 | 재적재  8 | 중계율 0.27 | alpha 0.621 | complete
Ep 485 | 드론3 목적지36 | 1000스텝 | 배송 35/36 | 재적재  6 | 중계율 0.22 | alpha 0.623 | step_limit
Ep 486 | 드론3 목적지53 | 1000스텝 | 배송 52/53 | 재적재 10 | 중계율 0.24 | alpha 0.632 | step_limit
Ep 487 | 드론4 목적지34 |  527스텝 | 배송 34/34 | 재적재  5 | 중계율 0.27 | alpha 0.637 | complete
Ep 488 | 드론3 목적지73 | 1000스텝 | 배송 51/73 | 재적재  9 | 중계율 0.26 | alpha 0.647 | step_limit
Ep 489 | 드론4 목적지52 |  693스텝 | 배송 52/52 | 재적재  8 | 중계율 0.20 | alpha 0.653 | complete
Ep 490 | 드론4 목적지40 |  512스텝 | 배송 40/40 | 재적재  6 | 중계율 0.25 | alpha 0.658 | complete
Ep 491 | 드론3 목적지47 |  741스텝 | 배송 47/47 | 재적재  8 | 중계율 0.20 | alpha 0.663 | complete
Ep 492 | 드론3 목적지71 | 1000스텝 | 배송 55/71 | 재적재 10 | 중계율 0.24 | alpha 0.663 | step_limit
Ep 493 | 드론3 목적지46 |  864스텝 | 배송 46/46 | 재적재  8 | 중계율 0.25 | alpha 0.656 | complete
Ep 494 | 드론3 목적지47 | 1000스텝 | 배송 46/47 | 재적재  8 | 중계율 0.30 | alpha 0.647 | step_limit
Ep 495 | 드론3 목적지45 |  878스텝 | 배송 45/45 | 재적재  7 | 중계율 0.24 | alpha 0.648 | complete
Ep 496 | 드론4 목적지65 | 1000스텝 | 배송 59/65 | 재적재 11 | 중계율 0.18 | alpha 0.641 | step_limit
Ep 497 | 드론3 목적지35 |  614스텝 | 배송 35/35 | 재적재  6 | 중계율 0.18 | alpha 0.639 | complete
Ep 498 | 드론4 목적지39 |  779스텝 | 배송 39/39 | 재적재  6 | 중계율 0.33 | alpha 0.640 | complete
Ep 499 | 드론4 목적지28 |  503스텝 | 배송 28/28 | 재적재  4 | 중계율 0.26 | alpha 0.646 | complete
Ep 500 | 드론3 목적지49 | 1000스텝 | 배송 44/49 | 재적재  8 | 중계율 0.30 | alpha 0.640 | step_limit
  [홀드아웃] 배송 49.7±2.0 완주 0.96 스텝 908 점수 124.1 재적재 7.8 2홉+ 0.62 | 최고 126.2@ep150 정체 7/8
Ep 501 | 드론4 목적지26 |  649스텝 | 배송 26/26 | 재적재  4 | 중계율 0.36 | alpha 0.643 | complete
Ep 502 | 드론4 목적지69 |  897스텝 | 배송 69/69 | 재적재 12 | 중계율 0.17 | alpha 0.642 | complete
Ep 503 | 드론4 목적지44 |  645스텝 | 배송 44/44 | 재적재  7 | 중계율 0.23 | alpha 0.645 | complete
Ep 504 | 드론4 목적지34 |  771스텝 | 배송 34/34 | 재적재  5 | 중계율 0.31 | alpha 0.646 | complete
Ep 505 | 드론4 목적지77 | 1000스텝 | 배송 50/77 | 재적재  8 | 중계율 0.30 | alpha 0.653 | step_limit
Ep 506 | 드론4 목적지55 |  514스텝 | 배송 55/55 | 재적재  9 | 중계율 0.13 | alpha 0.651 | complete
Ep 507 | 드론3 목적지61 |  845스텝 | 배송 61/61 | 재적재 11 | 중계율 0.13 | alpha 0.656 | complete
Ep 508 | 드론3 목적지24 |  404스텝 | 배송 24/24 | 재적재  3 | 중계율 0.22 | alpha 0.657 | complete
Ep 509 | 드론3 목적지48 | 1000스텝 | 배송 45/48 | 재적재  9 | 중계율 0.23 | alpha 0.660 | step_limit
Ep 510 | 드론4 목적지71 | 1000스텝 | 배송 67/71 | 재적재 11 | 중계율 0.30 | alpha 0.665 | step_limit
Ep 511 | 드론4 목적지39 |  670스텝 | 배송 39/39 | 재적재  7 | 중계율 0.23 | alpha 0.673 | complete
Ep 512 | 드론4 목적지29 |  529스텝 | 배송 29/29 | 재적재  5 | 중계율 0.20 | alpha 0.675 | complete
Ep 513 | 드론4 목적지46 |  815스텝 | 배송 46/46 | 재적재  7 | 중계율 0.25 | alpha 0.678 | complete
Ep 514 | 드론3 목적지49 | 1000스텝 | 배송 48/49 | 재적재  8 | 중계율 0.30 | alpha 0.680 | step_limit
Ep 515 | 드론3 목적지70 | 1000스텝 | 배송 65/70 | 재적재 10 | 중계율 0.26 | alpha 0.681 | step_limit
Ep 516 | 드론4 목적지63 | 1000스텝 | 배송 52/63 | 재적재  9 | 중계율 0.31 | alpha 0.681 | step_limit
Ep 517 | 드론4 목적지44 |  879스텝 | 배송 44/44 | 재적재  8 | 중계율 0.27 | alpha 0.678 | complete
Ep 518 | 드론3 목적지57 | 1000스텝 | 배송 50/57 | 재적재 10 | 중계율 0.34 | alpha 0.674 | step_limit
Ep 519 | 드론4 목적지34 |  511스텝 | 배송 34/34 | 재적재  5 | 중계율 0.18 | alpha 0.672 | complete
Ep 520 | 드론3 목적지68 | 1000스텝 | 배송 68/68 | 재적재 11 | 중계율 0.19 | alpha 0.664 | complete
Ep 521 | 드론4 목적지71 | 1000스텝 | 배송 63/71 | 재적재 12 | 중계율 0.28 | alpha 0.654 | step_limit
Ep 522 | 드론3 목적지72 | 1000스텝 | 배송 66/72 | 재적재 12 | 중계율 0.23 | alpha 0.654 | step_limit
Ep 523 | 드론3 목적지27 |  669스텝 | 배송 27/27 | 재적재  5 | 중계율 0.18 | alpha 0.651 | complete
Ep 524 | 드론3 목적지37 | 1000스텝 | 배송 30/37 | 재적재  6 | 중계율 0.26 | alpha 0.649 | step_limit
Ep 525 | 드론3 목적지79 | 1000스텝 | 배송 61/79 | 재적재 11 | 중계율 0.19 | alpha 0.657 | step_limit
Ep 526 | 드론3 목적지39 |  922스텝 | 배송 39/39 | 재적재  7 | 중계율 0.30 | alpha 0.653 | complete
Ep 527 | 드론3 목적지42 |  911스텝 | 배송 42/42 | 재적재  8 | 중계율 0.29 | alpha 0.655 | complete
Ep 528 | 드론3 목적지51 |  951스텝 | 배송 51/51 | 재적재  9 | 중계율 0.24 | alpha 0.656 | complete
Ep 529 | 드론3 목적지21 |  497스텝 | 배송 21/21 | 재적재  3 | 중계율 0.23 | alpha 0.653 | complete
Ep 530 | 드론4 목적지34 |  487스텝 | 배송 34/34 | 재적재  5 | 중계율 0.25 | alpha 0.651 | complete
Ep 531 | 드론4 목적지64 |  961스텝 | 배송 64/64 | 재적재 11 | 중계율 0.25 | alpha 0.655 | complete
Ep 532 | 드론4 목적지78 |  890스텝 | 배송 78/78 | 재적재 15 | 중계율 0.14 | alpha 0.661 | complete
Ep 533 | 드론4 목적지68 | 1000스텝 | 배송 63/68 | 재적재 10 | 중계율 0.24 | alpha 0.665 | step_limit
Ep 534 | 드론3 목적지25 |  414스텝 | 배송 25/25 | 재적재  3 | 중계율 0.20 | alpha 0.670 | complete
Ep 535 | 드론3 목적지25 |  482스텝 | 배송 25/25 | 재적재  3 | 중계율 0.26 | alpha 0.676 | complete
Ep 536 | 드론4 목적지71 | 1000스텝 | 배송 67/71 | 재적재 11 | 중계율 0.21 | alpha 0.683 | step_limit
Ep 537 | 드론4 목적지31 |  612스텝 | 배송 31/31 | 재적재  4 | 중계율 0.29 | alpha 0.688 | complete
Ep 538 | 드론4 목적지55 |  880스텝 | 배송 55/55 | 재적재  9 | 중계율 0.30 | alpha 0.695 | complete
Ep 539 | 드론3 목적지46 | 1000스텝 | 배송 41/46 | 재적재  8 | 중계율 0.27 | alpha 0.698 | step_limit
Ep 540 | 드론4 목적지50 |  557스텝 | 배송 50/50 | 재적재  8 | 중계율 0.15 | alpha 0.701 | complete
Ep 541 | 드론4 목적지25 |  294스텝 | 배송 25/25 | 재적재  4 | 중계율 0.18 | alpha 0.703 | complete
Ep 542 | 드론4 목적지65 |  909스텝 | 배송 65/65 | 재적재 12 | 중계율 0.23 | alpha 0.706 | complete
Ep 543 | 드론3 목적지32 |  744스텝 | 배송 32/32 | 재적재  5 | 중계율 0.23 | alpha 0.706 | complete
Ep 544 | 드론4 목적지60 |  868스텝 | 배송 60/60 | 재적재 11 | 중계율 0.23 | alpha 0.705 | complete
Ep 545 | 드론3 목적지74 | 1000스텝 | 배송 65/74 | 재적재 11 | 중계율 0.28 | alpha 0.705 | step_limit
Ep 546 | 드론3 목적지45 |  770스텝 | 배송 45/45 | 재적재  7 | 중계율 0.28 | alpha 0.712 | complete
Ep 547 | 드론3 목적지37 |  603스텝 | 배송 37/37 | 재적재  6 | 중계율 0.11 | alpha 0.712 | complete
Ep 548 | 드론3 목적지63 |  815스텝 | 배송 63/63 | 재적재 10 | 중계율 0.19 | alpha 0.704 | complete
Ep 549 | 드론4 목적지55 |  589스텝 | 배송 55/55 | 재적재  9 | 중계율 0.21 | alpha 0.700 | complete
Ep 550 | 드론4 목적지30 |  537스텝 | 배송 30/30 | 재적재  4 | 중계율 0.29 | alpha 0.693 | complete
  [홀드아웃] 배송 50.0±0.2 완주 0.99 스텝 885 점수 126.9 재적재 7.9 2홉+ 0.62 | 최고 126.9@ep550 정체 0/8  ← 갱신
Ep 551 | 드론4 목적지33 |  336스텝 | 배송 33/33 | 재적재  4 | 중계율 0.12 | alpha 0.688 | complete
Ep 552 | 드론4 목적지71 |  700스텝 | 배송 71/71 | 재적재 13 | 중계율 0.18 | alpha 0.687 | complete
Ep 553 | 드론4 목적지68 |  909스텝 | 배송 68/68 | 재적재 12 | 중계율 0.21 | alpha 0.683 | complete
Ep 554 | 드론3 목적지74 | 1000스텝 | 배송 66/74 | 재적재 13 | 중계율 0.22 | alpha 0.696 | step_limit
Ep 555 | 드론4 목적지59 | 1000스텝 | 배송 51/59 | 재적재  7 | 중계율 0.28 | alpha 0.695 | step_limit
Ep 556 | 드론4 목적지41 |  784스텝 | 배송 41/41 | 재적재  6 | 중계율 0.27 | alpha 0.697 | complete
Ep 557 | 드론3 목적지71 | 1000스텝 | 배송 66/71 | 재적재 12 | 중계율 0.18 | alpha 0.694 | step_limit
Ep 558 | 드론4 목적지50 |  598스텝 | 배송 50/50 | 재적재  7 | 중계율 0.14 | alpha 0.692 | complete
Ep 559 | 드론4 목적지57 |  899스텝 | 배송 57/57 | 재적재  9 | 중계율 0.24 | alpha 0.696 | complete
Ep 560 | 드론4 목적지42 |  565스텝 | 배송 42/42 | 재적재  7 | 중계율 0.14 | alpha 0.692 | complete
Ep 561 | 드론4 목적지27 |  398스텝 | 배송 27/27 | 재적재  3 | 중계율 0.24 | alpha 0.695 | complete
Ep 562 | 드론4 목적지47 | 1000스텝 | 배송 46/47 | 재적재  8 | 중계율 0.29 | alpha 0.693 | step_limit
Ep 563 | 드론3 목적지78 | 1000스텝 | 배송 70/78 | 재적재 12 | 중계율 0.23 | alpha 0.704 | step_limit
Ep 564 | 드론4 목적지30 |  478스텝 | 배송 30/30 | 재적재  3 | 중계율 0.16 | alpha 0.705 | complete
Ep 565 | 드론4 목적지22 |  486스텝 | 배송 22/22 | 재적재  3 | 중계율 0.26 | alpha 0.709 | complete
Ep 566 | 드론3 목적지49 | 1000스텝 | 배송 47/49 | 재적재  9 | 중계율 0.25 | alpha 0.717 | step_limit
Ep 567 | 드론3 목적지78 | 1000스텝 | 배송 62/78 | 재적재 11 | 중계율 0.29 | alpha 0.719 | step_limit
Ep 568 | 드론4 목적지67 | 1000스텝 | 배송 60/67 | 재적재  9 | 중계율 0.32 | alpha 0.723 | step_limit
Ep 569 | 드론4 목적지70 | 1000스텝 | 배송 66/70 | 재적재 12 | 중계율 0.24 | alpha 0.724 | step_limit
Ep 570 | 드론3 목적지72 | 1000스텝 | 배송 68/72 | 재적재 12 | 중계율 0.21 | alpha 0.717 | step_limit
Ep 571 | 드론4 목적지49 |  797스텝 | 배송 49/49 | 재적재  7 | 중계율 0.22 | alpha 0.712 | complete
Ep 572 | 드론4 목적지75 |  873스텝 | 배송 75/75 | 재적재 12 | 중계율 0.23 | alpha 0.702 | complete
Ep 573 | 드론4 목적지66 |  742스텝 | 배송 66/66 | 재적재 11 | 중계율 0.22 | alpha 0.701 | complete
Ep 574 | 드론4 목적지44 |  659스텝 | 배송 44/44 | 재적재  8 | 중계율 0.23 | alpha 0.696 | complete
Ep 575 | 드론4 목적지78 |  872스텝 | 배송 78/78 | 재적재 15 | 중계율 0.22 | alpha 0.697 | complete
Ep 576 | 드론3 목적지69 | 1000스텝 | 배송 60/69 | 재적재 10 | 중계율 0.30 | alpha 0.688 | step_limit
Ep 577 | 드론4 목적지24 |  381스텝 | 배송 24/24 | 재적재  4 | 중계율 0.18 | alpha 0.685 | complete
Ep 578 | 드론4 목적지32 |  508스텝 | 배송 32/32 | 재적재  4 | 중계율 0.15 | alpha 0.686 | complete
Ep 579 | 드론4 목적지26 |  650스텝 | 배송 26/26 | 재적재  4 | 중계율 0.20 | alpha 0.686 | complete
Ep 580 | 드론4 목적지60 |  846스텝 | 배송 60/60 | 재적재 11 | 중계율 0.18 | alpha 0.689 | complete
Ep 581 | 드론3 목적지47 |  975스텝 | 배송 47/47 | 재적재  9 | 중계율 0.31 | alpha 0.697 | complete
Ep 582 | 드론3 목적지36 |  785스텝 | 배송 36/36 | 재적재  6 | 중계율 0.28 | alpha 0.697 | complete
Ep 583 | 드론4 목적지65 |  825스텝 | 배송 65/65 | 재적재 12 | 중계율 0.26 | alpha 0.691 | complete
Ep 584 | 드론3 목적지54 | 1000스텝 | 배송 47/54 | 재적재  8 | 중계율 0.23 | alpha 0.687 | step_limit
Ep 585 | 드론4 목적지72 | 1000스텝 | 배송 69/72 | 재적재 12 | 중계율 0.29 | alpha 0.689 | step_limit
Ep 586 | 드론4 목적지37 |  606스텝 | 배송 37/37 | 재적재  6 | 중계율 0.26 | alpha 0.679 | complete
Ep 587 | 드론3 목적지49 |  996스텝 | 배송 49/49 | 재적재  9 | 중계율 0.25 | alpha 0.677 | complete
Ep 588 | 드론3 목적지57 |  985스텝 | 배송 57/57 | 재적재 10 | 중계율 0.24 | alpha 0.667 | complete
Ep 589 | 드론3 목적지50 | 1000스텝 | 배송 47/50 | 재적재  9 | 중계율 0.25 | alpha 0.662 | step_limit
Ep 590 | 드론3 목적지47 |  709스텝 | 배송 47/47 | 재적재  9 | 중계율 0.22 | alpha 0.656 | complete
Ep 591 | 드론4 목적지64 | 1000스텝 | 배송 60/64 | 재적재  9 | 중계율 0.36 | alpha 0.656 | step_limit
Ep 592 | 드론4 목적지22 |  472스텝 | 배송 22/22 | 재적재  3 | 중계율 0.25 | alpha 0.657 | complete
Ep 593 | 드론4 목적지51 |  778스텝 | 배송 51/51 | 재적재 10 | 중계율 0.23 | alpha 0.656 | complete
Ep 594 | 드론3 목적지40 |  787스텝 | 배송 40/40 | 재적재  7 | 중계율 0.20 | alpha 0.656 | complete
Ep 595 | 드론4 목적지26 |  541스텝 | 배송 26/26 | 재적재  4 | 중계율 0.25 | alpha 0.652 | complete
Ep 596 | 드론4 목적지26 |  278스텝 | 배송 26/26 | 재적재  3 | 중계율 0.13 | alpha 0.651 | complete
Ep 597 | 드론3 목적지21 |  487스텝 | 배송 21/21 | 재적재  2 | 중계율 0.23 | alpha 0.647 | complete
Ep 598 | 드론3 목적지23 |  412스텝 | 배송 23/23 | 재적재  3 | 중계율 0.18 | alpha 0.647 | complete
Ep 599 | 드론3 목적지77 | 1000스텝 | 배송 65/77 | 재적재 11 | 중계율 0.27 | alpha 0.654 | step_limit
Ep 600 | 드론4 목적지68 | 1000스텝 | 배송 56/68 | 재적재 11 | 중계율 0.35 | alpha 0.657 | step_limit
  [홀드아웃] 배송 50.0±0.0 완주 1.00 스텝 898 점수 128.0 재적재 7.9 2홉+ 0.61 | 최고 128.0@ep600 정체 0/8  ← 갱신
Ep 601 | 드론3 목적지20 |  618스텝 | 배송 20/20 | 재적재  3 | 중계율 0.33 | alpha 0.658 | complete
Ep 602 | 드론4 목적지72 |  737스텝 | 배송 72/72 | 재적재 12 | 중계율 0.17 | alpha 0.668 | complete
Ep 603 | 드론4 목적지60 |  648스텝 | 배송 60/60 | 재적재  9 | 중계율 0.18 | alpha 0.671 | complete
Ep 604 | 드론4 목적지68 |  712스텝 | 배송 68/68 | 재적재 13 | 중계율 0.13 | alpha 0.674 | complete
Ep 605 | 드론3 목적지73 | 1000스텝 | 배송 60/73 | 재적재 11 | 중계율 0.31 | alpha 0.678 | step_limit
Ep 606 | 드론4 목적지51 |  879스텝 | 배송 51/51 | 재적재  8 | 중계율 0.26 | alpha 0.675 | complete
Ep 607 | 드론3 목적지48 |  819스텝 | 배송 48/48 | 재적재  9 | 중계율 0.22 | alpha 0.677 | complete
Ep 608 | 드론4 목적지67 |  638스텝 | 배송 67/67 | 재적재 11 | 중계율 0.16 | alpha 0.680 | complete
Ep 609 | 드론3 목적지51 | 1000스텝 | 배송 47/51 | 재적재  8 | 중계율 0.32 | alpha 0.681 | step_limit
Ep 610 | 드론3 목적지72 | 1000스텝 | 배송 71/72 | 재적재 13 | 중계율 0.17 | alpha 0.675 | step_limit
Ep 611 | 드론3 목적지77 | 1000스텝 | 배송 62/77 | 재적재 12 | 중계율 0.24 | alpha 0.672 | step_limit
Ep 612 | 드론3 목적지42 |  907스텝 | 배송 42/42 | 재적재  7 | 중계율 0.32 | alpha 0.682 | complete
Ep 613 | 드론3 목적지40 |  714스텝 | 배송 40/40 | 재적재  7 | 중계율 0.20 | alpha 0.686 | complete
Ep 614 | 드론3 목적지42 |  838스텝 | 배송 42/42 | 재적재  8 | 중계율 0.27 | alpha 0.692 | complete
Ep 615 | 드론3 목적지80 | 1000스텝 | 배송 68/80 | 재적재 12 | 중계율 0.19 | alpha 0.689 | step_limit
Ep 616 | 드론4 목적지26 |  361스텝 | 배송 26/26 | 재적재  3 | 중계율 0.20 | alpha 0.693 | complete
Ep 617 | 드론4 목적지75 | 1000스텝 | 배송 72/75 | 재적재 12 | 중계율 0.30 | alpha 0.700 | step_limit
Ep 618 | 드론3 목적지50 | 1000스텝 | 배송 43/50 | 재적재  7 | 중계율 0.26 | alpha 0.699 | step_limit
Ep 619 | 드론4 목적지71 |  774스텝 | 배송 71/71 | 재적재 12 | 중계율 0.22 | alpha 0.697 | complete
Ep 620 | 드론4 목적지55 |  834스텝 | 배송 55/55 | 재적재  9 | 중계율 0.28 | alpha 0.694 | complete
Ep 621 | 드론3 목적지79 | 1000스텝 | 배송 63/79 | 재적재 11 | 중계율 0.25 | alpha 0.683 | step_limit
Ep 622 | 드론4 목적지56 | 1000스텝 | 배송 52/56 | 재적재  9 | 중계율 0.32 | alpha 0.676 | step_limit
Ep 623 | 드론3 목적지33 |  741스텝 | 배송 33/33 | 재적재  5 | 중계율 0.30 | alpha 0.668 | complete
Ep 624 | 드론3 목적지72 | 1000스텝 | 배송 63/72 | 재적재 10 | 중계율 0.22 | alpha 0.668 | step_limit
Ep 625 | 드론4 목적지47 |  908스텝 | 배송 47/47 | 재적재  8 | 중계율 0.26 | alpha 0.665 | complete
Ep 626 | 드론3 목적지52 | 1000스텝 | 배송 50/52 | 재적재  9 | 중계율 0.18 | alpha 0.658 | step_limit
Ep 627 | 드론4 목적지66 |  963스텝 | 배송 66/66 | 재적재 11 | 중계율 0.31 | alpha 0.658 | complete
Ep 628 | 드론3 목적지42 |  805스텝 | 배송 42/42 | 재적재  8 | 중계율 0.25 | alpha 0.660 | complete
Ep 629 | 드론3 목적지31 |  711스텝 | 배송 31/31 | 재적재  6 | 중계율 0.22 | alpha 0.665 | complete
Ep 630 | 드론3 목적지65 | 1000스텝 | 배송 54/65 | 재적재  9 | 중계율 0.27 | alpha 0.673 | step_limit
Ep 631 | 드론3 목적지20 |  408스텝 | 배송 20/20 | 재적재  3 | 중계율 0.20 | alpha 0.680 | complete
Ep 632 | 드론3 목적지38 | 1000스텝 | 배송 35/38 | 재적재  6 | 중계율 0.29 | alpha 0.686 | step_limit
Ep 633 | 드론4 목적지67 |  906스텝 | 배송 67/67 | 재적재 12 | 중계율 0.17 | alpha 0.692 | complete
Ep 634 | 드론4 목적지47 |  538스텝 | 배송 47/47 | 재적재  7 | 중계율 0.13 | alpha 0.693 | complete
Ep 635 | 드론4 목적지30 |  537스텝 | 배송 30/30 | 재적재  4 | 중계율 0.15 | alpha 0.698 | complete
Ep 636 | 드론3 목적지29 |  710스텝 | 배송 29/29 | 재적재  5 | 중계율 0.28 | alpha 0.707 | complete
Ep 637 | 드론3 목적지71 | 1000스텝 | 배송 61/71 | 재적재 10 | 중계율 0.30 | alpha 0.716 | step_limit
Ep 638 | 드론4 목적지73 |  859스텝 | 배송 73/73 | 재적재 14 | 중계율 0.21 | alpha 0.719 | complete
Ep 639 | 드론4 목적지79 | 1000스텝 | 배송 61/79 | 재적재 11 | 중계율 0.28 | alpha 0.726 | step_limit
Ep 640 | 드론3 목적지22 |  559스텝 | 배송 22/22 | 재적재  4 | 중계율 0.28 | alpha 0.727 | complete
Ep 641 | 드론4 목적지77 | 1000스텝 | 배송 67/77 | 재적재 12 | 중계율 0.23 | alpha 0.718 | step_limit
Ep 642 | 드론4 목적지26 |  307스텝 | 배송 26/26 | 재적재  4 | 중계율 0.22 | alpha 0.719 | complete
Ep 643 | 드론4 목적지30 |  519스텝 | 배송 30/30 | 재적재  4 | 중계율 0.15 | alpha 0.722 | complete
Ep 644 | 드론3 목적지77 | 1000스텝 | 배송 68/77 | 재적재 12 | 중계율 0.13 | alpha 0.730 | step_limit
Ep 645 | 드론3 목적지34 |  675스텝 | 배송 34/34 | 재적재  6 | 중계율 0.17 | alpha 0.739 | complete
Ep 646 | 드론4 목적지34 |  604스텝 | 배송 34/34 | 재적재  4 | 중계율 0.17 | alpha 0.744 | complete
Ep 647 | 드론3 목적지37 |  731스텝 | 배송 37/37 | 재적재  7 | 중계율 0.27 | alpha 0.744 | complete
Ep 648 | 드론3 목적지55 |  716스텝 | 배송 55/55 | 재적재  8 | 중계율 0.19 | alpha 0.756 | complete
Ep 649 | 드론3 목적지20 |  487스텝 | 배송 20/20 | 재적재  2 | 중계율 0.36 | alpha 0.758 | complete
Ep 650 | 드론4 목적지37 |  434스텝 | 배송 37/37 | 재적재  6 | 중계율 0.17 | alpha 0.759 | complete
  [홀드아웃] 배송 49.8±1.8 완주 0.99 스텝 897 점수 126.8 재적재 7.8 2홉+ 0.62 | 최고 128.0@ep600 정체 1/8
Ep 651 | 드론3 목적지77 | 1000스텝 | 배송 68/77 | 재적재 11 | 중계율 0.25 | alpha 0.757 | step_limit
Ep 652 | 드론4 목적지57 |  864스텝 | 배송 57/57 | 재적재 10 | 중계율 0.24 | alpha 0.761 | complete
Ep 653 | 드론4 목적지38 |  513스텝 | 배송 38/38 | 재적재  5 | 중계율 0.20 | alpha 0.767 | complete
Ep 654 | 드론4 목적지45 |  847스텝 | 배송 45/45 | 재적재  8 | 중계율 0.15 | alpha 0.772 | complete
Ep 655 | 드론3 목적지40 |  846스텝 | 배송 40/40 | 재적재  7 | 중계율 0.25 | alpha 0.783 | complete
Ep 656 | 드론4 목적지31 |  549스텝 | 배송 31/31 | 재적재  5 | 중계율 0.24 | alpha 0.775 | complete
Ep 657 | 드론4 목적지26 |  556스텝 | 배송 26/26 | 재적재  4 | 중계율 0.27 | alpha 0.786 | complete
Ep 658 | 드론3 목적지39 |  602스텝 | 배송 39/39 | 재적재  6 | 중계율 0.26 | alpha 0.796 | complete
Ep 659 | 드론3 목적지51 | 1000스텝 | 배송 49/51 | 재적재  9 | 중계율 0.25 | alpha 0.803 | step_limit
Ep 660 | 드론3 목적지51 |  951스텝 | 배송 51/51 | 재적재  9 | 중계율 0.31 | alpha 0.805 | complete
Ep 661 | 드론3 목적지38 |  931스텝 | 배송 38/38 | 재적재  7 | 중계율 0.31 | alpha 0.804 | complete
Ep 662 | 드론4 목적지43 |  481스텝 | 배송 43/43 | 재적재  6 | 중계율 0.17 | alpha 0.809 | complete
Ep 663 | 드론4 목적지57 |  771스텝 | 배송 57/57 | 재적재  9 | 중계율 0.24 | alpha 0.819 | complete
Ep 664 | 드론3 목적지27 | 1000스텝 | 배송 25/27 | 재적재  4 | 중계율 0.17 | alpha 0.830 | step_limit
Ep 665 | 드론4 목적지59 |  669스텝 | 배송 59/59 | 재적재 10 | 중계율 0.16 | alpha 0.846 | complete
Ep 666 | 드론3 목적지72 | 1000스텝 | 배송 65/72 | 재적재 12 | 중계율 0.23 | alpha 0.848 | step_limit
Ep 667 | 드론4 목적지45 |  634스텝 | 배송 45/45 | 재적재  8 | 중계율 0.22 | alpha 0.857 | complete
Ep 668 | 드론3 목적지65 | 1000스텝 | 배송 56/65 | 재적재  9 | 중계율 0.24 | alpha 0.850 | step_limit
Ep 669 | 드론3 목적지66 | 1000스텝 | 배송 60/66 | 재적재 11 | 중계율 0.22 | alpha 0.848 | step_limit
Ep 670 | 드론4 목적지77 | 1000스텝 | 배송 66/77 | 재적재 10 | 중계율 0.28 | alpha 0.836 | step_limit
Ep 671 | 드론4 목적지58 | 1000스텝 | 배송 57/58 | 재적재 10 | 중계율 0.30 | alpha 0.839 | step_limit
Ep 672 | 드론3 목적지43 |  791스텝 | 배송 43/43 | 재적재  7 | 중계율 0.19 | alpha 0.836 | complete
Ep 673 | 드론4 목적지68 | 1000스텝 | 배송 66/68 | 재적재 13 | 중계율 0.26 | alpha 0.839 | step_limit
Ep 674 | 드론3 목적지52 |  895스텝 | 배송 52/52 | 재적재  9 | 중계율 0.23 | alpha 0.844 | complete
Ep 675 | 드론3 목적지42 |  989스텝 | 배송 42/42 | 재적재  8 | 중계율 0.32 | alpha 0.845 | complete
Ep 676 | 드론3 목적지45 | 1000스텝 | 배송 43/45 | 재적재  8 | 중계율 0.21 | alpha 0.853 | step_limit
Ep 677 | 드론3 목적지41 |  647스텝 | 배송 41/41 | 재적재  7 | 중계율 0.22 | alpha 0.848 | complete
Ep 678 | 드론4 목적지79 | 1000스텝 | 배송 60/79 | 재적재 10 | 중계율 0.26 | alpha 0.846 | step_limit
Ep 679 | 드론3 목적지24 |  686스텝 | 배송 24/24 | 재적재  4 | 중계율 0.34 | alpha 0.839 | complete
Ep 680 | 드론3 목적지52 | 1000스텝 | 배송 44/52 | 재적재  8 | 중계율 0.26 | alpha 0.832 | step_limit
Ep 681 | 드론4 목적지77 |  930스텝 | 배송 77/77 | 재적재 13 | 중계율 0.26 | alpha 0.828 | complete
Ep 682 | 드론3 목적지49 |  725스텝 | 배송 49/49 | 재적재  9 | 중계율 0.18 | alpha 0.837 | complete
Ep 683 | 드론4 목적지63 |  883스텝 | 배송 63/63 | 재적재 10 | 중계율 0.30 | alpha 0.846 | complete
Ep 684 | 드론3 목적지37 |  678스텝 | 배송 37/37 | 재적재  6 | 중계율 0.31 | alpha 0.849 | complete
Ep 685 | 드론4 목적지56 |  853스텝 | 배송 56/56 | 재적재 10 | 중계율 0.28 | alpha 0.844 | complete
Ep 686 | 드론3 목적지28 |  646스텝 | 배송 28/28 | 재적재  3 | 중계율 0.34 | alpha 0.846 | complete
Ep 687 | 드론4 목적지77 |  959스텝 | 배송 77/77 | 재적재 14 | 중계율 0.17 | alpha 0.840 | complete
Ep 688 | 드론3 목적지45 |  862스텝 | 배송 45/45 | 재적재  7 | 중계율 0.30 | alpha 0.851 | complete
Ep 689 | 드론4 목적지70 |  923스텝 | 배송 70/70 | 재적재 13 | 중계율 0.25 | alpha 0.861 | complete
Ep 690 | 드론4 목적지62 |  968스텝 | 배송 62/62 | 재적재 11 | 중계율 0.25 | alpha 0.852 | complete
Ep 691 | 드론3 목적지31 |  502스텝 | 배송 31/31 | 재적재  5 | 중계율 0.21 | alpha 0.851 | complete
Ep 692 | 드론4 목적지61 |  750스텝 | 배송 61/61 | 재적재 10 | 중계율 0.26 | alpha 0.843 | complete
Ep 693 | 드론4 목적지60 |  857스텝 | 배송 60/60 | 재적재 10 | 중계율 0.35 | alpha 0.852 | complete
Ep 694 | 드론3 목적지33 |  576스텝 | 배송 33/33 | 재적재  5 | 중계율 0.24 | alpha 0.847 | complete
Ep 695 | 드론3 목적지29 |  568스텝 | 배송 29/29 | 재적재  4 | 중계율 0.30 | alpha 0.843 | complete
Ep 696 | 드론4 목적지28 |  560스텝 | 배송 28/28 | 재적재  4 | 중계율 0.26 | alpha 0.829 | complete
Ep 697 | 드론4 목적지35 |  518스텝 | 배송 35/35 | 재적재  6 | 중계율 0.23 | alpha 0.821 | complete
Ep 698 | 드론3 목적지32 |  762스텝 | 배송 32/32 | 재적재  5 | 중계율 0.30 | alpha 0.818 | complete
Ep 699 | 드론3 목적지62 | 1000스텝 | 배송 56/62 | 재적재 11 | 중계율 0.20 | alpha 0.822 | step_limit
Ep 700 | 드론3 목적지61 | 1000스텝 | 배송 60/61 | 재적재 11 | 중계율 0.23 | alpha 0.827 | step_limit
  [홀드아웃] 배송 49.9±0.7 완주 0.99 스텝 888 점수 126.9 재적재 7.9 2홉+ 0.61 | 최고 128.0@ep600 정체 2/8
Ep 701 | 드론4 목적지72 |  888스텝 | 배송 72/72 | 재적재 13 | 중계율 0.22 | alpha 0.838 | complete
Ep 702 | 드론4 목적지34 |  736스텝 | 배송 34/34 | 재적재  5 | 중계율 0.32 | alpha 0.846 | complete
Ep 703 | 드론4 목적지32 |  618스텝 | 배송 32/32 | 재적재  6 | 중계율 0.31 | alpha 0.850 | complete
Ep 704 | 드론4 목적지74 |  797스텝 | 배송 74/74 | 재적재 12 | 중계율 0.20 | alpha 0.842 | complete
Ep 705 | 드론3 목적지38 |  814스텝 | 배송 38/38 | 재적재  6 | 중계율 0.28 | alpha 0.845 | complete
Ep 706 | 드론4 목적지30 |  427스텝 | 배송 30/30 | 재적재  4 | 중계율 0.22 | alpha 0.843 | complete
Ep 707 | 드론4 목적지31 |  588스텝 | 배송 31/31 | 재적재  5 | 중계율 0.28 | alpha 0.845 | complete
Ep 708 | 드론3 목적지63 | 1000스텝 | 배송 58/63 | 재적재 11 | 중계율 0.23 | alpha 0.846 | step_limit
Ep 709 | 드론3 목적지20 |  403스텝 | 배송 20/20 | 재적재  2 | 중계율 0.25 | alpha 0.838 | complete
Ep 710 | 드론4 목적지78 |  986스텝 | 배송 78/78 | 재적재 14 | 중계율 0.19 | alpha 0.844 | complete
Ep 711 | 드론4 목적지58 |  927스텝 | 배송 58/58 | 재적재  9 | 중계율 0.33 | alpha 0.840 | complete
Ep 712 | 드론3 목적지75 | 1000스텝 | 배송 59/75 | 재적재 11 | 중계율 0.26 | alpha 0.838 | step_limit
Ep 713 | 드론3 목적지69 | 1000스텝 | 배송 64/69 | 재적재 11 | 중계율 0.16 | alpha 0.839 | step_limit
Ep 714 | 드론3 목적지36 |  900스텝 | 배송 36/36 | 재적재  6 | 중계율 0.34 | alpha 0.835 | complete
Ep 715 | 드론3 목적지65 | 1000스텝 | 배송 57/65 | 재적재 11 | 중계율 0.23 | alpha 0.832 | step_limit
Ep 716 | 드론4 목적지36 |  624스텝 | 배송 36/36 | 재적재  6 | 중계율 0.20 | alpha 0.835 | complete
Ep 717 | 드론4 목적지56 | 1000스텝 | 배송 54/56 | 재적재  9 | 중계율 0.38 | alpha 0.831 | step_limit
Ep 718 | 드론3 목적지69 | 1000스텝 | 배송 64/69 | 재적재 11 | 중계율 0.22 | alpha 0.842 | step_limit
Ep 719 | 드론3 목적지21 |  320스텝 | 배송 21/21 | 재적재  3 | 중계율 0.21 | alpha 0.843 | complete
Ep 720 | 드론4 목적지45 |  690스텝 | 배송 45/45 | 재적재  8 | 중계율 0.22 | alpha 0.848 | complete
Ep 721 | 드론3 목적지30 |  473스텝 | 배송 30/30 | 재적재  5 | 중계율 0.18 | alpha 0.848 | complete
Ep 722 | 드론4 목적지47 |  498스텝 | 배송 47/47 | 재적재  7 | 중계율 0.17 | alpha 0.853 | complete
Ep 723 | 드론3 목적지51 |  812스텝 | 배송 51/51 | 재적재  9 | 중계율 0.27 | alpha 0.845 | complete
Ep 724 | 드론4 목적지57 |  989스텝 | 배송 57/57 | 재적재 10 | 중계율 0.28 | alpha 0.838 | complete
Ep 725 | 드론4 목적지29 |  581스텝 | 배송 29/29 | 재적재  4 | 중계율 0.28 | alpha 0.825 | complete
Ep 726 | 드론4 목적지69 | 1000스텝 | 배송 68/69 | 재적재 12 | 중계율 0.23 | alpha 0.815 | step_limit
Ep 727 | 드론4 목적지36 |  709스텝 | 배송 36/36 | 재적재  6 | 중계율 0.35 | alpha 0.812 | complete
Ep 728 | 드론3 목적지74 | 1000스텝 | 배송 60/74 | 재적재  9 | 중계율 0.28 | alpha 0.811 | step_limit
Ep 729 | 드론4 목적지64 |  834스텝 | 배송 64/64 | 재적재 11 | 중계율 0.27 | alpha 0.816 | complete
Ep 730 | 드론3 목적지70 | 1000스텝 | 배송 61/70 | 재적재 10 | 중계율 0.24 | alpha 0.823 | step_limit
Ep 731 | 드론3 목적지48 |  707스텝 | 배송 48/48 | 재적재  8 | 중계율 0.21 | alpha 0.826 | complete
Ep 732 | 드론4 목적지37 |  870스텝 | 배송 37/37 | 재적재  6 | 중계율 0.35 | alpha 0.816 | complete
Ep 733 | 드론4 목적지67 |  853스텝 | 배송 67/67 | 재적재 12 | 중계율 0.21 | alpha 0.807 | complete
Ep 734 | 드론4 목적지54 | 1000스텝 | 배송 51/54 | 재적재  9 | 중계율 0.36 | alpha 0.813 | step_limit
Ep 735 | 드론4 목적지57 |  897스텝 | 배송 57/57 | 재적재  9 | 중계율 0.33 | alpha 0.825 | complete
Ep 736 | 드론4 목적지39 |  454스텝 | 배송 39/39 | 재적재  7 | 중계율 0.19 | alpha 0.822 | complete
Ep 737 | 드론3 목적지29 |  876스텝 | 배송 29/29 | 재적재  5 | 중계율 0.30 | alpha 0.830 | complete
Ep 738 | 드론4 목적지68 |  841스텝 | 배송 68/68 | 재적재 12 | 중계율 0.18 | alpha 0.821 | complete
Ep 739 | 드론3 목적지20 |  584스텝 | 배송 20/20 | 재적재  2 | 중계율 0.27 | alpha 0.829 | complete
Ep 740 | 드론3 목적지69 | 1000스텝 | 배송 51/69 | 재적재  9 | 중계율 0.35 | alpha 0.821 | step_limit
Ep 741 | 드론4 목적지41 |  541스텝 | 배송 41/41 | 재적재  7 | 중계율 0.25 | alpha 0.826 | complete
Ep 742 | 드론3 목적지78 | 1000스텝 | 배송 69/78 | 재적재 12 | 중계율 0.23 | alpha 0.822 | step_limit
Ep 743 | 드론3 목적지39 |  774스텝 | 배송 39/39 | 재적재  6 | 중계율 0.30 | alpha 0.834 | complete
Ep 744 | 드론3 목적지57 | 1000스텝 | 배송 53/57 | 재적재  8 | 중계율 0.26 | alpha 0.835 | step_limit
Ep 745 | 드론3 목적지76 | 1000스텝 | 배송 56/76 | 재적재 10 | 중계율 0.18 | alpha 0.845 | step_limit
Ep 746 | 드론3 목적지69 | 1000스텝 | 배송 62/69 | 재적재 12 | 중계율 0.24 | alpha 0.847 | step_limit
Ep 747 | 드론3 목적지33 |  732스텝 | 배송 33/33 | 재적재  5 | 중계율 0.25 | alpha 0.846 | complete
Ep 748 | 드론3 목적지30 |  588스텝 | 배송 30/30 | 재적재  4 | 중계율 0.30 | alpha 0.848 | complete
Ep 749 | 드론4 목적지32 |  573스텝 | 배송 32/32 | 재적재  4 | 중계율 0.27 | alpha 0.850 | complete
Ep 750 | 드론4 목적지61 |  866스텝 | 배송 61/61 | 재적재 10 | 중계율 0.22 | alpha 0.861 | complete
  [홀드아웃] 배송 49.9±0.7 완주 0.97 스텝 883 점수 125.7 재적재 7.9 2홉+ 0.61 | 최고 128.0@ep600 정체 3/8
Ep 751 | 드론4 목적지34 |  619스텝 | 배송 34/34 | 재적재  6 | 중계율 0.28 | alpha 0.866 | complete
Ep 752 | 드론4 목적지69 | 1000스텝 | 배송 67/69 | 재적재 12 | 중계율 0.27 | alpha 0.875 | step_limit
Ep 753 | 드론3 목적지80 | 1000스텝 | 배송 65/80 | 재적재 11 | 중계율 0.20 | alpha 0.888 | step_limit
Ep 754 | 드론3 목적지29 |  659스텝 | 배송 29/29 | 재적재  4 | 중계율 0.18 | alpha 0.893 | complete
Ep 755 | 드론3 목적지43 |  795스텝 | 배송 43/43 | 재적재  7 | 중계율 0.21 | alpha 0.900 | complete
Ep 756 | 드론4 목적지30 |  450스텝 | 배송 30/30 | 재적재  3 | 중계율 0.22 | alpha 0.892 | complete
Ep 757 | 드론4 목적지37 |  629스텝 | 배송 37/37 | 재적재  7 | 중계율 0.25 | alpha 0.886 | complete
Ep 758 | 드론3 목적지51 | 1000스텝 | 배송 50/51 | 재적재  8 | 중계율 0.20 | alpha 0.873 | step_limit
Ep 759 | 드론4 목적지23 |  332스텝 | 배송 23/23 | 재적재  3 | 중계율 0.17 | alpha 0.870 | complete
Ep 760 | 드론4 목적지60 | 1000스텝 | 배송 52/60 | 재적재  8 | 중계율 0.29 | alpha 0.862 | step_limit
Ep 761 | 드론3 목적지77 | 1000스텝 | 배송 60/77 | 재적재 10 | 중계율 0.28 | alpha 0.856 | step_limit
Ep 762 | 드론4 목적지26 |  497스텝 | 배송 26/26 | 재적재  4 | 중계율 0.26 | alpha 0.860 | complete
Ep 763 | 드론4 목적지70 | 1000스텝 | 배송 67/70 | 재적재 12 | 중계율 0.17 | alpha 0.846 | step_limit
Ep 764 | 드론4 목적지32 |  714스텝 | 배송 32/32 | 재적재  5 | 중계율 0.35 | alpha 0.849 | complete
Ep 765 | 드론4 목적지23 |  474스텝 | 배송 23/23 | 재적재  3 | 중계율 0.30 | alpha 0.844 | complete
Ep 766 | 드론4 목적지51 |  783스텝 | 배송 51/51 | 재적재  9 | 중계율 0.17 | alpha 0.845 | complete
Ep 767 | 드론3 목적지49 | 1000스텝 | 배송 47/49 | 재적재  9 | 중계율 0.23 | alpha 0.836 | step_limit
Ep 768 | 드론3 목적지72 | 1000스텝 | 배송 65/72 | 재적재 12 | 중계율 0.24 | alpha 0.842 | step_limit
Ep 769 | 드론4 목적지22 |  494스텝 | 배송 22/22 | 재적재  3 | 중계율 0.22 | alpha 0.842 | complete
Ep 770 | 드론4 목적지53 |  469스텝 | 배송 53/53 | 재적재  9 | 중계율 0.13 | alpha 0.848 | complete
Ep 771 | 드론4 목적지38 |  511스텝 | 배송 38/38 | 재적재  5 | 중계율 0.24 | alpha 0.857 | complete
Ep 772 | 드론3 목적지36 |  800스텝 | 배송 36/36 | 재적재  6 | 중계율 0.27 | alpha 0.860 | complete
Ep 773 | 드론4 목적지21 |  423스텝 | 배송 21/21 | 재적재  2 | 중계율 0.31 | alpha 0.861 | complete
Ep 774 | 드론4 목적지46 |  782스텝 | 배송 46/46 | 재적재  8 | 중계율 0.25 | alpha 0.860 | complete
Ep 775 | 드론4 목적지41 |  606스텝 | 배송 41/41 | 재적재  6 | 중계율 0.23 | alpha 0.865 | complete
Ep 776 | 드론4 목적지48 |  601스텝 | 배송 48/48 | 재적재  8 | 중계율 0.20 | alpha 0.861 | complete
Ep 777 | 드론3 목적지20 |  453스텝 | 배송 20/20 | 재적재  2 | 중계율 0.24 | alpha 0.863 | complete
Ep 778 | 드론4 목적지57 |  972스텝 | 배송 57/57 | 재적재  9 | 중계율 0.35 | alpha 0.859 | complete
Ep 779 | 드론4 목적지79 | 1000스텝 | 배송 69/79 | 재적재 11 | 중계율 0.31 | alpha 0.849 | step_limit
Ep 780 | 드론3 목적지68 | 1000스텝 | 배송 57/68 | 재적재 11 | 중계율 0.18 | alpha 0.854 | step_limit
Ep 781 | 드론4 목적지50 |  436스텝 | 배송 50/50 | 재적재  7 | 중계율 0.16 | alpha 0.858 | complete
Ep 782 | 드론4 목적지45 |  885스텝 | 배송 45/45 | 재적재  7 | 중계율 0.32 | alpha 0.859 | complete
Ep 783 | 드론3 목적지28 |  432스텝 | 배송 28/28 | 재적재  3 | 중계율 0.25 | alpha 0.851 | complete
Ep 784 | 드론4 목적지58 | 1000스텝 | 배송 56/58 | 재적재 10 | 중계율 0.27 | alpha 0.855 | step_limit
Ep 785 | 드론3 목적지49 |  862스텝 | 배송 49/49 | 재적재  8 | 중계율 0.22 | alpha 0.851 | complete
Ep 786 | 드론3 목적지53 | 1000스텝 | 배송 51/53 | 재적재 10 | 중계율 0.31 | alpha 0.853 | step_limit
Ep 787 | 드론3 목적지47 | 1000스텝 | 배송 45/47 | 재적재  7 | 중계율 0.38 | alpha 0.846 | step_limit
Ep 788 | 드론4 목적지75 | 1000스텝 | 배송 70/75 | 재적재 12 | 중계율 0.26 | alpha 0.835 | step_limit
Ep 789 | 드론3 목적지79 | 1000스텝 | 배송 74/79 | 재적재 13 | 중계율 0.24 | alpha 0.813 | step_limit
Ep 790 | 드론3 목적지65 | 1000스텝 | 배송 51/65 | 재적재  8 | 중계율 0.29 | alpha 0.804 | step_limit
Ep 791 | 드론3 목적지21 |  364스텝 | 배송 21/21 | 재적재  3 | 중계율 0.27 | alpha 0.800 | complete
Ep 792 | 드론3 목적지50 |  907스텝 | 배송 50/50 | 재적재  8 | 중계율 0.18 | alpha 0.791 | complete
Ep 793 | 드론4 목적지27 |  390스텝 | 배송 27/27 | 재적재  3 | 중계율 0.25 | alpha 0.792 | complete
Ep 794 | 드론3 목적지74 | 1000스텝 | 배송 66/74 | 재적재 11 | 중계율 0.28 | alpha 0.790 | step_limit
Ep 795 | 드론3 목적지58 |  872스텝 | 배송 58/58 | 재적재  9 | 중계율 0.18 | alpha 0.791 | complete
Ep 796 | 드론3 목적지23 |  488스텝 | 배송 23/23 | 재적재  2 | 중계율 0.34 | alpha 0.787 | complete
Ep 797 | 드론4 목적지34 |  749스텝 | 배송 34/34 | 재적재  5 | 중계율 0.14 | alpha 0.788 | complete
Ep 798 | 드론3 목적지60 | 1000스텝 | 배송 54/60 | 재적재  9 | 중계율 0.20 | alpha 0.794 | step_limit
Ep 799 | 드론3 목적지33 |  638스텝 | 배송 33/33 | 재적재  5 | 중계율 0.23 | alpha 0.803 | complete
Ep 800 | 드론4 목적지50 |  601스텝 | 배송 50/50 | 재적재  8 | 중계율 0.20 | alpha 0.801 | complete
  [홀드아웃] 배송 49.8±1.3 완주 0.97 스텝 932 점수 125.1 재적재 8.3 2홉+ 0.62 | 최고 128.0@ep600 정체 4/8
Ep 801 | 드론4 목적지57 |  838스텝 | 배송 57/57 | 재적재 11 | 중계율 0.28 | alpha 0.806 | complete
Ep 802 | 드론3 목적지68 | 1000스텝 | 배송 65/68 | 재적재 12 | 중계율 0.24 | alpha 0.811 | step_limit
Ep 803 | 드론3 목적지80 | 1000스텝 | 배송 68/80 | 재적재 12 | 중계율 0.24 | alpha 0.827 | step_limit
Ep 804 | 드론4 목적지65 |  741스텝 | 배송 65/65 | 재적재 11 | 중계율 0.23 | alpha 0.838 | complete
Ep 805 | 드론4 목적지78 | 1000스텝 | 배송 75/78 | 재적재 12 | 중계율 0.24 | alpha 0.851 | step_limit
Ep 806 | 드론4 목적지73 |  945스텝 | 배송 73/73 | 재적재 12 | 중계율 0.19 | alpha 0.850 | complete
Ep 807 | 드론4 목적지69 |  799스텝 | 배송 69/69 | 재적재 13 | 중계율 0.21 | alpha 0.849 | complete
Ep 808 | 드론3 목적지26 |  873스텝 | 배송 26/26 | 재적재  4 | 중계율 0.41 | alpha 0.857 | complete
Ep 809 | 드론3 목적지70 | 1000스텝 | 배송 60/70 | 재적재 11 | 중계율 0.19 | alpha 0.868 | step_limit
Ep 810 | 드론3 목적지68 | 1000스텝 | 배송 67/68 | 재적재 12 | 중계율 0.20 | alpha 0.873 | step_limit
Ep 811 | 드론3 목적지58 |  868스텝 | 배송 58/58 | 재적재 11 | 중계율 0.18 | alpha 0.872 | complete
Ep 812 | 드론3 목적지33 |  679스텝 | 배송 33/33 | 재적재  5 | 중계율 0.23 | alpha 0.879 | complete
Ep 813 | 드론3 목적지41 |  778스텝 | 배송 41/41 | 재적재  7 | 중계율 0.19 | alpha 0.881 | complete
Ep 814 | 드론3 목적지24 |  908스텝 | 배송 24/24 | 재적재  3 | 중계율 0.29 | alpha 0.877 | complete
Ep 815 | 드론3 목적지38 |  736스텝 | 배송 38/38 | 재적재  7 | 중계율 0.22 | alpha 0.878 | complete
Ep 816 | 드론3 목적지25 |  580스텝 | 배송 25/25 | 재적재  4 | 중계율 0.27 | alpha 0.879 | complete
Ep 817 | 드론3 목적지53 |  641스텝 | 배송 53/53 | 재적재  9 | 중계율 0.17 | alpha 0.874 | complete
Ep 818 | 드론4 목적지28 |  500스텝 | 배송 28/28 | 재적재  4 | 중계율 0.29 | alpha 0.868 | complete
Ep 819 | 드론4 목적지23 |  400스텝 | 배송 23/23 | 재적재  4 | 중계율 0.20 | alpha 0.867 | complete
Ep 820 | 드론3 목적지74 | 1000스텝 | 배송 62/74 | 재적재 11 | 중계율 0.25 | alpha 0.860 | step_limit
Ep 821 | 드론3 목적지79 | 1000스텝 | 배송 62/79 | 재적재 12 | 중계율 0.24 | alpha 0.856 | step_limit
Ep 822 | 드론3 목적지20 |  494스텝 | 배송 20/20 | 재적재  2 | 중계율 0.26 | alpha 0.857 | complete
Ep 823 | 드론4 목적지61 |  842스텝 | 배송 61/61 | 재적재 11 | 중계율 0.27 | alpha 0.854 | complete
Ep 824 | 드론3 목적지25 |  544스텝 | 배송 25/25 | 재적재  3 | 중계율 0.22 | alpha 0.856 | complete
Ep 825 | 드론3 목적지41 |  866스텝 | 배송 41/41 | 재적재  6 | 중계율 0.30 | alpha 0.861 | complete
Ep 826 | 드론3 목적지53 | 1000스텝 | 배송 48/53 | 재적재  8 | 중계율 0.32 | alpha 0.860 | step_limit
Ep 827 | 드론3 목적지44 |  777스텝 | 배송 44/44 | 재적재  7 | 중계율 0.32 | alpha 0.859 | complete
Ep 828 | 드론3 목적지24 |  524스텝 | 배송 24/24 | 재적재  3 | 중계율 0.22 | alpha 0.857 | complete
Ep 829 | 드론4 목적지53 |  859스텝 | 배송 53/53 | 재적재  9 | 중계율 0.26 | alpha 0.855 | complete
Ep 830 | 드론4 목적지66 |  919스텝 | 배송 66/66 | 재적재 12 | 중계율 0.29 | alpha 0.854 | complete
Ep 831 | 드론4 목적지69 |  974스텝 | 배송 69/69 | 재적재 11 | 중계율 0.19 | alpha 0.858 | complete
Ep 832 | 드론4 목적지69 |  784스텝 | 배송 69/69 | 재적재 11 | 중계율 0.21 | alpha 0.859 | complete
Ep 833 | 드론4 목적지72 | 1000스텝 | 배송 61/72 | 재적재 10 | 중계율 0.29 | alpha 0.854 | step_limit
Ep 834 | 드론3 목적지71 | 1000스텝 | 배송 59/71 | 재적재  9 | 중계율 0.32 | alpha 0.856 | step_limit
Ep 835 | 드론3 목적지56 |  867스텝 | 배송 56/56 | 재적재 10 | 중계율 0.21 | alpha 0.855 | complete
Ep 836 | 드론4 목적지30 |  576스텝 | 배송 30/30 | 재적재  4 | 중계율 0.23 | alpha 0.850 | complete
Ep 837 | 드론3 목적지73 | 1000스텝 | 배송 61/73 | 재적재 12 | 중계율 0.27 | alpha 0.851 | step_limit
Ep 838 | 드론4 목적지56 |  759스텝 | 배송 56/56 | 재적재 10 | 중계율 0.18 | alpha 0.841 | complete
Ep 839 | 드론3 목적지20 |  495스텝 | 배송 20/20 | 재적재  2 | 중계율 0.32 | alpha 0.835 | complete
Ep 840 | 드론3 목적지33 |  442스텝 | 배송 33/33 | 재적재  4 | 중계율 0.21 | alpha 0.825 | complete
Ep 841 | 드론3 목적지31 |  728스텝 | 배송 31/31 | 재적재  5 | 중계율 0.28 | alpha 0.822 | complete
Ep 842 | 드론3 목적지68 | 1000스텝 | 배송 61/68 | 재적재 12 | 중계율 0.23 | alpha 0.796 | step_limit
Ep 843 | 드론4 목적지51 |  918스텝 | 배송 51/51 | 재적재  8 | 중계율 0.32 | alpha 0.781 | complete
Ep 844 | 드론3 목적지37 |  758스텝 | 배송 37/37 | 재적재  7 | 중계율 0.23 | alpha 0.771 | complete
Ep 845 | 드론4 목적지74 |  819스텝 | 배송 74/74 | 재적재 13 | 중계율 0.12 | alpha 0.753 | complete
Ep 846 | 드론3 목적지32 |  521스텝 | 배송 32/32 | 재적재  4 | 중계율 0.16 | alpha 0.751 | complete
Ep 847 | 드론4 목적지25 |  513스텝 | 배송 25/25 | 재적재  4 | 중계율 0.23 | alpha 0.756 | complete
Ep 848 | 드론3 목적지44 |  885스텝 | 배송 44/44 | 재적재  8 | 중계율 0.23 | alpha 0.758 | complete
Ep 849 | 드론4 목적지28 |  624스텝 | 배송 28/28 | 재적재  4 | 중계율 0.32 | alpha 0.761 | complete
Ep 850 | 드론3 목적지47 |  694스텝 | 배송 47/47 | 재적재  8 | 중계율 0.14 | alpha 0.761 | complete
  [홀드아웃] 배송 49.9±0.6 완주 0.97 스텝 887 점수 125.7 재적재 7.9 2홉+ 0.62 | 최고 128.0@ep600 정체 5/8
Ep 851 | 드론3 목적지39 |  958스텝 | 배송 39/39 | 재적재  6 | 중계율 0.27 | alpha 0.758 | complete
Ep 852 | 드론3 목적지68 | 1000스텝 | 배송 56/68 | 재적재 11 | 중계율 0.30 | alpha 0.770 | step_limit
Ep 853 | 드론3 목적지65 | 1000스텝 | 배송 58/65 | 재적재 11 | 중계율 0.25 | alpha 0.774 | step_limit
Ep 854 | 드론4 목적지61 | 1000스텝 | 배송 60/61 | 재적재  9 | 중계율 0.29 | alpha 0.785 | step_limit
Ep 855 | 드론4 목적지22 |  322스텝 | 배송 22/22 | 재적재  3 | 중계율 0.19 | alpha 0.785 | complete
Ep 856 | 드론4 목적지59 |  755스텝 | 배송 59/59 | 재적재 10 | 중계율 0.23 | alpha 0.781 | complete
Ep 857 | 드론3 목적지69 | 1000스텝 | 배송 58/69 | 재적재 11 | 중계율 0.28 | alpha 0.772 | step_limit
Ep 858 | 드론4 목적지35 |  407스텝 | 배송 35/35 | 재적재  5 | 중계율 0.14 | alpha 0.764 | complete
Ep 859 | 드론3 목적지20 |  558스텝 | 배송 20/20 | 재적재  3 | 중계율 0.28 | alpha 0.768 | complete
Ep 860 | 드론4 목적지42 |  640스텝 | 배송 42/42 | 재적재  5 | 중계율 0.30 | alpha 0.778 | complete
Ep 861 | 드론3 목적지58 | 1000스텝 | 배송 46/58 | 재적재  8 | 중계율 0.19 | alpha 0.777 | step_limit
Ep 862 | 드론3 목적지39 |  686스텝 | 배송 39/39 | 재적재  7 | 중계율 0.26 | alpha 0.790 | complete
Ep 863 | 드론4 목적지77 | 1000스텝 | 배송 75/77 | 재적재 14 | 중계율 0.26 | alpha 0.802 | step_limit
Ep 864 | 드론4 목적지37 |  881스텝 | 배송 37/37 | 재적재  5 | 중계율 0.33 | alpha 0.810 | complete
Ep 865 | 드론3 목적지33 | 1000스텝 | 배송 31/33 | 재적재  6 | 중계율 0.24 | alpha 0.821 | step_limit
Ep 866 | 드론4 목적지40 |  477스텝 | 배송 40/40 | 재적재  7 | 중계율 0.17 | alpha 0.823 | complete
Ep 867 | 드론4 목적지34 |  388스텝 | 배송 34/34 | 재적재  4 | 중계율 0.19 | alpha 0.822 | complete
Ep 868 | 드론3 목적지34 |  677스텝 | 배송 34/34 | 재적재  5 | 중계율 0.26 | alpha 0.830 | complete
Ep 869 | 드론3 목적지76 | 1000스텝 | 배송 72/76 | 재적재 12 | 중계율 0.14 | alpha 0.832 | step_limit
Ep 870 | 드론3 목적지42 |  898스텝 | 배송 42/42 | 재적재  7 | 중계율 0.29 | alpha 0.835 | complete
Ep 871 | 드론3 목적지47 |  878스텝 | 배송 47/47 | 재적재  8 | 중계율 0.22 | alpha 0.842 | complete
Ep 872 | 드론4 목적지22 |  313스텝 | 배송 22/22 | 재적재  3 | 중계율 0.22 | alpha 0.837 | complete
Ep 873 | 드론4 목적지60 |  839스텝 | 배송 60/60 | 재적재 10 | 중계율 0.25 | alpha 0.835 | complete
Ep 874 | 드론4 목적지45 |  582스텝 | 배송 45/45 | 재적재  6 | 중계율 0.27 | alpha 0.835 | complete
Ep 875 | 드론4 목적지32 |  765스텝 | 배송 32/32 | 재적재  5 | 중계율 0.30 | alpha 0.842 | complete
Ep 876 | 드론3 목적지49 |  800스텝 | 배송 49/49 | 재적재  9 | 중계율 0.20 | alpha 0.849 | complete
Ep 877 | 드론4 목적지77 | 1000스텝 | 배송 73/77 | 재적재 14 | 중계율 0.23 | alpha 0.848 | step_limit
Ep 878 | 드론4 목적지44 |  854스텝 | 배송 44/44 | 재적재  7 | 중계율 0.37 | alpha 0.855 | complete
Ep 879 | 드론3 목적지79 | 1000스텝 | 배송 66/79 | 재적재 11 | 중계율 0.24 | alpha 0.866 | step_limit
Ep 880 | 드론4 목적지32 |  376스텝 | 배송 32/32 | 재적재  4 | 중계율 0.15 | alpha 0.869 | complete
Ep 881 | 드론4 목적지74 | 1000스텝 | 배송 70/74 | 재적재 13 | 중계율 0.30 | alpha 0.861 | step_limit
Ep 882 | 드론3 목적지76 | 1000스텝 | 배송 61/76 | 재적재 11 | 중계율 0.23 | alpha 0.863 | step_limit
Ep 883 | 드론4 목적지50 |  767스텝 | 배송 50/50 | 재적재  7 | 중계율 0.24 | alpha 0.868 | complete
Ep 884 | 드론4 목적지56 |  650스텝 | 배송 56/56 | 재적재 10 | 중계율 0.21 | alpha 0.863 | complete
Ep 885 | 드론3 목적지44 |  983스텝 | 배송 44/44 | 재적재  7 | 중계율 0.28 | alpha 0.853 | complete
Ep 886 | 드론4 목적지76 |  905스텝 | 배송 76/76 | 재적재 14 | 중계율 0.20 | alpha 0.845 | complete
Ep 887 | 드론3 목적지67 | 1000스텝 | 배송 57/67 | 재적재 10 | 중계율 0.25 | alpha 0.842 | step_limit
Ep 888 | 드론3 목적지71 | 1000스텝 | 배송 55/71 | 재적재  9 | 중계율 0.26 | alpha 0.830 | step_limit
Ep 889 | 드론3 목적지32 |  733스텝 | 배송 32/32 | 재적재  6 | 중계율 0.27 | alpha 0.820 | complete
Ep 890 | 드론4 목적지62 |  703스텝 | 배송 62/62 | 재적재 10 | 중계율 0.20 | alpha 0.823 | complete
Ep 891 | 드론3 목적지78 | 1000스텝 | 배송 73/78 | 재적재 12 | 중계율 0.22 | alpha 0.833 | step_limit
Ep 892 | 드론3 목적지39 |  784스텝 | 배송 39/39 | 재적재  7 | 중계율 0.18 | alpha 0.839 | complete
Ep 893 | 드론3 목적지65 | 1000스텝 | 배송 51/65 | 재적재  9 | 중계율 0.22 | alpha 0.849 | step_limit
Ep 894 | 드론4 목적지47 |  528스텝 | 배송 47/47 | 재적재  7 | 중계율 0.17 | alpha 0.852 | complete
Ep 895 | 드론4 목적지64 |  816스텝 | 배송 64/64 | 재적재 11 | 중계율 0.24 | alpha 0.861 | complete
Ep 896 | 드론4 목적지41 |  766스텝 | 배송 41/41 | 재적재  6 | 중계율 0.28 | alpha 0.852 | complete
Ep 897 | 드론4 목적지77 |  737스텝 | 배송 77/77 | 재적재 14 | 중계율 0.15 | alpha 0.858 | complete
Ep 898 | 드론3 목적지29 |  518스텝 | 배송 29/29 | 재적재  5 | 중계율 0.22 | alpha 0.862 | complete
Ep 899 | 드론3 목적지31 |  810스텝 | 배송 31/31 | 재적재  5 | 중계율 0.29 | alpha 0.857 | complete
Ep 900 | 드론3 목적지69 | 1000스텝 | 배송 61/69 | 재적재 11 | 중계율 0.17 | alpha 0.855 | step_limit
  [홀드아웃] 배송 49.8±1.9 완주 0.96 스텝 917 점수 124.0 재적재 8.0 2홉+ 0.62 | 최고 128.0@ep600 정체 6/8
Ep 901 | 드론4 목적지26 |  818스텝 | 배송 26/26 | 재적재  3 | 중계율 0.31 | alpha 0.857 | complete
Ep 902 | 드론4 목적지58 | 1000스텝 | 배송 55/58 | 재적재  9 | 중계율 0.28 | alpha 0.854 | step_limit
Ep 903 | 드론3 목적지41 | 1000스텝 | 배송 35/41 | 재적재  6 | 중계율 0.36 | alpha 0.855 | step_limit
Ep 904 | 드론4 목적지47 |  578스텝 | 배송 47/47 | 재적재  7 | 중계율 0.13 | alpha 0.858 | complete
Ep 905 | 드론3 목적지63 | 1000스텝 | 배송 52/63 | 재적재 10 | 중계율 0.28 | alpha 0.876 | step_limit
Ep 906 | 드론4 목적지64 | 1000스텝 | 배송 52/64 | 재적재  9 | 중계율 0.31 | alpha 0.883 | step_limit
Ep 907 | 드론3 목적지80 | 1000스텝 | 배송 71/80 | 재적재 13 | 중계율 0.16 | alpha 0.877 | step_limit
Ep 908 | 드론4 목적지49 |  795스텝 | 배송 49/49 | 재적재  8 | 중계율 0.27 | alpha 0.872 | complete
Ep 909 | 드론3 목적지68 | 1000스텝 | 배송 57/68 | 재적재 11 | 중계율 0.28 | alpha 0.858 | step_limit
Ep 910 | 드론4 목적지69 |  964스텝 | 배송 69/69 | 재적재 11 | 중계율 0.27 | alpha 0.845 | complete
Ep 911 | 드론3 목적지22 |  316스텝 | 배송 22/22 | 재적재  3 | 중계율 0.18 | alpha 0.843 | complete
Ep 912 | 드론3 목적지71 | 1000스텝 | 배송 54/71 | 재적재  9 | 중계율 0.31 | alpha 0.848 | step_limit
Ep 913 | 드론3 목적지48 |  934스텝 | 배송 48/48 | 재적재  9 | 중계율 0.16 | alpha 0.845 | complete
Ep 914 | 드론3 목적지64 | 1000스텝 | 배송 58/64 | 재적재 10 | 중계율 0.26 | alpha 0.829 | step_limit
Ep 915 | 드론4 목적지58 | 1000스텝 | 배송 56/58 | 재적재 10 | 중계율 0.30 | alpha 0.819 | step_limit
Ep 916 | 드론3 목적지21 |  440스텝 | 배송 21/21 | 재적재  3 | 중계율 0.22 | alpha 0.822 | complete
Ep 917 | 드론4 목적지75 | 1000스텝 | 배송 57/75 | 재적재  8 | 중계율 0.29 | alpha 0.832 | step_limit
Ep 918 | 드론4 목적지22 |  456스텝 | 배송 22/22 | 재적재  3 | 중계율 0.29 | alpha 0.833 | complete
Ep 919 | 드론4 목적지73 |  956스텝 | 배송 73/73 | 재적재 14 | 중계율 0.21 | alpha 0.834 | complete
Ep 920 | 드론3 목적지79 | 1000스텝 | 배송 56/79 | 재적재 10 | 중계율 0.32 | alpha 0.828 | step_limit
Ep 921 | 드론3 목적지27 |  687스텝 | 배송 27/27 | 재적재  5 | 중계율 0.22 | alpha 0.826 | complete
Ep 922 | 드론3 목적지20 |  497스텝 | 배송 20/20 | 재적재  2 | 중계율 0.21 | alpha 0.822 | complete
Ep 923 | 드론4 목적지51 |  918스텝 | 배송 51/51 | 재적재  8 | 중계율 0.27 | alpha 0.819 | complete
Ep 924 | 드론4 목적지68 | 1000스텝 | 배송 61/68 | 재적재 10 | 중계율 0.16 | alpha 0.824 | step_limit
Ep 925 | 드론4 목적지30 |  583스텝 | 배송 30/30 | 재적재  4 | 중계율 0.32 | alpha 0.825 | complete
Ep 926 | 드론4 목적지31 |  424스텝 | 배송 31/31 | 재적재  4 | 중계율 0.22 | alpha 0.830 | complete
Ep 927 | 드론3 목적지62 | 1000스텝 | 배송 61/62 | 재적재 11 | 중계율 0.23 | alpha 0.829 | step_limit
Ep 928 | 드론3 목적지51 |  881스텝 | 배송 51/51 | 재적재  9 | 중계율 0.26 | alpha 0.838 | complete
Ep 929 | 드론4 목적지34 |  416스텝 | 배송 34/34 | 재적재  6 | 중계율 0.13 | alpha 0.838 | complete
Ep 930 | 드론3 목적지57 |  760스텝 | 배송 57/57 | 재적재 10 | 중계율 0.17 | alpha 0.845 | complete
Ep 931 | 드론3 목적지52 |  829스텝 | 배송 52/52 | 재적재 10 | 중계율 0.20 | alpha 0.844 | complete
Ep 932 | 드론4 목적지27 |  479스텝 | 배송 27/27 | 재적재  5 | 중계율 0.31 | alpha 0.847 | complete
Ep 933 | 드론4 목적지71 | 1000스텝 | 배송 67/71 | 재적재 12 | 중계율 0.30 | alpha 0.836 | step_limit
Ep 934 | 드론4 목적지65 | 1000스텝 | 배송 61/65 | 재적재  9 | 중계율 0.30 | alpha 0.842 | step_limit
Ep 935 | 드론3 목적지29 |  478스텝 | 배송 29/29 | 재적재  4 | 중계율 0.20 | alpha 0.844 | complete
Ep 936 | 드론3 목적지44 |  833스텝 | 배송 44/44 | 재적재  8 | 중계율 0.27 | alpha 0.846 | complete
Ep 937 | 드론3 목적지22 |  462스텝 | 배송 22/22 | 재적재  3 | 중계율 0.27 | alpha 0.847 | complete
Ep 938 | 드론3 목적지44 | 1000스텝 | 배송 41/44 | 재적재  8 | 중계율 0.32 | alpha 0.842 | step_limit
Ep 939 | 드론4 목적지68 | 1000스텝 | 배송 62/68 | 재적재 11 | 중계율 0.33 | alpha 0.840 | step_limit
Ep 940 | 드론4 목적지43 |  989스텝 | 배송 43/43 | 재적재  7 | 중계율 0.38 | alpha 0.836 | complete
Ep 941 | 드론4 목적지73 | 1000스텝 | 배송 68/73 | 재적재 12 | 중계율 0.27 | alpha 0.845 | step_limit
Ep 942 | 드론4 목적지26 |  436스텝 | 배송 26/26 | 재적재  3 | 중계율 0.22 | alpha 0.846 | complete
Ep 943 | 드론4 목적지28 |  643스텝 | 배송 28/28 | 재적재  4 | 중계율 0.33 | alpha 0.859 | complete
Ep 944 | 드론3 목적지79 | 1000스텝 | 배송 74/79 | 재적재 13 | 중계율 0.18 | alpha 0.853 | step_limit
Ep 945 | 드론3 목적지61 | 1000스텝 | 배송 57/61 | 재적재 10 | 중계율 0.25 | alpha 0.851 | step_limit
Ep 946 | 드론3 목적지50 | 1000스텝 | 배송 43/50 | 재적재  8 | 중계율 0.30 | alpha 0.857 | step_limit
Ep 947 | 드론4 목적지25 |  394스텝 | 배송 25/25 | 재적재  3 | 중계율 0.23 | alpha 0.860 | complete
Ep 948 | 드론4 목적지58 |  776스텝 | 배송 58/58 | 재적재 10 | 중계율 0.28 | alpha 0.861 | complete
Ep 949 | 드론4 목적지52 |  812스텝 | 배송 52/52 | 재적재  9 | 중계율 0.24 | alpha 0.853 | complete
Ep 950 | 드론4 목적지43 |  494스텝 | 배송 43/43 | 재적재  5 | 중계율 0.19 | alpha 0.843 | complete
  [홀드아웃] 배송 50.0±0.0 완주 1.00 스텝 902 점수 128.0 재적재 8.1 2홉+ 0.62 | 최고 128.0@ep600 정체 7/8
Ep 951 | 드론4 목적지30 |  689스텝 | 배송 30/30 | 재적재  4 | 중계율 0.32 | alpha 0.841 | complete
Ep 952 | 드론3 목적지51 | 1000스텝 | 배송 50/51 | 재적재  8 | 중계율 0.26 | alpha 0.844 | step_limit
Ep 953 | 드론4 목적지43 |  644스텝 | 배송 43/43 | 재적재  7 | 중계율 0.27 | alpha 0.841 | complete
Ep 954 | 드론4 목적지80 | 1000스텝 | 배송 66/80 | 재적재 12 | 중계율 0.27 | alpha 0.838 | step_limit
Ep 955 | 드론4 목적지46 |  716스텝 | 배송 46/46 | 재적재  8 | 중계율 0.25 | alpha 0.836 | complete
Ep 956 | 드론4 목적지37 |  480스텝 | 배송 37/37 | 재적재  5 | 중계율 0.26 | alpha 0.837 | complete
Ep 957 | 드론3 목적지52 |  796스텝 | 배송 52/52 | 재적재  8 | 중계율 0.14 | alpha 0.837 | complete
Ep 958 | 드론4 목적지46 | 1000스텝 | 배송 43/46 | 재적재  7 | 중계율 0.36 | alpha 0.857 | step_limit
Ep 959 | 드론3 목적지46 | 1000스텝 | 배송 45/46 | 재적재  8 | 중계율 0.27 | alpha 0.853 | step_limit
Ep 960 | 드론4 목적지66 |  769스텝 | 배송 66/66 | 재적재 11 | 중계율 0.16 | alpha 0.864 | complete
Ep 961 | 드론3 목적지76 | 1000스텝 | 배송 57/76 | 재적재 11 | 중계율 0.28 | alpha 0.880 | step_limit
Ep 962 | 드론3 목적지52 |  935스텝 | 배송 52/52 | 재적재 10 | 중계율 0.28 | alpha 0.886 | complete
Ep 963 | 드론3 목적지56 | 1000스텝 | 배송 47/56 | 재적재  8 | 중계율 0.35 | alpha 0.876 | step_limit
Ep 964 | 드론3 목적지54 |  918스텝 | 배송 54/54 | 재적재  9 | 중계율 0.24 | alpha 0.881 | complete
Ep 965 | 드론3 목적지34 |  731스텝 | 배송 34/34 | 재적재  5 | 중계율 0.28 | alpha 0.881 | complete
Ep 966 | 드론4 목적지77 |  867스텝 | 배송 77/77 | 재적재 14 | 중계율 0.15 | alpha 0.878 | complete
Ep 967 | 드론4 목적지38 |  492스텝 | 배송 38/38 | 재적재  5 | 중계율 0.20 | alpha 0.878 | complete
Ep 968 | 드론4 목적지37 |  771스텝 | 배송 37/37 | 재적재  6 | 중계율 0.30 | alpha 0.881 | complete
Ep 969 | 드론3 목적지54 | 1000스텝 | 배송 53/54 | 재적재  9 | 중계율 0.28 | alpha 0.885 | step_limit
Ep 970 | 드론4 목적지80 |  946스텝 | 배송 80/80 | 재적재 14 | 중계율 0.26 | alpha 0.885 | complete
Ep 971 | 드론4 목적지26 |  326스텝 | 배송 26/26 | 재적재  2 | 중계율 0.17 | alpha 0.875 | complete
Ep 972 | 드론4 목적지27 |  484스텝 | 배송 27/27 | 재적재  3 | 중계율 0.34 | alpha 0.870 | complete
Ep 973 | 드론3 목적지36 |  910스텝 | 배송 36/36 | 재적재  7 | 중계율 0.30 | alpha 0.863 | complete
Ep 974 | 드론3 목적지80 | 1000스텝 | 배송 65/80 | 재적재 12 | 중계율 0.21 | alpha 0.851 | step_limit
Ep 975 | 드론4 목적지80 | 1000스텝 | 배송 70/80 | 재적재 12 | 중계율 0.26 | alpha 0.846 | step_limit
Ep 976 | 드론3 목적지48 |  889스텝 | 배송 48/48 | 재적재  7 | 중계율 0.32 | alpha 0.858 | complete
Ep 977 | 드론4 목적지48 |  619스텝 | 배송 48/48 | 재적재  8 | 중계율 0.18 | alpha 0.860 | complete
Ep 978 | 드론4 목적지69 | 1000스텝 | 배송 68/69 | 재적재 12 | 중계율 0.24 | alpha 0.867 | step_limit
Ep 979 | 드론4 목적지58 |  858스텝 | 배송 58/58 | 재적재 10 | 중계율 0.18 | alpha 0.865 | complete
Ep 980 | 드론4 목적지73 | 1000스텝 | 배송 63/73 | 재적재 11 | 중계율 0.32 | alpha 0.871 | step_limit
Ep 981 | 드론3 목적지62 | 1000스텝 | 배송 56/62 | 재적재  9 | 중계율 0.22 | alpha 0.868 | step_limit
Ep 982 | 드론4 목적지66 | 1000스텝 | 배송 65/66 | 재적재 10 | 중계율 0.31 | alpha 0.871 | step_limit
Ep 983 | 드론3 목적지22 |  481스텝 | 배송 22/22 | 재적재  2 | 중계율 0.17 | alpha 0.884 | complete
Ep 984 | 드론3 목적지53 | 1000스텝 | 배송 46/53 | 재적재  8 | 중계율 0.33 | alpha 0.892 | step_limit
Ep 985 | 드론4 목적지65 | 1000스텝 | 배송 63/65 | 재적재 12 | 중계율 0.20 | alpha 0.904 | step_limit
Ep 986 | 드론4 목적지35 |  576스텝 | 배송 35/35 | 재적재  5 | 중계율 0.24 | alpha 0.902 | complete
Ep 987 | 드론4 목적지47 |  575스텝 | 배송 47/47 | 재적재  7 | 중계율 0.21 | alpha 0.903 | complete
Ep 988 | 드론3 목적지24 |  511스텝 | 배송 24/24 | 재적재  3 | 중계율 0.23 | alpha 0.902 | complete
Ep 989 | 드론3 목적지64 | 1000스텝 | 배송 61/64 | 재적재 12 | 중계율 0.24 | alpha 0.896 | step_limit
Ep 990 | 드론3 목적지26 |  734스텝 | 배송 26/26 | 재적재  4 | 중계율 0.32 | alpha 0.891 | complete
Ep 991 | 드론3 목적지30 |  693스텝 | 배송 30/30 | 재적재  5 | 중계율 0.25 | alpha 0.882 | complete
Ep 992 | 드론3 목적지59 |  978스텝 | 배송 59/59 | 재적재 10 | 중계율 0.24 | alpha 0.868 | complete
Ep 993 | 드론3 목적지46 | 1000스텝 | 배송 45/46 | 재적재  8 | 중계율 0.32 | alpha 0.872 | step_limit
Ep 994 | 드론4 목적지71 |  838스텝 | 배송 71/71 | 재적재 12 | 중계율 0.17 | alpha 0.882 | complete
Ep 995 | 드론3 목적지61 | 1000스텝 | 배송 55/61 | 재적재 10 | 중계율 0.26 | alpha 0.882 | step_limit
Ep 996 | 드론3 목적지61 | 1000스텝 | 배송 56/61 | 재적재  9 | 중계율 0.21 | alpha 0.881 | step_limit
Ep 997 | 드론3 목적지59 | 1000스텝 | 배송 55/59 | 재적재  9 | 중계율 0.25 | alpha 0.861 | step_limit
Ep 998 | 드론4 목적지70 | 1000스텝 | 배송 59/70 | 재적재 11 | 중계율 0.29 | alpha 0.855 | step_limit
Ep 999 | 드론3 목적지49 | 1000스텝 | 배송 41/49 | 재적재  7 | 중계율 0.23 | alpha 0.844 | step_limit
Ep 1000 | 드론4 목적지63 | 1000스텝 | 배송 62/63 | 재적재 11 | 중계율 0.31 | alpha 0.838 | step_limit
  [홀드아웃] 배송 49.9±1.0 완주 0.99 스텝 924 점수 126.4 재적재 8.0 2홉+ 0.62 | 최고 128.0@ep600 정체 8/8

조기 종료. 최고 128.0@ep600
Training finished. best=128.0 @ ep600
