/home/kopt/enter/envs/wsl_neuroMCTS/lib/python3.10/site-packages/pygame/pkgdata.py:25: UserWarning: pkg_resources is deprecated as an API. See https://setuptools.pypa.io/en/latest/pkg_resources.html. The pkg_resources package is slated for removal as early as 2025-11-30. Refrain from using this package or pin to Setuptools<81.
  from pkg_resources import resource_stream, resource_exists
pygame 2.6.1 (SDL 2.28.4, Python 3.10.19)
Hello from the pygame community. https://www.pygame.org/contribute.html
집합 상위 학습 | 반경 300 상한 1000 무배송 500 gamma 0.997 구성=무작위 드론[3, 4] 목적지[20, 80] CC무작위 인스턴스=무작위 목표유지=off 완주보상=0.0 잔여페널티=0.1 규칙관측=False 규칙정규화=2.0/중계가중치=1.0 막힘페널티=0.0 중계크레딧=0.0/재분배=0.0/드론별보상=False 도달권shaping=0.0 정체전환보상=0.0 엔트로피비=0.6->0.25@400 자기회귀=True/가까운순=False 정체재결정=60 결합critic=False 홀드아웃상한=3000 선택=makespan/속도가중치=40.0
/home/kopt/drone/proposed_src/pipeline/train_v5_26_09_15_23.py:419: UserWarning: Converting a tensor with requires_grad=True to a scalar may lead to unexpected behavior.
Consider using tensor.detach() first. (Triggered internally at /pytorch/torch/csrc/autograd/generated/python_variable_methods.cpp:836.)
  writer.add_scalar("train/alpha", float(log_alpha.exp()), ep)
Ep 1 | 드론4 목적지57 | 1000스텝 | 배송 42/57 | 재적재  7 | 중계율 0.14 | alpha 0.100 | step_limit
Ep 2 | 드론3 목적지50 | 1000스텝 | 배송 33/50 | 재적재  5 | 중계율 0.13 | alpha 0.100 | step_limit
Ep 3 | 드론4 목적지72 | 1000스텝 | 배송 54/72 | 재적재 10 | 중계율 0.15 | alpha 0.100 | step_limit
Ep 4 | 드론3 목적지46 | 1000스텝 | 배송 41/46 | 재적재  6 | 중계율 0.13 | alpha 0.100 | step_limit
Ep 5 | 드론3 목적지58 | 1000스텝 | 배송 45/58 | 재적재  6 | 중계율 0.35 | alpha 0.104 | step_limit
Ep 6 | 드론3 목적지61 | 1000스텝 | 배송 54/61 | 재적재  9 | 중계율 0.34 | alpha 0.115 | step_limit
Ep 7 | 드론3 목적지30 |  575스텝 | 배송 30/30 | 재적재  4 | 중계율 0.35 | alpha 0.121 | complete
Ep 8 | 드론3 목적지69 | 1000스텝 | 배송 45/69 | 재적재  6 | 중계율 0.26 | alpha 0.131 | step_limit
Ep 9 | 드론3 목적지66 | 1000스텝 | 배송 59/66 | 재적재 10 | 중계율 0.38 | alpha 0.142 | step_limit
Ep 10 | 드론3 목적지26 |  527스텝 | 배송 26/26 | 재적재  4 | 중계율 0.32 | alpha 0.148 | complete
Ep 11 | 드론4 목적지32 |  311스텝 | 배송 32/32 | 재적재  4 | 중계율 0.20 | alpha 0.152 | complete
Ep 12 | 드론3 목적지35 |  515스텝 | 배송 35/35 | 재적재  6 | 중계율 0.27 | alpha 0.157 | complete
Ep 13 | 드론3 목적지23 |  420스텝 | 배송 23/23 | 재적재  2 | 중계율 0.20 | alpha 0.162 | complete
Ep 14 | 드론3 목적지61 | 1000스텝 | 배송 52/61 | 재적재 10 | 중계율 0.29 | alpha 0.175 | step_limit
Ep 15 | 드론4 목적지78 | 1000스텝 | 배송 71/78 | 재적재 13 | 중계율 0.25 | alpha 0.188 | step_limit
Ep 16 | 드론4 목적지46 |  728스텝 | 배송 46/46 | 재적재  8 | 중계율 0.28 | alpha 0.198 | complete
Ep 17 | 드론4 목적지74 |  967스텝 | 배송 74/74 | 재적재 14 | 중계율 0.21 | alpha 0.212 | complete
Ep 18 | 드론3 목적지24 |  857스텝 | 배송 19/24 | 재적재  2 | 중계율 0.47 | alpha 0.226 | no_progress
Ep 19 | 드론4 목적지24 |  352스텝 | 배송 24/24 | 재적재  3 | 중계율 0.25 | alpha 0.232 | complete
Ep 20 | 드론3 목적지66 |  940스텝 | 배송 66/66 | 재적재 11 | 중계율 0.20 | alpha 0.248 | complete
Ep 21 | 드론3 목적지43 |  578스텝 | 배송 43/43 | 재적재  6 | 중계율 0.27 | alpha 0.259 | complete
Ep 22 | 드론3 목적지43 |  729스텝 | 배송 43/43 | 재적재  6 | 중계율 0.18 | alpha 0.273 | complete
Ep 23 | 드론3 목적지22 |  537스텝 | 배송 22/22 | 재적재  3 | 중계율 0.37 | alpha 0.284 | complete
Ep 24 | 드론3 목적지35 |  645스텝 | 배송 35/35 | 재적재  5 | 중계율 0.25 | alpha 0.297 | complete
Ep 25 | 드론4 목적지25 |  435스텝 | 배송 25/25 | 재적재  3 | 중계율 0.31 | alpha 0.307 | complete
Ep 26 | 드론3 목적지79 | 1000스텝 | 배송 72/79 | 재적재 13 | 중계율 0.24 | alpha 0.330 | step_limit
Ep 27 | 드론4 목적지63 | 1000스텝 | 배송 42/63 | 재적재  8 | 중계율 0.35 | alpha 0.355 | step_limit
Ep 28 | 드론3 목적지77 | 1000스텝 | 배송 63/77 | 재적재 10 | 중계율 0.31 | alpha 0.382 | step_limit
Ep 29 | 드론3 목적지34 | 1000스텝 | 배송 31/34 | 재적재  5 | 중계율 0.31 | alpha 0.411 | step_limit
Ep 30 | 드론3 목적지25 |  915스텝 | 배송 25/25 | 재적재  2 | 중계율 0.30 | alpha 0.439 | complete
Ep 31 | 드론4 목적지68 |  892스텝 | 배송 68/68 | 재적재 13 | 중계율 0.30 | alpha 0.468 | complete
Ep 32 | 드론3 목적지79 | 1000스텝 | 배송 63/79 | 재적재 10 | 중계율 0.26 | alpha 0.504 | step_limit
Ep 33 | 드론3 목적지62 | 1000스텝 | 배송 47/62 | 재적재  8 | 중계율 0.23 | alpha 0.541 | step_limit
Ep 34 | 드론3 목적지33 |  607스텝 | 배송 33/33 | 재적재  5 | 중계율 0.19 | alpha 0.566 | complete
Ep 35 | 드론3 목적지26 |  593스텝 | 배송 26/26 | 재적재  4 | 중계율 0.28 | alpha 0.590 | complete
Ep 36 | 드론3 목적지57 | 1000스텝 | 배송 51/57 | 재적재  9 | 중계율 0.28 | alpha 0.635 | step_limit
Ep 37 | 드론3 목적지29 |  746스텝 | 배송 29/29 | 재적재  4 | 중계율 0.37 | alpha 0.670 | complete
Ep 38 | 드론4 목적지63 |  852스텝 | 배송 63/63 | 재적재 10 | 중계율 0.35 | alpha 0.712 | complete
Ep 39 | 드론4 목적지44 |  727스텝 | 배송 44/44 | 재적재  7 | 중계율 0.32 | alpha 0.749 | complete
Ep 40 | 드론4 목적지56 |  864스텝 | 배송 56/56 | 재적재  9 | 중계율 0.32 | alpha 0.797 | complete
Ep 41 | 드론4 목적지21 |  369스텝 | 배송 21/21 | 재적재  2 | 중계율 0.25 | alpha 0.818 | complete
Ep 42 | 드론3 목적지24 |  736스텝 | 배송 24/24 | 재적재  2 | 중계율 0.29 | alpha 0.863 | complete
Ep 43 | 드론3 목적지52 |  944스텝 | 배송 52/52 | 재적재  9 | 중계율 0.28 | alpha 0.924 | complete
Ep 44 | 드론3 목적지72 | 1000스텝 | 배송 52/72 | 재적재  8 | 중계율 0.20 | alpha 0.993 | step_limit
Ep 45 | 드론3 목적지52 | 1000스텝 | 배송 51/52 | 재적재  9 | 중계율 0.31 | alpha 1.067 | step_limit
Ep 46 | 드론4 목적지72 |  746스텝 | 배송 72/72 | 재적재 13 | 중계율 0.22 | alpha 1.125 | complete
Ep 47 | 드론3 목적지69 | 1000스텝 | 배송 58/69 | 재적재 10 | 중계율 0.27 | alpha 1.207 | step_limit
Ep 48 | 드론3 목적지56 | 1000스텝 | 배송 48/56 | 재적재  8 | 중계율 0.24 | alpha 1.295 | step_limit
Ep 49 | 드론4 목적지78 | 1000스텝 | 배송 77/78 | 재적재 14 | 중계율 0.29 | alpha 1.390 | step_limit
Ep 50 | 드론4 목적지40 | 1000스텝 | 배송 37/40 | 재적재  5 | 중계율 0.40 | alpha 1.490 | step_limit
  [홀드아웃] 배송 49.0±4.2 완주 0.93 스텝 937 점수 120.0 재적재 7.8 2홉+ 0.62 | 최고 120.0@ep50 정체 0/8  ← 갱신
Ep 51 | 드론4 목적지51 |  641스텝 | 배송 51/51 | 재적재  8 | 중계율 0.17 | alpha 1.557 | complete
Ep 52 | 드론3 목적지42 |  744스텝 | 배송 42/42 | 재적재  7 | 중계율 0.25 | alpha 1.639 | complete
Ep 53 | 드론4 목적지60 |  667스텝 | 배송 60/60 | 재적재 11 | 중계율 0.18 | alpha 1.712 | complete
Ep 54 | 드론3 목적지49 |  790스텝 | 배송 49/49 | 재적재  7 | 중계율 0.22 | alpha 1.797 | complete
Ep 55 | 드론3 목적지40 | 1000스텝 | 배송 36/40 | 재적재  6 | 중계율 0.23 | alpha 1.900 | step_limit
Ep 56 | 드론4 목적지61 |  908스텝 | 배송 61/61 | 재적재 12 | 중계율 0.25 | alpha 1.984 | complete
Ep 57 | 드론3 목적지53 | 1000스텝 | 배송 51/53 | 재적재  8 | 중계율 0.31 | alpha 2.057 | step_limit
Ep 58 | 드론4 목적지57 | 1000스텝 | 배송 55/57 | 재적재  9 | 중계율 0.30 | alpha 2.117 | step_limit
Ep 59 | 드론3 목적지50 | 1000스텝 | 배송 48/50 | 재적재  8 | 중계율 0.23 | alpha 2.170 | step_limit
Ep 60 | 드론3 목적지21 |  522스텝 | 배송 21/21 | 재적재  3 | 중계율 0.30 | alpha 2.198 | complete
Ep 61 | 드론4 목적지26 |  539스텝 | 배송 26/26 | 재적재  4 | 중계율 0.29 | alpha 2.226 | complete
Ep 62 | 드론4 목적지55 |  982스텝 | 배송 55/55 | 재적재  8 | 중계율 0.33 | alpha 2.278 | complete
Ep 63 | 드론4 목적지68 | 1000스텝 | 배송 62/68 | 재적재 11 | 중계율 0.26 | alpha 2.335 | step_limit
Ep 64 | 드론3 목적지41 |  937스텝 | 배송 41/41 | 재적재  7 | 중계율 0.23 | alpha 2.384 | complete
Ep 65 | 드론4 목적지68 |  777스텝 | 배송 68/68 | 재적재 13 | 중계율 0.17 | alpha 2.425 | complete
Ep 66 | 드론3 목적지61 | 1000스텝 | 배송 58/61 | 재적재 10 | 중계율 0.18 | alpha 2.480 | step_limit
Ep 67 | 드론3 목적지53 | 1000스텝 | 배송 48/53 | 재적재  9 | 중계율 0.30 | alpha 2.529 | step_limit
Ep 68 | 드론3 목적지44 |  914스텝 | 배송 44/44 | 재적재  7 | 중계율 0.23 | alpha 2.564 | complete
Ep 69 | 드론3 목적지34 |  984스텝 | 배송 34/34 | 재적재  6 | 중계율 0.23 | alpha 2.601 | complete
Ep 70 | 드론3 목적지31 | 1000스텝 | 배송 28/31 | 재적재  5 | 중계율 0.30 | alpha 2.637 | step_limit
Ep 71 | 드론4 목적지71 |  880스텝 | 배송 71/71 | 재적재 13 | 중계율 0.15 | alpha 2.676 | complete
Ep 72 | 드론3 목적지53 | 1000스텝 | 배송 45/53 | 재적재  7 | 중계율 0.27 | alpha 2.709 | step_limit
Ep 73 | 드론3 목적지21 |  545스텝 | 배송 21/21 | 재적재  2 | 중계율 0.30 | alpha 2.723 | complete
Ep 74 | 드론4 목적지45 |  925스텝 | 배송 45/45 | 재적재  7 | 중계율 0.24 | alpha 2.739 | complete
Ep 75 | 드론4 목적지40 |  580스텝 | 배송 40/40 | 재적재  6 | 중계율 0.25 | alpha 2.750 | complete
Ep 76 | 드론3 목적지75 | 1000스텝 | 배송 55/75 | 재적재 11 | 중계율 0.24 | alpha 2.749 | step_limit
Ep 77 | 드론4 목적지24 |  380스텝 | 배송 24/24 | 재적재  3 | 중계율 0.32 | alpha 2.746 | complete
Ep 78 | 드론3 목적지64 | 1000스텝 | 배송 53/64 | 재적재 10 | 중계율 0.20 | alpha 2.746 | step_limit
Ep 79 | 드론3 목적지41 | 1000스텝 | 배송 40/41 | 재적재  7 | 중계율 0.28 | alpha 2.718 | step_limit
Ep 80 | 드론3 목적지69 | 1000스텝 | 배송 59/69 | 재적재 11 | 중계율 0.19 | alpha 2.721 | step_limit
Ep 81 | 드론4 목적지47 |  718스텝 | 배송 47/47 | 재적재  7 | 중계율 0.20 | alpha 2.719 | complete
Ep 82 | 드론4 목적지69 | 1000스텝 | 배송 62/69 | 재적재 10 | 중계율 0.33 | alpha 2.734 | step_limit
Ep 83 | 드론4 목적지31 |  896스텝 | 배송 31/31 | 재적재  5 | 중계율 0.38 | alpha 2.722 | complete
Ep 84 | 드론3 목적지33 |  755스텝 | 배송 33/33 | 재적재  5 | 중계율 0.23 | alpha 2.695 | complete
Ep 85 | 드론3 목적지38 |  666스텝 | 배송 38/38 | 재적재  6 | 중계율 0.16 | alpha 2.663 | complete
Ep 86 | 드론4 목적지24 |  805스텝 | 배송 24/24 | 재적재  3 | 중계율 0.31 | alpha 2.609 | complete
Ep 87 | 드론3 목적지30 |  607스텝 | 배송 30/30 | 재적재  5 | 중계율 0.20 | alpha 2.601 | complete
Ep 88 | 드론3 목적지38 | 1000스텝 | 배송 34/38 | 재적재  6 | 중계율 0.22 | alpha 2.600 | step_limit
Ep 89 | 드론3 목적지57 | 1000스텝 | 배송 50/57 | 재적재  8 | 중계율 0.28 | alpha 2.651 | step_limit
Ep 90 | 드론4 목적지21 |  566스텝 | 배송 21/21 | 재적재  2 | 중계율 0.31 | alpha 2.670 | complete
Ep 91 | 드론4 목적지77 | 1000스텝 | 배송 71/77 | 재적재 12 | 중계율 0.27 | alpha 2.652 | step_limit
Ep 92 | 드론3 목적지69 | 1000스텝 | 배송 55/69 | 재적재 10 | 중계율 0.24 | alpha 2.651 | step_limit
Ep 93 | 드론4 목적지60 |  895스텝 | 배송 60/60 | 재적재 10 | 중계율 0.18 | alpha 2.629 | complete
Ep 94 | 드론4 목적지45 |  699스텝 | 배송 45/45 | 재적재  7 | 중계율 0.20 | alpha 2.610 | complete
Ep 95 | 드론3 목적지71 | 1000스텝 | 배송 65/71 | 재적재 11 | 중계율 0.21 | alpha 2.618 | step_limit
Ep 96 | 드론3 목적지74 | 1000스텝 | 배송 64/74 | 재적재 11 | 중계율 0.21 | alpha 2.610 | step_limit
Ep 97 | 드론4 목적지47 |  604스텝 | 배송 47/47 | 재적재  7 | 중계율 0.24 | alpha 2.591 | complete
Ep 98 | 드론4 목적지50 | 1000스텝 | 배송 45/50 | 재적재  8 | 중계율 0.34 | alpha 2.599 | step_limit
Ep 99 | 드론4 목적지35 | 1000스텝 | 배송 34/35 | 재적재  5 | 중계율 0.28 | alpha 2.592 | step_limit
Ep 100 | 드론3 목적지40 |  888스텝 | 배송 40/40 | 재적재  7 | 중계율 0.27 | alpha 2.599 | complete
  [홀드아웃] 배송 50.0±0.0 완주 1.00 스텝 1089 점수 125.5 재적재 8.0 2홉+ 0.63 | 최고 125.5@ep100 정체 0/8  ← 갱신
Ep 101 | 드론3 목적지23 |  718스텝 | 배송 23/23 | 재적재  4 | 중계율 0.25 | alpha 2.609 | complete
Ep 102 | 드론3 목적지21 |  433스텝 | 배송 21/21 | 재적재  3 | 중계율 0.30 | alpha 2.598 | complete
Ep 103 | 드론4 목적지72 |  758스텝 | 배송 72/72 | 재적재 13 | 중계율 0.16 | alpha 2.616 | complete
Ep 104 | 드론3 목적지27 |  671스텝 | 배송 27/27 | 재적재  4 | 중계율 0.29 | alpha 2.637 | complete
Ep 105 | 드론3 목적지63 | 1000스텝 | 배송 57/63 | 재적재 11 | 중계율 0.14 | alpha 2.617 | step_limit
Ep 106 | 드론4 목적지58 |  625스텝 | 배송 58/58 | 재적재 11 | 중계율 0.17 | alpha 2.616 | complete
Ep 107 | 드론4 목적지75 | 1000스텝 | 배송 62/75 | 재적재  9 | 중계율 0.34 | alpha 2.604 | step_limit
Ep 108 | 드론3 목적지55 | 1000스텝 | 배송 47/55 | 재적재  8 | 중계율 0.18 | alpha 2.626 | step_limit
Ep 109 | 드론4 목적지64 | 1000스텝 | 배송 60/64 | 재적재 10 | 중계율 0.29 | alpha 2.628 | step_limit
Ep 110 | 드론3 목적지55 |  942스텝 | 배송 55/55 | 재적재 10 | 중계율 0.24 | alpha 2.609 | complete
Ep 111 | 드론4 목적지67 | 1000스텝 | 배송 57/67 | 재적재  9 | 중계율 0.23 | alpha 2.618 | step_limit
Ep 112 | 드론3 목적지46 |  954스텝 | 배송 46/46 | 재적재  7 | 중계율 0.22 | alpha 2.647 | complete
Ep 113 | 드론4 목적지43 |  547스텝 | 배송 43/43 | 재적재  6 | 중계율 0.20 | alpha 2.651 | complete
Ep 114 | 드론3 목적지80 | 1000스텝 | 배송 61/80 | 재적재 10 | 중계율 0.20 | alpha 2.624 | step_limit
Ep 115 | 드론4 목적지78 |  909스텝 | 배송 78/78 | 재적재 13 | 중계율 0.20 | alpha 2.620 | complete
Ep 116 | 드론4 목적지72 |  863스텝 | 배송 72/72 | 재적재 13 | 중계율 0.24 | alpha 2.592 | complete
Ep 117 | 드론3 목적지54 | 1000스텝 | 배송 48/54 | 재적재  8 | 중계율 0.25 | alpha 2.586 | step_limit
Ep 118 | 드론3 목적지63 | 1000스텝 | 배송 55/63 | 재적재 11 | 중계율 0.21 | alpha 2.558 | step_limit
Ep 119 | 드론4 목적지66 | 1000스텝 | 배송 62/66 | 재적재 11 | 중계율 0.26 | alpha 2.526 | step_limit
Ep 120 | 드론4 목적지70 |  994스텝 | 배송 70/70 | 재적재 13 | 중계율 0.23 | alpha 2.470 | complete
Ep 121 | 드론4 목적지45 |  716스텝 | 배송 45/45 | 재적재  7 | 중계율 0.24 | alpha 2.441 | complete
Ep 122 | 드론4 목적지26 |  639스텝 | 배송 26/26 | 재적재  4 | 중계율 0.36 | alpha 2.413 | complete
Ep 123 | 드론4 목적지30 |  851스텝 | 배송 30/30 | 재적재  5 | 중계율 0.34 | alpha 2.378 | complete
Ep 124 | 드론3 목적지80 | 1000스텝 | 배송 51/80 | 재적재 10 | 중계율 0.25 | alpha 2.355 | step_limit
Ep 125 | 드론4 목적지41 |  600스텝 | 배송 41/41 | 재적재  6 | 중계율 0.24 | alpha 2.333 | complete
Ep 126 | 드론3 목적지50 | 1000스텝 | 배송 45/50 | 재적재  8 | 중계율 0.26 | alpha 2.331 | step_limit
Ep 127 | 드론3 목적지37 | 1000스텝 | 배송 36/37 | 재적재  5 | 중계율 0.30 | alpha 2.311 | step_limit
Ep 128 | 드론3 목적지42 |  874스텝 | 배송 42/42 | 재적재  7 | 중계율 0.28 | alpha 2.288 | complete
Ep 129 | 드론4 목적지52 |  648스텝 | 배송 52/52 | 재적재  8 | 중계율 0.19 | alpha 2.268 | complete
Ep 130 | 드론3 목적지40 | 1000스텝 | 배송 35/40 | 재적재  6 | 중계율 0.31 | alpha 2.235 | step_limit
Ep 131 | 드론3 목적지39 |  810스텝 | 배송 39/39 | 재적재  6 | 중계율 0.21 | alpha 2.180 | complete
Ep 132 | 드론4 목적지63 |  789스텝 | 배송 63/63 | 재적재 11 | 중계율 0.17 | alpha 2.174 | complete
Ep 133 | 드론3 목적지61 | 1000스텝 | 배송 58/61 | 재적재 10 | 중계율 0.19 | alpha 2.163 | step_limit
Ep 134 | 드론4 목적지22 |  332스텝 | 배송 22/22 | 재적재  2 | 중계율 0.19 | alpha 2.164 | complete
Ep 135 | 드론3 목적지20 |  506스텝 | 배송 20/20 | 재적재  3 | 중계율 0.28 | alpha 2.141 | complete
Ep 136 | 드론4 목적지57 | 1000스텝 | 배송 56/57 | 재적재 10 | 중계율 0.30 | alpha 2.103 | step_limit
Ep 137 | 드론3 목적지24 |  600스텝 | 배송 24/24 | 재적재  4 | 중계율 0.33 | alpha 2.087 | complete
Ep 138 | 드론4 목적지35 |  743스텝 | 배송 35/35 | 재적재  5 | 중계율 0.21 | alpha 2.063 | complete
Ep 139 | 드론3 목적지29 |  775스텝 | 배송 29/29 | 재적재  5 | 중계율 0.27 | alpha 2.066 | complete
Ep 140 | 드론3 목적지32 |  880스텝 | 배송 32/32 | 재적재  5 | 중계율 0.26 | alpha 2.062 | complete
Ep 141 | 드론3 목적지54 | 1000스텝 | 배송 46/54 | 재적재  7 | 중계율 0.21 | alpha 2.075 | step_limit
Ep 142 | 드론3 목적지42 |  699스텝 | 배송 42/42 | 재적재  7 | 중계율 0.21 | alpha 2.064 | complete
Ep 143 | 드론3 목적지23 |  573스텝 | 배송 23/23 | 재적재  3 | 중계율 0.32 | alpha 2.057 | complete
Ep 144 | 드론3 목적지61 | 1000스텝 | 배송 50/61 | 재적재  9 | 중계율 0.23 | alpha 2.052 | step_limit
Ep 145 | 드론3 목적지64 | 1000스텝 | 배송 60/64 | 재적재 10 | 중계율 0.23 | alpha 2.074 | step_limit
Ep 146 | 드론3 목적지71 | 1000스텝 | 배송 56/71 | 재적재 10 | 중계율 0.19 | alpha 2.098 | step_limit
Ep 147 | 드론3 목적지48 |  772스텝 | 배송 48/48 | 재적재  8 | 중계율 0.16 | alpha 2.083 | complete
Ep 148 | 드론4 목적지36 |  680스텝 | 배송 36/36 | 재적재  6 | 중계율 0.29 | alpha 2.068 | complete
Ep 149 | 드론4 목적지40 |  781스텝 | 배송 40/40 | 재적재  6 | 중계율 0.23 | alpha 2.059 | complete
Ep 150 | 드론3 목적지26 |  596스텝 | 배송 26/26 | 재적재  4 | 중계율 0.25 | alpha 2.070 | complete
  [홀드아웃] 배송 50.0±0.0 완주 1.00 스텝 1011 점수 126.5 재적재 8.0 2홉+ 0.62 | 최고 126.5@ep150 정체 0/8  ← 갱신
Ep 151 | 드론4 목적지70 |  988스텝 | 배송 70/70 | 재적재 12 | 중계율 0.23 | alpha 2.059 | complete
Ep 152 | 드론4 목적지48 |  899스텝 | 배송 48/48 | 재적재  8 | 중계율 0.23 | alpha 2.060 | complete
Ep 153 | 드론4 목적지57 |  757스텝 | 배송 57/57 | 재적재 10 | 중계율 0.24 | alpha 2.044 | complete
Ep 154 | 드론4 목적지34 |  445스텝 | 배송 34/34 | 재적재  6 | 중계율 0.20 | alpha 2.031 | complete
Ep 155 | 드론4 목적지80 | 1000스텝 | 배송 70/80 | 재적재 13 | 중계율 0.32 | alpha 2.020 | step_limit
Ep 156 | 드론4 목적지59 | 1000스텝 | 배송 51/59 | 재적재  7 | 중계율 0.30 | alpha 2.056 | step_limit
Ep 157 | 드론3 목적지42 | 1000스텝 | 배송 38/42 | 재적재  7 | 중계율 0.20 | alpha 2.079 | step_limit
Ep 158 | 드론4 목적지76 | 1000스텝 | 배송 72/76 | 재적재 13 | 중계율 0.17 | alpha 2.051 | step_limit
Ep 159 | 드론4 목적지47 |  548스텝 | 배송 47/47 | 재적재  7 | 중계율 0.22 | alpha 2.065 | complete
Ep 160 | 드론3 목적지62 | 1000스텝 | 배송 57/62 | 재적재  9 | 중계율 0.25 | alpha 2.057 | step_limit
Ep 161 | 드론3 목적지31 |  730스텝 | 배송 31/31 | 재적재  4 | 중계율 0.22 | alpha 2.036 | complete
Ep 162 | 드론3 목적지26 |  501스텝 | 배송 26/26 | 재적재  4 | 중계율 0.18 | alpha 2.028 | complete
Ep 163 | 드론4 목적지21 |  806스텝 | 배송 21/21 | 재적재  2 | 중계율 0.39 | alpha 2.019 | complete
Ep 164 | 드론4 목적지79 | 1000스텝 | 배송 61/79 | 재적재 10 | 중계율 0.29 | alpha 2.019 | step_limit
Ep 165 | 드론4 목적지47 | 1000스텝 | 배송 43/47 | 재적재  7 | 중계율 0.21 | alpha 2.008 | step_limit
Ep 166 | 드론3 목적지77 | 1000스텝 | 배송 63/77 | 재적재 11 | 중계율 0.17 | alpha 2.006 | step_limit
Ep 167 | 드론4 목적지77 | 1000스텝 | 배송 57/77 | 재적재  8 | 중계율 0.36 | alpha 2.035 | step_limit
Ep 168 | 드론4 목적지29 |  720스텝 | 배송 29/29 | 재적재  5 | 중계율 0.32 | alpha 2.045 | complete
Ep 169 | 드론4 목적지59 | 1000스텝 | 배송 57/59 | 재적재 10 | 중계율 0.28 | alpha 2.038 | step_limit
Ep 170 | 드론3 목적지74 | 1000스텝 | 배송 60/74 | 재적재 11 | 중계율 0.22 | alpha 2.042 | step_limit
Ep 171 | 드론4 목적지34 |  601스텝 | 배송 34/34 | 재적재  5 | 중계율 0.21 | alpha 2.032 | complete
Ep 172 | 드론3 목적지43 | 1000스텝 | 배송 35/43 | 재적재  7 | 중계율 0.21 | alpha 2.038 | step_limit
Ep 173 | 드론3 목적지35 |  752스텝 | 배송 35/35 | 재적재  5 | 중계율 0.27 | alpha 2.018 | complete
Ep 174 | 드론4 목적지43 |  759스텝 | 배송 43/43 | 재적재  8 | 중계율 0.22 | alpha 2.004 | complete
Ep 175 | 드론4 목적지30 |  881스텝 | 배송 30/30 | 재적재  3 | 중계율 0.39 | alpha 2.005 | complete
Ep 176 | 드론4 목적지29 |  543스텝 | 배송 29/29 | 재적재  3 | 중계율 0.32 | alpha 1.997 | complete
Ep 177 | 드론3 목적지45 |  860스텝 | 배송 45/45 | 재적재  7 | 중계율 0.28 | alpha 2.015 | complete
Ep 178 | 드론3 목적지20 |  655스텝 | 배송 20/20 | 재적재  3 | 중계율 0.26 | alpha 2.019 | complete
Ep 179 | 드론4 목적지66 | 1000스텝 | 배송 56/66 | 재적재 10 | 중계율 0.27 | alpha 1.997 | step_limit
Ep 180 | 드론4 목적지22 |  333스텝 | 배송 22/22 | 재적재  2 | 중계율 0.22 | alpha 1.996 | complete
Ep 181 | 드론4 목적지77 | 1000스텝 | 배송 72/77 | 재적재 11 | 중계율 0.30 | alpha 1.970 | step_limit
Ep 182 | 드론3 목적지74 | 1000스텝 | 배송 55/74 | 재적재  9 | 중계율 0.26 | alpha 1.932 | step_limit
Ep 183 | 드론4 목적지40 |  512스텝 | 배송 40/40 | 재적재  5 | 중계율 0.15 | alpha 1.932 | complete
Ep 184 | 드론3 목적지77 | 1000스텝 | 배송 67/77 | 재적재 13 | 중계율 0.18 | alpha 1.912 | step_limit
Ep 185 | 드론4 목적지72 | 1000스텝 | 배송 63/72 | 재적재 11 | 중계율 0.25 | alpha 1.883 | step_limit
Ep 186 | 드론4 목적지74 |  846스텝 | 배송 74/74 | 재적재 12 | 중계율 0.17 | alpha 1.857 | complete
Ep 187 | 드론3 목적지65 | 1000스텝 | 배송 57/65 | 재적재  9 | 중계율 0.19 | alpha 1.827 | step_limit
Ep 188 | 드론3 목적지80 | 1000스텝 | 배송 55/80 | 재적재  8 | 중계율 0.28 | alpha 1.795 | step_limit
Ep 189 | 드론4 목적지55 | 1000스텝 | 배송 54/55 | 재적재  8 | 중계율 0.25 | alpha 1.781 | step_limit
Ep 190 | 드론3 목적지36 |  991스텝 | 배송 36/36 | 재적재  5 | 중계율 0.35 | alpha 1.766 | complete
Ep 191 | 드론3 목적지28 |  601스텝 | 배송 28/28 | 재적재  4 | 중계율 0.26 | alpha 1.773 | complete
Ep 192 | 드론4 목적지74 |  861스텝 | 배송 74/74 | 재적재 13 | 중계율 0.20 | alpha 1.770 | complete
Ep 193 | 드론3 목적지61 | 1000스텝 | 배송 40/61 | 재적재  7 | 중계율 0.20 | alpha 1.755 | step_limit
Ep 194 | 드론4 목적지73 |  939스텝 | 배송 73/73 | 재적재 14 | 중계율 0.20 | alpha 1.730 | complete
Ep 195 | 드론4 목적지69 | 1000스텝 | 배송 66/69 | 재적재 11 | 중계율 0.27 | alpha 1.693 | step_limit
Ep 196 | 드론3 목적지47 | 1000스텝 | 배송 45/47 | 재적재  8 | 중계율 0.21 | alpha 1.656 | step_limit
Ep 197 | 드론4 목적지27 |  523스텝 | 배송 27/27 | 재적재  3 | 중계율 0.26 | alpha 1.670 | complete
Ep 198 | 드론3 목적지56 |  990스텝 | 배송 56/56 | 재적재 10 | 중계율 0.15 | alpha 1.708 | complete
Ep 199 | 드론3 목적지57 | 1000스텝 | 배송 54/57 | 재적재 10 | 중계율 0.24 | alpha 1.719 | step_limit
Ep 200 | 드론4 목적지64 | 1000스텝 | 배송 63/64 | 재적재 12 | 중계율 0.28 | alpha 1.728 | step_limit
  [홀드아웃] 배송 49.9±0.4 완주 0.97 스텝 945 점수 124.9 재적재 7.6 2홉+ 0.62 | 최고 126.5@ep150 정체 1/8
Ep 201 | 드론4 목적지38 | 1000스텝 | 배송 35/38 | 재적재  6 | 중계율 0.39 | alpha 1.709 | step_limit
Ep 202 | 드론3 목적지32 |  752스텝 | 배송 32/32 | 재적재  5 | 중계율 0.29 | alpha 1.713 | complete
Ep 203 | 드론3 목적지23 |  464스텝 | 배송 23/23 | 재적재  3 | 중계율 0.13 | alpha 1.719 | complete
Ep 204 | 드론3 목적지38 | 1000스텝 | 배송 37/38 | 재적재  6 | 중계율 0.29 | alpha 1.712 | step_limit
Ep 205 | 드론3 목적지27 |  569스텝 | 배송 27/27 | 재적재  4 | 중계율 0.24 | alpha 1.711 | complete
Ep 206 | 드론3 목적지58 | 1000스텝 | 배송 52/58 | 재적재  8 | 중계율 0.26 | alpha 1.703 | step_limit
Ep 207 | 드론3 목적지52 | 1000스텝 | 배송 42/52 | 재적재  7 | 중계율 0.26 | alpha 1.669 | step_limit
Ep 208 | 드론3 목적지60 | 1000스텝 | 배송 55/60 | 재적재  9 | 중계율 0.32 | alpha 1.644 | step_limit
Ep 209 | 드론3 목적지72 | 1000스텝 | 배송 58/72 | 재적재 10 | 중계율 0.25 | alpha 1.628 | step_limit
Ep 210 | 드론4 목적지39 |  734스텝 | 배송 39/39 | 재적재  6 | 중계율 0.21 | alpha 1.626 | complete
Ep 211 | 드론3 목적지55 |  965스텝 | 배송 55/55 | 재적재  9 | 중계율 0.29 | alpha 1.633 | complete
Ep 212 | 드론3 목적지62 | 1000스텝 | 배송 55/62 | 재적재  9 | 중계율 0.25 | alpha 1.648 | step_limit
Ep 213 | 드론4 목적지77 |  831스텝 | 배송 77/77 | 재적재 15 | 중계율 0.16 | alpha 1.655 | complete
Ep 214 | 드론3 목적지44 |  893스텝 | 배송 44/44 | 재적재  8 | 중계율 0.22 | alpha 1.663 | complete
Ep 215 | 드론3 목적지49 | 1000스텝 | 배송 45/49 | 재적재  8 | 중계율 0.29 | alpha 1.680 | step_limit
Ep 216 | 드론4 목적지29 |  544스텝 | 배송 29/29 | 재적재  4 | 중계율 0.33 | alpha 1.677 | complete
Ep 217 | 드론4 목적지36 |  392스텝 | 배송 36/36 | 재적재  6 | 중계율 0.13 | alpha 1.697 | complete
Ep 218 | 드론4 목적지55 |  651스텝 | 배송 55/55 | 재적재  9 | 중계율 0.20 | alpha 1.711 | complete
Ep 219 | 드론3 목적지35 |  863스텝 | 배송 35/35 | 재적재  6 | 중계율 0.25 | alpha 1.702 | complete
Ep 220 | 드론4 목적지73 |  962스텝 | 배송 73/73 | 재적재 12 | 중계율 0.22 | alpha 1.723 | complete
Ep 221 | 드론4 목적지25 |  493스텝 | 배송 25/25 | 재적재  3 | 중계율 0.29 | alpha 1.729 | complete
Ep 222 | 드론3 목적지30 |  751스텝 | 배송 30/30 | 재적재  4 | 중계율 0.24 | alpha 1.712 | complete
Ep 223 | 드론3 목적지45 | 1000스텝 | 배송 33/45 | 재적재  5 | 중계율 0.25 | alpha 1.701 | step_limit
Ep 224 | 드론4 목적지76 | 1000스텝 | 배송 61/76 | 재적재 11 | 중계율 0.35 | alpha 1.701 | step_limit
Ep 225 | 드론4 목적지70 | 1000스텝 | 배송 69/70 | 재적재 13 | 중계율 0.24 | alpha 1.712 | step_limit
Ep 226 | 드론4 목적지73 |  924스텝 | 배송 73/73 | 재적재 12 | 중계율 0.22 | alpha 1.707 | complete
Ep 227 | 드론4 목적지56 |  983스텝 | 배송 56/56 | 재적재  9 | 중계율 0.24 | alpha 1.707 | complete
Ep 228 | 드론4 목적지24 |  482스텝 | 배송 24/24 | 재적재  4 | 중계율 0.28 | alpha 1.701 | complete
Ep 229 | 드론3 목적지32 |  944스텝 | 배송 32/32 | 재적재  5 | 중계율 0.37 | alpha 1.682 | complete
Ep 230 | 드론3 목적지62 | 1000스텝 | 배송 53/62 | 재적재  9 | 중계율 0.21 | alpha 1.675 | step_limit
Ep 231 | 드론3 목적지27 |  511스텝 | 배송 27/27 | 재적재  4 | 중계율 0.25 | alpha 1.667 | complete
Ep 232 | 드론4 목적지27 |  987스텝 | 배송 27/27 | 재적재  3 | 중계율 0.42 | alpha 1.653 | complete
Ep 233 | 드론4 목적지58 | 1000스텝 | 배송 57/58 | 재적재 10 | 중계율 0.23 | alpha 1.654 | step_limit
Ep 234 | 드론3 목적지56 | 1000스텝 | 배송 52/56 | 재적재  9 | 중계율 0.20 | alpha 1.646 | step_limit
Ep 235 | 드론3 목적지49 | 1000스텝 | 배송 46/49 | 재적재  8 | 중계율 0.32 | alpha 1.609 | step_limit
Ep 236 | 드론4 목적지71 | 1000스텝 | 배송 70/71 | 재적재 11 | 중계율 0.26 | alpha 1.614 | step_limit
Ep 237 | 드론4 목적지77 |  715스텝 | 배송 77/77 | 재적재 12 | 중계율 0.19 | alpha 1.608 | complete
Ep 238 | 드론4 목적지27 |  465스텝 | 배송 27/27 | 재적재  4 | 중계율 0.22 | alpha 1.604 | complete
Ep 239 | 드론4 목적지37 |  949스텝 | 배송 37/37 | 재적재  6 | 중계율 0.33 | alpha 1.580 | complete
Ep 240 | 드론4 목적지70 |  982스텝 | 배송 70/70 | 재적재 12 | 중계율 0.20 | alpha 1.562 | complete
Ep 241 | 드론3 목적지46 | 1000스텝 | 배송 42/46 | 재적재  7 | 중계율 0.20 | alpha 1.551 | step_limit
Ep 242 | 드론4 목적지65 |  858스텝 | 배송 65/65 | 재적재 10 | 중계율 0.18 | alpha 1.542 | complete
Ep 243 | 드론4 목적지39 |  617스텝 | 배송 39/39 | 재적재  6 | 중계율 0.20 | alpha 1.540 | complete
Ep 244 | 드론3 목적지51 |  975스텝 | 배송 51/51 | 재적재 10 | 중계율 0.24 | alpha 1.549 | complete
Ep 245 | 드론3 목적지52 | 1000스텝 | 배송 44/52 | 재적재  8 | 중계율 0.35 | alpha 1.551 | step_limit
Ep 246 | 드론4 목적지54 |  657스텝 | 배송 54/54 | 재적재  9 | 중계율 0.22 | alpha 1.564 | complete
Ep 247 | 드론4 목적지69 |  956스텝 | 배송 69/69 | 재적재 12 | 중계율 0.26 | alpha 1.564 | complete
Ep 248 | 드론3 목적지77 | 1000스텝 | 배송 62/77 | 재적재 11 | 중계율 0.21 | alpha 1.557 | step_limit
Ep 249 | 드론4 목적지70 |  792스텝 | 배송 70/70 | 재적재 12 | 중계율 0.20 | alpha 1.543 | complete
Ep 250 | 드론3 목적지51 |  982스텝 | 배송 51/51 | 재적재  9 | 중계율 0.29 | alpha 1.548 | complete
  [홀드아웃] 배송 49.6±3.2 완주 0.99 스텝 971 점수 125.8 재적재 7.9 2홉+ 0.61 | 최고 126.5@ep150 정체 2/8
Ep 251 | 드론4 목적지33 |  484스텝 | 배송 33/33 | 재적재  5 | 중계율 0.19 | alpha 1.538 | complete
Ep 252 | 드론3 목적지25 |  762스텝 | 배송 25/25 | 재적재  4 | 중계율 0.34 | alpha 1.521 | complete
Ep 253 | 드론4 목적지49 | 1000스텝 | 배송 46/49 | 재적재  8 | 중계율 0.34 | alpha 1.500 | step_limit
Ep 254 | 드론4 목적지26 |  372스텝 | 배송 26/26 | 재적재  3 | 중계율 0.17 | alpha 1.484 | complete
Ep 255 | 드론3 목적지38 |  856스텝 | 배송 38/38 | 재적재  6 | 중계율 0.24 | alpha 1.463 | complete
Ep 256 | 드론3 목적지27 |  617스텝 | 배송 27/27 | 재적재  4 | 중계율 0.35 | alpha 1.453 | complete
Ep 257 | 드론3 목적지44 |  859스텝 | 배송 44/44 | 재적재  8 | 중계율 0.26 | alpha 1.448 | complete
Ep 258 | 드론4 목적지73 |  924스텝 | 배송 73/73 | 재적재 12 | 중계율 0.21 | alpha 1.434 | complete
Ep 259 | 드론4 목적지65 |  841스텝 | 배송 65/65 | 재적재 11 | 중계율 0.21 | alpha 1.422 | complete
Ep 260 | 드론4 목적지49 | 1000스텝 | 배송 48/49 | 재적재  8 | 중계율 0.27 | alpha 1.412 | step_limit
Ep 261 | 드론4 목적지21 |  401스텝 | 배송 21/21 | 재적재  3 | 중계율 0.22 | alpha 1.401 | complete
Ep 262 | 드론3 목적지69 |  917스텝 | 배송 69/69 | 재적재 12 | 중계율 0.17 | alpha 1.395 | complete
Ep 263 | 드론3 목적지40 | 1000스텝 | 배송 38/40 | 재적재  7 | 중계율 0.32 | alpha 1.374 | step_limit
Ep 264 | 드론4 목적지35 |  455스텝 | 배송 35/35 | 재적재  6 | 중계율 0.18 | alpha 1.370 | complete
Ep 265 | 드론4 목적지52 |  568스텝 | 배송 52/52 | 재적재  9 | 중계율 0.16 | alpha 1.359 | complete
Ep 266 | 드론3 목적지33 |  474스텝 | 배송 33/33 | 재적재  6 | 중계율 0.18 | alpha 1.348 | complete
Ep 267 | 드론4 목적지32 |  362스텝 | 배송 32/32 | 재적재  4 | 중계율 0.26 | alpha 1.356 | complete
Ep 268 | 드론3 목적지39 |  991스텝 | 배송 39/39 | 재적재  7 | 중계율 0.25 | alpha 1.362 | complete
Ep 269 | 드론4 목적지71 | 1000스텝 | 배송 67/71 | 재적재 12 | 중계율 0.20 | alpha 1.371 | step_limit
Ep 270 | 드론3 목적지56 | 1000스텝 | 배송 45/56 | 재적재  8 | 중계율 0.27 | alpha 1.363 | step_limit
Ep 271 | 드론4 목적지66 |  888스텝 | 배송 66/66 | 재적재 12 | 중계율 0.22 | alpha 1.359 | complete
Ep 272 | 드론3 목적지33 |  963스텝 | 배송 33/33 | 재적재  4 | 중계율 0.23 | alpha 1.359 | complete
Ep 273 | 드론4 목적지75 | 1000스텝 | 배송 67/75 | 재적재 12 | 중계율 0.26 | alpha 1.363 | step_limit
Ep 274 | 드론3 목적지63 | 1000스텝 | 배송 60/63 | 재적재 11 | 중계율 0.21 | alpha 1.337 | step_limit
Ep 275 | 드론3 목적지46 | 1000스텝 | 배송 39/46 | 재적재  7 | 중계율 0.25 | alpha 1.334 | step_limit
Ep 276 | 드론4 목적지62 | 1000스텝 | 배송 47/62 | 재적재  8 | 중계율 0.31 | alpha 1.317 | step_limit
Ep 277 | 드론4 목적지35 |  701스텝 | 배송 35/35 | 재적재  6 | 중계율 0.31 | alpha 1.310 | complete
Ep 278 | 드론3 목적지79 | 1000스텝 | 배송 65/79 | 재적재 11 | 중계율 0.19 | alpha 1.304 | step_limit
Ep 279 | 드론3 목적지50 | 1000스텝 | 배송 46/50 | 재적재  7 | 중계율 0.26 | alpha 1.284 | step_limit
Ep 280 | 드론3 목적지71 | 1000스텝 | 배송 54/71 | 재적재 10 | 중계율 0.23 | alpha 1.290 | step_limit
Ep 281 | 드론4 목적지52 |  740스텝 | 배송 52/52 | 재적재  8 | 중계율 0.24 | alpha 1.304 | complete
Ep 282 | 드론3 목적지55 | 1000스텝 | 배송 50/55 | 재적재  9 | 중계율 0.23 | alpha 1.300 | step_limit
Ep 283 | 드론3 목적지44 |  779스텝 | 배송 44/44 | 재적재  7 | 중계율 0.18 | alpha 1.285 | complete
Ep 284 | 드론4 목적지61 |  796스텝 | 배송 61/61 | 재적재 10 | 중계율 0.21 | alpha 1.302 | complete
Ep 285 | 드론4 목적지61 |  851스텝 | 배송 61/61 | 재적재 11 | 중계율 0.26 | alpha 1.308 | complete
Ep 286 | 드론4 목적지35 |  638스텝 | 배송 35/35 | 재적재  6 | 중계율 0.19 | alpha 1.318 | complete
Ep 287 | 드론4 목적지42 |  520스텝 | 배송 42/42 | 재적재  7 | 중계율 0.23 | alpha 1.318 | complete
Ep 288 | 드론3 목적지26 |  562스텝 | 배송 26/26 | 재적재  3 | 중계율 0.19 | alpha 1.317 | complete
Ep 289 | 드론4 목적지71 | 1000스텝 | 배송 70/71 | 재적재 12 | 중계율 0.22 | alpha 1.329 | step_limit
Ep 290 | 드론3 목적지34 |  602스텝 | 배송 34/34 | 재적재  5 | 중계율 0.21 | alpha 1.320 | complete
Ep 291 | 드론4 목적지70 |  771스텝 | 배송 70/70 | 재적재 12 | 중계율 0.21 | alpha 1.314 | complete
Ep 292 | 드론4 목적지25 |  356스텝 | 배송 25/25 | 재적재  4 | 중계율 0.24 | alpha 1.306 | complete
Ep 293 | 드론4 목적지78 | 1000스텝 | 배송 76/78 | 재적재 13 | 중계율 0.24 | alpha 1.278 | step_limit
Ep 294 | 드론3 목적지63 | 1000스텝 | 배송 55/63 | 재적재 10 | 중계율 0.25 | alpha 1.252 | step_limit
Ep 295 | 드론3 목적지40 |  990스텝 | 배송 40/40 | 재적재  7 | 중계율 0.32 | alpha 1.236 | complete
Ep 296 | 드론3 목적지78 | 1000스텝 | 배송 61/78 | 재적재 12 | 중계율 0.23 | alpha 1.229 | step_limit
Ep 297 | 드론3 목적지76 | 1000스텝 | 배송 60/76 | 재적재 11 | 중계율 0.15 | alpha 1.227 | step_limit
Ep 298 | 드론4 목적지42 |  469스텝 | 배송 42/42 | 재적재  7 | 중계율 0.16 | alpha 1.225 | complete
Ep 299 | 드론4 목적지34 |  671스텝 | 배송 34/34 | 재적재  4 | 중계율 0.41 | alpha 1.230 | complete
Ep 300 | 드론4 목적지73 | 1000스텝 | 배송 67/73 | 재적재 10 | 중계율 0.27 | alpha 1.223 | step_limit
  [홀드아웃] 배송 50.0±0.0 완주 1.00 스텝 946 점수 127.4 재적재 8.0 2홉+ 0.61 | 최고 127.4@ep300 정체 0/8  ← 갱신
Ep 301 | 드론4 목적지74 |  766스텝 | 배송 74/74 | 재적재 13 | 중계율 0.19 | alpha 1.200 | complete
Ep 302 | 드론3 목적지56 | 1000스텝 | 배송 55/56 | 재적재 10 | 중계율 0.23 | alpha 1.183 | step_limit
Ep 303 | 드론4 목적지24 |  331스텝 | 배송 24/24 | 재적재  2 | 중계율 0.26 | alpha 1.178 | complete
Ep 304 | 드론4 목적지67 | 1000스텝 | 배송 61/67 | 재적재 11 | 중계율 0.34 | alpha 1.144 | step_limit
Ep 305 | 드론3 목적지69 | 1000스텝 | 배송 62/69 | 재적재 12 | 중계율 0.23 | alpha 1.129 | step_limit
Ep 306 | 드론3 목적지30 |  794스텝 | 배송 30/30 | 재적재  5 | 중계율 0.28 | alpha 1.104 | complete
Ep 307 | 드론4 목적지46 |  633스텝 | 배송 46/46 | 재적재  7 | 중계율 0.16 | alpha 1.087 | complete
Ep 308 | 드론3 목적지45 |  765스텝 | 배송 45/45 | 재적재  7 | 중계율 0.23 | alpha 1.073 | complete
Ep 309 | 드론4 목적지80 | 1000스텝 | 배송 75/80 | 재적재 13 | 중계율 0.28 | alpha 1.064 | step_limit
Ep 310 | 드론3 목적지26 |  520스텝 | 배송 26/26 | 재적재  4 | 중계율 0.30 | alpha 1.064 | complete
Ep 311 | 드론3 목적지52 |  813스텝 | 배송 52/52 | 재적재  8 | 중계율 0.20 | alpha 1.070 | complete
Ep 312 | 드론3 목적지42 |  986스텝 | 배송 42/42 | 재적재  7 | 중계율 0.24 | alpha 1.071 | complete
Ep 313 | 드론3 목적지60 | 1000스텝 | 배송 56/60 | 재적재 10 | 중계율 0.29 | alpha 1.070 | step_limit
Ep 314 | 드론3 목적지78 | 1000스텝 | 배송 56/78 | 재적재 11 | 중계율 0.22 | alpha 1.069 | step_limit
Ep 315 | 드론4 목적지51 | 1000스텝 | 배송 48/51 | 재적재  8 | 중계율 0.33 | alpha 1.075 | step_limit
Ep 316 | 드론4 목적지58 |  822스텝 | 배송 58/58 | 재적재 10 | 중계율 0.25 | alpha 1.080 | complete
Ep 317 | 드론4 목적지75 |  910스텝 | 배송 75/75 | 재적재 14 | 중계율 0.22 | alpha 1.077 | complete
Ep 318 | 드론4 목적지56 | 1000스텝 | 배송 53/56 | 재적재  9 | 중계율 0.34 | alpha 1.073 | step_limit
Ep 319 | 드론3 목적지69 | 1000스텝 | 배송 55/69 | 재적재 10 | 중계율 0.24 | alpha 1.042 | step_limit
Ep 320 | 드론4 목적지45 |  790스텝 | 배송 45/45 | 재적재  6 | 중계율 0.28 | alpha 1.040 | complete
Ep 321 | 드론4 목적지28 |  405스텝 | 배송 28/28 | 재적재  3 | 중계율 0.25 | alpha 1.034 | complete
Ep 322 | 드론4 목적지59 |  692스텝 | 배송 59/59 | 재적재  9 | 중계율 0.18 | alpha 1.020 | complete
Ep 323 | 드론3 목적지44 | 1000스텝 | 배송 39/44 | 재적재  7 | 중계율 0.29 | alpha 0.998 | step_limit
Ep 324 | 드론3 목적지25 |  508스텝 | 배송 25/25 | 재적재  3 | 중계율 0.18 | alpha 0.991 | complete
Ep 325 | 드론4 목적지65 |  929스텝 | 배송 65/65 | 재적재 11 | 중계율 0.19 | alpha 0.983 | complete
Ep 326 | 드론3 목적지31 |  711스텝 | 배송 31/31 | 재적재  4 | 중계율 0.29 | alpha 0.970 | complete
Ep 327 | 드론4 목적지67 |  995스텝 | 배송 67/67 | 재적재 12 | 중계율 0.27 | alpha 0.947 | complete
Ep 328 | 드론3 목적지65 | 1000스텝 | 배송 56/65 | 재적재 10 | 중계율 0.20 | alpha 0.932 | step_limit
Ep 329 | 드론4 목적지33 |  659스텝 | 배송 33/33 | 재적재  5 | 중계율 0.28 | alpha 0.935 | complete
Ep 330 | 드론4 목적지76 |  934스텝 | 배송 76/76 | 재적재 14 | 중계율 0.23 | alpha 0.931 | complete
Ep 331 | 드론3 목적지76 | 1000스텝 | 배송 65/76 | 재적재 11 | 중계율 0.23 | alpha 0.927 | step_limit
Ep 332 | 드론4 목적지75 | 1000스텝 | 배송 74/75 | 재적재 14 | 중계율 0.24 | alpha 0.923 | step_limit
Ep 333 | 드론3 목적지26 |  531스텝 | 배송 26/26 | 재적재  4 | 중계율 0.20 | alpha 0.925 | complete
Ep 334 | 드론3 목적지63 | 1000스텝 | 배송 50/63 | 재적재  9 | 중계율 0.24 | alpha 0.929 | step_limit
Ep 335 | 드론4 목적지28 |  383스텝 | 배송 28/28 | 재적재  2 | 중계율 0.25 | alpha 0.935 | complete
Ep 336 | 드론3 목적지54 |  969스텝 | 배송 54/54 | 재적재 10 | 중계율 0.24 | alpha 0.944 | complete
Ep 337 | 드론3 목적지65 | 1000스텝 | 배송 55/65 | 재적재  9 | 중계율 0.24 | alpha 0.943 | step_limit
Ep 338 | 드론3 목적지68 | 1000스텝 | 배송 53/68 | 재적재  9 | 중계율 0.29 | alpha 0.943 | step_limit
Ep 339 | 드론4 목적지47 |  739스텝 | 배송 47/47 | 재적재  7 | 중계율 0.21 | alpha 0.945 | complete
Ep 340 | 드론3 목적지73 | 1000스텝 | 배송 63/73 | 재적재 11 | 중계율 0.29 | alpha 0.940 | step_limit
Ep 341 | 드론3 목적지64 | 1000스텝 | 배송 50/64 | 재적재  9 | 중계율 0.31 | alpha 0.933 | step_limit
Ep 342 | 드론3 목적지26 |  709스텝 | 배송 26/26 | 재적재  4 | 중계율 0.27 | alpha 0.933 | complete
Ep 343 | 드론4 목적지58 |  969스텝 | 배송 58/58 | 재적재 10 | 중계율 0.25 | alpha 0.910 | complete
Ep 344 | 드론4 목적지23 |  289스텝 | 배송 23/23 | 재적재  3 | 중계율 0.19 | alpha 0.908 | complete
Ep 345 | 드론4 목적지53 |  791스텝 | 배송 53/53 | 재적재  9 | 중계율 0.27 | alpha 0.903 | complete
Ep 346 | 드론3 목적지21 |  489스텝 | 배송 21/21 | 재적재  3 | 중계율 0.24 | alpha 0.891 | complete
Ep 347 | 드론4 목적지39 |  724스텝 | 배송 39/39 | 재적재  7 | 중계율 0.26 | alpha 0.891 | complete
Ep 348 | 드론4 목적지46 |  602스텝 | 배송 46/46 | 재적재  7 | 중계율 0.21 | alpha 0.882 | complete
Ep 349 | 드론4 목적지37 |  558스텝 | 배송 37/37 | 재적재  7 | 중계율 0.26 | alpha 0.873 | complete
Ep 350 | 드론3 목적지42 |  753스텝 | 배송 42/42 | 재적재  7 | 중계율 0.22 | alpha 0.860 | complete
  [홀드아웃] 배송 50.0±0.0 완주 1.00 스텝 913 점수 127.8 재적재 7.7 2홉+ 0.61 | 최고 127.8@ep350 정체 0/8  ← 갱신
Ep 351 | 드론4 목적지54 |  807스텝 | 배송 54/54 | 재적재 10 | 중계율 0.25 | alpha 0.840 | complete
Ep 352 | 드론4 목적지69 |  965스텝 | 배송 69/69 | 재적재 11 | 중계율 0.25 | alpha 0.821 | complete
Ep 353 | 드론3 목적지44 | 1000스텝 | 배송 42/44 | 재적재  6 | 중계율 0.23 | alpha 0.801 | step_limit
Ep 354 | 드론3 목적지49 |  774스텝 | 배송 49/49 | 재적재  9 | 중계율 0.25 | alpha 0.789 | complete
Ep 355 | 드론3 목적지28 |  516스텝 | 배송 28/28 | 재적재  5 | 중계율 0.19 | alpha 0.786 | complete
Ep 356 | 드론3 목적지79 | 1000스텝 | 배송 73/79 | 재적재 13 | 중계율 0.17 | alpha 0.776 | step_limit
Ep 357 | 드론4 목적지71 |  768스텝 | 배송 71/71 | 재적재 13 | 중계율 0.16 | alpha 0.770 | complete
Ep 358 | 드론3 목적지30 |  519스텝 | 배송 30/30 | 재적재  4 | 중계율 0.27 | alpha 0.764 | complete
Ep 359 | 드론3 목적지74 | 1000스텝 | 배송 62/74 | 재적재 11 | 중계율 0.17 | alpha 0.754 | step_limit
Ep 360 | 드론4 목적지47 |  729스텝 | 배송 47/47 | 재적재  9 | 중계율 0.25 | alpha 0.746 | complete
Ep 361 | 드론3 목적지43 |  709스텝 | 배송 43/43 | 재적재  7 | 중계율 0.28 | alpha 0.727 | complete
Ep 362 | 드론4 목적지78 | 1000스텝 | 배송 71/78 | 재적재 11 | 중계율 0.21 | alpha 0.710 | step_limit
Ep 363 | 드론4 목적지70 |  927스텝 | 배송 70/70 | 재적재 11 | 중계율 0.18 | alpha 0.707 | complete
Ep 364 | 드론3 목적지64 | 1000스텝 | 배송 58/64 | 재적재 10 | 중계율 0.25 | alpha 0.700 | step_limit
Ep 365 | 드론3 목적지63 | 1000스텝 | 배송 50/63 | 재적재 10 | 중계율 0.27 | alpha 0.689 | step_limit
Ep 366 | 드론3 목적지44 |  796스텝 | 배송 44/44 | 재적재  8 | 중계율 0.28 | alpha 0.683 | complete
Ep 367 | 드론4 목적지38 |  521스텝 | 배송 38/38 | 재적재  5 | 중계율 0.30 | alpha 0.682 | complete
Ep 368 | 드론3 목적지37 |  765스텝 | 배송 37/37 | 재적재  7 | 중계율 0.20 | alpha 0.677 | complete
Ep 369 | 드론3 목적지42 |  665스텝 | 배송 42/42 | 재적재  7 | 중계율 0.22 | alpha 0.677 | complete
Ep 370 | 드론3 목적지70 | 1000스텝 | 배송 65/70 | 재적재 11 | 중계율 0.25 | alpha 0.662 | step_limit
Ep 371 | 드론3 목적지40 |  605스텝 | 배송 40/40 | 재적재  5 | 중계율 0.23 | alpha 0.651 | complete
Ep 372 | 드론4 목적지29 |  379스텝 | 배송 29/29 | 재적재  4 | 중계율 0.13 | alpha 0.649 | complete
Ep 373 | 드론3 목적지79 | 1000스텝 | 배송 69/79 | 재적재 12 | 중계율 0.19 | alpha 0.639 | step_limit
Ep 374 | 드론3 목적지40 |  675스텝 | 배송 40/40 | 재적재  5 | 중계율 0.29 | alpha 0.625 | complete
Ep 375 | 드론3 목적지28 |  708스텝 | 배송 28/28 | 재적재  5 | 중계율 0.19 | alpha 0.619 | complete
Ep 376 | 드론3 목적지40 |  885스텝 | 배송 40/40 | 재적재  7 | 중계율 0.31 | alpha 0.610 | complete
Ep 377 | 드론3 목적지72 | 1000스텝 | 배송 59/72 | 재적재  9 | 중계율 0.29 | alpha 0.604 | step_limit
Ep 378 | 드론4 목적지61 |  744스텝 | 배송 61/61 | 재적재 10 | 중계율 0.22 | alpha 0.598 | complete
Ep 379 | 드론4 목적지68 | 1000스텝 | 배송 66/68 | 재적재 13 | 중계율 0.27 | alpha 0.596 | step_limit
Ep 380 | 드론3 목적지24 |  576스텝 | 배송 24/24 | 재적재  3 | 중계율 0.21 | alpha 0.599 | complete
Ep 381 | 드론3 목적지52 | 1000스텝 | 배송 48/52 | 재적재  7 | 중계율 0.30 | alpha 0.599 | step_limit
Ep 382 | 드론4 목적지35 |  588스텝 | 배송 35/35 | 재적재  5 | 중계율 0.22 | alpha 0.603 | complete
Ep 383 | 드론3 목적지47 | 1000스텝 | 배송 42/47 | 재적재  6 | 중계율 0.30 | alpha 0.605 | step_limit
Ep 384 | 드론3 목적지28 |  622스텝 | 배송 28/28 | 재적재  4 | 중계율 0.28 | alpha 0.603 | complete
Ep 385 | 드론4 목적지70 |  896스텝 | 배송 70/70 | 재적재 12 | 중계율 0.23 | alpha 0.607 | complete
Ep 386 | 드론4 목적지71 |  958스텝 | 배송 71/71 | 재적재 13 | 중계율 0.22 | alpha 0.607 | complete
Ep 387 | 드론3 목적지49 | 1000스텝 | 배송 48/49 | 재적재  9 | 중계율 0.19 | alpha 0.601 | step_limit
Ep 388 | 드론3 목적지21 |  783스텝 | 배송 17/21 | 재적재  3 | 중계율 0.45 | alpha 0.589 | no_progress
Ep 389 | 드론4 목적지60 |  634스텝 | 배송 60/60 | 재적재 11 | 중계율 0.16 | alpha 0.585 | complete
Ep 390 | 드론4 목적지30 |  450스텝 | 배송 30/30 | 재적재  4 | 중계율 0.26 | alpha 0.585 | complete
Ep 391 | 드론3 목적지51 |  694스텝 | 배송 51/51 | 재적재  9 | 중계율 0.16 | alpha 0.579 | complete
Ep 392 | 드론3 목적지39 |  783스텝 | 배송 39/39 | 재적재  6 | 중계율 0.30 | alpha 0.572 | complete
Ep 393 | 드론4 목적지73 |  784스텝 | 배송 73/73 | 재적재 13 | 중계율 0.15 | alpha 0.555 | complete
Ep 394 | 드론3 목적지32 |  743스텝 | 배송 32/32 | 재적재  6 | 중계율 0.36 | alpha 0.548 | complete
Ep 395 | 드론4 목적지70 |  863스텝 | 배송 70/70 | 재적재 13 | 중계율 0.19 | alpha 0.537 | complete
Ep 396 | 드론4 목적지28 |  393스텝 | 배송 28/28 | 재적재  4 | 중계율 0.21 | alpha 0.529 | complete
Ep 397 | 드론3 목적지39 |  818스텝 | 배송 39/39 | 재적재  6 | 중계율 0.31 | alpha 0.512 | complete
Ep 398 | 드론3 목적지40 |  697스텝 | 배송 40/40 | 재적재  7 | 중계율 0.21 | alpha 0.497 | complete
Ep 399 | 드론3 목적지51 | 1000스텝 | 배송 50/51 | 재적재  9 | 중계율 0.28 | alpha 0.484 | step_limit
Ep 400 | 드론3 목적지79 | 1000스텝 | 배송 57/79 | 재적재 11 | 중계율 0.27 | alpha 0.468 | step_limit
  [홀드아웃] 배송 50.0±0.1 완주 0.99 스텝 886 점수 126.9 재적재 7.6 2홉+ 0.60 | 최고 127.8@ep350 정체 1/8
Ep 401 | 드론3 목적지63 | 1000스텝 | 배송 60/63 | 재적재 10 | 중계율 0.23 | alpha 0.463 | step_limit
Ep 402 | 드론3 목적지32 |  780스텝 | 배송 32/32 | 재적재  6 | 중계율 0.25 | alpha 0.463 | complete
Ep 403 | 드론3 목적지76 | 1000스텝 | 배송 70/76 | 재적재 13 | 중계율 0.22 | alpha 0.462 | step_limit
Ep 404 | 드론4 목적지23 |  365스텝 | 배송 23/23 | 재적재  4 | 중계율 0.26 | alpha 0.459 | complete
Ep 405 | 드론3 목적지67 | 1000스텝 | 배송 52/67 | 재적재 10 | 중계율 0.28 | alpha 0.461 | step_limit
Ep 406 | 드론3 목적지48 | 1000스텝 | 배송 47/48 | 재적재  9 | 중계율 0.26 | alpha 0.465 | step_limit
Ep 407 | 드론3 목적지72 | 1000스텝 | 배송 63/72 | 재적재 12 | 중계율 0.24 | alpha 0.464 | step_limit
Ep 408 | 드론4 목적지79 | 1000스텝 | 배송 75/79 | 재적재 13 | 중계율 0.28 | alpha 0.465 | step_limit
Ep 409 | 드론4 목적지28 |  306스텝 | 배송 28/28 | 재적재  5 | 중계율 0.13 | alpha 0.465 | complete
Ep 410 | 드론4 목적지46 |  876스텝 | 배송 46/46 | 재적재  8 | 중계율 0.28 | alpha 0.462 | complete
Ep 411 | 드론4 목적지69 | 1000스텝 | 배송 58/69 | 재적재 11 | 중계율 0.30 | alpha 0.466 | step_limit
Ep 412 | 드론3 목적지47 |  737스텝 | 배송 47/47 | 재적재  9 | 중계율 0.26 | alpha 0.475 | complete
Ep 413 | 드론4 목적지45 |  633스텝 | 배송 45/45 | 재적재  7 | 중계율 0.25 | alpha 0.480 | complete
Ep 414 | 드론3 목적지76 | 1000스텝 | 배송 69/76 | 재적재 12 | 중계율 0.23 | alpha 0.485 | step_limit
Ep 415 | 드론3 목적지79 | 1000스텝 | 배송 66/79 | 재적재 12 | 중계율 0.21 | alpha 0.490 | step_limit
Ep 416 | 드론3 목적지20 |  501스텝 | 배송 20/20 | 재적재  2 | 중계율 0.27 | alpha 0.496 | complete
Ep 417 | 드론3 목적지45 |  766스텝 | 배송 45/45 | 재적재  7 | 중계율 0.21 | alpha 0.502 | complete
Ep 418 | 드론3 목적지75 | 1000스텝 | 배송 70/75 | 재적재 14 | 중계율 0.20 | alpha 0.512 | step_limit
Ep 419 | 드론4 목적지78 | 1000스텝 | 배송 74/78 | 재적재 13 | 중계율 0.25 | alpha 0.521 | step_limit
Ep 420 | 드론4 목적지33 |  455스텝 | 배송 33/33 | 재적재  6 | 중계율 0.21 | alpha 0.522 | complete
Ep 421 | 드론3 목적지62 | 1000스텝 | 배송 50/62 | 재적재  9 | 중계율 0.24 | alpha 0.533 | step_limit
Ep 422 | 드론4 목적지51 |  823스텝 | 배송 51/51 | 재적재  8 | 중계율 0.33 | alpha 0.542 | complete
Ep 423 | 드론3 목적지44 |  829스텝 | 배송 44/44 | 재적재  7 | 중계율 0.26 | alpha 0.547 | complete
Ep 424 | 드론3 목적지33 |  843스텝 | 배송 33/33 | 재적재  6 | 중계율 0.31 | alpha 0.561 | complete
Ep 425 | 드론3 목적지33 |  453스텝 | 배송 33/33 | 재적재  5 | 중계율 0.14 | alpha 0.571 | complete
Ep 426 | 드론4 목적지24 |  373스텝 | 배송 24/24 | 재적재  2 | 중계율 0.19 | alpha 0.577 | complete
Ep 427 | 드론3 목적지64 | 1000스텝 | 배송 53/64 | 재적재  9 | 중계율 0.28 | alpha 0.592 | step_limit
Ep 428 | 드론4 목적지53 | 1000스텝 | 배송 51/53 | 재적재  9 | 중계율 0.36 | alpha 0.597 | step_limit
Ep 429 | 드론3 목적지36 |  625스텝 | 배송 36/36 | 재적재  6 | 중계율 0.24 | alpha 0.598 | complete
Ep 430 | 드론4 목적지48 |  856스텝 | 배송 48/48 | 재적재  9 | 중계율 0.28 | alpha 0.605 | complete
Ep 431 | 드론3 목적지56 | 1000스텝 | 배송 43/56 | 재적재  8 | 중계율 0.28 | alpha 0.615 | step_limit
Ep 432 | 드론3 목적지45 |  657스텝 | 배송 45/45 | 재적재  7 | 중계율 0.19 | alpha 0.619 | complete
Ep 433 | 드론4 목적지25 |  503스텝 | 배송 25/25 | 재적재  3 | 중계율 0.34 | alpha 0.625 | complete
Ep 434 | 드론3 목적지58 | 1000스텝 | 배송 54/58 | 재적재 10 | 중계율 0.27 | alpha 0.646 | step_limit
Ep 435 | 드론3 목적지72 | 1000스텝 | 배송 55/72 | 재적재  9 | 중계율 0.32 | alpha 0.648 | step_limit
Ep 436 | 드론3 목적지71 | 1000스텝 | 배송 58/71 | 재적재 10 | 중계율 0.20 | alpha 0.655 | step_limit
Ep 437 | 드론3 목적지53 | 1000스텝 | 배송 52/53 | 재적재  9 | 중계율 0.27 | alpha 0.660 | step_limit
Ep 438 | 드론4 목적지31 |  489스텝 | 배송 31/31 | 재적재  3 | 중계율 0.30 | alpha 0.660 | complete
Ep 439 | 드론4 목적지77 |  973스텝 | 배송 77/77 | 재적재 12 | 중계율 0.24 | alpha 0.662 | complete
Ep 440 | 드론3 목적지73 | 1000스텝 | 배송 57/73 | 재적재  9 | 중계율 0.27 | alpha 0.665 | step_limit
Ep 441 | 드론4 목적지27 |  329스텝 | 배송 27/27 | 재적재  4 | 중계율 0.19 | alpha 0.665 | complete
Ep 442 | 드론3 목적지20 |  396스텝 | 배송 20/20 | 재적재  2 | 중계율 0.15 | alpha 0.666 | complete
Ep 443 | 드론4 목적지73 |  818스텝 | 배송 73/73 | 재적재 13 | 중계율 0.16 | alpha 0.656 | complete
Ep 444 | 드론3 목적지56 |  872스텝 | 배송 56/56 | 재적재 11 | 중계율 0.19 | alpha 0.651 | complete
Ep 445 | 드론4 목적지20 |  357스텝 | 배송 20/20 | 재적재  2 | 중계율 0.29 | alpha 0.650 | complete
Ep 446 | 드론3 목적지26 |  525스텝 | 배송 26/26 | 재적재  3 | 중계율 0.20 | alpha 0.643 | complete
Ep 447 | 드론3 목적지41 |  566스텝 | 배송 41/41 | 재적재  6 | 중계율 0.19 | alpha 0.643 | complete
Ep 448 | 드론4 목적지73 |  954스텝 | 배송 73/73 | 재적재 13 | 중계율 0.23 | alpha 0.643 | complete
Ep 449 | 드론3 목적지56 |  979스텝 | 배송 56/56 | 재적재  9 | 중계율 0.29 | alpha 0.635 | complete
Ep 450 | 드론3 목적지35 |  787스텝 | 배송 25/35 | 재적재  3 | 중계율 0.20 | alpha 0.627 | no_progress
  [홀드아웃] 배송 49.8±0.8 완주 0.95 스텝 914 점수 122.8 재적재 7.6 2홉+ 0.62 | 최고 127.8@ep350 정체 2/8
Ep 451 | 드론4 목적지77 |  807스텝 | 배송 77/77 | 재적재 13 | 중계율 0.15 | alpha 0.631 | complete
Ep 452 | 드론3 목적지22 |  476스텝 | 배송 22/22 | 재적재  3 | 중계율 0.26 | alpha 0.636 | complete
Ep 453 | 드론4 목적지47 |  538스텝 | 배송 47/47 | 재적재  7 | 중계율 0.19 | alpha 0.631 | complete
Ep 454 | 드론4 목적지72 | 1000스텝 | 배송 70/72 | 재적재 13 | 중계율 0.27 | alpha 0.627 | step_limit
Ep 455 | 드론4 목적지63 | 1000스텝 | 배송 62/63 | 재적재  9 | 중계율 0.30 | alpha 0.624 | step_limit
Ep 456 | 드론3 목적지73 | 1000스텝 | 배송 67/73 | 재적재 12 | 중계율 0.25 | alpha 0.627 | step_limit
Ep 457 | 드론4 목적지36 |  789스텝 | 배송 36/36 | 재적재  7 | 중계율 0.34 | alpha 0.631 | complete
Ep 458 | 드론4 목적지78 |  760스텝 | 배송 78/78 | 재적재 14 | 중계율 0.15 | alpha 0.633 | complete
Ep 459 | 드론4 목적지45 |  874스텝 | 배송 45/45 | 재적재  7 | 중계율 0.34 | alpha 0.637 | complete
Ep 460 | 드론3 목적지70 | 1000스텝 | 배송 55/70 | 재적재 11 | 중계율 0.26 | alpha 0.631 | step_limit
Ep 461 | 드론3 목적지39 |  593스텝 | 배송 39/39 | 재적재  6 | 중계율 0.24 | alpha 0.632 | complete
Ep 462 | 드론4 목적지62 |  985스텝 | 배송 62/62 | 재적재 11 | 중계율 0.26 | alpha 0.632 | complete
Ep 463 | 드론3 목적지67 | 1000스텝 | 배송 65/67 | 재적재 10 | 중계율 0.24 | alpha 0.627 | step_limit
Ep 464 | 드론3 목적지33 |  676스텝 | 배송 33/33 | 재적재  5 | 중계율 0.20 | alpha 0.618 | complete
Ep 465 | 드론4 목적지80 | 1000스텝 | 배송 71/80 | 재적재 13 | 중계율 0.29 | alpha 0.612 | step_limit
Ep 466 | 드론4 목적지42 |  549스텝 | 배송 42/42 | 재적재  5 | 중계율 0.15 | alpha 0.611 | complete
Ep 467 | 드론3 목적지63 |  995스텝 | 배송 63/63 | 재적재 11 | 중계율 0.22 | alpha 0.618 | complete
Ep 468 | 드론3 목적지78 | 1000스텝 | 배송 63/78 | 재적재 12 | 중계율 0.25 | alpha 0.615 | step_limit
Ep 469 | 드론4 목적지48 |  679스텝 | 배송 48/48 | 재적재  7 | 중계율 0.21 | alpha 0.616 | complete
Ep 470 | 드론4 목적지70 |  994스텝 | 배송 70/70 | 재적재 12 | 중계율 0.27 | alpha 0.615 | complete
Ep 471 | 드론3 목적지24 |  452스텝 | 배송 24/24 | 재적재  4 | 중계율 0.23 | alpha 0.612 | complete
Ep 472 | 드론4 목적지62 |  901스텝 | 배송 62/62 | 재적재 10 | 중계율 0.25 | alpha 0.618 | complete
Ep 473 | 드론3 목적지30 |  801스텝 | 배송 30/30 | 재적재  5 | 중계율 0.27 | alpha 0.617 | complete
Ep 474 | 드론3 목적지37 |  711스텝 | 배송 37/37 | 재적재  7 | 중계율 0.25 | alpha 0.627 | complete
Ep 475 | 드론3 목적지71 | 1000스텝 | 배송 55/71 | 재적재  9 | 중계율 0.26 | alpha 0.630 | step_limit
Ep 476 | 드론3 목적지29 |  612스텝 | 배송 29/29 | 재적재  3 | 중계율 0.26 | alpha 0.632 | complete
Ep 477 | 드론3 목적지36 |  704스텝 | 배송 36/36 | 재적재  5 | 중계율 0.30 | alpha 0.639 | complete
Ep 478 | 드론3 목적지52 |  878스텝 | 배송 52/52 | 재적재  9 | 중계율 0.24 | alpha 0.644 | complete
Ep 479 | 드론4 목적지75 | 1000스텝 | 배송 67/75 | 재적재 10 | 중계율 0.30 | alpha 0.644 | step_limit
Ep 480 | 드론4 목적지64 |  951스텝 | 배송 64/64 | 재적재 11 | 중계율 0.23 | alpha 0.640 | complete
Ep 481 | 드론3 목적지70 | 1000스텝 | 배송 56/70 | 재적재 11 | 중계율 0.30 | alpha 0.638 | step_limit
Ep 482 | 드론4 목적지39 |  480스텝 | 배송 39/39 | 재적재  5 | 중계율 0.19 | alpha 0.637 | complete
Ep 483 | 드론4 목적지51 |  813스텝 | 배송 51/51 | 재적재  8 | 중계율 0.25 | alpha 0.649 | complete
Ep 484 | 드론4 목적지43 |  591스텝 | 배송 43/43 | 재적재  7 | 중계율 0.22 | alpha 0.658 | complete
Ep 485 | 드론3 목적지36 |  909스텝 | 배송 36/36 | 재적재  6 | 중계율 0.31 | alpha 0.664 | complete
Ep 486 | 드론3 목적지53 |  809스텝 | 배송 53/53 | 재적재  9 | 중계율 0.24 | alpha 0.668 | complete
Ep 487 | 드론4 목적지34 |  739스텝 | 배송 34/34 | 재적재  4 | 중계율 0.31 | alpha 0.666 | complete
Ep 488 | 드론3 목적지73 | 1000스텝 | 배송 57/73 | 재적재 10 | 중계율 0.25 | alpha 0.660 | step_limit
Ep 489 | 드론4 목적지52 |  767스텝 | 배송 52/52 | 재적재  8 | 중계율 0.21 | alpha 0.662 | complete
Ep 490 | 드론4 목적지40 |  621스텝 | 배송 40/40 | 재적재  6 | 중계율 0.25 | alpha 0.658 | complete
Ep 491 | 드론3 목적지47 |  659스텝 | 배송 47/47 | 재적재  8 | 중계율 0.17 | alpha 0.651 | complete
Ep 492 | 드론3 목적지71 | 1000스텝 | 배송 58/71 | 재적재 10 | 중계율 0.21 | alpha 0.650 | step_limit
Ep 493 | 드론3 목적지46 |  996스텝 | 배송 46/46 | 재적재  9 | 중계율 0.32 | alpha 0.647 | complete
Ep 494 | 드론3 목적지47 | 1000스텝 | 배송 44/47 | 재적재  8 | 중계율 0.28 | alpha 0.653 | step_limit
Ep 495 | 드론3 목적지45 |  844스텝 | 배송 45/45 | 재적재  7 | 중계율 0.26 | alpha 0.658 | complete
Ep 496 | 드론4 목적지65 | 1000스텝 | 배송 64/65 | 재적재 11 | 중계율 0.21 | alpha 0.656 | step_limit
Ep 497 | 드론3 목적지35 |  576스텝 | 배송 35/35 | 재적재  6 | 중계율 0.21 | alpha 0.653 | complete
Ep 498 | 드론4 목적지39 |  811스텝 | 배송 39/39 | 재적재  7 | 중계율 0.36 | alpha 0.651 | complete
Ep 499 | 드론4 목적지28 |  787스텝 | 배송 28/28 | 재적재  4 | 중계율 0.29 | alpha 0.645 | complete
Ep 500 | 드론3 목적지49 |  971스텝 | 배송 49/49 | 재적재  9 | 중계율 0.31 | alpha 0.646 | complete
  [홀드아웃] 배송 49.9±0.6 완주 0.99 스텝 886 점수 126.9 재적재 7.8 2홉+ 0.61 | 최고 127.8@ep350 정체 3/8
Ep 501 | 드론4 목적지26 |  658스텝 | 배송 26/26 | 재적재  4 | 중계율 0.36 | alpha 0.640 | complete
Ep 502 | 드론4 목적지69 |  889스텝 | 배송 69/69 | 재적재 12 | 중계율 0.14 | alpha 0.635 | complete
Ep 503 | 드론4 목적지44 |  631스텝 | 배송 44/44 | 재적재  7 | 중계율 0.23 | alpha 0.632 | complete
Ep 504 | 드론4 목적지34 |  678스텝 | 배송 34/34 | 재적재  6 | 중계율 0.33 | alpha 0.630 | complete
Ep 505 | 드론4 목적지77 | 1000스텝 | 배송 53/77 | 재적재  9 | 중계율 0.39 | alpha 0.626 | step_limit
Ep 506 | 드론4 목적지55 |  683스텝 | 배송 55/55 | 재적재  9 | 중계율 0.18 | alpha 0.627 | complete
Ep 507 | 드론3 목적지61 |  985스텝 | 배송 61/61 | 재적재 11 | 중계율 0.15 | alpha 0.619 | complete
Ep 508 | 드론3 목적지24 |  550스텝 | 배송 24/24 | 재적재  3 | 중계율 0.24 | alpha 0.615 | complete
Ep 509 | 드론3 목적지48 |  972스텝 | 배송 48/48 | 재적재  8 | 중계율 0.28 | alpha 0.612 | complete
Ep 510 | 드론4 목적지71 | 1000스텝 | 배송 56/71 | 재적재 10 | 중계율 0.31 | alpha 0.611 | step_limit
Ep 511 | 드론4 목적지39 |  586스텝 | 배송 39/39 | 재적재  6 | 중계율 0.28 | alpha 0.616 | complete
Ep 512 | 드론4 목적지29 |  369스텝 | 배송 29/29 | 재적재  4 | 중계율 0.14 | alpha 0.613 | complete
Ep 513 | 드론4 목적지46 |  679스텝 | 배송 46/46 | 재적재  8 | 중계율 0.25 | alpha 0.609 | complete
Ep 514 | 드론3 목적지49 | 1000스텝 | 배송 47/49 | 재적재  8 | 중계율 0.32 | alpha 0.603 | step_limit
Ep 515 | 드론3 목적지70 | 1000스텝 | 배송 59/70 | 재적재 11 | 중계율 0.24 | alpha 0.596 | step_limit
Ep 516 | 드론4 목적지63 | 1000스텝 | 배송 58/63 | 재적재  9 | 중계율 0.32 | alpha 0.586 | step_limit
Ep 517 | 드론4 목적지44 |  825스텝 | 배송 44/44 | 재적재  6 | 중계율 0.30 | alpha 0.578 | complete
Ep 518 | 드론3 목적지57 | 1000스텝 | 배송 50/57 | 재적재  8 | 중계율 0.34 | alpha 0.575 | step_limit
Ep 519 | 드론4 목적지34 |  408스텝 | 배송 34/34 | 재적재  4 | 중계율 0.19 | alpha 0.574 | complete
Ep 520 | 드론3 목적지68 | 1000스텝 | 배송 52/68 | 재적재  9 | 중계율 0.22 | alpha 0.578 | step_limit
Ep 521 | 드론4 목적지71 | 1000스텝 | 배송 65/71 | 재적재 11 | 중계율 0.31 | alpha 0.576 | step_limit
Ep 522 | 드론3 목적지72 | 1000스텝 | 배송 65/72 | 재적재 11 | 중계율 0.23 | alpha 0.576 | step_limit
Ep 523 | 드론3 목적지27 |  430스텝 | 배송 27/27 | 재적재  3 | 중계율 0.24 | alpha 0.580 | complete
Ep 524 | 드론3 목적지37 |  873스텝 | 배송 37/37 | 재적재  7 | 중계율 0.36 | alpha 0.577 | complete
Ep 525 | 드론3 목적지79 | 1000스텝 | 배송 60/79 | 재적재 10 | 중계율 0.24 | alpha 0.572 | step_limit
Ep 526 | 드론3 목적지39 |  934스텝 | 배송 39/39 | 재적재  7 | 중계율 0.29 | alpha 0.574 | complete
Ep 527 | 드론3 목적지42 |  776스텝 | 배송 42/42 | 재적재  7 | 중계율 0.30 | alpha 0.578 | complete
Ep 528 | 드론3 목적지51 |  926스텝 | 배송 51/51 | 재적재  9 | 중계율 0.22 | alpha 0.591 | complete
Ep 529 | 드론3 목적지21 |  526스텝 | 배송 21/21 | 재적재  3 | 중계율 0.22 | alpha 0.597 | complete
Ep 530 | 드론4 목적지34 |  512스텝 | 배송 34/34 | 재적재  5 | 중계율 0.26 | alpha 0.601 | complete
Ep 531 | 드론4 목적지64 |  993스텝 | 배송 64/64 | 재적재 12 | 중계율 0.30 | alpha 0.602 | complete
Ep 532 | 드론4 목적지78 |  884스텝 | 배송 78/78 | 재적재 13 | 중계율 0.16 | alpha 0.600 | complete
Ep 533 | 드론4 목적지68 | 1000스텝 | 배송 66/68 | 재적재 11 | 중계율 0.29 | alpha 0.607 | step_limit
Ep 534 | 드론3 목적지25 |  515스텝 | 배송 25/25 | 재적재  2 | 중계율 0.33 | alpha 0.608 | complete
Ep 535 | 드론3 목적지25 |  542스텝 | 배송 25/25 | 재적재  4 | 중계율 0.26 | alpha 0.608 | complete
Ep 536 | 드론4 목적지71 |  918스텝 | 배송 71/71 | 재적재 12 | 중계율 0.23 | alpha 0.618 | complete
Ep 537 | 드론4 목적지31 |  838스텝 | 배송 31/31 | 재적재  5 | 중계율 0.35 | alpha 0.619 | complete
Ep 538 | 드론4 목적지55 |  762스텝 | 배송 55/55 | 재적재  9 | 중계율 0.29 | alpha 0.623 | complete
Ep 539 | 드론3 목적지46 |  780스텝 | 배송 46/46 | 재적재  8 | 중계율 0.23 | alpha 0.623 | complete
Ep 540 | 드론4 목적지50 |  595스텝 | 배송 50/50 | 재적재  8 | 중계율 0.16 | alpha 0.626 | complete
Ep 541 | 드론4 목적지25 |  402스텝 | 배송 25/25 | 재적재  4 | 중계율 0.19 | alpha 0.631 | complete
Ep 542 | 드론4 목적지65 |  823스텝 | 배송 65/65 | 재적재 12 | 중계율 0.22 | alpha 0.629 | complete
Ep 543 | 드론3 목적지32 |  591스텝 | 배송 32/32 | 재적재  5 | 중계율 0.21 | alpha 0.631 | complete
Ep 544 | 드론4 목적지60 |  824스텝 | 배송 60/60 | 재적재  9 | 중계율 0.26 | alpha 0.645 | complete
Ep 545 | 드론3 목적지74 | 1000스텝 | 배송 63/74 | 재적재 10 | 중계율 0.25 | alpha 0.650 | step_limit
Ep 546 | 드론3 목적지45 |  844스텝 | 배송 45/45 | 재적재  7 | 중계율 0.27 | alpha 0.645 | complete
Ep 547 | 드론3 목적지37 |  593스텝 | 배송 37/37 | 재적재  5 | 중계율 0.20 | alpha 0.638 | complete
Ep 548 | 드론3 목적지63 | 1000스텝 | 배송 60/63 | 재적재 10 | 중계율 0.22 | alpha 0.626 | step_limit
Ep 549 | 드론4 목적지55 |  694스텝 | 배송 55/55 | 재적재 10 | 중계율 0.21 | alpha 0.626 | complete
Ep 550 | 드론4 목적지30 | 1000스텝 | 배송 28/30 | 재적재  3 | 중계율 0.39 | alpha 0.625 | step_limit
  [홀드아웃] 배송 49.6±3.3 완주 0.96 스텝 864 점수 124.7 재적재 7.5 2홉+ 0.61 | 최고 127.8@ep350 정체 4/8
Ep 551 | 드론4 목적지33 |  362스텝 | 배송 33/33 | 재적재  5 | 중계율 0.13 | alpha 0.619 | complete
Ep 552 | 드론4 목적지71 |  749스텝 | 배송 71/71 | 재적재 12 | 중계율 0.17 | alpha 0.609 | complete
Ep 553 | 드론4 목적지68 | 1000스텝 | 배송 67/68 | 재적재 11 | 중계율 0.25 | alpha 0.597 | step_limit
Ep 554 | 드론3 목적지74 | 1000스텝 | 배송 60/74 | 재적재 11 | 중계율 0.20 | alpha 0.597 | step_limit
Ep 555 | 드론4 목적지59 | 1000스텝 | 배송 47/59 | 재적재  9 | 중계율 0.31 | alpha 0.602 | step_limit
Ep 556 | 드론4 목적지41 |  850스텝 | 배송 41/41 | 재적재  7 | 중계율 0.36 | alpha 0.597 | complete
Ep 557 | 드론3 목적지71 |  932스텝 | 배송 71/71 | 재적재 12 | 중계율 0.15 | alpha 0.595 | complete
Ep 558 | 드론4 목적지50 |  580스텝 | 배송 50/50 | 재적재  8 | 중계율 0.23 | alpha 0.597 | complete
Ep 559 | 드론4 목적지57 |  977스텝 | 배송 57/57 | 재적재 10 | 중계율 0.27 | alpha 0.597 | complete
Ep 560 | 드론4 목적지42 |  517스텝 | 배송 42/42 | 재적재  6 | 중계율 0.16 | alpha 0.601 | complete
Ep 561 | 드론4 목적지27 |  664스텝 | 배송 27/27 | 재적재  4 | 중계율 0.29 | alpha 0.604 | complete
Ep 562 | 드론4 목적지47 |  961스텝 | 배송 47/47 | 재적재  8 | 중계율 0.34 | alpha 0.606 | complete
Ep 563 | 드론3 목적지78 | 1000스텝 | 배송 67/78 | 재적재 12 | 중계율 0.25 | alpha 0.608 | step_limit
Ep 564 | 드론4 목적지30 |  462스텝 | 배송 30/30 | 재적재  5 | 중계율 0.25 | alpha 0.606 | complete
Ep 565 | 드론4 목적지22 |  265스텝 | 배송 22/22 | 재적재  3 | 중계율 0.24 | alpha 0.609 | complete
Ep 566 | 드론3 목적지49 |  907스텝 | 배송 49/49 | 재적재  8 | 중계율 0.21 | alpha 0.606 | complete
Ep 567 | 드론3 목적지78 | 1000스텝 | 배송 62/78 | 재적재 11 | 중계율 0.27 | alpha 0.609 | step_limit
Ep 568 | 드론4 목적지67 | 1000스텝 | 배송 56/67 | 재적재 10 | 중계율 0.32 | alpha 0.607 | step_limit
Ep 569 | 드론4 목적지70 |  958스텝 | 배송 70/70 | 재적재 12 | 중계율 0.25 | alpha 0.608 | complete
Ep 570 | 드론3 목적지72 | 1000스텝 | 배송 70/72 | 재적재 11 | 중계율 0.22 | alpha 0.603 | step_limit
Ep 571 | 드론4 목적지49 |  811스텝 | 배송 49/49 | 재적재  8 | 중계율 0.25 | alpha 0.600 | complete
Ep 572 | 드론4 목적지75 |  925스텝 | 배송 75/75 | 재적재 12 | 중계율 0.24 | alpha 0.588 | complete
Ep 573 | 드론4 목적지66 |  716스텝 | 배송 66/66 | 재적재 11 | 중계율 0.23 | alpha 0.586 | complete
Ep 574 | 드론4 목적지44 |  554스텝 | 배송 44/44 | 재적재  7 | 중계율 0.24 | alpha 0.583 | complete
Ep 575 | 드론4 목적지78 | 1000스텝 | 배송 73/78 | 재적재 13 | 중계율 0.20 | alpha 0.576 | step_limit
Ep 576 | 드론3 목적지69 | 1000스텝 | 배송 58/69 | 재적재 11 | 중계율 0.31 | alpha 0.575 | step_limit
Ep 577 | 드론4 목적지24 |  361스텝 | 배송 24/24 | 재적재  3 | 중계율 0.22 | alpha 0.578 | complete
Ep 578 | 드론4 목적지32 |  401스텝 | 배송 32/32 | 재적재  5 | 중계율 0.20 | alpha 0.579 | complete
Ep 579 | 드론4 목적지26 |  449스텝 | 배송 26/26 | 재적재  4 | 중계율 0.24 | alpha 0.582 | complete
Ep 580 | 드론4 목적지60 |  748스텝 | 배송 60/60 | 재적재 11 | 중계율 0.22 | alpha 0.585 | complete
Ep 581 | 드론3 목적지47 |  896스텝 | 배송 47/47 | 재적재  8 | 중계율 0.32 | alpha 0.588 | complete
Ep 582 | 드론3 목적지36 |  777스텝 | 배송 36/36 | 재적재  6 | 중계율 0.24 | alpha 0.592 | complete
Ep 583 | 드론4 목적지65 |  982스텝 | 배송 65/65 | 재적재 10 | 중계율 0.21 | alpha 0.594 | complete
Ep 584 | 드론3 목적지54 | 1000스텝 | 배송 51/54 | 재적재  9 | 중계율 0.32 | alpha 0.594 | step_limit
Ep 585 | 드론4 목적지72 | 1000스텝 | 배송 66/72 | 재적재 12 | 중계율 0.28 | alpha 0.586 | step_limit
Ep 586 | 드론4 목적지37 |  731스텝 | 배송 37/37 | 재적재  6 | 중계율 0.25 | alpha 0.586 | complete
Ep 587 | 드론3 목적지49 | 1000스텝 | 배송 45/49 | 재적재  7 | 중계율 0.30 | alpha 0.583 | step_limit
Ep 588 | 드론3 목적지57 | 1000스텝 | 배송 55/57 | 재적재  9 | 중계율 0.22 | alpha 0.562 | step_limit
Ep 589 | 드론3 목적지50 |  893스텝 | 배송 50/50 | 재적재  9 | 중계율 0.25 | alpha 0.554 | complete
Ep 590 | 드론3 목적지47 |  815스텝 | 배송 47/47 | 재적재  7 | 중계율 0.25 | alpha 0.554 | complete
Ep 591 | 드론4 목적지64 | 1000스텝 | 배송 57/64 | 재적재 10 | 중계율 0.29 | alpha 0.552 | step_limit
Ep 592 | 드론4 목적지22 |  377스텝 | 배송 22/22 | 재적재  2 | 중계율 0.27 | alpha 0.548 | complete
Ep 593 | 드론4 목적지51 |  824스텝 | 배송 51/51 | 재적재  9 | 중계율 0.23 | alpha 0.551 | complete
Ep 594 | 드론3 목적지40 |  845스텝 | 배송 40/40 | 재적재  6 | 중계율 0.25 | alpha 0.546 | complete
Ep 595 | 드론4 목적지26 |  484스텝 | 배송 26/26 | 재적재  3 | 중계율 0.30 | alpha 0.545 | complete
Ep 596 | 드론4 목적지26 |  274스텝 | 배송 26/26 | 재적재  3 | 중계율 0.17 | alpha 0.544 | complete
Ep 597 | 드론3 목적지21 |  439스텝 | 배송 21/21 | 재적재  2 | 중계율 0.27 | alpha 0.542 | complete
Ep 598 | 드론3 목적지23 |  373스텝 | 배송 23/23 | 재적재  3 | 중계율 0.21 | alpha 0.541 | complete
Ep 599 | 드론3 목적지77 | 1000스텝 | 배송 65/77 | 재적재 11 | 중계율 0.26 | alpha 0.537 | step_limit
Ep 600 | 드론4 목적지68 | 1000스텝 | 배송 57/68 | 재적재  9 | 중계율 0.34 | alpha 0.531 | step_limit
  [홀드아웃] 배송 49.2±3.5 완주 0.95 스텝 857 점수 123.6 재적재 7.4 2홉+ 0.62 | 최고 127.8@ep350 정체 5/8
Ep 601 | 드론3 목적지20 |  506스텝 | 배송 20/20 | 재적재  2 | 중계율 0.28 | alpha 0.536 | complete
Ep 602 | 드론4 목적지72 |  781스텝 | 배송 72/72 | 재적재 12 | 중계율 0.20 | alpha 0.543 | complete
Ep 603 | 드론4 목적지60 |  721스텝 | 배송 60/60 | 재적재 11 | 중계율 0.18 | alpha 0.547 | complete
Ep 604 | 드론4 목적지68 |  783스텝 | 배송 68/68 | 재적재 11 | 중계율 0.14 | alpha 0.543 | complete
Ep 605 | 드론3 목적지73 | 1000스텝 | 배송 59/73 | 재적재 11 | 중계율 0.28 | alpha 0.546 | step_limit
Ep 606 | 드론4 목적지51 |  834스텝 | 배송 51/51 | 재적재  8 | 중계율 0.28 | alpha 0.558 | complete
Ep 607 | 드론3 목적지48 | 1000스텝 | 배송 47/48 | 재적재  9 | 중계율 0.25 | alpha 0.566 | step_limit
Ep 608 | 드론4 목적지67 |  695스텝 | 배송 67/67 | 재적재 11 | 중계율 0.14 | alpha 0.573 | complete
Ep 609 | 드론3 목적지51 | 1000스텝 | 배송 50/51 | 재적재  8 | 중계율 0.31 | alpha 0.589 | step_limit
Ep 610 | 드론3 목적지72 | 1000스텝 | 배송 70/72 | 재적재 13 | 중계율 0.18 | alpha 0.600 | step_limit
Ep 611 | 드론3 목적지77 | 1000스텝 | 배송 65/77 | 재적재 11 | 중계율 0.33 | alpha 0.608 | step_limit
Ep 612 | 드론3 목적지42 |  963스텝 | 배송 42/42 | 재적재  8 | 중계율 0.31 | alpha 0.624 | complete
Ep 613 | 드론3 목적지40 |  708스텝 | 배송 40/40 | 재적재  6 | 중계율 0.22 | alpha 0.629 | complete
Ep 614 | 드론3 목적지42 |  870스텝 | 배송 42/42 | 재적재  8 | 중계율 0.25 | alpha 0.639 | complete
Ep 615 | 드론3 목적지80 | 1000스텝 | 배송 71/80 | 재적재 12 | 중계율 0.15 | alpha 0.648 | step_limit
Ep 616 | 드론4 목적지26 |  403스텝 | 배송 26/26 | 재적재  3 | 중계율 0.28 | alpha 0.646 | complete
Ep 617 | 드론4 목적지75 |  954스텝 | 배송 75/75 | 재적재 13 | 중계율 0.25 | alpha 0.643 | complete
Ep 618 | 드론3 목적지50 |  848스텝 | 배송 50/50 | 재적재  8 | 중계율 0.31 | alpha 0.651 | complete
Ep 619 | 드론4 목적지71 | 1000스텝 | 배송 69/71 | 재적재 13 | 중계율 0.20 | alpha 0.666 | step_limit
Ep 620 | 드론4 목적지55 |  903스텝 | 배송 55/55 | 재적재  9 | 중계율 0.26 | alpha 0.677 | complete
Ep 621 | 드론3 목적지79 | 1000스텝 | 배송 66/79 | 재적재 11 | 중계율 0.29 | alpha 0.684 | step_limit
Ep 622 | 드론4 목적지56 | 1000스텝 | 배송 51/56 | 재적재  9 | 중계율 0.32 | alpha 0.680 | step_limit
Ep 623 | 드론3 목적지33 |  639스텝 | 배송 33/33 | 재적재  4 | 중계율 0.26 | alpha 0.677 | complete
Ep 624 | 드론3 목적지72 | 1000스텝 | 배송 66/72 | 재적재 12 | 중계율 0.28 | alpha 0.681 | step_limit
Ep 625 | 드론4 목적지47 | 1000스텝 | 배송 43/47 | 재적재  7 | 중계율 0.31 | alpha 0.678 | step_limit
Ep 626 | 드론3 목적지52 |  969스텝 | 배송 52/52 | 재적재  9 | 중계율 0.23 | alpha 0.682 | complete
Ep 627 | 드론4 목적지66 | 1000스텝 | 배송 65/66 | 재적재 12 | 중계율 0.35 | alpha 0.684 | step_limit
Ep 628 | 드론3 목적지42 |  734스텝 | 배송 42/42 | 재적재  7 | 중계율 0.21 | alpha 0.688 | complete
Ep 629 | 드론3 목적지31 |  640스텝 | 배송 31/31 | 재적재  5 | 중계율 0.30 | alpha 0.688 | complete
Ep 630 | 드론3 목적지65 | 1000스텝 | 배송 61/65 | 재적재 11 | 중계율 0.21 | alpha 0.684 | step_limit
Ep 631 | 드론3 목적지20 |  415스텝 | 배송 20/20 | 재적재  2 | 중계율 0.22 | alpha 0.678 | complete
Ep 632 | 드론3 목적지38 | 1000스텝 | 배송 37/38 | 재적재  5 | 중계율 0.29 | alpha 0.676 | step_limit
Ep 633 | 드론4 목적지67 |  867스텝 | 배송 67/67 | 재적재 12 | 중계율 0.18 | alpha 0.661 | complete
Ep 634 | 드론4 목적지47 |  553스텝 | 배송 47/47 | 재적재  7 | 중계율 0.15 | alpha 0.659 | complete
Ep 635 | 드론4 목적지30 |  521스텝 | 배송 30/30 | 재적재  4 | 중계율 0.13 | alpha 0.655 | complete
Ep 636 | 드론3 목적지29 |  501스텝 | 배송 29/29 | 재적재  3 | 중계율 0.31 | alpha 0.652 | complete
Ep 637 | 드론3 목적지71 | 1000스텝 | 배송 59/71 | 재적재 10 | 중계율 0.26 | alpha 0.646 | step_limit
Ep 638 | 드론4 목적지73 | 1000스텝 | 배송 72/73 | 재적재 13 | 중계율 0.20 | alpha 0.643 | step_limit
Ep 639 | 드론4 목적지79 | 1000스텝 | 배송 60/79 | 재적재 11 | 중계율 0.28 | alpha 0.639 | step_limit
Ep 640 | 드론3 목적지22 |  499스텝 | 배송 22/22 | 재적재  2 | 중계율 0.29 | alpha 0.639 | complete
Ep 641 | 드론4 목적지77 | 1000스텝 | 배송 60/77 | 재적재 11 | 중계율 0.23 | alpha 0.639 | step_limit
Ep 642 | 드론4 목적지26 |  426스텝 | 배송 26/26 | 재적재  3 | 중계율 0.21 | alpha 0.637 | complete
Ep 643 | 드론4 목적지30 |  417스텝 | 배송 30/30 | 재적재  4 | 중계율 0.10 | alpha 0.634 | complete
Ep 644 | 드론3 목적지77 | 1000스텝 | 배송 69/77 | 재적재 12 | 중계율 0.21 | alpha 0.637 | step_limit
Ep 645 | 드론3 목적지34 |  526스텝 | 배송 34/34 | 재적재  4 | 중계율 0.15 | alpha 0.637 | complete
Ep 646 | 드론4 목적지34 |  452스텝 | 배송 34/34 | 재적재  5 | 중계율 0.18 | alpha 0.636 | complete
Ep 647 | 드론3 목적지37 |  693스텝 | 배송 37/37 | 재적재  7 | 중계율 0.26 | alpha 0.639 | complete
Ep 648 | 드론3 목적지55 |  791스텝 | 배송 55/55 | 재적재  9 | 중계율 0.14 | alpha 0.647 | complete
Ep 649 | 드론3 목적지20 |  461스텝 | 배송 20/20 | 재적재  2 | 중계율 0.33 | alpha 0.649 | complete
Ep 650 | 드론4 목적지37 |  467스텝 | 배송 37/37 | 재적재  6 | 중계율 0.17 | alpha 0.648 | complete
  [홀드아웃] 배송 49.9±1.2 완주 0.99 스텝 880 점수 127.0 재적재 7.6 2홉+ 0.61 | 최고 127.8@ep350 정체 6/8
Ep 651 | 드론3 목적지77 | 1000스텝 | 배송 60/77 | 재적재 11 | 중계율 0.22 | alpha 0.657 | step_limit
Ep 652 | 드론4 목적지57 |  930스텝 | 배송 57/57 | 재적재  9 | 중계율 0.27 | alpha 0.650 | complete
Ep 653 | 드론4 목적지38 |  719스텝 | 배송 38/38 | 재적재  7 | 중계율 0.19 | alpha 0.645 | complete
Ep 654 | 드론4 목적지45 |  549스텝 | 배송 45/45 | 재적재  7 | 중계율 0.19 | alpha 0.644 | complete
Ep 655 | 드론3 목적지40 |  902스텝 | 배송 40/40 | 재적재  7 | 중계율 0.27 | alpha 0.642 | complete
Ep 656 | 드론4 목적지31 |  513스텝 | 배송 31/31 | 재적재  3 | 중계율 0.24 | alpha 0.642 | complete
Ep 657 | 드론4 목적지26 |  843스텝 | 배송 26/26 | 재적재  4 | 중계율 0.29 | alpha 0.633 | complete
Ep 658 | 드론3 목적지39 |  613스텝 | 배송 39/39 | 재적재  5 | 중계율 0.23 | alpha 0.633 | complete
Ep 659 | 드론3 목적지51 | 1000스텝 | 배송 50/51 | 재적재  9 | 중계율 0.23 | alpha 0.632 | step_limit
Ep 660 | 드론3 목적지51 | 1000스텝 | 배송 50/51 | 재적재  9 | 중계율 0.29 | alpha 0.626 | step_limit
Ep 661 | 드론3 목적지38 |  776스텝 | 배송 38/38 | 재적재  6 | 중계율 0.28 | alpha 0.616 | complete
Ep 662 | 드론4 목적지43 |  571스텝 | 배송 43/43 | 재적재  6 | 중계율 0.19 | alpha 0.617 | complete
Ep 663 | 드론4 목적지57 |  819스텝 | 배송 57/57 | 재적재 10 | 중계율 0.24 | alpha 0.623 | complete
Ep 664 | 드론3 목적지27 |  575스텝 | 배송 27/27 | 재적재  4 | 중계율 0.19 | alpha 0.622 | complete
Ep 665 | 드론4 목적지59 |  780스텝 | 배송 59/59 | 재적재  9 | 중계율 0.17 | alpha 0.621 | complete
Ep 666 | 드론3 목적지72 | 1000스텝 | 배송 66/72 | 재적재 12 | 중계율 0.20 | alpha 0.622 | step_limit
Ep 667 | 드론4 목적지45 |  804스텝 | 배송 45/45 | 재적재  8 | 중계율 0.24 | alpha 0.621 | complete
Ep 668 | 드론3 목적지65 | 1000스텝 | 배송 59/65 | 재적재 10 | 중계율 0.25 | alpha 0.623 | step_limit
Ep 669 | 드론3 목적지66 | 1000스텝 | 배송 56/66 | 재적재 10 | 중계율 0.21 | alpha 0.625 | step_limit
Ep 670 | 드론4 목적지77 | 1000스텝 | 배송 70/77 | 재적재 12 | 중계율 0.26 | alpha 0.625 | step_limit
Ep 671 | 드론4 목적지58 |  928스텝 | 배송 58/58 | 재적재  9 | 중계율 0.28 | alpha 0.623 | complete
Ep 672 | 드론3 목적지43 |  698스텝 | 배송 43/43 | 재적재  7 | 중계율 0.18 | alpha 0.629 | complete
Ep 673 | 드론4 목적지68 |  844스텝 | 배송 68/68 | 재적재 13 | 중계율 0.26 | alpha 0.628 | complete
Ep 674 | 드론3 목적지52 | 1000스텝 | 배송 51/52 | 재적재  8 | 중계율 0.25 | alpha 0.634 | step_limit
Ep 675 | 드론3 목적지42 | 1000스텝 | 배송 39/42 | 재적재  6 | 중계율 0.37 | alpha 0.635 | step_limit
Ep 676 | 드론3 목적지45 |  703스텝 | 배송 45/45 | 재적재  8 | 중계율 0.18 | alpha 0.639 | complete
Ep 677 | 드론3 목적지41 | 1000스텝 | 배송 37/41 | 재적재  6 | 중계율 0.22 | alpha 0.653 | step_limit
Ep 678 | 드론4 목적지79 | 1000스텝 | 배송 69/79 | 재적재 11 | 중계율 0.27 | alpha 0.648 | step_limit
Ep 679 | 드론3 목적지24 |  483스텝 | 배송 24/24 | 재적재  3 | 중계율 0.27 | alpha 0.650 | complete
Ep 680 | 드론3 목적지52 | 1000스텝 | 배송 50/52 | 재적재  8 | 중계율 0.35 | alpha 0.658 | step_limit
Ep 681 | 드론4 목적지77 | 1000스텝 | 배송 72/77 | 재적재 12 | 중계율 0.25 | alpha 0.660 | step_limit
Ep 682 | 드론3 목적지49 |  717스텝 | 배송 49/49 | 재적재  8 | 중계율 0.18 | alpha 0.659 | complete
Ep 683 | 드론4 목적지63 | 1000스텝 | 배송 62/63 | 재적재 10 | 중계율 0.31 | alpha 0.660 | step_limit
Ep 684 | 드론3 목적지37 |  689스텝 | 배송 37/37 | 재적재  7 | 중계율 0.24 | alpha 0.654 | complete
Ep 685 | 드론4 목적지56 |  866스텝 | 배송 56/56 | 재적재 10 | 중계율 0.29 | alpha 0.648 | complete
Ep 686 | 드론3 목적지28 |  809스텝 | 배송 28/28 | 재적재  4 | 중계율 0.24 | alpha 0.640 | complete
Ep 687 | 드론4 목적지77 |  727스텝 | 배송 77/77 | 재적재 14 | 중계율 0.16 | alpha 0.639 | complete
Ep 688 | 드론3 목적지45 |  841스텝 | 배송 45/45 | 재적재  7 | 중계율 0.32 | alpha 0.636 | complete
Ep 689 | 드론4 목적지70 |  837스텝 | 배송 70/70 | 재적재 12 | 중계율 0.23 | alpha 0.629 | complete
Ep 690 | 드론4 목적지62 |  909스텝 | 배송 62/62 | 재적재 11 | 중계율 0.25 | alpha 0.622 | complete
Ep 691 | 드론3 목적지31 | 1000스텝 | 배송 27/31 | 재적재  5 | 중계율 0.40 | alpha 0.617 | step_limit
Ep 692 | 드론4 목적지61 |  941스텝 | 배송 61/61 | 재적재 11 | 중계율 0.29 | alpha 0.610 | complete
Ep 693 | 드론4 목적지60 |  938스텝 | 배송 60/60 | 재적재 10 | 중계율 0.29 | alpha 0.595 | complete
Ep 694 | 드론3 목적지33 |  577스텝 | 배송 33/33 | 재적재  4 | 중계율 0.26 | alpha 0.593 | complete
Ep 695 | 드론3 목적지29 |  721스텝 | 배송 29/29 | 재적재  5 | 중계율 0.26 | alpha 0.596 | complete
Ep 696 | 드론4 목적지28 |  399스텝 | 배송 28/28 | 재적재  4 | 중계율 0.27 | alpha 0.594 | complete
Ep 697 | 드론4 목적지35 |  492스텝 | 배송 35/35 | 재적재  4 | 중계율 0.28 | alpha 0.593 | complete
Ep 698 | 드론3 목적지32 | 1000스텝 | 배송 30/32 | 재적재  5 | 중계율 0.32 | alpha 0.599 | step_limit
Ep 699 | 드론3 목적지62 | 1000스텝 | 배송 54/62 | 재적재  9 | 중계율 0.15 | alpha 0.600 | step_limit
Ep 700 | 드론3 목적지61 | 1000스텝 | 배송 60/61 | 재적재 11 | 중계율 0.25 | alpha 0.604 | step_limit
  [홀드아웃] 배송 49.7±2.0 완주 0.97 스텝 889 점수 125.6 재적재 7.4 2홉+ 0.61 | 최고 127.8@ep350 정체 7/8
Ep 701 | 드론4 목적지72 | 1000스텝 | 배송 68/72 | 재적재 12 | 중계율 0.24 | alpha 0.605 | step_limit
Ep 702 | 드론4 목적지34 |  965스텝 | 배송 34/34 | 재적재  6 | 중계율 0.36 | alpha 0.604 | complete
Ep 703 | 드론4 목적지32 |  547스텝 | 배송 32/32 | 재적재  4 | 중계율 0.30 | alpha 0.606 | complete
Ep 704 | 드론4 목적지74 |  799스텝 | 배송 74/74 | 재적재 12 | 중계율 0.21 | alpha 0.611 | complete
Ep 705 | 드론3 목적지38 |  601스텝 | 배송 38/38 | 재적재  6 | 중계율 0.25 | alpha 0.608 | complete
Ep 706 | 드론4 목적지30 |  315스텝 | 배송 30/30 | 재적재  4 | 중계율 0.16 | alpha 0.604 | complete
Ep 707 | 드론4 목적지31 |  497스텝 | 배송 31/31 | 재적재  4 | 중계율 0.24 | alpha 0.602 | complete
Ep 708 | 드론3 목적지63 | 1000스텝 | 배송 53/63 | 재적재  9 | 중계율 0.19 | alpha 0.595 | step_limit
Ep 709 | 드론3 목적지20 |  520스텝 | 배송 20/20 | 재적재  3 | 중계율 0.36 | alpha 0.593 | complete
Ep 710 | 드론4 목적지78 |  770스텝 | 배송 78/78 | 재적재 13 | 중계율 0.18 | alpha 0.593 | complete
Ep 711 | 드론4 목적지58 | 1000스텝 | 배송 53/58 | 재적재  8 | 중계율 0.32 | alpha 0.587 | step_limit
Ep 712 | 드론3 목적지75 | 1000스텝 | 배송 60/75 | 재적재 10 | 중계율 0.23 | alpha 0.583 | step_limit
Ep 713 | 드론3 목적지69 |  839스텝 | 배송 69/69 | 재적재 12 | 중계율 0.14 | alpha 0.587 | complete
Ep 714 | 드론3 목적지36 | 1000스텝 | 배송 32/36 | 재적재  5 | 중계율 0.33 | alpha 0.587 | step_limit
Ep 715 | 드론3 목적지65 | 1000스텝 | 배송 58/65 | 재적재 11 | 중계율 0.26 | alpha 0.587 | step_limit
Ep 716 | 드론4 목적지36 |  511스텝 | 배송 36/36 | 재적재  5 | 중계율 0.23 | alpha 0.587 | complete
Ep 717 | 드론4 목적지56 |  893스텝 | 배송 56/56 | 재적재  9 | 중계율 0.34 | alpha 0.594 | complete
Ep 718 | 드론3 목적지69 | 1000스텝 | 배송 62/69 | 재적재 12 | 중계율 0.23 | alpha 0.594 | step_limit
Ep 719 | 드론3 목적지21 |  348스텝 | 배송 21/21 | 재적재  2 | 중계율 0.18 | alpha 0.592 | complete
Ep 720 | 드론4 목적지45 |  682스텝 | 배송 45/45 | 재적재  7 | 중계율 0.20 | alpha 0.594 | complete
Ep 721 | 드론3 목적지30 |  519스텝 | 배송 30/30 | 재적재  5 | 중계율 0.20 | alpha 0.592 | complete
Ep 722 | 드론4 목적지47 |  580스텝 | 배송 47/47 | 재적재  8 | 중계율 0.14 | alpha 0.596 | complete
Ep 723 | 드론3 목적지51 | 1000스텝 | 배송 50/51 | 재적재  8 | 중계율 0.23 | alpha 0.597 | step_limit
Ep 724 | 드론4 목적지57 | 1000스텝 | 배송 56/57 | 재적재 10 | 중계율 0.29 | alpha 0.599 | step_limit
Ep 725 | 드론4 목적지29 |  625스텝 | 배송 29/29 | 재적재  2 | 중계율 0.33 | alpha 0.596 | complete
Ep 726 | 드론4 목적지69 | 1000스텝 | 배송 68/69 | 재적재 12 | 중계율 0.29 | alpha 0.595 | step_limit
Ep 727 | 드론4 목적지36 |  779스텝 | 배송 36/36 | 재적재  7 | 중계율 0.37 | alpha 0.596 | complete
Ep 728 | 드론3 목적지74 | 1000스텝 | 배송 64/74 | 재적재 12 | 중계율 0.26 | alpha 0.602 | step_limit
Ep 729 | 드론4 목적지64 |  904스텝 | 배송 64/64 | 재적재 11 | 중계율 0.27 | alpha 0.601 | complete
Ep 730 | 드론3 목적지70 | 1000스텝 | 배송 60/70 | 재적재 11 | 중계율 0.21 | alpha 0.601 | step_limit
Ep 731 | 드론3 목적지48 |  854스텝 | 배송 48/48 | 재적재  8 | 중계율 0.21 | alpha 0.602 | complete
Ep 732 | 드론4 목적지37 |  845스텝 | 배송 37/37 | 재적재  5 | 중계율 0.36 | alpha 0.600 | complete
Ep 733 | 드론4 목적지67 |  754스텝 | 배송 67/67 | 재적재 12 | 중계율 0.20 | alpha 0.602 | complete
Ep 734 | 드론4 목적지54 | 1000스텝 | 배송 49/54 | 재적재  8 | 중계율 0.36 | alpha 0.602 | step_limit
Ep 735 | 드론4 목적지57 | 1000스텝 | 배송 56/57 | 재적재  9 | 중계율 0.33 | alpha 0.595 | step_limit
Ep 736 | 드론4 목적지39 |  558스텝 | 배송 39/39 | 재적재  7 | 중계율 0.19 | alpha 0.595 | complete
Ep 737 | 드론3 목적지29 |  669스텝 | 배송 29/29 | 재적재  4 | 중계율 0.25 | alpha 0.589 | complete
Ep 738 | 드론4 목적지68 |  894스텝 | 배송 68/68 | 재적재 11 | 중계율 0.20 | alpha 0.579 | complete
Ep 739 | 드론3 목적지20 |  445스텝 | 배송 20/20 | 재적재  1 | 중계율 0.36 | alpha 0.578 | complete
Ep 740 | 드론3 목적지69 | 1000스텝 | 배송 57/69 | 재적재 10 | 중계율 0.33 | alpha 0.580 | step_limit
Ep 741 | 드론4 목적지41 |  507스텝 | 배송 41/41 | 재적재  6 | 중계율 0.23 | alpha 0.581 | complete
Ep 742 | 드론3 목적지78 | 1000스텝 | 배송 64/78 | 재적재 10 | 중계율 0.24 | alpha 0.581 | step_limit
Ep 743 | 드론3 목적지39 |  702스텝 | 배송 39/39 | 재적재  5 | 중계율 0.31 | alpha 0.584 | complete
Ep 744 | 드론3 목적지57 | 1000스텝 | 배송 51/57 | 재적재  9 | 중계율 0.25 | alpha 0.579 | step_limit
Ep 745 | 드론3 목적지76 | 1000스텝 | 배송 61/76 | 재적재 11 | 중계율 0.17 | alpha 0.583 | step_limit
Ep 746 | 드론3 목적지69 | 1000스텝 | 배송 63/69 | 재적재 12 | 중계율 0.23 | alpha 0.587 | step_limit
Ep 747 | 드론3 목적지33 | 1000스텝 | 배송 30/33 | 재적재  4 | 중계율 0.27 | alpha 0.587 | step_limit
Ep 748 | 드론3 목적지30 |  637스텝 | 배송 30/30 | 재적재  4 | 중계율 0.25 | alpha 0.588 | complete
Ep 749 | 드론4 목적지32 |  440스텝 | 배송 32/32 | 재적재  4 | 중계율 0.29 | alpha 0.587 | complete
Ep 750 | 드론4 목적지61 | 1000스텝 | 배송 60/61 | 재적재 11 | 중계율 0.29 | alpha 0.585 | step_limit
  [홀드아웃] 배송 50.0±0.1 완주 0.99 스텝 902 점수 126.7 재적재 7.7 2홉+ 0.61 | 최고 127.8@ep350 정체 8/8

조기 종료. 최고 127.8@ep350
Training finished. best=127.8 @ ep350
