/home/kopt/enter/envs/wsl_neuroMCTS/lib/python3.10/site-packages/pygame/pkgdata.py:25: UserWarning: pkg_resources is deprecated as an API. See https://setuptools.pypa.io/en/latest/pkg_resources.html. The pkg_resources package is slated for removal as early as 2025-11-30. Refrain from using this package or pin to Setuptools<81.
  from pkg_resources import resource_stream, resource_exists
pygame 2.6.1 (SDL 2.28.4, Python 3.10.19)
Hello from the pygame community. https://www.pygame.org/contribute.html
집합 상위 학습 | 반경 300 상한 1000 무배송 500 gamma 0.997 구성=무작위 드론[3, 4] 목적지[20, 80] CC무작위 인스턴스=무작위 목표유지=off 완주보상=0.0 잔여페널티=0.1 규칙관측=False 규칙정규화=2.0/중계가중치=1.0 막힘페널티=0.0 중계크레딧=0.0/재분배=0.0/드론별보상=False 도달권shaping=0.0 정체전환보상=0.0 엔트로피비=0.6->0.25@400 자기회귀=True/가까운순=False 혼합critic=True 정체재결정=0 결합critic=False 홀드아웃상한=3000 선택=makespan/속도가중치=40.0
/home/kopt/drone/proposed_src/pipeline/train_v5_26_09_15_23.py:438: UserWarning: Converting a tensor with requires_grad=True to a scalar may lead to unexpected behavior.
Consider using tensor.detach() first. (Triggered internally at /pytorch/torch/csrc/autograd/generated/python_variable_methods.cpp:836.)
  writer.add_scalar("train/alpha", float(log_alpha.exp()), ep)
Ep 1 | 드론4 목적지43 | 1000스텝 | 배송 40/43 | 재적재  7 | 중계율 0.10 | alpha 0.100 | step_limit
Ep 2 | 드론3 목적지74 | 1000스텝 | 배송 56/74 | 재적재 10 | 중계율 0.09 | alpha 0.100 | step_limit
Ep 3 | 드론4 목적지43 | 1000스텝 | 배송 38/43 | 재적재  6 | 중계율 0.07 | alpha 0.100 | step_limit
Ep 4 | 드론3 목적지23 | 1000스텝 | 배송 17/23 | 재적재  2 | 중계율 0.08 | alpha 0.100 | step_limit
Ep 5 | 드론3 목적지31 | 1000스텝 | 배송 26/31 | 재적재  4 | 중계율 0.12 | alpha 0.099 | step_limit
Ep 6 | 드론3 목적지68 |  984스텝 | 배송 68/68 | 재적재 12 | 중계율 0.25 | alpha 0.108 | complete
Ep 7 | 드론4 목적지44 |  711스텝 | 배송 44/44 | 재적재  7 | 중계율 0.32 | alpha 0.115 | complete
Ep 8 | 드론4 목적지30 |  405스텝 | 배송 30/30 | 재적재  4 | 중계율 0.27 | alpha 0.119 | complete
Ep 9 | 드론4 목적지42 |  585스텝 | 배송 42/42 | 재적재  6 | 중계율 0.29 | alpha 0.126 | complete
Ep 10 | 드론4 목적지47 |  558스텝 | 배송 47/47 | 재적재  7 | 중계율 0.31 | alpha 0.132 | complete
Ep 11 | 드론4 목적지21 |  451스텝 | 배송 21/21 | 재적재  2 | 중계율 0.21 | alpha 0.137 | complete
Ep 12 | 드론3 목적지37 |  484스텝 | 배송 37/37 | 재적재  6 | 중계율 0.18 | alpha 0.143 | complete
Ep 13 | 드론4 목적지28 |  363스텝 | 배송 28/28 | 재적재  4 | 중계율 0.20 | alpha 0.147 | complete
Ep 14 | 드론3 목적지41 |  821스텝 | 배송 41/41 | 재적재  7 | 중계율 0.29 | alpha 0.157 | complete
Ep 15 | 드론3 목적지66 | 1000스텝 | 배송 40/66 | 재적재  7 | 중계율 0.23 | alpha 0.169 | step_limit
Ep 16 | 드론3 목적지71 | 1000스텝 | 배송 51/71 | 재적재  9 | 중계율 0.21 | alpha 0.183 | step_limit
Ep 17 | 드론3 목적지24 |  720스텝 | 배송 24/24 | 재적재  4 | 중계율 0.32 | alpha 0.193 | complete
Ep 18 | 드론4 목적지49 |  705스텝 | 배송 49/49 | 재적재  8 | 중계율 0.26 | alpha 0.203 | complete
Ep 19 | 드론4 목적지34 |  504스텝 | 배송 34/34 | 재적재  4 | 중계율 0.33 | alpha 0.211 | complete
Ep 20 | 드론3 목적지48 | 1000스텝 | 배송 42/48 | 재적재  7 | 중계율 0.27 | alpha 0.227 | step_limit
Ep 21 | 드론3 목적지63 |  852스텝 | 배송 28/63 | 재적재  4 | 중계율 0.12 | alpha 0.241 | no_progress
Ep 22 | 드론4 목적지46 |  756스텝 | 배송 46/46 | 재적재  7 | 중계율 0.32 | alpha 0.255 | complete
Ep 23 | 드론3 목적지44 | 1000스텝 | 배송 40/44 | 재적재  6 | 중계율 0.27 | alpha 0.274 | step_limit
Ep 24 | 드론4 목적지41 |  522스텝 | 배송 41/41 | 재적재  6 | 중계율 0.26 | alpha 0.285 | complete
Ep 25 | 드론4 목적지38 |  627스텝 | 배송 38/38 | 재적재  6 | 중계율 0.29 | alpha 0.298 | complete
Ep 26 | 드론4 목적지77 | 1000스텝 | 배송 65/77 | 재적재 12 | 중계율 0.26 | alpha 0.320 | step_limit
Ep 27 | 드론3 목적지41 | 1000스텝 | 배송 35/41 | 재적재  5 | 중계율 0.31 | alpha 0.344 | step_limit
Ep 28 | 드론4 목적지52 | 1000스텝 | 배송 45/52 | 재적재  7 | 중계율 0.40 | alpha 0.370 | step_limit
Ep 29 | 드론4 목적지72 | 1000스텝 | 배송 65/72 | 재적재 11 | 중계율 0.33 | alpha 0.397 | step_limit
Ep 30 | 드론4 목적지61 | 1000스텝 | 배송 57/61 | 재적재  9 | 중계율 0.38 | alpha 0.427 | step_limit
Ep 31 | 드론4 목적지45 |  750스텝 | 배송 45/45 | 재적재  7 | 중계율 0.28 | alpha 0.451 | complete
Ep 32 | 드론3 목적지68 | 1000스텝 | 배송 56/68 | 재적재 10 | 중계율 0.25 | alpha 0.485 | step_limit
Ep 33 | 드론3 목적지35 | 1000스텝 | 배송 31/35 | 재적재  4 | 중계율 0.32 | alpha 0.522 | step_limit
Ep 34 | 드론3 목적지24 |  316스텝 | 배송 24/24 | 재적재  3 | 중계율 0.19 | alpha 0.534 | complete
Ep 35 | 드론3 목적지58 |  994스텝 | 배송 58/58 | 재적재 11 | 중계율 0.22 | alpha 0.574 | complete
Ep 36 | 드론3 목적지64 | 1000스텝 | 배송 46/64 | 재적재  8 | 중계율 0.19 | alpha 0.618 | step_limit
Ep 37 | 드론4 목적지58 | 1000스텝 | 배송 52/58 | 재적재  8 | 중계율 0.38 | alpha 0.665 | step_limit
Ep 38 | 드론3 목적지77 | 1000스텝 | 배송 52/77 | 재적재  9 | 중계율 0.25 | alpha 0.715 | step_limit
Ep 39 | 드론3 목적지28 |  731스텝 | 배송 28/28 | 재적재  4 | 중계율 0.34 | alpha 0.754 | complete
Ep 40 | 드론3 목적지37 |  690스텝 | 배송 37/37 | 재적재  5 | 중계율 0.18 | alpha 0.793 | complete
Ep 41 | 드론4 목적지59 | 1000스텝 | 배송 55/59 | 재적재  9 | 중계율 0.17 | alpha 0.853 | step_limit
Ep 42 | 드론4 목적지58 | 1000스텝 | 배송 55/58 | 재적재  8 | 중계율 0.35 | alpha 0.917 | step_limit
Ep 43 | 드론4 목적지20 |  466스텝 | 배송 20/20 | 재적재  2 | 중계율 0.25 | alpha 0.948 | complete
Ep 44 | 드론4 목적지30 |  457스텝 | 배송 30/30 | 재적재  4 | 중계율 0.14 | alpha 0.979 | complete
Ep 45 | 드론4 목적지39 |  652스텝 | 배송 39/39 | 재적재  7 | 중계율 0.28 | alpha 1.026 | complete
Ep 46 | 드론4 목적지32 |  512스텝 | 배송 32/32 | 재적재  5 | 중계율 0.30 | alpha 1.065 | complete
Ep 47 | 드론4 목적지35 |  703스텝 | 배송 35/35 | 재적재  5 | 중계율 0.27 | alpha 1.119 | complete
Ep 48 | 드론4 목적지39 |  893스텝 | 배송 39/39 | 재적재  5 | 중계율 0.37 | alpha 1.193 | complete
Ep 49 | 드론4 목적지47 |  830스텝 | 배송 47/47 | 재적재  7 | 중계율 0.21 | alpha 1.266 | complete
Ep 50 | 드론3 목적지72 | 1000스텝 | 배송 60/72 | 재적재 10 | 중계율 0.19 | alpha 1.360 | step_limit
  [홀드아웃] 배송 49.1±2.9 완주 0.82 스텝 1058 점수 108.4 재적재 7.7 2홉+ 0.63 | 최고 108.4@ep50 정체 0/8  ← 갱신
Ep 51 | 드론3 목적지71 | 1000스텝 | 배송 57/71 | 재적재 10 | 중계율 0.22 | alpha 1.461 | step_limit
Ep 52 | 드론3 목적지45 |  685스텝 | 배송 45/45 | 재적재  8 | 중계율 0.22 | alpha 1.534 | complete
Ep 53 | 드론4 목적지64 |  937스텝 | 배송 64/64 | 재적재 11 | 중계율 0.19 | alpha 1.639 | complete
Ep 54 | 드론4 목적지24 |  524스텝 | 배송 24/24 | 재적재  2 | 중계율 0.42 | alpha 1.701 | complete
Ep 55 | 드론4 목적지60 | 1000스텝 | 배송 54/60 | 재적재  9 | 중계율 0.33 | alpha 1.825 | step_limit
Ep 56 | 드론4 목적지20 |  296스텝 | 배송 20/20 | 재적재  2 | 중계율 0.29 | alpha 1.863 | complete
Ep 57 | 드론4 목적지61 | 1000스텝 | 배송 60/61 | 재적재 10 | 중계율 0.24 | alpha 1.997 | step_limit
Ep 58 | 드론4 목적지77 | 1000스텝 | 배송 65/77 | 재적재 12 | 중계율 0.21 | alpha 2.141 | step_limit
Ep 59 | 드론4 목적지40 |  760스텝 | 배송 40/40 | 재적재  6 | 중계율 0.38 | alpha 2.256 | complete
Ep 60 | 드론3 목적지76 | 1000스텝 | 배송 46/76 | 재적재  9 | 중계율 0.23 | alpha 2.415 | step_limit
Ep 61 | 드론4 목적지66 |  990스텝 | 배송 66/66 | 재적재 11 | 중계율 0.29 | alpha 2.581 | complete
Ep 62 | 드론4 목적지43 |  674스텝 | 배송 43/43 | 재적재  7 | 중계율 0.25 | alpha 2.699 | complete
Ep 63 | 드론4 목적지57 |  792스텝 | 배송 57/57 | 재적재 10 | 중계율 0.25 | alpha 2.841 | complete
Ep 64 | 드론3 목적지52 | 1000스텝 | 배송 47/52 | 재적재  8 | 중계율 0.24 | alpha 3.029 | step_limit
Ep 65 | 드론4 목적지42 |  520스텝 | 배송 42/42 | 재적재  6 | 중계율 0.19 | alpha 3.130 | complete
Ep 66 | 드론3 목적지41 |  747스텝 | 배송 41/41 | 재적재  6 | 중계율 0.19 | alpha 3.278 | complete
Ep 67 | 드론4 목적지23 |  397스텝 | 배송 23/23 | 재적재  2 | 중계율 0.14 | alpha 3.357 | complete
Ep 68 | 드론4 목적지77 |  750스텝 | 배송 77/77 | 재적재 14 | 중계율 0.17 | alpha 3.508 | complete
Ep 69 | 드론3 목적지48 | 1000스텝 | 배송 44/48 | 재적재  8 | 중계율 0.18 | alpha 3.696 | step_limit
Ep 70 | 드론3 목적지69 | 1000스텝 | 배송 50/69 | 재적재  8 | 중계율 0.23 | alpha 3.836 | step_limit
Ep 71 | 드론4 목적지34 |  458스텝 | 배송 34/34 | 재적재  5 | 중계율 0.21 | alpha 3.887 | complete
Ep 72 | 드론4 목적지61 | 1000스텝 | 배송 57/61 | 재적재 10 | 중계율 0.27 | alpha 3.980 | step_limit
Ep 73 | 드론4 목적지50 | 1000스텝 | 배송 49/50 | 재적재  7 | 중계율 0.35 | alpha 4.039 | step_limit
Ep 74 | 드론3 목적지70 | 1000스텝 | 배송 58/70 | 재적재 10 | 중계율 0.21 | alpha 4.084 | step_limit
Ep 75 | 드론4 목적지21 |  366스텝 | 배송 21/21 | 재적재  3 | 중계율 0.22 | alpha 4.097 | complete
Ep 76 | 드론3 목적지49 | 1000스텝 | 배송 46/49 | 재적재  7 | 중계율 0.26 | alpha 4.117 | step_limit
Ep 77 | 드론3 목적지67 | 1000스텝 | 배송 47/67 | 재적재  8 | 중계율 0.31 | alpha 4.125 | step_limit
Ep 78 | 드론3 목적지34 |  652스텝 | 배송 34/34 | 재적재  5 | 중계율 0.20 | alpha 4.129 | complete
Ep 79 | 드론4 목적지31 |  863스텝 | 배송 31/31 | 재적재  4 | 중계율 0.29 | alpha 4.132 | complete
Ep 80 | 드론3 목적지44 |  995스텝 | 배송 44/44 | 재적재  8 | 중계율 0.24 | alpha 4.139 | complete
Ep 81 | 드론4 목적지71 | 1000스텝 | 배송 59/71 | 재적재 11 | 중계율 0.21 | alpha 4.167 | step_limit
Ep 82 | 드론3 목적지59 | 1000스텝 | 배송 57/59 | 재적재 10 | 중계율 0.17 | alpha 4.180 | step_limit
Ep 83 | 드론4 목적지21 |  239스텝 | 배송 21/21 | 재적재  2 | 중계율 0.19 | alpha 4.182 | complete
Ep 84 | 드론3 목적지41 | 1000스텝 | 배송 39/41 | 재적재  7 | 중계율 0.25 | alpha 4.186 | step_limit
Ep 85 | 드론4 목적지38 |  785스텝 | 배송 38/38 | 재적재  6 | 중계율 0.30 | alpha 4.195 | complete
Ep 86 | 드론4 목적지64 | 1000스텝 | 배송 60/64 | 재적재 11 | 중계율 0.23 | alpha 4.205 | step_limit
Ep 87 | 드론4 목적지24 |  618스텝 | 배송 24/24 | 재적재  3 | 중계율 0.33 | alpha 4.196 | complete
Ep 88 | 드론4 목적지66 |  819스텝 | 배송 66/66 | 재적재 11 | 중계율 0.22 | alpha 4.174 | complete
Ep 89 | 드론4 목적지20 |  545스텝 | 배송 20/20 | 재적재  2 | 중계율 0.26 | alpha 4.157 | complete
Ep 90 | 드론4 목적지37 |  459스텝 | 배송 37/37 | 재적재  6 | 중계율 0.15 | alpha 4.145 | complete
Ep 91 | 드론3 목적지60 | 1000스텝 | 배송 49/60 | 재적재  7 | 중계율 0.21 | alpha 4.089 | step_limit
Ep 92 | 드론3 목적지37 |  850스텝 | 배송 37/37 | 재적재  6 | 중계율 0.31 | alpha 4.069 | complete
Ep 93 | 드론3 목적지27 | 1000스텝 | 배송 25/27 | 재적재  4 | 중계율 0.29 | alpha 4.060 | step_limit
Ep 94 | 드론3 목적지76 | 1000스텝 | 배송 64/76 | 재적재 11 | 중계율 0.18 | alpha 4.072 | step_limit
Ep 95 | 드론4 목적지30 |  464스텝 | 배송 30/30 | 재적재  5 | 중계율 0.23 | alpha 4.080 | complete
Ep 96 | 드론4 목적지34 |  778스텝 | 배송 34/34 | 재적재  5 | 중계율 0.34 | alpha 4.062 | complete
Ep 97 | 드론4 목적지35 |  768스텝 | 배송 35/35 | 재적재  4 | 중계율 0.29 | alpha 4.044 | complete
Ep 98 | 드론4 목적지39 |  529스텝 | 배송 39/39 | 재적재  6 | 중계율 0.18 | alpha 4.072 | complete
Ep 99 | 드론4 목적지69 | 1000스텝 | 배송 53/69 | 재적재  8 | 중계율 0.27 | alpha 4.113 | step_limit
Ep 100 | 드론4 목적지80 | 1000스텝 | 배송 60/80 | 재적재 11 | 중계율 0.15 | alpha 4.072 | step_limit
  [홀드아웃] 배송 49.8±1.9 완주 0.99 스텝 1190 점수 122.9 재적재 8.3 2홉+ 0.65 | 최고 122.9@ep100 정체 0/8  ← 갱신
Ep 101 | 드론3 목적지62 | 1000스텝 | 배송 57/62 | 재적재 11 | 중계율 0.20 | alpha 4.086 | step_limit
Ep 102 | 드론3 목적지30 |  696스텝 | 배송 30/30 | 재적재  5 | 중계율 0.22 | alpha 4.086 | complete
Ep 103 | 드론4 목적지75 |  945스텝 | 배송 75/75 | 재적재 14 | 중계율 0.25 | alpha 4.112 | complete
Ep 104 | 드론3 목적지39 |  760스텝 | 배송 39/39 | 재적재  6 | 중계율 0.25 | alpha 4.075 | complete
Ep 105 | 드론4 목적지24 |  602스텝 | 배송 24/24 | 재적재  3 | 중계율 0.19 | alpha 4.071 | complete
Ep 106 | 드론4 목적지73 | 1000스텝 | 배송 69/73 | 재적재 12 | 중계율 0.29 | alpha 4.067 | step_limit
Ep 107 | 드론4 목적지25 |  529스텝 | 배송 25/25 | 재적재  3 | 중계율 0.25 | alpha 4.016 | complete
Ep 108 | 드론3 목적지69 | 1000스텝 | 배송 59/69 | 재적재 10 | 중계율 0.27 | alpha 4.004 | step_limit
Ep 109 | 드론3 목적지25 |  545스텝 | 배송 25/25 | 재적재  3 | 중계율 0.22 | alpha 4.026 | complete
Ep 110 | 드론3 목적지26 |  722스텝 | 배송 26/26 | 재적재  4 | 중계율 0.26 | alpha 4.048 | complete
Ep 111 | 드론3 목적지21 |  752스텝 | 배송 21/21 | 재적재  3 | 중계율 0.26 | alpha 4.033 | complete
Ep 112 | 드론4 목적지31 |  520스텝 | 배송 31/31 | 재적재  5 | 중계율 0.21 | alpha 4.042 | complete
Ep 113 | 드론3 목적지57 | 1000스텝 | 배송 49/57 | 재적재  7 | 중계율 0.28 | alpha 4.019 | step_limit
Ep 114 | 드론4 목적지64 | 1000스텝 | 배송 56/64 | 재적재  9 | 중계율 0.30 | alpha 4.011 | step_limit
Ep 115 | 드론4 목적지57 |  872스텝 | 배송 57/57 | 재적재 10 | 중계율 0.23 | alpha 4.022 | complete
Ep 116 | 드론3 목적지78 | 1000스텝 | 배송 63/78 | 재적재 11 | 중계율 0.25 | alpha 3.968 | step_limit
Ep 117 | 드론4 목적지76 | 1000스텝 | 배송 63/76 | 재적재 10 | 중계율 0.31 | alpha 3.959 | step_limit
Ep 118 | 드론3 목적지59 | 1000스텝 | 배송 58/59 | 재적재 11 | 중계율 0.18 | alpha 3.957 | step_limit
Ep 119 | 드론3 목적지73 | 1000스텝 | 배송 64/73 | 재적재 10 | 중계율 0.25 | alpha 3.946 | step_limit
Ep 120 | 드론3 목적지68 | 1000스텝 | 배송 45/68 | 재적재  8 | 중계율 0.20 | alpha 3.870 | step_limit
Ep 121 | 드론4 목적지59 | 1000스텝 | 배송 54/59 | 재적재  9 | 중계율 0.31 | alpha 3.897 | step_limit
Ep 122 | 드론4 목적지55 |  696스텝 | 배송 55/55 | 재적재  9 | 중계율 0.22 | alpha 3.902 | complete
Ep 123 | 드론3 목적지22 |  510스텝 | 배송 22/22 | 재적재  3 | 중계율 0.24 | alpha 3.903 | complete
Ep 124 | 드론3 목적지57 | 1000스텝 | 배송 52/57 | 재적재  9 | 중계율 0.15 | alpha 3.860 | step_limit
Ep 125 | 드론3 목적지29 |  924스텝 | 배송 29/29 | 재적재  4 | 중계율 0.26 | alpha 3.800 | complete
Ep 126 | 드론4 목적지80 | 1000스텝 | 배송 76/80 | 재적재 13 | 중계율 0.27 | alpha 3.759 | step_limit
Ep 127 | 드론4 목적지23 |  810스텝 | 배송 23/23 | 재적재  3 | 중계율 0.29 | alpha 3.725 | complete
Ep 128 | 드론3 목적지75 | 1000스텝 | 배송 57/75 | 재적재 10 | 중계율 0.24 | alpha 3.673 | step_limit
Ep 129 | 드론4 목적지31 |  824스텝 | 배송 31/31 | 재적재  4 | 중계율 0.33 | alpha 3.637 | complete
Ep 130 | 드론4 목적지26 |  284스텝 | 배송 26/26 | 재적재  4 | 중계율 0.16 | alpha 3.628 | complete
Ep 131 | 드론4 목적지57 |  701스텝 | 배송 57/57 | 재적재 10 | 중계율 0.18 | alpha 3.643 | complete
Ep 132 | 드론3 목적지51 | 1000스텝 | 배송 48/51 | 재적재  7 | 중계율 0.26 | alpha 3.623 | step_limit
Ep 133 | 드론4 목적지36 |  858스텝 | 배송 36/36 | 재적재  6 | 중계율 0.33 | alpha 3.609 | complete
Ep 134 | 드론4 목적지49 | 1000스텝 | 배송 48/49 | 재적재  8 | 중계율 0.26 | alpha 3.547 | step_limit
Ep 135 | 드론3 목적지56 | 1000스텝 | 배송 51/56 | 재적재  8 | 중계율 0.26 | alpha 3.498 | step_limit
Ep 136 | 드론3 목적지38 | 1000스텝 | 배송 37/38 | 재적재  6 | 중계율 0.24 | alpha 3.475 | step_limit
Ep 137 | 드론4 목적지37 |  710스텝 | 배송 37/37 | 재적재  6 | 중계율 0.27 | alpha 3.480 | complete
Ep 138 | 드론4 목적지68 | 1000스텝 | 배송 60/68 | 재적재 11 | 중계율 0.23 | alpha 3.463 | step_limit
Ep 139 | 드론3 목적지63 | 1000스텝 | 배송 56/63 | 재적재 10 | 중계율 0.17 | alpha 3.420 | step_limit
Ep 140 | 드론4 목적지64 | 1000스텝 | 배송 61/64 | 재적재 11 | 중계율 0.22 | alpha 3.413 | step_limit
Ep 141 | 드론3 목적지48 |  896스텝 | 배송 32/48 | 재적재  5 | 중계율 0.32 | alpha 3.328 | no_progress
Ep 142 | 드론4 목적지69 | 1000스텝 | 배송 68/69 | 재적재 12 | 중계율 0.20 | alpha 3.294 | step_limit
Ep 143 | 드론3 목적지58 | 1000스텝 | 배송 56/58 | 재적재  9 | 중계율 0.25 | alpha 3.281 | step_limit
Ep 144 | 드론4 목적지55 | 1000스텝 | 배송 54/55 | 재적재 10 | 중계율 0.27 | alpha 3.251 | step_limit
Ep 145 | 드론3 목적지39 | 1000스텝 | 배송 35/39 | 재적재  6 | 중계율 0.28 | alpha 3.234 | step_limit
Ep 146 | 드론3 목적지60 | 1000스텝 | 배송 56/60 | 재적재 10 | 중계율 0.17 | alpha 3.246 | step_limit
Ep 147 | 드론3 목적지44 | 1000스텝 | 배송 43/44 | 재적재  8 | 중계율 0.19 | alpha 3.267 | step_limit
Ep 148 | 드론4 목적지50 |  885스텝 | 배송 50/50 | 재적재  9 | 중계율 0.25 | alpha 3.273 | complete
Ep 149 | 드론3 목적지36 |  745스텝 | 배송 36/36 | 재적재  6 | 중계율 0.23 | alpha 3.247 | complete
Ep 150 | 드론4 목적지78 | 1000스텝 | 배송 72/78 | 재적재 12 | 중계율 0.27 | alpha 3.268 | step_limit
  [홀드아웃] 배송 49.7±2.0 완주 0.97 스텝 1166 점수 122.0 재적재 8.3 2홉+ 0.65 | 최고 122.9@ep100 정체 1/8
Ep 151 | 드론3 목적지64 | 1000스텝 | 배송 62/64 | 재적재 11 | 중계율 0.15 | alpha 3.295 | step_limit
Ep 152 | 드론4 목적지21 |  223스텝 | 배송 21/21 | 재적재  2 | 중계율 0.14 | alpha 3.291 | complete
Ep 153 | 드론4 목적지76 | 1000스텝 | 배송 72/76 | 재적재 12 | 중계율 0.23 | alpha 3.225 | step_limit
Ep 154 | 드론3 목적지40 |  928스텝 | 배송 40/40 | 재적재  6 | 중계율 0.25 | alpha 3.179 | complete
Ep 155 | 드론3 목적지64 |  997스텝 | 배송 64/64 | 재적재 11 | 중계율 0.22 | alpha 3.136 | complete
Ep 156 | 드론4 목적지50 |  990스텝 | 배송 50/50 | 재적재  8 | 중계율 0.28 | alpha 3.090 | complete
Ep 157 | 드론3 목적지56 | 1000스텝 | 배송 52/56 | 재적재 10 | 중계율 0.23 | alpha 3.071 | step_limit
Ep 158 | 드론4 목적지67 | 1000스텝 | 배송 58/67 | 재적재 10 | 중계율 0.24 | alpha 3.061 | step_limit
Ep 159 | 드론4 목적지78 | 1000스텝 | 배송 74/78 | 재적재 13 | 중계율 0.18 | alpha 3.046 | step_limit
Ep 160 | 드론4 목적지23 |  562스텝 | 배송 23/23 | 재적재  2 | 중계율 0.32 | alpha 3.051 | complete
Ep 161 | 드론4 목적지73 | 1000스텝 | 배송 43/73 | 재적재  7 | 중계율 0.30 | alpha 3.033 | step_limit
Ep 162 | 드론3 목적지49 | 1000스텝 | 배송 48/49 | 재적재  8 | 중계율 0.14 | alpha 3.011 | step_limit
Ep 163 | 드론4 목적지36 |  608스텝 | 배송 36/36 | 재적재  5 | 중계율 0.28 | alpha 3.042 | complete
Ep 164 | 드론4 목적지54 |  819스텝 | 배송 54/54 | 재적재 10 | 중계율 0.17 | alpha 3.022 | complete
Ep 165 | 드론4 목적지47 |  991스텝 | 배송 47/47 | 재적재  8 | 중계율 0.29 | alpha 3.032 | complete
Ep 166 | 드론4 목적지63 |  754스텝 | 배송 63/63 | 재적재 11 | 중계율 0.25 | alpha 2.994 | complete
Ep 167 | 드론4 목적지38 |  724스텝 | 배송 38/38 | 재적재  6 | 중계율 0.29 | alpha 2.956 | complete
Ep 168 | 드론4 목적지44 | 1000스텝 | 배송 42/44 | 재적재  6 | 중계율 0.30 | alpha 2.932 | step_limit
Ep 169 | 드론4 목적지45 |  796스텝 | 배송 45/45 | 재적재  8 | 중계율 0.30 | alpha 2.876 | complete
Ep 170 | 드론3 목적지78 | 1000스텝 | 배송 63/78 | 재적재 11 | 중계율 0.22 | alpha 2.856 | step_limit
Ep 171 | 드론4 목적지34 |  769스텝 | 배송 34/34 | 재적재  5 | 중계율 0.27 | alpha 2.852 | complete
Ep 172 | 드론3 목적지48 | 1000스텝 | 배송 41/48 | 재적재  7 | 중계율 0.25 | alpha 2.857 | step_limit
Ep 173 | 드론3 목적지64 | 1000스텝 | 배송 50/64 | 재적재 10 | 중계율 0.28 | alpha 2.829 | step_limit
Ep 174 | 드론4 목적지38 |  807스텝 | 배송 38/38 | 재적재  6 | 중계율 0.23 | alpha 2.807 | complete
Ep 175 | 드론3 목적지56 | 1000스텝 | 배송 44/56 | 재적재  7 | 중계율 0.26 | alpha 2.795 | step_limit
Ep 176 | 드론3 목적지68 | 1000스텝 | 배송 50/68 | 재적재  8 | 중계율 0.28 | alpha 2.787 | step_limit
Ep 177 | 드론4 목적지74 | 1000스텝 | 배송 73/74 | 재적재 12 | 중계율 0.24 | alpha 2.799 | step_limit
Ep 178 | 드론4 목적지37 |  599스텝 | 배송 37/37 | 재적재  6 | 중계율 0.25 | alpha 2.792 | complete
Ep 179 | 드론4 목적지48 |  832스텝 | 배송 48/48 | 재적재  7 | 중계율 0.29 | alpha 2.767 | complete
Ep 180 | 드론3 목적지61 | 1000스텝 | 배송 49/61 | 재적재  9 | 중계율 0.23 | alpha 2.704 | step_limit
Ep 181 | 드론3 목적지80 | 1000스텝 | 배송 55/80 | 재적재 10 | 중계율 0.26 | alpha 2.650 | step_limit
Ep 182 | 드론4 목적지31 |  706스텝 | 배송 31/31 | 재적재  5 | 중계율 0.33 | alpha 2.633 | complete
Ep 183 | 드론3 목적지53 | 1000스텝 | 배송 50/53 | 재적재  8 | 중계율 0.20 | alpha 2.643 | step_limit
Ep 184 | 드론3 목적지64 | 1000스텝 | 배송 50/64 | 재적재  8 | 중계율 0.30 | alpha 2.638 | step_limit
Ep 185 | 드론3 목적지49 | 1000스텝 | 배송 48/49 | 재적재  9 | 중계율 0.23 | alpha 2.610 | step_limit
Ep 186 | 드론4 목적지47 |  708스텝 | 배송 47/47 | 재적재  7 | 중계율 0.23 | alpha 2.578 | complete
Ep 187 | 드론4 목적지59 | 1000스텝 | 배송 50/59 | 재적재  8 | 중계율 0.32 | alpha 2.608 | step_limit
Ep 188 | 드론3 목적지33 |  979스텝 | 배송 33/33 | 재적재  5 | 중계율 0.25 | alpha 2.600 | complete
Ep 189 | 드론4 목적지35 |  519스텝 | 배송 35/35 | 재적재  5 | 중계율 0.24 | alpha 2.571 | complete
Ep 190 | 드론3 목적지30 |  557스텝 | 배송 30/30 | 재적재  4 | 중계율 0.23 | alpha 2.548 | complete
Ep 191 | 드론3 목적지70 | 1000스텝 | 배송 56/70 | 재적재  9 | 중계율 0.22 | alpha 2.504 | step_limit
Ep 192 | 드론4 목적지36 |  507스텝 | 배송 36/36 | 재적재  5 | 중계율 0.19 | alpha 2.499 | complete
Ep 193 | 드론3 목적지54 | 1000스텝 | 배송 43/54 | 재적재  6 | 중계율 0.26 | alpha 2.483 | step_limit
Ep 194 | 드론3 목적지76 | 1000스텝 | 배송 59/76 | 재적재 11 | 중계율 0.27 | alpha 2.445 | step_limit
Ep 195 | 드론4 목적지74 | 1000스텝 | 배송 62/74 | 재적재 10 | 중계율 0.34 | alpha 2.423 | step_limit
Ep 196 | 드론4 목적지70 | 1000스텝 | 배송 65/70 | 재적재 11 | 중계율 0.29 | alpha 2.371 | step_limit
Ep 197 | 드론3 목적지34 |  761스텝 | 배송 34/34 | 재적재  5 | 중계율 0.25 | alpha 2.382 | complete
Ep 198 | 드론3 목적지33 |  776스텝 | 배송 33/33 | 재적재  6 | 중계율 0.34 | alpha 2.365 | complete
Ep 199 | 드론4 목적지46 |  817스텝 | 배송 46/46 | 재적재  8 | 중계율 0.19 | alpha 2.353 | complete
Ep 200 | 드론4 목적지42 |  539스텝 | 배송 42/42 | 재적재  6 | 중계율 0.24 | alpha 2.346 | complete
  [홀드아웃] 배송 50.0±0.1 완주 0.99 스텝 1133 점수 123.6 재적재 8.3 2홉+ 0.65 | 최고 123.6@ep200 정체 0/8  ← 갱신
Ep 201 | 드론4 목적지51 |  814스텝 | 배송 51/51 | 재적재  9 | 중계율 0.23 | alpha 2.327 | complete
Ep 202 | 드론4 목적지32 |  722스텝 | 배송 32/32 | 재적재  6 | 중계율 0.34 | alpha 2.284 | complete
Ep 203 | 드론4 목적지30 | 1000스텝 | 배송 27/30 | 재적재  3 | 중계율 0.43 | alpha 2.247 | step_limit
Ep 204 | 드론4 목적지73 |  985스텝 | 배송 73/73 | 재적재 13 | 중계율 0.30 | alpha 2.251 | complete
Ep 205 | 드론3 목적지44 | 1000스텝 | 배송 41/44 | 재적재  7 | 중계율 0.26 | alpha 2.243 | step_limit
Ep 206 | 드론3 목적지26 |  570스텝 | 배송 26/26 | 재적재  4 | 중계율 0.26 | alpha 2.224 | complete
Ep 207 | 드론4 목적지40 |  830스텝 | 배송 40/40 | 재적재  7 | 중계율 0.23 | alpha 2.207 | complete
Ep 208 | 드론4 목적지35 |  697스텝 | 배송 35/35 | 재적재  5 | 중계율 0.30 | alpha 2.193 | complete
Ep 209 | 드론4 목적지75 |  798스텝 | 배송 75/75 | 재적재 14 | 중계율 0.17 | alpha 2.198 | complete
Ep 210 | 드론4 목적지56 | 1000스텝 | 배송 51/56 | 재적재  8 | 중계율 0.28 | alpha 2.213 | step_limit
Ep 211 | 드론3 목적지26 |  557스텝 | 배송 26/26 | 재적재  3 | 중계율 0.26 | alpha 2.200 | complete
Ep 212 | 드론3 목적지58 |  908스텝 | 배송 58/58 | 재적재 10 | 중계율 0.21 | alpha 2.173 | complete
Ep 213 | 드론3 목적지44 |  839스텝 | 배송 44/44 | 재적재  7 | 중계율 0.27 | alpha 2.150 | complete
Ep 214 | 드론3 목적지56 |  905스텝 | 배송 56/56 | 재적재 10 | 중계율 0.24 | alpha 2.148 | complete
Ep 215 | 드론3 목적지64 | 1000스텝 | 배송 56/64 | 재적재 10 | 중계율 0.30 | alpha 2.126 | step_limit
Ep 216 | 드론4 목적지40 |  665스텝 | 배송 40/40 | 재적재  5 | 중계율 0.32 | alpha 2.127 | complete
Ep 217 | 드론4 목적지41 |  635스텝 | 배송 41/41 | 재적재  6 | 중계율 0.17 | alpha 2.130 | complete
Ep 218 | 드론3 목적지31 |  872스텝 | 배송 31/31 | 재적재  5 | 중계율 0.29 | alpha 2.136 | complete
Ep 219 | 드론3 목적지80 | 1000스텝 | 배송 65/80 | 재적재 11 | 중계율 0.19 | alpha 2.109 | step_limit
Ep 220 | 드론3 목적지53 |  932스텝 | 배송 53/53 | 재적재  9 | 중계율 0.27 | alpha 2.098 | complete
Ep 221 | 드론4 목적지72 |  691스텝 | 배송 72/72 | 재적재 12 | 중계율 0.18 | alpha 2.080 | complete
Ep 222 | 드론3 목적지27 |  845스텝 | 배송 27/27 | 재적재  4 | 중계율 0.31 | alpha 2.070 | complete
Ep 223 | 드론4 목적지22 |  429스텝 | 배송 22/22 | 재적재  3 | 중계율 0.34 | alpha 2.056 | complete
Ep 224 | 드론3 목적지62 | 1000스텝 | 배송 55/62 | 재적재  8 | 중계율 0.29 | alpha 2.032 | step_limit
Ep 225 | 드론4 목적지58 |  994스텝 | 배송 58/58 | 재적재 10 | 중계율 0.23 | alpha 1.981 | complete
Ep 226 | 드론4 목적지37 |  721스텝 | 배송 37/37 | 재적재  5 | 중계율 0.32 | alpha 1.949 | complete
Ep 227 | 드론3 목적지49 | 1000스텝 | 배송 46/49 | 재적재  8 | 중계율 0.31 | alpha 1.940 | step_limit
Ep 228 | 드론4 목적지72 |  825스텝 | 배송 72/72 | 재적재 13 | 중계율 0.21 | alpha 1.965 | complete
Ep 229 | 드론3 목적지77 | 1000스텝 | 배송 62/77 | 재적재 10 | 중계율 0.27 | alpha 1.956 | step_limit
Ep 230 | 드론4 목적지53 |  626스텝 | 배송 53/53 | 재적재  9 | 중계율 0.22 | alpha 1.952 | complete
Ep 231 | 드론4 목적지56 | 1000스텝 | 배송 45/56 | 재적재  7 | 중계율 0.36 | alpha 1.962 | step_limit
Ep 232 | 드론3 목적지28 |  964스텝 | 배송 28/28 | 재적재  4 | 중계율 0.32 | alpha 1.952 | complete
Ep 233 | 드론4 목적지40 | 1000스텝 | 배송 38/40 | 재적재  5 | 중계율 0.41 | alpha 1.968 | step_limit
Ep 234 | 드론4 목적지29 |  614스텝 | 배송 29/29 | 재적재  4 | 중계율 0.29 | alpha 1.989 | complete
Ep 235 | 드론4 목적지69 | 1000스텝 | 배송 66/69 | 재적재 11 | 중계율 0.24 | alpha 2.002 | step_limit
Ep 236 | 드론3 목적지30 |  532스텝 | 배송 30/30 | 재적재  5 | 중계율 0.22 | alpha 2.000 | complete
Ep 237 | 드론4 목적지24 |  628스텝 | 배송 24/24 | 재적재  4 | 중계율 0.33 | alpha 2.009 | complete
Ep 238 | 드론4 목적지21 |  535스텝 | 배송 21/21 | 재적재  3 | 중계율 0.33 | alpha 1.990 | complete
Ep 239 | 드론4 목적지60 | 1000스텝 | 배송 57/60 | 재적재  9 | 중계율 0.31 | alpha 1.972 | step_limit
Ep 240 | 드론4 목적지58 |  980스텝 | 배송 58/58 | 재적재 10 | 중계율 0.31 | alpha 1.954 | complete
Ep 241 | 드론3 목적지26 |  592스텝 | 배송 26/26 | 재적재  4 | 중계율 0.18 | alpha 1.925 | complete
Ep 242 | 드론3 목적지43 |  895스텝 | 배송 43/43 | 재적재  8 | 중계율 0.28 | alpha 1.887 | complete
Ep 243 | 드론4 목적지55 | 1000스텝 | 배송 52/55 | 재적재 10 | 중계율 0.28 | alpha 1.835 | step_limit
Ep 244 | 드론4 목적지48 |  753스텝 | 배송 48/48 | 재적재  8 | 중계율 0.23 | alpha 1.841 | complete
Ep 245 | 드론4 목적지67 | 1000스텝 | 배송 66/67 | 재적재 10 | 중계율 0.28 | alpha 1.860 | step_limit
Ep 246 | 드론3 목적지65 | 1000스텝 | 배송 55/65 | 재적재 10 | 중계율 0.25 | alpha 1.859 | step_limit
Ep 247 | 드론4 목적지49 |  903스텝 | 배송 49/49 | 재적재  9 | 중계율 0.33 | alpha 1.817 | complete
Ep 248 | 드론3 목적지41 |  844스텝 | 배송 41/41 | 재적재  7 | 중계율 0.30 | alpha 1.788 | complete
Ep 249 | 드론4 목적지26 |  351스텝 | 배송 26/26 | 재적재  3 | 중계율 0.17 | alpha 1.781 | complete
Ep 250 | 드론4 목적지43 |  683스텝 | 배송 43/43 | 재적재  7 | 중계율 0.27 | alpha 1.769 | complete
  [홀드아웃] 배송 49.7±2.6 완주 0.99 스텝 1101 점수 124.1 재적재 8.2 2홉+ 0.64 | 최고 124.1@ep250 정체 0/8  ← 갱신
Ep 251 | 드론4 목적지71 |  863스텝 | 배송 71/71 | 재적재 12 | 중계율 0.25 | alpha 1.760 | complete
Ep 252 | 드론3 목적지48 | 1000스텝 | 배송 45/48 | 재적재  8 | 중계율 0.32 | alpha 1.756 | step_limit
Ep 253 | 드론3 목적지30 |  853스텝 | 배송 30/30 | 재적재  5 | 중계율 0.30 | alpha 1.744 | complete
Ep 254 | 드론4 목적지26 |  623스텝 | 배송 26/26 | 재적재  3 | 중계율 0.41 | alpha 1.747 | complete
Ep 255 | 드론4 목적지69 |  878스텝 | 배송 69/69 | 재적재 11 | 중계율 0.26 | alpha 1.755 | complete
Ep 256 | 드론4 목적지33 |  817스텝 | 배송 33/33 | 재적재  5 | 중계율 0.39 | alpha 1.734 | complete
Ep 257 | 드론3 목적지55 | 1000스텝 | 배송 50/55 | 재적재  8 | 중계율 0.32 | alpha 1.741 | step_limit
Ep 258 | 드론4 목적지36 | 1000스텝 | 배송 33/36 | 재적재  5 | 중계율 0.37 | alpha 1.758 | step_limit
Ep 259 | 드론3 목적지79 | 1000스텝 | 배송 66/79 | 재적재 12 | 중계율 0.25 | alpha 1.763 | step_limit
Ep 260 | 드론3 목적지41 | 1000스텝 | 배송 38/41 | 재적재  6 | 중계율 0.25 | alpha 1.752 | step_limit
Ep 261 | 드론4 목적지21 |  567스텝 | 배송 21/21 | 재적재  3 | 중계율 0.41 | alpha 1.747 | complete
Ep 262 | 드론3 목적지43 |  784스텝 | 배송 43/43 | 재적재  7 | 중계율 0.29 | alpha 1.699 | complete
Ep 263 | 드론4 목적지21 |  497스텝 | 배송 21/21 | 재적재  2 | 중계율 0.36 | alpha 1.678 | complete
Ep 264 | 드론4 목적지50 | 1000스텝 | 배송 44/50 | 재적재  8 | 중계율 0.34 | alpha 1.663 | step_limit
Ep 265 | 드론3 목적지35 |  864스텝 | 배송 35/35 | 재적재  6 | 중계율 0.27 | alpha 1.640 | complete
Ep 266 | 드론3 목적지54 | 1000스텝 | 배송 52/54 | 재적재  9 | 중계율 0.30 | alpha 1.619 | step_limit
Ep 267 | 드론4 목적지46 |  512스텝 | 배송 46/46 | 재적재  8 | 중계율 0.23 | alpha 1.607 | complete
Ep 268 | 드론3 목적지33 |  869스텝 | 배송 33/33 | 재적재  6 | 중계율 0.32 | alpha 1.580 | complete
Ep 269 | 드론3 목적지42 |  996스텝 | 배송 42/42 | 재적재  8 | 중계율 0.29 | alpha 1.561 | complete
Ep 270 | 드론3 목적지45 | 1000스텝 | 배송 44/45 | 재적재  7 | 중계율 0.25 | alpha 1.553 | step_limit
Ep 271 | 드론4 목적지37 |  682스텝 | 배송 37/37 | 재적재  5 | 중계율 0.33 | alpha 1.551 | complete
Ep 272 | 드론3 목적지47 | 1000스텝 | 배송 43/47 | 재적재  6 | 중계율 0.29 | alpha 1.520 | step_limit
Ep 273 | 드론4 목적지76 |  799스텝 | 배송 76/76 | 재적재 13 | 중계율 0.19 | alpha 1.512 | complete
Ep 274 | 드론4 목적지29 |  518스텝 | 배송 29/29 | 재적재  3 | 중계율 0.34 | alpha 1.501 | complete
Ep 275 | 드론3 목적지78 | 1000스텝 | 배송 56/78 | 재적재 10 | 중계율 0.28 | alpha 1.491 | step_limit
Ep 276 | 드론4 목적지49 |  597스텝 | 배송 49/49 | 재적재  8 | 중계율 0.26 | alpha 1.486 | complete
Ep 277 | 드론3 목적지67 | 1000스텝 | 배송 58/67 | 재적재 10 | 중계율 0.28 | alpha 1.464 | step_limit
Ep 278 | 드론3 목적지30 |  812스텝 | 배송 30/30 | 재적재  4 | 중계율 0.36 | alpha 1.434 | complete
Ep 279 | 드론4 목적지44 |  654스텝 | 배송 44/44 | 재적재  8 | 중계율 0.27 | alpha 1.428 | complete
Ep 280 | 드론3 목적지32 |  845스텝 | 배송 32/32 | 재적재  5 | 중계율 0.29 | alpha 1.416 | complete
Ep 281 | 드론3 목적지36 | 1000스텝 | 배송 35/36 | 재적재  6 | 중계율 0.31 | alpha 1.382 | step_limit
Ep 282 | 드론3 목적지56 | 1000스텝 | 배송 53/56 | 재적재 10 | 중계율 0.27 | alpha 1.367 | step_limit
Ep 283 | 드론3 목적지75 | 1000스텝 | 배송 74/75 | 재적재 14 | 중계율 0.21 | alpha 1.349 | step_limit
Ep 284 | 드론4 목적지21 |  279스텝 | 배송 21/21 | 재적재  3 | 중계율 0.24 | alpha 1.348 | complete
Ep 285 | 드론4 목적지72 |  985스텝 | 배송 72/72 | 재적재 12 | 중계율 0.26 | alpha 1.331 | complete
Ep 286 | 드론4 목적지78 |  924스텝 | 배송 78/78 | 재적재 15 | 중계율 0.23 | alpha 1.328 | complete
Ep 287 | 드론3 목적지39 |  780스텝 | 배송 39/39 | 재적재  7 | 중계율 0.27 | alpha 1.320 | complete
Ep 288 | 드론3 목적지39 | 1000스텝 | 배송 35/39 | 재적재  6 | 중계율 0.32 | alpha 1.283 | step_limit
Ep 289 | 드론3 목적지49 |  980스텝 | 배송 49/49 | 재적재  8 | 중계율 0.28 | alpha 1.244 | complete
Ep 290 | 드론3 목적지29 |  582스텝 | 배송 29/29 | 재적재  5 | 중계율 0.26 | alpha 1.218 | complete
Ep 291 | 드론4 목적지68 |  781스텝 | 배송 68/68 | 재적재 13 | 중계율 0.24 | alpha 1.194 | complete
Ep 292 | 드론3 목적지69 | 1000스텝 | 배송 65/69 | 재적재 11 | 중계율 0.26 | alpha 1.189 | step_limit
Ep 293 | 드론3 목적지38 |  813스텝 | 배송 38/38 | 재적재  7 | 중계율 0.30 | alpha 1.190 | complete
Ep 294 | 드론4 목적지41 |  773스텝 | 배송 41/41 | 재적재  6 | 중계율 0.33 | alpha 1.193 | complete
Ep 295 | 드론3 목적지35 |  587스텝 | 배송 35/35 | 재적재  5 | 중계율 0.28 | alpha 1.191 | complete
Ep 296 | 드론4 목적지49 |  625스텝 | 배송 49/49 | 재적재  7 | 중계율 0.24 | alpha 1.175 | complete
Ep 297 | 드론3 목적지78 | 1000스텝 | 배송 65/78 | 재적재 11 | 중계율 0.23 | alpha 1.170 | step_limit
Ep 298 | 드론3 목적지73 | 1000스텝 | 배송 63/73 | 재적재 11 | 중계율 0.24 | alpha 1.170 | step_limit
Ep 299 | 드론4 목적지75 |  975스텝 | 배송 75/75 | 재적재 14 | 중계율 0.22 | alpha 1.173 | complete
Ep 300 | 드론3 목적지39 |  586스텝 | 배송 39/39 | 재적재  5 | 중계율 0.21 | alpha 1.173 | complete
  [홀드아웃] 배송 49.9±1.2 완주 0.99 스텝 1018 점수 125.2 재적재 8.1 2홉+ 0.63 | 최고 125.2@ep300 정체 0/8  ← 갱신
Ep 301 | 드론3 목적지69 | 1000스텝 | 배송 66/69 | 재적재 12 | 중계율 0.26 | alpha 1.158 | step_limit
Ep 302 | 드론4 목적지60 |  889스텝 | 배송 60/60 | 재적재 10 | 중계율 0.30 | alpha 1.144 | complete
Ep 303 | 드론3 목적지74 | 1000스텝 | 배송 68/74 | 재적재 11 | 중계율 0.23 | alpha 1.138 | step_limit
Ep 304 | 드론3 목적지25 |  667스텝 | 배송 25/25 | 재적재  4 | 중계율 0.25 | alpha 1.136 | complete
Ep 305 | 드론3 목적지75 | 1000스텝 | 배송 61/75 | 재적재 12 | 중계율 0.31 | alpha 1.133 | step_limit
Ep 306 | 드론3 목적지29 |  679스텝 | 배송 29/29 | 재적재  4 | 중계율 0.29 | alpha 1.113 | complete
Ep 307 | 드론4 목적지29 |  632스텝 | 배송 29/29 | 재적재  4 | 중계율 0.29 | alpha 1.107 | complete
Ep 308 | 드론4 목적지35 |  429스텝 | 배송 35/35 | 재적재  5 | 중계율 0.16 | alpha 1.106 | complete
Ep 309 | 드론4 목적지37 |  864스텝 | 배송 37/37 | 재적재  5 | 중계율 0.37 | alpha 1.107 | complete
Ep 310 | 드론3 목적지74 | 1000스텝 | 배송 65/74 | 재적재 11 | 중계율 0.23 | alpha 1.124 | step_limit
Ep 311 | 드론4 목적지42 |  829스텝 | 배송 42/42 | 재적재  5 | 중계율 0.34 | alpha 1.125 | complete
Ep 312 | 드론4 목적지73 | 1000스텝 | 배송 60/73 | 재적재  8 | 중계율 0.35 | alpha 1.130 | step_limit
Ep 313 | 드론3 목적지34 |  827스텝 | 배송 34/34 | 재적재  6 | 중계율 0.34 | alpha 1.110 | complete
Ep 314 | 드론3 목적지26 |  716스텝 | 배송 26/26 | 재적재  5 | 중계율 0.29 | alpha 1.090 | complete
Ep 315 | 드론4 목적지20 |  490스텝 | 배송 20/20 | 재적재  1 | 중계율 0.42 | alpha 1.090 | complete
Ep 316 | 드론4 목적지24 |  315스텝 | 배송 24/24 | 재적재  3 | 중계율 0.24 | alpha 1.080 | complete
Ep 317 | 드론4 목적지23 |  445스텝 | 배송 23/23 | 재적재  2 | 중계율 0.32 | alpha 1.070 | complete
Ep 318 | 드론3 목적지45 | 1000스텝 | 배송 38/45 | 재적재  7 | 중계율 0.32 | alpha 1.051 | step_limit
Ep 319 | 드론4 목적지52 |  905스텝 | 배송 52/52 | 재적재  9 | 중계율 0.28 | alpha 1.025 | complete
Ep 320 | 드론3 목적지25 |  478스텝 | 배송 25/25 | 재적재  4 | 중계율 0.24 | alpha 1.019 | complete
Ep 321 | 드론3 목적지34 |  695스텝 | 배송 34/34 | 재적재  5 | 중계율 0.29 | alpha 1.002 | complete
Ep 322 | 드론3 목적지33 |  561스텝 | 배송 33/33 | 재적재  5 | 중계율 0.24 | alpha 0.988 | complete
Ep 323 | 드론3 목적지35 |  705스텝 | 배송 35/35 | 재적재  5 | 중계율 0.33 | alpha 0.976 | complete
Ep 324 | 드론4 목적지70 | 1000스텝 | 배송 69/70 | 재적재 12 | 중계율 0.27 | alpha 0.979 | step_limit
Ep 325 | 드론3 목적지43 |  870스텝 | 배송 43/43 | 재적재  7 | 중계율 0.24 | alpha 0.977 | complete
Ep 326 | 드론4 목적지42 |  867스텝 | 배송 42/42 | 재적재  7 | 중계율 0.35 | alpha 0.990 | complete
Ep 327 | 드론4 목적지62 |  855스텝 | 배송 62/62 | 재적재 10 | 중계율 0.27 | alpha 0.997 | complete
Ep 328 | 드론3 목적지53 | 1000스텝 | 배송 51/53 | 재적재  9 | 중계율 0.28 | alpha 1.005 | step_limit
Ep 329 | 드론4 목적지31 |  490스텝 | 배송 31/31 | 재적재  4 | 중계율 0.33 | alpha 1.008 | complete
Ep 330 | 드론3 목적지65 | 1000스텝 | 배송 56/65 | 재적재 10 | 중계율 0.25 | alpha 1.002 | step_limit
Ep 331 | 드론3 목적지25 |  428스텝 | 배송 25/25 | 재적재  4 | 중계율 0.25 | alpha 1.002 | complete
Ep 332 | 드론3 목적지79 | 1000스텝 | 배송 58/79 | 재적재  9 | 중계율 0.29 | alpha 0.999 | step_limit
Ep 333 | 드론3 목적지37 |  987스텝 | 배송 37/37 | 재적재  6 | 중계율 0.33 | alpha 0.980 | complete
Ep 334 | 드론3 목적지72 | 1000스텝 | 배송 69/72 | 재적재 12 | 중계율 0.23 | alpha 0.964 | step_limit
Ep 335 | 드론3 목적지23 |  507스텝 | 배송 23/23 | 재적재  4 | 중계율 0.37 | alpha 0.955 | complete
Ep 336 | 드론3 목적지57 | 1000스텝 | 배송 52/57 | 재적재  9 | 중계율 0.31 | alpha 0.929 | step_limit
Ep 337 | 드론3 목적지76 | 1000스텝 | 배송 63/76 | 재적재 11 | 중계율 0.28 | alpha 0.921 | step_limit
Ep 338 | 드론3 목적지30 |  912스텝 | 배송 30/30 | 재적재  5 | 중계율 0.33 | alpha 0.922 | complete
Ep 339 | 드론4 목적지73 |  792스텝 | 배송 73/73 | 재적재 13 | 중계율 0.21 | alpha 0.924 | complete
Ep 340 | 드론4 목적지34 |  497스텝 | 배송 34/34 | 재적재  6 | 중계율 0.27 | alpha 0.913 | complete
Ep 341 | 드론4 목적지26 |  723스텝 | 배송 26/26 | 재적재  3 | 중계율 0.46 | alpha 0.916 | complete
Ep 342 | 드론3 목적지46 |  786스텝 | 배송 46/46 | 재적재  8 | 중계율 0.25 | alpha 0.919 | complete
Ep 343 | 드론3 목적지50 |  906스텝 | 배송 50/50 | 재적재  9 | 중계율 0.27 | alpha 0.900 | complete
Ep 344 | 드론4 목적지28 |  410스텝 | 배송 28/28 | 재적재  4 | 중계율 0.20 | alpha 0.895 | complete
Ep 345 | 드론4 목적지61 | 1000스텝 | 배송 51/61 | 재적재 10 | 중계율 0.33 | alpha 0.867 | step_limit
Ep 346 | 드론3 목적지29 |  667스텝 | 배송 29/29 | 재적재  5 | 중계율 0.36 | alpha 0.853 | complete
Ep 347 | 드론3 목적지42 | 1000스텝 | 배송 40/42 | 재적재  7 | 중계율 0.36 | alpha 0.862 | step_limit
Ep 348 | 드론4 목적지53 |  552스텝 | 배송 53/53 | 재적재  9 | 중계율 0.20 | alpha 0.863 | complete
Ep 349 | 드론3 목적지62 | 1000스텝 | 배송 55/62 | 재적재 10 | 중계율 0.29 | alpha 0.857 | step_limit
Ep 350 | 드론3 목적지79 | 1000스텝 | 배송 66/79 | 재적재 11 | 중계율 0.23 | alpha 0.851 | step_limit
  [홀드아웃] 배송 49.9±0.7 완주 0.95 스텝 988 점수 121.8 재적재 8.0 2홉+ 0.62 | 최고 125.2@ep300 정체 1/8
Ep 351 | 드론4 목적지65 | 1000스텝 | 배송 59/65 | 재적재 10 | 중계율 0.32 | alpha 0.840 | step_limit
Ep 352 | 드론4 목적지36 |  521스텝 | 배송 36/36 | 재적재  6 | 중계율 0.26 | alpha 0.828 | complete
Ep 353 | 드론3 목적지62 |  972스텝 | 배송 62/62 | 재적재 11 | 중계율 0.21 | alpha 0.832 | complete
Ep 354 | 드론4 목적지35 |  427스텝 | 배송 35/35 | 재적재  5 | 중계율 0.16 | alpha 0.832 | complete
Ep 355 | 드론3 목적지24 |  476스텝 | 배송 24/24 | 재적재  3 | 중계율 0.27 | alpha 0.829 | complete
Ep 356 | 드론4 목적지62 | 1000스텝 | 배송 56/62 | 재적재 10 | 중계율 0.35 | alpha 0.810 | step_limit
Ep 357 | 드론3 목적지21 |  442스텝 | 배송 21/21 | 재적재  3 | 중계율 0.28 | alpha 0.806 | complete
Ep 358 | 드론4 목적지26 |  385스텝 | 배송 26/26 | 재적재  4 | 중계율 0.25 | alpha 0.799 | complete
Ep 359 | 드론3 목적지52 |  924스텝 | 배송 52/52 | 재적재  9 | 중계율 0.32 | alpha 0.783 | complete
Ep 360 | 드론4 목적지52 |  989스텝 | 배송 52/52 | 재적재  9 | 중계율 0.36 | alpha 0.778 | complete
Ep 361 | 드론3 목적지40 |  797스텝 | 배송 40/40 | 재적재  7 | 중계율 0.28 | alpha 0.778 | complete
Ep 362 | 드론4 목적지52 | 1000스텝 | 배송 48/52 | 재적재  7 | 중계율 0.41 | alpha 0.781 | step_limit
Ep 363 | 드론4 목적지64 | 1000스텝 | 배송 56/64 | 재적재 11 | 중계율 0.37 | alpha 0.776 | step_limit
Ep 364 | 드론3 목적지64 | 1000스텝 | 배송 57/64 | 재적재 10 | 중계율 0.32 | alpha 0.780 | step_limit
Ep 365 | 드론4 목적지69 |  783스텝 | 배송 69/69 | 재적재 11 | 중계율 0.30 | alpha 0.780 | complete
Ep 366 | 드론4 목적지61 |  750스텝 | 배송 61/61 | 재적재 11 | 중계율 0.22 | alpha 0.780 | complete
Ep 367 | 드론3 목적지53 |  747스텝 | 배송 53/53 | 재적재  9 | 중계율 0.17 | alpha 0.776 | complete
Ep 368 | 드론4 목적지73 |  858스텝 | 배송 73/73 | 재적재 12 | 중계율 0.19 | alpha 0.769 | complete
Ep 369 | 드론4 목적지30 |  430스텝 | 배송 30/30 | 재적재  4 | 중계율 0.24 | alpha 0.757 | complete
Ep 370 | 드론3 목적지71 |  954스텝 | 배송 71/71 | 재적재 13 | 중계율 0.19 | alpha 0.737 | complete
Ep 371 | 드론3 목적지54 | 1000스텝 | 배송 41/54 | 재적재  7 | 중계율 0.34 | alpha 0.728 | step_limit
Ep 372 | 드론4 목적지80 | 1000스텝 | 배송 77/80 | 재적재 13 | 중계율 0.24 | alpha 0.715 | step_limit
Ep 373 | 드론3 목적지41 |  704스텝 | 배송 41/41 | 재적재  7 | 중계율 0.26 | alpha 0.708 | complete
Ep 374 | 드론3 목적지67 | 1000스텝 | 배송 57/67 | 재적재 10 | 중계율 0.26 | alpha 0.710 | step_limit
Ep 375 | 드론3 목적지62 | 1000스텝 | 배송 53/62 | 재적재 10 | 중계율 0.29 | alpha 0.693 | step_limit
Ep 376 | 드론4 목적지72 |  922스텝 | 배송 72/72 | 재적재 12 | 중계율 0.28 | alpha 0.683 | complete
Ep 377 | 드론4 목적지63 | 1000스텝 | 배송 56/63 | 재적재 11 | 중계율 0.31 | alpha 0.677 | step_limit
Ep 378 | 드론4 목적지74 |  964스텝 | 배송 74/74 | 재적재 13 | 중계율 0.22 | alpha 0.681 | complete
Ep 379 | 드론3 목적지77 | 1000스텝 | 배송 65/77 | 재적재 11 | 중계율 0.27 | alpha 0.684 | step_limit
Ep 380 | 드론3 목적지73 | 1000스텝 | 배송 63/73 | 재적재 12 | 중계율 0.22 | alpha 0.673 | step_limit
Ep 381 | 드론4 목적지20 |  243스텝 | 배송 20/20 | 재적재  2 | 중계율 0.18 | alpha 0.670 | complete
Ep 382 | 드론3 목적지75 | 1000스텝 | 배송 65/75 | 재적재 11 | 중계율 0.25 | alpha 0.655 | step_limit
Ep 383 | 드론3 목적지52 |  985스텝 | 배송 52/52 | 재적재 10 | 중계율 0.31 | alpha 0.645 | complete
Ep 384 | 드론3 목적지77 | 1000스텝 | 배송 74/77 | 재적재 13 | 중계율 0.21 | alpha 0.628 | step_limit
Ep 385 | 드론3 목적지62 | 1000스텝 | 배송 58/62 | 재적재 10 | 중계율 0.36 | alpha 0.614 | step_limit
Ep 386 | 드론3 목적지80 | 1000스텝 | 배송 65/80 | 재적재 12 | 중계율 0.32 | alpha 0.594 | step_limit
Ep 387 | 드론3 목적지31 |  718스텝 | 배송 31/31 | 재적재  5 | 중계율 0.23 | alpha 0.584 | complete
Ep 388 | 드론3 목적지33 |  772스텝 | 배송 33/33 | 재적재  6 | 중계율 0.32 | alpha 0.568 | complete
Ep 389 | 드론4 목적지72 | 1000스텝 | 배송 70/72 | 재적재 13 | 중계율 0.33 | alpha 0.553 | step_limit
Ep 390 | 드론4 목적지71 |  778스텝 | 배송 71/71 | 재적재 13 | 중계율 0.19 | alpha 0.546 | complete
Ep 391 | 드론4 목적지50 |  594스텝 | 배송 50/50 | 재적재  8 | 중계율 0.22 | alpha 0.540 | complete
Ep 392 | 드론4 목적지71 | 1000스텝 | 배송 70/71 | 재적재 13 | 중계율 0.24 | alpha 0.529 | step_limit
Ep 393 | 드론4 목적지21 |  395스텝 | 배송 21/21 | 재적재  2 | 중계율 0.36 | alpha 0.521 | complete
Ep 394 | 드론4 목적지60 |  951스텝 | 배송 60/60 | 재적재 10 | 중계율 0.34 | alpha 0.500 | complete
Ep 395 | 드론4 목적지55 |  668스텝 | 배송 55/55 | 재적재  9 | 중계율 0.21 | alpha 0.488 | complete
Ep 396 | 드론4 목적지71 |  937스텝 | 배송 71/71 | 재적재 12 | 중계율 0.19 | alpha 0.468 | complete
Ep 397 | 드론3 목적지36 |  883스텝 | 배송 36/36 | 재적재  6 | 중계율 0.28 | alpha 0.456 | complete
Ep 398 | 드론3 목적지52 |  751스텝 | 배송 52/52 | 재적재  9 | 중계율 0.20 | alpha 0.447 | complete
Ep 399 | 드론3 목적지46 |  944스텝 | 배송 46/46 | 재적재  7 | 중계율 0.30 | alpha 0.436 | complete
Ep 400 | 드론3 목적지34 |  849스텝 | 배송 34/34 | 재적재  4 | 중계율 0.35 | alpha 0.426 | complete
  [홀드아웃] 배송 49.9±0.4 완주 0.94 스텝 1018 점수 120.2 재적재 7.8 2홉+ 0.63 | 최고 125.2@ep300 정체 2/8
Ep 401 | 드론3 목적지38 |  800스텝 | 배송 38/38 | 재적재  5 | 중계율 0.34 | alpha 0.416 | complete
Ep 402 | 드론4 목적지36 |  607스텝 | 배송 36/36 | 재적재  5 | 중계율 0.33 | alpha 0.412 | complete
Ep 403 | 드론3 목적지73 | 1000스텝 | 배송 52/73 | 재적재  9 | 중계율 0.24 | alpha 0.400 | step_limit
Ep 404 | 드론4 목적지70 | 1000스텝 | 배송 64/70 | 재적재 10 | 중계율 0.31 | alpha 0.391 | step_limit
Ep 405 | 드론3 목적지25 |  585스텝 | 배송 25/25 | 재적재  3 | 중계율 0.31 | alpha 0.393 | complete
Ep 406 | 드론4 목적지58 |  991스텝 | 배송 58/58 | 재적재 10 | 중계율 0.36 | alpha 0.391 | complete
Ep 407 | 드론4 목적지70 |  787스텝 | 배송 70/70 | 재적재 12 | 중계율 0.29 | alpha 0.387 | complete
Ep 408 | 드론3 목적지40 |  673스텝 | 배송 40/40 | 재적재  6 | 중계율 0.20 | alpha 0.387 | complete
Ep 409 | 드론3 목적지30 |  541스텝 | 배송 30/30 | 재적재  5 | 중계율 0.25 | alpha 0.390 | complete
Ep 410 | 드론3 목적지63 |  971스텝 | 배송 63/63 | 재적재 11 | 중계율 0.25 | alpha 0.395 | complete
Ep 411 | 드론3 목적지48 | 1000스텝 | 배송 45/48 | 재적재  8 | 중계율 0.33 | alpha 0.392 | step_limit
Ep 412 | 드론4 목적지34 |  670스텝 | 배송 34/34 | 재적재  6 | 중계율 0.30 | alpha 0.391 | complete
Ep 413 | 드론3 목적지22 |  474스텝 | 배송 22/22 | 재적재  4 | 중계율 0.32 | alpha 0.392 | complete
Ep 414 | 드론3 목적지51 | 1000스텝 | 배송 49/51 | 재적재  8 | 중계율 0.35 | alpha 0.392 | step_limit
Ep 415 | 드론4 목적지45 |  717스텝 | 배송 45/45 | 재적재  7 | 중계율 0.34 | alpha 0.390 | complete
Ep 416 | 드론3 목적지60 | 1000스텝 | 배송 55/60 | 재적재  9 | 중계율 0.31 | alpha 0.391 | step_limit
Ep 417 | 드론3 목적지43 |  832스텝 | 배송 43/43 | 재적재  6 | 중계율 0.34 | alpha 0.397 | complete
Ep 418 | 드론4 목적지75 | 1000스텝 | 배송 70/75 | 재적재 12 | 중계율 0.34 | alpha 0.401 | step_limit
Ep 419 | 드론4 목적지60 | 1000스텝 | 배송 59/60 | 재적재 10 | 중계율 0.36 | alpha 0.409 | step_limit
Ep 420 | 드론3 목적지22 |  528스텝 | 배송 22/22 | 재적재  3 | 중계율 0.35 | alpha 0.412 | complete
Ep 421 | 드론4 목적지40 |  736스텝 | 배송 40/40 | 재적재  6 | 중계율 0.39 | alpha 0.417 | complete
Ep 422 | 드론4 목적지52 |  807스텝 | 배송 52/52 | 재적재  9 | 중계율 0.27 | alpha 0.422 | complete
Ep 423 | 드론3 목적지29 |  713스텝 | 배송 29/29 | 재적재  4 | 중계율 0.24 | alpha 0.431 | complete
Ep 424 | 드론3 목적지29 |  617스텝 | 배송 29/29 | 재적재  4 | 중계율 0.23 | alpha 0.435 | complete
Ep 425 | 드론3 목적지80 | 1000스텝 | 배송 68/80 | 재적재 12 | 중계율 0.27 | alpha 0.436 | step_limit
Ep 426 | 드론4 목적지78 |  879스텝 | 배송 78/78 | 재적재 14 | 중계율 0.21 | alpha 0.445 | complete
Ep 427 | 드론3 목적지46 |  840스텝 | 배송 46/46 | 재적재  7 | 중계율 0.33 | alpha 0.455 | complete
Ep 428 | 드론4 목적지72 | 1000스텝 | 배송 70/72 | 재적재 11 | 중계율 0.29 | alpha 0.460 | step_limit
Ep 429 | 드론3 목적지72 | 1000스텝 | 배송 60/72 | 재적재 11 | 중계율 0.29 | alpha 0.469 | step_limit
Ep 430 | 드론3 목적지78 | 1000스텝 | 배송 65/78 | 재적재 12 | 중계율 0.23 | alpha 0.484 | step_limit
Ep 431 | 드론3 목적지23 |  567스텝 | 배송 23/23 | 재적재  4 | 중계율 0.35 | alpha 0.496 | complete
Ep 432 | 드론4 목적지41 |  497스텝 | 배송 41/41 | 재적재  6 | 중계율 0.18 | alpha 0.501 | complete
Ep 433 | 드론3 목적지66 | 1000스텝 | 배송 58/66 | 재적재  9 | 중계율 0.28 | alpha 0.501 | step_limit
Ep 434 | 드론4 목적지62 |  824스텝 | 배송 62/62 | 재적재 10 | 중계율 0.33 | alpha 0.505 | complete
Ep 435 | 드론3 목적지32 |  848스텝 | 배송 25/32 | 재적재  4 | 중계율 0.28 | alpha 0.514 | no_progress
Ep 436 | 드론4 목적지65 |  962스텝 | 배송 65/65 | 재적재 11 | 중계율 0.25 | alpha 0.529 | complete
Ep 437 | 드론4 목적지61 |  648스텝 | 배송 61/61 | 재적재 11 | 중계율 0.18 | alpha 0.530 | complete
Ep 438 | 드론3 목적지37 |  899스텝 | 배송 37/37 | 재적재  6 | 중계율 0.30 | alpha 0.536 | complete
Ep 439 | 드론4 목적지49 |  926스텝 | 배송 49/49 | 재적재  9 | 중계율 0.36 | alpha 0.536 | complete
Ep 440 | 드론3 목적지42 | 1000스텝 | 배송 41/42 | 재적재  7 | 중계율 0.31 | alpha 0.534 | step_limit
Ep 441 | 드론3 목적지54 | 1000스텝 | 배송 46/54 | 재적재  8 | 중계율 0.30 | alpha 0.536 | step_limit
Ep 442 | 드론4 목적지41 |  513스텝 | 배송 41/41 | 재적재  6 | 중계율 0.24 | alpha 0.534 | complete
Ep 443 | 드론3 목적지61 | 1000스텝 | 배송 50/61 | 재적재  9 | 중계율 0.30 | alpha 0.526 | step_limit
Ep 444 | 드론3 목적지55 |  767스텝 | 배송 55/55 | 재적재  9 | 중계율 0.23 | alpha 0.519 | complete
Ep 445 | 드론3 목적지49 |  848스텝 | 배송 49/49 | 재적재  9 | 중계율 0.29 | alpha 0.519 | complete
Ep 446 | 드론4 목적지72 |  977스텝 | 배송 72/72 | 재적재 13 | 중계율 0.30 | alpha 0.527 | complete
Ep 447 | 드론4 목적지40 |  872스텝 | 배송 40/40 | 재적재  7 | 중계율 0.35 | alpha 0.536 | complete
Ep 448 | 드론3 목적지71 | 1000스텝 | 배송 60/71 | 재적재 11 | 중계율 0.32 | alpha 0.552 | step_limit
Ep 449 | 드론4 목적지26 |  716스텝 | 배송 26/26 | 재적재  2 | 중계율 0.38 | alpha 0.562 | complete
Ep 450 | 드론3 목적지56 |  916스텝 | 배송 56/56 | 재적재 10 | 중계율 0.31 | alpha 0.566 | complete
  [홀드아웃] 배송 49.6±2.4 완주 0.93 스텝 958 점수 119.7 재적재 7.8 2홉+ 0.63 | 최고 125.2@ep300 정체 3/8
Ep 451 | 드론4 목적지51 |  904스텝 | 배송 51/51 | 재적재  7 | 중계율 0.33 | alpha 0.573 | complete
Ep 452 | 드론3 목적지34 |  543스텝 | 배송 34/34 | 재적재  6 | 중계율 0.19 | alpha 0.578 | complete
Ep 453 | 드론4 목적지47 |  593스텝 | 배송 47/47 | 재적재  8 | 중계율 0.29 | alpha 0.590 | complete
Ep 454 | 드론4 목적지70 | 1000스텝 | 배송 65/70 | 재적재 11 | 중계율 0.36 | alpha 0.596 | step_limit
Ep 455 | 드론4 목적지44 |  869스텝 | 배송 44/44 | 재적재  7 | 중계율 0.36 | alpha 0.605 | complete
Ep 456 | 드론4 목적지49 |  703스텝 | 배송 49/49 | 재적재  8 | 중계율 0.27 | alpha 0.611 | complete
Ep 457 | 드론4 목적지56 |  641스텝 | 배송 56/56 | 재적재  9 | 중계율 0.25 | alpha 0.610 | complete
Ep 458 | 드론4 목적지42 |  800스텝 | 배송 42/42 | 재적재  7 | 중계율 0.38 | alpha 0.601 | complete
Ep 459 | 드론3 목적지45 |  668스텝 | 배송 45/45 | 재적재  8 | 중계율 0.17 | alpha 0.595 | complete
Ep 460 | 드론4 목적지73 |  886스텝 | 배송 73/73 | 재적재 13 | 중계율 0.23 | alpha 0.598 | complete
Ep 461 | 드론3 목적지30 |  665스텝 | 배송 30/30 | 재적재  5 | 중계율 0.35 | alpha 0.595 | complete
Ep 462 | 드론3 목적지64 | 1000스텝 | 배송 63/64 | 재적재 10 | 중계율 0.28 | alpha 0.603 | step_limit
Ep 463 | 드론3 목적지63 | 1000스텝 | 배송 55/63 | 재적재 11 | 중계율 0.34 | alpha 0.610 | step_limit
Ep 464 | 드론3 목적지68 | 1000스텝 | 배송 55/68 | 재적재  9 | 중계율 0.27 | alpha 0.609 | step_limit
Ep 465 | 드론4 목적지63 |  872스텝 | 배송 63/63 | 재적재  9 | 중계율 0.31 | alpha 0.605 | complete
Ep 466 | 드론4 목적지65 | 1000스텝 | 배송 62/65 | 재적재 11 | 중계율 0.27 | alpha 0.607 | step_limit
Ep 467 | 드론4 목적지57 |  690스텝 | 배송 57/57 | 재적재 10 | 중계율 0.28 | alpha 0.602 | complete
Ep 468 | 드론3 목적지35 |  724스텝 | 배송 35/35 | 재적재  6 | 중계율 0.31 | alpha 0.592 | complete
Ep 469 | 드론3 목적지46 |  920스텝 | 배송 46/46 | 재적재  8 | 중계율 0.35 | alpha 0.593 | complete
Ep 470 | 드론4 목적지53 |  796스텝 | 배송 53/53 | 재적재  9 | 중계율 0.32 | alpha 0.599 | complete
Ep 471 | 드론4 목적지45 |  613스텝 | 배송 45/45 | 재적재  6 | 중계율 0.27 | alpha 0.598 | complete
Ep 472 | 드론3 목적지53 | 1000스텝 | 배송 45/53 | 재적재  8 | 중계율 0.38 | alpha 0.603 | step_limit
Ep 473 | 드론4 목적지71 |  853스텝 | 배송 71/71 | 재적재 12 | 중계율 0.29 | alpha 0.612 | complete
Ep 474 | 드론4 목적지25 |  590스텝 | 배송 25/25 | 재적재  3 | 중계율 0.36 | alpha 0.615 | complete
Ep 475 | 드론4 목적지40 |  728스텝 | 배송 40/40 | 재적재  5 | 중계율 0.28 | alpha 0.619 | complete
Ep 476 | 드론3 목적지33 |  676스텝 | 배송 33/33 | 재적재  6 | 중계율 0.32 | alpha 0.619 | complete
Ep 477 | 드론3 목적지21 |  625스텝 | 배송 21/21 | 재적재  3 | 중계율 0.36 | alpha 0.621 | complete
Ep 478 | 드론4 목적지22 |  364스텝 | 배송 22/22 | 재적재  4 | 중계율 0.28 | alpha 0.624 | complete
Ep 479 | 드론4 목적지41 | 1000스텝 | 배송 40/41 | 재적재  6 | 중계율 0.42 | alpha 0.627 | step_limit
Ep 480 | 드론3 목적지57 | 1000스텝 | 배송 56/57 | 재적재 11 | 중계율 0.28 | alpha 0.629 | step_limit
Ep 481 | 드론3 목적지66 | 1000스텝 | 배송 56/66 | 재적재  9 | 중계율 0.27 | alpha 0.636 | step_limit
Ep 482 | 드론4 목적지76 | 1000스텝 | 배송 66/76 | 재적재 11 | 중계율 0.27 | alpha 0.639 | step_limit
Ep 483 | 드론3 목적지28 |  590스텝 | 배송 28/28 | 재적재  4 | 중계율 0.30 | alpha 0.638 | complete
Ep 484 | 드론4 목적지35 |  455스텝 | 배송 35/35 | 재적재  6 | 중계율 0.26 | alpha 0.635 | complete
Ep 485 | 드론4 목적지44 |  590스텝 | 배송 44/44 | 재적재  7 | 중계율 0.26 | alpha 0.642 | complete
Ep 486 | 드론4 목적지75 |  861스텝 | 배송 75/75 | 재적재 12 | 중계율 0.22 | alpha 0.641 | complete
Ep 487 | 드론3 목적지75 | 1000스텝 | 배송 61/75 | 재적재 10 | 중계율 0.26 | alpha 0.638 | step_limit
Ep 488 | 드론4 목적지60 | 1000스텝 | 배송 58/60 | 재적재 10 | 중계율 0.35 | alpha 0.636 | step_limit
Ep 489 | 드론3 목적지80 | 1000스텝 | 배송 74/80 | 재적재 12 | 중계율 0.22 | alpha 0.632 | step_limit
Ep 490 | 드론3 목적지30 |  775스텝 | 배송 30/30 | 재적재  4 | 중계율 0.27 | alpha 0.634 | complete
Ep 491 | 드론3 목적지59 | 1000스텝 | 배송 50/59 | 재적재  8 | 중계율 0.28 | alpha 0.635 | step_limit
Ep 492 | 드론3 목적지74 | 1000스텝 | 배송 60/74 | 재적재  9 | 중계율 0.30 | alpha 0.635 | step_limit
Ep 493 | 드론3 목적지47 |  835스텝 | 배송 47/47 | 재적재  7 | 중계율 0.29 | alpha 0.633 | complete
Ep 494 | 드론3 목적지52 | 1000스텝 | 배송 49/52 | 재적재  7 | 중계율 0.34 | alpha 0.639 | step_limit
Ep 495 | 드론3 목적지54 |  988스텝 | 배송 54/54 | 재적재  8 | 중계율 0.32 | alpha 0.644 | complete
Ep 496 | 드론4 목적지56 |  836스텝 | 배송 56/56 | 재적재 10 | 중계율 0.30 | alpha 0.657 | complete
Ep 497 | 드론4 목적지73 |  963스텝 | 배송 46/73 | 재적재  6 | 중계율 0.29 | alpha 0.668 | no_progress
Ep 498 | 드론3 목적지22 |  430스텝 | 배송 22/22 | 재적재  3 | 중계율 0.26 | alpha 0.670 | complete
Ep 499 | 드론4 목적지55 |  869스텝 | 배송 55/55 | 재적재  9 | 중계율 0.31 | alpha 0.673 | complete
Ep 500 | 드론3 목적지55 |  981스텝 | 배송 55/55 | 재적재  9 | 중계율 0.29 | alpha 0.670 | complete
  [홀드아웃] 배송 49.9±0.6 완주 0.95 스텝 975 점수 122.0 재적재 8.0 2홉+ 0.63 | 최고 125.2@ep300 정체 4/8
Ep 501 | 드론4 목적지25 |  364스텝 | 배송 25/25 | 재적재  3 | 중계율 0.18 | alpha 0.671 | complete
Ep 502 | 드론3 목적지53 | 1000스텝 | 배송 49/53 | 재적재  9 | 중계율 0.36 | alpha 0.677 | step_limit
Ep 503 | 드론4 목적지73 | 1000스텝 | 배송 72/73 | 재적재 13 | 중계율 0.29 | alpha 0.688 | step_limit
Ep 504 | 드론3 목적지60 | 1000스텝 | 배송 58/60 | 재적재 10 | 중계율 0.27 | alpha 0.680 | step_limit
Ep 505 | 드론3 목적지72 | 1000스텝 | 배송 66/72 | 재적재 11 | 중계율 0.30 | alpha 0.679 | step_limit
Ep 506 | 드론3 목적지76 | 1000스텝 | 배송 67/76 | 재적재 12 | 중계율 0.29 | alpha 0.668 | step_limit
Ep 507 | 드론4 목적지79 |  994스텝 | 배송 79/79 | 재적재 14 | 중계율 0.25 | alpha 0.661 | complete
Ep 508 | 드론4 목적지38 |  806스텝 | 배송 38/38 | 재적재  5 | 중계율 0.37 | alpha 0.662 | complete
Ep 509 | 드론3 목적지52 |  770스텝 | 배송 52/52 | 재적재  8 | 중계율 0.23 | alpha 0.656 | complete
Ep 510 | 드론3 목적지42 |  734스텝 | 배송 42/42 | 재적재  8 | 중계율 0.29 | alpha 0.651 | complete
Ep 511 | 드론3 목적지21 |  422스텝 | 배송 21/21 | 재적재  2 | 중계율 0.24 | alpha 0.649 | complete
Ep 512 | 드론3 목적지23 |  502스텝 | 배송 23/23 | 재적재  3 | 중계율 0.30 | alpha 0.643 | complete
Ep 513 | 드론3 목적지66 | 1000스텝 | 배송 49/66 | 재적재  9 | 중계율 0.22 | alpha 0.636 | step_limit
Ep 514 | 드론3 목적지38 |  706스텝 | 배송 38/38 | 재적재  6 | 중계율 0.31 | alpha 0.634 | complete
Ep 515 | 드론4 목적지23 |  432스텝 | 배송 23/23 | 재적재  1 | 중계율 0.46 | alpha 0.635 | complete
Ep 516 | 드론4 목적지34 |  646스텝 | 배송 34/34 | 재적재  5 | 중계율 0.32 | alpha 0.633 | complete
Ep 517 | 드론3 목적지73 | 1000스텝 | 배송 62/73 | 재적재 12 | 중계율 0.29 | alpha 0.631 | step_limit
Ep 518 | 드론4 목적지43 |  551스텝 | 배송 43/43 | 재적재  7 | 중계율 0.28 | alpha 0.629 | complete
Ep 519 | 드론3 목적지65 | 1000스텝 | 배송 58/65 | 재적재 10 | 중계율 0.34 | alpha 0.630 | step_limit
Ep 520 | 드론4 목적지55 |  711스텝 | 배송 55/55 | 재적재  9 | 중계율 0.30 | alpha 0.637 | complete
Ep 521 | 드론3 목적지62 | 1000스텝 | 배송 57/62 | 재적재 10 | 중계율 0.30 | alpha 0.633 | step_limit
Ep 522 | 드론4 목적지37 |  626스텝 | 배송 37/37 | 재적재  6 | 중계율 0.32 | alpha 0.630 | complete
Ep 523 | 드론4 목적지66 |  906스텝 | 배송 66/66 | 재적재 11 | 중계율 0.29 | alpha 0.625 | complete
Ep 524 | 드론3 목적지57 | 1000스텝 | 배송 52/57 | 재적재  9 | 중계율 0.23 | alpha 0.616 | step_limit
Ep 525 | 드론3 목적지39 |  738스텝 | 배송 39/39 | 재적재  7 | 중계율 0.22 | alpha 0.608 | complete
Ep 526 | 드론4 목적지73 |  859스텝 | 배송 73/73 | 재적재 13 | 중계율 0.27 | alpha 0.608 | complete
Ep 527 | 드론4 목적지58 |  832스텝 | 배송 58/58 | 재적재 11 | 중계율 0.26 | alpha 0.607 | complete
Ep 528 | 드론4 목적지46 |  436스텝 | 배송 46/46 | 재적재  7 | 중계율 0.20 | alpha 0.605 | complete
Ep 529 | 드론4 목적지20 |  268스텝 | 배송 20/20 | 재적재  3 | 중계율 0.23 | alpha 0.607 | complete
Ep 530 | 드론4 목적지72 | 1000스텝 | 배송 70/72 | 재적재 11 | 중계율 0.33 | alpha 0.614 | step_limit
Ep 531 | 드론3 목적지21 |  429스텝 | 배송 21/21 | 재적재  3 | 중계율 0.33 | alpha 0.619 | complete
Ep 532 | 드론4 목적지32 |  631스텝 | 배송 32/32 | 재적재  5 | 중계율 0.36 | alpha 0.627 | complete
Ep 533 | 드론3 목적지79 | 1000스텝 | 배송 65/79 | 재적재 10 | 중계율 0.32 | alpha 0.620 | step_limit
Ep 534 | 드론4 목적지56 |  964스텝 | 배송 56/56 | 재적재 10 | 중계율 0.39 | alpha 0.626 | complete
Ep 535 | 드론3 목적지68 | 1000스텝 | 배송 60/68 | 재적재 11 | 중계율 0.32 | alpha 0.635 | step_limit
Ep 536 | 드론4 목적지57 | 1000스텝 | 배송 55/57 | 재적재  8 | 중계율 0.39 | alpha 0.633 | step_limit
Ep 537 | 드론3 목적지49 | 1000스텝 | 배송 40/49 | 재적재  5 | 중계율 0.35 | alpha 0.637 | step_limit
Ep 538 | 드론3 목적지38 |  631스텝 | 배송 13/38 | 재적재  0 | 중계율 0.30 | alpha 0.637 | no_progress
Ep 539 | 드론4 목적지79 | 1000스텝 | 배송 78/79 | 재적재 14 | 중계율 0.30 | alpha 0.650 | step_limit
Ep 540 | 드론4 목적지70 |  894스텝 | 배송 70/70 | 재적재 12 | 중계율 0.25 | alpha 0.650 | complete
Ep 541 | 드론4 목적지77 |  962스텝 | 배송 77/77 | 재적재 14 | 중계율 0.24 | alpha 0.652 | complete
Ep 542 | 드론4 목적지53 |  864스텝 | 배송 53/53 | 재적재  8 | 중계율 0.33 | alpha 0.647 | complete
Ep 543 | 드론3 목적지49 |  884스텝 | 배송 49/49 | 재적재  8 | 중계율 0.28 | alpha 0.640 | complete
Ep 544 | 드론4 목적지68 | 1000스텝 | 배송 51/68 | 재적재  9 | 중계율 0.28 | alpha 0.631 | step_limit
Ep 545 | 드론4 목적지56 |  959스텝 | 배송 56/56 | 재적재 10 | 중계율 0.35 | alpha 0.627 | complete
Ep 546 | 드론4 목적지75 |  992스텝 | 배송 75/75 | 재적재 13 | 중계율 0.24 | alpha 0.622 | complete
Ep 547 | 드론3 목적지71 | 1000스텝 | 배송 60/71 | 재적재 10 | 중계율 0.30 | alpha 0.622 | step_limit
Ep 548 | 드론3 목적지80 | 1000스텝 | 배송 76/80 | 재적재 15 | 중계율 0.23 | alpha 0.623 | step_limit
Ep 549 | 드론4 목적지38 |  486스텝 | 배송 38/38 | 재적재  5 | 중계율 0.23 | alpha 0.624 | complete
Ep 550 | 드론4 목적지49 |  705스텝 | 배송 49/49 | 재적재  8 | 중계율 0.21 | alpha 0.627 | complete
  [홀드아웃] 배송 49.9±0.8 완주 0.97 스텝 977 점수 124.5 재적재 8.0 2홉+ 0.62 | 최고 125.2@ep300 정체 5/8
Ep 551 | 드론3 목적지56 | 1000스텝 | 배송 46/56 | 재적재  8 | 중계율 0.25 | alpha 0.632 | step_limit
Ep 552 | 드론4 목적지27 |  561스텝 | 배송 27/27 | 재적재  3 | 중계율 0.37 | alpha 0.634 | complete
Ep 553 | 드론3 목적지46 |  805스텝 | 배송 46/46 | 재적재  9 | 중계율 0.22 | alpha 0.635 | complete
Ep 554 | 드론4 목적지72 | 1000스텝 | 배송 68/72 | 재적재 12 | 중계율 0.22 | alpha 0.632 | step_limit
Ep 555 | 드론3 목적지68 | 1000스텝 | 배송 54/68 | 재적재  9 | 중계율 0.32 | alpha 0.629 | step_limit
Ep 556 | 드론3 목적지30 |  687스텝 | 배송 30/30 | 재적재  5 | 중계율 0.33 | alpha 0.630 | complete
Ep 557 | 드론3 목적지46 |  977스텝 | 배송 46/46 | 재적재  8 | 중계율 0.26 | alpha 0.629 | complete
Ep 558 | 드론4 목적지66 | 1000스텝 | 배송 56/66 | 재적재  9 | 중계율 0.41 | alpha 0.632 | step_limit
Ep 559 | 드론4 목적지78 | 1000스텝 | 배송 72/78 | 재적재 13 | 중계율 0.30 | alpha 0.638 | step_limit
Ep 560 | 드론3 목적지22 |  456스텝 | 배송 22/22 | 재적재  2 | 중계율 0.29 | alpha 0.638 | complete
Ep 561 | 드론3 목적지29 |  468스텝 | 배송 29/29 | 재적재  5 | 중계율 0.18 | alpha 0.638 | complete
Ep 562 | 드론4 목적지71 |  807스텝 | 배송 71/71 | 재적재 13 | 중계율 0.18 | alpha 0.639 | complete
Ep 563 | 드론4 목적지61 | 1000스텝 | 배송 54/61 | 재적재  8 | 중계율 0.36 | alpha 0.646 | step_limit
Ep 564 | 드론4 목적지44 |  622스텝 | 배송 44/44 | 재적재  7 | 중계율 0.24 | alpha 0.651 | complete
Ep 565 | 드론4 목적지21 |  379스텝 | 배송 21/21 | 재적재  2 | 중계율 0.36 | alpha 0.651 | complete
Ep 566 | 드론4 목적지23 |  381스텝 | 배송 23/23 | 재적재  3 | 중계율 0.22 | alpha 0.653 | complete
Ep 567 | 드론4 목적지57 | 1000스텝 | 배송 55/57 | 재적재  9 | 중계율 0.22 | alpha 0.654 | step_limit
Ep 568 | 드론4 목적지23 |  598스텝 | 배송 23/23 | 재적재  3 | 중계율 0.42 | alpha 0.657 | complete
Ep 569 | 드론4 목적지79 | 1000스텝 | 배송 60/79 | 재적재 10 | 중계율 0.32 | alpha 0.675 | step_limit
Ep 570 | 드론4 목적지70 |  954스텝 | 배송 70/70 | 재적재 12 | 중계율 0.27 | alpha 0.671 | complete
Ep 571 | 드론4 목적지78 |  896스텝 | 배송 78/78 | 재적재 13 | 중계율 0.17 | alpha 0.675 | complete
Ep 572 | 드론4 목적지70 |  942스텝 | 배송 70/70 | 재적재 12 | 중계율 0.30 | alpha 0.680 | complete
Ep 573 | 드론3 목적지77 | 1000스텝 | 배송 67/77 | 재적재 12 | 중계율 0.30 | alpha 0.688 | step_limit
Ep 574 | 드론4 목적지34 |  634스텝 | 배송 34/34 | 재적재  6 | 중계율 0.37 | alpha 0.686 | complete
Ep 575 | 드론3 목적지21 |  438스텝 | 배송 21/21 | 재적재  2 | 중계율 0.24 | alpha 0.683 | complete
Ep 576 | 드론3 목적지39 |  583스텝 | 배송 39/39 | 재적재  6 | 중계율 0.26 | alpha 0.686 | complete
Ep 577 | 드론4 목적지53 |  926스텝 | 배송 53/53 | 재적재 10 | 중계율 0.34 | alpha 0.691 | complete
Ep 578 | 드론4 목적지29 |  415스텝 | 배송 29/29 | 재적재  5 | 중계율 0.25 | alpha 0.699 | complete
Ep 579 | 드론3 목적지67 | 1000스텝 | 배송 58/67 | 재적재 10 | 중계율 0.26 | alpha 0.715 | step_limit
Ep 580 | 드론4 목적지39 |  722스텝 | 배송 39/39 | 재적재  5 | 중계율 0.37 | alpha 0.706 | complete
Ep 581 | 드론3 목적지25 |  604스텝 | 배송 25/25 | 재적재  3 | 중계율 0.33 | alpha 0.705 | complete
Ep 582 | 드론3 목적지27 |  626스텝 | 배송 27/27 | 재적재  4 | 중계율 0.31 | alpha 0.705 | complete
Ep 583 | 드론3 목적지67 | 1000스텝 | 배송 62/67 | 재적재 10 | 중계율 0.29 | alpha 0.707 | step_limit
Ep 584 | 드론4 목적지70 | 1000스텝 | 배송 69/70 | 재적재 11 | 중계율 0.30 | alpha 0.698 | step_limit
Ep 585 | 드론3 목적지50 |  875스텝 | 배송 50/50 | 재적재  8 | 중계율 0.31 | alpha 0.696 | complete
Ep 586 | 드론3 목적지55 | 1000스텝 | 배송 52/55 | 재적재 10 | 중계율 0.36 | alpha 0.696 | step_limit
Ep 587 | 드론4 목적지46 |  794스텝 | 배송 46/46 | 재적재  7 | 중계율 0.29 | alpha 0.700 | complete
Ep 588 | 드론3 목적지39 |  788스텝 | 배송 39/39 | 재적재  7 | 중계율 0.29 | alpha 0.704 | complete
Ep 589 | 드론4 목적지48 |  695스텝 | 배송 48/48 | 재적재  9 | 중계율 0.30 | alpha 0.708 | complete
Ep 590 | 드론3 목적지55 | 1000스텝 | 배송 49/55 | 재적재  9 | 중계율 0.28 | alpha 0.697 | step_limit
Ep 591 | 드론3 목적지70 | 1000스텝 | 배송 63/70 | 재적재 10 | 중계율 0.30 | alpha 0.697 | step_limit
Ep 592 | 드론3 목적지45 |  751스텝 | 배송 45/45 | 재적재  7 | 중계율 0.33 | alpha 0.697 | complete
Ep 593 | 드론3 목적지27 |  494스텝 | 배송 27/27 | 재적재  4 | 중계율 0.23 | alpha 0.697 | complete
Ep 594 | 드론3 목적지77 | 1000스텝 | 배송 58/77 | 재적재 11 | 중계율 0.34 | alpha 0.701 | step_limit
Ep 595 | 드론4 목적지64 | 1000스텝 | 배송 63/64 | 재적재 11 | 중계율 0.34 | alpha 0.704 | step_limit
Ep 596 | 드론3 목적지66 | 1000스텝 | 배송 60/66 | 재적재 10 | 중계율 0.32 | alpha 0.691 | step_limit
Ep 597 | 드론4 목적지31 |  666스텝 | 배송 31/31 | 재적재  6 | 중계율 0.39 | alpha 0.680 | complete
Ep 598 | 드론4 목적지64 | 1000스텝 | 배송 55/64 | 재적재  9 | 중계율 0.32 | alpha 0.676 | step_limit
Ep 599 | 드론3 목적지39 | 1000스텝 | 배송 37/39 | 재적재  6 | 중계율 0.35 | alpha 0.680 | step_limit
Ep 600 | 드론4 목적지80 |  950스텝 | 배송 80/80 | 재적재 15 | 중계율 0.29 | alpha 0.667 | complete
  [홀드아웃] 배송 49.6±1.8 완주 0.95 스텝 990 점수 121.8 재적재 8.0 2홉+ 0.63 | 최고 125.2@ep300 정체 6/8
Ep 601 | 드론3 목적지28 |  501스텝 | 배송 28/28 | 재적재  5 | 중계율 0.32 | alpha 0.665 | complete
Ep 602 | 드론3 목적지78 | 1000스텝 | 배송 75/78 | 재적재 13 | 중계율 0.23 | alpha 0.664 | step_limit
Ep 603 | 드론3 목적지64 | 1000스텝 | 배송 60/64 | 재적재 10 | 중계율 0.33 | alpha 0.664 | step_limit
Ep 604 | 드론4 목적지68 |  818스텝 | 배송 68/68 | 재적재 11 | 중계율 0.27 | alpha 0.673 | complete
Ep 605 | 드론4 목적지55 |  862스텝 | 배송 55/55 | 재적재  8 | 중계율 0.34 | alpha 0.677 | complete
Ep 606 | 드론4 목적지69 |  921스텝 | 배송 69/69 | 재적재 12 | 중계율 0.22 | alpha 0.682 | complete
Ep 607 | 드론3 목적지31 |  643스텝 | 배송 31/31 | 재적재  5 | 중계율 0.32 | alpha 0.684 | complete
Ep 608 | 드론3 목적지59 | 1000스텝 | 배송 54/59 | 재적재 10 | 중계율 0.33 | alpha 0.688 | step_limit
Ep 609 | 드론4 목적지56 | 1000스텝 | 배송 53/56 | 재적재  9 | 중계율 0.37 | alpha 0.685 | step_limit
Ep 610 | 드론3 목적지59 | 1000스텝 | 배송 54/59 | 재적재  9 | 중계율 0.37 | alpha 0.673 | step_limit
Ep 611 | 드론3 목적지21 |  495스텝 | 배송 21/21 | 재적재  3 | 중계율 0.28 | alpha 0.671 | complete
Ep 612 | 드론3 목적지27 |  588스텝 | 배송 27/27 | 재적재  5 | 중계율 0.27 | alpha 0.673 | complete
Ep 613 | 드론3 목적지80 | 1000스텝 | 배송 71/80 | 재적재 12 | 중계율 0.26 | alpha 0.675 | step_limit
Ep 614 | 드론3 목적지54 |  926스텝 | 배송 54/54 | 재적재  9 | 중계율 0.34 | alpha 0.674 | complete
Ep 615 | 드론3 목적지56 | 1000스텝 | 배송 56/56 | 재적재 10 | 중계율 0.24 | alpha 0.660 | complete
Ep 616 | 드론4 목적지71 | 1000스텝 | 배송 65/71 | 재적재 10 | 중계율 0.39 | alpha 0.646 | step_limit
Ep 617 | 드론3 목적지67 | 1000스텝 | 배송 62/67 | 재적재 10 | 중계율 0.29 | alpha 0.644 | step_limit
Ep 618 | 드론3 목적지52 |  936스텝 | 배송 52/52 | 재적재 10 | 중계율 0.28 | alpha 0.640 | complete
Ep 619 | 드론4 목적지54 |  583스텝 | 배송 54/54 | 재적재  8 | 중계율 0.19 | alpha 0.635 | complete
Ep 620 | 드론4 목적지66 |  899스텝 | 배송 66/66 | 재적재 12 | 중계율 0.28 | alpha 0.635 | complete
Ep 621 | 드론3 목적지46 | 1000스텝 | 배송 39/46 | 재적재  7 | 중계율 0.32 | alpha 0.626 | step_limit
Ep 622 | 드론3 목적지28 |  650스텝 | 배송 28/28 | 재적재  5 | 중계율 0.39 | alpha 0.627 | complete
Ep 623 | 드론4 목적지44 |  527스텝 | 배송 44/44 | 재적재  7 | 중계율 0.25 | alpha 0.627 | complete
Ep 624 | 드론3 목적지42 |  814스텝 | 배송 42/42 | 재적재  8 | 중계율 0.22 | alpha 0.634 | complete
Ep 625 | 드론3 목적지37 |  649스텝 | 배송 37/37 | 재적재  7 | 중계율 0.27 | alpha 0.629 | complete
Ep 626 | 드론3 목적지68 | 1000스텝 | 배송 60/68 | 재적재 12 | 중계율 0.27 | alpha 0.629 | step_limit
Ep 627 | 드론4 목적지27 |  353스텝 | 배송 27/27 | 재적재  3 | 중계율 0.23 | alpha 0.631 | complete
Ep 628 | 드론4 목적지38 |  530스텝 | 배송 38/38 | 재적재  6 | 중계율 0.18 | alpha 0.626 | complete
Ep 629 | 드론4 목적지57 |  635스텝 | 배송 57/57 | 재적재 10 | 중계율 0.21 | alpha 0.631 | complete
Ep 630 | 드론3 목적지73 | 1000스텝 | 배송 65/73 | 재적재 11 | 중계율 0.30 | alpha 0.628 | step_limit
Ep 631 | 드론3 목적지58 | 1000스텝 | 배송 57/58 | 재적재 10 | 중계율 0.34 | alpha 0.629 | step_limit
Ep 632 | 드론4 목적지36 |  624스텝 | 배송 36/36 | 재적재  5 | 중계율 0.22 | alpha 0.632 | complete
Ep 633 | 드론3 목적지46 |  880스텝 | 배송 46/46 | 재적재  8 | 중계율 0.35 | alpha 0.623 | complete
Ep 634 | 드론3 목적지25 |  657스텝 | 배송 25/25 | 재적재  4 | 중계율 0.23 | alpha 0.618 | complete
Ep 635 | 드론3 목적지39 |  683스텝 | 배송 39/39 | 재적재  5 | 중계율 0.33 | alpha 0.622 | complete
Ep 636 | 드론4 목적지28 |  377스텝 | 배송 28/28 | 재적재  4 | 중계율 0.19 | alpha 0.629 | complete
Ep 637 | 드론4 목적지39 |  520스텝 | 배송 39/39 | 재적재  7 | 중계율 0.28 | alpha 0.628 | complete
Ep 638 | 드론3 목적지46 | 1000스텝 | 배송 44/46 | 재적재  8 | 중계율 0.36 | alpha 0.636 | step_limit
Ep 639 | 드론4 목적지21 |  400스텝 | 배송 21/21 | 재적재  2 | 중계율 0.35 | alpha 0.637 | complete
Ep 640 | 드론3 목적지55 | 1000스텝 | 배송 50/55 | 재적재  8 | 중계율 0.35 | alpha 0.638 | step_limit
Ep 641 | 드론3 목적지74 | 1000스텝 | 배송 65/74 | 재적재 11 | 중계율 0.33 | alpha 0.639 | step_limit
Ep 642 | 드론3 목적지24 |  527스텝 | 배송 24/24 | 재적재  3 | 중계율 0.24 | alpha 0.641 | complete
Ep 643 | 드론4 목적지57 |  805스텝 | 배송 57/57 | 재적재  9 | 중계율 0.33 | alpha 0.637 | complete
Ep 644 | 드론3 목적지45 |  919스텝 | 배송 45/45 | 재적재  7 | 중계율 0.37 | alpha 0.644 | complete
Ep 645 | 드론3 목적지48 |  883스텝 | 배송 48/48 | 재적재  8 | 중계율 0.27 | alpha 0.645 | complete
Ep 646 | 드론3 목적지25 |  481스텝 | 배송 25/25 | 재적재  3 | 중계율 0.34 | alpha 0.646 | complete
Ep 647 | 드론3 목적지26 |  477스텝 | 배송 26/26 | 재적재  4 | 중계율 0.30 | alpha 0.648 | complete
Ep 648 | 드론3 목적지48 |  903스텝 | 배송 48/48 | 재적재  9 | 중계율 0.24 | alpha 0.656 | complete
Ep 649 | 드론4 목적지69 |  894스텝 | 배송 69/69 | 재적재 12 | 중계율 0.25 | alpha 0.659 | complete
Ep 650 | 드론3 목적지64 | 1000스텝 | 배송 59/64 | 재적재 11 | 중계율 0.29 | alpha 0.666 | step_limit
  [홀드아웃] 배송 49.5±2.1 완주 0.91 스텝 949 점수 118.6 재적재 8.1 2홉+ 0.61 | 최고 125.2@ep300 정체 7/8
Ep 651 | 드론4 목적지77 | 1000스텝 | 배송 65/77 | 재적재 10 | 중계율 0.32 | alpha 0.668 | step_limit
Ep 652 | 드론3 목적지32 |  841스텝 | 배송 32/32 | 재적재  5 | 중계율 0.33 | alpha 0.673 | complete
Ep 653 | 드론3 목적지77 | 1000스텝 | 배송 68/77 | 재적재 13 | 중계율 0.25 | alpha 0.684 | step_limit
Ep 654 | 드론4 목적지21 |  427스텝 | 배송 21/21 | 재적재  2 | 중계율 0.36 | alpha 0.689 | complete
Ep 655 | 드론3 목적지28 |  521스텝 | 배송 28/28 | 재적재  4 | 중계율 0.26 | alpha 0.697 | complete
Ep 656 | 드론3 목적지50 |  854스텝 | 배송 50/50 | 재적재  9 | 중계율 0.28 | alpha 0.700 | complete
Ep 657 | 드론4 목적지62 |  914스텝 | 배송 62/62 | 재적재 11 | 중계율 0.26 | alpha 0.708 | complete
Ep 658 | 드론3 목적지50 | 1000스텝 | 배송 48/50 | 재적재  7 | 중계율 0.30 | alpha 0.705 | step_limit
Ep 659 | 드론4 목적지39 |  497스텝 | 배송 39/39 | 재적재  6 | 중계율 0.17 | alpha 0.693 | complete
Ep 660 | 드론4 목적지65 |  792스텝 | 배송 65/65 | 재적재 10 | 중계율 0.24 | alpha 0.691 | complete
Ep 661 | 드론4 목적지20 |  260스텝 | 배송 20/20 | 재적재  3 | 중계율 0.19 | alpha 0.691 | complete
Ep 662 | 드론4 목적지46 |  706스텝 | 배송 46/46 | 재적재  7 | 중계율 0.31 | alpha 0.690 | complete
Ep 663 | 드론3 목적지78 | 1000스텝 | 배송 71/78 | 재적재 13 | 중계율 0.24 | alpha 0.666 | step_limit
Ep 664 | 드론3 목적지28 |  566스텝 | 배송 28/28 | 재적재  4 | 중계율 0.31 | alpha 0.665 | complete
Ep 665 | 드론3 목적지25 |  613스텝 | 배송 25/25 | 재적재  4 | 중계율 0.39 | alpha 0.663 | complete
Ep 666 | 드론4 목적지74 |  939스텝 | 배송 74/74 | 재적재 14 | 중계율 0.26 | alpha 0.651 | complete
Ep 667 | 드론3 목적지50 |  854스텝 | 배송 50/50 | 재적재  8 | 중계율 0.27 | alpha 0.648 | complete
Ep 668 | 드론4 목적지80 | 1000스텝 | 배송 78/80 | 재적재 13 | 중계율 0.26 | alpha 0.643 | step_limit
Ep 669 | 드론4 목적지53 |  752스텝 | 배송 53/53 | 재적재  9 | 중계율 0.25 | alpha 0.638 | complete
Ep 670 | 드론3 목적지68 | 1000스텝 | 배송 58/68 | 재적재 11 | 중계율 0.29 | alpha 0.639 | step_limit
Ep 671 | 드론3 목적지60 | 1000스텝 | 배송 55/60 | 재적재  9 | 중계율 0.34 | alpha 0.639 | step_limit
Ep 672 | 드론3 목적지50 |  954스텝 | 배송 50/50 | 재적재  9 | 중계율 0.27 | alpha 0.633 | complete
Ep 673 | 드론4 목적지54 |  998스텝 | 배송 54/54 | 재적재  9 | 중계율 0.38 | alpha 0.620 | complete
Ep 674 | 드론4 목적지73 |  880스텝 | 배송 73/73 | 재적재 14 | 중계율 0.24 | alpha 0.618 | complete
Ep 675 | 드론3 목적지74 | 1000스텝 | 배송 73/74 | 재적재 14 | 중계율 0.23 | alpha 0.623 | step_limit
Ep 676 | 드론3 목적지46 |  868스텝 | 배송 46/46 | 재적재  8 | 중계율 0.34 | alpha 0.621 | complete
Ep 677 | 드론3 목적지79 | 1000스텝 | 배송 57/79 | 재적재 10 | 중계율 0.26 | alpha 0.629 | step_limit
Ep 678 | 드론4 목적지41 |  775스텝 | 배송 41/41 | 재적재  7 | 중계율 0.38 | alpha 0.623 | complete
Ep 679 | 드론4 목적지58 |  888스텝 | 배송 58/58 | 재적재  9 | 중계율 0.33 | alpha 0.621 | complete
Ep 680 | 드론3 목적지31 |  508스텝 | 배송 31/31 | 재적재  5 | 중계율 0.21 | alpha 0.624 | complete
Ep 681 | 드론4 목적지65 |  953스텝 | 배송 65/65 | 재적재 11 | 중계율 0.32 | alpha 0.629 | complete
Ep 682 | 드론3 목적지72 | 1000스텝 | 배송 55/72 | 재적재  9 | 중계율 0.29 | alpha 0.636 | step_limit
Ep 683 | 드론4 목적지52 |  995스텝 | 배송 52/52 | 재적재  8 | 중계율 0.36 | alpha 0.640 | complete
Ep 684 | 드론3 목적지40 | 1000스텝 | 배송 35/40 | 재적재  5 | 중계율 0.36 | alpha 0.639 | step_limit
Ep 685 | 드론3 목적지74 | 1000스텝 | 배송 62/74 | 재적재 11 | 중계율 0.27 | alpha 0.636 | step_limit
Ep 686 | 드론4 목적지58 |  678스텝 | 배송 58/58 | 재적재 11 | 중계율 0.23 | alpha 0.637 | complete
Ep 687 | 드론3 목적지46 |  921스텝 | 배송 46/46 | 재적재  8 | 중계율 0.34 | alpha 0.631 | complete
Ep 688 | 드론4 목적지33 |  404스텝 | 배송 33/33 | 재적재  4 | 중계율 0.23 | alpha 0.632 | complete
Ep 689 | 드론4 목적지80 | 1000스텝 | 배송 76/80 | 재적재 14 | 중계율 0.32 | alpha 0.638 | step_limit
Ep 690 | 드론3 목적지26 |  565스텝 | 배송 26/26 | 재적재  4 | 중계율 0.27 | alpha 0.645 | complete
Ep 691 | 드론3 목적지40 |  730스텝 | 배송 40/40 | 재적재  6 | 중계율 0.29 | alpha 0.653 | complete
Ep 692 | 드론3 목적지49 |  782스텝 | 배송 49/49 | 재적재  8 | 중계율 0.24 | alpha 0.656 | complete
Ep 693 | 드론4 목적지56 |  888스텝 | 배송 56/56 | 재적재  9 | 중계율 0.33 | alpha 0.658 | complete
Ep 694 | 드론3 목적지69 | 1000스텝 | 배송 65/69 | 재적재 12 | 중계율 0.24 | alpha 0.664 | step_limit
Ep 695 | 드론4 목적지32 |  424스텝 | 배송 32/32 | 재적재  4 | 중계율 0.22 | alpha 0.662 | complete
Ep 696 | 드론3 목적지48 | 1000스텝 | 배송 46/48 | 재적재  8 | 중계율 0.33 | alpha 0.644 | step_limit
Ep 697 | 드론3 목적지58 |  933스텝 | 배송 58/58 | 재적재 10 | 중계율 0.26 | alpha 0.642 | complete
Ep 698 | 드론4 목적지65 | 1000스텝 | 배송 64/65 | 재적재 12 | 중계율 0.35 | alpha 0.643 | step_limit
Ep 699 | 드론4 목적지44 |  865스텝 | 배송 44/44 | 재적재  6 | 중계율 0.46 | alpha 0.651 | complete
Ep 700 | 드론4 목적지40 |  845스텝 | 배송 40/40 | 재적재  7 | 중계율 0.38 | alpha 0.651 | complete
  [홀드아웃] 배송 49.8±1.1 완주 0.96 스텝 921 점수 124.0 재적재 8.1 2홉+ 0.61 | 최고 125.2@ep300 정체 8/8

조기 종료. 최고 125.2@ep300
Training finished. best=125.2 @ ep300
