/home/kopt/enter/envs/wsl_neuroMCTS/lib/python3.10/site-packages/pygame/pkgdata.py:25: UserWarning: pkg_resources is deprecated as an API. See https://setuptools.pypa.io/en/latest/pkg_resources.html. The pkg_resources package is slated for removal as early as 2025-11-30. Refrain from using this package or pin to Setuptools<81.
  from pkg_resources import resource_stream, resource_exists
pygame 2.6.1 (SDL 2.28.4, Python 3.10.19)
Hello from the pygame community. https://www.pygame.org/contribute.html
집합 상위 학습 | 반경 300 상한 1000 무배송 500 gamma 0.997 구성=무작위 드론[3, 4] 목적지[20, 80] CC무작위 인스턴스=무작위 목표유지=off 완주보상=0.0 잔여페널티=0.1 규칙관측=False 규칙정규화=2.0/중계가중치=1.0 막힘페널티=0.0 중계크레딧=0.0/재분배=0.0/드론별보상=False 도달권shaping=0.0 정체전환보상=0.0 엔트로피비=0.6->0.25@400 자기회귀=True/가까운순=False 순차크레딧=True 혼합critic=False 정체재결정=0 결합critic=False 홀드아웃상한=3000 선택=makespan/속도가중치=40.0
/home/kopt/drone/proposed_src/pipeline/train_v5_26_09_15_23.py:576: UserWarning: Converting a tensor with requires_grad=True to a scalar may lead to unexpected behavior.
Consider using tensor.detach() first. (Triggered internally at /pytorch/torch/csrc/autograd/generated/python_variable_methods.cpp:836.)
  writer.add_scalar("train/alpha", float(log_alpha.exp()), ep)
Ep 1 | 드론4 목적지57 | 1000스텝 | 배송 55/57 | 재적재  9 | 중계율 0.16 | alpha 0.100 | step_limit
Ep 2 | 드론3 목적지50 |  996스텝 | 배송 50/50 | 재적재  7 | 중계율 0.35 | alpha 0.107 | complete
Ep 3 | 드론4 목적지72 |  952스텝 | 배송 72/72 | 재적재 14 | 중계율 0.31 | alpha 0.116 | complete
Ep 4 | 드론3 목적지46 |  757스텝 | 배송 46/46 | 재적재  8 | 중계율 0.24 | alpha 0.124 | complete
Ep 5 | 드론3 목적지58 | 1000스텝 | 배송 50/58 | 재적재  7 | 중계율 0.38 | alpha 0.133 | step_limit
Ep 6 | 드론3 목적지61 | 1000스텝 | 배송 55/61 | 재적재  8 | 중계율 0.34 | alpha 0.144 | step_limit
Ep 7 | 드론3 목적지30 |  596스텝 | 배송 30/30 | 재적재  4 | 중계율 0.35 | alpha 0.151 | complete
Ep 8 | 드론3 목적지69 | 1000스텝 | 배송 62/69 | 재적재 10 | 중계율 0.30 | alpha 0.163 | step_limit
Ep 9 | 드론3 목적지66 | 1000스텝 | 배송 60/66 | 재적재  9 | 중계율 0.35 | alpha 0.176 | step_limit
Ep 10 | 드론3 목적지26 |  485스텝 | 배송 26/26 | 재적재  3 | 중계율 0.29 | alpha 0.183 | complete
Ep 11 | 드론4 목적지32 |  312스텝 | 배송 32/32 | 재적재  3 | 중계율 0.18 | alpha 0.187 | complete
Ep 12 | 드론3 목적지35 |  535스텝 | 배송 35/35 | 재적재  6 | 중계율 0.29 | alpha 0.195 | complete
Ep 13 | 드론3 목적지23 |  355스텝 | 배송 23/23 | 재적재  3 | 중계율 0.26 | alpha 0.200 | complete
Ep 14 | 드론3 목적지61 | 1000스텝 | 배송 55/61 | 재적재 10 | 중계율 0.29 | alpha 0.216 | step_limit
Ep 15 | 드론4 목적지78 | 1000스텝 | 배송 75/78 | 재적재 12 | 중계율 0.24 | alpha 0.233 | step_limit
Ep 16 | 드론4 목적지46 |  612스텝 | 배송 46/46 | 재적재  8 | 중계율 0.28 | alpha 0.244 | complete
Ep 17 | 드론4 목적지74 | 1000스텝 | 배송 67/74 | 재적재 11 | 중계율 0.21 | alpha 0.263 | step_limit
Ep 18 | 드론3 목적지24 |  408스텝 | 배송 24/24 | 재적재  2 | 중계율 0.39 | alpha 0.271 | complete
Ep 19 | 드론4 목적지24 |  453스텝 | 배송 24/24 | 재적재  2 | 중계율 0.36 | alpha 0.280 | complete
Ep 20 | 드론3 목적지66 | 1000스텝 | 배송 64/66 | 재적재 12 | 중계율 0.20 | alpha 0.302 | step_limit
Ep 21 | 드론3 목적지43 |  535스텝 | 배송 43/43 | 재적재  6 | 중계율 0.20 | alpha 0.315 | complete
Ep 22 | 드론3 목적지43 |  667스텝 | 배송 43/43 | 재적재  7 | 중계율 0.17 | alpha 0.331 | complete
Ep 23 | 드론3 목적지22 |  451스텝 | 배송 22/22 | 재적재  3 | 중계율 0.36 | alpha 0.343 | complete
Ep 24 | 드론3 목적지35 |  659스텝 | 배송 35/35 | 재적재  5 | 중계율 0.29 | alpha 0.360 | complete
Ep 25 | 드론4 목적지25 |  429스텝 | 배송 25/25 | 재적재  3 | 중계율 0.40 | alpha 0.372 | complete
Ep 26 | 드론3 목적지79 | 1000스텝 | 배송 59/79 | 재적재 10 | 중계율 0.24 | alpha 0.401 | step_limit
Ep 27 | 드론4 목적지63 | 1000스텝 | 배송 60/63 | 재적재  9 | 중계율 0.40 | alpha 0.432 | step_limit
Ep 28 | 드론3 목적지77 | 1000스텝 | 배송 67/77 | 재적재 12 | 중계율 0.31 | alpha 0.466 | step_limit
Ep 29 | 드론3 목적지34 |  844스텝 | 배송 17/34 | 재적재  1 | 중계율 0.44 | alpha 0.496 | no_progress
Ep 30 | 드론3 목적지25 |  405스텝 | 배송 25/25 | 재적재  3 | 중계율 0.33 | alpha 0.512 | complete
Ep 31 | 드론4 목적지68 |  936스텝 | 배송 50/68 | 재적재  8 | 중계율 0.26 | alpha 0.548 | no_progress
Ep 32 | 드론3 목적지79 | 1000스텝 | 배송 59/79 | 재적재 10 | 중계율 0.29 | alpha 0.591 | step_limit
Ep 33 | 드론3 목적지62 | 1000스텝 | 배송 55/62 | 재적재  8 | 중계율 0.34 | alpha 0.637 | step_limit
Ep 34 | 드론3 목적지33 |  589스텝 | 배송 33/33 | 재적재  6 | 중계율 0.24 | alpha 0.665 | complete
Ep 35 | 드론3 목적지26 |  621스텝 | 배송 26/26 | 재적재  4 | 중계율 0.33 | alpha 0.696 | complete
Ep 36 | 드론3 목적지57 | 1000스텝 | 배송 55/57 | 재적재  9 | 중계율 0.36 | alpha 0.749 | step_limit
Ep 37 | 드론3 목적지29 |  675스텝 | 배송 29/29 | 재적재  4 | 중계율 0.43 | alpha 0.788 | complete
Ep 38 | 드론4 목적지63 |  848스텝 | 배송 63/63 | 재적재 10 | 중계율 0.35 | alpha 0.838 | complete
Ep 39 | 드론4 목적지44 | 1000스텝 | 배송 30/44 | 재적재  4 | 중계율 0.31 | alpha 0.902 | step_limit
Ep 40 | 드론4 목적지56 | 1000스텝 | 배송 44/56 | 재적재  6 | 중계율 0.28 | alpha 0.970 | step_limit
Ep 41 | 드론4 목적지21 |  529스텝 | 배송 21/21 | 재적재  2 | 중계율 0.43 | alpha 1.009 | complete
Ep 42 | 드론3 목적지24 |  801스텝 | 배송 18/24 | 재적재  2 | 중계율 0.43 | alpha 1.070 | no_progress
Ep 43 | 드론3 목적지52 |  845스텝 | 배송 52/52 | 재적재  9 | 중계율 0.31 | alpha 1.139 | complete
Ep 44 | 드론3 목적지72 | 1000스텝 | 배송 64/72 | 재적재 11 | 중계율 0.19 | alpha 1.226 | step_limit
Ep 45 | 드론3 목적지52 |  984스텝 | 배송 52/52 | 재적재 10 | 중계율 0.36 | alpha 1.317 | complete
Ep 46 | 드론4 목적지72 |  594스텝 | 배송 72/72 | 재적재 12 | 중계율 0.17 | alpha 1.376 | complete
Ep 47 | 드론3 목적지69 | 1000스텝 | 배송 58/69 | 재적재 10 | 중계율 0.26 | alpha 1.480 | step_limit
Ep 48 | 드론3 목적지56 |  855스텝 | 배송 56/56 | 재적재 10 | 중계율 0.26 | alpha 1.575 | complete
Ep 49 | 드론4 목적지78 | 1000스텝 | 배송 75/78 | 재적재 12 | 중계율 0.30 | alpha 1.693 | step_limit
Ep 50 | 드론4 목적지40 |  971스텝 | 배송 40/40 | 재적재  5 | 중계율 0.52 | alpha 1.816 | complete
  [홀드아웃] 배송 48.2±5.7 완주 0.86 스텝 899 점수 114.3 재적재 7.1 2홉+ 0.62 | 최고 114.3@ep50 정체 0/8  ← 갱신
Ep 51 | 드론4 목적지51 |  690스텝 | 배송 51/51 | 재적재  7 | 중계율 0.24 | alpha 1.909 | complete
Ep 52 | 드론3 목적지42 |  709스텝 | 배송 42/42 | 재적재  7 | 중계율 0.29 | alpha 2.007 | complete
Ep 53 | 드론4 목적지60 | 1000스텝 | 배송 51/60 | 재적재  9 | 중계율 0.21 | alpha 2.155 | step_limit
Ep 54 | 드론3 목적지49 |  782스텝 | 배송 49/49 | 재적재  8 | 중계율 0.21 | alpha 2.278 | complete
Ep 55 | 드론3 목적지40 |  829스텝 | 배송 40/40 | 재적재  7 | 중계율 0.26 | alpha 2.415 | complete
Ep 56 | 드론4 목적지61 |  860스텝 | 배송 61/61 | 재적재 11 | 중계율 0.31 | alpha 2.562 | complete
Ep 57 | 드론3 목적지53 |  860스텝 | 배송 53/53 | 재적재  9 | 중계율 0.32 | alpha 2.713 | complete
Ep 58 | 드론4 목적지57 |  797스텝 | 배송 57/57 | 재적재  8 | 중계율 0.34 | alpha 2.856 | complete
Ep 59 | 드론3 목적지50 |  924스텝 | 배송 50/50 | 재적재  7 | 중계율 0.26 | alpha 3.025 | complete
Ep 60 | 드론3 목적지21 |  455스텝 | 배송 21/21 | 재적재  3 | 중계율 0.38 | alpha 3.108 | complete
Ep 61 | 드론4 목적지26 |  468스텝 | 배송 26/26 | 재적재  4 | 중계율 0.32 | alpha 3.196 | complete
Ep 62 | 드론4 목적지55 | 1000스텝 | 배송 52/55 | 재적재  9 | 중계율 0.35 | alpha 3.394 | step_limit
Ep 63 | 드론4 목적지68 |  978스텝 | 배송 68/68 | 재적재 12 | 중계율 0.34 | alpha 3.587 | complete
Ep 64 | 드론3 목적지41 |  876스텝 | 배송 41/41 | 재적재  7 | 중계율 0.33 | alpha 3.768 | complete
Ep 65 | 드론4 목적지68 |  714스텝 | 배송 68/68 | 재적재 13 | 중계율 0.19 | alpha 3.915 | complete
Ep 66 | 드론3 목적지61 |  987스텝 | 배송 61/61 | 재적재 11 | 중계율 0.19 | alpha 4.116 | complete
Ep 67 | 드론3 목적지53 | 1000스텝 | 배송 49/53 | 재적재  8 | 중계율 0.32 | alpha 4.304 | step_limit
Ep 68 | 드론3 목적지44 |  877스텝 | 배송 44/44 | 재적재  7 | 중계율 0.25 | alpha 4.477 | complete
Ep 69 | 드론3 목적지34 |  694스텝 | 배송 34/34 | 재적재  5 | 중계율 0.25 | alpha 4.600 | complete
Ep 70 | 드론3 목적지31 |  834스텝 | 배송 31/31 | 재적재  4 | 중계율 0.36 | alpha 4.746 | complete
Ep 71 | 드론4 목적지71 | 1000스텝 | 배송 68/71 | 재적재 12 | 중계율 0.20 | alpha 4.903 | step_limit
Ep 72 | 드론3 목적지53 | 1000스텝 | 배송 50/53 | 재적재  8 | 중계율 0.33 | alpha 5.042 | step_limit
Ep 73 | 드론3 목적지21 |  526스텝 | 배송 21/21 | 재적재  3 | 중계율 0.35 | alpha 5.117 | complete
Ep 74 | 드론4 목적지45 | 1000스텝 | 배송 43/45 | 재적재  7 | 중계율 0.26 | alpha 5.219 | step_limit
Ep 75 | 드론4 목적지40 |  724스텝 | 배송 40/40 | 재적재  7 | 중계율 0.29 | alpha 5.285 | complete
Ep 76 | 드론3 목적지75 | 1000스텝 | 배송 58/75 | 재적재  9 | 중계율 0.31 | alpha 5.336 | step_limit
Ep 77 | 드론4 목적지24 |  485스텝 | 배송 24/24 | 재적재  4 | 중계율 0.29 | alpha 5.357 | complete
Ep 78 | 드론3 목적지64 | 1000스텝 | 배송 60/64 | 재적재  9 | 중계율 0.25 | alpha 5.364 | step_limit
Ep 79 | 드론3 목적지41 |  937스텝 | 배송 41/41 | 재적재  8 | 중계율 0.28 | alpha 5.354 | complete
Ep 80 | 드론3 목적지69 | 1000스텝 | 배송 49/69 | 재적재  8 | 중계율 0.17 | alpha 5.321 | step_limit
Ep 81 | 드론4 목적지47 |  998스텝 | 배송 47/47 | 재적재  8 | 중계율 0.27 | alpha 5.288 | complete
Ep 82 | 드론4 목적지69 | 1000스텝 | 배송 65/69 | 재적재 11 | 중계율 0.32 | alpha 5.194 | step_limit
Ep 83 | 드론4 목적지31 |  715스텝 | 배송 31/31 | 재적재  4 | 중계율 0.38 | alpha 5.150 | complete
Ep 84 | 드론3 목적지33 |  639스텝 | 배송 33/33 | 재적재  4 | 중계율 0.30 | alpha 5.080 | complete
Ep 85 | 드론3 목적지38 |  678스텝 | 배송 38/38 | 재적재  7 | 중계율 0.19 | alpha 5.022 | complete
Ep 86 | 드론4 목적지24 |  563스텝 | 배송 24/24 | 재적재  3 | 중계율 0.31 | alpha 4.988 | complete
Ep 87 | 드론3 목적지30 |  648스텝 | 배송 30/30 | 재적재  5 | 중계율 0.23 | alpha 4.941 | complete
Ep 88 | 드론3 목적지38 |  644스텝 | 배송 38/38 | 재적재  6 | 중계율 0.27 | alpha 4.863 | complete
Ep 89 | 드론3 목적지57 | 1000스텝 | 배송 50/57 | 재적재  7 | 중계율 0.29 | alpha 4.816 | step_limit
Ep 90 | 드론4 목적지21 |  539스텝 | 배송 21/21 | 재적재  2 | 중계율 0.36 | alpha 4.770 | complete
Ep 91 | 드론4 목적지77 | 1000스텝 | 배송 64/77 | 재적재 11 | 중계율 0.29 | alpha 4.709 | step_limit
Ep 92 | 드론3 목적지69 | 1000스텝 | 배송 62/69 | 재적재 11 | 중계율 0.26 | alpha 4.673 | step_limit
Ep 93 | 드론4 목적지60 |  859스텝 | 배송 60/60 | 재적재 11 | 중계율 0.22 | alpha 4.713 | complete
Ep 94 | 드론4 목적지45 |  809스텝 | 배송 45/45 | 재적재  7 | 중계율 0.26 | alpha 4.652 | complete
Ep 95 | 드론3 목적지71 | 1000스텝 | 배송 65/71 | 재적재 10 | 중계율 0.26 | alpha 4.576 | step_limit
Ep 96 | 드론3 목적지74 | 1000스텝 | 배송 59/74 | 재적재 10 | 중계율 0.28 | alpha 4.561 | step_limit
Ep 97 | 드론4 목적지47 |  549스텝 | 배송 47/47 | 재적재  8 | 중계율 0.23 | alpha 4.548 | complete
Ep 98 | 드론4 목적지50 | 1000스텝 | 배송 39/50 | 재적재  6 | 중계율 0.28 | alpha 4.512 | step_limit
Ep 99 | 드론4 목적지35 |  700스텝 | 배송 35/35 | 재적재  5 | 중계율 0.30 | alpha 4.472 | complete
Ep 100 | 드론3 목적지40 |  959스텝 | 배송 40/40 | 재적재  7 | 중계율 0.29 | alpha 4.468 | complete
  [홀드아웃] 배송 50.0±0.0 완주 1.00 스텝 987 점수 126.8 재적재 7.3 2홉+ 0.63 | 최고 126.8@ep100 정체 0/8  ← 갱신
Ep 101 | 드론3 목적지23 |  413스텝 | 배송 23/23 | 재적재  3 | 중계율 0.29 | alpha 4.462 | complete
Ep 102 | 드론3 목적지21 |  599스텝 | 배송 21/21 | 재적재  3 | 중계율 0.31 | alpha 4.453 | complete
Ep 103 | 드론4 목적지72 |  835스텝 | 배송 72/72 | 재적재 13 | 중계율 0.21 | alpha 4.393 | complete
Ep 104 | 드론3 목적지27 |  779스텝 | 배송 27/27 | 재적재  4 | 중계율 0.37 | alpha 4.446 | complete
Ep 105 | 드론3 목적지63 | 1000스텝 | 배송 59/63 | 재적재 11 | 중계율 0.21 | alpha 4.346 | step_limit
Ep 106 | 드론4 목적지58 |  749스텝 | 배송 58/58 | 재적재 11 | 중계율 0.25 | alpha 4.322 | complete
Ep 107 | 드론4 목적지75 | 1000스텝 | 배송 52/75 | 재적재  9 | 중계율 0.33 | alpha 4.386 | step_limit
Ep 108 | 드론3 목적지55 | 1000스텝 | 배송 48/55 | 재적재  9 | 중계율 0.27 | alpha 4.360 | step_limit
Ep 109 | 드론4 목적지64 |  856스텝 | 배송 64/64 | 재적재 10 | 중계율 0.31 | alpha 4.314 | complete
Ep 110 | 드론3 목적지55 | 1000스텝 | 배송 49/55 | 재적재  9 | 중계율 0.28 | alpha 4.298 | step_limit
Ep 111 | 드론4 목적지67 | 1000스텝 | 배송 61/67 | 재적재 10 | 중계율 0.34 | alpha 4.231 | step_limit
Ep 112 | 드론3 목적지46 | 1000스텝 | 배송 43/46 | 재적재  8 | 중계율 0.25 | alpha 4.237 | step_limit
Ep 113 | 드론4 목적지43 |  732스텝 | 배송 43/43 | 재적재  8 | 중계율 0.22 | alpha 4.239 | complete
Ep 114 | 드론3 목적지80 | 1000스텝 | 배송 64/80 | 재적재 12 | 중계율 0.19 | alpha 4.254 | step_limit
Ep 115 | 드론4 목적지78 |  952스텝 | 배송 78/78 | 재적재 15 | 중계율 0.23 | alpha 4.192 | complete
Ep 116 | 드론4 목적지72 |  853스텝 | 배송 72/72 | 재적재 13 | 중계율 0.27 | alpha 4.258 | complete
Ep 117 | 드론3 목적지54 | 1000스텝 | 배송 44/54 | 재적재  7 | 중계율 0.23 | alpha 4.243 | step_limit
Ep 118 | 드론3 목적지63 | 1000스텝 | 배송 57/63 | 재적재 10 | 중계율 0.27 | alpha 4.199 | step_limit
Ep 119 | 드론4 목적지66 | 1000스텝 | 배송 63/66 | 재적재 11 | 중계율 0.26 | alpha 4.259 | step_limit
Ep 120 | 드론4 목적지70 |  965스텝 | 배송 70/70 | 재적재 12 | 중계율 0.28 | alpha 4.191 | complete
Ep 121 | 드론4 목적지45 |  702스텝 | 배송 45/45 | 재적재  6 | 중계율 0.29 | alpha 4.168 | complete
Ep 122 | 드론4 목적지26 |  706스텝 | 배송 26/26 | 재적재  3 | 중계율 0.41 | alpha 4.111 | complete
Ep 123 | 드론4 목적지30 |  557스텝 | 배송 30/30 | 재적재  4 | 중계율 0.37 | alpha 4.110 | complete
Ep 124 | 드론3 목적지80 | 1000스텝 | 배송 62/80 | 재적재 12 | 중계율 0.30 | alpha 4.104 | step_limit
Ep 125 | 드론4 목적지41 |  626스텝 | 배송 41/41 | 재적재  7 | 중계율 0.27 | alpha 4.111 | complete
Ep 126 | 드론3 목적지50 | 1000스텝 | 배송 48/50 | 재적재  8 | 중계율 0.34 | alpha 4.156 | step_limit
Ep 127 | 드론3 목적지37 |  821스텝 | 배송 37/37 | 재적재  6 | 중계율 0.29 | alpha 4.126 | complete
Ep 128 | 드론3 목적지42 |  861스텝 | 배송 42/42 | 재적재  7 | 중계율 0.28 | alpha 3.997 | complete
Ep 129 | 드론4 목적지52 |  936스텝 | 배송 52/52 | 재적재  8 | 중계율 0.31 | alpha 4.074 | complete
Ep 130 | 드론3 목적지40 |  872스텝 | 배송 40/40 | 재적재  5 | 중계율 0.42 | alpha 4.066 | complete
Ep 131 | 드론3 목적지39 |  728스텝 | 배송 39/39 | 재적재  7 | 중계율 0.25 | alpha 4.056 | complete
Ep 132 | 드론4 목적지63 | 1000스텝 | 배송 61/63 | 재적재 10 | 중계율 0.23 | alpha 4.070 | step_limit
Ep 133 | 드론3 목적지61 | 1000스텝 | 배송 50/61 | 재적재  8 | 중계율 0.24 | alpha 3.993 | step_limit
Ep 134 | 드론4 목적지22 |  290스텝 | 배송 22/22 | 재적재  3 | 중계율 0.21 | alpha 3.974 | complete
Ep 135 | 드론3 목적지20 |  613스텝 | 배송 20/20 | 재적재  3 | 중계율 0.36 | alpha 4.016 | complete
Ep 136 | 드론4 목적지57 | 1000스텝 | 배송 56/57 | 재적재 11 | 중계율 0.35 | alpha 3.988 | step_limit
Ep 137 | 드론3 목적지24 |  738스텝 | 배송 24/24 | 재적재  3 | 중계율 0.28 | alpha 4.014 | complete
Ep 138 | 드론4 목적지35 |  465스텝 | 배송 35/35 | 재적재  5 | 중계율 0.23 | alpha 3.969 | complete
Ep 139 | 드론3 목적지29 |  734스텝 | 배송 29/29 | 재적재  5 | 중계율 0.28 | alpha 3.914 | complete
Ep 140 | 드론3 목적지32 |  715스텝 | 배송 32/32 | 재적재  4 | 중계율 0.29 | alpha 3.881 | complete
Ep 141 | 드론3 목적지54 | 1000스텝 | 배송 49/54 | 재적재  8 | 중계율 0.24 | alpha 3.924 | step_limit
Ep 142 | 드론3 목적지42 |  818스텝 | 배송 42/42 | 재적재  8 | 중계율 0.24 | alpha 3.923 | complete
Ep 143 | 드론3 목적지23 |  627스텝 | 배송 23/23 | 재적재  3 | 중계율 0.34 | alpha 3.928 | complete
Ep 144 | 드론3 목적지61 | 1000스텝 | 배송 47/61 | 재적재  7 | 중계율 0.27 | alpha 3.863 | step_limit
Ep 145 | 드론3 목적지64 | 1000스텝 | 배송 56/64 | 재적재  9 | 중계율 0.20 | alpha 3.833 | step_limit
Ep 146 | 드론3 목적지71 | 1000스텝 | 배송 56/71 | 재적재  9 | 중계율 0.23 | alpha 3.822 | step_limit
Ep 147 | 드론3 목적지48 |  877스텝 | 배송 48/48 | 재적재  9 | 중계율 0.26 | alpha 3.853 | complete
Ep 148 | 드론4 목적지36 |  682스텝 | 배송 36/36 | 재적재  5 | 중계율 0.33 | alpha 3.766 | complete
Ep 149 | 드론4 목적지40 |  526스텝 | 배송 40/40 | 재적재  6 | 중계율 0.21 | alpha 3.810 | complete
Ep 150 | 드론3 목적지26 |  566스텝 | 배송 26/26 | 재적재  3 | 중계율 0.20 | alpha 3.815 | complete
  [홀드아웃] 배송 50.0±0.2 완주 0.97 스텝 1001 점수 124.2 재적재 7.7 2홉+ 0.63 | 최고 126.8@ep100 정체 1/8
Ep 151 | 드론4 목적지70 | 1000스텝 | 배송 66/70 | 재적재 11 | 중계율 0.27 | alpha 3.834 | step_limit
Ep 152 | 드론4 목적지48 |  901스텝 | 배송 48/48 | 재적재  7 | 중계율 0.33 | alpha 3.777 | complete
Ep 153 | 드론4 목적지57 | 1000스텝 | 배송 51/57 | 재적재  9 | 중계율 0.28 | alpha 3.721 | step_limit
Ep 154 | 드론4 목적지34 |  539스텝 | 배송 34/34 | 재적재  5 | 중계율 0.24 | alpha 3.711 | complete
Ep 155 | 드론4 목적지80 | 1000스텝 | 배송 65/80 | 재적재 10 | 중계율 0.32 | alpha 3.723 | step_limit
Ep 156 | 드론4 목적지59 |  980스텝 | 배송 59/59 | 재적재  9 | 중계율 0.33 | alpha 3.767 | complete
Ep 157 | 드론3 목적지42 | 1000스텝 | 배송 38/42 | 재적재  7 | 중계율 0.32 | alpha 3.769 | step_limit
Ep 158 | 드론4 목적지76 | 1000스텝 | 배송 72/76 | 재적재 14 | 중계율 0.19 | alpha 3.727 | step_limit
Ep 159 | 드론4 목적지47 |  892스텝 | 배송 47/47 | 재적재  8 | 중계율 0.29 | alpha 3.726 | complete
Ep 160 | 드론3 목적지62 | 1000스텝 | 배송 56/62 | 재적재 11 | 중계율 0.31 | alpha 3.713 | step_limit
Ep 161 | 드론3 목적지31 |  557스텝 | 배송 31/31 | 재적재  4 | 중계율 0.24 | alpha 3.680 | complete
Ep 162 | 드론3 목적지26 |  831스텝 | 배송 26/26 | 재적재  4 | 중계율 0.34 | alpha 3.688 | complete
Ep 163 | 드론4 목적지21 |  835스텝 | 배송 21/21 | 재적재  2 | 중계율 0.42 | alpha 3.716 | complete
Ep 164 | 드론4 목적지79 | 1000스텝 | 배송 76/79 | 재적재 13 | 중계율 0.34 | alpha 3.672 | step_limit
Ep 165 | 드론4 목적지47 |  753스텝 | 배송 47/47 | 재적재  8 | 중계율 0.29 | alpha 3.682 | complete
Ep 166 | 드론3 목적지77 | 1000스텝 | 배송 68/77 | 재적재 13 | 중계율 0.22 | alpha 3.609 | step_limit
Ep 167 | 드론4 목적지77 | 1000스텝 | 배송 60/77 | 재적재 10 | 중계율 0.35 | alpha 3.605 | step_limit
Ep 168 | 드론4 목적지29 |  669스텝 | 배송 29/29 | 재적재  5 | 중계율 0.33 | alpha 3.628 | complete
Ep 169 | 드론4 목적지59 | 1000스텝 | 배송 53/59 | 재적재  8 | 중계율 0.33 | alpha 3.575 | step_limit
Ep 170 | 드론3 목적지74 | 1000스텝 | 배송 62/74 | 재적재 11 | 중계율 0.32 | alpha 3.573 | step_limit
Ep 171 | 드론4 목적지34 |  456스텝 | 배송 34/34 | 재적재  5 | 중계율 0.21 | alpha 3.568 | complete
Ep 172 | 드론3 목적지43 | 1000스텝 | 배송 36/43 | 재적재  7 | 중계율 0.29 | alpha 3.533 | step_limit
Ep 173 | 드론3 목적지35 |  870스텝 | 배송 35/35 | 재적재  6 | 중계율 0.36 | alpha 3.613 | complete
Ep 174 | 드론4 목적지43 |  763스텝 | 배송 43/43 | 재적재  8 | 중계율 0.26 | alpha 3.557 | complete
Ep 175 | 드론4 목적지30 |  584스텝 | 배송 30/30 | 재적재  2 | 중계율 0.39 | alpha 3.554 | complete
Ep 176 | 드론4 목적지29 |  611스텝 | 배송 29/29 | 재적재  3 | 중계율 0.37 | alpha 3.524 | complete
Ep 177 | 드론3 목적지45 |  872스텝 | 배송 45/45 | 재적재  7 | 중계율 0.36 | alpha 3.503 | complete
Ep 178 | 드론3 목적지20 |  456스텝 | 배송 20/20 | 재적재  3 | 중계율 0.36 | alpha 3.519 | complete
Ep 179 | 드론4 목적지66 | 1000스텝 | 배송 51/66 | 재적재  9 | 중계율 0.34 | alpha 3.577 | step_limit
Ep 180 | 드론4 목적지22 |  357스텝 | 배송 22/22 | 재적재  3 | 중계율 0.25 | alpha 3.596 | complete
Ep 181 | 드론4 목적지77 | 1000스텝 | 배송 68/77 | 재적재 11 | 중계율 0.33 | alpha 3.545 | step_limit
Ep 182 | 드론3 목적지74 | 1000스텝 | 배송 50/74 | 재적재  9 | 중계율 0.23 | alpha 3.520 | step_limit
Ep 183 | 드론4 목적지40 |  949스텝 | 배송 40/40 | 재적재  7 | 중계율 0.20 | alpha 3.492 | complete
Ep 184 | 드론3 목적지77 | 1000스텝 | 배송 68/77 | 재적재 11 | 중계율 0.26 | alpha 3.447 | step_limit
Ep 185 | 드론4 목적지72 | 1000스텝 | 배송 67/72 | 재적재 12 | 중계율 0.30 | alpha 3.456 | step_limit
Ep 186 | 드론4 목적지74 |  938스텝 | 배송 74/74 | 재적재 14 | 중계율 0.24 | alpha 3.493 | complete
Ep 187 | 드론3 목적지65 | 1000스텝 | 배송 60/65 | 재적재 10 | 중계율 0.27 | alpha 3.483 | step_limit
Ep 188 | 드론3 목적지80 | 1000스텝 | 배송 55/80 | 재적재 10 | 중계율 0.36 | alpha 3.452 | step_limit
Ep 189 | 드론4 목적지55 |  815스텝 | 배송 55/55 | 재적재  9 | 중계율 0.27 | alpha 3.453 | complete
Ep 190 | 드론3 목적지36 |  742스텝 | 배송 36/36 | 재적재  5 | 중계율 0.35 | alpha 3.418 | complete
Ep 191 | 드론3 목적지28 |  721스텝 | 배송 28/28 | 재적재  5 | 중계율 0.31 | alpha 3.408 | complete
Ep 192 | 드론4 목적지74 |  791스텝 | 배송 74/74 | 재적재 12 | 중계율 0.26 | alpha 3.376 | complete
Ep 193 | 드론3 목적지61 | 1000스텝 | 배송 52/61 | 재적재 10 | 중계율 0.37 | alpha 3.382 | step_limit
Ep 194 | 드론4 목적지73 |  974스텝 | 배송 73/73 | 재적재 13 | 중계율 0.25 | alpha 3.377 | complete
Ep 195 | 드론4 목적지69 | 1000스텝 | 배송 60/69 | 재적재 11 | 중계율 0.33 | alpha 3.364 | step_limit
Ep 196 | 드론3 목적지47 |  890스텝 | 배송 47/47 | 재적재  8 | 중계율 0.22 | alpha 3.381 | complete
Ep 197 | 드론4 목적지27 |  500스텝 | 배송 27/27 | 재적재  4 | 중계율 0.29 | alpha 3.375 | complete
Ep 198 | 드론3 목적지56 |  851스텝 | 배송 56/56 | 재적재 10 | 중계율 0.25 | alpha 3.339 | complete
Ep 199 | 드론3 목적지57 | 1000스텝 | 배송 54/57 | 재적재  8 | 중계율 0.32 | alpha 3.415 | step_limit
Ep 200 | 드론4 목적지64 | 1000스텝 | 배송 58/64 | 재적재 10 | 중계율 0.34 | alpha 3.352 | step_limit
  [홀드아웃] 배송 50.0±0.3 완주 0.96 스텝 947 점수 123.6 재적재 7.3 2홉+ 0.63 | 최고 126.8@ep100 정체 2/8
Ep 201 | 드론4 목적지38 |  675스텝 | 배송 38/38 | 재적재  4 | 중계율 0.38 | alpha 3.386 | complete
Ep 202 | 드론3 목적지32 |  726스텝 | 배송 32/32 | 재적재  6 | 중계율 0.38 | alpha 3.347 | complete
Ep 203 | 드론3 목적지23 |  309스텝 | 배송 23/23 | 재적재  3 | 중계율 0.19 | alpha 3.380 | complete
Ep 204 | 드론3 목적지38 | 1000스텝 | 배송 37/38 | 재적재  7 | 중계율 0.21 | alpha 3.338 | step_limit
Ep 205 | 드론3 목적지27 |  676스텝 | 배송 27/27 | 재적재  5 | 중계율 0.29 | alpha 3.317 | complete
Ep 206 | 드론3 목적지58 | 1000스텝 | 배송 52/58 | 재적재  8 | 중계율 0.32 | alpha 3.317 | step_limit
Ep 207 | 드론3 목적지52 |  979스텝 | 배송 52/52 | 재적재  9 | 중계율 0.32 | alpha 3.303 | complete
Ep 208 | 드론3 목적지60 | 1000스텝 | 배송 55/60 | 재적재 10 | 중계율 0.34 | alpha 3.330 | step_limit
Ep 209 | 드론3 목적지72 | 1000스텝 | 배송 60/72 | 재적재 11 | 중계율 0.28 | alpha 3.351 | step_limit
Ep 210 | 드론4 목적지39 |  447스텝 | 배송 39/39 | 재적재  6 | 중계율 0.25 | alpha 3.330 | complete
Ep 211 | 드론3 목적지55 | 1000스텝 | 배송 53/55 | 재적재  8 | 중계율 0.30 | alpha 3.325 | step_limit
Ep 212 | 드론3 목적지62 | 1000스텝 | 배송 59/62 | 재적재  9 | 중계율 0.30 | alpha 3.336 | step_limit
Ep 213 | 드론4 목적지77 |  825스텝 | 배송 77/77 | 재적재 14 | 중계율 0.20 | alpha 3.306 | complete
Ep 214 | 드론3 목적지44 |  955스텝 | 배송 44/44 | 재적재  8 | 중계율 0.25 | alpha 3.316 | complete
Ep 215 | 드론3 목적지49 | 1000스텝 | 배송 45/49 | 재적재  9 | 중계율 0.35 | alpha 3.275 | step_limit
Ep 216 | 드론4 목적지29 |  729스텝 | 배송 29/29 | 재적재  4 | 중계율 0.43 | alpha 3.240 | complete
Ep 217 | 드론4 목적지36 |  408스텝 | 배송 36/36 | 재적재  5 | 중계율 0.22 | alpha 3.227 | complete
Ep 218 | 드론4 목적지55 |  700스텝 | 배송 55/55 | 재적재 10 | 중계율 0.24 | alpha 3.211 | complete
Ep 219 | 드론3 목적지35 |  805스텝 | 배송 35/35 | 재적재  4 | 중계율 0.35 | alpha 3.162 | complete
Ep 220 | 드론4 목적지73 | 1000스텝 | 배송 72/73 | 재적재 13 | 중계율 0.27 | alpha 3.187 | step_limit
Ep 221 | 드론4 목적지25 |  544스텝 | 배송 25/25 | 재적재  2 | 중계율 0.39 | alpha 3.166 | complete
Ep 222 | 드론3 목적지30 |  740스텝 | 배송 30/30 | 재적재  4 | 중계율 0.35 | alpha 3.156 | complete
Ep 223 | 드론3 목적지45 | 1000스텝 | 배송 41/45 | 재적재  8 | 중계율 0.32 | alpha 3.184 | step_limit
Ep 224 | 드론4 목적지76 | 1000스텝 | 배송 65/76 | 재적재 10 | 중계율 0.40 | alpha 3.158 | step_limit
Ep 225 | 드론4 목적지70 |  996스텝 | 배송 70/70 | 재적재 12 | 중계율 0.32 | alpha 3.186 | complete
Ep 226 | 드론4 목적지73 |  682스텝 | 배송 73/73 | 재적재 13 | 중계율 0.22 | alpha 3.148 | complete
Ep 227 | 드론4 목적지56 |  794스텝 | 배송 56/56 | 재적재 10 | 중계율 0.26 | alpha 3.146 | complete
Ep 228 | 드론4 목적지24 |  417스텝 | 배송 24/24 | 재적재  3 | 중계율 0.34 | alpha 3.123 | complete
Ep 229 | 드론3 목적지32 | 1000스텝 | 배송 29/32 | 재적재  5 | 중계율 0.41 | alpha 3.133 | step_limit
Ep 230 | 드론3 목적지62 | 1000스텝 | 배송 58/62 | 재적재 10 | 중계율 0.26 | alpha 3.124 | step_limit
Ep 231 | 드론3 목적지27 |  569스텝 | 배송 27/27 | 재적재  4 | 중계율 0.29 | alpha 3.086 | complete
Ep 232 | 드론4 목적지27 |  615스텝 | 배송 27/27 | 재적재  2 | 중계율 0.46 | alpha 3.086 | complete
Ep 233 | 드론4 목적지58 | 1000스텝 | 배송 45/58 | 재적재  7 | 중계율 0.30 | alpha 3.083 | step_limit
Ep 234 | 드론3 목적지56 |  914스텝 | 배송 56/56 | 재적재 10 | 중계율 0.25 | alpha 3.062 | complete
Ep 235 | 드론3 목적지49 | 1000스텝 | 배송 47/49 | 재적재  8 | 중계율 0.34 | alpha 3.068 | step_limit
Ep 236 | 드론4 목적지71 | 1000스텝 | 배송 67/71 | 재적재 11 | 중계율 0.29 | alpha 3.046 | step_limit
Ep 237 | 드론4 목적지77 |  906스텝 | 배송 77/77 | 재적재 15 | 중계율 0.23 | alpha 2.994 | complete
Ep 238 | 드론4 목적지27 |  611스텝 | 배송 27/27 | 재적재  4 | 중계율 0.25 | alpha 3.036 | complete
Ep 239 | 드론4 목적지37 |  594스텝 | 배송 37/37 | 재적재  4 | 중계율 0.37 | alpha 3.057 | complete
Ep 240 | 드론4 목적지70 |  788스텝 | 배송 70/70 | 재적재 12 | 중계율 0.24 | alpha 3.072 | complete
Ep 241 | 드론3 목적지46 | 1000스텝 | 배송 42/46 | 재적재  8 | 중계율 0.29 | alpha 2.987 | step_limit
Ep 242 | 드론4 목적지65 |  875스텝 | 배송 65/65 | 재적재 11 | 중계율 0.20 | alpha 2.990 | complete
Ep 243 | 드론4 목적지39 |  691스텝 | 배송 39/39 | 재적재  6 | 중계율 0.36 | alpha 3.016 | complete
Ep 244 | 드론3 목적지51 |  978스텝 | 배송 51/51 | 재적재  8 | 중계율 0.32 | alpha 2.996 | complete
Ep 245 | 드론3 목적지52 | 1000스텝 | 배송 40/52 | 재적재  6 | 중계율 0.37 | alpha 2.966 | step_limit
Ep 246 | 드론4 목적지54 |  709스텝 | 배송 54/54 | 재적재 10 | 중계율 0.23 | alpha 2.945 | complete
Ep 247 | 드론4 목적지69 |  890스텝 | 배송 69/69 | 재적재 11 | 중계율 0.32 | alpha 2.941 | complete
Ep 248 | 드론3 목적지77 | 1000스텝 | 배송 65/77 | 재적재 13 | 중계율 0.27 | alpha 2.987 | step_limit
Ep 249 | 드론4 목적지70 | 1000스텝 | 배송 66/70 | 재적재 11 | 중계율 0.22 | alpha 2.961 | step_limit
Ep 250 | 드론3 목적지51 | 1000스텝 | 배송 50/51 | 재적재  7 | 중계율 0.34 | alpha 2.932 | step_limit
  [홀드아웃] 배송 49.9±0.9 완주 0.94 스텝 966 점수 120.9 재적재 7.3 2홉+ 0.63 | 최고 126.8@ep100 정체 3/8
Ep 251 | 드론4 목적지33 |  510스텝 | 배송 33/33 | 재적재  5 | 중계율 0.26 | alpha 2.967 | complete
Ep 252 | 드론3 목적지25 |  716스텝 | 배송 25/25 | 재적재  3 | 중계율 0.36 | alpha 2.985 | complete
Ep 253 | 드론4 목적지49 | 1000스텝 | 배송 45/49 | 재적재  8 | 중계율 0.38 | alpha 2.910 | step_limit
Ep 254 | 드론4 목적지26 |  336스텝 | 배송 26/26 | 재적재  3 | 중계율 0.23 | alpha 2.877 | complete
Ep 255 | 드론3 목적지38 |  711스텝 | 배송 38/38 | 재적재  5 | 중계율 0.32 | alpha 2.940 | complete
Ep 256 | 드론3 목적지27 |  670스텝 | 배송 27/27 | 재적재  4 | 중계율 0.37 | alpha 2.962 | complete
Ep 257 | 드론3 목적지44 |  806스텝 | 배송 44/44 | 재적재  6 | 중계율 0.35 | alpha 2.984 | complete
Ep 258 | 드론4 목적지73 | 1000스텝 | 배송 71/73 | 재적재 13 | 중계율 0.28 | alpha 2.927 | step_limit
Ep 259 | 드론4 목적지65 |  746스텝 | 배송 65/65 | 재적재 10 | 중계율 0.29 | alpha 2.902 | complete
Ep 260 | 드론4 목적지49 |  796스텝 | 배송 49/49 | 재적재  8 | 중계율 0.35 | alpha 2.983 | complete
Ep 261 | 드론4 목적지21 |  431스텝 | 배송 21/21 | 재적재  2 | 중계율 0.33 | alpha 2.965 | complete
Ep 262 | 드론3 목적지69 | 1000스텝 | 배송 64/69 | 재적재 12 | 중계율 0.24 | alpha 2.930 | step_limit
Ep 263 | 드론3 목적지40 |  740스텝 | 배송 40/40 | 재적재  6 | 중계율 0.35 | alpha 2.943 | complete
Ep 264 | 드론4 목적지35 |  594스텝 | 배송 35/35 | 재적재  5 | 중계율 0.32 | alpha 2.939 | complete
Ep 265 | 드론4 목적지52 |  739스텝 | 배송 52/52 | 재적재  9 | 중계율 0.20 | alpha 2.855 | complete
Ep 266 | 드론3 목적지33 |  496스텝 | 배송 33/33 | 재적재  6 | 중계율 0.16 | alpha 2.833 | complete
Ep 267 | 드론4 목적지32 |  416스텝 | 배송 32/32 | 재적재  4 | 중계율 0.30 | alpha 2.826 | complete
Ep 268 | 드론3 목적지39 | 1000스텝 | 배송 30/39 | 재적재  5 | 중계율 0.28 | alpha 2.802 | step_limit
Ep 269 | 드론4 목적지71 |  939스텝 | 배송 71/71 | 재적재 12 | 중계율 0.28 | alpha 2.861 | complete
Ep 270 | 드론3 목적지56 | 1000스텝 | 배송 39/56 | 재적재  6 | 중계율 0.34 | alpha 2.867 | step_limit
Ep 271 | 드론4 목적지66 |  794스텝 | 배송 66/66 | 재적재 10 | 중계율 0.30 | alpha 2.918 | complete
Ep 272 | 드론3 목적지33 |  487스텝 | 배송 33/33 | 재적재  5 | 중계율 0.21 | alpha 2.895 | complete
Ep 273 | 드론4 목적지75 | 1000스텝 | 배송 70/75 | 재적재 12 | 중계율 0.33 | alpha 2.846 | step_limit
Ep 274 | 드론3 목적지63 | 1000스텝 | 배송 58/63 | 재적재  9 | 중계율 0.25 | alpha 2.836 | step_limit
Ep 275 | 드론3 목적지46 | 1000스텝 | 배송 44/46 | 재적재  6 | 중계율 0.38 | alpha 2.756 | step_limit
Ep 276 | 드론4 목적지62 | 1000스텝 | 배송 50/62 | 재적재 10 | 중계율 0.39 | alpha 2.798 | step_limit
Ep 277 | 드론4 목적지35 |  503스텝 | 배송 35/35 | 재적재  5 | 중계율 0.34 | alpha 2.827 | complete
Ep 278 | 드론3 목적지79 | 1000스텝 | 배송 64/79 | 재적재 10 | 중계율 0.26 | alpha 2.877 | step_limit
Ep 279 | 드론3 목적지50 | 1000스텝 | 배송 47/50 | 재적재  8 | 중계율 0.27 | alpha 2.849 | step_limit
Ep 280 | 드론3 목적지71 | 1000스텝 | 배송 61/71 | 재적재 11 | 중계율 0.34 | alpha 2.779 | step_limit
Ep 281 | 드론4 목적지52 |  793스텝 | 배송 52/52 | 재적재  7 | 중계율 0.32 | alpha 2.793 | complete
Ep 282 | 드론3 목적지55 |  892스텝 | 배송 55/55 | 재적재 10 | 중계율 0.31 | alpha 2.836 | complete
Ep 283 | 드론3 목적지44 |  695스텝 | 배송 44/44 | 재적재  7 | 중계율 0.22 | alpha 2.823 | complete
Ep 284 | 드론4 목적지61 |  757스텝 | 배송 61/61 | 재적재 10 | 중계율 0.26 | alpha 2.826 | complete
Ep 285 | 드론4 목적지61 | 1000스텝 | 배송 58/61 | 재적재 10 | 중계율 0.32 | alpha 2.806 | step_limit
Ep 286 | 드론4 목적지35 |  616스텝 | 배송 35/35 | 재적재  5 | 중계율 0.27 | alpha 2.827 | complete
Ep 287 | 드론4 목적지42 |  647스텝 | 배송 42/42 | 재적재  6 | 중계율 0.35 | alpha 2.844 | complete
Ep 288 | 드론3 목적지26 |  638스텝 | 배송 26/26 | 재적재  4 | 중계율 0.34 | alpha 2.805 | complete
Ep 289 | 드론4 목적지71 |  817스텝 | 배송 71/71 | 재적재 12 | 중계율 0.26 | alpha 2.779 | complete
Ep 290 | 드론3 목적지34 |  735스텝 | 배송 34/34 | 재적재  6 | 중계율 0.25 | alpha 2.726 | complete
Ep 291 | 드론4 목적지70 |  936스텝 | 배송 70/70 | 재적재 12 | 중계율 0.29 | alpha 2.773 | complete
Ep 292 | 드론4 목적지25 |  416스텝 | 배송 25/25 | 재적재  4 | 중계율 0.27 | alpha 2.801 | complete
Ep 293 | 드론4 목적지78 | 1000스텝 | 배송 76/78 | 재적재 12 | 중계율 0.31 | alpha 2.803 | step_limit
Ep 294 | 드론3 목적지63 | 1000스텝 | 배송 57/63 | 재적재 10 | 중계율 0.27 | alpha 2.818 | step_limit
Ep 295 | 드론3 목적지40 |  872스텝 | 배송 40/40 | 재적재  7 | 중계율 0.30 | alpha 2.760 | complete
Ep 296 | 드론3 목적지78 | 1000스텝 | 배송 60/78 | 재적재 11 | 중계율 0.29 | alpha 2.788 | step_limit
Ep 297 | 드론3 목적지76 | 1000스텝 | 배송 58/76 | 재적재  9 | 중계율 0.22 | alpha 2.738 | step_limit
Ep 298 | 드론4 목적지42 |  499스텝 | 배송 42/42 | 재적재  7 | 중계율 0.21 | alpha 2.754 | complete
Ep 299 | 드론4 목적지34 |  854스텝 | 배송 34/34 | 재적재  4 | 중계율 0.47 | alpha 2.775 | complete
Ep 300 | 드론4 목적지73 | 1000스텝 | 배송 71/73 | 재적재 12 | 중계율 0.33 | alpha 2.775 | step_limit
  [홀드아웃] 배송 50.0±0.1 완주 0.99 스텝 908 점수 126.6 재적재 7.3 2홉+ 0.62 | 최고 126.8@ep100 정체 4/8
Ep 301 | 드론4 목적지74 |  852스텝 | 배송 74/74 | 재적재 13 | 중계율 0.20 | alpha 2.769 | complete
Ep 302 | 드론3 목적지56 | 1000스텝 | 배송 48/56 | 재적재  7 | 중계율 0.27 | alpha 2.748 | step_limit
Ep 303 | 드론4 목적지24 |  449스텝 | 배송 24/24 | 재적재  4 | 중계율 0.33 | alpha 2.720 | complete
Ep 304 | 드론4 목적지67 | 1000스텝 | 배송 66/67 | 재적재 11 | 중계율 0.35 | alpha 2.693 | step_limit
Ep 305 | 드론3 목적지69 | 1000스텝 | 배송 60/69 | 재적재 10 | 중계율 0.31 | alpha 2.668 | step_limit
Ep 306 | 드론3 목적지30 |  493스텝 | 배송 30/30 | 재적재  3 | 중계율 0.30 | alpha 2.684 | complete
Ep 307 | 드론4 목적지46 |  566스텝 | 배송 46/46 | 재적재  8 | 중계율 0.21 | alpha 2.707 | complete
Ep 308 | 드론3 목적지45 |  814스텝 | 배송 45/45 | 재적재  8 | 중계율 0.27 | alpha 2.688 | complete
Ep 309 | 드론4 목적지80 | 1000스텝 | 배송 70/80 | 재적재 12 | 중계율 0.36 | alpha 2.722 | step_limit
Ep 310 | 드론3 목적지26 |  481스텝 | 배송 26/26 | 재적재  4 | 중계율 0.25 | alpha 2.714 | complete
Ep 311 | 드론3 목적지52 |  895스텝 | 배송 52/52 | 재적재  8 | 중계율 0.25 | alpha 2.713 | complete
Ep 312 | 드론3 목적지42 |  895스텝 | 배송 42/42 | 재적재  7 | 중계율 0.39 | alpha 2.656 | complete
Ep 313 | 드론3 목적지60 | 1000스텝 | 배송 59/60 | 재적재  9 | 중계율 0.30 | alpha 2.673 | step_limit
Ep 314 | 드론3 목적지78 | 1000스텝 | 배송 64/78 | 재적재 10 | 중계율 0.33 | alpha 2.664 | step_limit
Ep 315 | 드론4 목적지51 | 1000스텝 | 배송 46/51 | 재적재  7 | 중계율 0.39 | alpha 2.728 | step_limit
Ep 316 | 드론4 목적지58 |  793스텝 | 배송 58/58 | 재적재 10 | 중계율 0.28 | alpha 2.718 | complete
Ep 317 | 드론4 목적지75 | 1000스텝 | 배송 68/75 | 재적재 10 | 중계율 0.29 | alpha 2.687 | step_limit
Ep 318 | 드론4 목적지56 | 1000스텝 | 배송 51/56 | 재적재  8 | 중계율 0.36 | alpha 2.696 | step_limit
Ep 319 | 드론3 목적지69 | 1000스텝 | 배송 58/69 | 재적재  9 | 중계율 0.33 | alpha 2.682 | step_limit
Ep 320 | 드론4 목적지45 |  937스텝 | 배송 45/45 | 재적재  7 | 중계율 0.36 | alpha 2.655 | complete
Ep 321 | 드론4 목적지28 |  684스텝 | 배송 28/28 | 재적재  4 | 중계율 0.39 | alpha 2.689 | complete
Ep 322 | 드론4 목적지59 | 1000스텝 | 배송 48/59 | 재적재  9 | 중계율 0.19 | alpha 2.674 | step_limit
Ep 323 | 드론3 목적지44 | 1000스텝 | 배송 42/44 | 재적재  8 | 중계율 0.36 | alpha 2.646 | step_limit
Ep 324 | 드론3 목적지25 |  494스텝 | 배송 25/25 | 재적재  4 | 중계율 0.23 | alpha 2.614 | complete
Ep 325 | 드론4 목적지65 |  795스텝 | 배송 65/65 | 재적재 12 | 중계율 0.27 | alpha 2.614 | complete
Ep 326 | 드론3 목적지31 |  566스텝 | 배송 31/31 | 재적재  4 | 중계율 0.32 | alpha 2.650 | complete
Ep 327 | 드론4 목적지67 | 1000스텝 | 배송 58/67 | 재적재 10 | 중계율 0.30 | alpha 2.640 | step_limit
Ep 328 | 드론3 목적지65 | 1000스텝 | 배송 53/65 | 재적재 10 | 중계율 0.22 | alpha 2.656 | step_limit
Ep 329 | 드론4 목적지33 |  970스텝 | 배송 32/33 | 재적재  5 | 중계율 0.41 | alpha 2.593 | no_progress
Ep 330 | 드론4 목적지76 | 1000스텝 | 배송 61/76 | 재적재 10 | 중계율 0.26 | alpha 2.602 | step_limit
Ep 331 | 드론3 목적지76 | 1000스텝 | 배송 65/76 | 재적재 12 | 중계율 0.31 | alpha 2.622 | step_limit
Ep 332 | 드론4 목적지75 |  793스텝 | 배송 75/75 | 재적재 13 | 중계율 0.25 | alpha 2.606 | complete
Ep 333 | 드론3 목적지26 |  982스텝 | 배송 22/26 | 재적재  3 | 중계율 0.33 | alpha 2.603 | no_progress
Ep 334 | 드론3 목적지63 | 1000스텝 | 배송 61/63 | 재적재 10 | 중계율 0.26 | alpha 2.607 | step_limit
Ep 335 | 드론4 목적지28 |  395스텝 | 배송 28/28 | 재적재  3 | 중계율 0.31 | alpha 2.602 | complete
Ep 336 | 드론3 목적지54 | 1000스텝 | 배송 49/54 | 재적재  8 | 중계율 0.31 | alpha 2.596 | step_limit
Ep 337 | 드론3 목적지65 | 1000스텝 | 배송 51/65 | 재적재  9 | 중계율 0.35 | alpha 2.616 | step_limit
Ep 338 | 드론3 목적지68 | 1000스텝 | 배송 59/68 | 재적재 10 | 중계율 0.32 | alpha 2.608 | step_limit
Ep 339 | 드론4 목적지47 |  613스텝 | 배송 47/47 | 재적재  8 | 중계율 0.22 | alpha 2.628 | complete
Ep 340 | 드론3 목적지73 | 1000스텝 | 배송 60/73 | 재적재 10 | 중계율 0.36 | alpha 2.629 | step_limit
Ep 341 | 드론3 목적지64 | 1000스텝 | 배송 52/64 | 재적재  9 | 중계율 0.33 | alpha 2.570 | step_limit
Ep 342 | 드론3 목적지26 |  693스텝 | 배송 26/26 | 재적재  3 | 중계율 0.22 | alpha 2.595 | complete
Ep 343 | 드론4 목적지58 |  961스텝 | 배송 58/58 | 재적재 10 | 중계율 0.32 | alpha 2.590 | complete
Ep 344 | 드론4 목적지23 |  382스텝 | 배송 23/23 | 재적재  2 | 중계율 0.20 | alpha 2.565 | complete
Ep 345 | 드론4 목적지53 |  904스텝 | 배송 53/53 | 재적재  9 | 중계율 0.38 | alpha 2.518 | complete
Ep 346 | 드론3 목적지21 |  620스텝 | 배송 21/21 | 재적재  3 | 중계율 0.32 | alpha 2.511 | complete
Ep 347 | 드론4 목적지39 |  540스텝 | 배송 39/39 | 재적재  6 | 중계율 0.28 | alpha 2.495 | complete
Ep 348 | 드론4 목적지46 |  462스텝 | 배송 46/46 | 재적재  7 | 중계율 0.22 | alpha 2.505 | complete
Ep 349 | 드론4 목적지37 |  553스텝 | 배송 37/37 | 재적재  4 | 중계율 0.27 | alpha 2.472 | complete
Ep 350 | 드론3 목적지42 |  856스텝 | 배송 42/42 | 재적재  7 | 중계율 0.38 | alpha 2.530 | complete
  [홀드아웃] 배송 49.6±1.7 완주 0.90 스텝 964 점수 117.1 재적재 7.5 2홉+ 0.63 | 최고 126.8@ep100 정체 5/8
Ep 351 | 드론4 목적지54 |  766스텝 | 배송 54/54 | 재적재  9 | 중계율 0.27 | alpha 2.562 | complete
Ep 352 | 드론4 목적지69 |  846스텝 | 배송 69/69 | 재적재 11 | 중계율 0.31 | alpha 2.549 | complete
Ep 353 | 드론3 목적지44 |  737스텝 | 배송 44/44 | 재적재  7 | 중계율 0.27 | alpha 2.559 | complete
Ep 354 | 드론3 목적지49 | 1000스텝 | 배송 47/49 | 재적재  7 | 중계율 0.29 | alpha 2.529 | step_limit
Ep 355 | 드론3 목적지28 |  463스텝 | 배송 28/28 | 재적재  3 | 중계율 0.30 | alpha 2.574 | complete
Ep 356 | 드론3 목적지79 | 1000스텝 | 배송 74/79 | 재적재 13 | 중계율 0.25 | alpha 2.501 | step_limit
Ep 357 | 드론4 목적지71 |  670스텝 | 배송 71/71 | 재적재 13 | 중계율 0.16 | alpha 2.529 | complete
Ep 358 | 드론3 목적지30 |  617스텝 | 배송 30/30 | 재적재  4 | 중계율 0.34 | alpha 2.548 | complete
Ep 359 | 드론3 목적지74 | 1000스텝 | 배송 68/74 | 재적재 12 | 중계율 0.24 | alpha 2.494 | step_limit
Ep 360 | 드론4 목적지47 |  720스텝 | 배송 47/47 | 재적재  7 | 중계율 0.29 | alpha 2.513 | complete
Ep 361 | 드론3 목적지43 |  909스텝 | 배송 43/43 | 재적재  7 | 중계율 0.33 | alpha 2.519 | complete
Ep 362 | 드론4 목적지78 | 1000스텝 | 배송 76/78 | 재적재 14 | 중계율 0.26 | alpha 2.536 | step_limit
Ep 363 | 드론4 목적지70 | 1000스텝 | 배송 65/70 | 재적재 12 | 중계율 0.22 | alpha 2.520 | step_limit
Ep 364 | 드론3 목적지64 | 1000스텝 | 배송 53/64 | 재적재  8 | 중계율 0.33 | alpha 2.529 | step_limit
Ep 365 | 드론3 목적지63 | 1000스텝 | 배송 52/63 | 재적재  9 | 중계율 0.38 | alpha 2.543 | step_limit
Ep 366 | 드론3 목적지44 |  876스텝 | 배송 44/44 | 재적재  6 | 중계율 0.36 | alpha 2.510 | complete
Ep 367 | 드론4 목적지38 |  626스텝 | 배송 38/38 | 재적재  4 | 중계율 0.33 | alpha 2.495 | complete
Ep 368 | 드론3 목적지37 |  589스텝 | 배송 37/37 | 재적재  7 | 중계율 0.22 | alpha 2.479 | complete
Ep 369 | 드론3 목적지42 |  894스텝 | 배송 42/42 | 재적재  7 | 중계율 0.29 | alpha 2.458 | complete
Ep 370 | 드론3 목적지70 | 1000스텝 | 배송 61/70 | 재적재 10 | 중계율 0.30 | alpha 2.434 | step_limit
Ep 371 | 드론3 목적지40 |  840스텝 | 배송 40/40 | 재적재  5 | 중계율 0.33 | alpha 2.444 | complete
Ep 372 | 드론4 목적지29 |  520스텝 | 배송 29/29 | 재적재  4 | 중계율 0.22 | alpha 2.476 | complete
Ep 373 | 드론3 목적지79 | 1000스텝 | 배송 65/79 | 재적재 13 | 중계율 0.27 | alpha 2.482 | step_limit
Ep 374 | 드론3 목적지40 |  989스텝 | 배송 40/40 | 재적재  5 | 중계율 0.35 | alpha 2.458 | complete
Ep 375 | 드론3 목적지28 |  537스텝 | 배송 28/28 | 재적재  4 | 중계율 0.26 | alpha 2.442 | complete
Ep 376 | 드론3 목적지40 |  961스텝 | 배송 40/40 | 재적재  6 | 중계율 0.41 | alpha 2.453 | complete
Ep 377 | 드론3 목적지72 | 1000스텝 | 배송 64/72 | 재적재 11 | 중계율 0.32 | alpha 2.440 | step_limit
Ep 378 | 드론4 목적지61 |  884스텝 | 배송 61/61 | 재적재 10 | 중계율 0.29 | alpha 2.425 | complete
Ep 379 | 드론4 목적지68 | 1000스텝 | 배송 67/68 | 재적재 12 | 중계율 0.31 | alpha 2.407 | step_limit
Ep 380 | 드론3 목적지24 |  586스텝 | 배송 24/24 | 재적재  4 | 중계율 0.35 | alpha 2.410 | complete
Ep 381 | 드론3 목적지52 | 1000스텝 | 배송 50/52 | 재적재 10 | 중계율 0.32 | alpha 2.385 | step_limit
Ep 382 | 드론4 목적지35 |  566스텝 | 배송 35/35 | 재적재  5 | 중계율 0.28 | alpha 2.400 | complete
Ep 383 | 드론3 목적지47 | 1000스텝 | 배송 45/47 | 재적재  9 | 중계율 0.34 | alpha 2.375 | step_limit
Ep 384 | 드론3 목적지28 |  867스텝 | 배송 28/28 | 재적재  4 | 중계율 0.34 | alpha 2.362 | complete
Ep 385 | 드론4 목적지70 |  822스텝 | 배송 70/70 | 재적재 12 | 중계율 0.27 | alpha 2.393 | complete
Ep 386 | 드론4 목적지71 |  897스텝 | 배송 71/71 | 재적재 11 | 중계율 0.24 | alpha 2.363 | complete
Ep 387 | 드론3 목적지49 | 1000스텝 | 배송 39/49 | 재적재  6 | 중계율 0.17 | alpha 2.318 | step_limit
Ep 388 | 드론3 목적지21 |  384스텝 | 배송 21/21 | 재적재  2 | 중계율 0.33 | alpha 2.331 | complete
Ep 389 | 드론4 목적지60 |  839스텝 | 배송 60/60 | 재적재 10 | 중계율 0.20 | alpha 2.344 | complete
Ep 390 | 드론4 목적지30 |  434스텝 | 배송 30/30 | 재적재  4 | 중계율 0.30 | alpha 2.349 | complete
Ep 391 | 드론3 목적지51 |  863스텝 | 배송 51/51 | 재적재  9 | 중계율 0.19 | alpha 2.345 | complete
Ep 392 | 드론3 목적지39 |  750스텝 | 배송 39/39 | 재적재  7 | 중계율 0.35 | alpha 2.334 | complete
Ep 393 | 드론4 목적지73 |  820스텝 | 배송 73/73 | 재적재 12 | 중계율 0.19 | alpha 2.342 | complete
Ep 394 | 드론3 목적지32 |  662스텝 | 배송 32/32 | 재적재  4 | 중계율 0.38 | alpha 2.366 | complete
Ep 395 | 드론4 목적지70 | 1000스텝 | 배송 68/70 | 재적재 12 | 중계율 0.24 | alpha 2.370 | step_limit
Ep 396 | 드론4 목적지28 |  370스텝 | 배송 28/28 | 재적재  3 | 중계율 0.24 | alpha 2.364 | complete
Ep 397 | 드론3 목적지39 |  816스텝 | 배송 39/39 | 재적재  6 | 중계율 0.33 | alpha 2.408 | complete
Ep 398 | 드론3 목적지40 |  722스텝 | 배송 40/40 | 재적재  6 | 중계율 0.30 | alpha 2.392 | complete
Ep 399 | 드론3 목적지51 | 1000스텝 | 배송 48/51 | 재적재  8 | 중계율 0.30 | alpha 2.361 | step_limit
Ep 400 | 드론3 목적지79 | 1000스텝 | 배송 60/79 | 재적재 10 | 중계율 0.31 | alpha 2.379 | step_limit
  [홀드아웃] 배송 49.4±2.9 완주 0.95 스텝 877 점수 123.3 재적재 7.1 2홉+ 0.62 | 최고 126.8@ep100 정체 6/8
Ep 401 | 드론3 목적지63 | 1000스텝 | 배송 60/63 | 재적재 10 | 중계율 0.30 | alpha 2.385 | step_limit
Ep 402 | 드론3 목적지32 |  939스텝 | 배송 32/32 | 재적재  6 | 중계율 0.35 | alpha 2.343 | complete
Ep 403 | 드론3 목적지76 | 1000스텝 | 배송 65/76 | 재적재 10 | 중계율 0.22 | alpha 2.319 | step_limit
Ep 404 | 드론4 목적지23 |  342스텝 | 배송 23/23 | 재적재  4 | 중계율 0.25 | alpha 2.327 | complete
Ep 405 | 드론3 목적지67 | 1000스텝 | 배송 57/67 | 재적재 10 | 중계율 0.34 | alpha 2.325 | step_limit
Ep 406 | 드론3 목적지48 |  855스텝 | 배송 48/48 | 재적재  8 | 중계율 0.30 | alpha 2.310 | complete
Ep 407 | 드론3 목적지72 | 1000스텝 | 배송 65/72 | 재적재 11 | 중계율 0.30 | alpha 2.328 | step_limit
Ep 408 | 드론4 목적지79 | 1000스텝 | 배송 74/79 | 재적재 12 | 중계율 0.32 | alpha 2.362 | step_limit
Ep 409 | 드론4 목적지28 |  390스텝 | 배송 28/28 | 재적재  5 | 중계율 0.20 | alpha 2.366 | complete
Ep 410 | 드론4 목적지46 |  652스텝 | 배송 46/46 | 재적재  6 | 중계율 0.30 | alpha 2.280 | complete
Ep 411 | 드론4 목적지69 | 1000스텝 | 배송 62/69 | 재적재  9 | 중계율 0.37 | alpha 2.322 | step_limit
Ep 412 | 드론3 목적지47 |  800스텝 | 배송 47/47 | 재적재  9 | 중계율 0.29 | alpha 2.356 | complete
Ep 413 | 드론4 목적지45 |  662스텝 | 배송 45/45 | 재적재  7 | 중계율 0.29 | alpha 2.380 | complete
Ep 414 | 드론3 목적지76 | 1000스텝 | 배송 69/76 | 재적재 11 | 중계율 0.31 | alpha 2.374 | step_limit
Ep 415 | 드론3 목적지79 | 1000스텝 | 배송 70/79 | 재적재 12 | 중계율 0.26 | alpha 2.320 | step_limit
Ep 416 | 드론3 목적지20 |  471스텝 | 배송 20/20 | 재적재  3 | 중계율 0.31 | alpha 2.335 | complete
Ep 417 | 드론3 목적지45 |  699스텝 | 배송 45/45 | 재적재  7 | 중계율 0.28 | alpha 2.350 | complete
Ep 418 | 드론3 목적지75 | 1000스텝 | 배송 63/75 | 재적재 11 | 중계율 0.27 | alpha 2.316 | step_limit
Ep 419 | 드론4 목적지78 | 1000스텝 | 배송 70/78 | 재적재 11 | 중계율 0.33 | alpha 2.363 | step_limit
Ep 420 | 드론4 목적지33 |  529스텝 | 배송 33/33 | 재적재  5 | 중계율 0.23 | alpha 2.348 | complete
Ep 421 | 드론3 목적지62 | 1000스텝 | 배송 55/62 | 재적재 10 | 중계율 0.33 | alpha 2.362 | step_limit
Ep 422 | 드론4 목적지51 | 1000스텝 | 배송 50/51 | 재적재  8 | 중계율 0.37 | alpha 2.318 | step_limit
Ep 423 | 드론3 목적지44 |  896스텝 | 배송 44/44 | 재적재  6 | 중계율 0.32 | alpha 2.340 | complete
Ep 424 | 드론3 목적지33 |  749스텝 | 배송 33/33 | 재적재  5 | 중계율 0.40 | alpha 2.323 | complete
Ep 425 | 드론3 목적지33 |  469스텝 | 배송 33/33 | 재적재  5 | 중계율 0.19 | alpha 2.330 | complete
Ep 426 | 드론4 목적지24 |  499스텝 | 배송 24/24 | 재적재  3 | 중계율 0.25 | alpha 2.356 | complete
Ep 427 | 드론3 목적지64 | 1000스텝 | 배송 59/64 | 재적재 10 | 중계율 0.36 | alpha 2.371 | step_limit
Ep 428 | 드론4 목적지53 | 1000스텝 | 배송 50/53 | 재적재  7 | 중계율 0.42 | alpha 2.381 | step_limit
Ep 429 | 드론3 목적지36 |  602스텝 | 배송 36/36 | 재적재  6 | 중계율 0.28 | alpha 2.349 | complete
Ep 430 | 드론4 목적지48 | 1000스텝 | 배송 47/48 | 재적재  8 | 중계율 0.32 | alpha 2.362 | step_limit
Ep 431 | 드론3 목적지56 | 1000스텝 | 배송 50/56 | 재적재  8 | 중계율 0.33 | alpha 2.341 | step_limit
Ep 432 | 드론3 목적지45 |  757스텝 | 배송 45/45 | 재적재  8 | 중계율 0.26 | alpha 2.320 | complete
Ep 433 | 드론4 목적지25 |  529스텝 | 배송 25/25 | 재적재  2 | 중계율 0.42 | alpha 2.271 | complete
Ep 434 | 드론3 목적지58 | 1000스텝 | 배송 55/58 | 재적재  8 | 중계율 0.35 | alpha 2.274 | step_limit
Ep 435 | 드론3 목적지72 | 1000스텝 | 배송 51/72 | 재적재  9 | 중계율 0.38 | alpha 2.248 | step_limit
Ep 436 | 드론3 목적지71 | 1000스텝 | 배송 68/71 | 재적재 12 | 중계율 0.26 | alpha 2.290 | step_limit
Ep 437 | 드론3 목적지53 |  977스텝 | 배송 53/53 | 재적재  9 | 중계율 0.35 | alpha 2.278 | complete
Ep 438 | 드론4 목적지31 |  457스텝 | 배송 31/31 | 재적재  4 | 중계율 0.33 | alpha 2.263 | complete
Ep 439 | 드론4 목적지77 |  928스텝 | 배송 77/77 | 재적재 13 | 중계율 0.28 | alpha 2.290 | complete
Ep 440 | 드론3 목적지73 | 1000스텝 | 배송 63/73 | 재적재 10 | 중계율 0.32 | alpha 2.319 | step_limit
Ep 441 | 드론4 목적지27 |  318스텝 | 배송 27/27 | 재적재  4 | 중계율 0.22 | alpha 2.318 | complete
Ep 442 | 드론3 목적지20 |  507스텝 | 배송 20/20 | 재적재  3 | 중계율 0.33 | alpha 2.327 | complete
Ep 443 | 드론4 목적지73 | 1000스텝 | 배송 71/73 | 재적재 14 | 중계율 0.15 | alpha 2.267 | step_limit
Ep 444 | 드론3 목적지56 | 1000스텝 | 배송 55/56 | 재적재 10 | 중계율 0.24 | alpha 2.251 | step_limit
Ep 445 | 드론4 목적지20 |  346스텝 | 배송 20/20 | 재적재  0 | 중계율 0.39 | alpha 2.254 | complete
Ep 446 | 드론3 목적지26 |  533스텝 | 배송 26/26 | 재적재  4 | 중계율 0.27 | alpha 2.239 | complete
Ep 447 | 드론3 목적지41 |  634스텝 | 배송 41/41 | 재적재  7 | 중계율 0.22 | alpha 2.230 | complete
Ep 448 | 드론4 목적지73 |  837스텝 | 배송 73/73 | 재적재 13 | 중계율 0.28 | alpha 2.249 | complete
Ep 449 | 드론3 목적지56 | 1000스텝 | 배송 52/56 | 재적재 10 | 중계율 0.32 | alpha 2.259 | step_limit
Ep 450 | 드론3 목적지35 |  706스텝 | 배송 35/35 | 재적재  5 | 중계율 0.36 | alpha 2.251 | complete
  [홀드아웃] 배송 49.6±2.7 완주 0.95 스텝 897 점수 123.0 재적재 7.3 2홉+ 0.61 | 최고 126.8@ep100 정체 7/8
Ep 451 | 드론4 목적지77 | 1000스텝 | 배송 75/77 | 재적재 13 | 중계율 0.16 | alpha 2.271 | step_limit
Ep 452 | 드론3 목적지22 |  467스텝 | 배송 22/22 | 재적재  3 | 중계율 0.33 | alpha 2.220 | complete
Ep 453 | 드론4 목적지47 |  615스텝 | 배송 47/47 | 재적재  7 | 중계율 0.26 | alpha 2.253 | complete
Ep 454 | 드론4 목적지72 | 1000스텝 | 배송 69/72 | 재적재 12 | 중계율 0.31 | alpha 2.262 | step_limit
Ep 455 | 드론4 목적지63 | 1000스텝 | 배송 59/63 | 재적재 10 | 중계율 0.36 | alpha 2.291 | step_limit
Ep 456 | 드론3 목적지73 | 1000스텝 | 배송 65/73 | 재적재 12 | 중계율 0.30 | alpha 2.235 | step_limit
Ep 457 | 드론4 목적지36 |  683스텝 | 배송 36/36 | 재적재  5 | 중계율 0.36 | alpha 2.223 | complete
Ep 458 | 드론4 목적지78 |  892스텝 | 배송 78/78 | 재적재 15 | 중계율 0.22 | alpha 2.229 | complete
Ep 459 | 드론4 목적지45 |  898스텝 | 배송 45/45 | 재적재  7 | 중계율 0.41 | alpha 2.244 | complete
Ep 460 | 드론3 목적지70 | 1000스텝 | 배송 61/70 | 재적재 10 | 중계율 0.35 | alpha 2.251 | step_limit
Ep 461 | 드론3 목적지39 |  678스텝 | 배송 39/39 | 재적재  5 | 중계율 0.35 | alpha 2.254 | complete
Ep 462 | 드론4 목적지62 |  797스텝 | 배송 62/62 | 재적재 11 | 중계율 0.29 | alpha 2.279 | complete
Ep 463 | 드론3 목적지67 | 1000스텝 | 배송 56/67 | 재적재 10 | 중계율 0.28 | alpha 2.266 | step_limit
Ep 464 | 드론3 목적지33 |  681스텝 | 배송 33/33 | 재적재  5 | 중계율 0.27 | alpha 2.313 | complete
Ep 465 | 드론4 목적지80 | 1000스텝 | 배송 68/80 | 재적재 11 | 중계율 0.36 | alpha 2.292 | step_limit
Ep 466 | 드론4 목적지42 |  631스텝 | 배송 42/42 | 재적재  7 | 중계율 0.19 | alpha 2.281 | complete
Ep 467 | 드론3 목적지63 | 1000스텝 | 배송 62/63 | 재적재 10 | 중계율 0.26 | alpha 2.279 | step_limit
Ep 468 | 드론3 목적지78 | 1000스텝 | 배송 67/78 | 재적재 11 | 중계율 0.29 | alpha 2.301 | step_limit
Ep 469 | 드론4 목적지48 | 1000스텝 | 배송 47/48 | 재적재  9 | 중계율 0.26 | alpha 2.258 | step_limit
Ep 470 | 드론4 목적지70 | 1000스텝 | 배송 66/70 | 재적재 11 | 중계율 0.29 | alpha 2.216 | step_limit
Ep 471 | 드론3 목적지24 |  371스텝 | 배송 24/24 | 재적재  3 | 중계율 0.27 | alpha 2.224 | complete
Ep 472 | 드론4 목적지62 |  873스텝 | 배송 62/62 | 재적재 11 | 중계율 0.27 | alpha 2.209 | complete
Ep 473 | 드론3 목적지30 |  626스텝 | 배송 30/30 | 재적재  4 | 중계율 0.33 | alpha 2.220 | complete
Ep 474 | 드론3 목적지37 |  743스텝 | 배송 37/37 | 재적재  5 | 중계율 0.36 | alpha 2.267 | complete
Ep 475 | 드론3 목적지71 | 1000스텝 | 배송 61/71 | 재적재 12 | 중계율 0.29 | alpha 2.248 | step_limit
Ep 476 | 드론3 목적지29 |  561스텝 | 배송 29/29 | 재적재  4 | 중계율 0.27 | alpha 2.279 | complete
Ep 477 | 드론3 목적지36 |  758스텝 | 배송 36/36 | 재적재  6 | 중계율 0.32 | alpha 2.260 | complete
Ep 478 | 드론3 목적지52 | 1000스텝 | 배송 50/52 | 재적재  8 | 중계율 0.29 | alpha 2.295 | step_limit
Ep 479 | 드론4 목적지75 | 1000스텝 | 배송 70/75 | 재적재 12 | 중계율 0.35 | alpha 2.302 | step_limit
Ep 480 | 드론4 목적지64 | 1000스텝 | 배송 55/64 | 재적재  9 | 중계율 0.25 | alpha 2.338 | step_limit
Ep 481 | 드론3 목적지70 | 1000스텝 | 배송 60/70 | 재적재 11 | 중계율 0.33 | alpha 2.309 | step_limit
Ep 482 | 드론4 목적지39 |  750스텝 | 배송 39/39 | 재적재  5 | 중계율 0.27 | alpha 2.284 | complete
Ep 483 | 드론4 목적지51 |  853스텝 | 배송 51/51 | 재적재 10 | 중계율 0.35 | alpha 2.291 | complete
Ep 484 | 드론4 목적지43 |  806스텝 | 배송 43/43 | 재적재  7 | 중계율 0.31 | alpha 2.272 | complete
Ep 485 | 드론3 목적지36 |  789스텝 | 배송 36/36 | 재적재  5 | 중계율 0.35 | alpha 2.290 | complete
Ep 486 | 드론3 목적지53 |  845스텝 | 배송 53/53 | 재적재  8 | 중계율 0.28 | alpha 2.270 | complete
Ep 487 | 드론4 목적지34 |  456스텝 | 배송 34/34 | 재적재  4 | 중계율 0.26 | alpha 2.259 | complete
Ep 488 | 드론3 목적지73 | 1000스텝 | 배송 57/73 | 재적재 10 | 중계율 0.30 | alpha 2.273 | step_limit
Ep 489 | 드론4 목적지52 |  784스텝 | 배송 52/52 | 재적재  9 | 중계율 0.28 | alpha 2.264 | complete
Ep 490 | 드론4 목적지40 |  494스텝 | 배송 40/40 | 재적재  7 | 중계율 0.25 | alpha 2.280 | complete
Ep 491 | 드론3 목적지47 |  944스텝 | 배송 47/47 | 재적재  8 | 중계율 0.23 | alpha 2.236 | complete
Ep 492 | 드론3 목적지71 | 1000스텝 | 배송 58/71 | 재적재 10 | 중계율 0.30 | alpha 2.271 | step_limit
Ep 493 | 드론3 목적지46 |  812스텝 | 배송 46/46 | 재적재  7 | 중계율 0.29 | alpha 2.261 | complete
Ep 494 | 드론3 목적지47 |  933스텝 | 배송 47/47 | 재적재  8 | 중계율 0.32 | alpha 2.310 | complete
Ep 495 | 드론3 목적지45 |  917스텝 | 배송 45/45 | 재적재  8 | 중계율 0.35 | alpha 2.288 | complete
Ep 496 | 드론4 목적지65 |  965스텝 | 배송 65/65 | 재적재  9 | 중계율 0.25 | alpha 2.263 | complete
Ep 497 | 드론3 목적지35 |  545스텝 | 배송 35/35 | 재적재  6 | 중계율 0.24 | alpha 2.249 | complete
Ep 498 | 드론4 목적지39 |  781스텝 | 배송 39/39 | 재적재  5 | 중계율 0.42 | alpha 2.251 | complete
Ep 499 | 드론4 목적지28 |  565스텝 | 배송 28/28 | 재적재  4 | 중계율 0.36 | alpha 2.305 | complete
Ep 500 | 드론3 목적지49 |  978스텝 | 배송 49/49 | 재적재  7 | 중계율 0.37 | alpha 2.289 | complete
  [홀드아웃] 배송 49.7±2.7 완주 0.97 스텝 906 점수 125.4 재적재 7.3 2홉+ 0.62 | 최고 126.8@ep100 정체 8/8

조기 종료. 최고 126.8@ep100
Training finished. best=126.8 @ ep100
