/home/kopt/enter/envs/wsl_neuroMCTS/lib/python3.10/site-packages/pygame/pkgdata.py:25: UserWarning: pkg_resources is deprecated as an API. See https://setuptools.pypa.io/en/latest/pkg_resources.html. The pkg_resources package is slated for removal as early as 2025-11-30. Refrain from using this package or pin to Setuptools<81.
  from pkg_resources import resource_stream, resource_exists
pygame 2.6.1 (SDL 2.28.4, Python 3.10.19)
Hello from the pygame community. https://www.pygame.org/contribute.html
집합 상위 학습 | 반경 300 상한 1000 무배송 500 gamma 0.997 구성=무작위 드론[3, 4] 목적지[20, 80] CC무작위 인스턴스=무작위 목표유지=off 완주보상=0.0 잔여페널티=0.1 규칙관측=False 규칙정규화=2.0/중계가중치=1.0 막힘페널티=0.0 중계크레딧=0.0/재분배=0.0/드론별보상=False 도달권shaping=0.0 정체전환보상=0.0 엔트로피비=0.6->0.25@400 자기회귀=True/가까운순=False 순차크레딧=True 혼합critic=False 정체재결정=0 결합critic=False 홀드아웃상한=3000 선택=makespan/속도가중치=40.0
/home/kopt/drone/proposed_src/pipeline/train_v5_26_09_15_23.py:576: UserWarning: Converting a tensor with requires_grad=True to a scalar may lead to unexpected behavior.
Consider using tensor.detach() first. (Triggered internally at /pytorch/torch/csrc/autograd/generated/python_variable_methods.cpp:836.)
  writer.add_scalar("train/alpha", float(log_alpha.exp()), ep)
Ep 1 | 드론4 목적지43 | 1000스텝 | 배송 35/43 | 재적재  5 | 중계율 0.05 | alpha 0.100 | step_limit
Ep 2 | 드론3 목적지74 | 1000스텝 | 배송 59/74 | 재적재 10 | 중계율 0.19 | alpha 0.105 | step_limit
Ep 3 | 드론4 목적지43 |  567스텝 | 배송 43/43 | 재적재  6 | 중계율 0.17 | alpha 0.110 | complete
Ep 4 | 드론3 목적지23 |  671스텝 | 배송 23/23 | 재적재  3 | 중계율 0.34 | alpha 0.117 | complete
Ep 5 | 드론3 목적지31 |  637스텝 | 배송 31/31 | 재적재  5 | 중계율 0.35 | alpha 0.123 | complete
Ep 6 | 드론3 목적지68 | 1000스텝 | 배송 50/68 | 재적재  8 | 중계율 0.25 | alpha 0.133 | step_limit
Ep 7 | 드론4 목적지44 |  765스텝 | 배송 29/44 | 재적재  3 | 중계율 0.33 | alpha 0.142 | no_progress
Ep 8 | 드론4 목적지30 |  599스텝 | 배송 30/30 | 재적재  4 | 중계율 0.33 | alpha 0.149 | complete
Ep 9 | 드론4 목적지42 |  550스텝 | 배송 42/42 | 재적재  7 | 중계율 0.28 | alpha 0.155 | complete
Ep 10 | 드론4 목적지47 |  616스텝 | 배송 47/47 | 재적재  6 | 중계율 0.30 | alpha 0.163 | complete
Ep 11 | 드론4 목적지21 |  318스텝 | 배송 21/21 | 재적재  3 | 중계율 0.24 | alpha 0.166 | complete
Ep 12 | 드론3 목적지37 |  523스텝 | 배송 37/37 | 재적재  5 | 중계율 0.21 | alpha 0.173 | complete
Ep 13 | 드론4 목적지28 |  494스텝 | 배송 28/28 | 재적재  4 | 중계율 0.25 | alpha 0.180 | complete
Ep 14 | 드론3 목적지41 |  703스텝 | 배송 41/41 | 재적재  6 | 중계율 0.28 | alpha 0.190 | complete
Ep 15 | 드론3 목적지66 | 1000스텝 | 배송 60/66 | 재적재  9 | 중계율 0.30 | alpha 0.205 | step_limit
Ep 16 | 드론3 목적지71 | 1000스텝 | 배송 62/71 | 재적재 10 | 중계율 0.29 | alpha 0.220 | step_limit
Ep 17 | 드론3 목적지24 |  573스텝 | 배송 24/24 | 재적재  3 | 중계율 0.36 | alpha 0.230 | complete
Ep 18 | 드론4 목적지49 |  611스텝 | 배송 49/49 | 재적재  8 | 중계율 0.28 | alpha 0.241 | complete
Ep 19 | 드론4 목적지34 |  675스텝 | 배송 34/34 | 재적재  5 | 중계율 0.37 | alpha 0.253 | complete
Ep 20 | 드론3 목적지48 |  940스텝 | 배송 48/48 | 재적재  7 | 중계율 0.27 | alpha 0.271 | complete
Ep 21 | 드론3 목적지63 | 1000스텝 | 배송 59/63 | 재적재  9 | 중계율 0.28 | alpha 0.292 | step_limit
Ep 22 | 드론4 목적지46 |  757스텝 | 배송 46/46 | 재적재  8 | 중계율 0.34 | alpha 0.309 | complete
Ep 23 | 드론3 목적지44 |  853스텝 | 배송 44/44 | 재적재  6 | 중계율 0.33 | alpha 0.329 | complete
Ep 24 | 드론4 목적지41 |  556스텝 | 배송 41/41 | 재적재  6 | 중계율 0.30 | alpha 0.343 | complete
Ep 25 | 드론4 목적지38 |  846스텝 | 배송 38/38 | 재적재  6 | 중계율 0.33 | alpha 0.365 | complete
Ep 26 | 드론4 목적지77 |  955스텝 | 배송 77/77 | 재적재 12 | 중계율 0.33 | alpha 0.392 | complete
Ep 27 | 드론3 목적지41 |  920스텝 | 배송 41/41 | 재적재  7 | 중계율 0.35 | alpha 0.419 | complete
Ep 28 | 드론4 목적지52 |  862스텝 | 배송 52/52 | 재적재  7 | 중계율 0.40 | alpha 0.447 | complete
Ep 29 | 드론4 목적지72 | 1000스텝 | 배송 65/72 | 재적재 10 | 중계율 0.41 | alpha 0.481 | step_limit
Ep 30 | 드론4 목적지61 | 1000스텝 | 배송 60/61 | 재적재 12 | 중계율 0.41 | alpha 0.518 | step_limit
Ep 31 | 드론4 목적지45 |  564스텝 | 배송 45/45 | 재적재  6 | 중계율 0.30 | alpha 0.540 | complete
Ep 32 | 드론3 목적지68 | 1000스텝 | 배송 49/68 | 재적재  7 | 중계율 0.26 | alpha 0.581 | step_limit
Ep 33 | 드론3 목적지35 |  645스텝 | 배송 35/35 | 재적재  4 | 중계율 0.28 | alpha 0.609 | complete
Ep 34 | 드론3 목적지24 |  334스텝 | 배송 24/24 | 재적재  3 | 중계율 0.26 | alpha 0.624 | complete
Ep 35 | 드론3 목적지58 |  960스텝 | 배송 58/58 | 재적재 11 | 중계율 0.29 | alpha 0.670 | complete
Ep 36 | 드론3 목적지64 | 1000스텝 | 배송 50/64 | 재적재 10 | 중계율 0.28 | alpha 0.722 | step_limit
Ep 37 | 드론4 목적지58 | 1000스텝 | 배송 56/58 | 재적재 11 | 중계율 0.40 | alpha 0.777 | step_limit
Ep 38 | 드론3 목적지77 | 1000스텝 | 배송 49/77 | 재적재  8 | 중계율 0.34 | alpha 0.836 | step_limit
Ep 39 | 드론3 목적지28 | 1000스텝 | 배송 27/28 | 재적재  3 | 중계율 0.42 | alpha 0.900 | step_limit
Ep 40 | 드론3 목적지37 |  529스텝 | 배송 37/37 | 재적재  6 | 중계율 0.22 | alpha 0.936 | complete
Ep 41 | 드론4 목적지59 |  791스텝 | 배송 59/59 | 재적재 11 | 중계율 0.22 | alpha 0.992 | complete
Ep 42 | 드론4 목적지58 |  964스텝 | 배송 58/58 | 재적재 10 | 중계율 0.41 | alpha 1.065 | complete
Ep 43 | 드론4 목적지20 |  517스텝 | 배송 20/20 | 재적재  2 | 중계율 0.33 | alpha 1.106 | complete
Ep 44 | 드론4 목적지30 |  491스텝 | 배송 30/30 | 재적재  4 | 중계율 0.17 | alpha 1.146 | complete
Ep 45 | 드론4 목적지39 |  559스텝 | 배송 39/39 | 재적재  5 | 중계율 0.32 | alpha 1.194 | complete
Ep 46 | 드론4 목적지32 |  438스텝 | 배송 32/32 | 재적재  4 | 중계율 0.31 | alpha 1.232 | complete
Ep 47 | 드론4 목적지35 |  710스텝 | 배송 35/35 | 재적재  4 | 중계율 0.38 | alpha 1.298 | complete
Ep 48 | 드론4 목적지39 |  695스텝 | 배송 39/39 | 재적재  5 | 중계율 0.40 | alpha 1.365 | complete
Ep 49 | 드론4 목적지47 |  630스텝 | 배송 47/47 | 재적재  8 | 중계율 0.30 | alpha 1.430 | complete
Ep 50 | 드론3 목적지72 | 1000스텝 | 배송 56/72 | 재적재 10 | 중계율 0.23 | alpha 1.539 | step_limit
  [홀드아웃] 배송 49.6±1.8 완주 0.94 스텝 869 점수 122.2 재적재 7.2 2홉+ 0.62 | 최고 122.2@ep50 정체 0/8  ← 갱신
Ep 51 | 드론3 목적지71 | 1000스텝 | 배송 61/71 | 재적재 12 | 중계율 0.23 | alpha 1.654 | step_limit
Ep 52 | 드론3 목적지45 |  895스텝 | 배송 45/45 | 재적재  7 | 중계율 0.28 | alpha 1.766 | complete
Ep 53 | 드론4 목적지64 | 1000스텝 | 배송 57/64 | 재적재  9 | 중계율 0.19 | alpha 1.900 | step_limit
Ep 54 | 드론4 목적지24 |  532스텝 | 배송 24/24 | 재적재  2 | 중계율 0.46 | alpha 1.976 | complete
Ep 55 | 드론4 목적지60 | 1000스텝 | 배송 58/60 | 재적재  9 | 중계율 0.40 | alpha 2.124 | step_limit
Ep 56 | 드론4 목적지20 |  281스텝 | 배송 20/20 | 재적재  2 | 중계율 0.30 | alpha 2.168 | complete
Ep 57 | 드론4 목적지61 |  843스텝 | 배송 61/61 | 재적재 10 | 중계율 0.28 | alpha 2.302 | complete
Ep 58 | 드론4 목적지77 | 1000스텝 | 배송 74/77 | 재적재 13 | 중계율 0.28 | alpha 2.471 | step_limit
Ep 59 | 드론4 목적지40 | 1000스텝 | 배송 31/40 | 재적재  4 | 중계율 0.45 | alpha 2.651 | step_limit
Ep 60 | 드론3 목적지76 | 1000스텝 | 배송 52/76 | 재적재  9 | 중계율 0.29 | alpha 2.839 | step_limit
Ep 61 | 드론4 목적지66 |  994스텝 | 배송 66/66 | 재적재 11 | 중계율 0.33 | alpha 3.032 | complete
Ep 62 | 드론4 목적지43 |  523스텝 | 배송 43/43 | 재적재  6 | 중계율 0.27 | alpha 3.132 | complete
Ep 63 | 드론4 목적지57 |  869스텝 | 배송 57/57 | 재적재  9 | 중계율 0.27 | alpha 3.300 | complete
Ep 64 | 드론3 목적지52 |  945스텝 | 배송 52/52 | 재적재  9 | 중계율 0.29 | alpha 3.482 | complete
Ep 65 | 드론4 목적지42 |  512스텝 | 배송 42/42 | 재적재  6 | 중계율 0.28 | alpha 3.579 | complete
Ep 66 | 드론3 목적지41 |  839스텝 | 배송 41/41 | 재적재  7 | 중계율 0.32 | alpha 3.745 | complete
Ep 67 | 드론4 목적지23 |  357스텝 | 배송 23/23 | 재적재  4 | 중계율 0.21 | alpha 3.816 | complete
Ep 68 | 드론4 목적지77 |  708스텝 | 배송 77/77 | 재적재 13 | 중계율 0.19 | alpha 3.955 | complete
Ep 69 | 드론3 목적지48 |  914스텝 | 배송 48/48 | 재적재  8 | 중계율 0.20 | alpha 4.133 | complete
Ep 70 | 드론3 목적지69 | 1000스텝 | 배송 39/69 | 재적재  7 | 중계율 0.32 | alpha 4.318 | step_limit
Ep 71 | 드론4 목적지34 |  378스텝 | 배송 34/34 | 재적재  5 | 중계율 0.20 | alpha 4.387 | complete
Ep 72 | 드론4 목적지61 | 1000스텝 | 배송 56/61 | 재적재  9 | 중계율 0.35 | alpha 4.555 | step_limit
Ep 73 | 드론4 목적지50 |  944스텝 | 배송 50/50 | 재적재  8 | 중계율 0.36 | alpha 4.707 | complete
Ep 74 | 드론3 목적지70 | 1000스텝 | 배송 60/70 | 재적재 11 | 중계율 0.22 | alpha 4.848 | step_limit
Ep 75 | 드론4 목적지21 |  254스텝 | 배송 21/21 | 재적재  2 | 중계율 0.21 | alpha 4.881 | complete
Ep 76 | 드론3 목적지49 | 1000스텝 | 배송 47/49 | 재적재  7 | 중계율 0.31 | alpha 5.002 | step_limit
Ep 77 | 드론3 목적지67 | 1000스텝 | 배송 46/67 | 재적재  8 | 중계율 0.27 | alpha 5.097 | step_limit
Ep 78 | 드론3 목적지34 |  720스텝 | 배송 34/34 | 재적재  5 | 중계율 0.23 | alpha 5.164 | complete
Ep 79 | 드론4 목적지31 |  774스텝 | 배송 31/31 | 재적재  3 | 중계율 0.28 | alpha 5.208 | complete
Ep 80 | 드론3 목적지44 |  755스텝 | 배송 44/44 | 재적재  6 | 중계율 0.29 | alpha 5.233 | complete
Ep 81 | 드론4 목적지71 | 1000스텝 | 배송 60/71 | 재적재  9 | 중계율 0.33 | alpha 5.246 | step_limit
Ep 82 | 드론3 목적지59 | 1000스텝 | 배송 52/59 | 재적재  9 | 중계율 0.19 | alpha 5.234 | step_limit
Ep 83 | 드론4 목적지21 |  241스텝 | 배송 21/21 | 재적재  2 | 중계율 0.17 | alpha 5.234 | complete
Ep 84 | 드론3 목적지41 | 1000스텝 | 배송 40/41 | 재적재  6 | 중계율 0.30 | alpha 5.218 | step_limit
Ep 85 | 드론4 목적지38 | 1000스텝 | 배송 30/38 | 재적재  3 | 중계율 0.36 | alpha 5.175 | step_limit
Ep 86 | 드론4 목적지64 |  933스텝 | 배송 64/64 | 재적재 11 | 중계율 0.27 | alpha 5.150 | complete
Ep 87 | 드론4 목적지24 |  643스텝 | 배송 24/24 | 재적재  3 | 중계율 0.37 | alpha 5.135 | complete
Ep 88 | 드론4 목적지66 |  955스텝 | 배송 66/66 | 재적재 12 | 중계율 0.26 | alpha 5.075 | complete
Ep 89 | 드론4 목적지20 |  760스텝 | 배송 20/20 | 재적재  2 | 중계율 0.32 | alpha 5.041 | complete
Ep 90 | 드론4 목적지37 |  386스텝 | 배송 37/37 | 재적재  5 | 중계율 0.16 | alpha 5.040 | complete
Ep 91 | 드론3 목적지60 | 1000스텝 | 배송 51/60 | 재적재  9 | 중계율 0.27 | alpha 5.015 | step_limit
Ep 92 | 드론3 목적지37 | 1000스텝 | 배송 33/37 | 재적재  6 | 중계율 0.39 | alpha 4.946 | step_limit
Ep 93 | 드론3 목적지27 |  922스텝 | 배송 27/27 | 재적재  3 | 중계율 0.29 | alpha 4.926 | complete
Ep 94 | 드론3 목적지76 | 1000스텝 | 배송 62/76 | 재적재 10 | 중계율 0.24 | alpha 4.921 | step_limit
Ep 95 | 드론4 목적지30 |  558스텝 | 배송 30/30 | 재적재  5 | 중계율 0.27 | alpha 4.856 | complete
Ep 96 | 드론4 목적지34 |  724스텝 | 배송 34/34 | 재적재  4 | 중계율 0.34 | alpha 4.839 | complete
Ep 97 | 드론4 목적지35 | 1000스텝 | 배송 33/35 | 재적재  4 | 중계율 0.34 | alpha 4.867 | step_limit
Ep 98 | 드론4 목적지39 |  565스텝 | 배송 39/39 | 재적재  6 | 중계율 0.21 | alpha 4.866 | complete
Ep 99 | 드론4 목적지69 | 1000스텝 | 배송 60/69 | 재적재 12 | 중계율 0.38 | alpha 4.798 | step_limit
Ep 100 | 드론4 목적지80 | 1000스텝 | 배송 69/80 | 재적재 12 | 중계율 0.25 | alpha 4.779 | step_limit
  [홀드아웃] 배송 50.0±0.0 완주 1.00 스텝 1020 점수 126.4 재적재 7.5 2홉+ 0.63 | 최고 126.4@ep100 정체 0/8  ← 갱신
Ep 101 | 드론3 목적지62 | 1000스텝 | 배송 54/62 | 재적재  9 | 중계율 0.22 | alpha 4.752 | step_limit
Ep 102 | 드론3 목적지30 |  827스텝 | 배송 30/30 | 재적재  5 | 중계율 0.28 | alpha 4.709 | complete
Ep 103 | 드론4 목적지75 |  998스텝 | 배송 75/75 | 재적재 12 | 중계율 0.32 | alpha 4.644 | complete
Ep 104 | 드론3 목적지39 |  702스텝 | 배송 39/39 | 재적재  5 | 중계율 0.22 | alpha 4.597 | complete
Ep 105 | 드론4 목적지24 |  712스텝 | 배송 24/24 | 재적재  4 | 중계율 0.39 | alpha 4.630 | complete
Ep 106 | 드론4 목적지73 | 1000스텝 | 배송 68/73 | 재적재 11 | 중계율 0.34 | alpha 4.563 | step_limit
Ep 107 | 드론4 목적지25 |  621스텝 | 배송 25/25 | 재적재  4 | 중계율 0.32 | alpha 4.577 | complete
Ep 108 | 드론3 목적지69 | 1000스텝 | 배송 56/69 | 재적재 11 | 중계율 0.33 | alpha 4.546 | step_limit
Ep 109 | 드론3 목적지25 |  587스텝 | 배송 25/25 | 재적재  3 | 중계율 0.25 | alpha 4.552 | complete
Ep 110 | 드론3 목적지26 |  810스텝 | 배송 26/26 | 재적재  4 | 중계율 0.32 | alpha 4.533 | complete
Ep 111 | 드론3 목적지21 |  376스텝 | 배송 21/21 | 재적재  2 | 중계율 0.24 | alpha 4.534 | complete
Ep 112 | 드론4 목적지31 |  455스텝 | 배송 31/31 | 재적재  4 | 중계율 0.22 | alpha 4.502 | complete
Ep 113 | 드론3 목적지57 | 1000스텝 | 배송 46/57 | 재적재  9 | 중계율 0.27 | alpha 4.501 | step_limit
Ep 114 | 드론4 목적지64 | 1000스텝 | 배송 59/64 | 재적재  9 | 중계율 0.37 | alpha 4.462 | step_limit
Ep 115 | 드론4 목적지57 |  833스텝 | 배송 57/57 | 재적재  9 | 중계율 0.29 | alpha 4.452 | complete
Ep 116 | 드론3 목적지78 | 1000스텝 | 배송 60/78 | 재적재 10 | 중계율 0.23 | alpha 4.391 | step_limit
Ep 117 | 드론4 목적지76 | 1000스텝 | 배송 64/76 | 재적재 11 | 중계율 0.36 | alpha 4.420 | step_limit
Ep 118 | 드론3 목적지59 | 1000스텝 | 배송 58/59 | 재적재 10 | 중계율 0.21 | alpha 4.320 | step_limit
Ep 119 | 드론3 목적지73 | 1000스텝 | 배송 65/73 | 재적재 11 | 중계율 0.27 | alpha 4.366 | step_limit
Ep 120 | 드론3 목적지68 | 1000스텝 | 배송 56/68 | 재적재 10 | 중계율 0.24 | alpha 4.293 | step_limit
Ep 121 | 드론4 목적지59 |  968스텝 | 배송 59/59 | 재적재  9 | 중계율 0.34 | alpha 4.294 | complete
Ep 122 | 드론4 목적지55 |  946스텝 | 배송 55/55 | 재적재  9 | 중계율 0.28 | alpha 4.286 | complete
Ep 123 | 드론3 목적지22 |  668스텝 | 배송 22/22 | 재적재  4 | 중계율 0.22 | alpha 4.230 | complete
Ep 124 | 드론3 목적지57 |  884스텝 | 배송 57/57 | 재적재 10 | 중계율 0.22 | alpha 4.152 | complete
Ep 125 | 드론3 목적지29 |  794스텝 | 배송 29/29 | 재적재  4 | 중계율 0.28 | alpha 4.209 | complete
Ep 126 | 드론4 목적지80 | 1000스텝 | 배송 79/80 | 재적재 14 | 중계율 0.32 | alpha 4.248 | step_limit
Ep 127 | 드론4 목적지23 |  705스텝 | 배송 23/23 | 재적재  3 | 중계율 0.35 | alpha 4.214 | complete
Ep 128 | 드론3 목적지75 | 1000스텝 | 배송 57/75 | 재적재 10 | 중계율 0.27 | alpha 4.167 | step_limit
Ep 129 | 드론4 목적지31 |  693스텝 | 배송 31/31 | 재적재  3 | 중계율 0.47 | alpha 4.144 | complete
Ep 130 | 드론4 목적지26 |  359스텝 | 배송 26/26 | 재적재  4 | 중계율 0.16 | alpha 4.130 | complete
Ep 131 | 드론4 목적지57 |  884스텝 | 배송 57/57 | 재적재 10 | 중계율 0.20 | alpha 4.144 | complete
Ep 132 | 드론3 목적지51 | 1000스텝 | 배송 48/51 | 재적재  8 | 중계율 0.31 | alpha 4.100 | step_limit
Ep 133 | 드론4 목적지36 |  589스텝 | 배송 36/36 | 재적재  6 | 중계율 0.32 | alpha 4.156 | complete
Ep 134 | 드론4 목적지49 |  835스텝 | 배송 49/49 | 재적재  8 | 중계율 0.31 | alpha 4.130 | complete
Ep 135 | 드론3 목적지56 | 1000스텝 | 배송 50/56 | 재적재  8 | 중계율 0.35 | alpha 4.029 | step_limit
Ep 136 | 드론3 목적지38 |  946스텝 | 배송 38/38 | 재적재  7 | 중계율 0.28 | alpha 3.934 | complete
Ep 137 | 드론4 목적지37 |  550스텝 | 배송 37/37 | 재적재  6 | 중계율 0.23 | alpha 3.983 | complete
Ep 138 | 드론4 목적지68 | 1000스텝 | 배송 65/68 | 재적재 11 | 중계율 0.33 | alpha 3.959 | step_limit
Ep 139 | 드론3 목적지63 | 1000스텝 | 배송 55/63 | 재적재 10 | 중계율 0.18 | alpha 3.958 | step_limit
Ep 140 | 드론4 목적지64 | 1000스텝 | 배송 61/64 | 재적재 10 | 중계율 0.30 | alpha 3.958 | step_limit
Ep 141 | 드론3 목적지48 | 1000스텝 | 배송 42/48 | 재적재  7 | 중계율 0.29 | alpha 3.890 | step_limit
Ep 142 | 드론4 목적지69 |  868스텝 | 배송 69/69 | 재적재 12 | 중계율 0.23 | alpha 3.907 | complete
Ep 143 | 드론3 목적지58 | 1000스텝 | 배송 50/58 | 재적재  8 | 중계율 0.25 | alpha 3.946 | step_limit
Ep 144 | 드론4 목적지55 |  775스텝 | 배송 55/55 | 재적재  8 | 중계율 0.33 | alpha 3.965 | complete
Ep 145 | 드론3 목적지39 |  968스텝 | 배송 39/39 | 재적재  6 | 중계율 0.35 | alpha 3.939 | complete
Ep 146 | 드론3 목적지60 | 1000스텝 | 배송 59/60 | 재적재 11 | 중계율 0.19 | alpha 3.893 | step_limit
Ep 147 | 드론3 목적지44 |  716스텝 | 배송 44/44 | 재적재  8 | 중계율 0.25 | alpha 3.916 | complete
Ep 148 | 드론4 목적지50 |  870스텝 | 배송 50/50 | 재적재  8 | 중계율 0.34 | alpha 3.855 | complete
Ep 149 | 드론3 목적지36 |  733스텝 | 배송 36/36 | 재적재  6 | 중계율 0.25 | alpha 3.795 | complete
Ep 150 | 드론4 목적지78 | 1000스텝 | 배송 75/78 | 재적재 14 | 중계율 0.32 | alpha 3.874 | step_limit
  [홀드아웃] 배송 50.0±0.2 완주 0.97 스텝 951 점수 124.8 재적재 7.3 2홉+ 0.63 | 최고 126.4@ep100 정체 1/8
Ep 151 | 드론3 목적지64 | 1000스텝 | 배송 60/64 | 재적재 11 | 중계율 0.22 | alpha 3.824 | step_limit
Ep 152 | 드론4 목적지21 |  229스텝 | 배송 21/21 | 재적재  3 | 중계율 0.09 | alpha 3.816 | complete
Ep 153 | 드론4 목적지76 | 1000스텝 | 배송 59/76 | 재적재 11 | 중계율 0.26 | alpha 3.890 | step_limit
Ep 154 | 드론3 목적지40 |  740스텝 | 배송 40/40 | 재적재  7 | 중계율 0.27 | alpha 3.864 | complete
Ep 155 | 드론3 목적지64 | 1000스텝 | 배송 55/64 | 재적재  9 | 중계율 0.26 | alpha 3.780 | step_limit
Ep 156 | 드론4 목적지50 |  980스텝 | 배송 50/50 | 재적재  7 | 중계율 0.34 | alpha 3.681 | complete
Ep 157 | 드론3 목적지56 |  951스텝 | 배송 56/56 | 재적재 10 | 중계율 0.22 | alpha 3.677 | complete
Ep 158 | 드론4 목적지67 | 1000스텝 | 배송 63/67 | 재적재 11 | 중계율 0.31 | alpha 3.781 | step_limit
Ep 159 | 드론4 목적지78 | 1000스텝 | 배송 75/78 | 재적재 14 | 중계율 0.19 | alpha 3.777 | step_limit
Ep 160 | 드론4 목적지23 |  706스텝 | 배송 23/23 | 재적재  4 | 중계율 0.37 | alpha 3.742 | complete
Ep 161 | 드론4 목적지73 | 1000스텝 | 배송 54/73 | 재적재  8 | 중계율 0.30 | alpha 3.744 | step_limit
Ep 162 | 드론3 목적지49 |  795스텝 | 배송 49/49 | 재적재  9 | 중계율 0.24 | alpha 3.744 | complete
Ep 163 | 드론4 목적지36 |  573스텝 | 배송 36/36 | 재적재  5 | 중계율 0.27 | alpha 3.765 | complete
Ep 164 | 드론4 목적지54 |  533스텝 | 배송 54/54 | 재적재  8 | 중계율 0.21 | alpha 3.727 | complete
Ep 165 | 드론4 목적지47 |  907스텝 | 배송 47/47 | 재적재  8 | 중계율 0.35 | alpha 3.698 | complete
Ep 166 | 드론4 목적지63 |  757스텝 | 배송 63/63 | 재적재 10 | 중계율 0.25 | alpha 3.680 | complete
Ep 167 | 드론4 목적지38 |  637스텝 | 배송 38/38 | 재적재  5 | 중계율 0.34 | alpha 3.675 | complete
Ep 168 | 드론4 목적지44 |  952스텝 | 배송 44/44 | 재적재  8 | 중계율 0.37 | alpha 3.683 | complete
Ep 169 | 드론4 목적지45 |  737스텝 | 배송 45/45 | 재적재  7 | 중계율 0.35 | alpha 3.698 | complete
Ep 170 | 드론3 목적지78 | 1000스텝 | 배송 65/78 | 재적재 12 | 중계율 0.26 | alpha 3.713 | step_limit
Ep 171 | 드론4 목적지34 |  640스텝 | 배송 34/34 | 재적재  4 | 중계율 0.35 | alpha 3.648 | complete
Ep 172 | 드론3 목적지48 |  983스텝 | 배송 48/48 | 재적재  9 | 중계율 0.27 | alpha 3.605 | complete
Ep 173 | 드론3 목적지64 | 1000스텝 | 배송 52/64 | 재적재  8 | 중계율 0.33 | alpha 3.707 | step_limit
Ep 174 | 드론4 목적지38 |  484스텝 | 배송 38/38 | 재적재  5 | 중계율 0.24 | alpha 3.686 | complete
Ep 175 | 드론3 목적지56 | 1000스텝 | 배송 55/56 | 재적재  9 | 중계율 0.28 | alpha 3.575 | step_limit
Ep 176 | 드론3 목적지68 | 1000스텝 | 배송 51/68 | 재적재  8 | 중계율 0.32 | alpha 3.579 | step_limit
Ep 177 | 드론4 목적지74 | 1000스텝 | 배송 67/74 | 재적재 10 | 중계율 0.29 | alpha 3.589 | step_limit
Ep 178 | 드론4 목적지37 |  695스텝 | 배송 37/37 | 재적재  5 | 중계율 0.32 | alpha 3.616 | complete
Ep 179 | 드론4 목적지48 |  766스텝 | 배송 48/48 | 재적재  8 | 중계율 0.33 | alpha 3.653 | complete
Ep 180 | 드론3 목적지61 | 1000스텝 | 배송 56/61 | 재적재  9 | 중계율 0.30 | alpha 3.636 | step_limit
Ep 181 | 드론3 목적지80 | 1000스텝 | 배송 60/80 | 재적재 11 | 중계율 0.32 | alpha 3.676 | step_limit
Ep 182 | 드론4 목적지31 |  715스텝 | 배송 31/31 | 재적재  4 | 중계율 0.39 | alpha 3.631 | complete
Ep 183 | 드론3 목적지53 | 1000스텝 | 배송 50/53 | 재적재 10 | 중계율 0.30 | alpha 3.561 | step_limit
Ep 184 | 드론3 목적지64 | 1000스텝 | 배송 57/64 | 재적재  9 | 중계율 0.35 | alpha 3.597 | step_limit
Ep 185 | 드론3 목적지49 |  956스텝 | 배송 49/49 | 재적재  9 | 중계율 0.24 | alpha 3.553 | complete
Ep 186 | 드론4 목적지47 |  834스텝 | 배송 47/47 | 재적재  9 | 중계율 0.33 | alpha 3.557 | complete
Ep 187 | 드론4 목적지59 | 1000스텝 | 배송 52/59 | 재적재  9 | 중계율 0.40 | alpha 3.578 | step_limit
Ep 188 | 드론3 목적지33 |  678스텝 | 배송 33/33 | 재적재  4 | 중계율 0.31 | alpha 3.551 | complete
Ep 189 | 드론4 목적지35 |  535스텝 | 배송 35/35 | 재적재  5 | 중계율 0.25 | alpha 3.542 | complete
Ep 190 | 드론3 목적지30 |  508스텝 | 배송 30/30 | 재적재  5 | 중계율 0.32 | alpha 3.566 | complete
Ep 191 | 드론3 목적지70 | 1000스텝 | 배송 60/70 | 재적재 11 | 중계율 0.26 | alpha 3.582 | step_limit
Ep 192 | 드론4 목적지36 |  460스텝 | 배송 36/36 | 재적재  6 | 중계율 0.22 | alpha 3.590 | complete
Ep 193 | 드론3 목적지54 | 1000스텝 | 배송 50/54 | 재적재  8 | 중계율 0.34 | alpha 3.541 | step_limit
Ep 194 | 드론3 목적지76 | 1000스텝 | 배송 65/76 | 재적재 12 | 중계율 0.31 | alpha 3.563 | step_limit
Ep 195 | 드론4 목적지74 | 1000스텝 | 배송 62/74 | 재적재 10 | 중계율 0.37 | alpha 3.448 | step_limit
Ep 196 | 드론4 목적지70 | 1000스텝 | 배송 68/70 | 재적재 12 | 중계율 0.34 | alpha 3.484 | step_limit
Ep 197 | 드론3 목적지34 |  616스텝 | 배송 34/34 | 재적재  5 | 중계율 0.29 | alpha 3.492 | complete
Ep 198 | 드론3 목적지33 |  633스텝 | 배송 33/33 | 재적재  4 | 중계율 0.32 | alpha 3.491 | complete
Ep 199 | 드론4 목적지46 |  649스텝 | 배송 46/46 | 재적재  8 | 중계율 0.26 | alpha 3.447 | complete
Ep 200 | 드론4 목적지42 |  612스텝 | 배송 42/42 | 재적재  7 | 중계율 0.24 | alpha 3.438 | complete
  [홀드아웃] 배송 50.0±0.1 완주 0.99 스텝 955 점수 126.0 재적재 7.4 2홉+ 0.63 | 최고 126.4@ep100 정체 2/8
Ep 201 | 드론4 목적지51 |  715스텝 | 배송 51/51 | 재적재  9 | 중계율 0.27 | alpha 3.402 | complete
Ep 202 | 드론4 목적지32 |  644스텝 | 배송 32/32 | 재적재  3 | 중계율 0.43 | alpha 3.400 | complete
Ep 203 | 드론4 목적지30 |  692스텝 | 배송 30/30 | 재적재  3 | 중계율 0.46 | alpha 3.440 | complete
Ep 204 | 드론4 목적지73 | 1000스텝 | 배송 65/73 | 재적재 11 | 중계율 0.32 | alpha 3.333 | step_limit
Ep 205 | 드론3 목적지44 |  799스텝 | 배송 44/44 | 재적재  8 | 중계율 0.29 | alpha 3.335 | complete
Ep 206 | 드론3 목적지26 |  618스텝 | 배송 26/26 | 재적재  3 | 중계율 0.28 | alpha 3.339 | complete
Ep 207 | 드론4 목적지40 |  798스텝 | 배송 40/40 | 재적재  7 | 중계율 0.30 | alpha 3.299 | complete
Ep 208 | 드론4 목적지35 |  808스텝 | 배송 35/35 | 재적재  5 | 중계율 0.35 | alpha 3.345 | complete
Ep 209 | 드론4 목적지75 |  837스텝 | 배송 75/75 | 재적재 14 | 중계율 0.18 | alpha 3.349 | complete
Ep 210 | 드론4 목적지56 | 1000스텝 | 배송 46/56 | 재적재  7 | 중계율 0.31 | alpha 3.326 | step_limit
Ep 211 | 드론3 목적지26 |  643스텝 | 배송 26/26 | 재적재  4 | 중계율 0.26 | alpha 3.270 | complete
Ep 212 | 드론3 목적지58 |  894스텝 | 배송 58/58 | 재적재 10 | 중계율 0.25 | alpha 3.263 | complete
Ep 213 | 드론3 목적지44 |  888스텝 | 배송 44/44 | 재적재  8 | 중계율 0.30 | alpha 3.244 | complete
Ep 214 | 드론3 목적지56 |  918스텝 | 배송 56/56 | 재적재 10 | 중계율 0.24 | alpha 3.318 | complete
Ep 215 | 드론3 목적지64 | 1000스텝 | 배송 61/64 | 재적재 11 | 중계율 0.25 | alpha 3.262 | step_limit
Ep 216 | 드론4 목적지40 |  694스텝 | 배송 40/40 | 재적재  5 | 중계율 0.34 | alpha 3.205 | complete
Ep 217 | 드론4 목적지41 |  641스텝 | 배송 41/41 | 재적재  7 | 중계율 0.21 | alpha 3.249 | complete
Ep 218 | 드론3 목적지31 |  587스텝 | 배송 31/31 | 재적재  5 | 중계율 0.28 | alpha 3.218 | complete
Ep 219 | 드론3 목적지80 | 1000스텝 | 배송 64/80 | 재적재 11 | 중계율 0.21 | alpha 3.209 | step_limit
Ep 220 | 드론3 목적지53 | 1000스텝 | 배송 50/53 | 재적재  8 | 중계율 0.29 | alpha 3.251 | step_limit
Ep 221 | 드론4 목적지72 | 1000스텝 | 배송 68/72 | 재적재 12 | 중계율 0.25 | alpha 3.286 | step_limit
Ep 222 | 드론3 목적지27 |  658스텝 | 배송 27/27 | 재적재  4 | 중계율 0.28 | alpha 3.271 | complete
Ep 223 | 드론4 목적지22 |  477스텝 | 배송 22/22 | 재적재  2 | 중계율 0.33 | alpha 3.234 | complete
Ep 224 | 드론3 목적지62 | 1000스텝 | 배송 54/62 | 재적재  8 | 중계율 0.29 | alpha 3.280 | step_limit
Ep 225 | 드론4 목적지58 |  716스텝 | 배송 58/58 | 재적재  8 | 중계율 0.21 | alpha 3.234 | complete
Ep 226 | 드론4 목적지37 | 1000스텝 | 배송 35/37 | 재적재  6 | 중계율 0.40 | alpha 3.166 | step_limit
Ep 227 | 드론3 목적지49 |  865스텝 | 배송 49/49 | 재적재  8 | 중계율 0.31 | alpha 3.191 | complete
Ep 228 | 드론4 목적지72 |  853스텝 | 배송 72/72 | 재적재 12 | 중계율 0.23 | alpha 3.191 | complete
Ep 229 | 드론3 목적지77 | 1000스텝 | 배송 60/77 | 재적재 11 | 중계율 0.31 | alpha 3.165 | step_limit
Ep 230 | 드론4 목적지53 |  604스텝 | 배송 53/53 | 재적재  8 | 중계율 0.20 | alpha 3.192 | complete
Ep 231 | 드론4 목적지56 | 1000스텝 | 배송 52/56 | 재적재  7 | 중계율 0.42 | alpha 3.132 | step_limit
Ep 232 | 드론3 목적지28 |  543스텝 | 배송 28/28 | 재적재  3 | 중계율 0.32 | alpha 3.151 | complete
Ep 233 | 드론4 목적지40 |  884스텝 | 배송 40/40 | 재적재  6 | 중계율 0.43 | alpha 3.030 | complete
Ep 234 | 드론4 목적지29 |  478스텝 | 배송 29/29 | 재적재  3 | 중계율 0.28 | alpha 3.084 | complete
Ep 235 | 드론4 목적지69 | 1000스텝 | 배송 67/69 | 재적재 10 | 중계율 0.32 | alpha 3.092 | step_limit
Ep 236 | 드론3 목적지30 |  516스텝 | 배송 30/30 | 재적재  4 | 중계율 0.31 | alpha 3.077 | complete
Ep 237 | 드론4 목적지24 |  444스텝 | 배송 24/24 | 재적재  2 | 중계율 0.34 | alpha 3.075 | complete
Ep 238 | 드론4 목적지21 |  383스텝 | 배송 21/21 | 재적재  3 | 중계율 0.35 | alpha 3.071 | complete
Ep 239 | 드론4 목적지60 | 1000스텝 | 배송 55/60 | 재적재  8 | 중계율 0.39 | alpha 3.060 | step_limit
Ep 240 | 드론4 목적지58 |  820스텝 | 배송 58/58 | 재적재  9 | 중계율 0.31 | alpha 3.076 | complete
Ep 241 | 드론3 목적지26 |  447스텝 | 배송 26/26 | 재적재  3 | 중계율 0.18 | alpha 3.077 | complete
Ep 242 | 드론3 목적지43 | 1000스텝 | 배송 42/43 | 재적재  7 | 중계율 0.35 | alpha 3.051 | step_limit
Ep 243 | 드론4 목적지55 | 1000스텝 | 배송 52/55 | 재적재  9 | 중계율 0.30 | alpha 3.056 | step_limit
Ep 244 | 드론4 목적지48 |  570스텝 | 배송 48/48 | 재적재  8 | 중계율 0.24 | alpha 3.090 | complete
Ep 245 | 드론4 목적지67 | 1000스텝 | 배송 66/67 | 재적재 12 | 중계율 0.32 | alpha 3.049 | step_limit
Ep 246 | 드론3 목적지65 | 1000스텝 | 배송 61/65 | 재적재 10 | 중계율 0.28 | alpha 3.043 | step_limit
Ep 247 | 드론4 목적지49 |  879스텝 | 배송 49/49 | 재적재  9 | 중계율 0.36 | alpha 3.088 | complete
Ep 248 | 드론3 목적지41 |  971스텝 | 배송 41/41 | 재적재  7 | 중계율 0.32 | alpha 3.056 | complete
Ep 249 | 드론4 목적지26 |  302스텝 | 배송 26/26 | 재적재  4 | 중계율 0.16 | alpha 3.066 | complete
Ep 250 | 드론4 목적지43 |  628스텝 | 배송 43/43 | 재적재  6 | 중계율 0.28 | alpha 3.017 | complete
  [홀드아웃] 배송 49.8±0.6 완주 0.93 스텝 1002 점수 119.1 재적재 7.3 2홉+ 0.63 | 최고 126.4@ep100 정체 3/8
Ep 251 | 드론4 목적지71 |  883스텝 | 배송 71/71 | 재적재 12 | 중계율 0.27 | alpha 3.034 | complete
Ep 252 | 드론3 목적지48 | 1000스텝 | 배송 45/48 | 재적재  7 | 중계율 0.36 | alpha 3.067 | step_limit
Ep 253 | 드론3 목적지30 |  623스텝 | 배송 30/30 | 재적재  5 | 중계율 0.28 | alpha 3.036 | complete
Ep 254 | 드론4 목적지26 |  779스텝 | 배송 26/26 | 재적재  4 | 중계율 0.42 | alpha 3.023 | complete
Ep 255 | 드론4 목적지69 |  963스텝 | 배송 69/69 | 재적재 12 | 중계율 0.31 | alpha 3.021 | complete
Ep 256 | 드론4 목적지33 | 1000스텝 | 배송 32/33 | 재적재  5 | 중계율 0.41 | alpha 3.027 | step_limit
Ep 257 | 드론3 목적지55 | 1000스텝 | 배송 54/55 | 재적재  9 | 중계율 0.37 | alpha 3.003 | step_limit
Ep 258 | 드론4 목적지36 |  876스텝 | 배송 36/36 | 재적재  5 | 중계율 0.44 | alpha 2.986 | complete
Ep 259 | 드론3 목적지79 | 1000스텝 | 배송 74/79 | 재적재 12 | 중계율 0.28 | alpha 3.009 | step_limit
Ep 260 | 드론3 목적지41 |  776스텝 | 배송 41/41 | 재적재  6 | 중계율 0.29 | alpha 2.969 | complete
Ep 261 | 드론4 목적지21 |  646스텝 | 배송 21/21 | 재적재  3 | 중계율 0.42 | alpha 2.992 | complete
Ep 262 | 드론3 목적지43 |  994스텝 | 배송 43/43 | 재적재  6 | 중계율 0.32 | alpha 2.948 | complete
Ep 263 | 드론4 목적지21 |  475스텝 | 배송 21/21 | 재적재  2 | 중계율 0.38 | alpha 2.908 | complete
Ep 264 | 드론4 목적지50 | 1000스텝 | 배송 47/50 | 재적재  8 | 중계율 0.36 | alpha 2.924 | step_limit
Ep 265 | 드론3 목적지35 |  860스텝 | 배송 35/35 | 재적재  4 | 중계율 0.40 | alpha 2.930 | complete
Ep 266 | 드론3 목적지54 | 1000스텝 | 배송 50/54 | 재적재  7 | 중계율 0.32 | alpha 2.904 | step_limit
Ep 267 | 드론4 목적지46 |  544스텝 | 배송 46/46 | 재적재  8 | 중계율 0.21 | alpha 2.900 | complete
Ep 268 | 드론3 목적지33 |  848스텝 | 배송 33/33 | 재적재  4 | 중계율 0.35 | alpha 2.867 | complete
Ep 269 | 드론3 목적지42 |  823스텝 | 배송 42/42 | 재적재  7 | 중계율 0.33 | alpha 2.800 | complete
Ep 270 | 드론3 목적지45 | 1000스텝 | 배송 42/45 | 재적재  8 | 중계율 0.33 | alpha 2.838 | step_limit
Ep 271 | 드론4 목적지37 |  775스텝 | 배송 37/37 | 재적재  5 | 중계율 0.38 | alpha 2.817 | complete
Ep 272 | 드론3 목적지47 |  922스텝 | 배송 47/47 | 재적재  8 | 중계율 0.30 | alpha 2.814 | complete
Ep 273 | 드론4 목적지76 |  932스텝 | 배송 76/76 | 재적재 13 | 중계율 0.22 | alpha 2.812 | complete
Ep 274 | 드론4 목적지29 |  661스텝 | 배송 29/29 | 재적재  4 | 중계율 0.38 | alpha 2.798 | complete
Ep 275 | 드론3 목적지78 | 1000스텝 | 배송 64/78 | 재적재 10 | 중계율 0.30 | alpha 2.909 | step_limit
Ep 276 | 드론4 목적지49 |  858스텝 | 배송 49/49 | 재적재  9 | 중계율 0.27 | alpha 2.897 | complete
Ep 277 | 드론3 목적지67 | 1000스텝 | 배송 63/67 | 재적재 10 | 중계율 0.30 | alpha 2.926 | step_limit
Ep 278 | 드론3 목적지30 |  622스텝 | 배송 30/30 | 재적재  3 | 중계율 0.38 | alpha 2.870 | complete
Ep 279 | 드론4 목적지44 |  754스텝 | 배송 44/44 | 재적재  7 | 중계율 0.28 | alpha 2.806 | complete
Ep 280 | 드론3 목적지32 |  791스텝 | 배송 32/32 | 재적재  4 | 중계율 0.27 | alpha 2.813 | complete
Ep 281 | 드론3 목적지36 | 1000스텝 | 배송 33/36 | 재적재  6 | 중계율 0.32 | alpha 2.790 | step_limit
Ep 282 | 드론3 목적지56 |  960스텝 | 배송 56/56 | 재적재 10 | 중계율 0.30 | alpha 2.792 | complete
Ep 283 | 드론3 목적지75 | 1000스텝 | 배송 73/75 | 재적재 13 | 중계율 0.22 | alpha 2.802 | step_limit
Ep 284 | 드론4 목적지21 |  638스텝 | 배송 21/21 | 재적재  2 | 중계율 0.21 | alpha 2.836 | complete
Ep 285 | 드론4 목적지72 |  879스텝 | 배송 72/72 | 재적재 13 | 중계율 0.28 | alpha 2.837 | complete
Ep 286 | 드론4 목적지78 |  940스텝 | 배송 78/78 | 재적재 13 | 중계율 0.28 | alpha 2.831 | complete
Ep 287 | 드론3 목적지39 |  609스텝 | 배송 39/39 | 재적재  6 | 중계율 0.25 | alpha 2.784 | complete
Ep 288 | 드론3 목적지39 |  719스텝 | 배송 39/39 | 재적재  5 | 중계율 0.29 | alpha 2.814 | complete
Ep 289 | 드론3 목적지49 | 1000스텝 | 배송 46/49 | 재적재  9 | 중계율 0.30 | alpha 2.776 | step_limit
Ep 290 | 드론3 목적지29 |  461스텝 | 배송 29/29 | 재적재  4 | 중계율 0.26 | alpha 2.801 | complete
Ep 291 | 드론4 목적지68 |  861스텝 | 배송 68/68 | 재적재 12 | 중계율 0.29 | alpha 2.775 | complete
Ep 292 | 드론3 목적지69 | 1000스텝 | 배송 62/69 | 재적재 10 | 중계율 0.25 | alpha 2.777 | step_limit
Ep 293 | 드론3 목적지38 |  877스텝 | 배송 38/38 | 재적재  7 | 중계율 0.31 | alpha 2.767 | complete
Ep 294 | 드론4 목적지41 |  704스텝 | 배송 41/41 | 재적재  6 | 중계율 0.34 | alpha 2.742 | complete
Ep 295 | 드론3 목적지35 |  973스텝 | 배송 35/35 | 재적재  5 | 중계율 0.36 | alpha 2.683 | complete
Ep 296 | 드론4 목적지49 |  999스텝 | 배송 49/49 | 재적재  8 | 중계율 0.29 | alpha 2.664 | complete
Ep 297 | 드론3 목적지78 | 1000스텝 | 배송 64/78 | 재적재 10 | 중계율 0.30 | alpha 2.655 | step_limit
Ep 298 | 드론3 목적지73 | 1000스텝 | 배송 71/73 | 재적재 12 | 중계율 0.29 | alpha 2.695 | step_limit
Ep 299 | 드론4 목적지75 |  875스텝 | 배송 75/75 | 재적재 13 | 중계율 0.26 | alpha 2.674 | complete
Ep 300 | 드론3 목적지39 |  732스텝 | 배송 39/39 | 재적재  6 | 중계율 0.31 | alpha 2.712 | complete
  [홀드아웃] 배송 49.9±0.6 완주 0.99 스텝 941 점수 126.2 재적재 7.2 2홉+ 0.63 | 최고 126.4@ep100 정체 4/8
Ep 301 | 드론3 목적지69 | 1000스텝 | 배송 59/69 | 재적재 10 | 중계율 0.26 | alpha 2.683 | step_limit
Ep 302 | 드론4 목적지60 | 1000스텝 | 배송 53/60 | 재적재  8 | 중계율 0.33 | alpha 2.665 | step_limit
Ep 303 | 드론3 목적지74 | 1000스텝 | 배송 71/74 | 재적재 13 | 중계율 0.25 | alpha 2.659 | step_limit
Ep 304 | 드론3 목적지25 |  515스텝 | 배송 25/25 | 재적재  3 | 중계율 0.22 | alpha 2.663 | complete
Ep 305 | 드론3 목적지75 | 1000스텝 | 배송 57/75 | 재적재 10 | 중계율 0.30 | alpha 2.662 | step_limit
Ep 306 | 드론3 목적지29 |  472스텝 | 배송 29/29 | 재적재  3 | 중계율 0.29 | alpha 2.659 | complete
Ep 307 | 드론4 목적지29 |  460스텝 | 배송 29/29 | 재적재  4 | 중계율 0.24 | alpha 2.671 | complete
Ep 308 | 드론4 목적지35 |  377스텝 | 배송 35/35 | 재적재  5 | 중계율 0.18 | alpha 2.650 | complete
Ep 309 | 드론4 목적지37 |  622스텝 | 배송 37/37 | 재적재  4 | 중계율 0.39 | alpha 2.688 | complete
Ep 310 | 드론3 목적지74 | 1000스텝 | 배송 60/74 | 재적재 12 | 중계율 0.32 | alpha 2.617 | step_limit
Ep 311 | 드론4 목적지42 |  689스텝 | 배송 42/42 | 재적재  6 | 중계율 0.39 | alpha 2.596 | complete
Ep 312 | 드론4 목적지73 | 1000스텝 | 배송 61/73 | 재적재 10 | 중계율 0.39 | alpha 2.618 | step_limit
Ep 313 | 드론3 목적지34 |  682스텝 | 배송 34/34 | 재적재  6 | 중계율 0.34 | alpha 2.639 | complete
Ep 314 | 드론3 목적지26 |  601스텝 | 배송 26/26 | 재적재  3 | 중계율 0.35 | alpha 2.604 | complete
Ep 315 | 드론4 목적지20 |  416스텝 | 배송 20/20 | 재적재  2 | 중계율 0.38 | alpha 2.611 | complete
Ep 316 | 드론4 목적지24 |  361스텝 | 배송 24/24 | 재적재  3 | 중계율 0.26 | alpha 2.620 | complete
Ep 317 | 드론4 목적지23 |  380스텝 | 배송 23/23 | 재적재  1 | 중계율 0.43 | alpha 2.640 | complete
Ep 318 | 드론3 목적지45 | 1000스텝 | 배송 44/45 | 재적재  7 | 중계율 0.33 | alpha 2.667 | step_limit
Ep 319 | 드론4 목적지52 |  760스텝 | 배송 52/52 | 재적재  8 | 중계율 0.32 | alpha 2.658 | complete
Ep 320 | 드론3 목적지25 |  598스텝 | 배송 25/25 | 재적재  3 | 중계율 0.29 | alpha 2.634 | complete
Ep 321 | 드론3 목적지34 |  870스텝 | 배송 34/34 | 재적재  5 | 중계율 0.35 | alpha 2.605 | complete
Ep 322 | 드론3 목적지33 |  516스텝 | 배송 33/33 | 재적재  6 | 중계율 0.25 | alpha 2.621 | complete
Ep 323 | 드론3 목적지35 |  883스텝 | 배송 35/35 | 재적재  6 | 중계율 0.34 | alpha 2.613 | complete
Ep 324 | 드론4 목적지70 |  730스텝 | 배송 70/70 | 재적재 10 | 중계율 0.25 | alpha 2.579 | complete
Ep 325 | 드론3 목적지43 | 1000스텝 | 배송 42/43 | 재적재  7 | 중계율 0.31 | alpha 2.588 | step_limit
Ep 326 | 드론4 목적지42 |  973스텝 | 배송 42/42 | 재적재  5 | 중계율 0.46 | alpha 2.619 | complete
Ep 327 | 드론4 목적지62 |  951스텝 | 배송 62/62 | 재적재 11 | 중계율 0.28 | alpha 2.621 | complete
Ep 328 | 드론3 목적지53 |  961스텝 | 배송 53/53 | 재적재  8 | 중계율 0.29 | alpha 2.567 | complete
Ep 329 | 드론4 목적지31 |  563스텝 | 배송 31/31 | 재적재  3 | 중계율 0.34 | alpha 2.593 | complete
Ep 330 | 드론3 목적지65 | 1000스텝 | 배송 60/65 | 재적재 10 | 중계율 0.31 | alpha 2.556 | step_limit
Ep 331 | 드론3 목적지25 |  612스텝 | 배송 25/25 | 재적재  4 | 중계율 0.23 | alpha 2.573 | complete
Ep 332 | 드론3 목적지79 | 1000스텝 | 배송 64/79 | 재적재 10 | 중계율 0.33 | alpha 2.614 | step_limit
Ep 333 | 드론3 목적지37 |  969스텝 | 배송 37/37 | 재적재  6 | 중계율 0.38 | alpha 2.577 | complete
Ep 334 | 드론3 목적지72 | 1000스텝 | 배송 69/72 | 재적재 12 | 중계율 0.24 | alpha 2.571 | step_limit
Ep 335 | 드론3 목적지23 |  586스텝 | 배송 23/23 | 재적재  3 | 중계율 0.38 | alpha 2.580 | complete
Ep 336 | 드론3 목적지57 | 1000스텝 | 배송 50/57 | 재적재  8 | 중계율 0.32 | alpha 2.594 | step_limit
Ep 337 | 드론3 목적지76 | 1000스텝 | 배송 65/76 | 재적재 10 | 중계율 0.31 | alpha 2.538 | step_limit
Ep 338 | 드론3 목적지30 |  703스텝 | 배송 30/30 | 재적재  4 | 중계율 0.36 | alpha 2.552 | complete
Ep 339 | 드론4 목적지73 |  778스텝 | 배송 73/73 | 재적재 12 | 중계율 0.22 | alpha 2.530 | complete
Ep 340 | 드론4 목적지34 |  499스텝 | 배송 34/34 | 재적재  5 | 중계율 0.27 | alpha 2.567 | complete
Ep 341 | 드론4 목적지26 |  566스텝 | 배송 26/26 | 재적재  5 | 중계율 0.43 | alpha 2.552 | complete
Ep 342 | 드론3 목적지46 |  955스텝 | 배송 46/46 | 재적재  8 | 중계율 0.26 | alpha 2.551 | complete
Ep 343 | 드론3 목적지50 |  934스텝 | 배송 50/50 | 재적재  7 | 중계율 0.32 | alpha 2.501 | complete
Ep 344 | 드론4 목적지28 |  362스텝 | 배송 28/28 | 재적재  4 | 중계율 0.26 | alpha 2.507 | complete
Ep 345 | 드론4 목적지61 | 1000스텝 | 배송 47/61 | 재적재  6 | 중계율 0.34 | alpha 2.463 | step_limit
Ep 346 | 드론3 목적지29 |  835스텝 | 배송 29/29 | 재적재  5 | 중계율 0.40 | alpha 2.436 | complete
Ep 347 | 드론3 목적지42 |  937스텝 | 배송 42/42 | 재적재  7 | 중계율 0.35 | alpha 2.418 | complete
Ep 348 | 드론4 목적지53 | 1000스텝 | 배송 51/53 | 재적재  9 | 중계율 0.23 | alpha 2.416 | step_limit
Ep 349 | 드론3 목적지62 | 1000스텝 | 배송 55/62 | 재적재  8 | 중계율 0.35 | alpha 2.458 | step_limit
Ep 350 | 드론3 목적지79 | 1000스텝 | 배송 71/79 | 재적재 12 | 중계율 0.25 | alpha 2.461 | step_limit
  [홀드아웃] 배송 49.2±3.3 완주 0.89 스텝 935 점수 116.3 재적재 7.2 2홉+ 0.63 | 최고 126.4@ep100 정체 5/8
Ep 351 | 드론4 목적지65 | 1000스텝 | 배송 62/65 | 재적재  9 | 중계율 0.32 | alpha 2.438 | step_limit
Ep 352 | 드론4 목적지36 |  845스텝 | 배송 36/36 | 재적재  6 | 중계율 0.34 | alpha 2.412 | complete
Ep 353 | 드론3 목적지62 | 1000스텝 | 배송 57/62 | 재적재 10 | 중계율 0.21 | alpha 2.411 | step_limit
Ep 354 | 드론4 목적지35 |  609스텝 | 배송 35/35 | 재적재  5 | 중계율 0.20 | alpha 2.423 | complete
Ep 355 | 드론3 목적지24 |  777스텝 | 배송 24/24 | 재적재  4 | 중계율 0.23 | alpha 2.397 | complete
Ep 356 | 드론4 목적지62 | 1000스텝 | 배송 60/62 | 재적재  8 | 중계율 0.41 | alpha 2.423 | step_limit
Ep 357 | 드론3 목적지21 |  464스텝 | 배송 21/21 | 재적재  3 | 중계율 0.34 | alpha 2.450 | complete
Ep 358 | 드론4 목적지26 |  566스텝 | 배송 26/26 | 재적재  4 | 중계율 0.28 | alpha 2.447 | complete
Ep 359 | 드론3 목적지52 | 1000스텝 | 배송 51/52 | 재적재  9 | 중계율 0.37 | alpha 2.404 | step_limit
Ep 360 | 드론4 목적지52 |  981스텝 | 배송 52/52 | 재적재  8 | 중계율 0.39 | alpha 2.448 | complete
Ep 361 | 드론3 목적지40 |  860스텝 | 배송 40/40 | 재적재  7 | 중계율 0.31 | alpha 2.380 | complete
Ep 362 | 드론4 목적지52 | 1000스텝 | 배송 50/52 | 재적재  8 | 중계율 0.43 | alpha 2.411 | step_limit
Ep 363 | 드론4 목적지64 | 1000스텝 | 배송 58/64 | 재적재  9 | 중계율 0.39 | alpha 2.399 | step_limit
Ep 364 | 드론3 목적지64 | 1000스텝 | 배송 53/64 | 재적재 10 | 중계율 0.31 | alpha 2.386 | step_limit
Ep 365 | 드론4 목적지69 |  896스텝 | 배송 69/69 | 재적재 12 | 중계율 0.32 | alpha 2.403 | complete
Ep 366 | 드론4 목적지61 |  874스텝 | 배송 61/61 | 재적재 11 | 중계율 0.23 | alpha 2.375 | complete
Ep 367 | 드론3 목적지53 |  749스텝 | 배송 53/53 | 재적재  9 | 중계율 0.21 | alpha 2.335 | complete
Ep 368 | 드론4 목적지73 |  912스텝 | 배송 73/73 | 재적재 12 | 중계율 0.21 | alpha 2.410 | complete
Ep 369 | 드론4 목적지30 |  371스텝 | 배송 30/30 | 재적재  3 | 중계율 0.24 | alpha 2.386 | complete
Ep 370 | 드론3 목적지71 | 1000스텝 | 배송 68/71 | 재적재 13 | 중계율 0.22 | alpha 2.354 | step_limit
Ep 371 | 드론3 목적지54 | 1000스텝 | 배송 46/54 | 재적재  8 | 중계율 0.28 | alpha 2.330 | step_limit
Ep 372 | 드론4 목적지80 |  837스텝 | 배송 80/80 | 재적재 13 | 중계율 0.26 | alpha 2.336 | complete
Ep 373 | 드론3 목적지41 |  766스텝 | 배송 41/41 | 재적재  7 | 중계율 0.29 | alpha 2.369 | complete
Ep 374 | 드론3 목적지67 | 1000스텝 | 배송 60/67 | 재적재  9 | 중계율 0.24 | alpha 2.398 | step_limit
Ep 375 | 드론3 목적지62 | 1000스텝 | 배송 55/62 | 재적재  9 | 중계율 0.35 | alpha 2.349 | step_limit
Ep 376 | 드론4 목적지72 | 1000스텝 | 배송 70/72 | 재적재 12 | 중계율 0.31 | alpha 2.336 | step_limit
Ep 377 | 드론4 목적지63 | 1000스텝 | 배송 56/63 | 재적재  9 | 중계율 0.37 | alpha 2.345 | step_limit
Ep 378 | 드론4 목적지74 | 1000스텝 | 배송 73/74 | 재적재 12 | 중계율 0.24 | alpha 2.288 | step_limit
Ep 379 | 드론3 목적지77 | 1000스텝 | 배송 59/77 | 재적재 10 | 중계율 0.24 | alpha 2.290 | step_limit
Ep 380 | 드론3 목적지73 | 1000스텝 | 배송 51/73 | 재적재  9 | 중계율 0.20 | alpha 2.346 | step_limit
Ep 381 | 드론4 목적지20 |  290스텝 | 배송 20/20 | 재적재  3 | 중계율 0.22 | alpha 2.353 | complete
Ep 382 | 드론3 목적지75 | 1000스텝 | 배송 65/75 | 재적재 12 | 중계율 0.29 | alpha 2.290 | step_limit
Ep 383 | 드론3 목적지52 | 1000스텝 | 배송 51/52 | 재적재  8 | 중계율 0.35 | alpha 2.293 | step_limit
Ep 384 | 드론3 목적지77 | 1000스텝 | 배송 68/77 | 재적재 11 | 중계율 0.21 | alpha 2.217 | step_limit
Ep 385 | 드론3 목적지62 | 1000스텝 | 배송 54/62 | 재적재  8 | 중계율 0.36 | alpha 2.257 | step_limit
Ep 386 | 드론3 목적지80 | 1000스텝 | 배송 63/80 | 재적재 10 | 중계율 0.33 | alpha 2.276 | step_limit
Ep 387 | 드론3 목적지31 |  466스텝 | 배송 31/31 | 재적재  4 | 중계율 0.24 | alpha 2.304 | complete
Ep 388 | 드론3 목적지33 |  823스텝 | 배송 33/33 | 재적재  5 | 중계율 0.40 | alpha 2.243 | complete
Ep 389 | 드론4 목적지72 | 1000스텝 | 배송 69/72 | 재적재 12 | 중계율 0.34 | alpha 2.198 | step_limit
Ep 390 | 드론4 목적지71 |  816스텝 | 배송 71/71 | 재적재 13 | 중계율 0.25 | alpha 2.159 | complete
Ep 391 | 드론4 목적지50 |  765스텝 | 배송 50/50 | 재적재  9 | 중계율 0.24 | alpha 2.186 | complete
Ep 392 | 드론4 목적지71 |  919스텝 | 배송 71/71 | 재적재 12 | 중계율 0.26 | alpha 2.200 | complete
Ep 393 | 드론4 목적지21 |  481스텝 | 배송 21/21 | 재적재  2 | 중계율 0.38 | alpha 2.220 | complete
Ep 394 | 드론4 목적지60 |  981스텝 | 배송 60/60 | 재적재 10 | 중계율 0.36 | alpha 2.214 | complete
Ep 395 | 드론4 목적지55 |  773스텝 | 배송 55/55 | 재적재  9 | 중계율 0.20 | alpha 2.201 | complete
Ep 396 | 드론4 목적지71 |  648스텝 | 배송 71/71 | 재적재 13 | 중계율 0.19 | alpha 2.169 | complete
Ep 397 | 드론3 목적지36 |  726스텝 | 배송 36/36 | 재적재  6 | 중계율 0.30 | alpha 2.221 | complete
Ep 398 | 드론3 목적지52 |  983스텝 | 배송 52/52 | 재적재  9 | 중계율 0.25 | alpha 2.197 | complete
Ep 399 | 드론3 목적지46 |  699스텝 | 배송 46/46 | 재적재  7 | 중계율 0.26 | alpha 2.165 | complete
Ep 400 | 드론3 목적지34 |  746스텝 | 배송 34/34 | 재적재  5 | 중계율 0.40 | alpha 2.141 | complete
  [홀드아웃] 배송 49.6±2.0 완주 0.93 스텝 916 점수 120.3 재적재 7.2 2홉+ 0.63 | 최고 126.4@ep100 정체 6/8
Ep 401 | 드론3 목적지38 |  748스텝 | 배송 38/38 | 재적재  7 | 중계율 0.35 | alpha 2.197 | complete
Ep 402 | 드론4 목적지36 |  599스텝 | 배송 36/36 | 재적재  6 | 중계율 0.33 | alpha 2.220 | complete
Ep 403 | 드론3 목적지73 | 1000스텝 | 배송 70/73 | 재적재 12 | 중계율 0.29 | alpha 2.141 | step_limit
Ep 404 | 드론4 목적지70 | 1000스텝 | 배송 67/70 | 재적재 13 | 중계율 0.37 | alpha 2.171 | step_limit
Ep 405 | 드론3 목적지25 |  488스텝 | 배송 25/25 | 재적재  2 | 중계율 0.33 | alpha 2.154 | complete
Ep 406 | 드론4 목적지58 | 1000스텝 | 배송 56/58 | 재적재  8 | 중계율 0.35 | alpha 2.178 | step_limit
Ep 407 | 드론4 목적지70 |  799스텝 | 배송 70/70 | 재적재 12 | 중계율 0.28 | alpha 2.138 | complete
Ep 408 | 드론3 목적지40 |  702스텝 | 배송 40/40 | 재적재  6 | 중계율 0.28 | alpha 2.148 | complete
Ep 409 | 드론3 목적지30 |  705스텝 | 배송 30/30 | 재적재  4 | 중계율 0.33 | alpha 2.186 | complete
Ep 410 | 드론3 목적지63 |  934스텝 | 배송 63/63 | 재적재 11 | 중계율 0.25 | alpha 2.183 | complete
Ep 411 | 드론3 목적지48 | 1000스텝 | 배송 40/48 | 재적재  7 | 중계율 0.26 | alpha 2.158 | step_limit
Ep 412 | 드론4 목적지34 |  963스텝 | 배송 33/34 | 재적재  4 | 중계율 0.34 | alpha 2.173 | no_progress
Ep 413 | 드론3 목적지22 |  450스텝 | 배송 22/22 | 재적재  3 | 중계율 0.37 | alpha 2.185 | complete
Ep 414 | 드론3 목적지51 |  930스텝 | 배송 51/51 | 재적재 10 | 중계율 0.32 | alpha 2.200 | complete
Ep 415 | 드론4 목적지45 |  896스텝 | 배송 45/45 | 재적재  6 | 중계율 0.39 | alpha 2.203 | complete
Ep 416 | 드론3 목적지60 | 1000스텝 | 배송 55/60 | 재적재 10 | 중계율 0.36 | alpha 2.164 | step_limit
Ep 417 | 드론3 목적지43 |  807스텝 | 배송 43/43 | 재적재  6 | 중계율 0.34 | alpha 2.159 | complete
Ep 418 | 드론4 목적지75 | 1000스텝 | 배송 67/75 | 재적재 11 | 중계율 0.32 | alpha 2.195 | step_limit
Ep 419 | 드론4 목적지60 | 1000스텝 | 배송 55/60 | 재적재  9 | 중계율 0.37 | alpha 2.207 | step_limit
Ep 420 | 드론3 목적지22 |  533스텝 | 배송 22/22 | 재적재  3 | 중계율 0.36 | alpha 2.167 | complete
Ep 421 | 드론4 목적지40 |  670스텝 | 배송 40/40 | 재적재  5 | 중계율 0.38 | alpha 2.167 | complete
Ep 422 | 드론4 목적지52 |  916스텝 | 배송 52/52 | 재적재  9 | 중계율 0.28 | alpha 2.178 | complete
Ep 423 | 드론3 목적지29 |  826스텝 | 배송 29/29 | 재적재  4 | 중계율 0.24 | alpha 2.129 | complete
Ep 424 | 드론3 목적지29 |  433스텝 | 배송 29/29 | 재적재  4 | 중계율 0.24 | alpha 2.161 | complete
Ep 425 | 드론3 목적지80 | 1000스텝 | 배송 64/80 | 재적재 10 | 중계율 0.27 | alpha 2.143 | step_limit
Ep 426 | 드론4 목적지78 |  944스텝 | 배송 78/78 | 재적재 14 | 중계율 0.23 | alpha 2.223 | complete
Ep 427 | 드론3 목적지46 |  857스텝 | 배송 46/46 | 재적재  9 | 중계율 0.33 | alpha 2.210 | complete
Ep 428 | 드론4 목적지72 |  976스텝 | 배송 72/72 | 재적재 12 | 중계율 0.27 | alpha 2.202 | complete
Ep 429 | 드론3 목적지72 | 1000스텝 | 배송 57/72 | 재적재 11 | 중계율 0.32 | alpha 2.211 | step_limit
Ep 430 | 드론3 목적지78 | 1000스텝 | 배송 61/78 | 재적재 11 | 중계율 0.25 | alpha 2.243 | step_limit
Ep 431 | 드론3 목적지23 |  500스텝 | 배송 23/23 | 재적재  3 | 중계율 0.35 | alpha 2.214 | complete
Ep 432 | 드론4 목적지41 |  973스텝 | 배송 41/41 | 재적재  6 | 중계율 0.26 | alpha 2.185 | complete
Ep 433 | 드론3 목적지66 | 1000스텝 | 배송 61/66 | 재적재 10 | 중계율 0.27 | alpha 2.179 | step_limit
Ep 434 | 드론4 목적지62 |  863스텝 | 배송 62/62 | 재적재 10 | 중계율 0.34 | alpha 2.230 | complete
Ep 435 | 드론3 목적지32 |  793스텝 | 배송 32/32 | 재적재  5 | 중계율 0.35 | alpha 2.264 | complete
Ep 436 | 드론4 목적지65 |  710스텝 | 배송 65/65 | 재적재 11 | 중계율 0.24 | alpha 2.240 | complete
Ep 437 | 드론4 목적지61 |  718스텝 | 배송 61/61 | 재적재 10 | 중계율 0.18 | alpha 2.243 | complete
Ep 438 | 드론3 목적지37 | 1000스텝 | 배송 36/37 | 재적재  7 | 중계율 0.29 | alpha 2.201 | step_limit
Ep 439 | 드론4 목적지49 |  930스텝 | 배송 49/49 | 재적재  8 | 중계율 0.39 | alpha 2.220 | complete
Ep 440 | 드론3 목적지42 |  964스텝 | 배송 42/42 | 재적재  6 | 중계율 0.33 | alpha 2.301 | complete
Ep 441 | 드론3 목적지54 | 1000스텝 | 배송 51/54 | 재적재  9 | 중계율 0.30 | alpha 2.243 | step_limit
Ep 442 | 드론4 목적지41 |  634스텝 | 배송 41/41 | 재적재  6 | 중계율 0.25 | alpha 2.255 | complete
Ep 443 | 드론3 목적지61 | 1000스텝 | 배송 57/61 | 재적재  9 | 중계율 0.37 | alpha 2.283 | step_limit
Ep 444 | 드론3 목적지55 | 1000스텝 | 배송 51/55 | 재적재  8 | 중계율 0.27 | alpha 2.247 | step_limit
Ep 445 | 드론3 목적지49 |  823스텝 | 배송 49/49 | 재적재  9 | 중계율 0.32 | alpha 2.229 | complete
Ep 446 | 드론4 목적지72 |  817스텝 | 배송 72/72 | 재적재 12 | 중계율 0.31 | alpha 2.244 | complete
Ep 447 | 드론4 목적지40 |  613스텝 | 배송 40/40 | 재적재  6 | 중계율 0.35 | alpha 2.245 | complete
Ep 448 | 드론3 목적지71 | 1000스텝 | 배송 60/71 | 재적재  9 | 중계율 0.34 | alpha 2.243 | step_limit
Ep 449 | 드론4 목적지26 |  423스텝 | 배송 26/26 | 재적재  4 | 중계율 0.34 | alpha 2.255 | complete
Ep 450 | 드론3 목적지56 | 1000스텝 | 배송 45/56 | 재적재  7 | 중계율 0.29 | alpha 2.253 | step_limit
  [홀드아웃] 배송 49.8±1.5 완주 0.97 스텝 899 점수 125.5 재적재 7.1 2홉+ 0.63 | 최고 126.4@ep100 정체 7/8
Ep 451 | 드론4 목적지51 |  847스텝 | 배송 51/51 | 재적재  9 | 중계율 0.37 | alpha 2.235 | complete
Ep 452 | 드론3 목적지34 |  685스텝 | 배송 34/34 | 재적재  6 | 중계율 0.24 | alpha 2.213 | complete
Ep 453 | 드론4 목적지47 |  638스텝 | 배송 47/47 | 재적재  7 | 중계율 0.29 | alpha 2.208 | complete
Ep 454 | 드론4 목적지70 | 1000스텝 | 배송 68/70 | 재적재 12 | 중계율 0.37 | alpha 2.266 | step_limit
Ep 455 | 드론4 목적지44 |  886스텝 | 배송 44/44 | 재적재  7 | 중계율 0.39 | alpha 2.248 | complete
Ep 456 | 드론4 목적지49 |  951스텝 | 배송 49/49 | 재적재  8 | 중계율 0.22 | alpha 2.255 | complete
Ep 457 | 드론4 목적지56 |  795스텝 | 배송 56/56 | 재적재  9 | 중계율 0.26 | alpha 2.234 | complete
Ep 458 | 드론4 목적지42 | 1000스텝 | 배송 41/42 | 재적재  5 | 중계율 0.38 | alpha 2.299 | step_limit
Ep 459 | 드론3 목적지45 |  802스텝 | 배송 45/45 | 재적재  7 | 중계율 0.19 | alpha 2.321 | complete
Ep 460 | 드론4 목적지73 |  810스텝 | 배송 73/73 | 재적재 13 | 중계율 0.27 | alpha 2.318 | complete
Ep 461 | 드론3 목적지30 |  634스텝 | 배송 30/30 | 재적재  3 | 중계율 0.36 | alpha 2.262 | complete
Ep 462 | 드론3 목적지64 | 1000스텝 | 배송 62/64 | 재적재 11 | 중계율 0.31 | alpha 2.321 | step_limit
Ep 463 | 드론3 목적지63 | 1000스텝 | 배송 50/63 | 재적재  9 | 중계율 0.35 | alpha 2.243 | step_limit
Ep 464 | 드론3 목적지68 | 1000스텝 | 배송 56/68 | 재적재  9 | 중계율 0.27 | alpha 2.287 | step_limit
Ep 465 | 드론4 목적지63 |  967스텝 | 배송 63/63 | 재적재 10 | 중계율 0.38 | alpha 2.308 | complete
Ep 466 | 드론4 목적지65 |  951스텝 | 배송 65/65 | 재적재 11 | 중계율 0.29 | alpha 2.299 | complete
Ep 467 | 드론4 목적지57 |  779스텝 | 배송 57/57 | 재적재 10 | 중계율 0.30 | alpha 2.317 | complete
Ep 468 | 드론3 목적지35 |  703스텝 | 배송 35/35 | 재적재  4 | 중계율 0.30 | alpha 2.274 | complete
Ep 469 | 드론3 목적지46 | 1000스텝 | 배송 41/46 | 재적재  6 | 중계율 0.43 | alpha 2.289 | step_limit
Ep 470 | 드론4 목적지53 | 1000스텝 | 배송 41/53 | 재적재  8 | 중계율 0.31 | alpha 2.277 | step_limit
Ep 471 | 드론4 목적지45 |  630스텝 | 배송 45/45 | 재적재  8 | 중계율 0.31 | alpha 2.286 | complete
Ep 472 | 드론3 목적지53 | 1000스텝 | 배송 50/53 | 재적재  8 | 중계율 0.39 | alpha 2.259 | step_limit
Ep 473 | 드론4 목적지71 | 1000스텝 | 배송 70/71 | 재적재 11 | 중계율 0.27 | alpha 2.295 | step_limit
Ep 474 | 드론4 목적지25 |  498스텝 | 배송 25/25 | 재적재  3 | 중계율 0.38 | alpha 2.290 | complete
Ep 475 | 드론4 목적지40 |  769스텝 | 배송 40/40 | 재적재  6 | 중계율 0.33 | alpha 2.276 | complete
Ep 476 | 드론3 목적지33 |  625스텝 | 배송 33/33 | 재적재  4 | 중계율 0.30 | alpha 2.220 | complete
Ep 477 | 드론3 목적지21 |  648스텝 | 배송 21/21 | 재적재  3 | 중계율 0.27 | alpha 2.208 | complete
Ep 478 | 드론4 목적지22 |  522스텝 | 배송 22/22 | 재적재  3 | 중계율 0.33 | alpha 2.220 | complete
Ep 479 | 드론4 목적지41 |  846스텝 | 배송 41/41 | 재적재  8 | 중계율 0.42 | alpha 2.272 | complete
Ep 480 | 드론3 목적지57 | 1000스텝 | 배송 56/57 | 재적재 10 | 중계율 0.28 | alpha 2.247 | step_limit
Ep 481 | 드론3 목적지66 | 1000스텝 | 배송 57/66 | 재적재 11 | 중계율 0.28 | alpha 2.327 | step_limit
Ep 482 | 드론4 목적지76 |  992스텝 | 배송 76/76 | 재적재 13 | 중계율 0.30 | alpha 2.271 | complete
Ep 483 | 드론3 목적지28 |  533스텝 | 배송 28/28 | 재적재  3 | 중계율 0.31 | alpha 2.218 | complete
Ep 484 | 드론4 목적지35 |  540스텝 | 배송 35/35 | 재적재  5 | 중계율 0.24 | alpha 2.190 | complete
Ep 485 | 드론4 목적지44 |  771스텝 | 배송 44/44 | 재적재  6 | 중계율 0.37 | alpha 2.228 | complete
Ep 486 | 드론4 목적지75 |  739스텝 | 배송 75/75 | 재적재 14 | 중계율 0.18 | alpha 2.214 | complete
Ep 487 | 드론3 목적지75 | 1000스텝 | 배송 65/75 | 재적재 10 | 중계율 0.25 | alpha 2.240 | step_limit
Ep 488 | 드론4 목적지60 |  932스텝 | 배송 60/60 | 재적재 10 | 중계율 0.37 | alpha 2.253 | complete
Ep 489 | 드론3 목적지80 | 1000스텝 | 배송 72/80 | 재적재 14 | 중계율 0.24 | alpha 2.278 | step_limit
Ep 490 | 드론3 목적지30 |  737스텝 | 배송 30/30 | 재적재  4 | 중계율 0.27 | alpha 2.283 | complete
Ep 491 | 드론3 목적지59 | 1000스텝 | 배송 58/59 | 재적재 11 | 중계율 0.34 | alpha 2.255 | step_limit
Ep 492 | 드론3 목적지74 | 1000스텝 | 배송 60/74 | 재적재 11 | 중계율 0.29 | alpha 2.321 | step_limit
Ep 493 | 드론3 목적지47 |  961스텝 | 배송 47/47 | 재적재  7 | 중계율 0.37 | alpha 2.297 | complete
Ep 494 | 드론3 목적지52 |  911스텝 | 배송 52/52 | 재적재  9 | 중계율 0.29 | alpha 2.289 | complete
Ep 495 | 드론3 목적지54 |  924스텝 | 배송 54/54 | 재적재  8 | 중계율 0.32 | alpha 2.274 | complete
Ep 496 | 드론4 목적지56 |  840스텝 | 배송 56/56 | 재적재  8 | 중계율 0.36 | alpha 2.262 | complete
Ep 497 | 드론4 목적지73 | 1000스텝 | 배송 57/73 | 재적재  9 | 중계율 0.34 | alpha 2.289 | step_limit
Ep 498 | 드론3 목적지22 |  561스텝 | 배송 22/22 | 재적재  3 | 중계율 0.26 | alpha 2.283 | complete
Ep 499 | 드론4 목적지55 |  976스텝 | 배송 55/55 | 재적재  8 | 중계율 0.36 | alpha 2.294 | complete
Ep 500 | 드론3 목적지55 | 1000스텝 | 배송 54/55 | 재적재  8 | 중계율 0.34 | alpha 2.300 | step_limit
  [홀드아웃] 배송 49.9±0.5 완주 0.97 스텝 896 점수 125.6 재적재 7.2 2홉+ 0.62 | 최고 126.4@ep100 정체 8/8

조기 종료. 최고 126.4@ep100
Training finished. best=126.4 @ ep100
