/home/kopt/enter/envs/wsl_neuroMCTS/lib/python3.10/site-packages/pygame/pkgdata.py:25: UserWarning: pkg_resources is deprecated as an API. See https://setuptools.pypa.io/en/latest/pkg_resources.html. The pkg_resources package is slated for removal as early as 2025-11-30. Refrain from using this package or pin to Setuptools<81.
  from pkg_resources import resource_stream, resource_exists
pygame 2.6.1 (SDL 2.28.4, Python 3.10.19)
Hello from the pygame community. https://www.pygame.org/contribute.html
집합 상위 학습 | 반경 300 상한 1000 무배송 500 gamma 0.997 구성=무작위 드론[3, 4] 목적지[20, 80] CC무작위 인스턴스=무작위 목표유지=off 완주보상=0.0 잔여페널티=0.1 규칙관측=False 규칙정규화=2.0/중계가중치=1.0 막힘페널티=0.0 중계크레딧=0.0/재분배=0.0/드론별보상=False 도달권shaping=0.0 정체전환보상=0.0 엔트로피비=0.6->0.25@400 자기회귀=True/가까운순=False 혼합critic=True 정체재결정=0 결합critic=False 홀드아웃상한=3000 선택=makespan/속도가중치=40.0
/home/kopt/drone/proposed_src/pipeline/train_v5_26_09_15_23.py:438: UserWarning: Converting a tensor with requires_grad=True to a scalar may lead to unexpected behavior.
Consider using tensor.detach() first. (Triggered internally at /pytorch/torch/csrc/autograd/generated/python_variable_methods.cpp:836.)
  writer.add_scalar("train/alpha", float(log_alpha.exp()), ep)
Ep 1 | 드론4 목적지20 |  539스텝 | 배송 20/20 | 재적재  3 | 중계율 0.18 | alpha 0.100 | complete
Ep 2 | 드론3 목적지31 | 1000스텝 | 배송 28/31 | 재적재  3 | 중계율 0.08 | alpha 0.100 | step_limit
Ep 3 | 드론4 목적지43 | 1000스텝 | 배송 34/43 | 재적재  5 | 중계율 0.10 | alpha 0.100 | step_limit
Ep 4 | 드론4 목적지75 | 1000스텝 | 배송 60/75 | 재적재 10 | 중계율 0.14 | alpha 0.100 | step_limit
Ep 5 | 드론3 목적지27 | 1000스텝 | 배송 21/27 | 재적재  3 | 중계율 0.15 | alpha 0.100 | step_limit
Ep 6 | 드론4 목적지39 |  767스텝 | 배송 39/39 | 재적재  6 | 중계율 0.22 | alpha 0.104 | complete
Ep 7 | 드론3 목적지70 | 1000스텝 | 배송 54/70 | 재적재  9 | 중계율 0.29 | alpha 0.114 | step_limit
Ep 8 | 드론4 목적지64 | 1000스텝 | 배송 64/64 | 재적재 11 | 중계율 0.26 | alpha 0.123 | complete
Ep 9 | 드론3 목적지22 |  546스텝 | 배송 22/22 | 재적재  2 | 중계율 0.33 | alpha 0.129 | complete
Ep 10 | 드론3 목적지24 | 1000스텝 | 배송 22/24 | 재적재  2 | 중계율 0.19 | alpha 0.139 | step_limit
Ep 11 | 드론3 목적지78 | 1000스텝 | 배송 75/78 | 재적재 12 | 중계율 0.20 | alpha 0.150 | step_limit
Ep 12 | 드론4 목적지61 | 1000스텝 | 배송 53/61 | 재적재  9 | 중계율 0.28 | alpha 0.162 | step_limit
Ep 13 | 드론3 목적지80 | 1000스텝 | 배송 49/80 | 재적재  8 | 중계율 0.20 | alpha 0.175 | step_limit
Ep 14 | 드론4 목적지57 |  855스텝 | 배송 57/57 | 재적재 10 | 중계율 0.22 | alpha 0.186 | complete
Ep 15 | 드론4 목적지50 |  578스텝 | 배송 50/50 | 재적재  7 | 중계율 0.22 | alpha 0.195 | complete
Ep 16 | 드론3 목적지55 |  945스텝 | 배송 55/55 | 재적재  9 | 중계율 0.28 | alpha 0.209 | complete
Ep 17 | 드론4 목적지22 |  313스텝 | 배송 22/22 | 재적재  3 | 중계율 0.21 | alpha 0.214 | complete
Ep 18 | 드론4 목적지51 | 1000스텝 | 배송 49/51 | 재적재  7 | 중계율 0.31 | alpha 0.230 | step_limit
Ep 19 | 드론4 목적지46 |  704스텝 | 배송 26/46 | 재적재  4 | 중계율 0.17 | alpha 0.243 | no_progress
Ep 20 | 드론3 목적지77 | 1000스텝 | 배송 60/77 | 재적재 11 | 중계율 0.21 | alpha 0.262 | step_limit
Ep 21 | 드론3 목적지28 |  823스텝 | 배송 28/28 | 재적재  5 | 중계율 0.31 | alpha 0.278 | complete
Ep 22 | 드론4 목적지20 |  302스텝 | 배송 20/20 | 재적재  2 | 중계율 0.26 | alpha 0.284 | complete
Ep 23 | 드론4 목적지57 |  608스텝 | 배송 57/57 | 재적재  9 | 중계율 0.21 | alpha 0.297 | complete
Ep 24 | 드론3 목적지56 | 1000스텝 | 배송 48/56 | 재적재  7 | 중계율 0.27 | alpha 0.320 | step_limit
Ep 25 | 드론4 목적지21 |  270스텝 | 배송 21/21 | 재적재  3 | 중계율 0.23 | alpha 0.326 | complete
Ep 26 | 드론4 목적지53 |  944스텝 | 배송 53/53 | 재적재  8 | 중계율 0.17 | alpha 0.349 | complete
Ep 27 | 드론3 목적지25 |  606스텝 | 배송 25/25 | 재적재  4 | 중계율 0.20 | alpha 0.365 | complete
Ep 28 | 드론4 목적지20 |  238스텝 | 배송 20/20 | 재적재  2 | 중계율 0.20 | alpha 0.371 | complete
Ep 29 | 드론4 목적지52 |  745스텝 | 배송 52/52 | 재적재  7 | 중계율 0.25 | alpha 0.392 | complete
Ep 30 | 드론4 목적지35 |  707스텝 | 배송 35/35 | 재적재  6 | 중계율 0.25 | alpha 0.413 | complete
Ep 31 | 드론3 목적지67 | 1000스텝 | 배송 57/67 | 재적재 11 | 중계율 0.22 | alpha 0.445 | step_limit
Ep 32 | 드론4 목적지20 |  537스텝 | 배송 20/20 | 재적재  1 | 중계율 0.33 | alpha 0.462 | complete
Ep 33 | 드론4 목적지61 | 1000스텝 | 배송 58/61 | 재적재 10 | 중계율 0.33 | alpha 0.497 | step_limit
Ep 34 | 드론4 목적지35 |  746스텝 | 배송 35/35 | 재적재  6 | 중계율 0.29 | alpha 0.525 | complete
Ep 35 | 드론3 목적지39 |  635스텝 | 배송 39/39 | 재적재  6 | 중계율 0.23 | alpha 0.550 | complete
Ep 36 | 드론4 목적지32 |  389스텝 | 배송 32/32 | 재적재  4 | 중계율 0.26 | alpha 0.566 | complete
Ep 37 | 드론3 목적지71 | 1000스텝 | 배송 61/71 | 재적재 10 | 중계율 0.25 | alpha 0.608 | step_limit
Ep 38 | 드론4 목적지51 | 1000스텝 | 배송 46/51 | 재적재  8 | 중계율 0.26 | alpha 0.654 | step_limit
Ep 39 | 드론3 목적지80 | 1000스텝 | 배송 67/80 | 재적재 11 | 중계율 0.20 | alpha 0.702 | step_limit
Ep 40 | 드론4 목적지66 | 1000스텝 | 배송 64/66 | 재적재 11 | 중계율 0.25 | alpha 0.754 | step_limit
Ep 41 | 드론4 목적지37 |  702스텝 | 배송 37/37 | 재적재  4 | 중계율 0.37 | alpha 0.793 | complete
Ep 42 | 드론3 목적지52 | 1000스텝 | 배송 42/52 | 재적재  7 | 중계율 0.19 | alpha 0.852 | step_limit
Ep 43 | 드론4 목적지67 |  691스텝 | 배송 67/67 | 재적재 12 | 중계율 0.20 | alpha 0.895 | complete
Ep 44 | 드론4 목적지77 | 1000스텝 | 배송 56/77 | 재적재  8 | 중계율 0.30 | alpha 0.962 | step_limit
Ep 45 | 드론4 목적지25 |  408스텝 | 배송 25/25 | 재적재  4 | 중계율 0.28 | alpha 0.991 | complete
Ep 46 | 드론3 목적지33 |  904스텝 | 배송 33/33 | 재적재  4 | 중계율 0.34 | alpha 1.057 | complete
Ep 47 | 드론4 목적지53 |  770스텝 | 배송 53/53 | 재적재  9 | 중계율 0.31 | alpha 1.117 | complete
Ep 48 | 드론4 목적지74 |  849스텝 | 배송 74/74 | 재적재 13 | 중계율 0.18 | alpha 1.186 | complete
Ep 49 | 드론3 목적지20 |  495스텝 | 배송 20/20 | 재적재  2 | 중계율 0.29 | alpha 1.228 | complete
Ep 50 | 드론4 목적지22 |  460스텝 | 배송 22/22 | 재적재  1 | 중계율 0.41 | alpha 1.269 | complete
  [홀드아웃] 배송 50.0±0.0 완주 1.00 스텝 1130 점수 124.9 재적재 8.1 2홉+ 0.63 | 최고 124.9@ep50 정체 0/8  ← 갱신
Ep 51 | 드론4 목적지77 | 1000스텝 | 배송 64/77 | 재적재 12 | 중계율 0.32 | alpha 1.362 | step_limit
Ep 52 | 드론4 목적지26 |  495스텝 | 배송 26/26 | 재적재  3 | 중계율 0.26 | alpha 1.410 | complete
Ep 53 | 드론3 목적지36 | 1000스텝 | 배송 36/36 | 재적재  5 | 중계율 0.29 | alpha 1.512 | complete
Ep 54 | 드론3 목적지21 |  619스텝 | 배송 21/21 | 재적재  2 | 중계율 0.32 | alpha 1.579 | complete
Ep 55 | 드론4 목적지52 |  611스텝 | 배송 52/52 | 재적재  9 | 중계율 0.22 | alpha 1.648 | complete
Ep 56 | 드론4 목적지61 |  870스텝 | 배송 61/61 | 재적재 11 | 중계율 0.24 | alpha 1.750 | complete
Ep 57 | 드론4 목적지28 |  993스텝 | 배송 28/28 | 재적재  4 | 중계율 0.44 | alpha 1.873 | complete
Ep 58 | 드론4 목적지43 |  598스텝 | 배송 43/43 | 재적재  7 | 중계율 0.21 | alpha 1.951 | complete
Ep 59 | 드론3 목적지32 |  781스텝 | 배송 32/32 | 재적재  6 | 중계율 0.29 | alpha 2.057 | complete
Ep 60 | 드론3 목적지73 | 1000스텝 | 배송 61/73 | 재적재 10 | 중계율 0.21 | alpha 2.199 | step_limit
Ep 61 | 드론4 목적지73 | 1000스텝 | 배송 65/73 | 재적재 11 | 중계율 0.24 | alpha 2.351 | step_limit
Ep 62 | 드론4 목적지68 | 1000스텝 | 배송 63/68 | 재적재 12 | 중계율 0.22 | alpha 2.512 | step_limit
Ep 63 | 드론3 목적지75 | 1000스텝 | 배송 61/75 | 재적재 12 | 중계율 0.26 | alpha 2.683 | step_limit
Ep 64 | 드론3 목적지25 |  515스텝 | 배송 25/25 | 재적재  3 | 중계율 0.24 | alpha 2.774 | complete
Ep 65 | 드론3 목적지47 | 1000스텝 | 배송 39/47 | 재적재  6 | 중계율 0.29 | alpha 2.963 | step_limit
Ep 66 | 드론4 목적지62 |  869스텝 | 배송 62/62 | 재적재 11 | 중계율 0.19 | alpha 3.136 | complete
Ep 67 | 드론3 목적지47 | 1000스텝 | 배송 44/47 | 재적재  7 | 중계율 0.27 | alpha 3.341 | step_limit
Ep 68 | 드론3 목적지59 | 1000스텝 | 배송 50/59 | 재적재  7 | 중계율 0.32 | alpha 3.555 | step_limit
Ep 69 | 드론4 목적지36 |  563스텝 | 배송 36/36 | 재적재  6 | 중계율 0.30 | alpha 3.676 | complete
Ep 70 | 드론4 목적지62 | 1000스텝 | 배송 58/62 | 재적재 10 | 중계율 0.28 | alpha 3.900 | step_limit
Ep 71 | 드론3 목적지25 |  418스텝 | 배송 25/25 | 재적재  4 | 중계율 0.15 | alpha 3.996 | complete
Ep 72 | 드론4 목적지36 |  685스텝 | 배송 36/36 | 재적재  6 | 중계율 0.32 | alpha 4.154 | complete
Ep 73 | 드론3 목적지54 | 1000스텝 | 배송 53/54 | 재적재  9 | 중계율 0.23 | alpha 4.386 | step_limit
Ep 74 | 드론4 목적지68 | 1000스텝 | 배송 58/68 | 재적재  9 | 중계율 0.30 | alpha 4.615 | step_limit
Ep 75 | 드론4 목적지36 |  740스텝 | 배송 36/36 | 재적재  5 | 중계율 0.30 | alpha 4.782 | complete
Ep 76 | 드론4 목적지71 | 1000스텝 | 배송 51/71 | 재적재  9 | 중계율 0.28 | alpha 5.001 | step_limit
Ep 77 | 드론3 목적지70 | 1000스텝 | 배송 58/70 | 재적재 10 | 중계율 0.23 | alpha 5.220 | step_limit
Ep 78 | 드론3 목적지65 | 1000스텝 | 배송 49/65 | 재적재  8 | 중계율 0.21 | alpha 5.434 | step_limit
Ep 79 | 드론3 목적지80 | 1000스텝 | 배송 41/80 | 재적재  6 | 중계율 0.12 | alpha 5.642 | step_limit
Ep 80 | 드론4 목적지55 | 1000스텝 | 배송 46/55 | 재적재  8 | 중계율 0.30 | alpha 5.819 | step_limit
Ep 81 | 드론3 목적지46 | 1000스텝 | 배송 28/46 | 재적재  3 | 중계율 0.26 | alpha 5.976 | step_limit
Ep 82 | 드론3 목적지51 | 1000스텝 | 배송 46/51 | 재적재  9 | 중계율 0.25 | alpha 6.097 | step_limit
Ep 83 | 드론4 목적지51 | 1000스텝 | 배송 48/51 | 재적재  9 | 중계율 0.31 | alpha 6.188 | step_limit
Ep 84 | 드론4 목적지53 | 1000스텝 | 배송 48/53 | 재적재  7 | 중계율 0.28 | alpha 6.234 | step_limit
Ep 85 | 드론4 목적지38 |  820스텝 | 배송 38/38 | 재적재  6 | 중계율 0.29 | alpha 6.247 | complete
Ep 86 | 드론4 목적지52 |  715스텝 | 배송 52/52 | 재적재  9 | 중계율 0.22 | alpha 6.247 | complete
Ep 87 | 드론4 목적지65 | 1000스텝 | 배송 46/65 | 재적재  7 | 중계율 0.29 | alpha 6.226 | step_limit
Ep 88 | 드론3 목적지55 | 1000스텝 | 배송 52/55 | 재적재  9 | 중계율 0.24 | alpha 6.198 | step_limit
Ep 89 | 드론4 목적지41 |  887스텝 | 배송 41/41 | 재적재  7 | 중계율 0.30 | alpha 6.163 | complete
Ep 90 | 드론4 목적지57 |  963스텝 | 배송 57/57 | 재적재  9 | 중계율 0.22 | alpha 6.153 | complete
Ep 91 | 드론3 목적지52 | 1000스텝 | 배송 39/52 | 재적재  7 | 중계율 0.20 | alpha 6.135 | step_limit
Ep 92 | 드론3 목적지70 | 1000스텝 | 배송 53/70 | 재적재 10 | 중계율 0.17 | alpha 6.133 | step_limit
Ep 93 | 드론4 목적지73 | 1000스텝 | 배송 54/73 | 재적재  8 | 중계율 0.29 | alpha 6.153 | step_limit
Ep 94 | 드론3 목적지60 | 1000스텝 | 배송 51/60 | 재적재  9 | 중계율 0.27 | alpha 6.208 | step_limit
Ep 95 | 드론3 목적지37 |  801스텝 | 배송 37/37 | 재적재  6 | 중계율 0.25 | alpha 6.210 | complete
Ep 96 | 드론3 목적지35 | 1000스텝 | 배송 34/35 | 재적재  5 | 중계율 0.25 | alpha 6.143 | step_limit
Ep 97 | 드론3 목적지47 | 1000스텝 | 배송 37/47 | 재적재  6 | 중계율 0.24 | alpha 6.090 | step_limit
Ep 98 | 드론3 목적지57 | 1000스텝 | 배송 55/57 | 재적재 10 | 중계율 0.18 | alpha 6.041 | step_limit
Ep 99 | 드론3 목적지31 | 1000스텝 | 배송 30/31 | 재적재  5 | 중계율 0.30 | alpha 6.037 | step_limit
Ep 100 | 드론4 목적지52 | 1000스텝 | 배송 49/52 | 재적재  7 | 중계율 0.26 | alpha 5.953 | step_limit
  [홀드아웃] 배송 50.0±0.0 완주 1.00 스텝 1241 점수 123.4 재적재 8.4 2홉+ 0.62 | 최고 124.9@ep50 정체 1/8
Ep 101 | 드론4 목적지27 |  956스텝 | 배송 27/27 | 재적재  4 | 중계율 0.27 | alpha 5.885 | complete
Ep 102 | 드론4 목적지57 | 1000스텝 | 배송 50/57 | 재적재 10 | 중계율 0.25 | alpha 5.798 | step_limit
Ep 103 | 드론3 목적지78 | 1000스텝 | 배송 61/78 | 재적재 12 | 중계율 0.19 | alpha 5.748 | step_limit
Ep 104 | 드론4 목적지46 |  737스텝 | 배송 46/46 | 재적재  8 | 중계율 0.22 | alpha 5.724 | complete
Ep 105 | 드론3 목적지50 | 1000스텝 | 배송 46/50 | 재적재  9 | 중계율 0.22 | alpha 5.645 | step_limit
Ep 106 | 드론3 목적지32 |  655스텝 | 배송 32/32 | 재적재  6 | 중계율 0.22 | alpha 5.605 | complete
Ep 107 | 드론3 목적지39 |  921스텝 | 배송 39/39 | 재적재  5 | 중계율 0.26 | alpha 5.604 | complete
Ep 108 | 드론3 목적지46 | 1000스텝 | 배송 36/46 | 재적재  5 | 중계율 0.23 | alpha 5.586 | step_limit
Ep 109 | 드론3 목적지44 | 1000스텝 | 배송 39/44 | 재적재  6 | 중계율 0.24 | alpha 5.545 | step_limit
Ep 110 | 드론4 목적지21 |  536스텝 | 배송 21/21 | 재적재  3 | 중계율 0.33 | alpha 5.537 | complete
Ep 111 | 드론4 목적지66 | 1000스텝 | 배송 48/66 | 재적재  8 | 중계율 0.30 | alpha 5.576 | step_limit
Ep 112 | 드론3 목적지70 | 1000스텝 | 배송 57/70 | 재적재 10 | 중계율 0.20 | alpha 5.604 | step_limit
Ep 113 | 드론4 목적지51 | 1000스텝 | 배송 50/51 | 재적재  9 | 중계율 0.28 | alpha 5.610 | step_limit
Ep 114 | 드론3 목적지37 |  977스텝 | 배송 37/37 | 재적재  6 | 중계율 0.28 | alpha 5.559 | complete
Ep 115 | 드론3 목적지43 | 1000스텝 | 배송 40/43 | 재적재  8 | 중계율 0.27 | alpha 5.491 | step_limit
Ep 116 | 드론3 목적지67 | 1000스텝 | 배송 54/67 | 재적재  9 | 중계율 0.26 | alpha 5.530 | step_limit
Ep 117 | 드론4 목적지55 | 1000스텝 | 배송 53/55 | 재적재  9 | 중계율 0.21 | alpha 5.497 | step_limit
Ep 118 | 드론4 목적지22 |  609스텝 | 배송 22/22 | 재적재  2 | 중계율 0.32 | alpha 5.467 | complete
Ep 119 | 드론4 목적지74 | 1000스텝 | 배송 70/74 | 재적재 14 | 중계율 0.20 | alpha 5.526 | step_limit
Ep 120 | 드론4 목적지23 |  424스텝 | 배송 23/23 | 재적재  4 | 중계율 0.26 | alpha 5.531 | complete
Ep 121 | 드론3 목적지75 | 1000스텝 | 배송 59/75 | 재적재 11 | 중계율 0.22 | alpha 5.530 | step_limit
Ep 122 | 드론3 목적지33 |  936스텝 | 배송 33/33 | 재적재  4 | 중계율 0.31 | alpha 5.502 | complete
Ep 123 | 드론4 목적지31 |  863스텝 | 배송 31/31 | 재적재  3 | 중계율 0.30 | alpha 5.549 | complete
Ep 124 | 드론3 목적지78 | 1000스텝 | 배송 62/78 | 재적재 11 | 중계율 0.21 | alpha 5.471 | step_limit
Ep 125 | 드론3 목적지52 | 1000스텝 | 배송 49/52 | 재적재  8 | 중계율 0.25 | alpha 5.452 | step_limit
Ep 126 | 드론4 목적지57 | 1000스텝 | 배송 56/57 | 재적재 11 | 중계율 0.26 | alpha 5.410 | step_limit
Ep 127 | 드론3 목적지62 | 1000스텝 | 배송 40/62 | 재적재  5 | 중계율 0.29 | alpha 5.418 | step_limit
Ep 128 | 드론4 목적지21 |  544스텝 | 배송 21/21 | 재적재  3 | 중계율 0.31 | alpha 5.427 | complete
Ep 129 | 드론3 목적지73 | 1000스텝 | 배송 64/73 | 재적재 10 | 중계율 0.23 | alpha 5.474 | step_limit
Ep 130 | 드론3 목적지61 | 1000스텝 | 배송 49/61 | 재적재  7 | 중계율 0.29 | alpha 5.483 | step_limit
Ep 131 | 드론4 목적지63 |  991스텝 | 배송 63/63 | 재적재 12 | 중계율 0.22 | alpha 5.487 | complete
Ep 132 | 드론4 목적지77 | 1000스텝 | 배송 66/77 | 재적재 11 | 중계율 0.29 | alpha 5.481 | step_limit
Ep 133 | 드론4 목적지40 |  533스텝 | 배송 40/40 | 재적재  6 | 중계율 0.25 | alpha 5.416 | complete
Ep 134 | 드론3 목적지54 | 1000스텝 | 배송 49/54 | 재적재  8 | 중계율 0.28 | alpha 5.410 | step_limit
Ep 135 | 드론4 목적지57 | 1000스텝 | 배송 53/57 | 재적재  9 | 중계율 0.26 | alpha 5.380 | step_limit
Ep 136 | 드론4 목적지69 | 1000스텝 | 배송 61/69 | 재적재 10 | 중계율 0.30 | alpha 5.400 | step_limit
Ep 137 | 드론3 목적지40 | 1000스텝 | 배송 39/40 | 재적재  5 | 중계율 0.32 | alpha 5.373 | step_limit
Ep 138 | 드론3 목적지22 |  574스텝 | 배송 22/22 | 재적재  3 | 중계율 0.33 | alpha 5.344 | complete
Ep 139 | 드론4 목적지52 |  904스텝 | 배송 52/52 | 재적재  8 | 중계율 0.30 | alpha 5.257 | complete
Ep 140 | 드론3 목적지74 | 1000스텝 | 배송 55/74 | 재적재 11 | 중계율 0.22 | alpha 5.243 | step_limit
Ep 141 | 드론4 목적지29 | 1000스텝 | 배송 27/29 | 재적재  3 | 중계율 0.29 | alpha 5.242 | step_limit
Ep 142 | 드론3 목적지42 |  755스텝 | 배송 42/42 | 재적재  7 | 중계율 0.24 | alpha 5.180 | complete
Ep 143 | 드론3 목적지67 | 1000스텝 | 배송 57/67 | 재적재 10 | 중계율 0.25 | alpha 5.189 | step_limit
Ep 144 | 드론3 목적지27 |  818스텝 | 배송 27/27 | 재적재  4 | 중계율 0.35 | alpha 5.161 | complete
Ep 145 | 드론4 목적지54 |  772스텝 | 배송 54/54 | 재적재 10 | 중계율 0.20 | alpha 5.123 | complete
Ep 146 | 드론4 목적지34 |  944스텝 | 배송 34/34 | 재적재  5 | 중계율 0.27 | alpha 5.113 | complete
Ep 147 | 드론4 목적지72 | 1000스텝 | 배송 70/72 | 재적재 12 | 중계율 0.26 | alpha 4.999 | step_limit
Ep 148 | 드론3 목적지21 |  491스텝 | 배송 21/21 | 재적재  3 | 중계율 0.23 | alpha 4.949 | complete
Ep 149 | 드론4 목적지56 | 1000스텝 | 배송 54/56 | 재적재 10 | 중계율 0.31 | alpha 4.863 | step_limit
Ep 150 | 드론3 목적지53 | 1000스텝 | 배송 50/53 | 재적재  8 | 중계율 0.25 | alpha 4.759 | step_limit
  [홀드아웃] 배송 49.9±0.4 완주 0.96 스텝 1237 점수 119.8 재적재 8.5 2홉+ 0.63 | 최고 124.9@ep50 정체 2/8
Ep 151 | 드론3 목적지76 | 1000스텝 | 배송 67/76 | 재적재 11 | 중계율 0.24 | alpha 4.748 | step_limit
Ep 152 | 드론4 목적지71 | 1000스텝 | 배송 66/71 | 재적재 12 | 중계율 0.23 | alpha 4.751 | step_limit
Ep 153 | 드론4 목적지60 | 1000스텝 | 배송 44/60 | 재적재  7 | 중계율 0.37 | alpha 4.742 | step_limit
Ep 154 | 드론4 목적지62 | 1000스텝 | 배송 59/62 | 재적재 10 | 중계율 0.28 | alpha 4.694 | step_limit
Ep 155 | 드론4 목적지52 |  961스텝 | 배송 52/52 | 재적재  8 | 중계율 0.22 | alpha 4.648 | complete
Ep 156 | 드론3 목적지71 | 1000스텝 | 배송 55/71 | 재적재  8 | 중계율 0.29 | alpha 4.631 | step_limit
Ep 157 | 드론3 목적지47 |  875스텝 | 배송 47/47 | 재적재  8 | 중계율 0.18 | alpha 4.606 | complete
Ep 158 | 드론4 목적지28 |  383스텝 | 배송 28/28 | 재적재  3 | 중계율 0.23 | alpha 4.595 | complete
Ep 159 | 드론4 목적지70 | 1000스텝 | 배송 66/70 | 재적재 13 | 중계율 0.24 | alpha 4.547 | step_limit
Ep 160 | 드론3 목적지34 |  823스텝 | 배송 34/34 | 재적재  5 | 중계율 0.20 | alpha 4.529 | complete
Ep 161 | 드론3 목적지68 | 1000스텝 | 배송 58/68 | 재적재 10 | 중계율 0.24 | alpha 4.484 | step_limit
Ep 162 | 드론3 목적지72 | 1000스텝 | 배송 56/72 | 재적재 11 | 중계율 0.22 | alpha 4.483 | step_limit
Ep 163 | 드론3 목적지53 | 1000스텝 | 배송 50/53 | 재적재  8 | 중계율 0.26 | alpha 4.476 | step_limit
Ep 164 | 드론3 목적지24 |  689스텝 | 배송 24/24 | 재적재  4 | 중계율 0.25 | alpha 4.481 | complete
Ep 165 | 드론4 목적지26 |  722스텝 | 배송 26/26 | 재적재  4 | 중계율 0.31 | alpha 4.479 | complete
Ep 166 | 드론4 목적지67 | 1000스텝 | 배송 61/67 | 재적재 11 | 중계율 0.24 | alpha 4.397 | step_limit
Ep 167 | 드론4 목적지73 |  991스텝 | 배송 73/73 | 재적재 13 | 중계율 0.20 | alpha 4.329 | complete
Ep 168 | 드론3 목적지34 |  740스텝 | 배송 34/34 | 재적재  5 | 중계율 0.20 | alpha 4.313 | complete
Ep 169 | 드론4 목적지54 |  967스텝 | 배송 54/54 | 재적재 10 | 중계율 0.26 | alpha 4.281 | complete
Ep 170 | 드론4 목적지68 |  844스텝 | 배송 68/68 | 재적재 11 | 중계율 0.21 | alpha 4.274 | complete
Ep 171 | 드론4 목적지21 |  319스텝 | 배송 21/21 | 재적재  3 | 중계율 0.30 | alpha 4.252 | complete
Ep 172 | 드론3 목적지31 | 1000스텝 | 배송 28/31 | 재적재  5 | 중계율 0.31 | alpha 4.236 | step_limit
Ep 173 | 드론4 목적지66 | 1000스텝 | 배송 63/66 | 재적재 11 | 중계율 0.24 | alpha 4.228 | step_limit
Ep 174 | 드론3 목적지37 |  804스텝 | 배송 37/37 | 재적재  5 | 중계율 0.21 | alpha 4.202 | complete
Ep 175 | 드론4 목적지76 | 1000스텝 | 배송 72/76 | 재적재 13 | 중계율 0.20 | alpha 4.192 | step_limit
Ep 176 | 드론3 목적지70 | 1000스텝 | 배송 45/70 | 재적재  7 | 중계율 0.24 | alpha 4.203 | step_limit
Ep 177 | 드론4 목적지72 | 1000스텝 | 배송 66/72 | 재적재 12 | 중계율 0.21 | alpha 4.171 | step_limit
Ep 178 | 드론3 목적지31 |  914스텝 | 배송 31/31 | 재적재  5 | 중계율 0.26 | alpha 4.141 | complete
Ep 179 | 드론4 목적지20 | 1000스텝 | 배송 19/20 | 재적재  2 | 중계율 0.36 | alpha 4.096 | step_limit
Ep 180 | 드론3 목적지70 | 1000스텝 | 배송 63/70 | 재적재 10 | 중계율 0.22 | alpha 4.114 | step_limit
Ep 181 | 드론4 목적지80 | 1000스텝 | 배송 69/80 | 재적재 12 | 중계율 0.22 | alpha 4.039 | step_limit
Ep 182 | 드론3 목적지54 | 1000스텝 | 배송 51/54 | 재적재 10 | 중계율 0.22 | alpha 4.031 | step_limit
Ep 183 | 드론3 목적지80 | 1000스텝 | 배송 56/80 | 재적재 11 | 중계율 0.27 | alpha 3.996 | step_limit
Ep 184 | 드론4 목적지42 |  857스텝 | 배송 42/42 | 재적재  7 | 중계율 0.30 | alpha 3.905 | complete
Ep 185 | 드론3 목적지28 |  696스텝 | 배송 28/28 | 재적재  5 | 중계율 0.32 | alpha 3.865 | complete
Ep 186 | 드론3 목적지28 | 1000스텝 | 배송 25/28 | 재적재  4 | 중계율 0.35 | alpha 3.835 | step_limit
Ep 187 | 드론3 목적지42 | 1000스텝 | 배송 39/42 | 재적재  6 | 중계율 0.29 | alpha 3.784 | step_limit
Ep 188 | 드론4 목적지35 |  762스텝 | 배송 35/35 | 재적재  5 | 중계율 0.28 | alpha 3.785 | complete
Ep 189 | 드론3 목적지28 |  864스텝 | 배송 28/28 | 재적재  4 | 중계율 0.28 | alpha 3.776 | complete
Ep 190 | 드론4 목적지21 |  505스텝 | 배송 21/21 | 재적재  2 | 중계율 0.31 | alpha 3.784 | complete
Ep 191 | 드론4 목적지26 |  481스텝 | 배송 26/26 | 재적재  3 | 중계율 0.22 | alpha 3.767 | complete
Ep 192 | 드론4 목적지60 | 1000스텝 | 배송 57/60 | 재적재  8 | 중계율 0.32 | alpha 3.736 | step_limit
Ep 193 | 드론4 목적지40 |  916스텝 | 배송 40/40 | 재적재  7 | 중계율 0.28 | alpha 3.701 | complete
Ep 194 | 드론4 목적지40 |  855스텝 | 배송 40/40 | 재적재  7 | 중계율 0.33 | alpha 3.646 | complete
Ep 195 | 드론4 목적지32 |  893스텝 | 배송 32/32 | 재적재  5 | 중계율 0.33 | alpha 3.633 | complete
Ep 196 | 드론3 목적지72 | 1000스텝 | 배송 65/72 | 재적재 11 | 중계율 0.25 | alpha 3.626 | step_limit
Ep 197 | 드론4 목적지67 | 1000스텝 | 배송 60/67 | 재적재 11 | 중계율 0.27 | alpha 3.580 | step_limit
Ep 198 | 드론4 목적지27 |  654스텝 | 배송 27/27 | 재적재  3 | 중계율 0.28 | alpha 3.555 | complete
Ep 199 | 드론3 목적지33 | 1000스텝 | 배송 32/33 | 재적재  5 | 중계율 0.24 | alpha 3.530 | step_limit
Ep 200 | 드론4 목적지35 |  633스텝 | 배송 35/35 | 재적재  6 | 중계율 0.24 | alpha 3.537 | complete
  [홀드아웃] 배송 49.8±0.7 완주 0.91 스텝 1297 점수 114.0 재적재 8.4 2홉+ 0.63 | 최고 124.9@ep50 정체 3/8
Ep 201 | 드론3 목적지43 | 1000스텝 | 배송 39/43 | 재적재  7 | 중계율 0.27 | alpha 3.531 | step_limit
Ep 202 | 드론4 목적지40 |  803스텝 | 배송 40/40 | 재적재  7 | 중계율 0.30 | alpha 3.507 | complete
Ep 203 | 드론4 목적지45 |  684스텝 | 배송 45/45 | 재적재  8 | 중계율 0.27 | alpha 3.486 | complete
Ep 204 | 드론4 목적지77 | 1000스텝 | 배송 75/77 | 재적재 14 | 중계율 0.21 | alpha 3.425 | step_limit
Ep 205 | 드론4 목적지59 |  953스텝 | 배송 59/59 | 재적재 11 | 중계율 0.24 | alpha 3.348 | complete
Ep 206 | 드론4 목적지31 |  459스텝 | 배송 31/31 | 재적재  4 | 중계율 0.19 | alpha 3.321 | complete
Ep 207 | 드론4 목적지24 |  450스텝 | 배송 24/24 | 재적재  3 | 중계율 0.31 | alpha 3.316 | complete
Ep 208 | 드론3 목적지31 |  697스텝 | 배송 31/31 | 재적재  4 | 중계율 0.21 | alpha 3.299 | complete
Ep 209 | 드론4 목적지32 |  648스텝 | 배송 32/32 | 재적재  5 | 중계율 0.27 | alpha 3.270 | complete
Ep 210 | 드론4 목적지44 | 1000스텝 | 배송 41/44 | 재적재  7 | 중계율 0.38 | alpha 3.229 | step_limit
Ep 211 | 드론4 목적지21 |  553스텝 | 배송 21/21 | 재적재  3 | 중계율 0.26 | alpha 3.233 | complete
Ep 212 | 드론3 목적지63 | 1000스텝 | 배송 56/63 | 재적재 10 | 중계율 0.28 | alpha 3.233 | step_limit
Ep 213 | 드론3 목적지73 | 1000스텝 | 배송 57/73 | 재적재 11 | 중계율 0.28 | alpha 3.204 | step_limit
Ep 214 | 드론3 목적지66 | 1000스텝 | 배송 55/66 | 재적재  9 | 중계율 0.23 | alpha 3.228 | step_limit
Ep 215 | 드론4 목적지72 | 1000스텝 | 배송 70/72 | 재적재 12 | 중계율 0.29 | alpha 3.262 | step_limit
Ep 216 | 드론3 목적지26 |  723스텝 | 배송 26/26 | 재적재  4 | 중계율 0.29 | alpha 3.279 | complete
Ep 217 | 드론3 목적지78 | 1000스텝 | 배송 61/78 | 재적재 11 | 중계율 0.26 | alpha 3.259 | step_limit
Ep 218 | 드론3 목적지26 |  774스텝 | 배송 26/26 | 재적재  5 | 중계율 0.36 | alpha 3.207 | complete
Ep 219 | 드론4 목적지39 |  934스텝 | 배송 39/39 | 재적재  5 | 중계율 0.21 | alpha 3.144 | complete
Ep 220 | 드론3 목적지24 |  505스텝 | 배송 24/24 | 재적재  2 | 중계율 0.33 | alpha 3.114 | complete
Ep 221 | 드론4 목적지46 |  856스텝 | 배송 46/46 | 재적재  8 | 중계율 0.28 | alpha 3.123 | complete
Ep 222 | 드론3 목적지64 | 1000스텝 | 배송 49/64 | 재적재  9 | 중계율 0.21 | alpha 3.117 | step_limit
Ep 223 | 드론3 목적지27 |  759스텝 | 배송 27/27 | 재적재  4 | 중계율 0.31 | alpha 3.109 | complete
Ep 224 | 드론3 목적지52 | 1000스텝 | 배송 45/52 | 재적재  9 | 중계율 0.33 | alpha 3.110 | step_limit
Ep 225 | 드론4 목적지47 |  782스텝 | 배송 47/47 | 재적재  8 | 중계율 0.19 | alpha 3.117 | complete
Ep 226 | 드론3 목적지31 | 1000스텝 | 배송 29/31 | 재적재  5 | 중계율 0.28 | alpha 3.091 | step_limit
Ep 227 | 드론3 목적지51 | 1000스텝 | 배송 45/51 | 재적재  8 | 중계율 0.35 | alpha 3.065 | step_limit
Ep 228 | 드론4 목적지48 |  930스텝 | 배송 48/48 | 재적재  8 | 중계율 0.25 | alpha 3.067 | complete
Ep 229 | 드론4 목적지50 | 1000스텝 | 배송 48/50 | 재적재  7 | 중계율 0.40 | alpha 3.000 | step_limit
Ep 230 | 드론3 목적지80 | 1000스텝 | 배송 57/80 | 재적재 11 | 중계율 0.25 | alpha 2.970 | step_limit
Ep 231 | 드론4 목적지38 |  928스텝 | 배송 38/38 | 재적재  6 | 중계율 0.20 | alpha 2.953 | complete
Ep 232 | 드론4 목적지37 |  684스텝 | 배송 37/37 | 재적재  6 | 중계율 0.31 | alpha 2.930 | complete
Ep 233 | 드론3 목적지36 |  761스텝 | 배송 36/36 | 재적재  6 | 중계율 0.31 | alpha 2.913 | complete
Ep 234 | 드론4 목적지26 |  639스텝 | 배송 26/26 | 재적재  3 | 중계율 0.32 | alpha 2.890 | complete
Ep 235 | 드론3 목적지35 |  830스텝 | 배송 35/35 | 재적재  6 | 중계율 0.20 | alpha 2.891 | complete
Ep 236 | 드론3 목적지45 |  962스텝 | 배송 45/45 | 재적재  8 | 중계율 0.26 | alpha 2.821 | complete
Ep 237 | 드론4 목적지66 |  874스텝 | 배송 66/66 | 재적재 11 | 중계율 0.23 | alpha 2.781 | complete
Ep 238 | 드론3 목적지77 | 1000스텝 | 배송 60/77 | 재적재 10 | 중계율 0.24 | alpha 2.735 | step_limit
Ep 239 | 드론3 목적지56 | 1000스텝 | 배송 55/56 | 재적재 10 | 중계율 0.22 | alpha 2.718 | step_limit
Ep 240 | 드론4 목적지61 | 1000스텝 | 배송 52/61 | 재적재 10 | 중계율 0.29 | alpha 2.715 | step_limit
Ep 241 | 드론4 목적지45 |  950스텝 | 배송 45/45 | 재적재  6 | 중계율 0.33 | alpha 2.704 | complete
Ep 242 | 드론3 목적지71 | 1000스텝 | 배송 58/71 | 재적재 10 | 중계율 0.30 | alpha 2.728 | step_limit
Ep 243 | 드론4 목적지71 | 1000스텝 | 배송 65/71 | 재적재 10 | 중계율 0.31 | alpha 2.713 | step_limit
Ep 244 | 드론3 목적지42 |  882스텝 | 배송 42/42 | 재적재  7 | 중계율 0.25 | alpha 2.687 | complete
Ep 245 | 드론3 목적지43 |  921스텝 | 배송 43/43 | 재적재  8 | 중계율 0.28 | alpha 2.661 | complete
Ep 246 | 드론4 목적지69 |  780스텝 | 배송 69/69 | 재적재 12 | 중계율 0.20 | alpha 2.645 | complete
Ep 247 | 드론3 목적지67 | 1000스텝 | 배송 56/67 | 재적재 11 | 중계율 0.24 | alpha 2.625 | step_limit
Ep 248 | 드론3 목적지25 |  504스텝 | 배송 25/25 | 재적재  4 | 중계율 0.22 | alpha 2.613 | complete
Ep 249 | 드론4 목적지26 |  734스텝 | 배송 26/26 | 재적재  3 | 중계율 0.29 | alpha 2.586 | complete
Ep 250 | 드론3 목적지27 |  847스텝 | 배송 27/27 | 재적재  5 | 중계율 0.34 | alpha 2.519 | complete
  [홀드아웃] 배송 49.6±1.4 완주 0.84 스텝 1429 점수 104.7 재적재 8.4 2홉+ 0.60 | 최고 124.9@ep50 정체 4/8
Ep 251 | 드론3 목적지26 |  616스텝 | 배송 26/26 | 재적재  5 | 중계율 0.26 | alpha 2.478 | complete
Ep 252 | 드론3 목적지29 | 1000스텝 | 배송 26/29 | 재적재  4 | 중계율 0.34 | alpha 2.452 | step_limit
Ep 253 | 드론3 목적지68 | 1000스텝 | 배송 56/68 | 재적재 10 | 중계율 0.26 | alpha 2.467 | step_limit
Ep 254 | 드론4 목적지40 |  672스텝 | 배송 40/40 | 재적재  7 | 중계율 0.24 | alpha 2.461 | complete
Ep 255 | 드론4 목적지49 |  599스텝 | 배송 49/49 | 재적재  8 | 중계율 0.23 | alpha 2.440 | complete
Ep 256 | 드론4 목적지35 | 1000스텝 | 배송 34/35 | 재적재  6 | 중계율 0.27 | alpha 2.391 | step_limit
Ep 257 | 드론3 목적지67 | 1000스텝 | 배송 52/67 | 재적재  9 | 중계율 0.24 | alpha 2.355 | step_limit
Ep 258 | 드론4 목적지30 |  577스텝 | 배송 30/30 | 재적재  4 | 중계율 0.21 | alpha 2.352 | complete
Ep 259 | 드론3 목적지36 |  910스텝 | 배송 36/36 | 재적재  6 | 중계율 0.34 | alpha 2.349 | complete
Ep 260 | 드론3 목적지52 | 1000스텝 | 배송 50/52 | 재적재  9 | 중계율 0.26 | alpha 2.329 | step_limit
Ep 261 | 드론4 목적지66 |  937스텝 | 배송 66/66 | 재적재 11 | 중계율 0.25 | alpha 2.302 | complete
Ep 262 | 드론3 목적지26 |  762스텝 | 배송 26/26 | 재적재  5 | 중계율 0.27 | alpha 2.313 | complete
Ep 263 | 드론4 목적지33 |  479스텝 | 배송 33/33 | 재적재  4 | 중계율 0.19 | alpha 2.307 | complete
Ep 264 | 드론4 목적지80 | 1000스텝 | 배송 72/80 | 재적재 13 | 중계율 0.19 | alpha 2.280 | step_limit
Ep 265 | 드론3 목적지79 | 1000스텝 | 배송 73/79 | 재적재 13 | 중계율 0.20 | alpha 2.257 | step_limit
Ep 266 | 드론4 목적지23 |  555스텝 | 배송 23/23 | 재적재  3 | 중계율 0.21 | alpha 2.264 | complete
Ep 267 | 드론3 목적지42 | 1000스텝 | 배송 41/42 | 재적재  6 | 중계율 0.33 | alpha 2.253 | step_limit
Ep 268 | 드론3 목적지55 |  938스텝 | 배송 55/55 | 재적재  9 | 중계율 0.21 | alpha 2.236 | complete
Ep 269 | 드론4 목적지68 | 1000스텝 | 배송 64/68 | 재적재 11 | 중계율 0.28 | alpha 2.247 | step_limit
Ep 270 | 드론3 목적지23 |  755스텝 | 배송 23/23 | 재적재  3 | 중계율 0.23 | alpha 2.235 | complete
Ep 271 | 드론4 목적지29 | 1000스텝 | 배송 28/29 | 재적재  3 | 중계율 0.37 | alpha 2.190 | step_limit
Ep 272 | 드론3 목적지36 |  892스텝 | 배송 36/36 | 재적재  6 | 중계율 0.25 | alpha 2.200 | complete
Ep 273 | 드론4 목적지36 |  587스텝 | 배송 36/36 | 재적재  6 | 중계율 0.21 | alpha 2.194 | complete
Ep 274 | 드론4 목적지80 | 1000스텝 | 배송 74/80 | 재적재 14 | 중계율 0.23 | alpha 2.185 | step_limit
Ep 275 | 드론4 목적지77 |  806스텝 | 배송 77/77 | 재적재 13 | 중계율 0.23 | alpha 2.183 | complete
Ep 276 | 드론4 목적지49 |  691스텝 | 배송 49/49 | 재적재  9 | 중계율 0.24 | alpha 2.185 | complete
Ep 277 | 드론3 목적지22 |  853스텝 | 배송 22/22 | 재적재  3 | 중계율 0.32 | alpha 2.173 | complete
Ep 278 | 드론3 목적지27 |  658스텝 | 배송 27/27 | 재적재  5 | 중계율 0.24 | alpha 2.164 | complete
Ep 279 | 드론4 목적지25 |  689스텝 | 배송 25/25 | 재적재  4 | 중계율 0.35 | alpha 2.136 | complete
Ep 280 | 드론3 목적지77 | 1000스텝 | 배송 57/77 | 재적재 11 | 중계율 0.29 | alpha 2.114 | step_limit
Ep 281 | 드론4 목적지70 | 1000스텝 | 배송 60/70 | 재적재 11 | 중계율 0.38 | alpha 2.084 | step_limit
Ep 282 | 드론4 목적지77 |  959스텝 | 배송 77/77 | 재적재 13 | 중계율 0.21 | alpha 2.067 | complete
Ep 283 | 드론3 목적지24 |  611스텝 | 배송 24/24 | 재적재  4 | 중계율 0.25 | alpha 2.044 | complete
Ep 284 | 드론3 목적지39 |  955스텝 | 배송 39/39 | 재적재  6 | 중계율 0.28 | alpha 2.029 | complete
Ep 285 | 드론3 목적지72 | 1000스텝 | 배송 55/72 | 재적재  9 | 중계율 0.27 | alpha 2.013 | step_limit
Ep 286 | 드론3 목적지56 | 1000스텝 | 배송 54/56 | 재적재  9 | 중계율 0.25 | alpha 2.004 | step_limit
Ep 287 | 드론4 목적지40 |  840스텝 | 배송 40/40 | 재적재  7 | 중계율 0.34 | alpha 1.989 | complete
Ep 288 | 드론4 목적지22 |  647스텝 | 배송 22/22 | 재적재  3 | 중계율 0.38 | alpha 1.971 | complete
Ep 289 | 드론4 목적지53 |  789스텝 | 배송 53/53 | 재적재  8 | 중계율 0.23 | alpha 1.972 | complete
Ep 290 | 드론4 목적지57 |  985스텝 | 배송 57/57 | 재적재 10 | 중계율 0.28 | alpha 1.940 | complete
Ep 291 | 드론4 목적지51 |  823스텝 | 배송 51/51 | 재적재  8 | 중계율 0.31 | alpha 1.927 | complete
Ep 292 | 드론3 목적지26 |  740스텝 | 배송 26/26 | 재적재  3 | 중계율 0.31 | alpha 1.920 | complete
Ep 293 | 드론3 목적지80 | 1000스텝 | 배송 57/80 | 재적재 10 | 중계율 0.27 | alpha 1.912 | step_limit
Ep 294 | 드론3 목적지65 | 1000스텝 | 배송 56/65 | 재적재 10 | 중계율 0.26 | alpha 1.911 | step_limit
Ep 295 | 드론3 목적지70 | 1000스텝 | 배송 65/70 | 재적재 11 | 중계율 0.26 | alpha 1.899 | step_limit
Ep 296 | 드론3 목적지37 |  790스텝 | 배송 37/37 | 재적재  6 | 중계율 0.28 | alpha 1.886 | complete
Ep 297 | 드론4 목적지38 |  697스텝 | 배송 38/38 | 재적재  5 | 중계율 0.28 | alpha 1.865 | complete
Ep 298 | 드론3 목적지37 |  940스텝 | 배송 37/37 | 재적재  7 | 중계율 0.26 | alpha 1.836 | complete
Ep 299 | 드론3 목적지70 | 1000스텝 | 배송 59/70 | 재적재  9 | 중계율 0.27 | alpha 1.821 | step_limit
Ep 300 | 드론4 목적지33 |  593스텝 | 배송 33/33 | 재적재  5 | 중계율 0.31 | alpha 1.804 | complete
  [홀드아웃] 배송 49.8±0.8 완주 0.94 스텝 1176 점수 118.1 재적재 8.5 2홉+ 0.61 | 최고 124.9@ep50 정체 5/8
Ep 301 | 드론3 목적지56 | 1000스텝 | 배송 48/56 | 재적재  8 | 중계율 0.25 | alpha 1.800 | step_limit
Ep 302 | 드론4 목적지53 |  936스텝 | 배송 53/53 | 재적재  8 | 중계율 0.31 | alpha 1.787 | complete
Ep 303 | 드론4 목적지62 |  953스텝 | 배송 62/62 | 재적재 11 | 중계율 0.29 | alpha 1.782 | complete
Ep 304 | 드론4 목적지64 |  982스텝 | 배송 64/64 | 재적재 12 | 중계율 0.30 | alpha 1.771 | complete
Ep 305 | 드론4 목적지46 |  655스텝 | 배송 46/46 | 재적재  7 | 중계율 0.27 | alpha 1.752 | complete
Ep 306 | 드론4 목적지79 | 1000스텝 | 배송 65/79 | 재적재 11 | 중계율 0.34 | alpha 1.734 | step_limit
Ep 307 | 드론3 목적지27 |  841스텝 | 배송 27/27 | 재적재  3 | 중계율 0.37 | alpha 1.704 | complete
Ep 308 | 드론4 목적지50 |  925스텝 | 배송 50/50 | 재적재  9 | 중계율 0.22 | alpha 1.680 | complete
Ep 309 | 드론3 목적지58 | 1000스텝 | 배송 49/58 | 재적재  8 | 중계율 0.30 | alpha 1.675 | step_limit
Ep 310 | 드론3 목적지42 | 1000스텝 | 배송 40/42 | 재적재  7 | 중계율 0.35 | alpha 1.665 | step_limit
Ep 311 | 드론4 목적지70 | 1000스텝 | 배송 68/70 | 재적재 12 | 중계율 0.27 | alpha 1.651 | step_limit
Ep 312 | 드론4 목적지45 |  657스텝 | 배송 45/45 | 재적재  8 | 중계율 0.24 | alpha 1.650 | complete
Ep 313 | 드론3 목적지37 | 1000스텝 | 배송 35/37 | 재적재  6 | 중계율 0.32 | alpha 1.650 | step_limit
Ep 314 | 드론4 목적지43 |  966스텝 | 배송 43/43 | 재적재  8 | 중계율 0.35 | alpha 1.647 | complete
Ep 315 | 드론4 목적지51 | 1000스텝 | 배송 50/51 | 재적재  9 | 중계율 0.28 | alpha 1.626 | step_limit
Ep 316 | 드론4 목적지32 |  490스텝 | 배송 32/32 | 재적재  4 | 중계율 0.23 | alpha 1.621 | complete
Ep 317 | 드론4 목적지20 |  514스텝 | 배송 20/20 | 재적재  3 | 중계율 0.34 | alpha 1.613 | complete
Ep 318 | 드론3 목적지23 | 1000스텝 | 배송 20/23 | 재적재  3 | 중계율 0.39 | alpha 1.584 | step_limit
Ep 319 | 드론4 목적지63 | 1000스텝 | 배송 54/63 | 재적재  9 | 중계율 0.33 | alpha 1.542 | step_limit
Ep 320 | 드론4 목적지38 |  690스텝 | 배송 38/38 | 재적재  6 | 중계율 0.28 | alpha 1.508 | complete
Ep 321 | 드론3 목적지23 |  975스텝 | 배송 20/23 | 재적재  3 | 중계율 0.36 | alpha 1.481 | no_progress
Ep 322 | 드론4 목적지58 | 1000스텝 | 배송 57/58 | 재적재  9 | 중계율 0.36 | alpha 1.454 | step_limit
Ep 323 | 드론4 목적지78 | 1000스텝 | 배송 69/78 | 재적재 11 | 중계율 0.30 | alpha 1.423 | step_limit
Ep 324 | 드론3 목적지43 | 1000스텝 | 배송 41/43 | 재적재  6 | 중계율 0.33 | alpha 1.398 | step_limit
Ep 325 | 드론4 목적지27 |  710스텝 | 배송 27/27 | 재적재  4 | 중계율 0.30 | alpha 1.396 | complete
Ep 326 | 드론3 목적지71 | 1000스텝 | 배송 57/71 | 재적재  9 | 중계율 0.29 | alpha 1.387 | step_limit
Ep 327 | 드론3 목적지60 | 1000스텝 | 배송 58/60 | 재적재 11 | 중계율 0.23 | alpha 1.379 | step_limit
Ep 328 | 드론3 목적지37 |  832스텝 | 배송 37/37 | 재적재  6 | 중계율 0.28 | alpha 1.384 | complete
Ep 329 | 드론3 목적지30 |  644스텝 | 배송 30/30 | 재적재  5 | 중계율 0.16 | alpha 1.363 | complete
Ep 330 | 드론4 목적지58 |  600스텝 | 배송 58/58 | 재적재 10 | 중계율 0.22 | alpha 1.349 | complete
Ep 331 | 드론3 목적지66 | 1000스텝 | 배송 65/66 | 재적재 11 | 중계율 0.22 | alpha 1.312 | step_limit
Ep 332 | 드론4 목적지35 |  401스텝 | 배송 35/35 | 재적재  5 | 중계율 0.19 | alpha 1.302 | complete
Ep 333 | 드론3 목적지54 | 1000스텝 | 배송 45/54 | 재적재  8 | 중계율 0.33 | alpha 1.282 | step_limit
Ep 334 | 드론3 목적지25 |  687스텝 | 배송 25/25 | 재적재  3 | 중계율 0.35 | alpha 1.269 | complete
Ep 335 | 드론3 목적지24 |  396스텝 | 배송 24/24 | 재적재  3 | 중계율 0.22 | alpha 1.261 | complete
Ep 336 | 드론4 목적지66 |  788스텝 | 배송 66/66 | 재적재 11 | 중계율 0.17 | alpha 1.248 | complete
Ep 337 | 드론3 목적지79 | 1000스텝 | 배송 72/79 | 재적재 13 | 중계율 0.21 | alpha 1.234 | step_limit
Ep 338 | 드론4 목적지28 |  618스텝 | 배송 28/28 | 재적재  5 | 중계율 0.33 | alpha 1.220 | complete
Ep 339 | 드론3 목적지27 |  687스텝 | 배송 27/27 | 재적재  4 | 중계율 0.33 | alpha 1.208 | complete
Ep 340 | 드론4 목적지50 |  685스텝 | 배송 50/50 | 재적재  8 | 중계율 0.24 | alpha 1.200 | complete
Ep 341 | 드론3 목적지37 |  673스텝 | 배송 37/37 | 재적재  6 | 중계율 0.22 | alpha 1.189 | complete
Ep 342 | 드론3 목적지77 | 1000스텝 | 배송 62/77 | 재적재 11 | 중계율 0.25 | alpha 1.184 | step_limit
Ep 343 | 드론3 목적지79 | 1000스텝 | 배송 60/79 | 재적재 12 | 중계율 0.31 | alpha 1.188 | step_limit
Ep 344 | 드론3 목적지45 |  849스텝 | 배송 45/45 | 재적재  7 | 중계율 0.30 | alpha 1.194 | complete
Ep 345 | 드론3 목적지67 | 1000스텝 | 배송 55/67 | 재적재  9 | 중계율 0.32 | alpha 1.198 | step_limit
Ep 346 | 드론3 목적지65 |  952스텝 | 배송 65/65 | 재적재 11 | 중계율 0.22 | alpha 1.184 | complete
Ep 347 | 드론3 목적지76 | 1000스텝 | 배송 58/76 | 재적재 11 | 중계율 0.28 | alpha 1.162 | step_limit
Ep 348 | 드론4 목적지79 | 1000스텝 | 배송 77/79 | 재적재 14 | 중계율 0.24 | alpha 1.148 | step_limit
Ep 349 | 드론4 목적지46 |  919스텝 | 배송 46/46 | 재적재  8 | 중계율 0.32 | alpha 1.134 | complete
Ep 350 | 드론4 목적지76 | 1000스텝 | 배송 71/76 | 재적재 13 | 중계율 0.23 | alpha 1.116 | step_limit
  [홀드아웃] 배송 49.9±0.6 완주 0.96 스텝 1109 점수 121.5 재적재 8.5 2홉+ 0.62 | 최고 124.9@ep50 정체 6/8
Ep 351 | 드론4 목적지49 |  693스텝 | 배송 49/49 | 재적재  9 | 중계율 0.24 | alpha 1.108 | complete
Ep 352 | 드론3 목적지29 |  578스텝 | 배송 29/29 | 재적재  3 | 중계율 0.21 | alpha 1.100 | complete
Ep 353 | 드론3 목적지48 |  960스텝 | 배송 48/48 | 재적재  9 | 중계율 0.26 | alpha 1.085 | complete
Ep 354 | 드론3 목적지75 | 1000스텝 | 배송 67/75 | 재적재 13 | 중계율 0.16 | alpha 1.084 | step_limit
Ep 355 | 드론3 목적지20 |  652스텝 | 배송 20/20 | 재적재  3 | 중계율 0.32 | alpha 1.081 | complete
Ep 356 | 드론3 목적지24 |  542스텝 | 배송 24/24 | 재적재  3 | 중계율 0.20 | alpha 1.086 | complete
Ep 357 | 드론3 목적지64 | 1000스텝 | 배송 54/64 | 재적재  9 | 중계율 0.37 | alpha 1.081 | step_limit
Ep 358 | 드론3 목적지65 | 1000스텝 | 배송 61/65 | 재적재 11 | 중계율 0.29 | alpha 1.068 | step_limit
Ep 359 | 드론3 목적지54 | 1000스텝 | 배송 50/54 | 재적재  9 | 중계율 0.29 | alpha 1.062 | step_limit
Ep 360 | 드론4 목적지24 |  713스텝 | 배송 24/24 | 재적재  2 | 중계율 0.28 | alpha 1.045 | complete
Ep 361 | 드론3 목적지79 | 1000스텝 | 배송 70/79 | 재적재 14 | 중계율 0.24 | alpha 1.039 | step_limit
Ep 362 | 드론4 목적지63 |  602스텝 | 배송 63/63 | 재적재 10 | 중계율 0.23 | alpha 1.032 | complete
Ep 363 | 드론4 목적지72 |  867스텝 | 배송 72/72 | 재적재 12 | 중계율 0.26 | alpha 1.031 | complete
Ep 364 | 드론4 목적지80 | 1000스텝 | 배송 65/80 | 재적재 10 | 중계율 0.21 | alpha 1.019 | step_limit
Ep 365 | 드론4 목적지58 |  721스텝 | 배송 58/58 | 재적재 10 | 중계율 0.23 | alpha 1.022 | complete
Ep 366 | 드론4 목적지44 | 1000스텝 | 배송 43/44 | 재적재  7 | 중계율 0.37 | alpha 1.008 | step_limit
Ep 367 | 드론3 목적지57 | 1000스텝 | 배송 56/57 | 재적재 11 | 중계율 0.27 | alpha 1.002 | step_limit
Ep 368 | 드론3 목적지37 |  890스텝 | 배송 37/37 | 재적재  5 | 중계율 0.27 | alpha 1.000 | complete
Ep 369 | 드론4 목적지51 | 1000스텝 | 배송 45/51 | 재적재  7 | 중계율 0.36 | alpha 1.002 | step_limit
Ep 370 | 드론4 목적지32 |  591스텝 | 배송 32/32 | 재적재  4 | 중계율 0.32 | alpha 0.993 | complete
Ep 371 | 드론4 목적지40 |  912스텝 | 배송 40/40 | 재적재  6 | 중계율 0.40 | alpha 0.980 | complete
Ep 372 | 드론3 목적지69 | 1000스텝 | 배송 65/69 | 재적재 11 | 중계율 0.30 | alpha 0.967 | step_limit
Ep 373 | 드론3 목적지27 |  853스텝 | 배송 27/27 | 재적재  3 | 중계율 0.30 | alpha 0.955 | complete
Ep 374 | 드론3 목적지49 |  986스텝 | 배송 49/49 | 재적재  9 | 중계율 0.26 | alpha 0.949 | complete
Ep 375 | 드론3 목적지25 |  452스텝 | 배송 25/25 | 재적재  3 | 중계율 0.21 | alpha 0.942 | complete
Ep 376 | 드론4 목적지76 | 1000스텝 | 배송 72/76 | 재적재 13 | 중계율 0.30 | alpha 0.925 | step_limit
Ep 377 | 드론4 목적지55 |  902스텝 | 배송 55/55 | 재적재 10 | 중계율 0.33 | alpha 0.912 | complete
Ep 378 | 드론3 목적지59 | 1000스텝 | 배송 57/59 | 재적재 11 | 중계율 0.27 | alpha 0.896 | step_limit
Ep 379 | 드론3 목적지36 |  751스텝 | 배송 36/36 | 재적재  5 | 중계율 0.28 | alpha 0.874 | complete
Ep 380 | 드론3 목적지36 | 1000스텝 | 배송 31/36 | 재적재  6 | 중계율 0.36 | alpha 0.844 | step_limit
Ep 381 | 드론4 목적지69 |  934스텝 | 배송 69/69 | 재적재 13 | 중계율 0.30 | alpha 0.822 | complete
Ep 382 | 드론3 목적지47 |  779스텝 | 배송 47/47 | 재적재  8 | 중계율 0.21 | alpha 0.802 | complete
Ep 383 | 드론4 목적지35 |  562스텝 | 배송 35/35 | 재적재  6 | 중계율 0.29 | alpha 0.792 | complete
Ep 384 | 드론4 목적지21 |  573스텝 | 배송 21/21 | 재적재  1 | 중계율 0.38 | alpha 0.777 | complete
Ep 385 | 드론3 목적지68 | 1000스텝 | 배송 60/68 | 재적재 10 | 중계율 0.29 | alpha 0.765 | step_limit
Ep 386 | 드론4 목적지80 | 1000스텝 | 배송 79/80 | 재적재 14 | 중계율 0.29 | alpha 0.752 | step_limit
Ep 387 | 드론4 목적지53 |  742스텝 | 배송 53/53 | 재적재  9 | 중계율 0.26 | alpha 0.743 | complete
Ep 388 | 드론4 목적지43 |  683스텝 | 배송 43/43 | 재적재  7 | 중계율 0.22 | alpha 0.737 | complete
Ep 389 | 드론3 목적지27 | 1000스텝 | 배송 25/27 | 재적재  4 | 중계율 0.38 | alpha 0.712 | step_limit
Ep 390 | 드론3 목적지53 |  890스텝 | 배송 53/53 | 재적재  9 | 중계율 0.23 | alpha 0.701 | complete
Ep 391 | 드론4 목적지68 | 1000스텝 | 배송 61/68 | 재적재 10 | 중계율 0.30 | alpha 0.682 | step_limit
Ep 392 | 드론3 목적지79 | 1000스텝 | 배송 63/79 | 재적재 11 | 중계율 0.31 | alpha 0.663 | step_limit
Ep 393 | 드론3 목적지37 |  956스텝 | 배송 37/37 | 재적재  6 | 중계율 0.32 | alpha 0.653 | complete
Ep 394 | 드론3 목적지72 | 1000스텝 | 배송 66/72 | 재적재 13 | 중계율 0.25 | alpha 0.641 | step_limit
Ep 395 | 드론4 목적지52 |  685스텝 | 배송 52/52 | 재적재 10 | 중계율 0.24 | alpha 0.633 | complete
Ep 396 | 드론4 목적지42 |  667스텝 | 배송 42/42 | 재적재  6 | 중계율 0.32 | alpha 0.623 | complete
Ep 397 | 드론3 목적지37 |  921스텝 | 배송 37/37 | 재적재  6 | 중계율 0.32 | alpha 0.613 | complete
Ep 398 | 드론4 목적지55 |  988스텝 | 배송 55/55 | 재적재 10 | 중계율 0.29 | alpha 0.598 | complete
Ep 399 | 드론3 목적지22 |  471스텝 | 배송 22/22 | 재적재  3 | 중계율 0.29 | alpha 0.589 | complete
Ep 400 | 드론4 목적지77 | 1000스텝 | 배송 76/77 | 재적재 13 | 중계율 0.21 | alpha 0.579 | step_limit
  [홀드아웃] 배송 49.8±1.0 완주 0.95 스텝 997 점수 121.7 재적재 8.4 2홉+ 0.61 | 최고 124.9@ep50 정체 7/8
Ep 401 | 드론4 목적지62 | 1000스텝 | 배송 56/62 | 재적재  8 | 중계율 0.34 | alpha 0.570 | step_limit
Ep 402 | 드론4 목적지36 |  571스텝 | 배송 36/36 | 재적재  6 | 중계율 0.30 | alpha 0.571 | complete
Ep 403 | 드론3 목적지22 |  582스텝 | 배송 22/22 | 재적재  3 | 중계율 0.26 | alpha 0.568 | complete
Ep 404 | 드론3 목적지38 |  919스텝 | 배송 38/38 | 재적재  5 | 중계율 0.33 | alpha 0.565 | complete
Ep 405 | 드론4 목적지47 |  979스텝 | 배송 47/47 | 재적재  9 | 중계율 0.40 | alpha 0.565 | complete
Ep 406 | 드론4 목적지57 |  620스텝 | 배송 57/57 | 재적재  9 | 중계율 0.22 | alpha 0.572 | complete
Ep 407 | 드론3 목적지58 | 1000스텝 | 배송 53/58 | 재적재 10 | 중계율 0.27 | alpha 0.567 | step_limit
Ep 408 | 드론3 목적지61 | 1000스텝 | 배송 59/61 | 재적재 10 | 중계율 0.29 | alpha 0.572 | step_limit
Ep 409 | 드론3 목적지32 |  706스텝 | 배송 32/32 | 재적재  5 | 중계율 0.20 | alpha 0.574 | complete
Ep 410 | 드론3 목적지42 |  962스텝 | 배송 42/42 | 재적재  7 | 중계율 0.29 | alpha 0.572 | complete
Ep 411 | 드론4 목적지60 |  988스텝 | 배송 60/60 | 재적재 11 | 중계율 0.33 | alpha 0.570 | complete
Ep 412 | 드론4 목적지61 | 1000스텝 | 배송 57/61 | 재적재 11 | 중계율 0.31 | alpha 0.582 | step_limit
Ep 413 | 드론4 목적지50 |  862스텝 | 배송 50/50 | 재적재  8 | 중계율 0.28 | alpha 0.585 | complete
Ep 414 | 드론4 목적지52 |  555스텝 | 배송 52/52 | 재적재  9 | 중계율 0.16 | alpha 0.589 | complete
Ep 415 | 드론3 목적지24 |  512스텝 | 배송 24/24 | 재적재  3 | 중계율 0.24 | alpha 0.597 | complete
Ep 416 | 드론3 목적지22 |  496스텝 | 배송 22/22 | 재적재  4 | 중계율 0.24 | alpha 0.602 | complete
Ep 417 | 드론4 목적지49 |  821스텝 | 배송 49/49 | 재적재  7 | 중계율 0.36 | alpha 0.609 | complete
Ep 418 | 드론3 목적지44 |  732스텝 | 배송 44/44 | 재적재  8 | 중계율 0.24 | alpha 0.607 | complete
Ep 419 | 드론3 목적지75 | 1000스텝 | 배송 72/75 | 재적재 13 | 중계율 0.22 | alpha 0.620 | step_limit
Ep 420 | 드론4 목적지20 |  351스텝 | 배송 20/20 | 재적재  1 | 중계율 0.21 | alpha 0.621 | complete
Ep 421 | 드론3 목적지43 | 1000스텝 | 배송 39/43 | 재적재  7 | 중계율 0.39 | alpha 0.632 | step_limit
Ep 422 | 드론3 목적지64 | 1000스텝 | 배송 62/64 | 재적재 10 | 중계율 0.22 | alpha 0.637 | step_limit
Ep 423 | 드론4 목적지70 | 1000스텝 | 배송 69/70 | 재적재 12 | 중계율 0.28 | alpha 0.644 | step_limit
Ep 424 | 드론4 목적지35 |  899스텝 | 배송 35/35 | 재적재  5 | 중계율 0.48 | alpha 0.642 | complete
Ep 425 | 드론3 목적지47 | 1000스텝 | 배송 46/47 | 재적재  9 | 중계율 0.37 | alpha 0.645 | step_limit
Ep 426 | 드론4 목적지39 |  807스텝 | 배송 39/39 | 재적재  6 | 중계율 0.35 | alpha 0.644 | complete
Ep 427 | 드론3 목적지78 | 1000스텝 | 배송 65/78 | 재적재 12 | 중계율 0.28 | alpha 0.652 | step_limit
Ep 428 | 드론4 목적지74 |  925스텝 | 배송 74/74 | 재적재 14 | 중계율 0.29 | alpha 0.657 | complete
Ep 429 | 드론3 목적지60 | 1000스텝 | 배송 55/60 | 재적재  9 | 중계율 0.37 | alpha 0.661 | step_limit
Ep 430 | 드론3 목적지30 |  489스텝 | 배송 30/30 | 재적재  5 | 중계율 0.24 | alpha 0.660 | complete
Ep 431 | 드론3 목적지79 | 1000스텝 | 배송 65/79 | 재적재 11 | 중계율 0.33 | alpha 0.656 | step_limit
Ep 432 | 드론3 목적지74 | 1000스텝 | 배송 61/74 | 재적재 11 | 중계율 0.28 | alpha 0.661 | step_limit
Ep 433 | 드론4 목적지63 |  796스텝 | 배송 63/63 | 재적재  9 | 중계율 0.19 | alpha 0.666 | complete
Ep 434 | 드론4 목적지30 |  533스텝 | 배송 30/30 | 재적재  3 | 중계율 0.18 | alpha 0.665 | complete
Ep 435 | 드론3 목적지32 |  771스텝 | 배송 24/32 | 재적재  3 | 중계율 0.36 | alpha 0.662 | no_progress
Ep 436 | 드론3 목적지37 |  784스텝 | 배송 37/37 | 재적재  6 | 중계율 0.33 | alpha 0.657 | complete
Ep 437 | 드론3 목적지65 | 1000스텝 | 배송 62/65 | 재적재 11 | 중계율 0.28 | alpha 0.664 | step_limit
Ep 438 | 드론3 목적지35 |  522스텝 | 배송 35/35 | 재적재  5 | 중계율 0.22 | alpha 0.670 | complete
Ep 439 | 드론3 목적지79 | 1000스텝 | 배송 70/79 | 재적재 14 | 중계율 0.25 | alpha 0.674 | step_limit
Ep 440 | 드론4 목적지38 |  758스텝 | 배송 38/38 | 재적재  7 | 중계율 0.34 | alpha 0.676 | complete
Ep 441 | 드론4 목적지35 |  527스텝 | 배송 35/35 | 재적재  4 | 중계율 0.24 | alpha 0.676 | complete
Ep 442 | 드론3 목적지29 |  686스텝 | 배송 29/29 | 재적재  4 | 중계율 0.31 | alpha 0.682 | complete
Ep 443 | 드론4 목적지79 |  866스텝 | 배송 79/79 | 재적재 14 | 중계율 0.18 | alpha 0.686 | complete
Ep 444 | 드론3 목적지33 |  868스텝 | 배송 27/33 | 재적재  4 | 중계율 0.34 | alpha 0.695 | no_progress
Ep 445 | 드론4 목적지34 |  493스텝 | 배송 34/34 | 재적재  5 | 중계율 0.26 | alpha 0.697 | complete
Ep 446 | 드론4 목적지78 |  824스텝 | 배송 78/78 | 재적재 14 | 중계율 0.21 | alpha 0.707 | complete
Ep 447 | 드론3 목적지75 | 1000스텝 | 배송 55/75 | 재적재 10 | 중계율 0.27 | alpha 0.711 | step_limit
Ep 448 | 드론4 목적지45 |  793스텝 | 배송 45/45 | 재적재  8 | 중계율 0.34 | alpha 0.704 | complete
Ep 449 | 드론3 목적지59 | 1000스텝 | 배송 58/59 | 재적재 10 | 중계율 0.26 | alpha 0.707 | step_limit
Ep 450 | 드론4 목적지68 | 1000스텝 | 배송 53/68 | 재적재  8 | 중계율 0.32 | alpha 0.714 | step_limit
  [홀드아웃] 배송 49.7±1.7 완주 0.95 스텝 973 점수 122.0 재적재 8.1 2홉+ 0.61 | 최고 124.9@ep50 정체 8/8

조기 종료. 최고 124.9@ep50
Training finished. best=124.9 @ ep50
