/home/kopt/enter/envs/wsl_neuroMCTS/lib/python3.10/site-packages/pygame/pkgdata.py:25: UserWarning: pkg_resources is deprecated as an API. See https://setuptools.pypa.io/en/latest/pkg_resources.html. The pkg_resources package is slated for removal as early as 2025-11-30. Refrain from using this package or pin to Setuptools<81.
  from pkg_resources import resource_stream, resource_exists
pygame 2.6.1 (SDL 2.28.4, Python 3.10.19)
Hello from the pygame community. https://www.pygame.org/contribute.html
집합 상위 학습 | 반경 300 상한 1000 무배송 500 gamma 0.997 구성=무작위 드론[3, 4] 목적지[20, 80] CC무작위 인스턴스=무작위 목표유지=off 완주보상=0.0 잔여페널티=0.1 규칙관측=False 규칙정규화=2.0/중계가중치=1.0 막힘페널티=0.0 중계크레딧=0.0/재분배=0.0/드론별보상=False 도달권shaping=0.0 정체전환보상=0.0 엔트로피비=0.6->0.25@400 자기회귀=True/가까운순=False 혼합critic=True 정체재결정=0 결합critic=False 홀드아웃상한=3000 선택=makespan/속도가중치=40.0
/home/kopt/drone/proposed_src/pipeline/train_v5_26_09_15_23.py:438: UserWarning: Converting a tensor with requires_grad=True to a scalar may lead to unexpected behavior.
Consider using tensor.detach() first. (Triggered internally at /pytorch/torch/csrc/autograd/generated/python_variable_methods.cpp:836.)
  writer.add_scalar("train/alpha", float(log_alpha.exp()), ep)
Ep 1 | 드론4 목적지57 | 1000스텝 | 배송 46/57 | 재적재  8 | 중계율 0.15 | alpha 0.100 | step_limit
Ep 2 | 드론3 목적지50 | 1000스텝 | 배송 38/50 | 재적재  6 | 중계율 0.15 | alpha 0.100 | step_limit
Ep 3 | 드론4 목적지72 | 1000스텝 | 배송 56/72 | 재적재  8 | 중계율 0.17 | alpha 0.100 | step_limit
Ep 4 | 드론3 목적지46 | 1000스텝 | 배송 37/46 | 재적재  6 | 중계율 0.15 | alpha 0.100 | step_limit
Ep 5 | 드론3 목적지58 | 1000스텝 | 배송 31/58 | 재적재  4 | 중계율 0.29 | alpha 0.104 | step_limit
Ep 6 | 드론3 목적지61 | 1000스텝 | 배송 55/61 | 재적재  9 | 중계율 0.31 | alpha 0.115 | step_limit
Ep 7 | 드론3 목적지30 |  614스텝 | 배송 30/30 | 재적재  3 | 중계율 0.36 | alpha 0.121 | complete
Ep 8 | 드론3 목적지69 | 1000스텝 | 배송 63/69 | 재적재 11 | 중계율 0.25 | alpha 0.132 | step_limit
Ep 9 | 드론3 목적지66 | 1000스텝 | 배송 60/66 | 재적재  9 | 중계율 0.32 | alpha 0.142 | step_limit
Ep 10 | 드론3 목적지26 |  503스텝 | 배송 26/26 | 재적재  5 | 중계율 0.22 | alpha 0.148 | complete
Ep 11 | 드론4 목적지32 |  371스텝 | 배송 32/32 | 재적재  4 | 중계율 0.21 | alpha 0.152 | complete
Ep 12 | 드론3 목적지35 |  461스텝 | 배송 35/35 | 재적재  4 | 중계율 0.26 | alpha 0.157 | complete
Ep 13 | 드론3 목적지23 |  439스텝 | 배송 23/23 | 재적재  2 | 중계율 0.27 | alpha 0.162 | complete
Ep 14 | 드론3 목적지61 | 1000스텝 | 배송 55/61 | 재적재  8 | 중계율 0.25 | alpha 0.175 | step_limit
Ep 15 | 드론4 목적지78 | 1000스텝 | 배송 75/78 | 재적재 13 | 중계율 0.22 | alpha 0.188 | step_limit
Ep 16 | 드론4 목적지46 | 1000스텝 | 배송 45/46 | 재적재  8 | 중계율 0.28 | alpha 0.203 | step_limit
Ep 17 | 드론4 목적지74 | 1000스텝 | 배송 72/74 | 재적재 13 | 중계율 0.22 | alpha 0.218 | step_limit
Ep 18 | 드론3 목적지24 |  582스텝 | 배송 24/24 | 재적재  2 | 중계율 0.37 | alpha 0.228 | complete
Ep 19 | 드론4 목적지24 |  459스텝 | 배송 24/24 | 재적재  4 | 중계율 0.31 | alpha 0.236 | complete
Ep 20 | 드론3 목적지66 | 1000스텝 | 배송 62/66 | 재적재 11 | 중계율 0.19 | alpha 0.253 | step_limit
Ep 21 | 드론3 목적지43 |  642스텝 | 배송 43/43 | 재적재  6 | 중계율 0.22 | alpha 0.265 | complete
Ep 22 | 드론3 목적지43 |  603스텝 | 배송 43/43 | 재적재  7 | 중계율 0.14 | alpha 0.277 | complete
Ep 23 | 드론3 목적지22 |  945스텝 | 배송 17/22 | 재적재  2 | 중계율 0.48 | alpha 0.297 | no_progress
Ep 24 | 드론3 목적지35 | 1000스텝 | 배송 30/35 | 재적재  5 | 중계율 0.35 | alpha 0.320 | step_limit
Ep 25 | 드론4 목적지25 |  494스텝 | 배송 25/25 | 재적재  3 | 중계율 0.34 | alpha 0.332 | complete
Ep 26 | 드론3 목적지79 | 1000스텝 | 배송 60/79 | 재적재 11 | 중계율 0.19 | alpha 0.357 | step_limit
Ep 27 | 드론4 목적지63 | 1000스텝 | 배송 46/63 | 재적재  9 | 중계율 0.29 | alpha 0.383 | step_limit
Ep 28 | 드론3 목적지77 | 1000스텝 | 배송 66/77 | 재적재 11 | 중계율 0.32 | alpha 0.412 | step_limit
Ep 29 | 드론3 목적지34 | 1000스텝 | 배송 33/34 | 재적재  6 | 중계율 0.31 | alpha 0.442 | step_limit
Ep 30 | 드론3 목적지25 |  557스텝 | 배송 25/25 | 재적재  3 | 중계율 0.31 | alpha 0.460 | complete
Ep 31 | 드론4 목적지68 | 1000스텝 | 배송 67/68 | 재적재 11 | 중계율 0.25 | alpha 0.495 | step_limit
Ep 32 | 드론3 목적지79 | 1000스텝 | 배송 62/79 | 재적재 10 | 중계율 0.24 | alpha 0.532 | step_limit
Ep 33 | 드론3 목적지62 | 1000스텝 | 배송 52/62 | 재적재  9 | 중계율 0.25 | alpha 0.572 | step_limit
Ep 34 | 드론3 목적지33 |  695스텝 | 배송 21/33 | 재적재  3 | 중계율 0.19 | alpha 0.601 | no_progress
Ep 35 | 드론3 목적지26 |  427스텝 | 배송 26/26 | 재적재  3 | 중계율 0.23 | alpha 0.620 | complete
Ep 36 | 드론3 목적지57 |  864스텝 | 배송 26/57 | 재적재  4 | 중계율 0.23 | alpha 0.659 | no_progress
Ep 37 | 드론3 목적지29 |  605스텝 | 배송 29/29 | 재적재  4 | 중계율 0.35 | alpha 0.688 | complete
Ep 38 | 드론4 목적지63 |  908스텝 | 배송 63/63 | 재적재 11 | 중계율 0.30 | alpha 0.734 | complete
Ep 39 | 드론4 목적지44 |  733스텝 | 배송 44/44 | 재적재  5 | 중계율 0.31 | alpha 0.772 | complete
Ep 40 | 드론4 목적지56 |  662스텝 | 배송 56/56 | 재적재  9 | 중계율 0.21 | alpha 0.809 | complete
Ep 41 | 드론4 목적지21 |  544스텝 | 배송 21/21 | 재적재  2 | 중계율 0.32 | alpha 0.840 | complete
Ep 42 | 드론3 목적지24 |  617스텝 | 배송 24/24 | 재적재  3 | 중계율 0.26 | alpha 0.877 | complete
Ep 43 | 드론3 목적지52 | 1000스텝 | 배송 44/52 | 재적재  7 | 중계율 0.31 | alpha 0.940 | step_limit
Ep 44 | 드론3 목적지72 | 1000스텝 | 배송 71/72 | 재적재 13 | 중계율 0.21 | alpha 1.008 | step_limit
Ep 45 | 드론3 목적지52 |  930스텝 | 배송 52/52 | 재적재  8 | 중계율 0.33 | alpha 1.075 | complete
Ep 46 | 드론4 목적지72 |  726스텝 | 배송 72/72 | 재적재 14 | 중계율 0.18 | alpha 1.130 | complete
Ep 47 | 드론3 목적지69 | 1000스텝 | 배송 61/69 | 재적재 11 | 중계율 0.22 | alpha 1.211 | step_limit
Ep 48 | 드론3 목적지56 | 1000스텝 | 배송 43/56 | 재적재  8 | 중계율 0.19 | alpha 1.297 | step_limit
Ep 49 | 드론4 목적지78 | 1000스텝 | 배송 70/78 | 재적재 12 | 중계율 0.26 | alpha 1.387 | step_limit
Ep 50 | 드론4 목적지40 | 1000스텝 | 배송 28/40 | 재적재  4 | 중계율 0.38 | alpha 1.484 | step_limit
  [홀드아웃] 배송 49.0±4.7 완주 0.91 스텝 1049 점수 117.3 재적재 7.7 2홉+ 0.62 | 최고 117.3@ep50 정체 0/8  ← 갱신
Ep 51 | 드론4 목적지51 |  743스텝 | 배송 51/51 | 재적재  9 | 중계율 0.23 | alpha 1.559 | complete
Ep 52 | 드론3 목적지42 |  814스텝 | 배송 42/42 | 재적재  6 | 중계율 0.29 | alpha 1.645 | complete
Ep 53 | 드론4 목적지60 |  910스텝 | 배송 60/60 | 재적재 11 | 중계율 0.19 | alpha 1.746 | complete
Ep 54 | 드론3 목적지49 |  967스텝 | 배송 49/49 | 재적재  8 | 중계율 0.24 | alpha 1.859 | complete
Ep 55 | 드론3 목적지40 |  693스텝 | 배송 40/40 | 재적재  7 | 중계율 0.26 | alpha 1.944 | complete
Ep 56 | 드론4 목적지61 | 1000스텝 | 배송 59/61 | 재적재 11 | 중계율 0.26 | alpha 2.074 | step_limit
Ep 57 | 드론3 목적지53 | 1000스텝 | 배송 47/53 | 재적재  8 | 중계율 0.30 | alpha 2.211 | step_limit
Ep 58 | 드론4 목적지57 |  953스텝 | 배송 57/57 | 재적재 10 | 중계율 0.37 | alpha 2.348 | complete
Ep 59 | 드론3 목적지50 | 1000스텝 | 배송 49/50 | 재적재  9 | 중계율 0.28 | alpha 2.498 | step_limit
Ep 60 | 드론3 목적지21 |  731스텝 | 배송 21/21 | 재적재  4 | 중계율 0.37 | alpha 2.607 | complete
Ep 61 | 드론4 목적지26 |  506스텝 | 배송 26/26 | 재적재  3 | 중계율 0.27 | alpha 2.684 | complete
Ep 62 | 드론4 목적지55 | 1000스텝 | 배송 51/55 | 재적재  9 | 중계율 0.31 | alpha 2.833 | step_limit
Ep 63 | 드론4 목적지68 | 1000스텝 | 배송 57/68 | 재적재 10 | 중계율 0.25 | alpha 2.979 | step_limit
Ep 64 | 드론3 목적지41 | 1000스텝 | 배송 37/41 | 재적재  6 | 중계율 0.29 | alpha 3.121 | step_limit
Ep 65 | 드론4 목적지68 |  822스텝 | 배송 68/68 | 재적재 11 | 중계율 0.16 | alpha 3.237 | complete
Ep 66 | 드론3 목적지61 | 1000스텝 | 배송 56/61 | 재적재 10 | 중계율 0.15 | alpha 3.379 | step_limit
Ep 67 | 드론3 목적지53 | 1000스텝 | 배송 50/53 | 재적재 10 | 중계율 0.30 | alpha 3.519 | step_limit
Ep 68 | 드론3 목적지44 | 1000스텝 | 배송 43/44 | 재적재  7 | 중계율 0.19 | alpha 3.653 | step_limit
Ep 69 | 드론3 목적지34 |  974스텝 | 배송 34/34 | 재적재  6 | 중계율 0.21 | alpha 3.788 | complete
Ep 70 | 드론3 목적지31 |  977스텝 | 배송 31/31 | 재적재  6 | 중계율 0.30 | alpha 3.930 | complete
Ep 71 | 드론4 목적지71 |  853스텝 | 배송 71/71 | 재적재 13 | 중계율 0.18 | alpha 4.050 | complete
Ep 72 | 드론3 목적지53 | 1000스텝 | 배송 42/53 | 재적재  7 | 중계율 0.30 | alpha 4.177 | step_limit
Ep 73 | 드론3 목적지21 | 1000스텝 | 배송 17/21 | 재적재  2 | 중계율 0.35 | alpha 4.303 | step_limit
Ep 74 | 드론4 목적지45 |  689스텝 | 배송 45/45 | 재적재  8 | 중계율 0.21 | alpha 4.378 | complete
Ep 75 | 드론4 목적지40 |  881스텝 | 배송 40/40 | 재적재  7 | 중계율 0.24 | alpha 4.458 | complete
Ep 76 | 드론3 목적지75 | 1000스텝 | 배송 55/75 | 재적재 10 | 중계율 0.26 | alpha 4.534 | step_limit
Ep 77 | 드론4 목적지24 |  765스텝 | 배송 24/24 | 재적재  4 | 중계율 0.25 | alpha 4.592 | complete
Ep 78 | 드론3 목적지64 | 1000스텝 | 배송 58/64 | 재적재 10 | 중계율 0.21 | alpha 4.682 | step_limit
Ep 79 | 드론3 목적지41 | 1000스텝 | 배송 33/41 | 재적재  5 | 중계율 0.25 | alpha 4.769 | step_limit
Ep 80 | 드론3 목적지69 | 1000스텝 | 배송 58/69 | 재적재 11 | 중계율 0.24 | alpha 4.822 | step_limit
Ep 81 | 드론4 목적지47 | 1000스텝 | 배송 45/47 | 재적재  8 | 중계율 0.22 | alpha 4.875 | step_limit
Ep 82 | 드론4 목적지69 | 1000스텝 | 배송 55/69 | 재적재 10 | 중계율 0.27 | alpha 4.895 | step_limit
Ep 83 | 드론4 목적지31 | 1000스텝 | 배송 29/31 | 재적재  3 | 중계율 0.32 | alpha 4.928 | step_limit
Ep 84 | 드론3 목적지33 | 1000스텝 | 배송 32/33 | 재적재  5 | 중계율 0.25 | alpha 4.930 | step_limit
Ep 85 | 드론3 목적지38 |  684스텝 | 배송 38/38 | 재적재  7 | 중계율 0.18 | alpha 4.915 | complete
Ep 86 | 드론4 목적지24 |  709스텝 | 배송 24/24 | 재적재  3 | 중계율 0.33 | alpha 4.872 | complete
Ep 87 | 드론3 목적지30 | 1000스텝 | 배송 29/30 | 재적재  4 | 중계율 0.29 | alpha 4.843 | step_limit
Ep 88 | 드론3 목적지38 | 1000스텝 | 배송 36/38 | 재적재  6 | 중계율 0.24 | alpha 4.800 | step_limit
Ep 89 | 드론3 목적지57 | 1000스텝 | 배송 50/57 | 재적재  9 | 중계율 0.27 | alpha 4.788 | step_limit
Ep 90 | 드론4 목적지21 |  636스텝 | 배송 21/21 | 재적재  3 | 중계율 0.26 | alpha 4.809 | complete
Ep 91 | 드론4 목적지77 | 1000스텝 | 배송 66/77 | 재적재 11 | 중계율 0.24 | alpha 4.818 | step_limit
Ep 92 | 드론3 목적지69 | 1000스텝 | 배송 58/69 | 재적재  9 | 중계율 0.27 | alpha 4.790 | step_limit
Ep 93 | 드론4 목적지60 |  783스텝 | 배송 60/60 | 재적재 10 | 중계율 0.16 | alpha 4.736 | complete
Ep 94 | 드론4 목적지45 |  759스텝 | 배송 45/45 | 재적재  7 | 중계율 0.26 | alpha 4.665 | complete
Ep 95 | 드론3 목적지71 | 1000스텝 | 배송 60/71 | 재적재 12 | 중계율 0.24 | alpha 4.574 | step_limit
Ep 96 | 드론3 목적지74 | 1000스텝 | 배송 55/74 | 재적재  9 | 중계율 0.23 | alpha 4.544 | step_limit
Ep 97 | 드론4 목적지47 | 1000스텝 | 배송 44/47 | 재적재  7 | 중계율 0.24 | alpha 4.487 | step_limit
Ep 98 | 드론4 목적지50 | 1000스텝 | 배송 42/50 | 재적재  6 | 중계율 0.29 | alpha 4.460 | step_limit
Ep 99 | 드론4 목적지35 |  995스텝 | 배송 35/35 | 재적재  5 | 중계율 0.23 | alpha 4.432 | complete
Ep 100 | 드론3 목적지40 | 1000스텝 | 배송 38/40 | 재적재  6 | 중계율 0.25 | alpha 4.408 | step_limit
  [홀드아웃] 배송 49.7±1.0 완주 0.90 스텝 1409 점수 111.2 재적재 8.0 2홉+ 0.62 | 최고 117.3@ep50 정체 1/8
Ep 101 | 드론3 목적지23 |  947스텝 | 배송 23/23 | 재적재  4 | 중계율 0.26 | alpha 4.393 | complete
Ep 102 | 드론3 목적지21 |  838스텝 | 배송 21/21 | 재적재  4 | 중계율 0.27 | alpha 4.344 | complete
Ep 103 | 드론4 목적지72 | 1000스텝 | 배송 71/72 | 재적재 13 | 중계율 0.24 | alpha 4.335 | step_limit
Ep 104 | 드론3 목적지27 | 1000스텝 | 배송 26/27 | 재적재  4 | 중계율 0.32 | alpha 4.372 | step_limit
Ep 105 | 드론3 목적지63 | 1000스텝 | 배송 58/63 | 재적재 10 | 중계율 0.19 | alpha 4.339 | step_limit
Ep 106 | 드론4 목적지58 |  918스텝 | 배송 58/58 | 재적재 10 | 중계율 0.24 | alpha 4.313 | complete
Ep 107 | 드론4 목적지75 | 1000스텝 | 배송 50/75 | 재적재  7 | 중계율 0.28 | alpha 4.325 | step_limit
Ep 108 | 드론3 목적지55 | 1000스텝 | 배송 42/55 | 재적재  7 | 중계율 0.26 | alpha 4.289 | step_limit
Ep 109 | 드론4 목적지64 | 1000스텝 | 배송 61/64 | 재적재 11 | 중계율 0.29 | alpha 4.337 | step_limit
Ep 110 | 드론3 목적지55 | 1000스텝 | 배송 52/55 | 재적재  9 | 중계율 0.23 | alpha 4.362 | step_limit
Ep 111 | 드론4 목적지67 | 1000스텝 | 배송 57/67 | 재적재  9 | 중계율 0.29 | alpha 4.332 | step_limit
Ep 112 | 드론3 목적지46 | 1000스텝 | 배송 45/46 | 재적재  8 | 중계율 0.26 | alpha 4.359 | step_limit
Ep 113 | 드론4 목적지43 |  898스텝 | 배송 43/43 | 재적재  7 | 중계율 0.16 | alpha 4.365 | complete
Ep 114 | 드론3 목적지80 | 1000스텝 | 배송 43/80 | 재적재  8 | 중계율 0.19 | alpha 4.315 | step_limit
Ep 115 | 드론4 목적지78 | 1000스텝 | 배송 76/78 | 재적재 13 | 중계율 0.19 | alpha 4.283 | step_limit
Ep 116 | 드론4 목적지72 | 1000스텝 | 배송 67/72 | 재적재 13 | 중계율 0.23 | alpha 4.230 | step_limit
Ep 117 | 드론3 목적지54 | 1000스텝 | 배송 46/54 | 재적재  8 | 중계율 0.23 | alpha 4.202 | step_limit
Ep 118 | 드론3 목적지63 | 1000스텝 | 배송 52/63 | 재적재 10 | 중계율 0.24 | alpha 4.176 | step_limit
Ep 119 | 드론4 목적지66 | 1000스텝 | 배송 57/66 | 재적재  9 | 중계율 0.23 | alpha 4.119 | step_limit
Ep 120 | 드론4 목적지70 | 1000스텝 | 배송 66/70 | 재적재 13 | 중계율 0.24 | alpha 4.074 | step_limit
Ep 121 | 드론4 목적지45 | 1000스텝 | 배송 42/45 | 재적재  7 | 중계율 0.26 | alpha 4.005 | step_limit
Ep 122 | 드론4 목적지26 | 1000스텝 | 배송 23/26 | 재적재  3 | 중계율 0.27 | alpha 3.993 | step_limit
Ep 123 | 드론4 목적지30 | 1000스텝 | 배송 28/30 | 재적재  5 | 중계율 0.32 | alpha 4.003 | step_limit
Ep 124 | 드론3 목적지80 | 1000스텝 | 배송 65/80 | 재적재 11 | 중계율 0.25 | alpha 3.956 | step_limit
Ep 125 | 드론4 목적지41 |  770스텝 | 배송 41/41 | 재적재  7 | 중계율 0.23 | alpha 3.907 | complete
Ep 126 | 드론3 목적지50 | 1000스텝 | 배송 47/50 | 재적재  9 | 중계율 0.32 | alpha 3.871 | step_limit
Ep 127 | 드론3 목적지37 | 1000스텝 | 배송 34/37 | 재적재  6 | 중계율 0.27 | alpha 3.815 | step_limit
Ep 128 | 드론3 목적지42 | 1000스텝 | 배송 42/42 | 재적재  7 | 중계율 0.25 | alpha 3.833 | complete
Ep 129 | 드론4 목적지52 |  751스텝 | 배송 52/52 | 재적재  8 | 중계율 0.21 | alpha 3.833 | complete
Ep 130 | 드론3 목적지40 | 1000스텝 | 배송 35/40 | 재적재  6 | 중계율 0.31 | alpha 3.781 | step_limit
Ep 131 | 드론3 목적지39 |  820스텝 | 배송 39/39 | 재적재  6 | 중계율 0.20 | alpha 3.692 | complete
Ep 132 | 드론4 목적지63 | 1000스텝 | 배송 61/63 | 재적재 10 | 중계율 0.17 | alpha 3.679 | step_limit
Ep 133 | 드론3 목적지61 | 1000스텝 | 배송 55/61 | 재적재  9 | 중계율 0.21 | alpha 3.658 | step_limit
Ep 134 | 드론4 목적지22 |  494스텝 | 배송 22/22 | 재적재  2 | 중계율 0.21 | alpha 3.659 | complete
Ep 135 | 드론3 목적지20 |  780스텝 | 배송 20/20 | 재적재  3 | 중계율 0.26 | alpha 3.647 | complete
Ep 136 | 드론4 목적지57 | 1000스텝 | 배송 54/57 | 재적재 10 | 중계율 0.31 | alpha 3.698 | step_limit
Ep 137 | 드론3 목적지24 |  554스텝 | 배송 24/24 | 재적재  4 | 중계율 0.20 | alpha 3.682 | complete
Ep 138 | 드론4 목적지35 |  818스텝 | 배송 35/35 | 재적재  5 | 중계율 0.16 | alpha 3.649 | complete
Ep 139 | 드론3 목적지29 | 1000스텝 | 배송 26/29 | 재적재  4 | 중계율 0.27 | alpha 3.558 | step_limit
Ep 140 | 드론3 목적지32 | 1000스텝 | 배송 31/32 | 재적재  4 | 중계율 0.29 | alpha 3.517 | step_limit
Ep 141 | 드론3 목적지54 | 1000스텝 | 배송 43/54 | 재적재  7 | 중계율 0.23 | alpha 3.461 | step_limit
Ep 142 | 드론3 목적지42 | 1000스텝 | 배송 35/42 | 재적재  6 | 중계율 0.22 | alpha 3.475 | step_limit
Ep 143 | 드론3 목적지23 |  548스텝 | 배송 23/23 | 재적재  4 | 중계율 0.23 | alpha 3.480 | complete
Ep 144 | 드론3 목적지61 | 1000스텝 | 배송 50/61 | 재적재  9 | 중계율 0.26 | alpha 3.446 | step_limit
Ep 145 | 드론3 목적지64 | 1000스텝 | 배송 52/64 | 재적재 10 | 중계율 0.20 | alpha 3.449 | step_limit
Ep 146 | 드론3 목적지71 | 1000스텝 | 배송 61/71 | 재적재 11 | 중계율 0.19 | alpha 3.460 | step_limit
Ep 147 | 드론3 목적지48 |  880스텝 | 배송 48/48 | 재적재  8 | 중계율 0.25 | alpha 3.437 | complete
Ep 148 | 드론4 목적지36 | 1000스텝 | 배송 34/36 | 재적재  5 | 중계율 0.31 | alpha 3.448 | step_limit
Ep 149 | 드론4 목적지40 |  550스텝 | 배송 40/40 | 재적재  6 | 중계율 0.19 | alpha 3.456 | complete
Ep 150 | 드론3 목적지26 |  742스텝 | 배송 26/26 | 재적재  4 | 중계율 0.28 | alpha 3.455 | complete
  [홀드아웃] 배송 49.5±1.5 완주 0.90 스텝 1392 점수 111.4 재적재 8.1 2홉+ 0.63 | 최고 117.3@ep50 정체 2/8
Ep 151 | 드론4 목적지70 | 1000스텝 | 배송 64/70 | 재적재 11 | 중계율 0.26 | alpha 3.433 | step_limit
Ep 152 | 드론4 목적지48 |  869스텝 | 배송 48/48 | 재적재  8 | 중계율 0.23 | alpha 3.397 | complete
Ep 153 | 드론4 목적지57 | 1000스텝 | 배송 54/57 | 재적재  9 | 중계율 0.26 | alpha 3.301 | step_limit
Ep 154 | 드론4 목적지34 |  496스텝 | 배송 34/34 | 재적재  6 | 중계율 0.21 | alpha 3.283 | complete
Ep 155 | 드론4 목적지80 | 1000스텝 | 배송 61/80 | 재적재 11 | 중계율 0.34 | alpha 3.275 | step_limit
Ep 156 | 드론4 목적지59 | 1000스텝 | 배송 57/59 | 재적재 11 | 중계율 0.27 | alpha 3.266 | step_limit
Ep 157 | 드론3 목적지42 | 1000스텝 | 배송 34/42 | 재적재  5 | 중계율 0.23 | alpha 3.263 | step_limit
Ep 158 | 드론4 목적지76 | 1000스텝 | 배송 71/76 | 재적재 12 | 중계율 0.20 | alpha 3.220 | step_limit
Ep 159 | 드론4 목적지47 |  947스텝 | 배송 47/47 | 재적재  8 | 중계율 0.23 | alpha 3.187 | complete
Ep 160 | 드론3 목적지62 | 1000스텝 | 배송 54/62 | 재적재 10 | 중계율 0.29 | alpha 3.145 | step_limit
Ep 161 | 드론3 목적지31 |  750스텝 | 배송 31/31 | 재적재  5 | 중계율 0.26 | alpha 3.171 | complete
Ep 162 | 드론3 목적지26 |  949스텝 | 배송 26/26 | 재적재  4 | 중계율 0.29 | alpha 3.184 | complete
Ep 163 | 드론4 목적지21 |  521스텝 | 배송 21/21 | 재적재  3 | 중계율 0.34 | alpha 3.185 | complete
Ep 164 | 드론4 목적지79 | 1000스텝 | 배송 66/79 | 재적재 11 | 중계율 0.30 | alpha 3.175 | step_limit
Ep 165 | 드론4 목적지47 | 1000스텝 | 배송 46/47 | 재적재  8 | 중계율 0.25 | alpha 3.124 | step_limit
Ep 166 | 드론3 목적지77 | 1000스텝 | 배송 63/77 | 재적재 11 | 중계율 0.22 | alpha 3.117 | step_limit
Ep 167 | 드론4 목적지77 | 1000스텝 | 배송 62/77 | 재적재 11 | 중계율 0.33 | alpha 3.132 | step_limit
Ep 168 | 드론4 목적지29 |  682스텝 | 배송 29/29 | 재적재  3 | 중계율 0.33 | alpha 3.124 | complete
Ep 169 | 드론4 목적지59 |  970스텝 | 배송 59/59 | 재적재 11 | 중계율 0.24 | alpha 3.053 | complete
Ep 170 | 드론3 목적지74 | 1000스텝 | 배송 57/74 | 재적재 10 | 중계율 0.33 | alpha 3.029 | step_limit
Ep 171 | 드론4 목적지34 |  786스텝 | 배송 34/34 | 재적재  5 | 중계율 0.17 | alpha 3.008 | complete
Ep 172 | 드론3 목적지43 | 1000스텝 | 배송 42/43 | 재적재  7 | 중계율 0.28 | alpha 2.988 | step_limit
Ep 173 | 드론3 목적지35 | 1000스텝 | 배송 31/35 | 재적재  5 | 중계율 0.28 | alpha 2.988 | step_limit
Ep 174 | 드론4 목적지43 |  928스텝 | 배송 43/43 | 재적재  7 | 중계율 0.22 | alpha 2.947 | complete
Ep 175 | 드론4 목적지30 |  957스텝 | 배송 30/30 | 재적재  4 | 중계율 0.34 | alpha 2.897 | complete
Ep 176 | 드론4 목적지29 |  877스텝 | 배송 29/29 | 재적재  4 | 중계율 0.35 | alpha 2.896 | complete
Ep 177 | 드론3 목적지45 | 1000스텝 | 배송 42/45 | 재적재  7 | 중계율 0.31 | alpha 2.836 | step_limit
Ep 178 | 드론3 목적지20 |  654스텝 | 배송 20/20 | 재적재  3 | 중계율 0.29 | alpha 2.805 | complete
Ep 179 | 드론4 목적지66 | 1000스텝 | 배송 52/66 | 재적재  9 | 중계율 0.32 | alpha 2.785 | step_limit
Ep 180 | 드론4 목적지22 |  440스텝 | 배송 22/22 | 재적재  3 | 중계율 0.19 | alpha 2.782 | complete
Ep 181 | 드론4 목적지77 | 1000스텝 | 배송 70/77 | 재적재 11 | 중계율 0.30 | alpha 2.802 | step_limit
Ep 182 | 드론3 목적지74 | 1000스텝 | 배송 60/74 | 재적재 10 | 중계율 0.30 | alpha 2.793 | step_limit
Ep 183 | 드론4 목적지40 |  607스텝 | 배송 40/40 | 재적재  6 | 중계율 0.17 | alpha 2.790 | complete
Ep 184 | 드론3 목적지77 | 1000스텝 | 배송 66/77 | 재적재 13 | 중계율 0.23 | alpha 2.773 | step_limit
Ep 185 | 드론4 목적지72 | 1000스텝 | 배송 62/72 | 재적재 11 | 중계율 0.26 | alpha 2.742 | step_limit
Ep 186 | 드론4 목적지74 |  790스텝 | 배송 74/74 | 재적재 13 | 중계율 0.19 | alpha 2.725 | complete
Ep 187 | 드론3 목적지65 | 1000스텝 | 배송 59/65 | 재적재 10 | 중계율 0.24 | alpha 2.700 | step_limit
Ep 188 | 드론3 목적지80 | 1000스텝 | 배송 49/80 | 재적재  8 | 중계율 0.34 | alpha 2.686 | step_limit
Ep 189 | 드론4 목적지55 | 1000스텝 | 배송 52/55 | 재적재  9 | 중계율 0.28 | alpha 2.677 | step_limit
Ep 190 | 드론3 목적지36 |  907스텝 | 배송 36/36 | 재적재  6 | 중계율 0.27 | alpha 2.676 | complete
Ep 191 | 드론3 목적지28 |  543스텝 | 배송 28/28 | 재적재  4 | 중계율 0.23 | alpha 2.680 | complete
Ep 192 | 드론4 목적지74 | 1000스텝 | 배송 72/74 | 재적재 12 | 중계율 0.24 | alpha 2.703 | step_limit
Ep 193 | 드론3 목적지61 | 1000스텝 | 배송 45/61 | 재적재  7 | 중계율 0.33 | alpha 2.680 | step_limit
Ep 194 | 드론4 목적지73 | 1000스텝 | 배송 67/73 | 재적재 13 | 중계율 0.20 | alpha 2.640 | step_limit
Ep 195 | 드론4 목적지69 | 1000스텝 | 배송 53/69 | 재적재  9 | 중계율 0.28 | alpha 2.617 | step_limit
Ep 196 | 드론3 목적지47 |  990스텝 | 배송 47/47 | 재적재  9 | 중계율 0.26 | alpha 2.572 | complete
Ep 197 | 드론4 목적지27 |  675스텝 | 배송 27/27 | 재적재  4 | 중계율 0.27 | alpha 2.542 | complete
Ep 198 | 드론3 목적지56 | 1000스텝 | 배송 51/56 | 재적재 10 | 중계율 0.23 | alpha 2.547 | step_limit
Ep 199 | 드론3 목적지57 | 1000스텝 | 배송 52/57 | 재적재  8 | 중계율 0.26 | alpha 2.514 | step_limit
Ep 200 | 드론4 목적지64 |  884스텝 | 배송 64/64 | 재적재 11 | 중계율 0.30 | alpha 2.516 | complete
  [홀드아웃] 배송 49.9±0.3 완주 0.96 스텝 1172 점수 120.6 재적재 8.3 2홉+ 0.62 | 최고 120.6@ep200 정체 0/8  ← 갱신
Ep 201 | 드론4 목적지38 | 1000스텝 | 배송 35/38 | 재적재  5 | 중계율 0.31 | alpha 2.500 | step_limit
Ep 202 | 드론3 목적지32 |  731스텝 | 배송 32/32 | 재적재  4 | 중계율 0.39 | alpha 2.482 | complete
Ep 203 | 드론3 목적지23 |  575스텝 | 배송 23/23 | 재적재  4 | 중계율 0.20 | alpha 2.449 | complete
Ep 204 | 드론3 목적지38 |  536스텝 | 배송 38/38 | 재적재  6 | 중계율 0.21 | alpha 2.434 | complete
Ep 205 | 드론3 목적지27 |  743스텝 | 배송 27/27 | 재적재  4 | 중계율 0.30 | alpha 2.441 | complete
Ep 206 | 드론3 목적지58 | 1000스텝 | 배송 54/58 | 재적재  9 | 중계율 0.28 | alpha 2.453 | step_limit
Ep 207 | 드론3 목적지52 | 1000스텝 | 배송 43/52 | 재적재  7 | 중계율 0.27 | alpha 2.416 | step_limit
Ep 208 | 드론3 목적지60 | 1000스텝 | 배송 55/60 | 재적재 10 | 중계율 0.34 | alpha 2.423 | step_limit
Ep 209 | 드론3 목적지72 | 1000스텝 | 배송 59/72 | 재적재 10 | 중계율 0.29 | alpha 2.426 | step_limit
Ep 210 | 드론4 목적지39 |  589스텝 | 배송 39/39 | 재적재  6 | 중계율 0.22 | alpha 2.451 | complete
Ep 211 | 드론3 목적지55 | 1000스텝 | 배송 52/55 | 재적재  8 | 중계율 0.24 | alpha 2.441 | step_limit
Ep 212 | 드론3 목적지62 | 1000스텝 | 배송 58/62 | 재적재 10 | 중계율 0.25 | alpha 2.399 | step_limit
Ep 213 | 드론4 목적지77 |  789스텝 | 배송 77/77 | 재적재 12 | 중계율 0.18 | alpha 2.375 | complete
Ep 214 | 드론3 목적지44 |  845스텝 | 배송 44/44 | 재적재  8 | 중계율 0.24 | alpha 2.325 | complete
Ep 215 | 드론3 목적지49 | 1000스텝 | 배송 45/49 | 재적재  8 | 중계율 0.32 | alpha 2.310 | step_limit
Ep 216 | 드론4 목적지29 | 1000스텝 | 배송 28/29 | 재적재  4 | 중계율 0.39 | alpha 2.275 | step_limit
Ep 217 | 드론4 목적지36 |  468스텝 | 배송 36/36 | 재적재  5 | 중계율 0.17 | alpha 2.261 | complete
Ep 218 | 드론4 목적지55 |  886스텝 | 배송 55/55 | 재적재 10 | 중계율 0.24 | alpha 2.246 | complete
Ep 219 | 드론3 목적지35 | 1000스텝 | 배송 33/35 | 재적재  6 | 중계율 0.31 | alpha 2.224 | step_limit
Ep 220 | 드론4 목적지73 | 1000스텝 | 배송 67/73 | 재적재 13 | 중계율 0.26 | alpha 2.225 | step_limit
Ep 221 | 드론4 목적지25 |  566스텝 | 배송 25/25 | 재적재  4 | 중계율 0.24 | alpha 2.199 | complete
Ep 222 | 드론3 목적지30 |  758스텝 | 배송 30/30 | 재적재  5 | 중계율 0.29 | alpha 2.195 | complete
Ep 223 | 드론3 목적지45 | 1000스텝 | 배송 41/45 | 재적재  6 | 중계율 0.32 | alpha 2.199 | step_limit
Ep 224 | 드론4 목적지76 | 1000스텝 | 배송 59/76 | 재적재  9 | 중계율 0.35 | alpha 2.170 | step_limit
Ep 225 | 드론4 목적지70 |  979스텝 | 배송 70/70 | 재적재 13 | 중계율 0.29 | alpha 2.133 | complete
Ep 226 | 드론4 목적지73 |  829스텝 | 배송 73/73 | 재적재 13 | 중계율 0.22 | alpha 2.117 | complete
Ep 227 | 드론4 목적지56 |  712스텝 | 배송 56/56 | 재적재 10 | 중계율 0.23 | alpha 2.129 | complete
Ep 228 | 드론4 목적지24 |  583스텝 | 배송 24/24 | 재적재  3 | 중계율 0.25 | alpha 2.152 | complete
Ep 229 | 드론3 목적지32 |  932스텝 | 배송 32/32 | 재적재  6 | 중계율 0.39 | alpha 2.145 | complete
Ep 230 | 드론3 목적지62 | 1000스텝 | 배송 50/62 | 재적재  9 | 중계율 0.25 | alpha 2.122 | step_limit
Ep 231 | 드론3 목적지27 |  673스텝 | 배송 27/27 | 재적재  4 | 중계율 0.28 | alpha 2.114 | complete
Ep 232 | 드론4 목적지27 |  621스텝 | 배송 27/27 | 재적재  4 | 중계율 0.37 | alpha 2.090 | complete
Ep 233 | 드론4 목적지58 | 1000스텝 | 배송 50/58 | 재적재  7 | 중계율 0.28 | alpha 2.074 | step_limit
Ep 234 | 드론3 목적지56 | 1000스텝 | 배송 55/56 | 재적재  9 | 중계율 0.23 | alpha 2.046 | step_limit
Ep 235 | 드론3 목적지49 | 1000스텝 | 배송 43/49 | 재적재  7 | 중계율 0.31 | alpha 2.018 | step_limit
Ep 236 | 드론4 목적지71 | 1000스텝 | 배송 64/71 | 재적재 11 | 중계율 0.27 | alpha 2.031 | step_limit
Ep 237 | 드론4 목적지77 |  895스텝 | 배송 77/77 | 재적재 13 | 중계율 0.23 | alpha 2.008 | complete
Ep 238 | 드론4 목적지27 |  445스텝 | 배송 27/27 | 재적재  4 | 중계율 0.20 | alpha 1.995 | complete
Ep 239 | 드론4 목적지37 |  710스텝 | 배송 37/37 | 재적재  6 | 중계율 0.31 | alpha 1.997 | complete
Ep 240 | 드론4 목적지70 | 1000스텝 | 배송 69/70 | 재적재 12 | 중계율 0.23 | alpha 1.991 | step_limit
Ep 241 | 드론3 목적지46 | 1000스텝 | 배송 43/46 | 재적재  7 | 중계율 0.29 | alpha 1.979 | step_limit
Ep 242 | 드론4 목적지65 |  871스텝 | 배송 65/65 | 재적재 11 | 중계율 0.19 | alpha 1.973 | complete
Ep 243 | 드론4 목적지39 |  725스텝 | 배송 39/39 | 재적재  7 | 중계율 0.27 | alpha 1.967 | complete
Ep 244 | 드론3 목적지51 | 1000스텝 | 배송 47/51 | 재적재  8 | 중계율 0.28 | alpha 1.972 | step_limit
Ep 245 | 드론3 목적지52 | 1000스텝 | 배송 45/52 | 재적재  7 | 중계율 0.41 | alpha 1.933 | step_limit
Ep 246 | 드론4 목적지54 |  829스텝 | 배송 54/54 | 재적재  8 | 중계율 0.27 | alpha 1.948 | complete
Ep 247 | 드론4 목적지69 |  995스텝 | 배송 69/69 | 재적재 13 | 중계율 0.30 | alpha 1.975 | complete
Ep 248 | 드론3 목적지77 | 1000스텝 | 배송 50/77 | 재적재  8 | 중계율 0.22 | alpha 1.999 | step_limit
Ep 249 | 드론4 목적지70 |  706스텝 | 배송 70/70 | 재적재 11 | 중계율 0.17 | alpha 1.997 | complete
Ep 250 | 드론3 목적지51 | 1000스텝 | 배송 48/51 | 재적재  7 | 중계율 0.31 | alpha 1.956 | step_limit
  [홀드아웃] 배송 49.8±0.8 완주 0.95 스텝 1159 점수 119.5 재적재 8.3 2홉+ 0.62 | 최고 120.6@ep200 정체 1/8
Ep 251 | 드론4 목적지33 |  472스텝 | 배송 33/33 | 재적재  5 | 중계율 0.22 | alpha 1.946 | complete
Ep 252 | 드론3 목적지25 |  694스텝 | 배송 25/25 | 재적재  4 | 중계율 0.25 | alpha 1.932 | complete
Ep 253 | 드론4 목적지49 | 1000스텝 | 배송 44/49 | 재적재  8 | 중계율 0.30 | alpha 1.900 | step_limit
Ep 254 | 드론4 목적지26 |  423스텝 | 배송 26/26 | 재적재  3 | 중계율 0.20 | alpha 1.875 | complete
Ep 255 | 드론3 목적지38 |  865스텝 | 배송 38/38 | 재적재  7 | 중계율 0.28 | alpha 1.833 | complete
Ep 256 | 드론3 목적지27 |  883스텝 | 배송 27/27 | 재적재  4 | 중계율 0.34 | alpha 1.811 | complete
Ep 257 | 드론3 목적지44 | 1000스텝 | 배송 38/44 | 재적재  5 | 중계율 0.27 | alpha 1.784 | step_limit
Ep 258 | 드론4 목적지73 | 1000스텝 | 배송 68/73 | 재적재 12 | 중계율 0.28 | alpha 1.746 | step_limit
Ep 259 | 드론4 목적지65 | 1000스텝 | 배송 62/65 | 재적재 10 | 중계율 0.30 | alpha 1.748 | step_limit
Ep 260 | 드론4 목적지49 |  865스텝 | 배송 49/49 | 재적재  9 | 중계율 0.26 | alpha 1.745 | complete
Ep 261 | 드론4 목적지21 |  649스텝 | 배송 21/21 | 재적재  2 | 중계율 0.29 | alpha 1.750 | complete
Ep 262 | 드론3 목적지69 | 1000스텝 | 배송 66/69 | 재적재 11 | 중계율 0.23 | alpha 1.731 | step_limit
Ep 263 | 드론3 목적지40 | 1000스텝 | 배송 35/40 | 재적재  6 | 중계율 0.35 | alpha 1.756 | step_limit
Ep 264 | 드론4 목적지35 |  588스텝 | 배송 35/35 | 재적재  6 | 중계율 0.24 | alpha 1.748 | complete
Ep 265 | 드론4 목적지52 |  489스텝 | 배송 52/52 | 재적재  8 | 중계율 0.14 | alpha 1.744 | complete
Ep 266 | 드론3 목적지33 |  608스텝 | 배송 33/33 | 재적재  5 | 중계율 0.19 | alpha 1.740 | complete
Ep 267 | 드론4 목적지32 |  408스텝 | 배송 32/32 | 재적재  3 | 중계율 0.22 | alpha 1.731 | complete
Ep 268 | 드론3 목적지39 |  963스텝 | 배송 39/39 | 재적재  6 | 중계율 0.30 | alpha 1.711 | complete
Ep 269 | 드론4 목적지71 |  918스텝 | 배송 71/71 | 재적재 13 | 중계율 0.24 | alpha 1.704 | complete
Ep 270 | 드론3 목적지56 | 1000스텝 | 배송 41/56 | 재적재  6 | 중계율 0.37 | alpha 1.702 | step_limit
Ep 271 | 드론4 목적지66 |  952스텝 | 배송 66/66 | 재적재 11 | 중계율 0.26 | alpha 1.674 | complete
Ep 272 | 드론3 목적지33 |  677스텝 | 배송 33/33 | 재적재  5 | 중계율 0.21 | alpha 1.683 | complete
Ep 273 | 드론4 목적지75 | 1000스텝 | 배송 66/75 | 재적재 11 | 중계율 0.30 | alpha 1.672 | step_limit
Ep 274 | 드론3 목적지63 | 1000스텝 | 배송 58/63 | 재적재 11 | 중계율 0.24 | alpha 1.654 | step_limit
Ep 275 | 드론3 목적지46 | 1000스텝 | 배송 44/46 | 재적재  8 | 중계율 0.32 | alpha 1.647 | step_limit
Ep 276 | 드론4 목적지62 | 1000스텝 | 배송 55/62 | 재적재  9 | 중계율 0.31 | alpha 1.641 | step_limit
Ep 277 | 드론4 목적지35 |  477스텝 | 배송 35/35 | 재적재  6 | 중계율 0.25 | alpha 1.651 | complete
Ep 278 | 드론3 목적지79 | 1000스텝 | 배송 70/79 | 재적재 12 | 중계율 0.23 | alpha 1.667 | step_limit
Ep 279 | 드론3 목적지50 |  890스텝 | 배송 50/50 | 재적재  8 | 중계율 0.28 | alpha 1.666 | complete
Ep 280 | 드론3 목적지71 | 1000스텝 | 배송 55/71 | 재적재  9 | 중계율 0.28 | alpha 1.712 | step_limit
Ep 281 | 드론4 목적지52 |  752스텝 | 배송 52/52 | 재적재  7 | 중계율 0.31 | alpha 1.725 | complete
Ep 282 | 드론3 목적지55 | 1000스텝 | 배송 50/55 | 재적재  9 | 중계율 0.26 | alpha 1.729 | step_limit
Ep 283 | 드론3 목적지44 |  751스텝 | 배송 44/44 | 재적재  8 | 중계율 0.19 | alpha 1.717 | complete
Ep 284 | 드론4 목적지61 | 1000스텝 | 배송 60/61 | 재적재 11 | 중계율 0.29 | alpha 1.694 | step_limit
Ep 285 | 드론4 목적지61 |  844스텝 | 배송 61/61 | 재적재 10 | 중계율 0.27 | alpha 1.679 | complete
Ep 286 | 드론4 목적지35 |  586스텝 | 배송 35/35 | 재적재  6 | 중계율 0.21 | alpha 1.679 | complete
Ep 287 | 드론4 목적지42 |  727스텝 | 배송 42/42 | 재적재  7 | 중계율 0.30 | alpha 1.671 | complete
Ep 288 | 드론3 목적지26 |  621스텝 | 배송 26/26 | 재적재  4 | 중계율 0.30 | alpha 1.662 | complete
Ep 289 | 드론4 목적지71 |  932스텝 | 배송 71/71 | 재적재 12 | 중계율 0.23 | alpha 1.631 | complete
Ep 290 | 드론3 목적지34 |  880스텝 | 배송 34/34 | 재적재  5 | 중계율 0.27 | alpha 1.598 | complete
Ep 291 | 드론4 목적지70 |  935스텝 | 배송 70/70 | 재적재 13 | 중계율 0.28 | alpha 1.563 | complete
Ep 292 | 드론4 목적지25 |  505스텝 | 배송 25/25 | 재적재  4 | 중계율 0.29 | alpha 1.542 | complete
Ep 293 | 드론4 목적지78 | 1000스텝 | 배송 70/78 | 재적재 13 | 중계율 0.29 | alpha 1.520 | step_limit
Ep 294 | 드론3 목적지63 | 1000스텝 | 배송 59/63 | 재적재 11 | 중계율 0.25 | alpha 1.511 | step_limit
Ep 295 | 드론3 목적지40 |  868스텝 | 배송 40/40 | 재적재  7 | 중계율 0.30 | alpha 1.488 | complete
Ep 296 | 드론3 목적지78 | 1000스텝 | 배송 62/78 | 재적재 11 | 중계율 0.30 | alpha 1.459 | step_limit
Ep 297 | 드론3 목적지76 | 1000스텝 | 배송 74/76 | 재적재 13 | 중계율 0.21 | alpha 1.473 | step_limit
Ep 298 | 드론4 목적지42 |  683스텝 | 배송 42/42 | 재적재  7 | 중계율 0.20 | alpha 1.459 | complete
Ep 299 | 드론4 목적지34 |  913스텝 | 배송 34/34 | 재적재  6 | 중계율 0.41 | alpha 1.448 | complete
Ep 300 | 드론4 목적지73 | 1000스텝 | 배송 61/73 | 재적재 10 | 중계율 0.27 | alpha 1.447 | step_limit
  [홀드아웃] 배송 49.9±1.1 완주 0.99 스텝 1048 점수 124.8 재적재 8.2 2홉+ 0.62 | 최고 124.8@ep300 정체 0/8  ← 갱신
Ep 301 | 드론4 목적지74 |  800스텝 | 배송 74/74 | 재적재 12 | 중계율 0.21 | alpha 1.450 | complete
Ep 302 | 드론3 목적지56 | 1000스텝 | 배송 55/56 | 재적재 10 | 중계율 0.26 | alpha 1.440 | step_limit
Ep 303 | 드론4 목적지24 |  415스텝 | 배송 24/24 | 재적재  3 | 중계율 0.26 | alpha 1.436 | complete
Ep 304 | 드론4 목적지67 | 1000스텝 | 배송 64/67 | 재적재 11 | 중계율 0.32 | alpha 1.429 | step_limit
Ep 305 | 드론3 목적지69 | 1000스텝 | 배송 60/69 | 재적재 11 | 중계율 0.28 | alpha 1.430 | step_limit
Ep 306 | 드론3 목적지30 |  582스텝 | 배송 30/30 | 재적재  5 | 중계율 0.24 | alpha 1.415 | complete
Ep 307 | 드론4 목적지46 |  589스텝 | 배송 46/46 | 재적재  7 | 중계율 0.21 | alpha 1.416 | complete
Ep 308 | 드론3 목적지45 | 1000스텝 | 배송 43/45 | 재적재  8 | 중계율 0.29 | alpha 1.399 | step_limit
Ep 309 | 드론4 목적지80 | 1000스텝 | 배송 70/80 | 재적재 13 | 중계율 0.28 | alpha 1.378 | step_limit
Ep 310 | 드론3 목적지26 |  561스텝 | 배송 26/26 | 재적재  3 | 중계율 0.24 | alpha 1.368 | complete
Ep 311 | 드론3 목적지52 |  893스텝 | 배송 52/52 | 재적재  9 | 중계율 0.22 | alpha 1.354 | complete
Ep 312 | 드론3 목적지42 |  926스텝 | 배송 42/42 | 재적재  7 | 중계율 0.30 | alpha 1.341 | complete
Ep 313 | 드론3 목적지60 | 1000스텝 | 배송 51/60 | 재적재 10 | 중계율 0.29 | alpha 1.317 | step_limit
Ep 314 | 드론3 목적지78 | 1000스텝 | 배송 60/78 | 재적재 11 | 중계율 0.28 | alpha 1.304 | step_limit
Ep 315 | 드론4 목적지51 | 1000스텝 | 배송 50/51 | 재적재  9 | 중계율 0.37 | alpha 1.294 | step_limit
Ep 316 | 드론4 목적지58 |  706스텝 | 배송 58/58 | 재적재 10 | 중계율 0.22 | alpha 1.294 | complete
Ep 317 | 드론4 목적지75 | 1000스텝 | 배송 74/75 | 재적재 13 | 중계율 0.27 | alpha 1.282 | step_limit
Ep 318 | 드론4 목적지56 | 1000스텝 | 배송 54/56 | 재적재 10 | 중계율 0.30 | alpha 1.266 | step_limit
Ep 319 | 드론3 목적지69 | 1000스텝 | 배송 50/69 | 재적재  9 | 중계율 0.32 | alpha 1.246 | step_limit
Ep 320 | 드론4 목적지45 |  863스텝 | 배송 45/45 | 재적재  8 | 중계율 0.33 | alpha 1.237 | complete
Ep 321 | 드론4 목적지28 |  784스텝 | 배송 28/28 | 재적재  3 | 중계율 0.35 | alpha 1.223 | complete
Ep 322 | 드론4 목적지59 |  672스텝 | 배송 59/59 | 재적재 11 | 중계율 0.17 | alpha 1.213 | complete
Ep 323 | 드론3 목적지44 |  981스텝 | 배송 44/44 | 재적재  7 | 중계율 0.33 | alpha 1.189 | complete
Ep 324 | 드론3 목적지25 |  877스텝 | 배송 25/25 | 재적재  4 | 중계율 0.26 | alpha 1.169 | complete
Ep 325 | 드론4 목적지65 |  900스텝 | 배송 65/65 | 재적재 11 | 중계율 0.25 | alpha 1.149 | complete
Ep 326 | 드론3 목적지31 |  488스텝 | 배송 31/31 | 재적재  5 | 중계율 0.23 | alpha 1.140 | complete
Ep 327 | 드론4 목적지67 |  780스텝 | 배송 67/67 | 재적재 12 | 중계율 0.28 | alpha 1.119 | complete
Ep 328 | 드론3 목적지65 | 1000스텝 | 배송 60/65 | 재적재 12 | 중계율 0.22 | alpha 1.120 | step_limit
Ep 329 | 드론4 목적지33 |  724스텝 | 배송 33/33 | 재적재  5 | 중계율 0.28 | alpha 1.125 | complete
Ep 330 | 드론4 목적지76 | 1000스텝 | 배송 72/76 | 재적재 14 | 중계율 0.23 | alpha 1.120 | step_limit
Ep 331 | 드론3 목적지76 | 1000스텝 | 배송 60/76 | 재적재 10 | 중계율 0.30 | alpha 1.110 | step_limit
Ep 332 | 드론4 목적지75 |  897스텝 | 배송 75/75 | 재적재 13 | 중계율 0.22 | alpha 1.111 | complete
Ep 333 | 드론3 목적지26 |  714스텝 | 배송 26/26 | 재적재  5 | 중계율 0.22 | alpha 1.112 | complete
Ep 334 | 드론3 목적지63 | 1000스텝 | 배송 58/63 | 재적재 11 | 중계율 0.25 | alpha 1.101 | step_limit
Ep 335 | 드론4 목적지28 |  678스텝 | 배송 28/28 | 재적재  4 | 중계율 0.28 | alpha 1.095 | complete
Ep 336 | 드론3 목적지54 |  974스텝 | 배송 54/54 | 재적재  9 | 중계율 0.26 | alpha 1.077 | complete
Ep 337 | 드론3 목적지65 | 1000스텝 | 배송 56/65 | 재적재 10 | 중계율 0.32 | alpha 1.066 | step_limit
Ep 338 | 드론3 목적지68 | 1000스텝 | 배송 57/68 | 재적재 11 | 중계율 0.30 | alpha 1.057 | step_limit
Ep 339 | 드론4 목적지47 |  666스텝 | 배송 47/47 | 재적재  7 | 중계율 0.16 | alpha 1.052 | complete
Ep 340 | 드론3 목적지73 | 1000스텝 | 배송 62/73 | 재적재 11 | 중계율 0.30 | alpha 1.050 | step_limit
Ep 341 | 드론3 목적지64 | 1000스텝 | 배송 55/64 | 재적재 10 | 중계율 0.31 | alpha 1.031 | step_limit
Ep 342 | 드론3 목적지26 |  587스텝 | 배송 26/26 | 재적재  3 | 중계율 0.24 | alpha 1.022 | complete
Ep 343 | 드론4 목적지58 |  987스텝 | 배송 58/58 | 재적재 10 | 중계율 0.29 | alpha 1.014 | complete
Ep 344 | 드론4 목적지23 |  455스텝 | 배송 23/23 | 재적재  4 | 중계율 0.18 | alpha 1.010 | complete
Ep 345 | 드론4 목적지53 |  806스텝 | 배송 53/53 | 재적재  8 | 중계율 0.29 | alpha 0.986 | complete
Ep 346 | 드론3 목적지21 |  510스텝 | 배송 21/21 | 재적재  3 | 중계율 0.26 | alpha 0.977 | complete
Ep 347 | 드론4 목적지39 |  664스텝 | 배송 39/39 | 재적재  7 | 중계율 0.29 | alpha 0.963 | complete
Ep 348 | 드론4 목적지46 |  523스텝 | 배송 46/46 | 재적재  7 | 중계율 0.20 | alpha 0.952 | complete
Ep 349 | 드론4 목적지37 |  517스텝 | 배송 37/37 | 재적재  6 | 중계율 0.24 | alpha 0.949 | complete
Ep 350 | 드론3 목적지42 |  822스텝 | 배송 42/42 | 재적재  7 | 중계율 0.31 | alpha 0.927 | complete
  [홀드아웃] 배송 50.0±0.3 완주 0.99 스텝 1059 점수 124.6 재적재 8.2 2홉+ 0.62 | 최고 124.8@ep300 정체 1/8
Ep 351 | 드론4 목적지54 |  720스텝 | 배송 54/54 | 재적재  8 | 중계율 0.24 | alpha 0.913 | complete
Ep 352 | 드론4 목적지69 |  911스텝 | 배송 69/69 | 재적재 13 | 중계율 0.29 | alpha 0.901 | complete
Ep 353 | 드론3 목적지44 |  859스텝 | 배송 44/44 | 재적재  8 | 중계율 0.21 | alpha 0.883 | complete
Ep 354 | 드론3 목적지49 |  972스텝 | 배송 49/49 | 재적재  8 | 중계율 0.28 | alpha 0.863 | complete
Ep 355 | 드론3 목적지28 |  541스텝 | 배송 28/28 | 재적재  4 | 중계율 0.30 | alpha 0.861 | complete
Ep 356 | 드론3 목적지79 | 1000스텝 | 배송 75/79 | 재적재 14 | 중계율 0.21 | alpha 0.855 | step_limit
Ep 357 | 드론4 목적지71 |  952스텝 | 배송 71/71 | 재적재 13 | 중계율 0.20 | alpha 0.849 | complete
Ep 358 | 드론3 목적지30 |  894스텝 | 배송 30/30 | 재적재  5 | 중계율 0.33 | alpha 0.849 | complete
Ep 359 | 드론3 목적지74 | 1000스텝 | 배송 60/74 | 재적재 12 | 중계율 0.24 | alpha 0.854 | step_limit
Ep 360 | 드론4 목적지47 |  767스텝 | 배송 47/47 | 재적재  8 | 중계율 0.26 | alpha 0.848 | complete
Ep 361 | 드론3 목적지43 |  768스텝 | 배송 43/43 | 재적재  7 | 중계율 0.27 | alpha 0.841 | complete
Ep 362 | 드론4 목적지78 |  876스텝 | 배송 78/78 | 재적재 14 | 중계율 0.23 | alpha 0.845 | complete
Ep 363 | 드론4 목적지70 |  873스텝 | 배송 70/70 | 재적재 12 | 중계율 0.19 | alpha 0.839 | complete
Ep 364 | 드론3 목적지64 | 1000스텝 | 배송 55/64 | 재적재 10 | 중계율 0.28 | alpha 0.826 | step_limit
Ep 365 | 드론3 목적지63 | 1000스텝 | 배송 50/63 | 재적재 10 | 중계율 0.33 | alpha 0.816 | step_limit
Ep 366 | 드론3 목적지44 | 1000스텝 | 배송 43/44 | 재적재  8 | 중계율 0.29 | alpha 0.819 | step_limit
Ep 367 | 드론4 목적지38 |  550스텝 | 배송 38/38 | 재적재  7 | 중계율 0.25 | alpha 0.816 | complete
Ep 368 | 드론3 목적지37 |  619스텝 | 배송 37/37 | 재적재  6 | 중계율 0.20 | alpha 0.819 | complete
Ep 369 | 드론3 목적지42 |  765스텝 | 배송 42/42 | 재적재  7 | 중계율 0.29 | alpha 0.807 | complete
Ep 370 | 드론3 목적지70 | 1000스텝 | 배송 60/70 | 재적재 11 | 중계율 0.27 | alpha 0.795 | step_limit
Ep 371 | 드론3 목적지40 |  738스텝 | 배송 40/40 | 재적재  7 | 중계율 0.24 | alpha 0.784 | complete
Ep 372 | 드론4 목적지29 |  524스텝 | 배송 29/29 | 재적재  4 | 중계율 0.21 | alpha 0.766 | complete
Ep 373 | 드론3 목적지79 | 1000스텝 | 배송 65/79 | 재적재 11 | 중계율 0.24 | alpha 0.755 | step_limit
Ep 374 | 드론3 목적지40 |  983스텝 | 배송 40/40 | 재적재  6 | 중계율 0.29 | alpha 0.746 | complete
Ep 375 | 드론3 목적지28 |  611스텝 | 배송 28/28 | 재적재  5 | 중계율 0.21 | alpha 0.743 | complete
Ep 376 | 드론3 목적지40 | 1000스텝 | 배송 39/40 | 재적재  6 | 중계율 0.34 | alpha 0.739 | step_limit
Ep 377 | 드론3 목적지72 | 1000스텝 | 배송 54/72 | 재적재 10 | 중계율 0.31 | alpha 0.721 | step_limit
Ep 378 | 드론4 목적지61 |  796스텝 | 배송 61/61 | 재적재 10 | 중계율 0.28 | alpha 0.713 | complete
Ep 379 | 드론4 목적지68 | 1000스텝 | 배송 66/68 | 재적재 13 | 중계율 0.29 | alpha 0.704 | step_limit
Ep 380 | 드론3 목적지24 |  535스텝 | 배송 24/24 | 재적재  3 | 중계율 0.27 | alpha 0.700 | complete
Ep 381 | 드론3 목적지52 |  937스텝 | 배송 52/52 | 재적재 10 | 중계율 0.32 | alpha 0.692 | complete
Ep 382 | 드론4 목적지35 |  641스텝 | 배송 35/35 | 재적재  6 | 중계율 0.27 | alpha 0.678 | complete
Ep 383 | 드론3 목적지47 | 1000스텝 | 배송 46/47 | 재적재  9 | 중계율 0.33 | alpha 0.680 | step_limit
Ep 384 | 드론3 목적지28 |  471스텝 | 배송 28/28 | 재적재  4 | 중계율 0.28 | alpha 0.672 | complete
Ep 385 | 드론4 목적지70 |  923스텝 | 배송 70/70 | 재적재 12 | 중계율 0.28 | alpha 0.666 | complete
Ep 386 | 드론4 목적지71 | 1000스텝 | 배송 70/71 | 재적재 13 | 중계율 0.22 | alpha 0.655 | step_limit
Ep 387 | 드론3 목적지49 |  673스텝 | 배송 49/49 | 재적재  9 | 중계율 0.16 | alpha 0.653 | complete
Ep 388 | 드론3 목적지21 |  983스텝 | 배송 21/21 | 재적재  3 | 중계율 0.35 | alpha 0.638 | complete
Ep 389 | 드론4 목적지60 |  687스텝 | 배송 60/60 | 재적재 11 | 중계율 0.17 | alpha 0.625 | complete
Ep 390 | 드론4 목적지30 |  551스텝 | 배송 30/30 | 재적재  4 | 중계율 0.27 | alpha 0.617 | complete
Ep 391 | 드론3 목적지51 |  720스텝 | 배송 51/51 | 재적재  8 | 중계율 0.16 | alpha 0.610 | complete
Ep 392 | 드론3 목적지39 |  946스텝 | 배송 39/39 | 재적재  5 | 중계율 0.34 | alpha 0.588 | complete
Ep 393 | 드론4 목적지73 |  890스텝 | 배송 73/73 | 재적재 13 | 중계율 0.20 | alpha 0.578 | complete
Ep 394 | 드론3 목적지32 |  800스텝 | 배송 32/32 | 재적재  6 | 중계율 0.37 | alpha 0.566 | complete
Ep 395 | 드론4 목적지70 | 1000스텝 | 배송 69/70 | 재적재 13 | 중계율 0.29 | alpha 0.556 | step_limit
Ep 396 | 드론4 목적지28 |  614스텝 | 배송 28/28 | 재적재  3 | 중계율 0.24 | alpha 0.553 | complete
Ep 397 | 드론3 목적지39 | 1000스텝 | 배송 37/39 | 재적재  5 | 중계율 0.30 | alpha 0.544 | step_limit
Ep 398 | 드론3 목적지40 |  695스텝 | 배송 40/40 | 재적재  6 | 중계율 0.27 | alpha 0.535 | complete
Ep 399 | 드론3 목적지51 | 1000스텝 | 배송 50/51 | 재적재  9 | 중계율 0.31 | alpha 0.525 | step_limit
Ep 400 | 드론3 목적지79 | 1000스텝 | 배송 59/79 | 재적재 11 | 중계율 0.30 | alpha 0.520 | step_limit
  [홀드아웃] 배송 50.0±0.3 완주 0.97 스텝 1006 점수 124.1 재적재 8.2 2홉+ 0.61 | 최고 124.8@ep300 정체 2/8
Ep 401 | 드론3 목적지63 | 1000스텝 | 배송 56/63 | 재적재 10 | 중계율 0.33 | alpha 0.514 | step_limit
Ep 402 | 드론3 목적지32 |  718스텝 | 배송 32/32 | 재적재  5 | 중계율 0.30 | alpha 0.514 | complete
Ep 403 | 드론3 목적지76 | 1000스텝 | 배송 57/76 | 재적재 11 | 중계율 0.23 | alpha 0.516 | step_limit
Ep 404 | 드론4 목적지23 |  577스텝 | 배송 23/23 | 재적재  4 | 중계율 0.30 | alpha 0.516 | complete
Ep 405 | 드론3 목적지67 | 1000스텝 | 배송 55/67 | 재적재  8 | 중계율 0.35 | alpha 0.512 | step_limit
Ep 406 | 드론3 목적지48 |  885스텝 | 배송 48/48 | 재적재  9 | 중계율 0.27 | alpha 0.510 | complete
Ep 407 | 드론3 목적지72 | 1000스텝 | 배송 60/72 | 재적재 12 | 중계율 0.30 | alpha 0.519 | step_limit
Ep 408 | 드론4 목적지79 | 1000스텝 | 배송 76/79 | 재적재 15 | 중계율 0.28 | alpha 0.526 | step_limit
Ep 409 | 드론4 목적지28 |  356스텝 | 배송 28/28 | 재적재  4 | 중계율 0.18 | alpha 0.525 | complete
Ep 410 | 드론4 목적지46 |  542스텝 | 배송 46/46 | 재적재  7 | 중계율 0.26 | alpha 0.532 | complete
Ep 411 | 드론4 목적지69 | 1000스텝 | 배송 62/69 | 재적재  9 | 중계율 0.34 | alpha 0.544 | step_limit
Ep 412 | 드론3 목적지47 |  798스텝 | 배송 47/47 | 재적재  9 | 중계율 0.24 | alpha 0.559 | complete
Ep 413 | 드론4 목적지45 |  673스텝 | 배송 45/45 | 재적재  8 | 중계율 0.25 | alpha 0.571 | complete
Ep 414 | 드론3 목적지76 | 1000스텝 | 배송 65/76 | 재적재 11 | 중계율 0.28 | alpha 0.590 | step_limit
Ep 415 | 드론3 목적지79 | 1000스텝 | 배송 73/79 | 재적재 13 | 중계율 0.26 | alpha 0.599 | step_limit
Ep 416 | 드론3 목적지20 |  835스텝 | 배송 20/20 | 재적재  2 | 중계율 0.25 | alpha 0.619 | complete
Ep 417 | 드론3 목적지45 |  780스텝 | 배송 45/45 | 재적재  8 | 중계율 0.28 | alpha 0.634 | complete
Ep 418 | 드론3 목적지75 | 1000스텝 | 배송 61/75 | 재적재 12 | 중계율 0.24 | alpha 0.648 | step_limit
Ep 419 | 드론4 목적지78 |  956스텝 | 배송 51/78 | 재적재  8 | 중계율 0.26 | alpha 0.663 | no_progress
Ep 420 | 드론4 목적지33 |  560스텝 | 배송 33/33 | 재적재  5 | 중계율 0.23 | alpha 0.674 | complete
Ep 421 | 드론3 목적지62 | 1000스텝 | 배송 59/62 | 재적재 11 | 중계율 0.32 | alpha 0.678 | step_limit
Ep 422 | 드론4 목적지51 |  953스텝 | 배송 51/51 | 재적재 10 | 중계율 0.35 | alpha 0.689 | complete
Ep 423 | 드론3 목적지44 |  849스텝 | 배송 44/44 | 재적재  7 | 중계율 0.27 | alpha 0.697 | complete
Ep 424 | 드론3 목적지33 |  733스텝 | 배송 33/33 | 재적재  5 | 중계율 0.32 | alpha 0.705 | complete
Ep 425 | 드론3 목적지33 |  519스텝 | 배송 33/33 | 재적재  5 | 중계율 0.17 | alpha 0.711 | complete
Ep 426 | 드론4 목적지24 |  578스텝 | 배송 24/24 | 재적재  2 | 중계율 0.23 | alpha 0.718 | complete
Ep 427 | 드론3 목적지64 | 1000스텝 | 배송 53/64 | 재적재 10 | 중계율 0.34 | alpha 0.732 | step_limit
Ep 428 | 드론4 목적지53 | 1000스텝 | 배송 48/53 | 재적재  8 | 중계율 0.37 | alpha 0.739 | step_limit
Ep 429 | 드론3 목적지36 |  802스텝 | 배송 36/36 | 재적재  7 | 중계율 0.27 | alpha 0.752 | complete
Ep 430 | 드론4 목적지48 |  796스텝 | 배송 48/48 | 재적재  8 | 중계율 0.31 | alpha 0.764 | complete
Ep 431 | 드론3 목적지56 | 1000스텝 | 배송 50/56 | 재적재  9 | 중계율 0.35 | alpha 0.766 | step_limit
Ep 432 | 드론3 목적지45 |  867스텝 | 배송 45/45 | 재적재  7 | 중계율 0.27 | alpha 0.773 | complete
Ep 433 | 드론4 목적지25 |  425스텝 | 배송 25/25 | 재적재  3 | 중계율 0.34 | alpha 0.775 | complete
Ep 434 | 드론3 목적지58 |  961스텝 | 배송 58/58 | 재적재  9 | 중계율 0.31 | alpha 0.785 | complete
Ep 435 | 드론3 목적지72 | 1000스텝 | 배송 47/72 | 재적재  8 | 중계율 0.33 | alpha 0.790 | step_limit
Ep 436 | 드론3 목적지71 | 1000스텝 | 배송 70/71 | 재적재 13 | 중계율 0.23 | alpha 0.790 | step_limit
Ep 437 | 드론3 목적지53 | 1000스텝 | 배송 50/53 | 재적재 10 | 중계율 0.30 | alpha 0.797 | step_limit
Ep 438 | 드론4 목적지31 |  563스텝 | 배송 31/31 | 재적재  4 | 중계율 0.30 | alpha 0.802 | complete
Ep 439 | 드론4 목적지77 |  835스텝 | 배송 77/77 | 재적재 13 | 중계율 0.23 | alpha 0.806 | complete
Ep 440 | 드론3 목적지73 | 1000스텝 | 배송 64/73 | 재적재 12 | 중계율 0.32 | alpha 0.810 | step_limit
Ep 441 | 드론4 목적지27 |  418스텝 | 배송 27/27 | 재적재  4 | 중계율 0.16 | alpha 0.818 | complete
Ep 442 | 드론3 목적지20 |  424스텝 | 배송 20/20 | 재적재  1 | 중계율 0.25 | alpha 0.822 | complete
Ep 443 | 드론4 목적지73 |  919스텝 | 배송 73/73 | 재적재 13 | 중계율 0.19 | alpha 0.826 | complete
Ep 444 | 드론3 목적지56 |  982스텝 | 배송 56/56 | 재적재 10 | 중계율 0.22 | alpha 0.831 | complete
Ep 445 | 드론4 목적지20 |  487스텝 | 배송 20/20 | 재적재  3 | 중계율 0.38 | alpha 0.823 | complete
Ep 446 | 드론3 목적지26 |  509스텝 | 배송 26/26 | 재적재  4 | 중계율 0.25 | alpha 0.824 | complete
Ep 447 | 드론3 목적지41 | 1000스텝 | 배송 36/41 | 재적재  6 | 중계율 0.23 | alpha 0.827 | step_limit
Ep 448 | 드론4 목적지73 |  748스텝 | 배송 73/73 | 재적재 13 | 중계율 0.26 | alpha 0.822 | complete
Ep 449 | 드론3 목적지56 | 1000스텝 | 배송 50/56 | 재적재  9 | 중계율 0.27 | alpha 0.819 | step_limit
Ep 450 | 드론3 목적지35 |  786스텝 | 배송 35/35 | 재적재  6 | 중계율 0.29 | alpha 0.810 | complete
  [홀드아웃] 배송 49.9±0.4 완주 0.96 스텝 1027 점수 122.6 재적재 8.4 2홉+ 0.62 | 최고 124.8@ep300 정체 3/8
Ep 451 | 드론4 목적지77 |  809스텝 | 배송 77/77 | 재적재 14 | 중계율 0.17 | alpha 0.804 | complete
Ep 452 | 드론3 목적지22 |  925스텝 | 배송 22/22 | 재적재  2 | 중계율 0.32 | alpha 0.811 | complete
Ep 453 | 드론4 목적지47 |  688스텝 | 배송 47/47 | 재적재  8 | 중계율 0.22 | alpha 0.798 | complete
Ep 454 | 드론4 목적지72 |  967스텝 | 배송 72/72 | 재적재 12 | 중계율 0.28 | alpha 0.786 | complete
Ep 455 | 드론4 목적지63 |  969스텝 | 배송 63/63 | 재적재 11 | 중계율 0.34 | alpha 0.780 | complete
Ep 456 | 드론3 목적지73 | 1000스텝 | 배송 65/73 | 재적재 13 | 중계율 0.28 | alpha 0.777 | step_limit
Ep 457 | 드론4 목적지36 |  683스텝 | 배송 36/36 | 재적재  6 | 중계율 0.36 | alpha 0.771 | complete
Ep 458 | 드론4 목적지78 |  839스텝 | 배송 78/78 | 재적재 14 | 중계율 0.22 | alpha 0.763 | complete
Ep 459 | 드론4 목적지45 |  835스텝 | 배송 45/45 | 재적재  8 | 중계율 0.36 | alpha 0.756 | complete
Ep 460 | 드론3 목적지70 | 1000스텝 | 배송 56/70 | 재적재 10 | 중계율 0.33 | alpha 0.752 | step_limit
Ep 461 | 드론3 목적지39 |  820스텝 | 배송 39/39 | 재적재  7 | 중계율 0.26 | alpha 0.747 | complete
Ep 462 | 드론4 목적지62 |  842스텝 | 배송 62/62 | 재적재 12 | 중계율 0.26 | alpha 0.741 | complete
Ep 463 | 드론3 목적지67 | 1000스텝 | 배송 60/67 | 재적재 11 | 중계율 0.28 | alpha 0.738 | step_limit
Ep 464 | 드론3 목적지33 |  535스텝 | 배송 33/33 | 재적재  5 | 중계율 0.21 | alpha 0.734 | complete
Ep 465 | 드론4 목적지80 | 1000스텝 | 배송 71/80 | 재적재 12 | 중계율 0.29 | alpha 0.733 | step_limit
Ep 466 | 드론4 목적지42 |  726스텝 | 배송 42/42 | 재적재  7 | 중계율 0.23 | alpha 0.727 | complete
Ep 467 | 드론3 목적지63 | 1000스텝 | 배송 61/63 | 재적재 11 | 중계율 0.25 | alpha 0.719 | step_limit
Ep 468 | 드론3 목적지78 | 1000스텝 | 배송 65/78 | 재적재 11 | 중계율 0.29 | alpha 0.725 | step_limit
Ep 469 | 드론4 목적지48 |  669스텝 | 배송 48/48 | 재적재  8 | 중계율 0.23 | alpha 0.724 | complete
Ep 470 | 드론4 목적지70 | 1000스텝 | 배송 64/70 | 재적재 11 | 중계율 0.29 | alpha 0.729 | step_limit
Ep 471 | 드론3 목적지24 |  447스텝 | 배송 24/24 | 재적재  4 | 중계율 0.19 | alpha 0.734 | complete
Ep 472 | 드론4 목적지62 |  881스텝 | 배송 62/62 | 재적재 12 | 중계율 0.26 | alpha 0.739 | complete
Ep 473 | 드론3 목적지30 |  688스텝 | 배송 30/30 | 재적재  4 | 중계율 0.36 | alpha 0.747 | complete
Ep 474 | 드론3 목적지37 |  892스텝 | 배송 37/37 | 재적재  6 | 중계율 0.34 | alpha 0.759 | complete
Ep 475 | 드론3 목적지71 | 1000스텝 | 배송 60/71 | 재적재 12 | 중계율 0.30 | alpha 0.765 | step_limit
Ep 476 | 드론3 목적지29 |  605스텝 | 배송 29/29 | 재적재  5 | 중계율 0.27 | alpha 0.770 | complete
Ep 477 | 드론3 목적지36 |  712스텝 | 배송 36/36 | 재적재  6 | 중계율 0.28 | alpha 0.779 | complete
Ep 478 | 드론3 목적지52 |  981스텝 | 배송 52/52 | 재적재  9 | 중계율 0.30 | alpha 0.767 | complete
Ep 479 | 드론4 목적지75 |  978스텝 | 배송 75/75 | 재적재 14 | 중계율 0.32 | alpha 0.774 | complete
Ep 480 | 드론4 목적지64 |  718스텝 | 배송 64/64 | 재적재 11 | 중계율 0.22 | alpha 0.784 | complete
Ep 481 | 드론3 목적지70 | 1000스텝 | 배송 61/70 | 재적재 10 | 중계율 0.35 | alpha 0.783 | step_limit
Ep 482 | 드론4 목적지39 |  513스텝 | 배송 39/39 | 재적재  6 | 중계율 0.20 | alpha 0.791 | complete
Ep 483 | 드론4 목적지51 |  959스텝 | 배송 51/51 | 재적재  9 | 중계율 0.31 | alpha 0.796 | complete
Ep 484 | 드론4 목적지43 |  773스텝 | 배송 43/43 | 재적재  8 | 중계율 0.28 | alpha 0.795 | complete
Ep 485 | 드론3 목적지36 |  717스텝 | 배송 36/36 | 재적재  5 | 중계율 0.28 | alpha 0.794 | complete
Ep 486 | 드론3 목적지53 | 1000스텝 | 배송 38/53 | 재적재  7 | 중계율 0.34 | alpha 0.789 | step_limit
Ep 487 | 드론4 목적지34 |  603스텝 | 배송 34/34 | 재적재  5 | 중계율 0.28 | alpha 0.785 | complete
Ep 488 | 드론3 목적지73 | 1000스텝 | 배송 59/73 | 재적재  9 | 중계율 0.31 | alpha 0.778 | step_limit
Ep 489 | 드론4 목적지52 |  945스텝 | 배송 52/52 | 재적재  9 | 중계율 0.27 | alpha 0.783 | complete
Ep 490 | 드론4 목적지40 |  466스텝 | 배송 40/40 | 재적재  5 | 중계율 0.20 | alpha 0.779 | complete
Ep 491 | 드론3 목적지47 |  637스텝 | 배송 47/47 | 재적재  8 | 중계율 0.19 | alpha 0.788 | complete
Ep 492 | 드론3 목적지71 | 1000스텝 | 배송 60/71 | 재적재 10 | 중계율 0.29 | alpha 0.801 | step_limit
Ep 493 | 드론3 목적지46 |  986스텝 | 배송 46/46 | 재적재  8 | 중계율 0.32 | alpha 0.808 | complete
Ep 494 | 드론3 목적지47 |  913스텝 | 배송 47/47 | 재적재  8 | 중계율 0.31 | alpha 0.805 | complete
Ep 495 | 드론3 목적지45 |  925스텝 | 배송 45/45 | 재적재  8 | 중계율 0.30 | alpha 0.809 | complete
Ep 496 | 드론4 목적지65 |  717스텝 | 배송 65/65 | 재적재 12 | 중계율 0.23 | alpha 0.815 | complete
Ep 497 | 드론3 목적지35 |  540스텝 | 배송 35/35 | 재적재  5 | 중계율 0.22 | alpha 0.820 | complete
Ep 498 | 드론4 목적지39 |  691스텝 | 배송 39/39 | 재적재  5 | 중계율 0.37 | alpha 0.825 | complete
Ep 499 | 드론4 목적지28 |  412스텝 | 배송 28/28 | 재적재  4 | 중계율 0.25 | alpha 0.825 | complete
Ep 500 | 드론3 목적지49 |  976스텝 | 배송 49/49 | 재적재  8 | 중계율 0.35 | alpha 0.830 | complete
  [홀드아웃] 배송 49.7±2.7 완주 0.99 스텝 967 점수 125.9 재적재 8.2 2홉+ 0.62 | 최고 125.9@ep500 정체 0/8  ← 갱신
Ep 501 | 드론4 목적지26 |  562스텝 | 배송 26/26 | 재적재  4 | 중계율 0.39 | alpha 0.830 | complete
Ep 502 | 드론4 목적지69 |  791스텝 | 배송 69/69 | 재적재 13 | 중계율 0.21 | alpha 0.833 | complete
Ep 503 | 드론4 목적지44 |  619스텝 | 배송 44/44 | 재적재  8 | 중계율 0.25 | alpha 0.843 | complete
Ep 504 | 드론4 목적지34 |  741스텝 | 배송 34/34 | 재적재  4 | 중계율 0.38 | alpha 0.850 | complete
Ep 505 | 드론4 목적지77 | 1000스텝 | 배송 58/77 | 재적재  9 | 중계율 0.37 | alpha 0.851 | step_limit
Ep 506 | 드론4 목적지55 |  825스텝 | 배송 55/55 | 재적재  9 | 중계율 0.23 | alpha 0.843 | complete
Ep 507 | 드론3 목적지61 |  805스텝 | 배송 61/61 | 재적재 11 | 중계율 0.21 | alpha 0.850 | complete
Ep 508 | 드론3 목적지24 |  808스텝 | 배송 24/24 | 재적재  4 | 중계율 0.29 | alpha 0.844 | complete
Ep 509 | 드론3 목적지48 | 1000스텝 | 배송 45/48 | 재적재  7 | 중계율 0.37 | alpha 0.830 | step_limit
Ep 510 | 드론4 목적지71 | 1000스텝 | 배송 69/71 | 재적재 11 | 중계율 0.31 | alpha 0.837 | step_limit
Ep 511 | 드론4 목적지39 |  735스텝 | 배송 39/39 | 재적재  6 | 중계율 0.32 | alpha 0.835 | complete
Ep 512 | 드론4 목적지29 |  365스텝 | 배송 29/29 | 재적재  3 | 중계율 0.18 | alpha 0.837 | complete
Ep 513 | 드론4 목적지46 |  631스텝 | 배송 46/46 | 재적재  8 | 중계율 0.25 | alpha 0.834 | complete
Ep 514 | 드론3 목적지49 | 1000스텝 | 배송 46/49 | 재적재  9 | 중계율 0.33 | alpha 0.841 | step_limit
Ep 515 | 드론3 목적지70 | 1000스텝 | 배송 65/70 | 재적재 13 | 중계율 0.29 | alpha 0.842 | step_limit
Ep 516 | 드론4 목적지63 | 1000스텝 | 배송 58/63 | 재적재 10 | 중계율 0.36 | alpha 0.837 | step_limit
Ep 517 | 드론4 목적지44 |  893스텝 | 배송 44/44 | 재적재  8 | 중계율 0.32 | alpha 0.844 | complete
Ep 518 | 드론3 목적지57 | 1000스텝 | 배송 48/57 | 재적재  8 | 중계율 0.39 | alpha 0.847 | step_limit
Ep 519 | 드론4 목적지34 |  489스텝 | 배송 34/34 | 재적재  6 | 중계율 0.27 | alpha 0.846 | complete
Ep 520 | 드론3 목적지68 | 1000스텝 | 배송 61/68 | 재적재 11 | 중계율 0.23 | alpha 0.857 | step_limit
Ep 521 | 드론4 목적지71 | 1000스텝 | 배송 66/71 | 재적재 11 | 중계율 0.36 | alpha 0.870 | step_limit
Ep 522 | 드론3 목적지72 | 1000스텝 | 배송 62/72 | 재적재 12 | 중계율 0.23 | alpha 0.865 | step_limit
Ep 523 | 드론3 목적지27 |  652스텝 | 배송 27/27 | 재적재  5 | 중계율 0.25 | alpha 0.865 | complete
Ep 524 | 드론3 목적지37 |  820스텝 | 배송 37/37 | 재적재  6 | 중계율 0.36 | alpha 0.882 | complete
Ep 525 | 드론3 목적지79 | 1000스텝 | 배송 68/79 | 재적재 11 | 중계율 0.27 | alpha 0.884 | step_limit
Ep 526 | 드론3 목적지39 |  965스텝 | 배송 39/39 | 재적재  6 | 중계율 0.33 | alpha 0.891 | complete
Ep 527 | 드론3 목적지42 |  808스텝 | 배송 42/42 | 재적재  7 | 중계율 0.34 | alpha 0.885 | complete
Ep 528 | 드론3 목적지51 |  937스텝 | 배송 51/51 | 재적재  8 | 중계율 0.26 | alpha 0.880 | complete
Ep 529 | 드론3 목적지21 |  519스텝 | 배송 21/21 | 재적재  3 | 중계율 0.25 | alpha 0.881 | complete
Ep 530 | 드론4 목적지34 |  474스텝 | 배송 34/34 | 재적재  6 | 중계율 0.24 | alpha 0.881 | complete
Ep 531 | 드론4 목적지64 |  722스텝 | 배송 64/64 | 재적재 10 | 중계율 0.26 | alpha 0.884 | complete
Ep 532 | 드론4 목적지78 |  990스텝 | 배송 78/78 | 재적재 14 | 중계율 0.18 | alpha 0.890 | complete
Ep 533 | 드론4 목적지68 | 1000스텝 | 배송 66/68 | 재적재 12 | 중계율 0.28 | alpha 0.870 | step_limit
Ep 534 | 드론3 목적지25 |  757스텝 | 배송 25/25 | 재적재  4 | 중계율 0.35 | alpha 0.868 | complete
Ep 535 | 드론3 목적지25 |  534스텝 | 배송 25/25 | 재적재  3 | 중계율 0.34 | alpha 0.866 | complete
Ep 536 | 드론4 목적지71 |  929스텝 | 배송 71/71 | 재적재 13 | 중계율 0.27 | alpha 0.870 | complete
Ep 537 | 드론4 목적지31 |  852스텝 | 배송 31/31 | 재적재  5 | 중계율 0.37 | alpha 0.856 | complete
Ep 538 | 드론4 목적지55 |  761스텝 | 배송 55/55 | 재적재  9 | 중계율 0.34 | alpha 0.863 | complete
Ep 539 | 드론3 목적지46 |  699스텝 | 배송 46/46 | 재적재  9 | 중계율 0.25 | alpha 0.856 | complete
Ep 540 | 드론4 목적지50 |  639스텝 | 배송 50/50 | 재적재  9 | 중계율 0.18 | alpha 0.852 | complete
Ep 541 | 드론4 목적지25 |  328스텝 | 배송 25/25 | 재적재  4 | 중계율 0.17 | alpha 0.852 | complete
Ep 542 | 드론4 목적지65 |  952스텝 | 배송 65/65 | 재적재 11 | 중계율 0.27 | alpha 0.854 | complete
Ep 543 | 드론3 목적지32 |  810스텝 | 배송 32/32 | 재적재  5 | 중계율 0.24 | alpha 0.849 | complete
Ep 544 | 드론4 목적지60 | 1000스텝 | 배송 59/60 | 재적재 11 | 중계율 0.27 | alpha 0.847 | step_limit
Ep 545 | 드론3 목적지74 | 1000스텝 | 배송 65/74 | 재적재 11 | 중계율 0.30 | alpha 0.853 | step_limit
Ep 546 | 드론3 목적지45 |  876스텝 | 배송 45/45 | 재적재  8 | 중계율 0.31 | alpha 0.857 | complete
Ep 547 | 드론3 목적지37 |  671스텝 | 배송 37/37 | 재적재  7 | 중계율 0.19 | alpha 0.862 | complete
Ep 548 | 드론3 목적지63 |  939스텝 | 배송 63/63 | 재적재 11 | 중계율 0.23 | alpha 0.867 | complete
Ep 549 | 드론4 목적지55 |  775스텝 | 배송 55/55 | 재적재 10 | 중계율 0.26 | alpha 0.863 | complete
Ep 550 | 드론4 목적지30 |  425스텝 | 배송 30/30 | 재적재  4 | 중계율 0.33 | alpha 0.857 | complete
  [홀드아웃] 배송 50.0±0.0 완주 1.00 스텝 927 점수 127.6 재적재 8.3 2홉+ 0.61 | 최고 127.6@ep550 정체 0/8  ← 갱신
Ep 551 | 드론4 목적지33 |  376스텝 | 배송 33/33 | 재적재  4 | 중계율 0.12 | alpha 0.859 | complete
Ep 552 | 드론4 목적지71 |  878스텝 | 배송 71/71 | 재적재 13 | 중계율 0.18 | alpha 0.867 | complete
Ep 553 | 드론4 목적지68 | 1000스텝 | 배송 67/68 | 재적재 11 | 중계율 0.29 | alpha 0.871 | step_limit
Ep 554 | 드론3 목적지74 | 1000스텝 | 배송 65/74 | 재적재 12 | 중계율 0.31 | alpha 0.877 | step_limit
Ep 555 | 드론4 목적지59 | 1000스텝 | 배송 38/59 | 재적재  5 | 중계율 0.34 | alpha 0.870 | step_limit
Ep 556 | 드론4 목적지41 |  924스텝 | 배송 32/41 | 재적재  5 | 중계율 0.39 | alpha 0.869 | no_progress
Ep 557 | 드론3 목적지71 | 1000스텝 | 배송 69/71 | 재적재 12 | 중계율 0.22 | alpha 0.868 | step_limit
Ep 558 | 드론4 목적지50 |  604스텝 | 배송 50/50 | 재적재  8 | 중계율 0.20 | alpha 0.872 | complete
Ep 559 | 드론4 목적지57 |  860스텝 | 배송 57/57 | 재적재 11 | 중계율 0.22 | alpha 0.879 | complete
Ep 560 | 드론4 목적지42 |  536스텝 | 배송 42/42 | 재적재  6 | 중계율 0.15 | alpha 0.881 | complete
Ep 561 | 드론4 목적지27 |  457스텝 | 배송 27/27 | 재적재  3 | 중계율 0.32 | alpha 0.884 | complete
Ep 562 | 드론4 목적지47 |  862스텝 | 배송 47/47 | 재적재  8 | 중계율 0.36 | alpha 0.887 | complete
Ep 563 | 드론3 목적지78 | 1000스텝 | 배송 53/78 | 재적재  9 | 중계율 0.29 | alpha 0.886 | step_limit
Ep 564 | 드론4 목적지30 |  428스텝 | 배송 30/30 | 재적재  4 | 중계율 0.23 | alpha 0.884 | complete
Ep 565 | 드론4 목적지22 |  289스텝 | 배송 22/22 | 재적재  4 | 중계율 0.23 | alpha 0.888 | complete
Ep 566 | 드론3 목적지49 |  816스텝 | 배송 49/49 | 재적재  9 | 중계율 0.27 | alpha 0.888 | complete
Ep 567 | 드론3 목적지78 | 1000스텝 | 배송 68/78 | 재적재 12 | 중계율 0.30 | alpha 0.893 | step_limit
Ep 568 | 드론4 목적지67 | 1000스텝 | 배송 52/67 | 재적재  9 | 중계율 0.38 | alpha 0.899 | step_limit
Ep 569 | 드론4 목적지70 | 1000스텝 | 배송 70/70 | 재적재 12 | 중계율 0.27 | alpha 0.894 | complete
Ep 570 | 드론3 목적지72 | 1000스텝 | 배송 65/72 | 재적재 13 | 중계율 0.24 | alpha 0.892 | step_limit
Ep 571 | 드론4 목적지49 |  934스텝 | 배송 49/49 | 재적재  8 | 중계율 0.29 | alpha 0.907 | complete
Ep 572 | 드론4 목적지75 | 1000스텝 | 배송 74/75 | 재적재 13 | 중계율 0.29 | alpha 0.907 | step_limit
Ep 573 | 드론4 목적지66 |  733스텝 | 배송 66/66 | 재적재 11 | 중계율 0.21 | alpha 0.913 | complete
Ep 574 | 드론4 목적지44 |  662스텝 | 배송 44/44 | 재적재  8 | 중계율 0.28 | alpha 0.921 | complete
Ep 575 | 드론4 목적지78 | 1000스텝 | 배송 77/78 | 재적재 13 | 중계율 0.21 | alpha 0.927 | step_limit
Ep 576 | 드론3 목적지69 | 1000스텝 | 배송 59/69 | 재적재 11 | 중계율 0.34 | alpha 0.944 | step_limit
Ep 577 | 드론4 목적지24 |  390스텝 | 배송 24/24 | 재적재  4 | 중계율 0.23 | alpha 0.944 | complete
Ep 578 | 드론4 목적지32 |  740스텝 | 배송 32/32 | 재적재  5 | 중계율 0.27 | alpha 0.948 | complete
Ep 579 | 드론4 목적지26 |  305스텝 | 배송 26/26 | 재적재  3 | 중계율 0.26 | alpha 0.947 | complete
Ep 580 | 드론4 목적지60 |  888스텝 | 배송 60/60 | 재적재 11 | 중계율 0.20 | alpha 0.963 | complete
Ep 581 | 드론3 목적지47 | 1000스텝 | 배송 46/47 | 재적재  7 | 중계율 0.35 | alpha 0.948 | step_limit
Ep 582 | 드론3 목적지36 | 1000스텝 | 배송 35/36 | 재적재  6 | 중계율 0.30 | alpha 0.952 | step_limit
Ep 583 | 드론4 목적지65 |  878스텝 | 배송 65/65 | 재적재 12 | 중계율 0.27 | alpha 0.940 | complete
Ep 584 | 드론3 목적지54 | 1000스텝 | 배송 53/54 | 재적재  9 | 중계율 0.32 | alpha 0.940 | step_limit
Ep 585 | 드론4 목적지72 | 1000스텝 | 배송 60/72 | 재적재 10 | 중계율 0.31 | alpha 0.946 | step_limit
Ep 586 | 드론4 목적지37 |  567스텝 | 배송 37/37 | 재적재  5 | 중계율 0.32 | alpha 0.950 | complete
Ep 587 | 드론3 목적지49 | 1000스텝 | 배송 45/49 | 재적재  7 | 중계율 0.32 | alpha 0.946 | step_limit
Ep 588 | 드론3 목적지57 |  889스텝 | 배송 57/57 | 재적재 10 | 중계율 0.25 | alpha 0.951 | complete
Ep 589 | 드론3 목적지50 |  822스텝 | 배송 50/50 | 재적재  8 | 중계율 0.27 | alpha 0.966 | complete
Ep 590 | 드론3 목적지47 |  874스텝 | 배송 47/47 | 재적재  9 | 중계율 0.26 | alpha 0.977 | complete
Ep 591 | 드론4 목적지64 | 1000스텝 | 배송 60/64 | 재적재 11 | 중계율 0.39 | alpha 0.977 | step_limit
Ep 592 | 드론4 목적지22 |  591스텝 | 배송 22/22 | 재적재  3 | 중계율 0.29 | alpha 0.974 | complete
Ep 593 | 드론4 목적지51 |  860스텝 | 배송 51/51 | 재적재  8 | 중계율 0.30 | alpha 0.977 | complete
Ep 594 | 드론3 목적지40 |  701스텝 | 배송 40/40 | 재적재  7 | 중계율 0.23 | alpha 0.967 | complete
Ep 595 | 드론4 목적지26 |  478스텝 | 배송 26/26 | 재적재  3 | 중계율 0.31 | alpha 0.964 | complete
Ep 596 | 드론4 목적지26 |  422스텝 | 배송 26/26 | 재적재  3 | 중계율 0.18 | alpha 0.972 | complete
Ep 597 | 드론3 목적지21 |  462스텝 | 배송 21/21 | 재적재  2 | 중계율 0.31 | alpha 0.970 | complete
Ep 598 | 드론3 목적지23 |  564스텝 | 배송 23/23 | 재적재  3 | 중계율 0.29 | alpha 0.966 | complete
Ep 599 | 드론3 목적지77 | 1000스텝 | 배송 56/77 | 재적재 11 | 중계율 0.26 | alpha 0.948 | step_limit
Ep 600 | 드론4 목적지68 | 1000스텝 | 배송 60/68 | 재적재  9 | 중계율 0.38 | alpha 0.941 | step_limit
  [홀드아웃] 배송 50.0±0.0 완주 1.00 스텝 961 점수 127.2 재적재 8.3 2홉+ 0.62 | 최고 127.6@ep550 정체 1/8
Ep 601 | 드론3 목적지20 |  455스텝 | 배송 20/20 | 재적재  3 | 중계율 0.28 | alpha 0.926 | complete
Ep 602 | 드론4 목적지72 |  870스텝 | 배송 72/72 | 재적재 13 | 중계율 0.21 | alpha 0.918 | complete
Ep 603 | 드론4 목적지60 |  750스텝 | 배송 60/60 | 재적재 10 | 중계율 0.19 | alpha 0.919 | complete
Ep 604 | 드론4 목적지68 |  900스텝 | 배송 68/68 | 재적재 12 | 중계율 0.16 | alpha 0.937 | complete
Ep 605 | 드론3 목적지73 | 1000스텝 | 배송 60/73 | 재적재 12 | 중계율 0.34 | alpha 0.932 | step_limit
Ep 606 | 드론4 목적지51 |  743스텝 | 배송 51/51 | 재적재  9 | 중계율 0.29 | alpha 0.925 | complete
Ep 607 | 드론3 목적지48 |  885스텝 | 배송 48/48 | 재적재  9 | 중계율 0.29 | alpha 0.908 | complete
Ep 608 | 드론4 목적지67 |  904스텝 | 배송 67/67 | 재적재 13 | 중계율 0.18 | alpha 0.909 | complete
Ep 609 | 드론3 목적지51 | 1000스텝 | 배송 45/51 | 재적재  7 | 중계율 0.34 | alpha 0.910 | step_limit
Ep 610 | 드론3 목적지72 | 1000스텝 | 배송 66/72 | 재적재 12 | 중계율 0.20 | alpha 0.932 | step_limit
Ep 611 | 드론3 목적지77 | 1000스텝 | 배송 68/77 | 재적재 11 | 중계율 0.34 | alpha 0.944 | step_limit
Ep 612 | 드론3 목적지42 |  990스텝 | 배송 42/42 | 재적재  8 | 중계율 0.34 | alpha 0.951 | complete
Ep 613 | 드론3 목적지40 |  691스텝 | 배송 40/40 | 재적재  6 | 중계율 0.23 | alpha 0.959 | complete
Ep 614 | 드론3 목적지42 |  973스텝 | 배송 42/42 | 재적재  7 | 중계율 0.33 | alpha 0.972 | complete
Ep 615 | 드론3 목적지80 | 1000스텝 | 배송 65/80 | 재적재 12 | 중계율 0.20 | alpha 0.980 | step_limit
Ep 616 | 드론4 목적지26 |  513스텝 | 배송 26/26 | 재적재  4 | 중계율 0.32 | alpha 0.973 | complete
Ep 617 | 드론4 목적지75 | 1000스텝 | 배송 72/75 | 재적재 13 | 중계율 0.29 | alpha 0.971 | step_limit
Ep 618 | 드론3 목적지50 |  929스텝 | 배송 50/50 | 재적재  8 | 중계율 0.34 | alpha 0.963 | complete
Ep 619 | 드론4 목적지71 | 1000스텝 | 배송 67/71 | 재적재 13 | 중계율 0.26 | alpha 0.970 | step_limit
Ep 620 | 드론4 목적지55 |  781스텝 | 배송 55/55 | 재적재 10 | 중계율 0.30 | alpha 0.965 | complete
Ep 621 | 드론3 목적지79 | 1000스텝 | 배송 59/79 | 재적재 10 | 중계율 0.31 | alpha 0.962 | step_limit
Ep 622 | 드론4 목적지56 |  910스텝 | 배송 56/56 | 재적재  9 | 중계율 0.37 | alpha 0.960 | complete
Ep 623 | 드론3 목적지33 |  841스텝 | 배송 33/33 | 재적재  5 | 중계율 0.31 | alpha 0.952 | complete
Ep 624 | 드론3 목적지72 | 1000스텝 | 배송 63/72 | 재적재 12 | 중계율 0.29 | alpha 0.930 | step_limit
Ep 625 | 드론4 목적지47 |  688스텝 | 배송 47/47 | 재적재  8 | 중계율 0.32 | alpha 0.930 | complete
Ep 626 | 드론3 목적지52 |  876스텝 | 배송 52/52 | 재적재  9 | 중계율 0.24 | alpha 0.933 | complete
Ep 627 | 드론4 목적지66 |  964스텝 | 배송 66/66 | 재적재 11 | 중계율 0.37 | alpha 0.950 | complete
Ep 628 | 드론3 목적지42 | 1000스텝 | 배송 41/42 | 재적재  7 | 중계율 0.29 | alpha 0.948 | step_limit
Ep 629 | 드론3 목적지31 |  863스텝 | 배송 31/31 | 재적재  5 | 중계율 0.37 | alpha 0.954 | complete
Ep 630 | 드론3 목적지65 | 1000스텝 | 배송 60/65 | 재적재 10 | 중계율 0.31 | alpha 0.939 | step_limit
Ep 631 | 드론3 목적지20 |  380스텝 | 배송 20/20 | 재적재  2 | 중계율 0.23 | alpha 0.936 | complete
Ep 632 | 드론3 목적지38 |  999스텝 | 배송 38/38 | 재적재  6 | 중계율 0.36 | alpha 0.938 | complete
Ep 633 | 드론4 목적지67 |  724스텝 | 배송 67/67 | 재적재 13 | 중계율 0.16 | alpha 0.934 | complete
Ep 634 | 드론4 목적지47 |  604스텝 | 배송 47/47 | 재적재  8 | 중계율 0.18 | alpha 0.926 | complete
Ep 635 | 드론4 목적지30 |  342스텝 | 배송 30/30 | 재적재  4 | 중계율 0.17 | alpha 0.922 | complete
Ep 636 | 드론3 목적지29 |  755스텝 | 배송 29/29 | 재적재  5 | 중계율 0.35 | alpha 0.930 | complete
Ep 637 | 드론3 목적지71 | 1000스텝 | 배송 60/71 | 재적재 11 | 중계율 0.30 | alpha 0.936 | step_limit
Ep 638 | 드론4 목적지73 |  910스텝 | 배송 73/73 | 재적재 13 | 중계율 0.24 | alpha 0.938 | complete
Ep 639 | 드론4 목적지79 | 1000스텝 | 배송 70/79 | 재적재 12 | 중계율 0.34 | alpha 0.942 | step_limit
Ep 640 | 드론3 목적지22 |  564스텝 | 배송 22/22 | 재적재  3 | 중계율 0.33 | alpha 0.931 | complete
Ep 641 | 드론4 목적지77 | 1000스텝 | 배송 59/77 | 재적재 10 | 중계율 0.32 | alpha 0.932 | step_limit
Ep 642 | 드론4 목적지26 |  303스텝 | 배송 26/26 | 재적재  4 | 중계율 0.21 | alpha 0.935 | complete
Ep 643 | 드론4 목적지30 |  383스텝 | 배송 30/30 | 재적재  5 | 중계율 0.18 | alpha 0.941 | complete
Ep 644 | 드론3 목적지77 | 1000스텝 | 배송 75/77 | 재적재 14 | 중계율 0.23 | alpha 0.966 | step_limit
Ep 645 | 드론3 목적지34 |  647스텝 | 배송 34/34 | 재적재  5 | 중계율 0.22 | alpha 0.972 | complete
Ep 646 | 드론4 목적지34 |  513스텝 | 배송 34/34 | 재적재  4 | 중계율 0.21 | alpha 0.975 | complete
Ep 647 | 드론3 목적지37 |  991스텝 | 배송 37/37 | 재적재  6 | 중계율 0.31 | alpha 0.987 | complete
Ep 648 | 드론3 목적지55 |  744스텝 | 배송 55/55 | 재적재  9 | 중계율 0.21 | alpha 0.984 | complete
Ep 649 | 드론3 목적지20 |  414스텝 | 배송 20/20 | 재적재  2 | 중계율 0.36 | alpha 0.978 | complete
Ep 650 | 드론4 목적지37 |  576스텝 | 배송 37/37 | 재적재  6 | 중계율 0.17 | alpha 0.982 | complete
  [홀드아웃] 배송 50.0±0.2 완주 0.99 스텝 938 점수 126.2 재적재 8.2 2홉+ 0.61 | 최고 127.6@ep550 정체 2/8
Ep 651 | 드론3 목적지77 | 1000스텝 | 배송 65/77 | 재적재 12 | 중계율 0.30 | alpha 0.973 | step_limit
Ep 652 | 드론4 목적지57 | 1000스텝 | 배송 56/57 | 재적재 10 | 중계율 0.29 | alpha 0.965 | step_limit
Ep 653 | 드론4 목적지38 |  670스텝 | 배송 38/38 | 재적재  7 | 중계율 0.21 | alpha 0.955 | complete
Ep 654 | 드론4 목적지45 |  527스텝 | 배송 45/45 | 재적재  8 | 중계율 0.19 | alpha 0.952 | complete
Ep 655 | 드론3 목적지40 |  773스텝 | 배송 40/40 | 재적재  7 | 중계율 0.30 | alpha 0.956 | complete
Ep 656 | 드론4 목적지31 |  403스텝 | 배송 31/31 | 재적재  4 | 중계율 0.22 | alpha 0.957 | complete
Ep 657 | 드론4 목적지26 |  593스텝 | 배송 26/26 | 재적재  4 | 중계율 0.27 | alpha 0.966 | complete
Ep 658 | 드론3 목적지39 |  695스텝 | 배송 39/39 | 재적재  6 | 중계율 0.26 | alpha 0.967 | complete
Ep 659 | 드론3 목적지51 | 1000스텝 | 배송 50/51 | 재적재  8 | 중계율 0.28 | alpha 0.965 | step_limit
Ep 660 | 드론3 목적지51 | 1000스텝 | 배송 50/51 | 재적재  8 | 중계율 0.33 | alpha 0.953 | step_limit
Ep 661 | 드론3 목적지38 |  848스텝 | 배송 38/38 | 재적재  7 | 중계율 0.33 | alpha 0.941 | complete
Ep 662 | 드론4 목적지43 |  745스텝 | 배송 43/43 | 재적재  7 | 중계율 0.23 | alpha 0.939 | complete
Ep 663 | 드론4 목적지57 |  951스텝 | 배송 57/57 | 재적재 11 | 중계율 0.29 | alpha 0.934 | complete
Ep 664 | 드론3 목적지27 |  663스텝 | 배송 27/27 | 재적재  3 | 중계율 0.27 | alpha 0.945 | complete
Ep 665 | 드론4 목적지59 |  721스텝 | 배송 59/59 | 재적재 10 | 중계율 0.19 | alpha 0.955 | complete
Ep 666 | 드론3 목적지72 | 1000스텝 | 배송 65/72 | 재적재 13 | 중계율 0.27 | alpha 0.959 | step_limit
Ep 667 | 드론4 목적지45 | 1000스텝 | 배송 42/45 | 재적재  8 | 중계율 0.27 | alpha 0.950 | step_limit
Ep 668 | 드론3 목적지65 | 1000스텝 | 배송 58/65 | 재적재 10 | 중계율 0.32 | alpha 0.935 | step_limit
Ep 669 | 드론3 목적지66 |  981스텝 | 배송 66/66 | 재적재 12 | 중계율 0.23 | alpha 0.914 | complete
Ep 670 | 드론4 목적지77 | 1000스텝 | 배송 70/77 | 재적재 14 | 중계율 0.33 | alpha 0.902 | step_limit
Ep 671 | 드론4 목적지58 |  914스텝 | 배송 58/58 | 재적재 11 | 중계율 0.30 | alpha 0.903 | complete
Ep 672 | 드론3 목적지43 |  797스텝 | 배송 43/43 | 재적재  8 | 중계율 0.20 | alpha 0.900 | complete
Ep 673 | 드론4 목적지68 | 1000스텝 | 배송 65/68 | 재적재 11 | 중계율 0.30 | alpha 0.900 | step_limit
Ep 674 | 드론3 목적지52 |  816스텝 | 배송 52/52 | 재적재  9 | 중계율 0.28 | alpha 0.908 | complete
Ep 675 | 드론3 목적지42 | 1000스텝 | 배송 40/42 | 재적재  8 | 중계율 0.34 | alpha 0.919 | step_limit
Ep 676 | 드론3 목적지45 |  840스텝 | 배송 45/45 | 재적재  7 | 중계율 0.25 | alpha 0.910 | complete
Ep 677 | 드론3 목적지41 |  897스텝 | 배송 41/41 | 재적재  8 | 중계율 0.27 | alpha 0.910 | complete
Ep 678 | 드론4 목적지79 | 1000스텝 | 배송 70/79 | 재적재 12 | 중계율 0.29 | alpha 0.914 | step_limit
Ep 679 | 드론3 목적지24 |  483스텝 | 배송 24/24 | 재적재  3 | 중계율 0.33 | alpha 0.922 | complete
Ep 680 | 드론3 목적지52 |  985스텝 | 배송 52/52 | 재적재 10 | 중계율 0.34 | alpha 0.939 | complete
Ep 681 | 드론4 목적지77 |  945스텝 | 배송 77/77 | 재적재 13 | 중계율 0.27 | alpha 0.951 | complete
Ep 682 | 드론3 목적지49 |  753스텝 | 배송 49/49 | 재적재  9 | 중계율 0.21 | alpha 0.951 | complete
Ep 683 | 드론4 목적지63 |  905스텝 | 배송 63/63 | 재적재 11 | 중계율 0.34 | alpha 0.952 | complete
Ep 684 | 드론3 목적지37 |  724스텝 | 배송 37/37 | 재적재  6 | 중계율 0.35 | alpha 0.965 | complete
Ep 685 | 드론4 목적지56 | 1000스텝 | 배송 55/56 | 재적재 10 | 중계율 0.26 | alpha 0.955 | step_limit
Ep 686 | 드론3 목적지28 |  709스텝 | 배송 28/28 | 재적재  5 | 중계율 0.26 | alpha 0.966 | complete
Ep 687 | 드론4 목적지77 |  883스텝 | 배송 77/77 | 재적재 13 | 중계율 0.19 | alpha 0.983 | complete
Ep 688 | 드론3 목적지45 |  849스텝 | 배송 45/45 | 재적재  8 | 중계율 0.33 | alpha 0.984 | complete
Ep 689 | 드론4 목적지70 | 1000스텝 | 배송 67/70 | 재적재 12 | 중계율 0.29 | alpha 0.986 | step_limit
Ep 690 | 드론4 목적지62 | 1000스텝 | 배송 61/62 | 재적재 11 | 중계율 0.27 | alpha 0.974 | step_limit
Ep 691 | 드론3 목적지31 |  633스텝 | 배송 31/31 | 재적재  6 | 중계율 0.27 | alpha 0.970 | complete
Ep 692 | 드론4 목적지61 | 1000스텝 | 배송 55/61 | 재적재  8 | 중계율 0.28 | alpha 0.965 | step_limit
Ep 693 | 드론4 목적지60 | 1000스텝 | 배송 59/60 | 재적재 10 | 중계율 0.39 | alpha 0.965 | step_limit
Ep 694 | 드론3 목적지33 |  982스텝 | 배송 30/33 | 재적재  5 | 중계율 0.37 | alpha 0.972 | no_progress
Ep 695 | 드론3 목적지29 |  619스텝 | 배송 29/29 | 재적재  5 | 중계율 0.31 | alpha 0.974 | complete
Ep 696 | 드론4 목적지28 |  486스텝 | 배송 28/28 | 재적재  5 | 중계율 0.27 | alpha 0.979 | complete
Ep 697 | 드론4 목적지35 |  481스텝 | 배송 35/35 | 재적재  5 | 중계율 0.28 | alpha 0.993 | complete
Ep 698 | 드론3 목적지32 |  733스텝 | 배송 32/32 | 재적재  6 | 중계율 0.33 | alpha 0.989 | complete
Ep 699 | 드론3 목적지62 | 1000스텝 | 배송 60/62 | 재적재 11 | 중계율 0.24 | alpha 0.981 | step_limit
Ep 700 | 드론3 목적지61 |  953스텝 | 배송 61/61 | 재적재 11 | 중계율 0.27 | alpha 0.976 | complete
  [홀드아웃] 배송 50.0±0.2 완주 0.99 스텝 926 점수 126.4 재적재 8.2 2홉+ 0.62 | 최고 127.6@ep550 정체 3/8
Ep 701 | 드론4 목적지72 |  814스텝 | 배송 72/72 | 재적재 13 | 중계율 0.25 | alpha 0.976 | complete
Ep 702 | 드론4 목적지34 |  836스텝 | 배송 34/34 | 재적재  5 | 중계율 0.40 | alpha 0.971 | complete
Ep 703 | 드론4 목적지32 |  649스텝 | 배송 32/32 | 재적재  3 | 중계율 0.37 | alpha 0.963 | complete
Ep 704 | 드론4 목적지74 |  925스텝 | 배송 74/74 | 재적재 14 | 중계율 0.24 | alpha 0.952 | complete
Ep 705 | 드론3 목적지38 |  756스텝 | 배송 38/38 | 재적재  7 | 중계율 0.26 | alpha 0.947 | complete
Ep 706 | 드론4 목적지30 |  329스텝 | 배송 30/30 | 재적재  3 | 중계율 0.19 | alpha 0.956 | complete
Ep 707 | 드론4 목적지31 |  559스텝 | 배송 31/31 | 재적재  4 | 중계율 0.29 | alpha 0.955 | complete
Ep 708 | 드론3 목적지63 | 1000스텝 | 배송 60/63 | 재적재 10 | 중계율 0.28 | alpha 0.946 | step_limit
Ep 709 | 드론3 목적지20 |  403스텝 | 배송 20/20 | 재적재  2 | 중계율 0.33 | alpha 0.948 | complete
Ep 710 | 드론4 목적지78 |  802스텝 | 배송 78/78 | 재적재 15 | 중계율 0.18 | alpha 0.941 | complete
Ep 711 | 드론4 목적지58 | 1000스텝 | 배송 57/58 | 재적재 11 | 중계율 0.36 | alpha 0.942 | step_limit
Ep 712 | 드론3 목적지75 | 1000스텝 | 배송 70/75 | 재적재 11 | 중계율 0.28 | alpha 0.938 | step_limit
Ep 713 | 드론3 목적지69 |  959스텝 | 배송 69/69 | 재적재 12 | 중계율 0.19 | alpha 0.932 | complete
Ep 714 | 드론3 목적지36 |  829스텝 | 배송 36/36 | 재적재  6 | 중계율 0.33 | alpha 0.936 | complete
Ep 715 | 드론3 목적지65 | 1000스텝 | 배송 60/65 | 재적재 10 | 중계율 0.26 | alpha 0.937 | step_limit
Ep 716 | 드론4 목적지36 |  530스텝 | 배송 36/36 | 재적재  6 | 중계율 0.17 | alpha 0.925 | complete
Ep 717 | 드론4 목적지56 | 1000스텝 | 배송 55/56 | 재적재 10 | 중계율 0.37 | alpha 0.933 | step_limit
Ep 718 | 드론3 목적지69 | 1000스텝 | 배송 63/69 | 재적재 11 | 중계율 0.26 | alpha 0.935 | step_limit
Ep 719 | 드론3 목적지21 |  370스텝 | 배송 21/21 | 재적재  3 | 중계율 0.26 | alpha 0.930 | complete
Ep 720 | 드론4 목적지45 |  691스텝 | 배송 45/45 | 재적재  8 | 중계율 0.23 | alpha 0.933 | complete
Ep 721 | 드론3 목적지30 |  418스텝 | 배송 30/30 | 재적재  5 | 중계율 0.20 | alpha 0.926 | complete
Ep 722 | 드론4 목적지47 |  666스텝 | 배송 47/47 | 재적재  7 | 중계율 0.20 | alpha 0.930 | complete
Ep 723 | 드론3 목적지51 |  927스텝 | 배송 51/51 | 재적재  9 | 중계율 0.28 | alpha 0.915 | complete
Ep 724 | 드론4 목적지57 |  950스텝 | 배송 57/57 | 재적재 11 | 중계율 0.32 | alpha 0.915 | complete
Ep 725 | 드론4 목적지29 |  465스텝 | 배송 29/29 | 재적재  4 | 중계율 0.31 | alpha 0.910 | complete
Ep 726 | 드론4 목적지69 |  949스텝 | 배송 69/69 | 재적재 11 | 중계율 0.31 | alpha 0.914 | complete
Ep 727 | 드론4 목적지36 |  810스텝 | 배송 36/36 | 재적재  6 | 중계율 0.41 | alpha 0.931 | complete
Ep 728 | 드론3 목적지74 | 1000스텝 | 배송 55/74 | 재적재 11 | 중계율 0.32 | alpha 0.936 | step_limit
Ep 729 | 드론4 목적지64 | 1000스텝 | 배송 59/64 | 재적재 10 | 중계율 0.31 | alpha 0.941 | step_limit
Ep 730 | 드론3 목적지70 | 1000스텝 | 배송 61/70 | 재적재 11 | 중계율 0.22 | alpha 0.938 | step_limit
Ep 731 | 드론3 목적지48 |  956스텝 | 배송 48/48 | 재적재  9 | 중계율 0.24 | alpha 0.936 | complete
Ep 732 | 드론4 목적지37 |  803스텝 | 배송 37/37 | 재적재  5 | 중계율 0.41 | alpha 0.943 | complete
Ep 733 | 드론4 목적지67 |  926스텝 | 배송 67/67 | 재적재 12 | 중계율 0.26 | alpha 0.941 | complete
Ep 734 | 드론4 목적지54 | 1000스텝 | 배송 53/54 | 재적재  9 | 중계율 0.36 | alpha 0.929 | step_limit
Ep 735 | 드론4 목적지57 | 1000스텝 | 배송 52/57 | 재적재  8 | 중계율 0.38 | alpha 0.930 | step_limit
Ep 736 | 드론4 목적지39 |  538스텝 | 배송 39/39 | 재적재  5 | 중계율 0.21 | alpha 0.933 | complete
Ep 737 | 드론3 목적지29 |  604스텝 | 배송 29/29 | 재적재  4 | 중계율 0.30 | alpha 0.936 | complete
Ep 738 | 드론4 목적지68 |  755스텝 | 배송 68/68 | 재적재 12 | 중계율 0.19 | alpha 0.940 | complete
Ep 739 | 드론3 목적지20 |  707스텝 | 배송 20/20 | 재적재  3 | 중계율 0.36 | alpha 0.933 | complete
Ep 740 | 드론3 목적지69 | 1000스텝 | 배송 55/69 | 재적재  9 | 중계율 0.38 | alpha 0.937 | step_limit
Ep 741 | 드론4 목적지41 |  571스텝 | 배송 41/41 | 재적재  6 | 중계율 0.31 | alpha 0.942 | complete
Ep 742 | 드론3 목적지78 | 1000스텝 | 배송 58/78 | 재적재 10 | 중계율 0.25 | alpha 0.940 | step_limit
Ep 743 | 드론3 목적지39 |  740스텝 | 배송 39/39 | 재적재  7 | 중계율 0.36 | alpha 0.951 | complete
Ep 744 | 드론3 목적지57 | 1000스텝 | 배송 51/57 | 재적재  9 | 중계율 0.33 | alpha 0.942 | step_limit
Ep 745 | 드론3 목적지76 | 1000스텝 | 배송 70/76 | 재적재 12 | 중계율 0.25 | alpha 0.936 | step_limit
Ep 746 | 드론3 목적지69 | 1000스텝 | 배송 60/69 | 재적재 10 | 중계율 0.28 | alpha 0.939 | step_limit
Ep 747 | 드론3 목적지33 |  649스텝 | 배송 33/33 | 재적재  6 | 중계율 0.29 | alpha 0.936 | complete
Ep 748 | 드론3 목적지30 |  449스텝 | 배송 30/30 | 재적재  5 | 중계율 0.24 | alpha 0.945 | complete
Ep 749 | 드론4 목적지32 |  595스텝 | 배송 32/32 | 재적재  4 | 중계율 0.35 | alpha 0.953 | complete
Ep 750 | 드론4 목적지61 |  708스텝 | 배송 61/61 | 재적재 10 | 중계율 0.23 | alpha 0.967 | complete
  [홀드아웃] 배송 50.0±0.0 완주 1.00 스텝 945 점수 127.4 재적재 8.5 2홉+ 0.61 | 최고 127.6@ep550 정체 4/8
Ep 751 | 드론4 목적지34 |  472스텝 | 배송 34/34 | 재적재  4 | 중계율 0.27 | alpha 0.967 | complete
Ep 752 | 드론4 목적지69 | 1000스텝 | 배송 67/69 | 재적재 11 | 중계율 0.33 | alpha 0.967 | step_limit
Ep 753 | 드론3 목적지80 | 1000스텝 | 배송 65/80 | 재적재 10 | 중계율 0.30 | alpha 0.984 | step_limit
Ep 754 | 드론3 목적지29 |  553스텝 | 배송 29/29 | 재적재  5 | 중계율 0.23 | alpha 0.992 | complete
Ep 755 | 드론3 목적지43 |  686스텝 | 배송 43/43 | 재적재  7 | 중계율 0.21 | alpha 0.990 | complete
Ep 756 | 드론4 목적지30 |  458스텝 | 배송 30/30 | 재적재  5 | 중계율 0.27 | alpha 0.987 | complete
Ep 757 | 드론4 목적지37 |  555스텝 | 배송 37/37 | 재적재  5 | 중계율 0.27 | alpha 0.981 | complete
Ep 758 | 드론3 목적지51 |  727스텝 | 배송 51/51 | 재적재  9 | 중계율 0.22 | alpha 0.965 | complete
Ep 759 | 드론4 목적지23 |  866스텝 | 배송 23/23 | 재적재  4 | 중계율 0.32 | alpha 0.959 | complete
Ep 760 | 드론4 목적지60 |  928스텝 | 배송 60/60 | 재적재 11 | 중계율 0.33 | alpha 0.956 | complete
Ep 761 | 드론3 목적지77 | 1000스텝 | 배송 61/77 | 재적재 12 | 중계율 0.33 | alpha 0.939 | step_limit
Ep 762 | 드론4 목적지26 |  671스텝 | 배송 26/26 | 재적재  4 | 중계율 0.36 | alpha 0.938 | complete
Ep 763 | 드론4 목적지70 |  942스텝 | 배송 70/70 | 재적재 12 | 중계율 0.20 | alpha 0.938 | complete
Ep 764 | 드론4 목적지32 | 1000스텝 | 배송 30/32 | 재적재  5 | 중계율 0.37 | alpha 0.936 | step_limit
Ep 765 | 드론4 목적지23 |  499스텝 | 배송 23/23 | 재적재  4 | 중계율 0.30 | alpha 0.945 | complete
Ep 766 | 드론4 목적지51 |  792스텝 | 배송 51/51 | 재적재  9 | 중계율 0.26 | alpha 0.946 | complete
Ep 767 | 드론3 목적지49 |  777스텝 | 배송 49/49 | 재적재  8 | 중계율 0.26 | alpha 0.956 | complete
Ep 768 | 드론3 목적지72 | 1000스텝 | 배송 64/72 | 재적재 11 | 중계율 0.27 | alpha 0.951 | step_limit
Ep 769 | 드론4 목적지22 |  404스텝 | 배송 22/22 | 재적재  3 | 중계율 0.23 | alpha 0.950 | complete
Ep 770 | 드론4 목적지53 |  653스텝 | 배송 53/53 | 재적재 10 | 중계율 0.16 | alpha 0.952 | complete
Ep 771 | 드론4 목적지38 |  529스텝 | 배송 38/38 | 재적재  5 | 중계율 0.28 | alpha 0.958 | complete
Ep 772 | 드론3 목적지36 |  598스텝 | 배송 36/36 | 재적재  7 | 중계율 0.23 | alpha 0.952 | complete
Ep 773 | 드론4 목적지21 |  535스텝 | 배송 21/21 | 재적재  3 | 중계율 0.39 | alpha 0.942 | complete
Ep 774 | 드론4 목적지46 |  715스텝 | 배송 46/46 | 재적재  9 | 중계율 0.26 | alpha 0.933 | complete
Ep 775 | 드론4 목적지41 |  927스텝 | 배송 41/41 | 재적재  7 | 중계율 0.33 | alpha 0.931 | complete
Ep 776 | 드론4 목적지48 |  687스텝 | 배송 48/48 | 재적재  8 | 중계율 0.28 | alpha 0.924 | complete
Ep 777 | 드론3 목적지20 |  550스텝 | 배송 20/20 | 재적재  3 | 중계율 0.31 | alpha 0.927 | complete
Ep 778 | 드론4 목적지57 |  975스텝 | 배송 57/57 | 재적재 10 | 중계율 0.34 | alpha 0.928 | complete
Ep 779 | 드론4 목적지79 | 1000스텝 | 배송 65/79 | 재적재 10 | 중계율 0.33 | alpha 0.919 | step_limit
Ep 780 | 드론3 목적지68 | 1000스텝 | 배송 66/68 | 재적재 12 | 중계율 0.27 | alpha 0.941 | step_limit
Ep 781 | 드론4 목적지50 |  642스텝 | 배송 50/50 | 재적재  9 | 중계율 0.23 | alpha 0.952 | complete
Ep 782 | 드론4 목적지45 |  924스텝 | 배송 45/45 | 재적재  8 | 중계율 0.36 | alpha 0.952 | complete
Ep 783 | 드론3 목적지28 |  595스텝 | 배송 28/28 | 재적재  4 | 중계율 0.30 | alpha 0.961 | complete
Ep 784 | 드론4 목적지58 |  889스텝 | 배송 58/58 | 재적재  9 | 중계율 0.33 | alpha 0.982 | complete
Ep 785 | 드론3 목적지49 |  754스텝 | 배송 49/49 | 재적재  8 | 중계율 0.27 | alpha 0.997 | complete
Ep 786 | 드론3 목적지53 | 1000스텝 | 배송 50/53 | 재적재  7 | 중계율 0.32 | alpha 0.994 | step_limit
Ep 787 | 드론3 목적지47 |  986스텝 | 배송 47/47 | 재적재  7 | 중계율 0.33 | alpha 0.994 | complete
Ep 788 | 드론4 목적지75 | 1000스텝 | 배송 67/75 | 재적재 12 | 중계율 0.28 | alpha 0.988 | step_limit
Ep 789 | 드론3 목적지79 | 1000스텝 | 배송 70/79 | 재적재 13 | 중계율 0.22 | alpha 0.987 | step_limit
Ep 790 | 드론3 목적지65 | 1000스텝 | 배송 56/65 | 재적재 10 | 중계율 0.28 | alpha 0.968 | step_limit
Ep 791 | 드론3 목적지21 |  492스텝 | 배송 21/21 | 재적재  3 | 중계율 0.25 | alpha 0.956 | complete
Ep 792 | 드론3 목적지50 |  752스텝 | 배송 50/50 | 재적재  8 | 중계율 0.23 | alpha 0.948 | complete
Ep 793 | 드론4 목적지27 |  461스텝 | 배송 27/27 | 재적재  4 | 중계율 0.29 | alpha 0.940 | complete
Ep 794 | 드론3 목적지74 | 1000스텝 | 배송 65/74 | 재적재 11 | 중계율 0.26 | alpha 0.928 | step_limit
Ep 795 | 드론3 목적지58 | 1000스텝 | 배송 56/58 | 재적재 10 | 중계율 0.24 | alpha 0.915 | step_limit
Ep 796 | 드론3 목적지23 |  533스텝 | 배송 23/23 | 재적재  3 | 중계율 0.29 | alpha 0.915 | complete
Ep 797 | 드론4 목적지34 |  890스텝 | 배송 34/34 | 재적재  5 | 중계율 0.21 | alpha 0.920 | complete
Ep 798 | 드론3 목적지60 |  864스텝 | 배송 60/60 | 재적재 11 | 중계율 0.24 | alpha 0.925 | complete
Ep 799 | 드론3 목적지33 |  533스텝 | 배송 33/33 | 재적재  5 | 중계율 0.22 | alpha 0.929 | complete
Ep 800 | 드론4 목적지50 |  584스텝 | 배송 50/50 | 재적재  8 | 중계율 0.23 | alpha 0.921 | complete
  [홀드아웃] 배송 50.0±0.2 완주 0.97 스텝 951 점수 124.8 재적재 8.4 2홉+ 0.62 | 최고 127.6@ep550 정체 5/8
Ep 801 | 드론4 목적지57 |  826스텝 | 배송 57/57 | 재적재 11 | 중계율 0.30 | alpha 0.923 | complete
Ep 802 | 드론3 목적지68 | 1000스텝 | 배송 64/68 | 재적재 12 | 중계율 0.25 | alpha 0.928 | step_limit
Ep 803 | 드론3 목적지80 | 1000스텝 | 배송 65/80 | 재적재 12 | 중계율 0.26 | alpha 0.918 | step_limit
Ep 804 | 드론4 목적지65 | 1000스텝 | 배송 63/65 | 재적재 11 | 중계율 0.29 | alpha 0.917 | step_limit
Ep 805 | 드론4 목적지78 | 1000스텝 | 배송 75/78 | 재적재 13 | 중계율 0.25 | alpha 0.928 | step_limit
Ep 806 | 드론4 목적지73 |  750스텝 | 배송 73/73 | 재적재 13 | 중계율 0.18 | alpha 0.917 | complete
Ep 807 | 드론4 목적지69 |  919스텝 | 배송 69/69 | 재적재 13 | 중계율 0.25 | alpha 0.917 | complete
Ep 808 | 드론3 목적지26 |  691스텝 | 배송 26/26 | 재적재  4 | 중계율 0.37 | alpha 0.916 | complete
Ep 809 | 드론3 목적지70 | 1000스텝 | 배송 61/70 | 재적재 11 | 중계율 0.22 | alpha 0.932 | step_limit
Ep 810 | 드론3 목적지68 | 1000스텝 | 배송 67/68 | 재적재 12 | 중계율 0.23 | alpha 0.937 | step_limit
Ep 811 | 드론3 목적지58 |  863스텝 | 배송 58/58 | 재적재 11 | 중계율 0.20 | alpha 0.934 | complete
Ep 812 | 드론3 목적지33 |  621스텝 | 배송 33/33 | 재적재  5 | 중계율 0.23 | alpha 0.928 | complete
Ep 813 | 드론3 목적지41 |  825스텝 | 배송 41/41 | 재적재  7 | 중계율 0.25 | alpha 0.925 | complete
Ep 814 | 드론3 목적지24 |  637스텝 | 배송 24/24 | 재적재  3 | 중계율 0.31 | alpha 0.924 | complete
Ep 815 | 드론3 목적지38 |  872스텝 | 배송 38/38 | 재적재  7 | 중계율 0.29 | alpha 0.924 | complete
Ep 816 | 드론3 목적지25 |  948스텝 | 배송 25/25 | 재적재  3 | 중계율 0.32 | alpha 0.924 | complete
Ep 817 | 드론3 목적지53 |  885스텝 | 배송 53/53 | 재적재  9 | 중계율 0.22 | alpha 0.928 | complete
Ep 818 | 드론4 목적지28 |  414스텝 | 배송 28/28 | 재적재  3 | 중계율 0.26 | alpha 0.937 | complete
Ep 819 | 드론4 목적지23 |  369스텝 | 배송 23/23 | 재적재  2 | 중계율 0.28 | alpha 0.941 | complete
Ep 820 | 드론3 목적지74 | 1000스텝 | 배송 64/74 | 재적재 12 | 중계율 0.29 | alpha 0.944 | step_limit
Ep 821 | 드론3 목적지79 | 1000스텝 | 배송 70/79 | 재적재 11 | 중계율 0.29 | alpha 0.933 | step_limit
Ep 822 | 드론3 목적지20 |  595스텝 | 배송 20/20 | 재적재  3 | 중계율 0.32 | alpha 0.928 | complete
Ep 823 | 드론4 목적지61 |  911스텝 | 배송 61/61 | 재적재 11 | 중계율 0.30 | alpha 0.922 | complete
Ep 824 | 드론3 목적지25 |  506스텝 | 배송 25/25 | 재적재  3 | 중계율 0.29 | alpha 0.920 | complete
Ep 825 | 드론3 목적지41 |  940스텝 | 배송 41/41 | 재적재  7 | 중계율 0.30 | alpha 0.914 | complete
Ep 826 | 드론3 목적지53 | 1000스텝 | 배송 51/53 | 재적재  9 | 중계율 0.32 | alpha 0.919 | step_limit
Ep 827 | 드론3 목적지44 | 1000스텝 | 배송 42/44 | 재적재  7 | 중계율 0.32 | alpha 0.920 | step_limit
Ep 828 | 드론3 목적지24 |  482스텝 | 배송 24/24 | 재적재  3 | 중계율 0.29 | alpha 0.913 | complete
Ep 829 | 드론4 목적지53 |  723스텝 | 배송 53/53 | 재적재 10 | 중계율 0.26 | alpha 0.901 | complete
Ep 830 | 드론4 목적지66 |  953스텝 | 배송 66/66 | 재적재 12 | 중계율 0.30 | alpha 0.887 | complete
Ep 831 | 드론4 목적지69 | 1000스텝 | 배송 68/69 | 재적재 12 | 중계율 0.22 | alpha 0.881 | step_limit
Ep 832 | 드론4 목적지69 | 1000스텝 | 배송 65/69 | 재적재 12 | 중계율 0.26 | alpha 0.866 | step_limit
Ep 833 | 드론4 목적지72 | 1000스텝 | 배송 70/72 | 재적재 12 | 중계율 0.34 | alpha 0.850 | step_limit
Ep 834 | 드론3 목적지71 | 1000스텝 | 배송 62/71 | 재적재 11 | 중계율 0.34 | alpha 0.843 | step_limit
Ep 835 | 드론3 목적지56 |  829스텝 | 배송 56/56 | 재적재 10 | 중계율 0.25 | alpha 0.847 | complete
Ep 836 | 드론4 목적지30 |  499스텝 | 배송 30/30 | 재적재  4 | 중계율 0.31 | alpha 0.848 | complete
Ep 837 | 드론3 목적지73 | 1000스텝 | 배송 60/73 | 재적재 11 | 중계율 0.27 | alpha 0.859 | step_limit
Ep 838 | 드론4 목적지56 |  685스텝 | 배송 56/56 | 재적재 10 | 중계율 0.16 | alpha 0.861 | complete
Ep 839 | 드론3 목적지20 |  484스텝 | 배송 20/20 | 재적재  2 | 중계율 0.41 | alpha 0.857 | complete
Ep 840 | 드론3 목적지33 |  449스텝 | 배송 33/33 | 재적재  6 | 중계율 0.16 | alpha 0.857 | complete
Ep 841 | 드론3 목적지31 |  619스텝 | 배송 31/31 | 재적재  4 | 중계율 0.26 | alpha 0.857 | complete
Ep 842 | 드론3 목적지68 | 1000스텝 | 배송 61/68 | 재적재 10 | 중계율 0.29 | alpha 0.853 | step_limit
Ep 843 | 드론4 목적지51 |  965스텝 | 배송 51/51 | 재적재  9 | 중계율 0.39 | alpha 0.860 | complete
Ep 844 | 드론3 목적지37 |  814스텝 | 배송 37/37 | 재적재  6 | 중계율 0.29 | alpha 0.854 | complete
Ep 845 | 드론4 목적지74 |  831스텝 | 배송 74/74 | 재적재 13 | 중계율 0.16 | alpha 0.851 | complete
Ep 846 | 드론3 목적지32 |  519스텝 | 배송 32/32 | 재적재  5 | 중계율 0.19 | alpha 0.841 | complete
Ep 847 | 드론4 목적지25 |  367스텝 | 배송 25/25 | 재적재  3 | 중계율 0.23 | alpha 0.828 | complete
Ep 848 | 드론3 목적지44 |  703스텝 | 배송 44/44 | 재적재  7 | 중계율 0.31 | alpha 0.815 | complete
Ep 849 | 드론4 목적지28 |  555스텝 | 배송 28/28 | 재적재  5 | 중계율 0.34 | alpha 0.812 | complete
Ep 850 | 드론3 목적지47 |  821스텝 | 배송 47/47 | 재적재  8 | 중계율 0.22 | alpha 0.813 | complete
  [홀드아웃] 배송 49.9±0.4 완주 0.96 스텝 974 점수 123.3 재적재 8.4 2홉+ 0.61 | 최고 127.6@ep550 정체 6/8
Ep 851 | 드론3 목적지39 |  661스텝 | 배송 39/39 | 재적재  6 | 중계율 0.27 | alpha 0.811 | complete
Ep 852 | 드론3 목적지68 | 1000스텝 | 배송 59/68 | 재적재 11 | 중계율 0.30 | alpha 0.805 | step_limit
Ep 853 | 드론3 목적지65 | 1000스텝 | 배송 62/65 | 재적재 11 | 중계율 0.29 | alpha 0.816 | step_limit
Ep 854 | 드론4 목적지61 |  991스텝 | 배송 61/61 | 재적재 12 | 중계율 0.33 | alpha 0.815 | complete
Ep 855 | 드론4 목적지22 |  374스텝 | 배송 22/22 | 재적재  2 | 중계율 0.22 | alpha 0.808 | complete
Ep 856 | 드론4 목적지59 |  750스텝 | 배송 59/59 | 재적재 11 | 중계율 0.22 | alpha 0.789 | complete
Ep 857 | 드론3 목적지69 | 1000스텝 | 배송 60/69 | 재적재 12 | 중계율 0.31 | alpha 0.773 | step_limit
Ep 858 | 드론4 목적지35 |  441스텝 | 배송 35/35 | 재적재  5 | 중계율 0.16 | alpha 0.772 | complete
Ep 859 | 드론3 목적지20 |  405스텝 | 배송 20/20 | 재적재  3 | 중계율 0.36 | alpha 0.783 | complete
Ep 860 | 드론4 목적지42 |  807스텝 | 배송 42/42 | 재적재  7 | 중계율 0.32 | alpha 0.780 | complete
Ep 861 | 드론3 목적지58 |  872스텝 | 배송 58/58 | 재적재 11 | 중계율 0.25 | alpha 0.784 | complete
Ep 862 | 드론3 목적지39 |  726스텝 | 배송 39/39 | 재적재  7 | 중계율 0.26 | alpha 0.788 | complete
Ep 863 | 드론4 목적지77 | 1000스텝 | 배송 74/77 | 재적재 13 | 중계율 0.29 | alpha 0.787 | step_limit
Ep 864 | 드론4 목적지37 |  845스텝 | 배송 37/37 | 재적재  7 | 중계율 0.44 | alpha 0.788 | complete
Ep 865 | 드론3 목적지33 |  750스텝 | 배송 33/33 | 재적재  5 | 중계율 0.29 | alpha 0.788 | complete
Ep 866 | 드론4 목적지40 |  440스텝 | 배송 40/40 | 재적재  7 | 중계율 0.18 | alpha 0.789 | complete
Ep 867 | 드론4 목적지34 |  437스텝 | 배송 34/34 | 재적재  5 | 중계율 0.28 | alpha 0.794 | complete
Ep 868 | 드론3 목적지34 |  617스텝 | 배송 34/34 | 재적재  6 | 중계율 0.28 | alpha 0.796 | complete
Ep 869 | 드론3 목적지76 | 1000스텝 | 배송 70/76 | 재적재 13 | 중계율 0.21 | alpha 0.792 | step_limit
Ep 870 | 드론3 목적지42 |  984스텝 | 배송 42/42 | 재적재  7 | 중계율 0.34 | alpha 0.789 | complete
Ep 871 | 드론3 목적지47 |  936스텝 | 배송 47/47 | 재적재  9 | 중계율 0.22 | alpha 0.770 | complete
Ep 872 | 드론4 목적지22 |  252스텝 | 배송 22/22 | 재적재  3 | 중계율 0.17 | alpha 0.766 | complete
Ep 873 | 드론4 목적지60 | 1000스텝 | 배송 59/60 | 재적재 11 | 중계율 0.32 | alpha 0.747 | step_limit
Ep 874 | 드론4 목적지45 |  655스텝 | 배송 45/45 | 재적재  8 | 중계율 0.29 | alpha 0.741 | complete
Ep 875 | 드론4 목적지32 |  496스텝 | 배송 32/32 | 재적재  5 | 중계율 0.30 | alpha 0.724 | complete
Ep 876 | 드론3 목적지49 | 1000스텝 | 배송 48/49 | 재적재  8 | 중계율 0.23 | alpha 0.718 | step_limit
Ep 877 | 드론4 목적지77 | 1000스텝 | 배송 65/77 | 재적재 11 | 중계율 0.31 | alpha 0.703 | step_limit
Ep 878 | 드론4 목적지44 | 1000스텝 | 배송 41/44 | 재적재  8 | 중계율 0.42 | alpha 0.695 | step_limit
Ep 879 | 드론3 목적지79 | 1000스텝 | 배송 65/79 | 재적재 11 | 중계율 0.25 | alpha 0.674 | step_limit
Ep 880 | 드론4 목적지32 |  331스텝 | 배송 32/32 | 재적재  4 | 중계율 0.16 | alpha 0.670 | complete
Ep 881 | 드론4 목적지74 | 1000스텝 | 배송 70/74 | 재적재 11 | 중계율 0.34 | alpha 0.663 | step_limit
Ep 882 | 드론3 목적지76 | 1000스텝 | 배송 67/76 | 재적재 11 | 중계율 0.28 | alpha 0.653 | step_limit
Ep 883 | 드론4 목적지50 | 1000스텝 | 배송 49/50 | 재적재  9 | 중계율 0.36 | alpha 0.655 | step_limit
Ep 884 | 드론4 목적지56 |  641스텝 | 배송 56/56 | 재적재  9 | 중계율 0.23 | alpha 0.660 | complete
Ep 885 | 드론3 목적지44 |  832스텝 | 배송 44/44 | 재적재  8 | 중계율 0.27 | alpha 0.657 | complete
Ep 886 | 드론4 목적지76 |  898스텝 | 배송 76/76 | 재적재 14 | 중계율 0.23 | alpha 0.650 | complete
Ep 887 | 드론3 목적지67 | 1000스텝 | 배송 60/67 | 재적재 10 | 중계율 0.30 | alpha 0.648 | step_limit
Ep 888 | 드론3 목적지71 | 1000스텝 | 배송 57/71 | 재적재 11 | 중계율 0.31 | alpha 0.646 | step_limit
Ep 889 | 드론3 목적지32 |  704스텝 | 배송 32/32 | 재적재  5 | 중계율 0.29 | alpha 0.650 | complete
Ep 890 | 드론4 목적지62 |  761스텝 | 배송 62/62 | 재적재 12 | 중계율 0.25 | alpha 0.648 | complete
Ep 891 | 드론3 목적지78 | 1000스텝 | 배송 56/78 | 재적재 10 | 중계율 0.26 | alpha 0.656 | step_limit
Ep 892 | 드론3 목적지39 |  707스텝 | 배송 39/39 | 재적재  7 | 중계율 0.22 | alpha 0.667 | complete
Ep 893 | 드론3 목적지65 | 1000스텝 | 배송 56/65 | 재적재  9 | 중계율 0.30 | alpha 0.685 | step_limit
Ep 894 | 드론4 목적지47 |  591스텝 | 배송 47/47 | 재적재  8 | 중계율 0.24 | alpha 0.690 | complete
Ep 895 | 드론4 목적지64 |  866스텝 | 배송 64/64 | 재적재 11 | 중계율 0.27 | alpha 0.700 | complete
Ep 896 | 드론4 목적지41 |  783스텝 | 배송 41/41 | 재적재  7 | 중계율 0.31 | alpha 0.698 | complete
Ep 897 | 드론4 목적지77 |  737스텝 | 배송 77/77 | 재적재 14 | 중계율 0.16 | alpha 0.696 | complete
Ep 898 | 드론3 목적지29 |  489스텝 | 배송 29/29 | 재적재  5 | 중계율 0.27 | alpha 0.700 | complete
Ep 899 | 드론3 목적지31 |  599스텝 | 배송 31/31 | 재적재  6 | 중계율 0.29 | alpha 0.701 | complete
Ep 900 | 드론3 목적지69 | 1000스텝 | 배송 62/69 | 재적재 11 | 중계율 0.23 | alpha 0.692 | step_limit
  [홀드아웃] 배송 50.0±0.0 완주 1.00 스텝 928 점수 127.6 재적재 8.4 2홉+ 0.61 | 최고 127.6@ep550 정체 7/8
Ep 901 | 드론4 목적지26 |  692스텝 | 배송 26/26 | 재적재  2 | 중계율 0.40 | alpha 0.697 | complete
Ep 902 | 드론4 목적지58 |  762스텝 | 배송 58/58 | 재적재 10 | 중계율 0.26 | alpha 0.703 | complete
Ep 903 | 드론3 목적지41 | 1000스텝 | 배송 35/41 | 재적재  5 | 중계율 0.39 | alpha 0.712 | step_limit
Ep 904 | 드론4 목적지47 |  624스텝 | 배송 47/47 | 재적재  8 | 중계율 0.19 | alpha 0.722 | complete
Ep 905 | 드론3 목적지63 | 1000스텝 | 배송 60/63 | 재적재 12 | 중계율 0.32 | alpha 0.708 | step_limit
Ep 906 | 드론4 목적지64 | 1000스텝 | 배송 60/64 | 재적재 10 | 중계율 0.32 | alpha 0.705 | step_limit
Ep 907 | 드론3 목적지80 | 1000스텝 | 배송 74/80 | 재적재 12 | 중계율 0.25 | alpha 0.695 | step_limit
Ep 908 | 드론4 목적지49 |  870스텝 | 배송 49/49 | 재적재  9 | 중계율 0.29 | alpha 0.694 | complete
Ep 909 | 드론3 목적지68 | 1000스텝 | 배송 58/68 | 재적재 10 | 중계율 0.30 | alpha 0.681 | step_limit
Ep 910 | 드론4 목적지69 | 1000스텝 | 배송 68/69 | 재적재 11 | 중계율 0.32 | alpha 0.665 | step_limit
Ep 911 | 드론3 목적지22 |  413스텝 | 배송 22/22 | 재적재  3 | 중계율 0.27 | alpha 0.667 | complete
Ep 912 | 드론3 목적지71 | 1000스텝 | 배송 60/71 | 재적재  9 | 중계율 0.37 | alpha 0.677 | step_limit
Ep 913 | 드론3 목적지48 |  819스텝 | 배송 48/48 | 재적재  8 | 중계율 0.20 | alpha 0.690 | complete
Ep 914 | 드론3 목적지64 | 1000스텝 | 배송 55/64 | 재적재 11 | 중계율 0.32 | alpha 0.703 | step_limit
Ep 915 | 드론4 목적지58 |  975스텝 | 배송 58/58 | 재적재 10 | 중계율 0.32 | alpha 0.723 | complete
Ep 916 | 드론3 목적지21 |  534스텝 | 배송 21/21 | 재적재  2 | 중계율 0.33 | alpha 0.726 | complete
Ep 917 | 드론4 목적지75 | 1000스텝 | 배송 62/75 | 재적재  9 | 중계율 0.37 | alpha 0.736 | step_limit
Ep 918 | 드론4 목적지22 |  768스텝 | 배송 22/22 | 재적재  3 | 중계율 0.43 | alpha 0.746 | complete
Ep 919 | 드론4 목적지73 | 1000스텝 | 배송 72/73 | 재적재 13 | 중계율 0.28 | alpha 0.753 | step_limit
Ep 920 | 드론3 목적지79 | 1000스텝 | 배송 61/79 | 재적재 12 | 중계율 0.30 | alpha 0.758 | step_limit
Ep 921 | 드론3 목적지27 |  573스텝 | 배송 27/27 | 재적재  4 | 중계율 0.24 | alpha 0.754 | complete
Ep 922 | 드론3 목적지20 |  518스텝 | 배송 20/20 | 재적재  3 | 중계율 0.22 | alpha 0.752 | complete
Ep 923 | 드론4 목적지51 |  802스텝 | 배송 51/51 | 재적재  9 | 중계율 0.29 | alpha 0.747 | complete
Ep 924 | 드론4 목적지68 |  760스텝 | 배송 68/68 | 재적재 11 | 중계율 0.21 | alpha 0.744 | complete
Ep 925 | 드론4 목적지30 |  577스텝 | 배송 30/30 | 재적재  4 | 중계율 0.35 | alpha 0.745 | complete
Ep 926 | 드론4 목적지31 |  406스텝 | 배송 31/31 | 재적재  4 | 중계율 0.26 | alpha 0.739 | complete
Ep 927 | 드론3 목적지62 | 1000스텝 | 배송 57/62 | 재적재 11 | 중계율 0.30 | alpha 0.760 | step_limit
Ep 928 | 드론3 목적지51 | 1000스텝 | 배송 50/51 | 재적재  9 | 중계율 0.28 | alpha 0.767 | step_limit
Ep 929 | 드론4 목적지34 |  417스텝 | 배송 34/34 | 재적재  4 | 중계율 0.18 | alpha 0.779 | complete
Ep 930 | 드론3 목적지57 |  827스텝 | 배송 57/57 | 재적재 11 | 중계율 0.20 | alpha 0.791 | complete
Ep 931 | 드론3 목적지52 |  989스텝 | 배송 52/52 | 재적재 10 | 중계율 0.27 | alpha 0.785 | complete
Ep 932 | 드론4 목적지27 |  517스텝 | 배송 27/27 | 재적재  4 | 중계율 0.33 | alpha 0.784 | complete
Ep 933 | 드론4 목적지71 | 1000스텝 | 배송 66/71 | 재적재 11 | 중계율 0.33 | alpha 0.785 | step_limit
Ep 934 | 드론4 목적지65 | 1000스텝 | 배송 62/65 | 재적재 12 | 중계율 0.37 | alpha 0.786 | step_limit
Ep 935 | 드론3 목적지29 |  466스텝 | 배송 29/29 | 재적재  5 | 중계율 0.28 | alpha 0.785 | complete
Ep 936 | 드론3 목적지44 |  923스텝 | 배송 44/44 | 재적재  7 | 중계율 0.30 | alpha 0.796 | complete
Ep 937 | 드론3 목적지22 |  657스텝 | 배송 22/22 | 재적재  4 | 중계율 0.34 | alpha 0.803 | complete
Ep 938 | 드론3 목적지44 |  958스텝 | 배송 44/44 | 재적재  8 | 중계율 0.35 | alpha 0.804 | complete
Ep 939 | 드론4 목적지68 | 1000스텝 | 배송 62/68 | 재적재 12 | 중계율 0.36 | alpha 0.801 | step_limit
Ep 940 | 드론4 목적지43 | 1000스텝 | 배송 37/43 | 재적재  7 | 중계율 0.36 | alpha 0.784 | step_limit
Ep 941 | 드론4 목적지73 | 1000스텝 | 배송 67/73 | 재적재 12 | 중계율 0.32 | alpha 0.775 | step_limit
Ep 942 | 드론4 목적지26 |  464스텝 | 배송 26/26 | 재적재  4 | 중계율 0.31 | alpha 0.776 | complete
Ep 943 | 드론4 목적지28 |  629스텝 | 배송 28/28 | 재적재  5 | 중계율 0.33 | alpha 0.776 | complete
Ep 944 | 드론3 목적지79 | 1000스텝 | 배송 77/79 | 재적재 14 | 중계율 0.20 | alpha 0.772 | step_limit
Ep 945 | 드론3 목적지61 | 1000스텝 | 배송 57/61 | 재적재 10 | 중계율 0.28 | alpha 0.776 | step_limit
Ep 946 | 드론3 목적지50 |  959스텝 | 배송 50/50 | 재적재  9 | 중계율 0.30 | alpha 0.777 | complete
Ep 947 | 드론4 목적지25 |  540스텝 | 배송 25/25 | 재적재  4 | 중계율 0.30 | alpha 0.776 | complete
Ep 948 | 드론4 목적지58 |  783스텝 | 배송 58/58 | 재적재 11 | 중계율 0.29 | alpha 0.786 | complete
Ep 949 | 드론4 목적지52 |  740스텝 | 배송 52/52 | 재적재  9 | 중계율 0.23 | alpha 0.792 | complete
Ep 950 | 드론4 목적지43 |  634스텝 | 배송 43/43 | 재적재  8 | 중계율 0.23 | alpha 0.802 | complete
  [홀드아웃] 배송 49.9±0.7 완주 0.95 스텝 970 점수 122.1 재적재 8.6 2홉+ 0.61 | 최고 127.6@ep550 정체 8/8

조기 종료. 최고 127.6@ep550
Training finished. best=127.6 @ ep550
