/home/kopt/enter/envs/wsl_neuroMCTS/lib/python3.10/site-packages/pygame/pkgdata.py:25: UserWarning: pkg_resources is deprecated as an API. See https://setuptools.pypa.io/en/latest/pkg_resources.html. The pkg_resources package is slated for removal as early as 2025-11-30. Refrain from using this package or pin to Setuptools<81.
  from pkg_resources import resource_stream, resource_exists
pygame 2.6.1 (SDL 2.28.4, Python 3.10.19)
Hello from the pygame community. https://www.pygame.org/contribute.html
집합 상위 학습 | 반경 300 상한 1000 무배송 500 gamma 0.997 구성=무작위 드론[3, 4] 목적지[20, 80] CC무작위 인스턴스=무작위 목표유지=off 완주보상=0.0 잔여페널티=0.1 규칙관측=False 규칙정규화=2.0/중계가중치=1.0 막힘페널티=0.0 중계크레딧=0.0/재분배=0.0/드론별보상=False 도달권shaping=0.0 정체전환보상=0.0 엔트로피비=0.6->0.25@400 자기회귀=True/가까운순=False 순차크레딧=True 혼합critic=False 정체재결정=0 결합critic=False 홀드아웃상한=3000 선택=makespan/속도가중치=40.0
/home/kopt/drone/proposed_src/pipeline/train_v5_26_09_15_23.py:576: UserWarning: Converting a tensor with requires_grad=True to a scalar may lead to unexpected behavior.
Consider using tensor.detach() first. (Triggered internally at /pytorch/torch/csrc/autograd/generated/python_variable_methods.cpp:836.)
  writer.add_scalar("train/alpha", float(log_alpha.exp()), ep)
Ep 1 | 드론3 목적지31 | 1000스텝 | 배송 25/31 | 재적재  3 | 중계율 0.16 | alpha 0.100 | step_limit
Ep 2 | 드론3 목적지37 | 1000스텝 | 배송 30/37 | 재적재  3 | 중계율 0.26 | alpha 0.099 | step_limit
Ep 3 | 드론4 목적지60 | 1000스텝 | 배송 51/60 | 재적재  9 | 중계율 0.36 | alpha 0.109 | step_limit
Ep 4 | 드론4 목적지48 |  572스텝 | 배송 48/48 | 재적재  8 | 중계율 0.23 | alpha 0.114 | complete
Ep 5 | 드론3 목적지40 |  701스텝 | 배송 40/40 | 재적재  6 | 중계율 0.27 | alpha 0.121 | complete
Ep 6 | 드론4 목적지49 |  678스텝 | 배송 49/49 | 재적재  7 | 중계율 0.36 | alpha 0.128 | complete
Ep 7 | 드론3 목적지63 | 1000스텝 | 배송 50/63 | 재적재  7 | 중계율 0.39 | alpha 0.139 | step_limit
Ep 8 | 드론3 목적지43 | 1000스텝 | 배송 41/43 | 재적재  7 | 중계율 0.40 | alpha 0.151 | step_limit
Ep 9 | 드론4 목적지63 | 1000스텝 | 배송 54/63 | 재적재  9 | 중계율 0.27 | alpha 0.162 | step_limit
Ep 10 | 드론4 목적지78 | 1000스텝 | 배송 69/78 | 재적재 11 | 중계율 0.26 | alpha 0.175 | step_limit
Ep 11 | 드론3 목적지27 |  667스텝 | 배송 27/27 | 재적재  4 | 중계율 0.40 | alpha 0.184 | complete
Ep 12 | 드론4 목적지76 |  745스텝 | 배송 76/76 | 재적재 14 | 중계율 0.19 | alpha 0.195 | complete
Ep 13 | 드론3 목적지70 | 1000스텝 | 배송 65/70 | 재적재 11 | 중계율 0.19 | alpha 0.210 | step_limit
Ep 14 | 드론3 목적지40 | 1000스텝 | 배송 37/40 | 재적재  6 | 중계율 0.36 | alpha 0.227 | step_limit
Ep 15 | 드론4 목적지63 |  861스텝 | 배송 63/63 | 재적재 11 | 중계율 0.34 | alpha 0.242 | complete
Ep 16 | 드론3 목적지56 | 1000스텝 | 배송 50/56 | 재적재  8 | 중계율 0.28 | alpha 0.260 | step_limit
Ep 17 | 드론3 목적지49 | 1000스텝 | 배송 41/49 | 재적재  7 | 중계율 0.29 | alpha 0.280 | step_limit
Ep 18 | 드론4 목적지24 |  637스텝 | 배송 24/24 | 재적재  3 | 중계율 0.41 | alpha 0.294 | complete
Ep 19 | 드론3 목적지28 |  513스텝 | 배송 28/28 | 재적재  5 | 중계율 0.18 | alpha 0.305 | complete
Ep 20 | 드론4 목적지30 |  372스텝 | 배송 30/30 | 재적재  5 | 중계율 0.25 | alpha 0.314 | complete
Ep 21 | 드론4 목적지41 |  653스텝 | 배송 41/41 | 재적재  5 | 중계율 0.34 | alpha 0.329 | complete
Ep 22 | 드론4 목적지40 |  540스텝 | 배송 40/40 | 재적재  6 | 중계율 0.24 | alpha 0.343 | complete
Ep 23 | 드론3 목적지54 |  869스텝 | 배송 27/54 | 재적재  4 | 중계율 0.35 | alpha 0.365 | no_progress
Ep 24 | 드론4 목적지43 |  534스텝 | 배송 43/43 | 재적재  6 | 중계율 0.32 | alpha 0.380 | complete
Ep 25 | 드론3 목적지56 | 1000스텝 | 배송 51/56 | 재적재  9 | 중계율 0.28 | alpha 0.409 | step_limit
Ep 26 | 드론3 목적지20 |  915스텝 | 배송 20/20 | 재적재  3 | 중계율 0.32 | alpha 0.438 | complete
Ep 27 | 드론4 목적지58 | 1000스텝 | 배송 54/58 | 재적재  9 | 중계율 0.40 | alpha 0.472 | step_limit
Ep 28 | 드론3 목적지47 |  816스텝 | 배송 47/47 | 재적재  7 | 중계율 0.30 | alpha 0.501 | complete
Ep 29 | 드론3 목적지40 |  798스텝 | 배송 40/40 | 재적재  5 | 중계율 0.32 | alpha 0.531 | complete
Ep 30 | 드론4 목적지68 | 1000스텝 | 배송 59/68 | 재적재 10 | 중계율 0.24 | alpha 0.572 | step_limit
Ep 31 | 드론4 목적지79 | 1000스텝 | 배송 76/79 | 재적재 13 | 중계율 0.31 | alpha 0.616 | step_limit
Ep 32 | 드론3 목적지71 | 1000스텝 | 배송 70/71 | 재적재 12 | 중계율 0.23 | alpha 0.663 | step_limit
Ep 33 | 드론4 목적지66 |  787스텝 | 배송 66/66 | 재적재 10 | 중계율 0.28 | alpha 0.702 | complete
Ep 34 | 드론4 목적지21 |  354스텝 | 배송 21/21 | 재적재  2 | 중계율 0.35 | alpha 0.721 | complete
Ep 35 | 드론3 목적지35 |  739스텝 | 배송 35/35 | 재적재  5 | 중계율 0.32 | alpha 0.761 | complete
Ep 36 | 드론3 목적지39 |  875스텝 | 배송 39/39 | 재적재  5 | 중계율 0.35 | alpha 0.811 | complete
Ep 37 | 드론3 목적지78 | 1000스텝 | 배송 60/78 | 재적재  9 | 중계율 0.28 | alpha 0.873 | step_limit
Ep 38 | 드론3 목적지29 |  729스텝 | 배송 29/29 | 재적재  4 | 중계율 0.28 | alpha 0.921 | complete
Ep 39 | 드론4 목적지21 |  306스텝 | 배송 21/21 | 재적재  3 | 중계율 0.22 | alpha 0.942 | complete
Ep 40 | 드론4 목적지51 |  869스텝 | 배송 51/51 | 재적재  7 | 중계율 0.43 | alpha 1.005 | complete
Ep 41 | 드론3 목적지44 | 1000스텝 | 배송 43/44 | 재적재  7 | 중계율 0.34 | alpha 1.082 | step_limit
Ep 42 | 드론4 목적지42 |  698스텝 | 배송 42/42 | 재적재  8 | 중계율 0.42 | alpha 1.139 | complete
Ep 43 | 드론4 목적지53 | 1000스텝 | 배송 50/53 | 재적재  7 | 중계율 0.46 | alpha 1.225 | step_limit
Ep 44 | 드론3 목적지29 |  662스텝 | 배송 29/29 | 재적재  5 | 중계율 0.34 | alpha 1.286 | complete
Ep 45 | 드론3 목적지55 | 1000스텝 | 배송 50/55 | 재적재  9 | 중계율 0.36 | alpha 1.384 | step_limit
Ep 46 | 드론4 목적지65 |  783스텝 | 배송 65/65 | 재적재  9 | 중계율 0.30 | alpha 1.465 | complete
Ep 47 | 드론3 목적지44 |  730스텝 | 배송 44/44 | 재적재  6 | 중계율 0.31 | alpha 1.546 | complete
Ep 48 | 드론3 목적지66 | 1000스텝 | 배송 61/66 | 재적재 10 | 중계율 0.34 | alpha 1.663 | step_limit
Ep 49 | 드론4 목적지22 |  331스텝 | 배송 22/22 | 재적재  2 | 중계율 0.32 | alpha 1.703 | complete
Ep 50 | 드론4 목적지58 |  936스텝 | 배송 58/58 | 재적재  8 | 중계율 0.36 | alpha 1.823 | complete
  [홀드아웃] 배송 49.5±2.2 완주 0.89 스텝 897 점수 116.8 재적재 7.0 2홉+ 0.63 | 최고 116.8@ep50 정체 0/8  ← 갱신
Ep 51 | 드론4 목적지24 |  311스텝 | 배송 24/24 | 재적재  3 | 중계율 0.27 | alpha 1.864 | complete
Ep 52 | 드론3 목적지36 |  609스텝 | 배송 36/36 | 재적재  7 | 중계율 0.22 | alpha 1.948 | complete
Ep 53 | 드론4 목적지48 |  747스텝 | 배송 48/48 | 재적재  8 | 중계율 0.25 | alpha 2.055 | complete
Ep 54 | 드론4 목적지64 | 1000스텝 | 배송 56/64 | 재적재  9 | 중계율 0.39 | alpha 2.206 | step_limit
Ep 55 | 드론4 목적지22 |  307스텝 | 배송 22/22 | 재적재  2 | 중계율 0.21 | alpha 2.254 | complete
Ep 56 | 드론3 목적지61 | 1000스텝 | 배송 55/61 | 재적재 10 | 중계율 0.35 | alpha 2.420 | step_limit
Ep 57 | 드론3 목적지30 |  521스텝 | 배송 30/30 | 재적재  3 | 중계율 0.29 | alpha 2.510 | complete
Ep 58 | 드론4 목적지60 | 1000스텝 | 배송 56/60 | 재적재  8 | 중계율 0.28 | alpha 2.690 | step_limit
Ep 59 | 드론4 목적지66 |  759스텝 | 배송 66/66 | 재적재 10 | 중계율 0.30 | alpha 2.835 | complete
Ep 60 | 드론3 목적지26 |  489스텝 | 배송 26/26 | 재적재  4 | 중계율 0.24 | alpha 2.931 | complete
Ep 61 | 드론4 목적지61 |  655스텝 | 배송 61/61 | 재적재  9 | 중계율 0.25 | alpha 3.064 | complete
Ep 62 | 드론4 목적지56 |  833스텝 | 배송 56/56 | 재적재  9 | 중계율 0.28 | alpha 3.238 | complete
Ep 63 | 드론4 목적지73 | 1000스텝 | 배송 66/73 | 재적재 11 | 중계율 0.30 | alpha 3.453 | step_limit
Ep 64 | 드론4 목적지28 |  419스텝 | 배송 28/28 | 재적재  3 | 중계율 0.37 | alpha 3.544 | complete
Ep 65 | 드론3 목적지35 |  627스텝 | 배송 35/35 | 재적재  5 | 중계율 0.25 | alpha 3.682 | complete
Ep 66 | 드론3 목적지41 |  747스텝 | 배송 41/41 | 재적재  7 | 중계율 0.26 | alpha 3.849 | complete
Ep 67 | 드론4 목적지72 | 1000스텝 | 배송 56/72 | 재적재  9 | 중계율 0.24 | alpha 4.076 | step_limit
Ep 68 | 드론4 목적지34 |  937스텝 | 배송 34/34 | 재적재  4 | 중계율 0.37 | alpha 4.285 | complete
Ep 69 | 드론4 목적지70 |  769스텝 | 배송 70/70 | 재적재 12 | 중계율 0.21 | alpha 4.458 | complete
Ep 70 | 드론4 목적지31 |  428스텝 | 배송 31/31 | 재적재  4 | 중계율 0.24 | alpha 4.556 | complete
Ep 71 | 드론4 목적지24 |  496스텝 | 배송 24/24 | 재적재  3 | 중계율 0.32 | alpha 4.668 | complete
Ep 72 | 드론4 목적지70 | 1000스텝 | 배송 67/70 | 재적재 10 | 중계율 0.36 | alpha 4.884 | step_limit
Ep 73 | 드론4 목적지40 |  791스텝 | 배송 40/40 | 재적재  4 | 중계율 0.40 | alpha 5.046 | complete
Ep 74 | 드론4 목적지60 |  877스텝 | 배송 60/60 | 재적재 10 | 중계율 0.22 | alpha 5.229 | complete
Ep 75 | 드론3 목적지22 |  416스텝 | 배송 22/22 | 재적재  3 | 중계율 0.23 | alpha 5.314 | complete
Ep 76 | 드론4 목적지38 |  713스텝 | 배송 38/38 | 재적재  6 | 중계율 0.25 | alpha 5.448 | complete
Ep 77 | 드론3 목적지24 |  338스텝 | 배송 24/24 | 재적재  3 | 중계율 0.15 | alpha 5.510 | complete
Ep 78 | 드론3 목적지31 |  819스텝 | 배송 31/31 | 재적재  4 | 중계율 0.32 | alpha 5.655 | complete
Ep 79 | 드론4 목적지39 |  613스텝 | 배송 39/39 | 재적재  5 | 중계율 0.23 | alpha 5.756 | complete
Ep 80 | 드론3 목적지53 |  842스텝 | 배송 53/53 | 재적재  9 | 중계율 0.25 | alpha 5.868 | complete
Ep 81 | 드론3 목적지72 | 1000스텝 | 배송 63/72 | 재적재 10 | 중계율 0.21 | alpha 5.975 | step_limit
Ep 82 | 드론4 목적지72 |  822스텝 | 배송 72/72 | 재적재 13 | 중계율 0.20 | alpha 6.052 | complete
Ep 83 | 드론3 목적지41 |  861스텝 | 배송 41/41 | 재적재  6 | 중계율 0.26 | alpha 6.100 | complete
Ep 84 | 드론3 목적지43 |  805스텝 | 배송 43/43 | 재적재  6 | 중계율 0.22 | alpha 6.123 | complete
Ep 85 | 드론3 목적지42 |  779스텝 | 배송 42/42 | 재적재  7 | 중계율 0.27 | alpha 6.130 | complete
Ep 86 | 드론3 목적지48 |  829스텝 | 배송 48/48 | 재적재  7 | 중계율 0.23 | alpha 6.127 | complete
Ep 87 | 드론3 목적지44 |  856스텝 | 배송 44/44 | 재적재  8 | 중계율 0.29 | alpha 6.114 | complete
Ep 88 | 드론3 목적지59 | 1000스텝 | 배송 52/59 | 재적재  9 | 중계율 0.25 | alpha 6.054 | step_limit
Ep 89 | 드론3 목적지75 | 1000스텝 | 배송 61/75 | 재적재 11 | 중계율 0.21 | alpha 6.000 | step_limit
Ep 90 | 드론3 목적지68 | 1000스텝 | 배송 59/68 | 재적재 10 | 중계율 0.23 | alpha 5.956 | step_limit
Ep 91 | 드론3 목적지33 |  618스텝 | 배송 33/33 | 재적재  4 | 중계율 0.30 | alpha 5.909 | complete
Ep 92 | 드론3 목적지61 | 1000스텝 | 배송 59/61 | 재적재  9 | 중계율 0.25 | alpha 5.810 | step_limit
Ep 93 | 드론3 목적지69 | 1000스텝 | 배송 54/69 | 재적재  8 | 중계율 0.24 | alpha 5.726 | step_limit
Ep 94 | 드론4 목적지34 |  590스텝 | 배송 34/34 | 재적재  5 | 중계율 0.18 | alpha 5.696 | complete
Ep 95 | 드론4 목적지28 |  429스텝 | 배송 28/28 | 재적재  4 | 중계율 0.29 | alpha 5.649 | complete
Ep 96 | 드론3 목적지62 | 1000스텝 | 배송 54/62 | 재적재  8 | 중계율 0.26 | alpha 5.594 | step_limit
Ep 97 | 드론3 목적지43 |  723스텝 | 배송 43/43 | 재적재  6 | 중계율 0.23 | alpha 5.544 | complete
Ep 98 | 드론3 목적지77 | 1000스텝 | 배송 61/77 | 재적재 11 | 중계율 0.26 | alpha 5.458 | step_limit
Ep 99 | 드론3 목적지48 | 1000스텝 | 배송 46/48 | 재적재  8 | 중계율 0.30 | alpha 5.412 | step_limit
Ep 100 | 드론3 목적지55 | 1000스텝 | 배송 52/55 | 재적재 10 | 중계율 0.30 | alpha 5.337 | step_limit
  [홀드아웃] 배송 49.8±1.8 완주 0.99 스텝 1054 점수 124.7 재적재 7.4 2홉+ 0.63 | 최고 124.7@ep100 정체 0/8  ← 갱신
Ep 101 | 드론4 목적지65 |  731스텝 | 배송 65/65 | 재적재 10 | 중계율 0.22 | alpha 5.317 | complete
Ep 102 | 드론4 목적지77 |  938스텝 | 배송 77/77 | 재적재 14 | 중계율 0.17 | alpha 5.293 | complete
Ep 103 | 드론4 목적지74 | 1000스텝 | 배송 61/74 | 재적재  9 | 중계율 0.34 | alpha 5.241 | step_limit
Ep 104 | 드론3 목적지55 | 1000스텝 | 배송 54/55 | 재적재  8 | 중계율 0.28 | alpha 5.206 | step_limit
Ep 105 | 드론3 목적지49 | 1000스텝 | 배송 47/49 | 재적재  8 | 중계율 0.26 | alpha 5.156 | step_limit
Ep 106 | 드론4 목적지72 |  888스텝 | 배송 72/72 | 재적재 12 | 중계율 0.24 | alpha 5.197 | complete
Ep 107 | 드론3 목적지67 | 1000스텝 | 배송 64/67 | 재적재 12 | 중계율 0.24 | alpha 5.149 | step_limit
Ep 108 | 드론3 목적지78 | 1000스텝 | 배송 60/78 | 재적재 11 | 중계율 0.20 | alpha 5.083 | step_limit
Ep 109 | 드론4 목적지56 |  942스텝 | 배송 56/56 | 재적재  8 | 중계율 0.29 | alpha 5.001 | complete
Ep 110 | 드론3 목적지75 | 1000스텝 | 배송 58/75 | 재적재 11 | 중계율 0.26 | alpha 4.955 | step_limit
Ep 111 | 드론4 목적지75 | 1000스텝 | 배송 71/75 | 재적재 13 | 중계율 0.28 | alpha 4.922 | step_limit
Ep 112 | 드론4 목적지53 | 1000스텝 | 배송 48/53 | 재적재  6 | 중계율 0.38 | alpha 4.877 | step_limit
Ep 113 | 드론4 목적지24 |  628스텝 | 배송 24/24 | 재적재  2 | 중계율 0.42 | alpha 4.854 | complete
Ep 114 | 드론3 목적지59 | 1000스텝 | 배송 48/59 | 재적재  9 | 중계율 0.36 | alpha 4.851 | step_limit
Ep 115 | 드론4 목적지71 | 1000스텝 | 배송 67/71 | 재적재 12 | 중계율 0.27 | alpha 4.867 | step_limit
Ep 116 | 드론4 목적지71 |  883스텝 | 배송 71/71 | 재적재 12 | 중계율 0.24 | alpha 4.768 | complete
Ep 117 | 드론3 목적지29 |  670스텝 | 배송 29/29 | 재적재  4 | 중계율 0.31 | alpha 4.693 | complete
Ep 118 | 드론3 목적지45 | 1000스텝 | 배송 40/45 | 재적재  8 | 중계율 0.20 | alpha 4.719 | step_limit
Ep 119 | 드론3 목적지67 | 1000스텝 | 배송 55/67 | 재적재  9 | 중계율 0.30 | alpha 4.687 | step_limit
Ep 120 | 드론4 목적지39 |  437스텝 | 배송 39/39 | 재적재  6 | 중계율 0.19 | alpha 4.675 | complete
Ep 121 | 드론4 목적지63 | 1000스텝 | 배송 61/63 | 재적재 11 | 중계율 0.33 | alpha 4.696 | step_limit
Ep 122 | 드론3 목적지34 | 1000스텝 | 배송 33/34 | 재적재  6 | 중계율 0.40 | alpha 4.663 | step_limit
Ep 123 | 드론3 목적지29 |  787스텝 | 배송 29/29 | 재적재  4 | 중계율 0.34 | alpha 4.574 | complete
Ep 124 | 드론4 목적지41 | 1000스텝 | 배송 39/41 | 재적재  6 | 중계율 0.26 | alpha 4.529 | step_limit
Ep 125 | 드론4 목적지36 |  777스텝 | 배송 36/36 | 재적재  6 | 중계율 0.29 | alpha 4.502 | complete
Ep 126 | 드론3 목적지43 |  881스텝 | 배송 43/43 | 재적재  7 | 중계율 0.27 | alpha 4.474 | complete
Ep 127 | 드론4 목적지38 |  600스텝 | 배송 38/38 | 재적재  6 | 중계율 0.23 | alpha 4.458 | complete
Ep 128 | 드론3 목적지52 |  885스텝 | 배송 52/52 | 재적재  9 | 중계율 0.25 | alpha 4.447 | complete
Ep 129 | 드론4 목적지26 |  533스텝 | 배송 26/26 | 재적재  4 | 중계율 0.35 | alpha 4.390 | complete
Ep 130 | 드론4 목적지52 | 1000스텝 | 배송 42/52 | 재적재  7 | 중계율 0.32 | alpha 4.403 | step_limit
Ep 131 | 드론4 목적지62 |  876스텝 | 배송 62/62 | 재적재 11 | 중계율 0.23 | alpha 4.431 | complete
Ep 132 | 드론3 목적지78 | 1000스텝 | 배송 68/78 | 재적재 12 | 중계율 0.25 | alpha 4.474 | step_limit
Ep 133 | 드론4 목적지65 | 1000스텝 | 배송 64/65 | 재적재 11 | 중계율 0.19 | alpha 4.406 | step_limit
Ep 134 | 드론3 목적지58 | 1000스텝 | 배송 56/58 | 재적재 10 | 중계율 0.21 | alpha 4.378 | step_limit
Ep 135 | 드론3 목적지60 | 1000스텝 | 배송 43/60 | 재적재  8 | 중계율 0.18 | alpha 4.394 | step_limit
Ep 136 | 드론3 목적지34 |  770스텝 | 배송 34/34 | 재적재  6 | 중계율 0.26 | alpha 4.370 | complete
Ep 137 | 드론4 목적지70 |  838스텝 | 배송 70/70 | 재적재 12 | 중계율 0.20 | alpha 4.294 | complete
Ep 138 | 드론3 목적지22 | 1000스텝 | 배송 20/22 | 재적재  4 | 중계율 0.41 | alpha 4.250 | step_limit
Ep 139 | 드론4 목적지53 |  535스텝 | 배송 53/53 | 재적재  8 | 중계율 0.20 | alpha 4.208 | complete
Ep 140 | 드론4 목적지65 |  880스텝 | 배송 65/65 | 재적재 11 | 중계율 0.31 | alpha 4.219 | complete
Ep 141 | 드론4 목적지55 |  921스텝 | 배송 55/55 | 재적재  8 | 중계율 0.34 | alpha 4.222 | complete
Ep 142 | 드론4 목적지55 |  647스텝 | 배송 55/55 | 재적재 10 | 중계율 0.18 | alpha 4.202 | complete
Ep 143 | 드론3 목적지80 | 1000스텝 | 배송 65/80 | 재적재 11 | 중계율 0.22 | alpha 4.273 | step_limit
Ep 144 | 드론3 목적지35 |  979스텝 | 배송 35/35 | 재적재  5 | 중계율 0.39 | alpha 4.241 | complete
Ep 145 | 드론3 목적지65 | 1000스텝 | 배송 62/65 | 재적재 12 | 중계율 0.24 | alpha 4.204 | step_limit
Ep 146 | 드론4 목적지47 |  986스텝 | 배송 47/47 | 재적재  7 | 중계율 0.42 | alpha 4.247 | complete
Ep 147 | 드론4 목적지22 |  289스텝 | 배송 22/22 | 재적재  2 | 중계율 0.23 | alpha 4.233 | complete
Ep 148 | 드론3 목적지32 |  732스텝 | 배송 32/32 | 재적재  5 | 중계율 0.36 | alpha 4.211 | complete
Ep 149 | 드론4 목적지47 |  836스텝 | 배송 47/47 | 재적재  7 | 중계율 0.39 | alpha 4.222 | complete
Ep 150 | 드론3 목적지38 |  671스텝 | 배송 38/38 | 재적재  5 | 중계율 0.27 | alpha 4.159 | complete
  [홀드아웃] 배송 50.0±0.3 완주 0.99 스텝 1057 점수 124.7 재적재 7.8 2홉+ 0.63 | 최고 124.7@ep100 정체 1/8
Ep 151 | 드론4 목적지41 |  563스텝 | 배송 41/41 | 재적재  6 | 중계율 0.24 | alpha 4.155 | complete
Ep 152 | 드론4 목적지74 | 1000스텝 | 배송 71/74 | 재적재 13 | 중계율 0.27 | alpha 4.181 | step_limit
Ep 153 | 드론3 목적지57 | 1000스텝 | 배송 53/57 | 재적재  8 | 중계율 0.31 | alpha 4.125 | step_limit
Ep 154 | 드론3 목적지69 | 1000스텝 | 배송 56/69 | 재적재 10 | 중계율 0.27 | alpha 4.116 | step_limit
Ep 155 | 드론3 목적지61 | 1000스텝 | 배송 55/61 | 재적재  9 | 중계율 0.33 | alpha 4.084 | step_limit
Ep 156 | 드론4 목적지42 |  854스텝 | 배송 42/42 | 재적재  5 | 중계율 0.37 | alpha 4.054 | complete
Ep 157 | 드론3 목적지31 |  717스텝 | 배송 31/31 | 재적재  6 | 중계율 0.32 | alpha 4.034 | complete
Ep 158 | 드론3 목적지20 |  488스텝 | 배송 20/20 | 재적재  2 | 중계율 0.33 | alpha 4.020 | complete
Ep 159 | 드론3 목적지53 | 1000스텝 | 배송 45/53 | 재적재  9 | 중계율 0.29 | alpha 4.033 | step_limit
Ep 160 | 드론4 목적지49 |  745스텝 | 배송 49/49 | 재적재  8 | 중계율 0.24 | alpha 4.050 | complete
Ep 161 | 드론3 목적지20 |  403스텝 | 배송 20/20 | 재적재  3 | 중계율 0.23 | alpha 4.022 | complete
Ep 162 | 드론3 목적지57 | 1000스텝 | 배송 46/57 | 재적재  7 | 중계율 0.28 | alpha 3.917 | step_limit
Ep 163 | 드론3 목적지40 |  917스텝 | 배송 40/40 | 재적재  7 | 중계율 0.28 | alpha 3.942 | complete
Ep 164 | 드론3 목적지71 | 1000스텝 | 배송 61/71 | 재적재 10 | 중계율 0.31 | alpha 3.865 | step_limit
Ep 165 | 드론4 목적지80 | 1000스텝 | 배송 70/80 | 재적재 13 | 중계율 0.33 | alpha 3.908 | step_limit
Ep 166 | 드론4 목적지80 | 1000스텝 | 배송 63/80 | 재적재 11 | 중계율 0.29 | alpha 3.909 | step_limit
Ep 167 | 드론3 목적지23 |  462스텝 | 배송 23/23 | 재적재  3 | 중계율 0.31 | alpha 3.939 | complete
Ep 168 | 드론4 목적지63 |  987스텝 | 배송 63/63 | 재적재  9 | 중계율 0.32 | alpha 3.945 | complete
Ep 169 | 드론4 목적지40 |  711스텝 | 배송 40/40 | 재적재  7 | 중계율 0.35 | alpha 3.886 | complete
Ep 170 | 드론3 목적지63 | 1000스텝 | 배송 58/63 | 재적재 11 | 중계율 0.21 | alpha 3.897 | step_limit
Ep 171 | 드론3 목적지45 | 1000스텝 | 배송 44/45 | 재적재  8 | 중계율 0.33 | alpha 3.873 | step_limit
Ep 172 | 드론3 목적지31 |  644스텝 | 배송 31/31 | 재적재  5 | 중계율 0.30 | alpha 3.835 | complete
Ep 173 | 드론4 목적지41 | 1000스텝 | 배송 40/41 | 재적재  7 | 중계율 0.39 | alpha 3.854 | step_limit
Ep 174 | 드론3 목적지77 | 1000스텝 | 배송 61/77 | 재적재 12 | 중계율 0.20 | alpha 3.792 | step_limit
Ep 175 | 드론4 목적지41 |  825스텝 | 배송 41/41 | 재적재  7 | 중계율 0.33 | alpha 3.786 | complete
Ep 176 | 드론4 목적지29 |  378스텝 | 배송 29/29 | 재적재  4 | 중계율 0.22 | alpha 3.740 | complete
Ep 177 | 드론4 목적지52 |  799스텝 | 배송 52/52 | 재적재  9 | 중계율 0.20 | alpha 3.749 | complete
Ep 178 | 드론3 목적지59 | 1000스텝 | 배송 56/59 | 재적재  9 | 중계율 0.28 | alpha 3.706 | step_limit
Ep 179 | 드론4 목적지34 |  651스텝 | 배송 34/34 | 재적재  6 | 중계율 0.38 | alpha 3.685 | complete
Ep 180 | 드론4 목적지33 |  602스텝 | 배송 33/33 | 재적재  4 | 중계율 0.33 | alpha 3.715 | complete
Ep 181 | 드론4 목적지80 | 1000스텝 | 배송 74/80 | 재적재 12 | 중계율 0.31 | alpha 3.715 | step_limit
Ep 182 | 드론3 목적지70 | 1000스텝 | 배송 60/70 | 재적재 10 | 중계율 0.30 | alpha 3.669 | step_limit
Ep 183 | 드론4 목적지54 |  877스텝 | 배송 54/54 | 재적재  8 | 중계율 0.37 | alpha 3.658 | complete
Ep 184 | 드론4 목적지63 |  882스텝 | 배송 63/63 | 재적재 10 | 중계율 0.32 | alpha 3.623 | complete
Ep 185 | 드론4 목적지68 | 1000스텝 | 배송 63/68 | 재적재  9 | 중계율 0.34 | alpha 3.605 | step_limit
Ep 186 | 드론4 목적지77 |  821스텝 | 배송 77/77 | 재적재 13 | 중계율 0.18 | alpha 3.605 | complete
Ep 187 | 드론3 목적지30 |  688스텝 | 배송 30/30 | 재적재  4 | 중계율 0.31 | alpha 3.551 | complete
Ep 188 | 드론3 목적지64 | 1000스텝 | 배송 63/64 | 재적재 11 | 중계율 0.26 | alpha 3.578 | step_limit
Ep 189 | 드론3 목적지28 |  618스텝 | 배송 28/28 | 재적재  5 | 중계율 0.33 | alpha 3.573 | complete
Ep 190 | 드론3 목적지38 |  734스텝 | 배송 38/38 | 재적재  6 | 중계율 0.22 | alpha 3.521 | complete
Ep 191 | 드론4 목적지22 |  419스텝 | 배송 22/22 | 재적재  3 | 중계율 0.26 | alpha 3.526 | complete
Ep 192 | 드론3 목적지69 | 1000스텝 | 배송 60/69 | 재적재 10 | 중계율 0.31 | alpha 3.546 | step_limit
Ep 193 | 드론4 목적지65 | 1000스텝 | 배송 60/65 | 재적재 10 | 중계율 0.35 | alpha 3.566 | step_limit
Ep 194 | 드론3 목적지43 |  737스텝 | 배송 43/43 | 재적재  8 | 중계율 0.23 | alpha 3.535 | complete
Ep 195 | 드론4 목적지57 | 1000스텝 | 배송 52/57 | 재적재  7 | 중계율 0.41 | alpha 3.504 | step_limit
Ep 196 | 드론4 목적지67 | 1000스텝 | 배송 66/67 | 재적재 11 | 중계율 0.23 | alpha 3.506 | step_limit
Ep 197 | 드론4 목적지26 |  412스텝 | 배송 26/26 | 재적재  4 | 중계율 0.31 | alpha 3.518 | complete
Ep 198 | 드론4 목적지53 | 1000스텝 | 배송 51/53 | 재적재  9 | 중계율 0.38 | alpha 3.540 | step_limit
Ep 199 | 드론4 목적지79 | 1000스텝 | 배송 74/79 | 재적재 12 | 중계율 0.27 | alpha 3.497 | step_limit
Ep 200 | 드론3 목적지73 | 1000스텝 | 배송 59/73 | 재적재 11 | 중계율 0.22 | alpha 3.473 | step_limit
  [홀드아웃] 배송 50.0±0.0 완주 1.00 스텝 985 점수 126.9 재적재 7.5 2홉+ 0.63 | 최고 126.9@ep200 정체 0/8  ← 갱신
Ep 201 | 드론4 목적지24 |  323스텝 | 배송 24/24 | 재적재  3 | 중계율 0.12 | alpha 3.472 | complete
Ep 202 | 드론3 목적지21 |  430스텝 | 배송 21/21 | 재적재  3 | 중계율 0.25 | alpha 3.479 | complete
Ep 203 | 드론3 목적지23 |  808스텝 | 배송 23/23 | 재적재  4 | 중계율 0.43 | alpha 3.449 | complete
Ep 204 | 드론4 목적지72 |  974스텝 | 배송 72/72 | 재적재 12 | 중계율 0.31 | alpha 3.436 | complete
Ep 205 | 드론3 목적지33 |  777스텝 | 배송 33/33 | 재적재  5 | 중계율 0.32 | alpha 3.383 | complete
Ep 206 | 드론3 목적지23 |  567스텝 | 배송 23/23 | 재적재  2 | 중계율 0.36 | alpha 3.344 | complete
Ep 207 | 드론3 목적지69 |  980스텝 | 배송 69/69 | 재적재 12 | 중계율 0.18 | alpha 3.373 | complete
Ep 208 | 드론3 목적지50 |  935스텝 | 배송 50/50 | 재적재  9 | 중계율 0.29 | alpha 3.363 | complete
Ep 209 | 드론3 목적지63 | 1000스텝 | 배송 57/63 | 재적재 10 | 중계율 0.27 | alpha 3.353 | step_limit
Ep 210 | 드론3 목적지54 | 1000스텝 | 배송 53/54 | 재적재 10 | 중계율 0.31 | alpha 3.347 | step_limit
Ep 211 | 드론3 목적지77 | 1000스텝 | 배송 71/77 | 재적재 12 | 중계율 0.21 | alpha 3.355 | step_limit
Ep 212 | 드론3 목적지42 |  788스텝 | 배송 42/42 | 재적재  7 | 중계율 0.25 | alpha 3.344 | complete
Ep 213 | 드론3 목적지47 | 1000스텝 | 배송 45/47 | 재적재  8 | 중계율 0.36 | alpha 3.378 | step_limit
Ep 214 | 드론4 목적지69 | 1000스텝 | 배송 68/69 | 재적재 12 | 중계율 0.32 | alpha 3.283 | step_limit
Ep 215 | 드론4 목적지66 |  802스텝 | 배송 66/66 | 재적재 11 | 중계율 0.27 | alpha 3.289 | complete
Ep 216 | 드론3 목적지38 |  813스텝 | 배송 38/38 | 재적재  7 | 중계율 0.22 | alpha 3.248 | complete
Ep 217 | 드론3 목적지70 | 1000스텝 | 배송 62/70 | 재적재 10 | 중계율 0.29 | alpha 3.281 | step_limit
Ep 218 | 드론4 목적지45 |  903스텝 | 배송 45/45 | 재적재  7 | 중계율 0.39 | alpha 3.225 | complete
Ep 219 | 드론3 목적지20 |  417스텝 | 배송 20/20 | 재적재  3 | 중계율 0.27 | alpha 3.222 | complete
Ep 220 | 드론4 목적지45 |  762스텝 | 배송 45/45 | 재적재  7 | 중계율 0.29 | alpha 3.202 | complete
Ep 221 | 드론4 목적지27 |  464스텝 | 배송 27/27 | 재적재  3 | 중계율 0.37 | alpha 3.176 | complete
Ep 222 | 드론4 목적지42 |  709스텝 | 배송 42/42 | 재적재  6 | 중계율 0.33 | alpha 3.164 | complete
Ep 223 | 드론3 목적지69 | 1000스텝 | 배송 60/69 | 재적재 10 | 중계율 0.29 | alpha 3.207 | step_limit
Ep 224 | 드론3 목적지27 |  381스텝 | 배송 27/27 | 재적재  4 | 중계율 0.20 | alpha 3.199 | complete
Ep 225 | 드론4 목적지74 | 1000스텝 | 배송 71/74 | 재적재 12 | 중계율 0.25 | alpha 3.252 | step_limit
Ep 226 | 드론3 목적지57 | 1000스텝 | 배송 53/57 | 재적재  8 | 중계율 0.29 | alpha 3.208 | step_limit
Ep 227 | 드론3 목적지56 | 1000스텝 | 배송 55/56 | 재적재  9 | 중계율 0.27 | alpha 3.182 | step_limit
Ep 228 | 드론3 목적지60 | 1000스텝 | 배송 50/60 | 재적재  8 | 중계율 0.27 | alpha 3.129 | step_limit
Ep 229 | 드론3 목적지68 | 1000스텝 | 배송 56/68 | 재적재  9 | 중계율 0.30 | alpha 3.095 | step_limit
Ep 230 | 드론3 목적지76 | 1000스텝 | 배송 62/76 | 재적재 12 | 중계율 0.25 | alpha 3.147 | step_limit
Ep 231 | 드론3 목적지66 | 1000스텝 | 배송 58/66 | 재적재  9 | 중계율 0.32 | alpha 3.130 | step_limit
Ep 232 | 드론4 목적지59 |  778스텝 | 배송 59/59 | 재적재  9 | 중계율 0.27 | alpha 3.133 | complete
Ep 233 | 드론4 목적지58 |  946스텝 | 배송 58/58 | 재적재  9 | 중계율 0.34 | alpha 3.137 | complete
Ep 234 | 드론4 목적지35 |  531스텝 | 배송 35/35 | 재적재  6 | 중계율 0.20 | alpha 3.130 | complete
Ep 235 | 드론4 목적지77 | 1000스텝 | 배송 71/77 | 재적재 12 | 중계율 0.30 | alpha 3.124 | step_limit
Ep 236 | 드론4 목적지57 |  966스텝 | 배송 57/57 | 재적재  9 | 중계율 0.37 | alpha 3.080 | complete
Ep 237 | 드론4 목적지31 |  598스텝 | 배송 31/31 | 재적재  4 | 중계율 0.36 | alpha 3.110 | complete
Ep 238 | 드론4 목적지24 |  376스텝 | 배송 24/24 | 재적재  3 | 중계율 0.17 | alpha 3.103 | complete
Ep 239 | 드론3 목적지27 |  598스텝 | 배송 27/27 | 재적재  4 | 중계율 0.23 | alpha 3.063 | complete
Ep 240 | 드론3 목적지65 |  966스텝 | 배송 65/65 | 재적재 10 | 중계율 0.27 | alpha 3.004 | complete
Ep 241 | 드론4 목적지65 | 1000스텝 | 배송 55/65 | 재적재 10 | 중계율 0.30 | alpha 3.056 | step_limit
Ep 242 | 드론4 목적지33 | 1000스텝 | 배송 32/33 | 재적재  4 | 중계율 0.33 | alpha 3.021 | step_limit
Ep 243 | 드론4 목적지41 |  651스텝 | 배송 41/41 | 재적재  6 | 중계율 0.28 | alpha 2.976 | complete
Ep 244 | 드론4 목적지50 | 1000스텝 | 배송 50/50 | 재적재  9 | 중계율 0.32 | alpha 2.984 | complete
Ep 245 | 드론3 목적지55 | 1000스텝 | 배송 52/55 | 재적재  8 | 중계율 0.32 | alpha 3.025 | step_limit
Ep 246 | 드론3 목적지48 |  867스텝 | 배송 48/48 | 재적재  9 | 중계율 0.28 | alpha 3.016 | complete
Ep 247 | 드론4 목적지73 | 1000스텝 | 배송 72/73 | 재적재 12 | 중계율 0.30 | alpha 3.030 | step_limit
Ep 248 | 드론3 목적지44 |  657스텝 | 배송 44/44 | 재적재  7 | 중계율 0.26 | alpha 3.032 | complete
Ep 249 | 드론4 목적지75 |  789스텝 | 배송 75/75 | 재적재 13 | 중계율 0.26 | alpha 2.991 | complete
Ep 250 | 드론4 목적지66 |  940스텝 | 배송 66/66 | 재적재 11 | 중계율 0.33 | alpha 3.048 | complete
  [홀드아웃] 배송 50.0±0.0 완주 1.00 스텝 963 점수 127.2 재적재 7.5 2홉+ 0.62 | 최고 127.2@ep250 정체 0/8  ← 갱신
Ep 251 | 드론3 목적지63 |  999스텝 | 배송 63/63 | 재적재 11 | 중계율 0.30 | alpha 3.011 | complete
Ep 252 | 드론3 목적지43 |  992스텝 | 배송 43/43 | 재적재  6 | 중계율 0.41 | alpha 3.011 | complete
Ep 253 | 드론4 목적지34 |  867스텝 | 배송 34/34 | 재적재  4 | 중계율 0.26 | alpha 3.004 | complete
Ep 254 | 드론4 목적지31 |  653스텝 | 배송 31/31 | 재적재  4 | 중계율 0.41 | alpha 2.947 | complete
Ep 255 | 드론3 목적지33 |  649스텝 | 배송 33/33 | 재적재  5 | 중계율 0.16 | alpha 2.971 | complete
Ep 256 | 드론4 목적지26 |  504스텝 | 배송 26/26 | 재적재  2 | 중계율 0.45 | alpha 2.970 | complete
Ep 257 | 드론3 목적지38 | 1000스텝 | 배송 37/38 | 재적재  7 | 중계율 0.31 | alpha 2.965 | step_limit
Ep 258 | 드론3 목적지58 | 1000스텝 | 배송 55/58 | 재적재 10 | 중계율 0.26 | alpha 3.029 | step_limit
Ep 259 | 드론4 목적지57 |  838스텝 | 배송 57/57 | 재적재  9 | 중계율 0.29 | alpha 3.016 | complete
Ep 260 | 드론3 목적지51 | 1000스텝 | 배송 43/51 | 재적재  7 | 중계율 0.42 | alpha 3.015 | step_limit
Ep 261 | 드론4 목적지34 |  511스텝 | 배송 34/34 | 재적재  6 | 중계율 0.18 | alpha 2.990 | complete
Ep 262 | 드론4 목적지20 |  228스텝 | 배송 20/20 | 재적재  2 | 중계율 0.26 | alpha 2.992 | complete
Ep 263 | 드론4 목적지26 |  343스텝 | 배송 26/26 | 재적재  4 | 중계율 0.14 | alpha 3.001 | complete
Ep 264 | 드론3 목적지34 |  826스텝 | 배송 34/34 | 재적재  5 | 중계율 0.34 | alpha 2.970 | complete
Ep 265 | 드론4 목적지44 |  507스텝 | 배송 44/44 | 재적재  7 | 중계율 0.17 | alpha 2.981 | complete
Ep 266 | 드론4 목적지80 | 1000스텝 | 배송 72/80 | 재적재 13 | 중계율 0.19 | alpha 2.956 | step_limit
Ep 267 | 드론3 목적지65 | 1000스텝 | 배송 54/65 | 재적재  8 | 중계율 0.32 | alpha 2.910 | step_limit
Ep 268 | 드론4 목적지20 |  357스텝 | 배송 20/20 | 재적재  2 | 중계율 0.19 | alpha 2.931 | complete
Ep 269 | 드론3 목적지40 |  613스텝 | 배송 40/40 | 재적재  6 | 중계율 0.18 | alpha 2.918 | complete
Ep 270 | 드론3 목적지65 | 1000스텝 | 배송 50/65 | 재적재  7 | 중계율 0.33 | alpha 2.926 | step_limit
Ep 271 | 드론4 목적지43 |  788스텝 | 배송 43/43 | 재적재  6 | 중계율 0.40 | alpha 2.903 | complete
Ep 272 | 드론4 목적지23 |  550스텝 | 배송 23/23 | 재적재  4 | 중계율 0.36 | alpha 2.911 | complete
Ep 273 | 드론4 목적지46 |  823스텝 | 배송 46/46 | 재적재  7 | 중계율 0.33 | alpha 2.885 | complete
Ep 274 | 드론3 목적지61 |  956스텝 | 배송 61/61 | 재적재 10 | 중계율 0.28 | alpha 2.870 | complete
Ep 275 | 드론4 목적지44 |  838스텝 | 배송 44/44 | 재적재  6 | 중계율 0.37 | alpha 2.910 | complete
Ep 276 | 드론4 목적지33 |  489스텝 | 배송 33/33 | 재적재  3 | 중계율 0.36 | alpha 2.906 | complete
Ep 277 | 드론4 목적지44 |  616스텝 | 배송 44/44 | 재적재  8 | 중계율 0.22 | alpha 2.871 | complete
Ep 278 | 드론4 목적지23 |  563스텝 | 배송 23/23 | 재적재  3 | 중계율 0.35 | alpha 2.844 | complete
Ep 279 | 드론4 목적지27 |  390스텝 | 배송 27/27 | 재적재  3 | 중계율 0.30 | alpha 2.847 | complete
Ep 280 | 드론4 목적지62 |  654스텝 | 배송 62/62 | 재적재 10 | 중계율 0.20 | alpha 2.829 | complete
Ep 281 | 드론4 목적지73 | 1000스텝 | 배송 66/73 | 재적재 11 | 중계율 0.17 | alpha 2.792 | step_limit
Ep 282 | 드론4 목적지76 |  844스텝 | 배송 76/76 | 재적재 13 | 중계율 0.22 | alpha 2.790 | complete
Ep 283 | 드론4 목적지69 |  695스텝 | 배송 69/69 | 재적재 11 | 중계율 0.21 | alpha 2.848 | complete
Ep 284 | 드론3 목적지49 |  827스텝 | 배송 49/49 | 재적재  7 | 중계율 0.30 | alpha 2.822 | complete
Ep 285 | 드론4 목적지21 |  443스텝 | 배송 21/21 | 재적재  2 | 중계율 0.29 | alpha 2.811 | complete
Ep 286 | 드론4 목적지28 |  442스텝 | 배송 28/28 | 재적재  3 | 중계율 0.36 | alpha 2.834 | complete
Ep 287 | 드론4 목적지48 | 1000스텝 | 배송 47/48 | 재적재  7 | 중계율 0.37 | alpha 2.799 | step_limit
Ep 288 | 드론3 목적지47 | 1000스텝 | 배송 45/47 | 재적재  8 | 중계율 0.24 | alpha 2.808 | step_limit
Ep 289 | 드론4 목적지67 | 1000스텝 | 배송 62/67 | 재적재 11 | 중계율 0.26 | alpha 2.758 | step_limit
Ep 290 | 드론3 목적지59 | 1000스텝 | 배송 42/59 | 재적재  6 | 중계율 0.28 | alpha 2.761 | step_limit
Ep 291 | 드론3 목적지21 |  399스텝 | 배송 21/21 | 재적재  3 | 중계율 0.21 | alpha 2.774 | complete
Ep 292 | 드론3 목적지29 |  935스텝 | 배송 29/29 | 재적재  5 | 중계율 0.31 | alpha 2.777 | complete
Ep 293 | 드론3 목적지47 | 1000스텝 | 배송 43/47 | 재적재  6 | 중계율 0.35 | alpha 2.772 | step_limit
Ep 294 | 드론4 목적지46 | 1000스텝 | 배송 44/46 | 재적재  5 | 중계율 0.46 | alpha 2.749 | step_limit
Ep 295 | 드론3 목적지67 | 1000스텝 | 배송 59/67 | 재적재  9 | 중계율 0.32 | alpha 2.745 | step_limit
Ep 296 | 드론4 목적지68 | 1000스텝 | 배송 61/68 | 재적재 10 | 중계율 0.29 | alpha 2.764 | step_limit
Ep 297 | 드론3 목적지52 |  977스텝 | 배송 52/52 | 재적재 10 | 중계율 0.30 | alpha 2.734 | complete
Ep 298 | 드론4 목적지70 | 1000스텝 | 배송 63/70 | 재적재 10 | 중계율 0.38 | alpha 2.692 | step_limit
Ep 299 | 드론4 목적지56 | 1000스텝 | 배송 54/56 | 재적재  8 | 중계율 0.40 | alpha 2.703 | step_limit
Ep 300 | 드론4 목적지42 |  776스텝 | 배송 42/42 | 재적재  7 | 중계율 0.32 | alpha 2.684 | complete
  [홀드아웃] 배송 49.9±0.4 완주 0.96 스텝 914 점수 124.1 재적재 7.3 2홉+ 0.63 | 최고 127.2@ep250 정체 1/8
Ep 301 | 드론3 목적지20 |  438스텝 | 배송 20/20 | 재적재  2 | 중계율 0.27 | alpha 2.754 | complete
Ep 302 | 드론3 목적지55 |  943스텝 | 배송 55/55 | 재적재  9 | 중계율 0.31 | alpha 2.755 | complete
Ep 303 | 드론3 목적지65 | 1000스텝 | 배송 60/65 | 재적재 12 | 중계율 0.30 | alpha 2.766 | step_limit
Ep 304 | 드론4 목적지69 |  885스텝 | 배송 69/69 | 재적재 12 | 중계율 0.26 | alpha 2.753 | complete
Ep 305 | 드론3 목적지66 | 1000스텝 | 배송 60/66 | 재적재 10 | 중계율 0.22 | alpha 2.727 | step_limit
Ep 306 | 드론4 목적지55 |  927스텝 | 배송 55/55 | 재적재  8 | 중계율 0.37 | alpha 2.767 | complete
Ep 307 | 드론4 목적지65 | 1000스텝 | 배송 55/65 | 재적재  9 | 중계율 0.39 | alpha 2.699 | step_limit
Ep 308 | 드론4 목적지22 |  491스텝 | 배송 22/22 | 재적재  3 | 중계율 0.35 | alpha 2.681 | complete
Ep 309 | 드론3 목적지44 |  948스텝 | 배송 44/44 | 재적재  6 | 중계율 0.39 | alpha 2.669 | complete
Ep 310 | 드론4 목적지45 |  679스텝 | 배송 45/45 | 재적재  7 | 중계율 0.35 | alpha 2.686 | complete
Ep 311 | 드론3 목적지58 | 1000스텝 | 배송 56/58 | 재적재  9 | 중계율 0.29 | alpha 2.628 | step_limit
Ep 312 | 드론3 목적지35 |  945스텝 | 배송 35/35 | 재적재  5 | 중계율 0.41 | alpha 2.650 | complete
Ep 313 | 드론4 목적지55 |  642스텝 | 배송 55/55 | 재적재  9 | 중계율 0.26 | alpha 2.654 | complete
Ep 314 | 드론4 목적지35 |  465스텝 | 배송 35/35 | 재적재  6 | 중계율 0.18 | alpha 2.675 | complete
Ep 315 | 드론4 목적지28 |  533스텝 | 배송 28/28 | 재적재  5 | 중계율 0.27 | alpha 2.654 | complete
Ep 316 | 드론3 목적지70 | 1000스텝 | 배송 60/70 | 재적재 11 | 중계율 0.31 | alpha 2.643 | step_limit
Ep 317 | 드론3 목적지41 |  908스텝 | 배송 41/41 | 재적재  7 | 중계율 0.36 | alpha 2.632 | complete
Ep 318 | 드론3 목적지69 | 1000스텝 | 배송 60/69 | 재적재  9 | 중계율 0.34 | alpha 2.632 | step_limit
Ep 319 | 드론3 목적지33 |  634스텝 | 배송 33/33 | 재적재  6 | 중계율 0.26 | alpha 2.610 | complete
Ep 320 | 드론3 목적지67 | 1000스텝 | 배송 60/67 | 재적재  9 | 중계율 0.35 | alpha 2.557 | step_limit
Ep 321 | 드론4 목적지76 | 1000스텝 | 배송 69/76 | 재적재 12 | 중계율 0.33 | alpha 2.576 | step_limit
Ep 322 | 드론3 목적지59 |  950스텝 | 배송 59/59 | 재적재  9 | 중계율 0.23 | alpha 2.554 | complete
Ep 323 | 드론4 목적지43 |  596스텝 | 배송 43/43 | 재적재  7 | 중계율 0.20 | alpha 2.575 | complete
Ep 324 | 드론3 목적지21 |  307스텝 | 배송 21/21 | 재적재  2 | 중계율 0.24 | alpha 2.542 | complete
Ep 325 | 드론3 목적지42 |  703스텝 | 배송 42/42 | 재적재  7 | 중계율 0.22 | alpha 2.543 | complete
Ep 326 | 드론3 목적지40 |  928스텝 | 배송 40/40 | 재적재  7 | 중계율 0.21 | alpha 2.495 | complete
Ep 327 | 드론4 목적지52 |  893스텝 | 배송 52/52 | 재적재  8 | 중계율 0.29 | alpha 2.451 | complete
Ep 328 | 드론4 목적지56 |  982스텝 | 배송 56/56 | 재적재  9 | 중계율 0.39 | alpha 2.456 | complete
Ep 329 | 드론4 목적지22 |  441스텝 | 배송 22/22 | 재적재  2 | 중계율 0.27 | alpha 2.468 | complete
Ep 330 | 드론4 목적지21 |  542스텝 | 배송 21/21 | 재적재  1 | 중계율 0.49 | alpha 2.522 | complete
Ep 331 | 드론4 목적지79 | 1000스텝 | 배송 56/79 | 재적재  9 | 중계율 0.33 | alpha 2.490 | step_limit
Ep 332 | 드론4 목적지42 |  633스텝 | 배송 42/42 | 재적재  7 | 중계율 0.23 | alpha 2.474 | complete
Ep 333 | 드론3 목적지75 | 1000스텝 | 배송 65/75 | 재적재 10 | 중계율 0.27 | alpha 2.510 | step_limit
Ep 334 | 드론4 목적지51 |  643스텝 | 배송 51/51 | 재적재  8 | 중계율 0.25 | alpha 2.481 | complete
Ep 335 | 드론4 목적지60 |  903스텝 | 배송 60/60 | 재적재  9 | 중계율 0.37 | alpha 2.405 | complete
Ep 336 | 드론3 목적지62 | 1000스텝 | 배송 55/62 | 재적재  9 | 중계율 0.32 | alpha 2.442 | step_limit
Ep 337 | 드론3 목적지72 | 1000스텝 | 배송 55/72 | 재적재 11 | 중계율 0.35 | alpha 2.475 | step_limit
Ep 338 | 드론3 목적지60 | 1000스텝 | 배송 54/60 | 재적재  8 | 중계율 0.32 | alpha 2.463 | step_limit
Ep 339 | 드론4 목적지50 |  574스텝 | 배송 50/50 | 재적재  7 | 중계율 0.17 | alpha 2.512 | complete
Ep 340 | 드론3 목적지80 | 1000스텝 | 배송 70/80 | 재적재 12 | 중계율 0.24 | alpha 2.499 | step_limit
Ep 341 | 드론4 목적지38 |  623스텝 | 배송 38/38 | 재적재  5 | 중계율 0.32 | alpha 2.500 | complete
Ep 342 | 드론4 목적지57 |  762스텝 | 배송 57/57 | 재적재 10 | 중계율 0.26 | alpha 2.542 | complete
Ep 343 | 드론4 목적지43 |  415스텝 | 배송 43/43 | 재적재  7 | 중계율 0.14 | alpha 2.511 | complete
Ep 344 | 드론3 목적지77 | 1000스텝 | 배송 65/77 | 재적재 11 | 중계율 0.27 | alpha 2.532 | step_limit
Ep 345 | 드론4 목적지40 |  530스텝 | 배송 40/40 | 재적재  5 | 중계율 0.23 | alpha 2.550 | complete
Ep 346 | 드론3 목적지74 | 1000스텝 | 배송 65/74 | 재적재 11 | 중계율 0.30 | alpha 2.493 | step_limit
Ep 347 | 드론3 목적지45 |  849스텝 | 배송 45/45 | 재적재  7 | 중계율 0.25 | alpha 2.491 | complete
Ep 348 | 드론3 목적지68 | 1000스텝 | 배송 67/68 | 재적재 12 | 중계율 0.18 | alpha 2.504 | step_limit
Ep 349 | 드론4 목적지69 |  899스텝 | 배송 69/69 | 재적재 12 | 중계율 0.24 | alpha 2.459 | complete
Ep 350 | 드론3 목적지62 |  806스텝 | 배송 62/62 | 재적재 10 | 중계율 0.21 | alpha 2.496 | complete
  [홀드아웃] 배송 49.9±0.3 완주 0.95 스텝 912 점수 122.8 재적재 7.1 2홉+ 0.62 | 최고 127.2@ep250 정체 2/8
Ep 351 | 드론4 목적지41 |  553스텝 | 배송 41/41 | 재적재  6 | 중계율 0.27 | alpha 2.511 | complete
Ep 352 | 드론4 목적지38 |  480스텝 | 배송 38/38 | 재적재  5 | 중계율 0.19 | alpha 2.479 | complete
Ep 353 | 드론4 목적지68 |  845스텝 | 배송 68/68 | 재적재 11 | 중계율 0.26 | alpha 2.473 | complete
Ep 354 | 드론4 목적지64 |  723스텝 | 배송 64/64 | 재적재 12 | 중계율 0.23 | alpha 2.478 | complete
Ep 355 | 드론4 목적지58 |  818스텝 | 배송 58/58 | 재적재  9 | 중계율 0.26 | alpha 2.462 | complete
Ep 356 | 드론3 목적지48 | 1000스텝 | 배송 47/48 | 재적재  7 | 중계율 0.29 | alpha 2.526 | step_limit
Ep 357 | 드론4 목적지72 | 1000스텝 | 배송 59/72 | 재적재 11 | 중계율 0.33 | alpha 2.503 | step_limit
Ep 358 | 드론3 목적지74 | 1000스텝 | 배송 67/74 | 재적재 12 | 중계율 0.21 | alpha 2.469 | step_limit
Ep 359 | 드론3 목적지26 |  543스텝 | 배송 26/26 | 재적재  3 | 중계율 0.22 | alpha 2.466 | complete
Ep 360 | 드론3 목적지75 | 1000스텝 | 배송 62/75 | 재적재 10 | 중계율 0.26 | alpha 2.518 | step_limit
Ep 361 | 드론4 목적지64 |  907스텝 | 배송 64/64 | 재적재 12 | 중계율 0.33 | alpha 2.502 | complete
Ep 362 | 드론4 목적지66 |  988스텝 | 배송 66/66 | 재적재 12 | 중계율 0.25 | alpha 2.526 | complete
Ep 363 | 드론3 목적지72 | 1000스텝 | 배송 64/72 | 재적재 10 | 중계율 0.29 | alpha 2.468 | step_limit
Ep 364 | 드론4 목적지69 | 1000스텝 | 배송 65/69 | 재적재 11 | 중계율 0.29 | alpha 2.468 | step_limit
Ep 365 | 드론3 목적지76 | 1000스텝 | 배송 69/76 | 재적재 12 | 중계율 0.28 | alpha 2.474 | step_limit
Ep 366 | 드론4 목적지50 |  665스텝 | 배송 50/50 | 재적재  8 | 중계율 0.30 | alpha 2.485 | complete
Ep 367 | 드론4 목적지66 |  929스텝 | 배송 66/66 | 재적재 10 | 중계율 0.33 | alpha 2.474 | complete
Ep 368 | 드론4 목적지64 | 1000스텝 | 배송 63/64 | 재적재 11 | 중계율 0.26 | alpha 2.465 | step_limit
Ep 369 | 드론4 목적지71 |  989스텝 | 배송 71/71 | 재적재 11 | 중계율 0.34 | alpha 2.425 | complete
Ep 370 | 드론4 목적지35 |  446스텝 | 배송 35/35 | 재적재  6 | 중계율 0.17 | alpha 2.436 | complete
Ep 371 | 드론4 목적지59 |  941스텝 | 배송 59/59 | 재적재  9 | 중계율 0.32 | alpha 2.424 | complete
Ep 372 | 드론4 목적지42 |  711스텝 | 배송 42/42 | 재적재  7 | 중계율 0.31 | alpha 2.389 | complete
Ep 373 | 드론3 목적지59 | 1000스텝 | 배송 55/59 | 재적재  9 | 중계율 0.33 | alpha 2.380 | step_limit
Ep 374 | 드론4 목적지44 |  600스텝 | 배송 44/44 | 재적재  7 | 중계율 0.22 | alpha 2.392 | complete
Ep 375 | 드론4 목적지67 |  976스텝 | 배송 67/67 | 재적재 12 | 중계율 0.32 | alpha 2.408 | complete
Ep 376 | 드론4 목적지36 |  458스텝 | 배송 36/36 | 재적재  4 | 중계율 0.20 | alpha 2.381 | complete
Ep 377 | 드론4 목적지28 |  467스텝 | 배송 28/28 | 재적재  3 | 중계율 0.30 | alpha 2.383 | complete
Ep 378 | 드론4 목적지40 |  749스텝 | 배송 40/40 | 재적재  7 | 중계율 0.38 | alpha 2.393 | complete
Ep 379 | 드론3 목적지70 | 1000스텝 | 배송 67/70 | 재적재 13 | 중계율 0.24 | alpha 2.441 | step_limit
Ep 380 | 드론4 목적지29 |  477스텝 | 배송 29/29 | 재적재  4 | 중계율 0.28 | alpha 2.400 | complete
Ep 381 | 드론4 목적지33 |  719스텝 | 배송 33/33 | 재적재  5 | 중계율 0.28 | alpha 2.384 | complete
Ep 382 | 드론3 목적지20 |  380스텝 | 배송 20/20 | 재적재  3 | 중계율 0.18 | alpha 2.413 | complete
Ep 383 | 드론3 목적지56 | 1000스텝 | 배송 50/56 | 재적재 10 | 중계율 0.35 | alpha 2.427 | step_limit
Ep 384 | 드론4 목적지29 |  514스텝 | 배송 29/29 | 재적재  4 | 중계율 0.34 | alpha 2.409 | complete
Ep 385 | 드론3 목적지78 | 1000스텝 | 배송 75/78 | 재적재 13 | 중계율 0.23 | alpha 2.462 | step_limit
Ep 386 | 드론3 목적지20 |  362스텝 | 배송 20/20 | 재적재  3 | 중계율 0.19 | alpha 2.422 | complete
Ep 387 | 드론4 목적지31 |  534스텝 | 배송 31/31 | 재적재  4 | 중계율 0.20 | alpha 2.407 | complete
Ep 388 | 드론4 목적지22 |  346스텝 | 배송 22/22 | 재적재  1 | 중계율 0.34 | alpha 2.422 | complete
Ep 389 | 드론3 목적지67 | 1000스텝 | 배송 64/67 | 재적재 10 | 중계율 0.35 | alpha 2.378 | step_limit
Ep 390 | 드론4 목적지29 |  780스텝 | 배송 25/29 | 재적재  4 | 중계율 0.31 | alpha 2.343 | no_progress
Ep 391 | 드론3 목적지76 | 1000스텝 | 배송 62/76 | 재적재 10 | 중계율 0.33 | alpha 2.366 | step_limit
Ep 392 | 드론3 목적지52 | 1000스텝 | 배송 47/52 | 재적재  8 | 중계율 0.25 | alpha 2.349 | step_limit
Ep 393 | 드론3 목적지77 | 1000스텝 | 배송 70/77 | 재적재 12 | 중계율 0.28 | alpha 2.357 | step_limit
Ep 394 | 드론3 목적지40 |  768스텝 | 배송 40/40 | 재적재  6 | 중계율 0.35 | alpha 2.343 | complete
Ep 395 | 드론4 목적지21 |  628스텝 | 배송 21/21 | 재적재  2 | 중계율 0.33 | alpha 2.348 | complete
Ep 396 | 드론3 목적지33 |  582스텝 | 배송 33/33 | 재적재  4 | 중계율 0.30 | alpha 2.349 | complete
Ep 397 | 드론4 목적지28 |  492스텝 | 배송 28/28 | 재적재  3 | 중계율 0.40 | alpha 2.350 | complete
Ep 398 | 드론3 목적지31 |  532스텝 | 배송 31/31 | 재적재  5 | 중계율 0.28 | alpha 2.334 | complete
Ep 399 | 드론3 목적지60 | 1000스텝 | 배송 56/60 | 재적재  9 | 중계율 0.33 | alpha 2.344 | step_limit
Ep 400 | 드론4 목적지67 | 1000스텝 | 배송 50/67 | 재적재  9 | 중계율 0.38 | alpha 2.357 | step_limit
  [홀드아웃] 배송 49.6±2.8 완주 0.96 스텝 893 점수 124.3 재적재 6.9 2홉+ 0.63 | 최고 127.2@ep250 정체 3/8
Ep 401 | 드론4 목적지33 |  613스텝 | 배송 33/33 | 재적재  4 | 중계율 0.35 | alpha 2.349 | complete
Ep 402 | 드론4 목적지60 |  748스텝 | 배송 60/60 | 재적재 11 | 중계율 0.26 | alpha 2.334 | complete
Ep 403 | 드론3 목적지34 |  996스텝 | 배송 34/34 | 재적재  4 | 중계율 0.39 | alpha 2.318 | complete
Ep 404 | 드론4 목적지39 |  512스텝 | 배송 39/39 | 재적재  6 | 중계율 0.28 | alpha 2.347 | complete
Ep 405 | 드론4 목적지59 |  850스텝 | 배송 59/59 | 재적재 10 | 중계율 0.21 | alpha 2.351 | complete
Ep 406 | 드론4 목적지63 |  988스텝 | 배송 63/63 | 재적재 11 | 중계율 0.33 | alpha 2.353 | complete
Ep 407 | 드론4 목적지77 |  916스텝 | 배송 77/77 | 재적재 15 | 중계율 0.26 | alpha 2.378 | complete
Ep 408 | 드론3 목적지33 |  973스텝 | 배송 33/33 | 재적재  5 | 중계율 0.25 | alpha 2.349 | complete
Ep 409 | 드론4 목적지75 | 1000스텝 | 배송 71/75 | 재적재 12 | 중계율 0.30 | alpha 2.301 | step_limit
Ep 410 | 드론3 목적지52 |  918스텝 | 배송 52/52 | 재적재 10 | 중계율 0.27 | alpha 2.330 | complete
Ep 411 | 드론3 목적지20 |  492스텝 | 배송 20/20 | 재적재  3 | 중계율 0.31 | alpha 2.376 | complete
Ep 412 | 드론4 목적지79 | 1000스텝 | 배송 71/79 | 재적재 12 | 중계율 0.24 | alpha 2.374 | step_limit
Ep 413 | 드론3 목적지41 |  665스텝 | 배송 41/41 | 재적재  7 | 중계율 0.30 | alpha 2.371 | complete
Ep 414 | 드론4 목적지71 |  991스텝 | 배송 71/71 | 재적재 13 | 중계율 0.28 | alpha 2.362 | complete
Ep 415 | 드론3 목적지67 | 1000스텝 | 배송 65/67 | 재적재 11 | 중계율 0.18 | alpha 2.379 | step_limit
Ep 416 | 드론3 목적지21 |  415스텝 | 배송 21/21 | 재적재  3 | 중계율 0.24 | alpha 2.328 | complete
Ep 417 | 드론4 목적지59 |  734스텝 | 배송 59/59 | 재적재 10 | 중계율 0.26 | alpha 2.324 | complete
Ep 418 | 드론4 목적지23 |  766스텝 | 배송 23/23 | 재적재  4 | 중계율 0.38 | alpha 2.294 | complete
Ep 419 | 드론3 목적지56 | 1000스텝 | 배송 54/56 | 재적재  8 | 중계율 0.38 | alpha 2.363 | step_limit
Ep 420 | 드론4 목적지28 |  443스텝 | 배송 28/28 | 재적재  4 | 중계율 0.26 | alpha 2.368 | complete
Ep 421 | 드론3 목적지40 | 1000스텝 | 배송 38/40 | 재적재  6 | 중계율 0.36 | alpha 2.340 | step_limit
Ep 422 | 드론4 목적지41 |  975스텝 | 배송 41/41 | 재적재  6 | 중계율 0.46 | alpha 2.364 | complete
Ep 423 | 드론3 목적지45 |  894스텝 | 배송 45/45 | 재적재  6 | 중계율 0.37 | alpha 2.390 | complete
Ep 424 | 드론4 목적지62 | 1000스텝 | 배송 61/62 | 재적재 10 | 중계율 0.33 | alpha 2.348 | step_limit
Ep 425 | 드론3 목적지63 | 1000스텝 | 배송 54/63 | 재적재 10 | 중계율 0.35 | alpha 2.324 | step_limit
Ep 426 | 드론4 목적지51 |  979스텝 | 배송 51/51 | 재적재  8 | 중계율 0.19 | alpha 2.361 | complete
Ep 427 | 드론4 목적지24 |  605스텝 | 배송 24/24 | 재적재  4 | 중계율 0.33 | alpha 2.345 | complete
Ep 428 | 드론4 목적지66 | 1000스텝 | 배송 57/66 | 재적재  8 | 중계율 0.38 | alpha 2.373 | step_limit
Ep 429 | 드론4 목적지44 |  778스텝 | 배송 44/44 | 재적재  6 | 중계율 0.41 | alpha 2.389 | complete
Ep 430 | 드론3 목적지50 | 1000스텝 | 배송 44/50 | 재적재  6 | 중계율 0.35 | alpha 2.451 | step_limit
Ep 431 | 드론4 목적지56 | 1000스텝 | 배송 55/56 | 재적재  8 | 중계율 0.45 | alpha 2.399 | step_limit
Ep 432 | 드론3 목적지31 |  624스텝 | 배송 31/31 | 재적재  5 | 중계율 0.29 | alpha 2.396 | complete
Ep 433 | 드론3 목적지66 | 1000스텝 | 배송 56/66 | 재적재 10 | 중계율 0.23 | alpha 2.371 | step_limit
Ep 434 | 드론3 목적지40 |  996스텝 | 배송 40/40 | 재적재  7 | 중계율 0.25 | alpha 2.347 | complete
Ep 435 | 드론3 목적지57 | 1000스텝 | 배송 48/57 | 재적재  9 | 중계율 0.28 | alpha 2.334 | step_limit
Ep 436 | 드론3 목적지48 |  929스텝 | 배송 48/48 | 재적재  7 | 중계율 0.35 | alpha 2.361 | complete
Ep 437 | 드론4 목적지69 | 1000스텝 | 배송 63/69 | 재적재 11 | 중계율 0.32 | alpha 2.436 | step_limit
Ep 438 | 드론3 목적지59 | 1000스텝 | 배송 54/59 | 재적재  8 | 중계율 0.38 | alpha 2.393 | step_limit
Ep 439 | 드론4 목적지68 |  653스텝 | 배송 68/68 | 재적재 12 | 중계율 0.19 | alpha 2.399 | complete
Ep 440 | 드론3 목적지24 |  576스텝 | 배송 24/24 | 재적재  2 | 중계율 0.36 | alpha 2.370 | complete
Ep 441 | 드론4 목적지71 |  818스텝 | 배송 71/71 | 재적재 12 | 중계율 0.27 | alpha 2.377 | complete
Ep 442 | 드론3 목적지37 |  749스텝 | 배송 37/37 | 재적재  6 | 중계율 0.26 | alpha 2.391 | complete
Ep 443 | 드론4 목적지59 |  717스텝 | 배송 59/59 | 재적재 10 | 중계율 0.17 | alpha 2.344 | complete
Ep 444 | 드론3 목적지36 |  710스텝 | 배송 36/36 | 재적재  6 | 중계율 0.25 | alpha 2.381 | complete
Ep 445 | 드론3 목적지61 | 1000스텝 | 배송 54/61 | 재적재 10 | 중계율 0.33 | alpha 2.337 | step_limit
Ep 446 | 드론3 목적지45 |  837스텝 | 배송 45/45 | 재적재  7 | 중계율 0.32 | alpha 2.340 | complete
Ep 447 | 드론3 목적지77 | 1000스텝 | 배송 62/77 | 재적재 11 | 중계율 0.30 | alpha 2.379 | step_limit
Ep 448 | 드론3 목적지28 |  855스텝 | 배송 28/28 | 재적재  5 | 중계율 0.35 | alpha 2.404 | complete
Ep 449 | 드론4 목적지63 | 1000스텝 | 배송 50/63 | 재적재  9 | 중계율 0.35 | alpha 2.426 | step_limit
Ep 450 | 드론4 목적지38 |  819스텝 | 배송 38/38 | 재적재  5 | 중계율 0.30 | alpha 2.412 | complete
  [홀드아웃] 배송 49.8±2.2 완주 0.99 스텝 890 점수 126.9 재적재 7.0 2홉+ 0.62 | 최고 127.2@ep250 정체 4/8
Ep 451 | 드론3 목적지39 |  906스텝 | 배송 39/39 | 재적재  6 | 중계율 0.34 | alpha 2.371 | complete
Ep 452 | 드론3 목적지29 |  803스텝 | 배송 29/29 | 재적재  4 | 중계율 0.32 | alpha 2.370 | complete
Ep 453 | 드론3 목적지23 |  423스텝 | 배송 23/23 | 재적재  3 | 중계율 0.30 | alpha 2.375 | complete
Ep 454 | 드론3 목적지30 |  631스텝 | 배송 30/30 | 재적재  4 | 중계율 0.29 | alpha 2.357 | complete
Ep 455 | 드론4 목적지66 |  904스텝 | 배송 66/66 | 재적재 12 | 중계율 0.19 | alpha 2.349 | complete
Ep 456 | 드론4 목적지57 |  954스텝 | 배송 57/57 | 재적재  8 | 중계율 0.42 | alpha 2.391 | complete
Ep 457 | 드론3 목적지29 |  604스텝 | 배송 29/29 | 재적재  4 | 중계율 0.29 | alpha 2.396 | complete
Ep 458 | 드론4 목적지20 |  289스텝 | 배송 20/20 | 재적재  1 | 중계율 0.27 | alpha 2.403 | complete
Ep 459 | 드론3 목적지35 |  795스텝 | 배송 35/35 | 재적재  5 | 중계율 0.38 | alpha 2.401 | complete
Ep 460 | 드론3 목적지52 |  974스텝 | 배송 52/52 | 재적재  9 | 중계율 0.33 | alpha 2.394 | complete
Ep 461 | 드론3 목적지55 | 1000스텝 | 배송 54/55 | 재적재 10 | 중계율 0.30 | alpha 2.333 | step_limit
Ep 462 | 드론3 목적지56 | 1000스텝 | 배송 55/56 | 재적재 10 | 중계율 0.25 | alpha 2.347 | step_limit
Ep 463 | 드론3 목적지51 | 1000스텝 | 배송 45/51 | 재적재  9 | 중계율 0.33 | alpha 2.333 | step_limit
Ep 464 | 드론4 목적지24 |  307스텝 | 배송 24/24 | 재적재  3 | 중계율 0.28 | alpha 2.319 | complete
Ep 465 | 드론3 목적지31 |  589스텝 | 배송 31/31 | 재적재  6 | 중계율 0.29 | alpha 2.341 | complete
Ep 466 | 드론4 목적지68 | 1000스텝 | 배송 58/68 | 재적재  8 | 중계율 0.35 | alpha 2.330 | step_limit
Ep 467 | 드론4 목적지50 | 1000스텝 | 배송 48/50 | 재적재  7 | 중계율 0.30 | alpha 2.373 | step_limit
Ep 468 | 드론4 목적지57 | 1000스텝 | 배송 54/57 | 재적재  9 | 중계율 0.35 | alpha 2.337 | step_limit
Ep 469 | 드론4 목적지53 |  847스텝 | 배송 53/53 | 재적재  8 | 중계율 0.35 | alpha 2.357 | complete
Ep 470 | 드론3 목적지29 |  609스텝 | 배송 29/29 | 재적재  5 | 중계율 0.30 | alpha 2.349 | complete
Ep 471 | 드론3 목적지46 |  970스텝 | 배송 46/46 | 재적재  7 | 중계율 0.37 | alpha 2.320 | complete
Ep 472 | 드론3 목적지32 | 1000스텝 | 배송 31/32 | 재적재  5 | 중계율 0.37 | alpha 2.317 | step_limit
Ep 473 | 드론3 목적지25 |  450스텝 | 배송 25/25 | 재적재  3 | 중계율 0.18 | alpha 2.324 | complete
Ep 474 | 드론4 목적지76 |  967스텝 | 배송 76/76 | 재적재 13 | 중계율 0.26 | alpha 2.297 | complete
Ep 475 | 드론4 목적지38 |  506스텝 | 배송 38/38 | 재적재  6 | 중계율 0.23 | alpha 2.288 | complete
Ep 476 | 드론4 목적지56 |  893스텝 | 배송 56/56 | 재적재  8 | 중계율 0.35 | alpha 2.279 | complete
Ep 477 | 드론3 목적지36 |  745스텝 | 배송 36/36 | 재적재  6 | 중계율 0.38 | alpha 2.288 | complete
Ep 478 | 드론4 목적지79 | 1000스텝 | 배송 76/79 | 재적재 13 | 중계율 0.31 | alpha 2.293 | step_limit
Ep 479 | 드론4 목적지66 |  773스텝 | 배송 66/66 | 재적재 12 | 중계율 0.26 | alpha 2.288 | complete
Ep 480 | 드론3 목적지35 |  737스텝 | 배송 35/35 | 재적재  5 | 중계율 0.34 | alpha 2.297 | complete
Ep 481 | 드론4 목적지28 |  441스텝 | 배송 28/28 | 재적재  4 | 중계율 0.31 | alpha 2.321 | complete
Ep 482 | 드론4 목적지77 | 1000스텝 | 배송 61/77 | 재적재 10 | 중계율 0.29 | alpha 2.269 | step_limit
Ep 483 | 드론3 목적지50 |  881스텝 | 배송 50/50 | 재적재  8 | 중계율 0.33 | alpha 2.317 | complete
Ep 484 | 드론4 목적지27 |  405스텝 | 배송 27/27 | 재적재  4 | 중계율 0.25 | alpha 2.338 | complete
Ep 485 | 드론4 목적지44 |  822스텝 | 배송 44/44 | 재적재  5 | 중계율 0.44 | alpha 2.297 | complete
Ep 486 | 드론3 목적지47 |  806스텝 | 배송 47/47 | 재적재  8 | 중계율 0.23 | alpha 2.270 | complete
Ep 487 | 드론3 목적지40 |  721스텝 | 배송 40/40 | 재적재  5 | 중계율 0.24 | alpha 2.241 | complete
Ep 488 | 드론3 목적지60 |  909스텝 | 배송 60/60 | 재적재 11 | 중계율 0.24 | alpha 2.240 | complete
Ep 489 | 드론3 목적지60 | 1000스텝 | 배송 57/60 | 재적재 11 | 중계율 0.25 | alpha 2.290 | step_limit
Ep 490 | 드론4 목적지29 |  652스텝 | 배송 29/29 | 재적재  4 | 중계율 0.46 | alpha 2.314 | complete
Ep 491 | 드론3 목적지28 |  498스텝 | 배송 28/28 | 재적재  3 | 중계율 0.29 | alpha 2.316 | complete
Ep 492 | 드론4 목적지52 | 1000스텝 | 배송 51/52 | 재적재 10 | 중계율 0.40 | alpha 2.275 | step_limit
Ep 493 | 드론3 목적지35 |  877스텝 | 배송 35/35 | 재적재  5 | 중계율 0.35 | alpha 2.310 | complete
Ep 494 | 드론3 목적지73 | 1000스텝 | 배송 60/73 | 재적재 10 | 중계율 0.27 | alpha 2.294 | step_limit
Ep 495 | 드론4 목적지74 |  892스텝 | 배송 74/74 | 재적재 13 | 중계율 0.22 | alpha 2.250 | complete
Ep 496 | 드론4 목적지33 |  389스텝 | 배송 33/33 | 재적재  5 | 중계율 0.28 | alpha 2.261 | complete
Ep 497 | 드론3 목적지45 |  916스텝 | 배송 45/45 | 재적재  8 | 중계율 0.31 | alpha 2.233 | complete
Ep 498 | 드론4 목적지41 |  758스텝 | 배송 41/41 | 재적재  6 | 중계율 0.37 | alpha 2.283 | complete
Ep 499 | 드론3 목적지45 |  875스텝 | 배송 45/45 | 재적재  7 | 중계율 0.37 | alpha 2.246 | complete
Ep 500 | 드론3 목적지33 |  624스텝 | 배송 33/33 | 재적재  5 | 중계율 0.33 | alpha 2.239 | complete
  [홀드아웃] 배송 49.6±2.6 완주 0.95 스텝 901 점수 123.0 재적재 6.9 2홉+ 0.62 | 최고 127.2@ep250 정체 5/8
Ep 501 | 드론4 목적지56 |  646스텝 | 배송 56/56 | 재적재  9 | 중계율 0.24 | alpha 2.277 | complete
Ep 502 | 드론3 목적지27 |  644스텝 | 배송 27/27 | 재적재  4 | 중계율 0.24 | alpha 2.276 | complete
Ep 503 | 드론4 목적지62 |  833스텝 | 배송 62/62 | 재적재 10 | 중계율 0.31 | alpha 2.314 | complete
Ep 504 | 드론4 목적지40 |  722스텝 | 배송 40/40 | 재적재  6 | 중계율 0.32 | alpha 2.258 | complete
Ep 505 | 드론4 목적지48 |  751스텝 | 배송 48/48 | 재적재  7 | 중계율 0.36 | alpha 2.304 | complete
Ep 506 | 드론4 목적지41 |  583스텝 | 배송 41/41 | 재적재  7 | 중계율 0.22 | alpha 2.297 | complete
Ep 507 | 드론4 목적지57 |  963스텝 | 배송 57/57 | 재적재  8 | 중계율 0.41 | alpha 2.263 | complete
Ep 508 | 드론4 목적지27 |  547스텝 | 배송 27/27 | 재적재  3 | 중계율 0.36 | alpha 2.262 | complete
Ep 509 | 드론4 목적지69 | 1000스텝 | 배송 64/69 | 재적재 11 | 중계율 0.35 | alpha 2.247 | step_limit
Ep 510 | 드론3 목적지67 | 1000스텝 | 배송 54/67 | 재적재  9 | 중계율 0.34 | alpha 2.253 | step_limit
Ep 511 | 드론3 목적지30 |  478스텝 | 배송 30/30 | 재적재  3 | 중계율 0.24 | alpha 2.232 | complete
Ep 512 | 드론3 목적지22 |  431스텝 | 배송 22/22 | 재적재  2 | 중계율 0.33 | alpha 2.225 | complete
Ep 513 | 드론3 목적지31 |  847스텝 | 배송 31/31 | 재적재  5 | 중계율 0.32 | alpha 2.201 | complete
Ep 514 | 드론4 목적지75 |  920스텝 | 배송 75/75 | 재적재 13 | 중계율 0.22 | alpha 2.194 | complete
Ep 515 | 드론4 목적지33 |  459스텝 | 배송 33/33 | 재적재  4 | 중계율 0.28 | alpha 2.206 | complete
Ep 516 | 드론4 목적지22 |  358스텝 | 배송 22/22 | 재적재  2 | 중계율 0.23 | alpha 2.214 | complete
Ep 517 | 드론3 목적지57 |  769스텝 | 배송 57/57 | 재적재 10 | 중계율 0.23 | alpha 2.219 | complete
Ep 518 | 드론4 목적지45 |  906스텝 | 배송 45/45 | 재적재  7 | 중계율 0.38 | alpha 2.226 | complete
Ep 519 | 드론3 목적지53 | 1000스텝 | 배송 50/53 | 재적재  9 | 중계율 0.37 | alpha 2.284 | step_limit
Ep 520 | 드론3 목적지62 | 1000스텝 | 배송 56/62 | 재적재 10 | 중계율 0.26 | alpha 2.243 | step_limit
Ep 521 | 드론4 목적지42 |  499스텝 | 배송 42/42 | 재적재  6 | 중계율 0.25 | alpha 2.240 | complete
Ep 522 | 드론4 목적지54 |  844스텝 | 배송 54/54 | 재적재  8 | 중계율 0.24 | alpha 2.256 | complete
Ep 523 | 드론3 목적지32 |  519스텝 | 배송 32/32 | 재적재  4 | 중계율 0.25 | alpha 2.253 | complete
Ep 524 | 드론3 목적지64 | 1000스텝 | 배송 55/64 | 재적재  8 | 중계율 0.41 | alpha 2.224 | step_limit
Ep 525 | 드론3 목적지48 | 1000스텝 | 배송 47/48 | 재적재  7 | 중계율 0.24 | alpha 2.268 | step_limit
Ep 526 | 드론3 목적지66 | 1000스텝 | 배송 54/66 | 재적재  9 | 중계율 0.33 | alpha 2.298 | step_limit
Ep 527 | 드론4 목적지20 |  334스텝 | 배송 20/20 | 재적재  2 | 중계율 0.29 | alpha 2.295 | complete
Ep 528 | 드론3 목적지52 | 1000스텝 | 배송 48/52 | 재적재  9 | 중계율 0.31 | alpha 2.323 | step_limit
Ep 529 | 드론3 목적지49 |  770스텝 | 배송 49/49 | 재적재  7 | 중계율 0.26 | alpha 2.312 | complete
Ep 530 | 드론3 목적지61 | 1000스텝 | 배송 57/61 | 재적재  9 | 중계율 0.31 | alpha 2.227 | step_limit
Ep 531 | 드론3 목적지20 |  421스텝 | 배송 20/20 | 재적재  3 | 중계율 0.36 | alpha 2.229 | complete
Ep 532 | 드론4 목적지66 |  857스텝 | 배송 66/66 | 재적재 11 | 중계율 0.26 | alpha 2.239 | complete
Ep 533 | 드론4 목적지72 | 1000스텝 | 배송 61/72 | 재적재 10 | 중계율 0.39 | alpha 2.198 | step_limit
Ep 534 | 드론3 목적지71 | 1000스텝 | 배송 59/71 | 재적재  9 | 중계율 0.38 | alpha 2.201 | step_limit
Ep 535 | 드론3 목적지31 |  775스텝 | 배송 31/31 | 재적재  6 | 중계율 0.39 | alpha 2.232 | complete
Ep 536 | 드론3 목적지58 | 1000스텝 | 배송 55/58 | 재적재  9 | 중계율 0.34 | alpha 2.263 | step_limit
Ep 537 | 드론3 목적지73 | 1000스텝 | 배송 60/73 | 재적재  9 | 중계율 0.31 | alpha 2.313 | step_limit
Ep 538 | 드론3 목적지72 | 1000스텝 | 배송 52/72 | 재적재  9 | 중계율 0.20 | alpha 2.309 | step_limit
Ep 539 | 드론3 목적지28 |  553스텝 | 배송 28/28 | 재적재  4 | 중계율 0.20 | alpha 2.325 | complete
Ep 540 | 드론3 목적지53 | 1000스텝 | 배송 47/53 | 재적재  7 | 중계율 0.34 | alpha 2.261 | step_limit
Ep 541 | 드론3 목적지44 |  948스텝 | 배송 44/44 | 재적재  7 | 중계율 0.31 | alpha 2.215 | complete
Ep 542 | 드론4 목적지42 |  744스텝 | 배송 42/42 | 재적재  6 | 중계율 0.35 | alpha 2.242 | complete
Ep 543 | 드론3 목적지33 |  713스텝 | 배송 33/33 | 재적재  5 | 중계율 0.40 | alpha 2.243 | complete
Ep 544 | 드론4 목적지62 |  773스텝 | 배송 62/62 | 재적재 10 | 중계율 0.21 | alpha 2.229 | complete
Ep 545 | 드론4 목적지41 |  870스텝 | 배송 41/41 | 재적재  5 | 중계율 0.41 | alpha 2.260 | complete
Ep 546 | 드론3 목적지50 | 1000스텝 | 배송 42/50 | 재적재  8 | 중계율 0.33 | alpha 2.266 | step_limit
Ep 547 | 드론4 목적지72 | 1000스텝 | 배송 69/72 | 재적재 11 | 중계율 0.26 | alpha 2.214 | step_limit
Ep 548 | 드론3 목적지74 | 1000스텝 | 배송 62/74 | 재적재 11 | 중계율 0.21 | alpha 2.258 | step_limit
Ep 549 | 드론3 목적지47 | 1000스텝 | 배송 46/47 | 재적재  7 | 중계율 0.30 | alpha 2.291 | step_limit
Ep 550 | 드론3 목적지22 |  524스텝 | 배송 22/22 | 재적재  2 | 중계율 0.37 | alpha 2.282 | complete
  [홀드아웃] 배송 49.9±0.7 완주 0.96 스텝 897 점수 124.3 재적재 7.1 2홉+ 0.63 | 최고 127.2@ep250 정체 6/8
Ep 551 | 드론3 목적지50 | 1000스텝 | 배송 40/50 | 재적재  5 | 중계율 0.34 | alpha 2.285 | step_limit
Ep 552 | 드론4 목적지54 |  715스텝 | 배송 54/54 | 재적재  9 | 중계율 0.33 | alpha 2.255 | complete
Ep 553 | 드론4 목적지29 |  535스텝 | 배송 29/29 | 재적재  3 | 중계율 0.44 | alpha 2.268 | complete
Ep 554 | 드론4 목적지51 |  967스텝 | 배송 51/51 | 재적재  8 | 중계율 0.40 | alpha 2.303 | complete
Ep 555 | 드론4 목적지23 |  602스텝 | 배송 23/23 | 재적재  2 | 중계율 0.26 | alpha 2.282 | complete
Ep 556 | 드론3 목적지29 |  657스텝 | 배송 29/29 | 재적재  5 | 중계율 0.37 | alpha 2.242 | complete
Ep 557 | 드론3 목적지78 | 1000스텝 | 배송 59/78 | 재적재 10 | 중계율 0.22 | alpha 2.273 | step_limit
Ep 558 | 드론3 목적지56 | 1000스텝 | 배송 50/56 | 재적재  9 | 중계율 0.38 | alpha 2.249 | step_limit
Ep 559 | 드론4 목적지37 |  558스텝 | 배송 37/37 | 재적재  6 | 중계율 0.34 | alpha 2.239 | complete
Ep 560 | 드론3 목적지27 |  553스텝 | 배송 27/27 | 재적재  4 | 중계율 0.30 | alpha 2.273 | complete
Ep 561 | 드론3 목적지32 |  609스텝 | 배송 32/32 | 재적재  5 | 중계율 0.34 | alpha 2.274 | complete
Ep 562 | 드론3 목적지48 |  709스텝 | 배송 48/48 | 재적재  8 | 중계율 0.23 | alpha 2.283 | complete
Ep 563 | 드론4 목적지46 |  764스텝 | 배송 46/46 | 재적재  8 | 중계율 0.30 | alpha 2.248 | complete
Ep 564 | 드론3 목적지61 | 1000스텝 | 배송 51/61 | 재적재  8 | 중계율 0.33 | alpha 2.312 | step_limit
Ep 565 | 드론4 목적지43 |  807스텝 | 배송 43/43 | 재적재  5 | 중계율 0.40 | alpha 2.260 | complete
Ep 566 | 드론3 목적지71 | 1000스텝 | 배송 62/71 | 재적재 11 | 중계율 0.31 | alpha 2.253 | step_limit
Ep 567 | 드론4 목적지51 |  767스텝 | 배송 51/51 | 재적재  7 | 중계율 0.39 | alpha 2.254 | complete
Ep 568 | 드론3 목적지26 |  937스텝 | 배송 24/26 | 재적재  3 | 중계율 0.42 | alpha 2.295 | no_progress
Ep 569 | 드론4 목적지58 | 1000스텝 | 배송 55/58 | 재적재  8 | 중계율 0.41 | alpha 2.320 | step_limit
Ep 570 | 드론3 목적지24 |  461스텝 | 배송 24/24 | 재적재  2 | 중계율 0.33 | alpha 2.318 | complete
Ep 571 | 드론3 목적지59 | 1000스텝 | 배송 57/59 | 재적재 11 | 중계율 0.26 | alpha 2.258 | step_limit
Ep 572 | 드론4 목적지43 |  507스텝 | 배송 43/43 | 재적재  8 | 중계율 0.24 | alpha 2.241 | complete
Ep 573 | 드론4 목적지74 |  767스텝 | 배송 74/74 | 재적재 12 | 중계율 0.19 | alpha 2.256 | complete
Ep 574 | 드론4 목적지36 |  411스텝 | 배송 36/36 | 재적재  4 | 중계율 0.27 | alpha 2.284 | complete
Ep 575 | 드론4 목적지47 |  505스텝 | 배송 47/47 | 재적재  8 | 중계율 0.19 | alpha 2.289 | complete
Ep 576 | 드론3 목적지28 |  684스텝 | 배송 28/28 | 재적재  3 | 중계율 0.39 | alpha 2.317 | complete
Ep 577 | 드론3 목적지79 | 1000스텝 | 배송 61/79 | 재적재 11 | 중계율 0.33 | alpha 2.280 | step_limit
Ep 578 | 드론3 목적지38 |  716스텝 | 배송 38/38 | 재적재  6 | 중계율 0.36 | alpha 2.267 | complete
Ep 579 | 드론3 목적지73 | 1000스텝 | 배송 59/73 | 재적재 10 | 중계율 0.33 | alpha 2.231 | step_limit
Ep 580 | 드론4 목적지28 |  471스텝 | 배송 28/28 | 재적재  3 | 중계율 0.31 | alpha 2.268 | complete
Ep 581 | 드론4 목적지65 | 1000스텝 | 배송 64/65 | 재적재 10 | 중계율 0.32 | alpha 2.279 | step_limit
Ep 582 | 드론3 목적지33 |  609스텝 | 배송 33/33 | 재적재  5 | 중계율 0.25 | alpha 2.245 | complete
Ep 583 | 드론3 목적지58 | 1000스텝 | 배송 56/58 | 재적재  9 | 중계율 0.33 | alpha 2.274 | step_limit
Ep 584 | 드론3 목적지35 |  961스텝 | 배송 32/35 | 재적재  5 | 중계율 0.36 | alpha 2.345 | no_progress
Ep 585 | 드론3 목적지50 |  930스텝 | 배송 50/50 | 재적재  8 | 중계율 0.31 | alpha 2.309 | complete
Ep 586 | 드론3 목적지73 | 1000스텝 | 배송 58/73 | 재적재  9 | 중계율 0.32 | alpha 2.295 | step_limit
Ep 587 | 드론4 목적지67 |  680스텝 | 배송 67/67 | 재적재 13 | 중계율 0.16 | alpha 2.330 | complete
Ep 588 | 드론4 목적지22 |  300스텝 | 배송 22/22 | 재적재  3 | 중계율 0.22 | alpha 2.323 | complete
Ep 589 | 드론4 목적지31 |  516스텝 | 배송 31/31 | 재적재  5 | 중계율 0.21 | alpha 2.308 | complete
Ep 590 | 드론3 목적지55 | 1000스텝 | 배송 54/55 | 재적재 10 | 중계율 0.35 | alpha 2.300 | step_limit
Ep 591 | 드론3 목적지28 |  539스텝 | 배송 28/28 | 재적재  4 | 중계율 0.31 | alpha 2.278 | complete
Ep 592 | 드론4 목적지40 |  521스텝 | 배송 40/40 | 재적재  7 | 중계율 0.22 | alpha 2.270 | complete
Ep 593 | 드론3 목적지59 |  996스텝 | 배송 59/59 | 재적재  9 | 중계율 0.32 | alpha 2.213 | complete
Ep 594 | 드론3 목적지68 | 1000스텝 | 배송 60/68 | 재적재 11 | 중계율 0.32 | alpha 2.247 | step_limit
Ep 595 | 드론3 목적지34 | 1000스텝 | 배송 29/34 | 재적재  5 | 중계율 0.39 | alpha 2.276 | step_limit
Ep 596 | 드론4 목적지46 | 1000스텝 | 배송 40/46 | 재적재  6 | 중계율 0.33 | alpha 2.259 | step_limit
Ep 597 | 드론3 목적지43 |  811스텝 | 배송 43/43 | 재적재  7 | 중계율 0.24 | alpha 2.267 | complete
Ep 598 | 드론4 목적지34 |  652스텝 | 배송 34/34 | 재적재  5 | 중계율 0.34 | alpha 2.248 | complete
Ep 599 | 드론3 목적지22 |  487스텝 | 배송 22/22 | 재적재  2 | 중계율 0.37 | alpha 2.232 | complete
Ep 600 | 드론3 목적지30 |  499스텝 | 배송 30/30 | 재적재  4 | 중계율 0.20 | alpha 2.229 | complete
  [홀드아웃] 배송 49.6±2.3 완주 0.95 스텝 883 점수 123.2 재적재 6.9 2홉+ 0.63 | 최고 127.2@ep250 정체 7/8
Ep 601 | 드론4 목적지77 | 1000스텝 | 배송 76/77 | 재적재 14 | 중계율 0.35 | alpha 2.267 | step_limit
Ep 602 | 드론3 목적지65 | 1000스텝 | 배송 55/65 | 재적재  9 | 중계율 0.31 | alpha 2.302 | step_limit
Ep 603 | 드론4 목적지60 |  770스텝 | 배송 60/60 | 재적재 10 | 중계율 0.26 | alpha 2.288 | complete
Ep 604 | 드론3 목적지71 | 1000스텝 | 배송 60/71 | 재적재  9 | 중계율 0.32 | alpha 2.260 | step_limit
Ep 605 | 드론4 목적지65 | 1000스텝 | 배송 59/65 | 재적재  9 | 중계율 0.36 | alpha 2.283 | step_limit
Ep 606 | 드론4 목적지58 |  958스텝 | 배송 58/58 | 재적재  9 | 중계율 0.24 | alpha 2.305 | complete
Ep 607 | 드론4 목적지33 |  398스텝 | 배송 33/33 | 재적재  4 | 중계율 0.22 | alpha 2.326 | complete
Ep 608 | 드론4 목적지37 |  799스텝 | 배송 37/37 | 재적재  6 | 중계율 0.26 | alpha 2.328 | complete
Ep 609 | 드론3 목적지74 | 1000스텝 | 배송 65/74 | 재적재 11 | 중계율 0.27 | alpha 2.309 | step_limit
Ep 610 | 드론3 목적지71 | 1000스텝 | 배송 58/71 | 재적재 10 | 중계율 0.34 | alpha 2.285 | step_limit
Ep 611 | 드론3 목적지65 | 1000스텝 | 배송 60/65 | 재적재  9 | 중계율 0.35 | alpha 2.281 | step_limit
Ep 612 | 드론3 목적지65 | 1000스텝 | 배송 55/65 | 재적재 11 | 중계율 0.37 | alpha 2.278 | step_limit
Ep 613 | 드론4 목적지39 |  882스텝 | 배송 39/39 | 재적재  5 | 중계율 0.40 | alpha 2.293 | complete
Ep 614 | 드론3 목적지48 |  905스텝 | 배송 48/48 | 재적재  8 | 중계율 0.40 | alpha 2.306 | complete
Ep 615 | 드론3 목적지22 |  482스텝 | 배송 22/22 | 재적재  3 | 중계율 0.22 | alpha 2.285 | complete
Ep 616 | 드론4 목적지39 |  624스텝 | 배송 39/39 | 재적재  6 | 중계율 0.33 | alpha 2.276 | complete
Ep 617 | 드론4 목적지79 | 1000스텝 | 배송 67/79 | 재적재 12 | 중계율 0.22 | alpha 2.305 | step_limit
Ep 618 | 드론4 목적지37 |  508스텝 | 배송 37/37 | 재적재  5 | 중계율 0.29 | alpha 2.326 | complete
Ep 619 | 드론4 목적지65 |  957스텝 | 배송 65/65 | 재적재 10 | 중계율 0.36 | alpha 2.225 | complete
Ep 620 | 드론3 목적지53 | 1000스텝 | 배송 46/53 | 재적재  7 | 중계율 0.29 | alpha 2.270 | step_limit
Ep 621 | 드론3 목적지66 | 1000스텝 | 배송 57/66 | 재적재  9 | 중계율 0.24 | alpha 2.265 | step_limit
Ep 622 | 드론3 목적지35 |  694스텝 | 배송 35/35 | 재적재  4 | 중계율 0.38 | alpha 2.257 | complete
Ep 623 | 드론4 목적지42 |  718스텝 | 배송 42/42 | 재적재  5 | 중계율 0.38 | alpha 2.250 | complete
Ep 624 | 드론4 목적지76 |  882스텝 | 배송 76/76 | 재적재 12 | 중계율 0.22 | alpha 2.227 | complete
Ep 625 | 드론4 목적지26 |  865스텝 | 배송 22/26 | 재적재  3 | 중계율 0.36 | alpha 2.262 | no_progress
Ep 626 | 드론3 목적지54 | 1000스텝 | 배송 50/54 | 재적재  9 | 중계율 0.36 | alpha 2.250 | step_limit
Ep 627 | 드론4 목적지70 | 1000스텝 | 배송 67/70 | 재적재 12 | 중계율 0.23 | alpha 2.255 | step_limit
Ep 628 | 드론3 목적지51 | 1000스텝 | 배송 48/51 | 재적재  8 | 중계율 0.25 | alpha 2.261 | step_limit
Ep 629 | 드론3 목적지33 |  750스텝 | 배송 33/33 | 재적재  4 | 중계율 0.33 | alpha 2.249 | complete
Ep 630 | 드론4 목적지75 |  960스텝 | 배송 75/75 | 재적재 13 | 중계율 0.21 | alpha 2.242 | complete
Ep 631 | 드론3 목적지76 | 1000스텝 | 배송 66/76 | 재적재 12 | 중계율 0.29 | alpha 2.257 | step_limit
Ep 632 | 드론3 목적지67 |  925스텝 | 배송 67/67 | 재적재 11 | 중계율 0.23 | alpha 2.251 | complete
Ep 633 | 드론3 목적지80 | 1000스텝 | 배송 69/80 | 재적재 11 | 중계율 0.29 | alpha 2.312 | step_limit
Ep 634 | 드론3 목적지24 |  622스텝 | 배송 24/24 | 재적재  3 | 중계율 0.33 | alpha 2.227 | complete
Ep 635 | 드론3 목적지44 |  718스텝 | 배송 44/44 | 재적재  7 | 중계율 0.30 | alpha 2.181 | complete
Ep 636 | 드론4 목적지32 |  426스텝 | 배송 32/32 | 재적재  4 | 중계율 0.31 | alpha 2.192 | complete
Ep 637 | 드론4 목적지80 | 1000스텝 | 배송 69/80 | 재적재 11 | 중계율 0.34 | alpha 2.195 | step_limit
Ep 638 | 드론4 목적지53 |  665스텝 | 배송 53/53 | 재적재  8 | 중계율 0.19 | alpha 2.185 | complete
Ep 639 | 드론3 목적지71 | 1000스텝 | 배송 65/71 | 재적재 11 | 중계율 0.23 | alpha 2.221 | step_limit
Ep 640 | 드론3 목적지78 | 1000스텝 | 배송 70/78 | 재적재 13 | 중계율 0.24 | alpha 2.230 | step_limit
Ep 641 | 드론3 목적지71 | 1000스텝 | 배송 59/71 | 재적재 10 | 중계율 0.25 | alpha 2.212 | step_limit
Ep 642 | 드론3 목적지36 | 1000스텝 | 배송 35/36 | 재적재  4 | 중계율 0.41 | alpha 2.234 | step_limit
Ep 643 | 드론4 목적지79 | 1000스텝 | 배송 54/79 | 재적재  7 | 중계율 0.36 | alpha 2.235 | step_limit
Ep 644 | 드론3 목적지21 |  391스텝 | 배송 21/21 | 재적재  3 | 중계율 0.27 | alpha 2.237 | complete
Ep 645 | 드론3 목적지60 |  998스텝 | 배송 60/60 | 재적재  9 | 중계율 0.30 | alpha 2.174 | complete
Ep 646 | 드론3 목적지53 | 1000스텝 | 배송 48/53 | 재적재  8 | 중계율 0.23 | alpha 2.194 | step_limit
Ep 647 | 드론4 목적지72 | 1000스텝 | 배송 58/72 | 재적재 11 | 중계율 0.35 | alpha 2.210 | step_limit
Ep 648 | 드론3 목적지38 |  803스텝 | 배송 38/38 | 재적재  7 | 중계율 0.29 | alpha 2.212 | complete
Ep 649 | 드론4 목적지24 |  614스텝 | 배송 24/24 | 재적재  4 | 중계율 0.35 | alpha 2.191 | complete
Ep 650 | 드론3 목적지69 | 1000스텝 | 배송 57/69 | 재적재 10 | 중계율 0.33 | alpha 2.204 | step_limit
  [홀드아웃] 배송 49.1±5.0 완주 0.96 스텝 867 점수 124.7 재적재 6.9 2홉+ 0.62 | 최고 127.2@ep250 정체 8/8

조기 종료. 최고 127.2@ep250
Training finished. best=127.2 @ ep250
