/home/kopt/enter/envs/wsl_neuroMCTS/lib/python3.10/site-packages/pygame/pkgdata.py:25: UserWarning: pkg_resources is deprecated as an API. See https://setuptools.pypa.io/en/latest/pkg_resources.html. The pkg_resources package is slated for removal as early as 2025-11-30. Refrain from using this package or pin to Setuptools<81.
  from pkg_resources import resource_stream, resource_exists
pygame 2.6.1 (SDL 2.28.4, Python 3.10.19)
Hello from the pygame community. https://www.pygame.org/contribute.html
집합 상위 학습 | 반경 300 상한 1000 무배송 500 gamma 0.997 구성=무작위 드론[3, 4] 목적지[20, 80] CC무작위 인스턴스=무작위 목표유지=off 완주보상=0.0 잔여페널티=0.1 규칙관측=False 규칙정규화=2.0/중계가중치=1.0 막힘페널티=0.0 중계크레딧=0.0/재분배=0.0/드론별보상=False 도달권shaping=0.0 정체전환보상=0.0 엔트로피비=0.6->0.25@400 자기회귀=True/가까운순=False 혼합critic=True 정체재결정=0 결합critic=False 홀드아웃상한=3000 선택=makespan/속도가중치=40.0
/home/kopt/drone/proposed_src/pipeline/train_v5_26_09_15_23.py:438: UserWarning: Converting a tensor with requires_grad=True to a scalar may lead to unexpected behavior.
Consider using tensor.detach() first. (Triggered internally at /pytorch/torch/csrc/autograd/generated/python_variable_methods.cpp:836.)
  writer.add_scalar("train/alpha", float(log_alpha.exp()), ep)
Ep 1 | 드론3 목적지31 | 1000스텝 | 배송 28/31 | 재적재  5 | 중계율 0.19 | alpha 0.100 | step_limit
Ep 2 | 드론3 목적지37 | 1000스텝 | 배송 33/37 | 재적재  5 | 중계율 0.16 | alpha 0.100 | step_limit
Ep 3 | 드론4 목적지60 | 1000스텝 | 배송 47/60 | 재적재  7 | 중계율 0.20 | alpha 0.100 | step_limit
Ep 4 | 드론4 목적지48 | 1000스텝 | 배송 44/48 | 재적재  6 | 중계율 0.15 | alpha 0.100 | step_limit
Ep 5 | 드론3 목적지40 |  776스텝 | 배송 40/40 | 재적재  6 | 중계율 0.31 | alpha 0.102 | complete
Ep 6 | 드론4 목적지49 |  785스텝 | 배송 49/49 | 재적재  7 | 중계율 0.33 | alpha 0.110 | complete
Ep 7 | 드론3 목적지63 | 1000스텝 | 배송 45/63 | 재적재  6 | 중계율 0.34 | alpha 0.121 | step_limit
Ep 8 | 드론3 목적지43 | 1000스텝 | 배송 40/43 | 재적재  7 | 중계율 0.39 | alpha 0.131 | step_limit
Ep 9 | 드론4 목적지63 | 1000스텝 | 배송 61/63 | 재적재 11 | 중계율 0.27 | alpha 0.142 | step_limit
Ep 10 | 드론4 목적지78 | 1000스텝 | 배송 74/78 | 재적재 11 | 중계율 0.28 | alpha 0.153 | step_limit
Ep 11 | 드론3 목적지27 |  772스텝 | 배송 27/27 | 재적재  3 | 중계율 0.40 | alpha 0.163 | complete
Ep 12 | 드론4 목적지76 |  837스텝 | 배송 76/76 | 재적재 14 | 중계율 0.23 | alpha 0.173 | complete
Ep 13 | 드론3 목적지70 | 1000스텝 | 배송 66/70 | 재적재 12 | 중계율 0.24 | alpha 0.187 | step_limit
Ep 14 | 드론3 목적지40 | 1000스텝 | 배송 35/40 | 재적재  6 | 중계율 0.36 | alpha 0.201 | step_limit
Ep 15 | 드론4 목적지63 |  761스텝 | 배송 63/63 | 재적재 10 | 중계율 0.29 | alpha 0.213 | complete
Ep 16 | 드론3 목적지56 |  980스텝 | 배송 56/56 | 재적재 10 | 중계율 0.26 | alpha 0.229 | complete
Ep 17 | 드론3 목적지49 | 1000스텝 | 배송 46/49 | 재적재  8 | 중계율 0.29 | alpha 0.246 | step_limit
Ep 18 | 드론4 목적지24 |  463스텝 | 배송 24/24 | 재적재  2 | 중계율 0.37 | alpha 0.254 | complete
Ep 19 | 드론3 목적지28 |  354스텝 | 배송 28/28 | 재적재  4 | 중계율 0.20 | alpha 0.261 | complete
Ep 20 | 드론4 목적지30 |  431스텝 | 배송 30/30 | 재적재  4 | 중계율 0.25 | alpha 0.269 | complete
Ep 21 | 드론4 목적지41 |  704스텝 | 배송 41/41 | 재적재  6 | 중계율 0.33 | alpha 0.284 | complete
Ep 22 | 드론4 목적지40 |  546스텝 | 배송 40/40 | 재적재  6 | 중계율 0.28 | alpha 0.295 | complete
Ep 23 | 드론3 목적지54 | 1000스텝 | 배송 39/54 | 재적재  5 | 중계율 0.24 | alpha 0.318 | step_limit
Ep 24 | 드론4 목적지43 |  714스텝 | 배송 43/43 | 재적재  7 | 중계율 0.29 | alpha 0.334 | complete
Ep 25 | 드론3 목적지56 | 1000스텝 | 배송 53/56 | 재적재 10 | 중계율 0.27 | alpha 0.360 | step_limit
Ep 26 | 드론3 목적지20 |  474스텝 | 배송 20/20 | 재적재  3 | 중계율 0.22 | alpha 0.372 | complete
Ep 27 | 드론4 목적지58 |  904스텝 | 배송 58/58 | 재적재 10 | 중계율 0.36 | alpha 0.398 | complete
Ep 28 | 드론3 목적지47 | 1000스텝 | 배송 43/47 | 재적재  6 | 중계율 0.29 | alpha 0.427 | step_limit
Ep 29 | 드론3 목적지40 |  726스텝 | 배송 40/40 | 재적재  5 | 중계율 0.28 | alpha 0.450 | complete
Ep 30 | 드론4 목적지68 |  965스텝 | 배송 68/68 | 재적재 12 | 중계율 0.23 | alpha 0.483 | complete
Ep 31 | 드론4 목적지79 | 1000스텝 | 배송 78/79 | 재적재 15 | 중계율 0.23 | alpha 0.519 | step_limit
Ep 32 | 드론3 목적지71 | 1000스텝 | 배송 61/71 | 재적재 10 | 중계율 0.21 | alpha 0.558 | step_limit
Ep 33 | 드론4 목적지66 |  790스텝 | 배송 66/66 | 재적재 10 | 중계율 0.30 | alpha 0.590 | complete
Ep 34 | 드론4 목적지21 |  808스텝 | 배송 21/21 | 재적재  1 | 중계율 0.33 | alpha 0.626 | complete
Ep 35 | 드론3 목적지35 |  974스텝 | 배송 26/35 | 재적재  3 | 중계율 0.27 | alpha 0.671 | no_progress
Ep 36 | 드론3 목적지39 | 1000스텝 | 배송 37/39 | 재적재  6 | 중계율 0.33 | alpha 0.720 | step_limit
Ep 37 | 드론3 목적지78 | 1000스텝 | 배송 52/78 | 재적재  9 | 중계율 0.20 | alpha 0.773 | step_limit
Ep 38 | 드론3 목적지29 |  596스텝 | 배송 29/29 | 재적재  5 | 중계율 0.23 | alpha 0.806 | complete
Ep 39 | 드론4 목적지21 |  520스텝 | 배송 21/21 | 재적재  3 | 중계율 0.24 | alpha 0.837 | complete
Ep 40 | 드론4 목적지51 | 1000스텝 | 배송 49/51 | 재적재  8 | 중계율 0.36 | alpha 0.897 | step_limit
Ep 41 | 드론3 목적지44 | 1000스텝 | 배송 36/44 | 재적재  7 | 중계율 0.28 | alpha 0.961 | step_limit
Ep 42 | 드론4 목적지42 |  912스텝 | 배송 42/42 | 재적재  6 | 중계율 0.39 | alpha 1.023 | complete
Ep 43 | 드론4 목적지53 | 1000스텝 | 배송 50/53 | 재적재  8 | 중계율 0.36 | alpha 1.093 | step_limit
Ep 44 | 드론3 목적지29 |  599스텝 | 배송 29/29 | 재적재  5 | 중계율 0.20 | alpha 1.136 | complete
Ep 45 | 드론3 목적지55 | 1000스텝 | 배송 49/55 | 재적재  7 | 중계율 0.32 | alpha 1.210 | step_limit
Ep 46 | 드론4 목적지65 |  916스텝 | 배송 65/65 | 재적재 11 | 중계율 0.29 | alpha 1.283 | complete
Ep 47 | 드론3 목적지44 |  888스텝 | 배송 44/44 | 재적재  7 | 중계율 0.21 | alpha 1.356 | complete
Ep 48 | 드론3 목적지66 | 1000스텝 | 배송 55/66 | 재적재  9 | 중계율 0.28 | alpha 1.446 | step_limit
Ep 49 | 드론4 목적지22 |  653스텝 | 배송 22/22 | 재적재  3 | 중계율 0.29 | alpha 1.506 | complete
Ep 50 | 드론4 목적지58 | 1000스텝 | 배송 55/58 | 재적재  9 | 중계율 0.31 | alpha 1.605 | step_limit
  [홀드아웃] 배송 49.2±3.3 완주 0.86 스텝 1421 점수 107.3 재적재 7.8 2홉+ 0.60 | 최고 107.3@ep50 정체 0/8  ← 갱신
Ep 51 | 드론4 목적지24 |  323스텝 | 배송 24/24 | 재적재  4 | 중계율 0.18 | alpha 1.638 | complete
Ep 52 | 드론3 목적지36 | 1000스텝 | 배송 35/36 | 재적재  6 | 중계율 0.17 | alpha 1.745 | step_limit
Ep 53 | 드론4 목적지48 |  766스텝 | 배송 48/48 | 재적재  9 | 중계율 0.24 | alpha 1.831 | complete
Ep 54 | 드론4 목적지64 | 1000스텝 | 배송 56/64 | 재적재 10 | 중계율 0.35 | alpha 1.951 | step_limit
Ep 55 | 드론4 목적지22 |  424스텝 | 배송 22/22 | 재적재  2 | 중계율 0.14 | alpha 2.001 | complete
Ep 56 | 드론3 목적지61 | 1000스텝 | 배송 49/61 | 재적재  8 | 중계율 0.26 | alpha 2.127 | step_limit
Ep 57 | 드론3 목적지30 |  662스텝 | 배송 30/30 | 재적재  5 | 중계율 0.28 | alpha 2.215 | complete
Ep 58 | 드론4 목적지60 |  920스텝 | 배송 60/60 | 재적재 10 | 중계율 0.20 | alpha 2.338 | complete
Ep 59 | 드론4 목적지66 | 1000스텝 | 배송 64/66 | 재적재 11 | 중계율 0.25 | alpha 2.469 | step_limit
Ep 60 | 드론3 목적지26 |  617스텝 | 배송 26/26 | 재적재  4 | 중계율 0.14 | alpha 2.549 | complete
Ep 61 | 드론4 목적지61 |  778스텝 | 배송 61/61 | 재적재 10 | 중계율 0.23 | alpha 2.656 | complete
Ep 62 | 드론4 목적지56 |  923스텝 | 배송 56/56 | 재적재 10 | 중계율 0.20 | alpha 2.782 | complete
Ep 63 | 드론4 목적지73 | 1000스텝 | 배송 65/73 | 재적재 11 | 중계율 0.26 | alpha 2.920 | step_limit
Ep 64 | 드론4 목적지28 |  786스텝 | 배송 28/28 | 재적재  4 | 중계율 0.27 | alpha 3.027 | complete
Ep 65 | 드론3 목적지35 |  857스텝 | 배송 35/35 | 재적재  6 | 중계율 0.24 | alpha 3.143 | complete
Ep 66 | 드론3 목적지41 | 1000스텝 | 배송 39/41 | 재적재  7 | 중계율 0.20 | alpha 3.275 | step_limit
Ep 67 | 드론4 목적지72 | 1000스텝 | 배송 70/72 | 재적재 13 | 중계율 0.19 | alpha 3.401 | step_limit
Ep 68 | 드론4 목적지34 |  937스텝 | 배송 34/34 | 재적재  5 | 중계율 0.19 | alpha 3.517 | complete
Ep 69 | 드론4 목적지70 | 1000스텝 | 배송 66/70 | 재적재 11 | 중계율 0.15 | alpha 3.632 | step_limit
Ep 70 | 드론4 목적지31 |  455스텝 | 배송 31/31 | 재적재  4 | 중계율 0.20 | alpha 3.674 | complete
Ep 71 | 드론4 목적지24 |  598스텝 | 배송 24/24 | 재적재  3 | 중계율 0.19 | alpha 3.727 | complete
Ep 72 | 드론4 목적지70 | 1000스텝 | 배송 62/70 | 재적재 10 | 중계율 0.26 | alpha 3.794 | step_limit
Ep 73 | 드론4 목적지40 | 1000스텝 | 배송 34/40 | 재적재  5 | 중계율 0.24 | alpha 3.831 | step_limit
Ep 74 | 드론4 목적지60 | 1000스텝 | 배송 55/60 | 재적재  9 | 중계율 0.17 | alpha 3.821 | step_limit
Ep 75 | 드론3 목적지22 |  811스텝 | 배송 22/22 | 재적재  3 | 중계율 0.16 | alpha 3.798 | complete
Ep 76 | 드론4 목적지38 |  627스텝 | 배송 38/38 | 재적재  5 | 중계율 0.16 | alpha 3.772 | complete
Ep 77 | 드론3 목적지24 |  512스텝 | 배송 24/24 | 재적재  4 | 중계율 0.21 | alpha 3.750 | complete
Ep 78 | 드론3 목적지31 |  983스텝 | 배송 31/31 | 재적재  5 | 중계율 0.26 | alpha 3.719 | complete
Ep 79 | 드론4 목적지39 |  722스텝 | 배송 39/39 | 재적재  7 | 중계율 0.22 | alpha 3.722 | complete
Ep 80 | 드론3 목적지53 | 1000스텝 | 배송 48/53 | 재적재  9 | 중계율 0.19 | alpha 3.714 | step_limit
Ep 81 | 드론3 목적지72 | 1000스텝 | 배송 60/72 | 재적재  9 | 중계율 0.18 | alpha 3.718 | step_limit
Ep 82 | 드론4 목적지72 | 1000스텝 | 배송 71/72 | 재적재 12 | 중계율 0.21 | alpha 3.689 | step_limit
Ep 83 | 드론3 목적지41 | 1000스텝 | 배송 36/41 | 재적재  5 | 중계율 0.21 | alpha 3.668 | step_limit
Ep 84 | 드론3 목적지43 |  925스텝 | 배송 43/43 | 재적재  7 | 중계율 0.19 | alpha 3.631 | complete
Ep 85 | 드론3 목적지42 | 1000스텝 | 배송 40/42 | 재적재  6 | 중계율 0.19 | alpha 3.601 | step_limit
Ep 86 | 드론3 목적지48 | 1000스텝 | 배송 44/48 | 재적재  7 | 중계율 0.20 | alpha 3.589 | step_limit
Ep 87 | 드론3 목적지44 |  942스텝 | 배송 44/44 | 재적재  8 | 중계율 0.24 | alpha 3.565 | complete
Ep 88 | 드론3 목적지59 | 1000스텝 | 배송 46/59 | 재적재  8 | 중계율 0.21 | alpha 3.534 | step_limit
Ep 89 | 드론3 목적지75 | 1000스텝 | 배송 62/75 | 재적재 11 | 중계율 0.17 | alpha 3.539 | step_limit
Ep 90 | 드론3 목적지68 | 1000스텝 | 배송 60/68 | 재적재 10 | 중계율 0.20 | alpha 3.559 | step_limit
Ep 91 | 드론3 목적지33 |  863스텝 | 배송 33/33 | 재적재  5 | 중계율 0.20 | alpha 3.563 | complete
Ep 92 | 드론3 목적지61 | 1000스텝 | 배송 52/61 | 재적재  9 | 중계율 0.18 | alpha 3.543 | step_limit
Ep 93 | 드론3 목적지69 | 1000스텝 | 배송 53/69 | 재적재 10 | 중계율 0.18 | alpha 3.474 | step_limit
Ep 94 | 드론4 목적지34 |  433스텝 | 배송 34/34 | 재적재  5 | 중계율 0.13 | alpha 3.436 | complete
Ep 95 | 드론4 목적지28 |  632스텝 | 배송 28/28 | 재적재  3 | 중계율 0.18 | alpha 3.395 | complete
Ep 96 | 드론3 목적지62 | 1000스텝 | 배송 54/62 | 재적재  8 | 중계율 0.23 | alpha 3.355 | step_limit
Ep 97 | 드론3 목적지43 | 1000스텝 | 배송 38/43 | 재적재  6 | 중계율 0.17 | alpha 3.349 | step_limit
Ep 98 | 드론3 목적지77 | 1000스텝 | 배송 65/77 | 재적재 11 | 중계율 0.21 | alpha 3.393 | step_limit
Ep 99 | 드론3 목적지48 | 1000스텝 | 배송 44/48 | 재적재  8 | 중계율 0.23 | alpha 3.399 | step_limit
Ep 100 | 드론3 목적지55 | 1000스텝 | 배송 47/55 | 재적재  9 | 중계율 0.21 | alpha 3.392 | step_limit
  [홀드아웃] 배송 50.0±0.3 완주 0.97 스텝 1261 점수 120.7 재적재 8.4 2홉+ 0.62 | 최고 120.7@ep100 정체 0/8  ← 갱신
Ep 101 | 드론4 목적지65 | 1000스텝 | 배송 62/65 | 재적재 11 | 중계율 0.20 | alpha 3.419 | step_limit
Ep 102 | 드론4 목적지77 |  947스텝 | 배송 77/77 | 재적재 13 | 중계율 0.17 | alpha 3.424 | complete
Ep 103 | 드론4 목적지74 | 1000스텝 | 배송 64/74 | 재적재 11 | 중계율 0.27 | alpha 3.397 | step_limit
Ep 104 | 드론3 목적지55 | 1000스텝 | 배송 53/55 | 재적재  8 | 중계율 0.25 | alpha 3.382 | step_limit
Ep 105 | 드론3 목적지49 | 1000스텝 | 배송 45/49 | 재적재  8 | 중계율 0.25 | alpha 3.323 | step_limit
Ep 106 | 드론4 목적지72 | 1000스텝 | 배송 67/72 | 재적재 12 | 중계율 0.19 | alpha 3.252 | step_limit
Ep 107 | 드론3 목적지67 | 1000스텝 | 배송 58/67 | 재적재  9 | 중계율 0.14 | alpha 3.230 | step_limit
Ep 108 | 드론3 목적지78 | 1000스텝 | 배송 64/78 | 재적재 11 | 중계율 0.24 | alpha 3.224 | step_limit
Ep 109 | 드론4 목적지56 |  986스텝 | 배송 56/56 | 재적재  9 | 중계율 0.25 | alpha 3.219 | complete
Ep 110 | 드론3 목적지75 | 1000스텝 | 배송 52/75 | 재적재  9 | 중계율 0.20 | alpha 3.182 | step_limit
Ep 111 | 드론4 목적지75 | 1000스텝 | 배송 67/75 | 재적재 11 | 중계율 0.27 | alpha 3.148 | step_limit
Ep 112 | 드론4 목적지53 | 1000스텝 | 배송 51/53 | 재적재  8 | 중계율 0.32 | alpha 3.122 | step_limit
Ep 113 | 드론4 목적지24 |  781스텝 | 배송 24/24 | 재적재  4 | 중계율 0.26 | alpha 3.108 | complete
Ep 114 | 드론3 목적지59 | 1000스텝 | 배송 45/59 | 재적재  7 | 중계율 0.26 | alpha 3.068 | step_limit
Ep 115 | 드론4 목적지71 | 1000스텝 | 배송 67/71 | 재적재 12 | 중계율 0.26 | alpha 3.031 | step_limit
Ep 116 | 드론4 목적지71 | 1000스텝 | 배송 68/71 | 재적재 12 | 중계율 0.20 | alpha 2.970 | step_limit
Ep 117 | 드론3 목적지29 |  897스텝 | 배송 29/29 | 재적재  5 | 중계율 0.22 | alpha 2.955 | complete
Ep 118 | 드론3 목적지45 |  724스텝 | 배송 45/45 | 재적재  8 | 중계율 0.17 | alpha 2.889 | complete
Ep 119 | 드론3 목적지67 | 1000스텝 | 배송 49/67 | 재적재  8 | 중계율 0.24 | alpha 2.888 | step_limit
Ep 120 | 드론4 목적지39 |  392스텝 | 배송 39/39 | 재적재  6 | 중계율 0.16 | alpha 2.877 | complete
Ep 121 | 드론4 목적지63 | 1000스텝 | 배송 60/63 | 재적재  9 | 중계율 0.28 | alpha 2.903 | step_limit
Ep 122 | 드론3 목적지34 |  951스텝 | 배송 34/34 | 재적재  6 | 중계율 0.32 | alpha 2.906 | complete
Ep 123 | 드론3 목적지29 |  808스텝 | 배송 29/29 | 재적재  5 | 중계율 0.28 | alpha 2.886 | complete
Ep 124 | 드론4 목적지41 |  699스텝 | 배송 41/41 | 재적재  7 | 중계율 0.17 | alpha 2.887 | complete
Ep 125 | 드론4 목적지36 |  624스텝 | 배송 36/36 | 재적재  4 | 중계율 0.26 | alpha 2.876 | complete
Ep 126 | 드론3 목적지43 | 1000스텝 | 배송 39/43 | 재적재  7 | 중계율 0.27 | alpha 2.859 | step_limit
Ep 127 | 드론4 목적지38 |  500스텝 | 배송 38/38 | 재적재  5 | 중계율 0.19 | alpha 2.884 | complete
Ep 128 | 드론3 목적지52 | 1000스텝 | 배송 51/52 | 재적재  9 | 중계율 0.24 | alpha 2.905 | step_limit
Ep 129 | 드론4 목적지26 |  880스텝 | 배송 26/26 | 재적재  4 | 중계율 0.30 | alpha 2.901 | complete
Ep 130 | 드론4 목적지52 |  912스텝 | 배송 52/52 | 재적재  9 | 중계율 0.31 | alpha 2.928 | complete
Ep 131 | 드론4 목적지62 | 1000스텝 | 배송 61/62 | 재적재 12 | 중계율 0.22 | alpha 2.887 | step_limit
Ep 132 | 드론3 목적지78 | 1000스텝 | 배송 58/78 | 재적재 10 | 중계율 0.20 | alpha 2.861 | step_limit
Ep 133 | 드론4 목적지65 |  998스텝 | 배송 65/65 | 재적재 11 | 중계율 0.19 | alpha 2.803 | complete
Ep 134 | 드론3 목적지58 |  833스텝 | 배송 30/58 | 재적재  4 | 중계율 0.11 | alpha 2.769 | no_progress
Ep 135 | 드론3 목적지60 | 1000스텝 | 배송 54/60 | 재적재  9 | 중계율 0.21 | alpha 2.769 | step_limit
Ep 136 | 드론3 목적지34 | 1000스텝 | 배송 33/34 | 재적재  5 | 중계율 0.25 | alpha 2.730 | step_limit
Ep 137 | 드론4 목적지70 | 1000스텝 | 배송 67/70 | 재적재 10 | 중계율 0.18 | alpha 2.718 | step_limit
Ep 138 | 드론3 목적지22 |  916스텝 | 배송 22/22 | 재적재  3 | 중계율 0.30 | alpha 2.726 | complete
Ep 139 | 드론4 목적지53 |  911스텝 | 배송 53/53 | 재적재 10 | 중계율 0.21 | alpha 2.732 | complete
Ep 140 | 드론4 목적지65 | 1000스텝 | 배송 62/65 | 재적재 10 | 중계율 0.28 | alpha 2.733 | step_limit
Ep 141 | 드론4 목적지55 |  942스텝 | 배송 55/55 | 재적재 10 | 중계율 0.27 | alpha 2.702 | complete
Ep 142 | 드론4 목적지55 |  887스텝 | 배송 55/55 | 재적재  8 | 중계율 0.16 | alpha 2.679 | complete
Ep 143 | 드론3 목적지80 | 1000스텝 | 배송 66/80 | 재적재 11 | 중계율 0.23 | alpha 2.627 | step_limit
Ep 144 | 드론3 목적지35 |  811스텝 | 배송 35/35 | 재적재  6 | 중계율 0.29 | alpha 2.614 | complete
Ep 145 | 드론3 목적지65 | 1000스텝 | 배송 57/65 | 재적재 10 | 중계율 0.24 | alpha 2.605 | step_limit
Ep 146 | 드론4 목적지47 | 1000스텝 | 배송 40/47 | 재적재  6 | 중계율 0.31 | alpha 2.602 | step_limit
Ep 147 | 드론4 목적지22 |  505스텝 | 배송 22/22 | 재적재  2 | 중계율 0.23 | alpha 2.564 | complete
Ep 148 | 드론3 목적지32 |  995스텝 | 배송 32/32 | 재적재  5 | 중계율 0.27 | alpha 2.565 | complete
Ep 149 | 드론4 목적지47 | 1000스텝 | 배송 44/47 | 재적재  5 | 중계율 0.34 | alpha 2.613 | step_limit
Ep 150 | 드론3 목적지38 |  940스텝 | 배송 38/38 | 재적재  6 | 중계율 0.24 | alpha 2.609 | complete
  [홀드아웃] 배송 49.6±2.6 완주 0.97 스텝 1118 점수 122.6 재적재 7.9 2홉+ 0.61 | 최고 122.6@ep150 정체 0/8  ← 갱신
Ep 151 | 드론4 목적지41 |  656스텝 | 배송 41/41 | 재적재  6 | 중계율 0.19 | alpha 2.626 | complete
Ep 152 | 드론4 목적지74 | 1000스텝 | 배송 70/74 | 재적재 12 | 중계율 0.25 | alpha 2.599 | step_limit
Ep 153 | 드론3 목적지57 | 1000스텝 | 배송 46/57 | 재적재  8 | 중계율 0.27 | alpha 2.549 | step_limit
Ep 154 | 드론3 목적지69 | 1000스텝 | 배송 62/69 | 재적재 11 | 중계율 0.21 | alpha 2.502 | step_limit
Ep 155 | 드론3 목적지61 | 1000스텝 | 배송 57/61 | 재적재 10 | 중계율 0.26 | alpha 2.484 | step_limit
Ep 156 | 드론4 목적지42 |  970스텝 | 배송 42/42 | 재적재  6 | 중계율 0.27 | alpha 2.467 | complete
Ep 157 | 드론3 목적지31 |  575스텝 | 배송 31/31 | 재적재  5 | 중계율 0.21 | alpha 2.463 | complete
Ep 158 | 드론3 목적지20 |  459스텝 | 배송 20/20 | 재적재  3 | 중계율 0.24 | alpha 2.471 | complete
Ep 159 | 드론3 목적지53 | 1000스텝 | 배송 45/53 | 재적재  9 | 중계율 0.24 | alpha 2.464 | step_limit
Ep 160 | 드론4 목적지49 |  829스텝 | 배송 49/49 | 재적재  9 | 중계율 0.21 | alpha 2.488 | complete
Ep 161 | 드론3 목적지20 |  371스텝 | 배송 20/20 | 재적재  3 | 중계율 0.20 | alpha 2.475 | complete
Ep 162 | 드론3 목적지57 | 1000스텝 | 배송 50/57 | 재적재  8 | 중계율 0.26 | alpha 2.460 | step_limit
Ep 163 | 드론3 목적지40 |  903스텝 | 배송 40/40 | 재적재  7 | 중계율 0.24 | alpha 2.478 | complete
Ep 164 | 드론3 목적지71 | 1000스텝 | 배송 52/71 | 재적재  8 | 중계율 0.28 | alpha 2.473 | step_limit
Ep 165 | 드론4 목적지80 | 1000스텝 | 배송 73/80 | 재적재 13 | 중계율 0.31 | alpha 2.492 | step_limit
Ep 166 | 드론4 목적지80 | 1000스텝 | 배송 69/80 | 재적재 12 | 중계율 0.24 | alpha 2.489 | step_limit
Ep 167 | 드론3 목적지23 |  494스텝 | 배송 23/23 | 재적재  4 | 중계율 0.27 | alpha 2.490 | complete
Ep 168 | 드론4 목적지63 | 1000스텝 | 배송 57/63 | 재적재  9 | 중계율 0.31 | alpha 2.468 | step_limit
Ep 169 | 드론4 목적지40 |  641스텝 | 배송 40/40 | 재적재  6 | 중계율 0.24 | alpha 2.487 | complete
Ep 170 | 드론3 목적지63 | 1000스텝 | 배송 43/63 | 재적재  8 | 중계율 0.23 | alpha 2.497 | step_limit
Ep 171 | 드론3 목적지45 | 1000스텝 | 배송 38/45 | 재적재  6 | 중계율 0.31 | alpha 2.441 | step_limit
Ep 172 | 드론3 목적지31 |  896스텝 | 배송 31/31 | 재적재  5 | 중계율 0.27 | alpha 2.378 | complete
Ep 173 | 드론4 목적지41 |  973스텝 | 배송 41/41 | 재적재  7 | 중계율 0.33 | alpha 2.378 | complete
Ep 174 | 드론3 목적지77 | 1000스텝 | 배송 66/77 | 재적재 11 | 중계율 0.23 | alpha 2.387 | step_limit
Ep 175 | 드론4 목적지41 | 1000스텝 | 배송 35/41 | 재적재  5 | 중계율 0.24 | alpha 2.356 | step_limit
Ep 176 | 드론4 목적지29 |  427스텝 | 배송 29/29 | 재적재  5 | 중계율 0.21 | alpha 2.338 | complete
Ep 177 | 드론4 목적지52 |  709스텝 | 배송 52/52 | 재적재  9 | 중계율 0.19 | alpha 2.318 | complete
Ep 178 | 드론3 목적지59 | 1000스텝 | 배송 50/59 | 재적재 10 | 중계율 0.23 | alpha 2.311 | step_limit
Ep 179 | 드론4 목적지34 |  468스텝 | 배송 34/34 | 재적재  3 | 중계율 0.26 | alpha 2.334 | complete
Ep 180 | 드론4 목적지33 |  611스텝 | 배송 33/33 | 재적재  5 | 중계율 0.26 | alpha 2.334 | complete
Ep 181 | 드론4 목적지80 | 1000스텝 | 배송 69/80 | 재적재 12 | 중계율 0.27 | alpha 2.327 | step_limit
Ep 182 | 드론3 목적지70 | 1000스텝 | 배송 55/70 | 재적재 10 | 중계율 0.25 | alpha 2.290 | step_limit
Ep 183 | 드론4 목적지54 |  971스텝 | 배송 54/54 | 재적재  9 | 중계율 0.32 | alpha 2.256 | complete
Ep 184 | 드론4 목적지63 |  983스텝 | 배송 63/63 | 재적재 11 | 중계율 0.26 | alpha 2.244 | complete
Ep 185 | 드론4 목적지68 | 1000스텝 | 배송 60/68 | 재적재 10 | 중계율 0.29 | alpha 2.237 | step_limit
Ep 186 | 드론4 목적지77 |  760스텝 | 배송 77/77 | 재적재 13 | 중계율 0.18 | alpha 2.241 | complete
Ep 187 | 드론3 목적지30 |  663스텝 | 배송 30/30 | 재적재  4 | 중계율 0.26 | alpha 2.269 | complete
Ep 188 | 드론3 목적지64 | 1000스텝 | 배송 62/64 | 재적재 11 | 중계율 0.20 | alpha 2.298 | step_limit
Ep 189 | 드론3 목적지28 |  735스텝 | 배송 28/28 | 재적재  4 | 중계율 0.23 | alpha 2.291 | complete
Ep 190 | 드론3 목적지38 | 1000스텝 | 배송 37/38 | 재적재  6 | 중계율 0.24 | alpha 2.271 | step_limit
Ep 191 | 드론4 목적지22 |  420스텝 | 배송 22/22 | 재적재  3 | 중계율 0.22 | alpha 2.292 | complete
Ep 192 | 드론3 목적지69 | 1000스텝 | 배송 55/69 | 재적재 11 | 중계율 0.23 | alpha 2.275 | step_limit
Ep 193 | 드론4 목적지65 | 1000스텝 | 배송 63/65 | 재적재  9 | 중계율 0.32 | alpha 2.266 | step_limit
Ep 194 | 드론3 목적지43 |  757스텝 | 배송 43/43 | 재적재  8 | 중계율 0.23 | alpha 2.264 | complete
Ep 195 | 드론4 목적지57 | 1000스텝 | 배송 48/57 | 재적재  6 | 중계율 0.31 | alpha 2.221 | step_limit
Ep 196 | 드론4 목적지67 |  898스텝 | 배송 67/67 | 재적재 12 | 중계율 0.20 | alpha 2.211 | complete
Ep 197 | 드론4 목적지26 |  402스텝 | 배송 26/26 | 재적재  4 | 중계율 0.20 | alpha 2.185 | complete
Ep 198 | 드론4 목적지53 | 1000스텝 | 배송 46/53 | 재적재  8 | 중계율 0.30 | alpha 2.160 | step_limit
Ep 199 | 드론4 목적지79 | 1000스텝 | 배송 78/79 | 재적재 14 | 중계율 0.22 | alpha 2.163 | step_limit
Ep 200 | 드론3 목적지73 | 1000스텝 | 배송 63/73 | 재적재 11 | 중계율 0.20 | alpha 2.192 | step_limit
  [홀드아웃] 배송 50.0±0.0 완주 1.00 스텝 1055 점수 125.9 재적재 8.1 2홉+ 0.62 | 최고 125.9@ep200 정체 0/8  ← 갱신
Ep 201 | 드론4 목적지24 |  261스텝 | 배송 24/24 | 재적재  3 | 중계율 0.08 | alpha 2.190 | complete
Ep 202 | 드론3 목적지21 |  557스텝 | 배송 21/21 | 재적재  2 | 중계율 0.21 | alpha 2.166 | complete
Ep 203 | 드론3 목적지23 | 1000스텝 | 배송 21/23 | 재적재  3 | 중계율 0.43 | alpha 2.117 | step_limit
Ep 204 | 드론4 목적지72 | 1000스텝 | 배송 70/72 | 재적재 12 | 중계율 0.23 | alpha 2.112 | step_limit
Ep 205 | 드론3 목적지33 |  864스텝 | 배송 33/33 | 재적재  5 | 중계율 0.28 | alpha 2.113 | complete
Ep 206 | 드론3 목적지23 |  827스텝 | 배송 23/23 | 재적재  4 | 중계율 0.27 | alpha 2.103 | complete
Ep 207 | 드론3 목적지69 | 1000스텝 | 배송 62/69 | 재적재 11 | 중계율 0.19 | alpha 2.067 | step_limit
Ep 208 | 드론3 목적지50 | 1000스텝 | 배송 49/50 | 재적재  9 | 중계율 0.28 | alpha 2.074 | step_limit
Ep 209 | 드론3 목적지63 | 1000스텝 | 배송 60/63 | 재적재 12 | 중계율 0.26 | alpha 2.067 | step_limit
Ep 210 | 드론3 목적지54 | 1000스텝 | 배송 47/54 | 재적재  8 | 중계율 0.25 | alpha 2.024 | step_limit
Ep 211 | 드론3 목적지77 | 1000스텝 | 배송 69/77 | 재적재 12 | 중계율 0.19 | alpha 2.020 | step_limit
Ep 212 | 드론3 목적지42 |  827스텝 | 배송 42/42 | 재적재  7 | 중계율 0.26 | alpha 2.010 | complete
Ep 213 | 드론3 목적지47 |  998스텝 | 배송 47/47 | 재적재  8 | 중계율 0.35 | alpha 2.054 | complete
Ep 214 | 드론4 목적지69 | 1000스텝 | 배송 62/69 | 재적재 10 | 중계율 0.27 | alpha 2.027 | step_limit
Ep 215 | 드론4 목적지66 | 1000스텝 | 배송 64/66 | 재적재 11 | 중계율 0.24 | alpha 1.991 | step_limit
Ep 216 | 드론3 목적지38 |  813스텝 | 배송 38/38 | 재적재  6 | 중계율 0.24 | alpha 1.990 | complete
Ep 217 | 드론3 목적지70 | 1000스텝 | 배송 60/70 | 재적재 11 | 중계율 0.26 | alpha 1.996 | step_limit
Ep 218 | 드론4 목적지45 | 1000스텝 | 배송 40/45 | 재적재  7 | 중계율 0.34 | alpha 2.021 | step_limit
Ep 219 | 드론3 목적지20 |  652스텝 | 배송 20/20 | 재적재  2 | 중계율 0.22 | alpha 2.005 | complete
Ep 220 | 드론4 목적지45 |  607스텝 | 배송 45/45 | 재적재  7 | 중계율 0.26 | alpha 2.018 | complete
Ep 221 | 드론4 목적지27 |  911스텝 | 배송 27/27 | 재적재  2 | 중계율 0.35 | alpha 1.989 | complete
Ep 222 | 드론4 목적지42 |  849스텝 | 배송 42/42 | 재적재  8 | 중계율 0.29 | alpha 1.976 | complete
Ep 223 | 드론3 목적지69 | 1000스텝 | 배송 56/69 | 재적재 11 | 중계율 0.28 | alpha 1.989 | step_limit
Ep 224 | 드론3 목적지27 |  806스텝 | 배송 27/27 | 재적재  4 | 중계율 0.21 | alpha 1.962 | complete
Ep 225 | 드론4 목적지74 | 1000스텝 | 배송 73/74 | 재적재 12 | 중계율 0.25 | alpha 1.924 | step_limit
Ep 226 | 드론3 목적지57 | 1000스텝 | 배송 47/57 | 재적재  8 | 중계율 0.24 | alpha 1.923 | step_limit
Ep 227 | 드론3 목적지56 | 1000스텝 | 배송 55/56 | 재적재 10 | 중계율 0.26 | alpha 1.954 | step_limit
Ep 228 | 드론3 목적지60 | 1000스텝 | 배송 50/60 | 재적재  8 | 중계율 0.26 | alpha 1.931 | step_limit
Ep 229 | 드론3 목적지68 | 1000스텝 | 배송 55/68 | 재적재 10 | 중계율 0.23 | alpha 1.902 | step_limit
Ep 230 | 드론3 목적지76 | 1000스텝 | 배송 62/76 | 재적재 11 | 중계율 0.26 | alpha 1.844 | step_limit
Ep 231 | 드론3 목적지66 | 1000스텝 | 배송 51/66 | 재적재  9 | 중계율 0.28 | alpha 1.798 | step_limit
Ep 232 | 드론4 목적지59 |  764스텝 | 배송 59/59 | 재적재  9 | 중계율 0.26 | alpha 1.790 | complete
Ep 233 | 드론4 목적지58 |  833스텝 | 배송 58/58 | 재적재  9 | 중계율 0.32 | alpha 1.805 | complete
Ep 234 | 드론4 목적지35 |  590스텝 | 배송 35/35 | 재적재  5 | 중계율 0.18 | alpha 1.821 | complete
Ep 235 | 드론4 목적지77 | 1000스텝 | 배송 70/77 | 재적재 11 | 중계율 0.30 | alpha 1.822 | step_limit
Ep 236 | 드론4 목적지57 | 1000스텝 | 배송 52/57 | 재적재 10 | 중계율 0.31 | alpha 1.825 | step_limit
Ep 237 | 드론4 목적지31 |  556스텝 | 배송 31/31 | 재적재  4 | 중계율 0.32 | alpha 1.832 | complete
Ep 238 | 드론4 목적지24 |  334스텝 | 배송 24/24 | 재적재  3 | 중계율 0.16 | alpha 1.827 | complete
Ep 239 | 드론3 목적지27 |  716스텝 | 배송 27/27 | 재적재  4 | 중계율 0.23 | alpha 1.851 | complete
Ep 240 | 드론3 목적지65 | 1000스텝 | 배송 57/65 | 재적재 11 | 중계율 0.21 | alpha 1.833 | step_limit
Ep 241 | 드론4 목적지65 | 1000스텝 | 배송 58/65 | 재적재  9 | 중계율 0.33 | alpha 1.818 | step_limit
Ep 242 | 드론4 목적지33 |  866스텝 | 배송 33/33 | 재적재  6 | 중계율 0.27 | alpha 1.800 | complete
Ep 243 | 드론4 목적지41 |  779스텝 | 배송 41/41 | 재적재  6 | 중계율 0.28 | alpha 1.785 | complete
Ep 244 | 드론4 목적지50 |  857스텝 | 배송 50/50 | 재적재  8 | 중계율 0.31 | alpha 1.772 | complete
Ep 245 | 드론3 목적지55 | 1000스텝 | 배송 53/55 | 재적재 10 | 중계율 0.28 | alpha 1.721 | step_limit
Ep 246 | 드론3 목적지48 | 1000스텝 | 배송 47/48 | 재적재  8 | 중계율 0.29 | alpha 1.718 | step_limit
Ep 247 | 드론4 목적지73 | 1000스텝 | 배송 70/73 | 재적재 13 | 중계율 0.25 | alpha 1.742 | step_limit
Ep 248 | 드론3 목적지44 | 1000스텝 | 배송 37/44 | 재적재  7 | 중계율 0.26 | alpha 1.757 | step_limit
Ep 249 | 드론4 목적지75 |  987스텝 | 배송 75/75 | 재적재 13 | 중계율 0.24 | alpha 1.748 | complete
Ep 250 | 드론4 목적지66 | 1000스텝 | 배송 65/66 | 재적재 12 | 중계율 0.33 | alpha 1.697 | step_limit
  [홀드아웃] 배송 50.0±0.1 완주 0.99 스텝 998 점수 125.4 재적재 8.2 2홉+ 0.61 | 최고 125.9@ep200 정체 1/8
Ep 251 | 드론3 목적지63 | 1000스텝 | 배송 58/63 | 재적재 10 | 중계율 0.23 | alpha 1.694 | step_limit
Ep 252 | 드론3 목적지43 | 1000스텝 | 배송 41/43 | 재적재  7 | 중계율 0.30 | alpha 1.684 | step_limit
Ep 253 | 드론4 목적지34 |  712스텝 | 배송 34/34 | 재적재  6 | 중계율 0.28 | alpha 1.684 | complete
Ep 254 | 드론4 목적지31 |  603스텝 | 배송 31/31 | 재적재  5 | 중계율 0.30 | alpha 1.677 | complete
Ep 255 | 드론3 목적지33 |  938스텝 | 배송 33/33 | 재적재  6 | 중계율 0.20 | alpha 1.664 | complete
Ep 256 | 드론4 목적지26 |  646스텝 | 배송 26/26 | 재적재  4 | 중계율 0.32 | alpha 1.658 | complete
Ep 257 | 드론3 목적지38 | 1000스텝 | 배송 37/38 | 재적재  7 | 중계율 0.27 | alpha 1.658 | step_limit
Ep 258 | 드론3 목적지58 | 1000스텝 | 배송 57/58 | 재적재  9 | 중계율 0.23 | alpha 1.644 | step_limit
Ep 259 | 드론4 목적지57 |  736스텝 | 배송 57/57 | 재적재  9 | 중계율 0.27 | alpha 1.624 | complete
Ep 260 | 드론3 목적지51 | 1000스텝 | 배송 45/51 | 재적재  7 | 중계율 0.39 | alpha 1.613 | step_limit
Ep 261 | 드론4 목적지34 |  414스텝 | 배송 34/34 | 재적재  5 | 중계율 0.17 | alpha 1.604 | complete
Ep 262 | 드론4 목적지20 |  345스텝 | 배송 20/20 | 재적재  2 | 중계율 0.29 | alpha 1.596 | complete
Ep 263 | 드론4 목적지26 |  344스텝 | 배송 26/26 | 재적재  4 | 중계율 0.11 | alpha 1.590 | complete
Ep 264 | 드론3 목적지34 | 1000스텝 | 배송 33/34 | 재적재  5 | 중계율 0.32 | alpha 1.583 | step_limit
Ep 265 | 드론4 목적지44 |  504스텝 | 배송 44/44 | 재적재  6 | 중계율 0.18 | alpha 1.583 | complete
Ep 266 | 드론4 목적지80 | 1000스텝 | 배송 75/80 | 재적재 13 | 중계율 0.19 | alpha 1.552 | step_limit
Ep 267 | 드론3 목적지65 | 1000스텝 | 배송 52/65 | 재적재  9 | 중계율 0.25 | alpha 1.532 | step_limit
Ep 268 | 드론4 목적지20 |  251스텝 | 배송 20/20 | 재적재  2 | 중계율 0.18 | alpha 1.522 | complete
Ep 269 | 드론3 목적지40 |  631스텝 | 배송 40/40 | 재적재  7 | 중계율 0.16 | alpha 1.526 | complete
Ep 270 | 드론3 목적지65 | 1000스텝 | 배송 53/65 | 재적재 10 | 중계율 0.25 | alpha 1.523 | step_limit
Ep 271 | 드론4 목적지43 | 1000스텝 | 배송 38/43 | 재적재  6 | 중계율 0.34 | alpha 1.520 | step_limit
Ep 272 | 드론4 목적지23 |  517스텝 | 배송 23/23 | 재적재  4 | 중계율 0.30 | alpha 1.520 | complete
Ep 273 | 드론4 목적지46 |  939스텝 | 배송 46/46 | 재적재  6 | 중계율 0.28 | alpha 1.509 | complete
Ep 274 | 드론3 목적지61 | 1000스텝 | 배송 56/61 | 재적재  9 | 중계율 0.23 | alpha 1.522 | step_limit
Ep 275 | 드론4 목적지44 |  764스텝 | 배송 44/44 | 재적재  7 | 중계율 0.27 | alpha 1.500 | complete
Ep 276 | 드론4 목적지33 |  827스텝 | 배송 33/33 | 재적재  6 | 중계율 0.33 | alpha 1.482 | complete
Ep 277 | 드론4 목적지44 |  578스텝 | 배송 44/44 | 재적재  8 | 중계율 0.21 | alpha 1.473 | complete
Ep 278 | 드론4 목적지23 |  594스텝 | 배송 23/23 | 재적재  3 | 중계율 0.32 | alpha 1.466 | complete
Ep 279 | 드론4 목적지27 |  353스텝 | 배송 27/27 | 재적재  3 | 중계율 0.23 | alpha 1.459 | complete
Ep 280 | 드론4 목적지62 |  742스텝 | 배송 62/62 | 재적재 11 | 중계율 0.19 | alpha 1.449 | complete
Ep 281 | 드론4 목적지73 | 1000스텝 | 배송 72/73 | 재적재 12 | 중계율 0.16 | alpha 1.424 | step_limit
Ep 282 | 드론4 목적지76 |  941스텝 | 배송 76/76 | 재적재 15 | 중계율 0.23 | alpha 1.367 | complete
Ep 283 | 드론4 목적지69 | 1000스텝 | 배송 66/69 | 재적재 12 | 중계율 0.24 | alpha 1.356 | step_limit
Ep 284 | 드론3 목적지49 |  968스텝 | 배송 49/49 | 재적재  9 | 중계율 0.25 | alpha 1.366 | complete
Ep 285 | 드론4 목적지21 |  508스텝 | 배송 21/21 | 재적재  3 | 중계율 0.27 | alpha 1.357 | complete
Ep 286 | 드론4 목적지28 |  474스텝 | 배송 28/28 | 재적재  4 | 중계율 0.31 | alpha 1.356 | complete
Ep 287 | 드론4 목적지48 | 1000스텝 | 배송 44/48 | 재적재  6 | 중계율 0.36 | alpha 1.363 | step_limit
Ep 288 | 드론3 목적지47 | 1000스텝 | 배송 40/47 | 재적재  6 | 중계율 0.25 | alpha 1.350 | step_limit
Ep 289 | 드론4 목적지67 |  787스텝 | 배송 67/67 | 재적재 11 | 중계율 0.22 | alpha 1.346 | complete
Ep 290 | 드론3 목적지59 | 1000스텝 | 배송 58/59 | 재적재 10 | 중계율 0.24 | alpha 1.340 | step_limit
Ep 291 | 드론3 목적지21 |  329스텝 | 배송 21/21 | 재적재  3 | 중계율 0.16 | alpha 1.329 | complete
Ep 292 | 드론3 목적지29 |  815스텝 | 배송 29/29 | 재적재  5 | 중계율 0.26 | alpha 1.313 | complete
Ep 293 | 드론3 목적지47 | 1000스텝 | 배송 45/47 | 재적재  7 | 중계율 0.32 | alpha 1.290 | step_limit
Ep 294 | 드론4 목적지46 | 1000스텝 | 배송 40/46 | 재적재  6 | 중계율 0.38 | alpha 1.264 | step_limit
Ep 295 | 드론3 목적지67 | 1000스텝 | 배송 62/67 | 재적재 10 | 중계율 0.28 | alpha 1.258 | step_limit
Ep 296 | 드론4 목적지68 | 1000스텝 | 배송 65/68 | 재적재 11 | 중계율 0.26 | alpha 1.262 | step_limit
Ep 297 | 드론3 목적지52 | 1000스텝 | 배송 48/52 | 재적재  7 | 중계율 0.28 | alpha 1.258 | step_limit
Ep 298 | 드론4 목적지70 | 1000스텝 | 배송 62/70 | 재적재 10 | 중계율 0.34 | alpha 1.259 | step_limit
Ep 299 | 드론4 목적지56 |  932스텝 | 배송 56/56 | 재적재  9 | 중계율 0.36 | alpha 1.255 | complete
Ep 300 | 드론4 목적지42 |  611스텝 | 배송 42/42 | 재적재  7 | 중계율 0.26 | alpha 1.243 | complete
  [홀드아웃] 배송 49.9±0.8 완주 0.97 스텝 1006 점수 124.1 재적재 8.1 2홉+ 0.61 | 최고 125.9@ep200 정체 2/8
Ep 301 | 드론3 목적지20 |  388스텝 | 배송 20/20 | 재적재  3 | 중계율 0.18 | alpha 1.243 | complete
Ep 302 | 드론3 목적지55 | 1000스텝 | 배송 50/55 | 재적재 10 | 중계율 0.31 | alpha 1.222 | step_limit
Ep 303 | 드론3 목적지65 | 1000스텝 | 배송 61/65 | 재적재 10 | 중계율 0.26 | alpha 1.193 | step_limit
Ep 304 | 드론4 목적지69 |  755스텝 | 배송 69/69 | 재적재 12 | 중계율 0.26 | alpha 1.182 | complete
Ep 305 | 드론3 목적지66 | 1000스텝 | 배송 65/66 | 재적재 12 | 중계율 0.24 | alpha 1.156 | step_limit
Ep 306 | 드론4 목적지55 |  956스텝 | 배송 55/55 | 재적재  9 | 중계율 0.35 | alpha 1.137 | complete
Ep 307 | 드론4 목적지65 | 1000스텝 | 배송 53/65 | 재적재  8 | 중계율 0.33 | alpha 1.116 | step_limit
Ep 308 | 드론4 목적지22 |  506스텝 | 배송 22/22 | 재적재  3 | 중계율 0.29 | alpha 1.113 | complete
Ep 309 | 드론3 목적지44 | 1000스텝 | 배송 43/44 | 재적재  7 | 중계율 0.28 | alpha 1.107 | step_limit
Ep 310 | 드론4 목적지45 |  818스텝 | 배송 45/45 | 재적재  6 | 중계율 0.32 | alpha 1.104 | complete
Ep 311 | 드론3 목적지58 |  912스텝 | 배송 58/58 | 재적재 10 | 중계율 0.26 | alpha 1.106 | complete
Ep 312 | 드론3 목적지35 | 1000스텝 | 배송 34/35 | 재적재  6 | 중계율 0.35 | alpha 1.088 | step_limit
Ep 313 | 드론4 목적지55 |  554스텝 | 배송 55/55 | 재적재  9 | 중계율 0.21 | alpha 1.080 | complete
Ep 314 | 드론4 목적지35 |  585스텝 | 배송 35/35 | 재적재  6 | 중계율 0.17 | alpha 1.078 | complete
Ep 315 | 드론4 목적지28 |  425스텝 | 배송 28/28 | 재적재  3 | 중계율 0.25 | alpha 1.066 | complete
Ep 316 | 드론3 목적지70 | 1000스텝 | 배송 60/70 | 재적재 12 | 중계율 0.27 | alpha 1.054 | step_limit
Ep 317 | 드론3 목적지41 | 1000스텝 | 배송 40/41 | 재적재  6 | 중계율 0.29 | alpha 1.043 | step_limit
Ep 318 | 드론3 목적지69 | 1000스텝 | 배송 57/69 | 재적재 10 | 중계율 0.23 | alpha 1.047 | step_limit
Ep 319 | 드론3 목적지33 |  710스텝 | 배송 33/33 | 재적재  5 | 중계율 0.20 | alpha 1.039 | complete
Ep 320 | 드론3 목적지67 | 1000스텝 | 배송 49/67 | 재적재  7 | 중계율 0.32 | alpha 1.042 | step_limit
Ep 321 | 드론4 목적지76 | 1000스텝 | 배송 70/76 | 재적재 11 | 중계율 0.30 | alpha 1.016 | step_limit
Ep 322 | 드론3 목적지59 |  854스텝 | 배송 59/59 | 재적재 10 | 중계율 0.18 | alpha 1.019 | complete
Ep 323 | 드론4 목적지43 |  579스텝 | 배송 43/43 | 재적재  6 | 중계율 0.21 | alpha 1.020 | complete
Ep 324 | 드론3 목적지21 |  466스텝 | 배송 21/21 | 재적재  3 | 중계율 0.25 | alpha 1.014 | complete
Ep 325 | 드론3 목적지42 | 1000스텝 | 배송 41/42 | 재적재  7 | 중계율 0.25 | alpha 1.008 | step_limit
Ep 326 | 드론3 목적지40 |  729스텝 | 배송 40/40 | 재적재  6 | 중계율 0.24 | alpha 1.004 | complete
Ep 327 | 드론4 목적지52 |  641스텝 | 배송 52/52 | 재적재  8 | 중계율 0.26 | alpha 0.987 | complete
Ep 328 | 드론4 목적지56 | 1000스텝 | 배송 41/56 | 재적재  7 | 중계율 0.28 | alpha 0.965 | step_limit
Ep 329 | 드론4 목적지22 |  438스텝 | 배송 22/22 | 재적재  3 | 중계율 0.29 | alpha 0.966 | complete
Ep 330 | 드론4 목적지21 |  850스텝 | 배송 21/21 | 재적재  1 | 중계율 0.51 | alpha 0.965 | complete
Ep 331 | 드론4 목적지79 | 1000스텝 | 배송 70/79 | 재적재 13 | 중계율 0.31 | alpha 0.955 | step_limit
Ep 332 | 드론4 목적지42 |  462스텝 | 배송 42/42 | 재적재  6 | 중계율 0.20 | alpha 0.956 | complete
Ep 333 | 드론3 목적지75 | 1000스텝 | 배송 69/75 | 재적재 13 | 중계율 0.25 | alpha 0.951 | step_limit
Ep 334 | 드론4 목적지51 |  935스텝 | 배송 51/51 | 재적재  8 | 중계율 0.24 | alpha 0.953 | complete
Ep 335 | 드론4 목적지60 | 1000스텝 | 배송 50/60 | 재적재  9 | 중계율 0.32 | alpha 0.956 | step_limit
Ep 336 | 드론3 목적지62 | 1000스텝 | 배송 60/62 | 재적재 10 | 중계율 0.31 | alpha 0.952 | step_limit
Ep 337 | 드론3 목적지72 | 1000스텝 | 배송 54/72 | 재적재  8 | 중계율 0.32 | alpha 0.960 | step_limit
Ep 338 | 드론3 목적지60 | 1000스텝 | 배송 48/60 | 재적재  7 | 중계율 0.27 | alpha 0.967 | step_limit
Ep 339 | 드론4 목적지50 |  719스텝 | 배송 50/50 | 재적재  9 | 중계율 0.18 | alpha 0.972 | complete
Ep 340 | 드론3 목적지80 | 1000스텝 | 배송 58/80 | 재적재 10 | 중계율 0.19 | alpha 0.964 | step_limit
Ep 341 | 드론4 목적지38 |  577스텝 | 배송 38/38 | 재적재  5 | 중계율 0.29 | alpha 0.953 | complete
Ep 342 | 드론4 목적지57 |  754스텝 | 배송 57/57 | 재적재 10 | 중계율 0.28 | alpha 0.946 | complete
Ep 343 | 드론4 목적지43 |  389스텝 | 배송 43/43 | 재적재  7 | 중계율 0.13 | alpha 0.941 | complete
Ep 344 | 드론3 목적지77 | 1000스텝 | 배송 61/77 | 재적재 11 | 중계율 0.24 | alpha 0.937 | step_limit
Ep 345 | 드론4 목적지40 | 1000스텝 | 배송 36/40 | 재적재  6 | 중계율 0.23 | alpha 0.933 | step_limit
Ep 346 | 드론3 목적지74 | 1000스텝 | 배송 57/74 | 재적재 10 | 중계율 0.30 | alpha 0.944 | step_limit
Ep 347 | 드론3 목적지45 |  808스텝 | 배송 45/45 | 재적재  8 | 중계율 0.22 | alpha 0.915 | complete
Ep 348 | 드론3 목적지68 |  901스텝 | 배송 68/68 | 재적재 12 | 중계율 0.15 | alpha 0.894 | complete
Ep 349 | 드론4 목적지69 |  839스텝 | 배송 69/69 | 재적재 12 | 중계율 0.25 | alpha 0.890 | complete
Ep 350 | 드론3 목적지62 |  737스텝 | 배송 62/62 | 재적재 11 | 중계율 0.17 | alpha 0.885 | complete
  [홀드아웃] 배송 49.8±0.9 완주 0.95 스텝 993 점수 121.8 재적재 8.1 2홉+ 0.62 | 최고 125.9@ep200 정체 3/8
Ep 351 | 드론4 목적지41 |  571스텝 | 배송 41/41 | 재적재  6 | 중계율 0.24 | alpha 0.886 | complete
Ep 352 | 드론4 목적지38 |  545스텝 | 배송 38/38 | 재적재  6 | 중계율 0.23 | alpha 0.880 | complete
Ep 353 | 드론4 목적지68 |  763스텝 | 배송 68/68 | 재적재 11 | 중계율 0.24 | alpha 0.873 | complete
Ep 354 | 드론4 목적지64 |  715스텝 | 배송 64/64 | 재적재 11 | 중계율 0.21 | alpha 0.869 | complete
Ep 355 | 드론4 목적지58 |  834스텝 | 배송 58/58 | 재적재 10 | 중계율 0.27 | alpha 0.855 | complete
Ep 356 | 드론3 목적지48 | 1000스텝 | 배송 46/48 | 재적재  7 | 중계율 0.31 | alpha 0.847 | step_limit
Ep 357 | 드론4 목적지72 | 1000스텝 | 배송 70/72 | 재적재 13 | 중계율 0.36 | alpha 0.850 | step_limit
Ep 358 | 드론3 목적지74 | 1000스텝 | 배송 68/74 | 재적재 11 | 중계율 0.23 | alpha 0.851 | step_limit
Ep 359 | 드론3 목적지26 |  541스텝 | 배송 26/26 | 재적재  4 | 중계율 0.26 | alpha 0.845 | complete
Ep 360 | 드론3 목적지75 | 1000스텝 | 배송 64/75 | 재적재 10 | 중계율 0.26 | alpha 0.819 | step_limit
Ep 361 | 드론4 목적지64 |  893스텝 | 배송 64/64 | 재적재 11 | 중계율 0.29 | alpha 0.813 | complete
Ep 362 | 드론4 목적지66 |  902스텝 | 배송 66/66 | 재적재 11 | 중계율 0.24 | alpha 0.811 | complete
Ep 363 | 드론3 목적지72 | 1000스텝 | 배송 60/72 | 재적재 11 | 중계율 0.28 | alpha 0.811 | step_limit
Ep 364 | 드론4 목적지69 | 1000스텝 | 배송 67/69 | 재적재 13 | 중계율 0.30 | alpha 0.803 | step_limit
Ep 365 | 드론3 목적지76 | 1000스텝 | 배송 65/76 | 재적재 11 | 중계율 0.26 | alpha 0.792 | step_limit
Ep 366 | 드론4 목적지50 |  629스텝 | 배송 50/50 | 재적재  9 | 중계율 0.28 | alpha 0.783 | complete
Ep 367 | 드론4 목적지66 |  872스텝 | 배송 66/66 | 재적재 11 | 중계율 0.31 | alpha 0.785 | complete
Ep 368 | 드론4 목적지64 |  716스텝 | 배송 64/64 | 재적재 10 | 중계율 0.25 | alpha 0.793 | complete
Ep 369 | 드론4 목적지71 |  987스텝 | 배송 71/71 | 재적재 11 | 중계율 0.31 | alpha 0.800 | complete
Ep 370 | 드론4 목적지35 |  459스텝 | 배송 35/35 | 재적재  5 | 중계율 0.17 | alpha 0.800 | complete
Ep 371 | 드론4 목적지59 |  928스텝 | 배송 59/59 | 재적재 11 | 중계율 0.33 | alpha 0.788 | complete
Ep 372 | 드론4 목적지42 |  763스텝 | 배송 42/42 | 재적재  7 | 중계율 0.31 | alpha 0.779 | complete
Ep 373 | 드론3 목적지59 | 1000스텝 | 배송 55/59 | 재적재  8 | 중계율 0.35 | alpha 0.757 | step_limit
Ep 374 | 드론4 목적지44 |  523스텝 | 배송 44/44 | 재적재  8 | 중계율 0.15 | alpha 0.749 | complete
Ep 375 | 드론4 목적지67 |  978스텝 | 배송 67/67 | 재적재 12 | 중계율 0.29 | alpha 0.754 | complete
Ep 376 | 드론4 목적지36 |  488스텝 | 배송 36/36 | 재적재  5 | 중계율 0.19 | alpha 0.754 | complete
Ep 377 | 드론4 목적지28 |  669스텝 | 배송 28/28 | 재적재  4 | 중계율 0.30 | alpha 0.751 | complete
Ep 378 | 드론4 목적지40 |  766스텝 | 배송 40/40 | 재적재  7 | 중계율 0.35 | alpha 0.750 | complete
Ep 379 | 드론3 목적지70 | 1000스텝 | 배송 68/70 | 재적재 12 | 중계율 0.21 | alpha 0.725 | step_limit
Ep 380 | 드론4 목적지29 |  745스텝 | 배송 29/29 | 재적재  5 | 중계율 0.30 | alpha 0.715 | complete
Ep 381 | 드론4 목적지33 |  393스텝 | 배송 33/33 | 재적재  3 | 중계율 0.23 | alpha 0.714 | complete
Ep 382 | 드론3 목적지20 |  423스텝 | 배송 20/20 | 재적재  3 | 중계율 0.21 | alpha 0.714 | complete
Ep 383 | 드론3 목적지56 | 1000스텝 | 배송 49/56 | 재적재  8 | 중계율 0.28 | alpha 0.703 | step_limit
Ep 384 | 드론4 목적지29 |  557스텝 | 배송 29/29 | 재적재  4 | 중계율 0.33 | alpha 0.694 | complete
Ep 385 | 드론3 목적지78 | 1000스텝 | 배송 75/78 | 재적재 13 | 중계율 0.20 | alpha 0.676 | step_limit
Ep 386 | 드론3 목적지20 |  389스텝 | 배송 20/20 | 재적재  3 | 중계율 0.22 | alpha 0.669 | complete
Ep 387 | 드론4 목적지31 |  458스텝 | 배송 31/31 | 재적재  5 | 중계율 0.25 | alpha 0.665 | complete
Ep 388 | 드론4 목적지22 |  468스텝 | 배송 22/22 | 재적재  2 | 중계율 0.31 | alpha 0.663 | complete
Ep 389 | 드론3 목적지67 | 1000스텝 | 배송 60/67 | 재적재 12 | 중계율 0.29 | alpha 0.649 | step_limit
Ep 390 | 드론4 목적지29 |  387스텝 | 배송 29/29 | 재적재  4 | 중계율 0.23 | alpha 0.640 | complete
Ep 391 | 드론3 목적지76 | 1000스텝 | 배송 64/76 | 재적재 10 | 중계율 0.31 | alpha 0.625 | step_limit
Ep 392 | 드론3 목적지52 |  889스텝 | 배송 52/52 | 재적재  9 | 중계율 0.28 | alpha 0.613 | complete
Ep 393 | 드론3 목적지77 | 1000스텝 | 배송 68/77 | 재적재 13 | 중계율 0.25 | alpha 0.599 | step_limit
Ep 394 | 드론3 목적지40 |  699스텝 | 배송 40/40 | 재적재  6 | 중계율 0.35 | alpha 0.590 | complete
Ep 395 | 드론4 목적지21 |  479스텝 | 배송 21/21 | 재적재  2 | 중계율 0.36 | alpha 0.586 | complete
Ep 396 | 드론3 목적지33 |  537스텝 | 배송 33/33 | 재적재  5 | 중계율 0.17 | alpha 0.580 | complete
Ep 397 | 드론4 목적지28 |  512스텝 | 배송 28/28 | 재적재  3 | 중계율 0.36 | alpha 0.575 | complete
Ep 398 | 드론3 목적지31 |  586스텝 | 배송 31/31 | 재적재  5 | 중계율 0.31 | alpha 0.568 | complete
Ep 399 | 드론3 목적지60 | 1000스텝 | 배송 55/60 | 재적재 11 | 중계율 0.34 | alpha 0.551 | step_limit
Ep 400 | 드론4 목적지67 | 1000스텝 | 배송 60/67 | 재적재  9 | 중계율 0.40 | alpha 0.547 | step_limit
  [홀드아웃] 배송 50.0±0.2 완주 0.99 스텝 983 점수 125.6 재적재 7.9 2홉+ 0.62 | 최고 125.9@ep200 정체 4/8
Ep 401 | 드론4 목적지33 |  584스텝 | 배송 33/33 | 재적재  4 | 중계율 0.36 | alpha 0.541 | complete
Ep 402 | 드론4 목적지60 |  705스텝 | 배송 60/60 | 재적재 11 | 중계율 0.27 | alpha 0.532 | complete
Ep 403 | 드론3 목적지34 |  886스텝 | 배송 34/34 | 재적재  5 | 중계율 0.35 | alpha 0.524 | complete
Ep 404 | 드론4 목적지39 |  599스텝 | 배송 39/39 | 재적재  5 | 중계율 0.26 | alpha 0.522 | complete
Ep 405 | 드론4 목적지59 |  820스텝 | 배송 59/59 | 재적재 11 | 중계율 0.21 | alpha 0.514 | complete
Ep 406 | 드론4 목적지63 | 1000스텝 | 배송 56/63 | 재적재 10 | 중계율 0.33 | alpha 0.512 | step_limit
Ep 407 | 드론4 목적지77 |  942스텝 | 배송 77/77 | 재적재 14 | 중계율 0.25 | alpha 0.507 | complete
Ep 408 | 드론3 목적지33 |  894스텝 | 배송 33/33 | 재적재  6 | 중계율 0.21 | alpha 0.502 | complete
Ep 409 | 드론4 목적지75 | 1000스텝 | 배송 73/75 | 재적재 13 | 중계율 0.28 | alpha 0.504 | step_limit
Ep 410 | 드론3 목적지52 |  856스텝 | 배송 52/52 | 재적재  8 | 중계율 0.24 | alpha 0.513 | complete
Ep 411 | 드론3 목적지20 |  532스텝 | 배송 20/20 | 재적재  3 | 중계율 0.21 | alpha 0.518 | complete
Ep 412 | 드론4 목적지79 | 1000스텝 | 배송 76/79 | 재적재 13 | 중계율 0.24 | alpha 0.526 | step_limit
Ep 413 | 드론3 목적지41 |  759스텝 | 배송 41/41 | 재적재  8 | 중계율 0.29 | alpha 0.532 | complete
Ep 414 | 드론4 목적지71 |  852스텝 | 배송 71/71 | 재적재 13 | 중계율 0.24 | alpha 0.541 | complete
Ep 415 | 드론3 목적지67 |  827스텝 | 배송 67/67 | 재적재 12 | 중계율 0.16 | alpha 0.548 | complete
Ep 416 | 드론3 목적지21 |  376스텝 | 배송 21/21 | 재적재  3 | 중계율 0.20 | alpha 0.556 | complete
Ep 417 | 드론4 목적지59 |  651스텝 | 배송 59/59 | 재적재 11 | 중계율 0.23 | alpha 0.563 | complete
Ep 418 | 드론4 목적지23 |  414스텝 | 배송 23/23 | 재적재  2 | 중계율 0.28 | alpha 0.566 | complete
Ep 419 | 드론3 목적지56 | 1000스텝 | 배송 48/56 | 재적재  8 | 중계율 0.35 | alpha 0.576 | step_limit
Ep 420 | 드론4 목적지28 |  477스텝 | 배송 28/28 | 재적재  4 | 중계율 0.30 | alpha 0.575 | complete
Ep 421 | 드론3 목적지40 |  726스텝 | 배송 40/40 | 재적재  7 | 중계율 0.32 | alpha 0.576 | complete
Ep 422 | 드론4 목적지41 | 1000스텝 | 배송 40/41 | 재적재  6 | 중계율 0.43 | alpha 0.581 | step_limit
Ep 423 | 드론3 목적지45 | 1000스텝 | 배송 43/45 | 재적재  6 | 중계율 0.35 | alpha 0.577 | step_limit
Ep 424 | 드론4 목적지62 | 1000스텝 | 배송 60/62 | 재적재 10 | 중계율 0.36 | alpha 0.573 | step_limit
Ep 425 | 드론3 목적지63 | 1000스텝 | 배송 56/63 | 재적재 10 | 중계율 0.34 | alpha 0.574 | step_limit
Ep 426 | 드론4 목적지51 |  809스텝 | 배송 51/51 | 재적재  8 | 중계율 0.25 | alpha 0.588 | complete
Ep 427 | 드론4 목적지24 |  490스텝 | 배송 24/24 | 재적재  3 | 중계율 0.29 | alpha 0.591 | complete
Ep 428 | 드론4 목적지66 | 1000스텝 | 배송 65/66 | 재적재 11 | 중계율 0.35 | alpha 0.602 | step_limit
Ep 429 | 드론4 목적지44 |  756스텝 | 배송 44/44 | 재적재  7 | 중계율 0.38 | alpha 0.613 | complete
Ep 430 | 드론3 목적지50 |  971스텝 | 배송 50/50 | 재적재  8 | 중계율 0.29 | alpha 0.632 | complete
Ep 431 | 드론4 목적지56 | 1000스텝 | 배송 54/56 | 재적재 10 | 중계율 0.41 | alpha 0.646 | step_limit
Ep 432 | 드론3 목적지31 |  649스텝 | 배송 31/31 | 재적재  5 | 중계율 0.25 | alpha 0.653 | complete
Ep 433 | 드론3 목적지66 | 1000스텝 | 배송 65/66 | 재적재 11 | 중계율 0.27 | alpha 0.668 | step_limit
Ep 434 | 드론3 목적지40 |  727스텝 | 배송 40/40 | 재적재  6 | 중계율 0.25 | alpha 0.675 | complete
Ep 435 | 드론3 목적지57 |  824스텝 | 배송 57/57 | 재적재  9 | 중계율 0.27 | alpha 0.677 | complete
Ep 436 | 드론3 목적지48 |  882스텝 | 배송 48/48 | 재적재  8 | 중계율 0.28 | alpha 0.681 | complete
Ep 437 | 드론4 목적지69 | 1000스텝 | 배송 64/69 | 재적재 11 | 중계율 0.31 | alpha 0.683 | step_limit
Ep 438 | 드론3 목적지59 | 1000스텝 | 배송 56/59 | 재적재 10 | 중계율 0.33 | alpha 0.684 | step_limit
Ep 439 | 드론4 목적지68 |  799스텝 | 배송 68/68 | 재적재 11 | 중계율 0.17 | alpha 0.690 | complete
Ep 440 | 드론3 목적지24 |  564스텝 | 배송 24/24 | 재적재  3 | 중계율 0.32 | alpha 0.689 | complete
Ep 441 | 드론4 목적지71 | 1000스텝 | 배송 60/71 | 재적재 11 | 중계율 0.12 | alpha 0.694 | step_limit
Ep 442 | 드론3 목적지37 |  524스텝 | 배송 37/37 | 재적재  6 | 중계율 0.24 | alpha 0.699 | complete
Ep 443 | 드론4 목적지59 |  654스텝 | 배송 59/59 | 재적재 11 | 중계율 0.15 | alpha 0.709 | complete
Ep 444 | 드론3 목적지36 |  669스텝 | 배송 36/36 | 재적재  6 | 중계율 0.19 | alpha 0.719 | complete
Ep 445 | 드론3 목적지61 | 1000스텝 | 배송 55/61 | 재적재  9 | 중계율 0.34 | alpha 0.719 | step_limit
Ep 446 | 드론3 목적지45 |  802스텝 | 배송 45/45 | 재적재  8 | 중계율 0.28 | alpha 0.715 | complete
Ep 447 | 드론3 목적지77 | 1000스텝 | 배송 65/77 | 재적재 11 | 중계율 0.26 | alpha 0.725 | step_limit
Ep 448 | 드론3 목적지28 |  541스텝 | 배송 28/28 | 재적재  4 | 중계율 0.25 | alpha 0.720 | complete
Ep 449 | 드론4 목적지63 | 1000스텝 | 배송 62/63 | 재적재  9 | 중계율 0.38 | alpha 0.710 | step_limit
Ep 450 | 드론4 목적지38 |  712스텝 | 배송 38/38 | 재적재  6 | 중계율 0.31 | alpha 0.718 | complete
  [홀드아웃] 배송 50.0±0.0 완주 1.00 스텝 949 점수 127.3 재적재 8.0 2홉+ 0.62 | 최고 127.3@ep450 정체 0/8  ← 갱신
Ep 451 | 드론3 목적지39 |  739스텝 | 배송 39/39 | 재적재  6 | 중계율 0.30 | alpha 0.726 | complete
Ep 452 | 드론3 목적지29 |  590스텝 | 배송 29/29 | 재적재  5 | 중계율 0.30 | alpha 0.739 | complete
Ep 453 | 드론3 목적지23 |  700스텝 | 배송 23/23 | 재적재  4 | 중계율 0.31 | alpha 0.754 | complete
Ep 454 | 드론3 목적지30 |  598스텝 | 배송 30/30 | 재적재  5 | 중계율 0.28 | alpha 0.752 | complete
Ep 455 | 드론4 목적지66 |  626스텝 | 배송 66/66 | 재적재 12 | 중계율 0.16 | alpha 0.749 | complete
Ep 456 | 드론4 목적지57 | 1000스텝 | 배송 52/57 | 재적재  8 | 중계율 0.36 | alpha 0.744 | step_limit
Ep 457 | 드론3 목적지29 |  562스텝 | 배송 29/29 | 재적재  5 | 중계율 0.28 | alpha 0.734 | complete
Ep 458 | 드론4 목적지20 |  351스텝 | 배송 20/20 | 재적재  2 | 중계율 0.31 | alpha 0.728 | complete
Ep 459 | 드론3 목적지35 | 1000스텝 | 배송 33/35 | 재적재  4 | 중계율 0.36 | alpha 0.723 | step_limit
Ep 460 | 드론3 목적지52 | 1000스텝 | 배송 51/52 | 재적재  9 | 중계율 0.31 | alpha 0.725 | step_limit
Ep 461 | 드론3 목적지55 | 1000스텝 | 배송 54/55 | 재적재  9 | 중계율 0.31 | alpha 0.720 | step_limit
Ep 462 | 드론3 목적지56 |  789스텝 | 배송 56/56 | 재적재  9 | 중계율 0.25 | alpha 0.715 | complete
Ep 463 | 드론3 목적지51 | 1000스텝 | 배송 50/51 | 재적재  7 | 중계율 0.34 | alpha 0.721 | step_limit
Ep 464 | 드론4 목적지24 |  563스텝 | 배송 24/24 | 재적재  4 | 중계율 0.27 | alpha 0.720 | complete
Ep 465 | 드론3 목적지31 |  754스텝 | 배송 31/31 | 재적재  5 | 중계율 0.28 | alpha 0.718 | complete
Ep 466 | 드론4 목적지68 | 1000스텝 | 배송 65/68 | 재적재 12 | 중계율 0.33 | alpha 0.723 | step_limit
Ep 467 | 드론4 목적지50 |  742스텝 | 배송 50/50 | 재적재  8 | 중계율 0.29 | alpha 0.728 | complete
Ep 468 | 드론4 목적지57 | 1000스텝 | 배송 48/57 | 재적재  8 | 중계율 0.30 | alpha 0.752 | step_limit
Ep 469 | 드론4 목적지53 |  826스텝 | 배송 53/53 | 재적재  8 | 중계율 0.33 | alpha 0.761 | complete
Ep 470 | 드론3 목적지29 |  602스텝 | 배송 29/29 | 재적재  5 | 중계율 0.30 | alpha 0.765 | complete
Ep 471 | 드론3 목적지46 |  955스텝 | 배송 46/46 | 재적재  8 | 중계율 0.32 | alpha 0.763 | complete
Ep 472 | 드론3 목적지32 |  923스텝 | 배송 32/32 | 재적재  6 | 중계율 0.36 | alpha 0.761 | complete
Ep 473 | 드론3 목적지25 |  439스텝 | 배송 25/25 | 재적재  3 | 중계율 0.18 | alpha 0.759 | complete
Ep 474 | 드론4 목적지76 | 1000스텝 | 배송 75/76 | 재적재 15 | 중계율 0.29 | alpha 0.758 | step_limit
Ep 475 | 드론4 목적지38 |  391스텝 | 배송 38/38 | 재적재  5 | 중계율 0.23 | alpha 0.755 | complete
Ep 476 | 드론4 목적지56 |  969스텝 | 배송 56/56 | 재적재 10 | 중계율 0.35 | alpha 0.753 | complete
Ep 477 | 드론3 목적지36 |  740스텝 | 배송 36/36 | 재적재  6 | 중계율 0.31 | alpha 0.758 | complete
Ep 478 | 드론4 목적지79 | 1000스텝 | 배송 65/79 | 재적재 10 | 중계율 0.27 | alpha 0.770 | step_limit
Ep 479 | 드론4 목적지66 |  781스텝 | 배송 66/66 | 재적재 11 | 중계율 0.25 | alpha 0.768 | complete
Ep 480 | 드론3 목적지35 |  884스텝 | 배송 35/35 | 재적재  5 | 중계율 0.31 | alpha 0.757 | complete
Ep 481 | 드론4 목적지28 |  479스텝 | 배송 28/28 | 재적재  4 | 중계율 0.31 | alpha 0.752 | complete
Ep 482 | 드론4 목적지77 | 1000스텝 | 배송 70/77 | 재적재 11 | 중계율 0.33 | alpha 0.750 | step_limit
Ep 483 | 드론3 목적지50 |  943스텝 | 배송 50/50 | 재적재  8 | 중계율 0.28 | alpha 0.750 | complete
Ep 484 | 드론4 목적지27 |  352스텝 | 배송 27/27 | 재적재  3 | 중계율 0.28 | alpha 0.747 | complete
Ep 485 | 드론4 목적지44 | 1000스텝 | 배송 39/44 | 재적재  6 | 중계율 0.35 | alpha 0.747 | step_limit
Ep 486 | 드론3 목적지47 |  845스텝 | 배송 47/47 | 재적재  8 | 중계율 0.25 | alpha 0.745 | complete
Ep 487 | 드론3 목적지40 |  708스텝 | 배송 40/40 | 재적재  7 | 중계율 0.24 | alpha 0.756 | complete
Ep 488 | 드론3 목적지60 | 1000스텝 | 배송 57/60 | 재적재 11 | 중계율 0.26 | alpha 0.752 | step_limit
Ep 489 | 드론3 목적지60 |  969스텝 | 배송 60/60 | 재적재 11 | 중계율 0.22 | alpha 0.752 | complete
Ep 490 | 드론4 목적지29 |  697스텝 | 배송 29/29 | 재적재  2 | 중계율 0.41 | alpha 0.749 | complete
Ep 491 | 드론3 목적지28 |  519스텝 | 배송 28/28 | 재적재  4 | 중계율 0.24 | alpha 0.754 | complete
Ep 492 | 드론4 목적지52 |  924스텝 | 배송 52/52 | 재적재  8 | 중계율 0.38 | alpha 0.767 | complete
Ep 493 | 드론3 목적지35 |  803스텝 | 배송 35/35 | 재적재  6 | 중계율 0.36 | alpha 0.773 | complete
Ep 494 | 드론3 목적지73 | 1000스텝 | 배송 55/73 | 재적재 10 | 중계율 0.26 | alpha 0.784 | step_limit
Ep 495 | 드론4 목적지74 |  745스텝 | 배송 74/74 | 재적재 13 | 중계율 0.23 | alpha 0.793 | complete
Ep 496 | 드론4 목적지33 |  388스텝 | 배송 33/33 | 재적재  4 | 중계율 0.24 | alpha 0.796 | complete
Ep 497 | 드론3 목적지45 |  737스텝 | 배송 45/45 | 재적재  8 | 중계율 0.23 | alpha 0.800 | complete
Ep 498 | 드론4 목적지41 |  744스텝 | 배송 41/41 | 재적재  7 | 중계율 0.36 | alpha 0.804 | complete
Ep 499 | 드론3 목적지45 |  853스텝 | 배송 45/45 | 재적재  7 | 중계율 0.29 | alpha 0.798 | complete
Ep 500 | 드론3 목적지33 |  794스텝 | 배송 33/33 | 재적재  6 | 중계율 0.31 | alpha 0.803 | complete
  [홀드아웃] 배송 50.0±0.1 완주 0.99 스텝 931 점수 126.3 재적재 8.0 2홉+ 0.62 | 최고 127.3@ep450 정체 1/8
Ep 501 | 드론4 목적지56 |  618스텝 | 배송 56/56 | 재적재  9 | 중계율 0.20 | alpha 0.816 | complete
Ep 502 | 드론3 목적지27 |  578스텝 | 배송 27/27 | 재적재  5 | 중계율 0.24 | alpha 0.809 | complete
Ep 503 | 드론4 목적지62 | 1000스텝 | 배송 61/62 | 재적재 11 | 중계율 0.32 | alpha 0.804 | step_limit
Ep 504 | 드론4 목적지40 |  523스텝 | 배송 40/40 | 재적재  6 | 중계율 0.26 | alpha 0.801 | complete
Ep 505 | 드론4 목적지48 |  851스텝 | 배송 48/48 | 재적재  7 | 중계율 0.34 | alpha 0.809 | complete
Ep 506 | 드론4 목적지41 |  587스텝 | 배송 41/41 | 재적재  7 | 중계율 0.23 | alpha 0.812 | complete
Ep 507 | 드론4 목적지57 | 1000스텝 | 배송 52/57 | 재적재  9 | 중계율 0.35 | alpha 0.798 | step_limit
Ep 508 | 드론4 목적지27 |  438스텝 | 배송 27/27 | 재적재  3 | 중계율 0.32 | alpha 0.794 | complete
Ep 509 | 드론4 목적지69 | 1000스텝 | 배송 62/69 | 재적재 11 | 중계율 0.36 | alpha 0.789 | step_limit
Ep 510 | 드론3 목적지67 | 1000스텝 | 배송 50/67 | 재적재  9 | 중계율 0.32 | alpha 0.793 | step_limit
Ep 511 | 드론3 목적지30 |  487스텝 | 배송 30/30 | 재적재  5 | 중계율 0.20 | alpha 0.794 | complete
Ep 512 | 드론3 목적지22 |  459스텝 | 배송 22/22 | 재적재  3 | 중계율 0.28 | alpha 0.795 | complete
Ep 513 | 드론3 목적지31 |  555스텝 | 배송 31/31 | 재적재  5 | 중계율 0.28 | alpha 0.791 | complete
Ep 514 | 드론4 목적지75 |  826스텝 | 배송 75/75 | 재적재 13 | 중계율 0.20 | alpha 0.779 | complete
Ep 515 | 드론4 목적지33 |  612스텝 | 배송 33/33 | 재적재  5 | 중계율 0.30 | alpha 0.784 | complete
Ep 516 | 드론4 목적지22 |  326스텝 | 배송 22/22 | 재적재  4 | 중계율 0.22 | alpha 0.784 | complete
Ep 517 | 드론3 목적지57 | 1000스텝 | 배송 47/57 | 재적재  9 | 중계율 0.20 | alpha 0.774 | step_limit
Ep 518 | 드론4 목적지45 |  916스텝 | 배송 45/45 | 재적재  8 | 중계율 0.32 | alpha 0.758 | complete
Ep 519 | 드론3 목적지53 | 1000스텝 | 배송 51/53 | 재적재  9 | 중계율 0.37 | alpha 0.759 | step_limit
Ep 520 | 드론3 목적지62 | 1000스텝 | 배송 61/62 | 재적재 10 | 중계율 0.22 | alpha 0.751 | step_limit
Ep 521 | 드론4 목적지42 |  565스텝 | 배송 42/42 | 재적재  7 | 중계율 0.22 | alpha 0.761 | complete
Ep 522 | 드론4 목적지54 |  561스텝 | 배송 54/54 | 재적재 10 | 중계율 0.20 | alpha 0.771 | complete
Ep 523 | 드론3 목적지32 |  648스텝 | 배송 32/32 | 재적재  5 | 중계율 0.25 | alpha 0.787 | complete
Ep 524 | 드론3 목적지64 | 1000스텝 | 배송 51/64 | 재적재  8 | 중계율 0.32 | alpha 0.799 | step_limit
Ep 525 | 드론3 목적지48 |  873스텝 | 배송 48/48 | 재적재  9 | 중계율 0.26 | alpha 0.815 | complete
Ep 526 | 드론3 목적지66 | 1000스텝 | 배송 53/66 | 재적재  9 | 중계율 0.34 | alpha 0.815 | step_limit
Ep 527 | 드론4 목적지20 |  439스텝 | 배송 20/20 | 재적재  3 | 중계율 0.23 | alpha 0.813 | complete
Ep 528 | 드론3 목적지52 |  823스텝 | 배송 52/52 | 재적재  9 | 중계율 0.28 | alpha 0.823 | complete
Ep 529 | 드론3 목적지49 |  836스텝 | 배송 49/49 | 재적재  9 | 중계율 0.26 | alpha 0.831 | complete
Ep 530 | 드론3 목적지61 |  959스텝 | 배송 61/61 | 재적재 11 | 중계율 0.28 | alpha 0.846 | complete
Ep 531 | 드론3 목적지20 |  416스텝 | 배송 20/20 | 재적재  2 | 중계율 0.32 | alpha 0.853 | complete
Ep 532 | 드론4 목적지66 |  820스텝 | 배송 66/66 | 재적재 12 | 중계율 0.26 | alpha 0.858 | complete
Ep 533 | 드론4 목적지72 | 1000스텝 | 배송 62/72 | 재적재 12 | 중계율 0.37 | alpha 0.867 | step_limit
Ep 534 | 드론3 목적지71 | 1000스텝 | 배송 56/71 | 재적재 10 | 중계율 0.33 | alpha 0.846 | step_limit
Ep 535 | 드론3 목적지31 |  720스텝 | 배송 31/31 | 재적재  5 | 중계율 0.36 | alpha 0.849 | complete
Ep 536 | 드론3 목적지58 | 1000스텝 | 배송 53/58 | 재적재  8 | 중계율 0.34 | alpha 0.848 | step_limit
Ep 537 | 드론3 목적지73 | 1000스텝 | 배송 50/73 | 재적재  8 | 중계율 0.28 | alpha 0.847 | step_limit
Ep 538 | 드론3 목적지72 | 1000스텝 | 배송 65/72 | 재적재 11 | 중계율 0.22 | alpha 0.859 | step_limit
Ep 539 | 드론3 목적지28 |  537스텝 | 배송 28/28 | 재적재  4 | 중계율 0.21 | alpha 0.877 | complete
Ep 540 | 드론3 목적지53 | 1000스텝 | 배송 50/53 | 재적재  8 | 중계율 0.36 | alpha 0.888 | step_limit
Ep 541 | 드론3 목적지44 | 1000스텝 | 배송 43/44 | 재적재  7 | 중계율 0.27 | alpha 0.892 | step_limit
Ep 542 | 드론4 목적지42 |  789스텝 | 배송 42/42 | 재적재  7 | 중계율 0.32 | alpha 0.900 | complete
Ep 543 | 드론3 목적지33 |  662스텝 | 배송 33/33 | 재적재  5 | 중계율 0.38 | alpha 0.896 | complete
Ep 544 | 드론4 목적지62 |  722스텝 | 배송 62/62 | 재적재 11 | 중계율 0.20 | alpha 0.895 | complete
Ep 545 | 드론4 목적지41 |  831스텝 | 배송 41/41 | 재적재  8 | 중계율 0.38 | alpha 0.890 | complete
Ep 546 | 드론3 목적지50 |  795스텝 | 배송 50/50 | 재적재  8 | 중계율 0.32 | alpha 0.891 | complete
Ep 547 | 드론4 목적지72 |  866스텝 | 배송 72/72 | 재적재 14 | 중계율 0.27 | alpha 0.888 | complete
Ep 548 | 드론3 목적지74 | 1000스텝 | 배송 69/74 | 재적재 13 | 중계율 0.24 | alpha 0.886 | step_limit
Ep 549 | 드론3 목적지47 |  919스텝 | 배송 47/47 | 재적재  8 | 중계율 0.32 | alpha 0.889 | complete
Ep 550 | 드론3 목적지22 |  527스텝 | 배송 22/22 | 재적재  4 | 중계율 0.30 | alpha 0.890 | complete
  [홀드아웃] 배송 50.0±0.3 완주 0.99 스텝 956 점수 126.0 재적재 8.2 2홉+ 0.62 | 최고 127.3@ep450 정체 2/8
Ep 551 | 드론3 목적지50 | 1000스텝 | 배송 45/50 | 재적재  8 | 중계율 0.34 | alpha 0.897 | step_limit
Ep 552 | 드론4 목적지54 |  670스텝 | 배송 54/54 | 재적재  9 | 중계율 0.25 | alpha 0.901 | complete
Ep 553 | 드론4 목적지29 |  814스텝 | 배송 29/29 | 재적재  5 | 중계율 0.39 | alpha 0.902 | complete
Ep 554 | 드론4 목적지51 |  844스텝 | 배송 51/51 | 재적재  8 | 중계율 0.34 | alpha 0.893 | complete
Ep 555 | 드론4 목적지23 |  325스텝 | 배송 23/23 | 재적재  4 | 중계율 0.19 | alpha 0.888 | complete
Ep 556 | 드론3 목적지29 |  529스텝 | 배송 29/29 | 재적재  4 | 중계율 0.28 | alpha 0.893 | complete
Ep 557 | 드론3 목적지78 | 1000스텝 | 배송 62/78 | 재적재 11 | 중계율 0.23 | alpha 0.881 | step_limit
Ep 558 | 드론3 목적지56 | 1000스텝 | 배송 51/56 | 재적재 10 | 중계율 0.38 | alpha 0.886 | step_limit
Ep 559 | 드론4 목적지37 |  548스텝 | 배송 37/37 | 재적재  5 | 중계율 0.32 | alpha 0.894 | complete
Ep 560 | 드론3 목적지27 |  501스텝 | 배송 27/27 | 재적재  3 | 중계율 0.29 | alpha 0.895 | complete
Ep 561 | 드론3 목적지32 |  947스텝 | 배송 32/32 | 재적재  6 | 중계율 0.33 | alpha 0.889 | complete
Ep 562 | 드론3 목적지48 |  749스텝 | 배송 48/48 | 재적재  9 | 중계율 0.23 | alpha 0.891 | complete
Ep 563 | 드론4 목적지46 |  822스텝 | 배송 46/46 | 재적재  8 | 중계율 0.30 | alpha 0.874 | complete
Ep 564 | 드론3 목적지61 | 1000스텝 | 배송 55/61 | 재적재  9 | 중계율 0.31 | alpha 0.860 | step_limit
Ep 565 | 드론4 목적지43 |  990스텝 | 배송 43/43 | 재적재  7 | 중계율 0.34 | alpha 0.868 | complete
Ep 566 | 드론3 목적지71 | 1000스텝 | 배송 65/71 | 재적재 10 | 중계율 0.29 | alpha 0.878 | step_limit
Ep 567 | 드론4 목적지51 |  959스텝 | 배송 51/51 | 재적재  8 | 중계율 0.35 | alpha 0.879 | complete
Ep 568 | 드론3 목적지26 |  713스텝 | 배송 26/26 | 재적재  4 | 중계율 0.34 | alpha 0.877 | complete
Ep 569 | 드론4 목적지58 | 1000스텝 | 배송 51/58 | 재적재 10 | 중계율 0.38 | alpha 0.869 | step_limit
Ep 570 | 드론3 목적지24 |  422스텝 | 배송 24/24 | 재적재  4 | 중계율 0.22 | alpha 0.864 | complete
Ep 571 | 드론3 목적지59 |  932스텝 | 배송 59/59 | 재적재 11 | 중계율 0.26 | alpha 0.848 | complete
Ep 572 | 드론4 목적지43 |  632스텝 | 배송 43/43 | 재적재  8 | 중계율 0.22 | alpha 0.838 | complete
Ep 573 | 드론4 목적지74 |  857스텝 | 배송 74/74 | 재적재 14 | 중계율 0.17 | alpha 0.825 | complete
Ep 574 | 드론4 목적지36 |  546스텝 | 배송 36/36 | 재적재  6 | 중계율 0.27 | alpha 0.828 | complete
Ep 575 | 드론4 목적지47 |  485스텝 | 배송 47/47 | 재적재  7 | 중계율 0.17 | alpha 0.827 | complete
Ep 576 | 드론3 목적지28 |  639스텝 | 배송 28/28 | 재적재  4 | 중계율 0.37 | alpha 0.839 | complete
Ep 577 | 드론3 목적지79 | 1000스텝 | 배송 55/79 | 재적재 10 | 중계율 0.28 | alpha 0.848 | step_limit
Ep 578 | 드론3 목적지38 |  650스텝 | 배송 38/38 | 재적재  6 | 중계율 0.30 | alpha 0.846 | complete
Ep 579 | 드론3 목적지73 | 1000스텝 | 배송 58/73 | 재적재  9 | 중계율 0.31 | alpha 0.852 | step_limit
Ep 580 | 드론4 목적지28 |  529스텝 | 배송 28/28 | 재적재  3 | 중계율 0.30 | alpha 0.849 | complete
Ep 581 | 드론4 목적지65 | 1000스텝 | 배송 63/65 | 재적재 11 | 중계율 0.32 | alpha 0.846 | step_limit
Ep 582 | 드론3 목적지33 |  533스텝 | 배송 33/33 | 재적재  5 | 중계율 0.20 | alpha 0.854 | complete
Ep 583 | 드론3 목적지58 | 1000스텝 | 배송 55/58 | 재적재 10 | 중계율 0.29 | alpha 0.853 | step_limit
Ep 584 | 드론3 목적지35 |  554스텝 | 배송 35/35 | 재적재  5 | 중계율 0.22 | alpha 0.857 | complete
Ep 585 | 드론3 목적지50 |  742스텝 | 배송 50/50 | 재적재  8 | 중계율 0.22 | alpha 0.858 | complete
Ep 586 | 드론3 목적지73 | 1000스텝 | 배송 60/73 | 재적재 10 | 중계율 0.31 | alpha 0.868 | step_limit
Ep 587 | 드론4 목적지67 |  798스텝 | 배송 67/67 | 재적재 12 | 중계율 0.13 | alpha 0.876 | complete
Ep 588 | 드론4 목적지22 |  369스텝 | 배송 22/22 | 재적재  4 | 중계율 0.21 | alpha 0.877 | complete
Ep 589 | 드론4 목적지31 |  404스텝 | 배송 31/31 | 재적재  6 | 중계율 0.24 | alpha 0.879 | complete
Ep 590 | 드론3 목적지55 | 1000스텝 | 배송 51/55 | 재적재  9 | 중계율 0.29 | alpha 0.884 | step_limit
Ep 591 | 드론3 목적지28 |  746스텝 | 배송 28/28 | 재적재  5 | 중계율 0.29 | alpha 0.883 | complete
Ep 592 | 드론4 목적지40 |  511스텝 | 배송 40/40 | 재적재  7 | 중계율 0.21 | alpha 0.883 | complete
Ep 593 | 드론3 목적지59 | 1000스텝 | 배송 54/59 | 재적재  9 | 중계율 0.29 | alpha 0.872 | step_limit
Ep 594 | 드론3 목적지68 | 1000스텝 | 배송 62/68 | 재적재 12 | 중계율 0.29 | alpha 0.880 | step_limit
Ep 595 | 드론3 목적지34 |  679스텝 | 배송 34/34 | 재적재  6 | 중계율 0.28 | alpha 0.867 | complete
Ep 596 | 드론4 목적지46 |  616스텝 | 배송 46/46 | 재적재  8 | 중계율 0.28 | alpha 0.864 | complete
Ep 597 | 드론3 목적지43 |  731스텝 | 배송 43/43 | 재적재  7 | 중계율 0.27 | alpha 0.866 | complete
Ep 598 | 드론4 목적지34 |  611스텝 | 배송 34/34 | 재적재  6 | 중계율 0.28 | alpha 0.858 | complete
Ep 599 | 드론3 목적지22 |  512스텝 | 배송 22/22 | 재적재  2 | 중계율 0.35 | alpha 0.859 | complete
Ep 600 | 드론3 목적지30 |  660스텝 | 배송 30/30 | 재적재  5 | 중계율 0.25 | alpha 0.863 | complete
  [홀드아웃] 배송 49.9±0.2 완주 0.94 스텝 960 점수 121.0 재적재 8.3 2홉+ 0.62 | 최고 127.3@ep450 정체 3/8
Ep 601 | 드론4 목적지77 | 1000스텝 | 배송 71/77 | 재적재 13 | 중계율 0.28 | alpha 0.865 | step_limit
Ep 602 | 드론3 목적지65 | 1000스텝 | 배송 62/65 | 재적재 10 | 중계율 0.27 | alpha 0.872 | step_limit
Ep 603 | 드론4 목적지60 |  955스텝 | 배송 60/60 | 재적재 11 | 중계율 0.27 | alpha 0.874 | complete
Ep 604 | 드론3 목적지71 | 1000스텝 | 배송 60/71 | 재적재 10 | 중계율 0.30 | alpha 0.868 | step_limit
Ep 605 | 드론4 목적지65 | 1000스텝 | 배송 56/65 | 재적재 11 | 중계율 0.33 | alpha 0.861 | step_limit
Ep 606 | 드론4 목적지58 |  626스텝 | 배송 58/58 | 재적재 11 | 중계율 0.23 | alpha 0.845 | complete
Ep 607 | 드론4 목적지33 |  385스텝 | 배송 33/33 | 재적재  5 | 중계율 0.20 | alpha 0.842 | complete
Ep 608 | 드론4 목적지37 |  489스텝 | 배송 37/37 | 재적재  6 | 중계율 0.22 | alpha 0.849 | complete
Ep 609 | 드론3 목적지74 | 1000스텝 | 배송 70/74 | 재적재 12 | 중계율 0.27 | alpha 0.855 | step_limit
Ep 610 | 드론3 목적지71 | 1000스텝 | 배송 58/71 | 재적재 10 | 중계율 0.34 | alpha 0.858 | step_limit
Ep 611 | 드론3 목적지65 | 1000스텝 | 배송 60/65 | 재적재  9 | 중계율 0.37 | alpha 0.865 | step_limit
Ep 612 | 드론3 목적지65 | 1000스텝 | 배송 50/65 | 재적재  9 | 중계율 0.33 | alpha 0.869 | step_limit
Ep 613 | 드론4 목적지39 |  729스텝 | 배송 39/39 | 재적재  7 | 중계율 0.34 | alpha 0.865 | complete
Ep 614 | 드론3 목적지48 |  991스텝 | 배송 48/48 | 재적재  8 | 중계율 0.34 | alpha 0.850 | complete
Ep 615 | 드론3 목적지22 |  691스텝 | 배송 22/22 | 재적재  3 | 중계율 0.25 | alpha 0.850 | complete
Ep 616 | 드론4 목적지39 |  688스텝 | 배송 39/39 | 재적재  7 | 중계율 0.30 | alpha 0.849 | complete
Ep 617 | 드론4 목적지79 | 1000스텝 | 배송 77/79 | 재적재 15 | 중계율 0.27 | alpha 0.847 | step_limit
Ep 618 | 드론4 목적지37 |  495스텝 | 배송 37/37 | 재적재  5 | 중계율 0.29 | alpha 0.838 | complete
Ep 619 | 드론4 목적지65 |  998스텝 | 배송 65/65 | 재적재 11 | 중계율 0.31 | alpha 0.839 | complete
Ep 620 | 드론3 목적지53 |  896스텝 | 배송 53/53 | 재적재  9 | 중계율 0.29 | alpha 0.841 | complete
Ep 621 | 드론3 목적지66 | 1000스텝 | 배송 62/66 | 재적재 11 | 중계율 0.25 | alpha 0.847 | step_limit
Ep 622 | 드론3 목적지35 |  657스텝 | 배송 35/35 | 재적재  6 | 중계율 0.26 | alpha 0.849 | complete
Ep 623 | 드론4 목적지42 |  670스텝 | 배송 42/42 | 재적재  6 | 중계율 0.31 | alpha 0.863 | complete
Ep 624 | 드론4 목적지76 |  755스텝 | 배송 76/76 | 재적재 14 | 중계율 0.17 | alpha 0.869 | complete
Ep 625 | 드론4 목적지26 |  387스텝 | 배송 26/26 | 재적재  4 | 중계율 0.27 | alpha 0.869 | complete
Ep 626 | 드론3 목적지54 | 1000스텝 | 배송 51/54 | 재적재  8 | 중계율 0.34 | alpha 0.873 | step_limit
Ep 627 | 드론4 목적지70 |  754스텝 | 배송 70/70 | 재적재 11 | 중계율 0.24 | alpha 0.883 | complete
Ep 628 | 드론3 목적지51 |  804스텝 | 배송 51/51 | 재적재  8 | 중계율 0.25 | alpha 0.894 | complete
Ep 629 | 드론3 목적지33 |  655스텝 | 배송 33/33 | 재적재  6 | 중계율 0.32 | alpha 0.892 | complete
Ep 630 | 드론4 목적지75 |  829스텝 | 배송 75/75 | 재적재 13 | 중계율 0.21 | alpha 0.904 | complete
Ep 631 | 드론3 목적지76 | 1000스텝 | 배송 66/76 | 재적재 12 | 중계율 0.28 | alpha 0.917 | step_limit
Ep 632 | 드론3 목적지67 | 1000스텝 | 배송 65/67 | 재적재 11 | 중계율 0.24 | alpha 0.905 | step_limit
Ep 633 | 드론3 목적지80 | 1000스텝 | 배송 70/80 | 재적재 12 | 중계율 0.27 | alpha 0.911 | step_limit
Ep 634 | 드론3 목적지24 |  572스텝 | 배송 24/24 | 재적재  4 | 중계율 0.29 | alpha 0.909 | complete
Ep 635 | 드론3 목적지44 |  780스텝 | 배송 44/44 | 재적재  8 | 중계율 0.27 | alpha 0.914 | complete
Ep 636 | 드론4 목적지32 |  446스텝 | 배송 32/32 | 재적재  5 | 중계율 0.26 | alpha 0.912 | complete
Ep 637 | 드론4 목적지80 | 1000스텝 | 배송 74/80 | 재적재 12 | 중계율 0.36 | alpha 0.899 | step_limit
Ep 638 | 드론4 목적지53 |  995스텝 | 배송 53/53 | 재적재  9 | 중계율 0.21 | alpha 0.907 | complete
Ep 639 | 드론3 목적지71 |  988스텝 | 배송 71/71 | 재적재 12 | 중계율 0.24 | alpha 0.880 | complete
Ep 640 | 드론3 목적지78 | 1000스텝 | 배송 70/78 | 재적재 14 | 중계율 0.22 | alpha 0.859 | step_limit
Ep 641 | 드론3 목적지71 | 1000스텝 | 배송 66/71 | 재적재 12 | 중계율 0.25 | alpha 0.856 | step_limit
Ep 642 | 드론3 목적지36 |  680스텝 | 배송 36/36 | 재적재  5 | 중계율 0.24 | alpha 0.851 | complete
Ep 643 | 드론4 목적지79 | 1000스텝 | 배송 67/79 | 재적재 11 | 중계율 0.31 | alpha 0.836 | step_limit
Ep 644 | 드론3 목적지21 |  440스텝 | 배송 21/21 | 재적재  3 | 중계율 0.26 | alpha 0.829 | complete
Ep 645 | 드론3 목적지60 |  964스텝 | 배송 60/60 | 재적재 11 | 중계율 0.27 | alpha 0.816 | complete
Ep 646 | 드론3 목적지53 |  898스텝 | 배송 28/53 | 재적재  4 | 중계율 0.23 | alpha 0.802 | no_progress
Ep 647 | 드론4 목적지72 | 1000스텝 | 배송 65/72 | 재적재 10 | 중계율 0.37 | alpha 0.807 | step_limit
Ep 648 | 드론3 목적지38 |  745스텝 | 배송 38/38 | 재적재  7 | 중계율 0.26 | alpha 0.813 | complete
Ep 649 | 드론4 목적지24 |  625스텝 | 배송 24/24 | 재적재  3 | 중계율 0.37 | alpha 0.820 | complete
Ep 650 | 드론3 목적지69 | 1000스텝 | 배송 60/69 | 재적재 10 | 중계율 0.31 | alpha 0.830 | step_limit
  [홀드아웃] 배송 50.0±0.2 완주 0.99 스텝 926 점수 126.4 재적재 8.1 2홉+ 0.62 | 최고 127.3@ep450 정체 4/8
Ep 651 | 드론4 목적지32 |  544스텝 | 배송 32/32 | 재적재  5 | 중계율 0.25 | alpha 0.836 | complete
Ep 652 | 드론3 목적지26 |  598스텝 | 배송 26/26 | 재적재  4 | 중계율 0.28 | alpha 0.839 | complete
Ep 653 | 드론3 목적지73 | 1000스텝 | 배송 60/73 | 재적재  9 | 중계율 0.28 | alpha 0.844 | step_limit
Ep 654 | 드론3 목적지29 | 1000스텝 | 배송 25/29 | 재적재  3 | 중계율 0.36 | alpha 0.842 | step_limit
Ep 655 | 드론3 목적지76 | 1000스텝 | 배송 66/76 | 재적재 12 | 중계율 0.28 | alpha 0.829 | step_limit
Ep 656 | 드론3 목적지77 | 1000스텝 | 배송 60/77 | 재적재 11 | 중계율 0.29 | alpha 0.836 | step_limit
Ep 657 | 드론4 목적지56 |  866스텝 | 배송 56/56 | 재적재  9 | 중계율 0.33 | alpha 0.838 | complete
Ep 658 | 드론3 목적지50 | 1000스텝 | 배송 46/50 | 재적재  9 | 중계율 0.35 | alpha 0.830 | step_limit
Ep 659 | 드론4 목적지66 |  797스텝 | 배송 66/66 | 재적재 12 | 중계율 0.24 | alpha 0.823 | complete
Ep 660 | 드론3 목적지79 | 1000스텝 | 배송 60/79 | 재적재  9 | 중계율 0.29 | alpha 0.826 | step_limit
Ep 661 | 드론4 목적지39 |  692스텝 | 배송 39/39 | 재적재  7 | 중계율 0.20 | alpha 0.843 | complete
Ep 662 | 드론4 목적지35 |  499스텝 | 배송 35/35 | 재적재  6 | 중계율 0.25 | alpha 0.849 | complete
Ep 663 | 드론3 목적지46 |  964스텝 | 배송 46/46 | 재적재  8 | 중계율 0.33 | alpha 0.856 | complete
Ep 664 | 드론4 목적지65 |  798스텝 | 배송 65/65 | 재적재 10 | 중계율 0.26 | alpha 0.853 | complete
Ep 665 | 드론3 목적지42 | 1000스텝 | 배송 40/42 | 재적재  8 | 중계율 0.35 | alpha 0.858 | step_limit
Ep 666 | 드론4 목적지62 |  933스텝 | 배송 62/62 | 재적재 12 | 중계율 0.25 | alpha 0.869 | complete
Ep 667 | 드론4 목적지25 |  735스텝 | 배송 25/25 | 재적재  4 | 중계율 0.43 | alpha 0.878 | complete
Ep 668 | 드론4 목적지60 | 1000스텝 | 배송 50/60 | 재적재 10 | 중계율 0.40 | alpha 0.877 | step_limit
Ep 669 | 드론3 목적지28 |  530스텝 | 배송 28/28 | 재적재  3 | 중계율 0.31 | alpha 0.877 | complete
Ep 670 | 드론4 목적지34 |  477스텝 | 배송 34/34 | 재적재  4 | 중계율 0.31 | alpha 0.877 | complete
Ep 671 | 드론4 목적지33 |  707스텝 | 배송 33/33 | 재적재  5 | 중계율 0.27 | alpha 0.872 | complete
Ep 672 | 드론4 목적지62 |  673스텝 | 배송 62/62 | 재적재 10 | 중계율 0.20 | alpha 0.862 | complete
Ep 673 | 드론4 목적지21 |  408스텝 | 배송 21/21 | 재적재  4 | 중계율 0.41 | alpha 0.856 | complete
Ep 674 | 드론3 목적지54 |  997스텝 | 배송 54/54 | 재적재  8 | 중계율 0.31 | alpha 0.860 | complete
Ep 675 | 드론3 목적지49 | 1000스텝 | 배송 46/49 | 재적재  8 | 중계율 0.32 | alpha 0.856 | step_limit
Ep 676 | 드론4 목적지24 |  329스텝 | 배송 24/24 | 재적재  3 | 중계율 0.24 | alpha 0.854 | complete
Ep 677 | 드론3 목적지62 | 1000스텝 | 배송 55/62 | 재적재  8 | 중계율 0.37 | alpha 0.841 | step_limit
Ep 678 | 드론3 목적지39 |  696스텝 | 배송 39/39 | 재적재  6 | 중계율 0.33 | alpha 0.823 | complete
Ep 679 | 드론4 목적지78 | 1000스텝 | 배송 70/78 | 재적재 12 | 중계율 0.34 | alpha 0.816 | step_limit
Ep 680 | 드론3 목적지55 | 1000스텝 | 배송 54/55 | 재적재 10 | 중계율 0.30 | alpha 0.820 | step_limit
Ep 681 | 드론3 목적지73 | 1000스텝 | 배송 64/73 | 재적재 10 | 중계율 0.27 | alpha 0.829 | step_limit
Ep 682 | 드론4 목적지45 |  464스텝 | 배송 45/45 | 재적재  8 | 중계율 0.20 | alpha 0.826 | complete
Ep 683 | 드론3 목적지54 | 1000스텝 | 배송 50/54 | 재적재  9 | 중계율 0.33 | alpha 0.831 | step_limit
Ep 684 | 드론4 목적지61 |  613스텝 | 배송 61/61 | 재적재 11 | 중계율 0.18 | alpha 0.834 | complete
Ep 685 | 드론3 목적지20 |  419스텝 | 배송 20/20 | 재적재  2 | 중계율 0.23 | alpha 0.835 | complete
Ep 686 | 드론3 목적지57 |  816스텝 | 배송 57/57 | 재적재 10 | 중계율 0.21 | alpha 0.827 | complete
Ep 687 | 드론4 목적지50 |  749스텝 | 배송 50/50 | 재적재  9 | 중계율 0.22 | alpha 0.822 | complete
Ep 688 | 드론4 목적지58 |  695스텝 | 배송 58/58 | 재적재  9 | 중계율 0.21 | alpha 0.820 | complete
Ep 689 | 드론3 목적지49 | 1000스텝 | 배송 48/49 | 재적재  9 | 중계율 0.32 | alpha 0.802 | step_limit
Ep 690 | 드론4 목적지39 |  483스텝 | 배송 39/39 | 재적재  6 | 중계율 0.16 | alpha 0.797 | complete
Ep 691 | 드론3 목적지52 |  809스텝 | 배송 52/52 | 재적재  9 | 중계율 0.23 | alpha 0.792 | complete
Ep 692 | 드론3 목적지25 |  605스텝 | 배송 25/25 | 재적재  4 | 중계율 0.38 | alpha 0.790 | complete
Ep 693 | 드론4 목적지30 |  538스텝 | 배송 30/30 | 재적재  5 | 중계율 0.33 | alpha 0.792 | complete
Ep 694 | 드론3 목적지43 |  703스텝 | 배송 43/43 | 재적재  7 | 중계율 0.29 | alpha 0.789 | complete
Ep 695 | 드론4 목적지52 |  680스텝 | 배송 52/52 | 재적재  8 | 중계율 0.31 | alpha 0.785 | complete
Ep 696 | 드론4 목적지65 |  964스텝 | 배송 65/65 | 재적재 11 | 중계율 0.29 | alpha 0.775 | complete
Ep 697 | 드론4 목적지53 | 1000스텝 | 배송 50/53 | 재적재 10 | 중계율 0.42 | alpha 0.773 | step_limit
Ep 698 | 드론3 목적지73 | 1000스텝 | 배송 65/73 | 재적재 11 | 중계율 0.29 | alpha 0.774 | step_limit
Ep 699 | 드론3 목적지73 | 1000스텝 | 배송 64/73 | 재적재 10 | 중계율 0.31 | alpha 0.783 | step_limit
Ep 700 | 드론4 목적지58 |  740스텝 | 배송 58/58 | 재적재 10 | 중계율 0.23 | alpha 0.774 | complete
  [홀드아웃] 배송 50.0±0.0 완주 1.00 스텝 956 점수 127.2 재적재 8.2 2홉+ 0.62 | 최고 127.3@ep450 정체 5/8
Ep 701 | 드론3 목적지40 |  884스텝 | 배송 40/40 | 재적재  6 | 중계율 0.33 | alpha 0.776 | complete
Ep 702 | 드론4 목적지41 |  556스텝 | 배송 41/41 | 재적재  6 | 중계율 0.24 | alpha 0.776 | complete
Ep 703 | 드론3 목적지43 |  772스텝 | 배송 43/43 | 재적재  7 | 중계율 0.24 | alpha 0.778 | complete
Ep 704 | 드론3 목적지42 |  842스텝 | 배송 42/42 | 재적재  7 | 중계율 0.21 | alpha 0.772 | complete
Ep 705 | 드론3 목적지75 | 1000스텝 | 배송 72/75 | 재적재 13 | 중계율 0.21 | alpha 0.779 | step_limit
Ep 706 | 드론3 목적지69 | 1000스텝 | 배송 57/69 | 재적재 10 | 중계율 0.32 | alpha 0.793 | step_limit
Ep 707 | 드론4 목적지63 |  947스텝 | 배송 63/63 | 재적재 11 | 중계율 0.30 | alpha 0.785 | complete
Ep 708 | 드론3 목적지23 |  459스텝 | 배송 23/23 | 재적재  3 | 중계율 0.26 | alpha 0.781 | complete
Ep 709 | 드론4 목적지26 |  364스텝 | 배송 26/26 | 재적재  4 | 중계율 0.31 | alpha 0.783 | complete
Ep 710 | 드론3 목적지58 | 1000스텝 | 배송 55/58 | 재적재  9 | 중계율 0.35 | alpha 0.783 | step_limit
Ep 711 | 드론3 목적지74 | 1000스텝 | 배송 68/74 | 재적재 12 | 중계율 0.27 | alpha 0.772 | step_limit
Ep 712 | 드론4 목적지70 | 1000스텝 | 배송 63/70 | 재적재 11 | 중계율 0.34 | alpha 0.763 | step_limit
Ep 713 | 드론3 목적지41 |  851스텝 | 배송 41/41 | 재적재  7 | 중계율 0.30 | alpha 0.765 | complete
Ep 714 | 드론4 목적지45 |  685스텝 | 배송 45/45 | 재적재  7 | 중계율 0.22 | alpha 0.759 | complete
Ep 715 | 드론3 목적지45 | 1000스텝 | 배송 44/45 | 재적재  8 | 중계율 0.36 | alpha 0.757 | step_limit
Ep 716 | 드론4 목적지34 |  560스텝 | 배송 34/34 | 재적재  5 | 중계율 0.29 | alpha 0.769 | complete
Ep 717 | 드론3 목적지75 | 1000스텝 | 배송 70/75 | 재적재 12 | 중계율 0.21 | alpha 0.782 | step_limit
Ep 718 | 드론3 목적지24 |  480스텝 | 배송 24/24 | 재적재  4 | 중계율 0.32 | alpha 0.785 | complete
Ep 719 | 드론4 목적지28 |  483스텝 | 배송 28/28 | 재적재  3 | 중계율 0.32 | alpha 0.787 | complete
Ep 720 | 드론3 목적지55 | 1000스텝 | 배송 50/55 | 재적재 10 | 중계율 0.32 | alpha 0.795 | step_limit
Ep 721 | 드론4 목적지58 |  906스텝 | 배송 58/58 | 재적재 10 | 중계율 0.38 | alpha 0.808 | complete
Ep 722 | 드론4 목적지47 |  792스텝 | 배송 47/47 | 재적재  8 | 중계율 0.35 | alpha 0.803 | complete
Ep 723 | 드론3 목적지78 | 1000스텝 | 배송 66/78 | 재적재 12 | 중계율 0.22 | alpha 0.805 | step_limit
Ep 724 | 드론3 목적지25 |  586스텝 | 배송 25/25 | 재적재  4 | 중계율 0.34 | alpha 0.801 | complete
Ep 725 | 드론4 목적지37 |  651스텝 | 배송 37/37 | 재적재  7 | 중계율 0.25 | alpha 0.796 | complete
Ep 726 | 드론4 목적지48 |  637스텝 | 배송 48/48 | 재적재  8 | 중계율 0.18 | alpha 0.798 | complete
Ep 727 | 드론3 목적지22 |  519스텝 | 배송 22/22 | 재적재  3 | 중계율 0.30 | alpha 0.797 | complete
Ep 728 | 드론4 목적지57 |  684스텝 | 배송 57/57 | 재적재  9 | 중계율 0.20 | alpha 0.797 | complete
Ep 729 | 드론4 목적지40 |  374스텝 | 배송 40/40 | 재적재  6 | 중계율 0.20 | alpha 0.792 | complete
Ep 730 | 드론3 목적지21 |  520스텝 | 배송 21/21 | 재적재  3 | 중계율 0.31 | alpha 0.783 | complete
Ep 731 | 드론4 목적지41 |  580스텝 | 배송 41/41 | 재적재  6 | 중계율 0.23 | alpha 0.784 | complete
Ep 732 | 드론4 목적지58 | 1000스텝 | 배송 50/58 | 재적재  9 | 중계율 0.37 | alpha 0.793 | step_limit
Ep 733 | 드론3 목적지56 | 1000스텝 | 배송 51/56 | 재적재 10 | 중계율 0.29 | alpha 0.777 | step_limit
Ep 734 | 드론4 목적지41 |  416스텝 | 배송 41/41 | 재적재  7 | 중계율 0.19 | alpha 0.772 | complete
Ep 735 | 드론4 목적지76 | 1000스텝 | 배송 75/76 | 재적재 15 | 중계율 0.33 | alpha 0.761 | step_limit
Ep 736 | 드론3 목적지58 |  787스텝 | 배송 58/58 | 재적재 10 | 중계율 0.20 | alpha 0.750 | complete
Ep 737 | 드론4 목적지71 | 1000스텝 | 배송 70/71 | 재적재 13 | 중계율 0.24 | alpha 0.756 | step_limit
Ep 738 | 드론4 목적지63 | 1000스텝 | 배송 50/63 | 재적재  7 | 중계율 0.42 | alpha 0.766 | step_limit
Ep 739 | 드론4 목적지68 | 1000스텝 | 배송 67/68 | 재적재 13 | 중계율 0.27 | alpha 0.778 | step_limit
Ep 740 | 드론4 목적지77 | 1000스텝 | 배송 62/77 | 재적재 10 | 중계율 0.16 | alpha 0.776 | step_limit
Ep 741 | 드론3 목적지24 |  517스텝 | 배송 24/24 | 재적재  3 | 중계율 0.35 | alpha 0.780 | complete
Ep 742 | 드론3 목적지77 | 1000스텝 | 배송 65/77 | 재적재 13 | 중계율 0.28 | alpha 0.792 | step_limit
Ep 743 | 드론3 목적지22 |  503스텝 | 배송 22/22 | 재적재  4 | 중계율 0.23 | alpha 0.788 | complete
Ep 744 | 드론3 목적지29 |  395스텝 | 배송 29/29 | 재적재  4 | 중계율 0.21 | alpha 0.788 | complete
Ep 745 | 드론3 목적지77 | 1000스텝 | 배송 72/77 | 재적재 13 | 중계율 0.25 | alpha 0.795 | step_limit
Ep 746 | 드론4 목적지69 |  938스텝 | 배송 69/69 | 재적재 13 | 중계율 0.27 | alpha 0.807 | complete
Ep 747 | 드론4 목적지68 |  801스텝 | 배송 68/68 | 재적재 12 | 중계율 0.25 | alpha 0.824 | complete
Ep 748 | 드론4 목적지34 |  425스텝 | 배송 34/34 | 재적재  5 | 중계율 0.20 | alpha 0.826 | complete
Ep 749 | 드론4 목적지38 |  530스텝 | 배송 38/38 | 재적재  5 | 중계율 0.24 | alpha 0.832 | complete
Ep 750 | 드론4 목적지44 |  723스텝 | 배송 44/44 | 재적재  6 | 중계율 0.37 | alpha 0.832 | complete
  [홀드아웃] 배송 49.7±2.9 완주 0.97 스텝 1014 점수 124.0 재적재 8.4 2홉+ 0.62 | 최고 127.3@ep450 정체 6/8
Ep 751 | 드론3 목적지73 | 1000스텝 | 배송 71/73 | 재적재 14 | 중계율 0.24 | alpha 0.828 | step_limit
Ep 752 | 드론3 목적지77 | 1000스텝 | 배송 61/77 | 재적재 11 | 중계율 0.31 | alpha 0.838 | step_limit
Ep 753 | 드론3 목적지41 |  821스텝 | 배송 41/41 | 재적재  7 | 중계율 0.21 | alpha 0.837 | complete
Ep 754 | 드론3 목적지60 | 1000스텝 | 배송 51/60 | 재적재  9 | 중계율 0.21 | alpha 0.838 | step_limit
Ep 755 | 드론3 목적지21 |  578스텝 | 배송 21/21 | 재적재  3 | 중계율 0.36 | alpha 0.834 | complete
Ep 756 | 드론4 목적지56 |  775스텝 | 배송 56/56 | 재적재  9 | 중계율 0.29 | alpha 0.835 | complete
Ep 757 | 드론4 목적지76 | 1000스텝 | 배송 70/76 | 재적재 12 | 중계율 0.34 | alpha 0.849 | step_limit
Ep 758 | 드론4 목적지59 |  893스텝 | 배송 59/59 | 재적재 10 | 중계율 0.28 | alpha 0.840 | complete
Ep 759 | 드론4 목적지64 | 1000스텝 | 배송 58/64 | 재적재  9 | 중계율 0.34 | alpha 0.822 | step_limit
Ep 760 | 드론3 목적지58 | 1000스텝 | 배송 56/58 | 재적재 11 | 중계율 0.26 | alpha 0.829 | step_limit
Ep 761 | 드론3 목적지59 |  909스텝 | 배송 59/59 | 재적재 11 | 중계율 0.17 | alpha 0.832 | complete
Ep 762 | 드론3 목적지71 | 1000스텝 | 배송 56/71 | 재적재 11 | 중계율 0.31 | alpha 0.827 | step_limit
Ep 763 | 드론3 목적지20 |  318스텝 | 배송 20/20 | 재적재  3 | 중계율 0.24 | alpha 0.830 | complete
Ep 764 | 드론3 목적지26 |  626스텝 | 배송 26/26 | 재적재  4 | 중계율 0.37 | alpha 0.829 | complete
Ep 765 | 드론4 목적지72 |  879스텝 | 배송 72/72 | 재적재 13 | 중계율 0.24 | alpha 0.822 | complete
Ep 766 | 드론4 목적지24 |  765스텝 | 배송 24/24 | 재적재  3 | 중계율 0.31 | alpha 0.824 | complete
Ep 767 | 드론4 목적지45 |  531스텝 | 배송 45/45 | 재적재  8 | 중계율 0.23 | alpha 0.825 | complete
Ep 768 | 드론3 목적지20 |  487스텝 | 배송 20/20 | 재적재  3 | 중계율 0.20 | alpha 0.827 | complete
Ep 769 | 드론3 목적지42 | 1000스텝 | 배송 40/42 | 재적재  7 | 중계율 0.30 | alpha 0.827 | step_limit
Ep 770 | 드론3 목적지42 | 1000스텝 | 배송 41/42 | 재적재  8 | 중계율 0.37 | alpha 0.831 | step_limit
Ep 771 | 드론3 목적지44 |  881스텝 | 배송 44/44 | 재적재  8 | 중계율 0.27 | alpha 0.828 | complete
Ep 772 | 드론3 목적지69 | 1000스텝 | 배송 54/69 | 재적재  9 | 중계율 0.31 | alpha 0.823 | step_limit
Ep 773 | 드론4 목적지28 |  537스텝 | 배송 28/28 | 재적재  3 | 중계율 0.38 | alpha 0.826 | complete
Ep 774 | 드론3 목적지46 |  995스텝 | 배송 46/46 | 재적재  9 | 중계율 0.30 | alpha 0.812 | complete
Ep 775 | 드론3 목적지67 |  944스텝 | 배송 67/67 | 재적재 13 | 중계율 0.19 | alpha 0.793 | complete
Ep 776 | 드론4 목적지22 |  298스텝 | 배송 22/22 | 재적재  4 | 중계율 0.15 | alpha 0.792 | complete
Ep 777 | 드론3 목적지63 | 1000스텝 | 배송 52/63 | 재적재  9 | 중계율 0.29 | alpha 0.791 | step_limit
Ep 778 | 드론3 목적지66 | 1000스텝 | 배송 65/66 | 재적재 12 | 중계율 0.23 | alpha 0.786 | step_limit
Ep 779 | 드론4 목적지66 | 1000스텝 | 배송 63/66 | 재적재 10 | 중계율 0.35 | alpha 0.775 | step_limit
Ep 780 | 드론4 목적지67 | 1000스텝 | 배송 60/67 | 재적재 11 | 중계율 0.35 | alpha 0.789 | step_limit
Ep 781 | 드론4 목적지56 |  599스텝 | 배송 56/56 | 재적재 10 | 중계율 0.21 | alpha 0.777 | complete
Ep 782 | 드론4 목적지76 | 1000스텝 | 배송 60/76 | 재적재 10 | 중계율 0.35 | alpha 0.776 | step_limit
Ep 783 | 드론3 목적지35 |  669스텝 | 배송 35/35 | 재적재  6 | 중계율 0.24 | alpha 0.772 | complete
Ep 784 | 드론4 목적지37 |  669스텝 | 배송 37/37 | 재적재  6 | 중계율 0.31 | alpha 0.762 | complete
Ep 785 | 드론4 목적지26 |  568스텝 | 배송 26/26 | 재적재  4 | 중계율 0.29 | alpha 0.760 | complete
Ep 786 | 드론3 목적지46 | 1000스텝 | 배송 44/46 | 재적재  8 | 중계율 0.31 | alpha 0.755 | step_limit
Ep 787 | 드론4 목적지23 |  347스텝 | 배송 23/23 | 재적재  4 | 중계율 0.27 | alpha 0.752 | complete
Ep 788 | 드론3 목적지78 | 1000스텝 | 배송 70/78 | 재적재 12 | 중계율 0.22 | alpha 0.755 | step_limit
Ep 789 | 드론4 목적지55 |  872스텝 | 배송 55/55 | 재적재  9 | 중계율 0.38 | alpha 0.758 | complete
Ep 790 | 드론3 목적지48 |  898스텝 | 배송 48/48 | 재적재  9 | 중계율 0.30 | alpha 0.759 | complete
Ep 791 | 드론4 목적지53 |  695스텝 | 배송 53/53 | 재적재  8 | 중계율 0.27 | alpha 0.758 | complete
Ep 792 | 드론3 목적지63 | 1000스텝 | 배송 58/63 | 재적재 11 | 중계율 0.36 | alpha 0.757 | step_limit
Ep 793 | 드론3 목적지21 |  528스텝 | 배송 21/21 | 재적재  4 | 중계율 0.31 | alpha 0.750 | complete
Ep 794 | 드론3 목적지23 |  485스텝 | 배송 23/23 | 재적재  4 | 중계율 0.29 | alpha 0.751 | complete
Ep 795 | 드론4 목적지57 |  756스텝 | 배송 57/57 | 재적재 10 | 중계율 0.26 | alpha 0.751 | complete
Ep 796 | 드론3 목적지37 |  560스텝 | 배송 37/37 | 재적재  7 | 중계율 0.25 | alpha 0.749 | complete
Ep 797 | 드론3 목적지28 |  503스텝 | 배송 28/28 | 재적재  5 | 중계율 0.23 | alpha 0.757 | complete
Ep 798 | 드론3 목적지22 |  415스텝 | 배송 22/22 | 재적재  3 | 중계율 0.28 | alpha 0.755 | complete
Ep 799 | 드론3 목적지33 |  632스텝 | 배송 33/33 | 재적재  6 | 중계율 0.31 | alpha 0.759 | complete
Ep 800 | 드론3 목적지44 |  901스텝 | 배송 44/44 | 재적재  7 | 중계율 0.34 | alpha 0.758 | complete
  [홀드아웃] 배송 49.9±0.5 완주 0.95 스텝 1035 점수 121.2 재적재 8.7 2홉+ 0.62 | 최고 127.3@ep450 정체 7/8
Ep 801 | 드론3 목적지79 | 1000스텝 | 배송 62/79 | 재적재 12 | 중계율 0.33 | alpha 0.763 | step_limit
Ep 802 | 드론3 목적지61 |  824스텝 | 배송 61/61 | 재적재 11 | 중계율 0.23 | alpha 0.760 | complete
Ep 803 | 드론3 목적지48 |  884스텝 | 배송 48/48 | 재적재  8 | 중계율 0.27 | alpha 0.750 | complete
Ep 804 | 드론4 목적지36 |  457스텝 | 배송 36/36 | 재적재  6 | 중계율 0.25 | alpha 0.739 | complete
Ep 805 | 드론3 목적지51 | 1000스텝 | 배송 47/51 | 재적재  9 | 중계율 0.26 | alpha 0.742 | step_limit
Ep 806 | 드론3 목적지76 |  997스텝 | 배송 76/76 | 재적재 14 | 중계율 0.24 | alpha 0.758 | complete
Ep 807 | 드론4 목적지68 |  808스텝 | 배송 68/68 | 재적재 13 | 중계율 0.21 | alpha 0.763 | complete
Ep 808 | 드론3 목적지69 | 1000스텝 | 배송 56/69 | 재적재 11 | 중계율 0.35 | alpha 0.766 | step_limit
Ep 809 | 드론3 목적지65 |  974스텝 | 배송 65/65 | 재적재 11 | 중계율 0.27 | alpha 0.780 | complete
Ep 810 | 드론4 목적지74 |  799스텝 | 배송 74/74 | 재적재 13 | 중계율 0.27 | alpha 0.788 | complete
Ep 811 | 드론4 목적지46 |  460스텝 | 배송 46/46 | 재적재  8 | 중계율 0.13 | alpha 0.800 | complete
Ep 812 | 드론3 목적지45 | 1000스텝 | 배송 40/45 | 재적재  6 | 중계율 0.39 | alpha 0.812 | step_limit
Ep 813 | 드론3 목적지75 | 1000스텝 | 배송 59/75 | 재적재 11 | 중계율 0.20 | alpha 0.835 | step_limit
Ep 814 | 드론4 목적지55 | 1000스텝 | 배송 54/55 | 재적재  9 | 중계율 0.30 | alpha 0.852 | step_limit
Ep 815 | 드론4 목적지53 | 1000스텝 | 배송 50/53 | 재적재  8 | 중계율 0.37 | alpha 0.856 | step_limit
Ep 816 | 드론3 목적지38 | 1000스텝 | 배송 36/38 | 재적재  6 | 중계율 0.23 | alpha 0.865 | step_limit
Ep 817 | 드론3 목적지31 |  466스텝 | 배송 31/31 | 재적재  5 | 중계율 0.15 | alpha 0.872 | complete
Ep 818 | 드론4 목적지25 |  476스텝 | 배송 25/25 | 재적재  3 | 중계율 0.31 | alpha 0.872 | complete
Ep 819 | 드론4 목적지59 |  655스텝 | 배송 59/59 | 재적재 10 | 중계율 0.19 | alpha 0.876 | complete
Ep 820 | 드론4 목적지20 |  312스텝 | 배송 20/20 | 재적재  3 | 중계율 0.28 | alpha 0.877 | complete
Ep 821 | 드론4 목적지32 |  408스텝 | 배송 32/32 | 재적재  4 | 중계율 0.23 | alpha 0.876 | complete
Ep 822 | 드론4 목적지49 |  780스텝 | 배송 49/49 | 재적재  8 | 중계율 0.32 | alpha 0.868 | complete
Ep 823 | 드론4 목적지64 |  892스텝 | 배송 64/64 | 재적재 11 | 중계율 0.30 | alpha 0.860 | complete
Ep 824 | 드론4 목적지46 |  554스텝 | 배송 46/46 | 재적재  6 | 중계율 0.21 | alpha 0.860 | complete
Ep 825 | 드론4 목적지43 |  630스텝 | 배송 43/43 | 재적재  7 | 중계율 0.23 | alpha 0.848 | complete
Ep 826 | 드론4 목적지42 | 1000스텝 | 배송 41/42 | 재적재  8 | 중계율 0.41 | alpha 0.860 | step_limit
Ep 827 | 드론3 목적지31 |  678스텝 | 배송 31/31 | 재적재  5 | 중계율 0.25 | alpha 0.863 | complete
Ep 828 | 드론3 목적지30 |  798스텝 | 배송 30/30 | 재적재  5 | 중계율 0.37 | alpha 0.873 | complete
Ep 829 | 드론3 목적지69 | 1000스텝 | 배송 63/69 | 재적재 11 | 중계율 0.26 | alpha 0.879 | step_limit
Ep 830 | 드론4 목적지42 |  469스텝 | 배송 42/42 | 재적재  7 | 중계율 0.20 | alpha 0.875 | complete
Ep 831 | 드론4 목적지28 |  396스텝 | 배송 28/28 | 재적재  4 | 중계율 0.19 | alpha 0.879 | complete
Ep 832 | 드론4 목적지75 |  951스텝 | 배송 75/75 | 재적재 13 | 중계율 0.25 | alpha 0.890 | complete
Ep 833 | 드론4 목적지55 |  904스텝 | 배송 55/55 | 재적재 10 | 중계율 0.29 | alpha 0.899 | complete
Ep 834 | 드론3 목적지23 |  514스텝 | 배송 23/23 | 재적재  4 | 중계율 0.31 | alpha 0.900 | complete
Ep 835 | 드론4 목적지74 |  886스텝 | 배송 74/74 | 재적재 14 | 중계율 0.22 | alpha 0.899 | complete
Ep 836 | 드론4 목적지33 |  523스텝 | 배송 33/33 | 재적재  5 | 중계율 0.29 | alpha 0.897 | complete
Ep 837 | 드론3 목적지22 |  247스텝 | 배송 22/22 | 재적재  3 | 중계율 0.15 | alpha 0.894 | complete
Ep 838 | 드론3 목적지47 |  677스텝 | 배송 47/47 | 재적재  8 | 중계율 0.23 | alpha 0.888 | complete
Ep 839 | 드론4 목적지24 |  600스텝 | 배송 24/24 | 재적재  3 | 중계율 0.38 | alpha 0.878 | complete
Ep 840 | 드론3 목적지20 |  376스텝 | 배송 20/20 | 재적재  2 | 중계율 0.19 | alpha 0.870 | complete
Ep 841 | 드론4 목적지60 |  591스텝 | 배송 60/60 | 재적재  9 | 중계율 0.17 | alpha 0.863 | complete
Ep 842 | 드론4 목적지63 |  992스텝 | 배송 63/63 | 재적재 11 | 중계율 0.30 | alpha 0.856 | complete
Ep 843 | 드론4 목적지71 | 1000스텝 | 배송 69/71 | 재적재 12 | 중계율 0.31 | alpha 0.846 | step_limit
Ep 844 | 드론3 목적지59 |  838스텝 | 배송 59/59 | 재적재  9 | 중계율 0.27 | alpha 0.850 | complete
Ep 845 | 드론3 목적지47 |  918스텝 | 배송 47/47 | 재적재  8 | 중계율 0.32 | alpha 0.862 | complete
Ep 846 | 드론3 목적지66 | 1000스텝 | 배송 60/66 | 재적재 10 | 중계율 0.26 | alpha 0.874 | step_limit
Ep 847 | 드론3 목적지51 | 1000스텝 | 배송 50/51 | 재적재  9 | 중계율 0.39 | alpha 0.864 | step_limit
Ep 848 | 드론3 목적지61 | 1000스텝 | 배송 55/61 | 재적재  9 | 중계율 0.32 | alpha 0.869 | step_limit
Ep 849 | 드론4 목적지60 |  954스텝 | 배송 60/60 | 재적재 11 | 중계율 0.31 | alpha 0.864 | complete
Ep 850 | 드론4 목적지79 | 1000스텝 | 배송 68/79 | 재적재 12 | 중계율 0.30 | alpha 0.874 | step_limit
  [홀드아웃] 배송 49.8±0.9 완주 0.90 스텝 1052 점수 116.0 재적재 8.7 2홉+ 0.60 | 최고 127.3@ep450 정체 8/8

조기 종료. 최고 127.3@ep450
Training finished. best=127.3 @ ep450
