/home/kopt/enter/envs/wsl_neuroMCTS/lib/python3.10/site-packages/pygame/pkgdata.py:25: UserWarning: pkg_resources is deprecated as an API. See https://setuptools.pypa.io/en/latest/pkg_resources.html. The pkg_resources package is slated for removal as early as 2025-11-30. Refrain from using this package or pin to Setuptools<81.
  from pkg_resources import resource_stream, resource_exists
pygame 2.6.1 (SDL 2.28.4, Python 3.10.19)
Hello from the pygame community. https://www.pygame.org/contribute.html
집합 상위 학습 | 반경 300 상한 1000 무배송 500 gamma 0.997 구성=무작위 드론[3, 4] 목적지[20, 80] CC무작위 인스턴스=무작위 목표유지=off 완주보상=0.0 잔여페널티=0.1 규칙관측=False 규칙정규화=2.0 막힘페널티=0.0 도달권shaping=0.0 정체전환보상=0.0 엔트로피비=0.6->0.2@400 자기회귀=True 홀드아웃상한=3000 선택=makespan
/home/kopt/drone/proposed_src/pipeline/train_v5_26_09_15_23.py:347: UserWarning: Converting a tensor with requires_grad=True to a scalar may lead to unexpected behavior.
Consider using tensor.detach() first. (Triggered internally at /pytorch/torch/csrc/autograd/generated/python_variable_methods.cpp:836.)
  writer.add_scalar("train/alpha", float(log_alpha.exp()), ep)
Ep 1 | 드론4 목적지57 | 1000스텝 | 배송 51/57 | 재적재  8 | 중계율 0.14 | alpha 0.100 | step_limit
Ep 2 | 드론3 목적지50 | 1000스텝 | 배송 43/50 | 재적재  7 | 중계율 0.20 | alpha 0.100 | step_limit
Ep 3 | 드론4 목적지72 | 1000스텝 | 배송 55/72 | 재적재  9 | 중계율 0.15 | alpha 0.100 | step_limit
Ep 4 | 드론3 목적지46 | 1000스텝 | 배송 38/46 | 재적재  7 | 중계율 0.16 | alpha 0.100 | step_limit
Ep 5 | 드론3 목적지58 | 1000스텝 | 배송 45/58 | 재적재  6 | 중계율 0.35 | alpha 0.104 | step_limit
Ep 6 | 드론3 목적지61 | 1000스텝 | 배송 58/61 | 재적재  9 | 중계율 0.38 | alpha 0.115 | step_limit
Ep 7 | 드론3 목적지30 |  617스텝 | 배송 11/30 | 재적재  0 | 중계율 0.48 | alpha 0.122 | no_progress
Ep 8 | 드론3 목적지69 | 1000스텝 | 배송 60/69 | 재적재 10 | 중계율 0.33 | alpha 0.132 | step_limit
Ep 9 | 드론3 목적지66 | 1000스텝 | 배송 55/66 | 재적재  9 | 중계율 0.26 | alpha 0.143 | step_limit
Ep 10 | 드론3 목적지26 |  549스텝 | 배송 26/26 | 재적재  4 | 중계율 0.32 | alpha 0.149 | complete
Ep 11 | 드론4 목적지32 |  372스텝 | 배송 32/32 | 재적재  4 | 중계율 0.26 | alpha 0.153 | complete
Ep 12 | 드론3 목적지35 |  595스텝 | 배송 35/35 | 재적재  5 | 중계율 0.23 | alpha 0.160 | complete
Ep 13 | 드론3 목적지23 |  384스텝 | 배송 23/23 | 재적재  3 | 중계율 0.34 | alpha 0.165 | complete
Ep 14 | 드론3 목적지61 | 1000스텝 | 배송 50/61 | 재적재  9 | 중계율 0.34 | alpha 0.177 | step_limit
Ep 15 | 드론4 목적지78 |  889스텝 | 배송 78/78 | 재적재 14 | 중계율 0.24 | alpha 0.189 | complete
Ep 16 | 드론4 목적지46 |  628스텝 | 배송 46/46 | 재적재  7 | 중계율 0.27 | alpha 0.198 | complete
Ep 17 | 드론4 목적지74 | 1000스텝 | 배송 71/74 | 재적재 13 | 중계율 0.24 | alpha 0.213 | step_limit
Ep 18 | 드론3 목적지24 |  531스텝 | 배송 24/24 | 재적재  3 | 중계율 0.34 | alpha 0.221 | complete
Ep 19 | 드론4 목적지24 |  628스텝 | 배송 24/24 | 재적재  3 | 중계율 0.40 | alpha 0.231 | complete
Ep 20 | 드론3 목적지66 | 1000스텝 | 배송 55/66 | 재적재  9 | 중계율 0.23 | alpha 0.249 | step_limit
Ep 21 | 드론3 목적지43 |  798스텝 | 배송 43/43 | 재적재  7 | 중계율 0.18 | alpha 0.263 | complete
Ep 22 | 드론3 목적지43 |  631스텝 | 배송 43/43 | 재적재  6 | 중계율 0.15 | alpha 0.276 | complete
Ep 23 | 드론3 목적지22 |  678스텝 | 배송 22/22 | 재적재  3 | 중계율 0.32 | alpha 0.289 | complete
Ep 24 | 드론3 목적지35 |  534스텝 | 배송 35/35 | 재적재  4 | 중계율 0.26 | alpha 0.301 | complete
Ep 25 | 드론4 목적지25 |  456스텝 | 배송 25/25 | 재적재  3 | 중계율 0.37 | alpha 0.311 | complete
Ep 26 | 드론3 목적지79 | 1000스텝 | 배송 67/79 | 재적재 12 | 중계율 0.22 | alpha 0.334 | step_limit
Ep 27 | 드론4 목적지63 | 1000스텝 | 배송 52/63 | 재적재  7 | 중계율 0.41 | alpha 0.359 | step_limit
Ep 28 | 드론3 목적지77 | 1000스텝 | 배송 56/77 | 재적재  9 | 중계율 0.22 | alpha 0.385 | step_limit
Ep 29 | 드론3 목적지34 | 1000스텝 | 배송 33/34 | 재적재  5 | 중계율 0.35 | alpha 0.414 | step_limit
Ep 30 | 드론3 목적지25 |  634스텝 | 배송 25/25 | 재적재  3 | 중계율 0.28 | alpha 0.433 | complete
Ep 31 | 드론4 목적지68 |  801스텝 | 배송 68/68 | 재적재 12 | 중계율 0.29 | alpha 0.458 | complete
Ep 32 | 드론3 목적지79 | 1000스텝 | 배송 65/79 | 재적재 12 | 중계율 0.32 | alpha 0.492 | step_limit
Ep 33 | 드론3 목적지62 | 1000스텝 | 배송 46/62 | 재적재  8 | 중계율 0.32 | alpha 0.528 | step_limit
Ep 34 | 드론3 목적지33 |  572스텝 | 배송 33/33 | 재적재  6 | 중계율 0.20 | alpha 0.550 | complete
Ep 35 | 드론3 목적지26 |  489스텝 | 배송 26/26 | 재적재  4 | 중계율 0.24 | alpha 0.569 | complete
Ep 36 | 드론3 목적지57 | 1000스텝 | 배송 55/57 | 재적재  8 | 중계율 0.26 | alpha 0.611 | step_limit
Ep 37 | 드론3 목적지29 |  726스텝 | 배송 29/29 | 재적재  4 | 중계율 0.36 | alpha 0.643 | complete
Ep 38 | 드론4 목적지63 |  759스텝 | 배송 63/63 | 재적재 10 | 중계율 0.30 | alpha 0.679 | complete
Ep 39 | 드론4 목적지44 |  742스텝 | 배송 44/44 | 재적재  7 | 중계율 0.33 | alpha 0.715 | complete
Ep 40 | 드론4 목적지56 |  781스텝 | 배송 56/56 | 재적재  9 | 중계율 0.27 | alpha 0.754 | complete
Ep 41 | 드론4 목적지21 |  976스텝 | 배송 19/21 | 재적재  2 | 중계율 0.45 | alpha 0.808 | no_progress
Ep 42 | 드론3 목적지24 |  536스텝 | 배송 24/24 | 재적재  3 | 중계율 0.35 | alpha 0.839 | complete
Ep 43 | 드론3 목적지52 |  957스텝 | 배송 52/52 | 재적재  8 | 중계율 0.22 | alpha 0.897 | complete
Ep 44 | 드론3 목적지72 | 1000스텝 | 배송 62/72 | 재적재 11 | 중계율 0.18 | alpha 0.963 | step_limit
Ep 45 | 드론3 목적지52 | 1000스텝 | 배송 51/52 | 재적재  9 | 중계율 0.31 | alpha 1.033 | step_limit
Ep 46 | 드론4 목적지72 |  861스텝 | 배송 72/72 | 재적재 13 | 중계율 0.22 | alpha 1.095 | complete
Ep 47 | 드론3 목적지69 | 1000스텝 | 배송 68/69 | 재적재 12 | 중계율 0.22 | alpha 1.170 | step_limit
Ep 48 | 드론3 목적지56 | 1000스텝 | 배송 52/56 | 재적재  9 | 중계율 0.21 | alpha 1.249 | step_limit
Ep 49 | 드론4 목적지78 | 1000스텝 | 배송 76/78 | 재적재 13 | 중계율 0.25 | alpha 1.331 | step_limit
Ep 50 | 드론4 목적지40 | 1000스텝 | 배송 30/40 | 재적재  3 | 중계율 0.41 | alpha 1.418 | step_limit
  [홀드아웃] 배송 49.9±1.1 완주 0.99 스텝 975 점수 105.5 재적재 7.6 2홉+ 0.62 | 최고 105.5@ep50 정체 0/15  ← 갱신
Ep 51 | 드론4 목적지51 |  585스텝 | 배송 51/51 | 재적재  9 | 중계율 0.23 | alpha 1.471 | complete
Ep 52 | 드론3 목적지42 |  656스텝 | 배송 42/42 | 재적재  7 | 중계율 0.22 | alpha 1.531 | complete
Ep 53 | 드론4 목적지60 |  673스텝 | 배송 60/60 | 재적재 10 | 중계율 0.17 | alpha 1.596 | complete
Ep 54 | 드론3 목적지49 |  722스텝 | 배송 49/49 | 재적재  8 | 중계율 0.18 | alpha 1.667 | complete
Ep 55 | 드론3 목적지40 |  857스텝 | 배송 40/40 | 재적재  7 | 중계율 0.24 | alpha 1.757 | complete
Ep 56 | 드론4 목적지61 |  938스텝 | 배송 61/61 | 재적재 11 | 중계율 0.25 | alpha 1.859 | complete
Ep 57 | 드론3 목적지53 | 1000스텝 | 배송 48/53 | 재적재  8 | 중계율 0.27 | alpha 1.972 | step_limit
Ep 58 | 드론4 목적지57 |  888스텝 | 배송 57/57 | 재적재  9 | 중계율 0.25 | alpha 2.071 | complete
Ep 59 | 드론3 목적지50 | 1000스텝 | 배송 48/50 | 재적재  8 | 중계율 0.23 | alpha 2.182 | step_limit
Ep 60 | 드론3 목적지21 |  491스텝 | 배송 21/21 | 재적재  3 | 중계율 0.35 | alpha 2.237 | complete
Ep 61 | 드론4 목적지26 |  441스텝 | 배송 26/26 | 재적재  4 | 중계율 0.25 | alpha 2.285 | complete
Ep 62 | 드론4 목적지55 |  976스텝 | 배송 55/55 | 재적재  9 | 중계율 0.31 | alpha 2.390 | complete
Ep 63 | 드론4 목적지68 | 1000스텝 | 배송 57/68 | 재적재  9 | 중계율 0.22 | alpha 2.492 | step_limit
Ep 64 | 드론3 목적지41 | 1000스텝 | 배송 38/41 | 재적재  6 | 중계율 0.30 | alpha 2.589 | step_limit
Ep 65 | 드론4 목적지68 |  890스텝 | 배송 68/68 | 재적재 11 | 중계율 0.17 | alpha 2.672 | complete
Ep 66 | 드론3 목적지61 |  812스텝 | 배송 61/61 | 재적재 11 | 중계율 0.15 | alpha 2.745 | complete
Ep 67 | 드론3 목적지53 | 1000스텝 | 배송 45/53 | 재적재  7 | 중계율 0.28 | alpha 2.826 | step_limit
Ep 68 | 드론3 목적지44 |  844스텝 | 배송 44/44 | 재적재  7 | 중계율 0.23 | alpha 2.884 | complete
Ep 69 | 드론3 목적지34 |  743스텝 | 배송 34/34 | 재적재  5 | 중계율 0.21 | alpha 2.916 | complete
Ep 70 | 드론3 목적지31 | 1000스텝 | 배송 29/31 | 재적재  4 | 중계율 0.26 | alpha 2.953 | step_limit
Ep 71 | 드론4 목적지71 | 1000스텝 | 배송 69/71 | 재적재 12 | 중계율 0.21 | alpha 2.967 | step_limit
Ep 72 | 드론3 목적지53 | 1000스텝 | 배송 42/53 | 재적재  7 | 중계율 0.24 | alpha 2.958 | step_limit
Ep 73 | 드론3 목적지21 |  952스텝 | 배송 21/21 | 재적재  3 | 중계율 0.25 | alpha 2.943 | complete
Ep 74 | 드론4 목적지45 |  521스텝 | 배송 45/45 | 재적재  7 | 중계율 0.19 | alpha 2.936 | complete
Ep 75 | 드론4 목적지40 |  804스텝 | 배송 40/40 | 재적재  7 | 중계율 0.23 | alpha 2.930 | complete
Ep 76 | 드론3 목적지75 | 1000스텝 | 배송 59/75 | 재적재  9 | 중계율 0.26 | alpha 2.907 | step_limit
Ep 77 | 드론4 목적지24 |  488스텝 | 배송 24/24 | 재적재  2 | 중계율 0.30 | alpha 2.899 | complete
Ep 78 | 드론3 목적지64 | 1000스텝 | 배송 53/64 | 재적재  9 | 중계율 0.22 | alpha 2.863 | step_limit
Ep 79 | 드론3 목적지41 | 1000스텝 | 배송 38/41 | 재적재  6 | 중계율 0.27 | alpha 2.829 | step_limit
Ep 80 | 드론3 목적지69 | 1000스텝 | 배송 54/69 | 재적재  9 | 중계율 0.23 | alpha 2.786 | step_limit
Ep 81 | 드론4 목적지47 |  781스텝 | 배송 47/47 | 재적재  8 | 중계율 0.23 | alpha 2.771 | complete
Ep 82 | 드론4 목적지69 | 1000스텝 | 배송 62/69 | 재적재 12 | 중계율 0.26 | alpha 2.743 | step_limit
Ep 83 | 드론4 목적지31 |  728스텝 | 배송 31/31 | 재적재  6 | 중계율 0.31 | alpha 2.737 | complete
Ep 84 | 드론3 목적지33 |  723스텝 | 배송 33/33 | 재적재  5 | 중계율 0.26 | alpha 2.728 | complete
Ep 85 | 드론3 목적지38 |  741스텝 | 배송 38/38 | 재적재  7 | 중계율 0.17 | alpha 2.727 | complete
Ep 86 | 드론4 목적지24 |  460스텝 | 배송 24/24 | 재적재  3 | 중계율 0.27 | alpha 2.729 | complete
Ep 87 | 드론3 목적지30 |  811스텝 | 배송 30/30 | 재적재  4 | 중계율 0.29 | alpha 2.765 | complete
Ep 88 | 드론3 목적지38 |  757스텝 | 배송 38/38 | 재적재  6 | 중계율 0.22 | alpha 2.790 | complete
Ep 89 | 드론3 목적지57 | 1000스텝 | 배송 50/57 | 재적재  8 | 중계율 0.23 | alpha 2.772 | step_limit
Ep 90 | 드론4 목적지21 |  556스텝 | 배송 21/21 | 재적재  2 | 중계율 0.25 | alpha 2.770 | complete
Ep 91 | 드론4 목적지77 | 1000스텝 | 배송 64/77 | 재적재 11 | 중계율 0.24 | alpha 2.749 | step_limit
Ep 92 | 드론3 목적지69 | 1000스텝 | 배송 57/69 | 재적재 10 | 중계율 0.26 | alpha 2.688 | step_limit
Ep 93 | 드론4 목적지60 |  989스텝 | 배송 60/60 | 재적재 11 | 중계율 0.18 | alpha 2.654 | complete
Ep 94 | 드론4 목적지45 |  820스텝 | 배송 45/45 | 재적재  8 | 중계율 0.25 | alpha 2.663 | complete
Ep 95 | 드론3 목적지71 | 1000스텝 | 배송 62/71 | 재적재 11 | 중계율 0.18 | alpha 2.644 | step_limit
Ep 96 | 드론3 목적지74 | 1000스텝 | 배송 56/74 | 재적재 10 | 중계율 0.19 | alpha 2.643 | step_limit
Ep 97 | 드론4 목적지47 |  712스텝 | 배송 47/47 | 재적재  7 | 중계율 0.20 | alpha 2.655 | complete
Ep 98 | 드론4 목적지50 | 1000스텝 | 배송 47/50 | 재적재  7 | 중계율 0.28 | alpha 2.602 | step_limit
Ep 99 | 드론4 목적지35 | 1000스텝 | 배송 33/35 | 재적재  6 | 중계율 0.27 | alpha 2.567 | step_limit
Ep 100 | 드론3 목적지40 | 1000스텝 | 배송 37/40 | 재적재  6 | 중계율 0.24 | alpha 2.525 | step_limit
  [홀드아웃] 배송 50.0±0.0 완주 1.00 스텝 1080 점수 106.4 재적재 7.8 2홉+ 0.61 | 최고 106.4@ep100 정체 0/15  ← 갱신
Ep 101 | 드론3 목적지23 |  418스텝 | 배송 23/23 | 재적재  3 | 중계율 0.23 | alpha 2.522 | complete
Ep 102 | 드론3 목적지21 |  532스텝 | 배송 21/21 | 재적재  4 | 중계율 0.27 | alpha 2.514 | complete
Ep 103 | 드론4 목적지72 |  942스텝 | 배송 72/72 | 재적재 13 | 중계율 0.16 | alpha 2.480 | complete
Ep 104 | 드론3 목적지27 |  742스텝 | 배송 27/27 | 재적재  3 | 중계율 0.23 | alpha 2.455 | complete
Ep 105 | 드론3 목적지63 | 1000스텝 | 배송 52/63 | 재적재  9 | 중계율 0.14 | alpha 2.437 | step_limit
Ep 106 | 드론4 목적지58 |  709스텝 | 배송 58/58 | 재적재 10 | 중계율 0.15 | alpha 2.417 | complete
Ep 107 | 드론4 목적지75 | 1000스텝 | 배송 52/75 | 재적재  7 | 중계율 0.35 | alpha 2.402 | step_limit
Ep 108 | 드론3 목적지55 |  962스텝 | 배송 55/55 | 재적재 10 | 중계율 0.23 | alpha 2.408 | complete
Ep 109 | 드론4 목적지64 | 1000스텝 | 배송 61/64 | 재적재 11 | 중계율 0.27 | alpha 2.409 | step_limit
Ep 110 | 드론3 목적지55 |  892스텝 | 배송 55/55 | 재적재  9 | 중계율 0.19 | alpha 2.401 | complete
Ep 111 | 드론4 목적지67 | 1000스텝 | 배송 62/67 | 재적재 11 | 중계율 0.29 | alpha 2.370 | step_limit
Ep 112 | 드론3 목적지46 |  703스텝 | 배송 46/46 | 재적재  8 | 중계율 0.19 | alpha 2.366 | complete
Ep 113 | 드론4 목적지43 |  593스텝 | 배송 43/43 | 재적재  6 | 중계율 0.17 | alpha 2.360 | complete
Ep 114 | 드론3 목적지80 | 1000스텝 | 배송 65/80 | 재적재 11 | 중계율 0.19 | alpha 2.348 | step_limit
Ep 115 | 드론4 목적지78 |  915스텝 | 배송 78/78 | 재적재 12 | 중계율 0.15 | alpha 2.333 | complete
Ep 116 | 드론4 목적지72 | 1000스텝 | 배송 69/72 | 재적재 12 | 중계율 0.24 | alpha 2.282 | step_limit
Ep 117 | 드론3 목적지54 | 1000스텝 | 배송 48/54 | 재적재  9 | 중계율 0.22 | alpha 2.236 | step_limit
Ep 118 | 드론3 목적지63 | 1000스텝 | 배송 53/63 | 재적재  9 | 중계율 0.21 | alpha 2.200 | step_limit
Ep 119 | 드론4 목적지66 |  865스텝 | 배송 66/66 | 재적재 12 | 중계율 0.20 | alpha 2.177 | complete
Ep 120 | 드론4 목적지70 | 1000스텝 | 배송 66/70 | 재적재 11 | 중계율 0.20 | alpha 2.146 | step_limit
Ep 121 | 드론4 목적지45 |  627스텝 | 배송 45/45 | 재적재  6 | 중계율 0.17 | alpha 2.134 | complete
Ep 122 | 드론4 목적지26 |  739스텝 | 배송 26/26 | 재적재  4 | 중계율 0.34 | alpha 2.134 | complete
Ep 123 | 드론4 목적지30 |  670스텝 | 배송 30/30 | 재적재  4 | 중계율 0.26 | alpha 2.113 | complete
Ep 124 | 드론3 목적지80 | 1000스텝 | 배송 65/80 | 재적재 12 | 중계율 0.23 | alpha 2.109 | step_limit
Ep 125 | 드론4 목적지41 |  841스텝 | 배송 41/41 | 재적재  7 | 중계율 0.22 | alpha 2.114 | complete
Ep 126 | 드론3 목적지50 | 1000스텝 | 배송 43/50 | 재적재  6 | 중계율 0.29 | alpha 2.123 | step_limit
Ep 127 | 드론3 목적지37 |  852스텝 | 배송 37/37 | 재적재  6 | 중계율 0.29 | alpha 2.097 | complete
Ep 128 | 드론3 목적지42 |  860스텝 | 배송 42/42 | 재적재  7 | 중계율 0.24 | alpha 2.089 | complete
Ep 129 | 드론4 목적지52 |  852스텝 | 배송 52/52 | 재적재  8 | 중계율 0.26 | alpha 2.074 | complete
Ep 130 | 드론3 목적지40 |  973스텝 | 배송 40/40 | 재적재  7 | 중계율 0.26 | alpha 2.043 | complete
Ep 131 | 드론3 목적지39 |  800스텝 | 배송 39/39 | 재적재  7 | 중계율 0.17 | alpha 2.032 | complete
Ep 132 | 드론4 목적지63 |  838스텝 | 배송 63/63 | 재적재 11 | 중계율 0.17 | alpha 1.977 | complete
Ep 133 | 드론3 목적지61 | 1000스텝 | 배송 60/61 | 재적재 11 | 중계율 0.17 | alpha 1.971 | step_limit
Ep 134 | 드론4 목적지22 |  328스텝 | 배송 22/22 | 재적재  2 | 중계율 0.17 | alpha 1.963 | complete
Ep 135 | 드론3 목적지20 |  509스텝 | 배송 20/20 | 재적재  3 | 중계율 0.30 | alpha 1.956 | complete
Ep 136 | 드론4 목적지57 | 1000스텝 | 배송 51/57 | 재적재  9 | 중계율 0.33 | alpha 1.941 | step_limit
Ep 137 | 드론3 목적지24 |  706스텝 | 배송 24/24 | 재적재  3 | 중계율 0.27 | alpha 1.937 | complete
Ep 138 | 드론4 목적지35 |  715스텝 | 배송 35/35 | 재적재  6 | 중계율 0.19 | alpha 1.920 | complete
Ep 139 | 드론3 목적지29 |  700스텝 | 배송 29/29 | 재적재  5 | 중계율 0.21 | alpha 1.907 | complete
Ep 140 | 드론3 목적지32 |  885스텝 | 배송 32/32 | 재적재  5 | 중계율 0.25 | alpha 1.900 | complete
Ep 141 | 드론3 목적지54 | 1000스텝 | 배송 53/54 | 재적재  9 | 중계율 0.19 | alpha 1.871 | step_limit
Ep 142 | 드론3 목적지42 |  785스텝 | 배송 42/42 | 재적재  7 | 중계율 0.22 | alpha 1.883 | complete
Ep 143 | 드론3 목적지23 |  563스텝 | 배송 23/23 | 재적재  3 | 중계율 0.24 | alpha 1.866 | complete
Ep 144 | 드론3 목적지61 | 1000스텝 | 배송 56/61 | 재적재 10 | 중계율 0.21 | alpha 1.838 | step_limit
Ep 145 | 드론3 목적지64 | 1000스텝 | 배송 52/64 | 재적재  9 | 중계율 0.21 | alpha 1.832 | step_limit
Ep 146 | 드론3 목적지71 | 1000스텝 | 배송 56/71 | 재적재 10 | 중계율 0.20 | alpha 1.800 | step_limit
Ep 147 | 드론3 목적지48 |  788스텝 | 배송 48/48 | 재적재  8 | 중계율 0.16 | alpha 1.770 | complete
Ep 148 | 드론4 목적지36 |  819스텝 | 배송 36/36 | 재적재  5 | 중계율 0.32 | alpha 1.753 | complete
Ep 149 | 드론4 목적지40 |  460스텝 | 배송 40/40 | 재적재  5 | 중계율 0.21 | alpha 1.744 | complete
Ep 150 | 드론3 목적지26 |  641스텝 | 배송 26/26 | 재적재  4 | 중계율 0.22 | alpha 1.745 | complete
  [홀드아웃] 배송 49.6±3.8 완주 0.97 스텝 1089 점수 103.9 재적재 7.8 2홉+ 0.60 | 최고 106.4@ep100 정체 1/15
Ep 151 | 드론4 목적지70 | 1000스텝 | 배송 67/70 | 재적재 12 | 중계율 0.22 | alpha 1.740 | step_limit
Ep 152 | 드론4 목적지48 |  740스텝 | 배송 48/48 | 재적재  8 | 중계율 0.22 | alpha 1.755 | complete
Ep 153 | 드론4 목적지57 |  961스텝 | 배송 57/57 | 재적재  9 | 중계율 0.25 | alpha 1.759 | complete
Ep 154 | 드론4 목적지34 |  431스텝 | 배송 34/34 | 재적재  6 | 중계율 0.16 | alpha 1.765 | complete
Ep 155 | 드론4 목적지80 | 1000스텝 | 배송 66/80 | 재적재 11 | 중계율 0.31 | alpha 1.767 | step_limit
Ep 156 | 드론4 목적지59 | 1000스텝 | 배송 57/59 | 재적재  9 | 중계율 0.30 | alpha 1.782 | step_limit
Ep 157 | 드론3 목적지42 |  913스텝 | 배송 42/42 | 재적재  7 | 중계율 0.26 | alpha 1.776 | complete
Ep 158 | 드론4 목적지76 | 1000스텝 | 배송 73/76 | 재적재 12 | 중계율 0.15 | alpha 1.762 | step_limit
Ep 159 | 드론4 목적지47 |  771스텝 | 배송 47/47 | 재적재  9 | 중계율 0.23 | alpha 1.728 | complete
Ep 160 | 드론3 목적지62 | 1000스텝 | 배송 55/62 | 재적재 10 | 중계율 0.24 | alpha 1.710 | step_limit
Ep 161 | 드론3 목적지31 |  581스텝 | 배송 31/31 | 재적재  4 | 중계율 0.21 | alpha 1.711 | complete
Ep 162 | 드론3 목적지26 |  615스텝 | 배송 26/26 | 재적재  4 | 중계율 0.30 | alpha 1.688 | complete
Ep 163 | 드론4 목적지21 |  658스텝 | 배송 21/21 | 재적재  3 | 중계율 0.39 | alpha 1.671 | complete
Ep 164 | 드론4 목적지79 | 1000스텝 | 배송 64/79 | 재적재 11 | 중계율 0.27 | alpha 1.649 | step_limit
Ep 165 | 드론4 목적지47 |  583스텝 | 배송 47/47 | 재적재  7 | 중계율 0.16 | alpha 1.654 | complete
Ep 166 | 드론3 목적지77 | 1000스텝 | 배송 70/77 | 재적재 12 | 중계율 0.16 | alpha 1.669 | step_limit
Ep 167 | 드론4 목적지77 | 1000스텝 | 배송 62/77 | 재적재  9 | 중계율 0.32 | alpha 1.652 | step_limit
Ep 168 | 드론4 목적지29 |  793스텝 | 배송 29/29 | 재적재  5 | 중계율 0.26 | alpha 1.662 | complete
Ep 169 | 드론4 목적지59 | 1000스텝 | 배송 58/59 | 재적재  9 | 중계율 0.27 | alpha 1.673 | step_limit
Ep 170 | 드론3 목적지74 | 1000스텝 | 배송 59/74 | 재적재  9 | 중계율 0.26 | alpha 1.669 | step_limit
Ep 171 | 드론4 목적지34 |  634스텝 | 배송 34/34 | 재적재  5 | 중계율 0.16 | alpha 1.659 | complete
Ep 172 | 드론3 목적지43 |  816스텝 | 배송 43/43 | 재적재  8 | 중계율 0.23 | alpha 1.652 | complete
Ep 173 | 드론3 목적지35 |  815스텝 | 배송 35/35 | 재적재  6 | 중계율 0.29 | alpha 1.639 | complete
Ep 174 | 드론4 목적지43 |  820스텝 | 배송 43/43 | 재적재  7 | 중계율 0.22 | alpha 1.636 | complete
Ep 175 | 드론4 목적지30 |  701스텝 | 배송 30/30 | 재적재  4 | 중계율 0.39 | alpha 1.653 | complete
Ep 176 | 드론4 목적지29 | 1000스텝 | 배송 28/29 | 재적재  4 | 중계율 0.38 | alpha 1.660 | step_limit
Ep 177 | 드론3 목적지45 |  969스텝 | 배송 45/45 | 재적재  7 | 중계율 0.26 | alpha 1.658 | complete
Ep 178 | 드론3 목적지20 |  511스텝 | 배송 20/20 | 재적재  2 | 중계율 0.32 | alpha 1.657 | complete
Ep 179 | 드론4 목적지66 | 1000스텝 | 배송 55/66 | 재적재  8 | 중계율 0.30 | alpha 1.640 | step_limit
Ep 180 | 드론4 목적지22 |  555스텝 | 배송 22/22 | 재적재  3 | 중계율 0.25 | alpha 1.628 | complete
Ep 181 | 드론4 목적지77 | 1000스텝 | 배송 67/77 | 재적재 10 | 중계율 0.28 | alpha 1.609 | step_limit
Ep 182 | 드론3 목적지74 | 1000스텝 | 배송 63/74 | 재적재 11 | 중계율 0.22 | alpha 1.600 | step_limit
Ep 183 | 드론4 목적지40 |  544스텝 | 배송 40/40 | 재적재  7 | 중계율 0.17 | alpha 1.610 | complete
Ep 184 | 드론3 목적지77 | 1000스텝 | 배송 68/77 | 재적재 11 | 중계율 0.22 | alpha 1.585 | step_limit
Ep 185 | 드론4 목적지72 | 1000스텝 | 배송 67/72 | 재적재 10 | 중계율 0.25 | alpha 1.591 | step_limit
Ep 186 | 드론4 목적지74 | 1000스텝 | 배송 69/74 | 재적재 12 | 중계율 0.21 | alpha 1.608 | step_limit
Ep 187 | 드론3 목적지65 | 1000스텝 | 배송 60/65 | 재적재 10 | 중계율 0.22 | alpha 1.596 | step_limit
Ep 188 | 드론3 목적지80 | 1000스텝 | 배송 55/80 | 재적재 10 | 중계율 0.33 | alpha 1.568 | step_limit
Ep 189 | 드론4 목적지55 |  901스텝 | 배송 55/55 | 재적재  8 | 중계율 0.26 | alpha 1.545 | complete
Ep 190 | 드론3 목적지36 |  784스텝 | 배송 36/36 | 재적재  5 | 중계율 0.30 | alpha 1.513 | complete
Ep 191 | 드론3 목적지28 |  955스텝 | 배송 28/28 | 재적재  4 | 중계율 0.28 | alpha 1.484 | complete
Ep 192 | 드론4 목적지74 | 1000스텝 | 배송 73/74 | 재적재 13 | 중계율 0.24 | alpha 1.490 | step_limit
Ep 193 | 드론3 목적지61 | 1000스텝 | 배송 49/61 | 재적재  8 | 중계율 0.31 | alpha 1.488 | step_limit
Ep 194 | 드론4 목적지73 | 1000스텝 | 배송 72/73 | 재적재 13 | 중계율 0.21 | alpha 1.478 | step_limit
Ep 195 | 드론4 목적지69 | 1000스텝 | 배송 65/69 | 재적재 10 | 중계율 0.27 | alpha 1.472 | step_limit
Ep 196 | 드론3 목적지47 | 1000스텝 | 배송 43/47 | 재적재  7 | 중계율 0.18 | alpha 1.440 | step_limit
Ep 197 | 드론4 목적지27 |  817스텝 | 배송 27/27 | 재적재  4 | 중계율 0.29 | alpha 1.409 | complete
Ep 198 | 드론3 목적지56 |  907스텝 | 배송 56/56 | 재적재 10 | 중계율 0.15 | alpha 1.384 | complete
Ep 199 | 드론3 목적지57 | 1000스텝 | 배송 51/57 | 재적재  8 | 중계율 0.25 | alpha 1.373 | step_limit
Ep 200 | 드론4 목적지64 | 1000스텝 | 배송 61/64 | 재적재 11 | 중계율 0.27 | alpha 1.347 | step_limit
  [홀드아웃] 배송 49.9±0.6 완주 0.99 스텝 1088 점수 105.1 재적재 8.0 2홉+ 0.61 | 최고 106.4@ep100 정체 2/15
Ep 201 | 드론4 목적지38 | 1000스텝 | 배송 36/38 | 재적재  7 | 중계율 0.38 | alpha 1.322 | step_limit
Ep 202 | 드론3 목적지32 |  830스텝 | 배송 32/32 | 재적재  6 | 중계율 0.29 | alpha 1.294 | complete
Ep 203 | 드론3 목적지23 |  608스텝 | 배송 23/23 | 재적재  3 | 중계율 0.24 | alpha 1.280 | complete
Ep 204 | 드론3 목적지38 |  776스텝 | 배송 38/38 | 재적재  7 | 중계율 0.19 | alpha 1.259 | complete
Ep 205 | 드론3 목적지27 |  566스텝 | 배송 27/27 | 재적재  4 | 중계율 0.22 | alpha 1.267 | complete
Ep 206 | 드론3 목적지58 | 1000스텝 | 배송 51/58 | 재적재 10 | 중계율 0.26 | alpha 1.271 | step_limit
Ep 207 | 드론3 목적지52 | 1000스텝 | 배송 47/52 | 재적재  8 | 중계율 0.28 | alpha 1.264 | step_limit
Ep 208 | 드론3 목적지60 | 1000스텝 | 배송 55/60 | 재적재  8 | 중계율 0.29 | alpha 1.254 | step_limit
Ep 209 | 드론3 목적지72 | 1000스텝 | 배송 60/72 | 재적재 10 | 중계율 0.28 | alpha 1.246 | step_limit
Ep 210 | 드론4 목적지39 |  626스텝 | 배송 39/39 | 재적재  7 | 중계율 0.21 | alpha 1.240 | complete
Ep 211 | 드론3 목적지55 | 1000스텝 | 배송 55/55 | 재적재  8 | 중계율 0.25 | alpha 1.209 | complete
Ep 212 | 드론3 목적지62 | 1000스텝 | 배송 60/62 | 재적재 12 | 중계율 0.21 | alpha 1.236 | step_limit
Ep 213 | 드론4 목적지77 |  911스텝 | 배송 77/77 | 재적재 14 | 중계율 0.18 | alpha 1.233 | complete
Ep 214 | 드론3 목적지44 |  959스텝 | 배송 44/44 | 재적재  7 | 중계율 0.19 | alpha 1.226 | complete
Ep 215 | 드론3 목적지49 | 1000스텝 | 배송 46/49 | 재적재  9 | 중계율 0.32 | alpha 1.220 | step_limit
Ep 216 | 드론4 목적지29 |  621스텝 | 배송 29/29 | 재적재  3 | 중계율 0.32 | alpha 1.209 | complete
Ep 217 | 드론4 목적지36 |  457스텝 | 배송 36/36 | 재적재  5 | 중계율 0.18 | alpha 1.199 | complete
Ep 218 | 드론4 목적지55 |  656스텝 | 배송 55/55 | 재적재 10 | 중계율 0.18 | alpha 1.192 | complete
Ep 219 | 드론3 목적지35 | 1000스텝 | 배송 33/35 | 재적재  5 | 중계율 0.29 | alpha 1.181 | step_limit
Ep 220 | 드론4 목적지73 |  823스텝 | 배송 73/73 | 재적재 12 | 중계율 0.24 | alpha 1.162 | complete
Ep 221 | 드론4 목적지25 |  496스텝 | 배송 25/25 | 재적재  2 | 중계율 0.28 | alpha 1.153 | complete
Ep 222 | 드론3 목적지30 |  750스텝 | 배송 30/30 | 재적재  4 | 중계율 0.29 | alpha 1.147 | complete
Ep 223 | 드론3 목적지45 | 1000스텝 | 배송 37/45 | 재적재  6 | 중계율 0.26 | alpha 1.148 | step_limit
Ep 224 | 드론4 목적지76 | 1000스텝 | 배송 68/76 | 재적재 11 | 중계율 0.35 | alpha 1.140 | step_limit
Ep 225 | 드론4 목적지70 | 1000스텝 | 배송 59/70 | 재적재 10 | 중계율 0.26 | alpha 1.137 | step_limit
Ep 226 | 드론4 목적지73 |  737스텝 | 배송 73/73 | 재적재 14 | 중계율 0.15 | alpha 1.125 | complete
Ep 227 | 드론4 목적지56 |  614스텝 | 배송 56/56 | 재적재 10 | 중계율 0.16 | alpha 1.124 | complete
Ep 228 | 드론4 목적지24 |  516스텝 | 배송 24/24 | 재적재  3 | 중계율 0.27 | alpha 1.107 | complete
Ep 229 | 드론3 목적지32 |  928스텝 | 배송 32/32 | 재적재  5 | 중계율 0.35 | alpha 1.080 | complete
Ep 230 | 드론3 목적지62 | 1000스텝 | 배송 56/62 | 재적재 10 | 중계율 0.19 | alpha 1.041 | step_limit
Ep 231 | 드론3 목적지27 | 1000스텝 | 배송 25/27 | 재적재  5 | 중계율 0.28 | alpha 1.034 | step_limit
Ep 232 | 드론4 목적지27 | 1000스텝 | 배송 26/27 | 재적재  4 | 중계율 0.43 | alpha 1.023 | step_limit
Ep 233 | 드론4 목적지58 | 1000스텝 | 배송 52/58 | 재적재  9 | 중계율 0.29 | alpha 1.015 | step_limit
Ep 234 | 드론3 목적지56 | 1000스텝 | 배송 53/56 | 재적재 10 | 중계율 0.19 | alpha 1.017 | step_limit
Ep 235 | 드론3 목적지49 | 1000스텝 | 배송 45/49 | 재적재  7 | 중계율 0.32 | alpha 1.022 | step_limit
Ep 236 | 드론4 목적지71 |  966스텝 | 배송 71/71 | 재적재 12 | 중계율 0.26 | alpha 1.037 | complete
Ep 237 | 드론4 목적지77 | 1000스텝 | 배송 70/77 | 재적재 12 | 중계율 0.18 | alpha 1.051 | step_limit
Ep 238 | 드론4 목적지27 |  473스텝 | 배송 27/27 | 재적재  5 | 중계율 0.24 | alpha 1.063 | complete
Ep 239 | 드론4 목적지37 |  598스텝 | 배송 37/37 | 재적재  4 | 중계율 0.30 | alpha 1.050 | complete
Ep 240 | 드론4 목적지70 |  885스텝 | 배송 70/70 | 재적재 11 | 중계율 0.20 | alpha 1.036 | complete
Ep 241 | 드론3 목적지46 |  902스텝 | 배송 46/46 | 재적재  8 | 중계율 0.23 | alpha 1.019 | complete
Ep 242 | 드론4 목적지65 |  901스텝 | 배송 65/65 | 재적재 11 | 중계율 0.17 | alpha 0.999 | complete
Ep 243 | 드론4 목적지39 |  652스텝 | 배송 39/39 | 재적재  5 | 중계율 0.31 | alpha 0.984 | complete
Ep 244 | 드론3 목적지51 |  870스텝 | 배송 51/51 | 재적재  9 | 중계율 0.24 | alpha 0.976 | complete
Ep 245 | 드론3 목적지52 | 1000스텝 | 배송 49/52 | 재적재  8 | 중계율 0.34 | alpha 0.968 | step_limit
Ep 246 | 드론4 목적지54 |  656스텝 | 배송 54/54 | 재적재  9 | 중계율 0.19 | alpha 0.963 | complete
Ep 247 | 드론4 목적지69 |  950스텝 | 배송 69/69 | 재적재 11 | 중계율 0.30 | alpha 0.944 | complete
Ep 248 | 드론3 목적지77 | 1000스텝 | 배송 60/77 | 재적재 10 | 중계율 0.22 | alpha 0.933 | step_limit
Ep 249 | 드론4 목적지70 |  962스텝 | 배송 70/70 | 재적재 12 | 중계율 0.20 | alpha 0.936 | complete
Ep 250 | 드론3 목적지51 | 1000스텝 | 배송 50/51 | 재적재  8 | 중계율 0.25 | alpha 0.945 | step_limit
  [홀드아웃] 배송 49.9±0.5 완주 0.96 스텝 986 점수 103.0 재적재 7.6 2홉+ 0.61 | 최고 106.4@ep100 정체 3/15
Ep 251 | 드론4 목적지33 |  428스텝 | 배송 33/33 | 재적재  5 | 중계율 0.17 | alpha 0.948 | complete
Ep 252 | 드론3 목적지25 |  462스텝 | 배송 25/25 | 재적재  3 | 중계율 0.31 | alpha 0.958 | complete
Ep 253 | 드론4 목적지49 |  748스텝 | 배송 49/49 | 재적재  7 | 중계율 0.31 | alpha 0.949 | complete
Ep 254 | 드론4 목적지26 |  337스텝 | 배송 26/26 | 재적재  2 | 중계율 0.21 | alpha 0.946 | complete
Ep 255 | 드론3 목적지38 |  654스텝 | 배송 38/38 | 재적재  5 | 중계율 0.28 | alpha 0.938 | complete
Ep 256 | 드론3 목적지27 |  860스텝 | 배송 27/27 | 재적재  4 | 중계율 0.35 | alpha 0.934 | complete
Ep 257 | 드론3 목적지44 | 1000스텝 | 배송 40/44 | 재적재  7 | 중계율 0.18 | alpha 0.927 | step_limit
Ep 258 | 드론4 목적지73 | 1000스텝 | 배송 70/73 | 재적재 12 | 중계율 0.22 | alpha 0.918 | step_limit
Ep 259 | 드론4 목적지65 |  964스텝 | 배송 65/65 | 재적재 12 | 중계율 0.19 | alpha 0.929 | complete
Ep 260 | 드론4 목적지49 |  757스텝 | 배송 49/49 | 재적재  8 | 중계율 0.25 | alpha 0.930 | complete
Ep 261 | 드론4 목적지21 |  409스텝 | 배송 21/21 | 재적재  3 | 중계율 0.21 | alpha 0.924 | complete
Ep 262 | 드론3 목적지69 |  973스텝 | 배송 69/69 | 재적재 12 | 중계율 0.16 | alpha 0.924 | complete
Ep 263 | 드론3 목적지40 |  837스텝 | 배송 40/40 | 재적재  7 | 중계율 0.32 | alpha 0.928 | complete
Ep 264 | 드론4 목적지35 |  467스텝 | 배송 35/35 | 재적재  5 | 중계율 0.25 | alpha 0.924 | complete
Ep 265 | 드론4 목적지52 |  503스텝 | 배송 52/52 | 재적재  8 | 중계율 0.16 | alpha 0.920 | complete
Ep 266 | 드론3 목적지33 |  600스텝 | 배송 33/33 | 재적재  5 | 중계율 0.15 | alpha 0.917 | complete
Ep 267 | 드론4 목적지32 |  693스텝 | 배송 32/32 | 재적재  4 | 중계율 0.32 | alpha 0.913 | complete
Ep 268 | 드론3 목적지39 |  810스텝 | 배송 39/39 | 재적재  7 | 중계율 0.24 | alpha 0.918 | complete
Ep 269 | 드론4 목적지71 |  792스텝 | 배송 71/71 | 재적재 12 | 중계율 0.21 | alpha 0.916 | complete
Ep 270 | 드론3 목적지56 | 1000스텝 | 배송 50/56 | 재적재  8 | 중계율 0.37 | alpha 0.911 | step_limit
Ep 271 | 드론4 목적지66 |  994스텝 | 배송 66/66 | 재적재 11 | 중계율 0.26 | alpha 0.918 | complete
Ep 272 | 드론3 목적지33 |  506스텝 | 배송 33/33 | 재적재  4 | 중계율 0.19 | alpha 0.923 | complete
Ep 273 | 드론4 목적지75 | 1000스텝 | 배송 70/75 | 재적재 12 | 중계율 0.31 | alpha 0.915 | step_limit
Ep 274 | 드론3 목적지63 | 1000스텝 | 배송 62/63 | 재적재 10 | 중계율 0.24 | alpha 0.902 | step_limit
Ep 275 | 드론3 목적지46 |  932스텝 | 배송 46/46 | 재적재  8 | 중계율 0.23 | alpha 0.899 | complete
Ep 276 | 드론4 목적지62 | 1000스텝 | 배송 60/62 | 재적재 10 | 중계율 0.33 | alpha 0.889 | step_limit
Ep 277 | 드론4 목적지35 |  583스텝 | 배송 35/35 | 재적재  5 | 중계율 0.30 | alpha 0.889 | complete
Ep 278 | 드론3 목적지79 | 1000스텝 | 배송 70/79 | 재적재 12 | 중계율 0.19 | alpha 0.881 | step_limit
Ep 279 | 드론3 목적지50 |  762스텝 | 배송 50/50 | 재적재  8 | 중계율 0.21 | alpha 0.882 | complete
Ep 280 | 드론3 목적지71 | 1000스텝 | 배송 60/71 | 재적재 10 | 중계율 0.23 | alpha 0.859 | step_limit
Ep 281 | 드론4 목적지52 |  738스텝 | 배송 52/52 | 재적재 10 | 중계율 0.22 | alpha 0.844 | complete
Ep 282 | 드론3 목적지55 |  920스텝 | 배송 55/55 | 재적재 10 | 중계율 0.21 | alpha 0.835 | complete
Ep 283 | 드론3 목적지44 |  613스텝 | 배송 44/44 | 재적재  8 | 중계율 0.13 | alpha 0.831 | complete
Ep 284 | 드론4 목적지61 |  787스텝 | 배송 61/61 | 재적재 11 | 중계율 0.23 | alpha 0.829 | complete
Ep 285 | 드론4 목적지61 |  857스텝 | 배송 61/61 | 재적재 11 | 중계율 0.24 | alpha 0.827 | complete
Ep 286 | 드론4 목적지35 |  529스텝 | 배송 35/35 | 재적재  5 | 중계율 0.20 | alpha 0.825 | complete
Ep 287 | 드론4 목적지42 |  576스텝 | 배송 42/42 | 재적재  7 | 중계율 0.25 | alpha 0.820 | complete
Ep 288 | 드론3 목적지26 |  571스텝 | 배송 26/26 | 재적재  4 | 중계율 0.25 | alpha 0.820 | complete
Ep 289 | 드론4 목적지71 |  810스텝 | 배송 71/71 | 재적재 11 | 중계율 0.21 | alpha 0.808 | complete
Ep 290 | 드론3 목적지34 |  697스텝 | 배송 34/34 | 재적재  5 | 중계율 0.28 | alpha 0.798 | complete
Ep 291 | 드론4 목적지70 | 1000스텝 | 배송 67/70 | 재적재 11 | 중계율 0.21 | alpha 0.782 | step_limit
Ep 292 | 드론4 목적지25 |  375스텝 | 배송 25/25 | 재적재  4 | 중계율 0.23 | alpha 0.775 | complete
Ep 293 | 드론4 목적지78 | 1000스텝 | 배송 75/78 | 재적재 12 | 중계율 0.31 | alpha 0.767 | step_limit
Ep 294 | 드론3 목적지63 | 1000스텝 | 배송 55/63 | 재적재  9 | 중계율 0.22 | alpha 0.745 | step_limit
Ep 295 | 드론3 목적지40 |  883스텝 | 배송 40/40 | 재적재  7 | 중계율 0.27 | alpha 0.730 | complete
Ep 296 | 드론3 목적지78 | 1000스텝 | 배송 60/78 | 재적재 12 | 중계율 0.26 | alpha 0.729 | step_limit
Ep 297 | 드론3 목적지76 | 1000스텝 | 배송 74/76 | 재적재 14 | 중계율 0.18 | alpha 0.723 | step_limit
Ep 298 | 드론4 목적지42 |  514스텝 | 배송 42/42 | 재적재  5 | 중계율 0.20 | alpha 0.713 | complete
Ep 299 | 드론4 목적지34 |  783스텝 | 배송 34/34 | 재적재  6 | 중계율 0.40 | alpha 0.700 | complete
Ep 300 | 드론4 목적지73 | 1000스텝 | 배송 67/73 | 재적재 12 | 중계율 0.27 | alpha 0.692 | step_limit
  [홀드아웃] 배송 49.7±2.1 완주 0.94 스텝 962 점수 100.5 재적재 7.7 2홉+ 0.61 | 최고 106.4@ep100 정체 4/15
Ep 301 | 드론4 목적지74 |  977스텝 | 배송 74/74 | 재적재 14 | 중계율 0.22 | alpha 0.674 | complete
Ep 302 | 드론3 목적지56 |  995스텝 | 배송 56/56 | 재적재 10 | 중계율 0.22 | alpha 0.656 | complete
Ep 303 | 드론4 목적지24 |  617스텝 | 배송 24/24 | 재적재  3 | 중계율 0.29 | alpha 0.650 | complete
Ep 304 | 드론4 목적지67 | 1000스텝 | 배송 65/67 | 재적재 11 | 중계율 0.34 | alpha 0.639 | step_limit
Ep 305 | 드론3 목적지69 | 1000스텝 | 배송 56/69 | 재적재 11 | 중계율 0.24 | alpha 0.627 | step_limit
Ep 306 | 드론3 목적지30 |  637스텝 | 배송 30/30 | 재적재  4 | 중계율 0.23 | alpha 0.622 | complete
Ep 307 | 드론4 목적지46 |  680스텝 | 배송 46/46 | 재적재  7 | 중계율 0.17 | alpha 0.617 | complete
Ep 308 | 드론3 목적지45 | 1000스텝 | 배송 40/45 | 재적재  7 | 중계율 0.19 | alpha 0.607 | step_limit
Ep 309 | 드론4 목적지80 | 1000스텝 | 배송 73/80 | 재적재 13 | 중계율 0.28 | alpha 0.613 | step_limit
Ep 310 | 드론3 목적지26 |  729스텝 | 배송 26/26 | 재적재  4 | 중계율 0.28 | alpha 0.618 | complete
Ep 311 | 드론3 목적지52 |  749스텝 | 배송 52/52 | 재적재  9 | 중계율 0.16 | alpha 0.618 | complete
Ep 312 | 드론3 목적지42 |  919스텝 | 배송 42/42 | 재적재  8 | 중계율 0.30 | alpha 0.617 | complete
Ep 313 | 드론3 목적지60 | 1000스텝 | 배송 58/60 | 재적재 11 | 중계율 0.28 | alpha 0.617 | step_limit
Ep 314 | 드론3 목적지78 | 1000스텝 | 배송 61/78 | 재적재 10 | 중계율 0.25 | alpha 0.614 | step_limit
Ep 315 | 드론4 목적지51 |  993스텝 | 배송 51/51 | 재적재  9 | 중계율 0.36 | alpha 0.618 | complete
Ep 316 | 드론4 목적지58 |  852스텝 | 배송 58/58 | 재적재 10 | 중계율 0.20 | alpha 0.625 | complete
Ep 317 | 드론4 목적지75 | 1000스텝 | 배송 74/75 | 재적재 12 | 중계율 0.29 | alpha 0.634 | step_limit
Ep 318 | 드론4 목적지56 |  845스텝 | 배송 56/56 | 재적재  8 | 중계율 0.31 | alpha 0.633 | complete
Ep 319 | 드론3 목적지69 | 1000스텝 | 배송 55/69 | 재적재 11 | 중계율 0.28 | alpha 0.625 | step_limit
Ep 320 | 드론4 목적지45 |  941스텝 | 배송 45/45 | 재적재  7 | 중계율 0.33 | alpha 0.622 | complete
Ep 321 | 드론4 목적지28 |  395스텝 | 배송 28/28 | 재적재  4 | 중계율 0.24 | alpha 0.616 | complete
Ep 322 | 드론4 목적지59 |  592스텝 | 배송 59/59 | 재적재  9 | 중계율 0.12 | alpha 0.610 | complete
Ep 323 | 드론3 목적지44 |  947스텝 | 배송 44/44 | 재적재  7 | 중계율 0.33 | alpha 0.604 | complete
Ep 324 | 드론3 목적지25 |  466스텝 | 배송 25/25 | 재적재  4 | 중계율 0.15 | alpha 0.599 | complete
Ep 325 | 드론4 목적지65 |  843스텝 | 배송 65/65 | 재적재 11 | 중계율 0.25 | alpha 0.593 | complete
Ep 326 | 드론3 목적지31 |  731스텝 | 배송 31/31 | 재적재  5 | 중계율 0.29 | alpha 0.584 | complete
Ep 327 | 드론4 목적지67 |  897스텝 | 배송 67/67 | 재적재 12 | 중계율 0.29 | alpha 0.577 | complete
Ep 328 | 드론3 목적지65 | 1000스텝 | 배송 64/65 | 재적재 12 | 중계율 0.20 | alpha 0.571 | step_limit
Ep 329 | 드론4 목적지33 |  610스텝 | 배송 33/33 | 재적재  5 | 중계율 0.29 | alpha 0.566 | complete
Ep 330 | 드론4 목적지76 | 1000스텝 | 배송 67/76 | 재적재 12 | 중계율 0.27 | alpha 0.551 | step_limit
Ep 331 | 드론3 목적지76 | 1000스텝 | 배송 61/76 | 재적재 10 | 중계율 0.25 | alpha 0.539 | step_limit
Ep 332 | 드론4 목적지75 |  840스텝 | 배송 75/75 | 재적재 13 | 중계율 0.21 | alpha 0.532 | complete
Ep 333 | 드론3 목적지26 |  835스텝 | 배송 26/26 | 재적재  4 | 중계율 0.29 | alpha 0.518 | complete
Ep 334 | 드론3 목적지63 | 1000스텝 | 배송 62/63 | 재적재 12 | 중계율 0.17 | alpha 0.509 | step_limit
Ep 335 | 드론4 목적지28 |  803스텝 | 배송 28/28 | 재적재  4 | 중계율 0.29 | alpha 0.500 | complete
Ep 336 | 드론3 목적지54 | 1000스텝 | 배송 50/54 | 재적재  9 | 중계율 0.28 | alpha 0.493 | step_limit
Ep 337 | 드론3 목적지65 | 1000스텝 | 배송 53/65 | 재적재  9 | 중계율 0.25 | alpha 0.486 | step_limit
Ep 338 | 드론3 목적지68 | 1000스텝 | 배송 60/68 | 재적재 10 | 중계율 0.26 | alpha 0.474 | step_limit
Ep 339 | 드론4 목적지47 |  641스텝 | 배송 47/47 | 재적재  8 | 중계율 0.18 | alpha 0.470 | complete
Ep 340 | 드론3 목적지73 | 1000스텝 | 배송 64/73 | 재적재 12 | 중계율 0.28 | alpha 0.455 | step_limit
Ep 341 | 드론3 목적지64 | 1000스텝 | 배송 55/64 | 재적재 10 | 중계율 0.29 | alpha 0.449 | step_limit
Ep 342 | 드론3 목적지26 |  640스텝 | 배송 26/26 | 재적재  4 | 중계율 0.23 | alpha 0.444 | complete
Ep 343 | 드론4 목적지58 |  915스텝 | 배송 58/58 | 재적재  9 | 중계율 0.30 | alpha 0.436 | complete
Ep 344 | 드론4 목적지23 |  335스텝 | 배송 23/23 | 재적재  3 | 중계율 0.19 | alpha 0.434 | complete
Ep 345 | 드론4 목적지53 |  881스텝 | 배송 53/53 | 재적재  8 | 중계율 0.31 | alpha 0.419 | complete
Ep 346 | 드론3 목적지21 |  538스텝 | 배송 21/21 | 재적재  3 | 중계율 0.29 | alpha 0.407 | complete
Ep 347 | 드론4 목적지39 |  464스텝 | 배송 39/39 | 재적재  5 | 중계율 0.28 | alpha 0.401 | complete
Ep 348 | 드론4 목적지46 |  482스텝 | 배송 46/46 | 재적재  7 | 중계율 0.20 | alpha 0.390 | complete
Ep 349 | 드론4 목적지37 |  576스텝 | 배송 37/37 | 재적재  6 | 중계율 0.28 | alpha 0.378 | complete
Ep 350 | 드론3 목적지42 | 1000스텝 | 배송 40/42 | 재적재  6 | 중계율 0.28 | alpha 0.361 | step_limit
  [홀드아웃] 배송 49.9±0.3 완주 0.95 스텝 927 점수 101.9 재적재 7.6 2홉+ 0.61 | 최고 106.4@ep100 정체 5/15
Ep 351 | 드론4 목적지54 |  698스텝 | 배송 54/54 | 재적재 10 | 중계율 0.22 | alpha 0.347 | complete
Ep 352 | 드론4 목적지69 | 1000스텝 | 배송 68/69 | 재적재 11 | 중계율 0.30 | alpha 0.332 | step_limit
Ep 353 | 드론3 목적지44 |  776스텝 | 배송 44/44 | 재적재  6 | 중계율 0.22 | alpha 0.318 | complete
Ep 354 | 드론3 목적지49 |  687스텝 | 배송 49/49 | 재적재  8 | 중계율 0.25 | alpha 0.309 | complete
Ep 355 | 드론3 목적지28 |  771스텝 | 배송 28/28 | 재적재  5 | 중계율 0.23 | alpha 0.299 | complete
Ep 356 | 드론3 목적지79 | 1000스텝 | 배송 63/79 | 재적재 11 | 중계율 0.17 | alpha 0.288 | step_limit
Ep 357 | 드론4 목적지71 |  844스텝 | 배송 71/71 | 재적재 12 | 중계율 0.16 | alpha 0.275 | complete
Ep 358 | 드론3 목적지30 |  675스텝 | 배송 30/30 | 재적재  3 | 중계율 0.29 | alpha 0.265 | complete
Ep 359 | 드론3 목적지74 | 1000스텝 | 배송 65/74 | 재적재 11 | 중계율 0.18 | alpha 0.252 | step_limit
Ep 360 | 드론4 목적지47 |  589스텝 | 배송 47/47 | 재적재  8 | 중계율 0.25 | alpha 0.248 | complete
Ep 361 | 드론3 목적지43 |  818스텝 | 배송 43/43 | 재적재  6 | 중계율 0.30 | alpha 0.239 | complete
Ep 362 | 드론4 목적지78 | 1000스텝 | 배송 75/78 | 재적재 13 | 중계율 0.23 | alpha 0.231 | step_limit
Ep 363 | 드론4 목적지70 |  716스텝 | 배송 70/70 | 재적재 13 | 중계율 0.18 | alpha 0.225 | complete
Ep 364 | 드론3 목적지64 | 1000스텝 | 배송 51/64 | 재적재  8 | 중계율 0.26 | alpha 0.218 | step_limit
Ep 365 | 드론3 목적지63 | 1000스텝 | 배송 50/63 | 재적재  8 | 중계율 0.31 | alpha 0.213 | step_limit
Ep 366 | 드론3 목적지44 |  930스텝 | 배송 44/44 | 재적재  6 | 중계율 0.34 | alpha 0.207 | complete
Ep 367 | 드론4 목적지38 |  483스텝 | 배송 38/38 | 재적재  4 | 중계율 0.25 | alpha 0.204 | complete
Ep 368 | 드론3 목적지37 |  691스텝 | 배송 37/37 | 재적재  6 | 중계율 0.14 | alpha 0.200 | complete
Ep 369 | 드론3 목적지42 | 1000스텝 | 배송 41/42 | 재적재  6 | 중계율 0.22 | alpha 0.193 | step_limit
Ep 370 | 드론3 목적지70 | 1000스텝 | 배송 61/70 | 재적재 11 | 중계율 0.27 | alpha 0.188 | step_limit
Ep 371 | 드론3 목적지40 |  855스텝 | 배송 40/40 | 재적재  6 | 중계율 0.26 | alpha 0.184 | complete
Ep 372 | 드론4 목적지29 |  391스텝 | 배송 29/29 | 재적재  4 | 중계율 0.18 | alpha 0.181 | complete
Ep 373 | 드론3 목적지79 | 1000스텝 | 배송 66/79 | 재적재 12 | 중계율 0.24 | alpha 0.174 | step_limit
Ep 374 | 드론3 목적지40 |  741스텝 | 배송 40/40 | 재적재  7 | 중계율 0.29 | alpha 0.170 | complete
Ep 375 | 드론3 목적지28 |  616스텝 | 배송 28/28 | 재적재  5 | 중계율 0.28 | alpha 0.164 | complete
Ep 376 | 드론3 목적지40 |  713스텝 | 배송 40/40 | 재적재  6 | 중계율 0.30 | alpha 0.158 | complete
Ep 377 | 드론3 목적지72 | 1000스텝 | 배송 56/72 | 재적재  9 | 중계율 0.28 | alpha 0.150 | step_limit
Ep 378 | 드론4 목적지61 |  700스텝 | 배송 61/61 | 재적재 11 | 중계율 0.24 | alpha 0.145 | complete
Ep 379 | 드론4 목적지68 | 1000스텝 | 배송 67/68 | 재적재 10 | 중계율 0.30 | alpha 0.139 | step_limit
Ep 380 | 드론3 목적지24 |  536스텝 | 배송 24/24 | 재적재  3 | 중계율 0.21 | alpha 0.135 | complete
Ep 381 | 드론3 목적지52 | 1000스텝 | 배송 50/52 | 재적재  9 | 중계율 0.28 | alpha 0.128 | step_limit
Ep 382 | 드론4 목적지35 |  450스텝 | 배송 35/35 | 재적재  5 | 중계율 0.25 | alpha 0.125 | complete
Ep 383 | 드론3 목적지47 | 1000스텝 | 배송 46/47 | 재적재  7 | 중계율 0.30 | alpha 0.117 | step_limit
Ep 384 | 드론3 목적지28 |  450스텝 | 배송 28/28 | 재적재  4 | 중계율 0.27 | alpha 0.114 | complete
Ep 385 | 드론4 목적지70 | 1000스텝 | 배송 69/70 | 재적재 13 | 중계율 0.28 | alpha 0.108 | step_limit
Ep 386 | 드론4 목적지71 |  923스텝 | 배송 71/71 | 재적재 12 | 중계율 0.21 | alpha 0.102 | complete
Ep 387 | 드론3 목적지49 |  868스텝 | 배송 49/49 | 재적재  8 | 중계율 0.16 | alpha 0.098 | complete
Ep 388 | 드론3 목적지21 |  800스텝 | 배송 15/21 | 재적재  1 | 중계율 0.29 | alpha 0.093 | no_progress
Ep 389 | 드론4 목적지60 |  639스텝 | 배송 60/60 | 재적재 10 | 중계율 0.15 | alpha 0.089 | complete
Ep 390 | 드론4 목적지30 |  412스텝 | 배송 30/30 | 재적재  4 | 중계율 0.29 | alpha 0.087 | complete
Ep 391 | 드론3 목적지51 |  654스텝 | 배송 51/51 | 재적재 10 | 중계율 0.12 | alpha 0.083 | complete
Ep 392 | 드론3 목적지39 |  754스텝 | 배송 39/39 | 재적재  6 | 중계율 0.25 | alpha 0.079 | complete
Ep 393 | 드론4 목적지73 |  869스텝 | 배송 73/73 | 재적재 13 | 중계율 0.14 | alpha 0.075 | complete
Ep 394 | 드론3 목적지32 |  643스텝 | 배송 32/32 | 재적재  5 | 중계율 0.27 | alpha 0.072 | complete
Ep 395 | 드론4 목적지70 |  749스텝 | 배송 70/70 | 재적재 12 | 중계율 0.20 | alpha 0.068 | complete
Ep 396 | 드론4 목적지28 |  388스텝 | 배송 28/28 | 재적재  4 | 중계율 0.21 | alpha 0.066 | complete
Ep 397 | 드론3 목적지39 |  816스텝 | 배송 39/39 | 재적재  6 | 중계율 0.27 | alpha 0.063 | complete
Ep 398 | 드론3 목적지40 |  780스텝 | 배송 40/40 | 재적재  7 | 중계율 0.24 | alpha 0.059 | complete
Ep 399 | 드론3 목적지51 |  917스텝 | 배송 51/51 | 재적재  9 | 중계율 0.29 | alpha 0.056 | complete
Ep 400 | 드론3 목적지79 | 1000스텝 | 배송 55/79 | 재적재  8 | 중계율 0.28 | alpha 0.052 | step_limit
  [홀드아웃] 배송 49.6±1.8 완주 0.94 스텝 870 점수 100.9 재적재 7.4 2홉+ 0.61 | 최고 106.4@ep100 정체 6/15
Ep 401 | 드론3 목적지63 | 1000스텝 | 배송 61/63 | 재적재 11 | 중계율 0.21 | alpha 0.049 | step_limit
Ep 402 | 드론3 목적지32 |  680스텝 | 배송 32/32 | 재적재  6 | 중계율 0.24 | alpha 0.046 | complete
Ep 403 | 드론3 목적지76 | 1000스텝 | 배송 67/76 | 재적재 13 | 중계율 0.20 | alpha 0.043 | step_limit
Ep 404 | 드론4 목적지23 |  350스텝 | 배송 23/23 | 재적재  3 | 중계율 0.22 | alpha 0.043 | complete
Ep 405 | 드론3 목적지67 | 1000스텝 | 배송 59/67 | 재적재  9 | 중계율 0.32 | alpha 0.040 | step_limit
Ep 406 | 드론3 목적지48 | 1000스텝 | 배송 46/48 | 재적재  7 | 중계율 0.22 | alpha 0.038 | step_limit
Ep 407 | 드론3 목적지72 | 1000스텝 | 배송 64/72 | 재적재 10 | 중계율 0.29 | alpha 0.035 | step_limit
Ep 408 | 드론4 목적지79 | 1000스텝 | 배송 70/79 | 재적재 11 | 중계율 0.29 | alpha 0.033 | step_limit
Ep 409 | 드론4 목적지28 |  364스텝 | 배송 28/28 | 재적재  4 | 중계율 0.18 | alpha 0.033 | complete
Ep 410 | 드론4 목적지46 |  713스텝 | 배송 46/46 | 재적재  7 | 중계율 0.28 | alpha 0.031 | complete
Ep 411 | 드론4 목적지69 | 1000스텝 | 배송 65/69 | 재적재 10 | 중계율 0.33 | alpha 0.030 | step_limit
Ep 412 | 드론3 목적지47 |  960스텝 | 배송 47/47 | 재적재  9 | 중계율 0.28 | alpha 0.028 | complete
Ep 413 | 드론4 목적지45 |  620스텝 | 배송 45/45 | 재적재  7 | 중계율 0.26 | alpha 0.027 | complete
Ep 414 | 드론3 목적지76 | 1000스텝 | 배송 68/76 | 재적재 11 | 중계율 0.22 | alpha 0.026 | step_limit
Ep 415 | 드론3 목적지79 | 1000스텝 | 배송 69/79 | 재적재 12 | 중계율 0.27 | alpha 0.024 | step_limit
Ep 416 | 드론3 목적지20 |  422스텝 | 배송 20/20 | 재적재  3 | 중계율 0.22 | alpha 0.024 | complete
Ep 417 | 드론3 목적지45 |  796스텝 | 배송 45/45 | 재적재  8 | 중계율 0.24 | alpha 0.023 | complete
Ep 418 | 드론3 목적지75 | 1000스텝 | 배송 66/75 | 재적재 13 | 중계율 0.24 | alpha 0.021 | step_limit
Ep 419 | 드론4 목적지78 | 1000스텝 | 배송 68/78 | 재적재 12 | 중계율 0.25 | alpha 0.020 | step_limit
Ep 420 | 드론4 목적지33 |  740스텝 | 배송 33/33 | 재적재  5 | 중계율 0.25 | alpha 0.020 | complete
Ep 421 | 드론3 목적지62 | 1000스텝 | 배송 57/62 | 재적재 10 | 중계율 0.21 | alpha 0.019 | step_limit
Ep 422 | 드론4 목적지51 |  747스텝 | 배송 51/51 | 재적재  7 | 중계율 0.35 | alpha 0.018 | complete
Ep 423 | 드론3 목적지44 |  713스텝 | 배송 44/44 | 재적재  7 | 중계율 0.24 | alpha 0.017 | complete
Ep 424 | 드론3 목적지33 |  745스텝 | 배송 33/33 | 재적재  5 | 중계율 0.34 | alpha 0.017 | complete
Ep 425 | 드론3 목적지33 |  508스텝 | 배송 33/33 | 재적재  6 | 중계율 0.14 | alpha 0.016 | complete
Ep 426 | 드론4 목적지24 |  349스텝 | 배송 24/24 | 재적재  3 | 중계율 0.18 | alpha 0.016 | complete
Ep 427 | 드론3 목적지64 | 1000스텝 | 배송 50/64 | 재적재  9 | 중계율 0.25 | alpha 0.015 | step_limit
Ep 428 | 드론4 목적지53 |  947스텝 | 배송 53/53 | 재적재  8 | 중계율 0.35 | alpha 0.014 | complete
Ep 429 | 드론3 목적지36 |  672스텝 | 배송 36/36 | 재적재  5 | 중계율 0.30 | alpha 0.014 | complete
Ep 430 | 드론4 목적지48 | 1000스텝 | 배송 46/48 | 재적재  8 | 중계율 0.25 | alpha 0.013 | step_limit
Ep 431 | 드론3 목적지56 | 1000스텝 | 배송 54/56 | 재적재  8 | 중계율 0.32 | alpha 0.013 | step_limit
Ep 432 | 드론3 목적지45 |  852스텝 | 배송 45/45 | 재적재  8 | 중계율 0.22 | alpha 0.012 | complete
Ep 433 | 드론4 목적지25 |  525스텝 | 배송 25/25 | 재적재  2 | 중계율 0.37 | alpha 0.012 | complete
Ep 434 | 드론3 목적지58 | 1000스텝 | 배송 55/58 | 재적재  9 | 중계율 0.29 | alpha 0.011 | step_limit
Ep 435 | 드론3 목적지72 | 1000스텝 | 배송 52/72 | 재적재  9 | 중계율 0.32 | alpha 0.011 | step_limit
Ep 436 | 드론3 목적지71 | 1000스텝 | 배송 54/71 | 재적재 10 | 중계율 0.22 | alpha 0.010 | step_limit
Ep 437 | 드론3 목적지53 | 1000스텝 | 배송 50/53 | 재적재  9 | 중계율 0.30 | alpha 0.010 | step_limit
Ep 438 | 드론4 목적지31 |  741스텝 | 배송 31/31 | 재적재  5 | 중계율 0.34 | alpha 0.009 | complete
Ep 439 | 드론4 목적지77 |  834스텝 | 배송 77/77 | 재적재 13 | 중계율 0.22 | alpha 0.009 | complete
Ep 440 | 드론3 목적지73 | 1000스텝 | 배송 65/73 | 재적재 12 | 중계율 0.25 | alpha 0.009 | step_limit
Ep 441 | 드론4 목적지27 |  292스텝 | 배송 27/27 | 재적재  4 | 중계율 0.19 | alpha 0.009 | complete
Ep 442 | 드론3 목적지20 |  364스텝 | 배송 20/20 | 재적재  2 | 중계율 0.24 | alpha 0.008 | complete
Ep 443 | 드론4 목적지73 |  906스텝 | 배송 73/73 | 재적재 13 | 중계율 0.16 | alpha 0.008 | complete
Ep 444 | 드론3 목적지56 | 1000스텝 | 배송 55/56 | 재적재  9 | 중계율 0.21 | alpha 0.008 | step_limit
Ep 445 | 드론4 목적지20 |  424스텝 | 배송 20/20 | 재적재  3 | 중계율 0.35 | alpha 0.008 | complete
Ep 446 | 드론3 목적지26 |  486스텝 | 배송 26/26 | 재적재  3 | 중계율 0.21 | alpha 0.007 | complete
Ep 447 | 드론3 목적지41 |  632스텝 | 배송 41/41 | 재적재  7 | 중계율 0.20 | alpha 0.007 | complete
Ep 448 | 드론4 목적지73 |  805스텝 | 배송 73/73 | 재적재 13 | 중계율 0.22 | alpha 0.007 | complete
Ep 449 | 드론3 목적지56 |  936스텝 | 배송 56/56 | 재적재  9 | 중계율 0.22 | alpha 0.007 | complete
Ep 450 | 드론3 목적지35 |  732스텝 | 배송 35/35 | 재적재  5 | 중계율 0.34 | alpha 0.007 | complete
  [홀드아웃] 배송 49.9±1.1 완주 0.97 스텝 867 점수 104.6 재적재 7.6 2홉+ 0.61 | 최고 106.4@ep100 정체 7/15
Ep 451 | 드론4 목적지77 |  778스텝 | 배송 77/77 | 재적재 14 | 중계율 0.12 | alpha 0.006 | complete
Ep 452 | 드론3 목적지22 |  380스텝 | 배송 22/22 | 재적재  3 | 중계율 0.26 | alpha 0.006 | complete
Ep 453 | 드론4 목적지47 |  479스텝 | 배송 47/47 | 재적재  8 | 중계율 0.20 | alpha 0.006 | complete
Ep 454 | 드론4 목적지72 | 1000스텝 | 배송 69/72 | 재적재 13 | 중계율 0.28 | alpha 0.006 | step_limit
Ep 455 | 드론4 목적지63 |  917스텝 | 배송 63/63 | 재적재 11 | 중계율 0.30 | alpha 0.006 | complete
Ep 456 | 드론3 목적지73 | 1000스텝 | 배송 65/73 | 재적재 11 | 중계율 0.22 | alpha 0.006 | step_limit
Ep 457 | 드론4 목적지36 |  788스텝 | 배송 36/36 | 재적재  5 | 중계율 0.30 | alpha 0.005 | complete
Ep 458 | 드론4 목적지78 |  988스텝 | 배송 78/78 | 재적재 14 | 중계율 0.21 | alpha 0.005 | complete
Ep 459 | 드론4 목적지45 |  833스텝 | 배송 45/45 | 재적재  7 | 중계율 0.34 | alpha 0.005 | complete
Ep 460 | 드론3 목적지70 | 1000스텝 | 배송 62/70 | 재적재 10 | 중계율 0.29 | alpha 0.005 | step_limit
Ep 461 | 드론3 목적지39 |  640스텝 | 배송 39/39 | 재적재  6 | 중계율 0.26 | alpha 0.005 | complete
Ep 462 | 드론4 목적지62 |  872스텝 | 배송 62/62 | 재적재 11 | 중계율 0.27 | alpha 0.005 | complete
Ep 463 | 드론3 목적지67 | 1000스텝 | 배송 64/67 | 재적재 11 | 중계율 0.25 | alpha 0.005 | step_limit
Ep 464 | 드론3 목적지33 |  587스텝 | 배송 33/33 | 재적재  5 | 중계율 0.18 | alpha 0.005 | complete
Ep 465 | 드론4 목적지80 | 1000스텝 | 배송 74/80 | 재적재 12 | 중계율 0.30 | alpha 0.005 | step_limit
Ep 466 | 드론4 목적지42 |  534스텝 | 배송 42/42 | 재적재  7 | 중계율 0.16 | alpha 0.005 | complete
Ep 467 | 드론3 목적지63 |  971스텝 | 배송 63/63 | 재적재 11 | 중계율 0.25 | alpha 0.005 | complete
Ep 468 | 드론3 목적지78 | 1000스텝 | 배송 66/78 | 재적재 12 | 중계율 0.24 | alpha 0.004 | step_limit
Ep 469 | 드론4 목적지48 |  679스텝 | 배송 48/48 | 재적재  8 | 중계율 0.20 | alpha 0.004 | complete
Ep 470 | 드론4 목적지70 | 1000스텝 | 배송 68/70 | 재적재 12 | 중계율 0.25 | alpha 0.004 | step_limit
Ep 471 | 드론3 목적지24 |  403스텝 | 배송 24/24 | 재적재  4 | 중계율 0.27 | alpha 0.004 | complete
Ep 472 | 드론4 목적지62 |  800스텝 | 배송 62/62 | 재적재 11 | 중계율 0.22 | alpha 0.004 | complete
Ep 473 | 드론3 목적지30 |  708스텝 | 배송 30/30 | 재적재  5 | 중계율 0.29 | alpha 0.004 | complete
Ep 474 | 드론3 목적지37 |  935스텝 | 배송 37/37 | 재적재  6 | 중계율 0.32 | alpha 0.004 | complete
Ep 475 | 드론3 목적지71 | 1000스텝 | 배송 65/71 | 재적재 11 | 중계율 0.24 | alpha 0.004 | step_limit
Ep 476 | 드론3 목적지29 |  457스텝 | 배송 29/29 | 재적재  4 | 중계율 0.21 | alpha 0.004 | complete
Ep 477 | 드론3 목적지36 |  714스텝 | 배송 36/36 | 재적재  6 | 중계율 0.20 | alpha 0.004 | complete
Ep 478 | 드론3 목적지52 | 1000스텝 | 배송 50/52 | 재적재  9 | 중계율 0.27 | alpha 0.004 | step_limit
Ep 479 | 드론4 목적지75 |  977스텝 | 배송 75/75 | 재적재 13 | 중계율 0.29 | alpha 0.004 | complete
Ep 480 | 드론4 목적지64 |  795스텝 | 배송 64/64 | 재적재 10 | 중계율 0.22 | alpha 0.004 | complete
Ep 481 | 드론3 목적지70 | 1000스텝 | 배송 65/70 | 재적재 10 | 중계율 0.31 | alpha 0.004 | step_limit
Ep 482 | 드론4 목적지39 |  446스텝 | 배송 39/39 | 재적재  6 | 중계율 0.18 | alpha 0.004 | complete
Ep 483 | 드론4 목적지51 |  872스텝 | 배송 51/51 | 재적재  9 | 중계율 0.30 | alpha 0.004 | complete
Ep 484 | 드론4 목적지43 |  638스텝 | 배송 43/43 | 재적재  7 | 중계율 0.24 | alpha 0.004 | complete
Ep 485 | 드론3 목적지36 |  806스텝 | 배송 36/36 | 재적재  7 | 중계율 0.29 | alpha 0.004 | complete
Ep 486 | 드론3 목적지53 |  945스텝 | 배송 53/53 | 재적재  9 | 중계율 0.24 | alpha 0.004 | complete
Ep 487 | 드론4 목적지34 |  572스텝 | 배송 34/34 | 재적재  5 | 중계율 0.27 | alpha 0.004 | complete
Ep 488 | 드론3 목적지73 | 1000스텝 | 배송 64/73 | 재적재 11 | 중계율 0.22 | alpha 0.004 | step_limit
Ep 489 | 드론4 목적지52 |  957스텝 | 배송 52/52 | 재적재  9 | 중계율 0.25 | alpha 0.004 | complete
Ep 490 | 드론4 목적지40 |  436스텝 | 배송 40/40 | 재적재  5 | 중계율 0.26 | alpha 0.004 | complete
Ep 491 | 드론3 목적지47 |  680스텝 | 배송 47/47 | 재적재  8 | 중계율 0.16 | alpha 0.004 | complete
Ep 492 | 드론3 목적지71 | 1000스텝 | 배송 60/71 | 재적재 11 | 중계율 0.26 | alpha 0.004 | step_limit
Ep 493 | 드론3 목적지46 |  962스텝 | 배송 46/46 | 재적재  8 | 중계율 0.30 | alpha 0.004 | complete
Ep 494 | 드론3 목적지47 |  962스텝 | 배송 47/47 | 재적재  8 | 중계율 0.28 | alpha 0.004 | complete
Ep 495 | 드론3 목적지45 |  759스텝 | 배송 45/45 | 재적재  7 | 중계율 0.27 | alpha 0.004 | complete
Ep 496 | 드론4 목적지65 |  804스텝 | 배송 65/65 | 재적재 12 | 중계율 0.20 | alpha 0.004 | complete
Ep 497 | 드론3 목적지35 |  507스텝 | 배송 35/35 | 재적재  5 | 중계율 0.21 | alpha 0.004 | complete
Ep 498 | 드론4 목적지39 | 1000스텝 | 배송 37/39 | 재적재  7 | 중계율 0.40 | alpha 0.004 | step_limit
Ep 499 | 드론4 목적지28 |  414스텝 | 배송 28/28 | 재적재  3 | 중계율 0.26 | alpha 0.004 | complete
Ep 500 | 드론3 목적지49 | 1000스텝 | 배송 41/49 | 재적재  7 | 중계율 0.32 | alpha 0.004 | step_limit
  [홀드아웃] 배송 49.4±3.1 완주 0.94 스텝 874 점수 100.8 재적재 7.5 2홉+ 0.61 | 최고 106.4@ep100 정체 8/15
Ep 501 | 드론4 목적지26 |  492스텝 | 배송 26/26 | 재적재  3 | 중계율 0.35 | alpha 0.004 | complete
Ep 502 | 드론4 목적지69 |  762스텝 | 배송 69/69 | 재적재 11 | 중계율 0.20 | alpha 0.004 | complete
Ep 503 | 드론4 목적지44 |  560스텝 | 배송 44/44 | 재적재  7 | 중계율 0.22 | alpha 0.004 | complete
Ep 504 | 드론4 목적지34 |  769스텝 | 배송 34/34 | 재적재  3 | 중계율 0.33 | alpha 0.004 | complete
Ep 505 | 드론4 목적지77 | 1000스텝 | 배송 49/77 | 재적재  7 | 중계율 0.37 | alpha 0.004 | step_limit
Ep 506 | 드론4 목적지55 |  644스텝 | 배송 55/55 | 재적재  9 | 중계율 0.16 | alpha 0.004 | complete
Ep 507 | 드론3 목적지61 |  828스텝 | 배송 61/61 | 재적재 11 | 중계율 0.14 | alpha 0.003 | complete
Ep 508 | 드론3 목적지24 |  422스텝 | 배송 24/24 | 재적재  3 | 중계율 0.21 | alpha 0.003 | complete
Ep 509 | 드론3 목적지48 |  966스텝 | 배송 48/48 | 재적재  9 | 중계율 0.29 | alpha 0.003 | complete
Ep 510 | 드론4 목적지71 | 1000스텝 | 배송 66/71 | 재적재 12 | 중계율 0.28 | alpha 0.003 | step_limit
Ep 511 | 드론4 목적지39 |  717스텝 | 배송 39/39 | 재적재  7 | 중계율 0.30 | alpha 0.003 | complete
Ep 512 | 드론4 목적지29 |  648스텝 | 배송 29/29 | 재적재  4 | 중계율 0.16 | alpha 0.003 | complete
Ep 513 | 드론4 목적지46 |  633스텝 | 배송 46/46 | 재적재  7 | 중계율 0.23 | alpha 0.003 | complete
Ep 514 | 드론3 목적지49 |  931스텝 | 배송 49/49 | 재적재  7 | 중계율 0.32 | alpha 0.003 | complete
Ep 515 | 드론3 목적지70 | 1000스텝 | 배송 60/70 | 재적재 10 | 중계율 0.24 | alpha 0.003 | step_limit
Ep 516 | 드론4 목적지63 | 1000스텝 | 배송 52/63 | 재적재  8 | 중계율 0.32 | alpha 0.003 | step_limit
Ep 517 | 드론4 목적지44 |  994스텝 | 배송 44/44 | 재적재  6 | 중계율 0.34 | alpha 0.003 | complete
Ep 518 | 드론3 목적지57 | 1000스텝 | 배송 51/57 | 재적재  9 | 중계율 0.34 | alpha 0.003 | step_limit
Ep 519 | 드론4 목적지34 |  400스텝 | 배송 34/34 | 재적재  3 | 중계율 0.20 | alpha 0.003 | complete
Ep 520 | 드론3 목적지68 | 1000스텝 | 배송 67/68 | 재적재 11 | 중계율 0.22 | alpha 0.003 | step_limit
Ep 521 | 드론4 목적지71 | 1000스텝 | 배송 69/71 | 재적재 12 | 중계율 0.33 | alpha 0.003 | step_limit
Ep 522 | 드론3 목적지72 | 1000스텝 | 배송 65/72 | 재적재 10 | 중계율 0.24 | alpha 0.003 | step_limit
Ep 523 | 드론3 목적지27 |  424스텝 | 배송 27/27 | 재적재  3 | 중계율 0.21 | alpha 0.003 | complete
Ep 524 | 드론3 목적지37 |  897스텝 | 배송 37/37 | 재적재  5 | 중계율 0.36 | alpha 0.003 | complete
Ep 525 | 드론3 목적지79 | 1000스텝 | 배송 70/79 | 재적재 12 | 중계율 0.28 | alpha 0.003 | step_limit
Ep 526 | 드론3 목적지39 |  741스텝 | 배송 39/39 | 재적재  6 | 중계율 0.28 | alpha 0.003 | complete
Ep 527 | 드론3 목적지42 |  722스텝 | 배송 42/42 | 재적재  7 | 중계율 0.29 | alpha 0.003 | complete
Ep 528 | 드론3 목적지51 |  937스텝 | 배송 51/51 | 재적재  9 | 중계율 0.27 | alpha 0.003 | complete
Ep 529 | 드론3 목적지21 |  387스텝 | 배송 21/21 | 재적재  3 | 중계율 0.23 | alpha 0.003 | complete
Ep 530 | 드론4 목적지34 |  455스텝 | 배송 34/34 | 재적재  5 | 중계율 0.26 | alpha 0.003 | complete
Ep 531 | 드론4 목적지64 |  985스텝 | 배송 64/64 | 재적재 11 | 중계율 0.29 | alpha 0.003 | complete
Ep 532 | 드론4 목적지78 |  993스텝 | 배송 78/78 | 재적재 14 | 중계율 0.17 | alpha 0.003 | complete
Ep 533 | 드론4 목적지68 | 1000스텝 | 배송 66/68 | 재적재 12 | 중계율 0.31 | alpha 0.003 | step_limit
Ep 534 | 드론3 목적지25 |  725스텝 | 배송 25/25 | 재적재  4 | 중계율 0.36 | alpha 0.003 | complete
Ep 535 | 드론3 목적지25 |  635스텝 | 배송 25/25 | 재적재  4 | 중계율 0.25 | alpha 0.003 | complete
Ep 536 | 드론4 목적지71 | 1000스텝 | 배송 70/71 | 재적재 13 | 중계율 0.24 | alpha 0.003 | step_limit
Ep 537 | 드론4 목적지31 |  608스텝 | 배송 31/31 | 재적재  5 | 중계율 0.31 | alpha 0.003 | complete
Ep 538 | 드론4 목적지55 |  685스텝 | 배송 55/55 | 재적재  8 | 중계율 0.28 | alpha 0.003 | complete
Ep 539 | 드론3 목적지46 |  785스텝 | 배송 46/46 | 재적재  7 | 중계율 0.29 | alpha 0.003 | complete
Ep 540 | 드론4 목적지50 |  514스텝 | 배송 50/50 | 재적재  8 | 중계율 0.15 | alpha 0.003 | complete
Ep 541 | 드론4 목적지25 |  303스텝 | 배송 25/25 | 재적재  4 | 중계율 0.19 | alpha 0.003 | complete
Ep 542 | 드론4 목적지65 |  904스텝 | 배송 65/65 | 재적재 10 | 중계율 0.27 | alpha 0.003 | complete
Ep 543 | 드론3 목적지32 |  623스텝 | 배송 32/32 | 재적재  5 | 중계율 0.17 | alpha 0.003 | complete
Ep 544 | 드론4 목적지60 | 1000스텝 | 배송 57/60 | 재적재  9 | 중계율 0.27 | alpha 0.003 | step_limit
Ep 545 | 드론3 목적지74 | 1000스텝 | 배송 61/74 | 재적재 12 | 중계율 0.25 | alpha 0.003 | step_limit
Ep 546 | 드론3 목적지45 |  779스텝 | 배송 45/45 | 재적재  6 | 중계율 0.28 | alpha 0.004 | complete
Ep 547 | 드론3 목적지37 |  656스텝 | 배송 37/37 | 재적재  6 | 중계율 0.19 | alpha 0.003 | complete
Ep 548 | 드론3 목적지63 |  971스텝 | 배송 63/63 | 재적재 12 | 중계율 0.20 | alpha 0.003 | complete
Ep 549 | 드론4 목적지55 |  932스텝 | 배송 55/55 | 재적재  9 | 중계율 0.22 | alpha 0.004 | complete
Ep 550 | 드론4 목적지30 |  477스텝 | 배송 30/30 | 재적재  4 | 중계율 0.31 | alpha 0.004 | complete
  [홀드아웃] 배송 49.5±2.3 완주 0.94 스텝 882 점수 100.8 재적재 7.5 2홉+ 0.61 | 최고 106.4@ep100 정체 9/15
Ep 551 | 드론4 목적지33 |  315스텝 | 배송 33/33 | 재적재  4 | 중계율 0.14 | alpha 0.003 | complete
Ep 552 | 드론4 목적지71 |  816스텝 | 배송 71/71 | 재적재 12 | 중계율 0.19 | alpha 0.003 | complete
Ep 553 | 드론4 목적지68 |  891스텝 | 배송 68/68 | 재적재 12 | 중계율 0.24 | alpha 0.003 | complete
Ep 554 | 드론3 목적지74 | 1000스텝 | 배송 68/74 | 재적재 12 | 중계율 0.22 | alpha 0.003 | step_limit
Ep 555 | 드론4 목적지59 | 1000스텝 | 배송 53/59 | 재적재  9 | 중계율 0.33 | alpha 0.003 | step_limit
Ep 556 | 드론4 목적지41 |  867스텝 | 배송 41/41 | 재적재  7 | 중계율 0.34 | alpha 0.003 | complete
Ep 557 | 드론3 목적지71 | 1000스텝 | 배송 68/71 | 재적재 11 | 중계율 0.21 | alpha 0.003 | step_limit
Ep 558 | 드론4 목적지50 |  583스텝 | 배송 50/50 | 재적재  7 | 중계율 0.19 | alpha 0.003 | complete
Ep 559 | 드론4 목적지57 |  750스텝 | 배송 57/57 | 재적재  9 | 중계율 0.25 | alpha 0.003 | complete
Ep 560 | 드론4 목적지42 |  506스텝 | 배송 42/42 | 재적재  6 | 중계율 0.19 | alpha 0.003 | complete
Ep 561 | 드론4 목적지27 |  412스텝 | 배송 27/27 | 재적재  3 | 중계율 0.27 | alpha 0.003 | complete
Ep 562 | 드론4 목적지47 |  790스텝 | 배송 47/47 | 재적재  6 | 중계율 0.31 | alpha 0.003 | complete
Ep 563 | 드론3 목적지78 | 1000스텝 | 배송 60/78 | 재적재 12 | 중계율 0.26 | alpha 0.003 | step_limit
Ep 564 | 드론4 목적지30 |  383스텝 | 배송 30/30 | 재적재  3 | 중계율 0.21 | alpha 0.003 | complete
Ep 565 | 드론4 목적지22 |  309스텝 | 배송 22/22 | 재적재  3 | 중계율 0.26 | alpha 0.003 | complete
Ep 566 | 드론3 목적지49 |  903스텝 | 배송 49/49 | 재적재  8 | 중계율 0.27 | alpha 0.003 | complete
Ep 567 | 드론3 목적지78 | 1000스텝 | 배송 61/78 | 재적재 12 | 중계율 0.24 | alpha 0.003 | step_limit
Ep 568 | 드론4 목적지67 | 1000스텝 | 배송 55/67 | 재적재  8 | 중계율 0.36 | alpha 0.003 | step_limit
Ep 569 | 드론4 목적지70 |  892스텝 | 배송 70/70 | 재적재 12 | 중계율 0.24 | alpha 0.003 | complete
Ep 570 | 드론3 목적지72 | 1000스텝 | 배송 62/72 | 재적재 12 | 중계율 0.19 | alpha 0.003 | step_limit
Ep 571 | 드론4 목적지49 |  556스텝 | 배송 49/49 | 재적재  7 | 중계율 0.20 | alpha 0.003 | complete
Ep 572 | 드론4 목적지75 | 1000스텝 | 배송 74/75 | 재적재 12 | 중계율 0.25 | alpha 0.003 | step_limit
Ep 573 | 드론4 목적지66 |  785스텝 | 배송 66/66 | 재적재 10 | 중계율 0.20 | alpha 0.003 | complete
Ep 574 | 드론4 목적지44 |  624스텝 | 배송 44/44 | 재적재  7 | 중계율 0.21 | alpha 0.003 | complete
Ep 575 | 드론4 목적지78 |  752스텝 | 배송 78/78 | 재적재 12 | 중계율 0.20 | alpha 0.003 | complete
Ep 576 | 드론3 목적지69 | 1000스텝 | 배송 60/69 | 재적재 12 | 중계율 0.28 | alpha 0.003 | step_limit
Ep 577 | 드론4 목적지24 |  364스텝 | 배송 24/24 | 재적재  3 | 중계율 0.24 | alpha 0.003 | complete
Ep 578 | 드론4 목적지32 |  571스텝 | 배송 32/32 | 재적재  5 | 중계율 0.17 | alpha 0.003 | complete
Ep 579 | 드론4 목적지26 |  547스텝 | 배송 26/26 | 재적재  4 | 중계율 0.22 | alpha 0.003 | complete
Ep 580 | 드론4 목적지60 |  709스텝 | 배송 60/60 | 재적재 10 | 중계율 0.21 | alpha 0.003 | complete
Ep 581 | 드론3 목적지47 | 1000스텝 | 배송 45/47 | 재적재  7 | 중계율 0.29 | alpha 0.003 | step_limit
Ep 582 | 드론3 목적지36 |  630스텝 | 배송 36/36 | 재적재  5 | 중계율 0.23 | alpha 0.003 | complete
Ep 583 | 드론4 목적지65 |  813스텝 | 배송 65/65 | 재적재 12 | 중계율 0.22 | alpha 0.003 | complete
Ep 584 | 드론3 목적지54 |  998스텝 | 배송 54/54 | 재적재  8 | 중계율 0.31 | alpha 0.003 | complete
Ep 585 | 드론4 목적지72 | 1000스텝 | 배송 67/72 | 재적재 13 | 중계율 0.28 | alpha 0.003 | step_limit
Ep 586 | 드론4 목적지37 |  656스텝 | 배송 37/37 | 재적재  6 | 중계율 0.28 | alpha 0.003 | complete
Ep 587 | 드론3 목적지49 |  816스텝 | 배송 49/49 | 재적재  8 | 중계율 0.32 | alpha 0.003 | complete
Ep 588 | 드론3 목적지57 | 1000스텝 | 배송 50/57 | 재적재  8 | 중계율 0.27 | alpha 0.003 | step_limit
Ep 589 | 드론3 목적지50 |  919스텝 | 배송 50/50 | 재적재  9 | 중계율 0.23 | alpha 0.003 | complete
Ep 590 | 드론3 목적지47 |  732스텝 | 배송 47/47 | 재적재  7 | 중계율 0.21 | alpha 0.003 | complete
Ep 591 | 드론4 목적지64 |  978스텝 | 배송 64/64 | 재적재 10 | 중계율 0.34 | alpha 0.003 | complete
Ep 592 | 드론4 목적지22 |  456스텝 | 배송 22/22 | 재적재  4 | 중계율 0.24 | alpha 0.003 | complete
Ep 593 | 드론4 목적지51 |  767스텝 | 배송 51/51 | 재적재  8 | 중계율 0.26 | alpha 0.003 | complete
Ep 594 | 드론3 목적지40 |  906스텝 | 배송 40/40 | 재적재  7 | 중계율 0.29 | alpha 0.003 | complete
Ep 595 | 드론4 목적지26 |  492스텝 | 배송 26/26 | 재적재  4 | 중계율 0.28 | alpha 0.003 | complete
Ep 596 | 드론4 목적지26 |  312스텝 | 배송 26/26 | 재적재  4 | 중계율 0.16 | alpha 0.003 | complete
Ep 597 | 드론3 목적지21 |  454스텝 | 배송 21/21 | 재적재  2 | 중계율 0.30 | alpha 0.003 | complete
Ep 598 | 드론3 목적지23 |  481스텝 | 배송 23/23 | 재적재  4 | 중계율 0.28 | alpha 0.003 | complete
Ep 599 | 드론3 목적지77 | 1000스텝 | 배송 65/77 | 재적재 10 | 중계율 0.28 | alpha 0.003 | step_limit
Ep 600 | 드론4 목적지68 | 1000스텝 | 배송 57/68 | 재적재 10 | 중계율 0.35 | alpha 0.003 | step_limit
  [홀드아웃] 배송 49.9±0.5 완주 0.97 스텝 882 점수 104.6 재적재 7.5 2홉+ 0.61 | 최고 106.4@ep100 정체 10/15
Ep 601 | 드론3 목적지20 |  645스텝 | 배송 20/20 | 재적재  2 | 중계율 0.30 | alpha 0.003 | complete
Ep 602 | 드론4 목적지72 |  847스텝 | 배송 72/72 | 재적재 12 | 중계율 0.22 | alpha 0.003 | complete
Ep 603 | 드론4 목적지60 |  719스텝 | 배송 60/60 | 재적재 11 | 중계율 0.21 | alpha 0.003 | complete
Ep 604 | 드론4 목적지68 |  701스텝 | 배송 68/68 | 재적재 12 | 중계율 0.15 | alpha 0.003 | complete
Ep 605 | 드론3 목적지73 | 1000스텝 | 배송 55/73 | 재적재 11 | 중계율 0.28 | alpha 0.003 | step_limit
Ep 606 | 드론4 목적지51 |  819스텝 | 배송 51/51 | 재적재  8 | 중계율 0.33 | alpha 0.003 | complete
Ep 607 | 드론3 목적지48 |  884스텝 | 배송 32/48 | 재적재  6 | 중계율 0.17 | alpha 0.003 | no_progress
Ep 608 | 드론4 목적지67 |  741스텝 | 배송 67/67 | 재적재 13 | 중계율 0.15 | alpha 0.003 | complete
Ep 609 | 드론3 목적지51 | 1000스텝 | 배송 49/51 | 재적재  7 | 중계율 0.28 | alpha 0.002 | step_limit
Ep 610 | 드론3 목적지72 | 1000스텝 | 배송 70/72 | 재적재 13 | 중계율 0.18 | alpha 0.002 | step_limit
Ep 611 | 드론3 목적지77 | 1000스텝 | 배송 69/77 | 재적재 13 | 중계율 0.25 | alpha 0.002 | step_limit
Ep 612 | 드론3 목적지42 | 1000스텝 | 배송 36/42 | 재적재  6 | 중계율 0.34 | alpha 0.002 | step_limit
Ep 613 | 드론3 목적지40 |  540스텝 | 배송 40/40 | 재적재  7 | 중계율 0.17 | alpha 0.002 | complete
Ep 614 | 드론3 목적지42 |  724스텝 | 배송 42/42 | 재적재  8 | 중계율 0.25 | alpha 0.002 | complete
Ep 615 | 드론3 목적지80 | 1000스텝 | 배송 70/80 | 재적재 13 | 중계율 0.16 | alpha 0.002 | step_limit
Ep 616 | 드론4 목적지26 |  392스텝 | 배송 26/26 | 재적재  2 | 중계율 0.21 | alpha 0.002 | complete
Ep 617 | 드론4 목적지75 | 1000스텝 | 배송 72/75 | 재적재 12 | 중계율 0.28 | alpha 0.002 | step_limit
Ep 618 | 드론3 목적지50 | 1000스텝 | 배송 48/50 | 재적재  8 | 중계율 0.28 | alpha 0.002 | step_limit
Ep 619 | 드론4 목적지71 |  908스텝 | 배송 71/71 | 재적재 13 | 중계율 0.24 | alpha 0.002 | complete
Ep 620 | 드론4 목적지55 |  651스텝 | 배송 55/55 | 재적재  8 | 중계율 0.24 | alpha 0.002 | complete
Ep 621 | 드론3 목적지79 | 1000스텝 | 배송 58/79 | 재적재 11 | 중계율 0.26 | alpha 0.002 | step_limit
Ep 622 | 드론4 목적지56 | 1000스텝 | 배송 49/56 | 재적재  8 | 중계율 0.31 | alpha 0.002 | step_limit
Ep 623 | 드론3 목적지33 |  716스텝 | 배송 33/33 | 재적재  6 | 중계율 0.29 | alpha 0.002 | complete
Ep 624 | 드론3 목적지72 | 1000스텝 | 배송 60/72 | 재적재 11 | 중계율 0.25 | alpha 0.002 | step_limit
Ep 625 | 드론4 목적지47 |  671스텝 | 배송 47/47 | 재적재  6 | 중계율 0.32 | alpha 0.002 | complete
Ep 626 | 드론3 목적지52 |  812스텝 | 배송 52/52 | 재적재  9 | 중계율 0.21 | alpha 0.002 | complete
Ep 627 | 드론4 목적지66 | 1000스텝 | 배송 61/66 | 재적재 10 | 중계율 0.30 | alpha 0.002 | step_limit
Ep 628 | 드론3 목적지42 |  777스텝 | 배송 42/42 | 재적재  8 | 중계율 0.25 | alpha 0.002 | complete
Ep 629 | 드론3 목적지31 |  614스텝 | 배송 31/31 | 재적재  4 | 중계율 0.29 | alpha 0.002 | complete
Ep 630 | 드론3 목적지65 | 1000스텝 | 배송 55/65 | 재적재  9 | 중계율 0.25 | alpha 0.002 | step_limit
Ep 631 | 드론3 목적지20 |  326스텝 | 배송 20/20 | 재적재  3 | 중계율 0.18 | alpha 0.002 | complete
Ep 632 | 드론3 목적지38 |  983스텝 | 배송 38/38 | 재적재  5 | 중계율 0.32 | alpha 0.002 | complete
Ep 633 | 드론4 목적지67 |  875스텝 | 배송 67/67 | 재적재 12 | 중계율 0.18 | alpha 0.002 | complete
Ep 634 | 드론4 목적지47 |  533스텝 | 배송 47/47 | 재적재  8 | 중계율 0.15 | alpha 0.002 | complete
Ep 635 | 드론4 목적지30 |  546스텝 | 배송 30/30 | 재적재  4 | 중계율 0.16 | alpha 0.002 | complete
Ep 636 | 드론3 목적지29 |  570스텝 | 배송 29/29 | 재적재  4 | 중계율 0.30 | alpha 0.002 | complete
Ep 637 | 드론3 목적지71 | 1000스텝 | 배송 58/71 | 재적재 10 | 중계율 0.25 | alpha 0.002 | step_limit
Ep 638 | 드론4 목적지73 |  773스텝 | 배송 73/73 | 재적재 13 | 중계율 0.18 | alpha 0.002 | complete
Ep 639 | 드론4 목적지79 | 1000스텝 | 배송 69/79 | 재적재 12 | 중계율 0.34 | alpha 0.002 | step_limit
Ep 640 | 드론3 목적지22 |  440스텝 | 배송 22/22 | 재적재  3 | 중계율 0.29 | alpha 0.002 | complete
Ep 641 | 드론4 목적지77 | 1000스텝 | 배송 74/77 | 재적재 13 | 중계율 0.27 | alpha 0.002 | step_limit
Ep 642 | 드론4 목적지26 |  299스텝 | 배송 26/26 | 재적재  4 | 중계율 0.18 | alpha 0.002 | complete
Ep 643 | 드론4 목적지30 |  433스텝 | 배송 30/30 | 재적재  4 | 중계율 0.21 | alpha 0.001 | complete
Ep 644 | 드론3 목적지77 | 1000스텝 | 배송 73/77 | 재적재 13 | 중계율 0.21 | alpha 0.001 | step_limit
Ep 645 | 드론3 목적지34 |  596스텝 | 배송 34/34 | 재적재  6 | 중계율 0.18 | alpha 0.001 | complete
Ep 646 | 드론4 목적지34 |  499스텝 | 배송 34/34 | 재적재  6 | 중계율 0.24 | alpha 0.001 | complete
Ep 647 | 드론3 목적지37 |  726스텝 | 배송 37/37 | 재적재  7 | 중계율 0.29 | alpha 0.001 | complete
Ep 648 | 드론3 목적지55 |  919스텝 | 배송 55/55 | 재적재 10 | 중계율 0.20 | alpha 0.001 | complete
Ep 649 | 드론3 목적지20 |  395스텝 | 배송 20/20 | 재적재  2 | 중계율 0.29 | alpha 0.001 | complete
Ep 650 | 드론4 목적지37 |  465스텝 | 배송 37/37 | 재적재  6 | 중계율 0.18 | alpha 0.001 | complete
  [홀드아웃] 배송 49.6±2.2 완주 0.94 스텝 856 점수 100.9 재적재 7.3 2홉+ 0.61 | 최고 106.4@ep100 정체 11/15
Ep 651 | 드론3 목적지77 | 1000스텝 | 배송 65/77 | 재적재 11 | 중계율 0.24 | alpha 0.001 | step_limit
Ep 652 | 드론4 목적지57 |  727스텝 | 배송 57/57 | 재적재  9 | 중계율 0.24 | alpha 0.001 | complete
Ep 653 | 드론4 목적지38 |  501스텝 | 배송 38/38 | 재적재  6 | 중계율 0.19 | alpha 0.001 | complete
Ep 654 | 드론4 목적지45 |  523스텝 | 배송 45/45 | 재적재  8 | 중계율 0.19 | alpha 0.001 | complete
Ep 655 | 드론3 목적지40 |  678스텝 | 배송 40/40 | 재적재  7 | 중계율 0.26 | alpha 0.001 | complete
Ep 656 | 드론4 목적지31 |  423스텝 | 배송 31/31 | 재적재  4 | 중계율 0.21 | alpha 0.001 | complete
Ep 657 | 드론4 목적지26 |  518스텝 | 배송 26/26 | 재적재  5 | 중계율 0.37 | alpha 0.001 | complete
Ep 658 | 드론3 목적지39 |  686스텝 | 배송 39/39 | 재적재  6 | 중계율 0.24 | alpha 0.001 | complete
Ep 659 | 드론3 목적지51 |  971스텝 | 배송 51/51 | 재적재  9 | 중계율 0.27 | alpha 0.001 | complete
Ep 660 | 드론3 목적지51 | 1000스텝 | 배송 50/51 | 재적재  9 | 중계율 0.33 | alpha 0.001 | step_limit
Ep 661 | 드론3 목적지38 |  801스텝 | 배송 38/38 | 재적재  6 | 중계율 0.28 | alpha 0.001 | complete
Ep 662 | 드론4 목적지43 |  622스텝 | 배송 43/43 | 재적재  7 | 중계율 0.25 | alpha 0.001 | complete
Ep 663 | 드론4 목적지57 |  892스텝 | 배송 57/57 | 재적재  9 | 중계율 0.26 | alpha 0.001 | complete
Ep 664 | 드론3 목적지27 |  653스텝 | 배송 27/27 | 재적재  4 | 중계율 0.31 | alpha 0.001 | complete
Ep 665 | 드론4 목적지59 |  646스텝 | 배송 59/59 | 재적재  9 | 중계율 0.19 | alpha 0.001 | complete
Ep 666 | 드론3 목적지72 | 1000스텝 | 배송 65/72 | 재적재 11 | 중계율 0.24 | alpha 0.001 | step_limit
Ep 667 | 드론4 목적지45 |  644스텝 | 배송 45/45 | 재적재  7 | 중계율 0.22 | alpha 0.001 | complete
Ep 668 | 드론3 목적지65 | 1000스텝 | 배송 55/65 | 재적재  9 | 중계율 0.25 | alpha 0.001 | step_limit
Ep 669 | 드론3 목적지66 | 1000스텝 | 배송 63/66 | 재적재 12 | 중계율 0.20 | alpha 0.001 | step_limit
Ep 670 | 드론4 목적지77 | 1000스텝 | 배송 69/77 | 재적재 11 | 중계율 0.30 | alpha 0.001 | step_limit
Ep 671 | 드론4 목적지58 | 1000스텝 | 배송 54/58 | 재적재 10 | 중계율 0.29 | alpha 0.001 | step_limit
Ep 672 | 드론3 목적지43 |  593스텝 | 배송 43/43 | 재적재  6 | 중계율 0.19 | alpha 0.001 | complete
Ep 673 | 드론4 목적지68 |  941스텝 | 배송 68/68 | 재적재 11 | 중계율 0.27 | alpha 0.001 | complete
Ep 674 | 드론3 목적지52 |  776스텝 | 배송 52/52 | 재적재 10 | 중계율 0.23 | alpha 0.001 | complete
Ep 675 | 드론3 목적지42 | 1000스텝 | 배송 35/42 | 재적재  4 | 중계율 0.37 | alpha 0.001 | step_limit
Ep 676 | 드론3 목적지45 |  714스텝 | 배송 45/45 | 재적재  7 | 중계율 0.18 | alpha 0.001 | complete
Ep 677 | 드론3 목적지41 |  797스텝 | 배송 41/41 | 재적재  7 | 중계율 0.23 | alpha 0.001 | complete
Ep 678 | 드론4 목적지79 | 1000스텝 | 배송 53/79 | 재적재  7 | 중계율 0.23 | alpha 0.001 | step_limit
Ep 679 | 드론3 목적지24 |  697스텝 | 배송 24/24 | 재적재  4 | 중계율 0.30 | alpha 0.001 | complete
Ep 680 | 드론3 목적지52 | 1000스텝 | 배송 50/52 | 재적재  8 | 중계율 0.33 | alpha 0.001 | step_limit
Ep 681 | 드론4 목적지77 |  994스텝 | 배송 77/77 | 재적재 13 | 중계율 0.27 | alpha 0.001 | complete
Ep 682 | 드론3 목적지49 |  775스텝 | 배송 49/49 | 재적재  8 | 중계율 0.22 | alpha 0.001 | complete
Ep 683 | 드론4 목적지63 | 1000스텝 | 배송 62/63 | 재적재 10 | 중계율 0.32 | alpha 0.001 | step_limit
Ep 684 | 드론3 목적지37 |  788스텝 | 배송 37/37 | 재적재  6 | 중계율 0.30 | alpha 0.001 | complete
Ep 685 | 드론4 목적지56 |  856스텝 | 배송 56/56 | 재적재  9 | 중계율 0.25 | alpha 0.001 | complete
Ep 686 | 드론3 목적지28 |  961스텝 | 배송 24/28 | 재적재  3 | 중계율 0.38 | alpha 0.001 | no_progress
Ep 687 | 드론4 목적지77 | 1000스텝 | 배송 72/77 | 재적재 12 | 중계율 0.15 | alpha 0.001 | step_limit
Ep 688 | 드론3 목적지45 |  983스텝 | 배송 45/45 | 재적재  8 | 중계율 0.29 | alpha 0.001 | complete
Ep 689 | 드론4 목적지70 |  956스텝 | 배송 70/70 | 재적재 11 | 중계율 0.27 | alpha 0.001 | complete
Ep 690 | 드론4 목적지62 |  937스텝 | 배송 62/62 | 재적재 11 | 중계율 0.27 | alpha 0.001 | complete
Ep 691 | 드론3 목적지31 |  589스텝 | 배송 31/31 | 재적재  5 | 중계율 0.25 | alpha 0.001 | complete
Ep 692 | 드론4 목적지61 |  826스텝 | 배송 61/61 | 재적재 10 | 중계율 0.26 | alpha 0.001 | complete
Ep 693 | 드론4 목적지60 |  949스텝 | 배송 60/60 | 재적재  9 | 중계율 0.32 | alpha 0.001 | complete
Ep 694 | 드론3 목적지33 |  612스텝 | 배송 33/33 | 재적재  6 | 중계율 0.30 | alpha 0.001 | complete
Ep 695 | 드론3 목적지29 |  532스텝 | 배송 29/29 | 재적재  4 | 중계율 0.32 | alpha 0.001 | complete
Ep 696 | 드론4 목적지28 |  413스텝 | 배송 28/28 | 재적재  3 | 중계율 0.20 | alpha 0.001 | complete
Ep 697 | 드론4 목적지35 |  624스텝 | 배송 35/35 | 재적재  6 | 중계율 0.25 | alpha 0.001 | complete
Ep 698 | 드론3 목적지32 |  668스텝 | 배송 32/32 | 재적재  4 | 중계율 0.30 | alpha 0.001 | complete
Ep 699 | 드론3 목적지62 | 1000스텝 | 배송 59/62 | 재적재 10 | 중계율 0.20 | alpha 0.001 | step_limit
Ep 700 | 드론3 목적지61 | 1000스텝 | 배송 58/61 | 재적재 11 | 중계율 0.23 | alpha 0.001 | step_limit
  [홀드아웃] 배송 49.6±1.9 완주 0.96 스텝 855 점수 103.4 재적재 7.3 2홉+ 0.61 | 최고 106.4@ep100 정체 12/15
Ep 701 | 드론4 목적지72 |  989스텝 | 배송 72/72 | 재적재 11 | 중계율 0.25 | alpha 0.001 | complete
Ep 702 | 드론4 목적지34 |  627스텝 | 배송 34/34 | 재적재  4 | 중계율 0.36 | alpha 0.001 | complete
Ep 703 | 드론4 목적지32 |  536스텝 | 배송 32/32 | 재적재  3 | 중계율 0.30 | alpha 0.001 | complete
Ep 704 | 드론4 목적지74 | 1000스텝 | 배송 71/74 | 재적재 13 | 중계율 0.25 | alpha 0.001 | step_limit
Ep 705 | 드론3 목적지38 |  674스텝 | 배송 38/38 | 재적재  6 | 중계율 0.24 | alpha 0.001 | complete
Ep 706 | 드론4 목적지30 |  337스텝 | 배송 30/30 | 재적재  4 | 중계율 0.17 | alpha 0.001 | complete
Ep 707 | 드론4 목적지31 |  530스텝 | 배송 31/31 | 재적재  4 | 중계율 0.29 | alpha 0.001 | complete
Ep 708 | 드론3 목적지63 | 1000스텝 | 배송 58/63 | 재적재 10 | 중계율 0.24 | alpha 0.002 | step_limit
Ep 709 | 드론3 목적지20 |  454스텝 | 배송 20/20 | 재적재  3 | 중계율 0.33 | alpha 0.002 | complete
Ep 710 | 드론4 목적지78 |  952스텝 | 배송 78/78 | 재적재 15 | 중계율 0.19 | alpha 0.002 | complete
Ep 711 | 드론4 목적지58 |  970스텝 | 배송 58/58 | 재적재  9 | 중계율 0.37 | alpha 0.002 | complete
Ep 712 | 드론3 목적지75 | 1000스텝 | 배송 60/75 | 재적재 12 | 중계율 0.25 | alpha 0.002 | step_limit
Ep 713 | 드론3 목적지69 | 1000스텝 | 배송 61/69 | 재적재 12 | 중계율 0.14 | alpha 0.002 | step_limit
Ep 714 | 드론3 목적지36 |  773스텝 | 배송 36/36 | 재적재  7 | 중계율 0.34 | alpha 0.002 | complete
Ep 715 | 드론3 목적지65 | 1000스텝 | 배송 62/65 | 재적재 11 | 중계율 0.22 | alpha 0.002 | step_limit
Ep 716 | 드론4 목적지36 |  699스텝 | 배송 36/36 | 재적재  6 | 중계율 0.18 | alpha 0.002 | complete
Ep 717 | 드론4 목적지56 |  972스텝 | 배송 56/56 | 재적재 11 | 중계율 0.36 | alpha 0.002 | complete
Ep 718 | 드론3 목적지69 | 1000스텝 | 배송 67/69 | 재적재 12 | 중계율 0.25 | alpha 0.002 | step_limit
Ep 719 | 드론3 목적지21 |  346스텝 | 배송 21/21 | 재적재  3 | 중계율 0.23 | alpha 0.002 | complete
Ep 720 | 드론4 목적지45 |  650스텝 | 배송 45/45 | 재적재  7 | 중계율 0.23 | alpha 0.002 | complete
Ep 721 | 드론3 목적지30 |  630스텝 | 배송 30/30 | 재적재  5 | 중계율 0.24 | alpha 0.002 | complete
Ep 722 | 드론4 목적지47 |  551스텝 | 배송 47/47 | 재적재  7 | 중계율 0.19 | alpha 0.002 | complete
Ep 723 | 드론3 목적지51 |  866스텝 | 배송 51/51 | 재적재 10 | 중계율 0.22 | alpha 0.002 | complete
Ep 724 | 드론4 목적지57 |  885스텝 | 배송 57/57 | 재적재 10 | 중계율 0.33 | alpha 0.002 | complete
Ep 725 | 드론4 목적지29 |  416스텝 | 배송 29/29 | 재적재  3 | 중계율 0.21 | alpha 0.002 | complete
Ep 726 | 드론4 목적지69 |  941스텝 | 배송 69/69 | 재적재 12 | 중계율 0.25 | alpha 0.002 | complete
Ep 727 | 드론4 목적지36 |  883스텝 | 배송 36/36 | 재적재  6 | 중계율 0.35 | alpha 0.002 | complete
Ep 728 | 드론3 목적지74 | 1000스텝 | 배송 63/74 | 재적재 10 | 중계율 0.31 | alpha 0.002 | step_limit
Ep 729 | 드론4 목적지64 |  803스텝 | 배송 64/64 | 재적재 10 | 중계율 0.28 | alpha 0.002 | complete
Ep 730 | 드론3 목적지70 | 1000스텝 | 배송 64/70 | 재적재 11 | 중계율 0.25 | alpha 0.002 | step_limit
Ep 731 | 드론3 목적지48 |  734스텝 | 배송 48/48 | 재적재  7 | 중계율 0.27 | alpha 0.002 | complete
Ep 732 | 드론4 목적지37 |  653스텝 | 배송 37/37 | 재적재  5 | 중계율 0.35 | alpha 0.002 | complete
Ep 733 | 드론4 목적지67 |  717스텝 | 배송 67/67 | 재적재 11 | 중계율 0.19 | alpha 0.002 | complete
Ep 734 | 드론4 목적지54 |  955스텝 | 배송 54/54 | 재적재 10 | 중계율 0.36 | alpha 0.002 | complete
Ep 735 | 드론4 목적지57 | 1000스텝 | 배송 54/57 | 재적재  9 | 중계율 0.31 | alpha 0.002 | step_limit
Ep 736 | 드론4 목적지39 |  468스텝 | 배송 39/39 | 재적재  6 | 중계율 0.17 | alpha 0.003 | complete
Ep 737 | 드론3 목적지29 |  562스텝 | 배송 29/29 | 재적재  4 | 중계율 0.28 | alpha 0.003 | complete
Ep 738 | 드론4 목적지68 |  662스텝 | 배송 68/68 | 재적재 12 | 중계율 0.19 | alpha 0.003 | complete
Ep 739 | 드론3 목적지20 |  725스텝 | 배송 20/20 | 재적재  2 | 중계율 0.42 | alpha 0.003 | complete
Ep 740 | 드론3 목적지69 | 1000스텝 | 배송 55/69 | 재적재 10 | 중계율 0.31 | alpha 0.003 | step_limit
Ep 741 | 드론4 목적지41 |  561스텝 | 배송 41/41 | 재적재  6 | 중계율 0.23 | alpha 0.003 | complete
Ep 742 | 드론3 목적지78 | 1000스텝 | 배송 66/78 | 재적재 11 | 중계율 0.25 | alpha 0.003 | step_limit
Ep 743 | 드론3 목적지39 |  826스텝 | 배송 39/39 | 재적재  6 | 중계율 0.36 | alpha 0.003 | complete
Ep 744 | 드론3 목적지57 | 1000스텝 | 배송 55/57 | 재적재  9 | 중계율 0.28 | alpha 0.003 | step_limit
Ep 745 | 드론3 목적지76 | 1000스텝 | 배송 66/76 | 재적재 11 | 중계율 0.22 | alpha 0.003 | step_limit
Ep 746 | 드론3 목적지69 | 1000스텝 | 배송 62/69 | 재적재 10 | 중계율 0.25 | alpha 0.003 | step_limit
Ep 747 | 드론3 목적지33 |  897스텝 | 배송 33/33 | 재적재  5 | 중계율 0.33 | alpha 0.003 | complete
Ep 748 | 드론3 목적지30 |  660스텝 | 배송 30/30 | 재적재  3 | 중계율 0.19 | alpha 0.003 | complete
Ep 749 | 드론4 목적지32 |  591스텝 | 배송 32/32 | 재적재  4 | 중계율 0.28 | alpha 0.003 | complete
Ep 750 | 드론4 목적지61 |  901스텝 | 배송 61/61 | 재적재 10 | 중계율 0.26 | alpha 0.003 | complete
  [홀드아웃] 배송 50.0±0.1 완주 0.99 스텝 868 점수 105.9 재적재 7.7 2홉+ 0.61 | 최고 106.4@ep100 정체 13/15
Ep 751 | 드론4 목적지34 |  481스텝 | 배송 34/34 | 재적재  4 | 중계율 0.25 | alpha 0.003 | complete
Ep 752 | 드론4 목적지69 | 1000스텝 | 배송 60/69 | 재적재 11 | 중계율 0.27 | alpha 0.003 | step_limit
Ep 753 | 드론3 목적지80 | 1000스텝 | 배송 70/80 | 재적재 12 | 중계율 0.25 | alpha 0.003 | step_limit
Ep 754 | 드론3 목적지29 |  578스텝 | 배송 29/29 | 재적재  5 | 중계율 0.17 | alpha 0.003 | complete
Ep 755 | 드론3 목적지43 |  850스텝 | 배송 43/43 | 재적재  7 | 중계율 0.24 | alpha 0.003 | complete
Ep 756 | 드론4 목적지30 |  489스텝 | 배송 30/30 | 재적재  5 | 중계율 0.23 | alpha 0.003 | complete
Ep 757 | 드론4 목적지37 |  527스텝 | 배송 37/37 | 재적재  6 | 중계율 0.28 | alpha 0.003 | complete
Ep 758 | 드론3 목적지51 | 1000스텝 | 배송 50/51 | 재적재  9 | 중계율 0.21 | alpha 0.003 | step_limit
Ep 759 | 드론4 목적지23 |  554스텝 | 배송 23/23 | 재적재  2 | 중계율 0.29 | alpha 0.003 | complete
Ep 760 | 드론4 목적지60 | 1000스텝 | 배송 58/60 | 재적재 10 | 중계율 0.27 | alpha 0.003 | step_limit
Ep 761 | 드론3 목적지77 | 1000스텝 | 배송 60/77 | 재적재 10 | 중계율 0.32 | alpha 0.003 | step_limit
Ep 762 | 드론4 목적지26 |  544스텝 | 배송 26/26 | 재적재  3 | 중계율 0.27 | alpha 0.003 | complete
Ep 763 | 드론4 목적지70 |  755스텝 | 배송 70/70 | 재적재 13 | 중계율 0.20 | alpha 0.003 | complete
Ep 764 | 드론4 목적지32 |  765스텝 | 배송 32/32 | 재적재  5 | 중계율 0.39 | alpha 0.003 | complete
Ep 765 | 드론4 목적지23 |  345스텝 | 배송 23/23 | 재적재  3 | 중계율 0.22 | alpha 0.003 | complete
Ep 766 | 드론4 목적지51 |  579스텝 | 배송 51/51 | 재적재  8 | 중계율 0.22 | alpha 0.003 | complete
Ep 767 | 드론3 목적지49 |  938스텝 | 배송 49/49 | 재적재  8 | 중계율 0.25 | alpha 0.003 | complete
Ep 768 | 드론3 목적지72 | 1000스텝 | 배송 60/72 | 재적재 11 | 중계율 0.24 | alpha 0.003 | step_limit
Ep 769 | 드론4 목적지22 |  321스텝 | 배송 22/22 | 재적재  3 | 중계율 0.19 | alpha 0.003 | complete
Ep 770 | 드론4 목적지53 |  544스텝 | 배송 53/53 | 재적재  8 | 중계율 0.15 | alpha 0.003 | complete
Ep 771 | 드론4 목적지38 |  650스텝 | 배송 38/38 | 재적재  7 | 중계율 0.27 | alpha 0.003 | complete
Ep 772 | 드론3 목적지36 |  824스텝 | 배송 36/36 | 재적재  6 | 중계율 0.26 | alpha 0.003 | complete
Ep 773 | 드론4 목적지21 |  594스텝 | 배송 21/21 | 재적재  2 | 중계율 0.45 | alpha 0.003 | complete
Ep 774 | 드론4 목적지46 |  940스텝 | 배송 46/46 | 재적재  8 | 중계율 0.29 | alpha 0.003 | complete
Ep 775 | 드론4 목적지41 |  616스텝 | 배송 41/41 | 재적재  7 | 중계율 0.29 | alpha 0.002 | complete
Ep 776 | 드론4 목적지48 |  589스텝 | 배송 48/48 | 재적재  7 | 중계율 0.22 | alpha 0.002 | complete
Ep 777 | 드론3 목적지20 |  403스텝 | 배송 20/20 | 재적재  2 | 중계율 0.29 | alpha 0.002 | complete
Ep 778 | 드론4 목적지57 |  942스텝 | 배송 57/57 | 재적재  9 | 중계율 0.35 | alpha 0.002 | complete
Ep 779 | 드론4 목적지79 | 1000스텝 | 배송 65/79 | 재적재 10 | 중계율 0.30 | alpha 0.002 | step_limit
Ep 780 | 드론3 목적지68 | 1000스텝 | 배송 53/68 | 재적재  9 | 중계율 0.24 | alpha 0.002 | step_limit
Ep 781 | 드론4 목적지50 |  539스텝 | 배송 50/50 | 재적재  7 | 중계율 0.18 | alpha 0.002 | complete
Ep 782 | 드론4 목적지45 |  853스텝 | 배송 45/45 | 재적재  8 | 중계율 0.41 | alpha 0.002 | complete
Ep 783 | 드론3 목적지28 |  483스텝 | 배송 28/28 | 재적재  3 | 중계율 0.23 | alpha 0.002 | complete
Ep 784 | 드론4 목적지58 |  826스텝 | 배송 58/58 | 재적재 10 | 중계율 0.28 | alpha 0.002 | complete
Ep 785 | 드론3 목적지49 |  869스텝 | 배송 49/49 | 재적재  8 | 중계율 0.26 | alpha 0.002 | complete
Ep 786 | 드론3 목적지53 |  930스텝 | 배송 53/53 | 재적재  9 | 중계율 0.29 | alpha 0.002 | complete
Ep 787 | 드론3 목적지47 |  904스텝 | 배송 47/47 | 재적재  7 | 중계율 0.31 | alpha 0.002 | complete
Ep 788 | 드론4 목적지75 | 1000스텝 | 배송 73/75 | 재적재 12 | 중계율 0.27 | alpha 0.002 | step_limit
Ep 789 | 드론3 목적지79 | 1000스텝 | 배송 70/79 | 재적재 13 | 중계율 0.19 | alpha 0.002 | step_limit
Ep 790 | 드론3 목적지65 |  982스텝 | 배송 65/65 | 재적재 11 | 중계율 0.24 | alpha 0.002 | complete
Ep 791 | 드론3 목적지21 |  312스텝 | 배송 21/21 | 재적재  3 | 중계율 0.21 | alpha 0.002 | complete
Ep 792 | 드론3 목적지50 | 1000스텝 | 배송 48/50 | 재적재  9 | 중계율 0.19 | alpha 0.002 | step_limit
Ep 793 | 드론4 목적지27 |  455스텝 | 배송 27/27 | 재적재  4 | 중계율 0.25 | alpha 0.002 | complete
Ep 794 | 드론3 목적지74 | 1000스텝 | 배송 42/74 | 재적재  7 | 중계율 0.13 | alpha 0.002 | step_limit
Ep 795 | 드론3 목적지58 |  843스텝 | 배송 58/58 | 재적재 10 | 중계율 0.21 | alpha 0.002 | complete
Ep 796 | 드론3 목적지23 |  577스텝 | 배송 23/23 | 재적재  4 | 중계율 0.35 | alpha 0.002 | complete
Ep 797 | 드론4 목적지34 |  400스텝 | 배송 34/34 | 재적재  4 | 중계율 0.16 | alpha 0.002 | complete
Ep 798 | 드론3 목적지60 |  791스텝 | 배송 60/60 | 재적재 10 | 중계율 0.20 | alpha 0.002 | complete
Ep 799 | 드론3 목적지33 |  570스텝 | 배송 33/33 | 재적재  6 | 중계율 0.23 | alpha 0.002 | complete
Ep 800 | 드론4 목적지50 |  624스텝 | 배송 50/50 | 재적재  8 | 중계율 0.19 | alpha 0.002 | complete
  [홀드아웃] 배송 49.9±1.1 완주 0.97 스텝 842 점수 104.7 재적재 7.7 2홉+ 0.61 | 최고 106.4@ep100 정체 14/15
Ep 801 | 드론4 목적지57 |  914스텝 | 배송 57/57 | 재적재 10 | 중계율 0.29 | alpha 0.002 | complete
Ep 802 | 드론3 목적지68 | 1000스텝 | 배송 65/68 | 재적재 12 | 중계율 0.19 | alpha 0.002 | step_limit
Ep 803 | 드론3 목적지80 | 1000스텝 | 배송 69/80 | 재적재 12 | 중계율 0.22 | alpha 0.002 | step_limit
Ep 804 | 드론4 목적지65 |  875스텝 | 배송 65/65 | 재적재 10 | 중계율 0.26 | alpha 0.002 | complete
Ep 805 | 드론4 목적지78 | 1000스텝 | 배송 75/78 | 재적재 14 | 중계율 0.24 | alpha 0.002 | step_limit
Ep 806 | 드론4 목적지73 |  824스텝 | 배송 73/73 | 재적재 12 | 중계율 0.15 | alpha 0.001 | complete
Ep 807 | 드론4 목적지69 |  738스텝 | 배송 69/69 | 재적재 12 | 중계율 0.18 | alpha 0.001 | complete
Ep 808 | 드론3 목적지26 |  626스텝 | 배송 26/26 | 재적재  5 | 중계율 0.37 | alpha 0.001 | complete
Ep 809 | 드론3 목적지70 | 1000스텝 | 배송 66/70 | 재적재 13 | 중계율 0.21 | alpha 0.001 | step_limit
Ep 810 | 드론3 목적지68 | 1000스텝 | 배송 66/68 | 재적재 13 | 중계율 0.17 | alpha 0.001 | step_limit
Ep 811 | 드론3 목적지58 |  834스텝 | 배송 58/58 | 재적재 11 | 중계율 0.21 | alpha 0.001 | complete
Ep 812 | 드론3 목적지33 |  612스텝 | 배송 33/33 | 재적재  6 | 중계율 0.22 | alpha 0.001 | complete
Ep 813 | 드론3 목적지41 |  784스텝 | 배송 41/41 | 재적재  7 | 중계율 0.25 | alpha 0.001 | complete
Ep 814 | 드론3 목적지24 |  484스텝 | 배송 24/24 | 재적재  3 | 중계율 0.34 | alpha 0.001 | complete
Ep 815 | 드론3 목적지38 |  807스텝 | 배송 38/38 | 재적재  7 | 중계율 0.27 | alpha 0.001 | complete
Ep 816 | 드론3 목적지25 |  559스텝 | 배송 25/25 | 재적재  3 | 중계율 0.25 | alpha 0.001 | complete
Ep 817 | 드론3 목적지53 |  687스텝 | 배송 53/53 | 재적재  8 | 중계율 0.15 | alpha 0.001 | complete
Ep 818 | 드론4 목적지28 |  497스텝 | 배송 28/28 | 재적재  4 | 중계율 0.27 | alpha 0.001 | complete
Ep 819 | 드론4 목적지23 |  401스텝 | 배송 23/23 | 재적재  2 | 중계율 0.27 | alpha 0.001 | complete
Ep 820 | 드론3 목적지74 | 1000스텝 | 배송 61/74 | 재적재 11 | 중계율 0.27 | alpha 0.001 | step_limit
Ep 821 | 드론3 목적지79 | 1000스텝 | 배송 65/79 | 재적재 12 | 중계율 0.23 | alpha 0.001 | step_limit
Ep 822 | 드론3 목적지20 |  414스텝 | 배송 20/20 | 재적재  2 | 중계율 0.25 | alpha 0.001 | complete
Ep 823 | 드론4 목적지61 | 1000스텝 | 배송 58/61 | 재적재  9 | 중계율 0.30 | alpha 0.001 | step_limit
Ep 824 | 드론3 목적지25 |  465스텝 | 배송 25/25 | 재적재  4 | 중계율 0.27 | alpha 0.001 | complete
Ep 825 | 드론3 목적지41 |  732스텝 | 배송 41/41 | 재적재  7 | 중계율 0.27 | alpha 0.001 | complete
Ep 826 | 드론3 목적지53 | 1000스텝 | 배송 47/53 | 재적재  9 | 중계율 0.27 | alpha 0.001 | step_limit
Ep 827 | 드론3 목적지44 |  860스텝 | 배송 44/44 | 재적재  8 | 중계율 0.28 | alpha 0.001 | complete
Ep 828 | 드론3 목적지24 |  403스텝 | 배송 24/24 | 재적재  3 | 중계율 0.25 | alpha 0.001 | complete
Ep 829 | 드론4 목적지53 |  734스텝 | 배송 53/53 | 재적재  9 | 중계율 0.27 | alpha 0.001 | complete
Ep 830 | 드론4 목적지66 |  886스텝 | 배송 66/66 | 재적재 10 | 중계율 0.26 | alpha 0.001 | complete
Ep 831 | 드론4 목적지69 |  796스텝 | 배송 69/69 | 재적재 11 | 중계율 0.18 | alpha 0.001 | complete
Ep 832 | 드론4 목적지69 | 1000스텝 | 배송 67/69 | 재적재 10 | 중계율 0.23 | alpha 0.001 | step_limit
Ep 833 | 드론4 목적지72 | 1000스텝 | 배송 63/72 | 재적재 12 | 중계율 0.31 | alpha 0.001 | step_limit
Ep 834 | 드론3 목적지71 | 1000스텝 | 배송 60/71 | 재적재 12 | 중계율 0.34 | alpha 0.001 | step_limit
Ep 835 | 드론3 목적지56 |  919스텝 | 배송 56/56 | 재적재  9 | 중계율 0.22 | alpha 0.001 | complete
Ep 836 | 드론4 목적지30 |  873스텝 | 배송 30/30 | 재적재  4 | 중계율 0.32 | alpha 0.001 | complete
Ep 837 | 드론3 목적지73 | 1000스텝 | 배송 61/73 | 재적재 12 | 중계율 0.26 | alpha 0.001 | step_limit
Ep 838 | 드론4 목적지56 |  669스텝 | 배송 56/56 | 재적재  9 | 중계율 0.17 | alpha 0.001 | complete
Ep 839 | 드론3 목적지20 |  674스텝 | 배송 20/20 | 재적재  3 | 중계율 0.32 | alpha 0.001 | complete
Ep 840 | 드론3 목적지33 |  462스텝 | 배송 33/33 | 재적재  5 | 중계율 0.16 | alpha 0.001 | complete
Ep 841 | 드론3 목적지31 |  545스텝 | 배송 31/31 | 재적재  6 | 중계율 0.25 | alpha 0.001 | complete
Ep 842 | 드론3 목적지68 | 1000스텝 | 배송 62/68 | 재적재 10 | 중계율 0.21 | alpha 0.001 | step_limit
Ep 843 | 드론4 목적지51 | 1000스텝 | 배송 50/51 | 재적재 10 | 중계율 0.31 | alpha 0.001 | step_limit
Ep 844 | 드론3 목적지37 |  740스텝 | 배송 37/37 | 재적재  6 | 중계율 0.24 | alpha 0.001 | complete
Ep 845 | 드론4 목적지74 |  758스텝 | 배송 74/74 | 재적재 13 | 중계율 0.12 | alpha 0.001 | complete
Ep 846 | 드론3 목적지32 |  568스텝 | 배송 32/32 | 재적재  5 | 중계율 0.20 | alpha 0.001 | complete
Ep 847 | 드론4 목적지25 |  307스텝 | 배송 25/25 | 재적재  2 | 중계율 0.19 | alpha 0.001 | complete
Ep 848 | 드론3 목적지44 |  842스텝 | 배송 44/44 | 재적재  7 | 중계율 0.26 | alpha 0.001 | complete
Ep 849 | 드론4 목적지28 |  441스텝 | 배송 28/28 | 재적재  2 | 중계율 0.34 | alpha 0.001 | complete
Ep 850 | 드론3 목적지47 |  674스텝 | 배송 47/47 | 재적재  8 | 중계율 0.16 | alpha 0.001 | complete
  [홀드아웃] 배송 49.5±3.2 완주 0.94 스텝 904 점수 100.7 재적재 7.5 2홉+ 0.62 | 최고 106.4@ep100 정체 15/15

조기 종료. 최고 106.4@ep100
Training finished. best=106.4 @ ep100
