/home/kopt/enter/envs/wsl_neuroMCTS/lib/python3.10/site-packages/pygame/pkgdata.py:25: UserWarning: pkg_resources is deprecated as an API. See https://setuptools.pypa.io/en/latest/pkg_resources.html. The pkg_resources package is slated for removal as early as 2025-11-30. Refrain from using this package or pin to Setuptools<81.
  from pkg_resources import resource_stream, resource_exists
pygame 2.6.1 (SDL 2.28.4, Python 3.10.19)
Hello from the pygame community. https://www.pygame.org/contribute.html
집합 상위 학습 | 반경 300 상한 1000 무배송 500 gamma 0.997 구성=무작위 드론[3, 3] 목적지[20, 80] CC무작위 인스턴스=무작위 목표유지=off 완주보상=0.0 잔여페널티=0.1 규칙관측=False 규칙정규화=2.0 막힘페널티=0.0 도달권shaping=0.0 정체전환보상=0.0 엔트로피비=0.6->0.25@400 자기회귀=True 홀드아웃상한=3000 선택=makespan
/home/kopt/drone/proposed_src/pipeline/train_v5_26_09_15_23.py:347: UserWarning: Converting a tensor with requires_grad=True to a scalar may lead to unexpected behavior.
Consider using tensor.detach() first. (Triggered internally at /pytorch/torch/csrc/autograd/generated/python_variable_methods.cpp:836.)
  writer.add_scalar("train/alpha", float(log_alpha.exp()), ep)
Ep 1 | 드론3 목적지56 | 1000스텝 | 배송 46/56 | 재적재  8 | 중계율 0.07 | alpha 0.100 | step_limit
Ep 2 | 드론3 목적지67 | 1000스텝 | 배송 43/67 | 재적재  6 | 중계율 0.09 | alpha 0.100 | step_limit
Ep 3 | 드론3 목적지74 | 1000스텝 | 배송 61/74 | 재적재 10 | 중계율 0.07 | alpha 0.100 | step_limit
Ep 4 | 드론3 목적지57 | 1000스텝 | 배송 52/57 | 재적재  9 | 중계율 0.11 | alpha 0.100 | step_limit
Ep 5 | 드론3 목적지66 | 1000스텝 | 배송 60/66 | 재적재 11 | 중계율 0.20 | alpha 0.104 | step_limit
Ep 6 | 드론3 목적지23 |  746스텝 | 배송 13/23 | 재적재  0 | 중계율 0.45 | alpha 0.112 | no_progress
Ep 7 | 드론3 목적지41 |  610스텝 | 배송 41/41 | 재적재  7 | 중계율 0.31 | alpha 0.119 | complete
Ep 8 | 드론3 목적지71 | 1000스텝 | 배송 70/71 | 재적재 13 | 중계율 0.26 | alpha 0.129 | step_limit
Ep 9 | 드론3 목적지68 | 1000스텝 | 배송 67/68 | 재적재 12 | 중계율 0.30 | alpha 0.140 | step_limit
Ep 10 | 드론3 목적지75 | 1000스텝 | 배송 56/75 | 재적재 10 | 중계율 0.25 | alpha 0.151 | step_limit
Ep 11 | 드론3 목적지48 |  867스텝 | 배송 48/48 | 재적재  8 | 중계율 0.25 | alpha 0.161 | complete
Ep 12 | 드론3 목적지30 |  657스텝 | 배송 30/30 | 재적재  3 | 중계율 0.40 | alpha 0.169 | complete
Ep 13 | 드론3 목적지73 | 1000스텝 | 배송 56/73 | 재적재 10 | 중계율 0.31 | alpha 0.182 | step_limit
Ep 14 | 드론3 목적지54 | 1000스텝 | 배송 52/54 | 재적재  8 | 중계율 0.36 | alpha 0.196 | step_limit
Ep 15 | 드론3 목적지47 |  884스텝 | 배송 47/47 | 재적재  8 | 중계율 0.37 | alpha 0.209 | complete
Ep 16 | 드론3 목적지61 |  993스텝 | 배송 61/61 | 재적재 10 | 중계율 0.22 | alpha 0.225 | complete
Ep 17 | 드론3 목적지24 |  607스텝 | 배송 24/24 | 재적재  3 | 중계율 0.34 | alpha 0.235 | complete
Ep 18 | 드론3 목적지37 |  950스텝 | 배송 37/37 | 재적재  6 | 중계율 0.29 | alpha 0.251 | complete
Ep 19 | 드론3 목적지65 | 1000스텝 | 배송 61/65 | 재적재 11 | 중계율 0.25 | alpha 0.270 | step_limit
Ep 20 | 드론3 목적지58 |  998스텝 | 배송 58/58 | 재적재  9 | 중계율 0.24 | alpha 0.290 | complete
Ep 21 | 드론3 목적지41 |  741스텝 | 배송 41/41 | 재적재  7 | 중계율 0.31 | alpha 0.306 | complete
Ep 22 | 드론3 목적지27 |  582스텝 | 배송 27/27 | 재적재  5 | 중계율 0.32 | alpha 0.319 | complete
Ep 23 | 드론3 목적지41 |  787스텝 | 배송 41/41 | 재적재  7 | 중계율 0.36 | alpha 0.337 | complete
Ep 24 | 드론3 목적지71 | 1000스텝 | 배송 67/71 | 재적재 12 | 중계율 0.24 | alpha 0.361 | step_limit
Ep 25 | 드론3 목적지41 |  868스텝 | 배송 41/41 | 재적재  6 | 중계율 0.34 | alpha 0.383 | complete
Ep 26 | 드론3 목적지40 |  749스텝 | 배송 40/40 | 재적재  6 | 중계율 0.23 | alpha 0.403 | complete
Ep 27 | 드론3 목적지49 | 1000스텝 | 배송 40/49 | 재적재  6 | 중계율 0.22 | alpha 0.431 | step_limit
Ep 28 | 드론3 목적지72 | 1000스텝 | 배송 60/72 | 재적재  9 | 중계율 0.25 | alpha 0.462 | step_limit
Ep 29 | 드론3 목적지68 | 1000스텝 | 배송 63/68 | 재적재 11 | 중계율 0.25 | alpha 0.495 | step_limit
Ep 30 | 드론3 목적지48 |  878스텝 | 배송 48/48 | 재적재  7 | 중계율 0.32 | alpha 0.527 | complete
Ep 31 | 드론3 목적지36 |  793스텝 | 배송 36/36 | 재적재  6 | 중계율 0.29 | alpha 0.557 | complete
Ep 32 | 드론3 목적지71 | 1000스텝 | 배송 60/71 | 재적재  9 | 중계율 0.31 | alpha 0.597 | step_limit
Ep 33 | 드론3 목적지46 | 1000스텝 | 배송 41/46 | 재적재  7 | 중계율 0.34 | alpha 0.641 | step_limit
Ep 34 | 드론3 목적지32 |  765스텝 | 배송 32/32 | 재적재  6 | 중계율 0.35 | alpha 0.677 | complete
Ep 35 | 드론3 목적지36 | 1000스텝 | 배송 33/36 | 재적재  5 | 중계율 0.33 | alpha 0.726 | step_limit
Ep 36 | 드론3 목적지41 |  815스텝 | 배송 41/41 | 재적재  7 | 중계율 0.36 | alpha 0.768 | complete
Ep 37 | 드론3 목적지54 | 1000스텝 | 배송 51/54 | 재적재 10 | 중계율 0.33 | alpha 0.823 | step_limit
Ep 38 | 드론3 목적지76 | 1000스텝 | 배송 67/76 | 재적재 12 | 중계율 0.23 | alpha 0.881 | step_limit
Ep 39 | 드론3 목적지77 | 1000스텝 | 배송 45/77 | 재적재  8 | 중계율 0.28 | alpha 0.944 | step_limit
Ep 40 | 드론3 목적지25 |  415스텝 | 배송 25/25 | 재적재  3 | 중계율 0.28 | alpha 0.971 | complete
Ep 41 | 드론3 목적지49 |  945스텝 | 배송 49/49 | 재적재  8 | 중계율 0.29 | alpha 1.036 | complete
Ep 42 | 드론3 목적지52 | 1000스텝 | 배송 42/52 | 재적재  7 | 중계율 0.32 | alpha 1.110 | step_limit
Ep 43 | 드론3 목적지52 | 1000스텝 | 배송 36/52 | 재적재  6 | 중계율 0.33 | alpha 1.190 | step_limit
Ep 44 | 드론3 목적지51 |  907스텝 | 배송 51/51 | 재적재  8 | 중계율 0.32 | alpha 1.268 | complete
Ep 45 | 드론3 목적지61 | 1000스텝 | 배송 52/61 | 재적재  9 | 중계율 0.35 | alpha 1.358 | step_limit
Ep 46 | 드론3 목적지59 | 1000스텝 | 배송 56/59 | 재적재 10 | 중계율 0.31 | alpha 1.450 | step_limit
Ep 47 | 드론3 목적지24 |  567스텝 | 배송 24/24 | 재적재  3 | 중계율 0.26 | alpha 1.503 | complete
Ep 48 | 드론3 목적지68 | 1000스텝 | 배송 60/68 | 재적재 10 | 중계율 0.33 | alpha 1.599 | step_limit
Ep 49 | 드론3 목적지29 |  659스텝 | 배송 29/29 | 재적재  5 | 중계율 0.34 | alpha 1.662 | complete
Ep 50 | 드론3 목적지43 |  816스텝 | 배송 43/43 | 재적재  8 | 중계율 0.22 | alpha 1.743 | complete
  [홀드아웃] 배송 49.9±0.7 완주 0.97 스텝 995 점수 104.2 재적재 7.7 2홉+ 0.61 | 최고 104.2@ep50 정체 0/15  ← 갱신
Ep 51 | 드론3 목적지24 |  386스텝 | 배송 24/24 | 재적재  3 | 중계율 0.26 | alpha 1.780 | complete
Ep 52 | 드론3 목적지21 |  487스텝 | 배송 21/21 | 재적재  2 | 중계율 0.33 | alpha 1.826 | complete
Ep 53 | 드론3 목적지75 | 1000스텝 | 배송 52/75 | 재적재  9 | 중계율 0.22 | alpha 1.921 | step_limit
Ep 54 | 드론3 목적지64 | 1000스텝 | 배송 59/64 | 재적재  9 | 중계율 0.30 | alpha 2.013 | step_limit
Ep 55 | 드론3 목적지76 | 1000스텝 | 배송 58/76 | 재적재 11 | 중계율 0.23 | alpha 2.102 | step_limit
Ep 56 | 드론3 목적지36 |  779스텝 | 배송 36/36 | 재적재  6 | 중계율 0.29 | alpha 2.164 | complete
Ep 57 | 드론3 목적지77 | 1000스텝 | 배송 60/77 | 재적재 10 | 중계율 0.29 | alpha 2.242 | step_limit
Ep 58 | 드론3 목적지34 |  915스텝 | 배송 34/34 | 재적재  6 | 중계율 0.31 | alpha 2.311 | complete
Ep 59 | 드론3 목적지44 | 1000스텝 | 배송 34/44 | 재적재  5 | 중계율 0.30 | alpha 2.383 | step_limit
Ep 60 | 드론3 목적지37 |  677스텝 | 배송 37/37 | 재적재  6 | 중계율 0.22 | alpha 2.430 | complete
Ep 61 | 드론3 목적지61 | 1000스텝 | 배송 53/61 | 재적재  8 | 중계율 0.20 | alpha 2.496 | step_limit
Ep 62 | 드론3 목적지21 |  797스텝 | 배송 21/21 | 재적재  3 | 중계율 0.24 | alpha 2.547 | complete
Ep 63 | 드론3 목적지58 | 1000스텝 | 배송 50/58 | 재적재 10 | 중계율 0.28 | alpha 2.609 | step_limit
Ep 64 | 드론3 목적지68 | 1000스텝 | 배송 58/68 | 재적재 11 | 중계율 0.16 | alpha 2.664 | step_limit
Ep 65 | 드론3 목적지29 | 1000스텝 | 배송 28/29 | 재적재  5 | 중계율 0.29 | alpha 2.724 | step_limit
Ep 66 | 드론3 목적지30 | 1000스텝 | 배송 29/30 | 재적재  4 | 중계율 0.14 | alpha 2.788 | step_limit
Ep 67 | 드론3 목적지68 | 1000스텝 | 배송 58/68 | 재적재 11 | 중계율 0.23 | alpha 2.837 | step_limit
Ep 68 | 드론3 목적지30 |  699스텝 | 배송 30/30 | 재적재  5 | 중계율 0.23 | alpha 2.865 | complete
Ep 69 | 드론3 목적지32 | 1000스텝 | 배송 30/32 | 재적재  5 | 중계율 0.24 | alpha 2.894 | step_limit
Ep 70 | 드론3 목적지63 | 1000스텝 | 배송 55/63 | 재적재 10 | 중계율 0.24 | alpha 2.893 | step_limit
Ep 71 | 드론3 목적지60 | 1000스텝 | 배송 55/60 | 재적재  9 | 중계율 0.25 | alpha 2.875 | step_limit
Ep 72 | 드론3 목적지39 | 1000스텝 | 배송 36/39 | 재적재  6 | 중계율 0.34 | alpha 2.865 | step_limit
Ep 73 | 드론3 목적지58 | 1000스텝 | 배송 51/58 | 재적재  9 | 중계율 0.26 | alpha 2.880 | step_limit
Ep 74 | 드론3 목적지25 |  953스텝 | 배송 25/25 | 재적재  4 | 중계율 0.31 | alpha 2.878 | complete
Ep 75 | 드론3 목적지72 | 1000스텝 | 배송 59/72 | 재적재 10 | 중계율 0.26 | alpha 2.878 | step_limit
Ep 76 | 드론3 목적지35 | 1000스텝 | 배송 34/35 | 재적재  6 | 중계율 0.30 | alpha 2.861 | step_limit
Ep 77 | 드론3 목적지51 | 1000스텝 | 배송 47/51 | 재적재  9 | 중계율 0.21 | alpha 2.839 | step_limit
Ep 78 | 드론3 목적지45 | 1000스텝 | 배송 35/45 | 재적재  6 | 중계율 0.18 | alpha 2.817 | step_limit
Ep 79 | 드론3 목적지66 | 1000스텝 | 배송 57/66 | 재적재 11 | 중계율 0.24 | alpha 2.787 | step_limit
Ep 80 | 드론3 목적지63 | 1000스텝 | 배송 50/63 | 재적재  8 | 중계율 0.31 | alpha 2.773 | step_limit
Ep 81 | 드론3 목적지24 |  969스텝 | 배송 24/24 | 재적재  3 | 중계율 0.30 | alpha 2.791 | complete
Ep 82 | 드론3 목적지69 | 1000스텝 | 배송 53/69 | 재적재  8 | 중계율 0.27 | alpha 2.792 | step_limit
Ep 83 | 드론3 목적지69 | 1000스텝 | 배송 60/69 | 재적재 10 | 중계율 0.25 | alpha 2.825 | step_limit
Ep 84 | 드론3 목적지20 |  554스텝 | 배송 20/20 | 재적재  3 | 중계율 0.27 | alpha 2.799 | complete
Ep 85 | 드론3 목적지55 | 1000스텝 | 배송 52/55 | 재적재  8 | 중계율 0.32 | alpha 2.801 | step_limit
Ep 86 | 드론3 목적지56 | 1000스텝 | 배송 55/56 | 재적재 10 | 중계율 0.24 | alpha 2.829 | step_limit
Ep 87 | 드론3 목적지77 | 1000스텝 | 배송 61/77 | 재적재 10 | 중계율 0.18 | alpha 2.855 | step_limit
Ep 88 | 드론3 목적지60 |  869스텝 | 배송 60/60 | 재적재 11 | 중계율 0.16 | alpha 2.849 | complete
Ep 89 | 드론3 목적지60 | 1000스텝 | 배송 49/60 | 재적재  8 | 중계율 0.21 | alpha 2.814 | step_limit
Ep 90 | 드론3 목적지76 | 1000스텝 | 배송 55/76 | 재적재 11 | 중계율 0.24 | alpha 2.786 | step_limit
Ep 91 | 드론3 목적지52 | 1000스텝 | 배송 44/52 | 재적재  8 | 중계율 0.21 | alpha 2.753 | step_limit
Ep 92 | 드론3 목적지44 | 1000스텝 | 배송 40/44 | 재적재  7 | 중계율 0.23 | alpha 2.725 | step_limit
Ep 93 | 드론3 목적지43 | 1000스텝 | 배송 41/43 | 재적재  7 | 중계율 0.27 | alpha 2.712 | step_limit
Ep 94 | 드론3 목적지51 | 1000스텝 | 배송 45/51 | 재적재  8 | 중계율 0.23 | alpha 2.704 | step_limit
Ep 95 | 드론3 목적지26 |  605스텝 | 배송 26/26 | 재적재  3 | 중계율 0.31 | alpha 2.674 | complete
Ep 96 | 드론3 목적지52 | 1000스텝 | 배송 46/52 | 재적재  9 | 중계율 0.30 | alpha 2.639 | step_limit
Ep 97 | 드론3 목적지59 | 1000스텝 | 배송 58/59 | 재적재 10 | 중계율 0.28 | alpha 2.619 | step_limit
Ep 98 | 드론3 목적지45 | 1000스텝 | 배송 42/45 | 재적재  7 | 중계율 0.28 | alpha 2.616 | step_limit
Ep 99 | 드론3 목적지41 |  906스텝 | 배송 41/41 | 재적재  7 | 중계율 0.36 | alpha 2.647 | complete
Ep 100 | 드론3 목적지64 | 1000스텝 | 배송 46/64 | 재적재  9 | 중계율 0.23 | alpha 2.652 | step_limit
  [홀드아웃] 배송 50.0±0.0 완주 1.00 스텝 1026 점수 106.6 재적재 8.0 2홉+ 0.61 | 최고 106.6@ep100 정체 0/15  ← 갱신
Ep 101 | 드론3 목적지39 |  776스텝 | 배송 39/39 | 재적재  6 | 중계율 0.35 | alpha 2.625 | complete
Ep 102 | 드론3 목적지77 | 1000스텝 | 배송 70/77 | 재적재 13 | 중계율 0.17 | alpha 2.604 | step_limit
Ep 103 | 드론3 목적지41 | 1000스텝 | 배송 38/41 | 재적재  6 | 중계율 0.20 | alpha 2.571 | step_limit
Ep 104 | 드론3 목적지75 | 1000스텝 | 배송 70/75 | 재적재 11 | 중계율 0.25 | alpha 2.525 | step_limit
Ep 105 | 드론3 목적지69 | 1000스텝 | 배송 50/69 | 재적재  9 | 중계율 0.26 | alpha 2.516 | step_limit
Ep 106 | 드론3 목적지59 | 1000스텝 | 배송 55/59 | 재적재  8 | 중계율 0.28 | alpha 2.481 | step_limit
Ep 107 | 드론3 목적지63 | 1000스텝 | 배송 55/63 | 재적재  9 | 중계율 0.23 | alpha 2.434 | step_limit
Ep 108 | 드론3 목적지61 | 1000스텝 | 배송 54/61 | 재적재  8 | 중계율 0.30 | alpha 2.412 | step_limit
Ep 109 | 드론3 목적지75 | 1000스텝 | 배송 60/75 | 재적재  9 | 중계율 0.27 | alpha 2.420 | step_limit
Ep 110 | 드론3 목적지56 | 1000스텝 | 배송 51/56 | 재적재  9 | 중계율 0.22 | alpha 2.366 | step_limit
Ep 111 | 드론3 목적지70 | 1000스텝 | 배송 56/70 | 재적재 11 | 중계율 0.21 | alpha 2.332 | step_limit
Ep 112 | 드론3 목적지70 | 1000스텝 | 배송 55/70 | 재적재  9 | 중계율 0.27 | alpha 2.303 | step_limit
Ep 113 | 드론3 목적지46 | 1000스텝 | 배송 42/46 | 재적재  7 | 중계율 0.31 | alpha 2.282 | step_limit
Ep 114 | 드론3 목적지49 | 1000스텝 | 배송 45/49 | 재적재  8 | 중계율 0.27 | alpha 2.259 | step_limit
Ep 115 | 드론3 목적지40 |  764스텝 | 배송 40/40 | 재적재  6 | 중계율 0.22 | alpha 2.228 | complete
Ep 116 | 드론3 목적지55 | 1000스텝 | 배송 52/55 | 재적재  9 | 중계율 0.27 | alpha 2.222 | step_limit
Ep 117 | 드론3 목적지34 |  693스텝 | 배송 34/34 | 재적재  5 | 중계율 0.26 | alpha 2.221 | complete
Ep 118 | 드론3 목적지53 | 1000스텝 | 배송 52/53 | 재적재  8 | 중계율 0.23 | alpha 2.241 | step_limit
Ep 119 | 드론3 목적지49 | 1000스텝 | 배송 48/49 | 재적재  8 | 중계율 0.31 | alpha 2.227 | step_limit
Ep 120 | 드론3 목적지44 |  847스텝 | 배송 44/44 | 재적재  7 | 중계율 0.33 | alpha 2.221 | complete
Ep 121 | 드론3 목적지65 | 1000스텝 | 배송 60/65 | 재적재 11 | 중계율 0.25 | alpha 2.235 | step_limit
Ep 122 | 드론3 목적지36 |  676스텝 | 배송 36/36 | 재적재  6 | 중계율 0.29 | alpha 2.229 | complete
Ep 123 | 드론3 목적지59 |  918스텝 | 배송 59/59 | 재적재  9 | 중계율 0.23 | alpha 2.251 | complete
Ep 124 | 드론3 목적지70 | 1000스텝 | 배송 59/70 | 재적재  9 | 중계율 0.30 | alpha 2.246 | step_limit
Ep 125 | 드론3 목적지52 |  959스텝 | 배송 52/52 | 재적재  9 | 중계율 0.27 | alpha 2.231 | complete
Ep 126 | 드론3 목적지41 |  937스텝 | 배송 41/41 | 재적재  6 | 중계율 0.27 | alpha 2.187 | complete
Ep 127 | 드론3 목적지58 | 1000스텝 | 배송 55/58 | 재적재 11 | 중계율 0.26 | alpha 2.203 | step_limit
Ep 128 | 드론3 목적지51 | 1000스텝 | 배송 46/51 | 재적재  9 | 중계율 0.24 | alpha 2.215 | step_limit
Ep 129 | 드론3 목적지64 | 1000스텝 | 배송 57/64 | 재적재  9 | 중계율 0.24 | alpha 2.201 | step_limit
Ep 130 | 드론3 목적지62 | 1000스텝 | 배송 44/62 | 재적재  6 | 중계율 0.23 | alpha 2.219 | step_limit
Ep 131 | 드론3 목적지55 | 1000스텝 | 배송 52/55 | 재적재 10 | 중계율 0.34 | alpha 2.199 | step_limit
Ep 132 | 드론3 목적지66 | 1000스텝 | 배송 52/66 | 재적재 10 | 중계율 0.16 | alpha 2.185 | step_limit
Ep 133 | 드론3 목적지73 | 1000스텝 | 배송 65/73 | 재적재 12 | 중계율 0.20 | alpha 2.114 | step_limit
Ep 134 | 드론3 목적지78 | 1000스텝 | 배송 66/78 | 재적재 11 | 중계율 0.21 | alpha 2.107 | step_limit
Ep 135 | 드론3 목적지37 |  591스텝 | 배송 37/37 | 재적재  6 | 중계율 0.20 | alpha 2.090 | complete
Ep 136 | 드론3 목적지42 | 1000스텝 | 배송 41/42 | 재적재  7 | 중계율 0.31 | alpha 2.046 | step_limit
Ep 137 | 드론3 목적지35 |  801스텝 | 배송 35/35 | 재적재  6 | 중계율 0.31 | alpha 2.032 | complete
Ep 138 | 드론3 목적지37 |  854스텝 | 배송 37/37 | 재적재  6 | 중계율 0.33 | alpha 2.038 | complete
Ep 139 | 드론3 목적지50 | 1000스텝 | 배송 45/50 | 재적재  8 | 중계율 0.20 | alpha 2.031 | step_limit
Ep 140 | 드론3 목적지40 |  836스텝 | 배송 40/40 | 재적재  7 | 중계율 0.26 | alpha 2.016 | complete
Ep 141 | 드론3 목적지76 | 1000스텝 | 배송 67/76 | 재적재 12 | 중계율 0.22 | alpha 2.017 | step_limit
Ep 142 | 드론3 목적지54 |  996스텝 | 배송 54/54 | 재적재  8 | 중계율 0.32 | alpha 2.017 | complete
Ep 143 | 드론3 목적지45 | 1000스텝 | 배송 43/45 | 재적재  8 | 중계율 0.30 | alpha 2.036 | step_limit
Ep 144 | 드론3 목적지34 |  985스텝 | 배송 34/34 | 재적재  5 | 중계율 0.30 | alpha 2.029 | complete
Ep 145 | 드론3 목적지63 | 1000스텝 | 배송 55/63 | 재적재 10 | 중계율 0.20 | alpha 2.047 | step_limit
Ep 146 | 드론3 목적지36 |  773스텝 | 배송 36/36 | 재적재  5 | 중계율 0.31 | alpha 2.042 | complete
Ep 147 | 드론3 목적지39 |  845스텝 | 배송 39/39 | 재적재  6 | 중계율 0.21 | alpha 2.033 | complete
Ep 148 | 드론3 목적지51 | 1000스텝 | 배송 39/51 | 재적재  7 | 중계율 0.24 | alpha 2.012 | step_limit
Ep 149 | 드론3 목적지55 |  937스텝 | 배송 55/55 | 재적재  9 | 중계율 0.23 | alpha 1.975 | complete
Ep 150 | 드론3 목적지80 | 1000스텝 | 배송 62/80 | 재적재 12 | 중계율 0.18 | alpha 1.934 | step_limit
  [홀드아웃] 배송 50.0±0.0 완주 1.00 스텝 975 점수 106.7 재적재 7.7 2홉+ 0.61 | 최고 106.7@ep150 정체 0/15  ← 갱신
Ep 151 | 드론3 목적지25 |  782스텝 | 배송 25/25 | 재적재  4 | 중계율 0.32 | alpha 1.926 | complete
Ep 152 | 드론3 목적지74 | 1000스텝 | 배송 57/74 | 재적재 10 | 중계율 0.31 | alpha 1.915 | step_limit
Ep 153 | 드론3 목적지30 |  601스텝 | 배송 30/30 | 재적재  5 | 중계율 0.25 | alpha 1.910 | complete
Ep 154 | 드론3 목적지53 | 1000스텝 | 배송 47/53 | 재적재  7 | 중계율 0.34 | alpha 1.876 | step_limit
Ep 155 | 드론3 목적지29 |  830스텝 | 배송 29/29 | 재적재  5 | 중계율 0.37 | alpha 1.888 | complete
Ep 156 | 드론3 목적지39 |  857스텝 | 배송 39/39 | 재적재  7 | 중계율 0.26 | alpha 1.893 | complete
Ep 157 | 드론3 목적지56 | 1000스텝 | 배송 45/56 | 재적재  8 | 중계율 0.31 | alpha 1.903 | step_limit
Ep 158 | 드론3 목적지70 | 1000스텝 | 배송 59/70 | 재적재 11 | 중계율 0.18 | alpha 1.892 | step_limit
Ep 159 | 드론3 목적지73 | 1000스텝 | 배송 62/73 | 재적재 11 | 중계율 0.26 | alpha 1.880 | step_limit
Ep 160 | 드론3 목적지52 | 1000스텝 | 배송 51/52 | 재적재  8 | 중계율 0.32 | alpha 1.855 | step_limit
Ep 161 | 드론3 목적지56 | 1000스텝 | 배송 50/56 | 재적재  9 | 중계율 0.32 | alpha 1.860 | step_limit
Ep 162 | 드론3 목적지69 | 1000스텝 | 배송 56/69 | 재적재  9 | 중계율 0.29 | alpha 1.838 | step_limit
Ep 163 | 드론3 목적지37 |  957스텝 | 배송 37/37 | 재적재  6 | 중계율 0.29 | alpha 1.823 | complete
Ep 164 | 드론3 목적지43 | 1000스텝 | 배송 41/43 | 재적재  8 | 중계율 0.29 | alpha 1.815 | step_limit
Ep 165 | 드론3 목적지26 |  758스텝 | 배송 26/26 | 재적재  4 | 중계율 0.36 | alpha 1.822 | complete
Ep 166 | 드론3 목적지33 | 1000스텝 | 배송 30/33 | 재적재  5 | 중계율 0.34 | alpha 1.833 | step_limit
Ep 167 | 드론3 목적지31 |  530스텝 | 배송 31/31 | 재적재  5 | 중계율 0.20 | alpha 1.823 | complete
Ep 168 | 드론3 목적지31 |  763스텝 | 배송 31/31 | 재적재  5 | 중계율 0.23 | alpha 1.819 | complete
Ep 169 | 드론3 목적지42 |  859스텝 | 배송 42/42 | 재적재  8 | 중계율 0.27 | alpha 1.817 | complete
Ep 170 | 드론3 목적지60 | 1000스텝 | 배송 43/60 | 재적재  7 | 중계율 0.26 | alpha 1.840 | step_limit
Ep 171 | 드론3 목적지64 | 1000스텝 | 배송 49/64 | 재적재  8 | 중계율 0.33 | alpha 1.824 | step_limit
Ep 172 | 드론3 목적지59 | 1000스텝 | 배송 51/59 | 재적재  8 | 중계율 0.23 | alpha 1.817 | step_limit
Ep 173 | 드론3 목적지80 | 1000스텝 | 배송 70/80 | 재적재 12 | 중계율 0.25 | alpha 1.829 | step_limit
Ep 174 | 드론3 목적지78 | 1000스텝 | 배송 61/78 | 재적재 12 | 중계율 0.25 | alpha 1.853 | step_limit
Ep 175 | 드론3 목적지68 | 1000스텝 | 배송 61/68 | 재적재 11 | 중계율 0.19 | alpha 1.846 | step_limit
Ep 176 | 드론3 목적지66 | 1000스텝 | 배송 55/66 | 재적재  8 | 중계율 0.33 | alpha 1.828 | step_limit
Ep 177 | 드론3 목적지59 | 1000스텝 | 배송 56/59 | 재적재 10 | 중계율 0.20 | alpha 1.803 | step_limit
Ep 178 | 드론3 목적지43 |  947스텝 | 배송 43/43 | 재적재  7 | 중계율 0.31 | alpha 1.792 | complete
Ep 179 | 드론3 목적지63 | 1000스텝 | 배송 59/63 | 재적재 11 | 중계율 0.23 | alpha 1.797 | step_limit
Ep 180 | 드론3 목적지68 | 1000스텝 | 배송 52/68 | 재적재 10 | 중계율 0.22 | alpha 1.795 | step_limit
Ep 181 | 드론3 목적지72 | 1000스텝 | 배송 60/72 | 재적재 11 | 중계율 0.17 | alpha 1.791 | step_limit
Ep 182 | 드론3 목적지31 |  841스텝 | 배송 31/31 | 재적재  4 | 중계율 0.35 | alpha 1.792 | complete
Ep 183 | 드론3 목적지55 | 1000스텝 | 배송 52/55 | 재적재  9 | 중계율 0.25 | alpha 1.806 | step_limit
Ep 184 | 드론3 목적지36 |  910스텝 | 배송 36/36 | 재적재  6 | 중계율 0.31 | alpha 1.776 | complete
Ep 185 | 드론3 목적지37 |  785스텝 | 배송 37/37 | 재적재  5 | 중계율 0.23 | alpha 1.777 | complete
Ep 186 | 드론3 목적지57 | 1000스텝 | 배송 51/57 | 재적재 10 | 중계율 0.21 | alpha 1.790 | step_limit
Ep 187 | 드론3 목적지28 |  601스텝 | 배송 28/28 | 재적재  4 | 중계율 0.26 | alpha 1.818 | complete
Ep 188 | 드론3 목적지39 |  823스텝 | 배송 39/39 | 재적재  5 | 중계율 0.30 | alpha 1.813 | complete
Ep 189 | 드론3 목적지80 | 1000스텝 | 배송 65/80 | 재적재 11 | 중계율 0.23 | alpha 1.800 | step_limit
Ep 190 | 드론3 목적지67 | 1000스텝 | 배송 61/67 | 재적재 10 | 중계율 0.28 | alpha 1.770 | step_limit
Ep 191 | 드론3 목적지23 |  844스텝 | 배송 23/23 | 재적재  3 | 중계율 0.29 | alpha 1.763 | complete
Ep 192 | 드론3 목적지75 | 1000스텝 | 배송 62/75 | 재적재 11 | 중계율 0.24 | alpha 1.761 | step_limit
Ep 193 | 드론3 목적지53 | 1000스텝 | 배송 46/53 | 재적재  8 | 중계율 0.24 | alpha 1.735 | step_limit
Ep 194 | 드론3 목적지28 |  636스텝 | 배송 28/28 | 재적재  3 | 중계율 0.34 | alpha 1.711 | complete
Ep 195 | 드론3 목적지26 |  560스텝 | 배송 26/26 | 재적재  4 | 중계율 0.18 | alpha 1.691 | complete
Ep 196 | 드론3 목적지70 | 1000스텝 | 배송 67/70 | 재적재 11 | 중계율 0.19 | alpha 1.685 | step_limit
Ep 197 | 드론3 목적지57 | 1000스텝 | 배송 55/57 | 재적재 11 | 중계율 0.30 | alpha 1.695 | step_limit
Ep 198 | 드론3 목적지51 | 1000스텝 | 배송 46/51 | 재적재  7 | 중계율 0.33 | alpha 1.694 | step_limit
Ep 199 | 드론3 목적지71 | 1000스텝 | 배송 51/71 | 재적재  9 | 중계율 0.16 | alpha 1.671 | step_limit
Ep 200 | 드론3 목적지60 | 1000스텝 | 배송 57/60 | 재적재 10 | 중계율 0.25 | alpha 1.650 | step_limit
  [홀드아웃] 배송 50.0±0.1 완주 0.99 스텝 891 점수 105.8 재적재 7.4 2홉+ 0.60 | 최고 106.7@ep150 정체 1/15
Ep 201 | 드론3 목적지49 | 1000스텝 | 배송 48/49 | 재적재  9 | 중계율 0.27 | alpha 1.626 | step_limit
Ep 202 | 드론3 목적지45 |  937스텝 | 배송 45/45 | 재적재  7 | 중계율 0.33 | alpha 1.590 | complete
Ep 203 | 드론3 목적지44 |  903스텝 | 배송 44/44 | 재적재  8 | 중계율 0.29 | alpha 1.575 | complete
Ep 204 | 드론3 목적지38 |  862스텝 | 배송 38/38 | 재적재  6 | 중계율 0.29 | alpha 1.578 | complete
Ep 205 | 드론3 목적지73 | 1000스텝 | 배송 64/73 | 재적재 10 | 중계율 0.22 | alpha 1.607 | step_limit
Ep 206 | 드론3 목적지45 |  761스텝 | 배송 45/45 | 재적재  7 | 중계율 0.33 | alpha 1.615 | complete
Ep 207 | 드론3 목적지68 | 1000스텝 | 배송 40/68 | 재적재  6 | 중계율 0.34 | alpha 1.613 | step_limit
Ep 208 | 드론3 목적지24 |  526스텝 | 배송 24/24 | 재적재  2 | 중계율 0.28 | alpha 1.617 | complete
Ep 209 | 드론3 목적지50 |  795스텝 | 배송 50/50 | 재적재  8 | 중계율 0.24 | alpha 1.609 | complete
Ep 210 | 드론3 목적지64 | 1000스텝 | 배송 62/64 | 재적재 10 | 중계율 0.22 | alpha 1.596 | step_limit
Ep 211 | 드론3 목적지44 |  935스텝 | 배송 44/44 | 재적재  6 | 중계율 0.34 | alpha 1.588 | complete
Ep 212 | 드론3 목적지56 | 1000스텝 | 배송 55/56 | 재적재 10 | 중계율 0.15 | alpha 1.596 | step_limit
Ep 213 | 드론3 목적지69 | 1000스텝 | 배송 57/69 | 재적재 10 | 중계율 0.19 | alpha 1.571 | step_limit
Ep 214 | 드론3 목적지26 |  419스텝 | 배송 26/26 | 재적재  3 | 중계율 0.23 | alpha 1.572 | complete
Ep 215 | 드론3 목적지62 | 1000스텝 | 배송 57/62 | 재적재  9 | 중계율 0.28 | alpha 1.563 | step_limit
Ep 216 | 드론3 목적지55 | 1000스텝 | 배송 45/55 | 재적재  7 | 중계율 0.25 | alpha 1.558 | step_limit
Ep 217 | 드론3 목적지21 |  613스텝 | 배송 21/21 | 재적재  4 | 중계율 0.31 | alpha 1.579 | complete
Ep 218 | 드론3 목적지25 |  623스텝 | 배송 25/25 | 재적재  3 | 중계율 0.32 | alpha 1.588 | complete
Ep 219 | 드론3 목적지60 | 1000스텝 | 배송 56/60 | 재적재 10 | 중계율 0.16 | alpha 1.586 | step_limit
Ep 220 | 드론3 목적지39 |  867스텝 | 배송 39/39 | 재적재  7 | 중계율 0.24 | alpha 1.575 | complete
Ep 221 | 드론3 목적지61 | 1000스텝 | 배송 60/61 | 재적재 11 | 중계율 0.16 | alpha 1.557 | step_limit
Ep 222 | 드론3 목적지50 | 1000스텝 | 배송 46/50 | 재적재  9 | 중계율 0.29 | alpha 1.541 | step_limit
Ep 223 | 드론3 목적지21 |  566스텝 | 배송 21/21 | 재적재  3 | 중계율 0.33 | alpha 1.543 | complete
Ep 224 | 드론3 목적지79 | 1000스텝 | 배송 58/79 | 재적재  9 | 중계율 0.22 | alpha 1.550 | step_limit
Ep 225 | 드론3 목적지78 | 1000스텝 | 배송 54/78 | 재적재  8 | 중계율 0.21 | alpha 1.549 | step_limit
Ep 226 | 드론3 목적지38 |  725스텝 | 배송 38/38 | 재적재  6 | 중계율 0.27 | alpha 1.544 | complete
Ep 227 | 드론3 목적지30 |  606스텝 | 배송 30/30 | 재적재  3 | 중계율 0.28 | alpha 1.529 | complete
Ep 228 | 드론3 목적지21 |  287스텝 | 배송 21/21 | 재적재  3 | 중계율 0.10 | alpha 1.533 | complete
Ep 229 | 드론3 목적지60 |  853스텝 | 배송 60/60 | 재적재 10 | 중계율 0.20 | alpha 1.515 | complete
Ep 230 | 드론3 목적지31 |  531스텝 | 배송 31/31 | 재적재  5 | 중계율 0.28 | alpha 1.504 | complete
Ep 231 | 드론3 목적지40 |  814스텝 | 배송 40/40 | 재적재  7 | 중계율 0.26 | alpha 1.510 | complete
Ep 232 | 드론3 목적지42 | 1000스텝 | 배송 41/42 | 재적재  6 | 중계율 0.23 | alpha 1.514 | step_limit
Ep 233 | 드론3 목적지63 | 1000스텝 | 배송 60/63 | 재적재 10 | 중계율 0.30 | alpha 1.494 | step_limit
Ep 234 | 드론3 목적지50 | 1000스텝 | 배송 47/50 | 재적재  8 | 중계율 0.29 | alpha 1.518 | step_limit
Ep 235 | 드론3 목적지32 |  712스텝 | 배송 32/32 | 재적재  6 | 중계율 0.33 | alpha 1.522 | complete
Ep 236 | 드론3 목적지56 | 1000스텝 | 배송 55/56 | 재적재  8 | 중계율 0.28 | alpha 1.552 | step_limit
Ep 237 | 드론3 목적지67 | 1000스텝 | 배송 61/67 | 재적재 11 | 중계율 0.26 | alpha 1.568 | step_limit
Ep 238 | 드론3 목적지60 | 1000스텝 | 배송 58/60 | 재적재 10 | 중계율 0.21 | alpha 1.559 | step_limit
Ep 239 | 드론3 목적지63 | 1000스텝 | 배송 62/63 | 재적재 11 | 중계율 0.13 | alpha 1.540 | step_limit
Ep 240 | 드론3 목적지23 |  740스텝 | 배송 23/23 | 재적재  4 | 중계율 0.27 | alpha 1.527 | complete
Ep 241 | 드론3 목적지77 | 1000스텝 | 배송 75/77 | 재적재 14 | 중계율 0.21 | alpha 1.514 | step_limit
Ep 242 | 드론3 목적지70 | 1000스텝 | 배송 64/70 | 재적재 10 | 중계율 0.29 | alpha 1.513 | step_limit
Ep 243 | 드론3 목적지49 |  826스텝 | 배송 49/49 | 재적재  8 | 중계율 0.17 | alpha 1.480 | complete
Ep 244 | 드론3 목적지63 | 1000스텝 | 배송 56/63 | 재적재 11 | 중계율 0.25 | alpha 1.472 | step_limit
Ep 245 | 드론3 목적지62 | 1000스텝 | 배송 60/62 | 재적재 10 | 중계율 0.20 | alpha 1.476 | step_limit
Ep 246 | 드론3 목적지54 | 1000스텝 | 배송 53/54 | 재적재  8 | 중계율 0.23 | alpha 1.492 | step_limit
Ep 247 | 드론3 목적지78 | 1000스텝 | 배송 68/78 | 재적재 13 | 중계율 0.20 | alpha 1.475 | step_limit
Ep 248 | 드론3 목적지45 |  874스텝 | 배송 45/45 | 재적재  8 | 중계율 0.33 | alpha 1.465 | complete
Ep 249 | 드론3 목적지63 | 1000스텝 | 배송 56/63 | 재적재 10 | 중계율 0.23 | alpha 1.456 | step_limit
Ep 250 | 드론3 목적지58 |  966스텝 | 배송 58/58 | 재적재 11 | 중계율 0.29 | alpha 1.451 | complete
  [홀드아웃] 배송 50.0±0.0 완주 1.00 스텝 896 점수 107.0 재적재 7.7 2홉+ 0.59 | 최고 107.0@ep250 정체 0/15  ← 갱신
Ep 251 | 드론3 목적지64 | 1000스텝 | 배송 59/64 | 재적재  9 | 중계율 0.34 | alpha 1.442 | step_limit
Ep 252 | 드론3 목적지44 |  802스텝 | 배송 44/44 | 재적재  7 | 중계율 0.27 | alpha 1.460 | complete
Ep 253 | 드론3 목적지63 | 1000스텝 | 배송 62/63 | 재적재 10 | 중계율 0.17 | alpha 1.462 | step_limit
Ep 254 | 드론3 목적지77 | 1000스텝 | 배송 74/77 | 재적재 12 | 중계율 0.21 | alpha 1.446 | step_limit
Ep 255 | 드론3 목적지78 | 1000스텝 | 배송 71/78 | 재적재 13 | 중계율 0.18 | alpha 1.439 | step_limit
Ep 256 | 드론3 목적지63 | 1000스텝 | 배송 56/63 | 재적재 11 | 중계율 0.27 | alpha 1.440 | step_limit
Ep 257 | 드론3 목적지77 | 1000스텝 | 배송 68/77 | 재적재 12 | 중계율 0.19 | alpha 1.439 | step_limit
Ep 258 | 드론3 목적지48 | 1000스텝 | 배송 44/48 | 재적재  8 | 중계율 0.21 | alpha 1.448 | step_limit
Ep 259 | 드론3 목적지36 |  975스텝 | 배송 36/36 | 재적재  6 | 중계율 0.30 | alpha 1.429 | complete
Ep 260 | 드론3 목적지71 | 1000스텝 | 배송 54/71 | 재적재 10 | 중계율 0.24 | alpha 1.427 | step_limit
Ep 261 | 드론3 목적지38 |  753스텝 | 배송 38/38 | 재적재  7 | 중계율 0.23 | alpha 1.431 | complete
Ep 262 | 드론3 목적지36 |  658스텝 | 배송 36/36 | 재적재  6 | 중계율 0.25 | alpha 1.422 | complete
Ep 263 | 드론3 목적지56 |  814스텝 | 배송 56/56 | 재적재  9 | 중계율 0.28 | alpha 1.422 | complete
Ep 264 | 드론3 목적지68 | 1000스텝 | 배송 55/68 | 재적재  8 | 중계율 0.34 | alpha 1.407 | step_limit
Ep 265 | 드론3 목적지63 | 1000스텝 | 배송 59/63 | 재적재 11 | 중계율 0.27 | alpha 1.400 | step_limit
Ep 266 | 드론3 목적지63 | 1000스텝 | 배송 55/63 | 재적재  9 | 중계율 0.31 | alpha 1.394 | step_limit
Ep 267 | 드론3 목적지37 |  621스텝 | 배송 37/37 | 재적재  6 | 중계율 0.28 | alpha 1.403 | complete
Ep 268 | 드론3 목적지68 | 1000스텝 | 배송 60/68 | 재적재 11 | 중계율 0.33 | alpha 1.398 | step_limit
Ep 269 | 드론3 목적지37 |  510스텝 | 배송 37/37 | 재적재  6 | 중계율 0.11 | alpha 1.388 | complete
Ep 270 | 드론3 목적지61 | 1000스텝 | 배송 56/61 | 재적재 10 | 중계율 0.25 | alpha 1.377 | step_limit
Ep 271 | 드론3 목적지29 |  520스텝 | 배송 29/29 | 재적재  3 | 중계율 0.18 | alpha 1.377 | complete
Ep 272 | 드론3 목적지71 | 1000스텝 | 배송 51/71 | 재적재 10 | 중계율 0.30 | alpha 1.392 | step_limit
Ep 273 | 드론3 목적지31 |  785스텝 | 배송 31/31 | 재적재  6 | 중계율 0.33 | alpha 1.392 | complete
Ep 274 | 드론3 목적지41 | 1000스텝 | 배송 40/41 | 재적재  6 | 중계율 0.32 | alpha 1.384 | step_limit
Ep 275 | 드론3 목적지64 | 1000스텝 | 배송 60/64 | 재적재 10 | 중계율 0.23 | alpha 1.381 | step_limit
Ep 276 | 드론3 목적지64 | 1000스텝 | 배송 51/64 | 재적재  9 | 중계율 0.28 | alpha 1.361 | step_limit
Ep 277 | 드론3 목적지35 | 1000스텝 | 배송 33/35 | 재적재  6 | 중계율 0.31 | alpha 1.364 | step_limit
Ep 278 | 드론3 목적지22 |  687스텝 | 배송 22/22 | 재적재  4 | 중계율 0.34 | alpha 1.370 | complete
Ep 279 | 드론3 목적지47 |  853스텝 | 배송 47/47 | 재적재  7 | 중계율 0.26 | alpha 1.357 | complete
Ep 280 | 드론3 목적지56 | 1000스텝 | 배송 54/56 | 재적재 10 | 중계율 0.31 | alpha 1.341 | step_limit
Ep 281 | 드론3 목적지24 |  608스텝 | 배송 24/24 | 재적재  4 | 중계율 0.22 | alpha 1.339 | complete
Ep 282 | 드론3 목적지33 | 1000스텝 | 배송 32/33 | 재적재  5 | 중계율 0.34 | alpha 1.325 | step_limit
Ep 283 | 드론3 목적지66 | 1000스텝 | 배송 59/66 | 재적재 11 | 중계율 0.17 | alpha 1.303 | step_limit
Ep 284 | 드론3 목적지74 | 1000스텝 | 배송 70/74 | 재적재 12 | 중계율 0.23 | alpha 1.302 | step_limit
Ep 285 | 드론3 목적지30 |  589스텝 | 배송 30/30 | 재적재  5 | 중계율 0.28 | alpha 1.301 | complete
Ep 286 | 드론3 목적지39 |  825스텝 | 배송 39/39 | 재적재  6 | 중계율 0.29 | alpha 1.314 | complete
Ep 287 | 드론3 목적지20 |  456스텝 | 배송 20/20 | 재적재  2 | 중계율 0.29 | alpha 1.307 | complete
Ep 288 | 드론3 목적지36 |  696스텝 | 배송 36/36 | 재적재  6 | 중계율 0.24 | alpha 1.296 | complete
Ep 289 | 드론3 목적지33 |  761스텝 | 배송 33/33 | 재적재  6 | 중계율 0.28 | alpha 1.280 | complete
Ep 290 | 드론3 목적지49 |  794스텝 | 배송 49/49 | 재적재  9 | 중계율 0.15 | alpha 1.280 | complete
Ep 291 | 드론3 목적지76 | 1000스텝 | 배송 60/76 | 재적재  9 | 중계율 0.26 | alpha 1.280 | step_limit
Ep 292 | 드론3 목적지61 |  901스텝 | 배송 61/61 | 재적재 10 | 중계율 0.19 | alpha 1.265 | complete
Ep 293 | 드론3 목적지69 | 1000스텝 | 배송 56/69 | 재적재 10 | 중계율 0.23 | alpha 1.264 | step_limit
Ep 294 | 드론3 목적지70 | 1000스텝 | 배송 55/70 | 재적재  8 | 중계율 0.28 | alpha 1.259 | step_limit
Ep 295 | 드론3 목적지43 |  769스텝 | 배송 43/43 | 재적재  6 | 중계율 0.26 | alpha 1.261 | complete
Ep 296 | 드론3 목적지49 |  958스텝 | 배송 49/49 | 재적재  8 | 중계율 0.21 | alpha 1.255 | complete
Ep 297 | 드론3 목적지33 |  526스텝 | 배송 33/33 | 재적재  4 | 중계율 0.33 | alpha 1.250 | complete
Ep 298 | 드론3 목적지71 | 1000스텝 | 배송 64/71 | 재적재 11 | 중계율 0.27 | alpha 1.255 | step_limit
Ep 299 | 드론3 목적지30 |  633스텝 | 배송 30/30 | 재적재  5 | 중계율 0.22 | alpha 1.251 | complete
Ep 300 | 드론3 목적지42 |  873스텝 | 배송 42/42 | 재적재  8 | 중계율 0.23 | alpha 1.255 | complete
  [홀드아웃] 배송 50.0±0.0 완주 1.00 스텝 918 점수 106.9 재적재 7.9 2홉+ 0.59 | 최고 107.0@ep250 정체 1/15
Ep 301 | 드론3 목적지69 | 1000스텝 | 배송 65/69 | 재적재 12 | 중계율 0.23 | alpha 1.245 | step_limit
Ep 302 | 드론3 목적지59 | 1000스텝 | 배송 52/59 | 재적재 10 | 중계율 0.27 | alpha 1.252 | step_limit
Ep 303 | 드론3 목적지32 |  911스텝 | 배송 32/32 | 재적재  5 | 중계율 0.35 | alpha 1.232 | complete
Ep 304 | 드론3 목적지62 | 1000스텝 | 배송 53/62 | 재적재 10 | 중계율 0.27 | alpha 1.230 | step_limit
Ep 305 | 드론3 목적지75 | 1000스텝 | 배송 63/75 | 재적재 12 | 중계율 0.27 | alpha 1.203 | step_limit
Ep 306 | 드론3 목적지73 | 1000스텝 | 배송 57/73 | 재적재  9 | 중계율 0.26 | alpha 1.212 | step_limit
Ep 307 | 드론3 목적지33 |  719스텝 | 배송 33/33 | 재적재  5 | 중계율 0.33 | alpha 1.215 | complete
Ep 308 | 드론3 목적지52 | 1000스텝 | 배송 48/52 | 재적재  8 | 중계율 0.16 | alpha 1.214 | step_limit
Ep 309 | 드론3 목적지26 |  548스텝 | 배송 26/26 | 재적재  4 | 중계율 0.25 | alpha 1.209 | complete
Ep 310 | 드론3 목적지64 | 1000스텝 | 배송 55/64 | 재적재 11 | 중계율 0.28 | alpha 1.218 | step_limit
Ep 311 | 드론3 목적지73 | 1000스텝 | 배송 64/73 | 재적재 12 | 중계율 0.26 | alpha 1.226 | step_limit
Ep 312 | 드론3 목적지35 |  869스텝 | 배송 35/35 | 재적재  5 | 중계율 0.34 | alpha 1.220 | complete
Ep 313 | 드론3 목적지74 | 1000스텝 | 배송 59/74 | 재적재 10 | 중계율 0.16 | alpha 1.187 | step_limit
Ep 314 | 드론3 목적지66 | 1000스텝 | 배송 56/66 | 재적재 10 | 중계율 0.22 | alpha 1.180 | step_limit
Ep 315 | 드론3 목적지56 | 1000스텝 | 배송 54/56 | 재적재 10 | 중계율 0.30 | alpha 1.162 | step_limit
Ep 316 | 드론3 목적지20 |  426스텝 | 배송 20/20 | 재적재  2 | 중계율 0.33 | alpha 1.160 | complete
Ep 317 | 드론3 목적지36 |  796스텝 | 배송 36/36 | 재적재  6 | 중계율 0.37 | alpha 1.143 | complete
Ep 318 | 드론3 목적지58 | 1000스텝 | 배송 58/58 | 재적재 10 | 중계율 0.20 | alpha 1.154 | complete
Ep 319 | 드론3 목적지23 |  408스텝 | 배송 23/23 | 재적재  3 | 중계율 0.26 | alpha 1.161 | complete
Ep 320 | 드론3 목적지32 |  509스텝 | 배송 32/32 | 재적재  5 | 중계율 0.20 | alpha 1.154 | complete
Ep 321 | 드론3 목적지56 | 1000스텝 | 배송 52/56 | 재적재  9 | 중계율 0.21 | alpha 1.143 | step_limit
Ep 322 | 드론3 목적지48 | 1000스텝 | 배송 46/48 | 재적재  8 | 중계율 0.34 | alpha 1.148 | step_limit
Ep 323 | 드론3 목적지30 |  358스텝 | 배송 30/30 | 재적재  4 | 중계율 0.11 | alpha 1.151 | complete
Ep 324 | 드론3 목적지40 |  834스텝 | 배송 40/40 | 재적재  5 | 중계율 0.33 | alpha 1.136 | complete
Ep 325 | 드론3 목적지79 | 1000스텝 | 배송 62/79 | 재적재 10 | 중계율 0.25 | alpha 1.122 | step_limit
Ep 326 | 드론3 목적지68 | 1000스텝 | 배송 59/68 | 재적재 11 | 중계율 0.26 | alpha 1.115 | step_limit
Ep 327 | 드론3 목적지31 |  615스텝 | 배송 31/31 | 재적재  6 | 중계율 0.28 | alpha 1.115 | complete
Ep 328 | 드론3 목적지48 |  839스텝 | 배송 48/48 | 재적재  9 | 중계율 0.19 | alpha 1.120 | complete
Ep 329 | 드론3 목적지55 | 1000스텝 | 배송 50/55 | 재적재  8 | 중계율 0.21 | alpha 1.107 | step_limit
Ep 330 | 드론3 목적지53 | 1000스텝 | 배송 51/53 | 재적재  8 | 중계율 0.32 | alpha 1.086 | step_limit
Ep 331 | 드론3 목적지69 | 1000스텝 | 배송 50/69 | 재적재  8 | 중계율 0.33 | alpha 1.082 | step_limit
Ep 332 | 드론3 목적지62 | 1000스텝 | 배송 55/62 | 재적재 10 | 중계율 0.30 | alpha 1.090 | step_limit
Ep 333 | 드론3 목적지27 |  596스텝 | 배송 27/27 | 재적재  3 | 중계율 0.32 | alpha 1.088 | complete
Ep 334 | 드론3 목적지69 | 1000스텝 | 배송 60/69 | 재적재 12 | 중계율 0.23 | alpha 1.087 | step_limit
Ep 335 | 드론3 목적지23 |  582스텝 | 배송 23/23 | 재적재  3 | 중계율 0.38 | alpha 1.073 | complete
Ep 336 | 드론3 목적지62 | 1000스텝 | 배송 58/62 | 재적재 10 | 중계율 0.30 | alpha 1.061 | step_limit
Ep 337 | 드론3 목적지58 | 1000스텝 | 배송 57/58 | 재적재 10 | 중계율 0.34 | alpha 1.061 | step_limit
Ep 338 | 드론3 목적지33 | 1000스텝 | 배송 30/33 | 재적재  6 | 중계율 0.36 | alpha 1.061 | step_limit
Ep 339 | 드론3 목적지37 |  796스텝 | 배송 37/37 | 재적재  5 | 중계율 0.43 | alpha 1.052 | complete
Ep 340 | 드론3 목적지20 |  592스텝 | 배송 20/20 | 재적재  3 | 중계율 0.37 | alpha 1.048 | complete
Ep 341 | 드론3 목적지68 | 1000스텝 | 배송 60/68 | 재적재 11 | 중계율 0.27 | alpha 1.038 | step_limit
Ep 342 | 드론3 목적지72 | 1000스텝 | 배송 70/72 | 재적재 13 | 중계율 0.20 | alpha 1.041 | step_limit
Ep 343 | 드론3 목적지24 |  571스텝 | 배송 24/24 | 재적재  3 | 중계율 0.33 | alpha 1.039 | complete
Ep 344 | 드론3 목적지70 | 1000스텝 | 배송 65/70 | 재적재 13 | 중계율 0.24 | alpha 1.049 | step_limit
Ep 345 | 드론3 목적지53 |  896스텝 | 배송 53/53 | 재적재  9 | 중계율 0.21 | alpha 1.029 | complete
Ep 346 | 드론3 목적지56 | 1000스텝 | 배송 50/56 | 재적재  8 | 중계율 0.30 | alpha 1.016 | step_limit
Ep 347 | 드론3 목적지57 | 1000스텝 | 배송 56/57 | 재적재 10 | 중계율 0.31 | alpha 0.992 | step_limit
Ep 348 | 드론3 목적지28 |  698스텝 | 배송 28/28 | 재적재  4 | 중계율 0.36 | alpha 0.981 | complete
Ep 349 | 드론3 목적지63 | 1000스텝 | 배송 59/63 | 재적재 11 | 중계율 0.26 | alpha 0.988 | step_limit
Ep 350 | 드론3 목적지22 |  434스텝 | 배송 22/22 | 재적재  2 | 중계율 0.32 | alpha 0.983 | complete
  [홀드아웃] 배송 50.0±0.3 완주 0.97 스텝 891 점수 104.5 재적재 7.6 2홉+ 0.60 | 최고 107.0@ep250 정체 2/15
Ep 351 | 드론3 목적지29 |  635스텝 | 배송 29/29 | 재적재  5 | 중계율 0.31 | alpha 0.987 | complete
Ep 352 | 드론3 목적지75 | 1000스텝 | 배송 57/75 | 재적재 11 | 중계율 0.32 | alpha 0.978 | step_limit
Ep 353 | 드론3 목적지76 | 1000스텝 | 배송 65/76 | 재적재 11 | 중계율 0.27 | alpha 0.990 | step_limit
Ep 354 | 드론3 목적지30 |  494스텝 | 배송 30/30 | 재적재  5 | 중계율 0.21 | alpha 0.986 | complete
Ep 355 | 드론3 목적지52 |  878스텝 | 배송 52/52 | 재적재  9 | 중계율 0.23 | alpha 0.968 | complete
Ep 356 | 드론3 목적지20 |  445스텝 | 배송 20/20 | 재적재  1 | 중계율 0.44 | alpha 0.955 | complete
Ep 357 | 드론3 목적지21 |  376스텝 | 배송 21/21 | 재적재  2 | 중계율 0.22 | alpha 0.952 | complete
Ep 358 | 드론3 목적지56 | 1000스텝 | 배송 55/56 | 재적재 11 | 중계율 0.33 | alpha 0.936 | step_limit
Ep 359 | 드론3 목적지44 |  786스텝 | 배송 44/44 | 재적재  7 | 중계율 0.32 | alpha 0.927 | complete
Ep 360 | 드론3 목적지58 | 1000스텝 | 배송 51/58 | 재적재  9 | 중계율 0.24 | alpha 0.918 | step_limit
Ep 361 | 드론3 목적지21 |  324스텝 | 배송 21/21 | 재적재  3 | 중계율 0.24 | alpha 0.917 | complete
Ep 362 | 드론3 목적지26 |  512스텝 | 배송 26/26 | 재적재  4 | 중계율 0.20 | alpha 0.918 | complete
Ep 363 | 드론3 목적지43 | 1000스텝 | 배송 41/43 | 재적재  8 | 중계율 0.29 | alpha 0.913 | step_limit
Ep 364 | 드론3 목적지59 | 1000스텝 | 배송 55/59 | 재적재  9 | 중계율 0.33 | alpha 0.915 | step_limit
Ep 365 | 드론3 목적지38 |  705스텝 | 배송 38/38 | 재적재  6 | 중계율 0.23 | alpha 0.929 | complete
Ep 366 | 드론3 목적지48 |  963스텝 | 배송 48/48 | 재적재  7 | 중계율 0.26 | alpha 0.917 | complete
Ep 367 | 드론3 목적지70 | 1000스텝 | 배송 60/70 | 재적재 10 | 중계율 0.26 | alpha 0.908 | step_limit
Ep 368 | 드론3 목적지36 |  836스텝 | 배송 36/36 | 재적재  7 | 중계율 0.37 | alpha 0.910 | complete
Ep 369 | 드론3 목적지65 | 1000스텝 | 배송 60/65 | 재적재 10 | 중계율 0.35 | alpha 0.902 | step_limit
Ep 370 | 드론3 목적지74 | 1000스텝 | 배송 60/74 | 재적재 12 | 중계율 0.26 | alpha 0.902 | step_limit
Ep 371 | 드론3 목적지58 | 1000스텝 | 배송 53/58 | 재적재 10 | 중계율 0.28 | alpha 0.901 | step_limit
Ep 372 | 드론3 목적지41 |  777스텝 | 배송 41/41 | 재적재  7 | 중계율 0.33 | alpha 0.908 | complete
Ep 373 | 드론3 목적지59 | 1000스텝 | 배송 58/59 | 재적재 11 | 중계율 0.24 | alpha 0.887 | step_limit
Ep 374 | 드론3 목적지50 |  950스텝 | 배송 50/50 | 재적재  9 | 중계율 0.33 | alpha 0.877 | complete
Ep 375 | 드론3 목적지43 |  850스텝 | 배송 43/43 | 재적재  6 | 중계율 0.29 | alpha 0.873 | complete
Ep 376 | 드론3 목적지59 | 1000스텝 | 배송 56/59 | 재적재 10 | 중계율 0.25 | alpha 0.863 | step_limit
Ep 377 | 드론3 목적지72 | 1000스텝 | 배송 65/72 | 재적재 10 | 중계율 0.33 | alpha 0.867 | step_limit
Ep 378 | 드론3 목적지48 | 1000스텝 | 배송 44/48 | 재적재  8 | 중계율 0.35 | alpha 0.873 | step_limit
Ep 379 | 드론3 목적지44 | 1000스텝 | 배송 43/44 | 재적재  8 | 중계율 0.31 | alpha 0.856 | step_limit
Ep 380 | 드론3 목적지73 | 1000스텝 | 배송 62/73 | 재적재 10 | 중계율 0.22 | alpha 0.837 | step_limit
Ep 381 | 드론3 목적지26 |  971스텝 | 배송 26/26 | 재적재  5 | 중계율 0.39 | alpha 0.824 | complete
Ep 382 | 드론3 목적지78 | 1000스텝 | 배송 65/78 | 재적재 11 | 중계율 0.29 | alpha 0.821 | step_limit
Ep 383 | 드론3 목적지66 | 1000스텝 | 배송 62/66 | 재적재 11 | 중계율 0.27 | alpha 0.815 | step_limit
Ep 384 | 드론3 목적지33 |  912스텝 | 배송 33/33 | 재적재  5 | 중계율 0.40 | alpha 0.800 | complete
Ep 385 | 드론3 목적지37 |  586스텝 | 배송 37/37 | 재적재  5 | 중계율 0.19 | alpha 0.792 | complete
Ep 386 | 드론3 목적지60 | 1000스텝 | 배송 59/60 | 재적재 10 | 중계율 0.33 | alpha 0.787 | step_limit
Ep 387 | 드론3 목적지36 | 1000스텝 | 배송 31/36 | 재적재  6 | 중계율 0.37 | alpha 0.779 | step_limit
Ep 388 | 드론3 목적지45 |  962스텝 | 배송 45/45 | 재적재  7 | 중계율 0.34 | alpha 0.773 | complete
Ep 389 | 드론3 목적지24 |  524스텝 | 배송 24/24 | 재적재  2 | 중계율 0.40 | alpha 0.773 | complete
Ep 390 | 드론3 목적지41 |  714스텝 | 배송 41/41 | 재적재  7 | 중계율 0.22 | alpha 0.758 | complete
Ep 391 | 드론3 목적지69 | 1000스텝 | 배송 56/69 | 재적재  9 | 중계율 0.31 | alpha 0.744 | step_limit
Ep 392 | 드론3 목적지77 | 1000스텝 | 배송 60/77 | 재적재 10 | 중계율 0.30 | alpha 0.730 | step_limit
Ep 393 | 드론3 목적지43 |  829스텝 | 배송 43/43 | 재적재  8 | 중계율 0.28 | alpha 0.709 | complete
Ep 394 | 드론3 목적지54 |  755스텝 | 배송 54/54 | 재적재  9 | 중계율 0.19 | alpha 0.703 | complete
Ep 395 | 드론3 목적지36 |  695스텝 | 배송 36/36 | 재적재  6 | 중계율 0.25 | alpha 0.694 | complete
Ep 396 | 드론3 목적지50 |  987스텝 | 배송 50/50 | 재적재  9 | 중계율 0.36 | alpha 0.679 | complete
Ep 397 | 드론3 목적지35 |  720스텝 | 배송 35/35 | 재적재  5 | 중계율 0.36 | alpha 0.668 | complete
Ep 398 | 드론3 목적지52 |  973스텝 | 배송 52/52 | 재적재  9 | 중계율 0.30 | alpha 0.662 | complete
Ep 399 | 드론3 목적지54 | 1000스텝 | 배송 51/54 | 재적재 10 | 중계율 0.25 | alpha 0.655 | step_limit
Ep 400 | 드론3 목적지53 | 1000스텝 | 배송 52/53 | 재적재  8 | 중계율 0.35 | alpha 0.647 | step_limit
  [홀드아웃] 배송 50.0±0.4 완주 0.99 스텝 863 점수 105.9 재적재 7.3 2홉+ 0.60 | 최고 107.0@ep250 정체 3/15
Ep 401 | 드론3 목적지26 |  508스텝 | 배송 26/26 | 재적재  4 | 중계율 0.35 | alpha 0.648 | complete
Ep 402 | 드론3 목적지33 |  795스텝 | 배송 33/33 | 재적재  6 | 중계율 0.35 | alpha 0.652 | complete
Ep 403 | 드론3 목적지23 |  469스텝 | 배송 23/23 | 재적재  3 | 중계율 0.33 | alpha 0.655 | complete
Ep 404 | 드론3 목적지63 | 1000스텝 | 배송 60/63 | 재적재 11 | 중계율 0.32 | alpha 0.667 | step_limit
Ep 405 | 드론3 목적지45 |  807스텝 | 배송 45/45 | 재적재  8 | 중계율 0.27 | alpha 0.675 | complete
Ep 406 | 드론3 목적지51 | 1000스텝 | 배송 45/51 | 재적재  8 | 중계율 0.32 | alpha 0.681 | step_limit
Ep 407 | 드론3 목적지40 |  685스텝 | 배송 40/40 | 재적재  7 | 중계율 0.19 | alpha 0.686 | complete
Ep 408 | 드론3 목적지47 |  769스텝 | 배송 47/47 | 재적재  7 | 중계율 0.29 | alpha 0.692 | complete
Ep 409 | 드론3 목적지73 | 1000스텝 | 배송 63/73 | 재적재 12 | 중계율 0.18 | alpha 0.699 | step_limit
Ep 410 | 드론3 목적지50 | 1000스텝 | 배송 46/50 | 재적재  8 | 중계율 0.31 | alpha 0.713 | step_limit
Ep 411 | 드론3 목적지29 |  588스텝 | 배송 29/29 | 재적재  4 | 중계율 0.30 | alpha 0.721 | complete
Ep 412 | 드론3 목적지36 |  514스텝 | 배송 36/36 | 재적재  5 | 중계율 0.23 | alpha 0.731 | complete
Ep 413 | 드론3 목적지45 |  668스텝 | 배송 45/45 | 재적재  7 | 중계율 0.26 | alpha 0.742 | complete
Ep 414 | 드론3 목적지49 |  945스텝 | 배송 49/49 | 재적재  9 | 중계율 0.28 | alpha 0.752 | complete
Ep 415 | 드론3 목적지20 |  538스텝 | 배송 20/20 | 재적재  3 | 중계율 0.33 | alpha 0.754 | complete
Ep 416 | 드론3 목적지57 |  982스텝 | 배송 57/57 | 재적재 10 | 중계율 0.29 | alpha 0.765 | complete
Ep 417 | 드론3 목적지30 |  563스텝 | 배송 30/30 | 재적재  4 | 중계율 0.40 | alpha 0.774 | complete
Ep 418 | 드론3 목적지78 | 1000스텝 | 배송 65/78 | 재적재 13 | 중계율 0.24 | alpha 0.779 | step_limit
Ep 419 | 드론3 목적지50 |  930스텝 | 배송 50/50 | 재적재  7 | 중계율 0.29 | alpha 0.786 | complete
Ep 420 | 드론3 목적지32 |  707스텝 | 배송 32/32 | 재적재  4 | 중계율 0.27 | alpha 0.787 | complete
Ep 421 | 드론3 목적지49 |  982스텝 | 배송 49/49 | 재적재  8 | 중계율 0.28 | alpha 0.788 | complete
Ep 422 | 드론3 목적지78 | 1000스텝 | 배송 68/78 | 재적재 13 | 중계율 0.26 | alpha 0.798 | step_limit
Ep 423 | 드론3 목적지56 |  914스텝 | 배송 56/56 | 재적재 11 | 중계율 0.27 | alpha 0.801 | complete
Ep 424 | 드론3 목적지38 |  669스텝 | 배송 38/38 | 재적재  6 | 중계율 0.29 | alpha 0.810 | complete
Ep 425 | 드론3 목적지36 |  630스텝 | 배송 36/36 | 재적재  5 | 중계율 0.25 | alpha 0.813 | complete
Ep 426 | 드론3 목적지21 |  423스텝 | 배송 21/21 | 재적재  2 | 중계율 0.23 | alpha 0.810 | complete
Ep 427 | 드론3 목적지70 | 1000스텝 | 배송 61/70 | 재적재 11 | 중계율 0.28 | alpha 0.806 | step_limit
Ep 428 | 드론3 목적지48 |  821스텝 | 배송 48/48 | 재적재  7 | 중계율 0.19 | alpha 0.802 | complete
Ep 429 | 드론3 목적지78 | 1000스텝 | 배송 70/78 | 재적재 11 | 중계율 0.24 | alpha 0.795 | step_limit
Ep 430 | 드론3 목적지29 |  559스텝 | 배송 29/29 | 재적재  3 | 중계율 0.34 | alpha 0.793 | complete
Ep 431 | 드론3 목적지45 |  841스텝 | 배송 45/45 | 재적재  7 | 중계율 0.27 | alpha 0.792 | complete
Ep 432 | 드론3 목적지39 |  605스텝 | 배송 39/39 | 재적재  7 | 중계율 0.25 | alpha 0.795 | complete
Ep 433 | 드론3 목적지26 |  409스텝 | 배송 26/26 | 재적재  3 | 중계율 0.27 | alpha 0.797 | complete
Ep 434 | 드론3 목적지62 |  928스텝 | 배송 62/62 | 재적재 12 | 중계율 0.26 | alpha 0.810 | complete
Ep 435 | 드론3 목적지29 |  523스텝 | 배송 29/29 | 재적재  4 | 중계율 0.26 | alpha 0.820 | complete
Ep 436 | 드론3 목적지59 | 1000스텝 | 배송 56/59 | 재적재 10 | 중계율 0.35 | alpha 0.838 | step_limit
Ep 437 | 드론3 목적지22 |  467스텝 | 배송 22/22 | 재적재  4 | 중계율 0.27 | alpha 0.840 | complete
Ep 438 | 드론3 목적지69 | 1000스텝 | 배송 61/69 | 재적재 11 | 중계율 0.23 | alpha 0.846 | step_limit
Ep 439 | 드론3 목적지34 |  637스텝 | 배송 34/34 | 재적재  5 | 중계율 0.34 | alpha 0.857 | complete
Ep 440 | 드론3 목적지38 |  812스텝 | 배송 38/38 | 재적재  6 | 중계율 0.33 | alpha 0.858 | complete
Ep 441 | 드론3 목적지41 |  906스텝 | 배송 41/41 | 재적재  7 | 중계율 0.39 | alpha 0.853 | complete
Ep 442 | 드론3 목적지40 |  685스텝 | 배송 40/40 | 재적재  7 | 중계율 0.22 | alpha 0.849 | complete
Ep 443 | 드론3 목적지25 |  559스텝 | 배송 25/25 | 재적재  4 | 중계율 0.33 | alpha 0.845 | complete
Ep 444 | 드론3 목적지49 |  834스텝 | 배송 49/49 | 재적재  8 | 중계율 0.28 | alpha 0.839 | complete
Ep 445 | 드론3 목적지44 |  928스텝 | 배송 44/44 | 재적재  8 | 중계율 0.32 | alpha 0.842 | complete
Ep 446 | 드론3 목적지67 | 1000스텝 | 배송 64/67 | 재적재 11 | 중계율 0.18 | alpha 0.847 | step_limit
Ep 447 | 드론3 목적지73 | 1000스텝 | 배송 72/73 | 재적재 13 | 중계율 0.26 | alpha 0.846 | step_limit
Ep 448 | 드론3 목적지75 | 1000스텝 | 배송 65/75 | 재적재 11 | 중계율 0.23 | alpha 0.842 | step_limit
Ep 449 | 드론3 목적지54 | 1000스텝 | 배송 53/54 | 재적재  9 | 중계율 0.35 | alpha 0.857 | step_limit
Ep 450 | 드론3 목적지39 |  699스텝 | 배송 39/39 | 재적재  6 | 중계율 0.27 | alpha 0.859 | complete
  [홀드아웃] 배송 49.5±2.9 완주 0.96 스텝 836 점수 103.5 재적재 7.3 2홉+ 0.60 | 최고 107.0@ep250 정체 4/15
Ep 451 | 드론3 목적지32 |  464스텝 | 배송 32/32 | 재적재  5 | 중계율 0.22 | alpha 0.860 | complete
Ep 452 | 드론3 목적지34 |  701스텝 | 배송 34/34 | 재적재  5 | 중계율 0.32 | alpha 0.855 | complete
Ep 453 | 드론3 목적지60 | 1000스텝 | 배송 56/60 | 재적재 10 | 중계율 0.28 | alpha 0.866 | step_limit
Ep 454 | 드론3 목적지48 | 1000스텝 | 배송 46/48 | 재적재  9 | 중계율 0.29 | alpha 0.879 | step_limit
Ep 455 | 드론3 목적지70 | 1000스텝 | 배송 62/70 | 재적재 12 | 중계율 0.27 | alpha 0.875 | step_limit
Ep 456 | 드론3 목적지25 |  398스텝 | 배송 25/25 | 재적재  4 | 중계율 0.20 | alpha 0.873 | complete
Ep 457 | 드론3 목적지27 |  668스텝 | 배송 27/27 | 재적재  4 | 중계율 0.36 | alpha 0.864 | complete
Ep 458 | 드론3 목적지72 | 1000스텝 | 배송 60/72 | 재적재 12 | 중계율 0.31 | alpha 0.860 | step_limit
Ep 459 | 드론3 목적지29 |  503스텝 | 배송 29/29 | 재적재  3 | 중계율 0.31 | alpha 0.863 | complete
Ep 460 | 드론3 목적지78 | 1000스텝 | 배송 65/78 | 재적재 11 | 중계율 0.24 | alpha 0.874 | step_limit
Ep 461 | 드론3 목적지57 | 1000스텝 | 배송 50/57 | 재적재  8 | 중계율 0.33 | alpha 0.871 | step_limit
Ep 462 | 드론3 목적지35 |  687스텝 | 배송 35/35 | 재적재  5 | 중계율 0.16 | alpha 0.863 | complete
Ep 463 | 드론3 목적지55 |  872스텝 | 배송 55/55 | 재적재 10 | 중계율 0.20 | alpha 0.861 | complete
Ep 464 | 드론3 목적지52 |  974스텝 | 배송 52/52 | 재적재  8 | 중계율 0.29 | alpha 0.856 | complete
Ep 465 | 드론3 목적지74 | 1000스텝 | 배송 59/74 | 재적재 10 | 중계율 0.26 | alpha 0.841 | step_limit
Ep 466 | 드론3 목적지67 | 1000스텝 | 배송 42/67 | 재적재  6 | 중계율 0.25 | alpha 0.831 | step_limit
Ep 467 | 드론3 목적지34 |  535스텝 | 배송 34/34 | 재적재  6 | 중계율 0.28 | alpha 0.822 | complete
Ep 468 | 드론3 목적지73 | 1000스텝 | 배송 61/73 | 재적재 11 | 중계율 0.29 | alpha 0.813 | step_limit
Ep 469 | 드론3 목적지37 |  777스텝 | 배송 37/37 | 재적재  6 | 중계율 0.27 | alpha 0.808 | complete
Ep 470 | 드론3 목적지75 | 1000스텝 | 배송 64/75 | 재적재 12 | 중계율 0.33 | alpha 0.794 | step_limit
Ep 471 | 드론3 목적지26 |  524스텝 | 배송 26/26 | 재적재  3 | 중계율 0.30 | alpha 0.792 | complete
Ep 472 | 드론3 목적지76 | 1000스텝 | 배송 64/76 | 재적재 11 | 중계율 0.25 | alpha 0.791 | step_limit
Ep 473 | 드론3 목적지24 |  390스텝 | 배송 24/24 | 재적재  3 | 중계율 0.22 | alpha 0.792 | complete
Ep 474 | 드론3 목적지24 |  424스텝 | 배송 24/24 | 재적재  3 | 중계율 0.22 | alpha 0.790 | complete
Ep 475 | 드론3 목적지72 | 1000스텝 | 배송 56/72 | 재적재 11 | 중계율 0.23 | alpha 0.793 | step_limit
Ep 476 | 드론3 목적지22 |  459스텝 | 배송 22/22 | 재적재  4 | 중계율 0.39 | alpha 0.793 | complete
Ep 477 | 드론3 목적지45 |  818스텝 | 배송 45/45 | 재적재  7 | 중계율 0.33 | alpha 0.791 | complete
Ep 478 | 드론3 목적지68 | 1000스텝 | 배송 58/68 | 재적재  9 | 중계율 0.28 | alpha 0.784 | step_limit
Ep 479 | 드론3 목적지68 | 1000스텝 | 배송 60/68 | 재적재 10 | 중계율 0.27 | alpha 0.789 | step_limit
Ep 480 | 드론3 목적지25 |  514스텝 | 배송 25/25 | 재적재  4 | 중계율 0.26 | alpha 0.786 | complete
Ep 481 | 드론3 목적지20 |  483스텝 | 배송 20/20 | 재적재  2 | 중계율 0.35 | alpha 0.781 | complete
Ep 482 | 드론3 목적지21 |  365스텝 | 배송 21/21 | 재적재  2 | 중계율 0.29 | alpha 0.780 | complete
Ep 483 | 드론3 목적지33 |  788스텝 | 배송 33/33 | 재적재  5 | 중계율 0.27 | alpha 0.772 | complete
Ep 484 | 드론3 목적지33 |  695스텝 | 배송 33/33 | 재적재  6 | 중계율 0.24 | alpha 0.774 | complete
Ep 485 | 드론3 목적지62 | 1000스텝 | 배송 61/62 | 재적재 10 | 중계율 0.20 | alpha 0.779 | step_limit
Ep 486 | 드론3 목적지70 | 1000스텝 | 배송 66/70 | 재적재 13 | 중계율 0.24 | alpha 0.791 | step_limit
Ep 487 | 드론3 목적지29 |  522스텝 | 배송 29/29 | 재적재  5 | 중계율 0.22 | alpha 0.788 | complete
Ep 488 | 드론3 목적지38 |  695스텝 | 배송 38/38 | 재적재  6 | 중계율 0.30 | alpha 0.792 | complete
Ep 489 | 드론3 목적지42 |  803스텝 | 배송 42/42 | 재적재  6 | 중계율 0.39 | alpha 0.794 | complete
Ep 490 | 드론3 목적지78 | 1000스텝 | 배송 65/78 | 재적재 11 | 중계율 0.23 | alpha 0.807 | step_limit
Ep 491 | 드론3 목적지77 | 1000스텝 | 배송 68/77 | 재적재 11 | 중계율 0.29 | alpha 0.809 | step_limit
Ep 492 | 드론3 목적지53 |  998스텝 | 배송 53/53 | 재적재  9 | 중계율 0.22 | alpha 0.823 | complete
Ep 493 | 드론3 목적지62 | 1000스텝 | 배송 55/62 | 재적재 11 | 중계율 0.32 | alpha 0.829 | step_limit
Ep 494 | 드론3 목적지65 | 1000스텝 | 배송 58/65 | 재적재 11 | 중계율 0.31 | alpha 0.834 | step_limit
Ep 495 | 드론3 목적지65 | 1000스텝 | 배송 58/65 | 재적재 11 | 중계율 0.29 | alpha 0.838 | step_limit
Ep 496 | 드론3 목적지30 |  654스텝 | 배송 30/30 | 재적재  5 | 중계율 0.27 | alpha 0.839 | complete
Ep 497 | 드론3 목적지31 |  699스텝 | 배송 31/31 | 재적재  5 | 중계율 0.29 | alpha 0.835 | complete
Ep 498 | 드론3 목적지79 | 1000스텝 | 배송 65/79 | 재적재 12 | 중계율 0.26 | alpha 0.838 | step_limit
Ep 499 | 드론3 목적지35 |  575스텝 | 배송 35/35 | 재적재  5 | 중계율 0.29 | alpha 0.836 | complete
Ep 500 | 드론3 목적지63 |  954스텝 | 배송 63/63 | 재적재 12 | 중계율 0.19 | alpha 0.846 | complete
  [홀드아웃] 배송 49.4±3.0 완주 0.95 스텝 846 점수 102.2 재적재 7.5 2홉+ 0.60 | 최고 107.0@ep250 정체 5/15
Ep 501 | 드론3 목적지72 | 1000스텝 | 배송 67/72 | 재적재 11 | 중계율 0.19 | alpha 0.853 | step_limit
Ep 502 | 드론3 목적지36 |  728스텝 | 배송 36/36 | 재적재  6 | 중계율 0.31 | alpha 0.861 | complete
Ep 503 | 드론3 목적지75 | 1000스텝 | 배송 70/75 | 재적재 12 | 중계율 0.27 | alpha 0.871 | step_limit
Ep 504 | 드론3 목적지57 |  968스텝 | 배송 57/57 | 재적재 10 | 중계율 0.34 | alpha 0.873 | complete
Ep 505 | 드론3 목적지44 |  710스텝 | 배송 44/44 | 재적재  7 | 중계율 0.27 | alpha 0.869 | complete
Ep 506 | 드론3 목적지44 |  723스텝 | 배송 44/44 | 재적재  7 | 중계율 0.21 | alpha 0.871 | complete
Ep 507 | 드론3 목적지30 |  617스텝 | 배송 30/30 | 재적재  4 | 중계율 0.30 | alpha 0.877 | complete
Ep 508 | 드론3 목적지58 | 1000스텝 | 배송 55/58 | 재적재  8 | 중계율 0.24 | alpha 0.875 | step_limit
Ep 509 | 드론3 목적지54 | 1000스텝 | 배송 47/54 | 재적재  9 | 중계율 0.35 | alpha 0.891 | step_limit
Ep 510 | 드론3 목적지34 |  777스텝 | 배송 34/34 | 재적재  6 | 중계율 0.34 | alpha 0.899 | complete
Ep 511 | 드론3 목적지59 | 1000스텝 | 배송 58/59 | 재적재 11 | 중계율 0.30 | alpha 0.914 | step_limit
Ep 512 | 드론3 목적지30 |  519스텝 | 배송 30/30 | 재적재  5 | 중계율 0.21 | alpha 0.921 | complete
Ep 513 | 드론3 목적지46 |  992스텝 | 배송 46/46 | 재적재  8 | 중계율 0.19 | alpha 0.916 | complete
Ep 514 | 드론3 목적지30 |  629스텝 | 배송 30/30 | 재적재  4 | 중계율 0.38 | alpha 0.925 | complete
Ep 515 | 드론3 목적지23 |  482스텝 | 배송 23/23 | 재적재  3 | 중계율 0.32 | alpha 0.930 | complete
Ep 516 | 드론3 목적지28 |  430스텝 | 배송 28/28 | 재적재  3 | 중계율 0.28 | alpha 0.935 | complete
Ep 517 | 드론3 목적지50 |  967스텝 | 배송 50/50 | 재적재  8 | 중계율 0.37 | alpha 0.939 | complete
Ep 518 | 드론3 목적지66 | 1000스텝 | 배송 53/66 | 재적재  9 | 중계율 0.33 | alpha 0.947 | step_limit
Ep 519 | 드론3 목적지29 |  842스텝 | 배송 29/29 | 재적재  4 | 중계율 0.41 | alpha 0.946 | complete
Ep 520 | 드론3 목적지24 |  542스텝 | 배송 24/24 | 재적재  4 | 중계율 0.33 | alpha 0.944 | complete
Ep 521 | 드론3 목적지20 |  370스텝 | 배송 20/20 | 재적재  3 | 중계율 0.22 | alpha 0.945 | complete
Ep 522 | 드론3 목적지53 |  989스텝 | 배송 53/53 | 재적재  9 | 중계율 0.24 | alpha 0.962 | complete
Ep 523 | 드론3 목적지50 |  928스텝 | 배송 50/50 | 재적재  9 | 중계율 0.29 | alpha 0.971 | complete
Ep 524 | 드론3 목적지25 |  535스텝 | 배송 25/25 | 재적재  3 | 중계율 0.32 | alpha 0.974 | complete
Ep 525 | 드론3 목적지79 | 1000스텝 | 배송 66/79 | 재적재 12 | 중계율 0.19 | alpha 0.988 | step_limit
Ep 526 | 드론3 목적지57 | 1000스텝 | 배송 50/57 | 재적재  8 | 중계율 0.33 | alpha 0.985 | step_limit
Ep 527 | 드론3 목적지20 |  557스텝 | 배송 20/20 | 재적재  3 | 중계율 0.33 | alpha 0.990 | complete
Ep 528 | 드론3 목적지36 |  747스텝 | 배송 36/36 | 재적재  5 | 중계율 0.34 | alpha 0.983 | complete
Ep 529 | 드론3 목적지39 |  572스텝 | 배송 39/39 | 재적재  6 | 중계율 0.20 | alpha 0.991 | complete
Ep 530 | 드론3 목적지38 |  600스텝 | 배송 38/38 | 재적재  7 | 중계율 0.19 | alpha 0.998 | complete
Ep 531 | 드론3 목적지35 |  505스텝 | 배송 35/35 | 재적재  5 | 중계율 0.22 | alpha 0.997 | complete
Ep 532 | 드론3 목적지48 |  983스텝 | 배송 48/48 | 재적재  7 | 중계율 0.38 | alpha 1.001 | complete
Ep 533 | 드론3 목적지50 |  740스텝 | 배송 50/50 | 재적재  8 | 중계율 0.20 | alpha 0.999 | complete
Ep 534 | 드론3 목적지62 | 1000스텝 | 배송 55/62 | 재적재  9 | 중계율 0.37 | alpha 0.998 | step_limit
Ep 535 | 드론3 목적지31 |  672스텝 | 배송 31/31 | 재적재  5 | 중계율 0.34 | alpha 1.001 | complete
Ep 536 | 드론3 목적지48 |  837스텝 | 배송 48/48 | 재적재  8 | 중계율 0.31 | alpha 1.003 | complete
Ep 537 | 드론3 목적지26 |  566스텝 | 배송 26/26 | 재적재  4 | 중계율 0.34 | alpha 1.009 | complete
Ep 538 | 드론3 목적지31 |  687스텝 | 배송 31/31 | 재적재  5 | 중계율 0.36 | alpha 1.005 | complete
Ep 539 | 드론3 목적지25 |  474스텝 | 배송 25/25 | 재적재  3 | 중계율 0.39 | alpha 1.003 | complete
Ep 540 | 드론3 목적지52 | 1000스텝 | 배송 50/52 | 재적재  9 | 중계율 0.32 | alpha 1.011 | step_limit
Ep 541 | 드론3 목적지43 |  810스텝 | 배송 43/43 | 재적재  7 | 중계율 0.32 | alpha 1.006 | complete
Ep 542 | 드론3 목적지41 |  805스텝 | 배송 41/41 | 재적재  8 | 중계율 0.24 | alpha 1.005 | complete
Ep 543 | 드론3 목적지52 | 1000스텝 | 배송 50/52 | 재적재  9 | 중계율 0.39 | alpha 0.995 | step_limit
Ep 544 | 드론3 목적지75 | 1000스텝 | 배송 65/75 | 재적재 11 | 중계율 0.28 | alpha 1.003 | step_limit
Ep 545 | 드론3 목적지71 | 1000스텝 | 배송 66/71 | 재적재 12 | 중계율 0.21 | alpha 0.988 | step_limit
Ep 546 | 드론3 목적지64 | 1000스텝 | 배송 57/64 | 재적재 11 | 중계율 0.29 | alpha 0.984 | step_limit
Ep 547 | 드론3 목적지58 |  962스텝 | 배송 58/58 | 재적재 11 | 중계율 0.32 | alpha 0.988 | complete
Ep 548 | 드론3 목적지38 |  831스텝 | 배송 38/38 | 재적재  7 | 중계율 0.30 | alpha 0.992 | complete
Ep 549 | 드론3 목적지61 |  904스텝 | 배송 61/61 | 재적재 11 | 중계율 0.25 | alpha 0.985 | complete
Ep 550 | 드론3 목적지37 |  735스텝 | 배송 37/37 | 재적재  5 | 중계율 0.32 | alpha 0.981 | complete
  [홀드아웃] 배송 49.8±1.2 완주 0.96 스텝 871 점수 103.3 재적재 7.7 2홉+ 0.60 | 최고 107.0@ep250 정체 6/15
Ep 551 | 드론3 목적지61 | 1000스텝 | 배송 51/61 | 재적재 10 | 중계율 0.33 | alpha 0.985 | step_limit
Ep 552 | 드론3 목적지73 | 1000스텝 | 배송 67/73 | 재적재 12 | 중계율 0.20 | alpha 0.997 | step_limit
Ep 553 | 드론3 목적지55 | 1000스텝 | 배송 50/55 | 재적재  7 | 중계율 0.43 | alpha 0.998 | step_limit
Ep 554 | 드론3 목적지46 |  866스텝 | 배송 46/46 | 재적재  9 | 중계율 0.31 | alpha 0.997 | complete
Ep 555 | 드론3 목적지71 | 1000스텝 | 배송 67/71 | 재적재 12 | 중계율 0.19 | alpha 1.003 | step_limit
Ep 556 | 드론3 목적지46 |  881스텝 | 배송 46/46 | 재적재  9 | 중계율 0.38 | alpha 0.993 | complete
Ep 557 | 드론3 목적지49 |  960스텝 | 배송 49/49 | 재적재  7 | 중계율 0.34 | alpha 0.989 | complete
Ep 558 | 드론3 목적지80 | 1000스텝 | 배송 54/80 | 재적재  9 | 중계율 0.22 | alpha 0.983 | step_limit
Ep 559 | 드론3 목적지22 |  607스텝 | 배송 22/22 | 재적재  3 | 중계율 0.36 | alpha 0.988 | complete
Ep 560 | 드론3 목적지42 |  833스텝 | 배송 42/42 | 재적재  7 | 중계율 0.27 | alpha 0.981 | complete
Ep 561 | 드론3 목적지67 | 1000스텝 | 배송 64/67 | 재적재 11 | 중계율 0.21 | alpha 0.984 | step_limit
Ep 562 | 드론3 목적지50 |  911스텝 | 배송 50/50 | 재적재  7 | 중계율 0.40 | alpha 0.993 | complete
Ep 563 | 드론3 목적지55 | 1000스텝 | 배송 54/55 | 재적재  9 | 중계율 0.24 | alpha 1.004 | step_limit
Ep 564 | 드론3 목적지72 | 1000스텝 | 배송 59/72 | 재적재 10 | 중계율 0.25 | alpha 1.012 | step_limit
Ep 565 | 드론3 목적지66 | 1000스텝 | 배송 62/66 | 재적재 12 | 중계율 0.26 | alpha 1.026 | step_limit
Ep 566 | 드론3 목적지28 |  599스텝 | 배송 28/28 | 재적재  4 | 중계율 0.35 | alpha 1.035 | complete
Ep 567 | 드론3 목적지74 | 1000스텝 | 배송 57/74 | 재적재 11 | 중계율 0.20 | alpha 1.032 | step_limit
Ep 568 | 드론3 목적지39 |  740스텝 | 배송 39/39 | 재적재  7 | 중계율 0.27 | alpha 1.019 | complete
Ep 569 | 드론3 목적지46 | 1000스텝 | 배송 45/46 | 재적재  8 | 중계율 0.28 | alpha 1.007 | step_limit
Ep 570 | 드론3 목적지73 | 1000스텝 | 배송 59/73 | 재적재 11 | 중계율 0.17 | alpha 1.008 | step_limit
Ep 571 | 드론3 목적지54 |  868스텝 | 배송 54/54 | 재적재  9 | 중계율 0.32 | alpha 1.014 | complete
Ep 572 | 드론3 목적지23 |  550스텝 | 배송 23/23 | 재적재  4 | 중계율 0.36 | alpha 1.011 | complete
Ep 573 | 드론3 목적지75 | 1000스텝 | 배송 67/75 | 재적재 11 | 중계율 0.27 | alpha 1.002 | step_limit
Ep 574 | 드론3 목적지44 |  782스텝 | 배송 44/44 | 재적재  8 | 중계율 0.23 | alpha 0.992 | complete
Ep 575 | 드론3 목적지64 | 1000스텝 | 배송 60/64 | 재적재 10 | 중계율 0.31 | alpha 0.986 | step_limit
Ep 576 | 드론3 목적지77 | 1000스텝 | 배송 76/77 | 재적재 14 | 중계율 0.21 | alpha 0.985 | step_limit
Ep 577 | 드론3 목적지21 |  568스텝 | 배송 21/21 | 재적재  2 | 중계율 0.40 | alpha 0.978 | complete
Ep 578 | 드론3 목적지56 | 1000스텝 | 배송 45/56 | 재적재  7 | 중계율 0.36 | alpha 0.975 | step_limit
Ep 579 | 드론3 목적지80 | 1000스텝 | 배송 65/80 | 재적재 13 | 중계율 0.31 | alpha 0.965 | step_limit
Ep 580 | 드론3 목적지46 |  678스텝 | 배송 46/46 | 재적재  7 | 중계율 0.22 | alpha 0.959 | complete
Ep 581 | 드론3 목적지40 |  644스텝 | 배송 40/40 | 재적재  6 | 중계율 0.20 | alpha 0.957 | complete
Ep 582 | 드론3 목적지33 |  645스텝 | 배송 33/33 | 재적재  5 | 중계율 0.37 | alpha 0.964 | complete
Ep 583 | 드론3 목적지65 | 1000스텝 | 배송 55/65 | 재적재  8 | 중계율 0.27 | alpha 0.958 | step_limit
Ep 584 | 드론3 목적지67 |  940스텝 | 배송 67/67 | 재적재 13 | 중계율 0.21 | alpha 0.957 | complete
Ep 585 | 드론3 목적지71 | 1000스텝 | 배송 61/71 | 재적재 12 | 중계율 0.22 | alpha 0.963 | step_limit
Ep 586 | 드론3 목적지61 | 1000스텝 | 배송 57/61 | 재적재  9 | 중계율 0.28 | alpha 0.972 | step_limit
Ep 587 | 드론3 목적지76 | 1000스텝 | 배송 65/76 | 재적재 10 | 중계율 0.19 | alpha 0.968 | step_limit
Ep 588 | 드론3 목적지71 | 1000스텝 | 배송 70/71 | 재적재 13 | 중계율 0.21 | alpha 0.960 | step_limit
Ep 589 | 드론3 목적지73 | 1000스텝 | 배송 60/73 | 재적재 11 | 중계율 0.26 | alpha 0.960 | step_limit
Ep 590 | 드론3 목적지51 |  974스텝 | 배송 51/51 | 재적재  9 | 중계율 0.37 | alpha 0.963 | complete
Ep 591 | 드론3 목적지60 | 1000스텝 | 배송 55/60 | 재적재  9 | 중계율 0.37 | alpha 0.958 | step_limit
Ep 592 | 드론3 목적지60 | 1000스텝 | 배송 58/60 | 재적재 11 | 중계율 0.34 | alpha 0.959 | step_limit
Ep 593 | 드론3 목적지21 |  554스텝 | 배송 21/21 | 재적재  3 | 중계율 0.37 | alpha 0.963 | complete
Ep 594 | 드론3 목적지71 |  928스텝 | 배송 71/71 | 재적재 13 | 중계율 0.16 | alpha 0.967 | complete
Ep 595 | 드론3 목적지47 |  862스텝 | 배송 47/47 | 재적재  7 | 중계율 0.27 | alpha 0.970 | complete
Ep 596 | 드론3 목적지49 | 1000스텝 | 배송 48/49 | 재적재  9 | 중계율 0.34 | alpha 0.968 | step_limit
Ep 597 | 드론3 목적지52 |  787스텝 | 배송 52/52 | 재적재 10 | 중계율 0.23 | alpha 0.977 | complete
Ep 598 | 드론3 목적지21 |  469스텝 | 배송 21/21 | 재적재  3 | 중계율 0.33 | alpha 0.972 | complete
Ep 599 | 드론3 목적지29 |  563스텝 | 배송 29/29 | 재적재  4 | 중계율 0.28 | alpha 0.975 | complete
Ep 600 | 드론3 목적지34 |  677스텝 | 배송 34/34 | 재적재  5 | 중계율 0.41 | alpha 0.992 | complete
  [홀드아웃] 배송 48.8±4.5 완주 0.93 스텝 831 점수 99.7 재적재 7.3 2홉+ 0.60 | 최고 107.0@ep250 정체 7/15
Ep 601 | 드론3 목적지23 |  497스텝 | 배송 23/23 | 재적재  2 | 중계율 0.46 | alpha 0.994 | complete
Ep 602 | 드론3 목적지24 |  391스텝 | 배송 24/24 | 재적재  3 | 중계율 0.28 | alpha 0.995 | complete
Ep 603 | 드론3 목적지36 |  700스텝 | 배송 36/36 | 재적재  5 | 중계율 0.35 | alpha 0.996 | complete
Ep 604 | 드론3 목적지50 |  892스텝 | 배송 50/50 | 재적재  7 | 중계율 0.35 | alpha 0.990 | complete
Ep 605 | 드론3 목적지24 |  517스텝 | 배송 24/24 | 재적재  4 | 중계율 0.37 | alpha 0.986 | complete
Ep 606 | 드론3 목적지70 | 1000스텝 | 배송 55/70 | 재적재  9 | 중계율 0.32 | alpha 0.991 | step_limit
Ep 607 | 드론3 목적지27 |  645스텝 | 배송 27/27 | 재적재  4 | 중계율 0.33 | alpha 0.989 | complete
Ep 608 | 드론3 목적지27 |  631스텝 | 배송 27/27 | 재적재  4 | 중계율 0.28 | alpha 0.980 | complete
Ep 609 | 드론3 목적지58 |  986스텝 | 배송 58/58 | 재적재 10 | 중계율 0.34 | alpha 0.974 | complete
Ep 610 | 드론3 목적지62 | 1000스텝 | 배송 55/62 | 재적재 10 | 중계율 0.36 | alpha 0.962 | step_limit
Ep 611 | 드론3 목적지47 |  913스텝 | 배송 47/47 | 재적재  8 | 중계율 0.23 | alpha 0.964 | complete
Ep 612 | 드론3 목적지40 |  663스텝 | 배송 40/40 | 재적재  7 | 중계율 0.20 | alpha 0.958 | complete
Ep 613 | 드론3 목적지26 |  536스텝 | 배송 26/26 | 재적재  5 | 중계율 0.29 | alpha 0.954 | complete
Ep 614 | 드론3 목적지75 | 1000스텝 | 배송 62/75 | 재적재 10 | 중계율 0.26 | alpha 0.961 | step_limit
Ep 615 | 드론3 목적지63 |  912스텝 | 배송 63/63 | 재적재 12 | 중계율 0.24 | alpha 0.956 | complete
Ep 616 | 드론3 목적지32 |  661스텝 | 배송 32/32 | 재적재  5 | 중계율 0.36 | alpha 0.963 | complete
Ep 617 | 드론3 목적지62 | 1000스텝 | 배송 61/62 | 재적재 11 | 중계율 0.26 | alpha 0.957 | step_limit
Ep 618 | 드론3 목적지34 |  676스텝 | 배송 34/34 | 재적재  5 | 중계율 0.33 | alpha 0.963 | complete
Ep 619 | 드론3 목적지44 |  764스텝 | 배송 44/44 | 재적재  7 | 중계율 0.32 | alpha 0.955 | complete
Ep 620 | 드론3 목적지67 | 1000스텝 | 배송 64/67 | 재적재 12 | 중계율 0.30 | alpha 0.979 | step_limit
Ep 621 | 드론3 목적지51 |  946스텝 | 배송 51/51 | 재적재  9 | 중계율 0.31 | alpha 0.998 | complete
Ep 622 | 드론3 목적지75 | 1000스텝 | 배송 58/75 | 재적재 11 | 중계율 0.26 | alpha 1.017 | step_limit
Ep 623 | 드론3 목적지54 | 1000스텝 | 배송 50/54 | 재적재  8 | 중계율 0.42 | alpha 1.013 | step_limit
Ep 624 | 드론3 목적지60 | 1000스텝 | 배송 55/60 | 재적재 10 | 중계율 0.33 | alpha 1.017 | step_limit
Ep 625 | 드론3 목적지27 |  415스텝 | 배송 27/27 | 재적재  4 | 중계율 0.22 | alpha 1.016 | complete
Ep 626 | 드론3 목적지42 |  692스텝 | 배송 42/42 | 재적재  7 | 중계율 0.28 | alpha 1.008 | complete
Ep 627 | 드론3 목적지75 | 1000스텝 | 배송 58/75 | 재적재 10 | 중계율 0.27 | alpha 1.004 | step_limit
Ep 628 | 드론3 목적지78 | 1000스텝 | 배송 68/78 | 재적재 13 | 중계율 0.25 | alpha 1.000 | step_limit
Ep 629 | 드론3 목적지63 | 1000스텝 | 배송 57/63 | 재적재 10 | 중계율 0.24 | alpha 1.018 | step_limit
Ep 630 | 드론3 목적지22 |  498스텝 | 배송 22/22 | 재적재  2 | 중계율 0.38 | alpha 1.018 | complete
Ep 631 | 드론3 목적지55 |  902스텝 | 배송 55/55 | 재적재 10 | 중계율 0.24 | alpha 1.022 | complete
Ep 632 | 드론3 목적지71 | 1000스텝 | 배송 58/71 | 재적재 11 | 중계율 0.31 | alpha 1.020 | step_limit
Ep 633 | 드론3 목적지52 | 1000스텝 | 배송 50/52 | 재적재  9 | 중계율 0.28 | alpha 1.008 | step_limit
Ep 634 | 드론3 목적지48 |  984스텝 | 배송 48/48 | 재적재  8 | 중계율 0.34 | alpha 0.997 | complete
Ep 635 | 드론3 목적지28 |  560스텝 | 배송 28/28 | 재적재  4 | 중계율 0.29 | alpha 0.994 | complete
Ep 636 | 드론3 목적지29 |  498스텝 | 배송 29/29 | 재적재  5 | 중계율 0.23 | alpha 0.984 | complete
Ep 637 | 드론3 목적지25 |  472스텝 | 배송 25/25 | 재적재  3 | 중계율 0.30 | alpha 0.979 | complete
Ep 638 | 드론3 목적지22 |  376스텝 | 배송 22/22 | 재적재  3 | 중계율 0.21 | alpha 0.978 | complete
Ep 639 | 드론3 목적지78 | 1000스텝 | 배송 65/78 | 재적재 13 | 중계율 0.22 | alpha 0.965 | step_limit
Ep 640 | 드론3 목적지36 |  655스텝 | 배송 36/36 | 재적재  7 | 중계율 0.31 | alpha 0.968 | complete
Ep 641 | 드론3 목적지70 | 1000스텝 | 배송 69/70 | 재적재 12 | 중계율 0.22 | alpha 0.972 | step_limit
Ep 642 | 드론3 목적지72 | 1000스텝 | 배송 65/72 | 재적재 11 | 중계율 0.27 | alpha 0.958 | step_limit
Ep 643 | 드론3 목적지42 |  652스텝 | 배송 42/42 | 재적재  7 | 중계율 0.22 | alpha 0.954 | complete
Ep 644 | 드론3 목적지35 |  614스텝 | 배송 35/35 | 재적재  5 | 중계율 0.29 | alpha 0.949 | complete
Ep 645 | 드론3 목적지78 | 1000스텝 | 배송 68/78 | 재적재 12 | 중계율 0.24 | alpha 0.947 | step_limit
Ep 646 | 드론3 목적지41 |  912스텝 | 배송 41/41 | 재적재  8 | 중계율 0.36 | alpha 0.941 | complete
Ep 647 | 드론3 목적지37 |  710스텝 | 배송 37/37 | 재적재  7 | 중계율 0.30 | alpha 0.937 | complete
Ep 648 | 드론3 목적지41 |  722스텝 | 배송 41/41 | 재적재  7 | 중계율 0.22 | alpha 0.930 | complete
Ep 649 | 드론3 목적지27 |  652스텝 | 배송 27/27 | 재적재  5 | 중계율 0.33 | alpha 0.934 | complete
Ep 650 | 드론3 목적지34 |  665스텝 | 배송 34/34 | 재적재  5 | 중계율 0.34 | alpha 0.940 | complete
  [홀드아웃] 배송 49.8±1.0 완주 0.96 스텝 837 점수 103.5 재적재 7.5 2홉+ 0.60 | 최고 107.0@ep250 정체 8/15
Ep 651 | 드론3 목적지62 | 1000스텝 | 배송 60/62 | 재적재 10 | 중계율 0.33 | alpha 0.952 | step_limit
Ep 652 | 드론3 목적지30 |  671스텝 | 배송 30/30 | 재적재  5 | 중계율 0.30 | alpha 0.956 | complete
Ep 653 | 드론3 목적지56 |  837스텝 | 배송 56/56 | 재적재 10 | 중계율 0.20 | alpha 0.947 | complete
Ep 654 | 드론3 목적지65 | 1000스텝 | 배송 61/65 | 재적재 12 | 중계율 0.24 | alpha 0.938 | step_limit
Ep 655 | 드론3 목적지56 | 1000스텝 | 배송 52/56 | 재적재  8 | 중계율 0.26 | alpha 0.950 | step_limit
Ep 656 | 드론3 목적지25 |  503스텝 | 배송 25/25 | 재적재  2 | 중계율 0.42 | alpha 0.947 | complete
Ep 657 | 드론3 목적지37 | 1000스텝 | 배송 36/37 | 재적재  6 | 중계율 0.27 | alpha 0.955 | step_limit
Ep 658 | 드론3 목적지56 | 1000스텝 | 배송 55/56 | 재적재 11 | 중계율 0.34 | alpha 0.966 | step_limit
Ep 659 | 드론3 목적지62 | 1000스텝 | 배송 55/62 | 재적재 10 | 중계율 0.32 | alpha 0.974 | step_limit
Ep 660 | 드론3 목적지42 |  733스텝 | 배송 42/42 | 재적재  8 | 중계율 0.29 | alpha 0.979 | complete
Ep 661 | 드론3 목적지25 |  433스텝 | 배송 25/25 | 재적재  3 | 중계율 0.33 | alpha 0.986 | complete
Ep 662 | 드론3 목적지46 |  812스텝 | 배송 46/46 | 재적재  7 | 중계율 0.32 | alpha 0.981 | complete
Ep 663 | 드론3 목적지41 |  817스텝 | 배송 41/41 | 재적재  6 | 중계율 0.26 | alpha 0.972 | complete
Ep 664 | 드론3 목적지45 | 1000스텝 | 배송 42/45 | 재적재  7 | 중계율 0.22 | alpha 0.974 | step_limit
Ep 665 | 드론3 목적지68 | 1000스텝 | 배송 62/68 | 재적재 10 | 중계율 0.25 | alpha 0.971 | step_limit
Ep 666 | 드론3 목적지55 |  891스텝 | 배송 55/55 | 재적재 10 | 중계율 0.25 | alpha 0.964 | complete
Ep 667 | 드론3 목적지29 |  614스텝 | 배송 29/29 | 재적재  5 | 중계율 0.29 | alpha 0.959 | complete
Ep 668 | 드론3 목적지49 |  924스텝 | 배송 49/49 | 재적재  8 | 중계율 0.30 | alpha 0.967 | complete
Ep 669 | 드론3 목적지72 | 1000스텝 | 배송 65/72 | 재적재 13 | 중계율 0.27 | alpha 0.968 | step_limit
Ep 670 | 드론3 목적지68 | 1000스텝 | 배송 50/68 | 재적재  9 | 중계율 0.30 | alpha 0.979 | step_limit
Ep 671 | 드론3 목적지33 |  555스텝 | 배송 33/33 | 재적재  5 | 중계율 0.39 | alpha 0.989 | complete
Ep 672 | 드론3 목적지71 | 1000스텝 | 배송 60/71 | 재적재 12 | 중계율 0.29 | alpha 0.998 | step_limit
Ep 673 | 드론3 목적지53 |  967스텝 | 배송 53/53 | 재적재  9 | 중계율 0.37 | alpha 1.012 | complete
Ep 674 | 드론3 목적지65 |  946스텝 | 배송 65/65 | 재적재 12 | 중계율 0.24 | alpha 1.029 | complete
Ep 675 | 드론3 목적지56 | 1000스텝 | 배송 55/56 | 재적재  9 | 중계율 0.34 | alpha 1.030 | step_limit
Ep 676 | 드론3 목적지70 | 1000스텝 | 배송 63/70 | 재적재 11 | 중계율 0.19 | alpha 1.043 | step_limit
Ep 677 | 드론3 목적지37 |  784스텝 | 배송 37/37 | 재적재  6 | 중계율 0.33 | alpha 1.040 | complete
Ep 678 | 드론3 목적지34 |  545스텝 | 배송 34/34 | 재적재  6 | 중계율 0.22 | alpha 1.041 | complete
Ep 679 | 드론3 목적지60 |  981스텝 | 배송 60/60 | 재적재  9 | 중계율 0.33 | alpha 1.034 | complete
Ep 680 | 드론3 목적지74 | 1000스텝 | 배송 65/74 | 재적재 12 | 중계율 0.30 | alpha 1.022 | step_limit
Ep 681 | 드론3 목적지70 | 1000스텝 | 배송 60/70 | 재적재  9 | 중계율 0.34 | alpha 1.020 | step_limit
Ep 682 | 드론3 목적지59 | 1000스텝 | 배송 57/59 | 재적재 11 | 중계율 0.26 | alpha 1.016 | step_limit
Ep 683 | 드론3 목적지68 | 1000스텝 | 배송 59/68 | 재적재 11 | 중계율 0.33 | alpha 1.006 | step_limit
Ep 684 | 드론3 목적지49 |  770스텝 | 배송 49/49 | 재적재  7 | 중계율 0.22 | alpha 1.000 | complete
Ep 685 | 드론3 목적지79 | 1000스텝 | 배송 62/79 | 재적재 10 | 중계율 0.30 | alpha 1.000 | step_limit
Ep 686 | 드론3 목적지31 |  469스텝 | 배송 31/31 | 재적재  4 | 중계율 0.27 | alpha 1.001 | complete
Ep 687 | 드론3 목적지42 |  872스텝 | 배송 42/42 | 재적재  6 | 중계율 0.37 | alpha 1.004 | complete
Ep 688 | 드론3 목적지34 |  670스텝 | 배송 34/34 | 재적재  5 | 중계율 0.43 | alpha 1.013 | complete
Ep 689 | 드론3 목적지43 |  812스텝 | 배송 43/43 | 재적재  6 | 중계율 0.36 | alpha 1.011 | complete
Ep 690 | 드론3 목적지73 | 1000스텝 | 배송 70/73 | 재적재 11 | 중계율 0.25 | alpha 1.014 | step_limit
Ep 691 | 드론3 목적지28 |  525스텝 | 배송 28/28 | 재적재  4 | 중계율 0.32 | alpha 1.019 | complete
Ep 692 | 드론3 목적지55 |  816스텝 | 배송 55/55 | 재적재 10 | 중계율 0.16 | alpha 1.013 | complete
Ep 693 | 드론3 목적지64 | 1000스텝 | 배송 60/64 | 재적재 11 | 중계율 0.27 | alpha 1.013 | step_limit
Ep 694 | 드론3 목적지49 |  828스텝 | 배송 49/49 | 재적재  9 | 중계율 0.31 | alpha 1.019 | complete
Ep 695 | 드론3 목적지42 |  664스텝 | 배송 42/42 | 재적재  6 | 중계율 0.29 | alpha 1.027 | complete
Ep 696 | 드론3 목적지68 | 1000스텝 | 배송 60/68 | 재적재 11 | 중계율 0.23 | alpha 1.035 | step_limit
Ep 697 | 드론3 목적지77 | 1000스텝 | 배송 67/77 | 재적재 12 | 중계율 0.19 | alpha 1.035 | step_limit
Ep 698 | 드론3 목적지61 | 1000스텝 | 배송 55/61 | 재적재  8 | 중계율 0.38 | alpha 1.028 | step_limit
Ep 699 | 드론3 목적지65 | 1000스텝 | 배송 60/65 | 재적재 10 | 중계율 0.30 | alpha 1.038 | step_limit
Ep 700 | 드론3 목적지53 |  965스텝 | 배송 53/53 | 재적재  9 | 중계율 0.33 | alpha 1.039 | complete
  [홀드아웃] 배송 49.6±2.6 완주 0.96 스텝 838 점수 103.5 재적재 7.6 2홉+ 0.60 | 최고 107.0@ep250 정체 9/15
Ep 701 | 드론3 목적지79 | 1000스텝 | 배송 68/79 | 재적재 11 | 중계율 0.17 | alpha 1.039 | step_limit
Ep 702 | 드론3 목적지35 |  578스텝 | 배송 35/35 | 재적재  5 | 중계율 0.32 | alpha 1.037 | complete
Ep 703 | 드론3 목적지49 |  759스텝 | 배송 49/49 | 재적재  8 | 중계율 0.18 | alpha 1.023 | complete
Ep 704 | 드론3 목적지42 |  674스텝 | 배송 42/42 | 재적재  7 | 중계율 0.31 | alpha 1.008 | complete
Ep 705 | 드론3 목적지53 |  951스텝 | 배송 53/53 | 재적재  9 | 중계율 0.36 | alpha 1.003 | complete
Ep 706 | 드론3 목적지76 | 1000스텝 | 배송 60/76 | 재적재 12 | 중계율 0.30 | alpha 0.995 | step_limit
Ep 707 | 드론3 목적지43 |  931스텝 | 배송 43/43 | 재적재  6 | 중계율 0.35 | alpha 1.010 | complete
Ep 708 | 드론3 목적지53 | 1000스텝 | 배송 48/53 | 재적재  8 | 중계율 0.33 | alpha 1.019 | step_limit
Ep 709 | 드론3 목적지64 | 1000스텝 | 배송 55/64 | 재적재  8 | 중계율 0.28 | alpha 1.040 | step_limit
Ep 710 | 드론3 목적지49 | 1000스텝 | 배송 48/49 | 재적재  9 | 중계율 0.36 | alpha 1.045 | step_limit
Ep 711 | 드론3 목적지25 |  625스텝 | 배송 25/25 | 재적재  3 | 중계율 0.36 | alpha 1.043 | complete
Ep 712 | 드론3 목적지63 | 1000스텝 | 배송 58/63 | 재적재 10 | 중계율 0.27 | alpha 1.039 | step_limit
Ep 713 | 드론3 목적지38 |  668스텝 | 배송 38/38 | 재적재  7 | 중계율 0.32 | alpha 1.035 | complete
Ep 714 | 드론3 목적지33 |  747스텝 | 배송 33/33 | 재적재  5 | 중계율 0.34 | alpha 1.040 | complete
Ep 715 | 드론3 목적지33 |  688스텝 | 배송 33/33 | 재적재  5 | 중계율 0.34 | alpha 1.038 | complete
Ep 716 | 드론3 목적지79 | 1000스텝 | 배송 63/79 | 재적재 11 | 중계율 0.26 | alpha 1.030 | step_limit
Ep 717 | 드론3 목적지22 |  392스텝 | 배송 22/22 | 재적재  2 | 중계율 0.26 | alpha 1.034 | complete
Ep 718 | 드론3 목적지75 | 1000스텝 | 배송 56/75 | 재적재 10 | 중계율 0.23 | alpha 1.033 | step_limit
Ep 719 | 드론3 목적지53 |  966스텝 | 배송 53/53 | 재적재  9 | 중계율 0.31 | alpha 1.041 | complete
Ep 720 | 드론3 목적지57 | 1000스텝 | 배송 54/57 | 재적재  9 | 중계율 0.25 | alpha 1.056 | step_limit
Ep 721 | 드론3 목적지21 |  627스텝 | 배송 21/21 | 재적재  4 | 중계율 0.20 | alpha 1.057 | complete
Ep 722 | 드론3 목적지57 | 1000스텝 | 배송 52/57 | 재적재  9 | 중계율 0.33 | alpha 1.040 | step_limit
Ep 723 | 드론3 목적지76 | 1000스텝 | 배송 65/76 | 재적재 11 | 중계율 0.24 | alpha 1.024 | step_limit
Ep 724 | 드론3 목적지49 |  873스텝 | 배송 49/49 | 재적재  9 | 중계율 0.19 | alpha 1.009 | complete
Ep 725 | 드론3 목적지68 | 1000스텝 | 배송 60/68 | 재적재  9 | 중계율 0.30 | alpha 1.001 | step_limit
Ep 726 | 드론3 목적지35 |  695스텝 | 배송 35/35 | 재적재  6 | 중계율 0.25 | alpha 0.997 | complete
Ep 727 | 드론3 목적지68 |  863스텝 | 배송 68/68 | 재적재 12 | 중계율 0.20 | alpha 0.995 | complete
Ep 728 | 드론3 목적지67 | 1000스텝 | 배송 60/67 | 재적재 12 | 중계율 0.29 | alpha 0.995 | step_limit
Ep 729 | 드론3 목적지75 | 1000스텝 | 배송 69/75 | 재적재 13 | 중계율 0.19 | alpha 1.019 | step_limit
Ep 730 | 드론3 목적지43 |  627스텝 | 배송 43/43 | 재적재  7 | 중계율 0.19 | alpha 1.027 | complete
Ep 731 | 드론3 목적지26 |  572스텝 | 배송 26/26 | 재적재  4 | 중계율 0.37 | alpha 1.017 | complete
Ep 732 | 드론3 목적지60 | 1000스텝 | 배송 57/60 | 재적재 10 | 중계율 0.32 | alpha 1.020 | step_limit
Ep 733 | 드론3 목적지49 |  889스텝 | 배송 49/49 | 재적재  9 | 중계율 0.29 | alpha 1.004 | complete
Ep 734 | 드론3 목적지68 |  893스텝 | 배송 68/68 | 재적재 12 | 중계율 0.20 | alpha 0.991 | complete
Ep 735 | 드론3 목적지30 |  554스텝 | 배송 30/30 | 재적재  4 | 중계율 0.26 | alpha 0.987 | complete
Ep 736 | 드론3 목적지48 |  801스텝 | 배송 48/48 | 재적재  9 | 중계율 0.23 | alpha 0.982 | complete
Ep 737 | 드론3 목적지63 | 1000스텝 | 배송 53/63 | 재적재  9 | 중계율 0.30 | alpha 0.982 | step_limit
Ep 738 | 드론3 목적지74 | 1000스텝 | 배송 61/74 | 재적재 11 | 중계율 0.25 | alpha 0.970 | step_limit
Ep 739 | 드론3 목적지25 |  493스텝 | 배송 25/25 | 재적재  4 | 중계율 0.31 | alpha 0.976 | complete
Ep 740 | 드론3 목적지60 | 1000스텝 | 배송 55/60 | 재적재 10 | 중계율 0.35 | alpha 0.980 | step_limit
Ep 741 | 드론3 목적지52 |  865스텝 | 배송 52/52 | 재적재  9 | 중계율 0.29 | alpha 0.988 | complete
Ep 742 | 드론3 목적지37 |  896스텝 | 배송 37/37 | 재적재  5 | 중계율 0.30 | alpha 0.997 | complete
Ep 743 | 드론3 목적지76 | 1000스텝 | 배송 70/76 | 재적재 12 | 중계율 0.26 | alpha 1.001 | step_limit
Ep 744 | 드론3 목적지56 | 1000스텝 | 배송 50/56 | 재적재  9 | 중계율 0.31 | alpha 1.009 | step_limit
Ep 745 | 드론3 목적지68 |  994스텝 | 배송 68/68 | 재적재 11 | 중계율 0.25 | alpha 1.010 | complete
Ep 746 | 드론3 목적지28 |  465스텝 | 배송 28/28 | 재적재  4 | 중계율 0.25 | alpha 1.016 | complete
Ep 747 | 드론3 목적지22 |  370스텝 | 배송 22/22 | 재적재  3 | 중계율 0.24 | alpha 1.006 | complete
Ep 748 | 드론3 목적지66 | 1000스텝 | 배송 65/66 | 재적재 12 | 중계율 0.27 | alpha 0.988 | step_limit
Ep 749 | 드론3 목적지63 | 1000스텝 | 배송 60/63 | 재적재 10 | 중계율 0.29 | alpha 0.990 | step_limit
Ep 750 | 드론3 목적지55 | 1000스텝 | 배송 50/55 | 재적재 10 | 중계율 0.32 | alpha 0.985 | step_limit
  [홀드아웃] 배송 49.1±3.3 완주 0.91 스텝 844 점수 98.4 재적재 7.5 2홉+ 0.60 | 최고 107.0@ep250 정체 10/15
Ep 751 | 드론3 목적지73 | 1000스텝 | 배송 53/73 | 재적재 10 | 중계율 0.29 | alpha 1.001 | step_limit
Ep 752 | 드론3 목적지71 | 1000스텝 | 배송 60/71 | 재적재 10 | 중계율 0.31 | alpha 1.003 | step_limit
Ep 753 | 드론3 목적지53 | 1000스텝 | 배송 50/53 | 재적재  9 | 중계율 0.40 | alpha 1.009 | step_limit
Ep 754 | 드론3 목적지53 |  861스텝 | 배송 53/53 | 재적재  8 | 중계율 0.31 | alpha 1.021 | complete
Ep 755 | 드론3 목적지62 | 1000스텝 | 배송 54/62 | 재적재 10 | 중계율 0.30 | alpha 1.026 | step_limit
Ep 756 | 드론3 목적지60 |  933스텝 | 배송 60/60 | 재적재 11 | 중계율 0.25 | alpha 1.040 | complete
Ep 757 | 드론3 목적지37 |  761스텝 | 배송 37/37 | 재적재  6 | 중계율 0.26 | alpha 1.051 | complete
Ep 758 | 드론3 목적지49 | 1000스텝 | 배송 47/49 | 재적재  8 | 중계율 0.31 | alpha 1.058 | step_limit
Ep 759 | 드론3 목적지76 | 1000스텝 | 배송 70/76 | 재적재 13 | 중계율 0.27 | alpha 1.061 | step_limit
Ep 760 | 드론3 목적지76 | 1000스텝 | 배송 57/76 | 재적재 10 | 중계율 0.34 | alpha 1.051 | step_limit
Ep 761 | 드론3 목적지53 | 1000스텝 | 배송 49/53 | 재적재  9 | 중계율 0.32 | alpha 1.046 | step_limit
Ep 762 | 드론3 목적지38 |  751스텝 | 배송 38/38 | 재적재  5 | 중계율 0.33 | alpha 1.050 | complete
Ep 763 | 드론3 목적지45 |  772스텝 | 배송 45/45 | 재적재  7 | 중계율 0.31 | alpha 1.055 | complete
Ep 764 | 드론3 목적지44 |  790스텝 | 배송 44/44 | 재적재  7 | 중계율 0.35 | alpha 1.055 | complete
Ep 765 | 드론3 목적지42 |  818스텝 | 배송 42/42 | 재적재  8 | 중계율 0.26 | alpha 1.055 | complete
Ep 766 | 드론3 목적지50 |  880스텝 | 배송 50/50 | 재적재  8 | 중계율 0.35 | alpha 1.048 | complete
Ep 767 | 드론3 목적지65 |  931스텝 | 배송 65/65 | 재적재 12 | 중계율 0.21 | alpha 1.038 | complete
Ep 768 | 드론3 목적지23 |  519스텝 | 배송 23/23 | 재적재  4 | 중계율 0.39 | alpha 1.031 | complete
Ep 769 | 드론3 목적지21 |  488스텝 | 배송 21/21 | 재적재  3 | 중계율 0.29 | alpha 1.037 | complete
Ep 770 | 드론3 목적지41 |  843스텝 | 배송 41/41 | 재적재  7 | 중계율 0.36 | alpha 1.046 | complete
Ep 771 | 드론3 목적지38 |  811스텝 | 배송 38/38 | 재적재  6 | 중계율 0.35 | alpha 1.064 | complete
Ep 772 | 드론3 목적지61 | 1000스텝 | 배송 59/61 | 재적재 11 | 중계율 0.28 | alpha 1.060 | step_limit
Ep 773 | 드론3 목적지78 | 1000스텝 | 배송 63/78 | 재적재 11 | 중계율 0.31 | alpha 1.059 | step_limit
Ep 774 | 드론3 목적지34 |  642스텝 | 배송 34/34 | 재적재  5 | 중계율 0.31 | alpha 1.063 | complete
Ep 775 | 드론3 목적지37 |  670스텝 | 배송 37/37 | 재적재  6 | 중계율 0.31 | alpha 1.049 | complete
Ep 776 | 드론3 목적지33 |  740스텝 | 배송 33/33 | 재적재  6 | 중계율 0.38 | alpha 1.050 | complete
Ep 777 | 드론3 목적지43 |  753스텝 | 배송 43/43 | 재적재  7 | 중계율 0.33 | alpha 1.053 | complete
Ep 778 | 드론3 목적지37 |  757스텝 | 배송 37/37 | 재적재  5 | 중계율 0.33 | alpha 1.061 | complete
Ep 779 | 드론3 목적지35 |  709스텝 | 배송 35/35 | 재적재  6 | 중계율 0.27 | alpha 1.079 | complete
Ep 780 | 드론3 목적지55 |  941스텝 | 배송 55/55 | 재적재  9 | 중계율 0.32 | alpha 1.075 | complete
Ep 781 | 드론3 목적지37 |  815스텝 | 배송 37/37 | 재적재  5 | 중계율 0.39 | alpha 1.068 | complete
Ep 782 | 드론3 목적지78 | 1000스텝 | 배송 60/78 | 재적재  9 | 중계율 0.27 | alpha 1.073 | step_limit
Ep 783 | 드론3 목적지37 |  692스텝 | 배송 37/37 | 재적재  6 | 중계율 0.35 | alpha 1.079 | complete
Ep 784 | 드론3 목적지79 | 1000스텝 | 배송 79/79 | 재적재 15 | 중계율 0.22 | alpha 1.079 | complete
Ep 785 | 드론3 목적지54 |  875스텝 | 배송 54/54 | 재적재  8 | 중계율 0.36 | alpha 1.059 | complete
Ep 786 | 드론3 목적지57 | 1000스텝 | 배송 55/57 | 재적재  9 | 중계율 0.22 | alpha 1.043 | step_limit
Ep 787 | 드론3 목적지39 |  699스텝 | 배송 39/39 | 재적재  6 | 중계율 0.30 | alpha 1.045 | complete
Ep 788 | 드론3 목적지68 | 1000스텝 | 배송 62/68 | 재적재 12 | 중계율 0.30 | alpha 1.044 | step_limit
Ep 789 | 드론3 목적지73 | 1000스텝 | 배송 60/73 | 재적재 11 | 중계율 0.23 | alpha 1.034 | step_limit
Ep 790 | 드론3 목적지77 | 1000스텝 | 배송 68/77 | 재적재 12 | 중계율 0.26 | alpha 1.026 | step_limit
Ep 791 | 드론3 목적지52 |  954스텝 | 배송 52/52 | 재적재 10 | 중계율 0.30 | alpha 1.037 | complete
Ep 792 | 드론3 목적지46 |  770스텝 | 배송 46/46 | 재적재  8 | 중계율 0.27 | alpha 1.034 | complete
Ep 793 | 드론3 목적지69 | 1000스텝 | 배송 56/69 | 재적재 11 | 중계율 0.32 | alpha 1.031 | step_limit
Ep 794 | 드론3 목적지41 |  805스텝 | 배송 41/41 | 재적재  7 | 중계율 0.35 | alpha 1.037 | complete
Ep 795 | 드론3 목적지72 | 1000스텝 | 배송 65/72 | 재적재 12 | 중계율 0.26 | alpha 1.040 | step_limit
Ep 796 | 드론3 목적지31 |  826스텝 | 배송 31/31 | 재적재  4 | 중계율 0.38 | alpha 1.058 | complete
Ep 797 | 드론3 목적지29 |  681스텝 | 배송 29/29 | 재적재  5 | 중계율 0.38 | alpha 1.064 | complete
Ep 798 | 드론3 목적지32 |  555스텝 | 배송 32/32 | 재적재  5 | 중계율 0.31 | alpha 1.074 | complete
Ep 799 | 드론3 목적지49 |  795스텝 | 배송 49/49 | 재적재  8 | 중계율 0.23 | alpha 1.072 | complete
Ep 800 | 드론3 목적지45 |  766스텝 | 배송 45/45 | 재적재  6 | 중계율 0.31 | alpha 1.070 | complete
  [홀드아웃] 배송 49.1±3.7 완주 0.90 스텝 868 점수 97.1 재적재 7.6 2홉+ 0.60 | 최고 107.0@ep250 정체 11/15
Ep 801 | 드론3 목적지56 | 1000스텝 | 배송 51/56 | 재적재  9 | 중계율 0.32 | alpha 1.065 | step_limit
Ep 802 | 드론3 목적지21 |  556스텝 | 배송 21/21 | 재적재  2 | 중계율 0.28 | alpha 1.067 | complete
Ep 803 | 드론3 목적지23 |  408스텝 | 배송 23/23 | 재적재  2 | 중계율 0.21 | alpha 1.057 | complete
Ep 804 | 드론3 목적지57 | 1000스텝 | 배송 54/57 | 재적재  9 | 중계율 0.39 | alpha 1.049 | step_limit
Ep 805 | 드론3 목적지37 |  808스텝 | 배송 37/37 | 재적재  6 | 중계율 0.27 | alpha 1.050 | complete
Ep 806 | 드론3 목적지27 |  642스텝 | 배송 27/27 | 재적재  4 | 중계율 0.39 | alpha 1.052 | complete
Ep 807 | 드론3 목적지38 |  670스텝 | 배송 38/38 | 재적재  6 | 중계율 0.41 | alpha 1.044 | complete
Ep 808 | 드론3 목적지56 | 1000스텝 | 배송 52/56 | 재적재  9 | 중계율 0.28 | alpha 1.039 | step_limit
Ep 809 | 드론3 목적지44 |  787스텝 | 배송 44/44 | 재적재  6 | 중계율 0.30 | alpha 1.046 | complete
Ep 810 | 드론3 목적지70 | 1000스텝 | 배송 65/70 | 재적재 12 | 중계율 0.23 | alpha 1.059 | step_limit
Ep 811 | 드론3 목적지62 | 1000스텝 | 배송 50/62 | 재적재  9 | 중계율 0.30 | alpha 1.062 | step_limit
Ep 812 | 드론3 목적지34 |  513스텝 | 배송 34/34 | 재적재  5 | 중계율 0.21 | alpha 1.060 | complete
Ep 813 | 드론3 목적지53 | 1000스텝 | 배송 44/53 | 재적재  7 | 중계율 0.33 | alpha 1.062 | step_limit
Ep 814 | 드론3 목적지30 |  554스텝 | 배송 30/30 | 재적재  4 | 중계율 0.36 | alpha 1.061 | complete
Ep 815 | 드론3 목적지32 |  848스텝 | 배송 32/32 | 재적재  6 | 중계율 0.43 | alpha 1.069 | complete
Ep 816 | 드론3 목적지68 | 1000스텝 | 배송 62/68 | 재적재 12 | 중계율 0.29 | alpha 1.057 | step_limit
Ep 817 | 드론3 목적지67 |  956스텝 | 배송 67/67 | 재적재 13 | 중계율 0.25 | alpha 1.057 | complete
Ep 818 | 드론3 목적지53 |  944스텝 | 배송 53/53 | 재적재 10 | 중계율 0.31 | alpha 1.058 | complete
Ep 819 | 드론3 목적지75 | 1000스텝 | 배송 61/75 | 재적재 11 | 중계율 0.18 | alpha 1.062 | step_limit
Ep 820 | 드론3 목적지43 |  830스텝 | 배송 43/43 | 재적재  7 | 중계율 0.28 | alpha 1.075 | complete
Ep 821 | 드론3 목적지64 | 1000스텝 | 배송 57/64 | 재적재 10 | 중계율 0.24 | alpha 1.082 | step_limit
Ep 822 | 드론3 목적지80 | 1000스텝 | 배송 74/80 | 재적재 14 | 중계율 0.21 | alpha 1.081 | step_limit
Ep 823 | 드론3 목적지64 | 1000스텝 | 배송 57/64 | 재적재  9 | 중계율 0.34 | alpha 1.084 | step_limit
Ep 824 | 드론3 목적지69 | 1000스텝 | 배송 62/69 | 재적재 12 | 중계율 0.32 | alpha 1.078 | step_limit
Ep 825 | 드론3 목적지49 |  816스텝 | 배송 49/49 | 재적재  9 | 중계율 0.22 | alpha 1.082 | complete
Ep 826 | 드론3 목적지22 |  468스텝 | 배송 22/22 | 재적재  4 | 중계율 0.29 | alpha 1.079 | complete
Ep 827 | 드론3 목적지47 |  790스텝 | 배송 47/47 | 재적재  7 | 중계율 0.27 | alpha 1.084 | complete
Ep 828 | 드론3 목적지27 |  491스텝 | 배송 27/27 | 재적재  3 | 중계율 0.30 | alpha 1.084 | complete
Ep 829 | 드론3 목적지26 |  485스텝 | 배송 26/26 | 재적재  4 | 중계율 0.32 | alpha 1.087 | complete
Ep 830 | 드론3 목적지37 |  688스텝 | 배송 37/37 | 재적재  7 | 중계율 0.22 | alpha 1.078 | complete
Ep 831 | 드론3 목적지72 | 1000스텝 | 배송 67/72 | 재적재 12 | 중계율 0.19 | alpha 1.071 | step_limit
Ep 832 | 드론3 목적지33 |  815스텝 | 배송 33/33 | 재적재  6 | 중계율 0.31 | alpha 1.059 | complete
Ep 833 | 드론3 목적지36 |  708스텝 | 배송 36/36 | 재적재  7 | 중계율 0.35 | alpha 1.049 | complete
Ep 834 | 드론3 목적지30 |  677스텝 | 배송 30/30 | 재적재  5 | 중계율 0.35 | alpha 1.054 | complete
Ep 835 | 드론3 목적지46 | 1000스텝 | 배송 45/46 | 재적재  9 | 중계율 0.43 | alpha 1.049 | step_limit
Ep 836 | 드론3 목적지64 | 1000스텝 | 배송 60/64 | 재적재 10 | 중계율 0.34 | alpha 1.034 | step_limit
Ep 837 | 드론3 목적지66 | 1000스텝 | 배송 56/66 | 재적재 10 | 중계율 0.36 | alpha 1.030 | step_limit
Ep 838 | 드론3 목적지68 | 1000스텝 | 배송 59/68 | 재적재  9 | 중계율 0.37 | alpha 1.010 | step_limit
Ep 839 | 드론3 목적지56 | 1000스텝 | 배송 55/56 | 재적재 10 | 중계율 0.32 | alpha 1.011 | step_limit
Ep 840 | 드론3 목적지22 |  404스텝 | 배송 22/22 | 재적재  2 | 중계율 0.29 | alpha 1.022 | complete
Ep 841 | 드론3 목적지35 |  474스텝 | 배송 35/35 | 재적재  5 | 중계율 0.26 | alpha 1.021 | complete
Ep 842 | 드론3 목적지60 |  936스텝 | 배송 60/60 | 재적재 10 | 중계율 0.27 | alpha 1.031 | complete
Ep 843 | 드론3 목적지71 | 1000스텝 | 배송 68/71 | 재적재 12 | 중계율 0.18 | alpha 1.042 | step_limit
Ep 844 | 드론3 목적지78 | 1000스텝 | 배송 76/78 | 재적재 14 | 중계율 0.19 | alpha 1.054 | step_limit
Ep 845 | 드론3 목적지27 |  622스텝 | 배송 27/27 | 재적재  4 | 중계율 0.26 | alpha 1.064 | complete
Ep 846 | 드론3 목적지44 |  833스텝 | 배송 44/44 | 재적재  8 | 중계율 0.26 | alpha 1.063 | complete
Ep 847 | 드론3 목적지77 | 1000스텝 | 배송 63/77 | 재적재 11 | 중계율 0.18 | alpha 1.055 | step_limit
Ep 848 | 드론3 목적지76 | 1000스텝 | 배송 65/76 | 재적재 12 | 중계율 0.27 | alpha 1.046 | step_limit
Ep 849 | 드론3 목적지23 |  473스텝 | 배송 23/23 | 재적재  3 | 중계율 0.24 | alpha 1.046 | complete
Ep 850 | 드론3 목적지67 | 1000스텝 | 배송 58/67 | 재적재 10 | 중계율 0.30 | alpha 1.034 | step_limit
  [홀드아웃] 배송 48.5±5.3 완주 0.90 스텝 859 점수 97.1 재적재 7.5 2홉+ 0.60 | 최고 107.0@ep250 정체 12/15
Ep 851 | 드론3 목적지68 | 1000스텝 | 배송 62/68 | 재적재 12 | 중계율 0.26 | alpha 1.026 | step_limit
Ep 852 | 드론3 목적지23 |  453스텝 | 배송 23/23 | 재적재  3 | 중계율 0.35 | alpha 1.026 | complete
Ep 853 | 드론3 목적지58 | 1000스텝 | 배송 55/58 | 재적재 10 | 중계율 0.26 | alpha 1.027 | step_limit
Ep 854 | 드론3 목적지22 |  567스텝 | 배송 22/22 | 재적재  2 | 중계율 0.30 | alpha 1.029 | complete
Ep 855 | 드론3 목적지70 | 1000스텝 | 배송 58/70 | 재적재 10 | 중계율 0.27 | alpha 1.024 | step_limit
Ep 856 | 드론3 목적지68 | 1000스텝 | 배송 56/68 | 재적재 10 | 중계율 0.26 | alpha 1.008 | step_limit
Ep 857 | 드론3 목적지73 | 1000스텝 | 배송 72/73 | 재적재 12 | 중계율 0.18 | alpha 0.998 | step_limit
Ep 858 | 드론3 목적지70 | 1000스텝 | 배송 62/70 | 재적재 11 | 중계율 0.26 | alpha 0.994 | step_limit
Ep 859 | 드론3 목적지29 |  566스텝 | 배송 29/29 | 재적재  5 | 중계율 0.22 | alpha 0.991 | complete
Ep 860 | 드론3 목적지36 |  755스텝 | 배송 36/36 | 재적재  7 | 중계율 0.37 | alpha 0.993 | complete
Ep 861 | 드론3 목적지34 |  671스텝 | 배송 34/34 | 재적재  5 | 중계율 0.39 | alpha 0.986 | complete
Ep 862 | 드론3 목적지21 |  485스텝 | 배송 21/21 | 재적재  3 | 중계율 0.40 | alpha 0.979 | complete
Ep 863 | 드론3 목적지75 | 1000스텝 | 배송 74/75 | 재적재 14 | 중계율 0.21 | alpha 0.992 | step_limit
Ep 864 | 드론3 목적지39 |  568스텝 | 배송 39/39 | 재적재  5 | 중계율 0.22 | alpha 0.994 | complete
Ep 865 | 드론3 목적지76 | 1000스텝 | 배송 51/76 | 재적재 10 | 중계율 0.27 | alpha 0.997 | step_limit
Ep 866 | 드론3 목적지20 |  315스텝 | 배송 20/20 | 재적재  2 | 중계율 0.25 | alpha 0.996 | complete
Ep 867 | 드론3 목적지29 |  662스텝 | 배송 29/29 | 재적재  5 | 중계율 0.33 | alpha 1.003 | complete
Ep 868 | 드론3 목적지35 |  665스텝 | 배송 35/35 | 재적재  6 | 중계율 0.30 | alpha 1.010 | complete
Ep 869 | 드론3 목적지50 |  709스텝 | 배송 50/50 | 재적재  9 | 중계율 0.14 | alpha 1.020 | complete
Ep 870 | 드론3 목적지39 |  741스텝 | 배송 39/39 | 재적재  6 | 중계율 0.31 | alpha 1.014 | complete
Ep 871 | 드론3 목적지44 |  797스텝 | 배송 44/44 | 재적재  8 | 중계율 0.26 | alpha 1.017 | complete
Ep 872 | 드론3 목적지28 |  604스텝 | 배송 28/28 | 재적재  5 | 중계율 0.32 | alpha 1.012 | complete
Ep 873 | 드론3 목적지27 |  510스텝 | 배송 27/27 | 재적재  3 | 중계율 0.30 | alpha 1.018 | complete
Ep 874 | 드론3 목적지30 |  585스텝 | 배송 30/30 | 재적재  3 | 중계율 0.24 | alpha 1.022 | complete
Ep 875 | 드론3 목적지70 | 1000스텝 | 배송 62/70 | 재적재 11 | 중계율 0.21 | alpha 1.024 | step_limit
Ep 876 | 드론3 목적지70 | 1000스텝 | 배송 58/70 | 재적재 10 | 중계율 0.30 | alpha 1.037 | step_limit
Ep 877 | 드론3 목적지30 |  480스텝 | 배송 30/30 | 재적재  4 | 중계율 0.24 | alpha 1.041 | complete
Ep 878 | 드론3 목적지29 |  662스텝 | 배송 29/29 | 재적재  5 | 중계율 0.33 | alpha 1.048 | complete
Ep 879 | 드론3 목적지55 | 1000스텝 | 배송 50/55 | 재적재  8 | 중계율 0.33 | alpha 1.049 | step_limit
Ep 880 | 드론3 목적지74 | 1000스텝 | 배송 61/74 | 재적재 11 | 중계율 0.29 | alpha 1.064 | step_limit
Ep 881 | 드론3 목적지63 | 1000스텝 | 배송 55/63 | 재적재  9 | 중계율 0.28 | alpha 1.058 | step_limit
Ep 882 | 드론3 목적지39 |  752스텝 | 배송 39/39 | 재적재  6 | 중계율 0.36 | alpha 1.046 | complete
Ep 883 | 드론3 목적지69 | 1000스텝 | 배송 63/69 | 재적재 10 | 중계율 0.30 | alpha 1.052 | step_limit
Ep 884 | 드론3 목적지58 | 1000스텝 | 배송 56/58 | 재적재 11 | 중계율 0.25 | alpha 1.050 | step_limit
Ep 885 | 드론3 목적지55 |  841스텝 | 배송 55/55 | 재적재  9 | 중계율 0.26 | alpha 1.052 | complete
Ep 886 | 드론3 목적지20 |  351스텝 | 배송 20/20 | 재적재  2 | 중계율 0.23 | alpha 1.059 | complete
Ep 887 | 드론3 목적지70 | 1000스텝 | 배송 65/70 | 재적재 11 | 중계율 0.27 | alpha 1.066 | step_limit
Ep 888 | 드론3 목적지45 |  766스텝 | 배송 45/45 | 재적재  6 | 중계율 0.35 | alpha 1.069 | complete
Ep 889 | 드론3 목적지41 |  837스텝 | 배송 41/41 | 재적재  6 | 중계율 0.29 | alpha 1.084 | complete
Ep 890 | 드론3 목적지53 |  911스텝 | 배송 53/53 | 재적재  9 | 중계율 0.28 | alpha 1.091 | complete
Ep 891 | 드론3 목적지77 | 1000스텝 | 배송 58/77 | 재적재 11 | 중계율 0.29 | alpha 1.092 | step_limit
Ep 892 | 드론3 목적지52 |  950스텝 | 배송 52/52 | 재적재  9 | 중계율 0.16 | alpha 1.089 | complete
Ep 893 | 드론3 목적지74 | 1000스텝 | 배송 66/74 | 재적재 13 | 중계율 0.23 | alpha 1.093 | step_limit
Ep 894 | 드론3 목적지66 | 1000스텝 | 배송 62/66 | 재적재 12 | 중계율 0.31 | alpha 1.090 | step_limit
Ep 895 | 드론3 목적지60 | 1000스텝 | 배송 58/60 | 재적재 10 | 중계율 0.28 | alpha 1.089 | step_limit
Ep 896 | 드론3 목적지53 |  823스텝 | 배송 53/53 | 재적재  8 | 중계율 0.26 | alpha 1.105 | complete
Ep 897 | 드론3 목적지64 | 1000스텝 | 배송 56/64 | 재적재 11 | 중계율 0.28 | alpha 1.118 | step_limit
Ep 898 | 드론3 목적지28 |  624스텝 | 배송 28/28 | 재적재  4 | 중계율 0.39 | alpha 1.133 | complete
Ep 899 | 드론3 목적지27 |  540스텝 | 배송 27/27 | 재적재  4 | 중계율 0.30 | alpha 1.133 | complete
Ep 900 | 드론3 목적지80 | 1000스텝 | 배송 70/80 | 재적재 11 | 중계율 0.27 | alpha 1.138 | step_limit
  [홀드아웃] 배송 49.5±2.5 완주 0.93 스텝 835 점수 99.7 재적재 7.6 2홉+ 0.60 | 최고 107.0@ep250 정체 13/15
Ep 901 | 드론3 목적지50 |  991스텝 | 배송 50/50 | 재적재  7 | 중계율 0.33 | alpha 1.135 | complete
Ep 902 | 드론3 목적지38 |  772스텝 | 배송 38/38 | 재적재  7 | 중계율 0.25 | alpha 1.134 | complete
Ep 903 | 드론3 목적지78 | 1000스텝 | 배송 75/78 | 재적재 12 | 중계율 0.21 | alpha 1.128 | step_limit
Ep 904 | 드론3 목적지39 |  651스텝 | 배송 39/39 | 재적재  7 | 중계율 0.26 | alpha 1.123 | complete
Ep 905 | 드론3 목적지78 | 1000스텝 | 배송 67/78 | 재적재 12 | 중계율 0.23 | alpha 1.107 | step_limit
Ep 906 | 드론3 목적지68 | 1000스텝 | 배송 64/68 | 재적재 12 | 중계율 0.28 | alpha 1.092 | step_limit
Ep 907 | 드론3 목적지59 | 1000스텝 | 배송 58/59 | 재적재 10 | 중계율 0.28 | alpha 1.087 | step_limit
Ep 908 | 드론3 목적지43 |  746스텝 | 배송 43/43 | 재적재  6 | 중계율 0.37 | alpha 1.083 | complete
Ep 909 | 드론3 목적지69 | 1000스텝 | 배송 63/69 | 재적재 12 | 중계율 0.20 | alpha 1.071 | step_limit
Ep 910 | 드론3 목적지31 |  826스텝 | 배송 31/31 | 재적재  6 | 중계율 0.38 | alpha 1.065 | complete
Ep 911 | 드론3 목적지63 | 1000스텝 | 배송 55/63 | 재적재 10 | 중계율 0.30 | alpha 1.064 | step_limit
Ep 912 | 드론3 목적지59 | 1000스텝 | 배송 55/59 | 재적재  9 | 중계율 0.31 | alpha 1.068 | step_limit
Ep 913 | 드론3 목적지60 | 1000스텝 | 배송 58/60 | 재적재 10 | 중계율 0.25 | alpha 1.084 | step_limit
Ep 914 | 드론3 목적지40 |  777스텝 | 배송 40/40 | 재적재  7 | 중계율 0.36 | alpha 1.090 | complete
Ep 915 | 드론3 목적지59 | 1000스텝 | 배송 55/59 | 재적재  8 | 중계율 0.34 | alpha 1.101 | step_limit
Ep 916 | 드론3 목적지31 |  800스텝 | 배송 31/31 | 재적재  6 | 중계율 0.35 | alpha 1.114 | complete
Ep 917 | 드론3 목적지27 |  624스텝 | 배송 27/27 | 재적재  4 | 중계율 0.37 | alpha 1.115 | complete
Ep 918 | 드론3 목적지27 |  539스텝 | 배송 27/27 | 재적재  3 | 중계율 0.26 | alpha 1.119 | complete
Ep 919 | 드론3 목적지44 |  787스텝 | 배송 44/44 | 재적재  8 | 중계율 0.29 | alpha 1.130 | complete
Ep 920 | 드론3 목적지21 |  378스텝 | 배송 21/21 | 재적재  3 | 중계율 0.34 | alpha 1.134 | complete
Ep 921 | 드론3 목적지54 | 1000스텝 | 배송 53/54 | 재적재  9 | 중계율 0.31 | alpha 1.140 | step_limit
Ep 922 | 드론3 목적지22 |  384스텝 | 배송 22/22 | 재적재  3 | 중계율 0.28 | alpha 1.140 | complete
Ep 923 | 드론3 목적지53 |  977스텝 | 배송 53/53 | 재적재  8 | 중계율 0.28 | alpha 1.134 | complete
Ep 924 | 드론3 목적지71 | 1000스텝 | 배송 50/71 | 재적재 10 | 중계율 0.34 | alpha 1.135 | step_limit
Ep 925 | 드론3 목적지36 |  704스텝 | 배송 36/36 | 재적재  6 | 중계율 0.33 | alpha 1.131 | complete
Ep 926 | 드론3 목적지21 |  688스텝 | 배송 21/21 | 재적재  2 | 중계율 0.39 | alpha 1.123 | complete
Ep 927 | 드론3 목적지52 | 1000스텝 | 배송 50/52 | 재적재  9 | 중계율 0.32 | alpha 1.119 | step_limit
Ep 928 | 드론3 목적지62 |  921스텝 | 배송 62/62 | 재적재 11 | 중계율 0.22 | alpha 1.112 | complete
Ep 929 | 드론3 목적지34 |  616스텝 | 배송 34/34 | 재적재  6 | 중계율 0.27 | alpha 1.113 | complete
Ep 930 | 드론3 목적지66 | 1000스텝 | 배송 58/66 | 재적재 11 | 중계율 0.30 | alpha 1.111 | step_limit
Ep 931 | 드론3 목적지24 |  427스텝 | 배송 24/24 | 재적재  3 | 중계율 0.22 | alpha 1.110 | complete
Ep 932 | 드론3 목적지66 | 1000스텝 | 배송 60/66 | 재적재 10 | 중계율 0.26 | alpha 1.107 | step_limit
Ep 933 | 드론3 목적지28 |  592스텝 | 배송 28/28 | 재적재  4 | 중계율 0.39 | alpha 1.106 | complete
Ep 934 | 드론3 목적지71 | 1000스텝 | 배송 56/71 | 재적재 10 | 중계율 0.31 | alpha 1.097 | step_limit
Ep 935 | 드론3 목적지34 |  922스텝 | 배송 34/34 | 재적재  4 | 중계율 0.36 | alpha 1.087 | complete
Ep 936 | 드론3 목적지42 |  575스텝 | 배송 42/42 | 재적재  8 | 중계율 0.22 | alpha 1.084 | complete
Ep 937 | 드론3 목적지44 |  936스텝 | 배송 44/44 | 재적재  8 | 중계율 0.38 | alpha 1.091 | complete
Ep 938 | 드론3 목적지52 |  885스텝 | 배송 52/52 | 재적재  9 | 중계율 0.30 | alpha 1.085 | complete
Ep 939 | 드론3 목적지68 | 1000스텝 | 배송 60/68 | 재적재 10 | 중계율 0.27 | alpha 1.101 | step_limit
Ep 940 | 드론3 목적지80 | 1000스텝 | 배송 70/80 | 재적재 14 | 중계율 0.17 | alpha 1.107 | step_limit
Ep 941 | 드론3 목적지23 |  442스텝 | 배송 23/23 | 재적재  2 | 중계율 0.30 | alpha 1.114 | complete
Ep 942 | 드론3 목적지38 |  691스텝 | 배송 38/38 | 재적재  6 | 중계율 0.21 | alpha 1.122 | complete
Ep 943 | 드론3 목적지55 |  960스텝 | 배송 55/55 | 재적재 10 | 중계율 0.26 | alpha 1.113 | complete
Ep 944 | 드론3 목적지75 | 1000스텝 | 배송 55/75 | 재적재  9 | 중계율 0.32 | alpha 1.102 | step_limit
Ep 945 | 드론3 목적지73 | 1000스텝 | 배송 64/73 | 재적재 10 | 중계율 0.25 | alpha 1.100 | step_limit
Ep 946 | 드론3 목적지39 |  545스텝 | 배송 39/39 | 재적재  6 | 중계율 0.18 | alpha 1.096 | complete
Ep 947 | 드론3 목적지70 | 1000스텝 | 배송 56/70 | 재적재 10 | 중계율 0.25 | alpha 1.102 | step_limit
Ep 948 | 드론3 목적지36 |  615스텝 | 배송 36/36 | 재적재  5 | 중계율 0.21 | alpha 1.107 | complete
Ep 949 | 드론3 목적지22 |  419스텝 | 배송 22/22 | 재적재  2 | 중계율 0.30 | alpha 1.105 | complete
Ep 950 | 드론3 목적지73 | 1000스텝 | 배송 65/73 | 재적재 12 | 중계율 0.26 | alpha 1.096 | step_limit
  [홀드아웃] 배송 48.8±4.2 완주 0.89 스텝 843 점수 95.9 재적재 7.3 2홉+ 0.60 | 최고 107.0@ep250 정체 14/15
Ep 951 | 드론3 목적지25 |  368스텝 | 배송 25/25 | 재적재  3 | 중계율 0.22 | alpha 1.093 | complete
Ep 952 | 드론3 목적지37 |  836스텝 | 배송 37/37 | 재적재  6 | 중계율 0.40 | alpha 1.098 | complete
Ep 953 | 드론3 목적지66 | 1000스텝 | 배송 65/66 | 재적재 11 | 중계율 0.31 | alpha 1.099 | step_limit
Ep 954 | 드론3 목적지28 |  512스텝 | 배송 28/28 | 재적재  4 | 중계율 0.18 | alpha 1.106 | complete
Ep 955 | 드론3 목적지74 | 1000스텝 | 배송 55/74 | 재적재  8 | 중계율 0.29 | alpha 1.113 | step_limit
Ep 956 | 드론3 목적지30 |  507스텝 | 배송 30/30 | 재적재  3 | 중계율 0.35 | alpha 1.112 | complete
Ep 957 | 드론3 목적지46 |  882스텝 | 배송 46/46 | 재적재  7 | 중계율 0.37 | alpha 1.113 | complete
Ep 958 | 드론3 목적지72 | 1000스텝 | 배송 68/72 | 재적재 12 | 중계율 0.30 | alpha 1.111 | step_limit
Ep 959 | 드론3 목적지36 |  608스텝 | 배송 36/36 | 재적재  5 | 중계율 0.32 | alpha 1.117 | complete
Ep 960 | 드론3 목적지55 | 1000스텝 | 배송 52/55 | 재적재  9 | 중계율 0.38 | alpha 1.134 | step_limit
Ep 961 | 드론3 목적지36 |  590스텝 | 배송 36/36 | 재적재  5 | 중계율 0.24 | alpha 1.140 | complete
Ep 962 | 드론3 목적지31 |  674스텝 | 배송 31/31 | 재적재  4 | 중계율 0.32 | alpha 1.150 | complete
Ep 963 | 드론3 목적지24 |  483스텝 | 배송 24/24 | 재적재  3 | 중계율 0.29 | alpha 1.151 | complete
Ep 964 | 드론3 목적지58 | 1000스텝 | 배송 55/58 | 재적재  8 | 중계율 0.33 | alpha 1.151 | step_limit
Ep 965 | 드론3 목적지62 | 1000스텝 | 배송 60/62 | 재적재 10 | 중계율 0.30 | alpha 1.151 | step_limit
Ep 966 | 드론3 목적지45 |  853스텝 | 배송 45/45 | 재적재  7 | 중계율 0.38 | alpha 1.145 | complete
Ep 967 | 드론3 목적지20 |  417스텝 | 배송 20/20 | 재적재  2 | 중계율 0.28 | alpha 1.143 | complete
Ep 968 | 드론3 목적지51 | 1000스텝 | 배송 50/51 | 재적재  7 | 중계율 0.39 | alpha 1.140 | step_limit
Ep 969 | 드론3 목적지25 |  470스텝 | 배송 25/25 | 재적재  2 | 중계율 0.43 | alpha 1.142 | complete
Ep 970 | 드론3 목적지36 |  573스텝 | 배송 36/36 | 재적재  6 | 중계율 0.22 | alpha 1.142 | complete
Ep 971 | 드론3 목적지48 | 1000스텝 | 배송 47/48 | 재적재  8 | 중계율 0.34 | alpha 1.153 | step_limit
Ep 972 | 드론3 목적지48 |  901스텝 | 배송 48/48 | 재적재  9 | 중계율 0.29 | alpha 1.166 | complete
Ep 973 | 드론3 목적지67 |  892스텝 | 배송 67/67 | 재적재 11 | 중계율 0.17 | alpha 1.193 | complete
Ep 974 | 드론3 목적지34 |  591스텝 | 배송 34/34 | 재적재  4 | 중계율 0.33 | alpha 1.184 | complete
Ep 975 | 드론3 목적지64 | 1000스텝 | 배송 57/64 | 재적재 10 | 중계율 0.25 | alpha 1.182 | step_limit
Ep 976 | 드론3 목적지62 | 1000스텝 | 배송 51/62 | 재적재  9 | 중계율 0.28 | alpha 1.167 | step_limit
Ep 977 | 드론3 목적지56 |  854스텝 | 배송 56/56 | 재적재 10 | 중계율 0.21 | alpha 1.152 | complete
Ep 978 | 드론3 목적지32 |  788스텝 | 배송 32/32 | 재적재  6 | 중계율 0.36 | alpha 1.147 | complete
Ep 979 | 드론3 목적지44 |  724스텝 | 배송 44/44 | 재적재  8 | 중계율 0.19 | alpha 1.148 | complete
Ep 980 | 드론3 목적지59 |  933스텝 | 배송 59/59 | 재적재 10 | 중계율 0.16 | alpha 1.125 | complete
Ep 981 | 드론3 목적지21 |  418스텝 | 배송 21/21 | 재적재  3 | 중계율 0.32 | alpha 1.123 | complete
Ep 982 | 드론3 목적지37 |  745스텝 | 배송 37/37 | 재적재  6 | 중계율 0.36 | alpha 1.124 | complete
Ep 983 | 드론3 목적지70 | 1000스텝 | 배송 60/70 | 재적재 11 | 중계율 0.20 | alpha 1.123 | step_limit
Ep 984 | 드론3 목적지50 |  831스텝 | 배송 50/50 | 재적재  9 | 중계율 0.28 | alpha 1.137 | complete
Ep 985 | 드론3 목적지59 | 1000스텝 | 배송 55/59 | 재적재  9 | 중계율 0.26 | alpha 1.150 | step_limit
Ep 986 | 드론3 목적지61 | 1000스텝 | 배송 60/61 | 재적재 10 | 중계율 0.29 | alpha 1.148 | step_limit
Ep 987 | 드론3 목적지50 | 1000스텝 | 배송 48/50 | 재적재  8 | 중계율 0.31 | alpha 1.149 | step_limit
Ep 988 | 드론3 목적지65 | 1000스텝 | 배송 61/65 | 재적재 10 | 중계율 0.27 | alpha 1.152 | step_limit
Ep 989 | 드론3 목적지75 | 1000스텝 | 배송 60/75 | 재적재 10 | 중계율 0.35 | alpha 1.165 | step_limit
Ep 990 | 드론3 목적지65 | 1000스텝 | 배송 62/65 | 재적재 11 | 중계율 0.24 | alpha 1.155 | step_limit
Ep 991 | 드론3 목적지79 | 1000스텝 | 배송 68/79 | 재적재 12 | 중계율 0.28 | alpha 1.170 | step_limit
Ep 992 | 드론3 목적지40 | 1000스텝 | 배송 39/40 | 재적재  7 | 중계율 0.21 | alpha 1.169 | step_limit
Ep 993 | 드론3 목적지46 |  747스텝 | 배송 46/46 | 재적재  8 | 중계율 0.33 | alpha 1.177 | complete
Ep 994 | 드론3 목적지38 |  738스텝 | 배송 38/38 | 재적재  6 | 중계율 0.33 | alpha 1.178 | complete
Ep 995 | 드론3 목적지38 |  802스텝 | 배송 38/38 | 재적재  7 | 중계율 0.26 | alpha 1.171 | complete
Ep 996 | 드론3 목적지28 |  660스텝 | 배송 28/28 | 재적재  5 | 중계율 0.28 | alpha 1.161 | complete
Ep 997 | 드론3 목적지26 |  556스텝 | 배송 26/26 | 재적재  4 | 중계율 0.36 | alpha 1.153 | complete
Ep 998 | 드론3 목적지38 |  663스텝 | 배송 38/38 | 재적재  7 | 중계율 0.32 | alpha 1.148 | complete
Ep 999 | 드론3 목적지74 | 1000스텝 | 배송 66/74 | 재적재 13 | 중계율 0.23 | alpha 1.139 | step_limit
Ep 1000 | 드론3 목적지41 |  759스텝 | 배송 41/41 | 재적재  7 | 중계율 0.31 | alpha 1.133 | complete
  [홀드아웃] 배송 49.1±3.7 완주 0.91 스텝 849 점수 98.4 재적재 7.5 2홉+ 0.60 | 최고 107.0@ep250 정체 15/15

조기 종료. 최고 107.0@ep250
Training finished. best=107.0 @ ep250
