/home/kopt/enter/envs/wsl_neuroMCTS/lib/python3.10/site-packages/pygame/pkgdata.py:25: UserWarning: pkg_resources is deprecated as an API. See https://setuptools.pypa.io/en/latest/pkg_resources.html. The pkg_resources package is slated for removal as early as 2025-11-30. Refrain from using this package or pin to Setuptools<81.
  from pkg_resources import resource_stream, resource_exists
pygame 2.6.1 (SDL 2.28.4, Python 3.10.19)
Hello from the pygame community. https://www.pygame.org/contribute.html
집합 상위 학습 | 반경 300 상한 1000 무배송 500 gamma 0.997 구성=무작위 드론[3, 6] 목적지[20, 80] CC무작위 인스턴스=무작위 목표유지=off 완주보상=0.0 잔여페널티=0.1 규칙관측=False 규칙정규화=2.0 막힘페널티=0.0 도달권shaping=0.0 정체전환보상=0.0 엔트로피비=0.6->0.15 자기회귀=True 홀드아웃상한=3000 선택=makespan
/home/kopt/drone/proposed_src/pipeline/train_v5_26_09_15_23.py:342: UserWarning: Converting a tensor with requires_grad=True to a scalar may lead to unexpected behavior.
Consider using tensor.detach() first. (Triggered internally at /pytorch/torch/csrc/autograd/generated/python_variable_methods.cpp:836.)
  writer.add_scalar("train/alpha", float(log_alpha.exp()), ep)
Ep 1 | 드론6 목적지57 | 1000스텝 | 배송 53/57 | 재적재 10 | 중계율 0.16 | alpha 0.100 | step_limit
Ep 2 | 드론3 목적지50 | 1000스텝 | 배송 35/50 | 재적재  5 | 중계율 0.17 | alpha 0.100 | step_limit
Ep 3 | 드론6 목적지72 | 1000스텝 | 배송 65/72 | 재적재 11 | 중계율 0.15 | alpha 0.100 | step_limit
Ep 4 | 드론3 목적지46 | 1000스텝 | 배송 42/46 | 재적재  8 | 중계율 0.14 | alpha 0.099 | step_limit
Ep 5 | 드론4 목적지58 | 1000스텝 | 배송 50/58 | 재적재  8 | 중계율 0.41 | alpha 0.107 | step_limit
Ep 6 | 드론3 목적지61 | 1000스텝 | 배송 50/61 | 재적재  9 | 중계율 0.30 | alpha 0.118 | step_limit
Ep 7 | 드론3 목적지30 |  761스텝 | 배송 30/30 | 재적재  5 | 중계율 0.37 | alpha 0.126 | complete
Ep 8 | 드론3 목적지69 | 1000스텝 | 배송 60/69 | 재적재 10 | 중계율 0.30 | alpha 0.136 | step_limit
Ep 9 | 드론4 목적지66 |  932스텝 | 배송 66/66 | 재적재 12 | 중계율 0.38 | alpha 0.146 | complete
Ep 10 | 드론4 목적지26 |  486스텝 | 배송 26/26 | 재적재  4 | 중계율 0.23 | alpha 0.152 | complete
Ep 11 | 드론6 목적지32 |  242스텝 | 배송 32/32 | 재적재  3 | 중계율 0.16 | alpha 0.155 | complete
Ep 12 | 드론4 목적지35 |  359스텝 | 배송 35/35 | 재적재  5 | 중계율 0.22 | alpha 0.159 | complete
Ep 13 | 드론4 목적지23 |  427스텝 | 배송 23/23 | 재적재  3 | 중계율 0.28 | alpha 0.164 | complete
Ep 14 | 드론3 목적지61 | 1000스텝 | 배송 40/61 | 재적재  7 | 중계율 0.20 | alpha 0.177 | step_limit
Ep 15 | 드론5 목적지78 |  821스텝 | 배송 78/78 | 재적재 13 | 중계율 0.17 | alpha 0.189 | complete
Ep 16 | 드론6 목적지46 |  366스텝 | 배송 46/46 | 재적재  6 | 중계율 0.18 | alpha 0.194 | complete
Ep 17 | 드론5 목적지74 |  740스텝 | 배송 74/74 | 재적재 12 | 중계율 0.16 | alpha 0.205 | complete
Ep 18 | 드론4 목적지24 |  351스텝 | 배송 24/24 | 재적재  3 | 중계율 0.24 | alpha 0.210 | complete
Ep 19 | 드론5 목적지24 |  283스텝 | 배송 24/24 | 재적재  3 | 중계율 0.19 | alpha 0.214 | complete
Ep 20 | 드론4 목적지66 |  676스텝 | 배송 66/66 | 재적재 12 | 중계율 0.14 | alpha 0.225 | complete
Ep 21 | 드론4 목적지43 |  469스텝 | 배송 43/43 | 재적재  6 | 중계율 0.19 | alpha 0.233 | complete
Ep 22 | 드론4 목적지43 |  661스텝 | 배송 43/43 | 재적재  6 | 중계율 0.14 | alpha 0.245 | complete
Ep 23 | 드론3 목적지22 |  635스텝 | 배송 22/22 | 재적재  4 | 중계율 0.31 | alpha 0.256 | complete
Ep 24 | 드론4 목적지35 |  658스텝 | 배송 35/35 | 재적재  4 | 중계율 0.22 | alpha 0.269 | complete
Ep 25 | 드론5 목적지25 |  314스텝 | 배송 25/25 | 재적재  4 | 중계율 0.25 | alpha 0.275 | complete
Ep 26 | 드론4 목적지79 | 1000스텝 | 배송 63/79 | 재적재 10 | 중계율 0.17 | alpha 0.296 | step_limit
Ep 27 | 드론6 목적지63 |  778스텝 | 배송 63/63 | 재적재 10 | 중계율 0.24 | alpha 0.313 | complete
Ep 28 | 드론3 목적지77 | 1000스텝 | 배송 64/77 | 재적재 11 | 중계율 0.18 | alpha 0.336 | step_limit
Ep 29 | 드론4 목적지34 |  517스텝 | 배송 34/34 | 재적재  5 | 중계율 0.26 | alpha 0.348 | complete
Ep 30 | 드론4 목적지25 |  598스텝 | 배송 25/25 | 재적재  2 | 중계율 0.35 | alpha 0.363 | complete
Ep 31 | 드론6 목적지68 |  514스텝 | 배송 68/68 | 재적재 12 | 중계율 0.18 | alpha 0.377 | complete
Ep 32 | 드론4 목적지79 | 1000스텝 | 배송 63/79 | 재적재 10 | 중계율 0.28 | alpha 0.405 | step_limit
Ep 33 | 드론4 목적지62 | 1000스텝 | 배송 60/62 | 재적재 10 | 중계율 0.25 | alpha 0.435 | step_limit
Ep 34 | 드론4 목적지33 |  477스텝 | 배송 33/33 | 재적재  5 | 중계율 0.15 | alpha 0.450 | complete
Ep 35 | 드론4 목적지26 |  546스텝 | 배송 26/26 | 재적재  2 | 중계율 0.20 | alpha 0.468 | complete
Ep 36 | 드론4 목적지57 |  872스텝 | 배송 57/57 | 재적재  8 | 중계율 0.26 | alpha 0.499 | complete
Ep 37 | 드론4 목적지29 |  630스텝 | 배송 29/29 | 재적재  4 | 중계율 0.31 | alpha 0.523 | complete
Ep 38 | 드론5 목적지63 |  693스텝 | 배송 63/63 | 재적재 10 | 중계율 0.23 | alpha 0.550 | complete
Ep 39 | 드론5 목적지44 |  693스텝 | 배송 44/44 | 재적재  7 | 중계율 0.27 | alpha 0.579 | complete
Ep 40 | 드론6 목적지56 |  611스텝 | 배송 56/56 | 재적재  9 | 중계율 0.17 | alpha 0.605 | complete
Ep 41 | 드론6 목적지21 |  204스텝 | 배송 21/21 | 재적재  0 | 중계율 0.29 | alpha 0.614 | complete
Ep 42 | 드론3 목적지24 |  877스텝 | 배송 20/24 | 재적재  3 | 중계율 0.35 | alpha 0.655 | no_progress
Ep 43 | 드론4 목적지52 |  773스텝 | 배송 52/52 | 재적재  8 | 중계율 0.15 | alpha 0.693 | complete
Ep 44 | 드론4 목적지72 |  818스텝 | 배송 72/72 | 재적재 12 | 중계율 0.16 | alpha 0.735 | complete
Ep 45 | 드론4 목적지52 | 1000스텝 | 배송 46/52 | 재적재  9 | 중계율 0.35 | alpha 0.789 | step_limit
Ep 46 | 드론6 목적지72 |  478스텝 | 배송 72/72 | 재적재 11 | 중계율 0.09 | alpha 0.816 | complete
Ep 47 | 드론4 목적지69 |  926스텝 | 배송 69/69 | 재적재 12 | 중계율 0.15 | alpha 0.869 | complete
Ep 48 | 드론4 목적지56 |  700스텝 | 배송 56/56 | 재적재 10 | 중계율 0.14 | alpha 0.912 | complete
Ep 49 | 드론6 목적지78 |  621스텝 | 배송 78/78 | 재적재 13 | 중계율 0.18 | alpha 0.951 | complete
Ep 50 | 드론5 목적지40 |  817스텝 | 배송 40/40 | 재적재  6 | 중계율 0.38 | alpha 1.003 | complete
  [홀드아웃] 배송 49.3±2.1 완주 0.85 스텝 1171 점수 91.1 재적재 8.2 2홉+ 0.64 | 최고 91.1@ep50 정체 0/15  ← 갱신
Ep 51 | 드론6 목적지51 |  359스텝 | 배송 51/51 | 재적재  7 | 중계율 0.12 | alpha 1.026 | complete
Ep 52 | 드론3 목적지42 |  733스텝 | 배송 42/42 | 재적재  8 | 중계율 0.17 | alpha 1.076 | complete
Ep 53 | 드론6 목적지60 |  446스텝 | 배송 60/60 | 재적재  9 | 중계율 0.12 | alpha 1.108 | complete
Ep 54 | 드론4 목적지49 |  579스텝 | 배송 49/49 | 재적재  8 | 중계율 0.16 | alpha 1.150 | complete
Ep 55 | 드론4 목적지40 |  606스텝 | 배송 40/40 | 재적재  6 | 중계율 0.15 | alpha 1.195 | complete
Ep 56 | 드론5 목적지61 |  756스텝 | 배송 61/61 | 재적재 10 | 중계율 0.18 | alpha 1.252 | complete
Ep 57 | 드론3 목적지53 | 1000스텝 | 배송 48/53 | 재적재  7 | 중계율 0.27 | alpha 1.330 | step_limit
Ep 58 | 드론6 목적지57 |  462스텝 | 배송 57/57 | 재적재  9 | 중계율 0.19 | alpha 1.367 | complete
Ep 59 | 드론3 목적지50 | 1000스텝 | 배송 48/50 | 재적재  8 | 중계율 0.25 | alpha 1.448 | step_limit
Ep 60 | 드론4 목적지21 |  322스텝 | 배송 21/21 | 재적재  3 | 중계율 0.27 | alpha 1.474 | complete
Ep 61 | 드론5 목적지26 |  316스텝 | 배송 26/26 | 재적재  2 | 중계율 0.13 | alpha 1.499 | complete
Ep 62 | 드론5 목적지55 |  629스텝 | 배송 55/55 | 재적재  9 | 중계율 0.22 | alpha 1.552 | complete
Ep 63 | 드론6 목적지68 |  589스텝 | 배송 68/68 | 재적재 12 | 중계율 0.17 | alpha 1.602 | complete
Ep 64 | 드론3 목적지41 |  895스텝 | 배송 25/41 | 재적재  3 | 중계율 0.27 | alpha 1.677 | no_progress
Ep 65 | 드론5 목적지68 |  527스텝 | 배송 68/68 | 재적재 12 | 중계율 0.08 | alpha 1.721 | complete
Ep 66 | 드론3 목적지61 |  897스텝 | 배송 61/61 | 재적재 11 | 중계율 0.15 | alpha 1.797 | complete
Ep 67 | 드론3 목적지53 | 1000스텝 | 배송 43/53 | 재적재  7 | 중계율 0.23 | alpha 1.883 | step_limit
Ep 68 | 드론3 목적지44 |  801스텝 | 배송 44/44 | 재적재  8 | 중계율 0.18 | alpha 1.951 | complete
Ep 69 | 드론4 목적지34 |  516스텝 | 배송 34/34 | 재적재  5 | 중계율 0.18 | alpha 2.000 | complete
Ep 70 | 드론4 목적지31 |  541스텝 | 배송 31/31 | 재적재  5 | 중계율 0.33 | alpha 2.055 | complete
Ep 71 | 드론5 목적지71 |  735스텝 | 배송 71/71 | 재적재 13 | 중계율 0.13 | alpha 2.131 | complete
Ep 72 | 드론3 목적지53 | 1000스텝 | 배송 41/53 | 재적재  6 | 중계율 0.23 | alpha 2.241 | step_limit
Ep 73 | 드론4 목적지21 |  779스텝 | 배송 21/21 | 재적재  3 | 중계율 0.36 | alpha 2.327 | complete
Ep 74 | 드론5 목적지45 |  443스텝 | 배송 45/45 | 재적재  7 | 중계율 0.15 | alpha 2.375 | complete
Ep 75 | 드론5 목적지40 |  545스텝 | 배송 40/40 | 재적재  6 | 중계율 0.17 | alpha 2.428 | complete
Ep 76 | 드론4 목적지75 | 1000스텝 | 배송 60/75 | 재적재 10 | 중계율 0.28 | alpha 2.524 | step_limit
Ep 77 | 드론5 목적지24 |  315스텝 | 배송 24/24 | 재적재  1 | 중계율 0.16 | alpha 2.552 | complete
Ep 78 | 드론4 목적지64 | 1000스텝 | 배송 63/64 | 재적재 11 | 중계율 0.20 | alpha 2.643 | step_limit
Ep 79 | 드론3 목적지41 | 1000스텝 | 배송 37/41 | 재적재  6 | 중계율 0.29 | alpha 2.733 | step_limit
Ep 80 | 드론3 목적지69 | 1000스텝 | 배송 60/69 | 재적재 11 | 중계율 0.18 | alpha 2.817 | step_limit
Ep 81 | 드론6 목적지47 |  487스텝 | 배송 47/47 | 재적재  7 | 중계율 0.16 | alpha 2.850 | complete
Ep 82 | 드론6 목적지69 |  693스텝 | 배송 69/69 | 재적재 13 | 중계율 0.19 | alpha 2.898 | complete
Ep 83 | 드론5 목적지31 |  605스텝 | 배송 31/31 | 재적재  3 | 중계율 0.27 | alpha 2.941 | complete
Ep 84 | 드론3 목적지33 |  682스텝 | 배송 33/33 | 재적재  5 | 중계율 0.20 | alpha 2.976 | complete
Ep 85 | 드론4 목적지38 |  522스텝 | 배송 38/38 | 재적재  6 | 중계율 0.13 | alpha 3.003 | complete
Ep 86 | 드론6 목적지24 |  238스텝 | 배송 24/24 | 재적재  1 | 중계율 0.21 | alpha 3.011 | complete
Ep 87 | 드론3 목적지30 |  884스텝 | 배송 30/30 | 재적재  4 | 중계율 0.27 | alpha 3.036 | complete
Ep 88 | 드론4 목적지38 |  774스텝 | 배송 38/38 | 재적재  6 | 중계율 0.21 | alpha 3.032 | complete
Ep 89 | 드론3 목적지57 | 1000스텝 | 배송 50/57 | 재적재  9 | 중계율 0.25 | alpha 3.015 | step_limit
Ep 90 | 드론6 목적지21 |  276스텝 | 배송 21/21 | 재적재  0 | 중계율 0.26 | alpha 3.009 | complete
Ep 91 | 드론6 목적지77 |  740스텝 | 배송 77/77 | 재적재 14 | 중계율 0.17 | alpha 2.978 | complete
Ep 92 | 드론4 목적지69 | 1000스텝 | 배송 64/69 | 재적재 11 | 중계율 0.19 | alpha 2.910 | step_limit
Ep 93 | 드론6 목적지60 |  677스텝 | 배송 60/60 | 재적재  9 | 중계율 0.11 | alpha 2.880 | complete
Ep 94 | 드론6 목적지45 |  400스텝 | 배송 45/45 | 재적재  6 | 중계율 0.10 | alpha 2.861 | complete
Ep 95 | 드론4 목적지71 |  991스텝 | 배송 71/71 | 재적재 11 | 중계율 0.17 | alpha 2.817 | complete
Ep 96 | 드론3 목적지74 | 1000스텝 | 배송 60/74 | 재적재 10 | 중계율 0.18 | alpha 2.843 | step_limit
Ep 97 | 드론6 목적지47 |  683스텝 | 배송 47/47 | 재적재  6 | 중계율 0.14 | alpha 2.839 | complete
Ep 98 | 드론6 목적지50 |  710스텝 | 배송 50/50 | 재적재  7 | 중계율 0.20 | alpha 2.815 | complete
Ep 99 | 드론6 목적지35 |  452스텝 | 배송 35/35 | 재적재  4 | 중계율 0.18 | alpha 2.793 | complete
Ep 100 | 드론3 목적지40 | 1000스텝 | 배송 37/40 | 재적재  6 | 중계율 0.20 | alpha 2.760 | step_limit
  [홀드아웃] 배송 49.9±0.4 완주 0.96 스텝 1308 점수 101.9 재적재 8.4 2홉+ 0.65 | 최고 101.9@ep100 정체 0/15  ← 갱신
Ep 101 | 드론3 목적지23 |  443스텝 | 배송 23/23 | 재적재  3 | 중계율 0.13 | alpha 2.758 | complete
Ep 102 | 드론3 목적지21 |  435스텝 | 배송 21/21 | 재적재  3 | 중계율 0.24 | alpha 2.754 | complete
Ep 103 | 드론6 목적지72 |  469스텝 | 배송 72/72 | 재적재 11 | 중계율 0.14 | alpha 2.732 | complete
Ep 104 | 드론3 목적지27 |  746스텝 | 배송 27/27 | 재적재  4 | 중계율 0.31 | alpha 2.722 | complete
Ep 105 | 드론4 목적지63 |  788스텝 | 배송 63/63 | 재적재 12 | 중계율 0.14 | alpha 2.704 | complete
Ep 106 | 드론5 목적지58 |  471스텝 | 배송 58/58 | 재적재 10 | 중계율 0.13 | alpha 2.691 | complete
Ep 107 | 드론6 목적지75 | 1000스텝 | 배송 74/75 | 재적재 14 | 중계율 0.27 | alpha 2.673 | step_limit
Ep 108 | 드론4 목적지55 | 1000스텝 | 배송 51/55 | 재적재  9 | 중계율 0.21 | alpha 2.649 | step_limit
Ep 109 | 드론5 목적지64 |  740스텝 | 배송 64/64 | 재적재 11 | 중계율 0.18 | alpha 2.662 | complete
Ep 110 | 드론4 목적지55 |  853스텝 | 배송 55/55 | 재적재  9 | 중계율 0.14 | alpha 2.669 | complete
Ep 111 | 드론5 목적지67 |  767스텝 | 배송 67/67 | 재적재 11 | 중계율 0.21 | alpha 2.650 | complete
Ep 112 | 드론4 목적지46 |  582스텝 | 배송 46/46 | 재적재  8 | 중계율 0.19 | alpha 2.648 | complete
Ep 113 | 드론5 목적지43 |  424스텝 | 배송 43/43 | 재적재  6 | 중계율 0.12 | alpha 2.651 | complete
Ep 114 | 드론3 목적지80 | 1000스텝 | 배송 65/80 | 재적재 11 | 중계율 0.19 | alpha 2.709 | step_limit
Ep 115 | 드론6 목적지78 |  588스텝 | 배송 78/78 | 재적재 13 | 중계율 0.10 | alpha 2.671 | complete
Ep 116 | 드론5 목적지72 | 1000스텝 | 배송 70/72 | 재적재 12 | 중계율 0.18 | alpha 2.662 | step_limit
Ep 117 | 드론4 목적지54 | 1000스텝 | 배송 49/54 | 재적재  9 | 중계율 0.18 | alpha 2.613 | step_limit
Ep 118 | 드론3 목적지63 | 1000스텝 | 배송 52/63 | 재적재 10 | 중계율 0.20 | alpha 2.589 | step_limit
Ep 119 | 드론6 목적지66 |  608스텝 | 배송 66/66 | 재적재 10 | 중계율 0.14 | alpha 2.593 | complete
Ep 120 | 드론5 목적지70 |  905스텝 | 배송 70/70 | 재적재 12 | 중계율 0.18 | alpha 2.550 | complete
Ep 121 | 드론5 목적지45 |  535스텝 | 배송 45/45 | 재적재  7 | 중계율 0.12 | alpha 2.573 | complete
Ep 122 | 드론5 목적지26 |  494스텝 | 배송 26/26 | 재적재  4 | 중계율 0.21 | alpha 2.578 | complete
Ep 123 | 드론6 목적지30 |  332스텝 | 배송 30/30 | 재적재  3 | 중계율 0.18 | alpha 2.558 | complete
Ep 124 | 드론3 목적지80 | 1000스텝 | 배송 57/80 | 재적재 11 | 중계율 0.25 | alpha 2.570 | step_limit
Ep 125 | 드론6 목적지41 |  463스텝 | 배송 41/41 | 재적재  5 | 중계율 0.15 | alpha 2.598 | complete
Ep 126 | 드론4 목적지50 | 1000스텝 | 배송 42/50 | 재적재  7 | 중계율 0.27 | alpha 2.632 | step_limit
Ep 127 | 드론4 목적지37 |  697스텝 | 배송 37/37 | 재적재  7 | 중계율 0.26 | alpha 2.638 | complete
Ep 128 | 드론3 목적지42 |  782스텝 | 배송 42/42 | 재적재  8 | 중계율 0.21 | alpha 2.633 | complete
Ep 129 | 드론5 목적지52 |  617스텝 | 배송 52/52 | 재적재  9 | 중계율 0.14 | alpha 2.647 | complete
Ep 130 | 드론3 목적지40 |  889스텝 | 배송 40/40 | 재적재  7 | 중계율 0.30 | alpha 2.702 | complete
Ep 131 | 드론4 목적지39 |  528스텝 | 배송 39/39 | 재적재  7 | 중계율 0.15 | alpha 2.698 | complete
Ep 132 | 드론6 목적지63 |  483스텝 | 배송 63/63 | 재적재 11 | 중계율 0.13 | alpha 2.670 | complete
Ep 133 | 드론4 목적지61 |  876스텝 | 배송 61/61 | 재적재 11 | 중계율 0.18 | alpha 2.615 | complete
Ep 134 | 드론5 목적지22 |  219스텝 | 배송 22/22 | 재적재  2 | 중계율 0.12 | alpha 2.616 | complete
Ep 135 | 드론3 목적지20 |  752스텝 | 배송 20/20 | 재적재  3 | 중계율 0.22 | alpha 2.586 | complete
Ep 136 | 드론6 목적지57 |  530스텝 | 배송 57/57 | 재적재  8 | 중계율 0.16 | alpha 2.586 | complete
Ep 137 | 드론4 목적지24 |  347스텝 | 배송 24/24 | 재적재  3 | 중계율 0.15 | alpha 2.592 | complete
Ep 138 | 드론5 목적지35 |  371스텝 | 배송 35/35 | 재적재  5 | 중계율 0.14 | alpha 2.593 | complete
Ep 139 | 드론4 목적지29 |  424스텝 | 배송 29/29 | 재적재  4 | 중계율 0.16 | alpha 2.590 | complete
Ep 140 | 드론3 목적지32 | 1000스텝 | 배송 26/32 | 재적재  5 | 중계율 0.29 | alpha 2.584 | step_limit
Ep 141 | 드론4 목적지54 |  682스텝 | 배송 54/54 | 재적재  9 | 중계율 0.17 | alpha 2.584 | complete
Ep 142 | 드론3 목적지42 |  917스텝 | 배송 42/42 | 재적재  8 | 중계율 0.16 | alpha 2.552 | complete
Ep 143 | 드론3 목적지23 |  592스텝 | 배송 23/23 | 재적재  3 | 중계율 0.21 | alpha 2.520 | complete
Ep 144 | 드론4 목적지61 | 1000스텝 | 배송 59/61 | 재적재 10 | 중계율 0.21 | alpha 2.517 | step_limit
Ep 145 | 드론4 목적지64 | 1000스텝 | 배송 58/64 | 재적재 11 | 중계율 0.20 | alpha 2.488 | step_limit
Ep 146 | 드론3 목적지71 | 1000스텝 | 배송 55/71 | 재적재 10 | 중계율 0.16 | alpha 2.434 | step_limit
Ep 147 | 드론3 목적지48 | 1000스텝 | 배송 47/48 | 재적재  8 | 중계율 0.21 | alpha 2.455 | step_limit
Ep 148 | 드론5 목적지36 |  549스텝 | 배송 36/36 | 재적재  5 | 중계율 0.18 | alpha 2.454 | complete
Ep 149 | 드론5 목적지40 |  771스텝 | 배송 40/40 | 재적재  5 | 중계율 0.18 | alpha 2.424 | complete
Ep 150 | 드론4 목적지26 |  551스텝 | 배송 26/26 | 재적재  3 | 중계율 0.17 | alpha 2.425 | complete
  [홀드아웃] 배송 50.0±0.2 완주 0.99 스텝 1141 점수 104.9 재적재 8.4 2홉+ 0.65 | 최고 104.9@ep150 정체 0/15  ← 갱신
Ep 151 | 드론5 목적지70 | 1000스텝 | 배송 69/70 | 재적재 13 | 중계율 0.22 | alpha 2.384 | step_limit
Ep 152 | 드론6 목적지48 |  328스텝 | 배송 48/48 | 재적재  6 | 중계율 0.14 | alpha 2.367 | complete
Ep 153 | 드론6 목적지57 |  532스텝 | 배송 57/57 | 재적재  8 | 중계율 0.19 | alpha 2.335 | complete
Ep 154 | 드론6 목적지34 |  261스텝 | 배송 34/34 | 재적재  5 | 중계율 0.15 | alpha 2.323 | complete
Ep 155 | 드론6 목적지80 |  823스텝 | 배송 80/80 | 재적재 14 | 중계율 0.20 | alpha 2.278 | complete
Ep 156 | 드론6 목적지59 |  705스텝 | 배송 59/59 | 재적재 10 | 중계율 0.18 | alpha 2.310 | complete
Ep 157 | 드론3 목적지42 | 1000스텝 | 배송 41/42 | 재적재  7 | 중계율 0.15 | alpha 2.324 | step_limit
Ep 158 | 드론5 목적지76 |  622스텝 | 배송 76/76 | 재적재 12 | 중계율 0.10 | alpha 2.336 | complete
Ep 159 | 드론6 목적지47 |  374스텝 | 배송 47/47 | 재적재  7 | 중계율 0.12 | alpha 2.330 | complete
Ep 160 | 드론3 목적지62 | 1000스텝 | 배송 46/62 | 재적재  9 | 중계율 0.21 | alpha 2.327 | step_limit
Ep 161 | 드론4 목적지31 |  576스텝 | 배송 31/31 | 재적재  4 | 중계율 0.19 | alpha 2.328 | complete
Ep 162 | 드론4 목적지26 |  523스텝 | 배송 26/26 | 재적재  4 | 중계율 0.18 | alpha 2.340 | complete
Ep 163 | 드론5 목적지21 |  415스텝 | 배송 21/21 | 재적재  2 | 중계율 0.26 | alpha 2.366 | complete
Ep 164 | 드론6 목적지79 | 1000스텝 | 배송 77/79 | 재적재 14 | 중계율 0.22 | alpha 2.348 | step_limit
Ep 165 | 드론6 목적지47 |  481스텝 | 배송 47/47 | 재적재  6 | 중계율 0.13 | alpha 2.363 | complete
Ep 166 | 드론4 목적지77 | 1000스텝 | 배송 75/77 | 재적재 14 | 중계율 0.17 | alpha 2.358 | step_limit
Ep 167 | 드론5 목적지77 | 1000스텝 | 배송 76/77 | 재적재 13 | 중계율 0.28 | alpha 2.363 | step_limit
Ep 168 | 드론6 목적지29 |  352스텝 | 배송 29/29 | 재적재  3 | 중계율 0.16 | alpha 2.356 | complete
Ep 169 | 드론6 목적지59 |  457스텝 | 배송 59/59 | 재적재  9 | 중계율 0.15 | alpha 2.348 | complete
Ep 170 | 드론4 목적지74 | 1000스텝 | 배송 67/74 | 재적재 12 | 중계율 0.23 | alpha 2.335 | step_limit
Ep 171 | 드론5 목적지34 |  422스텝 | 배송 34/34 | 재적재  5 | 중계율 0.11 | alpha 2.327 | complete
Ep 172 | 드론3 목적지43 | 1000스텝 | 배송 39/43 | 재적재  7 | 중계율 0.22 | alpha 2.350 | step_limit
Ep 173 | 드론4 목적지35 |  680스텝 | 배송 35/35 | 재적재  5 | 중계율 0.26 | alpha 2.364 | complete
Ep 174 | 드론6 목적지43 |  460스텝 | 배송 43/43 | 재적재  7 | 중계율 0.14 | alpha 2.343 | complete
Ep 175 | 드론6 목적지30 |  400스텝 | 배송 30/30 | 재적재  3 | 중계율 0.24 | alpha 2.324 | complete
Ep 176 | 드론6 목적지29 |  323스텝 | 배송 29/29 | 재적재  4 | 중계율 0.22 | alpha 2.338 | complete
Ep 177 | 드론3 목적지45 | 1000스텝 | 배송 39/45 | 재적재  6 | 중계율 0.20 | alpha 2.343 | step_limit
Ep 178 | 드론3 목적지20 |  886스텝 | 배송 20/20 | 재적재  2 | 중계율 0.27 | alpha 2.364 | complete
Ep 179 | 드론6 목적지66 |  962스텝 | 배송 66/66 | 재적재 11 | 중계율 0.25 | alpha 2.350 | complete
Ep 180 | 드론6 목적지22 |  214스텝 | 배송 22/22 | 재적재  0 | 중계율 0.12 | alpha 2.340 | complete
Ep 181 | 드론6 목적지77 |  761스텝 | 배송 77/77 | 재적재 14 | 중계율 0.22 | alpha 2.312 | complete
Ep 182 | 드론4 목적지74 | 1000스텝 | 배송 73/74 | 재적재 14 | 중계율 0.20 | alpha 2.253 | step_limit
Ep 183 | 드론6 목적지40 |  357스텝 | 배송 40/40 | 재적재  4 | 중계율 0.15 | alpha 2.244 | complete
Ep 184 | 드론4 목적지77 |  964스텝 | 배송 77/77 | 재적재 14 | 중계율 0.17 | alpha 2.252 | complete
Ep 185 | 드론5 목적지72 |  903스텝 | 배송 72/72 | 재적재 14 | 중계율 0.19 | alpha 2.225 | complete
Ep 186 | 드론5 목적지74 |  724스텝 | 배송 74/74 | 재적재 13 | 중계율 0.14 | alpha 2.206 | complete
Ep 187 | 드론3 목적지65 | 1000스텝 | 배송 55/65 | 재적재 10 | 중계율 0.17 | alpha 2.181 | step_limit
Ep 188 | 드론3 목적지80 | 1000스텝 | 배송 45/80 | 재적재  6 | 중계율 0.27 | alpha 2.159 | step_limit
Ep 189 | 드론5 목적지55 |  948스텝 | 배송 55/55 | 재적재  9 | 중계율 0.21 | alpha 2.160 | complete
Ep 190 | 드론4 목적지36 | 1000스텝 | 배송 34/36 | 재적재  6 | 중계율 0.22 | alpha 2.138 | step_limit
Ep 191 | 드론3 목적지28 |  753스텝 | 배송 28/28 | 재적재  5 | 중계율 0.21 | alpha 2.155 | complete
Ep 192 | 드론6 목적지74 |  541스텝 | 배송 74/74 | 재적재 13 | 중계율 0.14 | alpha 2.173 | complete
Ep 193 | 드론4 목적지61 | 1000스텝 | 배송 59/61 | 재적재 10 | 중계율 0.27 | alpha 2.176 | step_limit
Ep 194 | 드론6 목적지73 |  476스텝 | 배송 73/73 | 재적재 12 | 중계율 0.12 | alpha 2.162 | complete
Ep 195 | 드론5 목적지69 |  838스텝 | 배송 69/69 | 재적재 11 | 중계율 0.23 | alpha 2.163 | complete
Ep 196 | 드론4 목적지47 |  892스텝 | 배송 47/47 | 재적재  8 | 중계율 0.18 | alpha 2.194 | complete
Ep 197 | 드론5 목적지27 |  443스텝 | 배송 27/27 | 재적재  3 | 중계율 0.23 | alpha 2.202 | complete
Ep 198 | 드론4 목적지56 |  781스텝 | 배송 56/56 | 재적재  9 | 중계율 0.14 | alpha 2.175 | complete
Ep 199 | 드론3 목적지57 | 1000스텝 | 배송 51/57 | 재적재  9 | 중계율 0.25 | alpha 2.181 | step_limit
Ep 200 | 드론6 목적지64 |  847스텝 | 배송 64/64 | 재적재 11 | 중계율 0.21 | alpha 2.189 | complete
  [홀드아웃] 배송 49.9±1.1 완주 0.97 스텝 1125 점수 103.8 재적재 8.4 2홉+ 0.64 | 최고 104.9@ep150 정체 1/15
Ep 201 | 드론6 목적지38 | 1000스텝 | 배송 35/38 | 재적재  6 | 중계율 0.32 | alpha 2.197 | step_limit
Ep 202 | 드론3 목적지32 |  832스텝 | 배송 32/32 | 재적재  5 | 중계율 0.30 | alpha 2.212 | complete
Ep 203 | 드론4 목적지23 |  394스텝 | 배송 23/23 | 재적재  3 | 중계율 0.12 | alpha 2.216 | complete
Ep 204 | 드론4 목적지38 |  527스텝 | 배송 38/38 | 재적재  6 | 중계율 0.13 | alpha 2.230 | complete
Ep 205 | 드론4 목적지27 |  372스텝 | 배송 27/27 | 재적재  4 | 중계율 0.13 | alpha 2.242 | complete
Ep 206 | 드론3 목적지58 | 1000스텝 | 배송 48/58 | 재적재  8 | 중계율 0.26 | alpha 2.244 | step_limit
Ep 207 | 드론4 목적지52 | 1000스텝 | 배송 45/52 | 재적재  9 | 중계율 0.28 | alpha 2.200 | step_limit
Ep 208 | 드론4 목적지60 | 1000스텝 | 배송 51/60 | 재적재  8 | 중계율 0.29 | alpha 2.180 | step_limit
Ep 209 | 드론3 목적지72 | 1000스텝 | 배송 60/72 | 재적재 10 | 중계율 0.25 | alpha 2.169 | step_limit
Ep 210 | 드론6 목적지39 |  320스텝 | 배송 39/39 | 재적재  5 | 중계율 0.11 | alpha 2.160 | complete
Ep 211 | 드론3 목적지55 | 1000스텝 | 배송 52/55 | 재적재 10 | 중계율 0.24 | alpha 2.160 | step_limit
Ep 212 | 드론4 목적지62 |  791스텝 | 배송 62/62 | 재적재 11 | 중계율 0.18 | alpha 2.132 | complete
Ep 213 | 드론5 목적지77 |  709스텝 | 배송 77/77 | 재적재 14 | 중계율 0.13 | alpha 2.142 | complete
Ep 214 | 드론4 목적지44 |  718스텝 | 배송 44/44 | 재적재  7 | 중계율 0.19 | alpha 2.112 | complete
Ep 215 | 드론3 목적지49 | 1000스텝 | 배송 48/49 | 재적재  7 | 중계율 0.27 | alpha 2.106 | step_limit
Ep 216 | 드론6 목적지29 |  319스텝 | 배송 29/29 | 재적재  2 | 중계율 0.19 | alpha 2.107 | complete
Ep 217 | 드론5 목적지36 |  287스텝 | 배송 36/36 | 재적재  6 | 중계율 0.15 | alpha 2.109 | complete
Ep 218 | 드론5 목적지55 |  547스텝 | 배송 55/55 | 재적재 10 | 중계율 0.15 | alpha 2.085 | complete
Ep 219 | 드론3 목적지35 | 1000스텝 | 배송 34/35 | 재적재  5 | 중계율 0.29 | alpha 2.027 | step_limit
Ep 220 | 드론6 목적지73 |  487스텝 | 배송 73/73 | 재적재 12 | 중계율 0.14 | alpha 2.029 | complete
Ep 221 | 드론6 목적지25 |  264스텝 | 배송 25/25 | 재적재  0 | 중계율 0.17 | alpha 2.030 | complete
Ep 222 | 드론4 목적지30 |  430스텝 | 배송 30/30 | 재적재  4 | 중계율 0.22 | alpha 2.025 | complete
Ep 223 | 드론4 목적지45 | 1000스텝 | 배송 44/45 | 재적재  6 | 중계율 0.32 | alpha 2.003 | step_limit
Ep 224 | 드론5 목적지76 | 1000스텝 | 배송 63/76 | 재적재 12 | 중계율 0.29 | alpha 2.010 | step_limit
Ep 225 | 드론5 목적지70 |  683스텝 | 배송 70/70 | 재적재 12 | 중계율 0.14 | alpha 2.000 | complete
Ep 226 | 드론6 목적지73 |  469스텝 | 배송 73/73 | 재적재 12 | 중계율 0.11 | alpha 1.999 | complete
Ep 227 | 드론6 목적지56 |  551스텝 | 배송 56/56 | 재적재  9 | 중계율 0.14 | alpha 1.998 | complete
Ep 228 | 드론5 목적지24 |  319스텝 | 배송 24/24 | 재적재  1 | 중계율 0.18 | alpha 2.009 | complete
Ep 229 | 드론3 목적지32 |  842스텝 | 배송 32/32 | 재적재  6 | 중계율 0.23 | alpha 2.015 | complete
Ep 230 | 드론3 목적지62 | 1000스텝 | 배송 57/62 | 재적재 11 | 중계율 0.23 | alpha 2.019 | step_limit
Ep 231 | 드론3 목적지27 |  790스텝 | 배송 27/27 | 재적재  5 | 중계율 0.28 | alpha 2.005 | complete
Ep 232 | 드론6 목적지27 |  310스텝 | 배송 27/27 | 재적재  3 | 중계율 0.19 | alpha 2.018 | complete
Ep 233 | 드론5 목적지58 |  947스텝 | 배송 58/58 | 재적재  9 | 중계율 0.23 | alpha 2.039 | complete
Ep 234 | 드론4 목적지56 |  802스텝 | 배송 56/56 | 재적재 10 | 중계율 0.17 | alpha 2.038 | complete
Ep 235 | 드론4 목적지49 | 1000스텝 | 배송 47/49 | 재적재  8 | 중계율 0.26 | alpha 2.050 | step_limit
Ep 236 | 드론6 목적지71 |  577스텝 | 배송 71/71 | 재적재 12 | 중계율 0.17 | alpha 2.037 | complete
Ep 237 | 드론5 목적지77 |  869스텝 | 배송 77/77 | 재적재 14 | 중계율 0.14 | alpha 2.030 | complete
Ep 238 | 드론6 목적지27 |  219스텝 | 배송 27/27 | 재적재  2 | 중계율 0.14 | alpha 2.011 | complete
Ep 239 | 드론5 목적지37 |  541스텝 | 배송 37/37 | 재적재  6 | 중계율 0.23 | alpha 1.994 | complete
Ep 240 | 드론6 목적지70 |  600스텝 | 배송 70/70 | 재적재 12 | 중계율 0.12 | alpha 1.963 | complete
Ep 241 | 드론3 목적지46 | 1000스텝 | 배송 41/46 | 재적재  8 | 중계율 0.25 | alpha 1.956 | step_limit
Ep 242 | 드론6 목적지65 |  524스텝 | 배송 65/65 | 재적재 10 | 중계율 0.12 | alpha 1.945 | complete
Ep 243 | 드론5 목적지39 |  504스텝 | 배송 39/39 | 재적재  5 | 중계율 0.23 | alpha 1.935 | complete
Ep 244 | 드론4 목적지51 |  852스텝 | 배송 51/51 | 재적재  9 | 중계율 0.21 | alpha 1.906 | complete
Ep 245 | 드론3 목적지52 | 1000스텝 | 배송 40/52 | 재적재  7 | 중계율 0.35 | alpha 1.919 | step_limit
Ep 246 | 드론5 목적지54 |  577스텝 | 배송 54/54 | 재적재 10 | 중계율 0.14 | alpha 1.930 | complete
Ep 247 | 드론6 목적지69 |  535스텝 | 배송 69/69 | 재적재 10 | 중계율 0.17 | alpha 1.942 | complete
Ep 248 | 드론3 목적지77 | 1000스텝 | 배송 63/77 | 재적재 11 | 중계율 0.21 | alpha 1.919 | step_limit
Ep 249 | 드론5 목적지70 |  648스텝 | 배송 70/70 | 재적재 12 | 중계율 0.13 | alpha 1.916 | complete
Ep 250 | 드론3 목적지51 | 1000스텝 | 배송 43/51 | 재적재  8 | 중계율 0.25 | alpha 1.930 | step_limit
  [홀드아웃] 배송 49.9±0.5 완주 0.97 스텝 1085 점수 103.9 재적재 8.2 2홉+ 0.64 | 최고 104.9@ep150 정체 2/15
Ep 251 | 드론6 목적지33 |  246스텝 | 배송 33/33 | 재적재  2 | 중계율 0.16 | alpha 1.926 | complete
Ep 252 | 드론3 목적지25 |  495스텝 | 배송 25/25 | 재적재  3 | 중계율 0.26 | alpha 1.926 | complete
Ep 253 | 드론5 목적지49 | 1000스텝 | 배송 46/49 | 재적재  8 | 중계율 0.27 | alpha 1.940 | step_limit
Ep 254 | 드론5 목적지26 |  299스텝 | 배송 26/26 | 재적재  4 | 중계율 0.14 | alpha 1.931 | complete
Ep 255 | 드론4 목적지38 |  791스텝 | 배송 38/38 | 재적재  5 | 중계율 0.32 | alpha 1.960 | complete
Ep 256 | 드론4 목적지27 |  891스텝 | 배송 27/27 | 재적재  4 | 중계율 0.27 | alpha 1.968 | complete
Ep 257 | 드론3 목적지44 | 1000스텝 | 배송 41/44 | 재적재  7 | 중계율 0.27 | alpha 1.970 | step_limit
Ep 258 | 드론5 목적지73 |  636스텝 | 배송 73/73 | 재적재 12 | 중계율 0.15 | alpha 1.977 | complete
Ep 259 | 드론5 목적지65 |  657스텝 | 배송 65/65 | 재적재 11 | 중계율 0.17 | alpha 1.966 | complete
Ep 260 | 드론6 목적지49 |  511스텝 | 배송 49/49 | 재적재  7 | 중계율 0.19 | alpha 1.953 | complete
Ep 261 | 드론6 목적지21 |  278스텝 | 배송 21/21 | 재적재  0 | 중계율 0.21 | alpha 1.953 | complete
Ep 262 | 드론3 목적지69 | 1000스텝 | 배송 61/69 | 재적재 10 | 중계율 0.22 | alpha 1.930 | step_limit
Ep 263 | 드론4 목적지40 |  986스텝 | 배송 40/40 | 재적재  5 | 중계율 0.34 | alpha 1.919 | complete
Ep 264 | 드론5 목적지35 |  434스텝 | 배송 35/35 | 재적재  4 | 중계율 0.19 | alpha 1.923 | complete
Ep 265 | 드론6 목적지52 |  432스텝 | 배송 52/52 | 재적재  9 | 중계율 0.11 | alpha 1.914 | complete
Ep 266 | 드론4 목적지33 |  520스텝 | 배송 33/33 | 재적재  6 | 중계율 0.13 | alpha 1.912 | complete
Ep 267 | 드론6 목적지32 |  390스텝 | 배송 32/32 | 재적재  4 | 중계율 0.21 | alpha 1.909 | complete
Ep 268 | 드론4 목적지39 |  841스텝 | 배송 39/39 | 재적재  7 | 중계율 0.27 | alpha 1.972 | complete
Ep 269 | 드론5 목적지71 |  884스텝 | 배송 71/71 | 재적재 12 | 중계율 0.20 | alpha 1.968 | complete
Ep 270 | 드론3 목적지56 | 1000스텝 | 배송 45/56 | 재적재  8 | 중계율 0.29 | alpha 1.975 | step_limit
Ep 271 | 드론5 목적지66 | 1000스텝 | 배송 65/66 | 재적재 12 | 중계율 0.21 | alpha 1.968 | step_limit
Ep 272 | 드론4 목적지33 |  435스텝 | 배송 33/33 | 재적재  4 | 중계율 0.15 | alpha 1.970 | complete
Ep 273 | 드론5 목적지75 | 1000스텝 | 배송 74/75 | 재적재 12 | 중계율 0.26 | alpha 1.940 | step_limit
Ep 274 | 드론4 목적지63 |  758스텝 | 배송 63/63 | 재적재 11 | 중계율 0.12 | alpha 1.927 | complete
Ep 275 | 드론3 목적지46 | 1000스텝 | 배송 45/46 | 재적재  7 | 중계율 0.25 | alpha 1.939 | step_limit
Ep 276 | 드론5 목적지62 |  797스텝 | 배송 62/62 | 재적재 10 | 중계율 0.22 | alpha 1.916 | complete
Ep 277 | 드론6 목적지35 |  329스텝 | 배송 35/35 | 재적재  5 | 중계율 0.16 | alpha 1.898 | complete
Ep 278 | 드론4 목적지79 |  853스텝 | 배송 79/79 | 재적재 15 | 중계율 0.13 | alpha 1.891 | complete
Ep 279 | 드론3 목적지50 | 1000스텝 | 배송 47/50 | 재적재  8 | 중계율 0.23 | alpha 1.886 | step_limit
Ep 280 | 드론3 목적지71 | 1000스텝 | 배송 48/71 | 재적재  9 | 중계율 0.24 | alpha 1.891 | step_limit
Ep 281 | 드론5 목적지52 |  655스텝 | 배송 52/52 | 재적재  8 | 중계율 0.19 | alpha 1.907 | complete
Ep 282 | 드론4 목적지55 |  609스텝 | 배송 55/55 | 재적재 10 | 중계율 0.12 | alpha 1.909 | complete
Ep 283 | 드론4 목적지44 |  562스텝 | 배송 44/44 | 재적재  7 | 중계율 0.14 | alpha 1.890 | complete
Ep 284 | 드론6 목적지61 |  455스텝 | 배송 61/61 | 재적재 10 | 중계율 0.13 | alpha 1.893 | complete
Ep 285 | 드론6 목적지61 |  457스텝 | 배송 61/61 | 재적재  9 | 중계율 0.15 | alpha 1.934 | complete
Ep 286 | 드론6 목적지35 |  306스텝 | 배송 35/35 | 재적재  3 | 중계율 0.15 | alpha 1.949 | complete
Ep 287 | 드론5 목적지42 |  450스텝 | 배송 42/42 | 재적재  5 | 중계율 0.23 | alpha 1.962 | complete
Ep 288 | 드론4 목적지26 |  596스텝 | 배송 26/26 | 재적재  3 | 중계율 0.34 | alpha 1.937 | complete
Ep 289 | 드론5 목적지71 |  712스텝 | 배송 71/71 | 재적재 11 | 중계율 0.13 | alpha 1.913 | complete
Ep 290 | 드론3 목적지34 |  858스텝 | 배송 34/34 | 재적재  6 | 중계율 0.21 | alpha 1.905 | complete
Ep 291 | 드론6 목적지70 |  558스텝 | 배송 70/70 | 재적재 10 | 중계율 0.15 | alpha 1.918 | complete
Ep 292 | 드론6 목적지25 |  294스텝 | 배송 25/25 | 재적재  1 | 중계율 0.09 | alpha 1.920 | complete
Ep 293 | 드론5 목적지78 |  742스텝 | 배송 78/78 | 재적재 13 | 중계율 0.21 | alpha 1.915 | complete
Ep 294 | 드론4 목적지63 |  748스텝 | 배송 63/63 | 재적재 11 | 중계율 0.17 | alpha 1.921 | complete
Ep 295 | 드론3 목적지40 | 1000스텝 | 배송 37/40 | 재적재  6 | 중계율 0.26 | alpha 1.920 | step_limit
Ep 296 | 드론3 목적지78 | 1000스텝 | 배송 60/78 | 재적재 10 | 중계율 0.28 | alpha 1.893 | step_limit
Ep 297 | 드론3 목적지76 | 1000스텝 | 배송 67/76 | 재적재 11 | 중계율 0.17 | alpha 1.903 | step_limit
Ep 298 | 드론5 목적지42 |  648스텝 | 배송 42/42 | 재적재  6 | 중계율 0.16 | alpha 1.919 | complete
Ep 299 | 드론5 목적지34 |  520스텝 | 배송 34/34 | 재적재  5 | 중계율 0.25 | alpha 1.949 | complete
Ep 300 | 드론6 목적지73 |  683스텝 | 배송 73/73 | 재적재 12 | 중계율 0.20 | alpha 1.943 | complete
  [홀드아웃] 배송 50.0±0.0 완주 1.00 스텝 982 점수 106.7 재적재 8.1 2홉+ 0.63 | 최고 106.7@ep300 정체 0/15  ← 갱신
Ep 301 | 드론5 목적지74 |  863스텝 | 배송 74/74 | 재적재 13 | 중계율 0.15 | alpha 1.933 | complete
Ep 302 | 드론3 목적지56 | 1000스텝 | 배송 46/56 | 재적재  8 | 중계율 0.20 | alpha 1.899 | step_limit
Ep 303 | 드론6 목적지24 |  240스텝 | 배송 24/24 | 재적재  0 | 중계율 0.18 | alpha 1.888 | complete
Ep 304 | 드론5 목적지67 |  692스텝 | 배송 67/67 | 재적재 10 | 중계율 0.18 | alpha 1.908 | complete
Ep 305 | 드론4 목적지69 | 1000스텝 | 배송 68/69 | 재적재 12 | 중계율 0.22 | alpha 1.904 | step_limit
Ep 306 | 드론4 목적지30 |  480스텝 | 배송 30/30 | 재적재  3 | 중계율 0.20 | alpha 1.879 | complete
Ep 307 | 드론6 목적지46 |  367스텝 | 배송 46/46 | 재적재  5 | 중계율 0.09 | alpha 1.887 | complete
Ep 308 | 드론3 목적지45 |  703스텝 | 배송 45/45 | 재적재  7 | 중계율 0.20 | alpha 1.916 | complete
Ep 309 | 드론6 목적지80 |  882스텝 | 배송 80/80 | 재적재 14 | 중계율 0.20 | alpha 1.922 | complete
Ep 310 | 드론4 목적지26 |  528스텝 | 배송 26/26 | 재적재  3 | 중계율 0.17 | alpha 1.911 | complete
Ep 311 | 드론3 목적지52 | 1000스텝 | 배송 48/52 | 재적재  9 | 중계율 0.20 | alpha 1.914 | step_limit
Ep 312 | 드론3 목적지42 |  846스텝 | 배송 42/42 | 재적재  7 | 중계율 0.24 | alpha 1.938 | complete
Ep 313 | 드론3 목적지60 | 1000스텝 | 배송 54/60 | 재적재  8 | 중계율 0.22 | alpha 1.909 | step_limit
Ep 314 | 드론3 목적지78 | 1000스텝 | 배송 56/78 | 재적재  9 | 중계율 0.28 | alpha 1.871 | step_limit
Ep 315 | 드론5 목적지51 |  720스텝 | 배송 51/51 | 재적재  9 | 중계율 0.23 | alpha 1.876 | complete
Ep 316 | 드론5 목적지58 |  700스텝 | 배송 58/58 | 재적재  9 | 중계율 0.14 | alpha 1.891 | complete
Ep 317 | 드론5 목적지75 |  799스텝 | 배송 75/75 | 재적재 12 | 중계율 0.18 | alpha 1.873 | complete
Ep 318 | 드론6 목적지56 |  688스텝 | 배송 56/56 | 재적재  9 | 중계율 0.25 | alpha 1.878 | complete
Ep 319 | 드론4 목적지69 |  951스텝 | 배송 69/69 | 재적재 12 | 중계율 0.24 | alpha 1.869 | complete
Ep 320 | 드론5 목적지45 |  542스텝 | 배송 45/45 | 재적재  7 | 중계율 0.16 | alpha 1.867 | complete
Ep 321 | 드론5 목적지28 |  449스텝 | 배송 28/28 | 재적재  3 | 중계율 0.20 | alpha 1.854 | complete
Ep 322 | 드론5 목적지59 |  492스텝 | 배송 59/59 | 재적재 10 | 중계율 0.13 | alpha 1.846 | complete
Ep 323 | 드론3 목적지44 | 1000스텝 | 배송 42/44 | 재적재  7 | 중계율 0.29 | alpha 1.854 | step_limit
Ep 324 | 드론3 목적지25 |  485스텝 | 배송 25/25 | 재적재  4 | 중계율 0.18 | alpha 1.847 | complete
Ep 325 | 드론6 목적지65 |  466스텝 | 배송 65/65 | 재적재 10 | 중계율 0.13 | alpha 1.851 | complete
Ep 326 | 드론4 목적지31 |  511스텝 | 배송 31/31 | 재적재  5 | 중계율 0.23 | alpha 1.808 | complete
Ep 327 | 드론6 목적지67 |  590스텝 | 배송 67/67 | 재적재 10 | 중계율 0.20 | alpha 1.798 | complete
Ep 328 | 드론4 목적지65 |  879스텝 | 배송 65/65 | 재적재 11 | 중계율 0.15 | alpha 1.810 | complete
Ep 329 | 드론6 목적지33 |  379스텝 | 배송 33/33 | 재적재  5 | 중계율 0.16 | alpha 1.803 | complete
Ep 330 | 드론5 목적지76 |  879스텝 | 배송 76/76 | 재적재 12 | 중계율 0.21 | alpha 1.784 | complete
Ep 331 | 드론4 목적지76 | 1000스텝 | 배송 74/76 | 재적재 14 | 중계율 0.18 | alpha 1.771 | step_limit
Ep 332 | 드론6 목적지75 |  542스텝 | 배송 75/75 | 재적재 12 | 중계율 0.12 | alpha 1.785 | complete
Ep 333 | 드론4 목적지26 |  446스텝 | 배송 26/26 | 재적재  4 | 중계율 0.10 | alpha 1.790 | complete
Ep 334 | 드론3 목적지63 | 1000스텝 | 배송 61/63 | 재적재 10 | 중계율 0.20 | alpha 1.770 | step_limit
Ep 335 | 드론5 목적지28 |  379스텝 | 배송 28/28 | 재적재  4 | 중계율 0.16 | alpha 1.754 | complete
Ep 336 | 드론3 목적지54 | 1000스텝 | 배송 49/54 | 재적재  9 | 중계율 0.26 | alpha 1.750 | step_limit
Ep 337 | 드론4 목적지65 | 1000스텝 | 배송 50/65 | 재적재  8 | 중계율 0.29 | alpha 1.749 | step_limit
Ep 338 | 드론4 목적지68 | 1000스텝 | 배송 64/68 | 재적재 12 | 중계율 0.19 | alpha 1.724 | step_limit
Ep 339 | 드론5 목적지47 |  420스텝 | 배송 47/47 | 재적재  7 | 중계율 0.12 | alpha 1.747 | complete
Ep 340 | 드론4 목적지73 | 1000스텝 | 배송 65/73 | 재적재 10 | 중계율 0.29 | alpha 1.786 | step_limit
Ep 341 | 드론4 목적지64 | 1000스텝 | 배송 53/64 | 재적재 10 | 중계율 0.25 | alpha 1.793 | step_limit
Ep 342 | 드론4 목적지26 |  290스텝 | 배송 26/26 | 재적재  4 | 중계율 0.12 | alpha 1.784 | complete
Ep 343 | 드론6 목적지58 |  441스텝 | 배송 58/58 | 재적재  9 | 중계율 0.16 | alpha 1.774 | complete
Ep 344 | 드론5 목적지23 |  321스텝 | 배송 23/23 | 재적재  3 | 중계율 0.12 | alpha 1.764 | complete
Ep 345 | 드론5 목적지53 |  845스텝 | 배송 53/53 | 재적재 10 | 중계율 0.26 | alpha 1.755 | complete
Ep 346 | 드론4 목적지21 |  347스텝 | 배송 21/21 | 재적재  2 | 중계율 0.14 | alpha 1.756 | complete
Ep 347 | 드론6 목적지39 |  396스텝 | 배송 39/39 | 재적재  5 | 중계율 0.14 | alpha 1.753 | complete
Ep 348 | 드론6 목적지46 |  378스텝 | 배송 46/46 | 재적재  5 | 중계율 0.10 | alpha 1.739 | complete
Ep 349 | 드론5 목적지37 |  399스텝 | 배송 37/37 | 재적재  4 | 중계율 0.15 | alpha 1.734 | complete
Ep 350 | 드론3 목적지42 |  961스텝 | 배송 42/42 | 재적재  6 | 중계율 0.28 | alpha 1.720 | complete
  [홀드아웃] 배송 50.0±0.0 완주 1.00 스텝 992 점수 106.7 재적재 7.9 2홉+ 0.63 | 최고 106.7@ep300 정체 1/15
Ep 351 | 드론6 목적지54 |  465스텝 | 배송 54/54 | 재적재  8 | 중계율 0.13 | alpha 1.741 | complete
Ep 352 | 드론5 목적지69 |  877스텝 | 배송 69/69 | 재적재 12 | 중계율 0.19 | alpha 1.741 | complete
Ep 353 | 드론3 목적지44 |  795스텝 | 배송 44/44 | 재적재  8 | 중계율 0.21 | alpha 1.735 | complete
Ep 354 | 드론4 목적지49 |  615스텝 | 배송 49/49 | 재적재  8 | 중계율 0.17 | alpha 1.742 | complete
Ep 355 | 드론3 목적지28 |  548스텝 | 배송 28/28 | 재적재  4 | 중계율 0.18 | alpha 1.747 | complete
Ep 356 | 드론3 목적지79 | 1000스텝 | 배송 72/79 | 재적재 13 | 중계율 0.17 | alpha 1.751 | step_limit
Ep 357 | 드론5 목적지71 |  607스텝 | 배송 71/71 | 재적재 12 | 중계율 0.10 | alpha 1.764 | complete
Ep 358 | 드론3 목적지30 | 1000스텝 | 배송 25/30 | 재적재  4 | 중계율 0.25 | alpha 1.752 | step_limit
Ep 359 | 드론4 목적지74 | 1000스텝 | 배송 67/74 | 재적재 12 | 중계율 0.16 | alpha 1.736 | step_limit
Ep 360 | 드론5 목적지47 |  449스텝 | 배송 47/47 | 재적재  7 | 중계율 0.13 | alpha 1.746 | complete
Ep 361 | 드론4 목적지43 |  790스텝 | 배송 43/43 | 재적재  7 | 중계율 0.20 | alpha 1.729 | complete
Ep 362 | 드론6 목적지78 |  598스텝 | 배송 78/78 | 재적재 12 | 중계율 0.13 | alpha 1.741 | complete
Ep 363 | 드론5 목적지70 |  858스텝 | 배송 70/70 | 재적재 12 | 중계율 0.14 | alpha 1.705 | complete
Ep 364 | 드론3 목적지64 | 1000스텝 | 배송 58/64 | 재적재 10 | 중계율 0.25 | alpha 1.714 | step_limit
Ep 365 | 드론3 목적지63 | 1000스텝 | 배송 51/63 | 재적재 10 | 중계율 0.34 | alpha 1.719 | step_limit
Ep 366 | 드론4 목적지44 |  987스텝 | 배송 44/44 | 재적재  8 | 중계율 0.26 | alpha 1.724 | complete
Ep 367 | 드론5 목적지38 |  550스텝 | 배송 38/38 | 재적재  4 | 중계율 0.19 | alpha 1.723 | complete
Ep 368 | 드론3 목적지37 |  660스텝 | 배송 37/37 | 재적재  6 | 중계율 0.14 | alpha 1.749 | complete
Ep 369 | 드론3 목적지42 |  831스텝 | 배송 42/42 | 재적재  7 | 중계율 0.19 | alpha 1.733 | complete
Ep 370 | 드론4 목적지70 | 1000스텝 | 배송 66/70 | 재적재 11 | 중계율 0.25 | alpha 1.756 | step_limit
Ep 371 | 드론4 목적지40 |  641스텝 | 배송 40/40 | 재적재  7 | 중계율 0.17 | alpha 1.771 | complete
Ep 372 | 드론5 목적지29 |  553스텝 | 배송 29/29 | 재적재  3 | 중계율 0.17 | alpha 1.783 | complete
Ep 373 | 드론3 목적지79 | 1000스텝 | 배송 68/79 | 재적재 12 | 중계율 0.17 | alpha 1.753 | step_limit
Ep 374 | 드론4 목적지40 |  754스텝 | 배송 40/40 | 재적재  6 | 중계율 0.21 | alpha 1.739 | complete
Ep 375 | 드론3 목적지28 |  568스텝 | 배송 28/28 | 재적재  5 | 중계율 0.18 | alpha 1.742 | complete
Ep 376 | 드론4 목적지40 | 1000스텝 | 배송 38/40 | 재적재  6 | 중계율 0.28 | alpha 1.748 | step_limit
Ep 377 | 드론3 목적지72 | 1000스텝 | 배송 55/72 | 재적재  9 | 중계율 0.21 | alpha 1.735 | step_limit
Ep 378 | 드론6 목적지61 |  441스텝 | 배송 61/61 | 재적재 11 | 중계율 0.13 | alpha 1.754 | complete
Ep 379 | 드론5 목적지68 |  803스텝 | 배송 68/68 | 재적재 12 | 중계율 0.18 | alpha 1.755 | complete
Ep 380 | 드론3 목적지24 |  585스텝 | 배송 24/24 | 재적재  4 | 중계율 0.23 | alpha 1.767 | complete
Ep 381 | 드론4 목적지52 |  934스텝 | 배송 52/52 | 재적재 10 | 중계율 0.26 | alpha 1.757 | complete
Ep 382 | 드론5 목적지35 |  436스텝 | 배송 35/35 | 재적재  4 | 중계율 0.14 | alpha 1.746 | complete
Ep 383 | 드론3 목적지47 | 1000스텝 | 배송 42/47 | 재적재  7 | 중계율 0.27 | alpha 1.719 | step_limit
Ep 384 | 드론4 목적지28 |  419스텝 | 배송 28/28 | 재적재  4 | 중계율 0.17 | alpha 1.713 | complete
Ep 385 | 드론5 목적지70 |  691스텝 | 배송 70/70 | 재적재 13 | 중계율 0.15 | alpha 1.695 | complete
Ep 386 | 드론5 목적지71 |  668스텝 | 배송 71/71 | 재적재 12 | 중계율 0.13 | alpha 1.699 | complete
Ep 387 | 드론4 목적지49 |  570스텝 | 배송 49/49 | 재적재  8 | 중계율 0.11 | alpha 1.716 | complete
Ep 388 | 드론4 목적지21 |  613스텝 | 배송 21/21 | 재적재  3 | 중계율 0.28 | alpha 1.722 | complete
Ep 389 | 드론5 목적지60 |  573스텝 | 배송 60/60 | 재적재 10 | 중계율 0.12 | alpha 1.726 | complete
Ep 390 | 드론5 목적지30 |  350스텝 | 배송 30/30 | 재적재  4 | 중계율 0.18 | alpha 1.732 | complete
Ep 391 | 드론3 목적지51 |  669스텝 | 배송 51/51 | 재적재 10 | 중계율 0.13 | alpha 1.725 | complete
Ep 392 | 드론4 목적지39 |  760스텝 | 배송 39/39 | 재적재  5 | 중계율 0.26 | alpha 1.725 | complete
Ep 393 | 드론6 목적지73 |  510스텝 | 배송 73/73 | 재적재 12 | 중계율 0.09 | alpha 1.728 | complete
Ep 394 | 드론3 목적지32 |  942스텝 | 배송 32/32 | 재적재  5 | 중계율 0.28 | alpha 1.728 | complete
Ep 395 | 드론6 목적지70 |  602스텝 | 배송 70/70 | 재적재 11 | 중계율 0.10 | alpha 1.724 | complete
Ep 396 | 드론6 목적지28 |  319스텝 | 배송 28/28 | 재적재  2 | 중계율 0.11 | alpha 1.713 | complete
Ep 397 | 드론3 목적지39 | 1000스텝 | 배송 36/39 | 재적재  6 | 중계율 0.22 | alpha 1.709 | step_limit
Ep 398 | 드론4 목적지40 |  648스텝 | 배송 40/40 | 재적재  6 | 중계율 0.17 | alpha 1.748 | complete
Ep 399 | 드론3 목적지51 | 1000스텝 | 배송 49/51 | 재적재  8 | 중계율 0.24 | alpha 1.715 | step_limit
Ep 400 | 드론3 목적지79 | 1000스텝 | 배송 57/79 | 재적재  9 | 중계율 0.27 | alpha 1.687 | step_limit
  [홀드아웃] 배송 49.9±0.6 완주 0.97 스텝 983 점수 104.2 재적재 8.0 2홉+ 0.64 | 최고 106.7@ep300 정체 2/15
Ep 401 | 드론3 목적지63 | 1000스텝 | 배송 62/63 | 재적재 10 | 중계율 0.22 | alpha 1.678 | step_limit
Ep 402 | 드론3 목적지32 |  790스텝 | 배송 32/32 | 재적재  5 | 중계율 0.23 | alpha 1.696 | complete
Ep 403 | 드론4 목적지76 |  857스텝 | 배송 76/76 | 재적재 13 | 중계율 0.14 | alpha 1.732 | complete
Ep 404 | 드론5 목적지23 |  272스텝 | 배송 23/23 | 재적재  3 | 중계율 0.15 | alpha 1.741 | complete
Ep 405 | 드론4 목적지67 | 1000스텝 | 배송 53/67 | 재적재  9 | 중계율 0.26 | alpha 1.734 | step_limit
Ep 406 | 드론4 목적지48 |  687스텝 | 배송 48/48 | 재적재  8 | 중계율 0.14 | alpha 1.730 | complete
Ep 407 | 드론3 목적지72 | 1000스텝 | 배송 59/72 | 재적재 11 | 중계율 0.24 | alpha 1.722 | step_limit
Ep 408 | 드론6 목적지79 |  664스텝 | 배송 79/79 | 재적재 14 | 중계율 0.16 | alpha 1.721 | complete
Ep 409 | 드론6 목적지28 |  238스텝 | 배송 28/28 | 재적재  4 | 중계율 0.05 | alpha 1.721 | complete
Ep 410 | 드론6 목적지46 |  363스텝 | 배송 46/46 | 재적재  5 | 중계율 0.15 | alpha 1.712 | complete
Ep 411 | 드론6 목적지69 |  862스텝 | 배송 69/69 | 재적재 11 | 중계율 0.24 | alpha 1.720 | complete
Ep 412 | 드론3 목적지47 |  924스텝 | 배송 47/47 | 재적재  8 | 중계율 0.19 | alpha 1.708 | complete
Ep 413 | 드론5 목적지45 |  554스텝 | 배송 45/45 | 재적재  6 | 중계율 0.11 | alpha 1.712 | complete
Ep 414 | 드론3 목적지76 | 1000스텝 | 배송 61/76 | 재적재 12 | 중계율 0.22 | alpha 1.730 | step_limit
Ep 415 | 드론4 목적지79 | 1000스텝 | 배송 75/79 | 재적재 13 | 중계율 0.20 | alpha 1.664 | step_limit
Ep 416 | 드론3 목적지20 |  488스텝 | 배송 20/20 | 재적재  3 | 중계율 0.21 | alpha 1.665 | complete
Ep 417 | 드론3 목적지45 |  755스텝 | 배송 45/45 | 재적재  8 | 중계율 0.16 | alpha 1.640 | complete
Ep 418 | 드론4 목적지75 | 1000스텝 | 배송 71/75 | 재적재 13 | 중계율 0.18 | alpha 1.652 | step_limit
Ep 419 | 드론6 목적지78 |  586스텝 | 배송 78/78 | 재적재 12 | 중계율 0.15 | alpha 1.681 | complete
Ep 420 | 드론6 목적지33 |  313스텝 | 배송 33/33 | 재적재  5 | 중계율 0.12 | alpha 1.690 | complete
Ep 421 | 드론4 목적지62 |  959스텝 | 배송 62/62 | 재적재 10 | 중계율 0.22 | alpha 1.700 | complete
Ep 422 | 드론6 목적지51 |  577스텝 | 배송 51/51 | 재적재  9 | 중계율 0.20 | alpha 1.690 | complete
Ep 423 | 드론4 목적지44 |  590스텝 | 배송 44/44 | 재적재  6 | 중계율 0.17 | alpha 1.696 | complete
Ep 424 | 드론4 목적지33 |  810스텝 | 배송 33/33 | 재적재  6 | 중계율 0.32 | alpha 1.707 | complete
Ep 425 | 드론3 목적지33 |  445스텝 | 배송 33/33 | 재적재  5 | 중계율 0.12 | alpha 1.693 | complete
Ep 426 | 드론5 목적지24 |  258스텝 | 배송 24/24 | 재적재  3 | 중계율 0.11 | alpha 1.691 | complete
Ep 427 | 드론4 목적지64 | 1000스텝 | 배송 62/64 | 재적재 10 | 중계율 0.25 | alpha 1.673 | step_limit
Ep 428 | 드론6 목적지53 |  492스텝 | 배송 53/53 | 재적재  7 | 중계율 0.23 | alpha 1.683 | complete
Ep 429 | 드론4 목적지36 |  436스텝 | 배송 36/36 | 재적재  6 | 중계율 0.13 | alpha 1.668 | complete
Ep 430 | 드론6 목적지48 |  455스텝 | 배송 48/48 | 재적재  7 | 중계율 0.13 | alpha 1.657 | complete
Ep 431 | 드론3 목적지56 | 1000스텝 | 배송 38/56 | 재적재  7 | 중계율 0.29 | alpha 1.642 | step_limit
Ep 432 | 드론4 목적지45 |  506스텝 | 배송 45/45 | 재적재  7 | 중계율 0.15 | alpha 1.646 | complete
Ep 433 | 드론5 목적지25 |  360스텝 | 배송 25/25 | 재적재  3 | 중계율 0.14 | alpha 1.625 | complete
Ep 434 | 드론4 목적지58 |  814스텝 | 배송 58/58 | 재적재  9 | 중계율 0.22 | alpha 1.623 | complete
Ep 435 | 드론4 목적지72 | 1000스텝 | 배송 55/72 | 재적재  9 | 중계율 0.37 | alpha 1.599 | step_limit
Ep 436 | 드론3 목적지71 | 1000스텝 | 배송 63/71 | 재적재 11 | 중계율 0.18 | alpha 1.597 | step_limit
Ep 437 | 드론3 목적지53 | 1000스텝 | 배송 48/53 | 재적재  9 | 중계율 0.22 | alpha 1.632 | step_limit
Ep 438 | 드론6 목적지31 |  415스텝 | 배송 31/31 | 재적재  4 | 중계율 0.21 | alpha 1.621 | complete
Ep 439 | 드론6 목적지77 |  582스텝 | 배송 77/77 | 재적재 13 | 중계율 0.11 | alpha 1.616 | complete
Ep 440 | 드론4 목적지73 | 1000스텝 | 배송 72/73 | 재적재 12 | 중계율 0.22 | alpha 1.593 | step_limit
Ep 441 | 드론5 목적지27 |  264스텝 | 배송 27/27 | 재적재  5 | 중계율 0.09 | alpha 1.580 | complete
Ep 442 | 드론4 목적지20 |  715스텝 | 배송 20/20 | 재적재  3 | 중계율 0.24 | alpha 1.587 | complete
Ep 443 | 드론5 목적지73 |  613스텝 | 배송 73/73 | 재적재 13 | 중계율 0.10 | alpha 1.603 | complete
Ep 444 | 드론3 목적지56 | 1000스텝 | 배송 55/56 | 재적재 10 | 중계율 0.17 | alpha 1.621 | step_limit
Ep 445 | 드론5 목적지20 |  223스텝 | 배송 20/20 | 재적재  0 | 중계율 0.20 | alpha 1.619 | complete
Ep 446 | 드론3 목적지26 |  498스텝 | 배송 26/26 | 재적재  4 | 중계율 0.15 | alpha 1.628 | complete
Ep 447 | 드론4 목적지41 |  867스텝 | 배송 41/41 | 재적재  7 | 중계율 0.15 | alpha 1.626 | complete
Ep 448 | 드론6 목적지73 |  531스텝 | 배송 73/73 | 재적재 13 | 중계율 0.14 | alpha 1.633 | complete
Ep 449 | 드론4 목적지56 |  819스텝 | 배송 56/56 | 재적재  9 | 중계율 0.20 | alpha 1.630 | complete
Ep 450 | 드론4 목적지35 |  663스텝 | 배송 35/35 | 재적재  5 | 중계율 0.23 | alpha 1.602 | complete
  [홀드아웃] 배송 49.7±1.6 완주 0.95 스텝 986 점수 101.7 재적재 7.9 2홉+ 0.63 | 최고 106.7@ep300 정체 3/15
Ep 451 | 드론5 목적지77 |  661스텝 | 배송 77/77 | 재적재 13 | 중계율 0.09 | alpha 1.608 | complete
Ep 452 | 드론3 목적지22 |  449스텝 | 배송 22/22 | 재적재  3 | 중계율 0.16 | alpha 1.596 | complete
Ep 453 | 드론6 목적지47 |  425스텝 | 배송 47/47 | 재적재  8 | 중계율 0.13 | alpha 1.595 | complete
Ep 454 | 드론5 목적지72 |  733스텝 | 배송 72/72 | 재적재 13 | 중계율 0.17 | alpha 1.605 | complete
Ep 455 | 드론6 목적지63 |  990스텝 | 배송 63/63 | 재적재 11 | 중계율 0.20 | alpha 1.593 | complete
Ep 456 | 드론4 목적지73 | 1000스텝 | 배송 63/73 | 재적재 11 | 중계율 0.21 | alpha 1.563 | step_limit
Ep 457 | 드론5 목적지36 |  513스텝 | 배송 36/36 | 재적재  6 | 중계율 0.24 | alpha 1.539 | complete
Ep 458 | 드론5 목적지78 |  612스텝 | 배송 78/78 | 재적재 14 | 중계율 0.12 | alpha 1.551 | complete
Ep 459 | 드론5 목적지45 |  685스텝 | 배송 45/45 | 재적재  8 | 중계율 0.22 | alpha 1.550 | complete
Ep 460 | 드론4 목적지70 | 1000스텝 | 배송 60/70 | 재적재 11 | 중계율 0.24 | alpha 1.573 | step_limit
Ep 461 | 드론3 목적지39 |  728스텝 | 배송 39/39 | 재적재  7 | 중계율 0.15 | alpha 1.575 | complete
Ep 462 | 드론5 목적지62 |  707스텝 | 배송 62/62 | 재적재 12 | 중계율 0.18 | alpha 1.563 | complete
Ep 463 | 드론4 목적지67 | 1000스텝 | 배송 61/67 | 재적재 10 | 중계율 0.22 | alpha 1.558 | step_limit
Ep 464 | 드론4 목적지33 |  450스텝 | 배송 33/33 | 재적재  5 | 중계율 0.11 | alpha 1.548 | complete
Ep 465 | 드론5 목적지80 | 1000스텝 | 배송 69/80 | 재적재 10 | 중계율 0.26 | alpha 1.543 | step_limit
Ep 466 | 드론6 목적지42 |  355스텝 | 배송 42/42 | 재적재  5 | 중계율 0.09 | alpha 1.541 | complete
Ep 467 | 드론4 목적지63 |  803스텝 | 배송 63/63 | 재적재 11 | 중계율 0.18 | alpha 1.549 | complete
Ep 468 | 드론3 목적지78 | 1000스텝 | 배송 66/78 | 재적재 13 | 중계율 0.22 | alpha 1.560 | step_limit
Ep 469 | 드론5 목적지48 |  433스텝 | 배송 48/48 | 재적재  6 | 중계율 0.13 | alpha 1.556 | complete
Ep 470 | 드론5 목적지70 |  912스텝 | 배송 70/70 | 재적재 13 | 중계율 0.18 | alpha 1.532 | complete
Ep 471 | 드론4 목적지24 |  309스텝 | 배송 24/24 | 재적재  4 | 중계율 0.14 | alpha 1.528 | complete
Ep 472 | 드론6 목적지62 |  477스텝 | 배송 62/62 | 재적재 11 | 중계율 0.11 | alpha 1.503 | complete
Ep 473 | 드론4 목적지30 |  989스텝 | 배송 30/30 | 재적재  5 | 중계율 0.32 | alpha 1.478 | complete
Ep 474 | 드론4 목적지37 |  513스텝 | 배송 37/37 | 재적재  6 | 중계율 0.14 | alpha 1.479 | complete
Ep 475 | 드론3 목적지71 | 1000스텝 | 배송 59/71 | 재적재 11 | 중계율 0.19 | alpha 1.480 | step_limit
Ep 476 | 드론3 목적지29 |  835스텝 | 배송 29/29 | 재적재  4 | 중계율 0.21 | alpha 1.481 | complete
Ep 477 | 드론4 목적지36 |  606스텝 | 배송 36/36 | 재적재  6 | 중계율 0.18 | alpha 1.486 | complete
Ep 478 | 드론3 목적지52 |  982스텝 | 배송 52/52 | 재적재  9 | 중계율 0.23 | alpha 1.449 | complete
Ep 479 | 드론5 목적지75 |  806스텝 | 배송 75/75 | 재적재 12 | 중계율 0.18 | alpha 1.418 | complete
Ep 480 | 드론6 목적지64 |  520스텝 | 배송 64/64 | 재적재 10 | 중계율 0.11 | alpha 1.413 | complete
Ep 481 | 드론4 목적지70 | 1000스텝 | 배송 62/70 | 재적재 11 | 중계율 0.22 | alpha 1.432 | step_limit
Ep 482 | 드론6 목적지39 |  346스텝 | 배송 39/39 | 재적재  5 | 중계율 0.11 | alpha 1.416 | complete
Ep 483 | 드론5 목적지51 |  555스텝 | 배송 51/51 | 재적재  9 | 중계율 0.14 | alpha 1.402 | complete
Ep 484 | 드론5 목적지43 |  485스텝 | 배송 43/43 | 재적재  5 | 중계율 0.18 | alpha 1.393 | complete
Ep 485 | 드론4 목적지36 |  491스텝 | 배송 36/36 | 재적재  6 | 중계율 0.17 | alpha 1.389 | complete
Ep 486 | 드론4 목적지53 |  590스텝 | 배송 53/53 | 재적재  9 | 중계율 0.14 | alpha 1.384 | complete
Ep 487 | 드론6 목적지34 |  458스텝 | 배송 34/34 | 재적재  4 | 중계율 0.16 | alpha 1.378 | complete
Ep 488 | 드론3 목적지73 | 1000스텝 | 배송 55/73 | 재적재  9 | 중계율 0.20 | alpha 1.366 | step_limit
Ep 489 | 드론5 목적지52 |  594스텝 | 배송 52/52 | 재적재  9 | 중계율 0.15 | alpha 1.364 | complete
Ep 490 | 드론6 목적지40 |  299스텝 | 배송 40/40 | 재적재  5 | 중계율 0.13 | alpha 1.359 | complete
Ep 491 | 드론3 목적지47 |  623스텝 | 배송 47/47 | 재적재  9 | 중계율 0.16 | alpha 1.371 | complete
Ep 492 | 드론3 목적지71 | 1000스텝 | 배송 60/71 | 재적재 11 | 중계율 0.23 | alpha 1.398 | step_limit
Ep 493 | 드론4 목적지46 |  751스텝 | 배송 46/46 | 재적재  8 | 중계율 0.22 | alpha 1.394 | complete
Ep 494 | 드론3 목적지47 | 1000스텝 | 배송 44/47 | 재적재  7 | 중계율 0.24 | alpha 1.413 | step_limit
Ep 495 | 드론4 목적지45 |  667스텝 | 배송 45/45 | 재적재  7 | 중계율 0.21 | alpha 1.411 | complete
Ep 496 | 드론5 목적지65 |  685스텝 | 배송 65/65 | 재적재 12 | 중계율 0.14 | alpha 1.438 | complete
Ep 497 | 드론3 목적지35 |  627스텝 | 배송 35/35 | 재적재  6 | 중계율 0.15 | alpha 1.420 | complete
Ep 498 | 드론5 목적지39 |  556스텝 | 배송 39/39 | 재적재  6 | 중계율 0.23 | alpha 1.450 | complete
Ep 499 | 드론5 목적지28 |  385스텝 | 배송 28/28 | 재적재  3 | 중계율 0.21 | alpha 1.445 | complete
Ep 500 | 드론4 목적지49 | 1000스텝 | 배송 48/49 | 재적재  8 | 중계율 0.31 | alpha 1.409 | step_limit
  [홀드아웃] 배송 49.8±1.1 완주 0.94 스텝 1024 점수 100.3 재적재 8.0 2홉+ 0.64 | 최고 106.7@ep300 정체 4/15
Ep 501 | 드론5 목적지26 |  344스텝 | 배송 26/26 | 재적재  3 | 중계율 0.21 | alpha 1.424 | complete
Ep 502 | 드론6 목적지69 |  636스텝 | 배송 69/69 | 재적재 11 | 중계율 0.12 | alpha 1.411 | complete
Ep 503 | 드론6 목적지44 |  669스텝 | 배송 44/44 | 재적재  7 | 중계율 0.13 | alpha 1.401 | complete
Ep 504 | 드론6 목적지34 |  389스텝 | 배송 34/34 | 재적재  5 | 중계율 0.15 | alpha 1.398 | complete
Ep 505 | 드론6 목적지77 | 1000스텝 | 배송 62/77 | 재적재 11 | 중계율 0.32 | alpha 1.379 | step_limit
Ep 506 | 드론6 목적지55 |  389스텝 | 배송 55/55 | 재적재  8 | 중계율 0.08 | alpha 1.381 | complete
Ep 507 | 드론3 목적지61 |  806스텝 | 배송 61/61 | 재적재 11 | 중계율 0.14 | alpha 1.409 | complete
Ep 508 | 드론4 목적지24 |  330스텝 | 배송 24/24 | 재적재  3 | 중계율 0.16 | alpha 1.430 | complete
Ep 509 | 드론3 목적지48 | 1000스텝 | 배송 42/48 | 재적재  8 | 중계율 0.27 | alpha 1.406 | step_limit
Ep 510 | 드론5 목적지71 |  810스텝 | 배송 71/71 | 재적재 12 | 중계율 0.21 | alpha 1.411 | complete
Ep 511 | 드론6 목적지39 |  375스텝 | 배송 39/39 | 재적재  6 | 중계율 0.15 | alpha 1.414 | complete
Ep 512 | 드론5 목적지29 |  297스텝 | 배송 29/29 | 재적재  4 | 중계율 0.08 | alpha 1.416 | complete
Ep 513 | 드론6 목적지46 |  375스텝 | 배송 46/46 | 재적재  6 | 중계율 0.11 | alpha 1.405 | complete
Ep 514 | 드론3 목적지49 | 1000스텝 | 배송 48/49 | 재적재  9 | 중계율 0.27 | alpha 1.416 | step_limit
Ep 515 | 드론3 목적지70 | 1000스텝 | 배송 60/70 | 재적재 10 | 중계율 0.24 | alpha 1.443 | step_limit
Ep 516 | 드론5 목적지63 | 1000스텝 | 배송 61/63 | 재적재 11 | 중계율 0.29 | alpha 1.415 | step_limit
Ep 517 | 드론5 목적지44 |  521스텝 | 배송 44/44 | 재적재  7 | 중계율 0.21 | alpha 1.432 | complete
Ep 518 | 드론3 목적지57 | 1000스텝 | 배송 44/57 | 재적재  8 | 중계율 0.32 | alpha 1.428 | step_limit
Ep 519 | 드론6 목적지34 |  349스텝 | 배송 34/34 | 재적재  4 | 중계율 0.14 | alpha 1.417 | complete
Ep 520 | 드론4 목적지68 |  838스텝 | 배송 68/68 | 재적재 11 | 중계율 0.16 | alpha 1.396 | complete
Ep 521 | 드론5 목적지71 |  970스텝 | 배송 71/71 | 재적재 12 | 중계율 0.22 | alpha 1.386 | complete
Ep 522 | 드론4 목적지72 | 1000스텝 | 배송 71/72 | 재적재 12 | 중계율 0.21 | alpha 1.364 | step_limit
Ep 523 | 드론4 목적지27 |  451스텝 | 배송 27/27 | 재적재  3 | 중계율 0.19 | alpha 1.362 | complete
Ep 524 | 드론3 목적지37 |  902스텝 | 배송 37/37 | 재적재  6 | 중계율 0.36 | alpha 1.361 | complete
Ep 525 | 드론3 목적지79 | 1000스텝 | 배송 58/79 | 재적재 10 | 중계율 0.22 | alpha 1.377 | step_limit
Ep 526 | 드론4 목적지39 |  914스텝 | 배송 39/39 | 재적재  7 | 중계율 0.31 | alpha 1.389 | complete
Ep 527 | 드론4 목적지42 |  669스텝 | 배송 42/42 | 재적재  7 | 중계율 0.23 | alpha 1.387 | complete
Ep 528 | 드론4 목적지51 |  702스텝 | 배송 51/51 | 재적재  9 | 중계율 0.15 | alpha 1.405 | complete
Ep 529 | 드론4 목적지21 |  630스텝 | 배송 21/21 | 재적재  1 | 중계율 0.30 | alpha 1.386 | complete
Ep 530 | 드론5 목적지34 |  402스텝 | 배송 34/34 | 재적재  5 | 중계율 0.15 | alpha 1.389 | complete
Ep 531 | 드론6 목적지64 |  550스텝 | 배송 64/64 | 재적재  9 | 중계율 0.17 | alpha 1.373 | complete
Ep 532 | 드론6 목적지78 |  600스텝 | 배송 78/78 | 재적재 14 | 중계율 0.10 | alpha 1.349 | complete
Ep 533 | 드론5 목적지68 |  750스텝 | 배송 68/68 | 재적재 11 | 중계율 0.15 | alpha 1.342 | complete
Ep 534 | 드론4 목적지25 |  483스텝 | 배송 25/25 | 재적재  3 | 중계율 0.24 | alpha 1.339 | complete
Ep 535 | 드론4 목적지25 |  555스텝 | 배송 25/25 | 재적재  4 | 중계율 0.23 | alpha 1.337 | complete
Ep 536 | 드론6 목적지71 |  564스텝 | 배송 71/71 | 재적재 13 | 중계율 0.13 | alpha 1.355 | complete
Ep 537 | 드론6 목적지31 |  489스텝 | 배송 31/31 | 재적재  5 | 중계율 0.20 | alpha 1.359 | complete
Ep 538 | 드론5 목적지55 |  569스텝 | 배송 55/55 | 재적재  8 | 중계율 0.17 | alpha 1.360 | complete
Ep 539 | 드론3 목적지46 |  839스텝 | 배송 46/46 | 재적재  9 | 중계율 0.22 | alpha 1.342 | complete
Ep 540 | 드론5 목적지50 |  481스텝 | 배송 50/50 | 재적재  8 | 중계율 0.12 | alpha 1.359 | complete
Ep 541 | 드론5 목적지25 |  223스텝 | 배송 25/25 | 재적재  2 | 중계율 0.11 | alpha 1.360 | complete
Ep 542 | 드론5 목적지65 |  863스텝 | 배송 65/65 | 재적재 11 | 중계율 0.18 | alpha 1.338 | complete
Ep 543 | 드론4 목적지32 |  340스텝 | 배송 32/32 | 재적재  4 | 중계율 0.10 | alpha 1.348 | complete
Ep 544 | 드론5 목적지60 |  868스텝 | 배송 60/60 | 재적재 11 | 중계율 0.20 | alpha 1.372 | complete
Ep 545 | 드론4 목적지74 | 1000스텝 | 배송 71/74 | 재적재 13 | 중계율 0.22 | alpha 1.405 | step_limit
Ep 546 | 드론4 목적지45 |  881스텝 | 배송 45/45 | 재적재  8 | 중계율 0.24 | alpha 1.418 | complete
Ep 547 | 드론4 목적지37 |  651스텝 | 배송 37/37 | 재적재  5 | 중계율 0.13 | alpha 1.420 | complete
Ep 548 | 드론4 목적지63 |  727스텝 | 배송 63/63 | 재적재 11 | 중계율 0.13 | alpha 1.407 | complete
Ep 549 | 드론6 목적지55 |  429스텝 | 배송 55/55 | 재적재  9 | 중계율 0.11 | alpha 1.385 | complete
Ep 550 | 드론5 목적지30 |  562스텝 | 배송 30/30 | 재적재  3 | 중계율 0.21 | alpha 1.366 | complete
  [홀드아웃] 배송 49.3±2.9 완주 0.89 스텝 1043 점수 95.3 재적재 7.8 2홉+ 0.64 | 최고 106.7@ep300 정체 5/15
Ep 551 | 드론6 목적지33 |  209스텝 | 배송 33/33 | 재적재  4 | 중계율 0.08 | alpha 1.363 | complete
Ep 552 | 드론6 목적지71 |  505스텝 | 배송 71/71 | 재적재 11 | 중계율 0.11 | alpha 1.359 | complete
Ep 553 | 드론6 목적지68 |  614스텝 | 배송 68/68 | 재적재 11 | 중계율 0.15 | alpha 1.362 | complete
Ep 554 | 드론4 목적지74 | 1000스텝 | 배송 70/74 | 재적재 12 | 중계율 0.17 | alpha 1.355 | step_limit
Ep 555 | 드론5 목적지59 |  948스텝 | 배송 59/59 | 재적재 11 | 중계율 0.32 | alpha 1.353 | complete
Ep 556 | 드론5 목적지41 |  570스텝 | 배송 41/41 | 재적재  5 | 중계율 0.19 | alpha 1.358 | complete
Ep 557 | 드론4 목적지71 |  861스텝 | 배송 71/71 | 재적재 13 | 중계율 0.14 | alpha 1.382 | complete
Ep 558 | 드론5 목적지50 |  497스텝 | 배송 50/50 | 재적재  8 | 중계율 0.08 | alpha 1.374 | complete
Ep 559 | 드론5 목적지57 |  477스텝 | 배송 57/57 | 재적재  8 | 중계율 0.13 | alpha 1.366 | complete
Ep 560 | 드론5 목적지42 |  539스텝 | 배송 42/42 | 재적재  5 | 중계율 0.13 | alpha 1.367 | complete
Ep 561 | 드론5 목적지27 |  439스텝 | 배송 27/27 | 재적재  2 | 중계율 0.17 | alpha 1.369 | complete
Ep 562 | 드론6 목적지47 |  680스텝 | 배송 47/47 | 재적재  8 | 중계율 0.20 | alpha 1.354 | complete
Ep 563 | 드론4 목적지78 | 1000스텝 | 배송 76/78 | 재적재 13 | 중계율 0.21 | alpha 1.322 | step_limit
Ep 564 | 드론5 목적지30 |  437스텝 | 배송 30/30 | 재적재  3 | 중계율 0.15 | alpha 1.301 | complete
Ep 565 | 드론6 목적지22 |  210스텝 | 배송 22/22 | 재적재  1 | 중계율 0.09 | alpha 1.291 | complete
Ep 566 | 드론4 목적지49 | 1000스텝 | 배송 47/49 | 재적재  8 | 중계율 0.20 | alpha 1.276 | step_limit
Ep 567 | 드론4 목적지78 | 1000스텝 | 배송 68/78 | 재적재 12 | 중계율 0.25 | alpha 1.257 | step_limit
Ep 568 | 드론5 목적지67 | 1000스텝 | 배송 66/67 | 재적재 11 | 중계율 0.32 | alpha 1.275 | step_limit
Ep 569 | 드론6 목적지70 |  568스텝 | 배송 70/70 | 재적재 10 | 중계율 0.15 | alpha 1.302 | complete
Ep 570 | 드론4 목적지72 | 1000스텝 | 배송 71/72 | 재적재 13 | 중계율 0.17 | alpha 1.317 | step_limit
Ep 571 | 드론6 목적지49 |  453스텝 | 배송 49/49 | 재적재  7 | 중계율 0.11 | alpha 1.306 | complete
Ep 572 | 드론6 목적지75 |  610스텝 | 배송 75/75 | 재적재 11 | 중계율 0.14 | alpha 1.307 | complete
Ep 573 | 드론5 목적지66 |  527스텝 | 배송 66/66 | 재적재 10 | 중계율 0.14 | alpha 1.310 | complete
Ep 574 | 드론5 목적지44 |  503스텝 | 배송 44/44 | 재적재  7 | 중계율 0.13 | alpha 1.315 | complete
Ep 575 | 드론6 목적지78 |  607스텝 | 배송 78/78 | 재적재 13 | 중계율 0.14 | alpha 1.309 | complete
Ep 576 | 드론3 목적지69 | 1000스텝 | 배송 57/69 | 재적재 11 | 중계율 0.27 | alpha 1.320 | step_limit
Ep 577 | 드론5 목적지24 |  305스텝 | 배송 24/24 | 재적재  3 | 중계율 0.09 | alpha 1.309 | complete
Ep 578 | 드론5 목적지32 |  381스텝 | 배송 32/32 | 재적재  5 | 중계율 0.12 | alpha 1.288 | complete
Ep 579 | 드론6 목적지26 |  249스텝 | 배송 26/26 | 재적재  2 | 중계율 0.11 | alpha 1.285 | complete
Ep 580 | 드론5 목적지60 |  547스텝 | 배송 60/60 | 재적재  9 | 중계율 0.12 | alpha 1.295 | complete
Ep 581 | 드론4 목적지47 |  847스텝 | 배송 47/47 | 재적재  7 | 중계율 0.22 | alpha 1.301 | complete
Ep 582 | 드론3 목적지36 |  607스텝 | 배송 36/36 | 재적재  5 | 중계율 0.19 | alpha 1.311 | complete
Ep 583 | 드론6 목적지65 |  504스텝 | 배송 65/65 | 재적재 11 | 중계율 0.12 | alpha 1.304 | complete
Ep 584 | 드론4 목적지54 |  669스텝 | 배송 54/54 | 재적재  8 | 중계율 0.18 | alpha 1.324 | complete
Ep 585 | 드론6 목적지72 |  670스텝 | 배송 72/72 | 재적재 10 | 중계율 0.19 | alpha 1.317 | complete
Ep 586 | 드론6 목적지37 |  473스텝 | 배송 37/37 | 재적재  5 | 중계율 0.14 | alpha 1.306 | complete
Ep 587 | 드론3 목적지49 | 1000스텝 | 배송 43/49 | 재적재  7 | 중계율 0.26 | alpha 1.283 | step_limit
Ep 588 | 드론4 목적지57 |  932스텝 | 배송 57/57 | 재적재  9 | 중계율 0.22 | alpha 1.276 | complete
Ep 589 | 드론3 목적지50 |  734스텝 | 배송 50/50 | 재적재  9 | 중계율 0.17 | alpha 1.249 | complete
Ep 590 | 드론4 목적지47 |  635스텝 | 배송 47/47 | 재적재  8 | 중계율 0.17 | alpha 1.250 | complete
Ep 591 | 드론6 목적지64 |  789스텝 | 배송 64/64 | 재적재 11 | 중계율 0.20 | alpha 1.266 | complete
Ep 592 | 드론5 목적지22 |  225스텝 | 배송 22/22 | 재적재  0 | 중계율 0.11 | alpha 1.275 | complete
Ep 593 | 드론5 목적지51 |  553스텝 | 배송 51/51 | 재적재  8 | 중계율 0.17 | alpha 1.282 | complete
Ep 594 | 드론3 목적지40 |  844스텝 | 배송 40/40 | 재적재  6 | 중계율 0.23 | alpha 1.273 | complete
Ep 595 | 드론5 목적지26 |  413스텝 | 배송 26/26 | 재적재  4 | 중계율 0.12 | alpha 1.266 | complete
Ep 596 | 드론6 목적지26 |  172스텝 | 배송 26/26 | 재적재  1 | 중계율 0.04 | alpha 1.268 | complete
Ep 597 | 드론4 목적지21 |  374스텝 | 배송 21/21 | 재적재  2 | 중계율 0.18 | alpha 1.267 | complete
Ep 598 | 드론4 목적지23 |  377스텝 | 배송 23/23 | 재적재  3 | 중계율 0.14 | alpha 1.273 | complete
Ep 599 | 드론4 목적지77 | 1000스텝 | 배송 63/77 | 재적재 12 | 중계율 0.24 | alpha 1.235 | step_limit
Ep 600 | 드론5 목적지68 | 1000스텝 | 배송 66/68 | 재적재 11 | 중계율 0.27 | alpha 1.245 | step_limit
  [홀드아웃] 배송 49.9±1.0 완주 0.96 스텝 1055 점수 102.7 재적재 8.0 2홉+ 0.64 | 최고 106.7@ep300 정체 6/15
Ep 601 | 드론4 목적지20 |  689스텝 | 배송 15/20 | 재적재  1 | 중계율 0.35 | alpha 1.252 | no_progress
Ep 602 | 드론5 목적지72 |  759스텝 | 배송 72/72 | 재적재 12 | 중계율 0.15 | alpha 1.246 | complete
Ep 603 | 드론6 목적지60 |  433스텝 | 배송 60/60 | 재적재 10 | 중계율 0.11 | alpha 1.235 | complete
Ep 604 | 드론5 목적지68 |  595스텝 | 배송 68/68 | 재적재 12 | 중계율 0.09 | alpha 1.219 | complete
Ep 605 | 드론4 목적지73 | 1000스텝 | 배송 65/73 | 재적재 11 | 중계율 0.29 | alpha 1.209 | step_limit
Ep 606 | 드론5 목적지51 |  511스텝 | 배송 51/51 | 재적재  9 | 중계율 0.13 | alpha 1.207 | complete
Ep 607 | 드론3 목적지48 | 1000스텝 | 배송 43/48 | 재적재  8 | 중계율 0.28 | alpha 1.208 | step_limit
Ep 608 | 드론5 목적지67 |  597스텝 | 배송 67/67 | 재적재 11 | 중계율 0.10 | alpha 1.212 | complete
Ep 609 | 드론4 목적지51 |  928스텝 | 배송 51/51 | 재적재  8 | 중계율 0.25 | alpha 1.223 | complete
Ep 610 | 드론4 목적지72 |  737스텝 | 배송 72/72 | 재적재 12 | 중계율 0.13 | alpha 1.214 | complete
Ep 611 | 드론4 목적지77 | 1000스텝 | 배송 68/77 | 재적재 11 | 중계율 0.28 | alpha 1.200 | step_limit
Ep 612 | 드론3 목적지42 | 1000스텝 | 배송 41/42 | 재적재  8 | 중계율 0.30 | alpha 1.182 | step_limit
Ep 613 | 드론4 목적지40 |  525스텝 | 배송 40/40 | 재적재  7 | 중계율 0.14 | alpha 1.175 | complete
Ep 614 | 드론4 목적지42 |  754스텝 | 배송 42/42 | 재적재  7 | 중계율 0.20 | alpha 1.167 | complete
Ep 615 | 드론4 목적지80 |  890스텝 | 배송 80/80 | 재적재 15 | 중계율 0.17 | alpha 1.151 | complete
Ep 616 | 드론5 목적지26 |  385스텝 | 배송 26/26 | 재적재  2 | 중계율 0.14 | alpha 1.134 | complete
Ep 617 | 드론6 목적지75 |  620스텝 | 배송 75/75 | 재적재 11 | 중계율 0.14 | alpha 1.133 | complete
Ep 618 | 드론4 목적지50 | 1000스텝 | 배송 45/50 | 재적재  8 | 중계율 0.31 | alpha 1.153 | step_limit
Ep 619 | 드론5 목적지71 |  676스텝 | 배송 71/71 | 재적재 12 | 중계율 0.15 | alpha 1.172 | complete
Ep 620 | 드론6 목적지55 |  459스텝 | 배송 55/55 | 재적재  9 | 중계율 0.11 | alpha 1.180 | complete
Ep 621 | 드론4 목적지79 | 1000스텝 | 배송 69/79 | 재적재 12 | 중계율 0.25 | alpha 1.141 | step_limit
Ep 622 | 드론6 목적지56 |  772스텝 | 배송 56/56 | 재적재 10 | 중계율 0.22 | alpha 1.132 | complete
Ep 623 | 드론3 목적지33 |  619스텝 | 배송 33/33 | 재적재  6 | 중계율 0.17 | alpha 1.140 | complete
Ep 624 | 드론4 목적지72 | 1000스텝 | 배송 57/72 | 재적재 10 | 중계율 0.26 | alpha 1.139 | step_limit
Ep 625 | 드론6 목적지47 |  467스텝 | 배송 47/47 | 재적재  7 | 중계율 0.22 | alpha 1.130 | complete
Ep 626 | 드론3 목적지52 |  921스텝 | 배송 52/52 | 재적재  9 | 중계율 0.21 | alpha 1.124 | complete
Ep 627 | 드론5 목적지66 |  901스텝 | 배송 66/66 | 재적재 12 | 중계율 0.24 | alpha 1.103 | complete
Ep 628 | 드론4 목적지42 |  819스텝 | 배송 42/42 | 재적재  7 | 중계율 0.15 | alpha 1.089 | complete
Ep 629 | 드론3 목적지31 |  762스텝 | 배송 31/31 | 재적재  4 | 중계율 0.26 | alpha 1.086 | complete
Ep 630 | 드론4 목적지65 | 1000스텝 | 배송 61/65 | 재적재 10 | 중계율 0.20 | alpha 1.091 | step_limit
Ep 631 | 드론3 목적지20 |  418스텝 | 배송 20/20 | 재적재  3 | 중계율 0.17 | alpha 1.081 | complete
Ep 632 | 드론4 목적지38 |  708스텝 | 배송 38/38 | 재적재  7 | 중계율 0.20 | alpha 1.078 | complete
Ep 633 | 드론6 목적지67 |  577스텝 | 배송 67/67 | 재적재 10 | 중계율 0.11 | alpha 1.072 | complete
Ep 634 | 드론6 목적지47 |  396스텝 | 배송 47/47 | 재적재  6 | 중계율 0.10 | alpha 1.070 | complete
Ep 635 | 드론6 목적지30 |  244스텝 | 배송 30/30 | 재적재  3 | 중계율 0.07 | alpha 1.073 | complete
Ep 636 | 드론4 목적지29 |  700스텝 | 배송 29/29 | 재적재  4 | 중계율 0.25 | alpha 1.080 | complete
Ep 637 | 드론4 목적지71 | 1000스텝 | 배송 66/71 | 재적재 11 | 중계율 0.25 | alpha 1.103 | step_limit
Ep 638 | 드론6 목적지73 |  591스텝 | 배송 73/73 | 재적재 12 | 중계율 0.12 | alpha 1.114 | complete
Ep 639 | 드론5 목적지79 | 1000스텝 | 배송 73/79 | 재적재 12 | 중계율 0.25 | alpha 1.095 | step_limit
Ep 640 | 드론3 목적지22 |  665스텝 | 배송 22/22 | 재적재  4 | 중계율 0.21 | alpha 1.069 | complete
Ep 641 | 드론5 목적지77 |  659스텝 | 배송 77/77 | 재적재 13 | 중계율 0.16 | alpha 1.051 | complete
Ep 642 | 드론5 목적지26 |  224스텝 | 배송 26/26 | 재적재  2 | 중계율 0.10 | alpha 1.050 | complete
Ep 643 | 드론6 목적지30 |  229스텝 | 배송 30/30 | 재적재  3 | 중계율 0.08 | alpha 1.045 | complete
Ep 644 | 드론4 목적지77 |  856스텝 | 배송 77/77 | 재적재 14 | 중계율 0.13 | alpha 1.016 | complete
Ep 645 | 드론4 목적지34 |  475스텝 | 배송 34/34 | 재적재  5 | 중계율 0.11 | alpha 1.018 | complete
Ep 646 | 드론5 목적지34 |  385스텝 | 배송 34/34 | 재적재  5 | 중계율 0.09 | alpha 1.013 | complete
Ep 647 | 드론3 목적지37 |  854스텝 | 배송 37/37 | 재적재  6 | 중계율 0.26 | alpha 1.008 | complete
Ep 648 | 드론4 목적지55 |  537스텝 | 배송 55/55 | 재적재  9 | 중계율 0.09 | alpha 1.013 | complete
Ep 649 | 드론3 목적지20 |  546스텝 | 배송 20/20 | 재적재  3 | 중계율 0.22 | alpha 1.019 | complete
Ep 650 | 드론5 목적지37 |  360스텝 | 배송 37/37 | 재적재  5 | 중계율 0.09 | alpha 1.020 | complete
  [홀드아웃] 배송 49.8±0.6 완주 0.85 스텝 1002 점수 91.7 재적재 7.7 2홉+ 0.64 | 최고 106.7@ep300 정체 7/15
Ep 651 | 드론3 목적지77 | 1000스텝 | 배송 63/77 | 재적재 11 | 중계율 0.23 | alpha 1.026 | step_limit
Ep 652 | 드론6 목적지57 |  468스텝 | 배송 57/57 | 재적재  8 | 중계율 0.15 | alpha 1.046 | complete
Ep 653 | 드론5 목적지38 |  396스텝 | 배송 38/38 | 재적재  6 | 중계율 0.10 | alpha 1.045 | complete
Ep 654 | 드론6 목적지45 |  380스텝 | 배송 45/45 | 재적재  6 | 중계율 0.12 | alpha 1.049 | complete
Ep 655 | 드론3 목적지40 |  893스텝 | 배송 40/40 | 재적재  6 | 중계율 0.28 | alpha 1.036 | complete
Ep 656 | 드론5 목적지31 |  363스텝 | 배송 31/31 | 재적재  4 | 중계율 0.13 | alpha 1.037 | complete
Ep 657 | 드론5 목적지26 |  389스텝 | 배송 26/26 | 재적재  4 | 중계율 0.15 | alpha 1.040 | complete
Ep 658 | 드론4 목적지39 |  796스텝 | 배송 39/39 | 재적재  7 | 중계율 0.21 | alpha 1.041 | complete
Ep 659 | 드론4 목적지51 |  951스텝 | 배송 51/51 | 재적재  9 | 중계율 0.19 | alpha 1.039 | complete
Ep 660 | 드론4 목적지51 |  773스텝 | 배송 51/51 | 재적재 10 | 중계율 0.23 | alpha 1.051 | complete
Ep 661 | 드론3 목적지38 |  819스텝 | 배송 38/38 | 재적재  7 | 중계율 0.24 | alpha 1.068 | complete
Ep 662 | 드론5 목적지43 |  408스텝 | 배송 43/43 | 재적재  7 | 중계율 0.13 | alpha 1.062 | complete
Ep 663 | 드론5 목적지57 |  557스텝 | 배송 57/57 | 재적재  9 | 중계율 0.14 | alpha 1.072 | complete
Ep 664 | 드론4 목적지27 |  466스텝 | 배송 27/27 | 재적재  4 | 중계율 0.17 | alpha 1.089 | complete
Ep 665 | 드론6 목적지59 |  440스텝 | 배송 59/59 | 재적재  9 | 중계율 0.10 | alpha 1.091 | complete
Ep 666 | 드론4 목적지72 |  888스텝 | 배송 72/72 | 재적재 12 | 중계율 0.19 | alpha 1.088 | complete
Ep 667 | 드론5 목적지45 |  429스텝 | 배송 45/45 | 재적재  6 | 중계율 0.13 | alpha 1.101 | complete
Ep 668 | 드론3 목적지65 | 1000스텝 | 배송 60/65 | 재적재 10 | 중계율 0.23 | alpha 1.092 | step_limit
Ep 669 | 드론4 목적지66 |  826스텝 | 배송 66/66 | 재적재 11 | 중계율 0.15 | alpha 1.065 | complete
Ep 670 | 드론6 목적지77 | 1000스텝 | 배송 73/77 | 재적재 13 | 중계율 0.20 | alpha 1.036 | step_limit
Ep 671 | 드론5 목적지58 | 1000스텝 | 배송 53/58 | 재적재  8 | 중계율 0.23 | alpha 1.049 | step_limit
Ep 672 | 드론3 목적지43 |  869스텝 | 배송 43/43 | 재적재  6 | 중계율 0.13 | alpha 1.042 | complete
Ep 673 | 드론6 목적지68 |  550스텝 | 배송 68/68 | 재적재 10 | 중계율 0.16 | alpha 1.044 | complete
Ep 674 | 드론3 목적지52 | 1000스텝 | 배송 47/52 | 재적재  8 | 중계율 0.20 | alpha 1.043 | step_limit
Ep 675 | 드론4 목적지42 | 1000스텝 | 배송 36/42 | 재적재  6 | 중계율 0.28 | alpha 1.036 | step_limit
Ep 676 | 드론3 목적지45 |  757스텝 | 배송 45/45 | 재적재  8 | 중계율 0.17 | alpha 1.046 | complete
Ep 677 | 드론3 목적지41 |  681스텝 | 배송 41/41 | 재적재  6 | 중계율 0.15 | alpha 1.035 | complete
Ep 678 | 드론6 목적지79 |  727스텝 | 배송 79/79 | 재적재 14 | 중계율 0.18 | alpha 1.028 | complete
Ep 679 | 드론4 목적지24 |  546스텝 | 배송 24/24 | 재적재  3 | 중계율 0.27 | alpha 1.014 | complete
Ep 680 | 드론4 목적지52 | 1000스텝 | 배송 51/52 | 재적재  7 | 중계율 0.30 | alpha 1.010 | step_limit
Ep 681 | 드론5 목적지77 |  878스텝 | 배송 77/77 | 재적재 14 | 중계율 0.17 | alpha 1.027 | complete
Ep 682 | 드론4 목적지49 |  657스텝 | 배송 49/49 | 재적재  9 | 중계율 0.14 | alpha 1.020 | complete
Ep 683 | 드론5 목적지63 |  721스텝 | 배송 63/63 | 재적재 11 | 중계율 0.18 | alpha 1.030 | complete
Ep 684 | 드론4 목적지37 |  556스텝 | 배송 37/37 | 재적재  4 | 중계율 0.20 | alpha 1.041 | complete
Ep 685 | 드론6 목적지56 |  682스텝 | 배송 56/56 | 재적재  8 | 중계율 0.14 | alpha 1.030 | complete
Ep 686 | 드론3 목적지28 |  731스텝 | 배송 28/28 | 재적재  4 | 중계율 0.19 | alpha 1.013 | complete
Ep 687 | 드론6 목적지77 |  529스텝 | 배송 77/77 | 재적재 13 | 중계율 0.08 | alpha 1.008 | complete
Ep 688 | 드론4 목적지45 |  716스텝 | 배송 45/45 | 재적재  7 | 중계율 0.23 | alpha 0.994 | complete
Ep 689 | 드론5 목적지70 |  676스텝 | 배송 70/70 | 재적재 13 | 중계율 0.15 | alpha 0.999 | complete
Ep 690 | 드론6 목적지62 |  616스텝 | 배송 62/62 | 재적재  9 | 중계율 0.14 | alpha 1.016 | complete
Ep 691 | 드론3 목적지31 |  635스텝 | 배송 31/31 | 재적재  5 | 중계율 0.16 | alpha 1.027 | complete
Ep 692 | 드론6 목적지61 |  718스텝 | 배송 61/61 | 재적재 11 | 중계율 0.13 | alpha 1.022 | complete
Ep 693 | 드론6 목적지60 |  598스텝 | 배송 60/60 | 재적재 10 | 중계율 0.16 | alpha 1.019 | complete
Ep 694 | 드론4 목적지33 |  567스텝 | 배송 33/33 | 재적재  5 | 중계율 0.23 | alpha 1.005 | complete
Ep 695 | 드론4 목적지29 |  470스텝 | 배송 29/29 | 재적재  4 | 중계율 0.22 | alpha 0.992 | complete
Ep 696 | 드론6 목적지28 |  292스텝 | 배송 28/28 | 재적재  1 | 중계율 0.13 | alpha 0.979 | complete
Ep 697 | 드론6 목적지35 |  466스텝 | 배송 35/35 | 재적재  5 | 중계율 0.14 | alpha 0.973 | complete
Ep 698 | 드론4 목적지32 |  575스텝 | 배송 32/32 | 재적재  4 | 중계율 0.29 | alpha 0.968 | complete
Ep 699 | 드론3 목적지62 | 1000스텝 | 배송 59/62 | 재적재 10 | 중계율 0.19 | alpha 0.966 | step_limit
Ep 700 | 드론4 목적지61 | 1000스텝 | 배송 58/61 | 재적재 10 | 중계율 0.22 | alpha 0.967 | step_limit
  [홀드아웃] 배송 49.9±0.6 완주 0.94 스텝 1020 점수 100.3 재적재 7.9 2홉+ 0.64 | 최고 106.7@ep300 정체 8/15
Ep 701 | 드론6 목적지72 |  690스텝 | 배송 72/72 | 재적재 13 | 중계율 0.14 | alpha 0.970 | complete
Ep 702 | 드론6 목적지34 |  716스텝 | 배송 34/34 | 재적재  5 | 중계율 0.23 | alpha 0.969 | complete
Ep 703 | 드론6 목적지32 |  417스텝 | 배송 32/32 | 재적재  3 | 중계율 0.17 | alpha 0.973 | complete
Ep 704 | 드론5 목적지74 |  709스텝 | 배송 74/74 | 재적재 13 | 중계율 0.14 | alpha 0.963 | complete
Ep 705 | 드론3 목적지38 |  548스텝 | 배송 38/38 | 재적재  6 | 중계율 0.19 | alpha 0.957 | complete
Ep 706 | 드론6 목적지30 |  297스텝 | 배송 30/30 | 재적재  3 | 중계율 0.09 | alpha 0.960 | complete
Ep 707 | 드론5 목적지31 |  447스텝 | 배송 31/31 | 재적재  5 | 중계율 0.17 | alpha 0.951 | complete
Ep 708 | 드론4 목적지63 |  875스텝 | 배송 63/63 | 재적재 11 | 중계율 0.20 | alpha 0.958 | complete
Ep 709 | 드론4 목적지20 |  589스텝 | 배송 20/20 | 재적재  1 | 중계율 0.25 | alpha 0.952 | complete
Ep 710 | 드론5 목적지78 |  743스텝 | 배송 78/78 | 재적재 14 | 중계율 0.11 | alpha 0.959 | complete
Ep 711 | 드론6 목적지58 |  723스텝 | 배송 58/58 | 재적재  9 | 중계율 0.20 | alpha 0.976 | complete
Ep 712 | 드론3 목적지75 | 1000스텝 | 배송 58/75 | 재적재 10 | 중계율 0.20 | alpha 0.954 | step_limit
Ep 713 | 드론3 목적지69 |  879스텝 | 배송 69/69 | 재적재 13 | 중계율 0.13 | alpha 0.942 | complete
Ep 714 | 드론3 목적지36 |  827스텝 | 배송 36/36 | 재적재  7 | 중계율 0.26 | alpha 0.938 | complete
Ep 715 | 드론3 목적지65 | 1000스텝 | 배송 62/65 | 재적재 12 | 중계율 0.25 | alpha 0.929 | step_limit
Ep 716 | 드론6 목적지36 |  294스텝 | 배송 36/36 | 재적재  5 | 중계율 0.08 | alpha 0.917 | complete
Ep 717 | 드론6 목적지56 |  599스텝 | 배송 56/56 | 재적재  9 | 중계율 0.21 | alpha 0.924 | complete
Ep 718 | 드론4 목적지69 |  867스텝 | 배송 69/69 | 재적재 12 | 중계율 0.19 | alpha 0.959 | complete
Ep 719 | 드론4 목적지21 |  268스텝 | 배송 21/21 | 재적재  3 | 중계율 0.11 | alpha 0.957 | complete
Ep 720 | 드론6 목적지45 |  467스텝 | 배송 45/45 | 재적재  7 | 중계율 0.13 | alpha 0.950 | complete
Ep 721 | 드론3 목적지30 |  505스텝 | 배송 30/30 | 재적재  4 | 중계율 0.15 | alpha 0.949 | complete
Ep 722 | 드론6 목적지47 |  372스텝 | 배송 47/47 | 재적재  7 | 중계율 0.05 | alpha 0.937 | complete
Ep 723 | 드론3 목적지51 |  914스텝 | 배송 51/51 | 재적재  9 | 중계율 0.21 | alpha 0.900 | complete
Ep 724 | 드론5 목적지57 |  837스텝 | 배송 57/57 | 재적재 10 | 중계율 0.22 | alpha 0.884 | complete
Ep 725 | 드론5 목적지29 |  377스텝 | 배송 29/29 | 재적재  4 | 중계율 0.18 | alpha 0.880 | complete
Ep 726 | 드론6 목적지69 |  593스텝 | 배송 69/69 | 재적재 10 | 중계율 0.13 | alpha 0.865 | complete
Ep 727 | 드론5 목적지36 |  928스텝 | 배송 36/36 | 재적재  5 | 중계율 0.30 | alpha 0.865 | complete
Ep 728 | 드론4 목적지74 | 1000스텝 | 배송 59/74 | 재적재 10 | 중계율 0.25 | alpha 0.859 | step_limit
Ep 729 | 드론6 목적지64 |  620스텝 | 배송 64/64 | 재적재  9 | 중계율 0.16 | alpha 0.856 | complete
Ep 730 | 드론4 목적지70 | 1000스텝 | 배송 67/70 | 재적재 12 | 중계율 0.18 | alpha 0.852 | step_limit
Ep 731 | 드론3 목적지48 |  733스텝 | 배송 48/48 | 재적재  8 | 중계율 0.18 | alpha 0.856 | complete
Ep 732 | 드론5 목적지37 |  684스텝 | 배송 37/37 | 재적재  6 | 중계율 0.25 | alpha 0.872 | complete
Ep 733 | 드론5 목적지67 |  633스텝 | 배송 67/67 | 재적재 11 | 중계율 0.14 | alpha 0.876 | complete
Ep 734 | 드론6 목적지54 |  855스텝 | 배송 54/54 | 재적재  9 | 중계율 0.24 | alpha 0.897 | complete
Ep 735 | 드론5 목적지57 |  817스텝 | 배송 57/57 | 재적재 10 | 중계율 0.24 | alpha 0.890 | complete
Ep 736 | 드론6 목적지39 |  324스텝 | 배송 39/39 | 재적재  5 | 중계율 0.08 | alpha 0.889 | complete
Ep 737 | 드론4 목적지29 |  694스텝 | 배송 29/29 | 재적재  4 | 중계율 0.23 | alpha 0.885 | complete
Ep 738 | 드론6 목적지68 |  444스텝 | 배송 68/68 | 재적재 10 | 중계율 0.09 | alpha 0.876 | complete
Ep 739 | 드론4 목적지20 |  659스텝 | 배송 20/20 | 재적재  2 | 중계율 0.34 | alpha 0.871 | complete
Ep 740 | 드론3 목적지69 | 1000스텝 | 배송 50/69 | 재적재  8 | 중계율 0.32 | alpha 0.885 | step_limit
Ep 741 | 드론6 목적지41 |  350스텝 | 배송 41/41 | 재적재  5 | 중계율 0.13 | alpha 0.881 | complete
Ep 742 | 드론4 목적지78 | 1000스텝 | 배송 66/78 | 재적재 10 | 중계율 0.23 | alpha 0.864 | step_limit
Ep 743 | 드론3 목적지39 |  787스텝 | 배송 39/39 | 재적재  6 | 중계율 0.32 | alpha 0.866 | complete
Ep 744 | 드론4 목적지57 |  993스텝 | 배송 57/57 | 재적재  9 | 중계율 0.21 | alpha 0.861 | complete
Ep 745 | 드론3 목적지76 | 1000스텝 | 배송 57/76 | 재적재 11 | 중계율 0.23 | alpha 0.861 | step_limit
Ep 746 | 드론4 목적지69 |  981스텝 | 배송 69/69 | 재적재 12 | 중계율 0.26 | alpha 0.867 | complete
Ep 747 | 드론4 목적지33 |  457스텝 | 배송 33/33 | 재적재  5 | 중계율 0.14 | alpha 0.867 | complete
Ep 748 | 드론3 목적지30 |  519스텝 | 배송 30/30 | 재적재  4 | 중계율 0.20 | alpha 0.865 | complete
Ep 749 | 드론5 목적지32 |  395스텝 | 배송 32/32 | 재적재  5 | 중계율 0.18 | alpha 0.879 | complete
Ep 750 | 드론5 목적지61 |  520스텝 | 배송 61/61 | 재적재 10 | 중계율 0.15 | alpha 0.870 | complete
  [홀드아웃] 배송 49.8±0.8 완주 0.93 스텝 980 점수 99.2 재적재 7.6 2홉+ 0.63 | 최고 106.7@ep300 정체 9/15
Ep 751 | 드론5 목적지34 |  420스텝 | 배송 34/34 | 재적재  4 | 중계율 0.19 | alpha 0.865 | complete
Ep 752 | 드론6 목적지69 |  813스텝 | 배송 69/69 | 재적재 12 | 중계율 0.17 | alpha 0.834 | complete
Ep 753 | 드론4 목적지80 | 1000스텝 | 배송 71/80 | 재적재 13 | 중계율 0.18 | alpha 0.820 | step_limit
Ep 754 | 드론4 목적지29 |  608스텝 | 배송 29/29 | 재적재  4 | 중계율 0.16 | alpha 0.809 | complete
Ep 755 | 드론3 목적지43 |  674스텝 | 배송 43/43 | 재적재  7 | 중계율 0.13 | alpha 0.796 | complete
Ep 756 | 드론6 목적지30 |  304스텝 | 배송 30/30 | 재적재  5 | 중계율 0.12 | alpha 0.788 | complete
Ep 757 | 드론6 목적지37 |  372스텝 | 배송 37/37 | 재적재  6 | 중계율 0.11 | alpha 0.787 | complete
Ep 758 | 드론4 목적지51 |  954스텝 | 배송 51/51 | 재적재  8 | 중계율 0.20 | alpha 0.791 | complete
Ep 759 | 드론5 목적지23 |  245스텝 | 배송 23/23 | 재적재  2 | 중계율 0.14 | alpha 0.784 | complete
Ep 760 | 드론5 목적지60 | 1000스텝 | 배송 59/60 | 재적재 10 | 중계율 0.25 | alpha 0.777 | step_limit
Ep 761 | 드론3 목적지77 | 1000스텝 | 배송 54/77 | 재적재  9 | 중계율 0.28 | alpha 0.744 | step_limit
Ep 762 | 드론5 목적지26 |  364스텝 | 배송 26/26 | 재적재  5 | 중계율 0.20 | alpha 0.735 | complete
Ep 763 | 드론5 목적지70 |  713스텝 | 배송 70/70 | 재적재 12 | 중계율 0.10 | alpha 0.753 | complete
Ep 764 | 드론6 목적지32 |  533스텝 | 배송 32/32 | 재적재  5 | 중계율 0.24 | alpha 0.752 | complete
Ep 765 | 드론5 목적지23 |  288스텝 | 배송 23/23 | 재적재  2 | 중계율 0.16 | alpha 0.754 | complete
Ep 766 | 드론6 목적지51 |  377스텝 | 배송 51/51 | 재적재  6 | 중계율 0.10 | alpha 0.758 | complete
Ep 767 | 드론4 목적지49 |  823스텝 | 배송 49/49 | 재적재  8 | 중계율 0.19 | alpha 0.757 | complete
Ep 768 | 드론3 목적지72 | 1000스텝 | 배송 56/72 | 재적재 11 | 중계율 0.22 | alpha 0.735 | step_limit
Ep 769 | 드론6 목적지22 |  171스텝 | 배송 22/22 | 재적재  0 | 중계율 0.12 | alpha 0.735 | complete
Ep 770 | 드론6 목적지53 |  378스텝 | 배송 53/53 | 재적재  8 | 중계율 0.07 | alpha 0.735 | complete
Ep 771 | 드론5 목적지38 |  431스텝 | 배송 38/38 | 재적재  5 | 중계율 0.14 | alpha 0.730 | complete
Ep 772 | 드론4 목적지36 |  506스텝 | 배송 36/36 | 재적재  6 | 중계율 0.16 | alpha 0.731 | complete
Ep 773 | 드론6 목적지21 |  186스텝 | 배송 21/21 | 재적재  0 | 중계율 0.20 | alpha 0.735 | complete
Ep 774 | 드론6 목적지46 |  351스텝 | 배송 46/46 | 재적재  6 | 중계율 0.13 | alpha 0.743 | complete
Ep 775 | 드론6 목적지41 |  431스텝 | 배송 41/41 | 재적재  5 | 중계율 0.19 | alpha 0.739 | complete
Ep 776 | 드론5 목적지48 |  649스텝 | 배송 48/48 | 재적재  9 | 중계율 0.17 | alpha 0.732 | complete
Ep 777 | 드론4 목적지20 |  330스텝 | 배송 20/20 | 재적재  2 | 중계율 0.12 | alpha 0.730 | complete
Ep 778 | 드론5 목적지57 |  794스텝 | 배송 57/57 | 재적재  9 | 중계율 0.25 | alpha 0.729 | complete
Ep 779 | 드론6 목적지79 |  799스텝 | 배송 79/79 | 재적재 11 | 중계율 0.22 | alpha 0.733 | complete
Ep 780 | 드론3 목적지68 | 1000스텝 | 배송 61/68 | 재적재 12 | 중계율 0.24 | alpha 0.720 | step_limit
Ep 781 | 드론5 목적지50 |  375스텝 | 배송 50/50 | 재적재  8 | 중계율 0.10 | alpha 0.717 | complete
Ep 782 | 드론5 목적지45 |  536스텝 | 배송 45/45 | 재적재  6 | 중계율 0.23 | alpha 0.715 | complete
Ep 783 | 드론3 목적지28 |  513스텝 | 배송 28/28 | 재적재  5 | 중계율 0.16 | alpha 0.714 | complete
Ep 784 | 드론6 목적지58 |  521스텝 | 배송 58/58 | 재적재  9 | 중계율 0.16 | alpha 0.699 | complete
Ep 785 | 드론4 목적지49 |  789스텝 | 배송 49/49 | 재적재  9 | 중계율 0.18 | alpha 0.713 | complete
Ep 786 | 드론4 목적지53 | 1000스텝 | 배송 51/53 | 재적재  9 | 중계율 0.30 | alpha 0.705 | step_limit
Ep 787 | 드론4 목적지47 |  734스텝 | 배송 47/47 | 재적재  7 | 중계율 0.22 | alpha 0.684 | complete
Ep 788 | 드론6 목적지75 |  764스텝 | 배송 75/75 | 재적재 12 | 중계율 0.16 | alpha 0.675 | complete
Ep 789 | 드론3 목적지79 | 1000스텝 | 배송 71/79 | 재적재 12 | 중계율 0.22 | alpha 0.672 | step_limit
Ep 790 | 드론3 목적지65 | 1000스텝 | 배송 55/65 | 재적재  9 | 중계율 0.20 | alpha 0.683 | step_limit
Ep 791 | 드론3 목적지21 |  315스텝 | 배송 21/21 | 재적재  3 | 중계율 0.11 | alpha 0.688 | complete
Ep 792 | 드론4 목적지50 |  687스텝 | 배송 50/50 | 재적재  8 | 중계율 0.10 | alpha 0.686 | complete
Ep 793 | 드론6 목적지27 |  287스텝 | 배송 27/27 | 재적재  2 | 중계율 0.14 | alpha 0.685 | complete
Ep 794 | 드론3 목적지74 | 1000스텝 | 배송 59/74 | 재적재 11 | 중계율 0.23 | alpha 0.684 | step_limit
Ep 795 | 드론3 목적지58 | 1000스텝 | 배송 56/58 | 재적재 10 | 중계율 0.16 | alpha 0.690 | step_limit
Ep 796 | 드론4 목적지23 |  529스텝 | 배송 23/23 | 재적재  3 | 중계율 0.27 | alpha 0.693 | complete
Ep 797 | 드론5 목적지34 |  414스텝 | 배송 34/34 | 재적재  6 | 중계율 0.10 | alpha 0.703 | complete
Ep 798 | 드론4 목적지60 |  599스텝 | 배송 60/60 | 재적재 10 | 중계율 0.09 | alpha 0.695 | complete
Ep 799 | 드론3 목적지33 |  566스텝 | 배송 33/33 | 재적재  5 | 중계율 0.15 | alpha 0.695 | complete
Ep 800 | 드론5 목적지50 |  458스텝 | 배송 50/50 | 재적재  8 | 중계율 0.10 | alpha 0.701 | complete
  [홀드아웃] 배송 49.5±1.6 완주 0.82 스텝 1010 점수 89.1 재적재 7.7 2홉+ 0.63 | 최고 106.7@ep300 정체 10/15
Ep 801 | 드론5 목적지57 |  780스텝 | 배송 57/57 | 재적재 10 | 중계율 0.18 | alpha 0.723 | complete
Ep 802 | 드론4 목적지68 |  980스텝 | 배송 68/68 | 재적재 12 | 중계율 0.18 | alpha 0.731 | complete
Ep 803 | 드론4 목적지80 | 1000스텝 | 배송 67/80 | 재적재 12 | 중계율 0.20 | alpha 0.725 | step_limit
Ep 804 | 드론6 목적지65 |  468스텝 | 배송 65/65 | 재적재 11 | 중계율 0.14 | alpha 0.717 | complete
Ep 805 | 드론6 목적지78 |  673스텝 | 배송 78/78 | 재적재 13 | 중계율 0.14 | alpha 0.705 | complete
Ep 806 | 드론6 목적지73 |  478스텝 | 배송 73/73 | 재적재 11 | 중계율 0.09 | alpha 0.700 | complete
Ep 807 | 드론6 목적지69 |  494스텝 | 배송 69/69 | 재적재 12 | 중계율 0.10 | alpha 0.704 | complete
Ep 808 | 드론4 목적지26 |  574스텝 | 배송 26/26 | 재적재  4 | 중계율 0.25 | alpha 0.713 | complete
Ep 809 | 드론4 목적지70 |  966스텝 | 배송 70/70 | 재적재 12 | 중계율 0.14 | alpha 0.706 | complete
Ep 810 | 드론4 목적지68 |  908스텝 | 배송 68/68 | 재적재 11 | 중계율 0.12 | alpha 0.727 | complete
Ep 811 | 드론3 목적지58 |  877스텝 | 배송 58/58 | 재적재 10 | 중계율 0.18 | alpha 0.729 | complete
Ep 812 | 드론4 목적지33 |  439스텝 | 배송 33/33 | 재적재  5 | 중계율 0.18 | alpha 0.733 | complete
Ep 813 | 드론4 목적지41 |  555스텝 | 배송 41/41 | 재적재  6 | 중계율 0.18 | alpha 0.736 | complete
Ep 814 | 드론4 목적지24 |  504스텝 | 배송 24/24 | 재적재  3 | 중계율 0.27 | alpha 0.734 | complete
Ep 815 | 드론3 목적지38 |  696스텝 | 배송 38/38 | 재적재  5 | 중계율 0.17 | alpha 0.727 | complete
Ep 816 | 드론3 목적지25 |  628스텝 | 배송 25/25 | 재적재  4 | 중계율 0.19 | alpha 0.720 | complete
Ep 817 | 드론4 목적지53 |  654스텝 | 배송 53/53 | 재적재  9 | 중계율 0.12 | alpha 0.724 | complete
Ep 818 | 드론5 목적지28 |  627스텝 | 배송 28/28 | 재적재  4 | 중계율 0.18 | alpha 0.718 | complete
Ep 819 | 드론6 목적지23 |  218스텝 | 배송 23/23 | 재적재  0 | 중계율 0.12 | alpha 0.719 | complete
Ep 820 | 드론4 목적지74 |  992스텝 | 배송 74/74 | 재적재 13 | 중계율 0.24 | alpha 0.697 | complete
Ep 821 | 드론4 목적지79 |  983스텝 | 배송 79/79 | 재적재 14 | 중계율 0.23 | alpha 0.708 | complete
Ep 822 | 드론4 목적지20 |  456스텝 | 배송 20/20 | 재적재  2 | 중계율 0.22 | alpha 0.705 | complete
Ep 823 | 드론5 목적지61 |  753스텝 | 배송 61/61 | 재적재 11 | 중계율 0.21 | alpha 0.706 | complete
Ep 824 | 드론3 목적지25 |  519스텝 | 배송 25/25 | 재적재  4 | 중계율 0.22 | alpha 0.700 | complete
Ep 825 | 드론3 목적지41 |  925스텝 | 배송 41/41 | 재적재  6 | 중계율 0.27 | alpha 0.690 | complete
Ep 826 | 드론3 목적지53 | 1000스텝 | 배송 46/53 | 재적재  7 | 중계율 0.32 | alpha 0.669 | step_limit
Ep 827 | 드론4 목적지44 |  664스텝 | 배송 44/44 | 재적재  6 | 중계율 0.26 | alpha 0.671 | complete
Ep 828 | 드론4 목적지24 |  477스텝 | 배송 24/24 | 재적재  3 | 중계율 0.17 | alpha 0.664 | complete
Ep 829 | 드론6 목적지53 |  522스텝 | 배송 53/53 | 재적재  6 | 중계율 0.14 | alpha 0.663 | complete
Ep 830 | 드론6 목적지66 |  716스텝 | 배송 66/66 | 재적재 12 | 중계율 0.13 | alpha 0.670 | complete
Ep 831 | 드론5 목적지69 |  741스텝 | 배송 69/69 | 재적재 13 | 중계율 0.12 | alpha 0.672 | complete
Ep 832 | 드론5 목적지69 |  611스텝 | 배송 69/69 | 재적재 12 | 중계율 0.14 | alpha 0.670 | complete
Ep 833 | 드론6 목적지72 |  539스텝 | 배송 72/72 | 재적재 11 | 중계율 0.15 | alpha 0.651 | complete
Ep 834 | 드론4 목적지71 | 1000스텝 | 배송 59/71 | 재적재 11 | 중계율 0.32 | alpha 0.655 | step_limit
Ep 835 | 드론3 목적지56 |  976스텝 | 배송 56/56 | 재적재 10 | 중계율 0.15 | alpha 0.659 | complete
Ep 836 | 드론6 목적지30 |  355스텝 | 배송 30/30 | 재적재  4 | 중계율 0.14 | alpha 0.661 | complete
Ep 837 | 드론3 목적지73 | 1000스텝 | 배송 55/73 | 재적재  9 | 중계율 0.23 | alpha 0.654 | step_limit
Ep 838 | 드론5 목적지56 |  674스텝 | 배송 56/56 | 재적재  9 | 중계율 0.10 | alpha 0.662 | complete
Ep 839 | 드론4 목적지20 |  486스텝 | 배송 20/20 | 재적재  2 | 중계율 0.29 | alpha 0.672 | complete
Ep 840 | 드론3 목적지33 |  428스텝 | 배송 33/33 | 재적재  5 | 중계율 0.09 | alpha 0.679 | complete
Ep 841 | 드론4 목적지31 |  979스텝 | 배송 31/31 | 재적재  5 | 중계율 0.22 | alpha 0.688 | complete
Ep 842 | 드론3 목적지68 | 1000스텝 | 배송 63/68 | 재적재 12 | 중계율 0.25 | alpha 0.683 | step_limit
Ep 843 | 드론6 목적지51 |  655스텝 | 배송 51/51 | 재적재  8 | 중계율 0.23 | alpha 0.678 | complete
Ep 844 | 드론4 목적지37 |  487스텝 | 배송 37/37 | 재적재  5 | 중계율 0.17 | alpha 0.677 | complete
Ep 845 | 드론6 목적지74 |  543스텝 | 배송 74/74 | 재적재 12 | 중계율 0.08 | alpha 0.674 | complete
Ep 846 | 드론3 목적지32 |  668스텝 | 배송 32/32 | 재적재  4 | 중계율 0.12 | alpha 0.671 | complete
Ep 847 | 드론5 목적지25 |  323스텝 | 배송 25/25 | 재적재  2 | 중계율 0.13 | alpha 0.670 | complete
Ep 848 | 드론3 목적지44 |  736스텝 | 배송 44/44 | 재적재  7 | 중계율 0.21 | alpha 0.665 | complete
Ep 849 | 드론5 목적지28 |  410스텝 | 배송 28/28 | 재적재  3 | 중계율 0.20 | alpha 0.671 | complete
Ep 850 | 드론3 목적지47 |  774스텝 | 배송 47/47 | 재적재  8 | 중계율 0.14 | alpha 0.668 | complete
  [홀드아웃] 배송 49.8±0.7 완주 0.89 스텝 1031 점수 95.3 재적재 7.8 2홉+ 0.64 | 최고 106.7@ep300 정체 11/15
Ep 851 | 드론3 목적지39 |  848스텝 | 배송 39/39 | 재적재  7 | 중계율 0.21 | alpha 0.667 | complete
Ep 852 | 드론4 목적지68 | 1000스텝 | 배송 50/68 | 재적재  8 | 중계율 0.36 | alpha 0.668 | step_limit
Ep 853 | 드론4 목적지65 | 1000스텝 | 배송 55/65 | 재적재 10 | 중계율 0.25 | alpha 0.677 | step_limit
Ep 854 | 드론5 목적지61 |  675스텝 | 배송 61/61 | 재적재 11 | 중계율 0.19 | alpha 0.682 | complete
Ep 855 | 드론5 목적지22 |  274스텝 | 배송 22/22 | 재적재  2 | 중계율 0.12 | alpha 0.684 | complete
Ep 856 | 드론5 목적지59 |  799스텝 | 배송 59/59 | 재적재 11 | 중계율 0.14 | alpha 0.696 | complete
Ep 857 | 드론3 목적지69 | 1000스텝 | 배송 57/69 | 재적재 11 | 중계율 0.28 | alpha 0.703 | step_limit
Ep 858 | 드론6 목적지35 |  308스텝 | 배송 35/35 | 재적재  5 | 중계율 0.07 | alpha 0.713 | complete
Ep 859 | 드론3 목적지20 |  435스텝 | 배송 20/20 | 재적재  2 | 중계율 0.24 | alpha 0.713 | complete
Ep 860 | 드론5 목적지42 |  574스텝 | 배송 42/42 | 재적재  7 | 중계율 0.19 | alpha 0.716 | complete
Ep 861 | 드론4 목적지58 |  797스텝 | 배송 58/58 | 재적재  9 | 중계율 0.16 | alpha 0.700 | complete
Ep 862 | 드론3 목적지39 |  785스텝 | 배송 39/39 | 재적재  6 | 중계율 0.23 | alpha 0.709 | complete
Ep 863 | 드론5 목적지77 |  955스텝 | 배송 77/77 | 재적재 14 | 중계율 0.22 | alpha 0.708 | complete
Ep 864 | 드론6 목적지37 |  507스텝 | 배송 37/37 | 재적재  6 | 중계율 0.21 | alpha 0.704 | complete
Ep 865 | 드론4 목적지33 |  943스텝 | 배송 33/33 | 재적재  5 | 중계율 0.25 | alpha 0.679 | complete
Ep 866 | 드론5 목적지40 |  355스텝 | 배송 40/40 | 재적재  6 | 중계율 0.07 | alpha 0.678 | complete
Ep 867 | 드론6 목적지34 |  313스텝 | 배송 34/34 | 재적재  5 | 중계율 0.15 | alpha 0.674 | complete
Ep 868 | 드론3 목적지34 |  923스텝 | 배송 30/34 | 재적재  5 | 중계율 0.24 | alpha 0.653 | no_progress
Ep 869 | 드론3 목적지76 | 1000스텝 | 배송 62/76 | 재적재 11 | 중계율 0.18 | alpha 0.642 | step_limit
Ep 870 | 드론4 목적지42 |  678스텝 | 배송 42/42 | 재적재  8 | 중계율 0.16 | alpha 0.642 | complete
Ep 871 | 드론3 목적지47 | 1000스텝 | 배송 45/47 | 재적재  9 | 중계율 0.18 | alpha 0.656 | step_limit
Ep 872 | 드론5 목적지22 |  273스텝 | 배송 22/22 | 재적재  3 | 중계율 0.14 | alpha 0.658 | complete
Ep 873 | 드론5 목적지60 |  878스텝 | 배송 60/60 | 재적재 11 | 중계율 0.22 | alpha 0.643 | complete
Ep 874 | 드론6 목적지45 |  373스텝 | 배송 45/45 | 재적재  5 | 중계율 0.13 | alpha 0.634 | complete
Ep 875 | 드론6 목적지32 |  329스텝 | 배송 32/32 | 재적재  4 | 중계율 0.14 | alpha 0.635 | complete
Ep 876 | 드론3 목적지49 |  698스텝 | 배송 49/49 | 재적재  9 | 중계율 0.16 | alpha 0.625 | complete
Ep 877 | 드론6 목적지77 |  640스텝 | 배송 77/77 | 재적재 13 | 중계율 0.14 | alpha 0.609 | complete
Ep 878 | 드론5 목적지44 |  965스텝 | 배송 44/44 | 재적재  7 | 중계율 0.29 | alpha 0.596 | complete
Ep 879 | 드론3 목적지79 | 1000스텝 | 배송 63/79 | 재적재 12 | 중계율 0.23 | alpha 0.575 | step_limit
Ep 880 | 드론5 목적지32 |  273스텝 | 배송 32/32 | 재적재  3 | 중계율 0.11 | alpha 0.570 | complete
Ep 881 | 드론6 목적지74 |  643스텝 | 배송 74/74 | 재적재 12 | 중계율 0.17 | alpha 0.571 | complete
Ep 882 | 드론4 목적지76 | 1000스텝 | 배송 69/76 | 재적재 11 | 중계율 0.20 | alpha 0.571 | step_limit
Ep 883 | 드론6 목적지50 |  718스텝 | 배송 50/50 | 재적재  9 | 중계율 0.21 | alpha 0.589 | complete
Ep 884 | 드론6 목적지56 |  480스텝 | 배송 56/56 | 재적재  8 | 중계율 0.10 | alpha 0.598 | complete
Ep 885 | 드론3 목적지44 |  769스텝 | 배송 44/44 | 재적재  8 | 중계율 0.18 | alpha 0.616 | complete
Ep 886 | 드론6 목적지76 |  532스텝 | 배송 76/76 | 재적재 13 | 중계율 0.09 | alpha 0.618 | complete
Ep 887 | 드론4 목적지67 | 1000스텝 | 배송 66/67 | 재적재 12 | 중계율 0.23 | alpha 0.608 | step_limit
Ep 888 | 드론3 목적지71 | 1000스텝 | 배송 57/71 | 재적재 11 | 중계율 0.25 | alpha 0.607 | step_limit
Ep 889 | 드론3 목적지32 |  564스텝 | 배송 32/32 | 재적재  6 | 중계율 0.19 | alpha 0.613 | complete
Ep 890 | 드론5 목적지62 |  725스텝 | 배송 62/62 | 재적재 10 | 중계율 0.13 | alpha 0.598 | complete
Ep 891 | 드론3 목적지78 | 1000스텝 | 배송 66/78 | 재적재 12 | 중계율 0.23 | alpha 0.590 | step_limit
Ep 892 | 드론4 목적지39 |  506스텝 | 배송 39/39 | 재적재  7 | 중계율 0.12 | alpha 0.592 | complete
Ep 893 | 드론4 목적지65 |  967스텝 | 배송 65/65 | 재적재 12 | 중계율 0.19 | alpha 0.605 | complete
Ep 894 | 드론6 목적지47 |  342스텝 | 배송 47/47 | 재적재  6 | 중계율 0.09 | alpha 0.601 | complete
Ep 895 | 드론6 목적지64 |  511스텝 | 배송 64/64 | 재적재 12 | 중계율 0.12 | alpha 0.600 | complete
Ep 896 | 드론5 목적지41 |  569스텝 | 배송 41/41 | 재적재  5 | 중계율 0.22 | alpha 0.603 | complete
Ep 897 | 드론6 목적지77 |  457스텝 | 배송 77/77 | 재적재 13 | 중계율 0.08 | alpha 0.605 | complete
Ep 898 | 드론4 목적지29 |  819스텝 | 배송 29/29 | 재적재  4 | 중계율 0.23 | alpha 0.615 | complete
Ep 899 | 드론3 목적지31 |  539스텝 | 배송 31/31 | 재적재  5 | 중계율 0.18 | alpha 0.631 | complete
Ep 900 | 드론3 목적지69 | 1000스텝 | 배송 66/69 | 재적재 12 | 중계율 0.19 | alpha 0.642 | step_limit
  [홀드아웃] 배송 49.5±1.8 완주 0.86 스텝 995 점수 92.9 재적재 7.8 2홉+ 0.63 | 최고 106.7@ep300 정체 12/15
Ep 901 | 드론6 목적지26 |  248스텝 | 배송 26/26 | 재적재  2 | 중계율 0.17 | alpha 0.644 | complete
Ep 902 | 드론6 목적지58 |  637스텝 | 배송 58/58 | 재적재 10 | 중계율 0.16 | alpha 0.626 | complete
Ep 903 | 드론3 목적지41 |  879스텝 | 배송 41/41 | 재적재  6 | 중계율 0.30 | alpha 0.617 | complete
Ep 904 | 드론6 목적지47 |  370스텝 | 배송 47/47 | 재적재  8 | 중계율 0.10 | alpha 0.621 | complete
Ep 905 | 드론3 목적지63 | 1000스텝 | 배송 54/63 | 재적재 10 | 중계율 0.29 | alpha 0.616 | step_limit
Ep 906 | 드론5 목적지64 | 1000스텝 | 배송 61/64 | 재적재 11 | 중계율 0.24 | alpha 0.618 | step_limit
Ep 907 | 드론3 목적지80 | 1000스텝 | 배송 68/80 | 재적재 13 | 중계율 0.16 | alpha 0.625 | step_limit
Ep 908 | 드론6 목적지49 |  470스텝 | 배송 49/49 | 재적재  7 | 중계율 0.14 | alpha 0.616 | complete
Ep 909 | 드론3 목적지68 | 1000스텝 | 배송 55/68 | 재적재 10 | 중계율 0.27 | alpha 0.619 | step_limit
Ep 910 | 드론6 목적지69 |  545스텝 | 배송 69/69 | 재적재  9 | 중계율 0.15 | alpha 0.623 | complete
Ep 911 | 드론3 목적지22 |  464스텝 | 배송 22/22 | 재적재  4 | 중계율 0.18 | alpha 0.620 | complete
Ep 912 | 드론4 목적지71 | 1000스텝 | 배송 60/71 | 재적재 10 | 중계율 0.33 | alpha 0.615 | step_limit
Ep 913 | 드론3 목적지48 | 1000스텝 | 배송 47/48 | 재적재  8 | 중계율 0.18 | alpha 0.593 | step_limit
Ep 914 | 드론3 목적지64 | 1000스텝 | 배송 60/64 | 재적재 10 | 중계율 0.25 | alpha 0.555 | step_limit
Ep 915 | 드론6 목적지58 |  540스텝 | 배송 58/58 | 재적재 10 | 중계율 0.13 | alpha 0.551 | complete
Ep 916 | 드론4 목적지21 |  303스텝 | 배송 21/21 | 재적재  3 | 중계율 0.18 | alpha 0.542 | complete
Ep 917 | 드론5 목적지75 | 1000스텝 | 배송 66/75 | 재적재 12 | 중계율 0.25 | alpha 0.534 | step_limit
Ep 918 | 드론6 목적지22 |  354스텝 | 배송 22/22 | 재적재  1 | 중계율 0.29 | alpha 0.531 | complete
Ep 919 | 드론5 목적지73 |  755스텝 | 배송 73/73 | 재적재 13 | 중계율 0.15 | alpha 0.517 | complete
Ep 920 | 드론3 목적지79 | 1000스텝 | 배송 50/79 | 재적재 10 | 중계율 0.25 | alpha 0.496 | step_limit
Ep 921 | 드론4 목적지27 |  480스텝 | 배송 27/27 | 재적재  4 | 중계율 0.13 | alpha 0.489 | complete
Ep 922 | 드론4 목적지20 |  479스텝 | 배송 20/20 | 재적재  2 | 중계율 0.19 | alpha 0.485 | complete
Ep 923 | 드론5 목적지51 |  657스텝 | 배송 51/51 | 재적재  8 | 중계율 0.17 | alpha 0.475 | complete
Ep 924 | 드론6 목적지68 |  570스텝 | 배송 68/68 | 재적재 12 | 중계율 0.10 | alpha 0.470 | complete
Ep 925 | 드론6 목적지30 |  400스텝 | 배송 30/30 | 재적재  3 | 중계율 0.18 | alpha 0.462 | complete
Ep 926 | 드론6 목적지31 |  254스텝 | 배송 31/31 | 재적재  5 | 중계율 0.14 | alpha 0.463 | complete
Ep 927 | 드론3 목적지62 | 1000스텝 | 배송 60/62 | 재적재 10 | 중계율 0.25 | alpha 0.467 | step_limit
Ep 928 | 드론3 목적지51 | 1000스텝 | 배송 45/51 | 재적재  7 | 중계율 0.24 | alpha 0.468 | step_limit
Ep 929 | 드론6 목적지34 |  242스텝 | 배송 34/34 | 재적재  4 | 중계율 0.09 | alpha 0.469 | complete
Ep 930 | 드론4 목적지57 |  750스텝 | 배송 57/57 | 재적재 10 | 중계율 0.13 | alpha 0.467 | complete
Ep 931 | 드론4 목적지52 |  670스텝 | 배송 52/52 | 재적재 10 | 중계율 0.15 | alpha 0.471 | complete
Ep 932 | 드론6 목적지27 |  285스텝 | 배송 27/27 | 재적재  1 | 중계율 0.14 | alpha 0.474 | complete
Ep 933 | 드론6 목적지71 |  594스텝 | 배송 71/71 | 재적재 11 | 중계율 0.17 | alpha 0.475 | complete
Ep 934 | 드론6 목적지65 | 1000스텝 | 배송 62/65 | 재적재 10 | 중계율 0.18 | alpha 0.488 | step_limit
Ep 935 | 드론4 목적지29 |  618스텝 | 배송 29/29 | 재적재  4 | 중계율 0.19 | alpha 0.487 | complete
Ep 936 | 드론3 목적지44 |  789스텝 | 배송 44/44 | 재적재  7 | 중계율 0.17 | alpha 0.494 | complete
Ep 937 | 드론3 목적지22 |  373스텝 | 배송 22/22 | 재적재  3 | 중계율 0.20 | alpha 0.499 | complete
Ep 938 | 드론4 목적지44 |  989스텝 | 배송 44/44 | 재적재  8 | 중계율 0.29 | alpha 0.511 | complete
Ep 939 | 드론5 목적지68 |  852스텝 | 배송 68/68 | 재적재 10 | 중계율 0.28 | alpha 0.516 | complete
Ep 940 | 드론5 목적지43 |  673스텝 | 배송 43/43 | 재적재  5 | 중계율 0.27 | alpha 0.524 | complete
Ep 941 | 드론5 목적지73 |  959스텝 | 배송 73/73 | 재적재 13 | 중계율 0.25 | alpha 0.526 | complete
Ep 942 | 드론6 목적지26 |  281스텝 | 배송 26/26 | 재적재  3 | 중계율 0.12 | alpha 0.521 | complete
Ep 943 | 드론5 목적지28 |  561스텝 | 배송 28/28 | 재적재  3 | 중계율 0.19 | alpha 0.515 | complete
Ep 944 | 드론3 목적지79 | 1000스텝 | 배송 64/79 | 재적재 11 | 중계율 0.18 | alpha 0.498 | step_limit
Ep 945 | 드론3 목적지61 | 1000스텝 | 배송 55/61 | 재적재  8 | 중계율 0.28 | alpha 0.489 | step_limit
Ep 946 | 드론4 목적지50 |  924스텝 | 배송 50/50 | 재적재  9 | 중계율 0.24 | alpha 0.491 | complete
Ep 947 | 드론6 목적지25 |  246스텝 | 배송 25/25 | 재적재  3 | 중계율 0.12 | alpha 0.493 | complete
Ep 948 | 드론6 목적지58 |  614스텝 | 배송 58/58 | 재적재  8 | 중계율 0.14 | alpha 0.499 | complete
Ep 949 | 드론6 목적지52 |  408스텝 | 배송 52/52 | 재적재  7 | 중계율 0.14 | alpha 0.504 | complete
Ep 950 | 드론6 목적지43 |  397스텝 | 배송 43/43 | 재적재  6 | 중계율 0.06 | alpha 0.507 | complete
  [홀드아웃] 배송 49.7±1.1 완주 0.88 스텝 1058 점수 94.0 재적재 7.8 2홉+ 0.63 | 최고 106.7@ep300 정체 13/15
Ep 951 | 드론5 목적지30 |  488스텝 | 배송 30/30 | 재적재  4 | 중계율 0.19 | alpha 0.509 | complete
Ep 952 | 드론3 목적지51 |  944스텝 | 배송 51/51 | 재적재  9 | 중계율 0.27 | alpha 0.517 | complete
Ep 953 | 드론6 목적지43 |  426스텝 | 배송 43/43 | 재적재  6 | 중계율 0.14 | alpha 0.512 | complete
Ep 954 | 드론6 목적지80 |  935스텝 | 배송 80/80 | 재적재 14 | 중계율 0.22 | alpha 0.510 | complete
Ep 955 | 드론6 목적지46 |  405스텝 | 배송 46/46 | 재적재  6 | 중계율 0.13 | alpha 0.510 | complete
Ep 956 | 드론5 목적지37 |  548스텝 | 배송 37/37 | 재적재  6 | 중계율 0.14 | alpha 0.500 | complete
Ep 957 | 드론3 목적지52 | 1000스텝 | 배송 49/52 | 재적재  8 | 중계율 0.16 | alpha 0.492 | step_limit
Ep 958 | 드론6 목적지46 |  599스텝 | 배송 46/46 | 재적재  6 | 중계율 0.23 | alpha 0.490 | complete
Ep 959 | 드론4 목적지46 |  847스텝 | 배송 46/46 | 재적재  8 | 중계율 0.19 | alpha 0.495 | complete
Ep 960 | 드론6 목적지66 |  500스텝 | 배송 66/66 | 재적재 11 | 중계율 0.09 | alpha 0.494 | complete
Ep 961 | 드론4 목적지76 | 1000스텝 | 배송 64/76 | 재적재 11 | 중계율 0.25 | alpha 0.495 | step_limit
Ep 962 | 드론4 목적지52 |  980스텝 | 배송 52/52 | 재적재  8 | 중계율 0.28 | alpha 0.493 | complete
Ep 963 | 드론3 목적지56 | 1000스텝 | 배송 50/56 | 재적재  9 | 중계율 0.32 | alpha 0.487 | step_limit
Ep 964 | 드론3 목적지54 | 1000스텝 | 배송 51/54 | 재적재  9 | 중계율 0.21 | alpha 0.493 | step_limit
Ep 965 | 드론4 목적지34 |  953스텝 | 배송 34/34 | 재적재  5 | 중계율 0.33 | alpha 0.497 | complete
Ep 966 | 드론5 목적지77 |  619스텝 | 배송 77/77 | 재적재 13 | 중계율 0.09 | alpha 0.499 | complete
Ep 967 | 드론6 목적지38 |  312스텝 | 배송 38/38 | 재적재  4 | 중계율 0.10 | alpha 0.503 | complete
Ep 968 | 드론6 목적지37 |  486스텝 | 배송 37/37 | 재적재  3 | 중계율 0.17 | alpha 0.498 | complete
Ep 969 | 드론4 목적지54 | 1000스텝 | 배송 53/54 | 재적재  9 | 중계율 0.23 | alpha 0.485 | step_limit
Ep 970 | 드론5 목적지80 |  933스텝 | 배송 80/80 | 재적재 15 | 중계율 0.18 | alpha 0.479 | complete
Ep 971 | 드론5 목적지26 |  314스텝 | 배송 26/26 | 재적재  4 | 중계율 0.08 | alpha 0.477 | complete
Ep 972 | 드론6 목적지27 |  352스텝 | 배송 27/27 | 재적재  2 | 중계율 0.15 | alpha 0.480 | complete
Ep 973 | 드론4 목적지36 |  662스텝 | 배송 36/36 | 재적재  5 | 중계율 0.20 | alpha 0.479 | complete
Ep 974 | 드론3 목적지80 | 1000스텝 | 배송 69/80 | 재적재 12 | 중계율 0.22 | alpha 0.468 | step_limit
Ep 975 | 드론6 목적지80 |  669스텝 | 배송 80/80 | 재적재 13 | 중계율 0.18 | alpha 0.465 | complete
Ep 976 | 드론4 목적지48 |  855스텝 | 배송 48/48 | 재적재  8 | 중계율 0.33 | alpha 0.450 | complete
Ep 977 | 드론5 목적지48 |  448스텝 | 배송 48/48 | 재적재  9 | 중계율 0.09 | alpha 0.448 | complete
Ep 978 | 드론5 목적지69 |  909스텝 | 배송 69/69 | 재적재 12 | 중계율 0.15 | alpha 0.445 | complete
Ep 979 | 드론6 목적지58 |  406스텝 | 배송 58/58 | 재적재  9 | 중계율 0.08 | alpha 0.446 | complete
Ep 980 | 드론6 목적지73 |  727스텝 | 배송 73/73 | 재적재 12 | 중계율 0.20 | alpha 0.441 | complete
Ep 981 | 드론4 목적지62 |  675스텝 | 배송 62/62 | 재적재 10 | 중계율 0.15 | alpha 0.440 | complete
Ep 982 | 드론6 목적지66 |  622스텝 | 배송 66/66 | 재적재 10 | 중계율 0.21 | alpha 0.435 | complete
Ep 983 | 드론4 목적지22 |  586스텝 | 배송 22/22 | 재적재  2 | 중계율 0.22 | alpha 0.432 | complete
Ep 984 | 드론3 목적지53 | 1000스텝 | 배송 45/53 | 재적재  8 | 중계율 0.30 | alpha 0.431 | step_limit
Ep 985 | 드론5 목적지65 |  580스텝 | 배송 65/65 | 재적재 12 | 중계율 0.12 | alpha 0.431 | complete
Ep 986 | 드론6 목적지35 |  371스텝 | 배송 35/35 | 재적재  5 | 중계율 0.14 | alpha 0.430 | complete
Ep 987 | 드론5 목적지47 |  478스텝 | 배송 47/47 | 재적재  8 | 중계율 0.14 | alpha 0.430 | complete
Ep 988 | 드론4 목적지24 |  346스텝 | 배송 24/24 | 재적재  3 | 중계율 0.16 | alpha 0.431 | complete
Ep 989 | 드론3 목적지64 | 1000스텝 | 배송 60/64 | 재적재 11 | 중계율 0.19 | alpha 0.424 | step_limit
Ep 990 | 드론4 목적지26 |  577스텝 | 배송 26/26 | 재적재  3 | 중계율 0.14 | alpha 0.420 | complete
Ep 991 | 드론3 목적지30 |  625스텝 | 배송 30/30 | 재적재  4 | 중계율 0.22 | alpha 0.414 | complete
Ep 992 | 드론4 목적지59 | 1000스텝 | 배송 45/59 | 재적재  7 | 중계율 0.25 | alpha 0.399 | step_limit
Ep 993 | 드론3 목적지46 | 1000스텝 | 배송 45/46 | 재적재  8 | 중계율 0.27 | alpha 0.378 | step_limit
Ep 994 | 드론5 목적지71 |  745스텝 | 배송 71/71 | 재적재 13 | 중계율 0.14 | alpha 0.367 | complete
Ep 995 | 드론3 목적지61 | 1000스텝 | 배송 53/61 | 재적재  9 | 중계율 0.26 | alpha 0.355 | step_limit
Ep 996 | 드론3 목적지61 |  872스텝 | 배송 61/61 | 재적재 11 | 중계율 0.18 | alpha 0.347 | complete
Ep 997 | 드론3 목적지59 | 1000스텝 | 배송 57/59 | 재적재 11 | 중계율 0.26 | alpha 0.341 | step_limit
Ep 998 | 드론6 목적지70 |  904스텝 | 배송 70/70 | 재적재 10 | 중계율 0.21 | alpha 0.334 | complete
Ep 999 | 드론4 목적지49 |  807스텝 | 배송 49/49 | 재적재  8 | 중계율 0.18 | alpha 0.329 | complete
Ep 1000 | 드론5 목적지63 |  719스텝 | 배송 63/63 | 재적재 11 | 중계율 0.15 | alpha 0.321 | complete
  [홀드아웃] 배송 49.5±1.9 완주 0.90 스텝 994 점수 96.7 재적재 7.7 2홉+ 0.63 | 최고 106.7@ep300 정체 14/15
Ep 1001 | 드론6 목적지43 |  424스텝 | 배송 43/43 | 재적재  6 | 중계율 0.09 | alpha 0.319 | complete
Ep 1002 | 드론4 목적지78 | 1000스텝 | 배송 67/78 | 재적재 13 | 중계율 0.23 | alpha 0.313 | step_limit
Ep 1003 | 드론4 목적지74 | 1000스텝 | 배송 64/74 | 재적재 11 | 중계율 0.26 | alpha 0.303 | step_limit
Ep 1004 | 드론6 목적지61 |  460스텝 | 배송 61/61 | 재적재  9 | 중계율 0.14 | alpha 0.305 | complete
Ep 1005 | 드론5 목적지62 |  866스텝 | 배송 62/62 | 재적재 10 | 중계율 0.20 | alpha 0.310 | complete
Ep 1006 | 드론3 목적지22 |  533스텝 | 배송 22/22 | 재적재  3 | 중계율 0.22 | alpha 0.310 | complete
Ep 1007 | 드론5 목적지79 |  793스텝 | 배송 79/79 | 재적재 14 | 중계율 0.18 | alpha 0.309 | complete
Ep 1008 | 드론4 목적지28 |  813스텝 | 배송 28/28 | 재적재  3 | 중계율 0.22 | alpha 0.303 | complete
Ep 1009 | 드론4 목적지65 |  928스텝 | 배송 65/65 | 재적재 12 | 중계율 0.20 | alpha 0.305 | complete
Ep 1010 | 드론5 목적지22 |  372스텝 | 배송 22/22 | 재적재  3 | 중계율 0.17 | alpha 0.307 | complete
Ep 1011 | 드론5 목적지52 |  574스텝 | 배송 52/52 | 재적재  8 | 중계율 0.07 | alpha 0.306 | complete
Ep 1012 | 드론6 목적지47 |  486스텝 | 배송 47/47 | 재적재  7 | 중계율 0.13 | alpha 0.306 | complete
Ep 1013 | 드론6 목적지66 |  514스텝 | 배송 66/66 | 재적재 10 | 중계율 0.11 | alpha 0.304 | complete
Ep 1014 | 드론4 목적지69 |  958스텝 | 배송 69/69 | 재적재 13 | 중계율 0.20 | alpha 0.308 | complete
Ep 1015 | 드론4 목적지77 |  907스텝 | 배송 77/77 | 재적재 14 | 중계율 0.16 | alpha 0.305 | complete
Ep 1016 | 드론4 목적지80 | 1000스텝 | 배송 69/80 | 재적재 11 | 중계율 0.27 | alpha 0.308 | step_limit
Ep 1017 | 드론5 목적지51 |  503스텝 | 배송 51/51 | 재적재  9 | 중계율 0.14 | alpha 0.306 | complete
Ep 1018 | 드론6 목적지21 |  220스텝 | 배송 21/21 | 재적재  0 | 중계율 0.12 | alpha 0.303 | complete
Ep 1019 | 드론4 목적지58 |  613스텝 | 배송 58/58 | 재적재 10 | 중계율 0.17 | alpha 0.304 | complete
Ep 1020 | 드론4 목적지74 | 1000스텝 | 배송 68/74 | 재적재 11 | 중계율 0.26 | alpha 0.305 | step_limit
Ep 1021 | 드론3 목적지48 |  772스텝 | 배송 48/48 | 재적재  8 | 중계율 0.20 | alpha 0.301 | complete
Ep 1022 | 드론6 목적지27 |  313스텝 | 배송 27/27 | 재적재  3 | 중계율 0.10 | alpha 0.300 | complete
Ep 1023 | 드론6 목적지46 |  336스텝 | 배송 46/46 | 재적재  7 | 중계율 0.08 | alpha 0.298 | complete
Ep 1024 | 드론3 목적지70 | 1000스텝 | 배송 51/70 | 재적재  9 | 중계율 0.34 | alpha 0.287 | step_limit
Ep 1025 | 드론5 목적지41 |  849스텝 | 배송 41/41 | 재적재  6 | 중계율 0.26 | alpha 0.279 | complete
Ep 1026 | 드론6 목적지76 |  625스텝 | 배송 76/76 | 재적재 12 | 중계율 0.15 | alpha 0.277 | complete
Ep 1027 | 드론4 목적지51 |  621스텝 | 배송 51/51 | 재적재  9 | 중계율 0.17 | alpha 0.273 | complete
Ep 1028 | 드론3 목적지27 |  571스텝 | 배송 27/27 | 재적재  4 | 중계율 0.15 | alpha 0.269 | complete
Ep 1029 | 드론4 목적지37 |  392스텝 | 배송 37/37 | 재적재  6 | 중계율 0.10 | alpha 0.267 | complete
Ep 1030 | 드론4 목적지46 |  917스텝 | 배송 46/46 | 재적재  8 | 중계율 0.29 | alpha 0.263 | complete
Ep 1031 | 드론6 목적지20 |  180스텝 | 배송 20/20 | 재적재  0 | 중계율 0.09 | alpha 0.262 | complete
Ep 1032 | 드론3 목적지27 |  402스텝 | 배송 27/27 | 재적재  4 | 중계율 0.13 | alpha 0.261 | complete
Ep 1033 | 드론5 목적지38 |  420스텝 | 배송 38/38 | 재적재  4 | 중계율 0.09 | alpha 0.257 | complete
Ep 1034 | 드론4 목적지66 | 1000스텝 | 배송 60/66 | 재적재 11 | 중계율 0.20 | alpha 0.253 | step_limit
Ep 1035 | 드론6 목적지64 |  624스텝 | 배송 64/64 | 재적재  9 | 중계율 0.19 | alpha 0.246 | complete
Ep 1036 | 드론4 목적지59 | 1000스텝 | 배송 55/59 | 재적재 10 | 중계율 0.22 | alpha 0.239 | step_limit
Ep 1037 | 드론3 목적지49 |  911스텝 | 배송 49/49 | 재적재  8 | 중계율 0.17 | alpha 0.234 | complete
Ep 1038 | 드론6 목적지57 |  788스텝 | 배송 57/57 | 재적재  8 | 중계율 0.19 | alpha 0.226 | complete
Ep 1039 | 드론4 목적지73 |  938스텝 | 배송 73/73 | 재적재 12 | 중계율 0.19 | alpha 0.218 | complete
Ep 1040 | 드론3 목적지44 | 1000스텝 | 배송 42/44 | 재적재  7 | 중계율 0.35 | alpha 0.209 | step_limit
Ep 1041 | 드론5 목적지65 |  841스텝 | 배송 65/65 | 재적재 12 | 중계율 0.21 | alpha 0.204 | complete
Ep 1042 | 드론3 목적지37 |  877스텝 | 배송 37/37 | 재적재  6 | 중계율 0.33 | alpha 0.199 | complete
Ep 1043 | 드론5 목적지52 |  538스텝 | 배송 52/52 | 재적재  9 | 중계율 0.12 | alpha 0.197 | complete
Ep 1044 | 드론4 목적지36 |  991스텝 | 배송 36/36 | 재적재  6 | 중계율 0.33 | alpha 0.192 | complete
Ep 1045 | 드론4 목적지52 |  682스텝 | 배송 52/52 | 재적재  8 | 중계율 0.14 | alpha 0.189 | complete
Ep 1046 | 드론5 목적지43 |  429스텝 | 배송 43/43 | 재적재  5 | 중계율 0.16 | alpha 0.188 | complete
Ep 1047 | 드론3 목적지52 | 1000스텝 | 배송 50/52 | 재적재  8 | 중계율 0.28 | alpha 0.184 | step_limit
Ep 1048 | 드론3 목적지51 | 1000스텝 | 배송 49/51 | 재적재  9 | 중계율 0.28 | alpha 0.184 | step_limit
Ep 1049 | 드론4 목적지72 | 1000스텝 | 배송 58/72 | 재적재  8 | 중계율 0.34 | alpha 0.180 | step_limit
Ep 1050 | 드론5 목적지76 |  985스텝 | 배송 76/76 | 재적재 13 | 중계율 0.22 | alpha 0.171 | complete
  [홀드아웃] 배송 49.2±3.2 완주 0.90 스텝 1024 점수 96.6 재적재 7.6 2홉+ 0.62 | 최고 106.7@ep300 정체 15/15

조기 종료. 최고 106.7@ep300
Training finished. best=106.7 @ ep300
