/home/kopt/enter/envs/wsl_neuroMCTS/lib/python3.10/site-packages/pygame/pkgdata.py:25: UserWarning: pkg_resources is deprecated as an API. See https://setuptools.pypa.io/en/latest/pkg_resources.html. The pkg_resources package is slated for removal as early as 2025-11-30. Refrain from using this package or pin to Setuptools<81.
  from pkg_resources import resource_stream, resource_exists
pygame 2.6.1 (SDL 2.28.4, Python 3.10.19)
Hello from the pygame community. https://www.pygame.org/contribute.html
집합 상위 학습 | 반경 300 상한 1000 무배송 500 gamma 0.997 구성=무작위 드론[3, 6] 목적지[20, 80] CC무작위 인스턴스=무작위 목표유지=off 완주보상=0.0 잔여페널티=0.1 규칙관측=False 규칙정규화=2.0 막힘페널티=0.0 도달권shaping=0.0 정체전환보상=0.0 엔트로피비=0.6->0.25@400 자기회귀=True 홀드아웃상한=3000 선택=makespan
/home/kopt/drone/proposed_src/pipeline/train_v5_26_09_15_23.py:347: UserWarning: Converting a tensor with requires_grad=True to a scalar may lead to unexpected behavior.
Consider using tensor.detach() first. (Triggered internally at /pytorch/torch/csrc/autograd/generated/python_variable_methods.cpp:836.)
  writer.add_scalar("train/alpha", float(log_alpha.exp()), ep)
Ep 1 | 드론5 목적지43 | 1000스텝 | 배송 41/43 | 재적재  7 | 중계율 0.10 | alpha 0.100 | step_limit
Ep 2 | 드론4 목적지74 | 1000스텝 | 배송 66/74 | 재적재 12 | 중계율 0.08 | alpha 0.100 | step_limit
Ep 3 | 드론5 목적지43 | 1000스텝 | 배송 41/43 | 재적재  7 | 중계율 0.08 | alpha 0.100 | step_limit
Ep 4 | 드론4 목적지23 | 1000스텝 | 배송 20/23 | 재적재  2 | 중계율 0.14 | alpha 0.100 | step_limit
Ep 5 | 드론4 목적지31 |  920스텝 | 배송 31/31 | 재적재  5 | 중계율 0.19 | alpha 0.101 | complete
Ep 6 | 드론3 목적지68 | 1000스텝 | 배송 63/68 | 재적재 11 | 중계율 0.22 | alpha 0.111 | step_limit
Ep 7 | 드론6 목적지44 |  359스텝 | 배송 44/44 | 재적재  6 | 중계율 0.23 | alpha 0.114 | complete
Ep 8 | 드론6 목적지30 |  285스텝 | 배송 30/30 | 재적재  3 | 중계율 0.25 | alpha 0.117 | complete
Ep 9 | 드론6 목적지42 |  400스텝 | 배송 42/42 | 재적재  6 | 중계율 0.25 | alpha 0.122 | complete
Ep 10 | 드론6 목적지47 |  640스텝 | 배송 47/47 | 재적재  7 | 중계율 0.27 | alpha 0.128 | complete
Ep 11 | 드론5 목적지21 |  287스텝 | 배송 21/21 | 재적재  1 | 중계율 0.14 | alpha 0.132 | complete
Ep 12 | 드론3 목적지37 | 1000스텝 | 배송 29/37 | 재적재  5 | 중계율 0.22 | alpha 0.143 | step_limit
Ep 13 | 드론6 목적지28 |  228스텝 | 배송 28/28 | 재적재  3 | 중계율 0.17 | alpha 0.145 | complete
Ep 14 | 드론3 목적지41 |  711스텝 | 배송 41/41 | 재적재  6 | 중계율 0.29 | alpha 0.154 | complete
Ep 15 | 드론3 목적지66 | 1000스텝 | 배송 46/66 | 재적재  8 | 중계율 0.24 | alpha 0.167 | step_limit
Ep 16 | 드론4 목적지71 | 1000스텝 | 배송 54/71 | 재적재  9 | 중계율 0.27 | alpha 0.180 | step_limit
Ep 17 | 드론4 목적지24 |  488스텝 | 배송 24/24 | 재적재  4 | 중계율 0.31 | alpha 0.187 | complete
Ep 18 | 드론5 목적지49 |  436스텝 | 배송 49/49 | 재적재  7 | 중계율 0.21 | alpha 0.193 | complete
Ep 19 | 드론6 목적지34 |  308스텝 | 배송 34/34 | 재적재  4 | 중계율 0.23 | alpha 0.198 | complete
Ep 20 | 드론3 목적지48 | 1000스텝 | 배송 40/48 | 재적재  6 | 중계율 0.26 | alpha 0.213 | step_limit
Ep 21 | 드론4 목적지63 |  846스텝 | 배송 63/63 | 재적재 11 | 중계율 0.30 | alpha 0.227 | complete
Ep 22 | 드론6 목적지46 |  436스텝 | 배송 46/46 | 재적재  7 | 중계율 0.23 | alpha 0.234 | complete
Ep 23 | 드론3 목적지44 |  732스텝 | 배송 44/44 | 재적재  7 | 중계율 0.24 | alpha 0.247 | complete
Ep 24 | 드론5 목적지41 |  444스텝 | 배송 41/41 | 재적재  5 | 중계율 0.21 | alpha 0.255 | complete
Ep 25 | 드론5 목적지38 |  521스텝 | 배송 38/38 | 재적재  6 | 중계율 0.23 | alpha 0.264 | complete
Ep 26 | 드론5 목적지77 | 1000스텝 | 배송 74/77 | 재적재 13 | 중계율 0.25 | alpha 0.284 | step_limit
Ep 27 | 드론3 목적지41 | 1000스텝 | 배송 39/41 | 재적재  6 | 중계율 0.30 | alpha 0.304 | step_limit
Ep 28 | 드론5 목적지52 |  654스텝 | 배송 52/52 | 재적재  8 | 중계율 0.30 | alpha 0.318 | complete
Ep 29 | 드론5 목적지72 | 1000스텝 | 배송 70/72 | 재적재 13 | 중계율 0.35 | alpha 0.340 | step_limit
Ep 30 | 드론5 목적지61 |  954스텝 | 배송 61/61 | 재적재 11 | 중계율 0.33 | alpha 0.362 | complete
Ep 31 | 드론5 목적지45 |  650스텝 | 배송 45/45 | 재적재  7 | 중계율 0.18 | alpha 0.379 | complete
Ep 32 | 드론3 목적지68 | 1000스텝 | 배송 57/68 | 재적재 10 | 중계율 0.23 | alpha 0.406 | step_limit
Ep 33 | 드론3 목적지35 |  875스텝 | 배송 35/35 | 재적재  6 | 중계율 0.21 | alpha 0.431 | complete
Ep 34 | 드론3 목적지24 |  313스텝 | 배송 24/24 | 재적재  3 | 중계율 0.18 | alpha 0.441 | complete
Ep 35 | 드론3 목적지58 | 1000스텝 | 배송 56/58 | 재적재 10 | 중계율 0.23 | alpha 0.473 | step_limit
Ep 36 | 드론4 목적지64 |  889스텝 | 배송 64/64 | 재적재 11 | 중계율 0.28 | alpha 0.505 | complete
Ep 37 | 드론6 목적지58 |  822스텝 | 배송 58/58 | 재적재 10 | 중계율 0.33 | alpha 0.536 | complete
Ep 38 | 드론3 목적지77 | 1000스텝 | 배송 55/77 | 재적재 11 | 중계율 0.27 | alpha 0.576 | step_limit
Ep 39 | 드론3 목적지28 |  868스텝 | 배송 28/28 | 재적재  4 | 중계율 0.38 | alpha 0.613 | complete
Ep 40 | 드론3 목적지37 |  588스텝 | 배송 37/37 | 재적재  6 | 중계율 0.20 | alpha 0.639 | complete
Ep 41 | 드론5 목적지59 |  567스텝 | 배송 59/59 | 재적재  9 | 중계율 0.13 | alpha 0.664 | complete
Ep 42 | 드론6 목적지58 |  505스텝 | 배송 58/58 | 재적재  9 | 중계율 0.19 | alpha 0.687 | complete
Ep 43 | 드론6 목적지20 |  227스텝 | 배송 20/20 | 재적재  1 | 중계율 0.18 | alpha 0.698 | complete
Ep 44 | 드론6 목적지30 |  236스텝 | 배송 30/30 | 재적재  4 | 중계율 0.09 | alpha 0.710 | complete
Ep 45 | 드론6 목적지39 |  333스텝 | 배송 39/39 | 재적재  6 | 중계율 0.13 | alpha 0.726 | complete
Ep 46 | 드론6 목적지32 |  318스텝 | 배송 32/32 | 재적재  5 | 중계율 0.16 | alpha 0.742 | complete
Ep 47 | 드론5 목적지35 |  462스텝 | 배송 35/35 | 재적재  5 | 중계율 0.21 | alpha 0.766 | complete
Ep 48 | 드론5 목적지39 |  717스텝 | 배송 39/39 | 재적재  5 | 중계율 0.28 | alpha 0.805 | complete
Ep 49 | 드론5 목적지47 |  591스텝 | 배송 47/47 | 재적재  8 | 중계율 0.18 | alpha 0.839 | complete
Ep 50 | 드론4 목적지72 |  770스텝 | 배송 72/72 | 재적재 13 | 중계율 0.18 | alpha 0.884 | complete
  [홀드아웃] 배송 49.2±2.9 완주 0.86 스텝 1069 점수 92.7 재적재 7.7 2홉+ 0.64 | 최고 92.7@ep50 정체 0/15  ← 갱신
Ep 51 | 드론4 목적지71 | 1000스텝 | 배송 64/71 | 재적재 11 | 중계율 0.17 | alpha 0.946 | step_limit
Ep 52 | 드론4 목적지45 |  463스텝 | 배송 45/45 | 재적재  7 | 중계율 0.14 | alpha 0.976 | complete
Ep 53 | 드론6 목적지64 |  674스텝 | 배송 64/64 | 재적재 11 | 중계율 0.08 | alpha 1.018 | complete
Ep 54 | 드론5 목적지24 |  473스텝 | 배송 24/24 | 재적재  2 | 중계율 0.35 | alpha 1.048 | complete
Ep 55 | 드론6 목적지60 |  626스텝 | 배송 60/60 | 재적재 10 | 중계율 0.26 | alpha 1.088 | complete
Ep 56 | 드론6 목적지20 |  188스텝 | 배송 20/20 | 재적재  0 | 중계율 0.10 | alpha 1.100 | complete
Ep 57 | 드론5 목적지61 |  555스텝 | 배송 61/61 | 재적재 10 | 중계율 0.15 | alpha 1.136 | complete
Ep 58 | 드론5 목적지77 |  762스텝 | 배송 77/77 | 재적재 14 | 중계율 0.14 | alpha 1.185 | complete
Ep 59 | 드론5 목적지40 |  686스텝 | 배송 40/40 | 재적재  7 | 중계율 0.27 | alpha 1.229 | complete
Ep 60 | 드론3 목적지76 | 1000스텝 | 배송 55/76 | 재적재  9 | 중계율 0.22 | alpha 1.292 | step_limit
Ep 61 | 드론5 목적지66 |  695스텝 | 배송 66/66 | 재적재 11 | 중계율 0.23 | alpha 1.338 | complete
Ep 62 | 드론5 목적지43 |  509스텝 | 배송 43/43 | 재적재  6 | 중계율 0.17 | alpha 1.372 | complete
Ep 63 | 드론5 목적지57 |  908스텝 | 배송 57/57 | 재적재 11 | 중계율 0.21 | alpha 1.430 | complete
Ep 64 | 드론3 목적지52 | 1000스텝 | 배송 45/52 | 재적재  7 | 중계율 0.29 | alpha 1.490 | step_limit
Ep 65 | 드론5 목적지42 |  391스텝 | 배송 42/42 | 재적재  6 | 중계율 0.13 | alpha 1.513 | complete
Ep 66 | 드론4 목적지41 |  803스텝 | 배송 41/41 | 재적재  6 | 중계율 0.23 | alpha 1.560 | complete
Ep 67 | 드론5 목적지23 |  200스텝 | 배송 23/23 | 재적재  1 | 중계율 0.08 | alpha 1.572 | complete
Ep 68 | 드론5 목적지77 |  578스텝 | 배송 77/77 | 재적재 14 | 중계율 0.10 | alpha 1.609 | complete
Ep 69 | 드론4 목적지48 |  610스텝 | 배송 48/48 | 재적재  8 | 중계율 0.09 | alpha 1.647 | complete
Ep 70 | 드론3 목적지69 | 1000스텝 | 배송 50/69 | 재적재  8 | 중계율 0.25 | alpha 1.703 | step_limit
Ep 71 | 드론5 목적지34 |  407스텝 | 배송 34/34 | 재적재  5 | 중계율 0.09 | alpha 1.725 | complete
Ep 72 | 드론5 목적지61 | 1000스텝 | 배송 53/61 | 재적재  9 | 중계율 0.35 | alpha 1.769 | step_limit
Ep 73 | 드론6 목적지50 |  465스텝 | 배송 50/50 | 재적재  6 | 중계율 0.20 | alpha 1.790 | complete
Ep 74 | 드론4 목적지70 | 1000스텝 | 배송 67/70 | 재적재 11 | 중계율 0.17 | alpha 1.828 | step_limit
Ep 75 | 드론6 목적지21 |  157스텝 | 배송 21/21 | 재적재  0 | 중계율 0.06 | alpha 1.835 | complete
Ep 76 | 드론3 목적지49 | 1000스텝 | 배송 46/49 | 재적재  8 | 중계율 0.23 | alpha 1.880 | step_limit
Ep 77 | 드론4 목적지67 | 1000스텝 | 배송 53/67 | 재적재 10 | 중계율 0.28 | alpha 1.916 | step_limit
Ep 78 | 드론3 목적지34 |  614스텝 | 배송 34/34 | 재적재  5 | 중계율 0.20 | alpha 1.938 | complete
Ep 79 | 드론5 목적지31 |  560스텝 | 배송 31/31 | 재적재  4 | 중계율 0.19 | alpha 1.952 | complete
Ep 80 | 드론3 목적지44 |  946스텝 | 배송 44/44 | 재적재  7 | 중계율 0.24 | alpha 1.978 | complete
Ep 81 | 드론6 목적지71 |  986스텝 | 배송 71/71 | 재적재 11 | 중계율 0.28 | alpha 1.996 | complete
Ep 82 | 드론4 목적지59 |  574스텝 | 배송 59/59 | 재적재  9 | 중계율 0.13 | alpha 1.992 | complete
Ep 83 | 드론6 목적지21 |  175스텝 | 배송 21/21 | 재적재  0 | 중계율 0.09 | alpha 1.987 | complete
Ep 84 | 드론4 목적지41 |  637스텝 | 배송 41/41 | 재적재  7 | 중계율 0.18 | alpha 1.981 | complete
Ep 85 | 드론5 목적지38 |  637스텝 | 배송 38/38 | 재적재  7 | 중계율 0.25 | alpha 1.988 | complete
Ep 86 | 드론5 목적지64 |  739스텝 | 배송 64/64 | 재적재 11 | 중계율 0.17 | alpha 2.003 | complete
Ep 87 | 드론5 목적지24 |  367스텝 | 배송 24/24 | 재적재  2 | 중계율 0.26 | alpha 2.014 | complete
Ep 88 | 드론5 목적지66 |  567스텝 | 배송 66/66 | 재적재 10 | 중계율 0.13 | alpha 2.022 | complete
Ep 89 | 드론6 목적지20 |  311스텝 | 배송 20/20 | 재적재  1 | 중계율 0.09 | alpha 2.018 | complete
Ep 90 | 드론6 목적지37 |  287스텝 | 배송 37/37 | 재적재  5 | 중계율 0.06 | alpha 2.012 | complete
Ep 91 | 드론4 목적지60 | 1000스텝 | 배송 57/60 | 재적재 10 | 중계율 0.26 | alpha 2.011 | step_limit
Ep 92 | 드론3 목적지37 | 1000스텝 | 배송 35/37 | 재적재  5 | 중계율 0.33 | alpha 2.027 | step_limit
Ep 93 | 드론4 목적지27 |  691스텝 | 배송 27/27 | 재적재  4 | 중계율 0.22 | alpha 2.054 | complete
Ep 94 | 드론4 목적지76 | 1000스텝 | 배송 75/76 | 재적재 14 | 중계율 0.23 | alpha 2.047 | step_limit
Ep 95 | 드론5 목적지30 |  438스텝 | 배송 30/30 | 재적재  5 | 중계율 0.13 | alpha 2.046 | complete
Ep 96 | 드론6 목적지34 |  310스텝 | 배송 34/34 | 재적재  4 | 중계율 0.15 | alpha 2.042 | complete
Ep 97 | 드론5 목적지35 |  689스텝 | 배송 35/35 | 재적재  5 | 중계율 0.22 | alpha 2.041 | complete
Ep 98 | 드론5 목적지39 |  358스텝 | 배송 39/39 | 재적재  6 | 중계율 0.11 | alpha 2.047 | complete
Ep 99 | 드론5 목적지69 | 1000스텝 | 배송 61/69 | 재적재 10 | 중계율 0.32 | alpha 2.107 | step_limit
Ep 100 | 드론6 목적지80 |  800스텝 | 배송 80/80 | 재적재 14 | 중계율 0.15 | alpha 2.162 | complete
  [홀드아웃] 배송 50.0±0.0 완주 1.00 스텝 1041 점수 106.5 재적재 7.9 2홉+ 0.64 | 최고 106.5@ep100 정체 0/15  ← 갱신
Ep 101 | 드론3 목적지62 | 1000스텝 | 배송 55/62 | 재적재  9 | 중계율 0.24 | alpha 2.166 | step_limit
Ep 102 | 드론4 목적지30 |  346스텝 | 배송 30/30 | 재적재  5 | 중계율 0.08 | alpha 2.153 | complete
Ep 103 | 드론5 목적지75 |  679스텝 | 배송 75/75 | 재적재 13 | 중계율 0.14 | alpha 2.118 | complete
Ep 104 | 드론4 목적지39 |  717스텝 | 배송 39/39 | 재적재  5 | 중계율 0.16 | alpha 2.087 | complete
Ep 105 | 드론5 목적지24 |  384스텝 | 배송 24/24 | 재적재  3 | 중계율 0.16 | alpha 2.079 | complete
Ep 106 | 드론5 목적지73 | 1000스텝 | 배송 67/73 | 재적재 13 | 중계율 0.23 | alpha 2.055 | step_limit
Ep 107 | 드론5 목적지25 |  314스텝 | 배송 25/25 | 재적재  3 | 중계율 0.15 | alpha 2.029 | complete
Ep 108 | 드론3 목적지69 | 1000스텝 | 배송 60/69 | 재적재 10 | 중계율 0.28 | alpha 2.022 | step_limit
Ep 109 | 드론4 목적지25 |  285스텝 | 배송 25/25 | 재적재  3 | 중계율 0.08 | alpha 2.022 | complete
Ep 110 | 드론3 목적지26 |  824스텝 | 배송 26/26 | 재적재  5 | 중계율 0.28 | alpha 2.012 | complete
Ep 111 | 드론3 목적지21 |  394스텝 | 배송 21/21 | 재적재  3 | 중계율 0.17 | alpha 2.006 | complete
Ep 112 | 드론6 목적지31 |  254스텝 | 배송 31/31 | 재적재  3 | 중계율 0.05 | alpha 2.003 | complete
Ep 113 | 드론4 목적지57 | 1000스텝 | 배송 55/57 | 재적재  9 | 중계율 0.29 | alpha 2.011 | step_limit
Ep 114 | 드론6 목적지64 |  664스텝 | 배송 64/64 | 재적재 11 | 중계율 0.21 | alpha 2.034 | complete
Ep 115 | 드론5 목적지57 |  707스텝 | 배송 57/57 | 재적재  9 | 중계율 0.17 | alpha 2.065 | complete
Ep 116 | 드론3 목적지78 | 1000스텝 | 배송 62/78 | 재적재 11 | 중계율 0.21 | alpha 2.042 | step_limit
Ep 117 | 드론6 목적지76 |  860스텝 | 배송 76/76 | 재적재 13 | 중계율 0.27 | alpha 2.013 | complete
Ep 118 | 드론3 목적지59 | 1000스텝 | 배송 56/59 | 재적재  9 | 중계율 0.17 | alpha 2.024 | step_limit
Ep 119 | 드론4 목적지73 | 1000스텝 | 배송 63/73 | 재적재 11 | 중계율 0.26 | alpha 2.008 | step_limit
Ep 120 | 드론4 목적지68 | 1000스텝 | 배송 54/68 | 재적재  8 | 중계율 0.19 | alpha 1.990 | step_limit
Ep 121 | 드론6 목적지59 |  528스텝 | 배송 59/59 | 재적재  9 | 중계율 0.22 | alpha 1.999 | complete
Ep 122 | 드론6 목적지55 |  616스텝 | 배송 55/55 | 재적재  8 | 중계율 0.16 | alpha 1.990 | complete
Ep 123 | 드론4 목적지22 |  258스텝 | 배송 22/22 | 재적재  3 | 중계율 0.12 | alpha 1.977 | complete
Ep 124 | 드론3 목적지57 |  977스텝 | 배송 57/57 | 재적재 10 | 중계율 0.15 | alpha 1.915 | complete
Ep 125 | 드론3 목적지29 |  814스텝 | 배송 29/29 | 재적재  4 | 중계율 0.25 | alpha 1.861 | complete
Ep 126 | 드론6 목적지80 |  593스텝 | 배송 80/80 | 재적재 13 | 중계율 0.13 | alpha 1.856 | complete
Ep 127 | 드론6 목적지23 |  207스텝 | 배송 23/23 | 재적재  0 | 중계율 0.16 | alpha 1.847 | complete
Ep 128 | 드론4 목적지75 | 1000스텝 | 배송 58/75 | 재적재 10 | 중계율 0.27 | alpha 1.840 | step_limit
Ep 129 | 드론5 목적지31 |  693스텝 | 배송 31/31 | 재적재  5 | 중계율 0.33 | alpha 1.829 | complete
Ep 130 | 드론5 목적지26 |  311스텝 | 배송 26/26 | 재적재  2 | 중계율 0.13 | alpha 1.820 | complete
Ep 131 | 드론6 목적지57 |  494스텝 | 배송 57/57 | 재적재  9 | 중계율 0.10 | alpha 1.819 | complete
Ep 132 | 드론4 목적지51 | 1000스텝 | 배송 47/51 | 재적재  7 | 중계율 0.30 | alpha 1.833 | step_limit
Ep 133 | 드론6 목적지36 |  383스텝 | 배송 36/36 | 재적재  5 | 중계율 0.17 | alpha 1.810 | complete
Ep 134 | 드론5 목적지49 |  549스텝 | 배송 49/49 | 재적재  7 | 중계율 0.19 | alpha 1.799 | complete
Ep 135 | 드론4 목적지56 | 1000스텝 | 배송 53/56 | 재적재  9 | 중계율 0.26 | alpha 1.789 | step_limit
Ep 136 | 드론3 목적지38 |  814스텝 | 배송 38/38 | 재적재  7 | 중계율 0.19 | alpha 1.783 | complete
Ep 137 | 드론6 목적지37 |  326스텝 | 배송 37/37 | 재적재  5 | 중계율 0.13 | alpha 1.774 | complete
Ep 138 | 드론5 목적지68 |  805스텝 | 배송 68/68 | 재적재 11 | 중계율 0.20 | alpha 1.735 | complete
Ep 139 | 드론3 목적지63 |  910스텝 | 배송 63/63 | 재적재 12 | 중계율 0.15 | alpha 1.732 | complete
Ep 140 | 드론6 목적지64 |  654스텝 | 배송 64/64 | 재적재 11 | 중계율 0.17 | alpha 1.718 | complete
Ep 141 | 드론4 목적지48 |  848스텝 | 배송 48/48 | 재적재  8 | 중계율 0.25 | alpha 1.671 | complete
Ep 142 | 드론5 목적지69 |  679스텝 | 배송 69/69 | 재적재 12 | 중계율 0.15 | alpha 1.673 | complete
Ep 143 | 드론3 목적지58 | 1000스텝 | 배송 51/58 | 재적재  9 | 중계율 0.20 | alpha 1.692 | step_limit
Ep 144 | 드론6 목적지55 |  584스텝 | 배송 55/55 | 재적재  9 | 중계율 0.23 | alpha 1.695 | complete
Ep 145 | 드론3 목적지39 | 1000스텝 | 배송 38/39 | 재적재  6 | 중계율 0.24 | alpha 1.695 | step_limit
Ep 146 | 드론3 목적지60 | 1000스텝 | 배송 55/60 | 재적재 10 | 중계율 0.12 | alpha 1.629 | step_limit
Ep 147 | 드론4 목적지44 |  633스텝 | 배송 44/44 | 재적재  7 | 중계율 0.14 | alpha 1.615 | complete
Ep 148 | 드론6 목적지50 |  637스텝 | 배송 50/50 | 재적재  8 | 중계율 0.21 | alpha 1.626 | complete
Ep 149 | 드론3 목적지36 |  659스텝 | 배송 36/36 | 재적재  6 | 중계율 0.18 | alpha 1.619 | complete
Ep 150 | 드론5 목적지78 |  933스텝 | 배송 78/78 | 재적재 15 | 중계율 0.24 | alpha 1.599 | complete
  [홀드아웃] 배송 50.0±0.0 완주 1.00 스텝 1085 점수 106.4 재적재 8.2 2홉+ 0.64 | 최고 106.5@ep100 정체 1/15
Ep 151 | 드론4 목적지64 |  758스텝 | 배송 64/64 | 재적재 11 | 중계율 0.11 | alpha 1.589 | complete
Ep 152 | 드론6 목적지21 |  140스텝 | 배송 21/21 | 재적재  0 | 중계율 0.06 | alpha 1.576 | complete
Ep 153 | 드론5 목적지76 | 1000스텝 | 배송 75/76 | 재적재 14 | 중계율 0.20 | alpha 1.551 | step_limit
Ep 154 | 드론3 목적지40 |  795스텝 | 배송 40/40 | 재적재  6 | 중계율 0.21 | alpha 1.499 | complete
Ep 155 | 드론4 목적지64 | 1000스텝 | 배송 62/64 | 재적재 11 | 중계율 0.18 | alpha 1.432 | step_limit
Ep 156 | 드론5 목적지50 |  567스텝 | 배송 50/50 | 재적재  8 | 중계율 0.18 | alpha 1.434 | complete
Ep 157 | 드론3 목적지56 |  990스텝 | 배송 56/56 | 재적재  9 | 중계율 0.13 | alpha 1.393 | complete
Ep 158 | 드론6 목적지67 |  548스텝 | 배송 67/67 | 재적재 11 | 중계율 0.14 | alpha 1.376 | complete
Ep 159 | 드론5 목적지78 |  805스텝 | 배송 78/78 | 재적재 14 | 중계율 0.09 | alpha 1.365 | complete
Ep 160 | 드론5 목적지23 |  425스텝 | 배송 23/23 | 재적재  3 | 중계율 0.19 | alpha 1.362 | complete
Ep 161 | 드론6 목적지73 |  959스텝 | 배송 73/73 | 재적재 12 | 중계율 0.23 | alpha 1.365 | complete
Ep 162 | 드론4 목적지49 |  763스텝 | 배송 49/49 | 재적재  9 | 중계율 0.15 | alpha 1.370 | complete
Ep 163 | 드론5 목적지36 |  575스텝 | 배송 36/36 | 재적재  6 | 중계율 0.16 | alpha 1.368 | complete
Ep 164 | 드론5 목적지54 |  541스텝 | 배송 54/54 | 재적재  8 | 중계율 0.09 | alpha 1.377 | complete
Ep 165 | 드론6 목적지47 |  419스텝 | 배송 47/47 | 재적재  7 | 중계율 0.12 | alpha 1.375 | complete
Ep 166 | 드론5 목적지63 |  646스텝 | 배송 63/63 | 재적재 10 | 중계율 0.16 | alpha 1.380 | complete
Ep 167 | 드론5 목적지38 |  388스텝 | 배송 38/38 | 재적재  5 | 중계율 0.16 | alpha 1.402 | complete
Ep 168 | 드론5 목적지44 |  692스텝 | 배송 44/44 | 재적재  8 | 중계율 0.20 | alpha 1.429 | complete
Ep 169 | 드론5 목적지45 |  625스텝 | 배송 45/45 | 재적재  7 | 중계율 0.17 | alpha 1.414 | complete
Ep 170 | 드론4 목적지78 | 1000스텝 | 배송 73/78 | 재적재 13 | 중계율 0.17 | alpha 1.396 | step_limit
Ep 171 | 드론5 목적지34 |  428스텝 | 배송 34/34 | 재적재  4 | 중계율 0.18 | alpha 1.390 | complete
Ep 172 | 드론4 목적지48 |  763스텝 | 배송 48/48 | 재적재  8 | 중계율 0.16 | alpha 1.402 | complete
Ep 173 | 드론4 목적지64 | 1000스텝 | 배송 52/64 | 재적재  8 | 중계율 0.26 | alpha 1.414 | step_limit
Ep 174 | 드론5 목적지38 |  358스텝 | 배송 38/38 | 재적재  5 | 중계율 0.09 | alpha 1.435 | complete
Ep 175 | 드론4 목적지56 | 1000스텝 | 배송 53/56 | 재적재  9 | 중계율 0.22 | alpha 1.438 | step_limit
Ep 176 | 드론3 목적지68 | 1000스텝 | 배송 49/68 | 재적재  8 | 중계율 0.29 | alpha 1.463 | step_limit
Ep 177 | 드론5 목적지74 | 1000스텝 | 배송 72/74 | 재적재 13 | 중계율 0.19 | alpha 1.485 | step_limit
Ep 178 | 드론5 목적지37 |  475스텝 | 배송 37/37 | 재적재  6 | 중계율 0.17 | alpha 1.478 | complete
Ep 179 | 드론6 목적지48 |  606스텝 | 배송 48/48 | 재적재  7 | 중계율 0.16 | alpha 1.445 | complete
Ep 180 | 드론4 목적지61 | 1000스텝 | 배송 59/61 | 재적재 11 | 중계율 0.23 | alpha 1.434 | step_limit
Ep 181 | 드론3 목적지80 | 1000스텝 | 배송 56/80 | 재적재 10 | 중계율 0.23 | alpha 1.387 | step_limit
Ep 182 | 드론5 목적지31 |  335스텝 | 배송 31/31 | 재적재  4 | 중계율 0.15 | alpha 1.368 | complete
Ep 183 | 드론4 목적지53 |  875스텝 | 배송 53/53 | 재적재  9 | 중계율 0.19 | alpha 1.346 | complete
Ep 184 | 드론4 목적지64 | 1000스텝 | 배송 64/64 | 재적재 10 | 중계율 0.25 | alpha 1.308 | complete
Ep 185 | 드론3 목적지49 | 1000스텝 | 배송 47/49 | 재적재  8 | 중계율 0.16 | alpha 1.303 | step_limit
Ep 186 | 드론5 목적지47 |  735스텝 | 배송 47/47 | 재적재  7 | 중계율 0.20 | alpha 1.305 | complete
Ep 187 | 드론5 목적지59 |  760스텝 | 배송 59/59 | 재적재  9 | 중계율 0.23 | alpha 1.302 | complete
Ep 188 | 드론3 목적지33 |  819스텝 | 배송 33/33 | 재적재  5 | 중계율 0.21 | alpha 1.281 | complete
Ep 189 | 드론6 목적지35 |  297스텝 | 배송 35/35 | 재적재  5 | 중계율 0.09 | alpha 1.278 | complete
Ep 190 | 드론3 목적지30 |  719스텝 | 배송 30/30 | 재적재  5 | 중계율 0.23 | alpha 1.282 | complete
Ep 191 | 드론4 목적지70 | 1000스텝 | 배송 69/70 | 재적재 12 | 중계율 0.20 | alpha 1.250 | step_limit
Ep 192 | 드론5 목적지36 |  321스텝 | 배송 36/36 | 재적재  4 | 중계율 0.09 | alpha 1.255 | complete
Ep 193 | 드론3 목적지54 | 1000스텝 | 배송 50/54 | 재적재  9 | 중계율 0.26 | alpha 1.276 | step_limit
Ep 194 | 드론4 목적지76 | 1000스텝 | 배송 64/76 | 재적재 11 | 중계율 0.26 | alpha 1.273 | step_limit
Ep 195 | 드론5 목적지74 | 1000스텝 | 배송 70/74 | 재적재 11 | 중계율 0.30 | alpha 1.262 | step_limit
Ep 196 | 드론6 목적지70 |  808스텝 | 배송 70/70 | 재적재 12 | 중계율 0.19 | alpha 1.262 | complete
Ep 197 | 드론4 목적지34 |  728스텝 | 배송 34/34 | 재적재  6 | 중계율 0.16 | alpha 1.229 | complete
Ep 198 | 드론3 목적지33 | 1000스텝 | 배송 31/33 | 재적재  6 | 중계율 0.25 | alpha 1.201 | step_limit
Ep 199 | 드론6 목적지46 |  485스텝 | 배송 46/46 | 재적재  7 | 중계율 0.14 | alpha 1.192 | complete
Ep 200 | 드론6 목적지42 |  310스텝 | 배송 42/42 | 재적재  6 | 중계율 0.09 | alpha 1.194 | complete
  [홀드아웃] 배송 49.6±2.1 완주 0.94 스텝 1183 점수 99.8 재적재 8.2 2홉+ 0.65 | 최고 106.5@ep100 정체 2/15
Ep 201 | 드론6 목적지51 |  422스텝 | 배송 51/51 | 재적재  9 | 중계율 0.10 | alpha 1.177 | complete
Ep 202 | 드론5 목적지32 |  423스텝 | 배송 32/32 | 재적재  5 | 중계율 0.21 | alpha 1.168 | complete
Ep 203 | 드론5 목적지30 |  703스텝 | 배송 30/30 | 재적재  3 | 중계율 0.31 | alpha 1.156 | complete
Ep 204 | 드론6 목적지73 | 1000스텝 | 배송 71/73 | 재적재 14 | 중계율 0.18 | alpha 1.139 | step_limit
Ep 205 | 드론3 목적지44 |  668스텝 | 배송 44/44 | 재적재  7 | 중계율 0.14 | alpha 1.141 | complete
Ep 206 | 드론3 목적지26 |  442스텝 | 배송 26/26 | 재적재  4 | 중계율 0.15 | alpha 1.129 | complete
Ep 207 | 드론5 목적지40 |  709스텝 | 배송 40/40 | 재적재  7 | 중계율 0.16 | alpha 1.116 | complete
Ep 208 | 드론6 목적지35 |  397스텝 | 배송 35/35 | 재적재  5 | 중계율 0.19 | alpha 1.102 | complete
Ep 209 | 드론6 목적지75 |  526스텝 | 배송 75/75 | 재적재 13 | 중계율 0.08 | alpha 1.098 | complete
Ep 210 | 드론6 목적지56 |  626스텝 | 배송 56/56 | 재적재  8 | 중계율 0.18 | alpha 1.071 | complete
Ep 211 | 드론3 목적지26 |  535스텝 | 배송 26/26 | 재적재  4 | 중계율 0.18 | alpha 1.065 | complete
Ep 212 | 드론3 목적지58 | 1000스텝 | 배송 57/58 | 재적재 10 | 중계율 0.19 | alpha 1.052 | step_limit
Ep 213 | 드론3 목적지44 |  981스텝 | 배송 44/44 | 재적재  6 | 중계율 0.20 | alpha 1.064 | complete
Ep 214 | 드론3 목적지56 |  920스텝 | 배송 56/56 | 재적재 10 | 중계율 0.18 | alpha 1.051 | complete
Ep 215 | 드론4 목적지64 |  775스텝 | 배송 64/64 | 재적재 11 | 중계율 0.21 | alpha 1.050 | complete
Ep 216 | 드론5 목적지40 |  370스텝 | 배송 40/40 | 재적재  5 | 중계율 0.14 | alpha 1.048 | complete
Ep 217 | 드론6 목적지41 |  290스텝 | 배송 41/41 | 재적재  6 | 중계율 0.09 | alpha 1.054 | complete
Ep 218 | 드론3 목적지31 |  645스텝 | 배송 31/31 | 재적재  5 | 중계율 0.18 | alpha 1.048 | complete
Ep 219 | 드론4 목적지80 | 1000스텝 | 배송 75/80 | 재적재 13 | 중계율 0.21 | alpha 1.052 | step_limit
Ep 220 | 드론4 목적지53 |  847스텝 | 배송 53/53 | 재적재  8 | 중계율 0.26 | alpha 1.072 | complete
Ep 221 | 드론6 목적지72 |  555스텝 | 배송 72/72 | 재적재 12 | 중계율 0.10 | alpha 1.074 | complete
Ep 222 | 드론3 목적지27 |  591스텝 | 배송 27/27 | 재적재  3 | 중계율 0.27 | alpha 1.070 | complete
Ep 223 | 드론6 목적지22 |  218스텝 | 배송 22/22 | 재적재  1 | 중계율 0.11 | alpha 1.064 | complete
Ep 224 | 드론4 목적지62 |  745스텝 | 배송 62/62 | 재적재 11 | 중계율 0.16 | alpha 1.046 | complete
Ep 225 | 드론5 목적지58 |  615스텝 | 배송 58/58 | 재적재 10 | 중계율 0.12 | alpha 1.019 | complete
Ep 226 | 드론6 목적지37 |  500스텝 | 배송 37/37 | 재적재  4 | 중계율 0.23 | alpha 1.000 | complete
Ep 227 | 드론3 목적지49 |  993스텝 | 배송 49/49 | 재적재  8 | 중계율 0.23 | alpha 0.997 | complete
Ep 228 | 드론5 목적지72 |  545스텝 | 배송 72/72 | 재적재 12 | 중계율 0.07 | alpha 1.011 | complete
Ep 229 | 드론3 목적지77 | 1000스텝 | 배송 55/77 | 재적재  8 | 중계율 0.28 | alpha 1.012 | step_limit
Ep 230 | 드론6 목적지53 |  556스텝 | 배송 53/53 | 재적재  6 | 중계율 0.12 | alpha 1.013 | complete
Ep 231 | 드론5 목적지56 |  881스텝 | 배송 56/56 | 재적재  8 | 중계율 0.26 | alpha 1.013 | complete
Ep 232 | 드론3 목적지28 |  668스텝 | 배송 28/28 | 재적재  5 | 중계율 0.23 | alpha 1.011 | complete
Ep 233 | 드론5 목적지40 |  681스텝 | 배송 40/40 | 재적재  6 | 중계율 0.25 | alpha 1.022 | complete
Ep 234 | 드론5 목적지29 |  428스텝 | 배송 29/29 | 재적재  4 | 중계율 0.16 | alpha 1.026 | complete
Ep 235 | 드론6 목적지69 |  607스텝 | 배송 69/69 | 재적재 10 | 중계율 0.13 | alpha 1.027 | complete
Ep 236 | 드론4 목적지30 |  591스텝 | 배송 30/30 | 재적재  4 | 중계율 0.23 | alpha 1.035 | complete
Ep 237 | 드론5 목적지24 |  649스텝 | 배송 24/24 | 재적재  1 | 중계율 0.19 | alpha 1.022 | complete
Ep 238 | 드론5 목적지21 |  309스텝 | 배송 21/21 | 재적재  3 | 중계율 0.13 | alpha 1.021 | complete
Ep 239 | 드론5 목적지60 |  809스텝 | 배송 60/60 | 재적재 10 | 중계율 0.27 | alpha 1.016 | complete
Ep 240 | 드론6 목적지58 |  599스텝 | 배송 58/58 | 재적재 10 | 중계율 0.14 | alpha 1.019 | complete
Ep 241 | 드론3 목적지26 |  524스텝 | 배송 26/26 | 재적재  3 | 중계율 0.11 | alpha 1.014 | complete
Ep 242 | 드론4 목적지43 |  741스텝 | 배송 43/43 | 재적재  6 | 중계율 0.19 | alpha 1.016 | complete
Ep 243 | 드론5 목적지55 |  755스텝 | 배송 55/55 | 재적재  9 | 중계율 0.18 | alpha 0.996 | complete
Ep 244 | 드론6 목적지48 |  339스텝 | 배송 48/48 | 재적재  6 | 중계율 0.10 | alpha 0.986 | complete
Ep 245 | 드론6 목적지67 |  653스텝 | 배송 67/67 | 재적재 12 | 중계율 0.14 | alpha 0.972 | complete
Ep 246 | 드론4 목적지65 | 1000스텝 | 배송 60/65 | 재적재 11 | 중계율 0.25 | alpha 0.982 | step_limit
Ep 247 | 드론6 목적지49 |  470스텝 | 배송 49/49 | 재적재  6 | 중계율 0.14 | alpha 0.987 | complete
Ep 248 | 드론3 목적지41 | 1000스텝 | 배송 39/41 | 재적재  7 | 중계율 0.25 | alpha 0.998 | step_limit
Ep 249 | 드론5 목적지26 |  208스텝 | 배송 26/26 | 재적재  2 | 중계율 0.07 | alpha 0.997 | complete
Ep 250 | 드론5 목적지43 |  431스텝 | 배송 43/43 | 재적재  7 | 중계율 0.12 | alpha 0.995 | complete
  [홀드아웃] 배송 49.6±2.7 완주 0.95 스텝 1047 점수 101.5 재적재 7.9 2홉+ 0.64 | 최고 106.5@ep100 정체 3/15
Ep 251 | 드론5 목적지71 |  657스텝 | 배송 71/71 | 재적재 10 | 중계율 0.16 | alpha 1.008 | complete
Ep 252 | 드론3 목적지48 | 1000스텝 | 배송 46/48 | 재적재  8 | 중계율 0.32 | alpha 1.018 | step_limit
Ep 253 | 드론4 목적지30 |  442스텝 | 배송 30/30 | 재적재  5 | 중계율 0.13 | alpha 1.010 | complete
Ep 254 | 드론5 목적지26 |  373스텝 | 배송 26/26 | 재적재  4 | 중계율 0.20 | alpha 1.001 | complete
Ep 255 | 드론6 목적지69 |  498스텝 | 배송 69/69 | 재적재 12 | 중계율 0.14 | alpha 1.005 | complete
Ep 256 | 드론6 목적지33 |  411스텝 | 배송 33/33 | 재적재  3 | 중계율 0.25 | alpha 0.993 | complete
Ep 257 | 드론4 목적지55 | 1000스텝 | 배송 47/55 | 재적재  8 | 중계율 0.37 | alpha 0.982 | step_limit
Ep 258 | 드론5 목적지36 |  758스텝 | 배송 36/36 | 재적재  6 | 중계율 0.28 | alpha 0.978 | complete
Ep 259 | 드론4 목적지79 | 1000스텝 | 배송 78/79 | 재적재 14 | 중계율 0.18 | alpha 0.959 | step_limit
Ep 260 | 드론3 목적지41 |  668스텝 | 배송 41/41 | 재적재  6 | 중계율 0.20 | alpha 0.960 | complete
Ep 261 | 드론6 목적지21 |  266스텝 | 배송 21/21 | 재적재  1 | 중계율 0.20 | alpha 0.959 | complete
Ep 262 | 드론3 목적지43 |  743스텝 | 배송 43/43 | 재적재  7 | 중계율 0.21 | alpha 0.949 | complete
Ep 263 | 드론5 목적지21 |  318스텝 | 배송 21/21 | 재적재  3 | 중계율 0.14 | alpha 0.948 | complete
Ep 264 | 드론6 목적지50 |  608스텝 | 배송 50/50 | 재적재  7 | 중계율 0.19 | alpha 0.948 | complete
Ep 265 | 드론3 목적지35 |  948스텝 | 배송 35/35 | 재적재  5 | 중계율 0.38 | alpha 0.949 | complete
Ep 266 | 드론4 목적지54 |  672스텝 | 배송 54/54 | 재적재  9 | 중계율 0.16 | alpha 0.948 | complete
Ep 267 | 드론5 목적지46 |  434스텝 | 배송 46/46 | 재적재  6 | 중계율 0.10 | alpha 0.946 | complete
Ep 268 | 드론3 목적지33 |  879스텝 | 배송 33/33 | 재적재  6 | 중계율 0.29 | alpha 0.926 | complete
Ep 269 | 드론3 목적지42 | 1000스텝 | 배송 37/42 | 재적재  6 | 중계율 0.28 | alpha 0.930 | step_limit
Ep 270 | 드론4 목적지45 |  783스텝 | 배송 45/45 | 재적재  7 | 중계율 0.23 | alpha 0.939 | complete
Ep 271 | 드론5 목적지37 |  434스텝 | 배송 37/37 | 재적재  6 | 중계율 0.15 | alpha 0.940 | complete
Ep 272 | 드론3 목적지47 |  911스텝 | 배송 47/47 | 재적재  8 | 중계율 0.27 | alpha 0.941 | complete
Ep 273 | 드론6 목적지76 |  572스텝 | 배송 76/76 | 재적재 13 | 중계율 0.12 | alpha 0.945 | complete
Ep 274 | 드론6 목적지29 |  412스텝 | 배송 29/29 | 재적재  4 | 중계율 0.25 | alpha 0.945 | complete
Ep 275 | 드론4 목적지78 | 1000스텝 | 배송 71/78 | 재적재 14 | 중계율 0.25 | alpha 0.945 | step_limit
Ep 276 | 드론5 목적지49 |  762스텝 | 배송 49/49 | 재적재  9 | 중계율 0.15 | alpha 0.940 | complete
Ep 277 | 드론3 목적지67 | 1000스텝 | 배송 64/67 | 재적재 11 | 중계율 0.27 | alpha 0.927 | step_limit
Ep 278 | 드론4 목적지30 |  642스텝 | 배송 30/30 | 재적재  3 | 중계율 0.21 | alpha 0.928 | complete
Ep 279 | 드론6 목적지44 |  447스텝 | 배송 44/44 | 재적재  5 | 중계율 0.10 | alpha 0.923 | complete
Ep 280 | 드론4 목적지32 |  433스텝 | 배송 32/32 | 재적재  4 | 중계율 0.12 | alpha 0.923 | complete
Ep 281 | 드론4 목적지36 |  485스텝 | 배송 36/36 | 재적재  6 | 중계율 0.14 | alpha 0.919 | complete
Ep 282 | 드론4 목적지56 |  637스텝 | 배송 56/56 | 재적재  9 | 중계율 0.15 | alpha 0.911 | complete
Ep 283 | 드론4 목적지75 |  938스텝 | 배송 75/75 | 재적재 13 | 중계율 0.13 | alpha 0.901 | complete
Ep 284 | 드론5 목적지21 |  219스텝 | 배송 21/21 | 재적재  1 | 중계율 0.12 | alpha 0.902 | complete
Ep 285 | 드론6 목적지72 |  515스텝 | 배송 72/72 | 재적재 11 | 중계율 0.11 | alpha 0.888 | complete
Ep 286 | 드론6 목적지78 |  548스텝 | 배송 78/78 | 재적재 14 | 중계율 0.09 | alpha 0.878 | complete
Ep 287 | 드론3 목적지39 |  744스텝 | 배송 39/39 | 재적재  7 | 중계율 0.18 | alpha 0.868 | complete
Ep 288 | 드론4 목적지39 |  568스텝 | 배송 39/39 | 재적재  5 | 중계율 0.17 | alpha 0.859 | complete
Ep 289 | 드론3 목적지49 |  896스텝 | 배송 49/49 | 재적재  8 | 중계율 0.25 | alpha 0.846 | complete
Ep 290 | 드론4 목적지29 |  394스텝 | 배송 29/29 | 재적재  4 | 중계율 0.18 | alpha 0.842 | complete
Ep 291 | 드론5 목적지68 |  573스텝 | 배송 68/68 | 재적재  9 | 중계율 0.15 | alpha 0.845 | complete
Ep 292 | 드론3 목적지69 | 1000스텝 | 배송 64/69 | 재적재 11 | 중계율 0.20 | alpha 0.827 | step_limit
Ep 293 | 드론3 목적지38 |  774스텝 | 배송 38/38 | 재적재  6 | 중계율 0.20 | alpha 0.834 | complete
Ep 294 | 드론5 목적지41 |  656스텝 | 배송 41/41 | 재적재  5 | 중계율 0.16 | alpha 0.832 | complete
Ep 295 | 드론4 목적지35 |  596스텝 | 배송 35/35 | 재적재  5 | 중계율 0.25 | alpha 0.826 | complete
Ep 296 | 드론6 목적지49 |  527스텝 | 배송 49/49 | 재적재  8 | 중계율 0.14 | alpha 0.835 | complete
Ep 297 | 드론4 목적지78 | 1000스텝 | 배송 75/78 | 재적재 13 | 중계율 0.18 | alpha 0.811 | step_limit
Ep 298 | 드론4 목적지73 |  995스텝 | 배송 73/73 | 재적재 14 | 중계율 0.26 | alpha 0.813 | complete
Ep 299 | 드론6 목적지75 |  520스텝 | 배송 75/75 | 재적재 12 | 중계율 0.14 | alpha 0.811 | complete
Ep 300 | 드론4 목적지39 |  562스텝 | 배송 39/39 | 재적재  6 | 중계율 0.18 | alpha 0.801 | complete
  [홀드아웃] 배송 50.0±0.2 완주 0.99 스텝 1060 점수 105.2 재적재 8.3 2홉+ 0.64 | 최고 106.5@ep100 정체 4/15
Ep 301 | 드론3 목적지69 | 1000스텝 | 배송 63/69 | 재적재 11 | 중계율 0.21 | alpha 0.788 | step_limit
Ep 302 | 드론6 목적지60 |  558스텝 | 배송 60/60 | 재적재 10 | 중계율 0.15 | alpha 0.787 | complete
Ep 303 | 드론4 목적지74 | 1000스텝 | 배송 71/74 | 재적재 12 | 중계율 0.19 | alpha 0.770 | step_limit
Ep 304 | 드론4 목적지25 |  325스텝 | 배송 25/25 | 재적재  4 | 중계율 0.11 | alpha 0.768 | complete
Ep 305 | 드론3 목적지75 | 1000스텝 | 배송 64/75 | 재적재 12 | 중계율 0.24 | alpha 0.770 | step_limit
Ep 306 | 드론4 목적지29 |  442스텝 | 배송 29/29 | 재적재  4 | 중계율 0.20 | alpha 0.765 | complete
Ep 307 | 드론6 목적지29 |  233스텝 | 배송 29/29 | 재적재  2 | 중계율 0.12 | alpha 0.764 | complete
Ep 308 | 드론6 목적지35 |  258스텝 | 배송 35/35 | 재적재  5 | 중계율 0.05 | alpha 0.765 | complete
Ep 309 | 드론5 목적지37 |  467스텝 | 배송 37/37 | 재적재  4 | 중계율 0.25 | alpha 0.764 | complete
Ep 310 | 드론3 목적지74 | 1000스텝 | 배송 60/74 | 재적재 11 | 중계율 0.24 | alpha 0.781 | step_limit
Ep 311 | 드론6 목적지42 |  408스텝 | 배송 42/42 | 재적재  4 | 중계율 0.18 | alpha 0.772 | complete
Ep 312 | 드론6 목적지73 |  870스텝 | 배송 73/73 | 재적재 13 | 중계율 0.29 | alpha 0.772 | complete
Ep 313 | 드론4 목적지34 |  985스텝 | 배송 34/34 | 재적재  4 | 중계율 0.30 | alpha 0.738 | complete
Ep 314 | 드론3 목적지26 | 1000스텝 | 배송 25/26 | 재적재  2 | 중계율 0.32 | alpha 0.752 | step_limit
Ep 315 | 드론6 목적지20 |  313스텝 | 배송 20/20 | 재적재  0 | 중계율 0.22 | alpha 0.760 | complete
Ep 316 | 드론5 목적지24 |  226스텝 | 배송 24/24 | 재적재  1 | 중계율 0.08 | alpha 0.760 | complete
Ep 317 | 드론6 목적지23 |  261스텝 | 배송 23/23 | 재적재  1 | 중계율 0.24 | alpha 0.759 | complete
Ep 318 | 드론3 목적지45 | 1000스텝 | 배송 44/45 | 재적재  7 | 중계율 0.23 | alpha 0.727 | step_limit
Ep 319 | 드론6 목적지52 |  476스텝 | 배송 52/52 | 재적재  8 | 중계율 0.15 | alpha 0.718 | complete
Ep 320 | 드론4 목적지25 |  358스텝 | 배송 25/25 | 재적재  3 | 중계율 0.14 | alpha 0.706 | complete
Ep 321 | 드론3 목적지34 |  705스텝 | 배송 34/34 | 재적재  5 | 중계율 0.19 | alpha 0.691 | complete
Ep 322 | 드론3 목적지33 |  969스텝 | 배송 33/33 | 재적재  6 | 중계율 0.21 | alpha 0.684 | complete
Ep 323 | 드론3 목적지35 |  923스텝 | 배송 35/35 | 재적재  6 | 중계율 0.27 | alpha 0.672 | complete
Ep 324 | 드론5 목적지70 |  578스텝 | 배송 70/70 | 재적재 13 | 중계율 0.12 | alpha 0.657 | complete
Ep 325 | 드론3 목적지43 |  978스텝 | 배송 43/43 | 재적재  7 | 중계율 0.22 | alpha 0.644 | complete
Ep 326 | 드론5 목적지42 |  707스텝 | 배송 42/42 | 재적재  6 | 중계율 0.23 | alpha 0.625 | complete
Ep 327 | 드론6 목적지62 |  540스텝 | 배송 62/62 | 재적재 10 | 중계율 0.15 | alpha 0.620 | complete
Ep 328 | 드론3 목적지53 |  751스텝 | 배송 53/53 | 재적재  8 | 중계율 0.19 | alpha 0.614 | complete
Ep 329 | 드론5 목적지31 |  386스텝 | 배송 31/31 | 재적재  5 | 중계율 0.13 | alpha 0.605 | complete
Ep 330 | 드론4 목적지65 |  965스텝 | 배송 65/65 | 재적재 10 | 중계율 0.24 | alpha 0.586 | complete
Ep 331 | 드론3 목적지25 |  513스텝 | 배송 25/25 | 재적재  4 | 중계율 0.16 | alpha 0.583 | complete
Ep 332 | 드론3 목적지79 | 1000스텝 | 배송 58/79 | 재적재 11 | 중계율 0.24 | alpha 0.575 | step_limit
Ep 333 | 드론4 목적지37 |  719스텝 | 배송 37/37 | 재적재  4 | 중계율 0.25 | alpha 0.569 | complete
Ep 334 | 드론3 목적지72 |  884스텝 | 배송 72/72 | 재적재 13 | 중계율 0.18 | alpha 0.575 | complete
Ep 335 | 드론4 목적지23 |  293스텝 | 배송 23/23 | 재적재  3 | 중계율 0.19 | alpha 0.583 | complete
Ep 336 | 드론4 목적지57 |  887스텝 | 배송 57/57 | 재적재 10 | 중계율 0.26 | alpha 0.588 | complete
Ep 337 | 드론4 목적지76 | 1000스텝 | 배송 73/76 | 재적재 12 | 중계율 0.33 | alpha 0.594 | step_limit
Ep 338 | 드론3 목적지30 |  705스텝 | 배송 30/30 | 재적재  4 | 중계율 0.26 | alpha 0.589 | complete
Ep 339 | 드론5 목적지73 |  500스텝 | 배송 73/73 | 재적재 12 | 중계율 0.12 | alpha 0.586 | complete
Ep 340 | 드론6 목적지34 |  286스텝 | 배송 34/34 | 재적재  5 | 중계율 0.11 | alpha 0.581 | complete
Ep 341 | 드론5 목적지26 |  445스텝 | 배송 26/26 | 재적재  4 | 중계율 0.29 | alpha 0.577 | complete
Ep 342 | 드론3 목적지46 |  689스텝 | 배송 46/46 | 재적재  8 | 중계율 0.14 | alpha 0.565 | complete
Ep 343 | 드론3 목적지50 |  968스텝 | 배송 50/50 | 재적재  8 | 중계율 0.25 | alpha 0.566 | complete
Ep 344 | 드론5 목적지28 |  281스텝 | 배송 28/28 | 재적재  4 | 중계율 0.06 | alpha 0.564 | complete
Ep 345 | 드론5 목적지61 |  866스텝 | 배송 61/61 | 재적재 10 | 중계율 0.30 | alpha 0.570 | complete
Ep 346 | 드론3 목적지29 |  775스텝 | 배송 29/29 | 재적재  3 | 중계율 0.32 | alpha 0.575 | complete
Ep 347 | 드론3 목적지42 | 1000스텝 | 배송 40/42 | 재적재  6 | 중계율 0.29 | alpha 0.577 | step_limit
Ep 348 | 드론5 목적지53 |  416스텝 | 배송 53/53 | 재적재  8 | 중계율 0.08 | alpha 0.571 | complete
Ep 349 | 드론4 목적지62 | 1000스텝 | 배송 59/62 | 재적재 11 | 중계율 0.28 | alpha 0.559 | step_limit
Ep 350 | 드론4 목적지79 | 1000스텝 | 배송 76/79 | 재적재 14 | 중계율 0.17 | alpha 0.552 | step_limit
  [홀드아웃] 배송 49.6±1.2 완주 0.88 스텝 1101 점수 93.8 재적재 8.2 2홉+ 0.64 | 최고 106.5@ep100 정체 5/15
Ep 351 | 드론5 목적지65 |  720스텝 | 배송 65/65 | 재적재  9 | 중계율 0.20 | alpha 0.546 | complete
Ep 352 | 드론5 목적지36 |  347스텝 | 배송 36/36 | 재적재  5 | 중계율 0.16 | alpha 0.546 | complete
Ep 353 | 드론4 목적지62 |  843스텝 | 배송 62/62 | 재적재 11 | 중계율 0.15 | alpha 0.540 | complete
Ep 354 | 드론5 목적지35 |  294스텝 | 배송 35/35 | 재적재  5 | 중계율 0.06 | alpha 0.530 | complete
Ep 355 | 드론4 목적지24 |  410스텝 | 배송 24/24 | 재적재  4 | 중계율 0.09 | alpha 0.521 | complete
Ep 356 | 드론5 목적지62 |  846스텝 | 배송 62/62 | 재적재 10 | 중계율 0.27 | alpha 0.507 | complete
Ep 357 | 드론3 목적지21 |  523스텝 | 배송 21/21 | 재적재  3 | 중계율 0.20 | alpha 0.497 | complete
Ep 358 | 드론5 목적지26 |  276스텝 | 배송 26/26 | 재적재  3 | 중계율 0.12 | alpha 0.490 | complete
Ep 359 | 드론3 목적지52 | 1000스텝 | 배송 47/52 | 재적재  8 | 중계율 0.28 | alpha 0.480 | step_limit
Ep 360 | 드론6 목적지52 |  641스텝 | 배송 52/52 | 재적재  8 | 중계율 0.18 | alpha 0.474 | complete
Ep 361 | 드론4 목적지40 |  522스텝 | 배송 40/40 | 재적재  7 | 중계율 0.13 | alpha 0.467 | complete
Ep 362 | 드론6 목적지52 |  731스텝 | 배송 52/52 | 재적재  9 | 중계율 0.22 | alpha 0.458 | complete
Ep 363 | 드론6 목적지64 |  777스텝 | 배송 64/64 | 재적재  9 | 중계율 0.24 | alpha 0.461 | complete
Ep 364 | 드론3 목적지64 | 1000스텝 | 배송 55/64 | 재적재  9 | 중계율 0.25 | alpha 0.462 | step_limit
Ep 365 | 드론5 목적지69 |  649스텝 | 배송 69/69 | 재적재 12 | 중계율 0.17 | alpha 0.459 | complete
Ep 366 | 드론6 목적지61 |  429스텝 | 배송 61/61 | 재적재  9 | 중계율 0.10 | alpha 0.452 | complete
Ep 367 | 드론4 목적지53 |  694스텝 | 배송 53/53 | 재적재  8 | 중계율 0.11 | alpha 0.445 | complete
Ep 368 | 드론6 목적지73 |  513스텝 | 배송 73/73 | 재적재 12 | 중계율 0.08 | alpha 0.445 | complete
Ep 369 | 드론5 목적지30 |  324스텝 | 배송 30/30 | 재적재  4 | 중계율 0.10 | alpha 0.443 | complete
Ep 370 | 드론3 목적지71 | 1000스텝 | 배송 63/71 | 재적재 11 | 중계율 0.19 | alpha 0.430 | step_limit
Ep 371 | 드론4 목적지54 |  986스텝 | 배송 54/54 | 재적재  9 | 중계율 0.25 | alpha 0.429 | complete
Ep 372 | 드론6 목적지80 |  548스텝 | 배송 80/80 | 재적재 13 | 중계율 0.09 | alpha 0.429 | complete
Ep 373 | 드론3 목적지41 |  651스텝 | 배송 41/41 | 재적재  7 | 중계율 0.19 | alpha 0.427 | complete
Ep 374 | 드론3 목적지67 | 1000스텝 | 배송 64/67 | 재적재 11 | 중계율 0.19 | alpha 0.417 | step_limit
Ep 375 | 드론4 목적지62 | 1000스텝 | 배송 60/62 | 재적재 10 | 중계율 0.29 | alpha 0.409 | step_limit
Ep 376 | 드론5 목적지72 |  686스텝 | 배송 72/72 | 재적재 13 | 중계율 0.17 | alpha 0.402 | complete
Ep 377 | 드론6 목적지63 |  573스텝 | 배송 63/63 | 재적재 10 | 중계율 0.21 | alpha 0.400 | complete
Ep 378 | 드론5 목적지74 |  698스텝 | 배송 74/74 | 재적재 13 | 중계율 0.14 | alpha 0.398 | complete
Ep 379 | 드론4 목적지77 |  952스텝 | 배송 77/77 | 재적재 14 | 중계율 0.20 | alpha 0.384 | complete
Ep 380 | 드론4 목적지73 |  796스텝 | 배송 73/73 | 재적재 13 | 중계율 0.12 | alpha 0.381 | complete
Ep 381 | 드론5 목적지20 |  203스텝 | 배송 20/20 | 재적재  2 | 중계율 0.07 | alpha 0.381 | complete
Ep 382 | 드론3 목적지75 | 1000스텝 | 배송 57/75 | 재적재  9 | 중계율 0.21 | alpha 0.377 | step_limit
Ep 383 | 드론4 목적지52 |  808스텝 | 배송 52/52 | 재적재  9 | 중계율 0.23 | alpha 0.376 | complete
Ep 384 | 드론3 목적지77 | 1000스텝 | 배송 73/77 | 재적재 14 | 중계율 0.22 | alpha 0.372 | step_limit
Ep 385 | 드론3 목적지62 | 1000스텝 | 배송 53/62 | 재적재 10 | 중계율 0.28 | alpha 0.362 | step_limit
Ep 386 | 드론4 목적지80 | 1000스텝 | 배송 70/80 | 재적재 11 | 중계율 0.30 | alpha 0.354 | step_limit
Ep 387 | 드론4 목적지31 |  533스텝 | 배송 31/31 | 재적재  4 | 중계율 0.11 | alpha 0.354 | complete
Ep 388 | 드론4 목적지33 |  711스텝 | 배송 33/33 | 재적재  6 | 중계율 0.24 | alpha 0.349 | complete
Ep 389 | 드론5 목적지72 |  907스텝 | 배송 72/72 | 재적재 13 | 중계율 0.24 | alpha 0.343 | complete
Ep 390 | 드론5 목적지71 |  589스텝 | 배송 71/71 | 재적재 12 | 중계율 0.15 | alpha 0.336 | complete
Ep 391 | 드론5 목적지50 |  642스텝 | 배송 50/50 | 재적재  8 | 중계율 0.11 | alpha 0.326 | complete
Ep 392 | 드론6 목적지71 |  519스텝 | 배송 71/71 | 재적재 11 | 중계율 0.11 | alpha 0.317 | complete
Ep 393 | 드론6 목적지21 |  173스텝 | 배송 21/21 | 재적재  0 | 중계율 0.22 | alpha 0.314 | complete
Ep 394 | 드론6 목적지60 |  822스텝 | 배송 60/60 | 재적재 10 | 중계율 0.21 | alpha 0.309 | complete
Ep 395 | 드론5 목적지55 |  669스텝 | 배송 55/55 | 재적재  9 | 중계율 0.11 | alpha 0.304 | complete
Ep 396 | 드론5 목적지71 |  569스텝 | 배송 71/71 | 재적재 12 | 중계율 0.09 | alpha 0.299 | complete
Ep 397 | 드론4 목적지36 |  522스텝 | 배송 36/36 | 재적재  6 | 중계율 0.14 | alpha 0.295 | complete
Ep 398 | 드론4 목적지52 |  848스텝 | 배송 52/52 | 재적재  9 | 중계율 0.14 | alpha 0.288 | complete
Ep 399 | 드론3 목적지46 |  896스텝 | 배송 46/46 | 재적재  8 | 중계율 0.22 | alpha 0.276 | complete
Ep 400 | 드론4 목적지34 |  409스텝 | 배송 34/34 | 재적재  4 | 중계율 0.19 | alpha 0.272 | complete
  [홀드아웃] 배송 49.6±1.6 완주 0.88 스텝 1127 점수 93.7 재적재 7.9 2홉+ 0.63 | 최고 106.5@ep100 정체 6/15
Ep 401 | 드론3 목적지38 |  783스텝 | 배송 38/38 | 재적재  6 | 중계율 0.24 | alpha 0.264 | complete
Ep 402 | 드론5 목적지36 |  526스텝 | 배송 36/36 | 재적재  5 | 중계율 0.19 | alpha 0.260 | complete
Ep 403 | 드론4 목적지73 | 1000스텝 | 배송 65/73 | 재적재 11 | 중계율 0.15 | alpha 0.251 | step_limit
Ep 404 | 드론5 목적지70 |  922스텝 | 배송 70/70 | 재적재 12 | 중계율 0.24 | alpha 0.244 | complete
Ep 405 | 드론3 목적지25 |  579스텝 | 배송 25/25 | 재적재  3 | 중계율 0.27 | alpha 0.243 | complete
Ep 406 | 드론6 목적지58 |  577스텝 | 배송 58/58 | 재적재 10 | 중계율 0.16 | alpha 0.242 | complete
Ep 407 | 드론5 목적지70 |  642스텝 | 배송 70/70 | 재적재 12 | 중계율 0.17 | alpha 0.239 | complete
Ep 408 | 드론4 목적지40 |  540스텝 | 배송 40/40 | 재적재  6 | 중계율 0.09 | alpha 0.239 | complete
Ep 409 | 드론3 목적지30 |  634스텝 | 배송 30/30 | 재적재  5 | 중계율 0.23 | alpha 0.236 | complete
Ep 410 | 드론3 목적지63 | 1000스텝 | 배송 62/63 | 재적재 12 | 중계율 0.23 | alpha 0.237 | step_limit
Ep 411 | 드론3 목적지48 |  991스텝 | 배송 48/48 | 재적재  9 | 중계율 0.24 | alpha 0.238 | complete
Ep 412 | 드론5 목적지34 |  500스텝 | 배송 34/34 | 재적재  4 | 중계율 0.20 | alpha 0.237 | complete
Ep 413 | 드론4 목적지22 |  343스텝 | 배송 22/22 | 재적재  3 | 중계율 0.20 | alpha 0.238 | complete
Ep 414 | 드론3 목적지51 | 1000스텝 | 배송 50/51 | 재적재  8 | 중계율 0.31 | alpha 0.236 | step_limit
Ep 415 | 드론6 목적지45 |  413스텝 | 배송 45/45 | 재적재  6 | 중계율 0.22 | alpha 0.237 | complete
Ep 416 | 드론4 목적지60 |  869스텝 | 배송 60/60 | 재적재 10 | 중계율 0.21 | alpha 0.237 | complete
Ep 417 | 드론3 목적지43 |  876스텝 | 배송 43/43 | 재적재  8 | 중계율 0.27 | alpha 0.236 | complete
Ep 418 | 드론5 목적지75 |  907스텝 | 배송 75/75 | 재적재 14 | 중계율 0.21 | alpha 0.236 | complete
Ep 419 | 드론6 목적지60 |  569스텝 | 배송 60/60 | 재적재  9 | 중계율 0.17 | alpha 0.234 | complete
Ep 420 | 드론3 목적지22 |  640스텝 | 배송 22/22 | 재적재  3 | 중계율 0.24 | alpha 0.230 | complete
Ep 421 | 드론5 목적지40 | 1000스텝 | 배송 33/40 | 재적재  6 | 중계율 0.26 | alpha 0.230 | step_limit
Ep 422 | 드론6 목적지52 |  562스텝 | 배송 52/52 | 재적재  7 | 중계율 0.15 | alpha 0.229 | complete
Ep 423 | 드론4 목적지29 |  408스텝 | 배송 29/29 | 재적재  4 | 중계율 0.13 | alpha 0.229 | complete
Ep 424 | 드론4 목적지29 |  390스텝 | 배송 29/29 | 재적재  4 | 중계율 0.09 | alpha 0.230 | complete
Ep 425 | 드론3 목적지80 | 1000스텝 | 배송 67/80 | 재적재 13 | 중계율 0.25 | alpha 0.236 | step_limit
Ep 426 | 드론5 목적지78 |  690스텝 | 배송 78/78 | 재적재 12 | 중계율 0.12 | alpha 0.238 | complete
Ep 427 | 드론4 목적지46 |  738스텝 | 배송 46/46 | 재적재  7 | 중계율 0.23 | alpha 0.239 | complete
Ep 428 | 드론5 목적지72 |  736스텝 | 배송 72/72 | 재적재 12 | 중계율 0.15 | alpha 0.241 | complete
Ep 429 | 드론4 목적지72 | 1000스텝 | 배송 61/72 | 재적재 12 | 중계율 0.30 | alpha 0.249 | step_limit
Ep 430 | 드론3 목적지78 | 1000스텝 | 배송 59/78 | 재적재 10 | 중계율 0.24 | alpha 0.253 | step_limit
Ep 431 | 드론4 목적지23 |  353스텝 | 배송 23/23 | 재적재  2 | 중계율 0.20 | alpha 0.254 | complete
Ep 432 | 드론6 목적지41 |  435스텝 | 배송 41/41 | 재적재  6 | 중계율 0.10 | alpha 0.256 | complete
Ep 433 | 드론3 목적지66 | 1000스텝 | 배송 65/66 | 재적재 10 | 중계율 0.23 | alpha 0.259 | step_limit
Ep 434 | 드론5 목적지62 |  589스텝 | 배송 62/62 | 재적재 10 | 중계율 0.17 | alpha 0.263 | complete
Ep 435 | 드론3 목적지32 |  848스텝 | 배송 32/32 | 재적재  6 | 중계율 0.27 | alpha 0.273 | complete
Ep 436 | 드론6 목적지65 |  528스텝 | 배송 65/65 | 재적재 12 | 중계율 0.12 | alpha 0.276 | complete
Ep 437 | 드론5 목적지61 |  603스텝 | 배송 61/61 | 재적재 10 | 중계율 0.09 | alpha 0.279 | complete
Ep 438 | 드론3 목적지37 |  807스텝 | 배송 37/37 | 재적재  6 | 중계율 0.24 | alpha 0.281 | complete
Ep 439 | 드론5 목적지49 |  687스텝 | 배송 49/49 | 재적재  7 | 중계율 0.18 | alpha 0.282 | complete
Ep 440 | 드론4 목적지42 |  600스텝 | 배송 42/42 | 재적재  7 | 중계율 0.17 | alpha 0.286 | complete
Ep 441 | 드론3 목적지54 | 1000스텝 | 배송 52/54 | 재적재  9 | 중계율 0.27 | alpha 0.290 | step_limit
Ep 442 | 드론6 목적지41 |  375스텝 | 배송 41/41 | 재적재  5 | 중계율 0.11 | alpha 0.294 | complete
Ep 443 | 드론4 목적지61 |  879스텝 | 배송 61/61 | 재적재 11 | 중계율 0.26 | alpha 0.298 | complete
Ep 444 | 드론4 목적지55 |  811스텝 | 배송 55/55 | 재적재  9 | 중계율 0.19 | alpha 0.299 | complete
Ep 445 | 드론3 목적지49 |  825스텝 | 배송 49/49 | 재적재  8 | 중계율 0.27 | alpha 0.298 | complete
Ep 446 | 드론6 목적지72 |  515스텝 | 배송 72/72 | 재적재 11 | 중계율 0.17 | alpha 0.299 | complete
Ep 447 | 드론6 목적지40 |  493스텝 | 배송 40/40 | 재적재  6 | 중계율 0.17 | alpha 0.295 | complete
Ep 448 | 드론4 목적지71 | 1000스텝 | 배송 65/71 | 재적재 11 | 중계율 0.32 | alpha 0.293 | step_limit
Ep 449 | 드론5 목적지26 |  422스텝 | 배송 26/26 | 재적재  3 | 중계율 0.18 | alpha 0.290 | complete
Ep 450 | 드론3 목적지56 | 1000스텝 | 배송 55/56 | 재적재 10 | 중계율 0.30 | alpha 0.290 | step_limit
  [홀드아웃] 배송 49.3±2.4 완주 0.88 스텝 1100 점수 93.8 재적재 8.0 2홉+ 0.62 | 최고 106.5@ep100 정체 7/15
Ep 451 | 드론6 목적지51 |  543스텝 | 배송 51/51 | 재적재  8 | 중계율 0.21 | alpha 0.293 | complete
Ep 452 | 드론3 목적지34 |  685스텝 | 배송 34/34 | 재적재  5 | 중계율 0.15 | alpha 0.299 | complete
Ep 453 | 드론5 목적지47 |  554스텝 | 배송 47/47 | 재적재  7 | 중계율 0.15 | alpha 0.303 | complete
Ep 454 | 드론6 목적지70 |  600스텝 | 배송 70/70 | 재적재 12 | 중계율 0.14 | alpha 0.303 | complete
Ep 455 | 드론5 목적지44 |  508스텝 | 배송 44/44 | 재적재  7 | 중계율 0.24 | alpha 0.303 | complete
Ep 456 | 드론6 목적지49 |  398스텝 | 배송 49/49 | 재적재  7 | 중계율 0.10 | alpha 0.305 | complete
Ep 457 | 드론6 목적지56 |  421스텝 | 배송 56/56 | 재적재  8 | 중계율 0.11 | alpha 0.304 | complete
Ep 458 | 드론6 목적지42 |  640스텝 | 배송 42/42 | 재적재  7 | 중계율 0.23 | alpha 0.300 | complete
Ep 459 | 드론3 목적지45 |  648스텝 | 배송 45/45 | 재적재  8 | 중계율 0.13 | alpha 0.299 | complete
Ep 460 | 드론5 목적지73 | 1000스텝 | 배송 69/73 | 재적재 13 | 중계율 0.21 | alpha 0.302 | step_limit
Ep 461 | 드론3 목적지30 |  740스텝 | 배송 30/30 | 재적재  4 | 중계율 0.33 | alpha 0.303 | complete
Ep 462 | 드론4 목적지64 |  864스텝 | 배송 64/64 | 재적재 11 | 중계율 0.21 | alpha 0.307 | complete
Ep 463 | 드론4 목적지63 | 1000스텝 | 배송 57/63 | 재적재  9 | 중계율 0.31 | alpha 0.308 | step_limit
Ep 464 | 드론3 목적지68 | 1000스텝 | 배송 65/68 | 재적재 11 | 중계율 0.26 | alpha 0.316 | step_limit
Ep 465 | 드론6 목적지63 |  607스텝 | 배송 63/63 | 재적재  9 | 중계율 0.19 | alpha 0.317 | complete
Ep 466 | 드론5 목적지65 |  859스텝 | 배송 65/65 | 재적재 11 | 중계율 0.20 | alpha 0.322 | complete
Ep 467 | 드론5 목적지57 |  657스텝 | 배송 57/57 | 재적재 10 | 중계율 0.16 | alpha 0.326 | complete
Ep 468 | 드론3 목적지35 |  584스텝 | 배송 35/35 | 재적재  5 | 중계율 0.23 | alpha 0.326 | complete
Ep 469 | 드론4 목적지46 | 1000스텝 | 배송 45/46 | 재적재  6 | 중계율 0.39 | alpha 0.319 | step_limit
Ep 470 | 드론6 목적지53 |  501스텝 | 배송 53/53 | 재적재  9 | 중계율 0.15 | alpha 0.323 | complete
Ep 471 | 드론6 목적지45 |  364스텝 | 배송 45/45 | 재적재  6 | 중계율 0.13 | alpha 0.323 | complete
Ep 472 | 드론4 목적지53 |  822스텝 | 배송 53/53 | 재적재  8 | 중계율 0.29 | alpha 0.327 | complete
Ep 473 | 드론5 목적지71 |  661스텝 | 배송 71/71 | 재적재 13 | 중계율 0.16 | alpha 0.332 | complete
Ep 474 | 드론5 목적지25 |  564스텝 | 배송 25/25 | 재적재  3 | 중계율 0.17 | alpha 0.332 | complete
Ep 475 | 드론5 목적지40 |  484스텝 | 배송 40/40 | 재적재  5 | 중계율 0.14 | alpha 0.333 | complete
Ep 476 | 드론3 목적지33 |  907스텝 | 배송 33/33 | 재적재  6 | 중계율 0.32 | alpha 0.341 | complete
Ep 477 | 드론3 목적지21 |  772스텝 | 배송 21/21 | 재적재  3 | 중계율 0.23 | alpha 0.344 | complete
Ep 478 | 드론5 목적지22 |  331스텝 | 배송 22/22 | 재적재  2 | 중계율 0.16 | alpha 0.345 | complete
Ep 479 | 드론6 목적지41 |  689스텝 | 배송 41/41 | 재적재  5 | 중계율 0.28 | alpha 0.347 | complete
Ep 480 | 드론4 목적지57 |  579스텝 | 배송 57/57 | 재적재  9 | 중계율 0.18 | alpha 0.349 | complete
Ep 481 | 드론3 목적지66 | 1000스텝 | 배송 58/66 | 재적재 10 | 중계율 0.26 | alpha 0.357 | step_limit
Ep 482 | 드론5 목적지76 |  753스텝 | 배송 76/76 | 재적재 12 | 중계율 0.17 | alpha 0.362 | complete
Ep 483 | 드론4 목적지28 |  481스텝 | 배송 28/28 | 재적재  5 | 중계율 0.16 | alpha 0.363 | complete
Ep 484 | 드론6 목적지35 |  342스텝 | 배송 35/35 | 재적재  5 | 중계율 0.09 | alpha 0.363 | complete
Ep 485 | 드론6 목적지44 |  402스텝 | 배송 44/44 | 재적재  6 | 중계율 0.19 | alpha 0.364 | complete
Ep 486 | 드론6 목적지75 |  509스텝 | 배송 75/75 | 재적재 13 | 중계율 0.11 | alpha 0.365 | complete
Ep 487 | 드론4 목적지75 | 1000스텝 | 배송 70/75 | 재적재 12 | 중계율 0.16 | alpha 0.363 | step_limit
Ep 488 | 드론5 목적지60 |  651스텝 | 배송 60/60 | 재적재 10 | 중계율 0.19 | alpha 0.365 | complete
Ep 489 | 드론4 목적지80 | 1000스텝 | 배송 78/80 | 재적재 14 | 중계율 0.14 | alpha 0.366 | step_limit
Ep 490 | 드론3 목적지30 |  634스텝 | 배송 30/30 | 재적재  5 | 중계율 0.20 | alpha 0.363 | complete
Ep 491 | 드론4 목적지59 |  807스텝 | 배송 59/59 | 재적재  8 | 중계율 0.23 | alpha 0.368 | complete
Ep 492 | 드론3 목적지74 | 1000스텝 | 배송 60/74 | 재적재 11 | 중계율 0.28 | alpha 0.368 | step_limit
Ep 493 | 드론3 목적지47 |  912스텝 | 배송 47/47 | 재적재  8 | 중계율 0.28 | alpha 0.370 | complete
Ep 494 | 드론4 목적지52 |  704스텝 | 배송 52/52 | 재적재  9 | 중계율 0.19 | alpha 0.373 | complete
Ep 495 | 드론4 목적지54 |  851스텝 | 배송 54/54 | 재적재 10 | 중계율 0.22 | alpha 0.375 | complete
Ep 496 | 드론6 목적지56 |  495스텝 | 배송 56/56 | 재적재  8 | 중계율 0.11 | alpha 0.373 | complete
Ep 497 | 드론6 목적지73 |  672스텝 | 배송 73/73 | 재적재 12 | 중계율 0.18 | alpha 0.376 | complete
Ep 498 | 드론4 목적지22 |  276스텝 | 배송 22/22 | 재적재  3 | 중계율 0.12 | alpha 0.376 | complete
Ep 499 | 드론6 목적지55 |  563스텝 | 배송 55/55 | 재적재 10 | 중계율 0.17 | alpha 0.376 | complete
Ep 500 | 드론3 목적지55 |  895스텝 | 배송 55/55 | 재적재  9 | 중계율 0.29 | alpha 0.376 | complete
  [홀드아웃] 배송 49.6±1.9 완주 0.94 스텝 1024 점수 100.3 재적재 8.1 2홉+ 0.62 | 최고 106.5@ep100 정체 8/15
Ep 501 | 드론6 목적지25 |  335스텝 | 배송 25/25 | 재적재  1 | 중계율 0.09 | alpha 0.379 | complete
Ep 502 | 드론3 목적지53 | 1000스텝 | 배송 49/53 | 재적재  9 | 중계율 0.30 | alpha 0.383 | step_limit
Ep 503 | 드론5 목적지73 |  732스텝 | 배송 73/73 | 재적재 13 | 중계율 0.19 | alpha 0.387 | complete
Ep 504 | 드론3 목적지60 | 1000스텝 | 배송 54/60 | 재적재 10 | 중계율 0.24 | alpha 0.380 | step_limit
Ep 505 | 드론4 목적지72 | 1000스텝 | 배송 71/72 | 재적재 12 | 중계율 0.23 | alpha 0.380 | step_limit
Ep 506 | 드론4 목적지76 | 1000스텝 | 배송 75/76 | 재적재 12 | 중계율 0.26 | alpha 0.375 | step_limit
Ep 507 | 드론6 목적지79 |  599스텝 | 배송 79/79 | 재적재 13 | 중계율 0.15 | alpha 0.372 | complete
Ep 508 | 드론6 목적지38 |  398스텝 | 배송 38/38 | 재적재  4 | 중계율 0.16 | alpha 0.372 | complete
Ep 509 | 드론4 목적지52 |  649스텝 | 배송 52/52 | 재적재  9 | 중계율 0.13 | alpha 0.373 | complete
Ep 510 | 드론4 목적지42 |  523스텝 | 배송 42/42 | 재적재  7 | 중계율 0.12 | alpha 0.371 | complete
Ep 511 | 드론4 목적지21 |  326스텝 | 배송 21/21 | 재적재  3 | 중계율 0.18 | alpha 0.370 | complete
Ep 512 | 드론4 목적지23 |  428스텝 | 배송 23/23 | 재적재  3 | 중계율 0.22 | alpha 0.371 | complete
Ep 513 | 드론3 목적지66 | 1000스텝 | 배송 62/66 | 재적재 11 | 중계율 0.23 | alpha 0.371 | step_limit
Ep 514 | 드론4 목적지38 |  602스텝 | 배송 38/38 | 재적재  6 | 중계율 0.23 | alpha 0.365 | complete
Ep 515 | 드론5 목적지23 |  358스텝 | 배송 23/23 | 재적재  3 | 중계율 0.23 | alpha 0.367 | complete
Ep 516 | 드론5 목적지34 |  408스텝 | 배송 34/34 | 재적재  4 | 중계율 0.17 | alpha 0.366 | complete
Ep 517 | 드론4 목적지73 | 1000스텝 | 배송 68/73 | 재적재 12 | 중계율 0.33 | alpha 0.370 | step_limit
Ep 518 | 드론5 목적지43 |  609스텝 | 배송 43/43 | 재적재  8 | 중계율 0.11 | alpha 0.368 | complete
Ep 519 | 드론4 목적지65 | 1000스텝 | 배송 62/65 | 재적재 12 | 중계율 0.28 | alpha 0.371 | step_limit
Ep 520 | 드론5 목적지55 |  889스텝 | 배송 55/55 | 재적재 10 | 중계율 0.24 | alpha 0.373 | complete
Ep 521 | 드론4 목적지62 |  803스텝 | 배송 62/62 | 재적재 10 | 중계율 0.19 | alpha 0.367 | complete
Ep 522 | 드론6 목적지37 |  467스텝 | 배송 37/37 | 재적재  5 | 중계율 0.17 | alpha 0.365 | complete
Ep 523 | 드론6 목적지66 |  548스텝 | 배송 66/66 | 재적재  9 | 중계율 0.14 | alpha 0.367 | complete
Ep 524 | 드론4 목적지57 |  723스텝 | 배송 57/57 | 재적재 10 | 중계율 0.15 | alpha 0.368 | complete
Ep 525 | 드론4 목적지39 |  521스텝 | 배송 39/39 | 재적재  6 | 중계율 0.12 | alpha 0.368 | complete
Ep 526 | 드론5 목적지73 |  747스텝 | 배송 73/73 | 재적재 13 | 중계율 0.18 | alpha 0.363 | complete
Ep 527 | 드론6 목적지58 |  540스텝 | 배송 58/58 | 재적재  9 | 중계율 0.15 | alpha 0.362 | complete
Ep 528 | 드론5 목적지46 |  382스텝 | 배송 46/46 | 재적재  6 | 중계율 0.12 | alpha 0.360 | complete
Ep 529 | 드론6 목적지20 |  199스텝 | 배송 20/20 | 재적재  0 | 중계율 0.13 | alpha 0.358 | complete
Ep 530 | 드론6 목적지72 |  689스텝 | 배송 72/72 | 재적재 11 | 중계율 0.20 | alpha 0.355 | complete
Ep 531 | 드론3 목적지21 |  479스텝 | 배송 21/21 | 재적재  3 | 중계율 0.18 | alpha 0.352 | complete
Ep 532 | 드론5 목적지32 |  517스텝 | 배송 32/32 | 재적재  3 | 중계율 0.23 | alpha 0.348 | complete
Ep 533 | 드론4 목적지79 |  973스텝 | 배송 79/79 | 재적재 13 | 중계율 0.26 | alpha 0.342 | complete
Ep 534 | 드론6 목적지56 |  522스텝 | 배송 56/56 | 재적재  9 | 중계율 0.18 | alpha 0.340 | complete
Ep 535 | 드론3 목적지68 | 1000스텝 | 배송 64/68 | 재적재 10 | 중계율 0.31 | alpha 0.342 | step_limit
Ep 536 | 드론5 목적지57 | 1000스텝 | 배송 54/57 | 재적재  9 | 중계율 0.27 | alpha 0.342 | step_limit
Ep 537 | 드론4 목적지49 | 1000스텝 | 배송 47/49 | 재적재  8 | 중계율 0.30 | alpha 0.335 | step_limit
Ep 538 | 드론4 목적지38 |  755스텝 | 배송 38/38 | 재적재  5 | 중계율 0.31 | alpha 0.334 | complete
Ep 539 | 드론5 목적지79 |  684스텝 | 배송 79/79 | 재적재 13 | 중계율 0.16 | alpha 0.334 | complete
Ep 540 | 드론6 목적지70 |  486스텝 | 배송 70/70 | 재적재 11 | 중계율 0.13 | alpha 0.334 | complete
Ep 541 | 드론5 목적지77 |  721스텝 | 배송 77/77 | 재적재 13 | 중계율 0.13 | alpha 0.334 | complete
Ep 542 | 드론5 목적지53 |  688스텝 | 배송 53/53 | 재적재 10 | 중계율 0.23 | alpha 0.335 | complete
Ep 543 | 드론3 목적지49 |  980스텝 | 배송 49/49 | 재적재  9 | 중계율 0.26 | alpha 0.342 | complete
Ep 544 | 드론6 목적지68 |  602스텝 | 배송 68/68 | 재적재 12 | 중계율 0.17 | alpha 0.345 | complete
Ep 545 | 드론6 목적지56 |  706스텝 | 배송 56/56 | 재적재  9 | 중계율 0.20 | alpha 0.346 | complete
Ep 546 | 드론6 목적지75 |  695스텝 | 배송 75/75 | 재적재 14 | 중계율 0.11 | alpha 0.341 | complete
Ep 547 | 드론4 목적지71 | 1000스텝 | 배송 61/71 | 재적재 12 | 중계율 0.25 | alpha 0.336 | step_limit
Ep 548 | 드론4 목적지80 |  904스텝 | 배송 80/80 | 재적재 14 | 중계율 0.17 | alpha 0.333 | complete
Ep 549 | 드론5 목적지38 |  332스텝 | 배송 38/38 | 재적재  5 | 중계율 0.11 | alpha 0.332 | complete
Ep 550 | 드론5 목적지49 |  408스텝 | 배송 49/49 | 재적재  7 | 중계율 0.12 | alpha 0.329 | complete
  [홀드아웃] 배송 50.0±0.3 완주 0.99 스텝 1043 점수 105.3 재적재 8.1 2홉+ 0.62 | 최고 106.5@ep100 정체 9/15
Ep 551 | 드론3 목적지56 | 1000스텝 | 배송 53/56 | 재적재  8 | 중계율 0.27 | alpha 0.327 | step_limit
Ep 552 | 드론6 목적지27 |  302스텝 | 배송 27/27 | 재적재  1 | 중계율 0.22 | alpha 0.327 | complete
Ep 553 | 드론3 목적지46 |  775스텝 | 배송 46/46 | 재적재  8 | 중계율 0.19 | alpha 0.324 | complete
Ep 554 | 드론5 목적지72 |  698스텝 | 배송 72/72 | 재적재 12 | 중계율 0.12 | alpha 0.325 | complete
Ep 555 | 드론3 목적지68 | 1000스텝 | 배송 57/68 | 재적재 10 | 중계율 0.31 | alpha 0.332 | step_limit
Ep 556 | 드론4 목적지30 |  440스텝 | 배송 30/30 | 재적재  3 | 중계율 0.17 | alpha 0.330 | complete
Ep 557 | 드론4 목적지46 |  709스텝 | 배송 46/46 | 재적재  7 | 중계율 0.14 | alpha 0.333 | complete
Ep 558 | 드론5 목적지66 | 1000스텝 | 배송 59/66 | 재적재 10 | 중계율 0.30 | alpha 0.334 | step_limit
Ep 559 | 드론6 목적지78 |  753스텝 | 배송 78/78 | 재적재 14 | 중계율 0.18 | alpha 0.335 | complete
Ep 560 | 드론3 목적지22 |  652스텝 | 배송 22/22 | 재적재  3 | 중계율 0.23 | alpha 0.334 | complete
Ep 561 | 드론4 목적지29 |  343스텝 | 배송 29/29 | 재적재  3 | 중계율 0.13 | alpha 0.338 | complete
Ep 562 | 드론5 목적지71 |  809스텝 | 배송 71/71 | 재적재 12 | 중계율 0.09 | alpha 0.338 | complete
Ep 563 | 드론6 목적지61 |  653스텝 | 배송 61/61 | 재적재  9 | 중계율 0.21 | alpha 0.338 | complete
Ep 564 | 드론6 목적지44 |  343스텝 | 배송 44/44 | 재적재  5 | 중계율 0.10 | alpha 0.334 | complete
Ep 565 | 드론6 목적지21 |  203스텝 | 배송 21/21 | 재적재  0 | 중계율 0.21 | alpha 0.332 | complete
Ep 566 | 드론5 목적지23 |  279스텝 | 배송 23/23 | 재적재  2 | 중계율 0.10 | alpha 0.330 | complete
Ep 567 | 드론6 목적지57 |  615스텝 | 배송 57/57 | 재적재  9 | 중계율 0.09 | alpha 0.326 | complete
Ep 568 | 드론6 목적지23 |  236스텝 | 배송 23/23 | 재적재  0 | 중계율 0.17 | alpha 0.325 | complete
Ep 569 | 드론5 목적지79 |  815스텝 | 배송 79/79 | 재적재 13 | 중계율 0.22 | alpha 0.322 | complete
Ep 570 | 드론5 목적지70 |  685스텝 | 배송 70/70 | 재적재 12 | 중계율 0.15 | alpha 0.318 | complete
Ep 571 | 드론6 목적지78 |  502스텝 | 배송 78/78 | 재적재 13 | 중계율 0.09 | alpha 0.317 | complete
Ep 572 | 드론5 목적지70 |  618스텝 | 배송 70/70 | 재적재 13 | 중계율 0.13 | alpha 0.309 | complete
Ep 573 | 드론3 목적지77 | 1000스텝 | 배송 70/77 | 재적재 12 | 중계율 0.22 | alpha 0.309 | step_limit
Ep 574 | 드론5 목적지34 |  412스텝 | 배송 34/34 | 재적재  5 | 중계율 0.16 | alpha 0.308 | complete
Ep 575 | 드론3 목적지21 |  575스텝 | 배송 21/21 | 재적재  4 | 중계율 0.21 | alpha 0.305 | complete
Ep 576 | 드론4 목적지39 |  426스텝 | 배송 39/39 | 재적재  6 | 중계율 0.12 | alpha 0.306 | complete
Ep 577 | 드론6 목적지53 |  696스텝 | 배송 53/53 | 재적재  9 | 중계율 0.20 | alpha 0.310 | complete
Ep 578 | 드론5 목적지29 |  283스텝 | 배송 29/29 | 재적재  4 | 중계율 0.12 | alpha 0.311 | complete
Ep 579 | 드론4 목적지67 |  832스텝 | 배송 67/67 | 재적재 12 | 중계율 0.21 | alpha 0.314 | complete
Ep 580 | 드론5 목적지39 |  522스텝 | 배송 39/39 | 재적재  6 | 중계율 0.19 | alpha 0.314 | complete
Ep 581 | 드론4 목적지25 |  917스텝 | 배송 24/25 | 재적재  4 | 중계율 0.41 | alpha 0.317 | no_progress
Ep 582 | 드론3 목적지27 |  561스텝 | 배송 27/27 | 재적재  4 | 중계율 0.16 | alpha 0.314 | complete
Ep 583 | 드론3 목적지67 |  984스텝 | 배송 67/67 | 재적재 11 | 중계율 0.25 | alpha 0.309 | complete
Ep 584 | 드론5 목적지70 |  792스텝 | 배송 70/70 | 재적재 12 | 중계율 0.22 | alpha 0.314 | complete
Ep 585 | 드론3 목적지50 |  808스텝 | 배송 50/50 | 재적재  8 | 중계율 0.19 | alpha 0.315 | complete
Ep 586 | 드론3 목적지55 | 1000스텝 | 배송 49/55 | 재적재  9 | 중계율 0.30 | alpha 0.313 | step_limit
Ep 587 | 드론6 목적지46 |  524스텝 | 배송 46/46 | 재적재  8 | 중계율 0.16 | alpha 0.307 | complete
Ep 588 | 드론3 목적지39 | 1000스텝 | 배송 38/39 | 재적재  6 | 중계율 0.31 | alpha 0.304 | step_limit
Ep 589 | 드론6 목적지48 |  460스텝 | 배송 48/48 | 재적재  7 | 중계율 0.14 | alpha 0.303 | complete
Ep 590 | 드론4 목적지55 |  751스텝 | 배송 55/55 | 재적재  9 | 중계율 0.18 | alpha 0.306 | complete
Ep 591 | 드론3 목적지70 | 1000스텝 | 배송 59/70 | 재적재 11 | 중계율 0.21 | alpha 0.308 | step_limit
Ep 592 | 드론3 목적지45 |  990스텝 | 배송 45/45 | 재적재  7 | 중계율 0.29 | alpha 0.313 | complete
Ep 593 | 드론4 목적지27 |  486스텝 | 배송 27/27 | 재적재  4 | 중계율 0.10 | alpha 0.314 | complete
Ep 594 | 드론4 목적지77 | 1000스텝 | 배송 60/77 | 재적재 11 | 중계율 0.35 | alpha 0.321 | step_limit
Ep 595 | 드론5 목적지64 |  741스텝 | 배송 64/64 | 재적재 11 | 중계율 0.24 | alpha 0.323 | complete
Ep 596 | 드론3 목적지66 | 1000스텝 | 배송 59/66 | 재적재  9 | 중계율 0.29 | alpha 0.334 | step_limit
Ep 597 | 드론5 목적지31 |  578스텝 | 배송 31/31 | 재적재  3 | 중계율 0.25 | alpha 0.337 | complete
Ep 598 | 드론5 목적지64 |  876스텝 | 배송 64/64 | 재적재 11 | 중계율 0.18 | alpha 0.347 | complete
Ep 599 | 드론3 목적지39 |  852스텝 | 배송 39/39 | 재적재  6 | 중계율 0.32 | alpha 0.357 | complete
Ep 600 | 드론6 목적지80 |  597스텝 | 배송 80/80 | 재적재 14 | 중계율 0.14 | alpha 0.362 | complete
  [홀드아웃] 배송 49.4±3.2 완주 0.95 스텝 1049 점수 101.5 재적재 8.1 2홉+ 0.63 | 최고 106.5@ep100 정체 10/15
Ep 601 | 드론4 목적지28 |  441스텝 | 배송 28/28 | 재적재  3 | 중계율 0.15 | alpha 0.360 | complete
Ep 602 | 드론4 목적지78 |  994스텝 | 배송 78/78 | 재적재 15 | 중계율 0.17 | alpha 0.357 | complete
Ep 603 | 드론4 목적지64 | 1000스텝 | 배송 57/64 | 재적재  9 | 중계율 0.28 | alpha 0.353 | step_limit
Ep 604 | 드론5 목적지68 |  591스텝 | 배송 68/68 | 재적재 11 | 중계율 0.14 | alpha 0.350 | complete
Ep 605 | 드론5 목적지55 | 1000스텝 | 배송 51/55 | 재적재  8 | 중계율 0.27 | alpha 0.353 | step_limit
Ep 606 | 드론6 목적지69 |  473스텝 | 배송 69/69 | 재적재 11 | 중계율 0.10 | alpha 0.354 | complete
Ep 607 | 드론3 목적지31 |  782스텝 | 배송 31/31 | 재적재  5 | 중계율 0.27 | alpha 0.358 | complete
Ep 608 | 드론4 목적지59 | 1000스텝 | 배송 57/59 | 재적재 10 | 중계율 0.26 | alpha 0.361 | step_limit
Ep 609 | 드론5 목적지56 |  815스텝 | 배송 56/56 | 재적재 10 | 중계율 0.23 | alpha 0.364 | complete
Ep 610 | 드론4 목적지59 | 1000스텝 | 배송 49/59 | 재적재  8 | 중계율 0.29 | alpha 0.367 | step_limit
Ep 611 | 드론3 목적지21 |  495스텝 | 배송 21/21 | 재적재  3 | 중계율 0.17 | alpha 0.371 | complete
Ep 612 | 드론4 목적지27 |  535스텝 | 배송 27/27 | 재적재  4 | 중계율 0.11 | alpha 0.374 | complete
Ep 613 | 드론4 목적지80 | 1000스텝 | 배송 63/80 | 재적재 11 | 중계율 0.17 | alpha 0.377 | step_limit
Ep 614 | 드론4 목적지54 |  810스텝 | 배송 54/54 | 재적재  9 | 중계율 0.22 | alpha 0.379 | complete
Ep 615 | 드론3 목적지56 |  931스텝 | 배송 56/56 | 재적재 10 | 중계율 0.19 | alpha 0.382 | complete
Ep 616 | 드론6 목적지71 |  767스텝 | 배송 71/71 | 재적재 11 | 중계율 0.21 | alpha 0.385 | complete
Ep 617 | 드론4 목적지67 |  782스텝 | 배송 67/67 | 재적재 12 | 중계율 0.18 | alpha 0.388 | complete
Ep 618 | 드론4 목적지52 |  553스텝 | 배송 52/52 | 재적재  8 | 중계율 0.19 | alpha 0.390 | complete
Ep 619 | 드론5 목적지54 |  592스텝 | 배송 54/54 | 재적재  8 | 중계율 0.08 | alpha 0.391 | complete
Ep 620 | 드론5 목적지66 |  682스텝 | 배송 66/66 | 재적재 10 | 중계율 0.19 | alpha 0.396 | complete
Ep 621 | 드론3 목적지46 |  868스텝 | 배송 46/46 | 재적재  8 | 중계율 0.14 | alpha 0.395 | complete
Ep 622 | 드론4 목적지28 |  536스텝 | 배송 28/28 | 재적재  3 | 중계율 0.27 | alpha 0.394 | complete
Ep 623 | 드론6 목적지44 |  422스텝 | 배송 44/44 | 재적재  6 | 중계율 0.11 | alpha 0.394 | complete
Ep 624 | 드론3 목적지42 |  676스텝 | 배송 42/42 | 재적재  6 | 중계율 0.14 | alpha 0.391 | complete
Ep 625 | 드론4 목적지37 |  652스텝 | 배송 37/37 | 재적재  6 | 중계율 0.16 | alpha 0.387 | complete
Ep 626 | 드론4 목적지68 |  982스텝 | 배송 68/68 | 재적재 12 | 중계율 0.20 | alpha 0.385 | complete
Ep 627 | 드론6 목적지27 |  227스텝 | 배송 27/27 | 재적재  2 | 중계율 0.07 | alpha 0.385 | complete
Ep 628 | 드론6 목적지38 |  355스텝 | 배송 38/38 | 재적재  6 | 중계율 0.10 | alpha 0.386 | complete
Ep 629 | 드론5 목적지57 |  577스텝 | 배송 57/57 | 재적재 11 | 중계율 0.13 | alpha 0.385 | complete
Ep 630 | 드론3 목적지73 | 1000스텝 | 배송 62/73 | 재적재 12 | 중계율 0.23 | alpha 0.387 | step_limit
Ep 631 | 드론4 목적지58 | 1000스텝 | 배송 55/58 | 재적재  9 | 중계율 0.33 | alpha 0.389 | step_limit
Ep 632 | 드론6 목적지36 |  319스텝 | 배송 36/36 | 재적재  6 | 중계율 0.09 | alpha 0.389 | complete
Ep 633 | 드론3 목적지46 |  871스텝 | 배송 46/46 | 재적재  8 | 중계율 0.32 | alpha 0.383 | complete
Ep 634 | 드론4 목적지25 |  336스텝 | 배송 25/25 | 재적재  4 | 중계율 0.09 | alpha 0.379 | complete
Ep 635 | 드론4 목적지39 |  646스텝 | 배송 39/39 | 재적재  5 | 중계율 0.20 | alpha 0.380 | complete
Ep 636 | 드론6 목적지28 |  250스텝 | 배송 28/28 | 재적재  3 | 중계율 0.08 | alpha 0.381 | complete
Ep 637 | 드론6 목적지39 |  344스텝 | 배송 39/39 | 재적재  4 | 중계율 0.11 | alpha 0.383 | complete
Ep 638 | 드론4 목적지46 | 1000스텝 | 배송 34/46 | 재적재  4 | 중계율 0.30 | alpha 0.386 | step_limit
Ep 639 | 드론6 목적지21 |  220스텝 | 배송 21/21 | 재적재  0 | 중계율 0.20 | alpha 0.388 | complete
Ep 640 | 드론3 목적지55 | 1000스텝 | 배송 48/55 | 재적재  9 | 중계율 0.32 | alpha 0.389 | step_limit
Ep 641 | 드론4 목적지74 | 1000스텝 | 배송 66/74 | 재적재 11 | 중계율 0.25 | alpha 0.384 | step_limit
Ep 642 | 드론4 목적지24 |  463스텝 | 배송 24/24 | 재적재  4 | 중계율 0.18 | alpha 0.380 | complete
Ep 643 | 드론5 목적지57 |  731스텝 | 배송 57/57 | 재적재 10 | 중계율 0.19 | alpha 0.375 | complete
Ep 644 | 드론4 목적지45 |  943스텝 | 배송 45/45 | 재적재  7 | 중계율 0.28 | alpha 0.370 | complete
Ep 645 | 드론3 목적지48 |  830스텝 | 배송 48/48 | 재적재  8 | 중계율 0.24 | alpha 0.378 | complete
Ep 646 | 드론4 목적지25 |  517스텝 | 배송 25/25 | 재적재  4 | 중계율 0.27 | alpha 0.383 | complete
Ep 647 | 드론4 목적지26 |  382스텝 | 배송 26/26 | 재적재  3 | 중계율 0.19 | alpha 0.384 | complete
Ep 648 | 드론4 목적지48 |  707스텝 | 배송 48/48 | 재적재  7 | 중계율 0.18 | alpha 0.382 | complete
Ep 649 | 드론6 목적지69 |  555스텝 | 배송 69/69 | 재적재 11 | 중계율 0.17 | alpha 0.378 | complete
Ep 650 | 드론4 목적지64 |  982스텝 | 배송 64/64 | 재적재 11 | 중계율 0.22 | alpha 0.377 | complete
  [홀드아웃] 배송 49.7±1.4 완주 0.94 스텝 1030 점수 100.3 재적재 8.0 2홉+ 0.62 | 최고 106.5@ep100 정체 11/15
Ep 651 | 드론5 목적지77 |  978스텝 | 배송 77/77 | 재적재 13 | 중계율 0.27 | alpha 0.375 | complete
Ep 652 | 드론4 목적지32 |  675스텝 | 배송 32/32 | 재적재  5 | 중계율 0.28 | alpha 0.375 | complete
Ep 653 | 드론4 목적지77 |  975스텝 | 배송 77/77 | 재적재 13 | 중계율 0.22 | alpha 0.375 | complete
Ep 654 | 드론6 목적지21 |  262스텝 | 배송 21/21 | 재적재  0 | 중계율 0.20 | alpha 0.377 | complete
Ep 655 | 드론4 목적지28 |  400스텝 | 배송 28/28 | 재적재  3 | 중계율 0.12 | alpha 0.372 | complete
Ep 656 | 드론4 목적지50 |  873스텝 | 배송 50/50 | 재적재  9 | 중계율 0.28 | alpha 0.363 | complete
Ep 657 | 드론5 목적지62 |  564스텝 | 배송 62/62 | 재적재 11 | 중계율 0.14 | alpha 0.357 | complete
Ep 658 | 드론3 목적지50 | 1000스텝 | 배송 48/50 | 재적재  8 | 중계율 0.26 | alpha 0.351 | step_limit
Ep 659 | 드론5 목적지39 |  424스텝 | 배송 39/39 | 재적재  6 | 중계율 0.10 | alpha 0.349 | complete
Ep 660 | 드론5 목적지65 |  662스텝 | 배송 65/65 | 재적재 12 | 중계율 0.12 | alpha 0.342 | complete
Ep 661 | 드론6 목적지20 |  246스텝 | 배송 20/20 | 재적재  1 | 중계율 0.10 | alpha 0.337 | complete
Ep 662 | 드론6 목적지46 |  478스텝 | 배송 46/46 | 재적재  7 | 중계율 0.20 | alpha 0.332 | complete
Ep 663 | 드론4 목적지78 |  782스텝 | 배송 78/78 | 재적재 14 | 중계율 0.16 | alpha 0.327 | complete
Ep 664 | 드론4 목적지28 |  428스텝 | 배송 28/28 | 재적재  3 | 중계율 0.21 | alpha 0.323 | complete
Ep 665 | 드론3 목적지25 |  605스텝 | 배송 25/25 | 재적재  4 | 중계율 0.32 | alpha 0.317 | complete
Ep 666 | 드론5 목적지74 |  677스텝 | 배송 74/74 | 재적재 14 | 중계율 0.16 | alpha 0.312 | complete
Ep 667 | 드론4 목적지50 |  772스텝 | 배송 50/50 | 재적재  9 | 중계율 0.21 | alpha 0.309 | complete
Ep 668 | 드론6 목적지80 |  719스텝 | 배송 80/80 | 재적재 14 | 중계율 0.18 | alpha 0.306 | complete
Ep 669 | 드론5 목적지53 |  534스텝 | 배송 53/53 | 재적재 10 | 중계율 0.11 | alpha 0.305 | complete
Ep 670 | 드론3 목적지68 | 1000스텝 | 배송 56/68 | 재적재 10 | 중계율 0.30 | alpha 0.302 | step_limit
Ep 671 | 드론3 목적지60 | 1000스텝 | 배송 55/60 | 재적재 10 | 중계율 0.33 | alpha 0.302 | step_limit
Ep 672 | 드론3 목적지50 |  937스텝 | 배송 50/50 | 재적재  8 | 중계율 0.26 | alpha 0.299 | complete
Ep 673 | 드론6 목적지54 |  571스텝 | 배송 54/54 | 재적재  8 | 중계율 0.16 | alpha 0.298 | complete
Ep 674 | 드론6 목적지73 |  594스텝 | 배송 73/73 | 재적재 11 | 중계율 0.14 | alpha 0.299 | complete
Ep 675 | 드론4 목적지74 |  752스텝 | 배송 74/74 | 재적재 13 | 중계율 0.14 | alpha 0.293 | complete
Ep 676 | 드론4 목적지46 |  616스텝 | 배송 46/46 | 재적재  7 | 중계율 0.20 | alpha 0.297 | complete
Ep 677 | 드론3 목적지79 | 1000스텝 | 배송 70/79 | 재적재 12 | 중계율 0.26 | alpha 0.296 | step_limit
Ep 678 | 드론5 목적지41 |  524스텝 | 배송 41/41 | 재적재  7 | 중계율 0.23 | alpha 0.295 | complete
Ep 679 | 드론5 목적지58 |  825스텝 | 배송 58/58 | 재적재  9 | 중계율 0.18 | alpha 0.294 | complete
Ep 680 | 드론3 목적지31 |  634스텝 | 배송 31/31 | 재적재  5 | 중계율 0.13 | alpha 0.295 | complete
Ep 681 | 드론6 목적지65 |  557스텝 | 배송 65/65 | 재적재 11 | 중계율 0.16 | alpha 0.298 | complete
Ep 682 | 드론4 목적지72 |  989스텝 | 배송 72/72 | 재적재 12 | 중계율 0.27 | alpha 0.300 | complete
Ep 683 | 드론6 목적지52 |  681스텝 | 배송 52/52 | 재적재  8 | 중계율 0.22 | alpha 0.305 | complete
Ep 684 | 드론3 목적지40 |  911스텝 | 배송 40/40 | 재적재  7 | 중계율 0.26 | alpha 0.305 | complete
Ep 685 | 드론4 목적지74 | 1000스텝 | 배송 71/74 | 재적재 12 | 중계율 0.26 | alpha 0.305 | step_limit
Ep 686 | 드론6 목적지58 |  417스텝 | 배송 58/58 | 재적재  9 | 중계율 0.10 | alpha 0.306 | complete
Ep 687 | 드론4 목적지46 |  961스텝 | 배송 46/46 | 재적재  7 | 중계율 0.37 | alpha 0.304 | complete
Ep 688 | 드론6 목적지33 |  305스텝 | 배송 33/33 | 재적재  5 | 중계율 0.15 | alpha 0.305 | complete
Ep 689 | 드론5 목적지80 |  791스텝 | 배송 80/80 | 재적재 14 | 중계율 0.18 | alpha 0.296 | complete
Ep 690 | 드론3 목적지26 |  492스텝 | 배송 26/26 | 재적재  3 | 중계율 0.20 | alpha 0.292 | complete
Ep 691 | 드론4 목적지40 |  508스텝 | 배송 40/40 | 재적재  6 | 중계율 0.14 | alpha 0.287 | complete
Ep 692 | 드론3 목적지49 |  961스텝 | 배송 49/49 | 재적재  8 | 중계율 0.24 | alpha 0.287 | complete
Ep 693 | 드론5 목적지56 |  663스텝 | 배송 56/56 | 재적재  8 | 중계율 0.23 | alpha 0.285 | complete
Ep 694 | 드론4 목적지69 |  743스텝 | 배송 69/69 | 재적재 13 | 중계율 0.14 | alpha 0.285 | complete
Ep 695 | 드론5 목적지32 |  382스텝 | 배송 32/32 | 재적재  4 | 중계율 0.13 | alpha 0.284 | complete
Ep 696 | 드론4 목적지48 |  654스텝 | 배송 48/48 | 재적재  8 | 중계율 0.17 | alpha 0.284 | complete
Ep 697 | 드론3 목적지58 |  981스텝 | 배송 58/58 | 재적재 10 | 중계율 0.22 | alpha 0.284 | complete
Ep 698 | 드론5 목적지65 |  811스텝 | 배송 65/65 | 재적재 11 | 중계율 0.27 | alpha 0.278 | complete
Ep 699 | 드론5 목적지44 |  659스텝 | 배송 44/44 | 재적재  8 | 중계율 0.25 | alpha 0.277 | complete
Ep 700 | 드론6 목적지40 |  632스텝 | 배송 40/40 | 재적재  6 | 중계율 0.23 | alpha 0.275 | complete
  [홀드아웃] 배송 49.8±1.0 완주 0.95 스텝 1061 점수 101.5 재적재 8.1 2홉+ 0.63 | 최고 106.5@ep100 정체 12/15
Ep 701 | 드론6 목적지26 |  266스텝 | 배송 26/26 | 재적재  1 | 중계율 0.18 | alpha 0.275 | complete
Ep 702 | 드론3 목적지66 | 1000스텝 | 배송 57/66 | 재적재 11 | 중계율 0.20 | alpha 0.274 | step_limit
Ep 703 | 드론4 목적지25 |  550스텝 | 배송 25/25 | 재적재  3 | 중계율 0.25 | alpha 0.272 | complete
Ep 704 | 드론6 목적지35 |  368스텝 | 배송 35/35 | 재적재  6 | 중계율 0.10 | alpha 0.271 | complete
Ep 705 | 드론4 목적지24 |  376스텝 | 배송 24/24 | 재적재  2 | 중계율 0.08 | alpha 0.271 | complete
Ep 706 | 드론3 목적지64 | 1000스텝 | 배송 58/64 | 재적재 11 | 중계율 0.27 | alpha 0.277 | step_limit
Ep 707 | 드론4 목적지24 |  639스텝 | 배송 24/24 | 재적재  3 | 중계율 0.15 | alpha 0.276 | complete
Ep 708 | 드론6 목적지68 |  477스텝 | 배송 68/68 | 재적재 11 | 중계율 0.12 | alpha 0.279 | complete
Ep 709 | 드론4 목적지57 |  903스텝 | 배송 57/57 | 재적재  9 | 중계율 0.29 | alpha 0.282 | complete
Ep 710 | 드론6 목적지78 |  654스텝 | 배송 78/78 | 재적재 14 | 중계율 0.13 | alpha 0.283 | complete
Ep 711 | 드론6 목적지34 |  433스텝 | 배송 34/34 | 재적재  2 | 중계율 0.16 | alpha 0.284 | complete
Ep 712 | 드론4 목적지21 |  397스텝 | 배송 21/21 | 재적재  3 | 중계율 0.14 | alpha 0.285 | complete
Ep 713 | 드론3 목적지63 | 1000스텝 | 배송 59/63 | 재적재 10 | 중계율 0.30 | alpha 0.289 | step_limit
Ep 714 | 드론3 목적지64 | 1000스텝 | 배송 62/64 | 재적재 12 | 중계율 0.21 | alpha 0.296 | step_limit
Ep 715 | 드론5 목적지43 |  422스텝 | 배송 43/43 | 재적재  5 | 중계율 0.08 | alpha 0.299 | complete
Ep 716 | 드론3 목적지39 |  891스텝 | 배송 39/39 | 재적재  7 | 중계율 0.29 | alpha 0.306 | complete
Ep 717 | 드론4 목적지67 |  741스텝 | 배송 67/67 | 재적재 11 | 중계율 0.12 | alpha 0.311 | complete
Ep 718 | 드론5 목적지68 |  758스텝 | 배송 68/68 | 재적재 12 | 중계율 0.20 | alpha 0.324 | complete
Ep 719 | 드론5 목적지67 |  705스텝 | 배송 67/67 | 재적재 11 | 중계율 0.23 | alpha 0.329 | complete
Ep 720 | 드론3 목적지49 |  781스텝 | 배송 49/49 | 재적재  9 | 중계율 0.11 | alpha 0.332 | complete
Ep 721 | 드론4 목적지29 |  384스텝 | 배송 29/29 | 재적재  4 | 중계율 0.12 | alpha 0.335 | complete
Ep 722 | 드론6 목적지59 |  494스텝 | 배송 59/59 | 재적재 10 | 중계율 0.13 | alpha 0.332 | complete
Ep 723 | 드론5 목적지70 |  648스텝 | 배송 70/70 | 재적재 13 | 중계율 0.11 | alpha 0.335 | complete
Ep 724 | 드론4 목적지69 |  834스텝 | 배송 69/69 | 재적재 12 | 중계율 0.19 | alpha 0.332 | complete
Ep 725 | 드론4 목적지62 |  922스텝 | 배송 62/62 | 재적재 10 | 중계율 0.29 | alpha 0.334 | complete
Ep 726 | 드론6 목적지56 |  576스텝 | 배송 56/56 | 재적재  9 | 중계율 0.15 | alpha 0.338 | complete
Ep 727 | 드론3 목적지57 | 1000스텝 | 배송 56/57 | 재적재 11 | 중계율 0.18 | alpha 0.347 | step_limit
Ep 728 | 드론6 목적지43 |  484스텝 | 배송 43/43 | 재적재  6 | 중계율 0.24 | alpha 0.351 | complete
Ep 729 | 드론5 목적지77 |  659스텝 | 배송 77/77 | 재적재 14 | 중계율 0.15 | alpha 0.355 | complete
Ep 730 | 드론4 목적지27 |  401스텝 | 배송 27/27 | 재적재  3 | 중계율 0.20 | alpha 0.356 | complete
Ep 731 | 드론4 목적지80 |  961스텝 | 배송 80/80 | 재적재 14 | 중계율 0.20 | alpha 0.364 | complete
Ep 732 | 드론3 목적지80 | 1000스텝 | 배송 73/80 | 재적재 14 | 중계율 0.23 | alpha 0.368 | step_limit
Ep 733 | 드론5 목적지64 |  563스텝 | 배송 64/64 | 재적재  9 | 중계율 0.16 | alpha 0.365 | complete
Ep 734 | 드론3 목적지38 |  543스텝 | 배송 38/38 | 재적재  7 | 중계율 0.15 | alpha 0.364 | complete
Ep 735 | 드론5 목적지63 |  748스텝 | 배송 63/63 | 재적재 10 | 중계율 0.16 | alpha 0.358 | complete
Ep 736 | 드론4 목적지52 |  632스텝 | 배송 52/52 | 재적재  8 | 중계율 0.19 | alpha 0.359 | complete
Ep 737 | 드론3 목적지41 |  760스텝 | 배송 41/41 | 재적재  7 | 중계율 0.24 | alpha 0.359 | complete
Ep 738 | 드론5 목적지49 |  491스텝 | 배송 49/49 | 재적재  7 | 중계율 0.11 | alpha 0.360 | complete
Ep 739 | 드론4 목적지27 |  504스텝 | 배송 27/27 | 재적재  3 | 중계율 0.17 | alpha 0.358 | complete
Ep 740 | 드론3 목적지32 |  675스텝 | 배송 32/32 | 재적재  5 | 중계율 0.27 | alpha 0.361 | complete
Ep 741 | 드론4 목적지25 |  541스텝 | 배송 25/25 | 재적재  4 | 중계율 0.13 | alpha 0.367 | complete
Ep 742 | 드론3 목적지48 |  833스텝 | 배송 48/48 | 재적재  9 | 중계율 0.22 | alpha 0.371 | complete
Ep 743 | 드론5 목적지54 |  649스텝 | 배송 54/54 | 재적재  9 | 중계율 0.11 | alpha 0.376 | complete
Ep 744 | 드론5 목적지24 |  421스텝 | 배송 24/24 | 재적재  1 | 중계율 0.18 | alpha 0.374 | complete
Ep 745 | 드론6 목적지37 |  302스텝 | 배송 37/37 | 재적재  5 | 중계율 0.12 | alpha 0.375 | complete
Ep 746 | 드론4 목적지50 |  715스텝 | 배송 50/50 | 재적재  8 | 중계율 0.27 | alpha 0.375 | complete
Ep 747 | 드론3 목적지78 | 1000스텝 | 배송 56/78 | 재적재 10 | 중계율 0.28 | alpha 0.376 | step_limit
Ep 748 | 드론4 목적지33 |  510스텝 | 배송 33/33 | 재적재  6 | 중계율 0.21 | alpha 0.378 | complete
Ep 749 | 드론4 목적지20 |  514스텝 | 배송 20/20 | 재적재  2 | 중계율 0.19 | alpha 0.377 | complete
Ep 750 | 드론5 목적지80 |  795스텝 | 배송 80/80 | 재적재 14 | 중계율 0.15 | alpha 0.382 | complete
  [홀드아웃] 배송 49.4±2.4 완주 0.91 스텝 1066 점수 97.7 재적재 8.1 2홉+ 0.62 | 최고 106.5@ep100 정체 13/15
Ep 751 | 드론6 목적지29 |  375스텝 | 배송 29/29 | 재적재  4 | 중계율 0.14 | alpha 0.384 | complete
Ep 752 | 드론5 목적지21 |  455스텝 | 배송 21/21 | 재적재  0 | 중계율 0.24 | alpha 0.386 | complete
Ep 753 | 드론6 목적지21 |  236스텝 | 배송 21/21 | 재적재  1 | 중계율 0.10 | alpha 0.388 | complete
Ep 754 | 드론5 목적지39 |  337스텝 | 배송 39/39 | 재적재  5 | 중계율 0.14 | alpha 0.388 | complete
Ep 755 | 드론3 목적지68 | 1000스텝 | 배송 51/68 | 재적재  9 | 중계율 0.29 | alpha 0.397 | step_limit
Ep 756 | 드론3 목적지80 | 1000스텝 | 배송 60/80 | 재적재 10 | 중계율 0.15 | alpha 0.407 | step_limit
Ep 757 | 드론5 목적지62 |  485스텝 | 배송 62/62 | 재적재 10 | 중계율 0.09 | alpha 0.408 | complete
Ep 758 | 드론5 목적지36 |  533스텝 | 배송 36/36 | 재적재  4 | 중계율 0.25 | alpha 0.412 | complete
Ep 759 | 드론6 목적지46 |  414스텝 | 배송 46/46 | 재적재  6 | 중계율 0.17 | alpha 0.416 | complete
Ep 760 | 드론3 목적지23 |  632스텝 | 배송 23/23 | 재적재  3 | 중계율 0.25 | alpha 0.418 | complete
Ep 761 | 드론6 목적지36 |  305스텝 | 배송 36/36 | 재적재  5 | 중계율 0.07 | alpha 0.420 | complete
Ep 762 | 드론3 목적지66 | 1000스텝 | 배송 58/66 | 재적재 10 | 중계율 0.20 | alpha 0.419 | step_limit
Ep 763 | 드론3 목적지24 |  424스텝 | 배송 24/24 | 재적재  3 | 중계율 0.15 | alpha 0.421 | complete
Ep 764 | 드론3 목적지27 |  407스텝 | 배송 27/27 | 재적재  4 | 중계율 0.13 | alpha 0.422 | complete
Ep 765 | 드론5 목적지43 |  479스텝 | 배송 43/43 | 재적재  7 | 중계율 0.09 | alpha 0.418 | complete
Ep 766 | 드론3 목적지25 |  482스텝 | 배송 25/25 | 재적재  3 | 중계율 0.25 | alpha 0.417 | complete
Ep 767 | 드론3 목적지65 | 1000스텝 | 배송 59/65 | 재적재 10 | 중계율 0.27 | alpha 0.418 | step_limit
Ep 768 | 드론3 목적지50 |  957스텝 | 배송 50/50 | 재적재  9 | 중계율 0.19 | alpha 0.420 | complete
Ep 769 | 드론5 목적지40 |  406스텝 | 배송 40/40 | 재적재  7 | 중계율 0.16 | alpha 0.420 | complete
Ep 770 | 드론6 목적지58 |  641스텝 | 배송 58/58 | 재적재  9 | 중계율 0.19 | alpha 0.417 | complete
Ep 771 | 드론3 목적지28 |  539스텝 | 배송 28/28 | 재적재  3 | 중계율 0.30 | alpha 0.420 | complete
Ep 772 | 드론5 목적지53 |  450스텝 | 배송 53/53 | 재적재  9 | 중계율 0.11 | alpha 0.425 | complete
Ep 773 | 드론3 목적지60 | 1000스텝 | 배송 55/60 | 재적재  8 | 중계율 0.28 | alpha 0.434 | step_limit
Ep 774 | 드론4 목적지60 | 1000스텝 | 배송 56/60 | 재적재  9 | 중계율 0.35 | alpha 0.448 | step_limit
Ep 775 | 드론3 목적지62 | 1000스텝 | 배송 60/62 | 재적재 10 | 중계율 0.25 | alpha 0.464 | step_limit
Ep 776 | 드론3 목적지47 |  909스텝 | 배송 47/47 | 재적재  8 | 중계율 0.31 | alpha 0.479 | complete
Ep 777 | 드론3 목적지77 | 1000스텝 | 배송 75/77 | 재적재 14 | 중계율 0.16 | alpha 0.484 | step_limit
Ep 778 | 드론3 목적지29 |  703스텝 | 배송 29/29 | 재적재  4 | 중계율 0.33 | alpha 0.488 | complete
Ep 779 | 드론4 목적지79 | 1000스텝 | 배송 58/79 | 재적재 10 | 중계율 0.35 | alpha 0.499 | step_limit
Ep 780 | 드론6 목적지50 |  543스텝 | 배송 50/50 | 재적재  9 | 중계율 0.14 | alpha 0.505 | complete
Ep 781 | 드론3 목적지53 | 1000스텝 | 배송 50/53 | 재적재  8 | 중계율 0.35 | alpha 0.514 | step_limit
Ep 782 | 드론3 목적지35 |  909스텝 | 배송 35/35 | 재적재  5 | 중계율 0.34 | alpha 0.519 | complete
Ep 783 | 드론6 목적지55 |  399스텝 | 배송 55/55 | 재적재  7 | 중계율 0.10 | alpha 0.520 | complete
Ep 784 | 드론3 목적지53 |  903스텝 | 배송 53/53 | 재적재  9 | 중계율 0.26 | alpha 0.519 | complete
Ep 785 | 드론6 목적지56 |  535스텝 | 배송 56/56 | 재적재  8 | 중계율 0.23 | alpha 0.517 | complete
Ep 786 | 드론4 목적지73 | 1000스텝 | 배송 65/73 | 재적재 11 | 중계율 0.30 | alpha 0.527 | step_limit
Ep 787 | 드론5 목적지70 |  688스텝 | 배송 70/70 | 재적재 11 | 중계율 0.18 | alpha 0.532 | complete
Ep 788 | 드론4 목적지31 |  507스텝 | 배송 31/31 | 재적재  5 | 중계율 0.12 | alpha 0.540 | complete
Ep 789 | 드론4 목적지40 |  624스텝 | 배송 40/40 | 재적재  6 | 중계율 0.22 | alpha 0.547 | complete
Ep 790 | 드론6 목적지29 |  321스텝 | 배송 29/29 | 재적재  5 | 중계율 0.17 | alpha 0.546 | complete
Ep 791 | 드론6 목적지38 |  373스텝 | 배송 38/38 | 재적재  5 | 중계율 0.12 | alpha 0.546 | complete
Ep 792 | 드론6 목적지77 |  548스텝 | 배송 77/77 | 재적재 12 | 중계율 0.14 | alpha 0.544 | complete
Ep 793 | 드론3 목적지71 | 1000스텝 | 배송 69/71 | 재적재 12 | 중계율 0.24 | alpha 0.538 | step_limit
Ep 794 | 드론3 목적지33 |  651스텝 | 배송 33/33 | 재적재  5 | 중계율 0.30 | alpha 0.538 | complete
Ep 795 | 드론4 목적지76 | 1000스텝 | 배송 66/76 | 재적재 11 | 중계율 0.31 | alpha 0.530 | step_limit
Ep 796 | 드론4 목적지65 |  941스텝 | 배송 65/65 | 재적재 11 | 중계율 0.25 | alpha 0.530 | complete
Ep 797 | 드론5 목적지72 |  794스텝 | 배송 72/72 | 재적재 13 | 중계율 0.17 | alpha 0.530 | complete
Ep 798 | 드론5 목적지54 |  724스텝 | 배송 54/54 | 재적재  7 | 중계율 0.23 | alpha 0.533 | complete
Ep 799 | 드론3 목적지35 |  898스텝 | 배송 35/35 | 재적재  6 | 중계율 0.33 | alpha 0.537 | complete
Ep 800 | 드론4 목적지78 | 1000스텝 | 배송 71/78 | 재적재 14 | 중계율 0.24 | alpha 0.541 | step_limit
  [홀드아웃] 배송 49.8±0.8 완주 0.95 스텝 1051 점수 101.5 재적재 8.2 2홉+ 0.62 | 최고 106.5@ep100 정체 14/15
Ep 801 | 드론4 목적지21 |  614스텝 | 배송 21/21 | 재적재  3 | 중계율 0.27 | alpha 0.541 | complete
Ep 802 | 드론6 목적지22 |  306스텝 | 배송 22/22 | 재적재  2 | 중계율 0.12 | alpha 0.542 | complete
Ep 803 | 드론6 목적지57 |  448스텝 | 배송 57/57 | 재적재 10 | 중계율 0.13 | alpha 0.548 | complete
Ep 804 | 드론3 목적지60 |  992스텝 | 배송 60/60 | 재적재 11 | 중계율 0.27 | alpha 0.547 | complete
Ep 805 | 드론6 목적지34 |  285스텝 | 배송 34/34 | 재적재  5 | 중계율 0.09 | alpha 0.550 | complete
Ep 806 | 드론4 목적지59 |  930스텝 | 배송 59/59 | 재적재 10 | 중계율 0.23 | alpha 0.561 | complete
Ep 807 | 드론5 목적지22 |  273스텝 | 배송 22/22 | 재적재  3 | 중계율 0.12 | alpha 0.567 | complete
Ep 808 | 드론3 목적지35 |  842스텝 | 배송 35/35 | 재적재  5 | 중계율 0.30 | alpha 0.578 | complete
Ep 809 | 드론4 목적지38 |  744스텝 | 배송 38/38 | 재적재  6 | 중계율 0.23 | alpha 0.581 | complete
Ep 810 | 드론5 목적지47 |  757스텝 | 배송 47/47 | 재적재  7 | 중계율 0.32 | alpha 0.582 | complete
Ep 811 | 드론4 목적지70 | 1000스텝 | 배송 65/70 | 재적재 11 | 중계율 0.34 | alpha 0.582 | step_limit
Ep 812 | 드론4 목적지40 |  520스텝 | 배송 40/40 | 재적재  6 | 중계율 0.18 | alpha 0.582 | complete
Ep 813 | 드론3 목적지55 | 1000스텝 | 배송 54/55 | 재적재 10 | 중계율 0.32 | alpha 0.583 | step_limit
Ep 814 | 드론3 목적지38 |  737스텝 | 배송 38/38 | 재적재  7 | 중계율 0.19 | alpha 0.579 | complete
Ep 815 | 드론3 목적지75 | 1000스텝 | 배송 53/75 | 재적재  9 | 중계율 0.28 | alpha 0.570 | step_limit
Ep 816 | 드론5 목적지57 |  503스텝 | 배송 57/57 | 재적재  9 | 중계율 0.15 | alpha 0.564 | complete
Ep 817 | 드론4 목적지58 | 1000스텝 | 배송 55/58 | 재적재  9 | 중계율 0.34 | alpha 0.563 | step_limit
Ep 818 | 드론5 목적지21 |  389스텝 | 배송 21/21 | 재적재  1 | 중계율 0.31 | alpha 0.569 | complete
Ep 819 | 드론3 목적지70 | 1000스텝 | 배송 68/70 | 재적재 12 | 중계율 0.23 | alpha 0.572 | step_limit
Ep 820 | 드론6 목적지26 |  375스텝 | 배송 26/26 | 재적재  3 | 중계율 0.14 | alpha 0.572 | complete
Ep 821 | 드론5 목적지27 |  478스텝 | 배송 27/27 | 재적재  4 | 중계율 0.18 | alpha 0.569 | complete
Ep 822 | 드론5 목적지61 |  851스텝 | 배송 61/61 | 재적재 10 | 중계율 0.25 | alpha 0.562 | complete
Ep 823 | 드론5 목적지77 |  886스텝 | 배송 77/77 | 재적재 13 | 중계율 0.21 | alpha 0.560 | complete
Ep 824 | 드론3 목적지38 |  729스텝 | 배송 38/38 | 재적재  7 | 중계율 0.15 | alpha 0.560 | complete
Ep 825 | 드론4 목적지63 |  784스텝 | 배송 63/63 | 재적재 10 | 중계율 0.10 | alpha 0.558 | complete
Ep 826 | 드론5 목적지44 |  507스텝 | 배송 44/44 | 재적재  8 | 중계율 0.17 | alpha 0.556 | complete
Ep 827 | 드론5 목적지51 |  704스텝 | 배송 51/51 | 재적재 10 | 중계율 0.21 | alpha 0.554 | complete
Ep 828 | 드론3 목적지41 |  783스텝 | 배송 41/41 | 재적재  6 | 중계율 0.26 | alpha 0.560 | complete
Ep 829 | 드론3 목적지22 |  480스텝 | 배송 22/22 | 재적재  4 | 중계율 0.16 | alpha 0.555 | complete
Ep 830 | 드론4 목적지48 |  623스텝 | 배송 48/48 | 재적재  8 | 중계율 0.19 | alpha 0.544 | complete
Ep 831 | 드론3 목적지61 | 1000스텝 | 배송 60/61 | 재적재  9 | 중계율 0.31 | alpha 0.532 | step_limit
Ep 832 | 드론4 목적지66 |  632스텝 | 배송 66/66 | 재적재 11 | 중계율 0.14 | alpha 0.536 | complete
Ep 833 | 드론4 목적지26 |  352스텝 | 배송 26/26 | 재적재  4 | 중계율 0.09 | alpha 0.536 | complete
Ep 834 | 드론6 목적지25 |  242스텝 | 배송 25/25 | 재적재  1 | 중계율 0.11 | alpha 0.536 | complete
Ep 835 | 드론3 목적지78 | 1000스텝 | 배송 65/78 | 재적재 11 | 중계율 0.24 | alpha 0.535 | step_limit
Ep 836 | 드론6 목적지22 |  280스텝 | 배송 22/22 | 재적재  1 | 중계율 0.20 | alpha 0.537 | complete
Ep 837 | 드론4 목적지74 | 1000스텝 | 배송 65/74 | 재적재 11 | 중계율 0.27 | alpha 0.553 | step_limit
Ep 838 | 드론6 목적지46 |  559스텝 | 배송 46/46 | 재적재  6 | 중계율 0.22 | alpha 0.555 | complete
Ep 839 | 드론4 목적지47 |  813스텝 | 배송 47/47 | 재적재  7 | 중계율 0.30 | alpha 0.557 | complete
Ep 840 | 드론5 목적지31 |  308스텝 | 배송 31/31 | 재적재  4 | 중계율 0.12 | alpha 0.559 | complete
Ep 841 | 드론3 목적지52 | 1000스텝 | 배송 51/52 | 재적재  9 | 중계율 0.33 | alpha 0.558 | step_limit
Ep 842 | 드론4 목적지30 |  393스텝 | 배송 30/30 | 재적재  5 | 중계율 0.15 | alpha 0.559 | complete
Ep 843 | 드론5 목적지75 |  781스텝 | 배송 75/75 | 재적재 13 | 중계율 0.20 | alpha 0.551 | complete
Ep 844 | 드론5 목적지28 |  362스텝 | 배송 28/28 | 재적재  3 | 중계율 0.19 | alpha 0.550 | complete
Ep 845 | 드론4 목적지44 |  733스텝 | 배송 44/44 | 재적재  6 | 중계율 0.17 | alpha 0.551 | complete
Ep 846 | 드론4 목적지31 |  318스텝 | 배송 31/31 | 재적재  3 | 중계율 0.07 | alpha 0.553 | complete
Ep 847 | 드론6 목적지45 |  436스텝 | 배송 45/45 | 재적재  7 | 중계율 0.11 | alpha 0.552 | complete
Ep 848 | 드론3 목적지44 |  817스텝 | 배송 44/44 | 재적재  7 | 중계율 0.33 | alpha 0.547 | complete
Ep 849 | 드론3 목적지49 | 1000스텝 | 배송 48/49 | 재적재  9 | 중계율 0.36 | alpha 0.545 | step_limit
Ep 850 | 드론3 목적지47 |  870스텝 | 배송 47/47 | 재적재  8 | 중계율 0.30 | alpha 0.547 | complete
  [홀드아웃] 배송 50.0±0.1 완주 0.99 스텝 1023 점수 105.3 재적재 8.2 2홉+ 0.62 | 최고 106.5@ep100 정체 15/15

조기 종료. 최고 106.5@ep100
Training finished. best=106.5 @ ep100
