/home/kopt/enter/envs/wsl_neuroMCTS/lib/python3.10/site-packages/pygame/pkgdata.py:25: UserWarning: pkg_resources is deprecated as an API. See https://setuptools.pypa.io/en/latest/pkg_resources.html. The pkg_resources package is slated for removal as early as 2025-11-30. Refrain from using this package or pin to Setuptools<81.
  from pkg_resources import resource_stream, resource_exists
pygame 2.6.1 (SDL 2.28.4, Python 3.10.19)
Hello from the pygame community. https://www.pygame.org/contribute.html
집합 상위 학습 | 반경 300 상한 1000 무배송 500 gamma 0.997 구성=무작위 드론[3, 4] 목적지[20, 80] CC무작위 인스턴스=무작위 목표유지=off 완주보상=0.0 잔여페널티=0.1 규칙관측=False 규칙정규화=2.0/중계가중치=1.0 막힘페널티=0.0 중계크레딧=0.0/재분배=0.0/드론별보상=False 도달권shaping=0.0 정체전환보상=0.0 엔트로피비=0.6->0.25@400 자기회귀=True 결합critic=True 홀드아웃상한=3000 선택=makespan/속도가중치=40.0
/home/kopt/drone/proposed_src/pipeline/train_v5_26_09_15_23.py:416: UserWarning: Converting a tensor with requires_grad=True to a scalar may lead to unexpected behavior.
Consider using tensor.detach() first. (Triggered internally at /pytorch/torch/csrc/autograd/generated/python_variable_methods.cpp:836.)
  writer.add_scalar("train/alpha", float(log_alpha.exp()), ep)
Ep 1 | 드론4 목적지20 |  376스텝 | 배송 20/20 | 재적재  3 | 중계율 0.16 | alpha 0.100 | complete
Ep 2 | 드론3 목적지31 | 1000스텝 | 배송 27/31 | 재적재  5 | 중계율 0.10 | alpha 0.100 | step_limit
Ep 3 | 드론4 목적지43 | 1000스텝 | 배송 31/43 | 재적재  4 | 중계율 0.16 | alpha 0.100 | step_limit
Ep 4 | 드론4 목적지75 | 1000스텝 | 배송 54/75 | 재적재  8 | 중계율 0.14 | alpha 0.100 | step_limit
Ep 5 | 드론3 목적지27 |  951스텝 | 배송 27/27 | 재적재  5 | 중계율 0.15 | alpha 0.100 | complete
Ep 6 | 드론4 목적지39 |  850스텝 | 배송 39/39 | 재적재  6 | 중계율 0.23 | alpha 0.102 | complete
Ep 7 | 드론3 목적지70 | 1000스텝 | 배송 57/70 | 재적재 10 | 중계율 0.38 | alpha 0.112 | step_limit
Ep 8 | 드론4 목적지64 | 1000스텝 | 배송 53/64 | 재적재 10 | 중계율 0.29 | alpha 0.123 | step_limit
Ep 9 | 드론3 목적지22 |  519스텝 | 배송 22/22 | 재적재  3 | 중계율 0.38 | alpha 0.128 | complete
Ep 10 | 드론3 목적지24 |  741스텝 | 배송 24/24 | 재적재  2 | 중계율 0.30 | alpha 0.136 | complete
Ep 11 | 드론3 목적지78 | 1000스텝 | 배송 70/78 | 재적재 12 | 중계율 0.24 | alpha 0.147 | step_limit
Ep 12 | 드론4 목적지61 | 1000스텝 | 배송 55/61 | 재적재 10 | 중계율 0.34 | alpha 0.158 | step_limit
Ep 13 | 드론3 목적지80 | 1000스텝 | 배송 60/80 | 재적재 12 | 중계율 0.28 | alpha 0.171 | step_limit
Ep 14 | 드론4 목적지57 |  669스텝 | 배송 57/57 | 재적재  9 | 중계율 0.23 | alpha 0.179 | complete
Ep 15 | 드론4 목적지50 |  544스텝 | 배송 50/50 | 재적재  7 | 중계율 0.25 | alpha 0.187 | complete
Ep 16 | 드론3 목적지55 |  967스텝 | 배송 55/55 | 재적재 10 | 중계율 0.38 | alpha 0.200 | complete
Ep 17 | 드론4 목적지22 |  373스텝 | 배송 22/22 | 재적재  3 | 중계율 0.23 | alpha 0.206 | complete
Ep 18 | 드론4 목적지51 |  717스텝 | 배송 51/51 | 재적재  7 | 중계율 0.32 | alpha 0.217 | complete
Ep 19 | 드론4 목적지46 |  503스텝 | 배송 46/46 | 재적재  7 | 중계율 0.21 | alpha 0.225 | complete
Ep 20 | 드론3 목적지77 | 1000스텝 | 배송 61/77 | 재적재 12 | 중계율 0.25 | alpha 0.242 | step_limit
Ep 21 | 드론3 목적지28 |  521스텝 | 배송 28/28 | 재적재  5 | 중계율 0.30 | alpha 0.251 | complete
Ep 22 | 드론4 목적지20 |  283스텝 | 배송 20/20 | 재적재  2 | 중계율 0.23 | alpha 0.256 | complete
Ep 23 | 드론4 목적지57 |  609스텝 | 배송 57/57 | 재적재 10 | 중계율 0.19 | alpha 0.268 | complete
Ep 24 | 드론3 목적지56 | 1000스텝 | 배송 45/56 | 재적재  8 | 중계율 0.35 | alpha 0.288 | step_limit
Ep 25 | 드론4 목적지21 |  227스텝 | 배송 21/21 | 재적재  2 | 중계율 0.21 | alpha 0.293 | complete
Ep 26 | 드론4 목적지53 |  533스텝 | 배송 53/53 | 재적재  9 | 중계율 0.15 | alpha 0.305 | complete
Ep 27 | 드론3 목적지25 |  401스텝 | 배송 25/25 | 재적재  3 | 중계율 0.20 | alpha 0.314 | complete
Ep 28 | 드론4 목적지20 |  183스텝 | 배송 20/20 | 재적재  0 | 중계율 0.23 | alpha 0.318 | complete
Ep 29 | 드론4 목적지52 |  861스텝 | 배송 52/52 | 재적재  8 | 중계율 0.34 | alpha 0.339 | complete
Ep 30 | 드론4 목적지35 |  492스텝 | 배송 35/35 | 재적재  5 | 중계율 0.24 | alpha 0.351 | complete
Ep 31 | 드론3 목적지67 | 1000스텝 | 배송 61/67 | 재적재 12 | 중계율 0.32 | alpha 0.378 | step_limit
Ep 32 | 드론4 목적지20 |  354스텝 | 배송 20/20 | 재적재  2 | 중계율 0.36 | alpha 0.388 | complete
Ep 33 | 드론4 목적지61 | 1000스텝 | 배송 56/61 | 재적재  9 | 중계율 0.39 | alpha 0.417 | step_limit
Ep 34 | 드론4 목적지35 |  368스텝 | 배송 35/35 | 재적재  4 | 중계율 0.27 | alpha 0.428 | complete
Ep 35 | 드론3 목적지39 |  889스텝 | 배송 39/39 | 재적재  7 | 중계율 0.29 | alpha 0.456 | complete
Ep 36 | 드론4 목적지32 |  550스텝 | 배송 32/32 | 재적재  4 | 중계율 0.35 | alpha 0.474 | complete
Ep 37 | 드론3 목적지71 | 1000스텝 | 배송 60/71 | 재적재 10 | 중계율 0.28 | alpha 0.509 | step_limit
Ep 38 | 드론4 목적지51 |  817스텝 | 배송 51/51 | 재적재  9 | 중계율 0.28 | alpha 0.540 | complete
Ep 39 | 드론3 목적지80 | 1000스텝 | 배송 54/80 | 재적재 10 | 중계율 0.22 | alpha 0.579 | step_limit
Ep 40 | 드론4 목적지66 |  915스텝 | 배송 66/66 | 재적재 12 | 중계율 0.26 | alpha 0.617 | complete
Ep 41 | 드론4 목적지37 |  647스텝 | 배송 37/37 | 재적재  6 | 중계율 0.39 | alpha 0.646 | complete
Ep 42 | 드론3 목적지52 | 1000스텝 | 배송 44/52 | 재적재  8 | 중계율 0.27 | alpha 0.692 | step_limit
Ep 43 | 드론4 목적지67 | 1000스텝 | 배송 64/67 | 재적재 10 | 중계율 0.19 | alpha 0.743 | step_limit
Ep 44 | 드론4 목적지77 | 1000스텝 | 배송 64/77 | 재적재 10 | 중계율 0.34 | alpha 0.797 | step_limit
Ep 45 | 드론4 목적지25 |  894스텝 | 배송 25/25 | 재적재  3 | 중계율 0.34 | alpha 0.848 | complete
Ep 46 | 드론3 목적지33 | 1000스텝 | 배송 22/33 | 재적재  3 | 중계율 0.13 | alpha 0.909 | step_limit
Ep 47 | 드론4 목적지53 |  942스텝 | 배송 53/53 | 재적재  9 | 중계율 0.27 | alpha 0.970 | complete
Ep 48 | 드론4 목적지74 | 1000스텝 | 배송 68/74 | 재적재 11 | 중계율 0.18 | alpha 1.037 | step_limit
Ep 49 | 드론3 목적지20 |  353스텝 | 배송 20/20 | 재적재  3 | 중계율 0.19 | alpha 1.062 | complete
Ep 50 | 드론4 목적지22 |  466스텝 | 배송 22/22 | 재적재  1 | 중계율 0.38 | alpha 1.096 | complete
  [홀드아웃] 배송 39.3±10.7 완주 0.91 스텝 953 점수 118.5 재적재 6.1 2홉+ 0.52 [4/50 0.95·1074 | 3/30 0.88·832] | 최고 118.5@ep50 정체 0/8  ← 갱신
Ep 51 | 드론4 목적지77 | 1000스텝 | 배송 59/77 | 재적재 10 | 중계율 0.31 | alpha 1.171 | step_limit
Ep 52 | 드론4 목적지26 |  561스텝 | 배송 26/26 | 재적재  3 | 중계율 0.24 | alpha 1.214 | complete
Ep 53 | 드론3 목적지36 |  788스텝 | 배송 36/36 | 재적재  6 | 중계율 0.27 | alpha 1.277 | complete
Ep 54 | 드론3 목적지21 |  503스텝 | 배송 21/21 | 재적재  2 | 중계율 0.30 | alpha 1.319 | complete
Ep 55 | 드론4 목적지52 |  915스텝 | 배송 52/52 | 재적재  8 | 중계율 0.21 | alpha 1.400 | complete
Ep 56 | 드론4 목적지61 | 1000스텝 | 배송 53/61 | 재적재  9 | 중계율 0.11 | alpha 1.494 | step_limit
Ep 57 | 드론4 목적지28 |  628스텝 | 배송 28/28 | 재적재  4 | 중계율 0.37 | alpha 1.555 | complete
Ep 58 | 드론4 목적지43 |  583스텝 | 배송 43/43 | 재적재  6 | 중계율 0.16 | alpha 1.612 | complete
Ep 59 | 드론3 목적지32 |  755스텝 | 배송 32/32 | 재적재  4 | 중계율 0.27 | alpha 1.688 | complete
Ep 60 | 드론3 목적지73 | 1000스텝 | 배송 55/73 | 재적재 10 | 중계율 0.20 | alpha 1.785 | step_limit
Ep 61 | 드론4 목적지73 | 1000스텝 | 배송 71/73 | 재적재 12 | 중계율 0.29 | alpha 1.879 | step_limit
Ep 62 | 드론4 목적지68 |  913스텝 | 배송 68/68 | 재적재 13 | 중계율 0.22 | alpha 1.962 | complete
Ep 63 | 드론3 목적지75 | 1000스텝 | 배송 55/75 | 재적재 11 | 중계율 0.21 | alpha 2.050 | step_limit
Ep 64 | 드론3 목적지25 |  783스텝 | 배송 25/25 | 재적재  4 | 중계율 0.21 | alpha 2.114 | complete
Ep 65 | 드론3 목적지47 | 1000스텝 | 배송 29/47 | 재적재  4 | 중계율 0.19 | alpha 2.198 | step_limit
Ep 66 | 드론4 목적지62 |  732스텝 | 배송 62/62 | 재적재 11 | 중계율 0.15 | alpha 2.253 | complete
Ep 67 | 드론3 목적지47 | 1000스텝 | 배송 41/47 | 재적재  7 | 중계율 0.23 | alpha 2.321 | step_limit
Ep 68 | 드론3 목적지59 | 1000스텝 | 배송 47/59 | 재적재  8 | 중계율 0.20 | alpha 2.383 | step_limit
Ep 69 | 드론4 목적지36 |  785스텝 | 배송 36/36 | 재적재  6 | 중계율 0.18 | alpha 2.430 | complete
Ep 70 | 드론4 목적지62 | 1000스텝 | 배송 58/62 | 재적재 11 | 중계율 0.27 | alpha 2.480 | step_limit
Ep 71 | 드론3 목적지25 |  361스텝 | 배송 25/25 | 재적재  3 | 중계율 0.12 | alpha 2.496 | complete
Ep 72 | 드론4 목적지36 |  906스텝 | 배송 36/36 | 재적재  6 | 중계율 0.28 | alpha 2.531 | complete
Ep 73 | 드론3 목적지54 | 1000스텝 | 배송 52/54 | 재적재  9 | 중계율 0.15 | alpha 2.564 | step_limit
Ep 74 | 드론4 목적지68 | 1000스텝 | 배송 60/68 | 재적재 10 | 중계율 0.26 | alpha 2.567 | step_limit
Ep 75 | 드론4 목적지36 |  946스텝 | 배송 36/36 | 재적재  4 | 중계율 0.31 | alpha 2.564 | complete
Ep 76 | 드론4 목적지71 | 1000스텝 | 배송 58/71 | 재적재  8 | 중계율 0.23 | alpha 2.565 | step_limit
Ep 77 | 드론3 목적지70 | 1000스텝 | 배송 57/70 | 재적재 11 | 중계율 0.16 | alpha 2.577 | step_limit
Ep 78 | 드론3 목적지65 | 1000스텝 | 배송 51/65 | 재적재  9 | 중계율 0.18 | alpha 2.601 | step_limit
Ep 79 | 드론3 목적지80 | 1000스텝 | 배송 62/80 | 재적재 11 | 중계율 0.12 | alpha 2.630 | step_limit
Ep 80 | 드론4 목적지55 | 1000스텝 | 배송 52/55 | 재적재  8 | 중계율 0.24 | alpha 2.631 | step_limit
Ep 81 | 드론3 목적지46 | 1000스텝 | 배송 31/46 | 재적재  5 | 중계율 0.23 | alpha 2.624 | step_limit
Ep 82 | 드론3 목적지51 | 1000스텝 | 배송 39/51 | 재적재  6 | 중계율 0.20 | alpha 2.611 | step_limit
Ep 83 | 드론4 목적지51 |  881스텝 | 배송 51/51 | 재적재  8 | 중계율 0.25 | alpha 2.593 | complete
Ep 84 | 드론4 목적지53 | 1000스텝 | 배송 52/53 | 재적재  9 | 중계율 0.23 | alpha 2.597 | step_limit
Ep 85 | 드론4 목적지38 |  500스텝 | 배송 38/38 | 재적재  6 | 중계율 0.18 | alpha 2.600 | complete
Ep 86 | 드론4 목적지52 |  490스텝 | 배송 52/52 | 재적재  8 | 중계율 0.12 | alpha 2.597 | complete
Ep 87 | 드론4 목적지65 | 1000스텝 | 배송 52/65 | 재적재  8 | 중계율 0.28 | alpha 2.613 | step_limit
Ep 88 | 드론3 목적지55 | 1000스텝 | 배송 49/55 | 재적재  8 | 중계율 0.18 | alpha 2.582 | step_limit
Ep 89 | 드론4 목적지41 |  705스텝 | 배송 41/41 | 재적재  6 | 중계율 0.24 | alpha 2.595 | complete
Ep 90 | 드론4 목적지57 |  672스텝 | 배송 57/57 | 재적재 10 | 중계율 0.15 | alpha 2.593 | complete
Ep 91 | 드론3 목적지52 | 1000스텝 | 배송 50/52 | 재적재  9 | 중계율 0.17 | alpha 2.580 | step_limit
Ep 92 | 드론3 목적지70 | 1000스텝 | 배송 60/70 | 재적재 10 | 중계율 0.14 | alpha 2.580 | step_limit
Ep 93 | 드론4 목적지73 | 1000스텝 | 배송 54/73 | 재적재  9 | 중계율 0.24 | alpha 2.555 | step_limit
Ep 94 | 드론3 목적지60 | 1000스텝 | 배송 50/60 | 재적재  9 | 중계율 0.17 | alpha 2.515 | step_limit
Ep 95 | 드론3 목적지37 |  868스텝 | 배송 37/37 | 재적재  6 | 중계율 0.14 | alpha 2.482 | complete
Ep 96 | 드론3 목적지35 |  954스텝 | 배송 35/35 | 재적재  6 | 중계율 0.17 | alpha 2.464 | complete
Ep 97 | 드론3 목적지47 |  901스텝 | 배송 47/47 | 재적재  9 | 중계율 0.13 | alpha 2.422 | complete
Ep 98 | 드론3 목적지57 | 1000스텝 | 배송 50/57 | 재적재  8 | 중계율 0.13 | alpha 2.362 | step_limit
Ep 99 | 드론3 목적지31 |  881스텝 | 배송 31/31 | 재적재  5 | 중계율 0.19 | alpha 2.332 | complete
Ep 100 | 드론4 목적지52 |  913스텝 | 배송 52/52 | 재적재  8 | 중계율 0.21 | alpha 2.288 | complete
  [홀드아웃] 배송 39.7±10.4 완주 0.97 스텝 994 점수 124.2 재적재 6.5 2홉+ 0.57 [4/50 1.00·1122 | 3/30 0.95·866] | 최고 124.2@ep100 정체 0/8  ← 갱신
Ep 101 | 드론4 목적지27 |  764스텝 | 배송 27/27 | 재적재  4 | 중계율 0.19 | alpha 2.275 | complete
Ep 102 | 드론4 목적지57 | 1000스텝 | 배송 47/57 | 재적재  8 | 중계율 0.21 | alpha 2.236 | step_limit
Ep 103 | 드론3 목적지78 | 1000스텝 | 배송 65/78 | 재적재 13 | 중계율 0.15 | alpha 2.209 | step_limit
Ep 104 | 드론4 목적지46 |  781스텝 | 배송 46/46 | 재적재  8 | 중계율 0.13 | alpha 2.192 | complete
Ep 105 | 드론3 목적지50 | 1000스텝 | 배송 44/50 | 재적재  7 | 중계율 0.15 | alpha 2.216 | step_limit
Ep 106 | 드론3 목적지32 |  858스텝 | 배송 32/32 | 재적재  5 | 중계율 0.17 | alpha 2.223 | complete
Ep 107 | 드론3 목적지39 |  977스텝 | 배송 39/39 | 재적재  7 | 중계율 0.19 | alpha 2.201 | complete
Ep 108 | 드론3 목적지46 | 1000스텝 | 배송 37/46 | 재적재  6 | 중계율 0.16 | alpha 2.204 | step_limit
Ep 109 | 드론3 목적지44 | 1000스텝 | 배송 43/44 | 재적재  8 | 중계율 0.19 | alpha 2.182 | step_limit
Ep 110 | 드론4 목적지21 |  377스텝 | 배송 21/21 | 재적재  3 | 중계율 0.21 | alpha 2.177 | complete
Ep 111 | 드론4 목적지66 | 1000스텝 | 배송 49/66 | 재적재  7 | 중계율 0.24 | alpha 2.155 | step_limit
Ep 112 | 드론3 목적지70 | 1000스텝 | 배송 34/70 | 재적재  5 | 중계율 0.12 | alpha 2.131 | step_limit
Ep 113 | 드론4 목적지51 | 1000스텝 | 배송 48/51 | 재적재  8 | 중계율 0.16 | alpha 2.110 | step_limit
Ep 114 | 드론3 목적지37 |  835스텝 | 배송 37/37 | 재적재  6 | 중계율 0.20 | alpha 2.077 | complete
Ep 115 | 드론3 목적지43 |  816스텝 | 배송 43/43 | 재적재  7 | 중계율 0.15 | alpha 2.062 | complete
Ep 116 | 드론3 목적지67 | 1000스텝 | 배송 56/67 | 재적재 10 | 중계율 0.16 | alpha 2.053 | step_limit
Ep 117 | 드론4 목적지55 |  797스텝 | 배송 55/55 | 재적재  8 | 중계율 0.16 | alpha 2.035 | complete
Ep 118 | 드론4 목적지22 | 1000스텝 | 배송 20/22 | 재적재  3 | 중계율 0.32 | alpha 2.026 | step_limit
Ep 119 | 드론4 목적지74 | 1000스텝 | 배송 73/74 | 재적재 14 | 중계율 0.15 | alpha 2.022 | step_limit
Ep 120 | 드론4 목적지23 |  344스텝 | 배송 23/23 | 재적재  4 | 중계율 0.16 | alpha 2.013 | complete
Ep 121 | 드론3 목적지75 | 1000스텝 | 배송 67/75 | 재적재 12 | 중계율 0.10 | alpha 1.993 | step_limit
Ep 122 | 드론3 목적지33 | 1000스텝 | 배송 30/33 | 재적재  5 | 중계율 0.14 | alpha 1.976 | step_limit
Ep 123 | 드론4 목적지31 |  617스텝 | 배송 31/31 | 재적재  5 | 중계율 0.18 | alpha 1.960 | complete
Ep 124 | 드론3 목적지78 | 1000스텝 | 배송 63/78 | 재적재 11 | 중계율 0.16 | alpha 1.946 | step_limit
Ep 125 | 드론3 목적지52 | 1000스텝 | 배송 50/52 | 재적재  8 | 중계율 0.22 | alpha 1.882 | step_limit
Ep 126 | 드론4 목적지57 |  687스텝 | 배송 57/57 | 재적재  9 | 중계율 0.12 | alpha 1.863 | complete
Ep 127 | 드론3 목적지62 | 1000스텝 | 배송 40/62 | 재적재  6 | 중계율 0.20 | alpha 1.864 | step_limit
Ep 128 | 드론4 목적지21 |  463스텝 | 배송 21/21 | 재적재  2 | 중계율 0.24 | alpha 1.875 | complete
Ep 129 | 드론3 목적지73 | 1000스텝 | 배송 56/73 | 재적재 11 | 중계율 0.14 | alpha 1.896 | step_limit
Ep 130 | 드론3 목적지61 | 1000스텝 | 배송 46/61 | 재적재  9 | 중계율 0.18 | alpha 1.925 | step_limit
Ep 131 | 드론4 목적지63 |  894스텝 | 배송 63/63 | 재적재 11 | 중계율 0.16 | alpha 1.906 | complete
Ep 132 | 드론4 목적지77 | 1000스텝 | 배송 68/77 | 재적재 12 | 중계율 0.23 | alpha 1.904 | step_limit
Ep 133 | 드론4 목적지40 |  576스텝 | 배송 40/40 | 재적재  7 | 중계율 0.12 | alpha 1.887 | complete
Ep 134 | 드론3 목적지54 | 1000스텝 | 배송 45/54 | 재적재  7 | 중계율 0.11 | alpha 1.851 | step_limit
Ep 135 | 드론4 목적지57 |  978스텝 | 배송 57/57 | 재적재 10 | 중계율 0.21 | alpha 1.814 | complete
Ep 136 | 드론4 목적지69 | 1000스텝 | 배송 57/69 | 재적재  9 | 중계율 0.24 | alpha 1.820 | step_limit
Ep 137 | 드론3 목적지40 |  989스텝 | 배송 40/40 | 재적재  6 | 중계율 0.24 | alpha 1.841 | complete
Ep 138 | 드론3 목적지22 |  516스텝 | 배송 22/22 | 재적재  4 | 중계율 0.11 | alpha 1.837 | complete
Ep 139 | 드론4 목적지52 | 1000스텝 | 배송 50/52 | 재적재  9 | 중계율 0.23 | alpha 1.795 | step_limit
Ep 140 | 드론3 목적지74 | 1000스텝 | 배송 63/74 | 재적재 11 | 중계율 0.16 | alpha 1.770 | step_limit
Ep 141 | 드론4 목적지29 |  770스텝 | 배송 29/29 | 재적재  3 | 중계율 0.24 | alpha 1.760 | complete
Ep 142 | 드론3 목적지42 | 1000스텝 | 배송 41/42 | 재적재  7 | 중계율 0.18 | alpha 1.756 | step_limit
Ep 143 | 드론3 목적지67 | 1000스텝 | 배송 56/67 | 재적재 11 | 중계율 0.16 | alpha 1.757 | step_limit
Ep 144 | 드론3 목적지27 |  524스텝 | 배송 27/27 | 재적재  4 | 중계율 0.16 | alpha 1.765 | complete
Ep 145 | 드론4 목적지54 |  940스텝 | 배송 54/54 | 재적재 10 | 중계율 0.18 | alpha 1.759 | complete
Ep 146 | 드론4 목적지34 |  597스텝 | 배송 34/34 | 재적재  5 | 중계율 0.17 | alpha 1.739 | complete
Ep 147 | 드론4 목적지72 |  972스텝 | 배송 72/72 | 재적재 14 | 중계율 0.19 | alpha 1.715 | complete
Ep 148 | 드론3 목적지21 |  421스텝 | 배송 21/21 | 재적재  3 | 중계율 0.08 | alpha 1.706 | complete
Ep 149 | 드론4 목적지56 |  931스텝 | 배송 56/56 | 재적재  9 | 중계율 0.18 | alpha 1.678 | complete
Ep 150 | 드론3 목적지53 | 1000스텝 | 배송 40/53 | 재적재  6 | 중계율 0.14 | alpha 1.629 | step_limit
  [홀드아웃] 배송 39.6±10.2 완주 0.96 스텝 965 점수 123.4 재적재 6.4 2홉+ 0.57 [4/50 0.95·1093 | 3/30 0.97·838] | 최고 124.2@ep100 정체 1/8
Ep 151 | 드론3 목적지76 | 1000스텝 | 배송 65/76 | 재적재 11 | 중계율 0.13 | alpha 1.617 | step_limit
Ep 152 | 드론4 목적지71 | 1000스텝 | 배송 68/71 | 재적재 12 | 중계율 0.15 | alpha 1.617 | step_limit
Ep 153 | 드론4 목적지60 | 1000스텝 | 배송 57/60 | 재적재 10 | 중계율 0.25 | alpha 1.626 | step_limit
Ep 154 | 드론4 목적지62 | 1000스텝 | 배송 54/62 | 재적재  9 | 중계율 0.26 | alpha 1.599 | step_limit
Ep 155 | 드론4 목적지52 |  718스텝 | 배송 52/52 | 재적재  9 | 중계율 0.14 | alpha 1.566 | complete
Ep 156 | 드론3 목적지71 | 1000스텝 | 배송 52/71 | 재적재  9 | 중계율 0.15 | alpha 1.556 | step_limit
Ep 157 | 드론3 목적지47 | 1000스텝 | 배송 45/47 | 재적재  8 | 중계율 0.11 | alpha 1.532 | step_limit
Ep 158 | 드론4 목적지28 |  351스텝 | 배송 28/28 | 재적재  3 | 중계율 0.14 | alpha 1.529 | complete
Ep 159 | 드론4 목적지70 |  990스텝 | 배송 70/70 | 재적재 12 | 중계율 0.19 | alpha 1.513 | complete
Ep 160 | 드론3 목적지34 |  763스텝 | 배송 34/34 | 재적재  6 | 중계율 0.16 | alpha 1.526 | complete
Ep 161 | 드론3 목적지68 | 1000스텝 | 배송 61/68 | 재적재 12 | 중계율 0.15 | alpha 1.515 | step_limit
Ep 162 | 드론3 목적지72 | 1000스텝 | 배송 60/72 | 재적재 10 | 중계율 0.18 | alpha 1.490 | step_limit
Ep 163 | 드론3 목적지53 | 1000스텝 | 배송 47/53 | 재적재  8 | 중계율 0.18 | alpha 1.484 | step_limit
Ep 164 | 드론3 목적지24 |  435스텝 | 배송 24/24 | 재적재  2 | 중계율 0.14 | alpha 1.475 | complete
Ep 165 | 드론4 목적지26 |  842스텝 | 배송 26/26 | 재적재  4 | 중계율 0.21 | alpha 1.451 | complete
Ep 166 | 드론4 목적지67 |  918스텝 | 배송 67/67 | 재적재 12 | 중계율 0.17 | alpha 1.455 | complete
Ep 167 | 드론4 목적지73 |  871스텝 | 배송 73/73 | 재적재 13 | 중계율 0.15 | alpha 1.443 | complete
Ep 168 | 드론3 목적지34 |  824스텝 | 배송 34/34 | 재적재  5 | 중계율 0.15 | alpha 1.465 | complete
Ep 169 | 드론4 목적지54 |  726스텝 | 배송 54/54 | 재적재 10 | 중계율 0.15 | alpha 1.467 | complete
Ep 170 | 드론4 목적지68 |  905스텝 | 배송 68/68 | 재적재 11 | 중계율 0.12 | alpha 1.479 | complete
Ep 171 | 드론4 목적지21 |  324스텝 | 배송 21/21 | 재적재  2 | 중계율 0.20 | alpha 1.483 | complete
Ep 172 | 드론3 목적지31 |  951스텝 | 배송 31/31 | 재적재  6 | 중계율 0.20 | alpha 1.475 | complete
Ep 173 | 드론4 목적지66 | 1000스텝 | 배송 64/66 | 재적재 12 | 중계율 0.15 | alpha 1.452 | step_limit
Ep 174 | 드론3 목적지37 |  681스텝 | 배송 37/37 | 재적재  6 | 중계율 0.06 | alpha 1.448 | complete
Ep 175 | 드론4 목적지76 | 1000스텝 | 배송 70/76 | 재적재 12 | 중계율 0.19 | alpha 1.458 | step_limit
Ep 176 | 드론3 목적지70 | 1000스텝 | 배송 51/70 | 재적재  8 | 중계율 0.18 | alpha 1.439 | step_limit
Ep 177 | 드론4 목적지72 | 1000스텝 | 배송 71/72 | 재적재 13 | 중계율 0.14 | alpha 1.433 | step_limit
Ep 178 | 드론3 목적지31 |  807스텝 | 배송 31/31 | 재적재  4 | 중계율 0.23 | alpha 1.436 | complete
Ep 179 | 드론4 목적지20 |  607스텝 | 배송 20/20 | 재적재  1 | 중계율 0.30 | alpha 1.429 | complete
Ep 180 | 드론3 목적지70 | 1000스텝 | 배송 56/70 | 재적재 10 | 중계율 0.11 | alpha 1.423 | step_limit
Ep 181 | 드론4 목적지80 | 1000스텝 | 배송 75/80 | 재적재 13 | 중계율 0.17 | alpha 1.417 | step_limit
Ep 182 | 드론3 목적지54 | 1000스텝 | 배송 53/54 | 재적재  9 | 중계율 0.15 | alpha 1.402 | step_limit
Ep 183 | 드론3 목적지80 | 1000스텝 | 배송 55/80 | 재적재 10 | 중계율 0.16 | alpha 1.407 | step_limit
Ep 184 | 드론4 목적지42 |  965스텝 | 배송 42/42 | 재적재  7 | 중계율 0.21 | alpha 1.416 | complete
Ep 185 | 드론3 목적지28 |  787스텝 | 배송 28/28 | 재적재  4 | 중계율 0.22 | alpha 1.403 | complete
Ep 186 | 드론3 목적지28 |  687스텝 | 배송 28/28 | 재적재  4 | 중계율 0.17 | alpha 1.396 | complete
Ep 187 | 드론3 목적지42 | 1000스텝 | 배송 35/42 | 재적재  6 | 중계율 0.17 | alpha 1.378 | step_limit
Ep 188 | 드론4 목적지35 |  693스텝 | 배송 35/35 | 재적재  5 | 중계율 0.17 | alpha 1.362 | complete
Ep 189 | 드론3 목적지28 |  603스텝 | 배송 28/28 | 재적재  5 | 중계율 0.12 | alpha 1.358 | complete
Ep 190 | 드론4 목적지21 |  334스텝 | 배송 21/21 | 재적재  3 | 중계율 0.19 | alpha 1.343 | complete
Ep 191 | 드론4 목적지26 |  444스텝 | 배송 26/26 | 재적재  4 | 중계율 0.11 | alpha 1.344 | complete
Ep 192 | 드론4 목적지60 | 1000스텝 | 배송 58/60 | 재적재 10 | 중계율 0.22 | alpha 1.310 | step_limit
Ep 193 | 드론4 목적지40 |  741스텝 | 배송 40/40 | 재적재  7 | 중계율 0.17 | alpha 1.304 | complete
Ep 194 | 드론4 목적지40 |  765스텝 | 배송 40/40 | 재적재  6 | 중계율 0.23 | alpha 1.303 | complete
Ep 195 | 드론4 목적지32 | 1000스텝 | 배송 30/32 | 재적재  4 | 중계율 0.33 | alpha 1.305 | step_limit
Ep 196 | 드론3 목적지72 | 1000스텝 | 배송 62/72 | 재적재 11 | 중계율 0.16 | alpha 1.318 | step_limit
Ep 197 | 드론4 목적지67 | 1000스텝 | 배송 62/67 | 재적재 10 | 중계율 0.21 | alpha 1.311 | step_limit
Ep 198 | 드론4 목적지27 |  673스텝 | 배송 27/27 | 재적재  4 | 중계율 0.21 | alpha 1.301 | complete
Ep 199 | 드론3 목적지33 | 1000스텝 | 배송 32/33 | 재적재  6 | 중계율 0.24 | alpha 1.294 | step_limit
Ep 200 | 드론4 목적지35 |  440스텝 | 배송 35/35 | 재적재  5 | 중계율 0.11 | alpha 1.300 | complete
  [홀드아웃] 배송 39.9±9.9 완주 0.97 스텝 932 점수 125.1 재적재 6.5 2홉+ 0.55 [4/50 0.95·1103 | 3/30 1.00·761] | 최고 125.1@ep200 정체 0/8  ← 갱신
Ep 201 | 드론3 목적지43 | 1000스텝 | 배송 41/43 | 재적재  7 | 중계율 0.20 | alpha 1.313 | step_limit
Ep 202 | 드론4 목적지40 |  748스텝 | 배송 40/40 | 재적재  7 | 중계율 0.26 | alpha 1.316 | complete
Ep 203 | 드론4 목적지45 |  630스텝 | 배송 45/45 | 재적재  7 | 중계율 0.17 | alpha 1.320 | complete
Ep 204 | 드론4 목적지77 | 1000스텝 | 배송 74/77 | 재적재 13 | 중계율 0.14 | alpha 1.324 | step_limit
Ep 205 | 드론4 목적지59 |  895스텝 | 배송 59/59 | 재적재 11 | 중계율 0.13 | alpha 1.323 | complete
Ep 206 | 드론4 목적지31 |  340스텝 | 배송 31/31 | 재적재  4 | 중계율 0.07 | alpha 1.319 | complete
Ep 207 | 드론4 목적지24 |  382스텝 | 배송 24/24 | 재적재  3 | 중계율 0.19 | alpha 1.302 | complete
Ep 208 | 드론3 목적지31 |  675스텝 | 배송 31/31 | 재적재  4 | 중계율 0.14 | alpha 1.300 | complete
Ep 209 | 드론4 목적지32 |  633스텝 | 배송 32/32 | 재적재  5 | 중계율 0.26 | alpha 1.293 | complete
