/home/kopt/enter/envs/wsl_neuroMCTS/lib/python3.10/site-packages/pygame/pkgdata.py:25: UserWarning: pkg_resources is deprecated as an API. See https://setuptools.pypa.io/en/latest/pkg_resources.html. The pkg_resources package is slated for removal as early as 2025-11-30. Refrain from using this package or pin to Setuptools<81.
  from pkg_resources import resource_stream, resource_exists
pygame 2.6.1 (SDL 2.28.4, Python 3.10.19)
Hello from the pygame community. https://www.pygame.org/contribute.html
집합 상위 학습 | 반경 300 상한 1000 무배송 500 gamma 0.997 구성=무작위 드론[3, 4] 목적지[20, 80] CC무작위 인스턴스=무작위 목표유지=off 완주보상=0.0 잔여페널티=0.1 규칙관측=False 규칙정규화=2.0/중계가중치=1.0 막힘페널티=0.0 중계크레딧=0.0/재분배=0.0/드론별보상=False 도달권shaping=0.0 정체전환보상=0.0 엔트로피비=0.6->0.25@400 자기회귀=True 결합critic=True 홀드아웃상한=3000 선택=makespan/속도가중치=40.0
/home/kopt/drone/proposed_src/pipeline/train_v5_26_09_15_23.py:416: UserWarning: Converting a tensor with requires_grad=True to a scalar may lead to unexpected behavior.
Consider using tensor.detach() first. (Triggered internally at /pytorch/torch/csrc/autograd/generated/python_variable_methods.cpp:836.)
  writer.add_scalar("train/alpha", float(log_alpha.exp()), ep)
Ep 1 | 드론3 목적지31 | 1000스텝 | 배송 25/31 | 재적재  3 | 중계율 0.20 | alpha 0.100 | step_limit
Ep 2 | 드론3 목적지37 | 1000스텝 | 배송 28/37 | 재적재  3 | 중계율 0.19 | alpha 0.100 | step_limit
Ep 3 | 드론4 목적지60 | 1000스텝 | 배송 47/60 | 재적재  7 | 중계율 0.20 | alpha 0.100 | step_limit
Ep 4 | 드론4 목적지48 | 1000스텝 | 배송 46/48 | 재적재  7 | 중계율 0.12 | alpha 0.100 | step_limit
Ep 5 | 드론3 목적지40 | 1000스텝 | 배송 35/40 | 재적재  5 | 중계율 0.31 | alpha 0.101 | step_limit
Ep 6 | 드론4 목적지49 |  707스텝 | 배송 49/49 | 재적재  8 | 중계율 0.34 | alpha 0.109 | complete
Ep 7 | 드론3 목적지63 | 1000스텝 | 배송 55/63 | 재적재 10 | 중계율 0.40 | alpha 0.120 | step_limit
Ep 8 | 드론3 목적지43 |  932스텝 | 배송 43/43 | 재적재  8 | 중계율 0.42 | alpha 0.129 | complete
Ep 9 | 드론4 목적지63 |  696스텝 | 배송 63/63 | 재적재 12 | 중계율 0.25 | alpha 0.137 | complete
Ep 10 | 드론4 목적지78 |  883스텝 | 배송 78/78 | 재적재 13 | 중계율 0.30 | alpha 0.146 | complete
Ep 11 | 드론3 목적지27 |  623스텝 | 배송 27/27 | 재적재  3 | 중계율 0.43 | alpha 0.153 | complete
Ep 12 | 드론4 목적지76 | 1000스텝 | 배송 68/76 | 재적재 13 | 중계율 0.24 | alpha 0.166 | step_limit
Ep 13 | 드론3 목적지70 |  979스텝 | 배송 70/70 | 재적재 11 | 중계율 0.26 | alpha 0.178 | complete
Ep 14 | 드론3 목적지40 |  926스텝 | 배송 40/40 | 재적재  6 | 중계율 0.42 | alpha 0.191 | complete
Ep 15 | 드론4 목적지63 |  948스텝 | 배송 63/63 | 재적재 10 | 중계율 0.36 | alpha 0.204 | complete
Ep 16 | 드론3 목적지56 | 1000스텝 | 배송 51/56 | 재적재  9 | 중계율 0.31 | alpha 0.220 | step_limit
Ep 17 | 드론3 목적지49 |  865스텝 | 배송 49/49 | 재적재  7 | 중계율 0.37 | alpha 0.234 | complete
Ep 18 | 드론4 목적지24 |  553스텝 | 배송 24/24 | 재적재  3 | 중계율 0.44 | alpha 0.244 | complete
Ep 19 | 드론3 목적지28 |  465스텝 | 배송 28/28 | 재적재  5 | 중계율 0.23 | alpha 0.252 | complete
Ep 20 | 드론4 목적지30 |  395스텝 | 배송 30/30 | 재적재  5 | 중계율 0.31 | alpha 0.260 | complete
Ep 21 | 드론4 목적지41 |  730스텝 | 배송 41/41 | 재적재  7 | 중계율 0.37 | alpha 0.273 | complete
Ep 22 | 드론4 목적지40 |  472스텝 | 배송 40/40 | 재적재  5 | 중계율 0.28 | alpha 0.283 | complete
Ep 23 | 드론3 목적지54 | 1000스텝 | 배송 50/54 | 재적재  8 | 중계율 0.39 | alpha 0.304 | step_limit
Ep 24 | 드론4 목적지43 |  679스텝 | 배송 43/43 | 재적재  7 | 중계율 0.41 | alpha 0.319 | complete
Ep 25 | 드론3 목적지56 |  913스텝 | 배송 56/56 | 재적재  9 | 중계율 0.33 | alpha 0.341 | complete
Ep 26 | 드론3 목적지20 |  465스텝 | 배송 20/20 | 재적재  3 | 중계율 0.31 | alpha 0.353 | complete
Ep 27 | 드론4 목적지58 | 1000스텝 | 배송 51/58 | 재적재  8 | 중계율 0.38 | alpha 0.379 | step_limit
Ep 28 | 드론3 목적지47 |  927스텝 | 배송 47/47 | 재적재  8 | 중계율 0.37 | alpha 0.406 | complete
Ep 29 | 드론3 목적지40 |  917스텝 | 배송 40/40 | 재적재  6 | 중계율 0.39 | alpha 0.434 | complete
Ep 30 | 드론4 목적지68 | 1000스텝 | 배송 67/68 | 재적재 12 | 중계율 0.33 | alpha 0.466 | step_limit
Ep 31 | 드론4 목적지79 | 1000스텝 | 배송 77/79 | 재적재 13 | 중계율 0.33 | alpha 0.501 | step_limit
Ep 32 | 드론3 목적지71 | 1000스텝 | 배송 66/71 | 재적재 11 | 중계율 0.29 | alpha 0.539 | step_limit
Ep 33 | 드론4 목적지66 |  894스텝 | 배송 66/66 | 재적재 10 | 중계율 0.33 | alpha 0.575 | complete
Ep 34 | 드론4 목적지21 |  763스텝 | 배송 21/21 | 재적재  2 | 중계율 0.42 | alpha 0.607 | complete
Ep 35 | 드론3 목적지35 |  961스텝 | 배송 35/35 | 재적재  6 | 중계율 0.35 | alpha 0.651 | complete
Ep 36 | 드론3 목적지39 |  913스텝 | 배송 39/39 | 재적재  5 | 중계율 0.41 | alpha 0.694 | complete
Ep 37 | 드론3 목적지78 | 1000스텝 | 배송 55/78 | 재적재  9 | 중계율 0.27 | alpha 0.745 | step_limit
Ep 38 | 드론3 목적지29 |  753스텝 | 배송 29/29 | 재적재  4 | 중계율 0.29 | alpha 0.785 | complete
Ep 39 | 드론4 목적지21 |  356스텝 | 배송 21/21 | 재적재  2 | 중계율 0.28 | alpha 0.805 | complete
Ep 40 | 드론4 목적지51 |  989스텝 | 배송 51/51 | 재적재  7 | 중계율 0.44 | alpha 0.861 | complete
Ep 41 | 드론3 목적지44 | 1000스텝 | 배송 37/44 | 재적재  7 | 중계율 0.34 | alpha 0.922 | step_limit
Ep 42 | 드론4 목적지42 |  836스텝 | 배송 42/42 | 재적재  6 | 중계율 0.44 | alpha 0.976 | complete
Ep 43 | 드론4 목적지53 | 1000스텝 | 배송 35/53 | 재적재  4 | 중계율 0.40 | alpha 1.044 | step_limit
Ep 44 | 드론3 목적지29 |  662스텝 | 배송 29/29 | 재적재  5 | 중계율 0.31 | alpha 1.090 | complete
Ep 45 | 드론3 목적지55 | 1000스텝 | 배송 48/55 | 재적재  9 | 중계율 0.32 | alpha 1.162 | step_limit
Ep 46 | 드론4 목적지65 |  922스텝 | 배송 65/65 | 재적재 10 | 중계율 0.30 | alpha 1.231 | complete
Ep 47 | 드론3 목적지44 |  853스텝 | 배송 44/44 | 재적재  8 | 중계율 0.26 | alpha 1.296 | complete
Ep 48 | 드론3 목적지66 | 1000스텝 | 배송 54/66 | 재적재  9 | 중계율 0.28 | alpha 1.376 | step_limit
Ep 49 | 드론4 목적지22 |  385스텝 | 배송 22/22 | 재적재  2 | 중계율 0.30 | alpha 1.408 | complete
Ep 50 | 드론4 목적지58 |  979스텝 | 배송 58/58 | 재적재  8 | 중계율 0.34 | alpha 1.491 | complete
  [홀드아웃] 배송 39.1±10.6 완주 0.89 스텝 942 점수 116.2 재적재 5.9 2홉+ 0.55 [4/50 0.93·1084 | 3/30 0.85·800] | 최고 116.2@ep50 정체 0/8  ← 갱신
Ep 51 | 드론4 목적지24 |  292스텝 | 배송 24/24 | 재적재  3 | 중계율 0.18 | alpha 1.516 | complete
Ep 52 | 드론3 목적지36 |  846스텝 | 배송 36/36 | 재적재  6 | 중계율 0.21 | alpha 1.589 | complete
Ep 53 | 드론4 목적지48 |  901스텝 | 배송 48/48 | 재적재  8 | 중계율 0.27 | alpha 1.670 | complete
Ep 54 | 드론4 목적지64 | 1000스텝 | 배송 47/64 | 재적재  6 | 중계율 0.36 | alpha 1.761 | step_limit
Ep 55 | 드론4 목적지22 |  343스텝 | 배송 22/22 | 재적재  2 | 중계율 0.21 | alpha 1.792 | complete
Ep 56 | 드론3 목적지61 | 1000스텝 | 배송 46/61 | 재적재  7 | 중계율 0.28 | alpha 1.887 | step_limit
Ep 57 | 드론3 목적지30 |  879스텝 | 배송 30/30 | 재적재  5 | 중계율 0.27 | alpha 1.969 | complete
Ep 58 | 드론4 목적지60 |  845스텝 | 배송 60/60 | 재적재 10 | 중계율 0.23 | alpha 2.050 | complete
Ep 59 | 드론4 목적지66 |  843스텝 | 배송 66/66 | 재적재 12 | 중계율 0.27 | alpha 2.129 | complete
Ep 60 | 드론3 목적지26 |  474스텝 | 배송 26/26 | 재적재  4 | 중계율 0.16 | alpha 2.175 | complete
Ep 61 | 드론4 목적지61 |  963스텝 | 배송 61/61 | 재적재 10 | 중계율 0.26 | alpha 2.262 | complete
Ep 62 | 드론4 목적지56 |  910스텝 | 배송 56/56 | 재적재  8 | 중계율 0.21 | alpha 2.343 | complete
Ep 63 | 드론4 목적지73 | 1000스텝 | 배송 55/73 | 재적재  8 | 중계율 0.31 | alpha 2.428 | step_limit
Ep 64 | 드론4 목적지28 |  455스텝 | 배송 28/28 | 재적재  3 | 중계율 0.30 | alpha 2.465 | complete
Ep 65 | 드론3 목적지35 |  911스텝 | 배송 35/35 | 재적재  5 | 중계율 0.32 | alpha 2.540 | complete
Ep 66 | 드론3 목적지41 |  927스텝 | 배송 41/41 | 재적재  7 | 중계율 0.27 | alpha 2.614 | complete
Ep 67 | 드론4 목적지72 | 1000스텝 | 배송 70/72 | 재적재 12 | 중계율 0.22 | alpha 2.682 | step_limit
Ep 68 | 드론4 목적지34 |  578스텝 | 배송 34/34 | 재적재  6 | 중계율 0.23 | alpha 2.712 | complete
Ep 69 | 드론4 목적지70 | 1000스텝 | 배송 68/70 | 재적재 13 | 중계율 0.26 | alpha 2.757 | step_limit
Ep 70 | 드론4 목적지31 |  538스텝 | 배송 31/31 | 재적재  5 | 중계율 0.25 | alpha 2.761 | complete
Ep 71 | 드론4 목적지24 |  514스텝 | 배송 24/24 | 재적재  3 | 중계율 0.25 | alpha 2.765 | complete
Ep 72 | 드론4 목적지70 | 1000스텝 | 배송 65/70 | 재적재 12 | 중계율 0.31 | alpha 2.770 | step_limit
Ep 73 | 드론4 목적지40 | 1000스텝 | 배송 31/40 | 재적재  4 | 중계율 0.29 | alpha 2.770 | step_limit
Ep 74 | 드론4 목적지60 |  972스텝 | 배송 60/60 | 재적재 10 | 중계율 0.14 | alpha 2.753 | complete
Ep 75 | 드론3 목적지22 |  634스텝 | 배송 22/22 | 재적재  3 | 중계율 0.18 | alpha 2.748 | complete
Ep 76 | 드론4 목적지38 | 1000스텝 | 배송 35/38 | 재적재  6 | 중계율 0.19 | alpha 2.736 | step_limit
Ep 77 | 드론3 목적지24 |  677스텝 | 배송 24/24 | 재적재  4 | 중계율 0.18 | alpha 2.732 | complete
Ep 78 | 드론3 목적지31 | 1000스텝 | 배송 29/31 | 재적재  4 | 중계율 0.22 | alpha 2.725 | step_limit
Ep 79 | 드론4 목적지39 |  662스텝 | 배송 39/39 | 재적재  7 | 중계율 0.18 | alpha 2.731 | complete
Ep 80 | 드론3 목적지53 |  749스텝 | 배송 53/53 | 재적재  8 | 중계율 0.19 | alpha 2.742 | complete
Ep 81 | 드론3 목적지72 | 1000스텝 | 배송 65/72 | 재적재 10 | 중계율 0.18 | alpha 2.737 | step_limit
Ep 82 | 드론4 목적지72 |  854스텝 | 배송 72/72 | 재적재 13 | 중계율 0.19 | alpha 2.714 | complete
Ep 83 | 드론3 목적지41 |  804스텝 | 배송 41/41 | 재적재  6 | 중계율 0.28 | alpha 2.684 | complete
Ep 84 | 드론3 목적지43 | 1000스텝 | 배송 41/43 | 재적재  7 | 중계율 0.20 | alpha 2.632 | step_limit
Ep 85 | 드론3 목적지42 | 1000스텝 | 배송 41/42 | 재적재  8 | 중계율 0.25 | alpha 2.610 | step_limit
Ep 86 | 드론3 목적지48 | 1000스텝 | 배송 47/48 | 재적재  9 | 중계율 0.23 | alpha 2.592 | step_limit
Ep 87 | 드론3 목적지44 | 1000스텝 | 배송 40/44 | 재적재  7 | 중계율 0.24 | alpha 2.584 | step_limit
Ep 88 | 드론3 목적지59 | 1000스텝 | 배송 57/59 | 재적재  9 | 중계율 0.26 | alpha 2.553 | step_limit
Ep 89 | 드론3 목적지75 | 1000스텝 | 배송 66/75 | 재적재 11 | 중계율 0.19 | alpha 2.554 | step_limit
Ep 90 | 드론3 목적지68 | 1000스텝 | 배송 53/68 | 재적재  9 | 중계율 0.21 | alpha 2.539 | step_limit
Ep 91 | 드론3 목적지33 |  875스텝 | 배송 33/33 | 재적재  6 | 중계율 0.24 | alpha 2.525 | complete
Ep 92 | 드론3 목적지61 | 1000스텝 | 배송 51/61 | 재적재  9 | 중계율 0.21 | alpha 2.532 | step_limit
Ep 93 | 드론3 목적지69 | 1000스텝 | 배송 64/69 | 재적재 10 | 중계율 0.26 | alpha 2.567 | step_limit
Ep 94 | 드론4 목적지34 |  711스텝 | 배송 34/34 | 재적재  5 | 중계율 0.16 | alpha 2.593 | complete
Ep 95 | 드론4 목적지28 |  419스텝 | 배송 28/28 | 재적재  4 | 중계율 0.17 | alpha 2.603 | complete
Ep 96 | 드론3 목적지62 | 1000스텝 | 배송 51/62 | 재적재 10 | 중계율 0.27 | alpha 2.569 | step_limit
Ep 97 | 드론3 목적지43 |  921스텝 | 배송 43/43 | 재적재  8 | 중계율 0.18 | alpha 2.554 | complete
Ep 98 | 드론3 목적지77 | 1000스텝 | 배송 67/77 | 재적재 12 | 중계율 0.23 | alpha 2.482 | step_limit
Ep 99 | 드론3 목적지48 | 1000스텝 | 배송 42/48 | 재적재  6 | 중계율 0.24 | alpha 2.460 | step_limit
Ep 100 | 드론3 목적지55 | 1000스텝 | 배송 49/55 | 재적재  8 | 중계율 0.24 | alpha 2.445 | step_limit
  [홀드아웃] 배송 40.0±10.0 완주 1.00 스텝 970 점수 127.1 재적재 6.3 2홉+ 0.55 [4/50 1.00·1086 | 3/30 1.00·855] | 최고 127.1@ep100 정체 0/8  ← 갱신
Ep 101 | 드론4 목적지65 | 1000스텝 | 배송 62/65 | 재적재 11 | 중계율 0.20 | alpha 2.440 | step_limit
Ep 102 | 드론4 목적지77 | 1000스텝 | 배송 70/77 | 재적재 13 | 중계율 0.15 | alpha 2.442 | step_limit
Ep 103 | 드론4 목적지74 | 1000스텝 | 배송 65/74 | 재적재 10 | 중계율 0.27 | alpha 2.404 | step_limit
Ep 104 | 드론3 목적지55 | 1000스텝 | 배송 49/55 | 재적재  8 | 중계율 0.26 | alpha 2.401 | step_limit
Ep 105 | 드론3 목적지49 |  979스텝 | 배송 49/49 | 재적재  8 | 중계율 0.21 | alpha 2.331 | complete
Ep 106 | 드론4 목적지72 | 1000스텝 | 배송 67/72 | 재적재 12 | 중계율 0.21 | alpha 2.327 | step_limit
Ep 107 | 드론3 목적지67 | 1000스텝 | 배송 54/67 | 재적재 10 | 중계율 0.13 | alpha 2.297 | step_limit
Ep 108 | 드론3 목적지78 | 1000스텝 | 배송 52/78 | 재적재  9 | 중계율 0.09 | alpha 2.276 | step_limit
Ep 109 | 드론4 목적지56 |  879스텝 | 배송 56/56 | 재적재  9 | 중계율 0.25 | alpha 2.300 | complete
Ep 110 | 드론3 목적지75 | 1000스텝 | 배송 59/75 | 재적재 10 | 중계율 0.24 | alpha 2.289 | step_limit
Ep 111 | 드론4 목적지75 | 1000스텝 | 배송 63/75 | 재적재 11 | 중계율 0.26 | alpha 2.258 | step_limit
Ep 112 | 드론4 목적지53 |  875스텝 | 배송 53/53 | 재적재 10 | 중계율 0.33 | alpha 2.211 | complete
Ep 113 | 드론4 목적지24 |  617스텝 | 배송 24/24 | 재적재  4 | 중계율 0.34 | alpha 2.212 | complete
Ep 114 | 드론3 목적지59 | 1000스텝 | 배송 49/59 | 재적재  8 | 중계율 0.26 | alpha 2.190 | step_limit
Ep 115 | 드론4 목적지71 | 1000스텝 | 배송 63/71 | 재적재 10 | 중계율 0.26 | alpha 2.214 | step_limit
Ep 116 | 드론4 목적지71 | 1000스텝 | 배송 70/71 | 재적재 13 | 중계율 0.21 | alpha 2.212 | step_limit
Ep 117 | 드론3 목적지29 |  618스텝 | 배송 29/29 | 재적재  4 | 중계율 0.24 | alpha 2.179 | complete
Ep 118 | 드론3 목적지45 |  850스텝 | 배송 45/45 | 재적재  8 | 중계율 0.13 | alpha 2.180 | complete
Ep 119 | 드론3 목적지67 | 1000스텝 | 배송 44/67 | 재적재  7 | 중계율 0.24 | alpha 2.161 | step_limit
Ep 120 | 드론4 목적지39 |  600스텝 | 배송 39/39 | 재적재  7 | 중계율 0.14 | alpha 2.157 | complete
Ep 121 | 드론4 목적지63 | 1000스텝 | 배송 62/63 | 재적재 11 | 중계율 0.25 | alpha 2.141 | step_limit
Ep 122 | 드론3 목적지34 | 1000스텝 | 배송 33/34 | 재적재  5 | 중계율 0.30 | alpha 2.104 | step_limit
Ep 123 | 드론3 목적지29 |  810스텝 | 배송 29/29 | 재적재  5 | 중계율 0.25 | alpha 2.067 | complete
Ep 124 | 드론4 목적지41 |  502스텝 | 배송 41/41 | 재적재  7 | 중계율 0.16 | alpha 2.053 | complete
Ep 125 | 드론4 목적지36 |  537스텝 | 배송 36/36 | 재적재  6 | 중계율 0.19 | alpha 2.042 | complete
Ep 126 | 드론3 목적지43 | 1000스텝 | 배송 40/43 | 재적재  7 | 중계율 0.23 | alpha 2.062 | step_limit
Ep 127 | 드론4 목적지38 |  494스텝 | 배송 38/38 | 재적재  5 | 중계율 0.17 | alpha 2.064 | complete
Ep 128 | 드론3 목적지52 |  803스텝 | 배송 52/52 | 재적재  9 | 중계율 0.16 | alpha 2.050 | complete
Ep 129 | 드론4 목적지26 |  654스텝 | 배송 26/26 | 재적재  4 | 중계율 0.28 | alpha 2.026 | complete
Ep 130 | 드론4 목적지52 | 1000스텝 | 배송 51/52 | 재적재  8 | 중계율 0.30 | alpha 1.983 | step_limit
Ep 131 | 드론4 목적지62 |  966스텝 | 배송 62/62 | 재적재 11 | 중계율 0.20 | alpha 1.961 | complete
Ep 132 | 드론3 목적지78 | 1000스텝 | 배송 66/78 | 재적재 12 | 중계율 0.20 | alpha 1.960 | step_limit
Ep 133 | 드론4 목적지65 |  795스텝 | 배송 65/65 | 재적재 12 | 중계율 0.14 | alpha 1.950 | complete
Ep 134 | 드론3 목적지58 |  966스텝 | 배송 58/58 | 재적재 11 | 중계율 0.17 | alpha 1.903 | complete
Ep 135 | 드론3 목적지60 | 1000스텝 | 배송 56/60 | 재적재 10 | 중계율 0.15 | alpha 1.864 | step_limit
Ep 136 | 드론3 목적지34 |  813스텝 | 배송 34/34 | 재적재  5 | 중계율 0.17 | alpha 1.864 | complete
Ep 137 | 드론4 목적지70 |  827스텝 | 배송 70/70 | 재적재 13 | 중계율 0.15 | alpha 1.864 | complete
Ep 138 | 드론3 목적지22 |  607스텝 | 배송 22/22 | 재적재  3 | 중계율 0.21 | alpha 1.843 | complete
Ep 139 | 드론4 목적지53 |  716스텝 | 배송 53/53 | 재적재 10 | 중계율 0.16 | alpha 1.827 | complete
Ep 140 | 드론4 목적지65 | 1000스텝 | 배송 58/65 | 재적재 10 | 중계율 0.24 | alpha 1.825 | step_limit
Ep 141 | 드론4 목적지55 |  980스텝 | 배송 55/55 | 재적재  8 | 중계율 0.27 | alpha 1.832 | complete
Ep 142 | 드론4 목적지55 |  547스텝 | 배송 55/55 | 재적재 10 | 중계율 0.11 | alpha 1.828 | complete
Ep 143 | 드론3 목적지80 | 1000스텝 | 배송 59/80 | 재적재 10 | 중계율 0.20 | alpha 1.816 | step_limit
Ep 144 | 드론3 목적지35 |  866스텝 | 배송 35/35 | 재적재  5 | 중계율 0.25 | alpha 1.801 | complete
Ep 145 | 드론3 목적지65 | 1000스텝 | 배송 60/65 | 재적재 10 | 중계율 0.16 | alpha 1.814 | step_limit
Ep 146 | 드론4 목적지47 | 1000스텝 | 배송 42/47 | 재적재  7 | 중계율 0.29 | alpha 1.810 | step_limit
Ep 147 | 드론4 목적지22 |  468스텝 | 배송 22/22 | 재적재  3 | 중계율 0.19 | alpha 1.800 | complete
Ep 148 | 드론3 목적지32 |  649스텝 | 배송 32/32 | 재적재  5 | 중계율 0.28 | alpha 1.785 | complete
Ep 149 | 드론4 목적지47 |  851스텝 | 배송 47/47 | 재적재  7 | 중계율 0.28 | alpha 1.788 | complete
Ep 150 | 드론3 목적지38 |  665스텝 | 배송 38/38 | 재적재  6 | 중계율 0.18 | alpha 1.778 | complete
  [홀드아웃] 배송 40.0±10.0 완주 0.99 스텝 936 점수 126.3 재적재 6.2 2홉+ 0.57 [4/50 0.97·1072 | 3/30 1.00·800] | 최고 127.1@ep100 정체 1/8
Ep 151 | 드론4 목적지41 |  741스텝 | 배송 41/41 | 재적재  6 | 중계율 0.19 | alpha 1.782 | complete
Ep 152 | 드론4 목적지74 | 1000스텝 | 배송 71/74 | 재적재 12 | 중계율 0.20 | alpha 1.782 | step_limit
Ep 153 | 드론3 목적지57 | 1000스텝 | 배송 44/57 | 재적재  8 | 중계율 0.18 | alpha 1.798 | step_limit
Ep 154 | 드론3 목적지69 | 1000스텝 | 배송 60/69 | 재적재 10 | 중계율 0.19 | alpha 1.779 | step_limit
Ep 155 | 드론3 목적지61 | 1000스텝 | 배송 60/61 | 재적재 11 | 중계율 0.24 | alpha 1.759 | step_limit
Ep 156 | 드론4 목적지42 |  719스텝 | 배송 42/42 | 재적재  6 | 중계율 0.26 | alpha 1.764 | complete
Ep 157 | 드론3 목적지31 |  821스텝 | 배송 31/31 | 재적재  5 | 중계율 0.21 | alpha 1.780 | complete
Ep 158 | 드론3 목적지20 |  509스텝 | 배송 20/20 | 재적재  3 | 중계율 0.21 | alpha 1.763 | complete
Ep 159 | 드론3 목적지53 |  920스텝 | 배송 19/53 | 재적재  2 | 중계율 0.25 | alpha 1.753 | no_progress
Ep 160 | 드론4 목적지49 | 1000스텝 | 배송 47/49 | 재적재  8 | 중계율 0.21 | alpha 1.744 | step_limit
Ep 161 | 드론3 목적지20 |  419스텝 | 배송 20/20 | 재적재  3 | 중계율 0.21 | alpha 1.730 | complete
Ep 162 | 드론3 목적지57 | 1000스텝 | 배송 50/57 | 재적재  9 | 중계율 0.26 | alpha 1.707 | step_limit
Ep 163 | 드론3 목적지40 |  835스텝 | 배송 40/40 | 재적재  7 | 중계율 0.21 | alpha 1.707 | complete
Ep 164 | 드론3 목적지71 | 1000스텝 | 배송 56/71 | 재적재 10 | 중계율 0.23 | alpha 1.700 | step_limit
Ep 165 | 드론4 목적지80 | 1000스텝 | 배송 72/80 | 재적재 12 | 중계율 0.23 | alpha 1.700 | step_limit
Ep 166 | 드론4 목적지80 | 1000스텝 | 배송 71/80 | 재적재 11 | 중계율 0.23 | alpha 1.697 | step_limit
Ep 167 | 드론3 목적지23 |  715스텝 | 배송 23/23 | 재적재  3 | 중계율 0.25 | alpha 1.689 | complete
Ep 168 | 드론4 목적지63 | 1000스텝 | 배송 56/63 | 재적재 10 | 중계율 0.25 | alpha 1.699 | step_limit
Ep 169 | 드론4 목적지40 |  558스텝 | 배송 40/40 | 재적재  7 | 중계율 0.22 | alpha 1.703 | complete
Ep 170 | 드론3 목적지63 |  979스텝 | 배송 63/63 | 재적재 12 | 중계율 0.18 | alpha 1.695 | complete
Ep 171 | 드론3 목적지45 | 1000스텝 | 배송 42/45 | 재적재  6 | 중계율 0.24 | alpha 1.673 | step_limit
Ep 172 | 드론3 목적지31 |  743스텝 | 배송 31/31 | 재적재  5 | 중계율 0.19 | alpha 1.657 | complete
Ep 173 | 드론4 목적지41 |  817스텝 | 배송 41/41 | 재적재  6 | 중계율 0.27 | alpha 1.649 | complete
Ep 174 | 드론3 목적지77 | 1000스텝 | 배송 67/77 | 재적재 11 | 중계율 0.17 | alpha 1.667 | step_limit
Ep 175 | 드론4 목적지41 | 1000스텝 | 배송 39/41 | 재적재  6 | 중계율 0.29 | alpha 1.671 | step_limit
Ep 176 | 드론4 목적지29 |  628스텝 | 배송 29/29 | 재적재  5 | 중계율 0.22 | alpha 1.636 | complete
Ep 177 | 드론4 목적지52 |  808스텝 | 배송 52/52 | 재적재  9 | 중계율 0.19 | alpha 1.629 | complete
Ep 178 | 드론3 목적지59 | 1000스텝 | 배송 57/59 | 재적재  9 | 중계율 0.27 | alpha 1.625 | step_limit
Ep 179 | 드론4 목적지34 |  625스텝 | 배송 34/34 | 재적재  6 | 중계율 0.27 | alpha 1.602 | complete
Ep 180 | 드론4 목적지33 |  685스텝 | 배송 33/33 | 재적재  4 | 중계율 0.29 | alpha 1.582 | complete
Ep 181 | 드론4 목적지80 | 1000스텝 | 배송 74/80 | 재적재 12 | 중계율 0.26 | alpha 1.539 | step_limit
Ep 182 | 드론3 목적지70 | 1000스텝 | 배송 56/70 | 재적재 10 | 중계율 0.25 | alpha 1.533 | step_limit
Ep 183 | 드론4 목적지54 |  889스텝 | 배송 54/54 | 재적재  9 | 중계율 0.26 | alpha 1.539 | complete
Ep 184 | 드론4 목적지63 |  975스텝 | 배송 63/63 | 재적재 10 | 중계율 0.27 | alpha 1.534 | complete
Ep 185 | 드론4 목적지68 | 1000스텝 | 배송 54/68 | 재적재 10 | 중계율 0.26 | alpha 1.519 | step_limit
Ep 186 | 드론4 목적지77 | 1000스텝 | 배송 71/77 | 재적재 13 | 중계율 0.17 | alpha 1.509 | step_limit
Ep 187 | 드론3 목적지30 |  550스텝 | 배송 30/30 | 재적재  5 | 중계율 0.22 | alpha 1.509 | complete
Ep 188 | 드론3 목적지64 | 1000스텝 | 배송 63/64 | 재적재 12 | 중계율 0.15 | alpha 1.495 | step_limit
Ep 189 | 드론3 목적지28 | 1000스텝 | 배송 26/28 | 재적재  4 | 중계율 0.22 | alpha 1.480 | step_limit
Ep 190 | 드론3 목적지38 |  966스텝 | 배송 38/38 | 재적재  7 | 중계율 0.16 | alpha 1.496 | complete
Ep 191 | 드론4 목적지22 |  318스텝 | 배송 22/22 | 재적재  1 | 중계율 0.22 | alpha 1.492 | complete
Ep 192 | 드론3 목적지69 | 1000스텝 | 배송 59/69 | 재적재 10 | 중계율 0.18 | alpha 1.517 | step_limit
Ep 193 | 드론4 목적지65 | 1000스텝 | 배송 60/65 | 재적재  9 | 중계율 0.24 | alpha 1.544 | step_limit
Ep 194 | 드론3 목적지43 |  824스텝 | 배송 43/43 | 재적재  7 | 중계율 0.17 | alpha 1.551 | complete
Ep 195 | 드론4 목적지57 | 1000스텝 | 배송 53/57 | 재적재  8 | 중계율 0.30 | alpha 1.549 | step_limit
Ep 196 | 드론4 목적지67 | 1000스텝 | 배송 65/67 | 재적재 11 | 중계율 0.21 | alpha 1.527 | step_limit
Ep 197 | 드론4 목적지26 |  547스텝 | 배송 26/26 | 재적재  4 | 중계율 0.25 | alpha 1.527 | complete
Ep 198 | 드론4 목적지53 | 1000스텝 | 배송 50/53 | 재적재  8 | 중계율 0.27 | alpha 1.500 | step_limit
Ep 199 | 드론4 목적지79 | 1000스텝 | 배송 60/79 | 재적재 11 | 중계율 0.24 | alpha 1.492 | step_limit
Ep 200 | 드론3 목적지73 | 1000스텝 | 배송 66/73 | 재적재 11 | 중계율 0.19 | alpha 1.471 | step_limit
  [홀드아웃] 배송 40.0±10.1 완주 0.99 스텝 968 점수 125.8 재적재 6.5 2홉+ 0.55 [4/50 1.00·1078 | 3/30 0.97·858] | 최고 127.1@ep100 정체 2/8
Ep 201 | 드론4 목적지24 |  329스텝 | 배송 24/24 | 재적재  3 | 중계율 0.10 | alpha 1.467 | complete
Ep 202 | 드론3 목적지21 |  443스텝 | 배송 21/21 | 재적재  3 | 중계율 0.18 | alpha 1.468 | complete
Ep 203 | 드론3 목적지23 |  653스텝 | 배송 23/23 | 재적재  4 | 중계율 0.31 | alpha 1.468 | complete
Ep 204 | 드론4 목적지72 | 1000스텝 | 배송 64/72 | 재적재 12 | 중계율 0.19 | alpha 1.438 | step_limit
