/home/kopt/enter/envs/wsl_neuroMCTS/lib/python3.10/site-packages/pygame/pkgdata.py:25: UserWarning: pkg_resources is deprecated as an API. See https://setuptools.pypa.io/en/latest/pkg_resources.html. The pkg_resources package is slated for removal as early as 2025-11-30. Refrain from using this package or pin to Setuptools<81.
  from pkg_resources import resource_stream, resource_exists
pygame 2.6.1 (SDL 2.28.4, Python 3.10.19)
Hello from the pygame community. https://www.pygame.org/contribute.html
집합 상위 학습 | 반경 300 상한 1000 무배송 500 gamma 0.997 구성=무작위 드론[3, 4] 목적지[20, 80] CC무작위 인스턴스=무작위 목표유지=off 완주보상=0.0 잔여페널티=0.1 규칙관측=False 규칙정규화=2.0/중계가중치=1.0 막힘페널티=0.0 중계크레딧=0.0/재분배=0.0/드론별보상=False 도달권shaping=0.0 정체전환보상=0.0 엔트로피비=0.6->0.25@400 자기회귀=True 결합critic=True 홀드아웃상한=3000 선택=makespan/속도가중치=40.0
/home/kopt/drone/proposed_src/pipeline/train_v5_26_09_15_23.py:416: UserWarning: Converting a tensor with requires_grad=True to a scalar may lead to unexpected behavior.
Consider using tensor.detach() first. (Triggered internally at /pytorch/torch/csrc/autograd/generated/python_variable_methods.cpp:836.)
  writer.add_scalar("train/alpha", float(log_alpha.exp()), ep)
Ep 1 | 드론4 목적지57 | 1000스텝 | 배송 45/57 | 재적재  8 | 중계율 0.16 | alpha 0.100 | step_limit
Ep 2 | 드론3 목적지50 | 1000스텝 | 배송 40/50 | 재적재  7 | 중계율 0.17 | alpha 0.100 | step_limit
Ep 3 | 드론4 목적지72 | 1000스텝 | 배송 50/72 | 재적재  8 | 중계율 0.15 | alpha 0.100 | step_limit
Ep 4 | 드론3 목적지46 | 1000스텝 | 배송 37/46 | 재적재  6 | 중계율 0.13 | alpha 0.100 | step_limit
Ep 5 | 드론3 목적지58 | 1000스텝 | 배송 44/58 | 재적재  6 | 중계율 0.34 | alpha 0.104 | step_limit
Ep 6 | 드론3 목적지61 | 1000스텝 | 배송 60/61 | 재적재  9 | 중계율 0.32 | alpha 0.115 | step_limit
Ep 7 | 드론3 목적지30 |  684스텝 | 배송 30/30 | 재적재  3 | 중계율 0.40 | alpha 0.122 | complete
Ep 8 | 드론3 목적지69 | 1000스텝 | 배송 59/69 | 재적재  9 | 중계율 0.34 | alpha 0.133 | step_limit
Ep 9 | 드론3 목적지66 | 1000스텝 | 배송 38/66 | 재적재  7 | 중계율 0.19 | alpha 0.144 | step_limit
Ep 10 | 드론3 목적지26 |  410스텝 | 배송 26/26 | 재적재  3 | 중계율 0.29 | alpha 0.148 | complete
Ep 11 | 드론4 목적지32 |  314스텝 | 배송 32/32 | 재적재  3 | 중계율 0.22 | alpha 0.152 | complete
Ep 12 | 드론3 목적지35 |  578스텝 | 배송 35/35 | 재적재  6 | 중계율 0.25 | alpha 0.159 | complete
Ep 13 | 드론3 목적지23 |  313스텝 | 배송 23/23 | 재적재  3 | 중계율 0.25 | alpha 0.163 | complete
Ep 14 | 드론3 목적지61 | 1000스텝 | 배송 56/61 | 재적재 10 | 중계율 0.33 | alpha 0.176 | step_limit
Ep 15 | 드론4 목적지78 | 1000스텝 | 배송 64/78 | 재적재 11 | 중계율 0.21 | alpha 0.189 | step_limit
Ep 16 | 드론4 목적지46 | 1000스텝 | 배송 45/46 | 재적재  7 | 중계율 0.25 | alpha 0.204 | step_limit
Ep 17 | 드론4 목적지74 |  874스텝 | 배송 74/74 | 재적재 12 | 중계율 0.23 | alpha 0.217 | complete
Ep 18 | 드론3 목적지24 |  599스텝 | 배송 24/24 | 재적재  2 | 중계율 0.32 | alpha 0.227 | complete
Ep 19 | 드론4 목적지24 |  374스텝 | 배송 24/24 | 재적재  3 | 중계율 0.31 | alpha 0.233 | complete
Ep 20 | 드론3 목적지66 | 1000스텝 | 배송 58/66 | 재적재 11 | 중계율 0.19 | alpha 0.251 | step_limit
Ep 21 | 드론3 목적지43 |  609스텝 | 배송 43/43 | 재적재  7 | 중계율 0.24 | alpha 0.262 | complete
Ep 22 | 드론3 목적지43 |  872스텝 | 배송 43/43 | 재적재  7 | 중계율 0.17 | alpha 0.279 | complete
Ep 23 | 드론3 목적지22 |  612스텝 | 배송 22/22 | 재적재  4 | 중계율 0.37 | alpha 0.292 | complete
Ep 24 | 드론3 목적지35 | 1000스텝 | 배송 34/35 | 재적재  6 | 중계율 0.26 | alpha 0.315 | step_limit
Ep 25 | 드론4 목적지25 |  473스텝 | 배송 25/25 | 재적재  3 | 중계율 0.37 | alpha 0.326 | complete
Ep 26 | 드론3 목적지79 | 1000스텝 | 배송 56/79 | 재적재 11 | 중계율 0.19 | alpha 0.351 | step_limit
Ep 27 | 드론4 목적지63 | 1000스텝 | 배송 55/63 | 재적재 11 | 중계율 0.39 | alpha 0.378 | step_limit
Ep 28 | 드론3 목적지77 | 1000스텝 | 배송 65/77 | 재적재 12 | 중계율 0.30 | alpha 0.406 | step_limit
Ep 29 | 드론3 목적지34 |  667스텝 | 배송 34/34 | 재적재  5 | 중계율 0.34 | alpha 0.425 | complete
Ep 30 | 드론3 목적지25 |  515스텝 | 배송 25/25 | 재적재  3 | 중계율 0.40 | alpha 0.441 | complete
Ep 31 | 드론4 목적지68 |  831스텝 | 배송 68/68 | 재적재 11 | 중계율 0.28 | alpha 0.468 | complete
Ep 32 | 드론3 목적지79 | 1000스텝 | 배송 61/79 | 재적재 11 | 중계율 0.32 | alpha 0.503 | step_limit
Ep 33 | 드론3 목적지62 | 1000스텝 | 배송 53/62 | 재적재 10 | 중계율 0.27 | alpha 0.541 | step_limit
Ep 34 | 드론3 목적지33 |  607스텝 | 배송 33/33 | 재적재  5 | 중계율 0.24 | alpha 0.565 | complete
Ep 35 | 드론3 목적지26 |  681스텝 | 배송 26/26 | 재적재  4 | 중계율 0.38 | alpha 0.593 | complete
Ep 36 | 드론3 목적지57 | 1000스텝 | 배송 55/57 | 재적재 10 | 중계율 0.36 | alpha 0.637 | step_limit
Ep 37 | 드론3 목적지29 |  775스텝 | 배송 29/29 | 재적재  5 | 중계율 0.40 | alpha 0.673 | complete
Ep 38 | 드론4 목적지63 | 1000스텝 | 배송 62/63 | 재적재 10 | 중계율 0.35 | alpha 0.722 | step_limit
Ep 39 | 드론4 목적지44 |  800스텝 | 배송 44/44 | 재적재  6 | 중계율 0.34 | alpha 0.764 | complete
Ep 40 | 드론4 목적지56 |  968스텝 | 배송 56/56 | 재적재  9 | 중계율 0.28 | alpha 0.817 | complete
Ep 41 | 드론4 목적지21 |  718스텝 | 배송 21/21 | 재적재  2 | 중계율 0.42 | alpha 0.859 | complete
Ep 42 | 드론3 목적지24 |  639스텝 | 배송 24/24 | 재적재  4 | 중계율 0.34 | alpha 0.898 | complete
Ep 43 | 드론3 목적지52 | 1000스텝 | 배송 38/52 | 재적재  6 | 중계율 0.18 | alpha 0.962 | step_limit
Ep 44 | 드론3 목적지72 | 1000스텝 | 배송 67/72 | 재적재 12 | 중계율 0.17 | alpha 1.029 | step_limit
Ep 45 | 드론3 목적지52 | 1000스텝 | 배송 51/52 | 재적재 10 | 중계율 0.34 | alpha 1.100 | step_limit
Ep 46 | 드론4 목적지72 | 1000스텝 | 배송 71/72 | 재적재 13 | 중계율 0.20 | alpha 1.173 | step_limit
Ep 47 | 드론3 목적지69 | 1000스텝 | 배송 46/69 | 재적재  8 | 중계율 0.10 | alpha 1.250 | step_limit
Ep 48 | 드론3 목적지56 | 1000스텝 | 배송 37/56 | 재적재  5 | 중계율 0.10 | alpha 1.329 | step_limit
Ep 49 | 드론4 목적지78 | 1000스텝 | 배송 65/78 | 재적재 10 | 중계율 0.19 | alpha 1.410 | step_limit
Ep 50 | 드론4 목적지40 | 1000스텝 | 배송 29/40 | 재적재  4 | 중계율 0.36 | alpha 1.493 | step_limit
  [홀드아웃] 배송 38.6±10.1 완주 0.84 스텝 1279 점수 106.7 재적재 5.9 2홉+ 0.44 [4/50 0.82·1555 | 3/30 0.85·1004] | 최고 106.7@ep50 정체 0/8  ← 갱신
Ep 51 | 드론4 목적지51 |  787스텝 | 배송 51/51 | 재적재  8 | 중계율 0.16 | alpha 1.558 | complete
Ep 52 | 드론3 목적지42 |  858스텝 | 배송 42/42 | 재적재  7 | 중계율 0.27 | alpha 1.627 | complete
Ep 53 | 드론4 목적지60 | 1000스텝 | 배송 57/60 | 재적재 10 | 중계율 0.14 | alpha 1.703 | step_limit
Ep 54 | 드론3 목적지49 | 1000스텝 | 배송 47/49 | 재적재  8 | 중계율 0.20 | alpha 1.774 | step_limit
Ep 55 | 드론3 목적지40 |  770스텝 | 배송 40/40 | 재적재  6 | 중계율 0.16 | alpha 1.831 | complete
Ep 56 | 드론4 목적지61 | 1000스텝 | 배송 59/61 | 재적재 10 | 중계율 0.18 | alpha 1.905 | step_limit
Ep 57 | 드론3 목적지53 | 1000스텝 | 배송 48/53 | 재적재  9 | 중계율 0.20 | alpha 1.978 | step_limit
Ep 58 | 드론4 목적지57 | 1000스텝 | 배송 55/57 | 재적재  9 | 중계율 0.19 | alpha 2.055 | step_limit
Ep 59 | 드론3 목적지50 | 1000스텝 | 배송 48/50 | 재적재  8 | 중계율 0.20 | alpha 2.125 | step_limit
Ep 60 | 드론3 목적지21 |  696스텝 | 배송 21/21 | 재적재  2 | 중계율 0.35 | alpha 2.172 | complete
Ep 61 | 드론4 목적지26 |  449스텝 | 배송 26/26 | 재적재  3 | 중계율 0.21 | alpha 2.206 | complete
Ep 62 | 드론4 목적지55 | 1000스텝 | 배송 54/55 | 재적재  8 | 중계율 0.29 | alpha 2.274 | step_limit
Ep 63 | 드론4 목적지68 | 1000스텝 | 배송 63/68 | 재적재 10 | 중계율 0.21 | alpha 2.323 | step_limit
Ep 64 | 드론3 목적지41 | 1000스텝 | 배송 40/41 | 재적재  7 | 중계율 0.21 | alpha 2.359 | step_limit
Ep 65 | 드론4 목적지68 | 1000스텝 | 배송 67/68 | 재적재 13 | 중계율 0.14 | alpha 2.373 | step_limit
Ep 66 | 드론3 목적지61 | 1000스텝 | 배송 60/61 | 재적재 10 | 중계율 0.13 | alpha 2.387 | step_limit
Ep 67 | 드론3 목적지53 | 1000스텝 | 배송 42/53 | 재적재  7 | 중계율 0.20 | alpha 2.405 | step_limit
Ep 68 | 드론3 목적지44 |  896스텝 | 배송 44/44 | 재적재  8 | 중계율 0.20 | alpha 2.410 | complete
Ep 69 | 드론3 목적지34 | 1000스텝 | 배송 33/34 | 재적재  5 | 중계율 0.17 | alpha 2.402 | step_limit
Ep 70 | 드론3 목적지31 |  951스텝 | 배송 31/31 | 재적재  5 | 중계율 0.22 | alpha 2.407 | complete
Ep 71 | 드론4 목적지71 |  945스텝 | 배송 71/71 | 재적재 12 | 중계율 0.11 | alpha 2.404 | complete
Ep 72 | 드론3 목적지53 | 1000스텝 | 배송 46/53 | 재적재  8 | 중계율 0.23 | alpha 2.397 | step_limit
Ep 73 | 드론3 목적지21 | 1000스텝 | 배송 20/21 | 재적재  3 | 중계율 0.26 | alpha 2.401 | step_limit
Ep 74 | 드론4 목적지45 | 1000스텝 | 배송 43/45 | 재적재  7 | 중계율 0.16 | alpha 2.375 | step_limit
Ep 75 | 드론4 목적지40 |  712스텝 | 배송 40/40 | 재적재  7 | 중계율 0.18 | alpha 2.367 | complete
Ep 76 | 드론3 목적지75 | 1000스텝 | 배송 59/75 | 재적재 10 | 중계율 0.16 | alpha 2.345 | step_limit
Ep 77 | 드론4 목적지24 |  493스텝 | 배송 24/24 | 재적재  2 | 중계율 0.26 | alpha 2.345 | complete
Ep 78 | 드론3 목적지64 | 1000스텝 | 배송 51/64 | 재적재  9 | 중계율 0.17 | alpha 2.341 | step_limit
Ep 79 | 드론3 목적지41 |  953스텝 | 배송 41/41 | 재적재  7 | 중계율 0.28 | alpha 2.322 | complete
Ep 80 | 드론3 목적지69 | 1000스텝 | 배송 61/69 | 재적재 11 | 중계율 0.12 | alpha 2.265 | step_limit
Ep 81 | 드론4 목적지47 |  894스텝 | 배송 47/47 | 재적재  7 | 중계율 0.12 | alpha 2.244 | complete
Ep 82 | 드론4 목적지69 | 1000스텝 | 배송 56/69 | 재적재 10 | 중계율 0.19 | alpha 2.186 | step_limit
Ep 83 | 드론4 목적지31 | 1000스텝 | 배송 29/31 | 재적재  3 | 중계율 0.25 | alpha 2.161 | step_limit
Ep 84 | 드론3 목적지33 |  884스텝 | 배송 33/33 | 재적재  5 | 중계율 0.19 | alpha 2.149 | complete
Ep 85 | 드론3 목적지38 |  737스텝 | 배송 38/38 | 재적재  6 | 중계율 0.08 | alpha 2.161 | complete
Ep 86 | 드론4 목적지24 |  740스텝 | 배송 24/24 | 재적재  3 | 중계율 0.24 | alpha 2.143 | complete
Ep 87 | 드론3 목적지30 |  738스텝 | 배송 30/30 | 재적재  5 | 중계율 0.17 | alpha 2.141 | complete
Ep 88 | 드론3 목적지38 |  702스텝 | 배송 38/38 | 재적재  7 | 중계율 0.22 | alpha 2.110 | complete
Ep 89 | 드론3 목적지57 | 1000스텝 | 배송 50/57 | 재적재  8 | 중계율 0.21 | alpha 2.120 | step_limit
Ep 90 | 드론4 목적지21 |  655스텝 | 배송 21/21 | 재적재  2 | 중계율 0.25 | alpha 2.091 | complete
Ep 91 | 드론4 목적지77 | 1000스텝 | 배송 73/77 | 재적재 13 | 중계율 0.21 | alpha 2.054 | step_limit
Ep 92 | 드론3 목적지69 | 1000스텝 | 배송 58/69 | 재적재 11 | 중계율 0.19 | alpha 2.028 | step_limit
Ep 93 | 드론4 목적지60 | 1000스텝 | 배송 56/60 | 재적재 10 | 중계율 0.11 | alpha 2.031 | step_limit
Ep 94 | 드론4 목적지45 |  845스텝 | 배송 45/45 | 재적재  7 | 중계율 0.17 | alpha 2.030 | complete
Ep 95 | 드론3 목적지71 | 1000스텝 | 배송 65/71 | 재적재 13 | 중계율 0.14 | alpha 1.972 | step_limit
Ep 96 | 드론3 목적지74 | 1000스텝 | 배송 60/74 | 재적재 10 | 중계율 0.15 | alpha 1.949 | step_limit
Ep 97 | 드론4 목적지47 |  623스텝 | 배송 47/47 | 재적재  8 | 중계율 0.17 | alpha 1.923 | complete
Ep 98 | 드론4 목적지50 | 1000스텝 | 배송 49/50 | 재적재  8 | 중계율 0.24 | alpha 1.920 | step_limit
Ep 99 | 드론4 목적지35 |  706스텝 | 배송 35/35 | 재적재  6 | 중계율 0.23 | alpha 1.910 | complete
Ep 100 | 드론3 목적지40 |  608스텝 | 배송 40/40 | 재적재  6 | 중계율 0.19 | alpha 1.902 | complete
  [홀드아웃] 배송 39.9±10.1 완주 0.99 스텝 983 점수 125.6 재적재 6.4 2홉+ 0.54 [4/50 1.00·1170 | 3/30 0.97·796] | 최고 125.6@ep100 정체 0/8  ← 갱신
Ep 101 | 드론3 목적지23 |  414스텝 | 배송 23/23 | 재적재  3 | 중계율 0.18 | alpha 1.878 | complete
Ep 102 | 드론3 목적지21 |  694스텝 | 배송 21/21 | 재적재  3 | 중계율 0.26 | alpha 1.868 | complete
Ep 103 | 드론4 목적지72 |  939스텝 | 배송 72/72 | 재적재 13 | 중계율 0.13 | alpha 1.867 | complete
Ep 104 | 드론3 목적지27 |  873스텝 | 배송 27/27 | 재적재  5 | 중계율 0.28 | alpha 1.862 | complete
Ep 105 | 드론3 목적지63 | 1000스텝 | 배송 52/63 | 재적재 10 | 중계율 0.12 | alpha 1.900 | step_limit
Ep 106 | 드론4 목적지58 |  764스텝 | 배송 58/58 | 재적재 11 | 중계율 0.14 | alpha 1.902 | complete
Ep 107 | 드론4 목적지75 | 1000스텝 | 배송 56/75 | 재적재 10 | 중계율 0.26 | alpha 1.867 | step_limit
Ep 108 | 드론3 목적지55 | 1000스텝 | 배송 48/55 | 재적재  8 | 중계율 0.17 | alpha 1.834 | step_limit
Ep 109 | 드론4 목적지64 | 1000스텝 | 배송 62/64 | 재적재 11 | 중계율 0.21 | alpha 1.813 | step_limit
Ep 110 | 드론3 목적지55 | 1000스텝 | 배송 52/55 | 재적재  9 | 중계율 0.20 | alpha 1.816 | step_limit
Ep 111 | 드론4 목적지67 | 1000스텝 | 배송 58/67 | 재적재  9 | 중계율 0.23 | alpha 1.804 | step_limit
Ep 112 | 드론3 목적지46 | 1000스텝 | 배송 44/46 | 재적재  7 | 중계율 0.20 | alpha 1.834 | step_limit
Ep 113 | 드론4 목적지43 |  595스텝 | 배송 43/43 | 재적재  7 | 중계율 0.14 | alpha 1.846 | complete
Ep 114 | 드론3 목적지80 | 1000스텝 | 배송 58/80 | 재적재 11 | 중계율 0.15 | alpha 1.856 | step_limit
Ep 115 | 드론4 목적지78 | 1000스텝 | 배송 75/78 | 재적재 14 | 중계율 0.13 | alpha 1.788 | step_limit
Ep 116 | 드론4 목적지72 | 1000스텝 | 배송 67/72 | 재적재 12 | 중계율 0.19 | alpha 1.754 | step_limit
Ep 117 | 드론3 목적지54 | 1000스텝 | 배송 49/54 | 재적재  9 | 중계율 0.21 | alpha 1.732 | step_limit
Ep 118 | 드론3 목적지63 | 1000스텝 | 배송 53/63 | 재적재  9 | 중계율 0.19 | alpha 1.758 | step_limit
Ep 119 | 드론4 목적지66 |  962스텝 | 배송 66/66 | 재적재 11 | 중계율 0.17 | alpha 1.755 | complete
Ep 120 | 드론4 목적지70 | 1000스텝 | 배송 66/70 | 재적재 12 | 중계율 0.17 | alpha 1.735 | step_limit
Ep 121 | 드론4 목적지45 |  697스텝 | 배송 45/45 | 재적재  7 | 중계율 0.18 | alpha 1.729 | complete
Ep 122 | 드론4 목적지26 |  527스텝 | 배송 26/26 | 재적재  4 | 중계율 0.27 | alpha 1.730 | complete
Ep 123 | 드론4 목적지30 |  635스텝 | 배송 30/30 | 재적재  3 | 중계율 0.26 | alpha 1.714 | complete
Ep 124 | 드론3 목적지80 | 1000스텝 | 배송 61/80 | 재적재 10 | 중계율 0.20 | alpha 1.693 | step_limit
Ep 125 | 드론4 목적지41 |  839스텝 | 배송 41/41 | 재적재  7 | 중계율 0.15 | alpha 1.680 | complete
Ep 126 | 드론3 목적지50 | 1000스텝 | 배송 49/50 | 재적재  8 | 중계율 0.21 | alpha 1.672 | step_limit
Ep 127 | 드론3 목적지37 |  762스텝 | 배송 37/37 | 재적재  6 | 중계율 0.21 | alpha 1.675 | complete
Ep 128 | 드론3 목적지42 | 1000스텝 | 배송 41/42 | 재적재  7 | 중계율 0.24 | alpha 1.686 | step_limit
Ep 129 | 드론4 목적지52 |  618스텝 | 배송 52/52 | 재적재  9 | 중계율 0.17 | alpha 1.683 | complete
Ep 130 | 드론3 목적지40 | 1000스텝 | 배송 37/40 | 재적재  5 | 중계율 0.28 | alpha 1.713 | step_limit
Ep 131 | 드론3 목적지39 |  938스텝 | 배송 39/39 | 재적재  6 | 중계율 0.19 | alpha 1.699 | complete
Ep 132 | 드론4 목적지63 |  868스텝 | 배송 63/63 | 재적재 11 | 중계율 0.15 | alpha 1.687 | complete
Ep 133 | 드론3 목적지61 | 1000스텝 | 배송 56/61 | 재적재 10 | 중계율 0.14 | alpha 1.688 | step_limit
Ep 134 | 드론4 목적지22 |  290스텝 | 배송 22/22 | 재적재  3 | 중계율 0.16 | alpha 1.676 | complete
Ep 135 | 드론3 목적지20 |  455스텝 | 배송 20/20 | 재적재  2 | 중계율 0.21 | alpha 1.667 | complete
Ep 136 | 드론4 목적지57 |  929스텝 | 배송 57/57 | 재적재  9 | 중계율 0.20 | alpha 1.666 | complete
Ep 137 | 드론3 목적지24 |  623스텝 | 배송 24/24 | 재적재  4 | 중계율 0.24 | alpha 1.658 | complete
Ep 138 | 드론4 목적지35 |  415스텝 | 배송 35/35 | 재적재  6 | 중계율 0.15 | alpha 1.642 | complete
Ep 139 | 드론3 목적지29 |  716스텝 | 배송 29/29 | 재적재  5 | 중계율 0.20 | alpha 1.615 | complete
Ep 140 | 드론3 목적지32 |  949스텝 | 배송 32/32 | 재적재  6 | 중계율 0.21 | alpha 1.599 | complete
Ep 141 | 드론3 목적지54 | 1000스텝 | 배송 48/54 | 재적재  7 | 중계율 0.15 | alpha 1.596 | step_limit
Ep 142 | 드론3 목적지42 | 1000스텝 | 배송 40/42 | 재적재  7 | 중계율 0.16 | alpha 1.565 | step_limit
Ep 143 | 드론3 목적지23 |  519스텝 | 배송 23/23 | 재적재  2 | 중계율 0.16 | alpha 1.559 | complete
Ep 144 | 드론3 목적지61 | 1000스텝 | 배송 51/61 | 재적재  9 | 중계율 0.19 | alpha 1.551 | step_limit
Ep 145 | 드론3 목적지64 | 1000스텝 | 배송 54/64 | 재적재  9 | 중계율 0.13 | alpha 1.568 | step_limit
Ep 146 | 드론3 목적지71 | 1000스텝 | 배송 55/71 | 재적재 10 | 중계율 0.12 | alpha 1.555 | step_limit
Ep 147 | 드론3 목적지48 |  983스텝 | 배송 48/48 | 재적재  9 | 중계율 0.18 | alpha 1.573 | complete
Ep 148 | 드론4 목적지36 |  830스텝 | 배송 36/36 | 재적재  6 | 중계율 0.24 | alpha 1.556 | complete
Ep 149 | 드론4 목적지40 |  570스텝 | 배송 40/40 | 재적재  7 | 중계율 0.14 | alpha 1.548 | complete
Ep 150 | 드론3 목적지26 |  847스텝 | 배송 26/26 | 재적재  4 | 중계율 0.21 | alpha 1.509 | complete
  [홀드아웃] 배송 39.9±10.1 완주 0.99 스텝 907 점수 126.7 재적재 6.3 2홉+ 0.55 [4/50 1.00·1011 | 3/30 0.97·803] | 최고 126.7@ep150 정체 0/8  ← 갱신
Ep 151 | 드론4 목적지70 |  911스텝 | 배송 70/70 | 재적재 12 | 중계율 0.17 | alpha 1.507 | complete
Ep 152 | 드론4 목적지48 |  741스텝 | 배송 48/48 | 재적재  8 | 중계율 0.15 | alpha 1.521 | complete
Ep 153 | 드론4 목적지57 | 1000스텝 | 배송 51/57 | 재적재  7 | 중계율 0.20 | alpha 1.528 | step_limit
Ep 154 | 드론4 목적지34 |  436스텝 | 배송 34/34 | 재적재  5 | 중계율 0.14 | alpha 1.537 | complete
Ep 155 | 드론4 목적지80 | 1000스텝 | 배송 70/80 | 재적재 14 | 중계율 0.22 | alpha 1.548 | step_limit
Ep 156 | 드론4 목적지59 |  896스텝 | 배송 59/59 | 재적재 11 | 중계율 0.21 | alpha 1.545 | complete
Ep 157 | 드론3 목적지42 |  853스텝 | 배송 42/42 | 재적재  8 | 중계율 0.19 | alpha 1.539 | complete
Ep 158 | 드론4 목적지76 |  890스텝 | 배송 76/76 | 재적재 14 | 중계율 0.11 | alpha 1.528 | complete
Ep 159 | 드론4 목적지47 |  574스텝 | 배송 47/47 | 재적재  9 | 중계율 0.13 | alpha 1.498 | complete
Ep 160 | 드론3 목적지62 | 1000스텝 | 배송 58/62 | 재적재  9 | 중계율 0.19 | alpha 1.494 | step_limit
Ep 161 | 드론3 목적지31 |  740스텝 | 배송 31/31 | 재적재  5 | 중계율 0.13 | alpha 1.485 | complete
Ep 162 | 드론3 목적지26 |  774스텝 | 배송 26/26 | 재적재  4 | 중계율 0.25 | alpha 1.484 | complete
Ep 163 | 드론4 목적지21 |  709스텝 | 배송 21/21 | 재적재  3 | 중계율 0.30 | alpha 1.493 | complete
Ep 164 | 드론4 목적지79 | 1000스텝 | 배송 68/79 | 재적재 12 | 중계율 0.20 | alpha 1.495 | step_limit
Ep 165 | 드론4 목적지47 |  596스텝 | 배송 47/47 | 재적재  8 | 중계율 0.15 | alpha 1.479 | complete
Ep 166 | 드론3 목적지77 | 1000스텝 | 배송 65/77 | 재적재 12 | 중계율 0.14 | alpha 1.472 | step_limit
Ep 167 | 드론4 목적지77 | 1000스텝 | 배송 62/77 | 재적재 10 | 중계율 0.24 | alpha 1.458 | step_limit
Ep 168 | 드론4 목적지29 |  632스텝 | 배송 29/29 | 재적재  3 | 중계율 0.26 | alpha 1.448 | complete
Ep 169 | 드론4 목적지59 |  971스텝 | 배송 59/59 | 재적재 10 | 중계율 0.23 | alpha 1.437 | complete
Ep 170 | 드론3 목적지74 | 1000스텝 | 배송 53/74 | 재적재  8 | 중계율 0.19 | alpha 1.442 | step_limit
Ep 171 | 드론4 목적지34 |  496스텝 | 배송 34/34 | 재적재  5 | 중계율 0.13 | alpha 1.449 | complete
Ep 172 | 드론3 목적지43 |  959스텝 | 배송 43/43 | 재적재  7 | 중계율 0.20 | alpha 1.463 | complete
Ep 173 | 드론3 목적지35 | 1000스텝 | 배송 30/35 | 재적재  6 | 중계율 0.22 | alpha 1.447 | step_limit
Ep 174 | 드론4 목적지43 |  564스텝 | 배송 43/43 | 재적재  7 | 중계율 0.15 | alpha 1.437 | complete
Ep 175 | 드론4 목적지30 |  899스텝 | 배송 30/30 | 재적재  5 | 중계율 0.27 | alpha 1.415 | complete
Ep 176 | 드론4 목적지29 |  480스텝 | 배송 29/29 | 재적재  4 | 중계율 0.22 | alpha 1.413 | complete
Ep 177 | 드론3 목적지45 | 1000스텝 | 배송 44/45 | 재적재  7 | 중계율 0.24 | alpha 1.402 | step_limit
Ep 178 | 드론3 목적지20 |  640스텝 | 배송 20/20 | 재적재  3 | 중계율 0.22 | alpha 1.376 | complete
Ep 179 | 드론4 목적지66 | 1000스텝 | 배송 55/66 | 재적재  9 | 중계율 0.22 | alpha 1.369 | step_limit
Ep 180 | 드론4 목적지22 |  343스텝 | 배송 22/22 | 재적재  3 | 중계율 0.17 | alpha 1.365 | complete
Ep 181 | 드론4 목적지77 | 1000스텝 | 배송 68/77 | 재적재 11 | 중계율 0.22 | alpha 1.360 | step_limit
Ep 182 | 드론3 목적지74 | 1000스텝 | 배송 60/74 | 재적재 10 | 중계율 0.14 | alpha 1.376 | step_limit
Ep 183 | 드론4 목적지40 |  510스텝 | 배송 40/40 | 재적재  6 | 중계율 0.12 | alpha 1.362 | complete
Ep 184 | 드론3 목적지77 | 1000스텝 | 배송 65/77 | 재적재 12 | 중계율 0.17 | alpha 1.351 | step_limit
Ep 185 | 드론4 목적지72 | 1000스텝 | 배송 68/72 | 재적재 12 | 중계율 0.22 | alpha 1.337 | step_limit
Ep 186 | 드론4 목적지74 |  770스텝 | 배송 74/74 | 재적재 13 | 중계율 0.15 | alpha 1.330 | complete
Ep 187 | 드론3 목적지65 | 1000스텝 | 배송 59/65 | 재적재 11 | 중계율 0.15 | alpha 1.315 | step_limit
Ep 188 | 드론3 목적지80 | 1000스텝 | 배송 54/80 | 재적재  8 | 중계율 0.29 | alpha 1.318 | step_limit
Ep 189 | 드론4 목적지55 | 1000스텝 | 배송 48/55 | 재적재  8 | 중계율 0.19 | alpha 1.296 | step_limit
Ep 190 | 드론3 목적지36 |  876스텝 | 배송 36/36 | 재적재  6 | 중계율 0.22 | alpha 1.285 | complete
Ep 191 | 드론3 목적지28 |  768스텝 | 배송 28/28 | 재적재  4 | 중계율 0.26 | alpha 1.282 | complete
Ep 192 | 드론4 목적지74 |  953스텝 | 배송 74/74 | 재적재 13 | 중계율 0.23 | alpha 1.295 | complete
Ep 193 | 드론3 목적지61 | 1000스텝 | 배송 39/61 | 재적재  6 | 중계율 0.20 | alpha 1.298 | step_limit
Ep 194 | 드론4 목적지73 |  913스텝 | 배송 73/73 | 재적재 13 | 중계율 0.14 | alpha 1.285 | complete
Ep 195 | 드론4 목적지69 | 1000스텝 | 배송 58/69 | 재적재 10 | 중계율 0.22 | alpha 1.271 | step_limit
Ep 196 | 드론3 목적지47 |  947스텝 | 배송 47/47 | 재적재  8 | 중계율 0.15 | alpha 1.245 | complete
Ep 197 | 드론4 목적지27 |  732스텝 | 배송 27/27 | 재적재  3 | 중계율 0.23 | alpha 1.218 | complete
Ep 198 | 드론3 목적지56 |  867스텝 | 배송 56/56 | 재적재 10 | 중계율 0.13 | alpha 1.209 | complete
Ep 199 | 드론3 목적지57 | 1000스텝 | 배송 48/57 | 재적재  8 | 중계율 0.20 | alpha 1.217 | step_limit
Ep 200 | 드론4 목적지64 | 1000스텝 | 배송 63/64 | 재적재 11 | 중계율 0.20 | alpha 1.231 | step_limit
  [홀드아웃] 배송 40.0±10.0 완주 1.00 스텝 902 점수 128.0 재적재 6.5 2홉+ 0.54 [4/50 1.00·1034 | 3/30 1.00·770] | 최고 128.0@ep200 정체 0/8  ← 갱신
