/home/kopt/enter/envs/wsl_neuroMCTS/lib/python3.10/site-packages/pygame/pkgdata.py:25: UserWarning: pkg_resources is deprecated as an API. See https://setuptools.pypa.io/en/latest/pkg_resources.html. The pkg_resources package is slated for removal as early as 2025-11-30. Refrain from using this package or pin to Setuptools<81.
  from pkg_resources import resource_stream, resource_exists
pygame 2.6.1 (SDL 2.28.4, Python 3.10.19)
Hello from the pygame community. https://www.pygame.org/contribute.html
집합 상위 학습 | 반경 300 상한 1000 무배송 500 gamma 0.997 구성=무작위 드론[3, 4] 목적지[20, 80] CC무작위 인스턴스=무작위 목표유지=off 완주보상=0.0 잔여페널티=0.0 규칙관측=False 규칙정규화=2.0 막힘페널티=0.0 도달권shaping=0.0 정체전환보상=0.0 엔트로피비=0.6->0.25@400 자기회귀=True 홀드아웃상한=3000 선택=makespan/속도가중치=40.0
/home/kopt/drone/proposed_src/pipeline/train_v5_26_09_15_23.py:354: UserWarning: Converting a tensor with requires_grad=True to a scalar may lead to unexpected behavior.
Consider using tensor.detach() first. (Triggered internally at /pytorch/torch/csrc/autograd/generated/python_variable_methods.cpp:836.)
  writer.add_scalar("train/alpha", float(log_alpha.exp()), ep)
Ep 1 | 드론4 목적지43 | 1000스텝 | 배송 32/43 | 재적재  4 | 중계율 0.07 | alpha 0.100 | step_limit
Ep 2 | 드론3 목적지74 | 1000스텝 | 배송 55/74 | 재적재 10 | 중계율 0.09 | alpha 0.100 | step_limit
Ep 3 | 드론4 목적지43 | 1000스텝 | 배송 39/43 | 재적재  6 | 중계율 0.07 | alpha 0.100 | step_limit
Ep 4 | 드론3 목적지23 | 1000스텝 | 배송 21/23 | 재적재  3 | 중계율 0.10 | alpha 0.100 | step_limit
Ep 5 | 드론3 목적지31 | 1000스텝 | 배송 19/31 | 재적재  3 | 중계율 0.18 | alpha 0.099 | step_limit
Ep 6 | 드론3 목적지68 | 1000스텝 | 배송 57/68 | 재적재 10 | 중계율 0.26 | alpha 0.109 | step_limit
Ep 7 | 드론4 목적지44 |  664스텝 | 배송 44/44 | 재적재  7 | 중계율 0.33 | alpha 0.116 | complete
Ep 8 | 드론4 목적지30 |  389스텝 | 배송 30/30 | 재적재  3 | 중계율 0.33 | alpha 0.120 | complete
Ep 9 | 드론4 목적지42 |  813스텝 | 배송 42/42 | 재적재  8 | 중계율 0.39 | alpha 0.129 | complete
Ep 10 | 드론4 목적지47 |  609스텝 | 배송 47/47 | 재적재  7 | 중계율 0.30 | alpha 0.135 | complete
Ep 11 | 드론4 목적지21 |  505스텝 | 배송 21/21 | 재적재  2 | 중계율 0.30 | alpha 0.140 | complete
Ep 12 | 드론3 목적지37 |  524스텝 | 배송 37/37 | 재적재  6 | 중계율 0.23 | alpha 0.146 | complete
Ep 13 | 드론4 목적지28 |  384스텝 | 배송 28/28 | 재적재  3 | 중계율 0.22 | alpha 0.150 | complete
Ep 14 | 드론3 목적지41 |  778스텝 | 배송 41/41 | 재적재  6 | 중계율 0.26 | alpha 0.159 | complete
Ep 15 | 드론3 목적지66 | 1000스텝 | 배송 53/66 | 재적재  9 | 중계율 0.26 | alpha 0.172 | step_limit
Ep 16 | 드론3 목적지71 | 1000스텝 | 배송 53/71 | 재적재  9 | 중계율 0.23 | alpha 0.185 | step_limit
Ep 17 | 드론3 목적지24 |  811스텝 | 배송 18/24 | 재적재  3 | 중계율 0.42 | alpha 0.196 | no_progress
Ep 18 | 드론4 목적지49 |  774스텝 | 배송 49/49 | 재적재  8 | 중계율 0.30 | alpha 0.207 | complete
Ep 19 | 드론4 목적지34 |  563스텝 | 배송 34/34 | 재적재  5 | 중계율 0.33 | alpha 0.216 | complete
Ep 20 | 드론3 목적지48 |  900스텝 | 배송 48/48 | 재적재  8 | 중계율 0.27 | alpha 0.230 | complete
Ep 21 | 드론3 목적지63 | 1000스텝 | 배송 56/63 | 재적재 11 | 중계율 0.19 | alpha 0.248 | step_limit
Ep 22 | 드론4 목적지46 |  669스텝 | 배송 46/46 | 재적재  7 | 중계율 0.28 | alpha 0.260 | complete
Ep 23 | 드론3 목적지44 |  843스텝 | 배송 44/44 | 재적재  7 | 중계율 0.31 | alpha 0.276 | complete
Ep 24 | 드론4 목적지41 |  486스텝 | 배송 41/41 | 재적재  6 | 중계율 0.23 | alpha 0.286 | complete
Ep 25 | 드론4 목적지38 |  481스텝 | 배송 38/38 | 재적재  5 | 중계율 0.29 | alpha 0.296 | complete
Ep 26 | 드론4 목적지77 | 1000스텝 | 배송 70/77 | 재적재 12 | 중계율 0.27 | alpha 0.318 | step_limit
Ep 27 | 드론3 목적지41 |  825스텝 | 배송 41/41 | 재적재  8 | 중계율 0.33 | alpha 0.338 | complete
Ep 28 | 드론4 목적지52 |  899스텝 | 배송 52/52 | 재적재  8 | 중계율 0.31 | alpha 0.360 | complete
Ep 29 | 드론4 목적지72 | 1000스텝 | 배송 57/72 | 재적재  9 | 중계율 0.29 | alpha 0.386 | step_limit
Ep 30 | 드론4 목적지61 | 1000스텝 | 배송 48/61 | 재적재  9 | 중계율 0.39 | alpha 0.415 | step_limit
Ep 31 | 드론4 목적지45 |  546스텝 | 배송 45/45 | 재적재  7 | 중계율 0.22 | alpha 0.431 | complete
Ep 32 | 드론3 목적지68 | 1000스텝 | 배송 59/68 | 재적재 11 | 중계율 0.22 | alpha 0.463 | step_limit
Ep 33 | 드론3 목적지35 | 1000스텝 | 배송 29/35 | 재적재  4 | 중계율 0.27 | alpha 0.497 | step_limit
Ep 34 | 드론3 목적지24 |  333스텝 | 배송 24/24 | 재적재  3 | 중계율 0.20 | alpha 0.509 | complete
Ep 35 | 드론3 목적지58 |  859스텝 | 배송 58/58 | 재적재 10 | 중계율 0.24 | alpha 0.540 | complete
Ep 36 | 드론3 목적지64 | 1000스텝 | 배송 57/64 | 재적재  9 | 중계율 0.26 | alpha 0.580 | step_limit
Ep 37 | 드론4 목적지58 | 1000스텝 | 배송 51/58 | 재적재  9 | 중계율 0.39 | alpha 0.623 | step_limit
Ep 38 | 드론3 목적지77 | 1000스텝 | 배송 47/77 | 재적재  8 | 중계율 0.30 | alpha 0.669 | step_limit
Ep 39 | 드론3 목적지28 |  920스텝 | 배송 28/28 | 재적재  5 | 중계율 0.34 | alpha 0.714 | complete
Ep 40 | 드론3 목적지37 | 1000스텝 | 배송 35/37 | 재적재  5 | 중계율 0.22 | alpha 0.766 | step_limit
Ep 41 | 드론4 목적지59 |  657스텝 | 배송 59/59 | 재적재 10 | 중계율 0.19 | alpha 0.801 | complete
Ep 42 | 드론4 목적지58 | 1000스텝 | 배송 55/58 | 재적재  9 | 중계율 0.40 | alpha 0.858 | step_limit
Ep 43 | 드론4 목적지20 |  438스텝 | 배송 20/20 | 재적재  3 | 중계율 0.30 | alpha 0.885 | complete
Ep 44 | 드론4 목적지30 |  539스텝 | 배송 30/30 | 재적재  4 | 중계율 0.25 | alpha 0.918 | complete
Ep 45 | 드론4 목적지39 |  503스텝 | 배송 39/39 | 재적재  7 | 중계율 0.32 | alpha 0.949 | complete
Ep 46 | 드론4 목적지32 |  483스텝 | 배송 32/32 | 재적재  4 | 중계율 0.28 | alpha 0.980 | complete
Ep 47 | 드론4 목적지35 |  592스텝 | 배송 35/35 | 재적재  5 | 중계율 0.28 | alpha 1.020 | complete
Ep 48 | 드론4 목적지39 |  619스텝 | 배송 39/39 | 재적재  6 | 중계율 0.27 | alpha 1.062 | complete
Ep 49 | 드론4 목적지47 |  896스텝 | 배송 47/47 | 재적재  7 | 중계율 0.26 | alpha 1.127 | complete
Ep 50 | 드론3 목적지72 | 1000스텝 | 배송 60/72 | 재적재 10 | 중계율 0.24 | alpha 1.203 | step_limit
  [홀드아웃] 배송 48.7±5.0 완주 0.88 스텝 1060 점수 113.4 재적재 7.7 2홉+ 0.63 | 최고 113.4@ep50 정체 0/15  ← 갱신
Ep 51 | 드론3 목적지71 | 1000스텝 | 배송 53/71 | 재적재  9 | 중계율 0.23 | alpha 1.283 | step_limit
Ep 52 | 드론3 목적지45 |  784스텝 | 배송 45/45 | 재적재  7 | 중계율 0.25 | alpha 1.348 | complete
Ep 53 | 드론4 목적지64 |  766스텝 | 배송 64/64 | 재적재 12 | 중계율 0.21 | alpha 1.414 | complete
Ep 54 | 드론4 목적지24 |  446스텝 | 배송 24/24 | 재적재  3 | 중계율 0.25 | alpha 1.453 | complete
Ep 55 | 드론4 목적지60 | 1000스텝 | 배송 38/60 | 재적재  7 | 중계율 0.29 | alpha 1.545 | step_limit
Ep 56 | 드론4 목적지20 |  260스텝 | 배송 20/20 | 재적재  3 | 중계율 0.21 | alpha 1.569 | complete
Ep 57 | 드론4 목적지61 |  823스텝 | 배송 61/61 | 재적재 10 | 중계율 0.23 | alpha 1.648 | complete
Ep 58 | 드론4 목적지77 | 1000스텝 | 배송 67/77 | 재적재 12 | 중계율 0.25 | alpha 1.748 | step_limit
Ep 59 | 드론4 목적지40 | 1000스텝 | 배송 31/40 | 재적재  5 | 중계율 0.30 | alpha 1.852 | step_limit
Ep 60 | 드론3 목적지76 | 1000스텝 | 배송 59/76 | 재적재 10 | 중계율 0.22 | alpha 1.958 | step_limit
Ep 61 | 드론4 목적지66 | 1000스텝 | 배송 59/66 | 재적재 11 | 중계율 0.28 | alpha 2.066 | step_limit
Ep 62 | 드론4 목적지43 |  601스텝 | 배송 43/43 | 재적재  8 | 중계율 0.23 | alpha 2.131 | complete
Ep 63 | 드론4 목적지57 | 1000스텝 | 배송 53/57 | 재적재 10 | 중계율 0.24 | alpha 2.239 | step_limit
Ep 64 | 드론3 목적지52 | 1000스텝 | 배송 42/52 | 재적재  7 | 중계율 0.25 | alpha 2.343 | step_limit
Ep 65 | 드론4 목적지42 |  742스텝 | 배송 42/42 | 재적재  6 | 중계율 0.23 | alpha 2.421 | complete
Ep 66 | 드론3 목적지41 | 1000스텝 | 배송 37/41 | 재적재  6 | 중계율 0.28 | alpha 2.522 | step_limit
Ep 67 | 드론4 목적지23 |  422스텝 | 배송 23/23 | 재적재  4 | 중계율 0.16 | alpha 2.561 | complete
Ep 68 | 드론4 목적지77 |  735스텝 | 배송 77/77 | 재적재 13 | 중계율 0.18 | alpha 2.623 | complete
Ep 69 | 드론3 목적지48 |  713스텝 | 배송 48/48 | 재적재  8 | 중계율 0.14 | alpha 2.674 | complete
Ep 70 | 드론3 목적지69 | 1000스텝 | 배송 52/69 | 재적재 10 | 중계율 0.26 | alpha 2.736 | step_limit
Ep 71 | 드론4 목적지34 |  732스텝 | 배송 34/34 | 재적재  6 | 중계율 0.17 | alpha 2.774 | complete
Ep 72 | 드론4 목적지61 | 1000스텝 | 배송 51/61 | 재적재  9 | 중계율 0.29 | alpha 2.809 | step_limit
Ep 73 | 드론4 목적지50 | 1000스텝 | 배송 42/50 | 재적재  6 | 중계율 0.31 | alpha 2.817 | step_limit
Ep 74 | 드론3 목적지70 | 1000스텝 | 배송 63/70 | 재적재 11 | 중계율 0.21 | alpha 2.817 | step_limit
Ep 75 | 드론4 목적지21 |  437스텝 | 배송 21/21 | 재적재  2 | 중계율 0.21 | alpha 2.824 | complete
Ep 76 | 드론3 목적지49 | 1000스텝 | 배송 46/49 | 재적재  9 | 중계율 0.25 | alpha 2.821 | step_limit
Ep 77 | 드론3 목적지67 | 1000스텝 | 배송 50/67 | 재적재  8 | 중계율 0.28 | alpha 2.801 | step_limit
Ep 78 | 드론3 목적지34 |  776스텝 | 배송 34/34 | 재적재  5 | 중계율 0.16 | alpha 2.784 | complete
Ep 79 | 드론4 목적지31 |  943스텝 | 배송 31/31 | 재적재  5 | 중계율 0.28 | alpha 2.779 | complete
Ep 80 | 드론3 목적지44 | 1000스텝 | 배송 39/44 | 재적재  7 | 중계율 0.27 | alpha 2.770 | step_limit
Ep 81 | 드론4 목적지71 | 1000스텝 | 배송 56/71 | 재적재  9 | 중계율 0.26 | alpha 2.764 | step_limit
Ep 82 | 드론3 목적지59 |  994스텝 | 배송 59/59 | 재적재 10 | 중계율 0.23 | alpha 2.740 | complete
Ep 83 | 드론4 목적지21 |  314스텝 | 배송 21/21 | 재적재  3 | 중계율 0.14 | alpha 2.722 | complete
Ep 84 | 드론3 목적지41 | 1000스텝 | 배송 37/41 | 재적재  5 | 중계율 0.27 | alpha 2.691 | step_limit
Ep 85 | 드론4 목적지38 |  993스텝 | 배송 38/38 | 재적재  6 | 중계율 0.33 | alpha 2.695 | complete
Ep 86 | 드론4 목적지64 |  968스텝 | 배송 64/64 | 재적재 12 | 중계율 0.23 | alpha 2.705 | complete
Ep 87 | 드론4 목적지24 |  518스텝 | 배송 24/24 | 재적재  3 | 중계율 0.31 | alpha 2.710 | complete
Ep 88 | 드론4 목적지66 |  968스텝 | 배송 66/66 | 재적재 11 | 중계율 0.28 | alpha 2.670 | complete
Ep 89 | 드론4 목적지20 |  352스텝 | 배송 20/20 | 재적재  3 | 중계율 0.26 | alpha 2.652 | complete
Ep 90 | 드론4 목적지37 |  345스텝 | 배송 37/37 | 재적재  4 | 중계율 0.12 | alpha 2.634 | complete
Ep 91 | 드론3 목적지60 | 1000스텝 | 배송 40/60 | 재적재  7 | 중계율 0.21 | alpha 2.616 | step_limit
Ep 92 | 드론3 목적지37 | 1000스텝 | 배송 27/37 | 재적재  3 | 중계율 0.26 | alpha 2.597 | step_limit
Ep 93 | 드론3 목적지27 | 1000스텝 | 배송 25/27 | 재적재  4 | 중계율 0.25 | alpha 2.584 | step_limit
Ep 94 | 드론3 목적지76 | 1000스텝 | 배송 59/76 | 재적재 10 | 중계율 0.18 | alpha 2.574 | step_limit
Ep 95 | 드론4 목적지30 |  509스텝 | 배송 30/30 | 재적재  4 | 중계율 0.22 | alpha 2.587 | complete
Ep 96 | 드론4 목적지34 |  853스텝 | 배송 34/34 | 재적재  5 | 중계율 0.36 | alpha 2.622 | complete
Ep 97 | 드론4 목적지35 |  830스텝 | 배송 35/35 | 재적재  5 | 중계율 0.28 | alpha 2.628 | complete
Ep 98 | 드론4 목적지39 |  759스텝 | 배송 39/39 | 재적재  7 | 중계율 0.22 | alpha 2.606 | complete
Ep 99 | 드론4 목적지69 | 1000스텝 | 배송 60/69 | 재적재  9 | 중계율 0.27 | alpha 2.593 | step_limit
Ep 100 | 드론4 목적지80 | 1000스텝 | 배송 76/80 | 재적재 13 | 중계율 0.17 | alpha 2.550 | step_limit
  [홀드아웃] 배송 50.0±0.2 완주 0.97 스텝 1089 점수 123.0 재적재 8.0 2홉+ 0.63 | 최고 123.0@ep100 정체 0/15  ← 갱신
Ep 101 | 드론3 목적지62 | 1000스텝 | 배송 38/62 | 재적재  7 | 중계율 0.18 | alpha 2.508 | step_limit
Ep 102 | 드론3 목적지30 |  927스텝 | 배송 30/30 | 재적재  5 | 중계율 0.20 | alpha 2.504 | complete
Ep 103 | 드론4 목적지75 |  941스텝 | 배송 75/75 | 재적재 13 | 중계율 0.23 | alpha 2.504 | complete
Ep 104 | 드론3 목적지39 |  889스텝 | 배송 39/39 | 재적재  6 | 중계율 0.24 | alpha 2.505 | complete
Ep 105 | 드론4 목적지24 |  941스텝 | 배송 24/24 | 재적재  3 | 중계율 0.28 | alpha 2.453 | complete
Ep 106 | 드론4 목적지73 | 1000스텝 | 배송 71/73 | 재적재 13 | 중계율 0.26 | alpha 2.428 | step_limit
Ep 107 | 드론4 목적지25 |  771스텝 | 배송 25/25 | 재적재  2 | 중계율 0.27 | alpha 2.423 | complete
Ep 108 | 드론3 목적지69 | 1000스텝 | 배송 55/69 | 재적재  9 | 중계율 0.26 | alpha 2.400 | step_limit
Ep 109 | 드론3 목적지25 |  415스텝 | 배송 25/25 | 재적재  4 | 중계율 0.19 | alpha 2.384 | complete
Ep 110 | 드론3 목적지26 | 1000스텝 | 배송 24/26 | 재적재  3 | 중계율 0.23 | alpha 2.332 | step_limit
Ep 111 | 드론3 목적지21 |  506스텝 | 배송 21/21 | 재적재  4 | 중계율 0.24 | alpha 2.300 | complete
Ep 112 | 드론4 목적지31 |  405스텝 | 배송 31/31 | 재적재  4 | 중계율 0.12 | alpha 2.286 | complete
Ep 113 | 드론3 목적지57 | 1000스텝 | 배송 47/57 | 재적재  7 | 중계율 0.24 | alpha 2.250 | step_limit
Ep 114 | 드론4 목적지64 | 1000스텝 | 배송 63/64 | 재적재 10 | 중계율 0.30 | alpha 2.299 | step_limit
Ep 115 | 드론4 목적지57 |  873스텝 | 배송 57/57 | 재적재  9 | 중계율 0.25 | alpha 2.345 | complete
Ep 116 | 드론3 목적지78 | 1000스텝 | 배송 62/78 | 재적재 10 | 중계율 0.23 | alpha 2.373 | step_limit
Ep 117 | 드론4 목적지76 | 1000스텝 | 배송 57/76 | 재적재  9 | 중계율 0.32 | alpha 2.375 | step_limit
Ep 118 | 드론3 목적지59 | 1000스텝 | 배송 58/59 | 재적재  9 | 중계율 0.19 | alpha 2.386 | step_limit
Ep 119 | 드론3 목적지73 | 1000스텝 | 배송 61/73 | 재적재 11 | 중계율 0.20 | alpha 2.386 | step_limit
Ep 120 | 드론3 목적지68 | 1000스텝 | 배송 55/68 | 재적재  9 | 중계율 0.23 | alpha 2.379 | step_limit
Ep 121 | 드론4 목적지59 |  857스텝 | 배송 59/59 | 재적재  9 | 중계율 0.25 | alpha 2.384 | complete
Ep 122 | 드론4 목적지55 |  912스텝 | 배송 55/55 | 재적재 10 | 중계율 0.22 | alpha 2.381 | complete
Ep 123 | 드론3 목적지22 |  592스텝 | 배송 22/22 | 재적재  4 | 중계율 0.19 | alpha 2.382 | complete
Ep 124 | 드론3 목적지57 | 1000스텝 | 배송 50/57 | 재적재  8 | 중계율 0.16 | alpha 2.378 | step_limit
Ep 125 | 드론3 목적지29 | 1000스텝 | 배송 28/29 | 재적재  5 | 중계율 0.22 | alpha 2.354 | step_limit
Ep 126 | 드론4 목적지80 | 1000스텝 | 배송 71/80 | 재적재 13 | 중계율 0.26 | alpha 2.358 | step_limit
Ep 127 | 드론4 목적지23 |  517스텝 | 배송 23/23 | 재적재  2 | 중계율 0.31 | alpha 2.345 | complete
Ep 128 | 드론3 목적지75 | 1000스텝 | 배송 57/75 | 재적재 10 | 중계율 0.22 | alpha 2.307 | step_limit
Ep 129 | 드론4 목적지31 |  882스텝 | 배송 31/31 | 재적재  4 | 중계율 0.38 | alpha 2.276 | complete
Ep 130 | 드론4 목적지26 |  274스텝 | 배송 26/26 | 재적재  4 | 중계율 0.12 | alpha 2.270 | complete
Ep 131 | 드론4 목적지57 |  935스텝 | 배송 57/57 | 재적재  9 | 중계율 0.20 | alpha 2.231 | complete
Ep 132 | 드론3 목적지51 | 1000스텝 | 배송 45/51 | 재적재  8 | 중계율 0.28 | alpha 2.189 | step_limit
Ep 133 | 드론4 목적지36 |  664스텝 | 배송 36/36 | 재적재  5 | 중계율 0.26 | alpha 2.177 | complete
Ep 134 | 드론4 목적지49 |  785스텝 | 배송 49/49 | 재적재  8 | 중계율 0.24 | alpha 2.152 | complete
Ep 135 | 드론3 목적지56 | 1000스텝 | 배송 49/56 | 재적재  7 | 중계율 0.22 | alpha 2.147 | step_limit
Ep 136 | 드론3 목적지38 |  737스텝 | 배송 38/38 | 재적재  7 | 중계율 0.23 | alpha 2.163 | complete
Ep 137 | 드론4 목적지37 |  622스텝 | 배송 37/37 | 재적재  7 | 중계율 0.21 | alpha 2.129 | complete
Ep 138 | 드론4 목적지68 | 1000스텝 | 배송 67/68 | 재적재 11 | 중계율 0.27 | alpha 2.136 | step_limit
Ep 139 | 드론3 목적지63 |  993스텝 | 배송 63/63 | 재적재 12 | 중계율 0.17 | alpha 2.133 | complete
Ep 140 | 드론4 목적지64 |  894스텝 | 배송 64/64 | 재적재 11 | 중계율 0.23 | alpha 2.127 | complete
Ep 141 | 드론3 목적지48 | 1000스텝 | 배송 41/48 | 재적재  8 | 중계율 0.20 | alpha 2.116 | step_limit
Ep 142 | 드론4 목적지69 |  864스텝 | 배송 69/69 | 재적재 12 | 중계율 0.19 | alpha 2.124 | complete
Ep 143 | 드론3 목적지58 | 1000스텝 | 배송 54/58 | 재적재  9 | 중계율 0.21 | alpha 2.117 | step_limit
Ep 144 | 드론4 목적지55 | 1000스텝 | 배송 51/55 | 재적재  8 | 중계율 0.25 | alpha 2.069 | step_limit
Ep 145 | 드론3 목적지39 | 1000스텝 | 배송 35/39 | 재적재  7 | 중계율 0.19 | alpha 2.052 | step_limit
Ep 146 | 드론3 목적지60 | 1000스텝 | 배송 57/60 | 재적재 11 | 중계율 0.14 | alpha 2.043 | step_limit
Ep 147 | 드론3 목적지44 | 1000스텝 | 배송 40/44 | 재적재  7 | 중계율 0.19 | alpha 2.019 | step_limit
Ep 148 | 드론4 목적지50 | 1000스텝 | 배송 45/50 | 재적재  7 | 중계율 0.25 | alpha 1.983 | step_limit
Ep 149 | 드론3 목적지36 |  808스텝 | 배송 36/36 | 재적재  6 | 중계율 0.23 | alpha 1.982 | complete
Ep 150 | 드론4 목적지78 | 1000스텝 | 배송 75/78 | 재적재 12 | 중계율 0.23 | alpha 1.974 | step_limit
  [홀드아웃] 배송 50.0±0.2 완주 0.97 스텝 1127 점수 122.5 재적재 8.2 2홉+ 0.63 | 최고 123.0@ep100 정체 1/15
Ep 151 | 드론3 목적지64 | 1000스텝 | 배송 58/64 | 재적재 10 | 중계율 0.12 | alpha 1.982 | step_limit
Ep 152 | 드론4 목적지21 |  277스텝 | 배송 21/21 | 재적재  2 | 중계율 0.07 | alpha 1.975 | complete
Ep 153 | 드론4 목적지76 | 1000스텝 | 배송 68/76 | 재적재 12 | 중계율 0.28 | alpha 1.988 | step_limit
Ep 154 | 드론3 목적지40 |  846스텝 | 배송 40/40 | 재적재  7 | 중계율 0.22 | alpha 1.983 | complete
Ep 155 | 드론3 목적지64 | 1000스텝 | 배송 61/64 | 재적재 10 | 중계율 0.18 | alpha 1.968 | step_limit
Ep 156 | 드론4 목적지50 |  916스텝 | 배송 50/50 | 재적재  8 | 중계율 0.23 | alpha 1.961 | complete
Ep 157 | 드론3 목적지56 | 1000스텝 | 배송 50/56 | 재적재  8 | 중계율 0.18 | alpha 1.925 | step_limit
Ep 158 | 드론4 목적지67 | 1000스텝 | 배송 60/67 | 재적재 11 | 중계율 0.22 | alpha 1.885 | step_limit
Ep 159 | 드론4 목적지78 |  911스텝 | 배송 78/78 | 재적재 14 | 중계율 0.15 | alpha 1.883 | complete
Ep 160 | 드론4 목적지23 |  654스텝 | 배송 23/23 | 재적재  4 | 중계율 0.25 | alpha 1.900 | complete
Ep 161 | 드론4 목적지73 | 1000스텝 | 배송 64/73 | 재적재 11 | 중계율 0.26 | alpha 1.870 | step_limit
Ep 162 | 드론3 목적지49 | 1000스텝 | 배송 46/49 | 재적재  8 | 중계율 0.17 | alpha 1.882 | step_limit
Ep 163 | 드론4 목적지36 |  698스텝 | 배송 36/36 | 재적재  5 | 중계율 0.21 | alpha 1.888 | complete
Ep 164 | 드론4 목적지54 |  633스텝 | 배송 54/54 | 재적재 10 | 중계율 0.16 | alpha 1.887 | complete
Ep 165 | 드론4 목적지47 |  701스텝 | 배송 47/47 | 재적재  8 | 중계율 0.26 | alpha 1.892 | complete
Ep 166 | 드론4 목적지63 |  861스텝 | 배송 63/63 | 재적재 10 | 중계율 0.23 | alpha 1.870 | complete
Ep 167 | 드론4 목적지38 |  609스텝 | 배송 38/38 | 재적재  6 | 중계율 0.20 | alpha 1.857 | complete
Ep 168 | 드론4 목적지44 |  817스텝 | 배송 44/44 | 재적재  7 | 중계율 0.26 | alpha 1.858 | complete
Ep 169 | 드론4 목적지45 |  837스텝 | 배송 45/45 | 재적재  7 | 중계율 0.24 | alpha 1.871 | complete
Ep 170 | 드론3 목적지78 | 1000스텝 | 배송 73/78 | 재적재 14 | 중계율 0.13 | alpha 1.865 | step_limit
Ep 171 | 드론4 목적지34 |  735스텝 | 배송 34/34 | 재적재  6 | 중계율 0.27 | alpha 1.850 | complete
Ep 172 | 드론3 목적지48 | 1000스텝 | 배송 45/48 | 재적재  8 | 중계율 0.19 | alpha 1.851 | step_limit
Ep 173 | 드론3 목적지64 | 1000스텝 | 배송 50/64 | 재적재  7 | 중계율 0.30 | alpha 1.799 | step_limit
Ep 174 | 드론4 목적지38 |  404스텝 | 배송 38/38 | 재적재  4 | 중계율 0.08 | alpha 1.802 | complete
Ep 175 | 드론3 목적지56 | 1000스텝 | 배송 51/56 | 재적재  8 | 중계율 0.22 | alpha 1.783 | step_limit
Ep 176 | 드론3 목적지68 | 1000스텝 | 배송 39/68 | 재적재  6 | 중계율 0.22 | alpha 1.755 | step_limit
Ep 177 | 드론4 목적지74 | 1000스텝 | 배송 58/74 | 재적재 10 | 중계율 0.24 | alpha 1.714 | step_limit
Ep 178 | 드론4 목적지37 |  620스텝 | 배송 37/37 | 재적재  6 | 중계율 0.24 | alpha 1.700 | complete
Ep 179 | 드론4 목적지48 |  710스텝 | 배송 48/48 | 재적재  7 | 중계율 0.22 | alpha 1.709 | complete
Ep 180 | 드론3 목적지61 | 1000스텝 | 배송 56/61 | 재적재 10 | 중계율 0.22 | alpha 1.747 | step_limit
Ep 181 | 드론3 목적지80 | 1000스텝 | 배송 53/80 | 재적재  9 | 중계율 0.22 | alpha 1.739 | step_limit
Ep 182 | 드론4 목적지31 |  655스텝 | 배송 31/31 | 재적재  6 | 중계율 0.31 | alpha 1.742 | complete
Ep 183 | 드론3 목적지53 | 1000스텝 | 배송 50/53 | 재적재  9 | 중계율 0.21 | alpha 1.716 | step_limit
Ep 184 | 드론3 목적지64 | 1000스텝 | 배송 47/64 | 재적재  9 | 중계율 0.21 | alpha 1.700 | step_limit
Ep 185 | 드론3 목적지49 |  925스텝 | 배송 49/49 | 재적재  8 | 중계율 0.16 | alpha 1.683 | complete
Ep 186 | 드론4 목적지47 |  719스텝 | 배송 47/47 | 재적재  8 | 중계율 0.24 | alpha 1.671 | complete
Ep 187 | 드론4 목적지59 | 1000스텝 | 배송 54/59 | 재적재 10 | 중계율 0.29 | alpha 1.676 | step_limit
Ep 188 | 드론3 목적지33 |  844스텝 | 배송 33/33 | 재적재  6 | 중계율 0.24 | alpha 1.667 | complete
Ep 189 | 드론4 목적지35 |  571스텝 | 배송 35/35 | 재적재  5 | 중계율 0.19 | alpha 1.663 | complete
Ep 190 | 드론3 목적지30 |  686스텝 | 배송 30/30 | 재적재  5 | 중계율 0.24 | alpha 1.655 | complete
Ep 191 | 드론3 목적지70 | 1000스텝 | 배송 66/70 | 재적재 12 | 중계율 0.16 | alpha 1.660 | step_limit
Ep 192 | 드론4 목적지36 |  411스텝 | 배송 36/36 | 재적재  6 | 중계율 0.19 | alpha 1.661 | complete
Ep 193 | 드론3 목적지54 | 1000스텝 | 배송 43/54 | 재적재  8 | 중계율 0.23 | alpha 1.634 | step_limit
Ep 194 | 드론3 목적지76 | 1000스텝 | 배송 60/76 | 재적재 10 | 중계율 0.23 | alpha 1.616 | step_limit
Ep 195 | 드론4 목적지74 | 1000스텝 | 배송 60/74 | 재적재 10 | 중계율 0.34 | alpha 1.614 | step_limit
Ep 196 | 드론4 목적지70 | 1000스텝 | 배송 66/70 | 재적재 12 | 중계율 0.27 | alpha 1.598 | step_limit
Ep 197 | 드론3 목적지34 |  685스텝 | 배송 34/34 | 재적재  5 | 중계율 0.18 | alpha 1.566 | complete
Ep 198 | 드론3 목적지33 |  870스텝 | 배송 33/33 | 재적재  6 | 중계율 0.26 | alpha 1.528 | complete
Ep 199 | 드론4 목적지46 |  984스텝 | 배송 46/46 | 재적재  7 | 중계율 0.24 | alpha 1.520 | complete
Ep 200 | 드론4 목적지42 |  602스텝 | 배송 42/42 | 재적재  7 | 중계율 0.20 | alpha 1.509 | complete
  [홀드아웃] 배송 50.0±0.2 완주 0.99 스텝 1058 점수 124.6 재적재 8.3 2홉+ 0.63 | 최고 124.6@ep200 정체 0/15  ← 갱신
Ep 201 | 드론4 목적지51 |  611스텝 | 배송 51/51 | 재적재  9 | 중계율 0.17 | alpha 1.510 | complete
Ep 202 | 드론4 목적지32 |  809스텝 | 배송 32/32 | 재적재  5 | 중계율 0.32 | alpha 1.516 | complete
Ep 203 | 드론4 목적지30 |  609스텝 | 배송 30/30 | 재적재  4 | 중계율 0.32 | alpha 1.519 | complete
Ep 204 | 드론4 목적지73 | 1000스텝 | 배송 64/73 | 재적재 10 | 중계율 0.24 | alpha 1.525 | step_limit
Ep 205 | 드론3 목적지44 |  886스텝 | 배송 44/44 | 재적재  7 | 중계율 0.26 | alpha 1.513 | complete
Ep 206 | 드론3 목적지26 |  583스텝 | 배송 26/26 | 재적재  4 | 중계율 0.22 | alpha 1.515 | complete
Ep 207 | 드론4 목적지40 |  966스텝 | 배송 40/40 | 재적재  6 | 중계율 0.22 | alpha 1.512 | complete
Ep 208 | 드론4 목적지35 |  428스텝 | 배송 35/35 | 재적재  4 | 중계율 0.26 | alpha 1.510 | complete
Ep 209 | 드론4 목적지75 |  824스텝 | 배송 75/75 | 재적재 13 | 중계율 0.13 | alpha 1.495 | complete
Ep 210 | 드론4 목적지56 |  993스텝 | 배송 56/56 | 재적재 10 | 중계율 0.29 | alpha 1.511 | complete
Ep 211 | 드론3 목적지26 |  782스텝 | 배송 26/26 | 재적재  4 | 중계율 0.20 | alpha 1.511 | complete
Ep 212 | 드론3 목적지58 | 1000스텝 | 배송 56/58 | 재적재 10 | 중계율 0.16 | alpha 1.504 | step_limit
Ep 213 | 드론3 목적지44 |  934스텝 | 배송 44/44 | 재적재  7 | 중계율 0.25 | alpha 1.506 | complete
Ep 214 | 드론3 목적지56 | 1000스텝 | 배송 56/56 | 재적재 11 | 중계율 0.19 | alpha 1.485 | complete
Ep 215 | 드론3 목적지64 | 1000스텝 | 배송 61/64 | 재적재 10 | 중계율 0.20 | alpha 1.462 | step_limit
Ep 216 | 드론4 목적지40 |  612스텝 | 배송 40/40 | 재적재  6 | 중계율 0.26 | alpha 1.457 | complete
Ep 217 | 드론4 목적지41 |  450스텝 | 배송 41/41 | 재적재  6 | 중계율 0.12 | alpha 1.456 | complete
Ep 218 | 드론3 목적지31 |  701스텝 | 배송 31/31 | 재적재  5 | 중계율 0.26 | alpha 1.454 | complete
Ep 219 | 드론3 목적지80 | 1000스텝 | 배송 57/80 | 재적재 10 | 중계율 0.14 | alpha 1.425 | step_limit
Ep 220 | 드론3 목적지53 | 1000스텝 | 배송 45/53 | 재적재  8 | 중계율 0.20 | alpha 1.454 | step_limit
Ep 221 | 드론4 목적지72 |  876스텝 | 배송 72/72 | 재적재 13 | 중계율 0.20 | alpha 1.438 | complete
Ep 222 | 드론3 목적지27 |  792스텝 | 배송 27/27 | 재적재  4 | 중계율 0.29 | alpha 1.413 | complete
Ep 223 | 드론4 목적지22 |  422스텝 | 배송 22/22 | 재적재  3 | 중계율 0.18 | alpha 1.413 | complete
Ep 224 | 드론3 목적지62 | 1000스텝 | 배송 51/62 | 재적재  9 | 중계율 0.20 | alpha 1.425 | step_limit
Ep 225 | 드론4 목적지58 |  683스텝 | 배송 58/58 | 재적재  9 | 중계율 0.18 | alpha 1.429 | complete
Ep 226 | 드론4 목적지37 |  944스텝 | 배송 37/37 | 재적재  6 | 중계율 0.29 | alpha 1.424 | complete
Ep 227 | 드론3 목적지49 | 1000스텝 | 배송 47/49 | 재적재  7 | 중계율 0.26 | alpha 1.435 | step_limit
Ep 228 | 드론4 목적지72 |  755스텝 | 배송 72/72 | 재적재 13 | 중계율 0.14 | alpha 1.415 | complete
Ep 229 | 드론3 목적지77 | 1000스텝 | 배송 59/77 | 재적재 10 | 중계율 0.22 | alpha 1.397 | step_limit
Ep 230 | 드론4 목적지53 |  700스텝 | 배송 53/53 | 재적재 10 | 중계율 0.17 | alpha 1.390 | complete
Ep 231 | 드론4 목적지56 | 1000스텝 | 배송 51/56 | 재적재  8 | 중계율 0.36 | alpha 1.395 | step_limit
Ep 232 | 드론3 목적지28 |  900스텝 | 배송 28/28 | 재적재  4 | 중계율 0.27 | alpha 1.389 | complete
Ep 233 | 드론4 목적지40 |  834스텝 | 배송 40/40 | 재적재  7 | 중계율 0.36 | alpha 1.388 | complete
Ep 234 | 드론4 목적지29 |  628스텝 | 배송 29/29 | 재적재  4 | 중계율 0.22 | alpha 1.388 | complete
Ep 235 | 드론4 목적지69 | 1000스텝 | 배송 58/69 | 재적재 10 | 중계율 0.25 | alpha 1.378 | step_limit
Ep 236 | 드론3 목적지30 |  950스텝 | 배송 28/30 | 재적재  5 | 중계율 0.28 | alpha 1.374 | no_progress
Ep 237 | 드론4 목적지24 |  554스텝 | 배송 24/24 | 재적재  3 | 중계율 0.26 | alpha 1.369 | complete
Ep 238 | 드론4 목적지21 |  528스텝 | 배송 21/21 | 재적재  3 | 중계율 0.28 | alpha 1.363 | complete
Ep 239 | 드론4 목적지60 |  999스텝 | 배송 60/60 | 재적재 10 | 중계율 0.31 | alpha 1.337 | complete
Ep 240 | 드론4 목적지58 |  882스텝 | 배송 58/58 | 재적재 11 | 중계율 0.24 | alpha 1.333 | complete
Ep 241 | 드론3 목적지26 |  684스텝 | 배송 26/26 | 재적재  4 | 중계율 0.13 | alpha 1.332 | complete
Ep 242 | 드론3 목적지43 |  934스텝 | 배송 43/43 | 재적재  7 | 중계율 0.24 | alpha 1.326 | complete
Ep 243 | 드론4 목적지55 |  832스텝 | 배송 55/55 | 재적재  9 | 중계율 0.27 | alpha 1.328 | complete
Ep 244 | 드론4 목적지48 |  557스텝 | 배송 48/48 | 재적재  8 | 중계율 0.18 | alpha 1.313 | complete
Ep 245 | 드론4 목적지67 |  950스텝 | 배송 67/67 | 재적재 11 | 중계율 0.23 | alpha 1.294 | complete
Ep 246 | 드론3 목적지65 | 1000스텝 | 배송 57/65 | 재적재  9 | 중계율 0.24 | alpha 1.289 | step_limit
Ep 247 | 드론4 목적지49 |  799스텝 | 배송 49/49 | 재적재  7 | 중계율 0.27 | alpha 1.297 | complete
Ep 248 | 드론3 목적지41 | 1000스텝 | 배송 40/41 | 재적재  8 | 중계율 0.23 | alpha 1.309 | step_limit
Ep 249 | 드론4 목적지26 |  335스텝 | 배송 26/26 | 재적재  4 | 중계율 0.12 | alpha 1.300 | complete
Ep 250 | 드론4 목적지43 |  661스텝 | 배송 43/43 | 재적재  7 | 중계율 0.24 | alpha 1.297 | complete
  [홀드아웃] 배송 49.9±0.8 완주 0.95 스텝 1008 점수 121.6 재적재 8.1 2홉+ 0.61 | 최고 124.6@ep200 정체 1/15
Ep 251 | 드론4 목적지71 | 1000스텝 | 배송 69/71 | 재적재 12 | 중계율 0.23 | alpha 1.287 | step_limit
Ep 252 | 드론3 목적지48 | 1000스텝 | 배송 38/48 | 재적재  6 | 중계율 0.22 | alpha 1.279 | step_limit
Ep 253 | 드론3 목적지30 |  764스텝 | 배송 30/30 | 재적재  5 | 중계율 0.25 | alpha 1.276 | complete
Ep 254 | 드론4 목적지26 |  586스텝 | 배송 26/26 | 재적재  2 | 중계율 0.37 | alpha 1.281 | complete
Ep 255 | 드론4 목적지69 |  918스텝 | 배송 69/69 | 재적재 13 | 중계율 0.22 | alpha 1.293 | complete
Ep 256 | 드론4 목적지33 |  673스텝 | 배송 33/33 | 재적재  4 | 중계율 0.35 | alpha 1.313 | complete
Ep 257 | 드론3 목적지55 | 1000스텝 | 배송 52/55 | 재적재  9 | 중계율 0.29 | alpha 1.323 | step_limit
Ep 258 | 드론4 목적지36 | 1000스텝 | 배송 32/36 | 재적재  4 | 중계율 0.39 | alpha 1.326 | step_limit
Ep 259 | 드론3 목적지79 | 1000스텝 | 배송 70/79 | 재적재 12 | 중계율 0.20 | alpha 1.307 | step_limit
Ep 260 | 드론3 목적지41 |  743스텝 | 배송 41/41 | 재적재  7 | 중계율 0.18 | alpha 1.283 | complete
Ep 261 | 드론4 목적지21 |  743스텝 | 배송 21/21 | 재적재  3 | 중계율 0.39 | alpha 1.284 | complete
Ep 262 | 드론3 목적지43 |  897스텝 | 배송 43/43 | 재적재  6 | 중계율 0.23 | alpha 1.307 | complete
Ep 263 | 드론4 목적지21 |  408스텝 | 배송 21/21 | 재적재  3 | 중계율 0.30 | alpha 1.306 | complete
Ep 264 | 드론4 목적지50 | 1000스텝 | 배송 49/50 | 재적재  8 | 중계율 0.32 | alpha 1.297 | step_limit
Ep 265 | 드론3 목적지35 | 1000스텝 | 배송 34/35 | 재적재  6 | 중계율 0.32 | alpha 1.286 | step_limit
Ep 266 | 드론3 목적지54 | 1000스텝 | 배송 52/54 | 재적재 10 | 중계율 0.22 | alpha 1.264 | step_limit
Ep 267 | 드론4 목적지46 |  568스텝 | 배송 46/46 | 재적재  7 | 중계율 0.16 | alpha 1.251 | complete
Ep 268 | 드론3 목적지33 |  680스텝 | 배송 33/33 | 재적재  6 | 중계율 0.26 | alpha 1.232 | complete
Ep 269 | 드론3 목적지42 |  914스텝 | 배송 42/42 | 재적재  7 | 중계율 0.25 | alpha 1.222 | complete
Ep 270 | 드론3 목적지45 |  750스텝 | 배송 45/45 | 재적재  7 | 중계율 0.22 | alpha 1.217 | complete
Ep 271 | 드론4 목적지37 |  473스텝 | 배송 37/37 | 재적재  7 | 중계율 0.23 | alpha 1.215 | complete
Ep 272 | 드론3 목적지47 |  902스텝 | 배송 47/47 | 재적재  8 | 중계율 0.21 | alpha 1.205 | complete
Ep 273 | 드론4 목적지76 |  862스텝 | 배송 76/76 | 재적재 13 | 중계율 0.23 | alpha 1.191 | complete
Ep 274 | 드론4 목적지29 |  568스텝 | 배송 29/29 | 재적재  4 | 중계율 0.25 | alpha 1.197 | complete
Ep 275 | 드론3 목적지78 | 1000스텝 | 배송 60/78 | 재적재 11 | 중계율 0.24 | alpha 1.222 | step_limit
Ep 276 | 드론4 목적지49 |  780스텝 | 배송 49/49 | 재적재  8 | 중계율 0.20 | alpha 1.229 | complete
Ep 277 | 드론3 목적지67 | 1000스텝 | 배송 55/67 | 재적재  9 | 중계율 0.26 | alpha 1.225 | step_limit
Ep 278 | 드론3 목적지30 |  633스텝 | 배송 30/30 | 재적재  5 | 중계율 0.24 | alpha 1.211 | complete
Ep 279 | 드론4 목적지44 |  679스텝 | 배송 44/44 | 재적재  7 | 중계율 0.24 | alpha 1.210 | complete
Ep 280 | 드론3 목적지32 |  596스텝 | 배송 32/32 | 재적재  5 | 중계율 0.23 | alpha 1.212 | complete
Ep 281 | 드론3 목적지36 | 1000스텝 | 배송 35/36 | 재적재  6 | 중계율 0.26 | alpha 1.217 | step_limit
Ep 282 | 드론3 목적지56 | 1000스텝 | 배송 53/56 | 재적재  9 | 중계율 0.22 | alpha 1.217 | step_limit
Ep 283 | 드론3 목적지75 | 1000스텝 | 배송 70/75 | 재적재 12 | 중계율 0.15 | alpha 1.202 | step_limit
Ep 284 | 드론4 목적지21 |  279스텝 | 배송 21/21 | 재적재  2 | 중계율 0.17 | alpha 1.204 | complete
Ep 285 | 드론4 목적지72 |  973스텝 | 배송 72/72 | 재적재 13 | 중계율 0.22 | alpha 1.189 | complete
Ep 286 | 드론4 목적지78 |  773스텝 | 배송 78/78 | 재적재 13 | 중계율 0.18 | alpha 1.197 | complete
Ep 287 | 드론3 목적지39 |  749스텝 | 배송 39/39 | 재적재  6 | 중계율 0.21 | alpha 1.193 | complete
Ep 288 | 드론3 목적지39 |  606스텝 | 배송 39/39 | 재적재  6 | 중계율 0.19 | alpha 1.197 | complete
Ep 289 | 드론3 목적지49 |  894스텝 | 배송 49/49 | 재적재  8 | 중계율 0.24 | alpha 1.175 | complete
Ep 290 | 드론3 목적지29 |  630스텝 | 배송 29/29 | 재적재  5 | 중계율 0.24 | alpha 1.172 | complete
Ep 291 | 드론4 목적지68 |  792스텝 | 배송 68/68 | 재적재 12 | 중계율 0.25 | alpha 1.169 | complete
Ep 292 | 드론3 목적지69 | 1000스텝 | 배송 60/69 | 재적재 11 | 중계율 0.15 | alpha 1.145 | step_limit
Ep 293 | 드론3 목적지38 |  783스텝 | 배송 38/38 | 재적재  7 | 중계율 0.24 | alpha 1.135 | complete
Ep 294 | 드론4 목적지41 |  714스텝 | 배송 41/41 | 재적재  7 | 중계율 0.28 | alpha 1.117 | complete
Ep 295 | 드론3 목적지35 |  644스텝 | 배송 35/35 | 재적재  6 | 중계율 0.23 | alpha 1.098 | complete
Ep 296 | 드론4 목적지49 |  682스텝 | 배송 49/49 | 재적재  9 | 중계율 0.18 | alpha 1.085 | complete
Ep 297 | 드론3 목적지78 | 1000스텝 | 배송 60/78 | 재적재 10 | 중계율 0.27 | alpha 1.072 | step_limit
Ep 298 | 드론3 목적지73 | 1000스텝 | 배송 63/73 | 재적재 11 | 중계율 0.19 | alpha 1.074 | step_limit
Ep 299 | 드론4 목적지75 |  974스텝 | 배송 75/75 | 재적재 13 | 중계율 0.21 | alpha 1.084 | complete
Ep 300 | 드론3 목적지39 |  848스텝 | 배송 39/39 | 재적재  7 | 중계율 0.22 | alpha 1.068 | complete
  [홀드아웃] 배송 49.6±2.4 완주 0.96 스텝 943 점수 123.7 재적재 8.0 2홉+ 0.61 | 최고 124.6@ep200 정체 2/15
Ep 301 | 드론3 목적지69 | 1000스텝 | 배송 60/69 | 재적재 11 | 중계율 0.20 | alpha 1.065 | step_limit
Ep 302 | 드론4 목적지60 | 1000스텝 | 배송 55/60 | 재적재 10 | 중계율 0.30 | alpha 1.042 | step_limit
Ep 303 | 드론3 목적지74 | 1000스텝 | 배송 68/74 | 재적재 13 | 중계율 0.19 | alpha 1.016 | step_limit
Ep 304 | 드론3 목적지25 |  620스텝 | 배송 25/25 | 재적재  4 | 중계율 0.13 | alpha 0.993 | complete
Ep 305 | 드론3 목적지75 | 1000스텝 | 배송 60/75 | 재적재 11 | 중계율 0.24 | alpha 0.986 | step_limit
Ep 306 | 드론3 목적지29 |  513스텝 | 배송 29/29 | 재적재  5 | 중계율 0.21 | alpha 0.989 | complete
Ep 307 | 드론4 목적지29 |  466스텝 | 배송 29/29 | 재적재  4 | 중계율 0.18 | alpha 0.996 | complete
Ep 308 | 드론4 목적지35 |  414스텝 | 배송 35/35 | 재적재  5 | 중계율 0.12 | alpha 0.993 | complete
Ep 309 | 드론4 목적지37 |  718스텝 | 배송 37/37 | 재적재  5 | 중계율 0.33 | alpha 0.981 | complete
Ep 310 | 드론3 목적지74 | 1000스텝 | 배송 52/74 | 재적재  9 | 중계율 0.17 | alpha 0.973 | step_limit
Ep 311 | 드론4 목적지42 |  953스텝 | 배송 42/42 | 재적재  7 | 중계율 0.31 | alpha 0.966 | complete
Ep 312 | 드론4 목적지73 | 1000스텝 | 배송 57/73 | 재적재 11 | 중계율 0.32 | alpha 0.948 | step_limit
Ep 313 | 드론3 목적지34 | 1000스텝 | 배송 33/34 | 재적재  5 | 중계율 0.33 | alpha 0.942 | step_limit
Ep 314 | 드론3 목적지26 |  647스텝 | 배송 26/26 | 재적재  4 | 중계율 0.26 | alpha 0.938 | complete
Ep 315 | 드론4 목적지20 |  469스텝 | 배송 20/20 | 재적재  2 | 중계율 0.34 | alpha 0.934 | complete
Ep 316 | 드론4 목적지24 |  394스텝 | 배송 24/24 | 재적재  3 | 중계율 0.18 | alpha 0.928 | complete
Ep 317 | 드론4 목적지23 |  518스텝 | 배송 23/23 | 재적재  3 | 중계율 0.33 | alpha 0.927 | complete
Ep 318 | 드론3 목적지45 |  845스텝 | 배송 45/45 | 재적재  7 | 중계율 0.24 | alpha 0.908 | complete
Ep 319 | 드론4 목적지52 |  874스텝 | 배송 52/52 | 재적재 10 | 중계율 0.27 | alpha 0.892 | complete
Ep 320 | 드론3 목적지25 |  416스텝 | 배송 25/25 | 재적재  3 | 중계율 0.26 | alpha 0.885 | complete
Ep 321 | 드론3 목적지34 |  647스텝 | 배송 34/34 | 재적재  6 | 중계율 0.28 | alpha 0.873 | complete
Ep 322 | 드론3 목적지33 | 1000스텝 | 배송 31/33 | 재적재  6 | 중계율 0.17 | alpha 0.865 | step_limit
Ep 323 | 드론3 목적지35 |  831스텝 | 배송 35/35 | 재적재  6 | 중계율 0.28 | alpha 0.858 | complete
Ep 324 | 드론4 목적지70 |  751스텝 | 배송 70/70 | 재적재 13 | 중계율 0.21 | alpha 0.870 | complete
Ep 325 | 드론3 목적지43 |  650스텝 | 배송 43/43 | 재적재  7 | 중계율 0.18 | alpha 0.875 | complete
Ep 326 | 드론4 목적지42 |  899스텝 | 배송 30/42 | 재적재  5 | 중계율 0.33 | alpha 0.875 | no_progress
Ep 327 | 드론4 목적지62 |  934스텝 | 배송 62/62 | 재적재 10 | 중계율 0.22 | alpha 0.870 | complete
Ep 328 | 드론3 목적지53 | 1000스텝 | 배송 52/53 | 재적재 10 | 중계율 0.19 | alpha 0.863 | step_limit
Ep 329 | 드론4 목적지31 |  423스텝 | 배송 31/31 | 재적재  4 | 중계율 0.22 | alpha 0.859 | complete
Ep 330 | 드론3 목적지65 | 1000스텝 | 배송 58/65 | 재적재 10 | 중계율 0.20 | alpha 0.838 | step_limit
Ep 331 | 드론3 목적지25 |  743스텝 | 배송 25/25 | 재적재  4 | 중계율 0.19 | alpha 0.821 | complete
Ep 332 | 드론3 목적지79 | 1000스텝 | 배송 60/79 | 재적재 11 | 중계율 0.22 | alpha 0.810 | step_limit
Ep 333 | 드론3 목적지37 | 1000스텝 | 배송 33/37 | 재적재  5 | 중계율 0.27 | alpha 0.808 | step_limit
Ep 334 | 드론3 목적지72 | 1000스텝 | 배송 63/72 | 재적재 12 | 중계율 0.14 | alpha 0.795 | step_limit
Ep 335 | 드론3 목적지23 |  583스텝 | 배송 23/23 | 재적재  4 | 중계율 0.30 | alpha 0.783 | complete
Ep 336 | 드론3 목적지57 | 1000스텝 | 배송 55/57 | 재적재  9 | 중계율 0.31 | alpha 0.785 | step_limit
Ep 337 | 드론3 목적지76 | 1000스텝 | 배송 64/76 | 재적재 12 | 중계율 0.21 | alpha 0.766 | step_limit
Ep 338 | 드론3 목적지30 |  624스텝 | 배송 30/30 | 재적재  4 | 중계율 0.25 | alpha 0.758 | complete
Ep 339 | 드론4 목적지73 |  692스텝 | 배송 73/73 | 재적재 13 | 중계율 0.14 | alpha 0.754 | complete
Ep 340 | 드론4 목적지34 |  533스텝 | 배송 34/34 | 재적재  4 | 중계율 0.20 | alpha 0.751 | complete
Ep 341 | 드론4 목적지26 |  728스텝 | 배송 26/26 | 재적재  4 | 중계율 0.38 | alpha 0.739 | complete
Ep 342 | 드론3 목적지46 |  683스텝 | 배송 46/46 | 재적재  7 | 중계율 0.19 | alpha 0.733 | complete
Ep 343 | 드론3 목적지50 |  909스텝 | 배송 50/50 | 재적재  8 | 중계율 0.29 | alpha 0.730 | complete
Ep 344 | 드론4 목적지28 |  397스텝 | 배송 28/28 | 재적재  5 | 중계율 0.20 | alpha 0.732 | complete
Ep 345 | 드론4 목적지61 | 1000스텝 | 배송 55/61 | 재적재  8 | 중계율 0.29 | alpha 0.731 | step_limit
Ep 346 | 드론3 목적지29 |  817스텝 | 배송 29/29 | 재적재  4 | 중계율 0.30 | alpha 0.721 | complete
Ep 347 | 드론3 목적지42 | 1000스텝 | 배송 36/42 | 재적재  5 | 중계율 0.28 | alpha 0.709 | step_limit
Ep 348 | 드론4 목적지53 |  583스텝 | 배송 53/53 | 재적재  8 | 중계율 0.17 | alpha 0.706 | complete
Ep 349 | 드론3 목적지62 | 1000스텝 | 배송 55/62 | 재적재 10 | 중계율 0.29 | alpha 0.697 | step_limit
Ep 350 | 드론3 목적지79 | 1000스텝 | 배송 72/79 | 재적재 13 | 중계율 0.20 | alpha 0.697 | step_limit
  [홀드아웃] 배송 50.0±0.0 완주 1.00 스텝 886 점수 128.2 재적재 8.0 2홉+ 0.61 | 최고 128.2@ep350 정체 0/15  ← 갱신
Ep 351 | 드론4 목적지65 |  854스텝 | 배송 65/65 | 재적재 10 | 중계율 0.28 | alpha 0.701 | complete
Ep 352 | 드론4 목적지36 |  691스텝 | 배송 36/36 | 재적재  5 | 중계율 0.28 | alpha 0.699 | complete
Ep 353 | 드론3 목적지62 | 1000스텝 | 배송 59/62 | 재적재 11 | 중계율 0.17 | alpha 0.710 | step_limit
Ep 354 | 드론4 목적지35 |  372스텝 | 배송 35/35 | 재적재  4 | 중계율 0.17 | alpha 0.710 | complete
Ep 355 | 드론3 목적지24 |  552스텝 | 배송 24/24 | 재적재  4 | 중계율 0.21 | alpha 0.699 | complete
Ep 356 | 드론4 목적지62 | 1000스텝 | 배송 56/62 | 재적재 10 | 중계율 0.35 | alpha 0.693 | step_limit
Ep 357 | 드론3 목적지21 |  508스텝 | 배송 21/21 | 재적재  3 | 중계율 0.28 | alpha 0.688 | complete
Ep 358 | 드론4 목적지26 |  358스텝 | 배송 26/26 | 재적재  3 | 중계율 0.24 | alpha 0.684 | complete
Ep 359 | 드론3 목적지52 | 1000스텝 | 배송 50/52 | 재적재  9 | 중계율 0.31 | alpha 0.663 | step_limit
Ep 360 | 드론4 목적지52 | 1000스텝 | 배송 48/52 | 재적재  7 | 중계율 0.28 | alpha 0.651 | step_limit
Ep 361 | 드론3 목적지40 |  773스텝 | 배송 40/40 | 재적재  6 | 중계율 0.26 | alpha 0.641 | complete
Ep 362 | 드론4 목적지52 | 1000스텝 | 배송 48/52 | 재적재  8 | 중계율 0.37 | alpha 0.623 | step_limit
Ep 363 | 드론4 목적지64 | 1000스텝 | 배송 56/64 | 재적재 11 | 중계율 0.32 | alpha 0.605 | step_limit
Ep 364 | 드론3 목적지64 | 1000스텝 | 배송 54/64 | 재적재 10 | 중계율 0.25 | alpha 0.588 | step_limit
Ep 365 | 드론4 목적지69 | 1000스텝 | 배송 64/69 | 재적재 11 | 중계율 0.25 | alpha 0.580 | step_limit
Ep 366 | 드론4 목적지61 |  697스텝 | 배송 61/61 | 재적재 10 | 중계율 0.18 | alpha 0.576 | complete
Ep 367 | 드론3 목적지53 |  763스텝 | 배송 53/53 | 재적재  9 | 중계율 0.16 | alpha 0.572 | complete
Ep 368 | 드론4 목적지73 | 1000스텝 | 배송 72/73 | 재적재 12 | 중계율 0.14 | alpha 0.567 | step_limit
Ep 369 | 드론4 목적지30 |  429스텝 | 배송 30/30 | 재적재  4 | 중계율 0.17 | alpha 0.565 | complete
Ep 370 | 드론3 목적지71 | 1000스텝 | 배송 69/71 | 재적재 12 | 중계율 0.17 | alpha 0.549 | step_limit
Ep 371 | 드론3 목적지54 |  936스텝 | 배송 54/54 | 재적재  9 | 중계율 0.30 | alpha 0.534 | complete
Ep 372 | 드론4 목적지80 | 1000스텝 | 배송 70/80 | 재적재 13 | 중계율 0.21 | alpha 0.522 | step_limit
Ep 373 | 드론3 목적지41 |  702스텝 | 배송 41/41 | 재적재  7 | 중계율 0.23 | alpha 0.517 | complete
Ep 374 | 드론3 목적지67 | 1000스텝 | 배송 63/67 | 재적재 11 | 중계율 0.21 | alpha 0.505 | step_limit
Ep 375 | 드론3 목적지62 | 1000스텝 | 배송 50/62 | 재적재  8 | 중계율 0.30 | alpha 0.499 | step_limit
Ep 376 | 드론4 목적지72 |  890스텝 | 배송 72/72 | 재적재 12 | 중계율 0.24 | alpha 0.491 | complete
Ep 377 | 드론4 목적지63 | 1000스텝 | 배송 55/63 | 재적재  9 | 중계율 0.35 | alpha 0.486 | step_limit
Ep 378 | 드론4 목적지74 | 1000스텝 | 배송 73/74 | 재적재 14 | 중계율 0.20 | alpha 0.483 | step_limit
Ep 379 | 드론3 목적지77 | 1000스텝 | 배송 61/77 | 재적재 10 | 중계율 0.21 | alpha 0.483 | step_limit
Ep 380 | 드론3 목적지73 | 1000스텝 | 배송 70/73 | 재적재 12 | 중계율 0.17 | alpha 0.478 | step_limit
Ep 381 | 드론4 목적지20 |  258스텝 | 배송 20/20 | 재적재  3 | 중계율 0.16 | alpha 0.478 | complete
Ep 382 | 드론3 목적지75 | 1000스텝 | 배송 61/75 | 재적재 11 | 중계율 0.23 | alpha 0.470 | step_limit
Ep 383 | 드론3 목적지52 | 1000스텝 | 배송 42/52 | 재적재  7 | 중계율 0.21 | alpha 0.469 | step_limit
Ep 384 | 드론3 목적지77 | 1000스텝 | 배송 71/77 | 재적재 14 | 중계율 0.17 | alpha 0.464 | step_limit
Ep 385 | 드론3 목적지62 | 1000스텝 | 배송 54/62 | 재적재  9 | 중계율 0.28 | alpha 0.461 | step_limit
Ep 386 | 드론3 목적지80 | 1000스텝 | 배송 64/80 | 재적재 10 | 중계율 0.24 | alpha 0.451 | step_limit
Ep 387 | 드론3 목적지31 |  641스텝 | 배송 31/31 | 재적재  5 | 중계율 0.24 | alpha 0.445 | complete
Ep 388 | 드론3 목적지33 |  651스텝 | 배송 33/33 | 재적재  5 | 중계율 0.32 | alpha 0.445 | complete
Ep 389 | 드론4 목적지72 | 1000스텝 | 배송 70/72 | 재적재 11 | 중계율 0.28 | alpha 0.431 | step_limit
Ep 390 | 드론4 목적지71 | 1000스텝 | 배송 69/71 | 재적재 13 | 중계율 0.23 | alpha 0.413 | step_limit
Ep 391 | 드론4 목적지50 |  583스텝 | 배송 50/50 | 재적재  7 | 중계율 0.17 | alpha 0.409 | complete
Ep 392 | 드론4 목적지71 |  816스텝 | 배송 71/71 | 재적재 13 | 중계율 0.18 | alpha 0.403 | complete
Ep 393 | 드론4 목적지21 |  384스텝 | 배송 21/21 | 재적재  3 | 중계율 0.34 | alpha 0.396 | complete
Ep 394 | 드론4 목적지60 | 1000스텝 | 배송 59/60 | 재적재 11 | 중계율 0.34 | alpha 0.386 | step_limit
Ep 395 | 드론4 목적지55 | 1000스텝 | 배송 50/55 | 재적재  9 | 중계율 0.17 | alpha 0.372 | step_limit
Ep 396 | 드론4 목적지71 |  699스텝 | 배송 71/71 | 재적재 13 | 중계율 0.14 | alpha 0.364 | complete
Ep 397 | 드론3 목적지36 |  684스텝 | 배송 36/36 | 재적재  6 | 중계율 0.26 | alpha 0.359 | complete
Ep 398 | 드론3 목적지52 |  911스텝 | 배송 52/52 | 재적재  9 | 중계율 0.22 | alpha 0.350 | complete
Ep 399 | 드론3 목적지46 |  813스텝 | 배송 46/46 | 재적재  7 | 중계율 0.21 | alpha 0.344 | complete
Ep 400 | 드론3 목적지34 |  622스텝 | 배송 34/34 | 재적재  5 | 중계율 0.34 | alpha 0.338 | complete
  [홀드아웃] 배송 49.7±2.2 완주 0.97 스텝 918 점수 125.3 재적재 8.0 2홉+ 0.60 | 최고 128.2@ep350 정체 1/15
Ep 401 | 드론3 목적지38 |  777스텝 | 배송 38/38 | 재적재  7 | 중계율 0.30 | alpha 0.332 | complete
Ep 402 | 드론4 목적지36 |  691스텝 | 배송 36/36 | 재적재  6 | 중계율 0.32 | alpha 0.324 | complete
Ep 403 | 드론3 목적지73 | 1000스텝 | 배송 59/73 | 재적재 10 | 중계율 0.17 | alpha 0.319 | step_limit
Ep 404 | 드론4 목적지70 | 1000스텝 | 배송 50/70 | 재적재  8 | 중계율 0.27 | alpha 0.316 | step_limit
Ep 405 | 드론3 목적지25 |  489스텝 | 배송 25/25 | 재적재  3 | 중계율 0.24 | alpha 0.315 | complete
Ep 406 | 드론4 목적지58 | 1000스텝 | 배송 56/58 | 재적재  9 | 중계율 0.32 | alpha 0.315 | step_limit
Ep 407 | 드론4 목적지70 |  984스텝 | 배송 70/70 | 재적재 12 | 중계율 0.27 | alpha 0.313 | complete
Ep 408 | 드론3 목적지40 |  741스텝 | 배송 40/40 | 재적재  7 | 중계율 0.22 | alpha 0.311 | complete
Ep 409 | 드론3 목적지30 |  553스텝 | 배송 30/30 | 재적재  4 | 중계율 0.23 | alpha 0.310 | complete
Ep 410 | 드론3 목적지63 |  945스텝 | 배송 63/63 | 재적재 11 | 중계율 0.21 | alpha 0.307 | complete
Ep 411 | 드론3 목적지48 |  946스텝 | 배송 48/48 | 재적재  8 | 중계율 0.28 | alpha 0.306 | complete
Ep 412 | 드론4 목적지34 |  484스텝 | 배송 34/34 | 재적재  5 | 중계율 0.24 | alpha 0.307 | complete
Ep 413 | 드론3 목적지22 |  488스텝 | 배송 22/22 | 재적재  3 | 중계율 0.35 | alpha 0.309 | complete
Ep 414 | 드론3 목적지51 |  919스텝 | 배송 51/51 | 재적재  9 | 중계율 0.31 | alpha 0.314 | complete
Ep 415 | 드론4 목적지45 |  966스텝 | 배송 45/45 | 재적재  8 | 중계율 0.34 | alpha 0.320 | complete
Ep 416 | 드론3 목적지60 | 1000스텝 | 배송 50/60 | 재적재  9 | 중계율 0.27 | alpha 0.324 | step_limit
Ep 417 | 드론3 목적지43 |  801스텝 | 배송 43/43 | 재적재  7 | 중계율 0.30 | alpha 0.333 | complete
Ep 418 | 드론4 목적지75 | 1000스텝 | 배송 71/75 | 재적재 12 | 중계율 0.31 | alpha 0.339 | step_limit
Ep 419 | 드론4 목적지60 |  932스텝 | 배송 60/60 | 재적재  9 | 중계율 0.34 | alpha 0.348 | complete
Ep 420 | 드론3 목적지22 |  512스텝 | 배송 22/22 | 재적재  3 | 중계율 0.30 | alpha 0.352 | complete
Ep 421 | 드론4 목적지40 |  825스텝 | 배송 40/40 | 재적재  7 | 중계율 0.38 | alpha 0.359 | complete
Ep 422 | 드론4 목적지52 |  664스텝 | 배송 52/52 | 재적재 10 | 중계율 0.20 | alpha 0.365 | complete
Ep 423 | 드론3 목적지29 |  561스텝 | 배송 29/29 | 재적재  5 | 중계율 0.21 | alpha 0.370 | complete
Ep 424 | 드론3 목적지29 |  559스텝 | 배송 29/29 | 재적재  4 | 중계율 0.21 | alpha 0.377 | complete
Ep 425 | 드론3 목적지80 | 1000스텝 | 배송 70/80 | 재적재 12 | 중계율 0.23 | alpha 0.381 | step_limit
Ep 426 | 드론4 목적지78 |  955스텝 | 배송 78/78 | 재적재 14 | 중계율 0.17 | alpha 0.387 | complete
Ep 427 | 드론3 목적지46 |  721스텝 | 배송 46/46 | 재적재  7 | 중계율 0.22 | alpha 0.390 | complete
Ep 428 | 드론4 목적지72 |  900스텝 | 배송 72/72 | 재적재 14 | 중계율 0.21 | alpha 0.394 | complete
Ep 429 | 드론3 목적지72 | 1000스텝 | 배송 59/72 | 재적재  9 | 중계율 0.28 | alpha 0.394 | step_limit
Ep 430 | 드론3 목적지78 | 1000스텝 | 배송 67/78 | 재적재 12 | 중계율 0.22 | alpha 0.397 | step_limit
Ep 431 | 드론3 목적지23 |  520스텝 | 배송 23/23 | 재적재  3 | 중계율 0.28 | alpha 0.399 | complete
Ep 432 | 드론4 목적지41 |  521스텝 | 배송 41/41 | 재적재  6 | 중계율 0.14 | alpha 0.405 | complete
Ep 433 | 드론3 목적지66 | 1000스텝 | 배송 61/66 | 재적재 11 | 중계율 0.23 | alpha 0.415 | step_limit
Ep 434 | 드론4 목적지62 | 1000스텝 | 배송 60/62 | 재적재 11 | 중계율 0.30 | alpha 0.425 | step_limit
Ep 435 | 드론3 목적지32 |  809스텝 | 배송 32/32 | 재적재  6 | 중계율 0.30 | alpha 0.430 | complete
Ep 436 | 드론4 목적지65 |  728스텝 | 배송 65/65 | 재적재 11 | 중계율 0.20 | alpha 0.430 | complete
Ep 437 | 드론4 목적지61 |  542스텝 | 배송 61/61 | 재적재 10 | 중계율 0.16 | alpha 0.434 | complete
Ep 438 | 드론3 목적지37 |  996스텝 | 배송 37/37 | 재적재  6 | 중계율 0.26 | alpha 0.443 | complete
Ep 439 | 드론4 목적지49 |  804스텝 | 배송 49/49 | 재적재  8 | 중계율 0.33 | alpha 0.447 | complete
Ep 440 | 드론3 목적지42 |  977스텝 | 배송 42/42 | 재적재  7 | 중계율 0.29 | alpha 0.453 | complete
Ep 441 | 드론3 목적지54 | 1000스텝 | 배송 48/54 | 재적재  8 | 중계율 0.27 | alpha 0.462 | step_limit
Ep 442 | 드론4 목적지41 |  552스텝 | 배송 41/41 | 재적재  7 | 중계율 0.19 | alpha 0.469 | complete
Ep 443 | 드론3 목적지61 | 1000스텝 | 배송 46/61 | 재적재  7 | 중계율 0.25 | alpha 0.475 | step_limit
Ep 444 | 드론3 목적지55 |  944스텝 | 배송 55/55 | 재적재 10 | 중계율 0.25 | alpha 0.479 | complete
Ep 445 | 드론3 목적지49 |  814스텝 | 배송 49/49 | 재적재  8 | 중계율 0.27 | alpha 0.483 | complete
Ep 446 | 드론4 목적지72 |  764스텝 | 배송 72/72 | 재적재 12 | 중계율 0.22 | alpha 0.495 | complete
Ep 447 | 드론4 목적지40 |  727스텝 | 배송 40/40 | 재적재  6 | 중계율 0.31 | alpha 0.504 | complete
Ep 448 | 드론3 목적지71 | 1000스텝 | 배송 60/71 | 재적재 10 | 중계율 0.29 | alpha 0.509 | step_limit
Ep 449 | 드론4 목적지26 |  413스텝 | 배송 26/26 | 재적재  4 | 중계율 0.26 | alpha 0.511 | complete
Ep 450 | 드론3 목적지56 | 1000스텝 | 배송 54/56 | 재적재  9 | 중계율 0.30 | alpha 0.511 | step_limit
  [홀드아웃] 배송 49.6±1.6 완주 0.93 스텝 915 점수 120.3 재적재 8.2 2홉+ 0.60 | 최고 128.2@ep350 정체 2/15
Ep 451 | 드론4 목적지51 |  876스텝 | 배송 51/51 | 재적재  9 | 중계율 0.31 | alpha 0.512 | complete
Ep 452 | 드론3 목적지34 |  528스텝 | 배송 34/34 | 재적재  6 | 중계율 0.18 | alpha 0.513 | complete
Ep 453 | 드론4 목적지47 |  665스텝 | 배송 47/47 | 재적재  8 | 중계율 0.27 | alpha 0.514 | complete
Ep 454 | 드론4 목적지70 | 1000스텝 | 배송 59/70 | 재적재 10 | 중계율 0.29 | alpha 0.512 | step_limit
Ep 455 | 드론4 목적지44 |  888스텝 | 배송 44/44 | 재적재  8 | 중계율 0.36 | alpha 0.512 | complete
Ep 456 | 드론4 목적지49 |  573스텝 | 배송 49/49 | 재적재  7 | 중계율 0.18 | alpha 0.513 | complete
Ep 457 | 드론4 목적지56 |  736스텝 | 배송 56/56 | 재적재 10 | 중계율 0.26 | alpha 0.519 | complete
Ep 458 | 드론4 목적지42 |  810스텝 | 배송 42/42 | 재적재  7 | 중계율 0.35 | alpha 0.517 | complete
Ep 459 | 드론3 목적지45 |  796스텝 | 배송 45/45 | 재적재  8 | 중계율 0.14 | alpha 0.513 | complete
Ep 460 | 드론4 목적지73 |  844스텝 | 배송 73/73 | 재적재 13 | 중계율 0.22 | alpha 0.515 | complete
Ep 461 | 드론3 목적지30 |  657스텝 | 배송 30/30 | 재적재  5 | 중계율 0.28 | alpha 0.518 | complete
Ep 462 | 드론3 목적지64 | 1000스텝 | 배송 60/64 | 재적재 10 | 중계율 0.24 | alpha 0.520 | step_limit
Ep 463 | 드론3 목적지63 | 1000스텝 | 배송 54/63 | 재적재 10 | 중계율 0.33 | alpha 0.522 | step_limit
Ep 464 | 드론3 목적지68 | 1000스텝 | 배송 59/68 | 재적재 11 | 중계율 0.24 | alpha 0.522 | step_limit
Ep 465 | 드론4 목적지63 | 1000스텝 | 배송 62/63 | 재적재 11 | 중계율 0.30 | alpha 0.525 | step_limit
Ep 466 | 드론4 목적지65 |  981스텝 | 배송 65/65 | 재적재 12 | 중계율 0.29 | alpha 0.518 | complete
Ep 467 | 드론4 목적지57 |  658스텝 | 배송 57/57 | 재적재 10 | 중계율 0.26 | alpha 0.509 | complete
Ep 468 | 드론3 목적지35 |  602스텝 | 배송 35/35 | 재적재  6 | 중계율 0.22 | alpha 0.500 | complete
Ep 469 | 드론3 목적지46 |  970스텝 | 배송 46/46 | 재적재  8 | 중계율 0.32 | alpha 0.494 | complete
Ep 470 | 드론4 목적지53 |  621스텝 | 배송 53/53 | 재적재  9 | 중계율 0.27 | alpha 0.492 | complete
Ep 471 | 드론4 목적지45 |  781스텝 | 배송 45/45 | 재적재  8 | 중계율 0.26 | alpha 0.486 | complete
Ep 472 | 드론3 목적지53 | 1000스텝 | 배송 48/53 | 재적재  9 | 중계율 0.31 | alpha 0.478 | step_limit
Ep 473 | 드론4 목적지71 |  829스텝 | 배송 71/71 | 재적재 12 | 중계율 0.24 | alpha 0.474 | complete
Ep 474 | 드론4 목적지25 |  580스텝 | 배송 25/25 | 재적재  4 | 중계율 0.32 | alpha 0.469 | complete
Ep 475 | 드론4 목적지40 |  609스텝 | 배송 40/40 | 재적재  7 | 중계율 0.24 | alpha 0.467 | complete
Ep 476 | 드론3 목적지33 |  645스텝 | 배송 33/33 | 재적재  5 | 중계율 0.25 | alpha 0.469 | complete
Ep 477 | 드론3 목적지21 |  643스텝 | 배송 21/21 | 재적재  3 | 중계율 0.24 | alpha 0.470 | complete
Ep 478 | 드론4 목적지22 |  306스텝 | 배송 22/22 | 재적재  2 | 중계율 0.21 | alpha 0.471 | complete
Ep 479 | 드론4 목적지41 |  904스텝 | 배송 41/41 | 재적재  6 | 중계율 0.38 | alpha 0.467 | complete
Ep 480 | 드론3 목적지57 | 1000스텝 | 배송 52/57 | 재적재 10 | 중계율 0.22 | alpha 0.462 | step_limit
Ep 481 | 드론3 목적지66 | 1000스텝 | 배송 61/66 | 재적재 11 | 중계율 0.25 | alpha 0.454 | step_limit
Ep 482 | 드론4 목적지76 |  911스텝 | 배송 76/76 | 재적재 13 | 중계율 0.23 | alpha 0.454 | complete
Ep 483 | 드론3 목적지28 |  544스텝 | 배송 28/28 | 재적재  3 | 중계율 0.29 | alpha 0.452 | complete
Ep 484 | 드론4 목적지35 |  535스텝 | 배송 35/35 | 재적재  5 | 중계율 0.22 | alpha 0.457 | complete
Ep 485 | 드론4 목적지44 |  768스텝 | 배송 44/44 | 재적재  7 | 중계율 0.31 | alpha 0.460 | complete
Ep 486 | 드론4 목적지75 |  951스텝 | 배송 75/75 | 재적재 13 | 중계율 0.16 | alpha 0.464 | complete
Ep 487 | 드론3 목적지75 | 1000스텝 | 배송 67/75 | 재적재 11 | 중계율 0.19 | alpha 0.468 | step_limit
Ep 488 | 드론4 목적지60 |  942스텝 | 배송 60/60 | 재적재 10 | 중계율 0.28 | alpha 0.460 | complete
Ep 489 | 드론3 목적지80 | 1000스텝 | 배송 68/80 | 재적재 13 | 중계율 0.16 | alpha 0.461 | step_limit
Ep 490 | 드론3 목적지30 |  553스텝 | 배송 30/30 | 재적재  5 | 중계율 0.16 | alpha 0.463 | complete
Ep 491 | 드론3 목적지59 | 1000스텝 | 배송 56/59 | 재적재 10 | 중계율 0.23 | alpha 0.463 | step_limit
Ep 492 | 드론3 목적지74 | 1000스텝 | 배송 65/74 | 재적재 11 | 중계율 0.25 | alpha 0.463 | step_limit
Ep 493 | 드론3 목적지47 | 1000스텝 | 배송 46/47 | 재적재  8 | 중계율 0.30 | alpha 0.459 | step_limit
Ep 494 | 드론3 목적지52 |  804스텝 | 배송 52/52 | 재적재  9 | 중계율 0.22 | alpha 0.451 | complete
Ep 495 | 드론3 목적지54 | 1000스텝 | 배송 53/54 | 재적재  9 | 중계율 0.32 | alpha 0.443 | step_limit
Ep 496 | 드론4 목적지56 |  832스텝 | 배송 56/56 | 재적재  9 | 중계율 0.30 | alpha 0.440 | complete
Ep 497 | 드론4 목적지73 | 1000스텝 | 배송 65/73 | 재적재 12 | 중계율 0.33 | alpha 0.442 | step_limit
Ep 498 | 드론3 목적지22 |  364스텝 | 배송 22/22 | 재적재  3 | 중계율 0.19 | alpha 0.441 | complete
Ep 499 | 드론4 목적지55 | 1000스텝 | 배송 53/55 | 재적재  8 | 중계율 0.34 | alpha 0.439 | step_limit
Ep 500 | 드론3 목적지55 |  906스텝 | 배송 55/55 | 재적재  9 | 중계율 0.28 | alpha 0.446 | complete
  [홀드아웃] 배송 48.9±4.0 완주 0.91 스텝 903 점수 119.2 재적재 8.0 2홉+ 0.61 | 최고 128.2@ep350 정체 3/15
Ep 501 | 드론4 목적지25 |  523스텝 | 배송 25/25 | 재적재  3 | 중계율 0.19 | alpha 0.449 | complete
Ep 502 | 드론3 목적지53 | 1000스텝 | 배송 52/53 | 재적재  9 | 중계율 0.35 | alpha 0.446 | step_limit
Ep 503 | 드론4 목적지73 | 1000스텝 | 배송 70/73 | 재적재 12 | 중계율 0.28 | alpha 0.451 | step_limit
Ep 504 | 드론3 목적지60 | 1000스텝 | 배송 54/60 | 재적재  9 | 중계율 0.25 | alpha 0.458 | step_limit
Ep 505 | 드론3 목적지72 | 1000스텝 | 배송 59/72 | 재적재 10 | 중계율 0.25 | alpha 0.461 | step_limit
Ep 506 | 드론3 목적지76 | 1000스텝 | 배송 60/76 | 재적재 10 | 중계율 0.24 | alpha 0.468 | step_limit
Ep 507 | 드론4 목적지79 |  990스텝 | 배송 79/79 | 재적재 13 | 중계율 0.20 | alpha 0.476 | complete
Ep 508 | 드론4 목적지38 |  743스텝 | 배송 38/38 | 재적재  6 | 중계율 0.30 | alpha 0.477 | complete
Ep 509 | 드론3 목적지52 |  944스텝 | 배송 52/52 | 재적재  9 | 중계율 0.22 | alpha 0.483 | complete
Ep 510 | 드론3 목적지42 |  880스텝 | 배송 42/42 | 재적재  7 | 중계율 0.25 | alpha 0.483 | complete
Ep 511 | 드론3 목적지21 |  474스텝 | 배송 21/21 | 재적재  3 | 중계율 0.34 | alpha 0.484 | complete
Ep 512 | 드론3 목적지23 |  512스텝 | 배송 23/23 | 재적재  3 | 중계율 0.25 | alpha 0.486 | complete
Ep 513 | 드론3 목적지66 | 1000스텝 | 배송 64/66 | 재적재 11 | 중계율 0.21 | alpha 0.497 | step_limit
Ep 514 | 드론3 목적지38 |  737스텝 | 배송 38/38 | 재적재  6 | 중계율 0.26 | alpha 0.496 | complete
Ep 515 | 드론4 목적지23 |  966스텝 | 배송 23/23 | 재적재  4 | 중계율 0.43 | alpha 0.505 | complete
Ep 516 | 드론4 목적지34 |  506스텝 | 배송 34/34 | 재적재  4 | 중계율 0.29 | alpha 0.509 | complete
Ep 517 | 드론3 목적지73 | 1000스텝 | 배송 63/73 | 재적재 11 | 중계율 0.26 | alpha 0.513 | step_limit
Ep 518 | 드론4 목적지43 |  551스텝 | 배송 43/43 | 재적재  7 | 중계율 0.21 | alpha 0.518 | complete
Ep 519 | 드론3 목적지65 | 1000스텝 | 배송 53/65 | 재적재  9 | 중계율 0.25 | alpha 0.519 | step_limit
Ep 520 | 드론4 목적지55 |  906스텝 | 배송 55/55 | 재적재  9 | 중계율 0.30 | alpha 0.520 | complete
Ep 521 | 드론3 목적지62 | 1000스텝 | 배송 55/62 | 재적재 11 | 중계율 0.26 | alpha 0.517 | step_limit
Ep 522 | 드론4 목적지37 |  780스텝 | 배송 37/37 | 재적재  6 | 중계율 0.33 | alpha 0.518 | complete
Ep 523 | 드론4 목적지66 |  946스텝 | 배송 66/66 | 재적재 12 | 중계율 0.24 | alpha 0.518 | complete
Ep 524 | 드론3 목적지57 |  946스텝 | 배송 57/57 | 재적재 10 | 중계율 0.20 | alpha 0.519 | complete
Ep 525 | 드론3 목적지39 |  650스텝 | 배송 39/39 | 재적재  6 | 중계율 0.13 | alpha 0.516 | complete
Ep 526 | 드론4 목적지73 | 1000스텝 | 배송 72/73 | 재적재 12 | 중계율 0.25 | alpha 0.514 | step_limit
Ep 527 | 드론4 목적지58 |  735스텝 | 배송 58/58 | 재적재 10 | 중계율 0.24 | alpha 0.513 | complete
Ep 528 | 드론4 목적지46 |  507스텝 | 배송 46/46 | 재적재  7 | 중계율 0.18 | alpha 0.513 | complete
Ep 529 | 드론4 목적지20 |  309스텝 | 배송 20/20 | 재적재  3 | 중계율 0.20 | alpha 0.513 | complete
Ep 530 | 드론4 목적지72 | 1000스텝 | 배송 56/72 | 재적재 10 | 중계율 0.26 | alpha 0.515 | step_limit
Ep 531 | 드론3 목적지21 |  417스텝 | 배송 21/21 | 재적재  3 | 중계율 0.26 | alpha 0.515 | complete
Ep 532 | 드론4 목적지32 |  675스텝 | 배송 32/32 | 재적재  5 | 중계율 0.36 | alpha 0.519 | complete
Ep 533 | 드론3 목적지79 | 1000스텝 | 배송 65/79 | 재적재 11 | 중계율 0.28 | alpha 0.527 | step_limit
Ep 534 | 드론4 목적지56 | 1000스텝 | 배송 55/56 | 재적재  8 | 중계율 0.30 | alpha 0.532 | step_limit
Ep 535 | 드론3 목적지68 | 1000스텝 | 배송 61/68 | 재적재 11 | 중계율 0.26 | alpha 0.530 | step_limit
Ep 536 | 드론4 목적지57 | 1000스텝 | 배송 48/57 | 재적재  8 | 중계율 0.32 | alpha 0.523 | step_limit
Ep 537 | 드론3 목적지49 | 1000스텝 | 배송 48/49 | 재적재  8 | 중계율 0.32 | alpha 0.520 | step_limit
Ep 538 | 드론3 목적지38 |  748스텝 | 배송 38/38 | 재적재  6 | 중계율 0.29 | alpha 0.524 | complete
Ep 539 | 드론4 목적지79 | 1000스텝 | 배송 75/79 | 재적재 13 | 중계율 0.21 | alpha 0.521 | step_limit
Ep 540 | 드론4 목적지70 |  949스텝 | 배송 70/70 | 재적재 13 | 중계율 0.21 | alpha 0.518 | complete
Ep 541 | 드론4 목적지77 |  922스텝 | 배송 77/77 | 재적재 13 | 중계율 0.20 | alpha 0.516 | complete
Ep 542 | 드론4 목적지53 |  933스텝 | 배송 53/53 | 재적재 10 | 중계율 0.33 | alpha 0.510 | complete
Ep 543 | 드론3 목적지49 |  938스텝 | 배송 49/49 | 재적재  9 | 중계율 0.25 | alpha 0.508 | complete
Ep 544 | 드론4 목적지68 |  955스텝 | 배송 68/68 | 재적재 13 | 중계율 0.27 | alpha 0.512 | complete
Ep 545 | 드론4 목적지56 |  939스텝 | 배송 56/56 | 재적재 10 | 중계율 0.33 | alpha 0.508 | complete
Ep 546 | 드론4 목적지75 |  861스텝 | 배송 75/75 | 재적재 14 | 중계율 0.18 | alpha 0.510 | complete
Ep 547 | 드론3 목적지71 | 1000스텝 | 배송 47/71 | 재적재  7 | 중계율 0.32 | alpha 0.514 | step_limit
Ep 548 | 드론3 목적지80 | 1000스텝 | 배송 73/80 | 재적재 14 | 중계율 0.17 | alpha 0.521 | step_limit
Ep 549 | 드론4 목적지38 |  844스텝 | 배송 38/38 | 재적재  7 | 중계율 0.28 | alpha 0.525 | complete
Ep 550 | 드론4 목적지49 |  677스텝 | 배송 49/49 | 재적재  8 | 중계율 0.16 | alpha 0.523 | complete
  [홀드아웃] 배송 49.1±4.5 완주 0.94 스텝 879 점수 122.0 재적재 8.0 2홉+ 0.61 | 최고 128.2@ep350 정체 4/15
Ep 551 | 드론3 목적지56 | 1000스텝 | 배송 55/56 | 재적재  9 | 중계율 0.23 | alpha 0.528 | step_limit
Ep 552 | 드론4 목적지27 |  944스텝 | 배송 27/27 | 재적재  4 | 중계율 0.36 | alpha 0.528 | complete
Ep 553 | 드론3 목적지46 |  897스텝 | 배송 46/46 | 재적재  8 | 중계율 0.21 | alpha 0.520 | complete
Ep 554 | 드론4 목적지72 |  842스텝 | 배송 72/72 | 재적재 12 | 중계율 0.22 | alpha 0.523 | complete
Ep 555 | 드론3 목적지68 | 1000스텝 | 배송 52/68 | 재적재  9 | 중계율 0.28 | alpha 0.521 | step_limit
Ep 556 | 드론3 목적지30 |  868스텝 | 배송 30/30 | 재적재  4 | 중계율 0.28 | alpha 0.521 | complete
Ep 557 | 드론3 목적지46 |  766스텝 | 배송 46/46 | 재적재  8 | 중계율 0.26 | alpha 0.513 | complete
Ep 558 | 드론4 목적지66 | 1000스텝 | 배송 50/66 | 재적재  8 | 중계율 0.30 | alpha 0.516 | step_limit
Ep 559 | 드론4 목적지78 | 1000스텝 | 배송 73/78 | 재적재 13 | 중계율 0.28 | alpha 0.519 | step_limit
Ep 560 | 드론3 목적지22 |  615스텝 | 배송 22/22 | 재적재  4 | 중계율 0.29 | alpha 0.516 | complete
Ep 561 | 드론3 목적지29 |  558스텝 | 배송 29/29 | 재적재  4 | 중계율 0.21 | alpha 0.514 | complete
Ep 562 | 드론4 목적지71 | 1000스텝 | 배송 67/71 | 재적재 12 | 중계율 0.15 | alpha 0.505 | step_limit
Ep 563 | 드론4 목적지61 | 1000스텝 | 배송 58/61 | 재적재 11 | 중계율 0.33 | alpha 0.500 | step_limit
Ep 564 | 드론4 목적지44 |  523스텝 | 배송 44/44 | 재적재  7 | 중계율 0.21 | alpha 0.495 | complete
Ep 565 | 드론4 목적지21 |  528스텝 | 배송 21/21 | 재적재  2 | 중계율 0.41 | alpha 0.492 | complete
Ep 566 | 드론4 목적지23 |  408스텝 | 배송 23/23 | 재적재  4 | 중계율 0.18 | alpha 0.491 | complete
Ep 567 | 드론4 목적지57 |  751스텝 | 배송 57/57 | 재적재 10 | 중계율 0.19 | alpha 0.483 | complete
Ep 568 | 드론4 목적지23 |  368스텝 | 배송 23/23 | 재적재  3 | 중계율 0.23 | alpha 0.482 | complete
Ep 569 | 드론4 목적지79 | 1000스텝 | 배송 71/79 | 재적재 13 | 중계율 0.26 | alpha 0.476 | step_limit
Ep 570 | 드론4 목적지70 | 1000스텝 | 배송 68/70 | 재적재 12 | 중계율 0.24 | alpha 0.476 | step_limit
Ep 571 | 드론4 목적지78 |  926스텝 | 배송 78/78 | 재적재 15 | 중계율 0.15 | alpha 0.473 | complete
Ep 572 | 드론4 목적지70 |  886스텝 | 배송 70/70 | 재적재 13 | 중계율 0.23 | alpha 0.479 | complete
Ep 573 | 드론3 목적지77 | 1000스텝 | 배송 61/77 | 재적재 11 | 중계율 0.23 | alpha 0.478 | step_limit
Ep 574 | 드론4 목적지34 |  695스텝 | 배송 34/34 | 재적재  5 | 중계율 0.28 | alpha 0.474 | complete
Ep 575 | 드론3 목적지21 |  522스텝 | 배송 21/21 | 재적재  2 | 중계율 0.27 | alpha 0.475 | complete
Ep 576 | 드론3 목적지39 |  761스텝 | 배송 39/39 | 재적재  7 | 중계율 0.26 | alpha 0.483 | complete
Ep 577 | 드론4 목적지53 |  908스텝 | 배송 53/53 | 재적재  9 | 중계율 0.30 | alpha 0.478 | complete
Ep 578 | 드론4 목적지29 |  403스텝 | 배송 29/29 | 재적재  4 | 중계율 0.18 | alpha 0.477 | complete
Ep 579 | 드론3 목적지67 | 1000스텝 | 배송 64/67 | 재적재 12 | 중계율 0.23 | alpha 0.477 | step_limit
Ep 580 | 드론4 목적지39 |  682스텝 | 배송 39/39 | 재적재  7 | 중계율 0.28 | alpha 0.476 | complete
Ep 581 | 드론3 목적지25 |  549스텝 | 배송 25/25 | 재적재  4 | 중계율 0.27 | alpha 0.472 | complete
Ep 582 | 드론3 목적지27 |  465스텝 | 배송 27/27 | 재적재  4 | 중계율 0.22 | alpha 0.473 | complete
Ep 583 | 드론3 목적지67 | 1000스텝 | 배송 51/67 | 재적재  9 | 중계율 0.20 | alpha 0.474 | step_limit
Ep 584 | 드론4 목적지70 |  955스텝 | 배송 70/70 | 재적재 12 | 중계율 0.24 | alpha 0.485 | complete
Ep 585 | 드론3 목적지50 |  853스텝 | 배송 50/50 | 재적재  8 | 중계율 0.31 | alpha 0.494 | complete
Ep 586 | 드론3 목적지55 | 1000스텝 | 배송 50/55 | 재적재  8 | 중계율 0.34 | alpha 0.500 | step_limit
Ep 587 | 드론4 목적지46 |  823스텝 | 배송 46/46 | 재적재  7 | 중계율 0.25 | alpha 0.500 | complete
Ep 588 | 드론3 목적지39 |  703스텝 | 배송 39/39 | 재적재  7 | 중계율 0.30 | alpha 0.500 | complete
Ep 589 | 드론4 목적지48 |  746스텝 | 배송 48/48 | 재적재  8 | 중계율 0.29 | alpha 0.500 | complete
Ep 590 | 드론3 목적지55 | 1000스텝 | 배송 54/55 | 재적재 10 | 중계율 0.23 | alpha 0.505 | step_limit
Ep 591 | 드론3 목적지70 | 1000스텝 | 배송 63/70 | 재적재 12 | 중계율 0.26 | alpha 0.514 | step_limit
Ep 592 | 드론3 목적지45 |  923스텝 | 배송 45/45 | 재적재  7 | 중계율 0.31 | alpha 0.520 | complete
Ep 593 | 드론3 목적지27 |  469스텝 | 배송 27/27 | 재적재  4 | 중계율 0.22 | alpha 0.523 | complete
Ep 594 | 드론3 목적지77 | 1000스텝 | 배송 61/77 | 재적재 11 | 중계율 0.31 | alpha 0.525 | step_limit
Ep 595 | 드론4 목적지64 |  936스텝 | 배송 64/64 | 재적재 10 | 중계율 0.31 | alpha 0.523 | complete
Ep 596 | 드론3 목적지66 | 1000스텝 | 배송 62/66 | 재적재 11 | 중계율 0.28 | alpha 0.522 | step_limit
Ep 597 | 드론4 목적지31 |  594스텝 | 배송 31/31 | 재적재  6 | 중계율 0.32 | alpha 0.528 | complete
Ep 598 | 드론4 목적지64 | 1000스텝 | 배송 56/64 | 재적재 11 | 중계율 0.28 | alpha 0.529 | step_limit
Ep 599 | 드론3 목적지39 |  827스텝 | 배송 39/39 | 재적재  7 | 중계율 0.35 | alpha 0.534 | complete
Ep 600 | 드론4 목적지80 | 1000스텝 | 배송 75/80 | 재적재 13 | 중계율 0.28 | alpha 0.534 | step_limit
  [홀드아웃] 배송 49.5±3.0 완주 0.96 스텝 892 점수 124.4 재적재 7.7 2홉+ 0.61 | 최고 128.2@ep350 정체 5/15
Ep 601 | 드론3 목적지28 |  631스텝 | 배송 28/28 | 재적재  4 | 중계율 0.28 | alpha 0.531 | complete
Ep 602 | 드론3 목적지78 | 1000스텝 | 배송 61/78 | 재적재 11 | 중계율 0.21 | alpha 0.535 | step_limit
Ep 603 | 드론3 목적지64 | 1000스텝 | 배송 56/64 | 재적재 11 | 중계율 0.24 | alpha 0.534 | step_limit
Ep 604 | 드론4 목적지68 |  804스텝 | 배송 68/68 | 재적재 12 | 중계율 0.21 | alpha 0.529 | complete
Ep 605 | 드론4 목적지55 |  999스텝 | 배송 55/55 | 재적재  8 | 중계율 0.34 | alpha 0.529 | complete
Ep 606 | 드론4 목적지69 |  735스텝 | 배송 69/69 | 재적재 13 | 중계율 0.16 | alpha 0.533 | complete
Ep 607 | 드론3 목적지31 |  917스텝 | 배송 31/31 | 재적재  5 | 중계율 0.30 | alpha 0.532 | complete
Ep 608 | 드론3 목적지59 | 1000스텝 | 배송 51/59 | 재적재  9 | 중계율 0.24 | alpha 0.526 | step_limit
Ep 609 | 드론4 목적지56 |  962스텝 | 배송 56/56 | 재적재  9 | 중계율 0.34 | alpha 0.521 | complete
Ep 610 | 드론3 목적지59 | 1000스텝 | 배송 50/59 | 재적재 10 | 중계율 0.26 | alpha 0.520 | step_limit
Ep 611 | 드론3 목적지21 |  446스텝 | 배송 21/21 | 재적재  3 | 중계율 0.22 | alpha 0.520 | complete
Ep 612 | 드론3 목적지27 |  597스텝 | 배송 27/27 | 재적재  3 | 중계율 0.26 | alpha 0.527 | complete
Ep 613 | 드론3 목적지80 | 1000스텝 | 배송 57/80 | 재적재 10 | 중계율 0.16 | alpha 0.538 | step_limit
Ep 614 | 드론3 목적지54 | 1000스텝 | 배송 50/54 | 재적재 10 | 중계율 0.25 | alpha 0.545 | step_limit
Ep 615 | 드론3 목적지56 |  935스텝 | 배송 56/56 | 재적재 10 | 중계율 0.18 | alpha 0.539 | complete
Ep 616 | 드론4 목적지71 | 1000스텝 | 배송 59/71 | 재적재 11 | 중계율 0.35 | alpha 0.542 | step_limit
Ep 617 | 드론3 목적지67 | 1000스텝 | 배송 53/67 | 재적재 10 | 중계율 0.26 | alpha 0.545 | step_limit
Ep 618 | 드론3 목적지52 |  862스텝 | 배송 52/52 | 재적재  9 | 중계율 0.29 | alpha 0.548 | complete
Ep 619 | 드론4 목적지54 |  849스텝 | 배송 54/54 | 재적재 10 | 중계율 0.21 | alpha 0.550 | complete
Ep 620 | 드론4 목적지66 |  994스텝 | 배송 66/66 | 재적재 12 | 중계율 0.31 | alpha 0.548 | complete
Ep 621 | 드론3 목적지46 |  668스텝 | 배송 46/46 | 재적재  8 | 중계율 0.20 | alpha 0.552 | complete
Ep 622 | 드론3 목적지28 |  707스텝 | 배송 28/28 | 재적재  4 | 중계율 0.28 | alpha 0.549 | complete
Ep 623 | 드론4 목적지44 |  678스텝 | 배송 44/44 | 재적재  7 | 중계율 0.22 | alpha 0.547 | complete
Ep 624 | 드론3 목적지42 |  635스텝 | 배송 42/42 | 재적재  7 | 중계율 0.16 | alpha 0.552 | complete
Ep 625 | 드론3 목적지37 |  802스텝 | 배송 37/37 | 재적재  6 | 중계율 0.25 | alpha 0.559 | complete
Ep 626 | 드론3 목적지68 | 1000스텝 | 배송 58/68 | 재적재 10 | 중계율 0.24 | alpha 0.570 | step_limit
Ep 627 | 드론4 목적지27 |  426스텝 | 배송 27/27 | 재적재  4 | 중계율 0.21 | alpha 0.571 | complete
Ep 628 | 드론4 목적지38 |  583스텝 | 배송 38/38 | 재적재  6 | 중계율 0.14 | alpha 0.570 | complete
Ep 629 | 드론4 목적지57 |  654스텝 | 배송 57/57 | 재적재 11 | 중계율 0.22 | alpha 0.569 | complete
Ep 630 | 드론3 목적지73 | 1000스텝 | 배송 65/73 | 재적재 11 | 중계율 0.23 | alpha 0.569 | step_limit
Ep 631 | 드론3 목적지58 | 1000스텝 | 배송 56/58 | 재적재 10 | 중계율 0.31 | alpha 0.568 | step_limit
Ep 632 | 드론4 목적지36 |  545스텝 | 배송 36/36 | 재적재  5 | 중계율 0.17 | alpha 0.569 | complete
Ep 633 | 드론3 목적지46 |  838스텝 | 배송 46/46 | 재적재  8 | 중계율 0.28 | alpha 0.571 | complete
Ep 634 | 드론3 목적지25 |  513스텝 | 배송 25/25 | 재적재  4 | 중계율 0.23 | alpha 0.569 | complete
Ep 635 | 드론3 목적지39 |  679스텝 | 배송 39/39 | 재적재  5 | 중계율 0.23 | alpha 0.555 | complete
Ep 636 | 드론4 목적지28 |  551스텝 | 배송 28/28 | 재적재  3 | 중계율 0.15 | alpha 0.553 | complete
Ep 637 | 드론4 목적지39 |  478스텝 | 배송 39/39 | 재적재  5 | 중계율 0.27 | alpha 0.552 | complete
Ep 638 | 드론3 목적지46 | 1000스텝 | 배송 39/46 | 재적재  7 | 중계율 0.31 | alpha 0.546 | step_limit
Ep 639 | 드론4 목적지21 |  379스텝 | 배송 21/21 | 재적재  1 | 중계율 0.31 | alpha 0.550 | complete
Ep 640 | 드론3 목적지55 | 1000스텝 | 배송 52/55 | 재적재  9 | 중계율 0.36 | alpha 0.554 | step_limit
Ep 641 | 드론3 목적지74 | 1000스텝 | 배송 62/74 | 재적재 12 | 중계율 0.28 | alpha 0.551 | step_limit
Ep 642 | 드론3 목적지24 |  419스텝 | 배송 24/24 | 재적재  3 | 중계율 0.26 | alpha 0.549 | complete
Ep 643 | 드론4 목적지57 |  927스텝 | 배송 57/57 | 재적재 10 | 중계율 0.27 | alpha 0.545 | complete
Ep 644 | 드론3 목적지45 |  925스텝 | 배송 45/45 | 재적재  8 | 중계율 0.31 | alpha 0.538 | complete
Ep 645 | 드론3 목적지48 |  916스텝 | 배송 48/48 | 재적재  8 | 중계율 0.29 | alpha 0.537 | complete
Ep 646 | 드론3 목적지25 |  495스텝 | 배송 25/25 | 재적재  4 | 중계율 0.33 | alpha 0.536 | complete
Ep 647 | 드론3 목적지26 |  556스텝 | 배송 26/26 | 재적재  4 | 중계율 0.24 | alpha 0.537 | complete
Ep 648 | 드론3 목적지48 |  865스텝 | 배송 48/48 | 재적재  8 | 중계율 0.24 | alpha 0.533 | complete
Ep 649 | 드론4 목적지69 |  896스텝 | 배송 69/69 | 재적재 12 | 중계율 0.26 | alpha 0.524 | complete
Ep 650 | 드론3 목적지64 | 1000스텝 | 배송 60/64 | 재적재 11 | 중계율 0.23 | alpha 0.519 | step_limit
  [홀드아웃] 배송 49.7±2.0 완주 0.96 스텝 905 점수 124.2 재적재 8.0 2홉+ 0.61 | 최고 128.2@ep350 정체 6/15
Ep 651 | 드론4 목적지77 | 1000스텝 | 배송 70/77 | 재적재 12 | 중계율 0.35 | alpha 0.522 | step_limit
Ep 652 | 드론3 목적지32 |  624스텝 | 배송 32/32 | 재적재  5 | 중계율 0.28 | alpha 0.522 | complete
Ep 653 | 드론3 목적지77 | 1000스텝 | 배송 69/77 | 재적재 12 | 중계율 0.22 | alpha 0.522 | step_limit
Ep 654 | 드론4 목적지21 |  409스텝 | 배송 21/21 | 재적재  3 | 중계율 0.29 | alpha 0.524 | complete
Ep 655 | 드론3 목적지28 |  576스텝 | 배송 28/28 | 재적재  4 | 중계율 0.26 | alpha 0.529 | complete
Ep 656 | 드론3 목적지50 |  897스텝 | 배송 50/50 | 재적재  9 | 중계율 0.28 | alpha 0.529 | complete
Ep 657 | 드론4 목적지62 |  814스텝 | 배송 62/62 | 재적재 11 | 중계율 0.20 | alpha 0.535 | complete
Ep 658 | 드론3 목적지50 |  906스텝 | 배송 50/50 | 재적재  8 | 중계율 0.32 | alpha 0.536 | complete
Ep 659 | 드론4 목적지39 |  492스텝 | 배송 39/39 | 재적재  7 | 중계율 0.17 | alpha 0.537 | complete
Ep 660 | 드론4 목적지65 |  743스텝 | 배송 65/65 | 재적재 12 | 중계율 0.21 | alpha 0.534 | complete
Ep 661 | 드론4 목적지20 |  259스텝 | 배송 20/20 | 재적재  2 | 중계율 0.13 | alpha 0.535 | complete
Ep 662 | 드론4 목적지46 |  661스텝 | 배송 46/46 | 재적재  8 | 중계율 0.28 | alpha 0.533 | complete
Ep 663 | 드론3 목적지78 | 1000스텝 | 배송 65/78 | 재적재 11 | 중계율 0.22 | alpha 0.535 | step_limit
Ep 664 | 드론3 목적지28 |  767스텝 | 배송 28/28 | 재적재  4 | 중계율 0.30 | alpha 0.536 | complete
Ep 665 | 드론3 목적지25 |  656스텝 | 배송 25/25 | 재적재  4 | 중계율 0.34 | alpha 0.532 | complete
Ep 666 | 드론4 목적지74 | 1000스텝 | 배송 72/74 | 재적재 14 | 중계율 0.25 | alpha 0.528 | step_limit
Ep 667 | 드론3 목적지50 |  817스텝 | 배송 50/50 | 재적재  8 | 중계율 0.26 | alpha 0.529 | complete
Ep 668 | 드론4 목적지80 |  956스텝 | 배송 80/80 | 재적재 14 | 중계율 0.23 | alpha 0.533 | complete
Ep 669 | 드론4 목적지53 |  573스텝 | 배송 53/53 | 재적재  9 | 중계율 0.19 | alpha 0.536 | complete
Ep 670 | 드론3 목적지68 | 1000스텝 | 배송 55/68 | 재적재  9 | 중계율 0.23 | alpha 0.537 | step_limit
Ep 671 | 드론3 목적지60 | 1000스텝 | 배송 55/60 | 재적재 10 | 중계율 0.29 | alpha 0.532 | step_limit
Ep 672 | 드론3 목적지50 |  743스텝 | 배송 50/50 | 재적재  8 | 중계율 0.22 | alpha 0.532 | complete
Ep 673 | 드론4 목적지54 | 1000스텝 | 배송 53/54 | 재적재 10 | 중계율 0.34 | alpha 0.542 | step_limit
Ep 674 | 드론4 목적지73 |  846스텝 | 배송 73/73 | 재적재 13 | 중계율 0.21 | alpha 0.547 | complete
Ep 675 | 드론3 목적지74 | 1000스텝 | 배송 73/74 | 재적재 13 | 중계율 0.17 | alpha 0.549 | step_limit
Ep 676 | 드론3 목적지46 |  964스텝 | 배송 46/46 | 재적재  8 | 중계율 0.27 | alpha 0.551 | complete
Ep 677 | 드론3 목적지79 | 1000스텝 | 배송 71/79 | 재적재 12 | 중계율 0.25 | alpha 0.568 | step_limit
Ep 678 | 드론4 목적지41 |  720스텝 | 배송 41/41 | 재적재  7 | 중계율 0.31 | alpha 0.575 | complete
Ep 679 | 드론4 목적지58 | 1000스텝 | 배송 54/58 | 재적재  9 | 중계율 0.28 | alpha 0.581 | step_limit
Ep 680 | 드론3 목적지31 |  650스텝 | 배송 31/31 | 재적재  5 | 중계율 0.20 | alpha 0.582 | complete
Ep 681 | 드론4 목적지65 |  954스텝 | 배송 65/65 | 재적재 12 | 중계율 0.30 | alpha 0.588 | complete
Ep 682 | 드론3 목적지72 | 1000스텝 | 배송 64/72 | 재적재 11 | 중계율 0.23 | alpha 0.595 | step_limit
Ep 683 | 드론4 목적지52 |  827스텝 | 배송 52/52 | 재적재  9 | 중계율 0.32 | alpha 0.597 | complete
Ep 684 | 드론3 목적지40 |  763스텝 | 배송 40/40 | 재적재  6 | 중계율 0.31 | alpha 0.593 | complete
Ep 685 | 드론3 목적지74 | 1000스텝 | 배송 58/74 | 재적재 10 | 중계율 0.22 | alpha 0.589 | step_limit
Ep 686 | 드론4 목적지58 |  648스텝 | 배송 58/58 | 재적재 10 | 중계율 0.18 | alpha 0.588 | complete
Ep 687 | 드론3 목적지46 |  915스텝 | 배송 46/46 | 재적재  8 | 중계율 0.32 | alpha 0.583 | complete
Ep 688 | 드론4 목적지33 |  439스텝 | 배송 33/33 | 재적재  6 | 중계율 0.18 | alpha 0.585 | complete
Ep 689 | 드론4 목적지80 | 1000스텝 | 배송 78/80 | 재적재 14 | 중계율 0.28 | alpha 0.577 | step_limit
Ep 690 | 드론3 목적지26 |  562스텝 | 배송 26/26 | 재적재  5 | 중계율 0.18 | alpha 0.573 | complete
Ep 691 | 드론3 목적지40 |  763스텝 | 배송 40/40 | 재적재  7 | 중계율 0.24 | alpha 0.565 | complete
Ep 692 | 드론3 목적지49 |  905스텝 | 배송 49/49 | 재적재  8 | 중계율 0.26 | alpha 0.566 | complete
Ep 693 | 드론4 목적지56 |  907스텝 | 배송 56/56 | 재적재 10 | 중계율 0.30 | alpha 0.557 | complete
Ep 694 | 드론3 목적지69 | 1000스텝 | 배송 68/69 | 재적재 13 | 중계율 0.21 | alpha 0.545 | step_limit
Ep 695 | 드론4 목적지32 |  467스텝 | 배송 32/32 | 재적재  5 | 중계율 0.25 | alpha 0.541 | complete
Ep 696 | 드론3 목적지48 |  942스텝 | 배송 48/48 | 재적재  9 | 중계율 0.32 | alpha 0.537 | complete
Ep 697 | 드론3 목적지58 |  933스텝 | 배송 58/58 | 재적재 10 | 중계율 0.28 | alpha 0.533 | complete
Ep 698 | 드론4 목적지65 |  974스텝 | 배송 65/65 | 재적재 11 | 중계율 0.32 | alpha 0.531 | complete
Ep 699 | 드론4 목적지44 |  880스텝 | 배송 44/44 | 재적재  7 | 중계율 0.40 | alpha 0.534 | complete
Ep 700 | 드론4 목적지40 |  733스텝 | 배송 40/40 | 재적재  5 | 중계율 0.35 | alpha 0.534 | complete
  [홀드아웃] 배송 50.0±0.1 완주 0.99 스텝 890 점수 126.9 재적재 8.1 2홉+ 0.61 | 최고 128.2@ep350 정체 7/15
Ep 701 | 드론4 목적지26 |  640스텝 | 배송 26/26 | 재적재  4 | 중계율 0.42 | alpha 0.536 | complete
Ep 702 | 드론3 목적지66 | 1000스텝 | 배송 60/66 | 재적재 11 | 중계율 0.19 | alpha 0.534 | step_limit
Ep 703 | 드론3 목적지25 |  635스텝 | 배송 25/25 | 재적재  4 | 중계율 0.34 | alpha 0.538 | complete
Ep 704 | 드론4 목적지35 |  515스텝 | 배송 35/35 | 재적재  6 | 중계율 0.22 | alpha 0.545 | complete
Ep 705 | 드론3 목적지24 |  570스텝 | 배송 24/24 | 재적재  3 | 중계율 0.27 | alpha 0.543 | complete
Ep 706 | 드론3 목적지64 | 1000스텝 | 배송 61/64 | 재적재 11 | 중계율 0.24 | alpha 0.549 | step_limit
Ep 707 | 드론3 목적지24 |  530스텝 | 배송 24/24 | 재적재  4 | 중계율 0.20 | alpha 0.552 | complete
Ep 708 | 드론4 목적지68 |  857스텝 | 배송 68/68 | 재적재 13 | 중계율 0.19 | alpha 0.555 | complete
Ep 709 | 드론3 목적지57 | 1000스텝 | 배송 53/57 | 재적재 10 | 중계율 0.32 | alpha 0.557 | step_limit
Ep 710 | 드론4 목적지78 |  958스텝 | 배송 78/78 | 재적재 13 | 중계율 0.22 | alpha 0.561 | complete
Ep 711 | 드론4 목적지34 |  755스텝 | 배송 34/34 | 재적재  5 | 중계율 0.31 | alpha 0.561 | complete
Ep 712 | 드론3 목적지21 |  581스텝 | 배송 21/21 | 재적재  3 | 중계율 0.22 | alpha 0.561 | complete
Ep 713 | 드론3 목적지63 | 1000스텝 | 배송 59/63 | 재적재 10 | 중계율 0.36 | alpha 0.567 | step_limit
Ep 714 | 드론3 목적지64 | 1000스텝 | 배송 58/64 | 재적재 11 | 중계율 0.21 | alpha 0.566 | step_limit
Ep 715 | 드론4 목적지43 |  461스텝 | 배송 43/43 | 재적재  7 | 중계율 0.13 | alpha 0.569 | complete
Ep 716 | 드론3 목적지39 |  788스텝 | 배송 39/39 | 재적재  6 | 중계율 0.33 | alpha 0.570 | complete
Ep 717 | 드론3 목적지67 | 1000스텝 | 배송 63/67 | 재적재 12 | 중계율 0.15 | alpha 0.576 | step_limit
Ep 718 | 드론4 목적지68 | 1000스텝 | 배송 63/68 | 재적재 11 | 중계율 0.25 | alpha 0.573 | step_limit
Ep 719 | 드론4 목적지67 | 1000스텝 | 배송 64/67 | 재적재 12 | 중계율 0.28 | alpha 0.568 | step_limit
Ep 720 | 드론3 목적지49 |  689스텝 | 배송 49/49 | 재적재  8 | 중계율 0.15 | alpha 0.566 | complete
Ep 721 | 드론3 목적지29 |  597스텝 | 배송 29/29 | 재적재  4 | 중계율 0.22 | alpha 0.565 | complete
Ep 722 | 드론4 목적지59 |  610스텝 | 배송 59/59 | 재적재 10 | 중계율 0.19 | alpha 0.568 | complete
Ep 723 | 드론4 목적지70 |  850스텝 | 배송 70/70 | 재적재 12 | 중계율 0.17 | alpha 0.573 | complete
Ep 724 | 드론3 목적지69 | 1000스텝 | 배송 58/69 | 재적재 10 | 중계율 0.23 | alpha 0.571 | step_limit
Ep 725 | 드론3 목적지62 | 1000스텝 | 배송 55/62 | 재적재  9 | 중계율 0.29 | alpha 0.570 | step_limit
Ep 726 | 드론4 목적지56 |  802스텝 | 배송 56/56 | 재적재 10 | 중계율 0.24 | alpha 0.569 | complete
Ep 727 | 드론3 목적지57 |  955스텝 | 배송 57/57 | 재적재 10 | 중계율 0.19 | alpha 0.567 | complete
Ep 728 | 드론4 목적지43 |  774스텝 | 배송 43/43 | 재적재  6 | 중계율 0.37 | alpha 0.566 | complete
Ep 729 | 드론4 목적지77 | 1000스텝 | 배송 76/77 | 재적재 15 | 중계율 0.21 | alpha 0.564 | step_limit
Ep 730 | 드론3 목적지27 |  447스텝 | 배송 27/27 | 재적재  3 | 중계율 0.19 | alpha 0.564 | complete
Ep 731 | 드론3 목적지80 | 1000스텝 | 배송 62/80 | 재적재 11 | 중계율 0.22 | alpha 0.566 | step_limit
Ep 732 | 드론3 목적지80 | 1000스텝 | 배송 72/80 | 재적재 13 | 중계율 0.22 | alpha 0.570 | step_limit
Ep 733 | 드론4 목적지64 |  785스텝 | 배송 64/64 | 재적재 11 | 중계율 0.26 | alpha 0.567 | complete
Ep 734 | 드론3 목적지38 |  513스텝 | 배송 38/38 | 재적재  7 | 중계율 0.16 | alpha 0.573 | complete
Ep 735 | 드론4 목적지63 |  790스텝 | 배송 63/63 | 재적재 11 | 중계율 0.24 | alpha 0.579 | complete
Ep 736 | 드론3 목적지52 | 1000스텝 | 배송 49/52 | 재적재  8 | 중계율 0.31 | alpha 0.586 | step_limit
Ep 737 | 드론3 목적지41 |  721스텝 | 배송 41/41 | 재적재  6 | 중계율 0.26 | alpha 0.587 | complete
Ep 738 | 드론4 목적지49 |  714스텝 | 배송 49/49 | 재적재  8 | 중계율 0.22 | alpha 0.593 | complete
Ep 739 | 드론3 목적지27 |  475스텝 | 배송 27/27 | 재적재  5 | 중계율 0.23 | alpha 0.595 | complete
Ep 740 | 드론3 목적지32 |  624스텝 | 배송 32/32 | 재적재  5 | 중계율 0.31 | alpha 0.597 | complete
Ep 741 | 드론3 목적지25 |  516스텝 | 배송 25/25 | 재적재  3 | 중계율 0.29 | alpha 0.595 | complete
Ep 742 | 드론3 목적지48 |  937스텝 | 배송 48/48 | 재적재  9 | 중계율 0.25 | alpha 0.607 | complete
Ep 743 | 드론4 목적지54 |  869스텝 | 배송 54/54 | 재적재 10 | 중계율 0.20 | alpha 0.608 | complete
Ep 744 | 드론4 목적지24 |  521스텝 | 배송 24/24 | 재적재  3 | 중계율 0.27 | alpha 0.611 | complete
Ep 745 | 드론4 목적지37 |  427스텝 | 배송 37/37 | 재적재  7 | 중계율 0.17 | alpha 0.613 | complete
Ep 746 | 드론3 목적지50 | 1000스텝 | 배송 47/50 | 재적재  9 | 중계율 0.34 | alpha 0.618 | step_limit
Ep 747 | 드론3 목적지78 | 1000스텝 | 배송 56/78 | 재적재 10 | 중계율 0.28 | alpha 0.616 | step_limit
Ep 748 | 드론3 목적지33 |  668스텝 | 배송 33/33 | 재적재  5 | 중계율 0.21 | alpha 0.610 | complete
Ep 749 | 드론3 목적지20 |  417스텝 | 배송 20/20 | 재적재  2 | 중계율 0.33 | alpha 0.606 | complete
Ep 750 | 드론4 목적지80 |  790스텝 | 배송 80/80 | 재적재 13 | 중계율 0.19 | alpha 0.607 | complete
  [홀드아웃] 배송 49.8±1.4 완주 0.99 스텝 902 점수 126.7 재적재 8.2 2홉+ 0.60 | 최고 128.2@ep350 정체 8/15
Ep 751 | 드론4 목적지29 |  568스텝 | 배송 29/29 | 재적재  4 | 중계율 0.26 | alpha 0.604 | complete
Ep 752 | 드론4 목적지21 |  547스텝 | 배송 21/21 | 재적재  2 | 중계율 0.28 | alpha 0.607 | complete
Ep 753 | 드론4 목적지21 |  451스텝 | 배송 21/21 | 재적재  3 | 중계율 0.20 | alpha 0.612 | complete
Ep 754 | 드론4 목적지39 |  593스텝 | 배송 39/39 | 재적재  6 | 중계율 0.28 | alpha 0.613 | complete
Ep 755 | 드론3 목적지68 | 1000스텝 | 배송 52/68 | 재적재 10 | 중계율 0.23 | alpha 0.621 | step_limit
Ep 756 | 드론3 목적지80 | 1000스텝 | 배송 73/80 | 재적재 13 | 중계율 0.20 | alpha 0.620 | step_limit
Ep 757 | 드론4 목적지62 |  718스텝 | 배송 62/62 | 재적재 10 | 중계율 0.13 | alpha 0.624 | complete
Ep 758 | 드론4 목적지36 |  834스텝 | 배송 36/36 | 재적재  5 | 중계율 0.35 | alpha 0.620 | complete
Ep 759 | 드론4 목적지46 |  831스텝 | 배송 46/46 | 재적재  9 | 중계율 0.34 | alpha 0.616 | complete
Ep 760 | 드론3 목적지23 |  611스텝 | 배송 23/23 | 재적재  3 | 중계율 0.25 | alpha 0.613 | complete
Ep 761 | 드론4 목적지36 |  340스텝 | 배송 36/36 | 재적재  6 | 중계율 0.15 | alpha 0.611 | complete
Ep 762 | 드론3 목적지66 | 1000스텝 | 배송 64/66 | 재적재 12 | 중계율 0.19 | alpha 0.605 | step_limit
Ep 763 | 드론3 목적지24 |  418스텝 | 배송 24/24 | 재적재  3 | 중계율 0.24 | alpha 0.606 | complete
Ep 764 | 드론3 목적지27 |  363스텝 | 배송 27/27 | 재적재  4 | 중계율 0.15 | alpha 0.610 | complete
Ep 765 | 드론4 목적지43 |  539스텝 | 배송 43/43 | 재적재  7 | 중계율 0.18 | alpha 0.609 | complete
Ep 766 | 드론3 목적지25 |  424스텝 | 배송 25/25 | 재적재  3 | 중계율 0.29 | alpha 0.607 | complete
Ep 767 | 드론3 목적지65 | 1000스텝 | 배송 60/65 | 재적재 11 | 중계율 0.29 | alpha 0.607 | step_limit
Ep 768 | 드론3 목적지50 |  776스텝 | 배송 50/50 | 재적재  8 | 중계율 0.18 | alpha 0.606 | complete
Ep 769 | 드론4 목적지40 |  624스텝 | 배송 40/40 | 재적재  7 | 중계율 0.23 | alpha 0.598 | complete
Ep 770 | 드론4 목적지58 | 1000스텝 | 배송 57/58 | 재적재 10 | 중계율 0.32 | alpha 0.598 | step_limit
Ep 771 | 드론3 목적지28 |  729스텝 | 배송 28/28 | 재적재  5 | 중계율 0.33 | alpha 0.595 | complete
Ep 772 | 드론4 목적지53 |  551스텝 | 배송 53/53 | 재적재  9 | 중계율 0.15 | alpha 0.597 | complete
Ep 773 | 드론3 목적지60 | 1000스텝 | 배송 48/60 | 재적재  8 | 중계율 0.26 | alpha 0.590 | step_limit
Ep 774 | 드론3 목적지60 | 1000스텝 | 배송 49/60 | 재적재  9 | 중계율 0.35 | alpha 0.587 | step_limit
Ep 775 | 드론3 목적지62 | 1000스텝 | 배송 60/62 | 재적재 10 | 중계율 0.24 | alpha 0.579 | step_limit
Ep 776 | 드론3 목적지47 |  934스텝 | 배송 47/47 | 재적재  8 | 중계율 0.30 | alpha 0.579 | complete
Ep 777 | 드론3 목적지77 | 1000스텝 | 배송 76/77 | 재적재 15 | 중계율 0.16 | alpha 0.578 | step_limit
Ep 778 | 드론3 목적지29 |  626스텝 | 배송 29/29 | 재적재  4 | 중계율 0.31 | alpha 0.575 | complete
Ep 779 | 드론3 목적지79 | 1000스텝 | 배송 60/79 | 재적재 11 | 중계율 0.27 | alpha 0.572 | step_limit
Ep 780 | 드론4 목적지50 | 1000스텝 | 배송 48/50 | 재적재  8 | 중계율 0.33 | alpha 0.578 | step_limit
Ep 781 | 드론3 목적지53 | 1000스텝 | 배송 48/53 | 재적재  8 | 중계율 0.33 | alpha 0.587 | step_limit
Ep 782 | 드론3 목적지35 |  746스텝 | 배송 35/35 | 재적재  5 | 중계율 0.32 | alpha 0.592 | complete
Ep 783 | 드론4 목적지55 |  605스텝 | 배송 55/55 | 재적재 10 | 중계율 0.20 | alpha 0.597 | complete
Ep 784 | 드론3 목적지53 | 1000스텝 | 배송 50/53 | 재적재  9 | 중계율 0.23 | alpha 0.605 | step_limit
Ep 785 | 드론4 목적지56 | 1000스텝 | 배송 53/56 | 재적재  8 | 중계율 0.32 | alpha 0.609 | step_limit
Ep 786 | 드론3 목적지73 | 1000스텝 | 배송 55/73 | 재적재  9 | 중계율 0.23 | alpha 0.614 | step_limit
Ep 787 | 드론4 목적지70 | 1000스텝 | 배송 69/70 | 재적재 12 | 중계율 0.26 | alpha 0.627 | step_limit
Ep 788 | 드론3 목적지31 |  591스텝 | 배송 31/31 | 재적재  6 | 중계율 0.24 | alpha 0.634 | complete
Ep 789 | 드론3 목적지40 |  769스텝 | 배송 40/40 | 재적재  7 | 중계율 0.27 | alpha 0.639 | complete
Ep 790 | 드론4 목적지29 |  432스텝 | 배송 29/29 | 재적재  3 | 중계율 0.29 | alpha 0.637 | complete
Ep 791 | 드론4 목적지38 |  482스텝 | 배송 38/38 | 재적재  7 | 중계율 0.22 | alpha 0.640 | complete
Ep 792 | 드론4 목적지77 |  863스텝 | 배송 77/77 | 재적재 13 | 중계율 0.23 | alpha 0.649 | complete
Ep 793 | 드론3 목적지71 | 1000스텝 | 배송 61/71 | 재적재 11 | 중계율 0.17 | alpha 0.656 | step_limit
Ep 794 | 드론3 목적지33 |  604스텝 | 배송 33/33 | 재적재  5 | 중계율 0.21 | alpha 0.664 | complete
Ep 795 | 드론3 목적지76 | 1000스텝 | 배송 55/76 | 재적재 11 | 중계율 0.26 | alpha 0.664 | step_limit
Ep 796 | 드론3 목적지65 | 1000스텝 | 배송 61/65 | 재적재 10 | 중계율 0.25 | alpha 0.668 | step_limit
Ep 797 | 드론4 목적지72 |  882스텝 | 배송 72/72 | 재적재 13 | 중계율 0.21 | alpha 0.668 | complete
Ep 798 | 드론4 목적지54 | 1000스텝 | 배송 51/54 | 재적재  8 | 중계율 0.30 | alpha 0.664 | step_limit
Ep 799 | 드론3 목적지35 |  705스텝 | 배송 35/35 | 재적재  6 | 중계율 0.27 | alpha 0.665 | complete
Ep 800 | 드론3 목적지78 | 1000스텝 | 배송 61/78 | 재적재 12 | 중계율 0.25 | alpha 0.663 | step_limit
  [홀드아웃] 배송 50.0±0.2 완주 0.99 스텝 891 점수 126.9 재적재 7.9 2홉+ 0.61 | 최고 128.2@ep350 정체 9/15
Ep 801 | 드론3 목적지21 |  540스텝 | 배송 21/21 | 재적재  3 | 중계율 0.21 | alpha 0.665 | complete
Ep 802 | 드론4 목적지22 |  346스텝 | 배송 22/22 | 재적재  3 | 중계율 0.21 | alpha 0.664 | complete
Ep 803 | 드론4 목적지57 |  604스텝 | 배송 57/57 | 재적재  9 | 중계율 0.21 | alpha 0.661 | complete
Ep 804 | 드론3 목적지60 | 1000스텝 | 배송 57/60 | 재적재 10 | 중계율 0.20 | alpha 0.653 | step_limit
Ep 805 | 드론4 목적지34 |  427스텝 | 배송 34/34 | 재적재  5 | 중계율 0.18 | alpha 0.649 | complete
Ep 806 | 드론3 목적지59 | 1000스텝 | 배송 58/59 | 재적재 10 | 중계율 0.24 | alpha 0.639 | step_limit
Ep 807 | 드론4 목적지22 |  313스텝 | 배송 22/22 | 재적재  2 | 중계율 0.15 | alpha 0.639 | complete
Ep 808 | 드론3 목적지35 |  972스텝 | 배송 35/35 | 재적재  6 | 중계율 0.38 | alpha 0.633 | complete
Ep 809 | 드론3 목적지38 |  908스텝 | 배송 38/38 | 재적재  7 | 중계율 0.32 | alpha 0.629 | complete
Ep 810 | 드론4 목적지47 |  988스텝 | 배송 47/47 | 재적재  7 | 중계율 0.35 | alpha 0.626 | complete
Ep 811 | 드론3 목적지70 | 1000스텝 | 배송 54/70 | 재적재  9 | 중계율 0.31 | alpha 0.632 | step_limit
Ep 812 | 드론3 목적지40 |  756스텝 | 배송 40/40 | 재적재  6 | 중계율 0.29 | alpha 0.633 | complete
Ep 813 | 드론3 목적지55 | 1000스텝 | 배송 51/55 | 재적재 10 | 중계율 0.32 | alpha 0.631 | step_limit
Ep 814 | 드론3 목적지38 |  722스텝 | 배송 38/38 | 재적재  7 | 중계율 0.22 | alpha 0.637 | complete
Ep 815 | 드론3 목적지75 | 1000스텝 | 배송 53/75 | 재적재 10 | 중계율 0.28 | alpha 0.650 | step_limit
Ep 816 | 드론4 목적지57 |  886스텝 | 배송 57/57 | 재적재 11 | 중계율 0.23 | alpha 0.651 | complete
Ep 817 | 드론3 목적지58 | 1000스텝 | 배송 53/58 | 재적재 10 | 중계율 0.29 | alpha 0.641 | step_limit
Ep 818 | 드론4 목적지21 |  697스텝 | 배송 21/21 | 재적재  3 | 중계율 0.39 | alpha 0.639 | complete
Ep 819 | 드론3 목적지70 | 1000스텝 | 배송 68/70 | 재적재 13 | 중계율 0.21 | alpha 0.640 | step_limit
Ep 820 | 드론4 목적지26 |  497스텝 | 배송 26/26 | 재적재  3 | 중계율 0.32 | alpha 0.638 | complete
Ep 821 | 드론4 목적지27 |  440스텝 | 배송 27/27 | 재적재  4 | 중계율 0.30 | alpha 0.643 | complete
Ep 822 | 드론4 목적지61 | 1000스텝 | 배송 60/61 | 재적재 11 | 중계율 0.29 | alpha 0.658 | step_limit
Ep 823 | 드론4 목적지77 | 1000스텝 | 배송 74/77 | 재적재 13 | 중계율 0.28 | alpha 0.666 | step_limit
Ep 824 | 드론3 목적지38 |  597스텝 | 배송 38/38 | 재적재  6 | 중계율 0.16 | alpha 0.676 | complete
Ep 825 | 드론3 목적지63 |  973스텝 | 배송 63/63 | 재적재 12 | 중계율 0.16 | alpha 0.682 | complete
Ep 826 | 드론4 목적지44 |  711스텝 | 배송 44/44 | 재적재  6 | 중계율 0.30 | alpha 0.687 | complete
Ep 827 | 드론4 목적지51 |  822스텝 | 배송 51/51 | 재적재  8 | 중계율 0.35 | alpha 0.700 | complete
Ep 828 | 드론3 목적지41 |  847스텝 | 배송 41/41 | 재적재  6 | 중계율 0.30 | alpha 0.705 | complete
Ep 829 | 드론3 목적지22 |  500스텝 | 배송 22/22 | 재적재  3 | 중계율 0.20 | alpha 0.709 | complete
Ep 830 | 드론3 목적지48 |  919스텝 | 배송 48/48 | 재적재  8 | 중계율 0.23 | alpha 0.720 | complete
Ep 831 | 드론3 목적지61 | 1000스텝 | 배송 54/61 | 재적재 10 | 중계율 0.32 | alpha 0.723 | step_limit
Ep 832 | 드론3 목적지66 |  971스텝 | 배송 66/66 | 재적재 11 | 중계율 0.19 | alpha 0.729 | complete
Ep 833 | 드론3 목적지26 |  399스텝 | 배송 26/26 | 재적재  3 | 중계율 0.16 | alpha 0.731 | complete
Ep 834 | 드론4 목적지25 |  600스텝 | 배송 25/25 | 재적재  4 | 중계율 0.27 | alpha 0.731 | complete
Ep 835 | 드론3 목적지78 | 1000스텝 | 배송 69/78 | 재적재 12 | 중계율 0.27 | alpha 0.729 | step_limit
Ep 836 | 드론4 목적지22 |  356스텝 | 배송 22/22 | 재적재  2 | 중계율 0.29 | alpha 0.732 | complete
Ep 837 | 드론3 목적지74 | 1000스텝 | 배송 50/74 | 재적재  9 | 중계율 0.31 | alpha 0.732 | step_limit
Ep 838 | 드론4 목적지46 |  876스텝 | 배송 46/46 | 재적재  7 | 중계율 0.35 | alpha 0.734 | complete
Ep 839 | 드론3 목적지47 | 1000스텝 | 배송 41/47 | 재적재  8 | 중계율 0.33 | alpha 0.729 | step_limit
Ep 840 | 드론4 목적지31 |  348스텝 | 배송 31/31 | 재적재  4 | 중계율 0.22 | alpha 0.724 | complete
Ep 841 | 드론3 목적지52 | 1000스텝 | 배송 50/52 | 재적재  8 | 중계율 0.30 | alpha 0.719 | step_limit
Ep 842 | 드론3 목적지30 |  431스텝 | 배송 30/30 | 재적재  4 | 중계율 0.15 | alpha 0.712 | complete
Ep 843 | 드론4 목적지75 | 1000스텝 | 배송 70/75 | 재적재 12 | 중계율 0.29 | alpha 0.707 | step_limit
Ep 844 | 드론4 목적지28 |  554스텝 | 배송 28/28 | 재적재  4 | 중계율 0.28 | alpha 0.703 | complete
Ep 845 | 드론3 목적지44 |  689스텝 | 배송 44/44 | 재적재  7 | 중계율 0.25 | alpha 0.707 | complete
Ep 846 | 드론3 목적지31 |  462스텝 | 배송 31/31 | 재적재  6 | 중계율 0.18 | alpha 0.696 | complete
Ep 847 | 드론4 목적지45 |  751스텝 | 배송 45/45 | 재적재  7 | 중계율 0.33 | alpha 0.690 | complete
Ep 848 | 드론3 목적지44 |  785스텝 | 배송 44/44 | 재적재  7 | 중계율 0.31 | alpha 0.691 | complete
Ep 849 | 드론3 목적지49 |  963스텝 | 배송 49/49 | 재적재  8 | 중계율 0.30 | alpha 0.684 | complete
Ep 850 | 드론3 목적지47 |  984스텝 | 배송 47/47 | 재적재  8 | 중계율 0.29 | alpha 0.683 | complete
  [홀드아웃] 배송 49.8±1.4 완주 0.97 스텝 881 점수 125.8 재적재 8.0 2홉+ 0.61 | 최고 128.2@ep350 정체 10/15
Ep 851 | 드론4 목적지30 |  594스텝 | 배송 30/30 | 재적재  5 | 중계율 0.27 | alpha 0.680 | complete
Ep 852 | 드론4 목적지65 | 1000스텝 | 배송 61/65 | 재적재 10 | 중계율 0.27 | alpha 0.672 | step_limit
Ep 853 | 드론3 목적지45 | 1000스텝 | 배송 40/45 | 재적재  7 | 중계율 0.28 | alpha 0.669 | step_limit
Ep 854 | 드론4 목적지23 |  446스텝 | 배송 23/23 | 재적재  3 | 중계율 0.31 | alpha 0.672 | complete
Ep 855 | 드론4 목적지49 |  614스텝 | 배송 49/49 | 재적재  8 | 중계율 0.23 | alpha 0.674 | complete
Ep 856 | 드론3 목적지28 |  679스텝 | 배송 28/28 | 재적재  5 | 중계율 0.32 | alpha 0.674 | complete
Ep 857 | 드론3 목적지38 |  691스텝 | 배송 38/38 | 재적재  6 | 중계율 0.23 | alpha 0.685 | complete
Ep 858 | 드론4 목적지70 |  968스텝 | 배송 70/70 | 재적재 13 | 중계율 0.22 | alpha 0.690 | complete
Ep 859 | 드론4 목적지27 |  407스텝 | 배송 27/27 | 재적재  4 | 중계율 0.25 | alpha 0.688 | complete
Ep 860 | 드론4 목적지30 |  819스텝 | 배송 30/30 | 재적재  4 | 중계율 0.31 | alpha 0.685 | complete
Ep 861 | 드론3 목적지39 |  772스텝 | 배송 39/39 | 재적재  7 | 중계율 0.25 | alpha 0.686 | complete
Ep 862 | 드론4 목적지50 |  646스텝 | 배송 50/50 | 재적재  8 | 중계율 0.17 | alpha 0.686 | complete
Ep 863 | 드론4 목적지30 |  513스텝 | 배송 30/30 | 재적재  4 | 중계율 0.32 | alpha 0.688 | complete
Ep 864 | 드론4 목적지38 |  613스텝 | 배송 38/38 | 재적재  7 | 중계율 0.26 | alpha 0.685 | complete
Ep 865 | 드론4 목적지56 |  759스텝 | 배송 56/56 | 재적재 10 | 중계율 0.24 | alpha 0.687 | complete
Ep 866 | 드론3 목적지70 | 1000스텝 | 배송 61/70 | 재적재 11 | 중계율 0.24 | alpha 0.679 | step_limit
Ep 867 | 드론3 목적지48 |  932스텝 | 배송 48/48 | 재적재  8 | 중계율 0.29 | alpha 0.678 | complete
Ep 868 | 드론4 목적지37 |  591스텝 | 배송 37/37 | 재적재  6 | 중계율 0.21 | alpha 0.672 | complete
Ep 869 | 드론4 목적지46 |  679스텝 | 배송 46/46 | 재적재  7 | 중계율 0.20 | alpha 0.668 | complete
Ep 870 | 드론3 목적지47 |  779스텝 | 배송 47/47 | 재적재  8 | 중계율 0.24 | alpha 0.670 | complete
Ep 871 | 드론3 목적지44 |  912스텝 | 배송 44/44 | 재적재  7 | 중계율 0.27 | alpha 0.670 | complete
Ep 872 | 드론3 목적지57 | 1000스텝 | 배송 53/57 | 재적재 10 | 중계율 0.29 | alpha 0.671 | step_limit
Ep 873 | 드론4 목적지30 |  726스텝 | 배송 30/30 | 재적재  5 | 중계율 0.34 | alpha 0.667 | complete
Ep 874 | 드론3 목적지20 |  380스텝 | 배송 20/20 | 재적재  3 | 중계율 0.20 | alpha 0.669 | complete
Ep 875 | 드론4 목적지43 |  489스텝 | 배송 43/43 | 재적재  7 | 중계율 0.15 | alpha 0.664 | complete
Ep 876 | 드론4 목적지23 |  565스텝 | 배송 23/23 | 재적재  3 | 중계율 0.36 | alpha 0.659 | complete
Ep 877 | 드론3 목적지65 | 1000스텝 | 배송 55/65 | 재적재 11 | 중계율 0.26 | alpha 0.656 | step_limit
Ep 878 | 드론3 목적지65 | 1000스텝 | 배송 60/65 | 재적재 10 | 중계율 0.28 | alpha 0.653 | step_limit
Ep 879 | 드론4 목적지28 |  325스텝 | 배송 28/28 | 재적재  4 | 중계율 0.22 | alpha 0.653 | complete
Ep 880 | 드론4 목적지41 |  510스텝 | 배송 41/41 | 재적재  6 | 중계율 0.18 | alpha 0.656 | complete
Ep 881 | 드론3 목적지59 |  997스텝 | 배송 59/59 | 재적재 10 | 중계율 0.15 | alpha 0.658 | complete
Ep 882 | 드론3 목적지46 |  879스텝 | 배송 46/46 | 재적재  9 | 중계율 0.29 | alpha 0.659 | complete
Ep 883 | 드론4 목적지67 |  934스텝 | 배송 67/67 | 재적재 12 | 중계율 0.30 | alpha 0.662 | complete
Ep 884 | 드론3 목적지49 |  890스텝 | 배송 49/49 | 재적재  8 | 중계율 0.31 | alpha 0.660 | complete
Ep 885 | 드론3 목적지51 | 1000스텝 | 배송 50/51 | 재적재  8 | 중계율 0.35 | alpha 0.663 | step_limit
Ep 886 | 드론3 목적지36 |  793스텝 | 배송 36/36 | 재적재  6 | 중계율 0.31 | alpha 0.664 | complete
Ep 887 | 드론4 목적지36 |  753스텝 | 배송 36/36 | 재적재  5 | 중계율 0.23 | alpha 0.666 | complete
Ep 888 | 드론3 목적지48 |  919스텝 | 배송 48/48 | 재적재  8 | 중계율 0.30 | alpha 0.658 | complete
Ep 889 | 드론4 목적지22 |  685스텝 | 배송 22/22 | 재적재  2 | 중계율 0.45 | alpha 0.656 | complete
Ep 890 | 드론3 목적지60 | 1000스텝 | 배송 50/60 | 재적재  9 | 중계율 0.28 | alpha 0.651 | step_limit
Ep 891 | 드론4 목적지80 | 1000스텝 | 배송 72/80 | 재적재 13 | 중계율 0.28 | alpha 0.649 | step_limit
Ep 892 | 드론3 목적지73 | 1000스텝 | 배송 65/73 | 재적재 11 | 중계율 0.26 | alpha 0.658 | step_limit
Ep 893 | 드론3 목적지30 |  512스텝 | 배송 30/30 | 재적재  4 | 중계율 0.28 | alpha 0.659 | complete
Ep 894 | 드론3 목적지63 | 1000스텝 | 배송 57/63 | 재적재 11 | 중계율 0.25 | alpha 0.657 | step_limit
Ep 895 | 드론4 목적지28 |  530스텝 | 배송 28/28 | 재적재  3 | 중계율 0.20 | alpha 0.654 | complete
Ep 896 | 드론3 목적지39 | 1000스텝 | 배송 38/39 | 재적재  6 | 중계율 0.30 | alpha 0.653 | step_limit
Ep 897 | 드론4 목적지53 |  949스텝 | 배송 53/53 | 재적재  9 | 중계율 0.35 | alpha 0.664 | complete
Ep 898 | 드론3 목적지66 | 1000스텝 | 배송 55/66 | 재적재  9 | 중계율 0.34 | alpha 0.660 | step_limit
Ep 899 | 드론3 목적지33 |  695스텝 | 배송 33/33 | 재적재  5 | 중계율 0.28 | alpha 0.661 | complete
Ep 900 | 드론4 목적지43 |  601스텝 | 배송 43/43 | 재적재  7 | 중계율 0.25 | alpha 0.663 | complete
  [홀드아웃] 배송 49.8±1.5 완주 0.97 스텝 872 점수 125.9 재적재 8.0 2홉+ 0.61 | 최고 128.2@ep350 정체 11/15
Ep 901 | 드론4 목적지59 |  866스텝 | 배송 59/59 | 재적재 10 | 중계율 0.30 | alpha 0.667 | complete
Ep 902 | 드론3 목적지29 |  717스텝 | 배송 29/29 | 재적재  4 | 중계율 0.33 | alpha 0.666 | complete
Ep 903 | 드론3 목적지75 | 1000스텝 | 배송 65/75 | 재적재 11 | 중계율 0.25 | alpha 0.673 | step_limit
Ep 904 | 드론3 목적지71 | 1000스텝 | 배송 63/71 | 재적재 12 | 중계율 0.23 | alpha 0.680 | step_limit
Ep 905 | 드론4 목적지77 | 1000스텝 | 배송 73/77 | 재적재 13 | 중계율 0.22 | alpha 0.682 | step_limit
Ep 906 | 드론4 목적지73 |  923스텝 | 배송 73/73 | 재적재 14 | 중계율 0.19 | alpha 0.675 | complete
Ep 907 | 드론3 목적지79 | 1000스텝 | 배송 70/79 | 재적재 12 | 중계율 0.23 | alpha 0.669 | step_limit
Ep 908 | 드론4 목적지33 |  597스텝 | 배송 33/33 | 재적재  6 | 중계율 0.28 | alpha 0.669 | complete
Ep 909 | 드론4 목적지29 |  409스텝 | 배송 29/29 | 재적재  4 | 중계율 0.15 | alpha 0.670 | complete
Ep 910 | 드론4 목적지41 |  852스텝 | 배송 41/41 | 재적재  5 | 중계율 0.42 | alpha 0.664 | complete
Ep 911 | 드론4 목적지34 |  461스텝 | 배송 34/34 | 재적재  5 | 중계율 0.21 | alpha 0.663 | complete
Ep 912 | 드론4 목적지42 |  733스텝 | 배송 42/42 | 재적재  7 | 중계율 0.31 | alpha 0.659 | complete
Ep 913 | 드론4 목적지34 |  534스텝 | 배송 34/34 | 재적재  5 | 중계율 0.32 | alpha 0.656 | complete
Ep 914 | 드론3 목적지44 |  782스텝 | 배송 44/44 | 재적재  7 | 중계율 0.25 | alpha 0.660 | complete
Ep 915 | 드론3 목적지67 | 1000스텝 | 배송 63/67 | 재적재 11 | 중계율 0.31 | alpha 0.655 | step_limit
Ep 916 | 드론4 목적지34 |  949스텝 | 배송 34/34 | 재적재  5 | 중계율 0.35 | alpha 0.658 | complete
Ep 917 | 드론4 목적지52 |  784스텝 | 배송 52/52 | 재적재  8 | 중계율 0.17 | alpha 0.648 | complete
Ep 918 | 드론3 목적지45 |  662스텝 | 배송 45/45 | 재적재  7 | 중계율 0.22 | alpha 0.653 | complete
Ep 919 | 드론4 목적지39 |  828스텝 | 배송 39/39 | 재적재  5 | 중계율 0.34 | alpha 0.658 | complete
Ep 920 | 드론4 목적지58 |  571스텝 | 배송 58/58 | 재적재  9 | 중계율 0.20 | alpha 0.662 | complete
Ep 921 | 드론3 목적지40 |  802스텝 | 배송 40/40 | 재적재  7 | 중계율 0.27 | alpha 0.665 | complete
Ep 922 | 드론4 목적지77 |  842스텝 | 배송 77/77 | 재적재 13 | 중계율 0.14 | alpha 0.671 | complete
Ep 923 | 드론4 목적지76 | 1000스텝 | 배송 71/76 | 재적재 12 | 중계율 0.30 | alpha 0.666 | step_limit
Ep 924 | 드론4 목적지72 | 1000스텝 | 배송 71/72 | 재적재 13 | 중계율 0.28 | alpha 0.672 | step_limit
Ep 925 | 드론4 목적지36 |  639스텝 | 배송 36/36 | 재적재  6 | 중계율 0.30 | alpha 0.677 | complete
Ep 926 | 드론4 목적지56 |  811스텝 | 배송 56/56 | 재적재  9 | 중계율 0.29 | alpha 0.686 | complete
Ep 927 | 드론4 목적지21 |  281스텝 | 배송 21/21 | 재적재  3 | 중계율 0.22 | alpha 0.689 | complete
Ep 928 | 드론3 목적지59 | 1000스텝 | 배송 58/59 | 재적재 10 | 중계율 0.22 | alpha 0.702 | step_limit
Ep 929 | 드론4 목적지25 |  545스텝 | 배송 25/25 | 재적재  3 | 중계율 0.30 | alpha 0.709 | complete
Ep 930 | 드론3 목적지28 |  486스텝 | 배송 28/28 | 재적재  4 | 중계율 0.23 | alpha 0.711 | complete
Ep 931 | 드론4 목적지70 | 1000스텝 | 배송 65/70 | 재적재 11 | 중계율 0.24 | alpha 0.722 | step_limit
Ep 932 | 드론3 목적지75 | 1000스텝 | 배송 60/75 | 재적재 11 | 중계율 0.23 | alpha 0.735 | step_limit
Ep 933 | 드론3 목적지31 |  803스텝 | 배송 31/31 | 재적재  5 | 중계율 0.25 | alpha 0.736 | complete
Ep 934 | 드론3 목적지28 |  476스텝 | 배송 28/28 | 재적재  4 | 중계율 0.23 | alpha 0.739 | complete
Ep 935 | 드론3 목적지36 |  717스텝 | 배송 36/36 | 재적재  6 | 중계율 0.20 | alpha 0.745 | complete
Ep 936 | 드론3 목적지20 |  376스텝 | 배송 20/20 | 재적재  3 | 중계율 0.22 | alpha 0.738 | complete
Ep 937 | 드론3 목적지28 |  511스텝 | 배송 28/28 | 재적재  4 | 중계율 0.24 | alpha 0.735 | complete
Ep 938 | 드론4 목적지73 | 1000스텝 | 배송 59/73 | 재적재 10 | 중계율 0.34 | alpha 0.736 | step_limit
Ep 939 | 드론3 목적지75 | 1000스텝 | 배송 63/75 | 재적재 11 | 중계율 0.26 | alpha 0.740 | step_limit
Ep 940 | 드론4 목적지64 |  726스텝 | 배송 64/64 | 재적재 11 | 중계율 0.20 | alpha 0.732 | complete
Ep 941 | 드론3 목적지37 |  636스텝 | 배송 37/37 | 재적재  6 | 중계율 0.21 | alpha 0.735 | complete
Ep 942 | 드론4 목적지57 |  793스텝 | 배송 57/57 | 재적재 10 | 중계율 0.21 | alpha 0.735 | complete
Ep 943 | 드론3 목적지69 | 1000스텝 | 배송 63/69 | 재적재 10 | 중계율 0.23 | alpha 0.746 | step_limit
Ep 944 | 드론4 목적지73 | 1000스텝 | 배송 64/73 | 재적재 11 | 중계율 0.32 | alpha 0.749 | step_limit
Ep 945 | 드론4 목적지49 |  667스텝 | 배송 49/49 | 재적재  9 | 중계율 0.29 | alpha 0.745 | complete
Ep 946 | 드론3 목적지29 |  387스텝 | 배송 29/29 | 재적재  3 | 중계율 0.17 | alpha 0.742 | complete
Ep 947 | 드론3 목적지73 | 1000스텝 | 배송 60/73 | 재적재 10 | 중계율 0.28 | alpha 0.739 | step_limit
Ep 948 | 드론4 목적지57 | 1000스텝 | 배송 53/57 | 재적재 10 | 중계율 0.38 | alpha 0.738 | step_limit
Ep 949 | 드론3 목적지24 |  642스텝 | 배송 24/24 | 재적재  3 | 중계율 0.27 | alpha 0.733 | complete
Ep 950 | 드론3 목적지26 |  484스텝 | 배송 26/26 | 재적재  3 | 중계율 0.22 | alpha 0.731 | complete
  [홀드아웃] 배송 49.4±2.8 완주 0.94 스텝 896 점수 121.8 재적재 7.9 2홉+ 0.61 | 최고 128.2@ep350 정체 12/15
Ep 951 | 드론4 목적지20 |  423스텝 | 배송 20/20 | 재적재  2 | 중계율 0.22 | alpha 0.729 | complete
Ep 952 | 드론4 목적지28 |  443스텝 | 배송 28/28 | 재적재  3 | 중계율 0.21 | alpha 0.730 | complete
Ep 953 | 드론3 목적지42 |  751스텝 | 배송 42/42 | 재적재  7 | 중계율 0.30 | alpha 0.727 | complete
Ep 954 | 드론3 목적지30 |  558스텝 | 배송 30/30 | 재적재  5 | 중계율 0.26 | alpha 0.724 | complete
Ep 955 | 드론4 목적지38 |  444스텝 | 배송 38/38 | 재적재  7 | 중계율 0.18 | alpha 0.729 | complete
Ep 956 | 드론3 목적지33 |  629스텝 | 배송 33/33 | 재적재  6 | 중계율 0.27 | alpha 0.735 | complete
Ep 957 | 드론3 목적지42 |  875스텝 | 배송 42/42 | 재적재  7 | 중계율 0.36 | alpha 0.741 | complete
Ep 958 | 드론4 목적지34 |  418스텝 | 배송 34/34 | 재적재  5 | 중계율 0.17 | alpha 0.740 | complete
Ep 959 | 드론3 목적지80 | 1000스텝 | 배송 61/80 | 재적재 11 | 중계율 0.26 | alpha 0.734 | step_limit
Ep 960 | 드론4 목적지66 |  898스텝 | 배송 66/66 | 재적재 12 | 중계율 0.24 | alpha 0.735 | complete
Ep 961 | 드론3 목적지70 | 1000스텝 | 배송 56/70 | 재적재 10 | 중계율 0.29 | alpha 0.726 | step_limit
Ep 962 | 드론3 목적지47 |  923스텝 | 배송 47/47 | 재적재  8 | 중계율 0.28 | alpha 0.727 | complete
Ep 963 | 드론4 목적지27 |  511스텝 | 배송 27/27 | 재적재  5 | 중계율 0.26 | alpha 0.730 | complete
Ep 964 | 드론4 목적지65 |  800스텝 | 배송 65/65 | 재적재 12 | 중계율 0.21 | alpha 0.733 | complete
Ep 965 | 드론3 목적지22 |  547스텝 | 배송 22/22 | 재적재  4 | 중계율 0.29 | alpha 0.738 | complete
Ep 966 | 드론3 목적지28 |  574스텝 | 배송 28/28 | 재적재  5 | 중계율 0.34 | alpha 0.740 | complete
Ep 967 | 드론4 목적지73 |  773스텝 | 배송 73/73 | 재적재 13 | 중계율 0.20 | alpha 0.738 | complete
Ep 968 | 드론4 목적지62 |  804스텝 | 배송 62/62 | 재적재 11 | 중계율 0.21 | alpha 0.743 | complete
Ep 969 | 드론4 목적지55 |  761스텝 | 배송 55/55 | 재적재 10 | 중계율 0.19 | alpha 0.747 | complete
Ep 970 | 드론4 목적지46 |  531스텝 | 배송 46/46 | 재적재  8 | 중계율 0.19 | alpha 0.750 | complete
Ep 971 | 드론4 목적지34 |  975스텝 | 배송 27/34 | 재적재  4 | 중계율 0.35 | alpha 0.751 | no_progress
Ep 972 | 드론3 목적지78 | 1000스텝 | 배송 64/78 | 재적재 11 | 중계율 0.21 | alpha 0.763 | step_limit
Ep 973 | 드론3 목적지78 | 1000스텝 | 배송 73/78 | 재적재 13 | 중계율 0.15 | alpha 0.759 | step_limit
Ep 974 | 드론3 목적지60 | 1000스텝 | 배송 55/60 | 재적재  9 | 중계율 0.30 | alpha 0.768 | step_limit
Ep 975 | 드론4 목적지52 |  571스텝 | 배송 52/52 | 재적재  8 | 중계율 0.23 | alpha 0.768 | complete
Ep 976 | 드론4 목적지53 |  723스텝 | 배송 53/53 | 재적재 10 | 중계율 0.27 | alpha 0.767 | complete
Ep 977 | 드론4 목적지30 |  397스텝 | 배송 30/30 | 재적재  4 | 중계율 0.14 | alpha 0.770 | complete
Ep 978 | 드론4 목적지45 |  761스텝 | 배송 45/45 | 재적재  7 | 중계율 0.20 | alpha 0.781 | complete
Ep 979 | 드론4 목적지34 |  769스텝 | 배송 34/34 | 재적재  5 | 중계율 0.34 | alpha 0.788 | complete
Ep 980 | 드론3 목적지55 | 1000스텝 | 배송 46/55 | 재적재  7 | 중계율 0.23 | alpha 0.794 | step_limit
Ep 981 | 드론4 목적지49 | 1000스텝 | 배송 45/49 | 재적재  7 | 중계율 0.34 | alpha 0.799 | step_limit
Ep 982 | 드론3 목적지26 |  964스텝 | 배송 26/26 | 재적재  3 | 중계율 0.16 | alpha 0.789 | complete
Ep 983 | 드론4 목적지39 |  731스텝 | 배송 39/39 | 재적재  6 | 중계율 0.34 | alpha 0.794 | complete
Ep 984 | 드론4 목적지20 |  430스텝 | 배송 20/20 | 재적재  2 | 중계율 0.21 | alpha 0.791 | complete
Ep 985 | 드론4 목적지29 |  504스텝 | 배송 29/29 | 재적재  4 | 중계율 0.29 | alpha 0.792 | complete
Ep 986 | 드론4 목적지59 |  899스텝 | 배송 59/59 | 재적재 10 | 중계율 0.34 | alpha 0.804 | complete
Ep 987 | 드론3 목적지74 | 1000스텝 | 배송 57/74 | 재적재 11 | 중계율 0.21 | alpha 0.804 | step_limit
Ep 988 | 드론4 목적지70 | 1000스텝 | 배송 68/70 | 재적재 12 | 중계율 0.24 | alpha 0.796 | step_limit
Ep 989 | 드론4 목적지34 |  514스텝 | 배송 34/34 | 재적재  6 | 중계율 0.23 | alpha 0.796 | complete
Ep 990 | 드론4 목적지28 |  490스텝 | 배송 28/28 | 재적재  4 | 중계율 0.27 | alpha 0.794 | complete
Ep 991 | 드론4 목적지76 | 1000스텝 | 배송 69/76 | 재적재 12 | 중계율 0.26 | alpha 0.783 | step_limit
Ep 992 | 드론3 목적지40 |  821스텝 | 배송 40/40 | 재적재  6 | 중계율 0.28 | alpha 0.776 | complete
Ep 993 | 드론4 목적지61 |  731스텝 | 배송 61/61 | 재적재 10 | 중계율 0.21 | alpha 0.770 | complete
Ep 994 | 드론3 목적지49 | 1000스텝 | 배송 45/49 | 재적재  7 | 중계율 0.35 | alpha 0.773 | step_limit
Ep 995 | 드론4 목적지33 |  516스텝 | 배송 33/33 | 재적재  3 | 중계율 0.23 | alpha 0.772 | complete
Ep 996 | 드론3 목적지23 |  456스텝 | 배송 23/23 | 재적재  3 | 중계율 0.26 | alpha 0.766 | complete
Ep 997 | 드론4 목적지46 |  725스텝 | 배송 46/46 | 재적재  7 | 중계율 0.30 | alpha 0.754 | complete
Ep 998 | 드론4 목적지53 |  847스텝 | 배송 53/53 | 재적재  8 | 중계율 0.28 | alpha 0.755 | complete
Ep 999 | 드론3 목적지52 |  900스텝 | 배송 52/52 | 재적재  9 | 중계율 0.24 | alpha 0.750 | complete
Ep 1000 | 드론3 목적지78 | 1000스텝 | 배송 65/78 | 재적재 12 | 중계율 0.24 | alpha 0.748 | step_limit
  [홀드아웃] 배송 49.4±2.8 완주 0.94 스텝 913 점수 121.6 재적재 8.1 2홉+ 0.61 | 최고 128.2@ep350 정체 13/15
Ep 1001 | 드론3 목적지65 | 1000스텝 | 배송 53/65 | 재적재  9 | 중계율 0.27 | alpha 0.757 | step_limit
Ep 1002 | 드론3 목적지51 |  724스텝 | 배송 51/51 | 재적재  9 | 중계율 0.17 | alpha 0.753 | complete
Ep 1003 | 드론4 목적지23 |  330스텝 | 배송 23/23 | 재적재  2 | 중계율 0.19 | alpha 0.751 | complete
Ep 1004 | 드론3 목적지73 | 1000스텝 | 배송 70/73 | 재적재 13 | 중계율 0.23 | alpha 0.752 | step_limit
Ep 1005 | 드론3 목적지31 |  698스텝 | 배송 31/31 | 재적재  5 | 중계율 0.27 | alpha 0.748 | complete
Ep 1006 | 드론3 목적지54 | 1000스텝 | 배송 48/54 | 재적재  9 | 중계율 0.24 | alpha 0.736 | step_limit
Ep 1007 | 드론3 목적지61 | 1000스텝 | 배송 60/61 | 재적재 10 | 중계율 0.22 | alpha 0.735 | step_limit
Ep 1008 | 드론3 목적지56 | 1000스텝 | 배송 51/56 | 재적재  9 | 중계율 0.34 | alpha 0.739 | step_limit
Ep 1009 | 드론3 목적지65 | 1000스텝 | 배송 59/65 | 재적재 10 | 중계율 0.27 | alpha 0.747 | step_limit
Ep 1010 | 드론3 목적지64 | 1000스텝 | 배송 53/64 | 재적재 10 | 중계율 0.28 | alpha 0.753 | step_limit
Ep 1011 | 드론3 목적지48 |  871스텝 | 배송 48/48 | 재적재  8 | 중계율 0.23 | alpha 0.761 | complete
Ep 1012 | 드론4 목적지77 |  807스텝 | 배송 77/77 | 재적재 14 | 중계율 0.17 | alpha 0.763 | complete
Ep 1013 | 드론4 목적지30 |  512스텝 | 배송 30/30 | 재적재  4 | 중계율 0.28 | alpha 0.768 | complete
Ep 1014 | 드론4 목적지73 | 1000스텝 | 배송 72/73 | 재적재 13 | 중계율 0.16 | alpha 0.776 | step_limit
Ep 1015 | 드론4 목적지80 |  883스텝 | 배송 80/80 | 재적재 14 | 중계율 0.18 | alpha 0.777 | complete
Ep 1016 | 드론3 목적지35 |  716스텝 | 배송 35/35 | 재적재  6 | 중계율 0.29 | alpha 0.778 | complete
Ep 1017 | 드론3 목적지52 | 1000스텝 | 배송 51/52 | 재적재  9 | 중계율 0.26 | alpha 0.771 | step_limit
Ep 1018 | 드론4 목적지25 |  564스텝 | 배송 25/25 | 재적재  3 | 중계율 0.30 | alpha 0.775 | complete
Ep 1019 | 드론4 목적지59 |  654스텝 | 배송 59/59 | 재적재 10 | 중계율 0.14 | alpha 0.777 | complete
Ep 1020 | 드론3 목적지57 |  974스텝 | 배송 57/57 | 재적재 11 | 중계율 0.18 | alpha 0.790 | complete
Ep 1021 | 드론3 목적지78 | 1000스텝 | 배송 67/78 | 재적재 12 | 중계율 0.19 | alpha 0.796 | step_limit
Ep 1022 | 드론3 목적지68 | 1000스텝 | 배송 65/68 | 재적재 11 | 중계율 0.23 | alpha 0.802 | step_limit
Ep 1023 | 드론3 목적지33 |  692스텝 | 배송 33/33 | 재적재  5 | 중계율 0.31 | alpha 0.804 | complete
Ep 1024 | 드론3 목적지77 | 1000스텝 | 배송 61/77 | 재적재 12 | 중계율 0.22 | alpha 0.811 | step_limit
Ep 1025 | 드론4 목적지23 |  335스텝 | 배송 23/23 | 재적재  4 | 중계율 0.20 | alpha 0.809 | complete
Ep 1026 | 드론4 목적지21 |  239스텝 | 배송 21/21 | 재적재  3 | 중계율 0.15 | alpha 0.811 | complete
Ep 1027 | 드론3 목적지35 |  584스텝 | 배송 35/35 | 재적재  5 | 중계율 0.25 | alpha 0.808 | complete
Ep 1028 | 드론4 목적지41 |  583스텝 | 배송 41/41 | 재적재  7 | 중계율 0.25 | alpha 0.809 | complete
Ep 1029 | 드론4 목적지21 |  334스텝 | 배송 21/21 | 재적재  3 | 중계율 0.20 | alpha 0.810 | complete
Ep 1030 | 드론3 목적지54 |  982스텝 | 배송 54/54 | 재적재 10 | 중계율 0.27 | alpha 0.821 | complete
Ep 1031 | 드론3 목적지72 | 1000스텝 | 배송 65/72 | 재적재 12 | 중계율 0.26 | alpha 0.823 | step_limit
Ep 1032 | 드론4 목적지48 |  717스텝 | 배송 48/48 | 재적재  7 | 중계율 0.30 | alpha 0.818 | complete
Ep 1033 | 드론3 목적지32 |  638스텝 | 배송 32/32 | 재적재  5 | 중계율 0.18 | alpha 0.816 | complete
Ep 1034 | 드론3 목적지21 |  500스텝 | 배송 21/21 | 재적재  2 | 중계율 0.28 | alpha 0.817 | complete
Ep 1035 | 드론3 목적지57 | 1000스텝 | 배송 55/57 | 재적재 10 | 중계율 0.27 | alpha 0.810 | step_limit
Ep 1036 | 드론3 목적지56 |  941스텝 | 배송 56/56 | 재적재 10 | 중계율 0.26 | alpha 0.801 | complete
Ep 1037 | 드론3 목적지53 | 1000스텝 | 배송 49/53 | 재적재  9 | 중계율 0.30 | alpha 0.795 | step_limit
Ep 1038 | 드론4 목적지29 |  367스텝 | 배송 29/29 | 재적재  4 | 중계율 0.20 | alpha 0.799 | complete
Ep 1039 | 드론3 목적지45 |  811스텝 | 배송 45/45 | 재적재  8 | 중계율 0.25 | alpha 0.797 | complete
Ep 1040 | 드론3 목적지23 |  658스텝 | 배송 23/23 | 재적재  3 | 중계율 0.17 | alpha 0.796 | complete
Ep 1041 | 드론4 목적지20 |  273스텝 | 배송 20/20 | 재적재  2 | 중계율 0.22 | alpha 0.791 | complete
Ep 1042 | 드론3 목적지71 | 1000스텝 | 배송 60/71 | 재적재 12 | 중계율 0.25 | alpha 0.796 | step_limit
Ep 1043 | 드론3 목적지36 |  684스텝 | 배송 36/36 | 재적재  6 | 중계율 0.29 | alpha 0.796 | complete
Ep 1044 | 드론3 목적지46 |  758스텝 | 배송 46/46 | 재적재  8 | 중계율 0.19 | alpha 0.781 | complete
Ep 1045 | 드론3 목적지65 | 1000스텝 | 배송 54/65 | 재적재 10 | 중계율 0.29 | alpha 0.783 | step_limit
Ep 1046 | 드론4 목적지53 |  777스텝 | 배송 53/53 | 재적재  9 | 중계율 0.30 | alpha 0.788 | complete
Ep 1047 | 드론4 목적지77 | 1000스텝 | 배송 76/77 | 재적재 13 | 중계율 0.21 | alpha 0.795 | step_limit
Ep 1048 | 드론4 목적지54 |  691스텝 | 배송 54/54 | 재적재  9 | 중계율 0.22 | alpha 0.802 | complete
Ep 1049 | 드론3 목적지75 | 1000스텝 | 배송 65/75 | 재적재 11 | 중계율 0.22 | alpha 0.805 | step_limit
Ep 1050 | 드론4 목적지66 |  696스텝 | 배송 66/66 | 재적재 11 | 중계율 0.19 | alpha 0.814 | complete
  [홀드아웃] 배송 50.0±0.2 완주 0.99 스텝 891 점수 126.9 재적재 7.9 2홉+ 0.61 | 최고 128.2@ep350 정체 14/15
Ep 1051 | 드론3 목적지46 |  830스텝 | 배송 46/46 | 재적재  7 | 중계율 0.31 | alpha 0.824 | complete
Ep 1052 | 드론4 목적지64 |  973스텝 | 배송 64/64 | 재적재 11 | 중계율 0.26 | alpha 0.826 | complete
Ep 1053 | 드론4 목적지77 | 1000스텝 | 배송 69/77 | 재적재 12 | 중계율 0.29 | alpha 0.829 | step_limit
Ep 1054 | 드론3 목적지50 | 1000스텝 | 배송 47/50 | 재적재  9 | 중계율 0.26 | alpha 0.834 | step_limit
Ep 1055 | 드론3 목적지33 |  543스텝 | 배송 33/33 | 재적재  5 | 중계율 0.20 | alpha 0.832 | complete
Ep 1056 | 드론4 목적지55 |  689스텝 | 배송 55/55 | 재적재  9 | 중계율 0.15 | alpha 0.839 | complete
Ep 1057 | 드론4 목적지78 | 1000스텝 | 배송 68/78 | 재적재 13 | 중계율 0.29 | alpha 0.845 | step_limit
Ep 1058 | 드론3 목적지74 | 1000스텝 | 배송 72/74 | 재적재 13 | 중계율 0.16 | alpha 0.844 | step_limit
Ep 1059 | 드론4 목적지76 | 1000스텝 | 배송 75/76 | 재적재 13 | 중계율 0.26 | alpha 0.831 | step_limit
Ep 1060 | 드론3 목적지56 | 1000스텝 | 배송 46/56 | 재적재  9 | 중계율 0.28 | alpha 0.819 | step_limit
Ep 1061 | 드론4 목적지46 |  681스텝 | 배송 46/46 | 재적재  8 | 중계율 0.23 | alpha 0.816 | complete
Ep 1062 | 드론4 목적지55 |  730스텝 | 배송 55/55 | 재적재 10 | 중계율 0.21 | alpha 0.814 | complete
Ep 1063 | 드론4 목적지54 |  721스텝 | 배송 54/54 | 재적재  9 | 중계율 0.27 | alpha 0.806 | complete
Ep 1064 | 드론3 목적지76 | 1000스텝 | 배송 66/76 | 재적재 12 | 중계율 0.26 | alpha 0.796 | step_limit
Ep 1065 | 드론3 목적지23 |  439스텝 | 배송 23/23 | 재적재  3 | 중계율 0.28 | alpha 0.799 | complete
Ep 1066 | 드론3 목적지37 |  664스텝 | 배송 37/37 | 재적재  7 | 중계율 0.22 | alpha 0.798 | complete
Ep 1067 | 드론3 목적지76 | 1000스텝 | 배송 68/76 | 재적재 12 | 중계율 0.25 | alpha 0.793 | step_limit
Ep 1068 | 드론4 목적지77 | 1000스텝 | 배송 74/77 | 재적재 13 | 중계율 0.24 | alpha 0.778 | step_limit
Ep 1069 | 드론4 목적지56 |  794스텝 | 배송 56/56 | 재적재 10 | 중계율 0.30 | alpha 0.785 | complete
Ep 1070 | 드론4 목적지39 |  451스텝 | 배송 39/39 | 재적재  6 | 중계율 0.17 | alpha 0.785 | complete
Ep 1071 | 드론4 목적지26 |  398스텝 | 배송 26/26 | 재적재  2 | 중계율 0.29 | alpha 0.785 | complete
Ep 1072 | 드론4 목적지62 |  827스텝 | 배송 62/62 | 재적재 10 | 중계율 0.27 | alpha 0.783 | complete
Ep 1073 | 드론3 목적지44 | 1000스텝 | 배송 41/44 | 재적재  8 | 중계율 0.26 | alpha 0.783 | step_limit
Ep 1074 | 드론3 목적지71 | 1000스텝 | 배송 63/71 | 재적재 12 | 중계율 0.18 | alpha 0.770 | step_limit
Ep 1075 | 드론4 목적지36 |  689스텝 | 배송 36/36 | 재적재  5 | 중계율 0.38 | alpha 0.767 | complete
Ep 1076 | 드론3 목적지53 |  671스텝 | 배송 53/53 | 재적재 10 | 중계율 0.14 | alpha 0.777 | complete
Ep 1077 | 드론3 목적지47 |  811스텝 | 배송 47/47 | 재적재  8 | 중계율 0.22 | alpha 0.780 | complete
Ep 1078 | 드론4 목적지54 |  582스텝 | 배송 54/54 | 재적재  8 | 중계율 0.17 | alpha 0.781 | complete
Ep 1079 | 드론4 목적지48 |  669스텝 | 배송 48/48 | 재적재  8 | 중계율 0.25 | alpha 0.782 | complete
Ep 1080 | 드론4 목적지54 |  628스텝 | 배송 54/54 | 재적재  9 | 중계율 0.16 | alpha 0.785 | complete
Ep 1081 | 드론4 목적지28 |  577스텝 | 배송 28/28 | 재적재  3 | 중계율 0.25 | alpha 0.792 | complete
Ep 1082 | 드론3 목적지37 |  641스텝 | 배송 37/37 | 재적재  5 | 중계율 0.23 | alpha 0.787 | complete
Ep 1083 | 드론3 목적지25 |  467스텝 | 배송 25/25 | 재적재  4 | 중계율 0.18 | alpha 0.790 | complete
Ep 1084 | 드론4 목적지31 |  356스텝 | 배송 31/31 | 재적재  5 | 중계율 0.16 | alpha 0.789 | complete
Ep 1085 | 드론4 목적지46 |  978스텝 | 배송 46/46 | 재적재  7 | 중계율 0.38 | alpha 0.800 | complete
Ep 1086 | 드론3 목적지30 |  664스텝 | 배송 30/30 | 재적재  5 | 중계율 0.27 | alpha 0.810 | complete
Ep 1087 | 드론4 목적지20 |  349스텝 | 배송 20/20 | 재적재  3 | 중계율 0.26 | alpha 0.810 | complete
Ep 1088 | 드론3 목적지55 |  996스텝 | 배송 55/55 | 재적재  9 | 중계율 0.32 | alpha 0.811 | complete
Ep 1089 | 드론4 목적지45 |  692스텝 | 배송 45/45 | 재적재  7 | 중계율 0.23 | alpha 0.810 | complete
Ep 1090 | 드론4 목적지23 |  320스텝 | 배송 23/23 | 재적재  4 | 중계율 0.22 | alpha 0.809 | complete
Ep 1091 | 드론3 목적지25 |  316스텝 | 배송 25/25 | 재적재  3 | 중계율 0.16 | alpha 0.813 | complete
Ep 1092 | 드론3 목적지46 |  983스텝 | 배송 46/46 | 재적재  8 | 중계율 0.22 | alpha 0.822 | complete
Ep 1093 | 드론4 목적지61 |  970스텝 | 배송 61/61 | 재적재 10 | 중계율 0.29 | alpha 0.815 | complete
Ep 1094 | 드론4 목적지63 | 1000스텝 | 배송 62/63 | 재적재 11 | 중계율 0.28 | alpha 0.806 | step_limit
Ep 1095 | 드론3 목적지27 |  572스텝 | 배송 27/27 | 재적재  5 | 중계율 0.22 | alpha 0.803 | complete
Ep 1096 | 드론3 목적지72 | 1000스텝 | 배송 55/72 | 재적재  9 | 중계율 0.25 | alpha 0.794 | step_limit
Ep 1097 | 드론4 목적지45 |  752스텝 | 배송 45/45 | 재적재  7 | 중계율 0.30 | alpha 0.786 | complete
Ep 1098 | 드론4 목적지30 |  652스텝 | 배송 30/30 | 재적재  4 | 중계율 0.36 | alpha 0.779 | complete
Ep 1099 | 드론4 목적지74 | 1000스텝 | 배송 63/74 | 재적재 12 | 중계율 0.28 | alpha 0.775 | step_limit
Ep 1100 | 드론3 목적지37 |  675스텝 | 배송 37/37 | 재적재  6 | 중계율 0.22 | alpha 0.777 | complete
  [홀드아웃] 배송 50.0±0.4 완주 0.99 스텝 901 점수 126.7 재적재 8.1 2홉+ 0.60 | 최고 128.2@ep350 정체 15/15

조기 종료. 최고 128.2@ep350
Training finished. best=128.2 @ ep350
