/home/kopt/enter/envs/wsl_neuroMCTS/lib/python3.10/site-packages/pygame/pkgdata.py:25: UserWarning: pkg_resources is deprecated as an API. See https://setuptools.pypa.io/en/latest/pkg_resources.html. The pkg_resources package is slated for removal as early as 2025-11-30. Refrain from using this package or pin to Setuptools<81.
  from pkg_resources import resource_stream, resource_exists
pygame 2.6.1 (SDL 2.28.4, Python 3.10.19)
Hello from the pygame community. https://www.pygame.org/contribute.html
집합 상위 학습 | 반경 300 상한 1000 무배송 500 gamma 0.997 구성=무작위 드론[3, 4] 목적지[20, 80] CC무작위 인스턴스=무작위 목표유지=off 완주보상=0.0 잔여페널티=0.1 규칙관측=False 규칙정규화=2.0/중계가중치=1.0 막힘페널티=0.0 중계크레딧=0.0/재분배=0.0/드론별보상=False 도달권shaping=0.0 정체전환보상=0.0 엔트로피비=0.6->0.25@400 자기회귀=True 홀드아웃상한=3000 선택=makespan/속도가중치=40.0
/home/kopt/drone/proposed_src/pipeline/train_v5_26_09_15_23.py:411: UserWarning: Converting a tensor with requires_grad=True to a scalar may lead to unexpected behavior.
Consider using tensor.detach() first. (Triggered internally at /pytorch/torch/csrc/autograd/generated/python_variable_methods.cpp:836.)
  writer.add_scalar("train/alpha", float(log_alpha.exp()), ep)
Ep 1 | 드론4 목적지40 | 1000스텝 | 배송 36/40 | 재적재  7 | 중계율 0.19 | alpha 0.100 | step_limit
Ep 2 | 드론4 목적지61 | 1000스텝 | 배송 54/61 | 재적재  9 | 중계율 0.14 | alpha 0.100 | step_limit
Ep 3 | 드론3 목적지34 | 1000스텝 | 배송 32/34 | 재적재  5 | 중계율 0.15 | alpha 0.100 | step_limit
Ep 4 | 드론4 목적지35 | 1000스텝 | 배송 29/35 | 재적재  4 | 중계율 0.17 | alpha 0.100 | step_limit
Ep 5 | 드론3 목적지44 | 1000스텝 | 배송 27/44 | 재적재  4 | 중계율 0.33 | alpha 0.103 | step_limit
Ep 6 | 드론3 목적지72 | 1000스텝 | 배송 63/72 | 재적재 12 | 중계율 0.28 | alpha 0.114 | step_limit
Ep 7 | 드론4 목적지49 | 1000스텝 | 배송 45/49 | 재적재  6 | 중계율 0.42 | alpha 0.124 | step_limit
Ep 8 | 드론4 목적지25 |  622스텝 | 배송 25/25 | 재적재  4 | 중계율 0.34 | alpha 0.131 | complete
Ep 9 | 드론3 목적지25 |  432스텝 | 배송 25/25 | 재적재  3 | 중계율 0.36 | alpha 0.135 | complete
Ep 10 | 드론3 목적지63 | 1000스텝 | 배송 58/63 | 재적재  9 | 중계율 0.29 | alpha 0.146 | step_limit
Ep 11 | 드론4 목적지21 |  367스텝 | 배송 21/21 | 재적재  3 | 중계율 0.42 | alpha 0.151 | complete
Ep 12 | 드론3 목적지73 | 1000스텝 | 배송 61/73 | 재적재 12 | 중계율 0.27 | alpha 0.163 | step_limit
Ep 13 | 드론3 목적지53 | 1000스텝 | 배송 52/53 | 재적재 10 | 중계율 0.33 | alpha 0.175 | step_limit
Ep 14 | 드론4 목적지70 |  991스텝 | 배송 70/70 | 재적재 10 | 중계율 0.37 | alpha 0.189 | complete
Ep 15 | 드론4 목적지68 | 1000스텝 | 배송 56/68 | 재적재 11 | 중계율 0.37 | alpha 0.203 | step_limit
Ep 16 | 드론4 목적지38 |  594스텝 | 배송 38/38 | 재적재  6 | 중계율 0.34 | alpha 0.212 | complete
Ep 17 | 드론4 목적지50 |  754스텝 | 배송 50/50 | 재적재  8 | 중계율 0.31 | alpha 0.224 | complete
Ep 18 | 드론3 목적지22 | 1000스텝 | 배송 17/22 | 재적재  1 | 중계율 0.31 | alpha 0.240 | step_limit
Ep 19 | 드론4 목적지30 |  391스텝 | 배송 30/30 | 재적재  4 | 중계율 0.21 | alpha 0.247 | complete
Ep 20 | 드론3 목적지22 |  718스텝 | 배송 22/22 | 재적재  3 | 중계율 0.27 | alpha 0.260 | complete
Ep 21 | 드론4 목적지31 |  747스텝 | 배송 31/31 | 재적재  5 | 중계율 0.41 | alpha 0.274 | complete
Ep 22 | 드론4 목적지58 | 1000스텝 | 배송 56/58 | 재적재 10 | 중계율 0.34 | alpha 0.294 | step_limit
Ep 23 | 드론3 목적지50 |  927스텝 | 배송 50/50 | 재적재  9 | 중계율 0.23 | alpha 0.314 | complete
Ep 24 | 드론3 목적지69 | 1000스텝 | 배송 63/69 | 재적재 12 | 중계율 0.26 | alpha 0.337 | step_limit
Ep 25 | 드론3 목적지38 | 1000스텝 | 배송 33/38 | 재적재  5 | 중계율 0.33 | alpha 0.362 | step_limit
Ep 26 | 드론3 목적지36 |  509스텝 | 배송 36/36 | 재적재  5 | 중계율 0.20 | alpha 0.375 | complete
Ep 27 | 드론3 목적지27 |  525스텝 | 배송 27/27 | 재적재  4 | 중계율 0.18 | alpha 0.390 | complete
Ep 28 | 드론3 목적지55 | 1000스텝 | 배송 50/55 | 재적재  8 | 중계율 0.29 | alpha 0.419 | step_limit
Ep 29 | 드론4 목적지66 | 1000스텝 | 배송 58/66 | 재적재 10 | 중계율 0.29 | alpha 0.450 | step_limit
Ep 30 | 드론4 목적지36 | 1000스텝 | 배송 35/36 | 재적재  5 | 중계율 0.31 | alpha 0.484 | step_limit
Ep 31 | 드론3 목적지37 |  662스텝 | 배송 37/37 | 재적재  5 | 중계율 0.22 | alpha 0.507 | complete
Ep 32 | 드론3 목적지54 | 1000스텝 | 배송 52/54 | 재적재  8 | 중계율 0.34 | alpha 0.544 | step_limit
Ep 33 | 드론4 목적지68 |  828스텝 | 배송 68/68 | 재적재 11 | 중계율 0.25 | alpha 0.576 | complete
Ep 34 | 드론4 목적지61 |  747스텝 | 배송 61/61 | 재적재 11 | 중계율 0.18 | alpha 0.607 | complete
Ep 35 | 드론3 목적지37 |  668스텝 | 배송 37/37 | 재적재  5 | 중계율 0.29 | alpha 0.635 | complete
Ep 36 | 드론4 목적지66 |  790스텝 | 배송 66/66 | 재적재 10 | 중계율 0.27 | alpha 0.671 | complete
Ep 37 | 드론4 목적지75 |  831스텝 | 배송 75/75 | 재적재 12 | 중계율 0.20 | alpha 0.711 | complete
Ep 38 | 드론4 목적지62 | 1000스텝 | 배송 55/62 | 재적재 10 | 중계율 0.24 | alpha 0.761 | step_limit
Ep 39 | 드론3 목적지62 | 1000스텝 | 배송 56/62 | 재적재  9 | 중계율 0.25 | alpha 0.814 | step_limit
Ep 40 | 드론3 목적지29 |  550스텝 | 배송 29/29 | 재적재  4 | 중계율 0.20 | alpha 0.845 | complete
Ep 41 | 드론4 목적지80 | 1000스텝 | 배송 71/80 | 재적재 13 | 중계율 0.25 | alpha 0.903 | step_limit
Ep 42 | 드론3 목적지35 |  580스텝 | 배송 35/35 | 재적재  4 | 중계율 0.26 | alpha 0.939 | complete
Ep 43 | 드론4 목적지36 |  417스텝 | 배송 36/36 | 재적재  6 | 중계율 0.22 | alpha 0.966 | complete
Ep 44 | 드론3 목적지52 | 1000스텝 | 배송 49/52 | 재적재  8 | 중계율 0.21 | alpha 1.032 | step_limit
Ep 45 | 드론4 목적지53 |  865스텝 | 배송 53/53 | 재적재 10 | 중계율 0.32 | alpha 1.092 | complete
Ep 46 | 드론3 목적지22 |  935스텝 | 배송 21/22 | 재적재  3 | 중계율 0.39 | alpha 1.161 | no_progress
Ep 47 | 드론3 목적지71 | 1000스텝 | 배송 64/71 | 재적재 11 | 중계율 0.20 | alpha 1.240 | step_limit
Ep 48 | 드론3 목적지22 |  562스텝 | 배송 22/22 | 재적재  3 | 중계율 0.29 | alpha 1.285 | complete
Ep 49 | 드론3 목적지31 | 1000스텝 | 배송 28/31 | 재적재  5 | 중계율 0.24 | alpha 1.369 | step_limit
Ep 50 | 드론4 목적지22 |  445스텝 | 배송 22/22 | 재적재  2 | 중계율 0.21 | alpha 1.406 | complete
  [홀드아웃] 배송 39.3±10.4 완주 0.85 스텝 1093 점수 110.4 재적재 5.9 2홉+ 0.52 [4/50 0.82·1354 | 3/30 0.88·832] | 최고 110.4@ep50 정체 0/8  ← 갱신
Ep 51 | 드론3 목적지49 | 1000스텝 | 배송 40/49 | 재적재  7 | 중계율 0.23 | alpha 1.494 | step_limit
Ep 52 | 드론3 목적지59 | 1000스텝 | 배송 50/59 | 재적재  9 | 중계율 0.24 | alpha 1.585 | step_limit
Ep 53 | 드론3 목적지20 |  634스텝 | 배송 20/20 | 재적재  2 | 중계율 0.30 | alpha 1.643 | complete
Ep 54 | 드론4 목적지78 | 1000스텝 | 배송 76/78 | 재적재 14 | 중계율 0.19 | alpha 1.737 | step_limit
Ep 55 | 드론3 목적지24 |  623스텝 | 배송 24/24 | 재적재  3 | 중계율 0.14 | alpha 1.796 | complete
Ep 56 | 드론3 목적지24 |  521스텝 | 배송 24/24 | 재적재  4 | 중계율 0.25 | alpha 1.846 | complete
Ep 57 | 드론3 목적지45 |  991스텝 | 배송 45/45 | 재적재  7 | 중계율 0.31 | alpha 1.942 | complete
Ep 58 | 드론3 목적지28 |  480스텝 | 배송 28/28 | 재적재  4 | 중계율 0.14 | alpha 1.989 | complete
Ep 59 | 드론3 목적지72 | 1000스텝 | 배송 63/72 | 재적재 10 | 중계율 0.21 | alpha 2.082 | step_limit
Ep 60 | 드론3 목적지65 | 1000스텝 | 배송 48/65 | 재적재  8 | 중계율 0.24 | alpha 2.176 | step_limit
Ep 61 | 드론3 목적지55 | 1000스텝 | 배송 52/55 | 재적재  9 | 중계율 0.29 | alpha 2.272 | step_limit
Ep 62 | 드론3 목적지58 | 1000스텝 | 배송 52/58 | 재적재  9 | 중계율 0.21 | alpha 2.363 | step_limit
Ep 63 | 드론4 목적지23 |  341스텝 | 배송 23/23 | 재적재  3 | 중계율 0.27 | alpha 2.392 | complete
Ep 64 | 드론3 목적지61 | 1000스텝 | 배송 51/61 | 재적재  9 | 중계율 0.13 | alpha 2.468 | step_limit
Ep 65 | 드론3 목적지47 | 1000스텝 | 배송 46/47 | 재적재  8 | 중계율 0.27 | alpha 2.539 | step_limit
Ep 66 | 드론3 목적지41 | 1000스텝 | 배송 40/41 | 재적재  6 | 중계율 0.29 | alpha 2.594 | step_limit
Ep 67 | 드론3 목적지35 |  842스텝 | 배송 35/35 | 재적재  6 | 중계율 0.26 | alpha 2.636 | complete
Ep 68 | 드론3 목적지77 | 1000스텝 | 배송 57/77 | 재적재 11 | 중계율 0.17 | alpha 2.668 | step_limit
Ep 69 | 드론4 목적지39 |  587스텝 | 배송 39/39 | 재적재  6 | 중계율 0.25 | alpha 2.676 | complete
Ep 70 | 드론4 목적지42 |  837스텝 | 배송 42/42 | 재적재  7 | 중계율 0.25 | alpha 2.692 | complete
Ep 71 | 드론3 목적지65 | 1000스텝 | 배송 56/65 | 재적재  9 | 중계율 0.19 | alpha 2.708 | step_limit
Ep 72 | 드론4 목적지62 |  824스텝 | 배송 62/62 | 재적재 11 | 중계율 0.16 | alpha 2.705 | complete
Ep 73 | 드론3 목적지48 | 1000스텝 | 배송 45/48 | 재적재  7 | 중계율 0.22 | alpha 2.668 | step_limit
Ep 74 | 드론3 목적지40 |  908스텝 | 배송 40/40 | 재적재  7 | 중계율 0.16 | alpha 2.601 | complete
Ep 75 | 드론4 목적지35 |  712스텝 | 배송 35/35 | 재적재  5 | 중계율 0.22 | alpha 2.555 | complete
Ep 76 | 드론4 목적지27 |  754스텝 | 배송 27/27 | 재적재  3 | 중계율 0.26 | alpha 2.530 | complete
Ep 77 | 드론4 목적지44 | 1000스텝 | 배송 38/44 | 재적재  5 | 중계율 0.27 | alpha 2.513 | step_limit
Ep 78 | 드론4 목적지45 |  725스텝 | 배송 45/45 | 재적재  7 | 중계율 0.18 | alpha 2.495 | complete
Ep 79 | 드론3 목적지56 | 1000스텝 | 배송 45/56 | 재적재  8 | 중계율 0.19 | alpha 2.485 | step_limit
Ep 80 | 드론3 목적지62 | 1000스텝 | 배송 59/62 | 재적재 10 | 중계율 0.20 | alpha 2.476 | step_limit
Ep 81 | 드론3 목적지79 | 1000스텝 | 배송 62/79 | 재적재 10 | 중계율 0.12 | alpha 2.458 | step_limit
Ep 82 | 드론3 목적지76 | 1000스텝 | 배송 58/76 | 재적재 10 | 중계율 0.19 | alpha 2.429 | step_limit
Ep 83 | 드론4 목적지51 |  780스텝 | 배송 51/51 | 재적재  9 | 중계율 0.22 | alpha 2.406 | complete
Ep 84 | 드론3 목적지52 | 1000스텝 | 배송 45/52 | 재적재  8 | 중계율 0.18 | alpha 2.364 | step_limit
Ep 85 | 드론3 목적지31 |  680스텝 | 배송 31/31 | 재적재  6 | 중계율 0.19 | alpha 2.335 | complete
Ep 86 | 드론4 목적지43 |  925스텝 | 배송 43/43 | 재적재  7 | 중계율 0.19 | alpha 2.301 | complete
Ep 87 | 드론4 목적지51 |  737스텝 | 배송 51/51 | 재적재  9 | 중계율 0.17 | alpha 2.279 | complete
Ep 88 | 드론4 목적지27 |  451스텝 | 배송 27/27 | 재적재  3 | 중계율 0.23 | alpha 2.274 | complete
Ep 89 | 드론4 목적지56 | 1000스텝 | 배송 53/56 | 재적재 10 | 중계율 0.24 | alpha 2.214 | step_limit
Ep 90 | 드론4 목적지50 |  831스텝 | 배송 50/50 | 재적재  9 | 중계율 0.15 | alpha 2.187 | complete
Ep 91 | 드론4 목적지30 |  437스텝 | 배송 30/30 | 재적재  4 | 중계율 0.11 | alpha 2.174 | complete
Ep 92 | 드론4 목적지42 |  672스텝 | 배송 42/42 | 재적재  7 | 중계율 0.26 | alpha 2.173 | complete
Ep 93 | 드론4 목적지42 |  708스텝 | 배송 42/42 | 재적재  6 | 중계율 0.17 | alpha 2.186 | complete
Ep 94 | 드론4 목적지42 |  754스텝 | 배송 42/42 | 재적재  7 | 중계율 0.22 | alpha 2.217 | complete
Ep 95 | 드론4 목적지47 | 1000스텝 | 배송 45/47 | 재적재  7 | 중계율 0.24 | alpha 2.229 | step_limit
Ep 96 | 드론3 목적지26 |  667스텝 | 배송 26/26 | 재적재  5 | 중계율 0.12 | alpha 2.212 | complete
Ep 97 | 드론3 목적지26 |  362스텝 | 배송 26/26 | 재적재  4 | 중계율 0.21 | alpha 2.228 | complete
Ep 98 | 드론4 목적지36 |  595스텝 | 배송 36/36 | 재적재  5 | 중계율 0.21 | alpha 2.254 | complete
Ep 99 | 드론3 목적지30 |  992스텝 | 배송 30/30 | 재적재  5 | 중계율 0.26 | alpha 2.267 | complete
Ep 100 | 드론4 목적지74 | 1000스텝 | 배송 70/74 | 재적재 12 | 중계율 0.24 | alpha 2.250 | step_limit
  [홀드아웃] 배송 39.5±10.3 완주 0.90 스텝 1087 점수 115.5 재적재 6.4 2홉+ 0.57 [4/50 0.93·1221 | 3/30 0.88·952] | 최고 115.5@ep100 정체 0/8  ← 갱신
Ep 101 | 드론3 목적지71 | 1000스텝 | 배송 57/71 | 재적재 11 | 중계율 0.21 | alpha 2.204 | step_limit
Ep 102 | 드론4 목적지72 | 1000스텝 | 배송 60/72 | 재적재  9 | 중계율 0.28 | alpha 2.186 | step_limit
Ep 103 | 드론3 목적지77 | 1000스텝 | 배송 50/77 | 재적재  8 | 중계율 0.19 | alpha 2.189 | step_limit
Ep 104 | 드론3 목적지55 | 1000스텝 | 배송 47/55 | 재적재  7 | 중계율 0.25 | alpha 2.196 | step_limit
Ep 105 | 드론4 목적지52 |  853스텝 | 배송 52/52 | 재적재  8 | 중계율 0.25 | alpha 2.182 | complete
Ep 106 | 드론4 목적지46 | 1000스텝 | 배송 44/46 | 재적재  6 | 중계율 0.27 | alpha 2.137 | step_limit
Ep 107 | 드론3 목적지77 | 1000스텝 | 배송 68/77 | 재적재 12 | 중계율 0.18 | alpha 2.125 | step_limit
Ep 108 | 드론3 목적지61 | 1000스텝 | 배송 48/61 | 재적재  9 | 중계율 0.27 | alpha 2.167 | step_limit
Ep 109 | 드론4 목적지74 | 1000스텝 | 배송 67/74 | 재적재 11 | 중계율 0.27 | alpha 2.216 | step_limit
Ep 110 | 드론4 목적지41 |  713스텝 | 배송 41/41 | 재적재  6 | 중계율 0.19 | alpha 2.221 | complete
Ep 111 | 드론4 목적지47 |  886스텝 | 배송 47/47 | 재적재  7 | 중계율 0.32 | alpha 2.231 | complete
Ep 112 | 드론3 목적지57 | 1000스텝 | 배송 42/57 | 재적재  8 | 중계율 0.28 | alpha 2.259 | step_limit
Ep 113 | 드론4 목적지73 | 1000스텝 | 배송 69/73 | 재적재 12 | 중계율 0.19 | alpha 2.258 | step_limit
Ep 114 | 드론3 목적지49 | 1000스텝 | 배송 46/49 | 재적재  7 | 중계율 0.22 | alpha 2.248 | step_limit
Ep 115 | 드론4 목적지27 |  551스텝 | 배송 27/27 | 재적재  4 | 중계율 0.19 | alpha 2.264 | complete
Ep 116 | 드론3 목적지57 | 1000스텝 | 배송 51/57 | 재적재  9 | 중계율 0.20 | alpha 2.250 | step_limit
Ep 117 | 드론3 목적지33 | 1000스텝 | 배송 30/33 | 재적재  5 | 중계율 0.28 | alpha 2.233 | step_limit
Ep 118 | 드론3 목적지53 | 1000스텝 | 배송 51/53 | 재적재  9 | 중계율 0.17 | alpha 2.204 | step_limit
Ep 119 | 드론4 목적지49 |  825스텝 | 배송 49/49 | 재적재  8 | 중계율 0.22 | alpha 2.205 | complete
Ep 120 | 드론4 목적지55 |  981스텝 | 배송 55/55 | 재적재  9 | 중계율 0.21 | alpha 2.158 | complete
Ep 121 | 드론4 목적지31 |  654스텝 | 배송 31/31 | 재적재  5 | 중계율 0.27 | alpha 2.136 | complete
Ep 122 | 드론4 목적지41 |  647스텝 | 배송 41/41 | 재적재  7 | 중계율 0.21 | alpha 2.122 | complete
Ep 123 | 드론4 목적지21 |  282스텝 | 배송 21/21 | 재적재  2 | 중계율 0.19 | alpha 2.120 | complete
Ep 124 | 드론4 목적지38 | 1000스텝 | 배송 34/38 | 재적재  6 | 중계율 0.33 | alpha 2.129 | step_limit
Ep 125 | 드론4 목적지73 | 1000스텝 | 배송 70/73 | 재적재 13 | 중계율 0.26 | alpha 2.138 | step_limit
Ep 126 | 드론4 목적지48 |  664스텝 | 배송 48/48 | 재적재  8 | 중계율 0.21 | alpha 2.126 | complete
Ep 127 | 드론4 목적지43 |  801스텝 | 배송 43/43 | 재적재  6 | 중계율 0.25 | alpha 2.145 | complete
Ep 128 | 드론3 목적지37 |  788스텝 | 배송 37/37 | 재적재  6 | 중계율 0.21 | alpha 2.158 | complete
Ep 129 | 드론3 목적지77 | 1000스텝 | 배송 63/77 | 재적재 11 | 중계율 0.26 | alpha 2.183 | step_limit
Ep 130 | 드론3 목적지23 |  905스텝 | 배송 23/23 | 재적재  3 | 중계율 0.26 | alpha 2.195 | complete
Ep 131 | 드론3 목적지66 | 1000스텝 | 배송 55/66 | 재적재 10 | 중계율 0.25 | alpha 2.192 | step_limit
Ep 132 | 드론3 목적지22 |  626스텝 | 배송 22/22 | 재적재  2 | 중계율 0.27 | alpha 2.206 | complete
Ep 133 | 드론3 목적지32 |  685스텝 | 배송 32/32 | 재적재  5 | 중계율 0.25 | alpha 2.207 | complete
Ep 134 | 드론4 목적지38 |  647스텝 | 배송 38/38 | 재적재  6 | 중계율 0.16 | alpha 2.202 | complete
Ep 135 | 드론3 목적지29 |  637스텝 | 배송 29/29 | 재적재  4 | 중계율 0.20 | alpha 2.180 | complete
Ep 136 | 드론3 목적지20 |  494스텝 | 배송 20/20 | 재적재  3 | 중계율 0.20 | alpha 2.155 | complete
Ep 137 | 드론4 목적지25 |  651스텝 | 배송 25/25 | 재적재  3 | 중계율 0.32 | alpha 2.150 | complete
Ep 138 | 드론3 목적지75 | 1000스텝 | 배송 58/75 | 재적재 10 | 중계율 0.20 | alpha 2.133 | step_limit
Ep 139 | 드론4 목적지78 | 1000스텝 | 배송 69/78 | 재적재 10 | 중계율 0.20 | alpha 2.134 | step_limit
Ep 140 | 드론3 목적지46 |  957스텝 | 배송 46/46 | 재적재  7 | 중계율 0.20 | alpha 2.144 | complete
Ep 141 | 드론4 목적지38 |  682스텝 | 배송 38/38 | 재적재  6 | 중계율 0.27 | alpha 2.134 | complete
Ep 142 | 드론4 목적지42 |  936스텝 | 배송 42/42 | 재적재  6 | 중계율 0.33 | alpha 2.118 | complete
Ep 143 | 드론4 목적지61 | 1000스텝 | 배송 59/61 | 재적재  9 | 중계율 0.29 | alpha 2.075 | step_limit
Ep 144 | 드론3 목적지44 |  802스텝 | 배송 44/44 | 재적재  7 | 중계율 0.20 | alpha 2.037 | complete
Ep 145 | 드론4 목적지37 |  966스텝 | 배송 37/37 | 재적재  6 | 중계율 0.34 | alpha 1.990 | complete
Ep 146 | 드론3 목적지36 | 1000스텝 | 배송 35/36 | 재적재  5 | 중계율 0.29 | alpha 1.957 | step_limit
Ep 147 | 드론4 목적지50 |  780스텝 | 배송 50/50 | 재적재  8 | 중계율 0.17 | alpha 1.934 | complete
Ep 148 | 드론4 목적지52 | 1000스텝 | 배송 52/52 | 재적재  9 | 중계율 0.17 | alpha 1.919 | complete
Ep 149 | 드론4 목적지48 |  888스텝 | 배송 48/48 | 재적재  9 | 중계율 0.18 | alpha 1.896 | complete
Ep 150 | 드론3 목적지80 | 1000스텝 | 배송 65/80 | 재적재 12 | 중계율 0.27 | alpha 1.885 | step_limit
  [홀드아웃] 배송 39.9±10.2 완주 0.99 스텝 953 점수 126.0 재적재 6.4 2홉+ 0.55 [4/50 1.00·1080 | 3/30 0.97·827] | 최고 126.0@ep150 정체 0/8  ← 갱신
Ep 151 | 드론3 목적지52 | 1000스텝 | 배송 48/52 | 재적재  9 | 중계율 0.25 | alpha 1.883 | step_limit
Ep 152 | 드론3 목적지60 | 1000스텝 | 배송 35/60 | 재적재  5 | 중계율 0.26 | alpha 1.880 | step_limit
Ep 153 | 드론3 목적지30 |  764스텝 | 배송 30/30 | 재적재  5 | 중계율 0.21 | alpha 1.866 | complete
Ep 154 | 드론4 목적지58 |  998스텝 | 배송 58/58 | 재적재  8 | 중계율 0.27 | alpha 1.825 | complete
Ep 155 | 드론4 목적지65 |  887스텝 | 배송 65/65 | 재적재 12 | 중계율 0.17 | alpha 1.798 | complete
Ep 156 | 드론4 목적지67 |  860스텝 | 배송 67/67 | 재적재 11 | 중계율 0.20 | alpha 1.794 | complete
Ep 157 | 드론3 목적지23 |  740스텝 | 배송 23/23 | 재적재  4 | 중계율 0.26 | alpha 1.771 | complete
Ep 158 | 드론4 목적지41 |  753스텝 | 배송 41/41 | 재적재  7 | 중계율 0.33 | alpha 1.790 | complete
Ep 159 | 드론4 목적지58 |  705스텝 | 배송 58/58 | 재적재 10 | 중계율 0.18 | alpha 1.796 | complete
Ep 160 | 드론3 목적지72 | 1000스텝 | 배송 58/72 | 재적재 11 | 중계율 0.25 | alpha 1.800 | step_limit
Ep 161 | 드론3 목적지26 |  537스텝 | 배송 26/26 | 재적재  4 | 중계율 0.18 | alpha 1.801 | complete
Ep 162 | 드론3 목적지51 | 1000스텝 | 배송 42/51 | 재적재  7 | 중계율 0.29 | alpha 1.794 | step_limit
Ep 163 | 드론4 목적지73 | 1000스텝 | 배송 58/73 | 재적재 10 | 중계율 0.30 | alpha 1.810 | step_limit
Ep 164 | 드론3 목적지20 |  387스텝 | 배송 20/20 | 재적재  2 | 중계율 0.15 | alpha 1.820 | complete
Ep 165 | 드론4 목적지33 |  413스텝 | 배송 33/33 | 재적재  4 | 중계율 0.15 | alpha 1.831 | complete
Ep 166 | 드론3 목적지70 | 1000스텝 | 배송 59/70 | 재적재 10 | 중계율 0.23 | alpha 1.841 | step_limit
Ep 167 | 드론3 목적지80 | 1000스텝 | 배송 63/80 | 재적재 12 | 중계율 0.18 | alpha 1.816 | step_limit
Ep 168 | 드론3 목적지40 | 1000스텝 | 배송 37/40 | 재적재  5 | 중계율 0.30 | alpha 1.788 | step_limit
Ep 169 | 드론3 목적지30 |  995스텝 | 배송 30/30 | 재적재  5 | 중계율 0.23 | alpha 1.740 | complete
Ep 170 | 드론4 목적지53 |  753스텝 | 배송 53/53 | 재적재  9 | 중계율 0.24 | alpha 1.722 | complete
Ep 171 | 드론3 목적지24 |  566스텝 | 배송 24/24 | 재적재  3 | 중계율 0.19 | alpha 1.701 | complete
Ep 172 | 드론3 목적지78 | 1000스텝 | 배송 58/78 | 재적재 10 | 중계율 0.20 | alpha 1.690 | step_limit
Ep 173 | 드론4 목적지60 |  635스텝 | 배송 60/60 | 재적재  9 | 중계율 0.13 | alpha 1.689 | complete
Ep 174 | 드론4 목적지47 |  550스텝 | 배송 47/47 | 재적재  7 | 중계율 0.20 | alpha 1.687 | complete
Ep 175 | 드론4 목적지26 |  468스텝 | 배송 26/26 | 재적재  4 | 중계율 0.22 | alpha 1.680 | complete
Ep 176 | 드론3 목적지58 | 1000스텝 | 배송 50/58 | 재적재  7 | 중계율 0.23 | alpha 1.651 | step_limit
Ep 177 | 드론3 목적지32 |  865스텝 | 배송 32/32 | 재적재  4 | 중계율 0.25 | alpha 1.644 | complete
Ep 178 | 드론3 목적지66 | 1000스텝 | 배송 59/66 | 재적재 10 | 중계율 0.31 | alpha 1.643 | step_limit
Ep 179 | 드론3 목적지32 |  699스텝 | 배송 32/32 | 재적재  4 | 중계율 0.26 | alpha 1.645 | complete
Ep 180 | 드론3 목적지53 | 1000스텝 | 배송 49/53 | 재적재  7 | 중계율 0.29 | alpha 1.632 | step_limit
Ep 181 | 드론4 목적지65 |  783스텝 | 배송 65/65 | 재적재 10 | 중계율 0.24 | alpha 1.645 | complete
Ep 182 | 드론3 목적지70 | 1000스텝 | 배송 67/70 | 재적재 13 | 중계율 0.18 | alpha 1.654 | step_limit
Ep 183 | 드론3 목적지50 | 1000스텝 | 배송 47/50 | 재적재  8 | 중계율 0.32 | alpha 1.663 | step_limit
Ep 184 | 드론4 목적지48 | 1000스텝 | 배송 47/48 | 재적재  7 | 중계율 0.25 | alpha 1.659 | step_limit
Ep 185 | 드론4 목적지42 |  768스텝 | 배송 42/42 | 재적재  6 | 중계율 0.23 | alpha 1.675 | complete
Ep 186 | 드론4 목적지29 |  473스텝 | 배송 29/29 | 재적재  3 | 중계율 0.12 | alpha 1.680 | complete
Ep 187 | 드론4 목적지33 |  715스텝 | 배송 33/33 | 재적재  5 | 중계율 0.27 | alpha 1.669 | complete
Ep 188 | 드론4 목적지76 | 1000스텝 | 배송 74/76 | 재적재 12 | 중계율 0.26 | alpha 1.677 | step_limit
Ep 189 | 드론4 목적지52 |  658스텝 | 배송 52/52 | 재적재  8 | 중계율 0.20 | alpha 1.697 | complete
Ep 190 | 드론4 목적지75 |  911스텝 | 배송 75/75 | 재적재 13 | 중계율 0.19 | alpha 1.695 | complete
Ep 191 | 드론4 목적지71 | 1000스텝 | 배송 68/71 | 재적재 11 | 중계율 0.20 | alpha 1.677 | step_limit
Ep 192 | 드론3 목적지61 | 1000스텝 | 배송 52/61 | 재적재  8 | 중계율 0.14 | alpha 1.644 | step_limit
Ep 193 | 드론3 목적지58 | 1000스텝 | 배송 43/58 | 재적재  7 | 중계율 0.31 | alpha 1.637 | step_limit
Ep 194 | 드론4 목적지23 |  440스텝 | 배송 23/23 | 재적재  3 | 중계율 0.21 | alpha 1.626 | complete
Ep 195 | 드론3 목적지28 |  596스텝 | 배송 28/28 | 재적재  4 | 중계율 0.19 | alpha 1.618 | complete
Ep 196 | 드론3 목적지76 | 1000스텝 | 배송 55/76 | 재적재 10 | 중계율 0.24 | alpha 1.598 | step_limit
Ep 197 | 드론3 목적지75 | 1000스텝 | 배송 54/75 | 재적재  9 | 중계율 0.25 | alpha 1.613 | step_limit
Ep 198 | 드론4 목적지24 |  435스텝 | 배송 24/24 | 재적재  3 | 중계율 0.17 | alpha 1.631 | complete
Ep 199 | 드론4 목적지46 |  703스텝 | 배송 46/46 | 재적재  7 | 중계율 0.24 | alpha 1.634 | complete
Ep 200 | 드론3 목적지28 |  635스텝 | 배송 28/28 | 재적재  5 | 중계율 0.18 | alpha 1.633 | complete
  [홀드아웃] 배송 39.7±10.2 완주 0.94 스텝 884 점수 122.0 재적재 6.1 2홉+ 0.55 [4/50 0.97·996 | 3/30 0.90·772] | 최고 126.0@ep150 정체 1/8
Ep 201 | 드론4 목적지31 |  380스텝 | 배송 31/31 | 재적재  4 | 중계율 0.15 | alpha 1.639 | complete
Ep 202 | 드론3 목적지36 | 1000스텝 | 배송 35/36 | 재적재  5 | 중계율 0.22 | alpha 1.620 | step_limit
Ep 203 | 드론4 목적지51 |  936스텝 | 배송 51/51 | 재적재  8 | 중계율 0.28 | alpha 1.608 | complete
Ep 204 | 드론4 목적지62 |  904스텝 | 배송 62/62 | 재적재 11 | 중계율 0.26 | alpha 1.611 | complete
Ep 205 | 드론3 목적지38 |  968스텝 | 배송 38/38 | 재적재  5 | 중계율 0.25 | alpha 1.611 | complete
Ep 206 | 드론3 목적지60 | 1000스텝 | 배송 59/60 | 재적재  9 | 중계율 0.22 | alpha 1.612 | step_limit
Ep 207 | 드론4 목적지77 | 1000스텝 | 배송 67/77 | 재적재 11 | 중계율 0.30 | alpha 1.604 | step_limit
Ep 208 | 드론3 목적지75 | 1000스텝 | 배송 42/75 | 재적재  7 | 중계율 0.25 | alpha 1.596 | step_limit
Ep 209 | 드론3 목적지27 | 1000스텝 | 배송 26/27 | 재적재  3 | 중계율 0.23 | alpha 1.578 | step_limit
Ep 210 | 드론3 목적지74 |  994스텝 | 배송 74/74 | 재적재 13 | 중계율 0.15 | alpha 1.563 | complete
Ep 211 | 드론3 목적지48 | 1000스텝 | 배송 45/48 | 재적재  7 | 중계율 0.25 | alpha 1.548 | step_limit
Ep 212 | 드론3 목적지36 |  971스텝 | 배송 36/36 | 재적재  6 | 중계율 0.23 | alpha 1.530 | complete
Ep 213 | 드론3 목적지75 | 1000스텝 | 배송 68/75 | 재적재 11 | 중계율 0.16 | alpha 1.530 | step_limit
Ep 214 | 드론3 목적지75 | 1000스텝 | 배송 61/75 | 재적재 10 | 중계율 0.26 | alpha 1.547 | step_limit
Ep 215 | 드론4 목적지32 |  874스텝 | 배송 32/32 | 재적재  5 | 중계율 0.35 | alpha 1.552 | complete
Ep 216 | 드론4 목적지60 |  852스텝 | 배송 60/60 | 재적재 10 | 중계율 0.22 | alpha 1.570 | complete
Ep 217 | 드론3 목적지66 | 1000스텝 | 배송 55/66 | 재적재 11 | 중계율 0.30 | alpha 1.583 | step_limit
Ep 218 | 드론4 목적지64 |  842스텝 | 배송 64/64 | 재적재 12 | 중계율 0.13 | alpha 1.619 | complete
Ep 219 | 드론4 목적지76 | 1000스텝 | 배송 67/76 | 재적재 13 | 중계율 0.29 | alpha 1.624 | step_limit
Ep 220 | 드론3 목적지38 |  657스텝 | 배송 38/38 | 재적재  6 | 중계율 0.18 | alpha 1.610 | complete
Ep 221 | 드론3 목적지72 | 1000스텝 | 배송 67/72 | 재적재 12 | 중계율 0.18 | alpha 1.588 | step_limit
Ep 222 | 드론3 목적지45 | 1000스텝 | 배송 43/45 | 재적재  8 | 중계율 0.27 | alpha 1.561 | step_limit
Ep 223 | 드론3 목적지22 |  768스텝 | 배송 22/22 | 재적재  3 | 중계율 0.28 | alpha 1.554 | complete
Ep 224 | 드론4 목적지39 |  672스텝 | 배송 39/39 | 재적재  7 | 중계율 0.24 | alpha 1.535 | complete
Ep 225 | 드론4 목적지52 |  892스텝 | 배송 52/52 | 재적재  9 | 중계율 0.23 | alpha 1.509 | complete
Ep 226 | 드론3 목적지31 |  822스텝 | 배송 31/31 | 재적재  5 | 중계율 0.29 | alpha 1.503 | complete
Ep 227 | 드론4 목적지59 |  718스텝 | 배송 59/59 | 재적재  9 | 중계율 0.19 | alpha 1.508 | complete
Ep 228 | 드론3 목적지37 |  819스텝 | 배송 37/37 | 재적재  7 | 중계율 0.26 | alpha 1.492 | complete
Ep 229 | 드론4 목적지76 | 1000스텝 | 배송 70/76 | 재적재 11 | 중계율 0.23 | alpha 1.473 | step_limit
Ep 230 | 드론4 목적지51 |  812스텝 | 배송 51/51 | 재적재  8 | 중계율 0.23 | alpha 1.472 | complete
Ep 231 | 드론3 목적지60 | 1000스텝 | 배송 52/60 | 재적재 10 | 중계율 0.24 | alpha 1.469 | step_limit
Ep 232 | 드론3 목적지36 |  762스텝 | 배송 36/36 | 재적재  6 | 중계율 0.30 | alpha 1.477 | complete
Ep 233 | 드론4 목적지48 |  846스텝 | 배송 48/48 | 재적재  8 | 중계율 0.31 | alpha 1.480 | complete
Ep 234 | 드론4 목적지46 |  803스텝 | 배송 46/46 | 재적재  8 | 중계율 0.25 | alpha 1.486 | complete
Ep 235 | 드론4 목적지39 |  496스텝 | 배송 39/39 | 재적재  6 | 중계율 0.16 | alpha 1.475 | complete
Ep 236 | 드론3 목적지73 | 1000스텝 | 배송 44/73 | 재적재  7 | 중계율 0.26 | alpha 1.473 | step_limit
Ep 237 | 드론3 목적지78 | 1000스텝 | 배송 70/78 | 재적재 13 | 중계율 0.22 | alpha 1.447 | step_limit
Ep 238 | 드론3 목적지61 | 1000스텝 | 배송 56/61 | 재적재 10 | 중계율 0.23 | alpha 1.427 | step_limit
Ep 239 | 드론4 목적지69 | 1000스텝 | 배송 64/69 | 재적재 12 | 중계율 0.24 | alpha 1.415 | step_limit
Ep 240 | 드론4 목적지25 |  492스텝 | 배송 25/25 | 재적재  4 | 중계율 0.20 | alpha 1.405 | complete
Ep 241 | 드론4 목적지45 |  558스텝 | 배송 45/45 | 재적재  7 | 중계율 0.19 | alpha 1.401 | complete
Ep 242 | 드론4 목적지23 |  730스텝 | 배송 23/23 | 재적재  4 | 중계율 0.33 | alpha 1.408 | complete
Ep 243 | 드론4 목적지62 |  808스텝 | 배송 62/62 | 재적재 11 | 중계율 0.19 | alpha 1.396 | complete
Ep 244 | 드론3 목적지63 |  883스텝 | 배송 63/63 | 재적재 12 | 중계율 0.18 | alpha 1.380 | complete
Ep 245 | 드론4 목적지32 |  418스텝 | 배송 32/32 | 재적재  4 | 중계율 0.14 | alpha 1.379 | complete
Ep 246 | 드론3 목적지57 | 1000스텝 | 배송 50/57 | 재적재  8 | 중계율 0.27 | alpha 1.356 | step_limit
Ep 247 | 드론3 목적지49 | 1000스텝 | 배송 45/49 | 재적재  8 | 중계율 0.26 | alpha 1.370 | step_limit
Ep 248 | 드론3 목적지57 | 1000스텝 | 배송 55/57 | 재적재 10 | 중계율 0.21 | alpha 1.365 | step_limit
Ep 249 | 드론3 목적지75 | 1000스텝 | 배송 63/75 | 재적재 12 | 중계율 0.21 | alpha 1.345 | step_limit
Ep 250 | 드론3 목적지57 | 1000스텝 | 배송 56/57 | 재적재 10 | 중계율 0.23 | alpha 1.339 | step_limit
  [홀드아웃] 배송 39.8±10.0 완주 0.94 스텝 868 점수 122.2 재적재 6.2 2홉+ 0.56 [4/50 0.95·950 | 3/30 0.93·786] | 최고 126.0@ep150 정체 2/8
Ep 251 | 드론4 목적지48 |  530스텝 | 배송 48/48 | 재적재  7 | 중계율 0.15 | alpha 1.340 | complete
Ep 252 | 드론4 목적지78 | 1000스텝 | 배송 67/78 | 재적재 11 | 중계율 0.32 | alpha 1.317 | step_limit
Ep 253 | 드론4 목적지50 | 1000스텝 | 배송 49/50 | 재적재  8 | 중계율 0.25 | alpha 1.336 | step_limit
Ep 254 | 드론4 목적지29 |  618스텝 | 배송 29/29 | 재적재  5 | 중계율 0.28 | alpha 1.341 | complete
Ep 255 | 드론3 목적지75 | 1000스텝 | 배송 63/75 | 재적재 11 | 중계율 0.26 | alpha 1.337 | step_limit
Ep 256 | 드론3 목적지31 | 1000스텝 | 배송 30/31 | 재적재  4 | 중계율 0.37 | alpha 1.344 | step_limit
Ep 257 | 드론4 목적지77 | 1000스텝 | 배송 68/77 | 재적재 10 | 중계율 0.28 | alpha 1.330 | step_limit
Ep 258 | 드론3 목적지62 | 1000스텝 | 배송 50/62 | 재적재  9 | 중계율 0.26 | alpha 1.356 | step_limit
Ep 259 | 드론3 목적지55 | 1000스텝 | 배송 49/55 | 재적재  9 | 중계율 0.24 | alpha 1.361 | step_limit
Ep 260 | 드론3 목적지24 |  557스텝 | 배송 24/24 | 재적재  3 | 중계율 0.16 | alpha 1.380 | complete
Ep 261 | 드론3 목적지52 |  925스텝 | 배송 52/52 | 재적재 10 | 중계율 0.27 | alpha 1.372 | complete
Ep 262 | 드론4 목적지65 | 1000스텝 | 배송 58/65 | 재적재 10 | 중계율 0.34 | alpha 1.367 | step_limit
Ep 263 | 드론4 목적지24 |  461스텝 | 배송 24/24 | 재적재  3 | 중계율 0.22 | alpha 1.364 | complete
Ep 264 | 드론3 목적지45 | 1000스텝 | 배송 42/45 | 재적재  7 | 중계율 0.28 | alpha 1.373 | step_limit
Ep 265 | 드론4 목적지26 |  364스텝 | 배송 26/26 | 재적재  4 | 중계율 0.17 | alpha 1.371 | complete
Ep 266 | 드론4 목적지80 |  933스텝 | 배송 80/80 | 재적재 14 | 중계율 0.22 | alpha 1.368 | complete
Ep 267 | 드론4 목적지79 | 1000스텝 | 배송 60/79 | 재적재 10 | 중계율 0.30 | alpha 1.345 | step_limit
Ep 268 | 드론4 목적지47 |  535스텝 | 배송 47/47 | 재적재  7 | 중계율 0.16 | alpha 1.334 | complete
Ep 269 | 드론3 목적지80 | 1000스텝 | 배송 43/80 | 재적재  7 | 중계율 0.16 | alpha 1.320 | step_limit
Ep 270 | 드론3 목적지47 | 1000스텝 | 배송 46/47 | 재적재  8 | 중계율 0.28 | alpha 1.325 | step_limit
Ep 271 | 드론3 목적지59 |  750스텝 | 배송 59/59 | 재적재  9 | 중계율 0.17 | alpha 1.306 | complete
Ep 272 | 드론3 목적지60 |  864스텝 | 배송 60/60 | 재적재 11 | 중계율 0.13 | alpha 1.269 | complete
Ep 273 | 드론3 목적지73 | 1000스텝 | 배송 58/73 | 재적재 11 | 중계율 0.25 | alpha 1.257 | step_limit
Ep 274 | 드론4 목적지30 |  379스텝 | 배송 30/30 | 재적재  4 | 중계율 0.17 | alpha 1.247 | complete
Ep 275 | 드론4 목적지75 | 1000스텝 | 배송 69/75 | 재적재 13 | 중계율 0.20 | alpha 1.246 | step_limit
Ep 276 | 드론3 목적지63 |  890스텝 | 배송 63/63 | 재적재 11 | 중계율 0.17 | alpha 1.238 | complete
Ep 277 | 드론4 목적지77 | 1000스텝 | 배송 70/77 | 재적재 12 | 중계율 0.19 | alpha 1.234 | step_limit
Ep 278 | 드론4 목적지59 |  779스텝 | 배송 59/59 | 재적재 11 | 중계율 0.20 | alpha 1.217 | complete
Ep 279 | 드론3 목적지22 |  556스텝 | 배송 22/22 | 재적재  3 | 중계율 0.25 | alpha 1.201 | complete
Ep 280 | 드론4 목적지43 |  561스텝 | 배송 43/43 | 재적재  7 | 중계율 0.24 | alpha 1.204 | complete
Ep 281 | 드론3 목적지53 |  985스텝 | 배송 53/53 | 재적재 10 | 중계율 0.27 | alpha 1.216 | complete
Ep 282 | 드론3 목적지26 |  453스텝 | 배송 26/26 | 재적재  3 | 중계율 0.22 | alpha 1.216 | complete
Ep 283 | 드론4 목적지76 | 1000스텝 | 배송 64/76 | 재적재 11 | 중계율 0.24 | alpha 1.210 | step_limit
Ep 284 | 드론3 목적지47 |  997스텝 | 배송 47/47 | 재적재  8 | 중계율 0.28 | alpha 1.186 | complete
Ep 285 | 드론3 목적지68 | 1000스텝 | 배송 63/68 | 재적재 10 | 중계율 0.21 | alpha 1.167 | step_limit
Ep 286 | 드론3 목적지77 | 1000스텝 | 배송 51/77 | 재적재  9 | 중계율 0.24 | alpha 1.162 | step_limit
Ep 287 | 드론3 목적지44 | 1000스텝 | 배송 42/44 | 재적재  8 | 중계율 0.24 | alpha 1.159 | step_limit
Ep 288 | 드론4 목적지48 | 1000스텝 | 배송 46/48 | 재적재  8 | 중계율 0.35 | alpha 1.167 | step_limit
Ep 289 | 드론3 목적지65 | 1000스텝 | 배송 62/65 | 재적재 11 | 중계율 0.26 | alpha 1.181 | step_limit
Ep 290 | 드론4 목적지77 | 1000스텝 | 배송 70/77 | 재적재 12 | 중계율 0.29 | alpha 1.194 | step_limit
Ep 291 | 드론4 목적지69 | 1000스텝 | 배송 66/69 | 재적재 10 | 중계율 0.32 | alpha 1.204 | step_limit
Ep 292 | 드론3 목적지30 |  499스텝 | 배송 30/30 | 재적재  5 | 중계율 0.21 | alpha 1.208 | complete
Ep 293 | 드론3 목적지49 |  941스텝 | 배송 49/49 | 재적재  9 | 중계율 0.25 | alpha 1.201 | complete
Ep 294 | 드론4 목적지26 |  471스텝 | 배송 26/26 | 재적재  4 | 중계율 0.18 | alpha 1.193 | complete
Ep 295 | 드론3 목적지70 | 1000스텝 | 배송 54/70 | 재적재  9 | 중계율 0.26 | alpha 1.184 | step_limit
Ep 296 | 드론3 목적지64 | 1000스텝 | 배송 53/64 | 재적재  8 | 중계율 0.23 | alpha 1.165 | step_limit
Ep 297 | 드론3 목적지68 | 1000스텝 | 배송 60/68 | 재적재 11 | 중계율 0.26 | alpha 1.159 | step_limit
Ep 298 | 드론4 목적지65 |  989스텝 | 배송 65/65 | 재적재 11 | 중계율 0.28 | alpha 1.150 | complete
Ep 299 | 드론3 목적지32 |  635스텝 | 배송 32/32 | 재적재  5 | 중계율 0.21 | alpha 1.150 | complete
Ep 300 | 드론4 목적지65 | 1000스텝 | 배송 61/65 | 재적재 12 | 중계율 0.34 | alpha 1.148 | step_limit
  [홀드아웃] 배송 39.4±10.4 완주 0.95 스텝 844 점수 123.7 재적재 6.0 2홉+ 0.56 [4/50 0.95·974 | 3/30 0.95·714] | 최고 126.0@ep150 정체 3/8
Ep 301 | 드론4 목적지51 |  871스텝 | 배송 51/51 | 재적재  9 | 중계율 0.35 | alpha 1.143 | complete
Ep 302 | 드론3 목적지60 | 1000스텝 | 배송 56/60 | 재적재 10 | 중계율 0.23 | alpha 1.138 | step_limit
Ep 303 | 드론3 목적지49 | 1000스텝 | 배송 47/49 | 재적재  8 | 중계율 0.18 | alpha 1.142 | step_limit
Ep 304 | 드론3 목적지41 |  973스텝 | 배송 30/41 | 재적재  4 | 중계율 0.33 | alpha 1.125 | no_progress
Ep 305 | 드론3 목적지42 | 1000스텝 | 배송 39/42 | 재적재  7 | 중계율 0.24 | alpha 1.115 | step_limit
Ep 306 | 드론3 목적지43 |  765스텝 | 배송 43/43 | 재적재  7 | 중계율 0.24 | alpha 1.105 | complete
Ep 307 | 드론4 목적지46 |  660스텝 | 배송 46/46 | 재적재  7 | 중계율 0.15 | alpha 1.096 | complete
Ep 308 | 드론4 목적지24 |  869스텝 | 배송 24/24 | 재적재  3 | 중계율 0.39 | alpha 1.079 | complete
Ep 309 | 드론3 목적지75 | 1000스텝 | 배송 63/75 | 재적재 10 | 중계율 0.26 | alpha 1.074 | step_limit
Ep 310 | 드론3 목적지25 |  746스텝 | 배송 25/25 | 재적재  4 | 중계율 0.30 | alpha 1.063 | complete
Ep 311 | 드론3 목적지51 | 1000스텝 | 배송 48/51 | 재적재  9 | 중계율 0.26 | alpha 1.056 | step_limit
Ep 312 | 드론3 목적지69 | 1000스텝 | 배송 62/69 | 재적재 11 | 중계율 0.25 | alpha 1.060 | step_limit
Ep 313 | 드론4 목적지71 |  968스텝 | 배송 71/71 | 재적재 12 | 중계율 0.27 | alpha 1.053 | complete
Ep 314 | 드론4 목적지23 |  345스텝 | 배송 23/23 | 재적재  3 | 중계율 0.23 | alpha 1.054 | complete
Ep 315 | 드론3 목적지54 | 1000스텝 | 배송 50/54 | 재적재  9 | 중계율 0.28 | alpha 1.062 | step_limit
Ep 316 | 드론4 목적지52 |  637스텝 | 배송 52/52 | 재적재  9 | 중계율 0.23 | alpha 1.062 | complete
Ep 317 | 드론3 목적지20 |  396스텝 | 배송 20/20 | 재적재  3 | 중계율 0.17 | alpha 1.065 | complete
Ep 318 | 드론4 목적지34 |  531스텝 | 배송 34/34 | 재적재  5 | 중계율 0.18 | alpha 1.065 | complete
Ep 319 | 드론4 목적지47 |  519스텝 | 배송 47/47 | 재적재  7 | 중계율 0.15 | alpha 1.059 | complete
Ep 320 | 드론3 목적지76 | 1000스텝 | 배송 57/76 | 재적재 11 | 중계율 0.24 | alpha 1.055 | step_limit
Ep 321 | 드론4 목적지73 |  810스텝 | 배송 73/73 | 재적재 12 | 중계율 0.17 | alpha 1.054 | complete
Ep 322 | 드론4 목적지74 | 1000스텝 | 배송 73/74 | 재적재 14 | 중계율 0.23 | alpha 1.038 | step_limit
Ep 323 | 드론3 목적지71 | 1000스텝 | 배송 69/71 | 재적재 13 | 중계율 0.20 | alpha 1.028 | step_limit
Ep 324 | 드론3 목적지49 |  730스텝 | 배송 49/49 | 재적재  9 | 중계율 0.18 | alpha 1.017 | complete
Ep 325 | 드론3 목적지55 | 1000스텝 | 배송 52/55 | 재적재 10 | 중계율 0.24 | alpha 1.000 | step_limit
Ep 326 | 드론4 목적지24 |  685스텝 | 배송 24/24 | 재적재  3 | 중계율 0.18 | alpha 0.986 | complete
Ep 327 | 드론3 목적지38 |  696스텝 | 배송 38/38 | 재적재  6 | 중계율 0.24 | alpha 0.971 | complete
Ep 328 | 드론3 목적지20 |  382스텝 | 배송 20/20 | 재적재  3 | 중계율 0.19 | alpha 0.963 | complete
Ep 329 | 드론4 목적지41 |  651스텝 | 배송 41/41 | 재적재  7 | 중계율 0.20 | alpha 0.954 | complete
Ep 330 | 드론3 목적지36 |  905스텝 | 배송 36/36 | 재적재  5 | 중계율 0.17 | alpha 0.937 | complete
Ep 331 | 드론3 목적지43 |  767스텝 | 배송 43/43 | 재적재  7 | 중계율 0.28 | alpha 0.926 | complete
Ep 332 | 드론4 목적지31 |  614스텝 | 배송 31/31 | 재적재  4 | 중계율 0.24 | alpha 0.913 | complete
Ep 333 | 드론3 목적지52 | 1000스텝 | 배송 51/52 | 재적재 10 | 중계율 0.23 | alpha 0.906 | step_limit
Ep 334 | 드론3 목적지79 | 1000스텝 | 배송 64/79 | 재적재 11 | 중계율 0.32 | alpha 0.903 | step_limit
Ep 335 | 드론4 목적지36 |  373스텝 | 배송 36/36 | 재적재  6 | 중계율 0.14 | alpha 0.904 | complete
Ep 336 | 드론4 목적지41 |  582스텝 | 배송 41/41 | 재적재  5 | 중계율 0.18 | alpha 0.894 | complete
Ep 337 | 드론3 목적지56 |  993스텝 | 배송 56/56 | 재적재 10 | 중계율 0.30 | alpha 0.884 | complete
Ep 338 | 드론4 목적지31 |  768스텝 | 배송 31/31 | 재적재  5 | 중계율 0.26 | alpha 0.889 | complete
Ep 339 | 드론4 목적지32 | 1000스텝 | 배송 29/32 | 재적재  4 | 중계율 0.34 | alpha 0.885 | step_limit
Ep 340 | 드론3 목적지62 | 1000스텝 | 배송 52/62 | 재적재  9 | 중계율 0.28 | alpha 0.880 | step_limit
Ep 341 | 드론4 목적지51 |  612스텝 | 배송 51/51 | 재적재  9 | 중계율 0.24 | alpha 0.870 | complete
Ep 342 | 드론3 목적지22 |  398스텝 | 배송 22/22 | 재적재  3 | 중계율 0.24 | alpha 0.868 | complete
Ep 343 | 드론4 목적지77 | 1000스텝 | 배송 51/77 | 재적재  9 | 중계율 0.35 | alpha 0.867 | step_limit
Ep 344 | 드론4 목적지56 |  793스텝 | 배송 56/56 | 재적재  9 | 중계율 0.29 | alpha 0.869 | complete
Ep 345 | 드론3 목적지32 | 1000스텝 | 배송 27/32 | 재적재  5 | 중계율 0.31 | alpha 0.870 | step_limit
Ep 346 | 드론4 목적지48 |  638스텝 | 배송 48/48 | 재적재  8 | 중계율 0.16 | alpha 0.860 | complete
Ep 347 | 드론3 목적지66 | 1000스텝 | 배송 60/66 | 재적재 10 | 중계율 0.29 | alpha 0.853 | step_limit
Ep 348 | 드론3 목적지61 | 1000스텝 | 배송 50/61 | 재적재  9 | 중계율 0.25 | alpha 0.845 | step_limit
Ep 349 | 드론4 목적지43 |  654스텝 | 배송 43/43 | 재적재  7 | 중계율 0.25 | alpha 0.833 | complete
Ep 350 | 드론3 목적지30 |  894스텝 | 배송 30/30 | 재적재  4 | 중계율 0.18 | alpha 0.829 | complete
  [홀드아웃] 배송 39.6±9.9 완주 0.91 스텝 853 점수 119.9 재적재 6.1 2홉+ 0.56 [4/50 0.88·974 | 3/30 0.95·732] | 최고 126.0@ep150 정체 4/8
Ep 351 | 드론3 목적지42 |  936스텝 | 배송 42/42 | 재적재  7 | 중계율 0.20 | alpha 0.819 | complete
Ep 352 | 드론3 목적지23 |  475스텝 | 배송 23/23 | 재적재  3 | 중계율 0.17 | alpha 0.809 | complete
Ep 353 | 드론4 목적지78 |  883스텝 | 배송 78/78 | 재적재 14 | 중계율 0.21 | alpha 0.796 | complete
Ep 354 | 드론4 목적지23 |  248스텝 | 배송 23/23 | 재적재  3 | 중계율 0.11 | alpha 0.790 | complete
Ep 355 | 드론4 목적지41 |  625스텝 | 배송 41/41 | 재적재  7 | 중계율 0.30 | alpha 0.784 | complete
Ep 356 | 드론4 목적지75 | 1000스텝 | 배송 69/75 | 재적재 11 | 중계율 0.26 | alpha 0.761 | step_limit
Ep 357 | 드론4 목적지54 |  598스텝 | 배송 54/54 | 재적재  8 | 중계율 0.20 | alpha 0.754 | complete
Ep 358 | 드론3 목적지25 |  752스텝 | 배송 25/25 | 재적재  4 | 중계율 0.26 | alpha 0.737 | complete
Ep 359 | 드론3 목적지37 |  853스텝 | 배송 37/37 | 재적재  7 | 중계율 0.26 | alpha 0.725 | complete
Ep 360 | 드론4 목적지38 |  646스텝 | 배송 38/38 | 재적재  5 | 중계율 0.20 | alpha 0.715 | complete
Ep 361 | 드론3 목적지32 |  632스텝 | 배송 32/32 | 재적재  4 | 중계율 0.17 | alpha 0.704 | complete
Ep 362 | 드론3 목적지22 |  822스텝 | 배송 22/22 | 재적재  2 | 중계율 0.24 | alpha 0.687 | complete
Ep 363 | 드론4 목적지54 |  722스텝 | 배송 54/54 | 재적재  9 | 중계율 0.24 | alpha 0.679 | complete
Ep 364 | 드론3 목적지49 | 1000스텝 | 배송 48/49 | 재적재  9 | 중계율 0.25 | alpha 0.657 | step_limit
Ep 365 | 드론3 목적지42 |  776스텝 | 배송 42/42 | 재적재  7 | 중계율 0.24 | alpha 0.645 | complete
Ep 366 | 드론4 목적지32 |  581스텝 | 배송 32/32 | 재적재  4 | 중계율 0.27 | alpha 0.639 | complete
Ep 367 | 드론4 목적지45 |  493스텝 | 배송 45/45 | 재적재  8 | 중계율 0.14 | alpha 0.632 | complete
Ep 368 | 드론3 목적지51 |  932스텝 | 배송 51/51 | 재적재  9 | 중계율 0.23 | alpha 0.607 | complete
Ep 369 | 드론4 목적지52 | 1000스텝 | 배송 49/52 | 재적재  8 | 중계율 0.33 | alpha 0.594 | step_limit
Ep 370 | 드론4 목적지44 |  945스텝 | 배송 44/44 | 재적재  7 | 중계율 0.34 | alpha 0.580 | complete
Ep 371 | 드론4 목적지72 | 1000스텝 | 배송 70/72 | 재적재 11 | 중계율 0.32 | alpha 0.568 | step_limit
Ep 372 | 드론4 목적지62 | 1000스텝 | 배송 60/62 | 재적재 10 | 중계율 0.21 | alpha 0.558 | step_limit
Ep 373 | 드론4 목적지58 |  843스텝 | 배송 58/58 | 재적재 11 | 중계율 0.19 | alpha 0.553 | complete
Ep 374 | 드론3 목적지75 | 1000스텝 | 배송 65/75 | 재적재 11 | 중계율 0.23 | alpha 0.545 | step_limit
Ep 375 | 드론4 목적지70 |  784스텝 | 배송 70/70 | 재적재 12 | 중계율 0.14 | alpha 0.545 | complete
Ep 376 | 드론3 목적지53 |  821스텝 | 배송 53/53 | 재적재 10 | 중계율 0.17 | alpha 0.543 | complete
Ep 377 | 드론4 목적지51 |  623스텝 | 배송 51/51 | 재적재  8 | 중계율 0.16 | alpha 0.544 | complete
Ep 378 | 드론4 목적지48 |  611스텝 | 배송 48/48 | 재적재  7 | 중계율 0.27 | alpha 0.541 | complete
Ep 379 | 드론4 목적지63 |  743스텝 | 배송 63/63 | 재적재 11 | 중계율 0.14 | alpha 0.534 | complete
Ep 380 | 드론3 목적지59 | 1000스텝 | 배송 52/59 | 재적재  9 | 중계율 0.35 | alpha 0.525 | step_limit
Ep 381 | 드론4 목적지38 |  638스텝 | 배송 38/38 | 재적재  6 | 중계율 0.31 | alpha 0.521 | complete
Ep 382 | 드론3 목적지54 | 1000스텝 | 배송 52/54 | 재적재  9 | 중계율 0.31 | alpha 0.511 | step_limit
Ep 383 | 드론4 목적지48 |  936스텝 | 배송 48/48 | 재적재  8 | 중계율 0.34 | alpha 0.502 | complete
Ep 384 | 드론3 목적지42 |  702스텝 | 배송 16/42 | 재적재  2 | 중계율 0.39 | alpha 0.491 | no_progress
Ep 385 | 드론3 목적지25 |  413스텝 | 배송 25/25 | 재적재  4 | 중계율 0.14 | alpha 0.489 | complete
Ep 386 | 드론4 목적지55 |  912스텝 | 배송 55/55 | 재적재 10 | 중계율 0.24 | alpha 0.478 | complete
Ep 387 | 드론3 목적지46 | 1000스텝 | 배송 42/46 | 재적재  7 | 중계율 0.34 | alpha 0.468 | step_limit
Ep 388 | 드론3 목적지34 |  546스텝 | 배송 34/34 | 재적재  5 | 중계율 0.27 | alpha 0.462 | complete
Ep 389 | 드론4 목적지33 |  736스텝 | 배송 33/33 | 재적재  5 | 중계율 0.35 | alpha 0.452 | complete
Ep 390 | 드론3 목적지35 |  691스텝 | 배송 35/35 | 재적재  6 | 중계율 0.25 | alpha 0.446 | complete
Ep 391 | 드론3 목적지62 | 1000스텝 | 배송 58/62 | 재적재 11 | 중계율 0.28 | alpha 0.436 | step_limit
Ep 392 | 드론3 목적지20 |  389스텝 | 배송 20/20 | 재적재  3 | 중계율 0.11 | alpha 0.434 | complete
Ep 393 | 드론4 목적지22 |  446스텝 | 배송 22/22 | 재적재  2 | 중계율 0.22 | alpha 0.430 | complete
Ep 394 | 드론4 목적지52 |  584스텝 | 배송 52/52 | 재적재  7 | 중계율 0.17 | alpha 0.423 | complete
Ep 395 | 드론4 목적지48 | 1000스텝 | 배송 44/48 | 재적재  7 | 중계율 0.30 | alpha 0.410 | step_limit
Ep 396 | 드론3 목적지33 |  694스텝 | 배송 33/33 | 재적재  5 | 중계율 0.31 | alpha 0.403 | complete
Ep 397 | 드론4 목적지48 |  599스텝 | 배송 48/48 | 재적재  7 | 중계율 0.25 | alpha 0.395 | complete
Ep 398 | 드론3 목적지31 | 1000스텝 | 배송 30/31 | 재적재  5 | 중계율 0.33 | alpha 0.382 | step_limit
Ep 399 | 드론4 목적지64 |  884스텝 | 배송 64/64 | 재적재 11 | 중계율 0.18 | alpha 0.367 | complete
Ep 400 | 드론3 목적지67 | 1000스텝 | 배송 62/67 | 재적재 10 | 중계율 0.23 | alpha 0.357 | step_limit
  [홀드아웃] 배송 39.7±10.5 완주 0.94 스텝 818 점수 122.8 재적재 6.0 2홉+ 0.55 [4/50 0.97·923 | 3/30 0.90·714] | 최고 126.0@ep150 정체 5/8
Ep 401 | 드론3 목적지26 |  382스텝 | 배송 26/26 | 재적재  3 | 중계율 0.15 | alpha 0.353 | complete
Ep 402 | 드론3 목적지20 |  379스텝 | 배송 20/20 | 재적재  2 | 중계율 0.18 | alpha 0.349 | complete
Ep 403 | 드론3 목적지39 |  675스텝 | 배송 39/39 | 재적재  7 | 중계율 0.16 | alpha 0.345 | complete
Ep 404 | 드론4 목적지80 | 1000스텝 | 배송 76/80 | 재적재 13 | 중계율 0.20 | alpha 0.340 | step_limit
Ep 405 | 드론3 목적지56 |  896스텝 | 배송 56/56 | 재적재  9 | 중계율 0.24 | alpha 0.335 | complete
Ep 406 | 드론3 목적지41 |  696스텝 | 배송 41/41 | 재적재  7 | 중계율 0.21 | alpha 0.334 | complete
Ep 407 | 드론3 목적지45 |  665스텝 | 배송 45/45 | 재적재  6 | 중계율 0.19 | alpha 0.334 | complete
Ep 408 | 드론4 목적지58 |  783스텝 | 배송 58/58 | 재적재 10 | 중계율 0.22 | alpha 0.335 | complete
Ep 409 | 드론4 목적지70 |  789스텝 | 배송 70/70 | 재적재 12 | 중계율 0.18 | alpha 0.337 | complete
Ep 410 | 드론3 목적지51 |  773스텝 | 배송 51/51 | 재적재  8 | 중계율 0.16 | alpha 0.338 | complete
Ep 411 | 드론3 목적지74 | 1000스텝 | 배송 57/74 | 재적재 10 | 중계율 0.19 | alpha 0.346 | step_limit
Ep 412 | 드론4 목적지71 | 1000스텝 | 배송 64/71 | 재적재 12 | 중계율 0.33 | alpha 0.356 | step_limit
Ep 413 | 드론4 목적지67 |  779스텝 | 배송 67/67 | 재적재 13 | 중계율 0.19 | alpha 0.360 | complete
Ep 414 | 드론3 목적지40 |  620스텝 | 배송 40/40 | 재적재  5 | 중계율 0.19 | alpha 0.365 | complete
Ep 415 | 드론4 목적지79 |  993스텝 | 배송 79/79 | 재적재 15 | 중계율 0.20 | alpha 0.368 | complete
Ep 416 | 드론4 목적지74 |  870스텝 | 배송 74/74 | 재적재 13 | 중계율 0.20 | alpha 0.375 | complete
Ep 417 | 드론4 목적지44 |  762스텝 | 배송 44/44 | 재적재  6 | 중계율 0.32 | alpha 0.383 | complete
Ep 418 | 드론4 목적지69 |  708스텝 | 배송 69/69 | 재적재 10 | 중계율 0.21 | alpha 0.393 | complete
Ep 419 | 드론3 목적지74 | 1000스텝 | 배송 62/74 | 재적재 11 | 중계율 0.24 | alpha 0.400 | step_limit
Ep 420 | 드론4 목적지39 |  454스텝 | 배송 39/39 | 재적재  7 | 중계율 0.17 | alpha 0.406 | complete
Ep 421 | 드론4 목적지75 |  709스텝 | 배송 75/75 | 재적재 14 | 중계율 0.15 | alpha 0.415 | complete
Ep 422 | 드론4 목적지40 |  723스텝 | 배송 40/40 | 재적재  5 | 중계율 0.40 | alpha 0.426 | complete
Ep 423 | 드론3 목적지70 | 1000스텝 | 배송 65/70 | 재적재 12 | 중계율 0.24 | alpha 0.442 | step_limit
Ep 424 | 드론3 목적지33 |  622스텝 | 배송 33/33 | 재적재  5 | 중계율 0.28 | alpha 0.451 | complete
Ep 425 | 드론4 목적지79 |  822스텝 | 배송 79/79 | 재적재 15 | 중계율 0.17 | alpha 0.468 | complete
Ep 426 | 드론3 목적지28 |  575스텝 | 배송 28/28 | 재적재  5 | 중계율 0.25 | alpha 0.476 | complete
Ep 427 | 드론3 목적지33 |  534스텝 | 배송 33/33 | 재적재  5 | 중계율 0.20 | alpha 0.485 | complete
Ep 428 | 드론3 목적지52 | 1000스텝 | 배송 50/52 | 재적재  8 | 중계율 0.30 | alpha 0.502 | step_limit
Ep 429 | 드론3 목적지57 |  812스텝 | 배송 57/57 | 재적재  9 | 중계율 0.24 | alpha 0.507 | complete
Ep 430 | 드론3 목적지78 | 1000스텝 | 배송 68/78 | 재적재 12 | 중계율 0.29 | alpha 0.510 | step_limit
Ep 431 | 드론4 목적지80 |  960스텝 | 배송 80/80 | 재적재 14 | 중계율 0.26 | alpha 0.527 | complete
Ep 432 | 드론3 목적지56 | 1000스텝 | 배송 50/56 | 재적재  8 | 중계율 0.23 | alpha 0.531 | step_limit
Ep 433 | 드론4 목적지34 |  694스텝 | 배송 34/34 | 재적재  5 | 중계율 0.31 | alpha 0.540 | complete
Ep 434 | 드론4 목적지77 | 1000스텝 | 배송 74/77 | 재적재 12 | 중계율 0.28 | alpha 0.548 | step_limit
Ep 435 | 드론3 목적지28 |  617스텝 | 배송 28/28 | 재적재  4 | 중계율 0.23 | alpha 0.552 | complete
Ep 436 | 드론3 목적지42 |  966스텝 | 배송 42/42 | 재적재  7 | 중계율 0.31 | alpha 0.561 | complete
Ep 437 | 드론4 목적지67 |  869스텝 | 배송 67/67 | 재적재 12 | 중계율 0.21 | alpha 0.571 | complete
Ep 438 | 드론4 목적지77 | 1000스텝 | 배송 70/77 | 재적재 12 | 중계율 0.31 | alpha 0.574 | step_limit
Ep 439 | 드론4 목적지41 |  717스텝 | 배송 41/41 | 재적재  7 | 중계율 0.29 | alpha 0.575 | complete
Ep 440 | 드론4 목적지33 |  397스텝 | 배송 33/33 | 재적재  6 | 중계율 0.17 | alpha 0.574 | complete
Ep 441 | 드론4 목적지29 |  823스텝 | 배송 29/29 | 재적재  5 | 중계율 0.24 | alpha 0.578 | complete
Ep 442 | 드론4 목적지29 |  371스텝 | 배송 29/29 | 재적재  3 | 중계율 0.19 | alpha 0.580 | complete
Ep 443 | 드론4 목적지44 | 1000스텝 | 배송 40/44 | 재적재  6 | 중계율 0.36 | alpha 0.580 | step_limit
Ep 444 | 드론4 목적지59 |  685스텝 | 배송 59/59 | 재적재 10 | 중계율 0.17 | alpha 0.577 | complete
Ep 445 | 드론4 목적지29 |  384스텝 | 배송 29/29 | 재적재  3 | 중계율 0.21 | alpha 0.576 | complete
Ep 446 | 드론4 목적지56 | 1000스텝 | 배송 55/56 | 재적재  9 | 중계율 0.25 | alpha 0.579 | step_limit
Ep 447 | 드론3 목적지63 | 1000스텝 | 배송 59/63 | 재적재 10 | 중계율 0.23 | alpha 0.574 | step_limit
Ep 448 | 드론4 목적지48 |  817스텝 | 배송 48/48 | 재적재  7 | 중계율 0.21 | alpha 0.577 | complete
Ep 449 | 드론3 목적지35 |  745스텝 | 배송 35/35 | 재적재  5 | 중계율 0.30 | alpha 0.578 | complete
Ep 450 | 드론4 목적지47 |  646스텝 | 배송 47/47 | 재적재  8 | 중계율 0.16 | alpha 0.575 | complete
  [홀드아웃] 배송 39.6±10.0 완주 0.95 스텝 785 점수 124.5 재적재 6.0 2홉+ 0.55 [4/50 0.93·904 | 3/30 0.97·666] | 최고 126.0@ep150 정체 6/8
Ep 451 | 드론4 목적지37 |  492스텝 | 배송 37/37 | 재적재  5 | 중계율 0.27 | alpha 0.578 | complete
Ep 452 | 드론4 목적지43 |  767스텝 | 배송 43/43 | 재적재  6 | 중계율 0.31 | alpha 0.575 | complete
Ep 453 | 드론4 목적지76 | 1000스텝 | 배송 74/76 | 재적재 12 | 중계율 0.27 | alpha 0.570 | step_limit
Ep 454 | 드론4 목적지49 |  612스텝 | 배송 49/49 | 재적재  8 | 중계율 0.15 | alpha 0.569 | complete
Ep 455 | 드론3 목적지80 | 1000스텝 | 배송 66/80 | 재적재 13 | 중계율 0.24 | alpha 0.566 | step_limit
Ep 456 | 드론4 목적지25 |  623스텝 | 배송 25/25 | 재적재  2 | 중계율 0.29 | alpha 0.564 | complete
Ep 457 | 드론3 목적지64 | 1000스텝 | 배송 51/64 | 재적재  9 | 중계율 0.18 | alpha 0.559 | step_limit
Ep 458 | 드론3 목적지63 | 1000스텝 | 배송 54/63 | 재적재 10 | 중계율 0.31 | alpha 0.549 | step_limit
Ep 459 | 드론4 목적지70 | 1000스텝 | 배송 64/70 | 재적재 11 | 중계율 0.35 | alpha 0.546 | step_limit
Ep 460 | 드론3 목적지64 | 1000스텝 | 배송 60/64 | 재적재 11 | 중계율 0.27 | alpha 0.541 | step_limit
Ep 461 | 드론4 목적지51 |  689스텝 | 배송 51/51 | 재적재  8 | 중계율 0.25 | alpha 0.549 | complete
Ep 462 | 드론3 목적지51 | 1000스텝 | 배송 47/51 | 재적재  8 | 중계율 0.24 | alpha 0.554 | step_limit
Ep 463 | 드론3 목적지46 |  987스텝 | 배송 46/46 | 재적재  9 | 중계율 0.29 | alpha 0.557 | complete
Ep 464 | 드론3 목적지35 |  672스텝 | 배송 35/35 | 재적재  5 | 중계율 0.19 | alpha 0.562 | complete
Ep 465 | 드론3 목적지40 |  960스텝 | 배송 40/40 | 재적재  7 | 중계율 0.26 | alpha 0.575 | complete
Ep 466 | 드론3 목적지21 |  442스텝 | 배송 21/21 | 재적재  3 | 중계율 0.21 | alpha 0.578 | complete
Ep 467 | 드론3 목적지62 | 1000스텝 | 배송 53/62 | 재적재 10 | 중계율 0.21 | alpha 0.588 | step_limit
Ep 468 | 드론3 목적지38 |  809스텝 | 배송 38/38 | 재적재  6 | 중계율 0.16 | alpha 0.596 | complete
Ep 469 | 드론3 목적지78 | 1000스텝 | 배송 70/78 | 재적재 11 | 중계율 0.27 | alpha 0.602 | step_limit
Ep 470 | 드론4 목적지35 |  360스텝 | 배송 35/35 | 재적재  4 | 중계율 0.25 | alpha 0.602 | complete
Ep 471 | 드론4 목적지32 |  379스텝 | 배송 32/32 | 재적재  4 | 중계율 0.14 | alpha 0.604 | complete
Ep 472 | 드론4 목적지38 |  487스텝 | 배송 38/38 | 재적재  6 | 중계율 0.20 | alpha 0.604 | complete
Ep 473 | 드론4 목적지60 | 1000스텝 | 배송 57/60 | 재적재  8 | 중계율 0.32 | alpha 0.608 | step_limit
Ep 474 | 드론4 목적지50 |  617스텝 | 배송 50/50 | 재적재  9 | 중계율 0.15 | alpha 0.607 | complete
Ep 475 | 드론4 목적지63 |  977스텝 | 배송 63/63 | 재적재 11 | 중계율 0.21 | alpha 0.617 | complete
Ep 476 | 드론3 목적지62 | 1000스텝 | 배송 55/62 | 재적재 10 | 중계율 0.32 | alpha 0.621 | step_limit
Ep 477 | 드론3 목적지50 |  733스텝 | 배송 50/50 | 재적재  9 | 중계율 0.19 | alpha 0.623 | complete
Ep 478 | 드론4 목적지44 |  705스텝 | 배송 44/44 | 재적재  6 | 중계율 0.32 | alpha 0.624 | complete
Ep 479 | 드론3 목적지63 | 1000스텝 | 배송 54/63 | 재적재 10 | 중계율 0.26 | alpha 0.627 | step_limit
Ep 480 | 드론4 목적지79 |  867스텝 | 배송 79/79 | 재적재 13 | 중계율 0.18 | alpha 0.633 | complete
Ep 481 | 드론3 목적지29 |  571스텝 | 배송 29/29 | 재적재  4 | 중계율 0.26 | alpha 0.635 | complete
Ep 482 | 드론4 목적지77 | 1000스텝 | 배송 66/77 | 재적재 10 | 중계율 0.29 | alpha 0.632 | step_limit
Ep 483 | 드론4 목적지21 |  228스텝 | 배송 21/21 | 재적재  2 | 중계율 0.17 | alpha 0.635 | complete
Ep 484 | 드론3 목적지70 | 1000스텝 | 배송 62/70 | 재적재 10 | 중계율 0.22 | alpha 0.635 | step_limit
Ep 485 | 드론4 목적지39 |  598스텝 | 배송 39/39 | 재적재  7 | 중계율 0.22 | alpha 0.635 | complete
Ep 486 | 드론3 목적지39 |  812스텝 | 배송 39/39 | 재적재  6 | 중계율 0.26 | alpha 0.643 | complete
Ep 487 | 드론3 목적지53 | 1000스텝 | 배송 41/53 | 재적재  8 | 중계율 0.23 | alpha 0.643 | step_limit
Ep 488 | 드론3 목적지37 |  761스텝 | 배송 37/37 | 재적재  6 | 중계율 0.28 | alpha 0.646 | complete
Ep 489 | 드론3 목적지61 |  978스텝 | 배송 61/61 | 재적재 12 | 중계율 0.22 | alpha 0.653 | complete
Ep 490 | 드론3 목적지66 | 1000스텝 | 배송 56/66 | 재적재 10 | 중계율 0.30 | alpha 0.661 | step_limit
Ep 491 | 드론4 목적지53 |  745스텝 | 배송 53/53 | 재적재  9 | 중계율 0.24 | alpha 0.669 | complete
Ep 492 | 드론3 목적지41 |  695스텝 | 배송 41/41 | 재적재  7 | 중계율 0.23 | alpha 0.676 | complete
Ep 493 | 드론3 목적지50 | 1000스텝 | 배송 49/50 | 재적재  8 | 중계율 0.28 | alpha 0.688 | step_limit
Ep 494 | 드론4 목적지47 |  945스텝 | 배송 47/47 | 재적재  8 | 중계율 0.28 | alpha 0.689 | complete
Ep 495 | 드론3 목적지80 | 1000스텝 | 배송 50/80 | 재적재 10 | 중계율 0.22 | alpha 0.691 | step_limit
Ep 496 | 드론4 목적지80 | 1000스텝 | 배송 77/80 | 재적재 15 | 중계율 0.22 | alpha 0.703 | step_limit
Ep 497 | 드론3 목적지40 |  913스텝 | 배송 40/40 | 재적재  6 | 중계율 0.29 | alpha 0.705 | complete
Ep 498 | 드론3 목적지60 | 1000스텝 | 배송 57/60 | 재적재 11 | 중계율 0.21 | alpha 0.708 | step_limit
Ep 499 | 드론3 목적지69 | 1000스텝 | 배송 65/69 | 재적재 12 | 중계율 0.20 | alpha 0.704 | step_limit
Ep 500 | 드론4 목적지70 | 1000스텝 | 배송 64/70 | 재적재 10 | 중계율 0.30 | alpha 0.694 | step_limit
  [홀드아웃] 배송 39.7±9.9 완주 0.93 스텝 799 점수 121.8 재적재 6.0 2홉+ 0.55 [4/50 0.90·891 | 3/30 0.95·707] | 최고 126.0@ep150 정체 7/8
Ep 501 | 드론4 목적지65 | 1000스텝 | 배송 60/65 | 재적재  9 | 중계율 0.35 | alpha 0.696 | step_limit
Ep 502 | 드론3 목적지38 |  881스텝 | 배송 38/38 | 재적재  7 | 중계율 0.29 | alpha 0.704 | complete
Ep 503 | 드론3 목적지43 |  979스텝 | 배송 43/43 | 재적재  7 | 중계율 0.29 | alpha 0.706 | complete
Ep 504 | 드론3 목적지57 |  846스텝 | 배송 57/57 | 재적재 10 | 중계율 0.18 | alpha 0.709 | complete
Ep 505 | 드론4 목적지58 |  838스텝 | 배송 58/58 | 재적재  8 | 중계율 0.27 | alpha 0.702 | complete
Ep 506 | 드론4 목적지73 |  992스텝 | 배송 73/73 | 재적재 14 | 중계율 0.22 | alpha 0.700 | complete
Ep 507 | 드론4 목적지38 |  374스텝 | 배송 38/38 | 재적재  4 | 중계율 0.16 | alpha 0.701 | complete
Ep 508 | 드론3 목적지41 |  997스텝 | 배송 41/41 | 재적재  7 | 중계율 0.28 | alpha 0.702 | complete
Ep 509 | 드론3 목적지20 |  487스텝 | 배송 20/20 | 재적재  3 | 중계율 0.20 | alpha 0.706 | complete
Ep 510 | 드론4 목적지57 |  768스텝 | 배송 57/57 | 재적재 10 | 중계율 0.20 | alpha 0.710 | complete
Ep 511 | 드론4 목적지66 | 1000스텝 | 배송 60/66 | 재적재 10 | 중계율 0.29 | alpha 0.710 | step_limit
Ep 512 | 드론4 목적지63 |  666스텝 | 배송 63/63 | 재적재 11 | 중계율 0.19 | alpha 0.703 | complete
Ep 513 | 드론3 목적지28 |  746스텝 | 배송 28/28 | 재적재  4 | 중계율 0.28 | alpha 0.702 | complete
Ep 514 | 드론3 목적지36 |  732스텝 | 배송 36/36 | 재적재  6 | 중계율 0.26 | alpha 0.699 | complete
Ep 515 | 드론4 목적지29 |  330스텝 | 배송 29/29 | 재적재  3 | 중계율 0.14 | alpha 0.695 | complete
Ep 516 | 드론3 목적지59 | 1000스텝 | 배송 45/59 | 재적재  8 | 중계율 0.29 | alpha 0.700 | step_limit
Ep 517 | 드론4 목적지35 |  646스텝 | 배송 35/35 | 재적재  4 | 중계율 0.18 | alpha 0.700 | complete
Ep 518 | 드론4 목적지78 | 1000스텝 | 배송 75/78 | 재적재 14 | 중계율 0.27 | alpha 0.710 | step_limit
Ep 519 | 드론4 목적지42 |  568스텝 | 배송 42/42 | 재적재  6 | 중계율 0.26 | alpha 0.712 | complete
Ep 520 | 드론4 목적지41 |  826스텝 | 배송 41/41 | 재적재  6 | 중계율 0.29 | alpha 0.709 | complete
Ep 521 | 드론4 목적지22 |  435스텝 | 배송 22/22 | 재적재  3 | 중계율 0.29 | alpha 0.706 | complete
Ep 522 | 드론4 목적지43 |  666스텝 | 배송 43/43 | 재적재  8 | 중계율 0.25 | alpha 0.695 | complete
Ep 523 | 드론4 목적지61 | 1000스텝 | 배송 59/61 | 재적재  9 | 중계율 0.32 | alpha 0.694 | step_limit
Ep 524 | 드론3 목적지51 |  977스텝 | 배송 51/51 | 재적재 10 | 중계율 0.31 | alpha 0.693 | complete
Ep 525 | 드론4 목적지21 |  474스텝 | 배송 21/21 | 재적재  2 | 중계율 0.26 | alpha 0.697 | complete
Ep 526 | 드론4 목적지37 |  609스텝 | 배송 37/37 | 재적재  6 | 중계율 0.25 | alpha 0.698 | complete
Ep 527 | 드론4 목적지66 |  701스텝 | 배송 66/66 | 재적재 11 | 중계율 0.22 | alpha 0.701 | complete
Ep 528 | 드론3 목적지38 | 1000스텝 | 배송 35/38 | 재적재  6 | 중계율 0.26 | alpha 0.698 | step_limit
Ep 529 | 드론3 목적지64 | 1000스텝 | 배송 53/64 | 재적재 10 | 중계율 0.25 | alpha 0.702 | step_limit
Ep 530 | 드론3 목적지39 |  692스텝 | 배송 39/39 | 재적재  6 | 중계율 0.28 | alpha 0.701 | complete
Ep 531 | 드론3 목적지58 | 1000스텝 | 배송 55/58 | 재적재  8 | 중계율 0.31 | alpha 0.699 | step_limit
Ep 532 | 드론4 목적지72 |  895스텝 | 배송 72/72 | 재적재 11 | 중계율 0.22 | alpha 0.696 | complete
Ep 533 | 드론4 목적지49 |  658스텝 | 배송 49/49 | 재적재  8 | 중계율 0.18 | alpha 0.684 | complete
Ep 534 | 드론4 목적지32 |  351스텝 | 배송 32/32 | 재적재  4 | 중계율 0.17 | alpha 0.684 | complete
Ep 535 | 드론4 목적지61 |  987스텝 | 배송 61/61 | 재적재 10 | 중계율 0.30 | alpha 0.682 | complete
Ep 536 | 드론3 목적지28 |  573스텝 | 배송 28/28 | 재적재  5 | 중계율 0.29 | alpha 0.678 | complete
Ep 537 | 드론4 목적지77 |  970스텝 | 배송 77/77 | 재적재 14 | 중계율 0.28 | alpha 0.668 | complete
Ep 538 | 드론3 목적지65 | 1000스텝 | 배송 53/65 | 재적재  9 | 중계율 0.24 | alpha 0.663 | step_limit
Ep 539 | 드론3 목적지32 |  692스텝 | 배송 32/32 | 재적재  5 | 중계율 0.24 | alpha 0.668 | complete
Ep 540 | 드론3 목적지29 |  649스텝 | 배송 29/29 | 재적재  5 | 중계율 0.24 | alpha 0.664 | complete
Ep 541 | 드론3 목적지52 | 1000스텝 | 배송 50/52 | 재적재  8 | 중계율 0.35 | alpha 0.659 | step_limit
Ep 542 | 드론4 목적지35 |  451스텝 | 배송 35/35 | 재적재  5 | 중계율 0.15 | alpha 0.663 | complete
Ep 543 | 드론4 목적지59 |  741스텝 | 배송 59/59 | 재적재  8 | 중계율 0.26 | alpha 0.666 | complete
Ep 544 | 드론3 목적지52 | 1000스텝 | 배송 46/52 | 재적재  8 | 중계율 0.24 | alpha 0.678 | step_limit
Ep 545 | 드론3 목적지50 |  917스텝 | 배송 50/50 | 재적재  9 | 중계율 0.27 | alpha 0.677 | complete
Ep 546 | 드론3 목적지64 | 1000스텝 | 배송 59/64 | 재적재  9 | 중계율 0.28 | alpha 0.683 | step_limit
Ep 547 | 드론4 목적지75 |  796스텝 | 배송 75/75 | 재적재 13 | 중계율 0.18 | alpha 0.684 | complete
Ep 548 | 드론4 목적지49 | 1000스텝 | 배송 48/49 | 재적재  9 | 중계율 0.28 | alpha 0.688 | step_limit
Ep 549 | 드론3 목적지26 |  608스텝 | 배송 26/26 | 재적재  4 | 중계율 0.24 | alpha 0.689 | complete
Ep 550 | 드론4 목적지30 |  382스텝 | 배송 30/30 | 재적재  5 | 중계율 0.18 | alpha 0.688 | complete
  [홀드아웃] 배송 39.9±10.1 완주 0.99 스텝 747 점수 128.8 재적재 6.0 2홉+ 0.55 [4/50 1.00·851 | 3/30 0.97·643] | 최고 128.8@ep550 정체 0/8  ← 갱신
Ep 551 | 드론4 목적지61 |  651스텝 | 배송 61/61 | 재적재 11 | 중계율 0.23 | alpha 0.691 | complete
Ep 552 | 드론3 목적지28 |  640스텝 | 배송 28/28 | 재적재  5 | 중계율 0.28 | alpha 0.691 | complete
Ep 553 | 드론4 목적지23 |  364스텝 | 배송 23/23 | 재적재  3 | 중계율 0.26 | alpha 0.690 | complete
Ep 554 | 드론4 목적지27 |  845스텝 | 배송 27/27 | 재적재  5 | 중계율 0.34 | alpha 0.692 | complete
Ep 555 | 드론3 목적지48 |  800스텝 | 배송 48/48 | 재적재  8 | 중계율 0.24 | alpha 0.690 | complete
Ep 556 | 드론3 목적지51 |  790스텝 | 배송 20/51 | 재적재  2 | 중계율 0.35 | alpha 0.691 | no_progress
Ep 557 | 드론3 목적지79 | 1000스텝 | 배송 66/79 | 재적재 11 | 중계율 0.20 | alpha 0.689 | step_limit
Ep 558 | 드론3 목적지46 | 1000스텝 | 배송 45/46 | 재적재  9 | 중계율 0.33 | alpha 0.685 | step_limit
Ep 559 | 드론4 목적지46 |  786스텝 | 배송 46/46 | 재적재  6 | 중계율 0.27 | alpha 0.684 | complete
Ep 560 | 드론4 목적지48 |  777스텝 | 배송 48/48 | 재적재  7 | 중계율 0.32 | alpha 0.681 | complete
Ep 561 | 드론4 목적지47 |  791스텝 | 배송 47/47 | 재적재  8 | 중계율 0.20 | alpha 0.680 | complete
Ep 562 | 드론3 목적지65 | 1000스텝 | 배송 53/65 | 재적재  9 | 중계율 0.25 | alpha 0.673 | step_limit
Ep 563 | 드론3 목적지50 |  927스텝 | 배송 50/50 | 재적재  8 | 중계율 0.31 | alpha 0.672 | complete
Ep 564 | 드론3 목적지72 | 1000스텝 | 배송 62/72 | 재적재 12 | 중계율 0.23 | alpha 0.676 | step_limit
Ep 565 | 드론4 목적지47 |  698스텝 | 배송 47/47 | 재적재  7 | 중계율 0.25 | alpha 0.687 | complete
Ep 566 | 드론4 목적지73 |  794스텝 | 배송 73/73 | 재적재 14 | 중계율 0.16 | alpha 0.694 | complete
Ep 567 | 드론3 목적지23 |  513스텝 | 배송 23/23 | 재적재  4 | 중계율 0.25 | alpha 0.701 | complete
Ep 568 | 드론3 목적지41 |  868스텝 | 배송 41/41 | 재적재  7 | 중계율 0.33 | alpha 0.700 | complete
Ep 569 | 드론3 목적지47 |  814스텝 | 배송 47/47 | 재적재  8 | 중계율 0.23 | alpha 0.706 | complete
Ep 570 | 드론3 목적지61 | 1000스텝 | 배송 57/61 | 재적재 10 | 중계율 0.25 | alpha 0.710 | step_limit
Ep 571 | 드론4 목적지68 | 1000스텝 | 배송 64/68 | 재적재 11 | 중계율 0.27 | alpha 0.719 | step_limit
Ep 572 | 드론4 목적지34 |  346스텝 | 배송 34/34 | 재적재  4 | 중계율 0.16 | alpha 0.721 | complete
Ep 573 | 드론4 목적지47 |  610스텝 | 배송 47/47 | 재적재  8 | 중계율 0.17 | alpha 0.724 | complete
Ep 574 | 드론3 목적지79 | 1000스텝 | 배송 68/79 | 재적재 11 | 중계율 0.23 | alpha 0.724 | step_limit
Ep 575 | 드론4 목적지78 | 1000스텝 | 배송 76/78 | 재적재 14 | 중계율 0.25 | alpha 0.723 | step_limit
Ep 576 | 드론4 목적지58 |  925스텝 | 배송 58/58 | 재적재  8 | 중계율 0.31 | alpha 0.720 | complete
Ep 577 | 드론3 목적지58 |  878스텝 | 배송 58/58 | 재적재 11 | 중계율 0.22 | alpha 0.713 | complete
Ep 578 | 드론4 목적지54 |  847스텝 | 배송 54/54 | 재적재  9 | 중계율 0.27 | alpha 0.707 | complete
Ep 579 | 드론4 목적지50 |  770스텝 | 배송 50/50 | 재적재  8 | 중계율 0.30 | alpha 0.711 | complete
Ep 580 | 드론3 목적지49 | 1000스텝 | 배송 48/49 | 재적재  9 | 중계율 0.30 | alpha 0.707 | step_limit
Ep 581 | 드론3 목적지22 |  482스텝 | 배송 22/22 | 재적재  3 | 중계율 0.23 | alpha 0.705 | complete
Ep 582 | 드론4 목적지79 | 1000스텝 | 배송 66/79 | 재적재 10 | 중계율 0.33 | alpha 0.709 | step_limit
Ep 583 | 드론4 목적지32 |  350스텝 | 배송 32/32 | 재적재  4 | 중계율 0.17 | alpha 0.711 | complete
Ep 584 | 드론3 목적지74 | 1000스텝 | 배송 65/74 | 재적재 11 | 중계율 0.29 | alpha 0.716 | step_limit
Ep 585 | 드론4 목적지75 |  902스텝 | 배송 75/75 | 재적재 13 | 중계율 0.24 | alpha 0.714 | complete
Ep 586 | 드론3 목적지26 |  448스텝 | 배송 26/26 | 재적재  4 | 중계율 0.15 | alpha 0.716 | complete
Ep 587 | 드론3 목적지20 |  393스텝 | 배송 20/20 | 재적재  3 | 중계율 0.25 | alpha 0.723 | complete
Ep 588 | 드론3 목적지60 | 1000스텝 | 배송 54/60 | 재적재 10 | 중계율 0.34 | alpha 0.728 | step_limit
Ep 589 | 드론4 목적지20 |  322스텝 | 배송 20/20 | 재적재  3 | 중계율 0.20 | alpha 0.732 | complete
Ep 590 | 드론3 목적지41 |  713스텝 | 배송 41/41 | 재적재  7 | 중계율 0.25 | alpha 0.731 | complete
Ep 591 | 드론4 목적지41 |  531스텝 | 배송 41/41 | 재적재  6 | 중계율 0.14 | alpha 0.732 | complete
Ep 592 | 드론3 목적지54 |  931스텝 | 배송 54/54 | 재적재  9 | 중계율 0.22 | alpha 0.734 | complete
Ep 593 | 드론4 목적지54 |  573스텝 | 배송 54/54 | 재적재  9 | 중계율 0.17 | alpha 0.735 | complete
Ep 594 | 드론3 목적지41 |  790스텝 | 배송 41/41 | 재적재  7 | 중계율 0.18 | alpha 0.737 | complete
Ep 595 | 드론4 목적지74 |  846스텝 | 배송 74/74 | 재적재 12 | 중계율 0.23 | alpha 0.735 | complete
Ep 596 | 드론3 목적지76 | 1000스텝 | 배송 60/76 | 재적재  9 | 중계율 0.26 | alpha 0.741 | step_limit
Ep 597 | 드론3 목적지66 | 1000스텝 | 배송 57/66 | 재적재 10 | 중계율 0.28 | alpha 0.737 | step_limit
Ep 598 | 드론4 목적지73 |  852스텝 | 배송 73/73 | 재적재 12 | 중계율 0.27 | alpha 0.745 | complete
Ep 599 | 드론4 목적지55 |  752스텝 | 배송 55/55 | 재적재  9 | 중계율 0.23 | alpha 0.740 | complete
Ep 600 | 드론4 목적지49 |  529스텝 | 배송 49/49 | 재적재  8 | 중계율 0.18 | alpha 0.741 | complete
  [홀드아웃] 배송 39.7±10.4 완주 0.96 스텝 791 점수 125.7 재적재 6.1 2홉+ 0.55 [4/50 1.00·880 | 3/30 0.93·702] | 최고 128.8@ep550 정체 1/8
Ep 601 | 드론4 목적지36 |  718스텝 | 배송 36/36 | 재적재  6 | 중계율 0.30 | alpha 0.745 | complete
Ep 602 | 드론3 목적지23 |  370스텝 | 배송 23/23 | 재적재  3 | 중계율 0.16 | alpha 0.742 | complete
Ep 603 | 드론4 목적지24 |  461스텝 | 배송 24/24 | 재적재  3 | 중계율 0.28 | alpha 0.748 | complete
Ep 604 | 드론3 목적지32 |  830스텝 | 배송 32/32 | 재적재  4 | 중계율 0.30 | alpha 0.743 | complete
Ep 605 | 드론4 목적지51 |  481스텝 | 배송 51/51 | 재적재  8 | 중계율 0.12 | alpha 0.739 | complete
Ep 606 | 드론3 목적지48 |  896스텝 | 배송 48/48 | 재적재  8 | 중계율 0.31 | alpha 0.732 | complete
Ep 607 | 드론4 목적지42 |  653스텝 | 배송 42/42 | 재적재  7 | 중계율 0.23 | alpha 0.738 | complete
Ep 608 | 드론3 목적지26 |  560스텝 | 배송 26/26 | 재적재  5 | 중계율 0.19 | alpha 0.739 | complete
Ep 609 | 드론3 목적지54 | 1000스텝 | 배송 52/54 | 재적재 10 | 중계율 0.22 | alpha 0.753 | step_limit
Ep 610 | 드론3 목적지35 |  742스텝 | 배송 35/35 | 재적재  6 | 중계율 0.32 | alpha 0.760 | complete
Ep 611 | 드론4 목적지56 |  829스텝 | 배송 56/56 | 재적재 10 | 중계율 0.24 | alpha 0.765 | complete
Ep 612 | 드론4 목적지50 |  773스텝 | 배송 50/50 | 재적재  7 | 중계율 0.32 | alpha 0.771 | complete
Ep 613 | 드론3 목적지33 |  746스텝 | 배송 33/33 | 재적재  6 | 중계율 0.25 | alpha 0.773 | complete
Ep 614 | 드론3 목적지48 |  805스텝 | 배송 48/48 | 재적재  8 | 중계율 0.26 | alpha 0.767 | complete
Ep 615 | 드론3 목적지21 |  566스텝 | 배송 21/21 | 재적재  2 | 중계율 0.21 | alpha 0.761 | complete
Ep 616 | 드론3 목적지70 | 1000스텝 | 배송 61/70 | 재적재 11 | 중계율 0.16 | alpha 0.753 | step_limit
Ep 617 | 드론3 목적지76 | 1000스텝 | 배송 65/76 | 재적재 11 | 중계율 0.29 | alpha 0.753 | step_limit
Ep 618 | 드론4 목적지54 | 1000스텝 | 배송 41/54 | 재적재  6 | 중계율 0.38 | alpha 0.754 | step_limit
Ep 619 | 드론4 목적지80 | 1000스텝 | 배송 74/80 | 재적재 14 | 중계율 0.22 | alpha 0.760 | step_limit
Ep 620 | 드론3 목적지52 |  739스텝 | 배송 52/52 | 재적재  8 | 중계율 0.23 | alpha 0.758 | complete
Ep 621 | 드론4 목적지56 |  968스텝 | 배송 56/56 | 재적재 10 | 중계율 0.25 | alpha 0.750 | complete
Ep 622 | 드론4 목적지65 | 1000스텝 | 배송 59/65 | 재적재 10 | 중계율 0.29 | alpha 0.741 | step_limit
Ep 623 | 드론3 목적지29 |  464스텝 | 배송 29/29 | 재적재  3 | 중계율 0.15 | alpha 0.735 | complete
Ep 624 | 드론3 목적지44 |  616스텝 | 배송 44/44 | 재적재  7 | 중계율 0.16 | alpha 0.734 | complete
Ep 625 | 드론4 목적지59 | 1000스텝 | 배송 58/59 | 재적재  9 | 중계율 0.36 | alpha 0.727 | step_limit
Ep 626 | 드론4 목적지53 |  764스텝 | 배송 53/53 | 재적재  9 | 중계율 0.19 | alpha 0.727 | complete
Ep 627 | 드론4 목적지55 |  747스텝 | 배송 55/55 | 재적재  9 | 중계율 0.24 | alpha 0.719 | complete
Ep 628 | 드론3 목적지77 | 1000스텝 | 배송 70/77 | 재적재 12 | 중계율 0.20 | alpha 0.715 | step_limit
Ep 629 | 드론4 목적지72 |  970스텝 | 배송 72/72 | 재적재 12 | 중계율 0.24 | alpha 0.705 | complete
Ep 630 | 드론3 목적지48 | 1000스텝 | 배송 45/48 | 재적재  8 | 중계율 0.28 | alpha 0.705 | step_limit
Ep 631 | 드론3 목적지67 | 1000스텝 | 배송 64/67 | 재적재 11 | 중계율 0.24 | alpha 0.700 | step_limit
Ep 632 | 드론3 목적지21 |  442스텝 | 배송 21/21 | 재적재  2 | 중계율 0.28 | alpha 0.699 | complete
Ep 633 | 드론3 목적지72 | 1000스텝 | 배송 69/72 | 재적재 12 | 중계율 0.24 | alpha 0.690 | step_limit
Ep 634 | 드론4 목적지40 |  604스텝 | 배송 40/40 | 재적재  6 | 중계율 0.25 | alpha 0.690 | complete
Ep 635 | 드론3 목적지48 | 1000스텝 | 배송 44/48 | 재적재  8 | 중계율 0.22 | alpha 0.683 | step_limit
Ep 636 | 드론3 목적지51 |  969스텝 | 배송 51/51 | 재적재  9 | 중계율 0.28 | alpha 0.682 | complete
Ep 637 | 드론3 목적지36 |  723스텝 | 배송 36/36 | 재적재  6 | 중계율 0.24 | alpha 0.679 | complete
Ep 638 | 드론4 목적지26 |  432스텝 | 배송 26/26 | 재적재  4 | 중계율 0.19 | alpha 0.677 | complete
Ep 639 | 드론3 목적지21 |  412스텝 | 배송 21/21 | 재적재  3 | 중계율 0.12 | alpha 0.675 | complete
Ep 640 | 드론3 목적지35 |  647스텝 | 배송 35/35 | 재적재  6 | 중계율 0.21 | alpha 0.677 | complete
Ep 641 | 드론3 목적지74 | 1000스텝 | 배송 58/74 | 재적재 11 | 중계율 0.30 | alpha 0.674 | step_limit
Ep 642 | 드론4 목적지75 |  899스텝 | 배송 75/75 | 재적재 13 | 중계율 0.23 | alpha 0.664 | complete
Ep 643 | 드론3 목적지31 |  694스텝 | 배송 31/31 | 재적재  4 | 중계율 0.28 | alpha 0.660 | complete
Ep 644 | 드론3 목적지27 |  513스텝 | 배송 27/27 | 재적재  4 | 중계율 0.28 | alpha 0.657 | complete
Ep 645 | 드론4 목적지79 | 1000스텝 | 배송 70/79 | 재적재 12 | 중계율 0.26 | alpha 0.655 | step_limit
Ep 646 | 드론3 목적지79 | 1000스텝 | 배송 72/79 | 재적재 14 | 중계율 0.18 | alpha 0.651 | step_limit
Ep 647 | 드론4 목적지79 | 1000스텝 | 배송 76/79 | 재적재 14 | 중계율 0.31 | alpha 0.655 | step_limit
Ep 648 | 드론3 목적지22 |  423스텝 | 배송 22/22 | 재적재  2 | 중계율 0.23 | alpha 0.655 | complete
Ep 649 | 드론3 목적지31 |  644스텝 | 배송 31/31 | 재적재  5 | 중계율 0.22 | alpha 0.658 | complete
Ep 650 | 드론3 목적지53 | 1000스텝 | 배송 51/53 | 재적재 10 | 중계율 0.24 | alpha 0.664 | step_limit
  [홀드아웃] 배송 39.9±10.1 완주 0.96 스텝 805 점수 125.5 재적재 6.1 2홉+ 0.54 [4/50 0.97·904 | 3/30 0.95·705] | 최고 128.8@ep550 정체 2/8
Ep 651 | 드론3 목적지25 |  493스텝 | 배송 25/25 | 재적재  2 | 중계율 0.22 | alpha 0.666 | complete
Ep 652 | 드론4 목적지63 | 1000스텝 | 배송 50/63 | 재적재  9 | 중계율 0.32 | alpha 0.668 | step_limit
Ep 653 | 드론3 목적지20 |  602스텝 | 배송 20/20 | 재적재  2 | 중계율 0.17 | alpha 0.663 | complete
Ep 654 | 드론3 목적지34 |  540스텝 | 배송 34/34 | 재적재  5 | 중계율 0.21 | alpha 0.655 | complete
Ep 655 | 드론4 목적지29 |  550스텝 | 배송 29/29 | 재적재  3 | 중계율 0.43 | alpha 0.652 | complete
Ep 656 | 드론4 목적지36 |  607스텝 | 배송 36/36 | 재적재  6 | 중계율 0.21 | alpha 0.649 | complete
Ep 657 | 드론4 목적지53 | 1000스텝 | 배송 52/53 | 재적재  9 | 중계율 0.30 | alpha 0.646 | step_limit
Ep 658 | 드론4 목적지38 |  686스텝 | 배송 38/38 | 재적재  7 | 중계율 0.21 | alpha 0.650 | complete
Ep 659 | 드론4 목적지78 | 1000스텝 | 배송 72/78 | 재적재 13 | 중계율 0.24 | alpha 0.659 | step_limit
Ep 660 | 드론4 목적지21 |  357스텝 | 배송 21/21 | 재적재  1 | 중계율 0.23 | alpha 0.661 | complete
Ep 661 | 드론3 목적지46 | 1000스텝 | 배송 43/46 | 재적재  7 | 중계율 0.32 | alpha 0.658 | step_limit
Ep 662 | 드론4 목적지30 |  466스텝 | 배송 30/30 | 재적재  4 | 중계율 0.15 | alpha 0.656 | complete
Ep 663 | 드론4 목적지49 |  690스텝 | 배송 49/49 | 재적재  8 | 중계율 0.24 | alpha 0.652 | complete
Ep 664 | 드론3 목적지76 | 1000스텝 | 배송 64/76 | 재적재 11 | 중계율 0.22 | alpha 0.651 | step_limit
Ep 665 | 드론3 목적지24 |  447스텝 | 배송 24/24 | 재적재  3 | 중계율 0.20 | alpha 0.649 | complete
Ep 666 | 드론3 목적지77 | 1000스텝 | 배송 70/77 | 재적재 12 | 중계율 0.24 | alpha 0.646 | step_limit
Ep 667 | 드론3 목적지72 | 1000스텝 | 배송 63/72 | 재적재 11 | 중계율 0.22 | alpha 0.640 | step_limit
Ep 668 | 드론4 목적지35 |  351스텝 | 배송 35/35 | 재적재  5 | 중계율 0.09 | alpha 0.635 | complete
Ep 669 | 드론3 목적지70 | 1000스텝 | 배송 65/70 | 재적재 11 | 중계율 0.25 | alpha 0.635 | step_limit
Ep 670 | 드론4 목적지71 | 1000스텝 | 배송 66/71 | 재적재 12 | 중계율 0.26 | alpha 0.637 | step_limit
Ep 671 | 드론3 목적지79 | 1000스텝 | 배송 63/79 | 재적재 11 | 중계율 0.28 | alpha 0.632 | step_limit
Ep 672 | 드론4 목적지54 |  864스텝 | 배송 54/54 | 재적재  9 | 중계율 0.27 | alpha 0.635 | complete
Ep 673 | 드론4 목적지67 |  812스텝 | 배송 67/67 | 재적재 12 | 중계율 0.19 | alpha 0.630 | complete
Ep 674 | 드론4 목적지60 | 1000스텝 | 배송 59/60 | 재적재  9 | 중계율 0.35 | alpha 0.628 | step_limit
Ep 675 | 드론3 목적지70 | 1000스텝 | 배송 65/70 | 재적재 13 | 중계율 0.23 | alpha 0.626 | step_limit
Ep 676 | 드론3 목적지64 | 1000스텝 | 배송 58/64 | 재적재 11 | 중계율 0.24 | alpha 0.613 | step_limit
Ep 677 | 드론4 목적지37 |  551스텝 | 배송 37/37 | 재적재  5 | 중계율 0.21 | alpha 0.612 | complete
Ep 678 | 드론3 목적지53 |  931스텝 | 배송 53/53 | 재적재  9 | 중계율 0.22 | alpha 0.597 | complete
Ep 679 | 드론3 목적지49 | 1000스텝 | 배송 45/49 | 재적재  8 | 중계율 0.36 | alpha 0.593 | step_limit
Ep 680 | 드론3 목적지60 | 1000스텝 | 배송 57/60 | 재적재 10 | 중계율 0.30 | alpha 0.582 | step_limit
Ep 681 | 드론4 목적지58 |  885스텝 | 배송 58/58 | 재적재 10 | 중계율 0.29 | alpha 0.581 | complete
Ep 682 | 드론3 목적지45 |  782스텝 | 배송 45/45 | 재적재  8 | 중계율 0.22 | alpha 0.580 | complete
Ep 683 | 드론3 목적지42 |  702스텝 | 배송 42/42 | 재적재  7 | 중계율 0.18 | alpha 0.584 | complete
Ep 684 | 드론4 목적지33 |  901스텝 | 배송 33/33 | 재적재  5 | 중계율 0.40 | alpha 0.585 | complete
Ep 685 | 드론4 목적지47 |  633스텝 | 배송 47/47 | 재적재  8 | 중계율 0.21 | alpha 0.581 | complete
Ep 686 | 드론3 목적지56 | 1000스텝 | 배송 55/56 | 재적재  9 | 중계율 0.24 | alpha 0.586 | step_limit
Ep 687 | 드론4 목적지60 | 1000스텝 | 배송 58/60 | 재적재 10 | 중계율 0.33 | alpha 0.591 | step_limit
Ep 688 | 드론4 목적지23 |  334스텝 | 배송 23/23 | 재적재  3 | 중계율 0.19 | alpha 0.593 | complete
Ep 689 | 드론3 목적지79 |  911스텝 | 배송 79/79 | 재적재 15 | 중계율 0.13 | alpha 0.599 | complete
Ep 690 | 드론4 목적지41 |  621스텝 | 배송 41/41 | 재적재  7 | 중계율 0.26 | alpha 0.598 | complete
Ep 691 | 드론4 목적지61 |  923스텝 | 배송 61/61 | 재적재 10 | 중계율 0.27 | alpha 0.605 | complete
Ep 692 | 드론3 목적지35 |  699스텝 | 배송 35/35 | 재적재  5 | 중계율 0.25 | alpha 0.605 | complete
Ep 693 | 드론3 목적지73 |  882스텝 | 배송 73/73 | 재적재 13 | 중계율 0.15 | alpha 0.612 | complete
Ep 694 | 드론3 목적지39 |  935스텝 | 배송 39/39 | 재적재  5 | 중계율 0.25 | alpha 0.611 | complete
Ep 695 | 드론3 목적지29 |  465스텝 | 배송 29/29 | 재적재  5 | 중계율 0.18 | alpha 0.613 | complete
Ep 696 | 드론4 목적지66 |  870스텝 | 배송 66/66 | 재적재 11 | 중계율 0.22 | alpha 0.612 | complete
Ep 697 | 드론3 목적지38 |  633스텝 | 배송 38/38 | 재적재  7 | 중계율 0.20 | alpha 0.611 | complete
Ep 698 | 드론4 목적지66 | 1000스텝 | 배송 64/66 | 재적재 11 | 중계율 0.15 | alpha 0.617 | step_limit
Ep 699 | 드론3 목적지55 |  951스텝 | 배송 55/55 | 재적재  9 | 중계율 0.28 | alpha 0.624 | complete
Ep 700 | 드론3 목적지24 |  640스텝 | 배송 24/24 | 재적재  4 | 중계율 0.28 | alpha 0.626 | complete
  [홀드아웃] 배송 39.6±10.2 완주 0.95 스텝 761 점수 124.9 재적재 6.0 2홉+ 0.55 [4/50 0.95·844 | 3/30 0.95·679] | 최고 128.8@ep550 정체 3/8
Ep 701 | 드론3 목적지56 | 1000스텝 | 배송 50/56 | 재적재  8 | 중계율 0.28 | alpha 0.629 | step_limit
Ep 702 | 드론4 목적지26 |  480스텝 | 배송 26/26 | 재적재  3 | 중계율 0.19 | alpha 0.624 | complete
Ep 703 | 드론3 목적지35 |  852스텝 | 배송 35/35 | 재적재  5 | 중계율 0.25 | alpha 0.620 | complete
Ep 704 | 드론3 목적지49 |  988스텝 | 배송 49/49 | 재적재  9 | 중계율 0.31 | alpha 0.622 | complete
Ep 705 | 드론3 목적지24 |  702스텝 | 배송 24/24 | 재적재  3 | 중계율 0.21 | alpha 0.630 | complete
Ep 706 | 드론3 목적지37 |  755스텝 | 배송 37/37 | 재적재  7 | 중계율 0.29 | alpha 0.628 | complete
Ep 707 | 드론4 목적지37 |  579스텝 | 배송 37/37 | 재적재  7 | 중계율 0.27 | alpha 0.624 | complete
Ep 708 | 드론3 목적지80 | 1000스텝 | 배송 62/80 | 재적재 12 | 중계율 0.27 | alpha 0.616 | step_limit
Ep 709 | 드론3 목적지41 | 1000스텝 | 배송 35/41 | 재적재  5 | 중계율 0.32 | alpha 0.615 | step_limit
Ep 710 | 드론3 목적지59 |  805스텝 | 배송 59/59 | 재적재 10 | 중계율 0.17 | alpha 0.617 | complete
Ep 711 | 드론3 목적지53 | 1000스텝 | 배송 51/53 | 재적재 10 | 중계율 0.25 | alpha 0.614 | step_limit
Ep 712 | 드론3 목적지39 |  909스텝 | 배송 39/39 | 재적재  7 | 중계율 0.32 | alpha 0.617 | complete
Ep 713 | 드론4 목적지71 |  779스텝 | 배송 71/71 | 재적재 12 | 중계율 0.19 | alpha 0.621 | complete
Ep 714 | 드론3 목적지64 | 1000스텝 | 배송 58/64 | 재적재 10 | 중계율 0.28 | alpha 0.630 | step_limit
Ep 715 | 드론3 목적지76 | 1000스텝 | 배송 53/76 | 재적재  8 | 중계율 0.17 | alpha 0.631 | step_limit
Ep 716 | 드론3 목적지67 | 1000스텝 | 배송 54/67 | 재적재 10 | 중계율 0.18 | alpha 0.631 | step_limit
Ep 717 | 드론4 목적지77 |  823스텝 | 배송 77/77 | 재적재 13 | 중계율 0.19 | alpha 0.628 | complete
Ep 718 | 드론3 목적지52 | 1000스텝 | 배송 51/52 | 재적재  9 | 중계율 0.28 | alpha 0.633 | step_limit
Ep 719 | 드론4 목적지74 | 1000스텝 | 배송 66/74 | 재적재 12 | 중계율 0.31 | alpha 0.634 | step_limit
Ep 720 | 드론4 목적지23 |  440스텝 | 배송 23/23 | 재적재  3 | 중계율 0.34 | alpha 0.635 | complete
Ep 721 | 드론3 목적지41 |  929스텝 | 배송 41/41 | 재적재  8 | 중계율 0.31 | alpha 0.632 | complete
Ep 722 | 드론3 목적지49 | 1000스텝 | 배송 47/49 | 재적재  8 | 중계율 0.25 | alpha 0.631 | step_limit
Ep 723 | 드론4 목적지24 |  349스텝 | 배송 24/24 | 재적재  4 | 중계율 0.14 | alpha 0.633 | complete
Ep 724 | 드론4 목적지73 |  875스텝 | 배송 73/73 | 재적재 12 | 중계율 0.27 | alpha 0.635 | complete
Ep 725 | 드론3 목적지70 | 1000스텝 | 배송 56/70 | 재적재 11 | 중계율 0.18 | alpha 0.647 | step_limit
Ep 726 | 드론3 목적지44 |  823스텝 | 배송 44/44 | 재적재  7 | 중계율 0.29 | alpha 0.641 | complete
Ep 727 | 드론3 목적지23 |  444스텝 | 배송 23/23 | 재적재  3 | 중계율 0.19 | alpha 0.644 | complete
Ep 728 | 드론4 목적지38 | 1000스텝 | 배송 31/38 | 재적재  3 | 중계율 0.31 | alpha 0.644 | step_limit
Ep 729 | 드론3 목적지24 |  606스텝 | 배송 24/24 | 재적재  3 | 중계율 0.18 | alpha 0.637 | complete
Ep 730 | 드론3 목적지50 | 1000스텝 | 배송 41/50 | 재적재  8 | 중계율 0.34 | alpha 0.626 | step_limit
Ep 731 | 드론4 목적지51 |  524스텝 | 배송 51/51 | 재적재  7 | 중계율 0.17 | alpha 0.630 | complete
Ep 732 | 드론3 목적지44 |  805스텝 | 배송 44/44 | 재적재  7 | 중계율 0.22 | alpha 0.636 | complete
Ep 733 | 드론4 목적지77 |  831스텝 | 배송 77/77 | 재적재 14 | 중계율 0.16 | alpha 0.644 | complete
Ep 734 | 드론3 목적지71 | 1000스텝 | 배송 63/71 | 재적재 11 | 중계율 0.29 | alpha 0.652 | step_limit
Ep 735 | 드론4 목적지69 |  686스텝 | 배송 69/69 | 재적재 12 | 중계율 0.18 | alpha 0.661 | complete
Ep 736 | 드론4 목적지56 |  841스텝 | 배송 56/56 | 재적재 10 | 중계율 0.26 | alpha 0.665 | complete
Ep 737 | 드론3 목적지43 | 1000스텝 | 배송 42/43 | 재적재  8 | 중계율 0.24 | alpha 0.665 | step_limit
Ep 738 | 드론4 목적지43 |  860스텝 | 배송 43/43 | 재적재  7 | 중계율 0.31 | alpha 0.669 | complete
Ep 739 | 드론3 목적지62 | 1000스텝 | 배송 56/62 | 재적재 11 | 중계율 0.28 | alpha 0.668 | step_limit
Ep 740 | 드론3 목적지51 | 1000스텝 | 배송 48/51 | 재적재  8 | 중계율 0.26 | alpha 0.673 | step_limit
Ep 741 | 드론4 목적지35 |  482스텝 | 배송 35/35 | 재적재  4 | 중계율 0.18 | alpha 0.675 | complete
Ep 742 | 드론3 목적지28 |  462스텝 | 배송 28/28 | 재적재  5 | 중계율 0.12 | alpha 0.673 | complete
Ep 743 | 드론3 목적지35 |  933스텝 | 배송 35/35 | 재적재  6 | 중계율 0.33 | alpha 0.661 | complete
Ep 744 | 드론4 목적지71 | 1000스텝 | 배송 69/71 | 재적재 11 | 중계율 0.31 | alpha 0.654 | step_limit
Ep 745 | 드론4 목적지21 |  501스텝 | 배송 21/21 | 재적재  2 | 중계율 0.30 | alpha 0.654 | complete
Ep 746 | 드론3 목적지75 | 1000스텝 | 배송 65/75 | 재적재 11 | 중계율 0.21 | alpha 0.647 | step_limit
Ep 747 | 드론3 목적지29 |  471스텝 | 배송 29/29 | 재적재  4 | 중계율 0.15 | alpha 0.644 | complete
Ep 748 | 드론4 목적지42 |  432스텝 | 배송 42/42 | 재적재  6 | 중계율 0.17 | alpha 0.650 | complete
Ep 749 | 드론4 목적지67 | 1000스텝 | 배송 65/67 | 재적재 11 | 중계율 0.30 | alpha 0.657 | step_limit
Ep 750 | 드론4 목적지33 |  513스텝 | 배송 33/33 | 재적재  5 | 중계율 0.18 | alpha 0.656 | complete
  [홀드아웃] 배송 39.7±9.9 완주 0.96 스텝 787 점수 125.8 재적재 6.1 2홉+ 0.55 [4/50 0.93·893 | 3/30 1.00·682] | 최고 128.8@ep550 정체 4/8
Ep 751 | 드론3 목적지63 | 1000스텝 | 배송 50/63 | 재적재  9 | 중계율 0.25 | alpha 0.664 | step_limit
Ep 752 | 드론4 목적지65 |  855스텝 | 배송 65/65 | 재적재 10 | 중계율 0.23 | alpha 0.664 | complete
Ep 753 | 드론4 목적지31 |  805스텝 | 배송 31/31 | 재적재  6 | 중계율 0.35 | alpha 0.662 | complete
Ep 754 | 드론3 목적지59 | 1000스텝 | 배송 54/59 | 재적재  9 | 중계율 0.32 | alpha 0.658 | step_limit
Ep 755 | 드론3 목적지31 |  674스텝 | 배송 31/31 | 재적재  5 | 중계율 0.31 | alpha 0.654 | complete
Ep 756 | 드론3 목적지39 | 1000스텝 | 배송 37/39 | 재적재  6 | 중계율 0.28 | alpha 0.653 | step_limit
Ep 757 | 드론4 목적지51 |  832스텝 | 배송 51/51 | 재적재  8 | 중계율 0.30 | alpha 0.645 | complete
Ep 758 | 드론4 목적지30 |  521스텝 | 배송 30/30 | 재적재  4 | 중계율 0.18 | alpha 0.646 | complete
Ep 759 | 드론3 목적지60 | 1000스텝 | 배송 55/60 | 재적재 10 | 중계율 0.29 | alpha 0.651 | step_limit
Ep 760 | 드론3 목적지65 |  937스텝 | 배송 65/65 | 재적재 12 | 중계율 0.18 | alpha 0.651 | complete
Ep 761 | 드론3 목적지66 | 1000스텝 | 배송 57/66 | 재적재 10 | 중계율 0.33 | alpha 0.651 | step_limit
Ep 762 | 드론4 목적지53 |  740스텝 | 배송 53/53 | 재적재  8 | 중계율 0.29 | alpha 0.652 | complete
Ep 763 | 드론3 목적지73 | 1000스텝 | 배송 56/73 | 재적재  9 | 중계율 0.23 | alpha 0.654 | step_limit
Ep 764 | 드론3 목적지49 |  780스텝 | 배송 49/49 | 재적재  7 | 중계율 0.26 | alpha 0.650 | complete
Ep 765 | 드론4 목적지72 | 1000스텝 | 배송 69/72 | 재적재 11 | 중계율 0.32 | alpha 0.643 | step_limit
Ep 766 | 드론4 목적지36 |  881스텝 | 배송 36/36 | 재적재  6 | 중계율 0.32 | alpha 0.637 | complete
Ep 767 | 드론4 목적지37 |  580스텝 | 배송 37/37 | 재적재  5 | 중계율 0.22 | alpha 0.645 | complete
Ep 768 | 드론3 목적지75 | 1000스텝 | 배송 71/75 | 재적재 13 | 중계율 0.22 | alpha 0.649 | step_limit
Ep 769 | 드론3 목적지47 |  795스텝 | 배송 47/47 | 재적재  8 | 중계율 0.26 | alpha 0.648 | complete
Ep 770 | 드론4 목적지34 |  580스텝 | 배송 34/34 | 재적재  5 | 중계율 0.31 | alpha 0.652 | complete
Ep 771 | 드론4 목적지76 | 1000스텝 | 배송 70/76 | 재적재 11 | 중계율 0.26 | alpha 0.669 | step_limit
Ep 772 | 드론3 목적지48 | 1000스텝 | 배송 47/48 | 재적재  9 | 중계율 0.32 | alpha 0.688 | step_limit
Ep 773 | 드론3 목적지51 | 1000스텝 | 배송 50/51 | 재적재  9 | 중계율 0.32 | alpha 0.692 | step_limit
Ep 774 | 드론4 목적지43 |  649스텝 | 배송 43/43 | 재적재  7 | 중계율 0.29 | alpha 0.694 | complete
Ep 775 | 드론3 목적지29 |  666스텝 | 배송 29/29 | 재적재  4 | 중계율 0.30 | alpha 0.696 | complete
Ep 776 | 드론3 목적지41 |  830스텝 | 배송 41/41 | 재적재  7 | 중계율 0.32 | alpha 0.702 | complete
Ep 777 | 드론3 목적지53 |  715스텝 | 배송 53/53 | 재적재  9 | 중계율 0.18 | alpha 0.705 | complete
Ep 778 | 드론3 목적지30 |  546스텝 | 배송 30/30 | 재적재  5 | 중계율 0.21 | alpha 0.707 | complete
Ep 779 | 드론3 목적지62 | 1000스텝 | 배송 60/62 | 재적재 12 | 중계율 0.24 | alpha 0.705 | step_limit
Ep 780 | 드론3 목적지36 |  804스텝 | 배송 36/36 | 재적재  6 | 중계율 0.28 | alpha 0.706 | complete
Ep 781 | 드론4 목적지35 |  560스텝 | 배송 35/35 | 재적재  5 | 중계율 0.28 | alpha 0.702 | complete
Ep 782 | 드론3 목적지27 |  448스텝 | 배송 27/27 | 재적재  4 | 중계율 0.15 | alpha 0.703 | complete
Ep 783 | 드론4 목적지52 |  760스텝 | 배송 52/52 | 재적재  9 | 중계율 0.25 | alpha 0.709 | complete
Ep 784 | 드론4 목적지43 |  941스텝 | 배송 43/43 | 재적재  8 | 중계율 0.35 | alpha 0.706 | complete
Ep 785 | 드론3 목적지64 | 1000스텝 | 배송 60/64 | 재적재 10 | 중계율 0.30 | alpha 0.708 | step_limit
Ep 786 | 드론4 목적지68 | 1000스텝 | 배송 67/68 | 재적재 12 | 중계율 0.31 | alpha 0.708 | step_limit
Ep 787 | 드론3 목적지29 |  705스텝 | 배송 29/29 | 재적재  3 | 중계율 0.34 | alpha 0.706 | complete
Ep 788 | 드론4 목적지39 |  627스텝 | 배송 39/39 | 재적재  6 | 중계율 0.31 | alpha 0.698 | complete
Ep 789 | 드론4 목적지54 |  919스텝 | 배송 54/54 | 재적재  9 | 중계율 0.31 | alpha 0.700 | complete
Ep 790 | 드론3 목적지48 | 1000스텝 | 배송 46/48 | 재적재  8 | 중계율 0.29 | alpha 0.701 | step_limit
Ep 791 | 드론3 목적지23 |  447스텝 | 배송 23/23 | 재적재  4 | 중계율 0.16 | alpha 0.703 | complete
Ep 792 | 드론3 목적지80 | 1000스텝 | 배송 67/80 | 재적재 11 | 중계율 0.23 | alpha 0.703 | step_limit
Ep 793 | 드론4 목적지54 |  680스텝 | 배송 54/54 | 재적재  9 | 중계율 0.19 | alpha 0.698 | complete
Ep 794 | 드론3 목적지75 | 1000스텝 | 배송 65/75 | 재적재 11 | 중계율 0.24 | alpha 0.688 | step_limit
Ep 795 | 드론4 목적지25 |  363스텝 | 배송 25/25 | 재적재  4 | 중계율 0.22 | alpha 0.688 | complete
Ep 796 | 드론3 목적지45 |  878스텝 | 배송 45/45 | 재적재  8 | 중계율 0.33 | alpha 0.683 | complete
Ep 797 | 드론4 목적지57 |  745스텝 | 배송 57/57 | 재적재  9 | 중계율 0.24 | alpha 0.680 | complete
Ep 798 | 드론3 목적지46 |  917스텝 | 배송 46/46 | 재적재  9 | 중계율 0.31 | alpha 0.675 | complete
Ep 799 | 드론3 목적지72 | 1000스텝 | 배송 60/72 | 재적재 12 | 중계율 0.24 | alpha 0.668 | step_limit
Ep 800 | 드론3 목적지62 | 1000스텝 | 배송 55/62 | 재적재 10 | 중계율 0.25 | alpha 0.660 | step_limit
  [홀드아웃] 배송 39.9±10.1 완주 0.96 스텝 789 점수 125.7 재적재 6.1 2홉+ 0.55 [4/50 0.97·890 | 3/30 0.95·687] | 최고 128.8@ep550 정체 5/8
Ep 801 | 드론4 목적지60 |  813스텝 | 배송 60/60 | 재적재 10 | 중계율 0.23 | alpha 0.657 | complete
Ep 802 | 드론3 목적지71 |  954스텝 | 배송 71/71 | 재적재 13 | 중계율 0.16 | alpha 0.654 | complete
Ep 803 | 드론3 목적지40 |  990스텝 | 배송 40/40 | 재적재  7 | 중계율 0.34 | alpha 0.652 | complete
Ep 804 | 드론4 목적지44 |  677스텝 | 배송 44/44 | 재적재  7 | 중계율 0.22 | alpha 0.650 | complete
Ep 805 | 드론4 목적지56 |  720스텝 | 배송 56/56 | 재적재  9 | 중계율 0.25 | alpha 0.647 | complete
Ep 806 | 드론4 목적지51 | 1000스텝 | 배송 50/51 | 재적재 10 | 중계율 0.38 | alpha 0.653 | step_limit
Ep 807 | 드론4 목적지49 |  609스텝 | 배송 49/49 | 재적재  7 | 중계율 0.22 | alpha 0.654 | complete
Ep 808 | 드론4 목적지77 | 1000스텝 | 배송 72/77 | 재적재 12 | 중계율 0.27 | alpha 0.656 | step_limit
Ep 809 | 드론4 목적지68 | 1000스텝 | 배송 58/68 | 재적재 11 | 중계율 0.22 | alpha 0.653 | step_limit
Ep 810 | 드론4 목적지62 | 1000스텝 | 배송 61/62 | 재적재 11 | 중계율 0.30 | alpha 0.646 | step_limit
Ep 811 | 드론3 목적지20 |  532스텝 | 배송 20/20 | 재적재  3 | 중계율 0.29 | alpha 0.649 | complete
Ep 812 | 드론4 목적지74 |  961스텝 | 배송 74/74 | 재적재 13 | 중계율 0.21 | alpha 0.645 | complete
Ep 813 | 드론3 목적지57 | 1000스텝 | 배송 54/57 | 재적재  9 | 중계율 0.28 | alpha 0.648 | step_limit
Ep 814 | 드론4 목적지22 |  664스텝 | 배송 22/22 | 재적재  3 | 중계율 0.35 | alpha 0.656 | complete
Ep 815 | 드론3 목적지75 | 1000스텝 | 배송 66/75 | 재적재 11 | 중계율 0.24 | alpha 0.660 | step_limit
Ep 816 | 드론3 목적지63 | 1000스텝 | 배송 62/63 | 재적재 12 | 중계율 0.27 | alpha 0.654 | step_limit
Ep 817 | 드론4 목적지62 |  811스텝 | 배송 62/62 | 재적재 10 | 중계율 0.31 | alpha 0.655 | complete
Ep 818 | 드론3 목적지33 |  589스텝 | 배송 33/33 | 재적재  5 | 중계율 0.22 | alpha 0.650 | complete
Ep 819 | 드론4 목적지71 | 1000스텝 | 배송 61/71 | 재적재 11 | 중계율 0.33 | alpha 0.648 | step_limit
Ep 820 | 드론4 목적지77 | 1000스텝 | 배송 60/77 | 재적재 11 | 중계율 0.25 | alpha 0.646 | step_limit
Ep 821 | 드론3 목적지76 | 1000스텝 | 배송 65/76 | 재적재 10 | 중계율 0.28 | alpha 0.646 | step_limit
Ep 822 | 드론4 목적지71 |  831스텝 | 배송 71/71 | 재적재 12 | 중계율 0.25 | alpha 0.653 | complete
Ep 823 | 드론4 목적지33 |  783스텝 | 배송 33/33 | 재적재  5 | 중계율 0.36 | alpha 0.650 | complete
Ep 824 | 드론4 목적지22 |  645스텝 | 배송 22/22 | 재적재  2 | 중계율 0.33 | alpha 0.650 | complete
Ep 825 | 드론3 목적지42 |  882스텝 | 배송 42/42 | 재적재  8 | 중계율 0.29 | alpha 0.649 | complete
Ep 826 | 드론3 목적지49 |  961스텝 | 배송 49/49 | 재적재  8 | 중계율 0.25 | alpha 0.659 | complete
Ep 827 | 드론3 목적지69 | 1000스텝 | 배송 63/69 | 재적재 12 | 중계율 0.25 | alpha 0.661 | step_limit
Ep 828 | 드론4 목적지42 |  604스텝 | 배송 42/42 | 재적재  8 | 중계율 0.25 | alpha 0.662 | complete
Ep 829 | 드론3 목적지45 |  893스텝 | 배송 45/45 | 재적재  7 | 중계율 0.32 | alpha 0.657 | complete
Ep 830 | 드론4 목적지67 | 1000스텝 | 배송 66/67 | 재적재 13 | 중계율 0.27 | alpha 0.648 | step_limit
Ep 831 | 드론4 목적지43 |  691스텝 | 배송 43/43 | 재적재  6 | 중계율 0.28 | alpha 0.638 | complete
Ep 832 | 드론3 목적지55 | 1000스텝 | 배송 53/55 | 재적재 10 | 중계율 0.27 | alpha 0.640 | step_limit
Ep 833 | 드론3 목적지49 | 1000스텝 | 배송 48/49 | 재적재  8 | 중계율 0.29 | alpha 0.639 | step_limit
Ep 834 | 드론4 목적지75 |  966스텝 | 배송 75/75 | 재적재 12 | 중계율 0.29 | alpha 0.648 | complete
Ep 835 | 드론3 목적지52 | 1000스텝 | 배송 47/52 | 재적재  8 | 중계율 0.38 | alpha 0.658 | step_limit
Ep 836 | 드론3 목적지27 |  745스텝 | 배송 27/27 | 재적재  5 | 중계율 0.36 | alpha 0.664 | complete
Ep 837 | 드론4 목적지56 |  823스텝 | 배송 56/56 | 재적재 10 | 중계율 0.21 | alpha 0.669 | complete
Ep 838 | 드론3 목적지47 |  855스텝 | 배송 47/47 | 재적재  9 | 중계율 0.21 | alpha 0.672 | complete
Ep 839 | 드론3 목적지58 |  989스텝 | 배송 58/58 | 재적재  9 | 중계율 0.29 | alpha 0.678 | complete
Ep 840 | 드론4 목적지34 |  500스텝 | 배송 34/34 | 재적재  6 | 중계율 0.14 | alpha 0.676 | complete
Ep 841 | 드론4 목적지74 | 1000스텝 | 배송 72/74 | 재적재 12 | 중계율 0.27 | alpha 0.676 | step_limit
Ep 842 | 드론3 목적지78 | 1000스텝 | 배송 69/78 | 재적재 12 | 중계율 0.27 | alpha 0.682 | step_limit
Ep 843 | 드론4 목적지65 | 1000스텝 | 배송 62/65 | 재적재 12 | 중계율 0.25 | alpha 0.694 | step_limit
Ep 844 | 드론3 목적지39 |  759스텝 | 배송 39/39 | 재적재  6 | 중계율 0.31 | alpha 0.694 | complete
Ep 845 | 드론4 목적지32 |  558스텝 | 배송 32/32 | 재적재  4 | 중계율 0.14 | alpha 0.695 | complete
Ep 846 | 드론3 목적지39 |  986스텝 | 배송 35/39 | 재적재  6 | 중계율 0.28 | alpha 0.699 | no_progress
Ep 847 | 드론3 목적지22 |  490스텝 | 배송 22/22 | 재적재  2 | 중계율 0.30 | alpha 0.701 | complete
Ep 848 | 드론4 목적지27 |  419스텝 | 배송 27/27 | 재적재  3 | 중계율 0.26 | alpha 0.707 | complete
Ep 849 | 드론4 목적지66 | 1000스텝 | 배송 61/66 | 재적재 11 | 중계율 0.29 | alpha 0.721 | step_limit
Ep 850 | 드론3 목적지58 | 1000스텝 | 배송 55/58 | 재적재 11 | 중계율 0.23 | alpha 0.733 | step_limit
  [홀드아웃] 배송 39.8±10.0 완주 0.96 스텝 750 점수 126.2 재적재 5.9 2홉+ 0.55 [4/50 0.95·860 | 3/30 0.97·641] | 최고 128.8@ep550 정체 6/8
Ep 851 | 드론4 목적지61 | 1000스텝 | 배송 60/61 | 재적재 11 | 중계율 0.23 | alpha 0.733 | step_limit
Ep 852 | 드론3 목적지49 |  807스텝 | 배송 49/49 | 재적재  8 | 중계율 0.23 | alpha 0.727 | complete
Ep 853 | 드론3 목적지77 | 1000스텝 | 배송 66/77 | 재적재 12 | 중계율 0.24 | alpha 0.735 | step_limit
Ep 854 | 드론3 목적지55 |  946스텝 | 배송 55/55 | 재적재 10 | 중계율 0.24 | alpha 0.737 | complete
Ep 855 | 드론3 목적지51 | 1000스텝 | 배송 50/51 | 재적재  8 | 중계율 0.31 | alpha 0.734 | step_limit
Ep 856 | 드론3 목적지71 | 1000스텝 | 배송 61/71 | 재적재 10 | 중계율 0.29 | alpha 0.734 | step_limit
Ep 857 | 드론4 목적지34 |  562스텝 | 배송 34/34 | 재적재  6 | 중계율 0.24 | alpha 0.728 | complete
Ep 858 | 드론3 목적지38 |  858스텝 | 배송 38/38 | 재적재  6 | 중계율 0.21 | alpha 0.723 | complete
Ep 859 | 드론3 목적지67 | 1000스텝 | 배송 63/67 | 재적재 12 | 중계율 0.22 | alpha 0.719 | step_limit
Ep 860 | 드론4 목적지27 |  313스텝 | 배송 27/27 | 재적재  4 | 중계율 0.14 | alpha 0.719 | complete
Ep 861 | 드론4 목적지37 |  582스텝 | 배송 37/37 | 재적재  6 | 중계율 0.23 | alpha 0.722 | complete
Ep 862 | 드론4 목적지41 |  458스텝 | 배송 41/41 | 재적재  6 | 중계율 0.16 | alpha 0.717 | complete
Ep 863 | 드론3 목적지55 |  950스텝 | 배송 55/55 | 재적재  9 | 중계율 0.30 | alpha 0.722 | complete
Ep 864 | 드론3 목적지48 | 1000스텝 | 배송 41/48 | 재적재  8 | 중계율 0.30 | alpha 0.723 | step_limit
Ep 865 | 드론3 목적지27 |  612스텝 | 배송 27/27 | 재적재  4 | 중계율 0.28 | alpha 0.726 | complete
Ep 866 | 드론4 목적지76 | 1000스텝 | 배송 67/76 | 재적재 12 | 중계율 0.28 | alpha 0.721 | step_limit
Ep 867 | 드론4 목적지33 |  313스텝 | 배송 33/33 | 재적재  4 | 중계율 0.11 | alpha 0.722 | complete
Ep 868 | 드론4 목적지27 |  366스텝 | 배송 27/27 | 재적재  3 | 중계율 0.27 | alpha 0.725 | complete
Ep 869 | 드론4 목적지27 |  458스텝 | 배송 27/27 | 재적재  3 | 중계율 0.22 | alpha 0.725 | complete
Ep 870 | 드론3 목적지75 | 1000스텝 | 배송 67/75 | 재적재 13 | 중계율 0.24 | alpha 0.731 | step_limit
Ep 871 | 드론3 목적지80 | 1000스텝 | 배송 60/80 | 재적재 11 | 중계율 0.26 | alpha 0.735 | step_limit
Ep 872 | 드론3 목적지53 | 1000스텝 | 배송 51/53 | 재적재 10 | 중계율 0.33 | alpha 0.739 | step_limit
Ep 873 | 드론3 목적지51 |  939스텝 | 배송 51/51 | 재적재 10 | 중계율 0.26 | alpha 0.741 | complete
Ep 874 | 드론3 목적지67 | 1000스텝 | 배송 55/67 | 재적재  9 | 중계율 0.36 | alpha 0.747 | step_limit
Ep 875 | 드론3 목적지67 | 1000스텝 | 배송 56/67 | 재적재 10 | 중계율 0.37 | alpha 0.743 | step_limit
Ep 876 | 드론4 목적지21 |  505스텝 | 배송 21/21 | 재적재  3 | 중계율 0.34 | alpha 0.740 | complete
Ep 877 | 드론3 목적지74 | 1000스텝 | 배송 69/74 | 재적재 12 | 중계율 0.24 | alpha 0.736 | step_limit
Ep 878 | 드론4 목적지35 |  730스텝 | 배송 35/35 | 재적재  5 | 중계율 0.27 | alpha 0.736 | complete
Ep 879 | 드론4 목적지36 |  558스텝 | 배송 36/36 | 재적재  5 | 중계율 0.22 | alpha 0.726 | complete
Ep 880 | 드론4 목적지49 |  704스텝 | 배송 49/49 | 재적재  7 | 중계율 0.31 | alpha 0.725 | complete
Ep 881 | 드론4 목적지46 | 1000스텝 | 배송 41/46 | 재적재  7 | 중계율 0.34 | alpha 0.717 | step_limit
Ep 882 | 드론4 목적지21 |  367스텝 | 배송 21/21 | 재적재  3 | 중계율 0.26 | alpha 0.713 | complete
Ep 883 | 드론4 목적지45 |  772스텝 | 배송 45/45 | 재적재  7 | 중계율 0.26 | alpha 0.707 | complete
Ep 884 | 드론3 목적지65 | 1000스텝 | 배송 64/65 | 재적재 12 | 중계율 0.22 | alpha 0.697 | step_limit
Ep 885 | 드론4 목적지52 |  777스텝 | 배송 52/52 | 재적재 10 | 중계율 0.24 | alpha 0.698 | complete
Ep 886 | 드론3 목적지38 |  854스텝 | 배송 38/38 | 재적재  7 | 중계율 0.30 | alpha 0.700 | complete
Ep 887 | 드론4 목적지76 | 1000스텝 | 배송 70/76 | 재적재 13 | 중계율 0.30 | alpha 0.709 | step_limit
Ep 888 | 드론3 목적지41 |  640스텝 | 배송 41/41 | 재적재  7 | 중계율 0.21 | alpha 0.720 | complete
Ep 889 | 드론3 목적지60 | 1000스텝 | 배송 59/60 | 재적재 10 | 중계율 0.28 | alpha 0.719 | step_limit
Ep 890 | 드론3 목적지50 | 1000스텝 | 배송 50/50 | 재적재  8 | 중계율 0.29 | alpha 0.725 | complete
Ep 891 | 드론4 목적지62 |  818스텝 | 배송 62/62 | 재적재 11 | 중계율 0.23 | alpha 0.732 | complete
Ep 892 | 드론4 목적지31 |  636스텝 | 배송 31/31 | 재적재  5 | 중계율 0.31 | alpha 0.741 | complete
Ep 893 | 드론3 목적지35 |  759스텝 | 배송 35/35 | 재적재  6 | 중계율 0.25 | alpha 0.751 | complete
Ep 894 | 드론3 목적지66 | 1000스텝 | 배송 60/66 | 재적재  9 | 중계율 0.31 | alpha 0.768 | step_limit
Ep 895 | 드론4 목적지25 |  343스텝 | 배송 25/25 | 재적재  2 | 중계율 0.19 | alpha 0.773 | complete
Ep 896 | 드론4 목적지39 |  813스텝 | 배송 39/39 | 재적재  7 | 중계율 0.33 | alpha 0.777 | complete
Ep 897 | 드론3 목적지39 |  848스텝 | 배송 39/39 | 재적재  7 | 중계율 0.17 | alpha 0.780 | complete
Ep 898 | 드론3 목적지39 | 1000스텝 | 배송 36/39 | 재적재  7 | 중계율 0.33 | alpha 0.772 | step_limit
Ep 899 | 드론4 목적지36 |  569스텝 | 배송 36/36 | 재적재  6 | 중계율 0.26 | alpha 0.775 | complete
Ep 900 | 드론3 목적지44 |  721스텝 | 배송 44/44 | 재적재  7 | 중계율 0.22 | alpha 0.778 | complete
  [홀드아웃] 배송 39.8±10.3 완주 0.97 스텝 778 점수 127.1 재적재 6.3 2홉+ 0.55 [4/50 1.00·891 | 3/30 0.95·666] | 최고 128.8@ep550 정체 7/8
Ep 901 | 드론4 목적지65 |  870스텝 | 배송 65/65 | 재적재 11 | 중계율 0.25 | alpha 0.787 | complete
Ep 902 | 드론3 목적지37 |  757스텝 | 배송 37/37 | 재적재  5 | 중계율 0.33 | alpha 0.791 | complete
Ep 903 | 드론3 목적지63 | 1000스텝 | 배송 61/63 | 재적재 11 | 중계율 0.27 | alpha 0.806 | step_limit
Ep 904 | 드론3 목적지74 | 1000스텝 | 배송 64/74 | 재적재 11 | 중계율 0.22 | alpha 0.811 | step_limit
Ep 905 | 드론4 목적지45 |  608스텝 | 배송 45/45 | 재적재  8 | 중계율 0.10 | alpha 0.810 | complete
Ep 906 | 드론4 목적지52 |  762스텝 | 배송 52/52 | 재적재  9 | 중계율 0.25 | alpha 0.816 | complete
Ep 907 | 드론3 목적지61 | 1000스텝 | 배송 54/61 | 재적재  9 | 중계율 0.27 | alpha 0.822 | step_limit
Ep 908 | 드론3 목적지41 |  806스텝 | 배송 41/41 | 재적재  7 | 중계율 0.31 | alpha 0.832 | complete
Ep 909 | 드론3 목적지61 | 1000스텝 | 배송 55/61 | 재적재  9 | 중계율 0.29 | alpha 0.845 | step_limit
Ep 910 | 드론4 목적지28 |  487스텝 | 배송 28/28 | 재적재  4 | 중계율 0.31 | alpha 0.842 | complete
Ep 911 | 드론3 목적지75 | 1000스텝 | 배송 59/75 | 재적재 10 | 중계율 0.28 | alpha 0.848 | step_limit
Ep 912 | 드론4 목적지36 |  379스텝 | 배송 36/36 | 재적재  4 | 중계율 0.16 | alpha 0.851 | complete
Ep 913 | 드론3 목적지76 | 1000스텝 | 배송 55/76 | 재적재  9 | 중계율 0.30 | alpha 0.850 | step_limit
Ep 914 | 드론4 목적지32 |  452스텝 | 배송 32/32 | 재적재  4 | 중계율 0.28 | alpha 0.858 | complete
Ep 915 | 드론3 목적지45 |  798스텝 | 배송 45/45 | 재적재  8 | 중계율 0.29 | alpha 0.867 | complete
Ep 916 | 드론3 목적지36 |  725스텝 | 배송 36/36 | 재적재  5 | 중계율 0.24 | alpha 0.875 | complete
Ep 917 | 드론3 목적지21 |  592스텝 | 배송 21/21 | 재적재  3 | 중계율 0.28 | alpha 0.879 | complete
Ep 918 | 드론3 목적지50 |  985스텝 | 배송 50/50 | 재적재  9 | 중계율 0.19 | alpha 0.883 | complete
Ep 919 | 드론4 목적지25 |  364스텝 | 배송 25/25 | 재적재  3 | 중계율 0.21 | alpha 0.887 | complete
Ep 920 | 드론4 목적지66 | 1000스텝 | 배송 61/66 | 재적재 10 | 중계율 0.29 | alpha 0.892 | step_limit
Ep 921 | 드론4 목적지71 | 1000스텝 | 배송 63/71 | 재적재 11 | 중계율 0.26 | alpha 0.890 | step_limit
Ep 922 | 드론3 목적지57 |  885스텝 | 배송 57/57 | 재적재 10 | 중계율 0.20 | alpha 0.878 | complete
Ep 923 | 드론4 목적지34 |  554스텝 | 배송 34/34 | 재적재  6 | 중계율 0.17 | alpha 0.882 | complete
Ep 924 | 드론4 목적지76 | 1000스텝 | 배송 74/76 | 재적재 14 | 중계율 0.19 | alpha 0.883 | step_limit
Ep 925 | 드론3 목적지57 |  901스텝 | 배송 57/57 | 재적재 11 | 중계율 0.16 | alpha 0.878 | complete
Ep 926 | 드론4 목적지49 |  607스텝 | 배송 49/49 | 재적재  9 | 중계율 0.17 | alpha 0.880 | complete
Ep 927 | 드론3 목적지54 |  980스텝 | 배송 54/54 | 재적재 10 | 중계율 0.22 | alpha 0.884 | complete
Ep 928 | 드론4 목적지34 |  431스텝 | 배송 34/34 | 재적재  5 | 중계율 0.20 | alpha 0.882 | complete
Ep 929 | 드론4 목적지74 | 1000스텝 | 배송 70/74 | 재적재 12 | 중계율 0.28 | alpha 0.894 | step_limit
Ep 930 | 드론3 목적지35 |  649스텝 | 배송 35/35 | 재적재  5 | 중계율 0.29 | alpha 0.897 | complete
Ep 931 | 드론3 목적지47 |  921스텝 | 배송 47/47 | 재적재  9 | 중계율 0.26 | alpha 0.902 | complete
Ep 932 | 드론3 목적지41 |  789스텝 | 배송 41/41 | 재적재  7 | 중계율 0.28 | alpha 0.900 | complete
Ep 933 | 드론3 목적지33 |  538스텝 | 배송 33/33 | 재적재  6 | 중계율 0.14 | alpha 0.900 | complete
Ep 934 | 드론3 목적지74 | 1000스텝 | 배송 64/74 | 재적재 12 | 중계율 0.24 | alpha 0.885 | step_limit
Ep 935 | 드론3 목적지52 |  956스텝 | 배송 52/52 | 재적재  9 | 중계율 0.22 | alpha 0.877 | complete
Ep 936 | 드론3 목적지41 |  994스텝 | 배송 41/41 | 재적재  7 | 중계율 0.31 | alpha 0.875 | complete
Ep 937 | 드론4 목적지22 |  452스텝 | 배송 22/22 | 재적재  4 | 중계율 0.32 | alpha 0.879 | complete
Ep 938 | 드론3 목적지53 | 1000스텝 | 배송 50/53 | 재적재  8 | 중계율 0.32 | alpha 0.880 | step_limit
Ep 939 | 드론4 목적지76 |  862스텝 | 배송 76/76 | 재적재 14 | 중계율 0.18 | alpha 0.876 | complete
Ep 940 | 드론4 목적지66 |  952스텝 | 배송 66/66 | 재적재 11 | 중계율 0.20 | alpha 0.892 | complete
Ep 941 | 드론3 목적지79 | 1000스텝 | 배송 65/79 | 재적재 11 | 중계율 0.20 | alpha 0.908 | step_limit
Ep 942 | 드론4 목적지32 |  425스텝 | 배송 32/32 | 재적재  4 | 중계율 0.27 | alpha 0.905 | complete
Ep 943 | 드론3 목적지38 |  936스텝 | 배송 38/38 | 재적재  6 | 중계율 0.30 | alpha 0.906 | complete
Ep 944 | 드론4 목적지54 | 1000스텝 | 배송 45/54 | 재적재  6 | 중계율 0.36 | alpha 0.899 | step_limit
Ep 945 | 드론3 목적지69 |  972스텝 | 배송 69/69 | 재적재 12 | 중계율 0.22 | alpha 0.892 | complete
Ep 946 | 드론4 목적지20 |  217스텝 | 배송 20/20 | 재적재  3 | 중계율 0.12 | alpha 0.889 | complete
Ep 947 | 드론3 목적지47 | 1000스텝 | 배송 45/47 | 재적재  7 | 중계율 0.28 | alpha 0.879 | step_limit
Ep 948 | 드론4 목적지57 |  631스텝 | 배송 57/57 | 재적재 10 | 중계율 0.18 | alpha 0.874 | complete
Ep 949 | 드론3 목적지48 | 1000스텝 | 배송 35/48 | 재적재  6 | 중계율 0.31 | alpha 0.869 | step_limit
Ep 950 | 드론4 목적지34 |  552스텝 | 배송 34/34 | 재적재  6 | 중계율 0.28 | alpha 0.869 | complete
  [홀드아웃] 배송 39.9±10.1 완주 0.97 스텝 764 점수 127.3 재적재 6.2 2홉+ 0.54 [4/50 0.97·875 | 3/30 0.97·652] | 최고 128.8@ep550 정체 8/8

조기 종료. 최고 128.8@ep550
Training finished. best=128.8 @ ep550
