/home/kopt/enter/envs/wsl_neuroMCTS/lib/python3.10/site-packages/pygame/pkgdata.py:25: UserWarning: pkg_resources is deprecated as an API. See https://setuptools.pypa.io/en/latest/pkg_resources.html. The pkg_resources package is slated for removal as early as 2025-11-30. Refrain from using this package or pin to Setuptools<81.
  from pkg_resources import resource_stream, resource_exists
pygame 2.6.1 (SDL 2.28.4, Python 3.10.19)
Hello from the pygame community. https://www.pygame.org/contribute.html
집합 상위 학습 | 반경 300 상한 1000 무배송 500 gamma 0.997 구성=무작위 드론[3, 4] 목적지[20, 80] CC무작위 인스턴스=무작위 목표유지=off 완주보상=0.0 잔여페널티=0.1 규칙관측=False 규칙정규화=2.0/중계가중치=1.0 막힘페널티=0.0 중계크레딧=0.0/재분배=0.0/드론별보상=False 도달권shaping=0.0 정체전환보상=0.0 엔트로피비=0.6->0.25@400 자기회귀=True 홀드아웃상한=3000 선택=makespan/속도가중치=40.0
/home/kopt/drone/proposed_src/pipeline/train_v5_26_09_15_23.py:411: UserWarning: Converting a tensor with requires_grad=True to a scalar may lead to unexpected behavior.
Consider using tensor.detach() first. (Triggered internally at /pytorch/torch/csrc/autograd/generated/python_variable_methods.cpp:836.)
  writer.add_scalar("train/alpha", float(log_alpha.exp()), ep)
Ep 1 | 드론3 목적지30 | 1000스텝 | 배송 25/30 | 재적재  3 | 중계율 0.21 | alpha 0.100 | step_limit
Ep 2 | 드론4 목적지53 | 1000스텝 | 배송 50/53 | 재적재  9 | 중계율 0.13 | alpha 0.100 | step_limit
Ep 3 | 드론3 목적지80 | 1000스텝 | 배송 60/80 | 재적재 10 | 중계율 0.13 | alpha 0.100 | step_limit
Ep 4 | 드론4 목적지32 |  570스텝 | 배송 32/32 | 재적재  4 | 중계율 0.21 | alpha 0.100 | complete
Ep 5 | 드론3 목적지44 | 1000스텝 | 배송 42/44 | 재적재  6 | 중계율 0.24 | alpha 0.101 | step_limit
Ep 6 | 드론3 목적지79 | 1000스텝 | 배송 70/79 | 재적재 14 | 중계율 0.23 | alpha 0.111 | step_limit
Ep 7 | 드론3 목적지42 | 1000스텝 | 배송 28/42 | 재적재  4 | 중계율 0.20 | alpha 0.121 | step_limit
Ep 8 | 드론3 목적지69 | 1000스텝 | 배송 52/69 | 재적재  9 | 중계율 0.25 | alpha 0.132 | step_limit
Ep 9 | 드론4 목적지45 |  994스텝 | 배송 45/45 | 재적재  8 | 중계율 0.24 | alpha 0.142 | complete
Ep 10 | 드론4 목적지62 |  926스텝 | 배송 36/62 | 재적재  5 | 중계율 0.33 | alpha 0.152 | no_progress
Ep 11 | 드론3 목적지73 |  916스텝 | 배송 41/73 | 재적재  6 | 중계율 0.25 | alpha 0.163 | no_progress
Ep 12 | 드론3 목적지33 |  649스텝 | 배송 33/33 | 재적재  5 | 중계율 0.23 | alpha 0.171 | complete
Ep 13 | 드론4 목적지36 |  627스텝 | 배송 36/36 | 재적재  5 | 중계율 0.24 | alpha 0.179 | complete
Ep 14 | 드론4 목적지38 |  926스텝 | 배송 29/38 | 재적재  3 | 중계율 0.47 | alpha 0.191 | no_progress
Ep 15 | 드론3 목적지63 | 1000스텝 | 배송 55/63 | 재적재  8 | 중계율 0.21 | alpha 0.204 | step_limit
Ep 16 | 드론3 목적지53 |  897스텝 | 배송 53/53 | 재적재  9 | 중계율 0.21 | alpha 0.216 | complete
Ep 17 | 드론4 목적지41 |  850스텝 | 배송 41/41 | 재적재  7 | 중계율 0.19 | alpha 0.229 | complete
Ep 18 | 드론3 목적지42 |  910스텝 | 배송 42/42 | 재적재  8 | 중계율 0.27 | alpha 0.243 | complete
Ep 19 | 드론3 목적지41 | 1000스텝 | 배송 40/41 | 재적재  6 | 중계율 0.20 | alpha 0.259 | step_limit
Ep 20 | 드론3 목적지48 | 1000스텝 | 배송 46/48 | 재적재  8 | 중계율 0.31 | alpha 0.277 | step_limit
Ep 21 | 드론4 목적지76 | 1000스텝 | 배송 65/76 | 재적재 11 | 중계율 0.22 | alpha 0.297 | step_limit
Ep 22 | 드론3 목적지63 |  980스텝 | 배송 63/63 | 재적재 12 | 중계율 0.20 | alpha 0.318 | complete
Ep 23 | 드론3 목적지73 | 1000스텝 | 배송 53/73 | 재적재 10 | 중계율 0.19 | alpha 0.340 | step_limit
Ep 24 | 드론3 목적지21 |  378스텝 | 배송 21/21 | 재적재  3 | 중계율 0.18 | alpha 0.349 | complete
Ep 25 | 드론3 목적지74 | 1000스텝 | 배송 61/74 | 재적재 11 | 중계율 0.15 | alpha 0.373 | step_limit
Ep 26 | 드론3 목적지61 | 1000스텝 | 배송 55/61 | 재적재  9 | 중계율 0.21 | alpha 0.400 | step_limit
Ep 27 | 드론4 목적지26 |  497스텝 | 배송 26/26 | 재적재  3 | 중계율 0.20 | alpha 0.414 | complete
Ep 28 | 드론3 목적지62 | 1000스텝 | 배송 60/62 | 재적재 11 | 중계율 0.27 | alpha 0.445 | step_limit
Ep 29 | 드론3 목적지31 | 1000스텝 | 배송 28/31 | 재적재  5 | 중계율 0.30 | alpha 0.478 | step_limit
Ep 30 | 드론3 목적지50 | 1000스텝 | 배송 45/50 | 재적재  9 | 중계율 0.26 | alpha 0.514 | step_limit
Ep 31 | 드론3 목적지31 | 1000스텝 | 배송 29/31 | 재적재  4 | 중계율 0.17 | alpha 0.552 | step_limit
Ep 32 | 드론4 목적지27 |  359스텝 | 배송 27/27 | 재적재  4 | 중계율 0.20 | alpha 0.566 | complete
Ep 33 | 드론3 목적지72 | 1000스텝 | 배송 58/72 | 재적재 10 | 중계율 0.26 | alpha 0.609 | step_limit
Ep 34 | 드론4 목적지35 |  804스텝 | 배송 35/35 | 재적재  6 | 중계율 0.35 | alpha 0.645 | complete
Ep 35 | 드론3 목적지68 | 1000스텝 | 배송 55/68 | 재적재 10 | 중계율 0.24 | alpha 0.695 | step_limit
Ep 36 | 드론3 목적지44 |  725스텝 | 배송 44/44 | 재적재  8 | 중계율 0.25 | alpha 0.732 | complete
Ep 37 | 드론3 목적지72 | 1000스텝 | 배송 59/72 | 재적재 11 | 중계율 0.26 | alpha 0.788 | step_limit
Ep 38 | 드론3 목적지30 |  501스텝 | 배송 30/30 | 재적재  5 | 중계율 0.19 | alpha 0.817 | complete
Ep 39 | 드론4 목적지40 |  937스텝 | 배송 40/40 | 재적재  6 | 중계율 0.42 | alpha 0.873 | complete
Ep 40 | 드론4 목적지71 |  974스텝 | 배송 71/71 | 재적재 12 | 중계율 0.23 | alpha 0.934 | complete
Ep 41 | 드론4 목적지62 | 1000스텝 | 배송 56/62 | 재적재  8 | 중계율 0.28 | alpha 1.000 | step_limit
Ep 42 | 드론3 목적지33 |  586스텝 | 배송 33/33 | 재적재  6 | 중계율 0.27 | alpha 1.039 | complete
Ep 43 | 드론3 목적지21 |  660스텝 | 배송 21/21 | 재적재  2 | 중계율 0.25 | alpha 1.083 | complete
Ep 44 | 드론4 목적지50 |  839스텝 | 배송 50/50 | 재적재  9 | 중계율 0.28 | alpha 1.141 | complete
Ep 45 | 드론4 목적지53 |  993스텝 | 배송 53/53 | 재적재  8 | 중계율 0.26 | alpha 1.213 | complete
Ep 46 | 드론4 목적지64 | 1000스텝 | 배송 62/64 | 재적재 12 | 중계율 0.18 | alpha 1.286 | step_limit
Ep 47 | 드론3 목적지79 | 1000스텝 | 배송 55/79 | 재적재 11 | 중계율 0.17 | alpha 1.360 | step_limit
Ep 48 | 드론3 목적지56 | 1000스텝 | 배송 53/56 | 재적재 10 | 중계율 0.23 | alpha 1.434 | step_limit
Ep 49 | 드론3 목적지65 | 1000스텝 | 배송 63/65 | 재적재 12 | 중계율 0.23 | alpha 1.506 | step_limit
Ep 50 | 드론3 목적지79 | 1000스텝 | 배송 56/79 | 재적재 11 | 중계율 0.19 | alpha 1.577 | step_limit
  [홀드아웃] 배송 39.2±10.6 완주 0.79 스텝 1270 점수 101.8 재적재 6.2 2홉+ 0.54 [4/50 0.80·1518 | 3/30 0.78·1023] | 최고 101.8@ep50 정체 0/8  ← 갱신
Ep 51 | 드론4 목적지78 | 1000스텝 | 배송 77/78 | 재적재 15 | 중계율 0.18 | alpha 1.647 | step_limit
Ep 52 | 드론3 목적지41 |  999스텝 | 배송 41/41 | 재적재  7 | 중계율 0.27 | alpha 1.723 | complete
Ep 53 | 드론4 목적지69 | 1000스텝 | 배송 68/69 | 재적재 13 | 중계율 0.23 | alpha 1.799 | step_limit
Ep 54 | 드론4 목적지62 | 1000스텝 | 배송 55/62 | 재적재  9 | 중계율 0.29 | alpha 1.871 | step_limit
Ep 55 | 드론3 목적지23 |  496스텝 | 배송 23/23 | 재적재  4 | 중계율 0.22 | alpha 1.905 | complete
Ep 56 | 드론4 목적지62 |  804스텝 | 배송 62/62 | 재적재 11 | 중계율 0.16 | alpha 1.959 | complete
Ep 57 | 드론3 목적지36 |  821스텝 | 배송 36/36 | 재적재  5 | 중계율 0.32 | alpha 2.009 | complete
Ep 58 | 드론4 목적지26 |  510스텝 | 배송 26/26 | 재적재  3 | 중계율 0.31 | alpha 2.039 | complete
Ep 59 | 드론3 목적지41 | 1000스텝 | 배송 36/41 | 재적재  6 | 중계율 0.23 | alpha 2.084 | step_limit
Ep 60 | 드론3 목적지49 | 1000스텝 | 배송 48/49 | 재적재  8 | 중계율 0.31 | alpha 2.136 | step_limit
Ep 61 | 드론4 목적지21 |  509스텝 | 배송 21/21 | 재적재  2 | 중계율 0.22 | alpha 2.158 | complete
Ep 62 | 드론4 목적지33 |  845스텝 | 배송 33/33 | 재적재  6 | 중계율 0.24 | alpha 2.201 | complete
Ep 63 | 드론4 목적지41 |  874스텝 | 배송 41/41 | 재적재  5 | 중계율 0.14 | alpha 2.239 | complete
Ep 64 | 드론3 목적지79 | 1000스텝 | 배송 64/79 | 재적재 12 | 중계율 0.18 | alpha 2.272 | step_limit
Ep 65 | 드론4 목적지29 |  724스텝 | 배송 29/29 | 재적재  5 | 중계율 0.24 | alpha 2.298 | complete
Ep 66 | 드론3 목적지53 | 1000스텝 | 배송 49/53 | 재적재  9 | 중계율 0.20 | alpha 2.295 | step_limit
Ep 67 | 드론4 목적지23 |  361스텝 | 배송 23/23 | 재적재  3 | 중계율 0.12 | alpha 2.288 | complete
Ep 68 | 드론3 목적지61 | 1000스텝 | 배송 48/61 | 재적재  9 | 중계율 0.28 | alpha 2.242 | step_limit
Ep 69 | 드론3 목적지37 |  770스텝 | 배송 37/37 | 재적재  5 | 중계율 0.19 | alpha 2.201 | complete
Ep 70 | 드론4 목적지28 |  532스텝 | 배송 28/28 | 재적재  5 | 중계율 0.19 | alpha 2.181 | complete
Ep 71 | 드론3 목적지31 |  851스텝 | 배송 31/31 | 재적재  5 | 중계율 0.29 | alpha 2.147 | complete
Ep 72 | 드론4 목적지36 |  922스텝 | 배송 36/36 | 재적재  5 | 중계율 0.17 | alpha 2.125 | complete
Ep 73 | 드론4 목적지53 |  861스텝 | 배송 53/53 | 재적재 10 | 중계율 0.23 | alpha 2.124 | complete
Ep 74 | 드론3 목적지23 |  708스텝 | 배송 23/23 | 재적재  2 | 중계율 0.21 | alpha 2.123 | complete
Ep 75 | 드론3 목적지70 | 1000스텝 | 배송 61/70 | 재적재 10 | 중계율 0.27 | alpha 2.095 | step_limit
Ep 76 | 드론3 목적지72 | 1000스텝 | 배송 52/72 | 재적재  9 | 중계율 0.21 | alpha 2.081 | step_limit
Ep 77 | 드론3 목적지25 |  878스텝 | 배송 25/25 | 재적재  4 | 중계율 0.29 | alpha 2.101 | complete
Ep 78 | 드론3 목적지58 | 1000스텝 | 배송 53/58 | 재적재  9 | 중계율 0.21 | alpha 2.104 | step_limit
Ep 79 | 드론3 목적지55 | 1000스텝 | 배송 50/55 | 재적재  8 | 중계율 0.26 | alpha 2.117 | step_limit
Ep 80 | 드론3 목적지39 | 1000스텝 | 배송 36/39 | 재적재  7 | 중계율 0.30 | alpha 2.104 | step_limit
Ep 81 | 드론3 목적지48 |  992스텝 | 배송 48/48 | 재적재  9 | 중계율 0.29 | alpha 2.055 | complete
Ep 82 | 드론4 목적지53 |  802스텝 | 배송 53/53 | 재적재  7 | 중계율 0.19 | alpha 2.021 | complete
Ep 83 | 드론3 목적지70 | 1000스텝 | 배송 60/70 | 재적재 10 | 중계율 0.24 | alpha 1.978 | step_limit
Ep 84 | 드론3 목적지56 | 1000스텝 | 배송 51/56 | 재적재 10 | 중계율 0.24 | alpha 1.944 | step_limit
Ep 85 | 드론4 목적지72 | 1000스텝 | 배송 57/72 | 재적재  9 | 중계율 0.30 | alpha 1.945 | step_limit
Ep 86 | 드론3 목적지38 | 1000스텝 | 배송 37/38 | 재적재  5 | 중계율 0.28 | alpha 1.932 | step_limit
Ep 87 | 드론3 목적지68 | 1000스텝 | 배송 50/68 | 재적재  8 | 중계율 0.23 | alpha 1.900 | step_limit
Ep 88 | 드론4 목적지50 |  779스텝 | 배송 50/50 | 재적재  8 | 중계율 0.13 | alpha 1.882 | complete
Ep 89 | 드론3 목적지62 | 1000스텝 | 배송 49/62 | 재적재  8 | 중계율 0.25 | alpha 1.855 | step_limit
Ep 90 | 드론3 목적지76 | 1000스텝 | 배송 66/76 | 재적재 13 | 중계율 0.22 | alpha 1.836 | step_limit
Ep 91 | 드론3 목적지37 |  777스텝 | 배송 37/37 | 재적재  6 | 중계율 0.21 | alpha 1.837 | complete
Ep 92 | 드론4 목적지62 | 1000스텝 | 배송 50/62 | 재적재  8 | 중계율 0.26 | alpha 1.834 | step_limit
Ep 93 | 드론4 목적지73 | 1000스텝 | 배송 55/73 | 재적재 10 | 중계율 0.29 | alpha 1.835 | step_limit
Ep 94 | 드론3 목적지55 | 1000스텝 | 배송 45/55 | 재적재  8 | 중계율 0.30 | alpha 1.833 | step_limit
Ep 95 | 드론3 목적지37 |  721스텝 | 배송 37/37 | 재적재  6 | 중계율 0.25 | alpha 1.811 | complete
Ep 96 | 드론3 목적지42 | 1000스텝 | 배송 38/42 | 재적재  7 | 중계율 0.23 | alpha 1.773 | step_limit
Ep 97 | 드론4 목적지38 |  962스텝 | 배송 38/38 | 재적재  6 | 중계율 0.24 | alpha 1.759 | complete
Ep 98 | 드론3 목적지63 | 1000스텝 | 배송 45/63 | 재적재  6 | 중계율 0.29 | alpha 1.749 | step_limit
Ep 99 | 드론4 목적지80 | 1000스텝 | 배송 75/80 | 재적재 14 | 중계율 0.19 | alpha 1.743 | step_limit
Ep 100 | 드론3 목적지34 |  792스텝 | 배송 34/34 | 재적재  5 | 중계율 0.28 | alpha 1.739 | complete
  [홀드아웃] 배송 39.4±11.0 완주 0.96 스텝 964 점수 123.4 재적재 6.1 2홉+ 0.56 [4/50 1.00·1097 | 3/30 0.93·830] | 최고 123.4@ep100 정체 0/8  ← 갱신
Ep 101 | 드론3 목적지20 |  563스텝 | 배송 20/20 | 재적재  2 | 중계율 0.27 | alpha 1.767 | complete
Ep 102 | 드론3 목적지47 | 1000스텝 | 배송 42/47 | 재적재  7 | 중계율 0.32 | alpha 1.777 | step_limit
Ep 103 | 드론4 목적지43 |  702스텝 | 배송 43/43 | 재적재  6 | 중계율 0.30 | alpha 1.800 | complete
Ep 104 | 드론3 목적지56 | 1000스텝 | 배송 52/56 | 재적재  9 | 중계율 0.21 | alpha 1.790 | step_limit
Ep 105 | 드론3 목적지51 | 1000스텝 | 배송 47/51 | 재적재  8 | 중계율 0.27 | alpha 1.751 | step_limit
Ep 106 | 드론4 목적지75 |  881스텝 | 배송 75/75 | 재적재 13 | 중계율 0.21 | alpha 1.720 | complete
Ep 107 | 드론3 목적지58 | 1000스텝 | 배송 54/58 | 재적재 10 | 중계율 0.25 | alpha 1.727 | step_limit
Ep 108 | 드론4 목적지23 |  764스텝 | 배송 23/23 | 재적재  4 | 중계율 0.28 | alpha 1.747 | complete
Ep 109 | 드론4 목적지30 |  756스텝 | 배송 30/30 | 재적재  5 | 중계율 0.22 | alpha 1.767 | complete
Ep 110 | 드론3 목적지30 |  747스텝 | 배송 30/30 | 재적재  5 | 중계율 0.30 | alpha 1.786 | complete
Ep 111 | 드론4 목적지68 |  991스텝 | 배송 68/68 | 재적재 11 | 중계율 0.15 | alpha 1.812 | complete
Ep 112 | 드론3 목적지35 | 1000스텝 | 배송 33/35 | 재적재  5 | 중계율 0.23 | alpha 1.807 | step_limit
Ep 113 | 드론3 목적지53 | 1000스텝 | 배송 50/53 | 재적재  9 | 중계율 0.20 | alpha 1.822 | step_limit
Ep 114 | 드론3 목적지70 | 1000스텝 | 배송 51/70 | 재적재  9 | 중계율 0.26 | alpha 1.820 | step_limit
Ep 115 | 드론4 목적지29 |  613스텝 | 배송 29/29 | 재적재  4 | 중계율 0.16 | alpha 1.824 | complete
Ep 116 | 드론4 목적지79 | 1000스텝 | 배송 59/79 | 재적재 10 | 중계율 0.21 | alpha 1.780 | step_limit
Ep 117 | 드론3 목적지42 |  586스텝 | 배송 42/42 | 재적재  6 | 중계율 0.16 | alpha 1.749 | complete
Ep 118 | 드론3 목적지75 | 1000스텝 | 배송 54/75 | 재적재 10 | 중계율 0.21 | alpha 1.720 | step_limit
Ep 119 | 드론3 목적지55 | 1000스텝 | 배송 52/55 | 재적재  8 | 중계율 0.22 | alpha 1.705 | step_limit
Ep 120 | 드론4 목적지30 |  616스텝 | 배송 30/30 | 재적재  4 | 중계율 0.24 | alpha 1.690 | complete
Ep 121 | 드론3 목적지67 | 1000스텝 | 배송 60/67 | 재적재 11 | 중계율 0.20 | alpha 1.644 | step_limit
Ep 122 | 드론4 목적지60 |  896스텝 | 배송 60/60 | 재적재 11 | 중계율 0.18 | alpha 1.648 | complete
Ep 123 | 드론4 목적지25 |  581스텝 | 배송 25/25 | 재적재  2 | 중계율 0.30 | alpha 1.649 | complete
Ep 124 | 드론4 목적지21 |  558스텝 | 배송 21/21 | 재적재  3 | 중계율 0.31 | alpha 1.653 | complete
Ep 125 | 드론3 목적지30 |  670스텝 | 배송 30/30 | 재적재  3 | 중계율 0.28 | alpha 1.667 | complete
Ep 126 | 드론3 목적지49 | 1000스텝 | 배송 45/49 | 재적재  7 | 중계율 0.28 | alpha 1.660 | step_limit
Ep 127 | 드론4 목적지71 | 1000스텝 | 배송 69/71 | 재적재 13 | 중계율 0.24 | alpha 1.674 | step_limit
Ep 128 | 드론3 목적지53 |  862스텝 | 배송 53/53 | 재적재  9 | 중계율 0.20 | alpha 1.688 | complete
Ep 129 | 드론3 목적지72 | 1000스텝 | 배송 53/72 | 재적재  9 | 중계율 0.25 | alpha 1.683 | step_limit
Ep 130 | 드론4 목적지69 | 1000스텝 | 배송 66/69 | 재적재 11 | 중계율 0.13 | alpha 1.666 | step_limit
Ep 131 | 드론3 목적지45 |  980스텝 | 배송 45/45 | 재적재  7 | 중계율 0.25 | alpha 1.671 | complete
Ep 132 | 드론3 목적지29 |  715스텝 | 배송 29/29 | 재적재  5 | 중계율 0.26 | alpha 1.681 | complete
Ep 133 | 드론4 목적지21 |  344스텝 | 배송 21/21 | 재적재  3 | 중계율 0.24 | alpha 1.679 | complete
Ep 134 | 드론4 목적지36 |  678스텝 | 배송 36/36 | 재적재  6 | 중계율 0.16 | alpha 1.664 | complete
Ep 135 | 드론3 목적지27 |  672스텝 | 배송 27/27 | 재적재  5 | 중계율 0.25 | alpha 1.647 | complete
Ep 136 | 드론3 목적지47 | 1000스텝 | 배송 45/47 | 재적재  9 | 중계율 0.25 | alpha 1.642 | step_limit
Ep 137 | 드론4 목적지40 | 1000스텝 | 배송 36/40 | 재적재  7 | 중계율 0.31 | alpha 1.638 | step_limit
Ep 138 | 드론3 목적지63 | 1000스텝 | 배송 60/63 | 재적재 10 | 중계율 0.19 | alpha 1.634 | step_limit
Ep 139 | 드론3 목적지55 | 1000스텝 | 배송 49/55 | 재적재  9 | 중계율 0.19 | alpha 1.612 | step_limit
Ep 140 | 드론4 목적지73 |  927스텝 | 배송 73/73 | 재적재 12 | 중계율 0.14 | alpha 1.604 | complete
Ep 141 | 드론3 목적지46 |  954스텝 | 배송 46/46 | 재적재  8 | 중계율 0.18 | alpha 1.606 | complete
Ep 142 | 드론4 목적지67 | 1000스텝 | 배송 58/67 | 재적재  9 | 중계율 0.18 | alpha 1.590 | step_limit
Ep 143 | 드론4 목적지53 |  802스텝 | 배송 53/53 | 재적재  9 | 중계율 0.19 | alpha 1.578 | complete
Ep 144 | 드론4 목적지29 |  544스텝 | 배송 29/29 | 재적재  3 | 중계율 0.18 | alpha 1.566 | complete
Ep 145 | 드론4 목적지49 | 1000스텝 | 배송 48/49 | 재적재  7 | 중계율 0.25 | alpha 1.569 | step_limit
Ep 146 | 드론3 목적지41 |  869스텝 | 배송 41/41 | 재적재  7 | 중계율 0.25 | alpha 1.565 | complete
Ep 147 | 드론4 목적지61 | 1000스텝 | 배송 55/61 | 재적재 10 | 중계율 0.30 | alpha 1.578 | step_limit
Ep 148 | 드론3 목적지29 |  728스텝 | 배송 29/29 | 재적재  4 | 중계율 0.24 | alpha 1.565 | complete
Ep 149 | 드론4 목적지70 | 1000스텝 | 배송 54/70 | 재적재  9 | 중계율 0.23 | alpha 1.532 | step_limit
Ep 150 | 드론3 목적지56 | 1000스텝 | 배송 52/56 | 재적재  9 | 중계율 0.21 | alpha 1.508 | step_limit
  [홀드아웃] 배송 39.6±10.2 완주 0.97 스텝 1008 점수 124.1 재적재 6.3 2홉+ 0.55 [4/50 0.97·1100 | 3/30 0.97·916] | 최고 124.1@ep150 정체 0/8  ← 갱신
Ep 151 | 드론4 목적지24 |  314스텝 | 배송 24/24 | 재적재  4 | 중계율 0.14 | alpha 1.495 | complete
Ep 152 | 드론4 목적지62 | 1000스텝 | 배송 61/62 | 재적재 11 | 중계율 0.23 | alpha 1.460 | step_limit
Ep 153 | 드론3 목적지59 |  884스텝 | 배송 59/59 | 재적재 10 | 중계율 0.16 | alpha 1.465 | complete
Ep 154 | 드론4 목적지21 | 1000스텝 | 배송 20/21 | 재적재  2 | 중계율 0.33 | alpha 1.446 | step_limit
Ep 155 | 드론4 목적지51 | 1000스텝 | 배송 49/51 | 재적재  7 | 중계율 0.32 | alpha 1.418 | step_limit
Ep 156 | 드론4 목적지72 |  985스텝 | 배송 72/72 | 재적재 12 | 중계율 0.27 | alpha 1.400 | complete
Ep 157 | 드론3 목적지45 | 1000스텝 | 배송 44/45 | 재적재  8 | 중계율 0.23 | alpha 1.407 | step_limit
Ep 158 | 드론3 목적지36 | 1000스텝 | 배송 34/36 | 재적재  4 | 중계율 0.22 | alpha 1.428 | step_limit
Ep 159 | 드론4 목적지21 |  696스텝 | 배송 21/21 | 재적재  2 | 중계율 0.27 | alpha 1.421 | complete
Ep 160 | 드론3 목적지67 | 1000스텝 | 배송 60/67 | 재적재 10 | 중계율 0.15 | alpha 1.449 | step_limit
Ep 161 | 드론3 목적지51 |  859스텝 | 배송 51/51 | 재적재  9 | 중계율 0.14 | alpha 1.436 | complete
Ep 162 | 드론4 목적지55 |  569스텝 | 배송 55/55 | 재적재  9 | 중계율 0.16 | alpha 1.440 | complete
Ep 163 | 드론4 목적지52 |  625스텝 | 배송 52/52 | 재적재  7 | 중계율 0.19 | alpha 1.457 | complete
Ep 164 | 드론3 목적지36 | 1000스텝 | 배송 35/36 | 재적재  7 | 중계율 0.24 | alpha 1.442 | step_limit
Ep 165 | 드론3 목적지79 | 1000스텝 | 배송 64/79 | 재적재 12 | 중계율 0.20 | alpha 1.427 | step_limit
Ep 166 | 드론3 목적지73 | 1000스텝 | 배송 66/73 | 재적재 13 | 중계율 0.14 | alpha 1.412 | step_limit
Ep 167 | 드론3 목적지26 |  594스텝 | 배송 26/26 | 재적재  5 | 중계율 0.27 | alpha 1.408 | complete
Ep 168 | 드론3 목적지23 |  712스텝 | 배송 23/23 | 재적재  4 | 중계율 0.25 | alpha 1.397 | complete
Ep 169 | 드론3 목적지47 | 1000스텝 | 배송 46/47 | 재적재  8 | 중계율 0.24 | alpha 1.402 | step_limit
Ep 170 | 드론3 목적지78 | 1000스텝 | 배송 60/78 | 재적재  9 | 중계율 0.22 | alpha 1.424 | step_limit
Ep 171 | 드론3 목적지55 |  941스텝 | 배송 55/55 | 재적재 10 | 중계율 0.17 | alpha 1.411 | complete
Ep 172 | 드론4 목적지21 |  441스텝 | 배송 21/21 | 재적재  3 | 중계율 0.23 | alpha 1.403 | complete
Ep 173 | 드론3 목적지63 | 1000스텝 | 배송 51/63 | 재적재  9 | 중계율 0.24 | alpha 1.403 | step_limit
Ep 174 | 드론4 목적지42 |  826스텝 | 배송 42/42 | 재적재  6 | 중계율 0.29 | alpha 1.364 | complete
Ep 175 | 드론4 목적지22 |  497스텝 | 배송 22/22 | 재적재  3 | 중계율 0.31 | alpha 1.356 | complete
Ep 176 | 드론3 목적지68 | 1000스텝 | 배송 55/68 | 재적재 10 | 중계율 0.23 | alpha 1.360 | step_limit
Ep 177 | 드론4 목적지35 |  903스텝 | 배송 35/35 | 재적재  5 | 중계율 0.27 | alpha 1.349 | complete
Ep 178 | 드론3 목적지76 | 1000스텝 | 배송 66/76 | 재적재 11 | 중계율 0.20 | alpha 1.346 | step_limit
Ep 179 | 드론3 목적지55 | 1000스텝 | 배송 50/55 | 재적재  8 | 중계율 0.30 | alpha 1.339 | step_limit
Ep 180 | 드론3 목적지67 | 1000스텝 | 배송 58/67 | 재적재 11 | 중계율 0.26 | alpha 1.329 | step_limit
Ep 181 | 드론3 목적지73 | 1000스텝 | 배송 59/73 | 재적재 10 | 중계율 0.14 | alpha 1.330 | step_limit
Ep 182 | 드론3 목적지47 | 1000스텝 | 배송 44/47 | 재적재  8 | 중계율 0.31 | alpha 1.307 | step_limit
Ep 183 | 드론3 목적지33 |  822스텝 | 배송 33/33 | 재적재  6 | 중계율 0.24 | alpha 1.299 | complete
Ep 184 | 드론3 목적지56 | 1000스텝 | 배송 53/56 | 재적재 10 | 중계율 0.21 | alpha 1.285 | step_limit
Ep 185 | 드론4 목적지47 |  967스텝 | 배송 47/47 | 재적재  7 | 중계율 0.29 | alpha 1.297 | complete
Ep 186 | 드론4 목적지47 |  670스텝 | 배송 47/47 | 재적재  8 | 중계율 0.18 | alpha 1.298 | complete
Ep 187 | 드론4 목적지29 | 1000스텝 | 배송 29/29 | 재적재  5 | 중계율 0.39 | alpha 1.311 | complete
Ep 188 | 드론3 목적지42 | 1000스텝 | 배송 41/42 | 재적재  8 | 중계율 0.32 | alpha 1.319 | step_limit
Ep 189 | 드론4 목적지31 |  542스텝 | 배송 31/31 | 재적재  5 | 중계율 0.25 | alpha 1.327 | complete
Ep 190 | 드론4 목적지65 | 1000스텝 | 배송 55/65 | 재적재 10 | 중계율 0.30 | alpha 1.326 | step_limit
Ep 191 | 드론4 목적지28 |  416스텝 | 배송 28/28 | 재적재  4 | 중계율 0.15 | alpha 1.312 | complete
Ep 192 | 드론3 목적지30 |  980스텝 | 배송 30/30 | 재적재  5 | 중계율 0.29 | alpha 1.276 | complete
Ep 193 | 드론3 목적지63 | 1000스텝 | 배송 57/63 | 재적재 10 | 중계율 0.23 | alpha 1.264 | step_limit
Ep 194 | 드론4 목적지33 |  338스텝 | 배송 33/33 | 재적재  4 | 중계율 0.06 | alpha 1.268 | complete
Ep 195 | 드론4 목적지51 |  749스텝 | 배송 51/51 | 재적재  8 | 중계율 0.16 | alpha 1.266 | complete
Ep 196 | 드론3 목적지54 | 1000스텝 | 배송 53/54 | 재적재 10 | 중계율 0.33 | alpha 1.274 | step_limit
Ep 197 | 드론4 목적지76 |  768스텝 | 배송 76/76 | 재적재 14 | 중계율 0.12 | alpha 1.278 | complete
Ep 198 | 드론4 목적지23 |  294스텝 | 배송 23/23 | 재적재  4 | 중계율 0.12 | alpha 1.270 | complete
Ep 199 | 드론4 목적지34 |  466스텝 | 배송 34/34 | 재적재  5 | 중계율 0.15 | alpha 1.257 | complete
Ep 200 | 드론3 목적지71 | 1000스텝 | 배송 60/71 | 재적재 11 | 중계율 0.23 | alpha 1.248 | step_limit
  [홀드아웃] 배송 39.9±9.9 완주 0.96 스텝 892 점수 124.4 재적재 6.4 2홉+ 0.55 [4/50 0.93·1025 | 3/30 1.00·759] | 최고 124.4@ep200 정체 0/8  ← 갱신
Ep 201 | 드론4 목적지47 | 1000스텝 | 배송 46/47 | 재적재  9 | 중계율 0.29 | alpha 1.259 | step_limit
Ep 202 | 드론3 목적지51 |  973스텝 | 배송 51/51 | 재적재  9 | 중계율 0.23 | alpha 1.271 | complete
Ep 203 | 드론4 목적지64 | 1000스텝 | 배송 42/64 | 재적재  8 | 중계율 0.34 | alpha 1.284 | step_limit
Ep 204 | 드론3 목적지43 | 1000스텝 | 배송 42/43 | 재적재  8 | 중계율 0.34 | alpha 1.290 | step_limit
Ep 205 | 드론3 목적지60 | 1000스텝 | 배송 54/60 | 재적재  8 | 중계율 0.23 | alpha 1.282 | step_limit
Ep 206 | 드론3 목적지45 | 1000스텝 | 배송 40/45 | 재적재  6 | 중계율 0.25 | alpha 1.276 | step_limit
Ep 207 | 드론4 목적지31 |  489스텝 | 배송 31/31 | 재적재  4 | 중계율 0.26 | alpha 1.269 | complete
Ep 208 | 드론3 목적지39 |  832스텝 | 배송 39/39 | 재적재  6 | 중계율 0.25 | alpha 1.275 | complete
Ep 209 | 드론4 목적지78 | 1000스텝 | 배송 76/78 | 재적재 12 | 중계율 0.28 | alpha 1.269 | step_limit
Ep 210 | 드론3 목적지54 |  925스텝 | 배송 54/54 | 재적재  9 | 중계율 0.28 | alpha 1.277 | complete
Ep 211 | 드론3 목적지59 | 1000스텝 | 배송 52/59 | 재적재 10 | 중계율 0.32 | alpha 1.275 | step_limit
Ep 212 | 드론4 목적지35 |  491스텝 | 배송 35/35 | 재적재  4 | 중계율 0.27 | alpha 1.269 | complete
Ep 213 | 드론3 목적지41 |  749스텝 | 배송 41/41 | 재적재  7 | 중계율 0.14 | alpha 1.256 | complete
Ep 214 | 드론3 목적지29 |  891스텝 | 배송 29/29 | 재적재  5 | 중계율 0.35 | alpha 1.233 | complete
Ep 215 | 드론3 목적지44 |  803스텝 | 배송 44/44 | 재적재  8 | 중계율 0.20 | alpha 1.205 | complete
Ep 216 | 드론3 목적지41 |  936스텝 | 배송 41/41 | 재적재  6 | 중계율 0.24 | alpha 1.170 | complete
Ep 217 | 드론4 목적지38 |  711스텝 | 배송 38/38 | 재적재  6 | 중계율 0.23 | alpha 1.144 | complete
Ep 218 | 드론3 목적지33 |  779스텝 | 배송 33/33 | 재적재  5 | 중계율 0.26 | alpha 1.135 | complete
Ep 219 | 드론4 목적지36 |  620스텝 | 배송 36/36 | 재적재  6 | 중계율 0.26 | alpha 1.125 | complete
Ep 220 | 드론4 목적지38 |  604스텝 | 배송 38/38 | 재적재  6 | 중계율 0.18 | alpha 1.112 | complete
Ep 221 | 드론3 목적지68 | 1000스텝 | 배송 57/68 | 재적재 10 | 중계율 0.27 | alpha 1.112 | step_limit
Ep 222 | 드론4 목적지50 |  864스텝 | 배송 50/50 | 재적재  8 | 중계율 0.17 | alpha 1.118 | complete
Ep 223 | 드론4 목적지53 | 1000스텝 | 배송 50/53 | 재적재  9 | 중계율 0.34 | alpha 1.094 | step_limit
Ep 224 | 드론4 목적지80 | 1000스텝 | 배송 71/80 | 재적재 13 | 중계율 0.19 | alpha 1.089 | step_limit
Ep 225 | 드론4 목적지29 |  388스텝 | 배송 29/29 | 재적재  4 | 중계율 0.17 | alpha 1.089 | complete
Ep 226 | 드론4 목적지35 |  450스텝 | 배송 35/35 | 재적재  5 | 중계율 0.15 | alpha 1.103 | complete
Ep 227 | 드론4 목적지79 |  958스텝 | 배송 79/79 | 재적재 15 | 중계율 0.18 | alpha 1.093 | complete
Ep 228 | 드론3 목적지69 | 1000스텝 | 배송 50/69 | 재적재  9 | 중계율 0.21 | alpha 1.099 | step_limit
Ep 229 | 드론3 목적지22 |  459스텝 | 배송 22/22 | 재적재  3 | 중계율 0.23 | alpha 1.106 | complete
Ep 230 | 드론3 목적지68 | 1000스텝 | 배송 60/68 | 재적재 10 | 중계율 0.23 | alpha 1.097 | step_limit
Ep 231 | 드론4 목적지41 |  711스텝 | 배송 41/41 | 재적재  6 | 중계율 0.27 | alpha 1.084 | complete
Ep 232 | 드론3 목적지64 | 1000스텝 | 배송 60/64 | 재적재 10 | 중계율 0.25 | alpha 1.096 | step_limit
Ep 233 | 드론4 목적지51 |  654스텝 | 배송 51/51 | 재적재  8 | 중계율 0.19 | alpha 1.108 | complete
Ep 234 | 드론4 목적지57 |  627스텝 | 배송 57/57 | 재적재 11 | 중계율 0.15 | alpha 1.116 | complete
Ep 235 | 드론4 목적지71 |  992스텝 | 배송 71/71 | 재적재 13 | 중계율 0.27 | alpha 1.127 | complete
Ep 236 | 드론3 목적지21 |  649스텝 | 배송 21/21 | 재적재  3 | 중계율 0.29 | alpha 1.122 | complete
Ep 237 | 드론3 목적지79 | 1000스텝 | 배송 64/79 | 재적재 11 | 중계율 0.25 | alpha 1.109 | step_limit
Ep 238 | 드론3 목적지55 | 1000스텝 | 배송 53/55 | 재적재  9 | 중계율 0.32 | alpha 1.116 | step_limit
Ep 239 | 드론4 목적지25 |  530스텝 | 배송 25/25 | 재적재  4 | 중계율 0.31 | alpha 1.127 | complete
Ep 240 | 드론4 목적지25 |  540스텝 | 배송 25/25 | 재적재  3 | 중계율 0.25 | alpha 1.124 | complete
Ep 241 | 드론4 목적지65 | 1000스텝 | 배송 53/65 | 재적재  8 | 중계율 0.31 | alpha 1.139 | step_limit
Ep 242 | 드론4 목적지49 |  711스텝 | 배송 49/49 | 재적재  8 | 중계율 0.22 | alpha 1.130 | complete
Ep 243 | 드론3 목적지32 | 1000스텝 | 배송 30/32 | 재적재  5 | 중계율 0.25 | alpha 1.129 | step_limit
Ep 244 | 드론4 목적지70 | 1000스텝 | 배송 64/70 | 재적재 11 | 중계율 0.25 | alpha 1.114 | step_limit
Ep 245 | 드론3 목적지70 | 1000스텝 | 배송 48/70 | 재적재  8 | 중계율 0.26 | alpha 1.109 | step_limit
Ep 246 | 드론3 목적지59 | 1000스텝 | 배송 50/59 | 재적재 10 | 중계율 0.29 | alpha 1.098 | step_limit
Ep 247 | 드론4 목적지26 |  566스텝 | 배송 26/26 | 재적재  4 | 중계율 0.27 | alpha 1.084 | complete
Ep 248 | 드론4 목적지80 | 1000스텝 | 배송 70/80 | 재적재 12 | 중계율 0.30 | alpha 1.070 | step_limit
Ep 249 | 드론4 목적지43 |  601스텝 | 배송 43/43 | 재적재  6 | 중계율 0.20 | alpha 1.062 | complete
Ep 250 | 드론4 목적지61 | 1000스텝 | 배송 59/61 | 재적재 10 | 중계율 0.34 | alpha 1.066 | step_limit
  [홀드아웃] 배송 39.9±10.1 완주 0.99 스텝 841 점수 127.5 재적재 6.2 2홉+ 0.55 [4/50 1.00·977 | 3/30 0.97·705] | 최고 127.5@ep250 정체 0/8  ← 갱신
Ep 251 | 드론4 목적지41 |  650스텝 | 배송 41/41 | 재적재  7 | 중계율 0.21 | alpha 1.080 | complete
Ep 252 | 드론4 목적지26 |  477스텝 | 배송 26/26 | 재적재  4 | 중계율 0.25 | alpha 1.091 | complete
Ep 253 | 드론3 목적지33 |  800스텝 | 배송 33/33 | 재적재  5 | 중계율 0.32 | alpha 1.092 | complete
Ep 254 | 드론4 목적지39 | 1000스텝 | 배송 28/39 | 재적재  4 | 중계율 0.33 | alpha 1.073 | step_limit
Ep 255 | 드론3 목적지66 | 1000스텝 | 배송 59/66 | 재적재  9 | 중계율 0.30 | alpha 1.065 | step_limit
Ep 256 | 드론4 목적지49 |  593스텝 | 배송 49/49 | 재적재  8 | 중계율 0.19 | alpha 1.063 | complete
Ep 257 | 드론4 목적지27 |  854스텝 | 배송 27/27 | 재적재  5 | 중계율 0.35 | alpha 1.064 | complete
Ep 258 | 드론3 목적지43 |  933스텝 | 배송 43/43 | 재적재  7 | 중계율 0.25 | alpha 1.056 | complete
Ep 259 | 드론3 목적지78 | 1000스텝 | 배송 54/78 | 재적재  9 | 중계율 0.17 | alpha 1.032 | step_limit
Ep 260 | 드론4 목적지38 |  873스텝 | 배송 38/38 | 재적재  7 | 중계율 0.33 | alpha 1.020 | complete
Ep 261 | 드론3 목적지56 | 1000스텝 | 배송 50/56 | 재적재  9 | 중계율 0.26 | alpha 1.014 | step_limit
Ep 262 | 드론4 목적지41 |  514스텝 | 배송 41/41 | 재적재  7 | 중계율 0.22 | alpha 1.020 | complete
Ep 263 | 드론4 목적지76 |  859스텝 | 배송 76/76 | 재적재 14 | 중계율 0.23 | alpha 1.022 | complete
Ep 264 | 드론4 목적지74 | 1000스텝 | 배송 68/74 | 재적재 12 | 중계율 0.24 | alpha 1.011 | step_limit
Ep 265 | 드론4 목적지57 |  907스텝 | 배송 57/57 | 재적재  9 | 중계율 0.26 | alpha 1.003 | complete
Ep 266 | 드론3 목적지80 | 1000스텝 | 배송 71/80 | 재적재 13 | 중계율 0.11 | alpha 1.008 | step_limit
Ep 267 | 드론4 목적지66 |  985스텝 | 배송 66/66 | 재적재 12 | 중계율 0.25 | alpha 0.999 | complete
Ep 268 | 드론3 목적지72 | 1000스텝 | 배송 46/72 | 재적재  8 | 중계율 0.16 | alpha 0.981 | step_limit
Ep 269 | 드론3 목적지38 |  736스텝 | 배송 38/38 | 재적재  5 | 중계율 0.30 | alpha 0.979 | complete
Ep 270 | 드론3 목적지30 |  790스텝 | 배송 30/30 | 재적재  5 | 중계율 0.31 | alpha 0.969 | complete
Ep 271 | 드론3 목적지63 | 1000스텝 | 배송 53/63 | 재적재  9 | 중계율 0.26 | alpha 0.952 | step_limit
Ep 272 | 드론4 목적지63 |  786스텝 | 배송 63/63 | 재적재 12 | 중계율 0.22 | alpha 0.942 | complete
Ep 273 | 드론3 목적지23 |  528스텝 | 배송 23/23 | 재적재  4 | 중계율 0.24 | alpha 0.936 | complete
Ep 274 | 드론3 목적지48 | 1000스텝 | 배송 47/48 | 재적재  7 | 중계율 0.33 | alpha 0.938 | step_limit
Ep 275 | 드론4 목적지66 | 1000스텝 | 배송 57/66 | 재적재  9 | 중계율 0.28 | alpha 0.937 | step_limit
Ep 276 | 드론4 목적지66 | 1000스텝 | 배송 60/66 | 재적재 10 | 중계율 0.39 | alpha 0.953 | step_limit
Ep 277 | 드론3 목적지70 | 1000스텝 | 배송 61/70 | 재적재 10 | 중계율 0.14 | alpha 0.961 | step_limit
Ep 278 | 드론4 목적지45 |  593스텝 | 배송 45/45 | 재적재  7 | 중계율 0.15 | alpha 0.971 | complete
Ep 279 | 드론3 목적지25 |  530스텝 | 배송 25/25 | 재적재  3 | 중계율 0.19 | alpha 0.978 | complete
Ep 280 | 드론4 목적지74 | 1000스텝 | 배송 58/74 | 재적재 10 | 중계율 0.27 | alpha 0.975 | step_limit
Ep 281 | 드론3 목적지36 | 1000스텝 | 배송 35/36 | 재적재  6 | 중계율 0.26 | alpha 0.961 | step_limit
Ep 282 | 드론3 목적지65 | 1000스텝 | 배송 49/65 | 재적재  8 | 중계율 0.34 | alpha 0.948 | step_limit
Ep 283 | 드론4 목적지26 |  464스텝 | 배송 26/26 | 재적재  4 | 중계율 0.16 | alpha 0.942 | complete
Ep 284 | 드론4 목적지66 |  928스텝 | 배송 66/66 | 재적재 11 | 중계율 0.19 | alpha 0.941 | complete
Ep 285 | 드론4 목적지30 |  551스텝 | 배송 30/30 | 재적재  4 | 중계율 0.26 | alpha 0.926 | complete
Ep 286 | 드론4 목적지32 |  638스텝 | 배송 32/32 | 재적재  5 | 중계율 0.30 | alpha 0.913 | complete
Ep 287 | 드론3 목적지62 | 1000스텝 | 배송 55/62 | 재적재 10 | 중계율 0.28 | alpha 0.927 | step_limit
Ep 288 | 드론4 목적지26 |  593스텝 | 배송 26/26 | 재적재  5 | 중계율 0.33 | alpha 0.921 | complete
Ep 289 | 드론4 목적지21 |  403스텝 | 배송 21/21 | 재적재  3 | 중계율 0.15 | alpha 0.922 | complete
Ep 290 | 드론3 목적지80 | 1000스텝 | 배송 64/80 | 재적재 11 | 중계율 0.27 | alpha 0.918 | step_limit
Ep 291 | 드론4 목적지28 |  277스텝 | 배송 28/28 | 재적재  5 | 중계율 0.14 | alpha 0.914 | complete
Ep 292 | 드론4 목적지41 |  838스텝 | 배송 41/41 | 재적재  6 | 중계율 0.30 | alpha 0.901 | complete
Ep 293 | 드론4 목적지78 |  730스텝 | 배송 78/78 | 재적재 13 | 중계율 0.15 | alpha 0.905 | complete
Ep 294 | 드론4 목적지22 |  260스텝 | 배송 22/22 | 재적재  2 | 중계율 0.14 | alpha 0.903 | complete
Ep 295 | 드론3 목적지53 |  929스텝 | 배송 53/53 | 재적재  9 | 중계율 0.18 | alpha 0.881 | complete
Ep 296 | 드론3 목적지29 |  558스텝 | 배송 29/29 | 재적재  4 | 중계율 0.26 | alpha 0.868 | complete
Ep 297 | 드론4 목적지39 |  730스텝 | 배송 39/39 | 재적재  5 | 중계율 0.37 | alpha 0.857 | complete
Ep 298 | 드론3 목적지21 |  422스텝 | 배송 21/21 | 재적재  2 | 중계율 0.30 | alpha 0.857 | complete
Ep 299 | 드론3 목적지45 |  834스텝 | 배송 45/45 | 재적재  7 | 중계율 0.25 | alpha 0.856 | complete
Ep 300 | 드론3 목적지65 | 1000스텝 | 배송 59/65 | 재적재 10 | 중계율 0.30 | alpha 0.856 | step_limit
  [홀드아웃] 배송 39.7±10.0 완주 0.95 스텝 848 점수 123.7 재적재 6.1 2홉+ 0.56 [4/50 0.93·961 | 3/30 0.97·736] | 최고 127.5@ep250 정체 1/8
Ep 301 | 드론4 목적지79 |  853스텝 | 배송 79/79 | 재적재 14 | 중계율 0.20 | alpha 0.861 | complete
Ep 302 | 드론3 목적지40 |  815스텝 | 배송 40/40 | 재적재  7 | 중계율 0.25 | alpha 0.861 | complete
Ep 303 | 드론3 목적지42 |  797스텝 | 배송 42/42 | 재적재  7 | 중계율 0.27 | alpha 0.864 | complete
Ep 304 | 드론3 목적지65 | 1000스텝 | 배송 55/65 | 재적재  9 | 중계율 0.26 | alpha 0.861 | step_limit
Ep 305 | 드론3 목적지57 |  958스텝 | 배송 57/57 | 재적재 10 | 중계율 0.23 | alpha 0.879 | complete
Ep 306 | 드론3 목적지27 |  595스텝 | 배송 27/27 | 재적재  4 | 중계율 0.26 | alpha 0.880 | complete
Ep 307 | 드론3 목적지36 |  646스텝 | 배송 36/36 | 재적재  5 | 중계율 0.24 | alpha 0.887 | complete
Ep 308 | 드론4 목적지42 |  773스텝 | 배송 42/42 | 재적재  6 | 중계율 0.24 | alpha 0.882 | complete
Ep 309 | 드론3 목적지45 |  740스텝 | 배송 45/45 | 재적재  6 | 중계율 0.25 | alpha 0.890 | complete
Ep 310 | 드론4 목적지27 |  399스텝 | 배송 27/27 | 재적재  4 | 중계율 0.22 | alpha 0.895 | complete
Ep 311 | 드론4 목적지50 |  686스텝 | 배송 50/50 | 재적재  9 | 중계율 0.23 | alpha 0.888 | complete
Ep 312 | 드론3 목적지68 | 1000스텝 | 배송 55/68 | 재적재 10 | 중계율 0.25 | alpha 0.887 | step_limit
Ep 313 | 드론3 목적지46 |  875스텝 | 배송 46/46 | 재적재  9 | 중계율 0.24 | alpha 0.882 | complete
Ep 314 | 드론3 목적지53 | 1000스텝 | 배송 52/53 | 재적재 10 | 중계율 0.28 | alpha 0.888 | step_limit
Ep 315 | 드론3 목적지47 |  940스텝 | 배송 47/47 | 재적재  9 | 중계율 0.19 | alpha 0.885 | complete
Ep 316 | 드론4 목적지69 | 1000스텝 | 배송 66/69 | 재적재 12 | 중계율 0.17 | alpha 0.871 | step_limit
Ep 317 | 드론4 목적지49 |  680스텝 | 배송 49/49 | 재적재  7 | 중계율 0.20 | alpha 0.852 | complete
Ep 318 | 드론4 목적지60 | 1000스텝 | 배송 57/60 | 재적재 10 | 중계율 0.29 | alpha 0.838 | step_limit
Ep 319 | 드론4 목적지57 |  704스텝 | 배송 57/57 | 재적재  9 | 중계율 0.19 | alpha 0.839 | complete
Ep 320 | 드론4 목적지28 |  582스텝 | 배송 28/28 | 재적재  3 | 중계율 0.33 | alpha 0.837 | complete
Ep 321 | 드론3 목적지50 |  802스텝 | 배송 50/50 | 재적재  9 | 중계율 0.19 | alpha 0.828 | complete
Ep 322 | 드론3 목적지33 |  780스텝 | 배송 33/33 | 재적재  5 | 중계율 0.23 | alpha 0.828 | complete
Ep 323 | 드론3 목적지55 | 1000스텝 | 배송 52/55 | 재적재  9 | 중계율 0.25 | alpha 0.811 | step_limit
Ep 324 | 드론3 목적지52 | 1000스텝 | 배송 47/52 | 재적재  8 | 중계율 0.32 | alpha 0.796 | step_limit
Ep 325 | 드론4 목적지45 |  640스텝 | 배송 45/45 | 재적재  8 | 중계율 0.21 | alpha 0.792 | complete
Ep 326 | 드론3 목적지78 | 1000스텝 | 배송 58/78 | 재적재 10 | 중계율 0.27 | alpha 0.778 | step_limit
Ep 327 | 드론4 목적지27 |  962스텝 | 배송 27/27 | 재적재  3 | 중계율 0.39 | alpha 0.769 | complete
Ep 328 | 드론4 목적지75 | 1000스텝 | 배송 70/75 | 재적재 11 | 중계율 0.31 | alpha 0.759 | step_limit
Ep 329 | 드론4 목적지79 | 1000스텝 | 배송 78/79 | 재적재 13 | 중계율 0.16 | alpha 0.760 | step_limit
Ep 330 | 드론3 목적지58 | 1000스텝 | 배송 57/58 | 재적재 10 | 중계율 0.21 | alpha 0.767 | step_limit
Ep 331 | 드론4 목적지69 |  861스텝 | 배송 69/69 | 재적재 12 | 중계율 0.14 | alpha 0.771 | complete
Ep 332 | 드론4 목적지46 |  767스텝 | 배송 46/46 | 재적재  8 | 중계율 0.33 | alpha 0.779 | complete
Ep 333 | 드론3 목적지49 | 1000스텝 | 배송 44/49 | 재적재  8 | 중계율 0.34 | alpha 0.773 | step_limit
Ep 334 | 드론4 목적지75 | 1000스텝 | 배송 69/75 | 재적재 13 | 중계율 0.28 | alpha 0.780 | step_limit
Ep 335 | 드론4 목적지68 |  956스텝 | 배송 68/68 | 재적재 12 | 중계율 0.21 | alpha 0.781 | complete
Ep 336 | 드론4 목적지64 |  891스텝 | 배송 64/64 | 재적재 11 | 중계율 0.14 | alpha 0.760 | complete
Ep 337 | 드론4 목적지50 |  967스텝 | 배송 50/50 | 재적재  9 | 중계율 0.27 | alpha 0.753 | complete
Ep 338 | 드론4 목적지37 |  478스텝 | 배송 37/37 | 재적재  7 | 중계율 0.17 | alpha 0.749 | complete
Ep 339 | 드론3 목적지33 |  719스텝 | 배송 33/33 | 재적재  5 | 중계율 0.31 | alpha 0.736 | complete
Ep 340 | 드론3 목적지21 |  369스텝 | 배송 21/21 | 재적재  3 | 중계율 0.18 | alpha 0.732 | complete
Ep 341 | 드론3 목적지54 | 1000스텝 | 배송 53/54 | 재적재  9 | 중계율 0.29 | alpha 0.730 | step_limit
Ep 342 | 드론4 목적지71 | 1000스텝 | 배송 60/71 | 재적재  9 | 중계율 0.25 | alpha 0.714 | step_limit
Ep 343 | 드론3 목적지29 |  748스텝 | 배송 29/29 | 재적재  5 | 중계율 0.25 | alpha 0.701 | complete
Ep 344 | 드론3 목적지62 | 1000스텝 | 배송 60/62 | 재적재 12 | 중계율 0.27 | alpha 0.683 | step_limit
Ep 345 | 드론4 목적지71 | 1000스텝 | 배송 68/71 | 재적재 12 | 중계율 0.29 | alpha 0.659 | step_limit
Ep 346 | 드론4 목적지26 |  735스텝 | 배송 26/26 | 재적재  4 | 중계율 0.25 | alpha 0.649 | complete
Ep 347 | 드론4 목적지27 |  364스텝 | 배송 27/27 | 재적재  3 | 중계율 0.21 | alpha 0.641 | complete
Ep 348 | 드론4 목적지51 |  563스텝 | 배송 51/51 | 재적재  9 | 중계율 0.14 | alpha 0.632 | complete
Ep 349 | 드론3 목적지61 | 1000스텝 | 배송 60/61 | 재적재 11 | 중계율 0.26 | alpha 0.624 | step_limit
Ep 350 | 드론3 목적지76 | 1000스텝 | 배송 67/76 | 재적재 11 | 중계율 0.22 | alpha 0.616 | step_limit
  [홀드아웃] 배송 39.6±10.5 완주 0.95 스텝 831 점수 123.9 재적재 6.1 2홉+ 0.56 [4/50 0.97·967 | 3/30 0.93·695] | 최고 127.5@ep250 정체 2/8
Ep 351 | 드론4 목적지69 | 1000스텝 | 배송 67/69 | 재적재 13 | 중계율 0.23 | alpha 0.612 | step_limit
Ep 352 | 드론4 목적지59 | 1000스텝 | 배송 54/59 | 재적재  7 | 중계율 0.32 | alpha 0.606 | step_limit
Ep 353 | 드론3 목적지55 |  927스텝 | 배송 55/55 | 재적재  9 | 중계율 0.19 | alpha 0.595 | complete
Ep 354 | 드론4 목적지69 | 1000스텝 | 배송 61/69 | 재적재 11 | 중계율 0.27 | alpha 0.586 | step_limit
Ep 355 | 드론3 목적지75 | 1000스텝 | 배송 60/75 | 재적재 10 | 중계율 0.21 | alpha 0.576 | step_limit
Ep 356 | 드론3 목적지52 |  985스텝 | 배송 52/52 | 재적재  9 | 중계율 0.33 | alpha 0.562 | complete
Ep 357 | 드론4 목적지52 | 1000스텝 | 배송 51/52 | 재적재  9 | 중계율 0.34 | alpha 0.559 | step_limit
Ep 358 | 드론3 목적지50 |  848스텝 | 배송 50/50 | 재적재  9 | 중계율 0.29 | alpha 0.556 | complete
Ep 359 | 드론3 목적지45 |  804스텝 | 배송 45/45 | 재적재  6 | 중계율 0.34 | alpha 0.546 | complete
Ep 360 | 드론3 목적지41 |  793스텝 | 배송 41/41 | 재적재  8 | 중계율 0.30 | alpha 0.544 | complete
Ep 361 | 드론4 목적지25 |  479스텝 | 배송 25/25 | 재적재  4 | 중계율 0.26 | alpha 0.541 | complete
Ep 362 | 드론4 목적지70 | 1000스텝 | 배송 69/70 | 재적재 12 | 중계율 0.27 | alpha 0.527 | step_limit
Ep 363 | 드론4 목적지22 |  281스텝 | 배송 22/22 | 재적재  3 | 중계율 0.16 | alpha 0.526 | complete
Ep 364 | 드론3 목적지74 | 1000스텝 | 배송 60/74 | 재적재 12 | 중계율 0.24 | alpha 0.516 | step_limit
Ep 365 | 드론3 목적지76 | 1000스텝 | 배송 65/76 | 재적재 13 | 중계율 0.25 | alpha 0.498 | step_limit
Ep 366 | 드론3 목적지52 | 1000스텝 | 배송 50/52 | 재적재  9 | 중계율 0.23 | alpha 0.480 | step_limit
Ep 367 | 드론4 목적지24 |  475스텝 | 배송 24/24 | 재적재  1 | 중계율 0.32 | alpha 0.475 | complete
Ep 368 | 드론3 목적지24 |  613스텝 | 배송 24/24 | 재적재  3 | 중계율 0.28 | alpha 0.467 | complete
Ep 369 | 드론3 목적지33 |  706스텝 | 배송 33/33 | 재적재  5 | 중계율 0.19 | alpha 0.457 | complete
Ep 370 | 드론3 목적지45 |  802스텝 | 배송 45/45 | 재적재  8 | 중계율 0.26 | alpha 0.451 | complete
Ep 371 | 드론3 목적지78 | 1000스텝 | 배송 56/78 | 재적재 10 | 중계율 0.25 | alpha 0.437 | step_limit
Ep 372 | 드론4 목적지61 |  649스텝 | 배송 61/61 | 재적재 11 | 중계율 0.18 | alpha 0.433 | complete
Ep 373 | 드론4 목적지76 | 1000스텝 | 배송 72/76 | 재적재 13 | 중계율 0.31 | alpha 0.433 | step_limit
Ep 374 | 드론3 목적지30 |  724스텝 | 배송 30/30 | 재적재  4 | 중계율 0.28 | alpha 0.429 | complete
Ep 375 | 드론3 목적지27 |  440스텝 | 배송 27/27 | 재적재  3 | 중계율 0.19 | alpha 0.428 | complete
Ep 376 | 드론4 목적지69 | 1000스텝 | 배송 59/69 | 재적재  9 | 중계율 0.31 | alpha 0.426 | step_limit
Ep 377 | 드론3 목적지34 |  639스텝 | 배송 34/34 | 재적재  4 | 중계율 0.27 | alpha 0.426 | complete
Ep 378 | 드론4 목적지26 |  369스텝 | 배송 26/26 | 재적재  4 | 중계율 0.20 | alpha 0.422 | complete
Ep 379 | 드론3 목적지53 | 1000스텝 | 배송 52/53 | 재적재  8 | 중계율 0.33 | alpha 0.418 | step_limit
Ep 380 | 드론3 목적지61 |  941스텝 | 배송 61/61 | 재적재 10 | 중계율 0.19 | alpha 0.406 | complete
Ep 381 | 드론3 목적지37 |  821스텝 | 배송 37/37 | 재적재  6 | 중계율 0.35 | alpha 0.405 | complete
Ep 382 | 드론4 목적지54 |  517스텝 | 배송 54/54 | 재적재  9 | 중계율 0.15 | alpha 0.402 | complete
Ep 383 | 드론4 목적지76 |  890스텝 | 배송 76/76 | 재적재 13 | 중계율 0.17 | alpha 0.398 | complete
Ep 384 | 드론4 목적지33 |  649스텝 | 배송 33/33 | 재적재  4 | 중계율 0.25 | alpha 0.395 | complete
Ep 385 | 드론4 목적지41 |  550스텝 | 배송 41/41 | 재적재  7 | 중계율 0.26 | alpha 0.390 | complete
Ep 386 | 드론3 목적지66 | 1000스텝 | 배송 57/66 | 재적재 11 | 중계율 0.28 | alpha 0.378 | step_limit
Ep 387 | 드론4 목적지62 |  841스텝 | 배송 62/62 | 재적재 11 | 중계율 0.16 | alpha 0.363 | complete
Ep 388 | 드론4 목적지69 |  778스텝 | 배송 69/69 | 재적재 11 | 중계율 0.14 | alpha 0.350 | complete
Ep 389 | 드론3 목적지48 | 1000스텝 | 배송 45/48 | 재적재  8 | 중계율 0.34 | alpha 0.340 | step_limit
Ep 390 | 드론4 목적지80 | 1000스텝 | 배송 69/80 | 재적재 11 | 중계율 0.25 | alpha 0.330 | step_limit
Ep 391 | 드론4 목적지28 |  587스텝 | 배송 28/28 | 재적재  5 | 중계율 0.24 | alpha 0.329 | complete
Ep 392 | 드론4 목적지75 |  877스텝 | 배송 75/75 | 재적재 13 | 중계율 0.21 | alpha 0.325 | complete
Ep 393 | 드론4 목적지27 |  467스텝 | 배송 27/27 | 재적재  4 | 중계율 0.22 | alpha 0.323 | complete
Ep 394 | 드론3 목적지32 |  552스텝 | 배송 32/32 | 재적재  5 | 중계율 0.16 | alpha 0.318 | complete
Ep 395 | 드론4 목적지68 | 1000스텝 | 배송 65/68 | 재적재 12 | 중계율 0.28 | alpha 0.306 | step_limit
Ep 396 | 드론4 목적지78 | 1000스텝 | 배송 70/78 | 재적재 11 | 중계율 0.33 | alpha 0.300 | step_limit
Ep 397 | 드론4 목적지30 |  709스텝 | 배송 30/30 | 재적재  4 | 중계율 0.22 | alpha 0.295 | complete
Ep 398 | 드론4 목적지27 |  422스텝 | 배송 27/27 | 재적재  4 | 중계율 0.29 | alpha 0.292 | complete
Ep 399 | 드론4 목적지28 |  486스텝 | 배송 28/28 | 재적재  4 | 중계율 0.18 | alpha 0.290 | complete
Ep 400 | 드론4 목적지78 | 1000스텝 | 배송 76/78 | 재적재 14 | 중계율 0.19 | alpha 0.284 | step_limit
  [홀드아웃] 배송 39.5±9.9 완주 0.95 스텝 787 점수 124.5 재적재 5.9 2홉+ 0.55 [4/50 0.93·886 | 3/30 0.97·688] | 최고 127.5@ep250 정체 3/8
Ep 401 | 드론3 목적지50 |  826스텝 | 배송 50/50 | 재적재  9 | 중계율 0.23 | alpha 0.280 | complete
Ep 402 | 드론4 목적지62 |  706스텝 | 배송 62/62 | 재적재 11 | 중계율 0.22 | alpha 0.275 | complete
Ep 403 | 드론3 목적지36 |  585스텝 | 배송 36/36 | 재적재  6 | 중계율 0.16 | alpha 0.275 | complete
Ep 404 | 드론3 목적지42 | 1000스텝 | 배송 41/42 | 재적재  7 | 중계율 0.35 | alpha 0.275 | step_limit
Ep 405 | 드론4 목적지26 |  641스텝 | 배송 26/26 | 재적재  3 | 중계율 0.37 | alpha 0.278 | complete
Ep 406 | 드론4 목적지61 |  969스텝 | 배송 61/61 | 재적재 11 | 중계율 0.32 | alpha 0.276 | complete
Ep 407 | 드론3 목적지76 | 1000스텝 | 배송 66/76 | 재적재 12 | 중계율 0.23 | alpha 0.278 | step_limit
Ep 408 | 드론4 목적지52 |  838스텝 | 배송 52/52 | 재적재  9 | 중계율 0.29 | alpha 0.279 | complete
Ep 409 | 드론4 목적지43 |  991스텝 | 배송 43/43 | 재적재  7 | 중계율 0.30 | alpha 0.281 | complete
Ep 410 | 드론3 목적지42 |  818스텝 | 배송 42/42 | 재적재  7 | 중계율 0.34 | alpha 0.280 | complete
Ep 411 | 드론3 목적지63 | 1000스텝 | 배송 61/63 | 재적재 12 | 중계율 0.27 | alpha 0.282 | step_limit
Ep 412 | 드론3 목적지38 |  594스텝 | 배송 38/38 | 재적재  5 | 중계율 0.18 | alpha 0.281 | complete
Ep 413 | 드론3 목적지80 | 1000스텝 | 배송 65/80 | 재적재 11 | 중계율 0.20 | alpha 0.280 | step_limit
Ep 414 | 드론4 목적지36 |  728스텝 | 배송 36/36 | 재적재  5 | 중계율 0.32 | alpha 0.279 | complete
Ep 415 | 드론3 목적지29 |  771스텝 | 배송 29/29 | 재적재  4 | 중계율 0.20 | alpha 0.280 | complete
Ep 416 | 드론4 목적지26 |  742스텝 | 배송 26/26 | 재적재  5 | 중계율 0.42 | alpha 0.280 | complete
Ep 417 | 드론3 목적지24 |  521스텝 | 배송 24/24 | 재적재  4 | 중계율 0.33 | alpha 0.281 | complete
Ep 418 | 드론4 목적지37 |  605스텝 | 배송 37/37 | 재적재  7 | 중계율 0.31 | alpha 0.281 | complete
Ep 419 | 드론3 목적지67 |  958스텝 | 배송 67/67 | 재적재 12 | 중계율 0.21 | alpha 0.282 | complete
Ep 420 | 드론3 목적지64 |  960스텝 | 배송 64/64 | 재적재 11 | 중계율 0.22 | alpha 0.285 | complete
Ep 421 | 드론3 목적지47 | 1000스텝 | 배송 46/47 | 재적재  9 | 중계율 0.30 | alpha 0.290 | step_limit
Ep 422 | 드론4 목적지66 |  932스텝 | 배송 66/66 | 재적재 11 | 중계율 0.29 | alpha 0.287 | complete
Ep 423 | 드론3 목적지52 |  952스텝 | 배송 52/52 | 재적재 10 | 중계율 0.29 | alpha 0.291 | complete
Ep 424 | 드론4 목적지32 |  430스텝 | 배송 32/32 | 재적재  4 | 중계율 0.20 | alpha 0.294 | complete
Ep 425 | 드론3 목적지40 |  701스텝 | 배송 40/40 | 재적재  7 | 중계율 0.21 | alpha 0.300 | complete
Ep 426 | 드론4 목적지30 |  502스텝 | 배송 30/30 | 재적재  3 | 중계율 0.26 | alpha 0.302 | complete
Ep 427 | 드론4 목적지48 |  518스텝 | 배송 48/48 | 재적재  7 | 중계율 0.14 | alpha 0.303 | complete
Ep 428 | 드론4 목적지36 |  677스텝 | 배송 36/36 | 재적재  5 | 중계율 0.35 | alpha 0.308 | complete
Ep 429 | 드론4 목적지40 |  527스텝 | 배송 40/40 | 재적재  7 | 중계율 0.24 | alpha 0.312 | complete
Ep 430 | 드론3 목적지38 |  615스텝 | 배송 38/38 | 재적재  6 | 중계율 0.13 | alpha 0.319 | complete
Ep 431 | 드론3 목적지53 |  957스텝 | 배송 53/53 | 재적재 10 | 중계율 0.30 | alpha 0.324 | complete
Ep 432 | 드론4 목적지70 |  752스텝 | 배송 70/70 | 재적재 12 | 중계율 0.23 | alpha 0.328 | complete
Ep 433 | 드론3 목적지46 | 1000스텝 | 배송 45/46 | 재적재  7 | 중계율 0.36 | alpha 0.331 | step_limit
Ep 434 | 드론3 목적지37 |  695스텝 | 배송 37/37 | 재적재  5 | 중계율 0.31 | alpha 0.334 | complete
Ep 435 | 드론4 목적지64 |  638스텝 | 배송 64/64 | 재적재 11 | 중계율 0.17 | alpha 0.335 | complete
Ep 436 | 드론4 목적지43 | 1000스텝 | 배송 40/43 | 재적재  5 | 중계율 0.32 | alpha 0.336 | step_limit
Ep 437 | 드론3 목적지34 |  731스텝 | 배송 34/34 | 재적재  5 | 중계율 0.24 | alpha 0.337 | complete
Ep 438 | 드론3 목적지35 |  798스텝 | 배송 35/35 | 재적재  5 | 중계율 0.25 | alpha 0.337 | complete
Ep 439 | 드론4 목적지67 |  829스텝 | 배송 67/67 | 재적재 11 | 중계율 0.20 | alpha 0.337 | complete
Ep 440 | 드론3 목적지26 |  603스텝 | 배송 26/26 | 재적재  4 | 중계율 0.37 | alpha 0.336 | complete
Ep 441 | 드론4 목적지50 |  816스텝 | 배송 50/50 | 재적재  9 | 중계율 0.30 | alpha 0.333 | complete
Ep 442 | 드론4 목적지39 |  564스텝 | 배송 39/39 | 재적재  6 | 중계율 0.24 | alpha 0.330 | complete
Ep 443 | 드론4 목적지67 |  777스텝 | 배송 67/67 | 재적재 12 | 중계율 0.21 | alpha 0.330 | complete
Ep 444 | 드론4 목적지64 |  781스텝 | 배송 64/64 | 재적재 10 | 중계율 0.21 | alpha 0.334 | complete
Ep 445 | 드론3 목적지78 | 1000스텝 | 배송 68/78 | 재적재 13 | 중계율 0.27 | alpha 0.338 | step_limit
Ep 446 | 드론4 목적지45 |  735스텝 | 배송 45/45 | 재적재  7 | 중계율 0.28 | alpha 0.343 | complete
Ep 447 | 드론4 목적지25 |  379스텝 | 배송 25/25 | 재적재  3 | 중계율 0.22 | alpha 0.344 | complete
Ep 448 | 드론3 목적지75 | 1000스텝 | 배송 67/75 | 재적재 11 | 중계율 0.25 | alpha 0.348 | step_limit
Ep 449 | 드론3 목적지55 | 1000스텝 | 배송 53/55 | 재적재  9 | 중계율 0.28 | alpha 0.355 | step_limit
Ep 450 | 드론3 목적지35 |  700스텝 | 배송 35/35 | 재적재  6 | 중계율 0.23 | alpha 0.358 | complete
  [홀드아웃] 배송 39.4±10.1 완주 0.94 스텝 779 점수 123.4 재적재 5.7 2홉+ 0.55 [4/50 0.95·882 | 3/30 0.93·676] | 최고 127.5@ep250 정체 4/8
Ep 451 | 드론3 목적지39 |  655스텝 | 배송 39/39 | 재적재  7 | 중계율 0.30 | alpha 0.361 | complete
Ep 452 | 드론3 목적지66 | 1000스텝 | 배송 65/66 | 재적재 12 | 중계율 0.22 | alpha 0.362 | step_limit
Ep 453 | 드론3 목적지79 | 1000스텝 | 배송 65/79 | 재적재 11 | 중계율 0.32 | alpha 0.367 | step_limit
Ep 454 | 드론4 목적지79 |  910스텝 | 배송 79/79 | 재적재 14 | 중계율 0.24 | alpha 0.369 | complete
Ep 455 | 드론3 목적지51 |  973스텝 | 배송 51/51 | 재적재  9 | 중계율 0.31 | alpha 0.377 | complete
Ep 456 | 드론3 목적지32 |  734스텝 | 배송 32/32 | 재적재  5 | 중계율 0.17 | alpha 0.380 | complete
Ep 457 | 드론3 목적지71 | 1000스텝 | 배송 59/71 | 재적재 10 | 중계율 0.25 | alpha 0.386 | step_limit
Ep 458 | 드론4 목적지40 |  852스텝 | 배송 40/40 | 재적재  4 | 중계율 0.38 | alpha 0.389 | complete
Ep 459 | 드론3 목적지32 |  696스텝 | 배송 32/32 | 재적재  5 | 중계율 0.31 | alpha 0.390 | complete
Ep 460 | 드론3 목적지70 | 1000스텝 | 배송 63/70 | 재적재 11 | 중계율 0.18 | alpha 0.397 | step_limit
Ep 461 | 드론3 목적지44 | 1000스텝 | 배송 43/44 | 재적재  8 | 중계율 0.29 | alpha 0.404 | step_limit
Ep 462 | 드론3 목적지27 |  545스텝 | 배송 27/27 | 재적재  5 | 중계율 0.33 | alpha 0.407 | complete
Ep 463 | 드론4 목적지60 |  679스텝 | 배송 60/60 | 재적재 10 | 중계율 0.25 | alpha 0.414 | complete
Ep 464 | 드론4 목적지45 |  783스텝 | 배송 45/45 | 재적재  7 | 중계율 0.32 | alpha 0.416 | complete
Ep 465 | 드론4 목적지64 |  833스텝 | 배송 64/64 | 재적재 10 | 중계율 0.23 | alpha 0.420 | complete
Ep 466 | 드론4 목적지66 | 1000스텝 | 배송 55/66 | 재적재 11 | 중계율 0.33 | alpha 0.424 | step_limit
Ep 467 | 드론4 목적지60 | 1000스텝 | 배송 59/60 | 재적재 11 | 중계율 0.36 | alpha 0.437 | step_limit
Ep 468 | 드론3 목적지39 |  701스텝 | 배송 39/39 | 재적재  5 | 중계율 0.24 | alpha 0.440 | complete
Ep 469 | 드론3 목적지48 | 1000스텝 | 배송 40/48 | 재적재  6 | 중계율 0.30 | alpha 0.445 | step_limit
Ep 470 | 드론4 목적지41 |  696스텝 | 배송 41/41 | 재적재  6 | 중계율 0.31 | alpha 0.448 | complete
Ep 471 | 드론3 목적지60 |  961스텝 | 배송 60/60 | 재적재 10 | 중계율 0.28 | alpha 0.452 | complete
Ep 472 | 드론3 목적지60 | 1000스텝 | 배송 55/60 | 재적재 11 | 중계율 0.26 | alpha 0.451 | step_limit
Ep 473 | 드론3 목적지41 |  854스텝 | 배송 41/41 | 재적재  7 | 중계율 0.22 | alpha 0.449 | complete
Ep 474 | 드론4 목적지51 |  583스텝 | 배송 51/51 | 재적재  8 | 중계율 0.20 | alpha 0.449 | complete
Ep 475 | 드론3 목적지77 | 1000스텝 | 배송 65/77 | 재적재 11 | 중계율 0.24 | alpha 0.448 | step_limit
Ep 476 | 드론4 목적지79 | 1000스텝 | 배송 68/79 | 재적재 11 | 중계율 0.27 | alpha 0.442 | step_limit
Ep 477 | 드론4 목적지66 |  882스텝 | 배송 66/66 | 재적재 11 | 중계율 0.20 | alpha 0.441 | complete
Ep 478 | 드론3 목적지23 |  378스텝 | 배송 23/23 | 재적재  3 | 중계율 0.18 | alpha 0.442 | complete
Ep 479 | 드론3 목적지64 | 1000스텝 | 배송 54/64 | 재적재 10 | 중계율 0.28 | alpha 0.436 | step_limit
Ep 480 | 드론4 목적지78 | 1000스텝 | 배송 74/78 | 재적재 14 | 중계율 0.23 | alpha 0.433 | step_limit
Ep 481 | 드론4 목적지73 | 1000스텝 | 배송 70/73 | 재적재 12 | 중계율 0.27 | alpha 0.431 | step_limit
Ep 482 | 드론4 목적지60 | 1000스텝 | 배송 55/60 | 재적재 10 | 중계율 0.36 | alpha 0.422 | step_limit
Ep 483 | 드론3 목적지78 | 1000스텝 | 배송 49/78 | 재적재  8 | 중계율 0.27 | alpha 0.415 | step_limit
Ep 484 | 드론3 목적지20 |  514스텝 | 배송 20/20 | 재적재  2 | 중계율 0.20 | alpha 0.409 | complete
Ep 485 | 드론3 목적지66 | 1000스텝 | 배송 45/66 | 재적재  7 | 중계율 0.24 | alpha 0.409 | step_limit
Ep 486 | 드론3 목적지43 |  998스텝 | 배송 43/43 | 재적재  8 | 중계율 0.30 | alpha 0.400 | complete
Ep 487 | 드론4 목적지55 |  838스텝 | 배송 55/55 | 재적재 10 | 중계율 0.24 | alpha 0.400 | complete
Ep 488 | 드론4 목적지61 | 1000스텝 | 배송 55/61 | 재적재 10 | 중계율 0.28 | alpha 0.398 | step_limit
Ep 489 | 드론4 목적지59 | 1000스텝 | 배송 44/59 | 재적재  8 | 중계율 0.28 | alpha 0.392 | step_limit
Ep 490 | 드론4 목적지34 |  455스텝 | 배송 34/34 | 재적재  5 | 중계율 0.16 | alpha 0.390 | complete
Ep 491 | 드론3 목적지51 | 1000스텝 | 배송 47/51 | 재적재  8 | 중계율 0.31 | alpha 0.388 | step_limit
Ep 492 | 드론3 목적지58 | 1000스텝 | 배송 57/58 | 재적재 11 | 중계율 0.22 | alpha 0.384 | step_limit
Ep 493 | 드론3 목적지65 | 1000스텝 | 배송 43/65 | 재적재  6 | 중계율 0.27 | alpha 0.384 | step_limit
Ep 494 | 드론3 목적지39 | 1000스텝 | 배송 35/39 | 재적재  5 | 중계율 0.30 | alpha 0.387 | step_limit
Ep 495 | 드론3 목적지64 | 1000스텝 | 배송 56/64 | 재적재 11 | 중계율 0.22 | alpha 0.389 | step_limit
Ep 496 | 드론3 목적지71 | 1000스텝 | 배송 60/71 | 재적재 11 | 중계율 0.30 | alpha 0.390 | step_limit
Ep 497 | 드론4 목적지42 |  628스텝 | 배송 42/42 | 재적재  7 | 중계율 0.29 | alpha 0.391 | complete
Ep 498 | 드론4 목적지48 |  642스텝 | 배송 48/48 | 재적재  8 | 중계율 0.20 | alpha 0.390 | complete
Ep 499 | 드론3 목적지31 |  757스텝 | 배송 31/31 | 재적재  5 | 중계율 0.33 | alpha 0.388 | complete
Ep 500 | 드론3 목적지72 | 1000스텝 | 배송 59/72 | 재적재 10 | 중계율 0.27 | alpha 0.388 | step_limit
  [홀드아웃] 배송 39.4±10.4 완주 0.90 스텝 780 점수 119.6 재적재 5.9 2홉+ 0.55 [4/50 0.93·906 | 3/30 0.88·654] | 최고 127.5@ep250 정체 5/8
Ep 501 | 드론4 목적지43 |  617스텝 | 배송 43/43 | 재적재  6 | 중계율 0.19 | alpha 0.395 | complete
Ep 502 | 드론4 목적지42 |  511스텝 | 배송 42/42 | 재적재  6 | 중계율 0.25 | alpha 0.396 | complete
Ep 503 | 드론4 목적지48 |  565스텝 | 배송 48/48 | 재적재  8 | 중계율 0.24 | alpha 0.397 | complete
Ep 504 | 드론3 목적지65 | 1000스텝 | 배송 60/65 | 재적재 11 | 중계율 0.29 | alpha 0.403 | step_limit
Ep 505 | 드론4 목적지76 | 1000스텝 | 배송 75/76 | 재적재 14 | 중계율 0.27 | alpha 0.413 | step_limit
Ep 506 | 드론4 목적지65 | 1000스텝 | 배송 52/65 | 재적재  9 | 중계율 0.27 | alpha 0.415 | step_limit
Ep 507 | 드론4 목적지37 | 1000스텝 | 배송 36/37 | 재적재  6 | 중계율 0.37 | alpha 0.416 | step_limit
Ep 508 | 드론4 목적지62 |  773스텝 | 배송 62/62 | 재적재 11 | 중계율 0.23 | alpha 0.422 | complete
Ep 509 | 드론4 목적지47 |  820스텝 | 배송 47/47 | 재적재  7 | 중계율 0.36 | alpha 0.424 | complete
Ep 510 | 드론4 목적지24 |  285스텝 | 배송 24/24 | 재적재  3 | 중계율 0.20 | alpha 0.426 | complete
Ep 511 | 드론4 목적지20 |  493스텝 | 배송 20/20 | 재적재  1 | 중계율 0.32 | alpha 0.425 | complete
Ep 512 | 드론3 목적지32 |  682스텝 | 배송 32/32 | 재적재  6 | 중계율 0.26 | alpha 0.425 | complete
Ep 513 | 드론4 목적지20 |  416스텝 | 배송 20/20 | 재적재  2 | 중계율 0.19 | alpha 0.427 | complete
Ep 514 | 드론3 목적지45 |  985스텝 | 배송 45/45 | 재적재  8 | 중계율 0.32 | alpha 0.431 | complete
Ep 515 | 드론4 목적지62 | 1000스텝 | 배송 61/62 | 재적재 10 | 중계율 0.29 | alpha 0.431 | step_limit
Ep 516 | 드론3 목적지76 | 1000스텝 | 배송 65/76 | 재적재 13 | 중계율 0.20 | alpha 0.434 | step_limit
Ep 517 | 드론3 목적지55 | 1000스텝 | 배송 54/55 | 재적재  8 | 중계율 0.28 | alpha 0.435 | step_limit
Ep 518 | 드론3 목적지57 | 1000스텝 | 배송 53/57 | 재적재  9 | 중계율 0.22 | alpha 0.435 | step_limit
Ep 519 | 드론3 목적지77 | 1000스텝 | 배송 50/77 | 재적재  8 | 중계율 0.12 | alpha 0.433 | step_limit
Ep 520 | 드론3 목적지47 | 1000스텝 | 배송 45/47 | 재적재  7 | 중계율 0.24 | alpha 0.435 | step_limit
Ep 521 | 드론4 목적지48 |  633스텝 | 배송 48/48 | 재적재  8 | 중계율 0.19 | alpha 0.444 | complete
Ep 522 | 드론3 목적지67 | 1000스텝 | 배송 64/67 | 재적재 11 | 중계율 0.27 | alpha 0.456 | step_limit
Ep 523 | 드론4 목적지45 |  469스텝 | 배송 45/45 | 재적재  8 | 중계율 0.12 | alpha 0.458 | complete
Ep 524 | 드론4 목적지78 | 1000스텝 | 배송 70/78 | 재적재 12 | 중계율 0.28 | alpha 0.471 | step_limit
Ep 525 | 드론3 목적지62 | 1000스텝 | 배송 59/62 | 재적재 10 | 중계율 0.28 | alpha 0.476 | step_limit
Ep 526 | 드론4 목적지40 |  657스텝 | 배송 40/40 | 재적재  6 | 중계율 0.27 | alpha 0.477 | complete
Ep 527 | 드론4 목적지61 |  691스텝 | 배송 61/61 | 재적재 11 | 중계율 0.15 | alpha 0.478 | complete
Ep 528 | 드론3 목적지60 | 1000스텝 | 배송 57/60 | 재적재 11 | 중계율 0.26 | alpha 0.482 | step_limit
Ep 529 | 드론4 목적지67 | 1000스텝 | 배송 60/67 | 재적재 10 | 중계율 0.27 | alpha 0.476 | step_limit
Ep 530 | 드론4 목적지33 |  497스텝 | 배송 33/33 | 재적재  5 | 중계율 0.28 | alpha 0.475 | complete
Ep 531 | 드론3 목적지36 |  896스텝 | 배송 36/36 | 재적재  7 | 중계율 0.31 | alpha 0.471 | complete
Ep 532 | 드론3 목적지68 | 1000스텝 | 배송 67/68 | 재적재 11 | 중계율 0.23 | alpha 0.471 | step_limit
Ep 533 | 드론3 목적지35 |  562스텝 | 배송 35/35 | 재적재  6 | 중계율 0.17 | alpha 0.471 | complete
Ep 534 | 드론4 목적지66 |  769스텝 | 배송 66/66 | 재적재 12 | 중계율 0.20 | alpha 0.475 | complete
Ep 535 | 드론4 목적지66 |  988스텝 | 배송 66/66 | 재적재 11 | 중계율 0.29 | alpha 0.482 | complete
Ep 536 | 드론3 목적지43 |  875스텝 | 배송 43/43 | 재적재  6 | 중계율 0.34 | alpha 0.482 | complete
Ep 537 | 드론4 목적지74 |  905스텝 | 배송 74/74 | 재적재 13 | 중계율 0.20 | alpha 0.488 | complete
Ep 538 | 드론4 목적지56 | 1000스텝 | 배송 45/56 | 재적재  8 | 중계율 0.27 | alpha 0.491 | step_limit
Ep 539 | 드론4 목적지33 |  390스텝 | 배송 33/33 | 재적재  5 | 중계율 0.20 | alpha 0.494 | complete
Ep 540 | 드론4 목적지67 |  980스텝 | 배송 67/67 | 재적재 13 | 중계율 0.29 | alpha 0.490 | complete
Ep 541 | 드론4 목적지31 |  369스텝 | 배송 31/31 | 재적재  4 | 중계율 0.09 | alpha 0.487 | complete
Ep 542 | 드론4 목적지34 |  516스텝 | 배송 34/34 | 재적재  5 | 중계율 0.18 | alpha 0.487 | complete
Ep 543 | 드론3 목적지35 |  630스텝 | 배송 35/35 | 재적재  5 | 중계율 0.20 | alpha 0.486 | complete
Ep 544 | 드론3 목적지73 | 1000스텝 | 배송 62/73 | 재적재 12 | 중계율 0.20 | alpha 0.487 | step_limit
Ep 545 | 드론3 목적지70 | 1000스텝 | 배송 51/70 | 재적재  8 | 중계율 0.31 | alpha 0.497 | step_limit
Ep 546 | 드론4 목적지74 | 1000스텝 | 배송 65/74 | 재적재 10 | 중계율 0.26 | alpha 0.502 | step_limit
Ep 547 | 드론4 목적지51 |  851스텝 | 배송 51/51 | 재적재  9 | 중계율 0.26 | alpha 0.505 | complete
Ep 548 | 드론4 목적지37 |  527스텝 | 배송 37/37 | 재적재  5 | 중계율 0.23 | alpha 0.507 | complete
Ep 549 | 드론4 목적지41 |  450스텝 | 배송 41/41 | 재적재  7 | 중계율 0.16 | alpha 0.508 | complete
Ep 550 | 드론3 목적지71 | 1000스텝 | 배송 60/71 | 재적재  9 | 중계율 0.29 | alpha 0.505 | step_limit
  [홀드아웃] 배송 39.2±10.8 완주 0.90 스텝 797 점수 119.4 재적재 5.9 2홉+ 0.56 [4/50 0.93·922 | 3/30 0.88·672] | 최고 127.5@ep250 정체 6/8
Ep 551 | 드론3 목적지48 | 1000스텝 | 배송 38/48 | 재적재  5 | 중계율 0.31 | alpha 0.502 | step_limit
Ep 552 | 드론4 목적지22 |  302스텝 | 배송 22/22 | 재적재  2 | 중계율 0.24 | alpha 0.503 | complete
Ep 553 | 드론4 목적지21 |  254스텝 | 배송 21/21 | 재적재  3 | 중계율 0.14 | alpha 0.503 | complete
Ep 554 | 드론4 목적지65 | 1000스텝 | 배송 60/65 | 재적재 10 | 중계율 0.25 | alpha 0.509 | step_limit
Ep 555 | 드론3 목적지34 |  623스텝 | 배송 34/34 | 재적재  5 | 중계율 0.29 | alpha 0.510 | complete
Ep 556 | 드론4 목적지28 |  489스텝 | 배송 28/28 | 재적재  4 | 중계율 0.32 | alpha 0.512 | complete
Ep 557 | 드론3 목적지28 |  497스텝 | 배송 28/28 | 재적재  4 | 중계율 0.23 | alpha 0.518 | complete
Ep 558 | 드론3 목적지23 |  581스텝 | 배송 23/23 | 재적재  3 | 중계율 0.21 | alpha 0.520 | complete
Ep 559 | 드론3 목적지62 | 1000스텝 | 배송 45/62 | 재적재  8 | 중계율 0.23 | alpha 0.525 | step_limit
Ep 560 | 드론4 목적지23 |  628스텝 | 배송 23/23 | 재적재  4 | 중계율 0.35 | alpha 0.526 | complete
Ep 561 | 드론4 목적지57 |  787스텝 | 배송 57/57 | 재적재 10 | 중계율 0.21 | alpha 0.523 | complete
Ep 562 | 드론4 목적지44 |  978스텝 | 배송 44/44 | 재적재  7 | 중계율 0.29 | alpha 0.520 | complete
Ep 563 | 드론4 목적지38 |  448스텝 | 배송 38/38 | 재적재  6 | 중계율 0.22 | alpha 0.518 | complete
Ep 564 | 드론4 목적지30 |  503스텝 | 배송 30/30 | 재적재  3 | 중계율 0.23 | alpha 0.513 | complete
Ep 565 | 드론3 목적지62 | 1000스텝 | 배송 60/62 | 재적재 11 | 중계율 0.21 | alpha 0.500 | step_limit
Ep 566 | 드론4 목적지53 |  744스텝 | 배송 53/53 | 재적재  8 | 중계율 0.24 | alpha 0.498 | complete
Ep 567 | 드론3 목적지69 | 1000스텝 | 배송 62/69 | 재적재 10 | 중계율 0.27 | alpha 0.497 | step_limit
Ep 568 | 드론3 목적지26 |  663스텝 | 배송 26/26 | 재적재  4 | 중계율 0.32 | alpha 0.493 | complete
Ep 569 | 드론4 목적지23 |  879스텝 | 배송 21/23 | 재적재  3 | 중계율 0.30 | alpha 0.491 | no_progress
Ep 570 | 드론3 목적지25 |  388스텝 | 배송 25/25 | 재적재  3 | 중계율 0.28 | alpha 0.493 | complete
Ep 571 | 드론3 목적지48 |  712스텝 | 배송 48/48 | 재적재  7 | 중계율 0.17 | alpha 0.487 | complete
Ep 572 | 드론4 목적지53 |  925스텝 | 배송 53/53 | 재적재  9 | 중계율 0.30 | alpha 0.482 | complete
Ep 573 | 드론3 목적지33 |  553스텝 | 배송 33/33 | 재적재  4 | 중계율 0.20 | alpha 0.477 | complete
Ep 574 | 드론3 목적지78 | 1000스텝 | 배송 68/78 | 재적재 12 | 중계율 0.23 | alpha 0.478 | step_limit
Ep 575 | 드론3 목적지58 | 1000스텝 | 배송 55/58 | 재적재  9 | 중계율 0.24 | alpha 0.477 | step_limit
Ep 576 | 드론3 목적지61 |  876스텝 | 배송 61/61 | 재적재 11 | 중계율 0.22 | alpha 0.472 | complete
Ep 577 | 드론4 목적지74 | 1000스텝 | 배송 64/74 | 재적재 10 | 중계율 0.28 | alpha 0.469 | step_limit
Ep 578 | 드론3 목적지56 | 1000스텝 | 배송 55/56 | 재적재  9 | 중계율 0.32 | alpha 0.466 | step_limit
Ep 579 | 드론3 목적지49 |  785스텝 | 배송 49/49 | 재적재  9 | 중계율 0.22 | alpha 0.464 | complete
Ep 580 | 드론4 목적지64 |  668스텝 | 배송 64/64 | 재적재 11 | 중계율 0.21 | alpha 0.464 | complete
Ep 581 | 드론4 목적지26 |  332스텝 | 배송 26/26 | 재적재  4 | 중계율 0.25 | alpha 0.463 | complete
Ep 582 | 드론4 목적지28 |  349스텝 | 배송 28/28 | 재적재  4 | 중계율 0.16 | alpha 0.464 | complete
Ep 583 | 드론4 목적지50 |  691스텝 | 배송 50/50 | 재적재  7 | 중계율 0.20 | alpha 0.466 | complete
Ep 584 | 드론3 목적지60 | 1000스텝 | 배송 37/60 | 재적재  6 | 중계율 0.15 | alpha 0.466 | step_limit
Ep 585 | 드론4 목적지46 |  803스텝 | 배송 46/46 | 재적재  8 | 중계율 0.25 | alpha 0.466 | complete
Ep 586 | 드론3 목적지26 |  543스텝 | 배송 26/26 | 재적재  3 | 중계율 0.24 | alpha 0.461 | complete
Ep 587 | 드론3 목적지34 |  733스텝 | 배송 34/34 | 재적재  5 | 중계율 0.27 | alpha 0.462 | complete
Ep 588 | 드론3 목적지37 |  649스텝 | 배송 37/37 | 재적재  7 | 중계율 0.18 | alpha 0.460 | complete
Ep 589 | 드론4 목적지70 |  947스텝 | 배송 70/70 | 재적재 11 | 중계율 0.26 | alpha 0.464 | complete
Ep 590 | 드론3 목적지26 |  679스텝 | 배송 26/26 | 재적재  5 | 중계율 0.28 | alpha 0.461 | complete
Ep 591 | 드론4 목적지71 | 1000스텝 | 배송 65/71 | 재적재 12 | 중계율 0.31 | alpha 0.462 | step_limit
Ep 592 | 드론4 목적지39 |  609스텝 | 배송 39/39 | 재적재  6 | 중계율 0.24 | alpha 0.461 | complete
Ep 593 | 드론4 목적지33 |  805스텝 | 배송 33/33 | 재적재  6 | 중계율 0.28 | alpha 0.455 | complete
Ep 594 | 드론4 목적지80 | 1000스텝 | 배송 68/80 | 재적재 12 | 중계율 0.19 | alpha 0.456 | step_limit
Ep 595 | 드론4 목적지59 | 1000스텝 | 배송 53/59 | 재적재  9 | 중계율 0.27 | alpha 0.454 | step_limit
Ep 596 | 드론4 목적지76 | 1000스텝 | 배송 70/76 | 재적재 12 | 중계율 0.26 | alpha 0.457 | step_limit
Ep 597 | 드론3 목적지53 | 1000스텝 | 배송 51/53 | 재적재  8 | 중계율 0.26 | alpha 0.455 | step_limit
Ep 598 | 드론3 목적지28 |  583스텝 | 배송 28/28 | 재적재  5 | 중계율 0.17 | alpha 0.450 | complete
Ep 599 | 드론4 목적지36 |  815스텝 | 배송 36/36 | 재적재  7 | 중계율 0.34 | alpha 0.447 | complete
Ep 600 | 드론3 목적지38 |  754스텝 | 배송 38/38 | 재적재  7 | 중계율 0.25 | alpha 0.441 | complete
  [홀드아웃] 배송 39.9±9.9 완주 0.97 스텝 799 점수 126.8 재적재 6.1 2홉+ 0.55 [4/50 0.95·970 | 3/30 1.00·628] | 최고 127.5@ep250 정체 7/8
Ep 601 | 드론3 목적지59 | 1000스텝 | 배송 50/59 | 재적재  9 | 중계율 0.22 | alpha 0.449 | step_limit
Ep 602 | 드론3 목적지69 | 1000스텝 | 배송 68/69 | 재적재 13 | 중계율 0.23 | alpha 0.446 | step_limit
Ep 603 | 드론3 목적지29 |  582스텝 | 배송 29/29 | 재적재  4 | 중계율 0.15 | alpha 0.441 | complete
Ep 604 | 드론4 목적지72 |  647스텝 | 배송 72/72 | 재적재 13 | 중계율 0.12 | alpha 0.436 | complete
Ep 605 | 드론3 목적지37 |  933스텝 | 배송 37/37 | 재적재  7 | 중계율 0.30 | alpha 0.434 | complete
Ep 606 | 드론4 목적지77 |  919스텝 | 배송 77/77 | 재적재 15 | 중계율 0.25 | alpha 0.434 | complete
Ep 607 | 드론4 목적지69 | 1000스텝 | 배송 62/69 | 재적재 12 | 중계율 0.28 | alpha 0.435 | step_limit
Ep 608 | 드론4 목적지22 |  480스텝 | 배송 22/22 | 재적재  3 | 중계율 0.21 | alpha 0.433 | complete
Ep 609 | 드론4 목적지31 |  615스텝 | 배송 31/31 | 재적재  6 | 중계율 0.29 | alpha 0.433 | complete
Ep 610 | 드론4 목적지30 |  433스텝 | 배송 30/30 | 재적재  4 | 중계율 0.18 | alpha 0.430 | complete
Ep 611 | 드론3 목적지72 | 1000스텝 | 배송 54/72 | 재적재  9 | 중계율 0.23 | alpha 0.437 | step_limit
Ep 612 | 드론4 목적지53 |  725스텝 | 배송 53/53 | 재적재  8 | 중계율 0.27 | alpha 0.442 | complete
Ep 613 | 드론4 목적지39 |  341스텝 | 배송 39/39 | 재적재  4 | 중계율 0.10 | alpha 0.444 | complete
Ep 614 | 드론3 목적지24 |  551스텝 | 배송 24/24 | 재적재  4 | 중계율 0.21 | alpha 0.446 | complete
Ep 615 | 드론3 목적지20 |  324스텝 | 배송 20/20 | 재적재  3 | 중계율 0.15 | alpha 0.448 | complete
Ep 616 | 드론4 목적지78 |  936스텝 | 배송 78/78 | 재적재 14 | 중계율 0.24 | alpha 0.453 | complete
Ep 617 | 드론3 목적지21 |  497스텝 | 배송 21/21 | 재적재  3 | 중계율 0.29 | alpha 0.459 | complete
Ep 618 | 드론4 목적지38 |  855스텝 | 배송 38/38 | 재적재  5 | 중계율 0.20 | alpha 0.458 | complete
Ep 619 | 드론3 목적지52 | 1000스텝 | 배송 47/52 | 재적재  8 | 중계율 0.27 | alpha 0.464 | step_limit
Ep 620 | 드론3 목적지20 |  630스텝 | 배송 20/20 | 재적재  2 | 중계율 0.29 | alpha 0.468 | complete
Ep 621 | 드론3 목적지71 | 1000스텝 | 배송 64/71 | 재적재 12 | 중계율 0.22 | alpha 0.477 | step_limit
Ep 622 | 드론4 목적지61 | 1000스텝 | 배송 60/61 | 재적재  9 | 중계율 0.33 | alpha 0.484 | step_limit
Ep 623 | 드론3 목적지70 | 1000스텝 | 배송 65/70 | 재적재 13 | 중계율 0.26 | alpha 0.478 | step_limit
Ep 624 | 드론4 목적지78 | 1000스텝 | 배송 61/78 | 재적재 11 | 중계율 0.26 | alpha 0.475 | step_limit
Ep 625 | 드론4 목적지60 | 1000스텝 | 배송 59/60 | 재적재 11 | 중계율 0.26 | alpha 0.482 | step_limit
Ep 626 | 드론4 목적지79 | 1000스텝 | 배송 71/79 | 재적재 13 | 중계율 0.24 | alpha 0.485 | step_limit
Ep 627 | 드론3 목적지39 |  774스텝 | 배송 39/39 | 재적재  6 | 중계율 0.18 | alpha 0.489 | complete
Ep 628 | 드론3 목적지55 | 1000스텝 | 배송 51/55 | 재적재  8 | 중계율 0.28 | alpha 0.493 | step_limit
Ep 629 | 드론4 목적지48 |  642스텝 | 배송 48/48 | 재적재  8 | 중계율 0.23 | alpha 0.494 | complete
Ep 630 | 드론3 목적지53 |  922스텝 | 배송 53/53 | 재적재  8 | 중계율 0.29 | alpha 0.493 | complete
Ep 631 | 드론3 목적지60 | 1000스텝 | 배송 58/60 | 재적재  9 | 중계율 0.30 | alpha 0.495 | step_limit
Ep 632 | 드론3 목적지49 | 1000스텝 | 배송 48/49 | 재적재  8 | 중계율 0.34 | alpha 0.494 | step_limit
Ep 633 | 드론3 목적지30 |  603스텝 | 배송 30/30 | 재적재  5 | 중계율 0.25 | alpha 0.500 | complete
Ep 634 | 드론4 목적지38 |  623스텝 | 배송 38/38 | 재적재  7 | 중계율 0.26 | alpha 0.504 | complete
Ep 635 | 드론3 목적지22 |  493스텝 | 배송 22/22 | 재적재  2 | 중계율 0.28 | alpha 0.506 | complete
Ep 636 | 드론3 목적지39 |  760스텝 | 배송 39/39 | 재적재  6 | 중계율 0.26 | alpha 0.509 | complete
Ep 637 | 드론3 목적지39 |  886스텝 | 배송 39/39 | 재적재  7 | 중계율 0.33 | alpha 0.505 | complete
Ep 638 | 드론4 목적지54 |  695스텝 | 배송 54/54 | 재적재  9 | 중계율 0.12 | alpha 0.510 | complete
Ep 639 | 드론3 목적지57 | 1000스텝 | 배송 47/57 | 재적재  8 | 중계율 0.33 | alpha 0.516 | step_limit
Ep 640 | 드론3 목적지20 |  644스텝 | 배송 20/20 | 재적재  3 | 중계율 0.27 | alpha 0.512 | complete
Ep 641 | 드론4 목적지47 |  620스텝 | 배송 47/47 | 재적재  8 | 중계율 0.14 | alpha 0.519 | complete
Ep 642 | 드론4 목적지43 |  563스텝 | 배송 43/43 | 재적재  6 | 중계율 0.19 | alpha 0.521 | complete
Ep 643 | 드론4 목적지77 | 1000스텝 | 배송 75/77 | 재적재 13 | 중계율 0.26 | alpha 0.519 | step_limit
Ep 644 | 드론4 목적지78 | 1000스텝 | 배송 74/78 | 재적재 14 | 중계율 0.16 | alpha 0.518 | step_limit
Ep 645 | 드론4 목적지58 | 1000스텝 | 배송 55/58 | 재적재 10 | 중계율 0.33 | alpha 0.522 | step_limit
Ep 646 | 드론3 목적지35 |  840스텝 | 배송 35/35 | 재적재  6 | 중계율 0.31 | alpha 0.528 | complete
Ep 647 | 드론4 목적지41 |  583스텝 | 배송 41/41 | 재적재  6 | 중계율 0.17 | alpha 0.533 | complete
Ep 648 | 드론3 목적지66 | 1000스텝 | 배송 61/66 | 재적재 11 | 중계율 0.29 | alpha 0.533 | step_limit
Ep 649 | 드론4 목적지65 | 1000스텝 | 배송 64/65 | 재적재 10 | 중계율 0.30 | alpha 0.533 | step_limit
Ep 650 | 드론4 목적지69 | 1000스텝 | 배송 65/69 | 재적재 11 | 중계율 0.27 | alpha 0.535 | step_limit
  [홀드아웃] 배송 39.3±10.3 완주 0.93 스텝 790 점수 122.0 재적재 5.8 2홉+ 0.56 [4/50 0.90·908 | 3/30 0.95·672] | 최고 127.5@ep250 정체 8/8

조기 종료. 최고 127.5@ep250
Training finished. best=127.5 @ ep250
