/home/kopt/enter/envs/wsl_neuroMCTS/lib/python3.10/site-packages/pygame/pkgdata.py:25: UserWarning: pkg_resources is deprecated as an API. See https://setuptools.pypa.io/en/latest/pkg_resources.html. The pkg_resources package is slated for removal as early as 2025-11-30. Refrain from using this package or pin to Setuptools<81.
  from pkg_resources import resource_stream, resource_exists
pygame 2.6.1 (SDL 2.28.4, Python 3.10.19)
Hello from the pygame community. https://www.pygame.org/contribute.html
집합 상위 학습 | 반경 300 상한 1000 무배송 500 gamma 0.997 구성=무작위 드론[3, 4] 목적지[20, 80] CC무작위 인스턴스=무작위 목표유지=off 완주보상=0.0 잔여페널티=0.1 규칙관측=False 규칙정규화=2.0/중계가중치=1.0 막힘페널티=0.0 중계크레딧=0.0/드론별보상=False 도달권shaping=0.0 정체전환보상=0.0 엔트로피비=0.6->0.25@400 자기회귀=True 홀드아웃상한=3000 선택=makespan/속도가중치=40.0
/home/kopt/drone/proposed_src/pipeline/train_v5_26_09_15_23.py:407: UserWarning: Converting a tensor with requires_grad=True to a scalar may lead to unexpected behavior.
Consider using tensor.detach() first. (Triggered internally at /pytorch/torch/csrc/autograd/generated/python_variable_methods.cpp:836.)
  writer.add_scalar("train/alpha", float(log_alpha.exp()), ep)
Ep 1 | 드론4 목적지57 | 1000스텝 | 배송 44/57 | 재적재  8 | 중계율 0.15 | alpha 0.100 | step_limit
Ep 2 | 드론3 목적지50 | 1000스텝 | 배송 39/50 | 재적재  6 | 중계율 0.16 | alpha 0.100 | step_limit
Ep 3 | 드론4 목적지72 | 1000스텝 | 배송 53/72 | 재적재  8 | 중계율 0.14 | alpha 0.100 | step_limit
Ep 4 | 드론3 목적지46 | 1000스텝 | 배송 38/46 | 재적재  7 | 중계율 0.17 | alpha 0.100 | step_limit
Ep 5 | 드론3 목적지58 | 1000스텝 | 배송 32/58 | 재적재  4 | 중계율 0.34 | alpha 0.105 | step_limit
Ep 6 | 드론3 목적지61 | 1000스텝 | 배송 50/61 | 재적재  8 | 중계율 0.31 | alpha 0.116 | step_limit
Ep 7 | 드론3 목적지30 |  818스텝 | 배송 30/30 | 재적재  5 | 중계율 0.37 | alpha 0.125 | complete
Ep 8 | 드론3 목적지69 | 1000스텝 | 배송 63/69 | 재적재 11 | 중계율 0.32 | alpha 0.135 | step_limit
Ep 9 | 드론3 목적지66 | 1000스텝 | 배송 60/66 | 재적재 10 | 중계율 0.36 | alpha 0.146 | step_limit
Ep 10 | 드론3 목적지26 |  659스텝 | 배송 26/26 | 재적재  4 | 중계율 0.31 | alpha 0.153 | complete
Ep 11 | 드론4 목적지32 |  524스텝 | 배송 32/32 | 재적재  5 | 중계율 0.24 | alpha 0.160 | complete
Ep 12 | 드론3 목적지35 |  524스텝 | 배송 35/35 | 재적재  5 | 중계율 0.28 | alpha 0.166 | complete
Ep 13 | 드론3 목적지23 |  405스텝 | 배송 23/23 | 재적재  4 | 중계율 0.29 | alpha 0.171 | complete
Ep 14 | 드론3 목적지61 | 1000스텝 | 배송 55/61 | 재적재 10 | 중계율 0.36 | alpha 0.184 | step_limit
Ep 15 | 드론4 목적지78 | 1000스텝 | 배송 58/78 | 재적재 10 | 중계율 0.20 | alpha 0.198 | step_limit
Ep 16 | 드론4 목적지46 |  620스텝 | 배송 46/46 | 재적재  7 | 중계율 0.29 | alpha 0.208 | complete
Ep 17 | 드론4 목적지74 |  773스텝 | 배송 74/74 | 재적재 14 | 중계율 0.25 | alpha 0.220 | complete
Ep 18 | 드론3 목적지24 |  516스텝 | 배송 24/24 | 재적재  4 | 중계율 0.34 | alpha 0.228 | complete
Ep 19 | 드론4 목적지24 |  339스텝 | 배송 24/24 | 재적재  3 | 중계율 0.31 | alpha 0.234 | complete
Ep 20 | 드론3 목적지66 |  992스텝 | 배송 66/66 | 재적재 12 | 중계율 0.26 | alpha 0.251 | complete
Ep 21 | 드론3 목적지43 |  601스텝 | 배송 43/43 | 재적재  7 | 중계율 0.20 | alpha 0.262 | complete
Ep 22 | 드론3 목적지43 |  570스텝 | 배송 43/43 | 재적재  7 | 중계율 0.18 | alpha 0.273 | complete
Ep 23 | 드론3 목적지22 |  522스텝 | 배송 22/22 | 재적재  3 | 중계율 0.40 | alpha 0.284 | complete
Ep 24 | 드론3 목적지35 |  818스텝 | 배송 35/35 | 재적재  5 | 중계율 0.30 | alpha 0.301 | complete
Ep 25 | 드론4 목적지25 |  410스텝 | 배송 25/25 | 재적재  3 | 중계율 0.35 | alpha 0.310 | complete
Ep 26 | 드론3 목적지79 | 1000스텝 | 배송 67/79 | 재적재 11 | 중계율 0.26 | alpha 0.334 | step_limit
Ep 27 | 드론4 목적지63 | 1000스텝 | 배송 59/63 | 재적재  8 | 중계율 0.41 | alpha 0.359 | step_limit
Ep 28 | 드론3 목적지77 | 1000스텝 | 배송 70/77 | 재적재 13 | 중계율 0.30 | alpha 0.386 | step_limit
Ep 29 | 드론3 목적지34 |  693스텝 | 배송 34/34 | 재적재  4 | 중계율 0.37 | alpha 0.406 | complete
Ep 30 | 드론3 목적지25 |  542스텝 | 배송 25/25 | 재적재  3 | 중계율 0.31 | alpha 0.422 | complete
Ep 31 | 드론4 목적지68 |  757스텝 | 배송 68/68 | 재적재 10 | 중계율 0.27 | alpha 0.446 | complete
Ep 32 | 드론3 목적지79 | 1000스텝 | 배송 61/79 | 재적재 10 | 중계율 0.28 | alpha 0.479 | step_limit
Ep 33 | 드론3 목적지62 | 1000스텝 | 배송 47/62 | 재적재  7 | 중계율 0.29 | alpha 0.515 | step_limit
Ep 34 | 드론3 목적지33 |  484스텝 | 배송 33/33 | 재적재  5 | 중계율 0.20 | alpha 0.533 | complete
Ep 35 | 드론3 목적지26 |  616스텝 | 배송 26/26 | 재적재  3 | 중계율 0.28 | alpha 0.557 | complete
Ep 36 | 드론3 목적지57 | 1000스텝 | 배송 40/57 | 재적재  8 | 중계율 0.28 | alpha 0.598 | step_limit
Ep 37 | 드론3 목적지29 |  608스텝 | 배송 29/29 | 재적재  4 | 중계율 0.31 | alpha 0.625 | complete
Ep 38 | 드론4 목적지63 |  961스텝 | 배송 63/63 | 재적재 11 | 중계율 0.31 | alpha 0.670 | complete
Ep 39 | 드론4 목적지44 |  676스텝 | 배송 44/44 | 재적재  6 | 중계율 0.27 | alpha 0.703 | complete
Ep 40 | 드론4 목적지56 |  684스텝 | 배송 56/56 | 재적재 10 | 중계율 0.20 | alpha 0.738 | complete
Ep 41 | 드론4 목적지21 |  360스텝 | 배송 21/21 | 재적재  2 | 중계율 0.34 | alpha 0.757 | complete
Ep 42 | 드론3 목적지24 |  625스텝 | 배송 24/24 | 재적재  4 | 중계율 0.32 | alpha 0.792 | complete
Ep 43 | 드론3 목적지52 |  920스텝 | 배송 52/52 | 재적재  9 | 중계율 0.31 | alpha 0.846 | complete
Ep 44 | 드론3 목적지72 | 1000스텝 | 배송 64/72 | 재적재 11 | 중계율 0.21 | alpha 0.908 | step_limit
Ep 45 | 드론3 목적지52 |  974스텝 | 배송 52/52 | 재적재  8 | 중계율 0.33 | alpha 0.974 | complete
Ep 46 | 드론4 목적지72 |  893스텝 | 배송 72/72 | 재적재 13 | 중계율 0.19 | alpha 1.037 | complete
Ep 47 | 드론3 목적지69 | 1000스텝 | 배송 65/69 | 재적재 11 | 중계율 0.27 | alpha 1.112 | step_limit
Ep 48 | 드론3 목적지56 | 1000스텝 | 배송 56/56 | 재적재 10 | 중계율 0.26 | alpha 1.193 | complete
Ep 49 | 드론4 목적지78 | 1000스텝 | 배송 75/78 | 재적재 13 | 중계율 0.23 | alpha 1.277 | step_limit
Ep 50 | 드론4 목적지40 |  921스텝 | 배송 40/40 | 재적재  4 | 중계율 0.45 | alpha 1.357 | complete
  [홀드아웃] 배송 38.7±10.3 완주 0.88 스텝 886 점수 115.7 재적재 6.0 2홉+ 0.56 [4/50 0.85·994 | 3/30 0.90·779] | 최고 115.7@ep50 정체 0/15  ← 갱신
Ep 51 | 드론4 목적지51 |  628스텝 | 배송 51/51 | 재적재  9 | 중계율 0.19 | alpha 1.413 | complete
Ep 52 | 드론3 목적지42 |  691스텝 | 배송 42/42 | 재적재  8 | 중계율 0.22 | alpha 1.475 | complete
Ep 53 | 드론4 목적지60 |  927스텝 | 배송 60/60 | 재적재 11 | 중계율 0.23 | alpha 1.560 | complete
Ep 54 | 드론3 목적지49 | 1000스텝 | 배송 41/49 | 재적재  7 | 중계율 0.22 | alpha 1.651 | step_limit
Ep 55 | 드론3 목적지40 |  962스텝 | 배송 40/40 | 재적재  7 | 중계율 0.25 | alpha 1.741 | complete
Ep 56 | 드론4 목적지61 |  945스텝 | 배송 61/61 | 재적재 11 | 중계율 0.25 | alpha 1.824 | complete
Ep 57 | 드론3 목적지53 |  951스텝 | 배송 53/53 | 재적재  9 | 중계율 0.29 | alpha 1.904 | complete
Ep 58 | 드론4 목적지57 | 1000스텝 | 배송 52/57 | 재적재  8 | 중계율 0.33 | alpha 1.990 | step_limit
Ep 59 | 드론3 목적지50 | 1000스텝 | 배송 47/50 | 재적재  7 | 중계율 0.25 | alpha 2.075 | step_limit
Ep 60 | 드론3 목적지21 |  510스텝 | 배송 21/21 | 재적재  3 | 중계율 0.33 | alpha 2.120 | complete
Ep 61 | 드론4 목적지26 |  874스텝 | 배송 26/26 | 재적재  3 | 중계율 0.32 | alpha 2.198 | complete
Ep 62 | 드론4 목적지55 |  938스텝 | 배송 55/55 | 재적재  9 | 중계율 0.27 | alpha 2.280 | complete
Ep 63 | 드론4 목적지68 |  944스텝 | 배송 68/68 | 재적재 12 | 중계율 0.30 | alpha 2.353 | complete
Ep 64 | 드론3 목적지41 | 1000스텝 | 배송 36/41 | 재적재  7 | 중계율 0.25 | alpha 2.427 | step_limit
Ep 65 | 드론4 목적지68 | 1000스텝 | 배송 61/68 | 재적재 11 | 중계율 0.19 | alpha 2.506 | step_limit
Ep 66 | 드론3 목적지61 |  907스텝 | 배송 61/61 | 재적재 11 | 중계율 0.14 | alpha 2.572 | complete
Ep 67 | 드론3 목적지53 | 1000스텝 | 배송 44/53 | 재적재  7 | 중계율 0.23 | alpha 2.622 | step_limit
Ep 68 | 드론3 목적지44 | 1000스텝 | 배송 43/44 | 재적재  7 | 중계율 0.21 | alpha 2.661 | step_limit
Ep 69 | 드론3 목적지34 |  652스텝 | 배송 34/34 | 재적재  5 | 중계율 0.19 | alpha 2.680 | complete
Ep 70 | 드론3 목적지31 |  858스텝 | 배송 31/31 | 재적재  5 | 중계율 0.28 | alpha 2.694 | complete
Ep 71 | 드론4 목적지71 |  851스텝 | 배송 71/71 | 재적재 13 | 중계율 0.16 | alpha 2.690 | complete
Ep 72 | 드론3 목적지53 | 1000스텝 | 배송 45/53 | 재적재  7 | 중계율 0.29 | alpha 2.683 | step_limit
Ep 73 | 드론3 목적지21 |  581스텝 | 배송 21/21 | 재적재  2 | 중계율 0.19 | alpha 2.683 | complete
Ep 74 | 드론4 목적지45 | 1000스텝 | 배송 44/45 | 재적재  7 | 중계율 0.23 | alpha 2.666 | step_limit
Ep 75 | 드론4 목적지40 |  952스텝 | 배송 40/40 | 재적재  6 | 중계율 0.22 | alpha 2.645 | complete
Ep 76 | 드론3 목적지75 | 1000스텝 | 배송 62/75 | 재적재 11 | 중계율 0.24 | alpha 2.617 | step_limit
Ep 77 | 드론4 목적지24 |  452스텝 | 배송 24/24 | 재적재  2 | 중계율 0.23 | alpha 2.607 | complete
Ep 78 | 드론3 목적지64 | 1000스텝 | 배송 60/64 | 재적재 10 | 중계율 0.25 | alpha 2.596 | step_limit
Ep 79 | 드론3 목적지41 | 1000스텝 | 배송 40/41 | 재적재  7 | 중계율 0.25 | alpha 2.600 | step_limit
Ep 80 | 드론3 목적지69 | 1000스텝 | 배송 61/69 | 재적재 11 | 중계율 0.15 | alpha 2.607 | step_limit
Ep 81 | 드론4 목적지47 |  928스텝 | 배송 47/47 | 재적재  8 | 중계율 0.23 | alpha 2.616 | complete
Ep 82 | 드론4 목적지69 | 1000스텝 | 배송 61/69 | 재적재 10 | 중계율 0.23 | alpha 2.659 | step_limit
Ep 83 | 드론4 목적지31 |  712스텝 | 배송 31/31 | 재적재  5 | 중계율 0.31 | alpha 2.707 | complete
Ep 84 | 드론3 목적지33 |  553스텝 | 배송 33/33 | 재적재  5 | 중계율 0.21 | alpha 2.738 | complete
Ep 85 | 드론3 목적지38 |  743스텝 | 배송 38/38 | 재적재  7 | 중계율 0.16 | alpha 2.747 | complete
Ep 86 | 드론4 목적지24 |  403스텝 | 배송 24/24 | 재적재  3 | 중계율 0.27 | alpha 2.762 | complete
Ep 87 | 드론3 목적지30 |  723스텝 | 배송 30/30 | 재적재  5 | 중계율 0.19 | alpha 2.763 | complete
Ep 88 | 드론3 목적지38 |  751스텝 | 배송 38/38 | 재적재  6 | 중계율 0.21 | alpha 2.724 | complete
Ep 89 | 드론3 목적지57 | 1000스텝 | 배송 44/57 | 재적재  7 | 중계율 0.27 | alpha 2.727 | step_limit
Ep 90 | 드론4 목적지21 | 1000스텝 | 배송 20/21 | 재적재  2 | 중계율 0.32 | alpha 2.787 | step_limit
Ep 91 | 드론4 목적지77 | 1000스텝 | 배송 73/77 | 재적재 13 | 중계율 0.21 | alpha 2.808 | step_limit
Ep 92 | 드론3 목적지69 | 1000스텝 | 배송 57/69 | 재적재 10 | 중계율 0.26 | alpha 2.733 | step_limit
Ep 93 | 드론4 목적지60 | 1000스텝 | 배송 56/60 | 재적재 10 | 중계율 0.15 | alpha 2.685 | step_limit
Ep 94 | 드론4 목적지45 |  557스텝 | 배송 45/45 | 재적재  8 | 중계율 0.19 | alpha 2.674 | complete
Ep 95 | 드론3 목적지71 | 1000스텝 | 배송 67/71 | 재적재 12 | 중계율 0.21 | alpha 2.642 | step_limit
Ep 96 | 드론3 목적지74 | 1000스텝 | 배송 53/74 | 재적재  9 | 중계율 0.18 | alpha 2.629 | step_limit
Ep 97 | 드론4 목적지47 |  824스텝 | 배송 47/47 | 재적재  7 | 중계율 0.20 | alpha 2.601 | complete
Ep 98 | 드론4 목적지50 | 1000스텝 | 배송 42/50 | 재적재  6 | 중계율 0.28 | alpha 2.542 | step_limit
Ep 99 | 드론4 목적지35 |  709스텝 | 배송 35/35 | 재적재  6 | 중계율 0.22 | alpha 2.557 | complete
Ep 100 | 드론3 목적지40 | 1000스텝 | 배송 38/40 | 재적재  7 | 중계율 0.28 | alpha 2.540 | step_limit
  [홀드아웃] 배송 40.0±10.0 완주 1.00 스텝 915 점수 127.8 재적재 6.4 2홉+ 0.55 [4/50 1.00·1018 | 3/30 1.00·813] | 최고 127.8@ep100 정체 0/15  ← 갱신
Ep 101 | 드론3 목적지23 |  526스텝 | 배송 23/23 | 재적재  3 | 중계율 0.25 | alpha 2.532 | complete
Ep 102 | 드론3 목적지21 |  686스텝 | 배송 21/21 | 재적재  3 | 중계율 0.28 | alpha 2.544 | complete
Ep 103 | 드론4 목적지72 |  870스텝 | 배송 72/72 | 재적재 12 | 중계율 0.20 | alpha 2.549 | complete
Ep 104 | 드론3 목적지27 |  725스텝 | 배송 27/27 | 재적재  4 | 중계율 0.31 | alpha 2.515 | complete
Ep 105 | 드론3 목적지63 | 1000스텝 | 배송 59/63 | 재적재 11 | 중계율 0.20 | alpha 2.497 | step_limit
Ep 106 | 드론4 목적지58 |  859스텝 | 배송 58/58 | 재적재 10 | 중계율 0.17 | alpha 2.484 | complete
Ep 107 | 드론4 목적지75 | 1000스텝 | 배송 59/75 | 재적재 10 | 중계율 0.30 | alpha 2.456 | step_limit
