/home/kopt/enter/envs/wsl_neuroMCTS/lib/python3.10/site-packages/pygame/pkgdata.py:25: UserWarning: pkg_resources is deprecated as an API. See https://setuptools.pypa.io/en/latest/pkg_resources.html. The pkg_resources package is slated for removal as early as 2025-11-30. Refrain from using this package or pin to Setuptools<81.
  from pkg_resources import resource_stream, resource_exists
pygame 2.6.1 (SDL 2.28.4, Python 3.10.19)
Hello from the pygame community. https://www.pygame.org/contribute.html
집합 상위 학습 | 반경 300 상한 1000 무배송 500 gamma 0.997 구성=무작위 드론[3, 4] 목적지[20, 80] CC무작위 인스턴스=무작위 목표유지=off 완주보상=0.0 잔여페널티=0.1 규칙관측=False 규칙정규화=2.0/중계가중치=1.0 막힘페널티=0.0 중계크레딧=0.0/드론별보상=False 도달권shaping=0.0 정체전환보상=0.0 엔트로피비=0.6->0.25@400 자기회귀=True 홀드아웃상한=3000 선택=makespan/속도가중치=40.0
/home/kopt/drone/proposed_src/pipeline/train_v5_26_09_15_23.py:407: UserWarning: Converting a tensor with requires_grad=True to a scalar may lead to unexpected behavior.
Consider using tensor.detach() first. (Triggered internally at /pytorch/torch/csrc/autograd/generated/python_variable_methods.cpp:836.)
  writer.add_scalar("train/alpha", float(log_alpha.exp()), ep)
Ep 1 | 드론3 목적지31 | 1000스텝 | 배송 26/31 | 재적재  3 | 중계율 0.18 | alpha 0.100 | step_limit
Ep 2 | 드론3 목적지37 | 1000스텝 | 배송 31/37 | 재적재  4 | 중계율 0.19 | alpha 0.100 | step_limit
Ep 3 | 드론4 목적지60 | 1000스텝 | 배송 46/60 | 재적재  8 | 중계율 0.20 | alpha 0.100 | step_limit
Ep 4 | 드론4 목적지48 |  936스텝 | 배송 48/48 | 재적재  8 | 중계율 0.19 | alpha 0.100 | complete
Ep 5 | 드론3 목적지40 | 1000스텝 | 배송 39/40 | 재적재  6 | 중계율 0.23 | alpha 0.102 | step_limit
Ep 6 | 드론4 목적지49 |  577스텝 | 배송 49/49 | 재적재  8 | 중계율 0.33 | alpha 0.108 | complete
Ep 7 | 드론3 목적지63 | 1000스텝 | 배송 54/63 | 재적재  8 | 중계율 0.37 | alpha 0.119 | step_limit
Ep 8 | 드론3 목적지43 |  949스텝 | 배송 43/43 | 재적재  6 | 중계율 0.41 | alpha 0.129 | complete
Ep 9 | 드론4 목적지63 |  697스텝 | 배송 63/63 | 재적재 11 | 중계율 0.23 | alpha 0.137 | complete
Ep 10 | 드론4 목적지78 | 1000스텝 | 배송 69/78 | 재적재 12 | 중계율 0.30 | alpha 0.148 | step_limit
Ep 11 | 드론3 목적지27 | 1000스텝 | 배송 25/27 | 재적재  2 | 중계율 0.34 | alpha 0.160 | step_limit
Ep 12 | 드론4 목적지76 |  831스텝 | 배송 76/76 | 재적재 14 | 중계율 0.21 | alpha 0.170 | complete
Ep 13 | 드론3 목적지70 | 1000스텝 | 배송 66/70 | 재적재 12 | 중계율 0.21 | alpha 0.183 | step_limit
Ep 14 | 드론3 목적지40 |  983스텝 | 배송 40/40 | 재적재  7 | 중계율 0.34 | alpha 0.197 | complete
Ep 15 | 드론4 목적지63 | 1000스텝 | 배송 50/63 | 재적재  6 | 중계율 0.29 | alpha 0.211 | step_limit
Ep 16 | 드론3 목적지56 |  940스텝 | 배송 56/56 | 재적재 10 | 중계율 0.27 | alpha 0.226 | complete
Ep 17 | 드론3 목적지49 |  923스텝 | 배송 49/49 | 재적재  9 | 중계율 0.32 | alpha 0.242 | complete
Ep 18 | 드론4 목적지24 |  470스텝 | 배송 24/24 | 재적재  4 | 중계율 0.36 | alpha 0.250 | complete
Ep 19 | 드론3 목적지28 |  393스텝 | 배송 28/28 | 재적재  4 | 중계율 0.17 | alpha 0.257 | complete
Ep 20 | 드론4 목적지30 |  423스텝 | 배송 30/30 | 재적재  4 | 중계율 0.24 | alpha 0.265 | complete
Ep 21 | 드론4 목적지41 |  801스텝 | 배송 41/41 | 재적재  6 | 중계율 0.36 | alpha 0.281 | complete
Ep 22 | 드론4 목적지40 |  510스텝 | 배송 40/40 | 재적재  7 | 중계율 0.27 | alpha 0.291 | complete
Ep 23 | 드론3 목적지54 | 1000스텝 | 배송 41/54 | 재적재  8 | 중계율 0.32 | alpha 0.313 | step_limit
Ep 24 | 드론4 목적지43 |  686스텝 | 배송 43/43 | 재적재  7 | 중계율 0.32 | alpha 0.328 | complete
Ep 25 | 드론3 목적지56 | 1000스텝 | 배송 55/56 | 재적재  9 | 중계율 0.25 | alpha 0.352 | step_limit
Ep 26 | 드론3 목적지20 |  507스텝 | 배송 20/20 | 재적재  3 | 중계율 0.19 | alpha 0.365 | complete
Ep 27 | 드론4 목적지58 |  945스텝 | 배송 58/58 | 재적재  9 | 중계율 0.41 | alpha 0.390 | complete
Ep 28 | 드론3 목적지47 |  849스텝 | 배송 47/47 | 재적재  8 | 중계율 0.33 | alpha 0.413 | complete
Ep 29 | 드론3 목적지40 |  883스텝 | 배송 40/40 | 재적재  6 | 중계율 0.37 | alpha 0.439 | complete
Ep 30 | 드론4 목적지68 |  828스텝 | 배송 68/68 | 재적재 12 | 중계율 0.24 | alpha 0.465 | complete
Ep 31 | 드론4 목적지79 |  898스텝 | 배송 79/79 | 재적재 13 | 중계율 0.29 | alpha 0.495 | complete
Ep 32 | 드론3 목적지71 | 1000스텝 | 배송 70/71 | 재적재 13 | 중계율 0.24 | alpha 0.530 | step_limit
Ep 33 | 드론4 목적지66 | 1000스텝 | 배송 57/66 | 재적재 10 | 중계율 0.27 | alpha 0.568 | step_limit
Ep 34 | 드론4 목적지21 |  480스텝 | 배송 21/21 | 재적재  3 | 중계율 0.34 | alpha 0.587 | complete
Ep 35 | 드론3 목적지35 |  623스텝 | 배송 35/35 | 재적재  5 | 중계율 0.29 | alpha 0.613 | complete
Ep 36 | 드론3 목적지39 |  841스텝 | 배송 39/39 | 재적재  6 | 중계율 0.34 | alpha 0.651 | complete
Ep 37 | 드론3 목적지78 | 1000스텝 | 배송 63/78 | 재적재 10 | 중계율 0.21 | alpha 0.699 | step_limit
Ep 38 | 드론3 목적지29 |  645스텝 | 배송 29/29 | 재적재  5 | 중계율 0.25 | alpha 0.732 | complete
Ep 39 | 드론4 목적지21 |  348스텝 | 배송 21/21 | 재적재  3 | 중계율 0.26 | alpha 0.751 | complete
Ep 40 | 드론4 목적지51 |  961스텝 | 배송 51/51 | 재적재  8 | 중계율 0.40 | alpha 0.803 | complete
Ep 41 | 드론3 목적지44 |  881스텝 | 배송 44/44 | 재적재  7 | 중계율 0.31 | alpha 0.854 | complete
Ep 42 | 드론4 목적지42 |  855스텝 | 배송 42/42 | 재적재  8 | 중계율 0.34 | alpha 0.906 | complete
Ep 43 | 드론4 목적지53 | 1000스텝 | 배송 40/53 | 재적재  5 | 중계율 0.35 | alpha 0.970 | step_limit
Ep 44 | 드론3 목적지29 |  626스텝 | 배송 29/29 | 재적재  4 | 중계율 0.26 | alpha 1.012 | complete
Ep 45 | 드론3 목적지55 |  953스텝 | 배송 55/55 | 재적재  9 | 중계율 0.29 | alpha 1.080 | complete
Ep 46 | 드론4 목적지65 |  846스텝 | 배송 65/65 | 재적재 11 | 중계율 0.29 | alpha 1.143 | complete
Ep 47 | 드론3 목적지44 |  651스텝 | 배송 44/44 | 재적재  8 | 중계율 0.19 | alpha 1.194 | complete
Ep 48 | 드론3 목적지66 | 1000스텝 | 배송 58/66 | 재적재  9 | 중계율 0.31 | alpha 1.278 | step_limit
Ep 49 | 드론4 목적지22 |  626스텝 | 배송 22/22 | 재적재  2 | 중계율 0.33 | alpha 1.333 | complete
Ep 50 | 드론4 목적지58 | 1000스텝 | 배송 54/58 | 재적재  8 | 중계율 0.29 | alpha 1.425 | step_limit
  [홀드아웃] 배송 39.2±10.1 완주 0.91 스텝 967 점수 118.4 재적재 5.9 2홉+ 0.55 [4/50 0.88·1137 | 3/30 0.95·797] | 최고 118.4@ep50 정체 0/15  ← 갱신
Ep 51 | 드론4 목적지24 |  366스텝 | 배송 24/24 | 재적재  2 | 중계율 0.16 | alpha 1.459 | complete
Ep 52 | 드론3 목적지36 |  904스텝 | 배송 36/36 | 재적재  6 | 중계율 0.21 | alpha 1.547 | complete
Ep 53 | 드론4 목적지48 |  681스텝 | 배송 48/48 | 재적재  8 | 중계율 0.24 | alpha 1.617 | complete
Ep 54 | 드론4 목적지64 | 1000스텝 | 배송 41/64 | 재적재  8 | 중계율 0.34 | alpha 1.722 | step_limit
Ep 55 | 드론4 목적지22 |  629스텝 | 배송 22/22 | 재적재  3 | 중계율 0.23 | alpha 1.790 | complete
Ep 56 | 드론3 목적지61 | 1000스텝 | 배송 48/61 | 재적재  9 | 중계율 0.29 | alpha 1.903 | step_limit
Ep 57 | 드론3 목적지30 |  646스텝 | 배송 30/30 | 재적재  5 | 중계율 0.29 | alpha 1.976 | complete
Ep 58 | 드론4 목적지60 |  918스텝 | 배송 60/60 | 재적재 10 | 중계율 0.23 | alpha 2.081 | complete
Ep 59 | 드론4 목적지66 | 1000스텝 | 배송 63/66 | 재적재 10 | 중계율 0.23 | alpha 2.196 | step_limit
Ep 60 | 드론3 목적지26 |  624스텝 | 배송 26/26 | 재적재  3 | 중계율 0.19 | alpha 2.267 | complete
Ep 61 | 드론4 목적지61 | 1000스텝 | 배송 51/61 | 재적재  8 | 중계율 0.26 | alpha 2.383 | step_limit
Ep 62 | 드론4 목적지56 |  768스텝 | 배송 56/56 | 재적재 10 | 중계율 0.21 | alpha 2.470 | complete
Ep 63 | 드론4 목적지73 | 1000스텝 | 배송 63/73 | 재적재 10 | 중계율 0.30 | alpha 2.577 | step_limit
Ep 64 | 드론4 목적지28 |  510스텝 | 배송 28/28 | 재적재  2 | 중계율 0.36 | alpha 2.629 | complete
Ep 65 | 드론3 목적지35 |  867스텝 | 배송 35/35 | 재적재  6 | 중계율 0.26 | alpha 2.705 | complete
Ep 66 | 드론3 목적지41 | 1000스텝 | 배송 37/41 | 재적재  6 | 중계율 0.24 | alpha 2.785 | step_limit
Ep 67 | 드론4 목적지72 | 1000스텝 | 배송 69/72 | 재적재 12 | 중계율 0.25 | alpha 2.853 | step_limit
Ep 68 | 드론4 목적지34 |  689스텝 | 배송 34/34 | 재적재  6 | 중계율 0.20 | alpha 2.890 | complete
Ep 69 | 드론4 목적지70 |  920스텝 | 배송 70/70 | 재적재 12 | 중계율 0.21 | alpha 2.935 | complete
Ep 70 | 드론4 목적지31 |  599스텝 | 배송 31/31 | 재적재  5 | 중계율 0.26 | alpha 2.960 | complete
Ep 71 | 드론4 목적지24 |  342스텝 | 배송 24/24 | 재적재  3 | 중계율 0.26 | alpha 2.969 | complete
Ep 72 | 드론4 목적지70 | 1000스텝 | 배송 65/70 | 재적재 10 | 중계율 0.30 | alpha 2.988 | step_limit
Ep 73 | 드론4 목적지40 |  812스텝 | 배송 40/40 | 재적재  7 | 중계율 0.28 | alpha 2.984 | complete
Ep 74 | 드론4 목적지60 |  735스텝 | 배송 60/60 | 재적재 10 | 중계율 0.20 | alpha 2.958 | complete
Ep 75 | 드론3 목적지22 |  615스텝 | 배송 22/22 | 재적재  3 | 중계율 0.21 | alpha 2.929 | complete
Ep 76 | 드론4 목적지38 |  785스텝 | 배송 38/38 | 재적재  6 | 중계율 0.25 | alpha 2.888 | complete
Ep 77 | 드론3 목적지24 |  448스텝 | 배송 24/24 | 재적재  4 | 중계율 0.14 | alpha 2.862 | complete
Ep 78 | 드론3 목적지31 |  824스텝 | 배송 31/31 | 재적재  6 | 중계율 0.28 | alpha 2.819 | complete
Ep 79 | 드론4 목적지39 |  511스텝 | 배송 39/39 | 재적재  7 | 중계율 0.23 | alpha 2.792 | complete
Ep 80 | 드론3 목적지53 |  820스텝 | 배송 53/53 | 재적재  9 | 중계율 0.20 | alpha 2.771 | complete
Ep 81 | 드론3 목적지72 | 1000스텝 | 배송 63/72 | 재적재 10 | 중계율 0.20 | alpha 2.753 | step_limit
Ep 82 | 드론4 목적지72 |  898스텝 | 배송 72/72 | 재적재 14 | 중계율 0.21 | alpha 2.724 | complete
Ep 83 | 드론3 목적지41 | 1000스텝 | 배송 39/41 | 재적재  7 | 중계율 0.29 | alpha 2.703 | step_limit
Ep 84 | 드론3 목적지43 |  817스텝 | 배송 43/43 | 재적재  7 | 중계율 0.22 | alpha 2.690 | complete
Ep 85 | 드론3 목적지42 | 1000스텝 | 배송 39/42 | 재적재  6 | 중계율 0.24 | alpha 2.685 | step_limit
Ep 86 | 드론3 목적지48 | 1000스텝 | 배송 46/48 | 재적재  7 | 중계율 0.20 | alpha 2.680 | step_limit
Ep 87 | 드론3 목적지44 | 1000스텝 | 배송 42/44 | 재적재  7 | 중계율 0.27 | alpha 2.681 | step_limit
Ep 88 | 드론3 목적지59 | 1000스텝 | 배송 52/59 | 재적재  9 | 중계율 0.21 | alpha 2.689 | step_limit
Ep 89 | 드론3 목적지75 | 1000스텝 | 배송 64/75 | 재적재 11 | 중계율 0.20 | alpha 2.709 | step_limit
Ep 90 | 드론3 목적지68 | 1000스텝 | 배송 53/68 | 재적재  9 | 중계율 0.23 | alpha 2.689 | step_limit
Ep 91 | 드론3 목적지33 |  657스텝 | 배송 33/33 | 재적재  6 | 중계율 0.26 | alpha 2.679 | complete
Ep 92 | 드론3 목적지61 | 1000스텝 | 배송 51/61 | 재적재  8 | 중계율 0.25 | alpha 2.629 | step_limit
Ep 93 | 드론3 목적지69 | 1000스텝 | 배송 54/69 | 재적재  9 | 중계율 0.25 | alpha 2.588 | step_limit
Ep 94 | 드론4 목적지34 |  579스텝 | 배송 34/34 | 재적재  5 | 중계율 0.16 | alpha 2.574 | complete
Ep 95 | 드론4 목적지28 |  425스텝 | 배송 28/28 | 재적재  4 | 중계율 0.20 | alpha 2.565 | complete
Ep 96 | 드론3 목적지62 | 1000스텝 | 배송 55/62 | 재적재  9 | 중계율 0.22 | alpha 2.573 | step_limit
Ep 97 | 드론3 목적지43 |  819스텝 | 배송 43/43 | 재적재  8 | 중계율 0.18 | alpha 2.577 | complete
Ep 98 | 드론3 목적지77 | 1000스텝 | 배송 58/77 | 재적재 10 | 중계율 0.24 | alpha 2.591 | step_limit
Ep 99 | 드론3 목적지48 | 1000스텝 | 배송 46/48 | 재적재  8 | 중계율 0.23 | alpha 2.607 | step_limit
Ep 100 | 드론3 목적지55 |  979스텝 | 배송 55/55 | 재적재 10 | 중계율 0.27 | alpha 2.654 | complete
  [홀드아웃] 배송 40.0±10.0 완주 1.00 스텝 957 점수 127.2 재적재 6.3 2홉+ 0.55 [4/50 1.00·1088 | 3/30 1.00·825] | 최고 127.2@ep100 정체 0/15  ← 갱신
Ep 101 | 드론4 목적지65 |  853스텝 | 배송 65/65 | 재적재 12 | 중계율 0.22 | alpha 2.664 | complete
Ep 102 | 드론4 목적지77 |  986스텝 | 배송 77/77 | 재적재 14 | 중계율 0.16 | alpha 2.655 | complete
Ep 103 | 드론4 목적지74 | 1000스텝 | 배송 60/74 | 재적재 10 | 중계율 0.31 | alpha 2.622 | step_limit
Ep 104 | 드론3 목적지55 |  959스텝 | 배송 55/55 | 재적재  9 | 중계율 0.25 | alpha 2.612 | complete
Ep 105 | 드론3 목적지49 | 1000스텝 | 배송 47/49 | 재적재  8 | 중계율 0.22 | alpha 2.635 | step_limit
