/home/kopt/enter/envs/wsl_neuroMCTS/lib/python3.10/site-packages/pygame/pkgdata.py:25: UserWarning: pkg_resources is deprecated as an API. See https://setuptools.pypa.io/en/latest/pkg_resources.html. The pkg_resources package is slated for removal as early as 2025-11-30. Refrain from using this package or pin to Setuptools<81.
  from pkg_resources import resource_stream, resource_exists
pygame 2.6.1 (SDL 2.28.4, Python 3.10.19)
Hello from the pygame community. https://www.pygame.org/contribute.html
집합 상위 학습 | 반경 300 상한 1000 무배송 500 gamma 0.997 구성=무작위 드론[3, 4] 목적지[20, 80] CC무작위 인스턴스=무작위 목표유지=off 완주보상=0.0 잔여페널티=0.1 규칙관측=False 규칙정규화=2.0/중계가중치=1.0 막힘페널티=0.0 중계크레딧=0.0/재분배=0.0/드론별보상=False 도달권shaping=0.0 정체전환보상=0.0 엔트로피비=0.6->0.25@400 자기회귀=True 홀드아웃상한=3000 선택=makespan/속도가중치=40.0
/home/kopt/drone/proposed_src/pipeline/train_v5_26_09_15_23.py:411: UserWarning: Converting a tensor with requires_grad=True to a scalar may lead to unexpected behavior.
Consider using tensor.detach() first. (Triggered internally at /pytorch/torch/csrc/autograd/generated/python_variable_methods.cpp:836.)
  writer.add_scalar("train/alpha", float(log_alpha.exp()), ep)
Ep 1 | 드론3 목적지25 | 1000스텝 | 배송 22/25 | 재적재  3 | 중계율 0.15 | alpha 0.100 | step_limit
Ep 2 | 드론4 목적지50 | 1000스텝 | 배송 44/50 | 재적재  7 | 중계율 0.11 | alpha 0.100 | step_limit
Ep 3 | 드론3 목적지58 | 1000스텝 | 배송 41/58 | 재적재  7 | 중계율 0.13 | alpha 0.100 | step_limit
Ep 4 | 드론4 목적지26 | 1000스텝 | 배송 23/26 | 재적재  3 | 중계율 0.10 | alpha 0.100 | step_limit
Ep 5 | 드론3 목적지29 | 1000스텝 | 배송 24/29 | 재적재  4 | 중계율 0.14 | alpha 0.100 | step_limit
Ep 6 | 드론3 목적지63 | 1000스텝 | 배송 55/63 | 재적재 11 | 중계율 0.32 | alpha 0.107 | step_limit
Ep 7 | 드론4 목적지40 |  763스텝 | 배송 40/40 | 재적재  6 | 중계율 0.41 | alpha 0.115 | complete
Ep 8 | 드론4 목적지31 |  384스텝 | 배송 31/31 | 재적재  4 | 중계율 0.23 | alpha 0.119 | complete
Ep 9 | 드론4 목적지60 | 1000스텝 | 배송 48/60 | 재적재  6 | 중계율 0.34 | alpha 0.129 | step_limit
Ep 10 | 드론3 목적지80 | 1000스텝 | 배송 71/80 | 재적재 14 | 중계율 0.23 | alpha 0.140 | step_limit
Ep 11 | 드론4 목적지78 | 1000스텝 | 배송 74/78 | 재적재 13 | 중계율 0.27 | alpha 0.151 | step_limit
Ep 12 | 드론4 목적지53 |  678스텝 | 배송 53/53 | 재적재  9 | 중계율 0.25 | alpha 0.159 | complete
Ep 13 | 드론4 목적지68 | 1000스텝 | 배송 65/68 | 재적재 10 | 중계율 0.32 | alpha 0.172 | step_limit
Ep 14 | 드론4 목적지21 |  241스텝 | 배송 21/21 | 재적재  2 | 중계율 0.22 | alpha 0.175 | complete
Ep 15 | 드론3 목적지21 |  610스텝 | 배송 21/21 | 재적재  2 | 중계율 0.35 | alpha 0.183 | complete
Ep 16 | 드론4 목적지70 | 1000스텝 | 배송 66/70 | 재적재 13 | 중계율 0.25 | alpha 0.197 | step_limit
Ep 17 | 드론3 목적지23 |  481스텝 | 배송 23/23 | 재적재  3 | 중계율 0.35 | alpha 0.204 | complete
Ep 18 | 드론4 목적지52 | 1000스텝 | 배송 45/52 | 재적재  7 | 중계율 0.36 | alpha 0.219 | step_limit
Ep 19 | 드론4 목적지46 |  740스텝 | 배송 46/46 | 재적재  7 | 중계율 0.37 | alpha 0.231 | complete
Ep 20 | 드론4 목적지55 |  902스텝 | 배송 55/55 | 재적재  7 | 중계율 0.45 | alpha 0.246 | complete
Ep 21 | 드론4 목적지77 |  960스텝 | 배송 77/77 | 재적재 12 | 중계율 0.22 | alpha 0.263 | complete
Ep 22 | 드론3 목적지28 |  766스텝 | 배송 28/28 | 재적재  4 | 중계율 0.31 | alpha 0.278 | complete
Ep 23 | 드론4 목적지43 |  554스텝 | 배송 43/43 | 재적재  8 | 중계율 0.24 | alpha 0.289 | complete
Ep 24 | 드론4 목적지69 | 1000스텝 | 배송 52/69 | 재적재  8 | 중계율 0.37 | alpha 0.310 | step_limit
Ep 25 | 드론3 목적지24 |  439스텝 | 배송 24/24 | 재적재  4 | 중계율 0.28 | alpha 0.319 | complete
Ep 26 | 드론3 목적지35 |  617스텝 | 배송 35/35 | 재적재  6 | 중계율 0.27 | alpha 0.333 | complete
Ep 27 | 드론4 목적지70 | 1000스텝 | 배송 69/70 | 재적재 12 | 중계율 0.31 | alpha 0.358 | step_limit
Ep 28 | 드론3 목적지20 |  433스텝 | 배송 20/20 | 재적재  3 | 중계율 0.29 | alpha 0.369 | complete
Ep 29 | 드론3 목적지43 |  834스텝 | 배송 43/43 | 재적재  6 | 중계율 0.33 | alpha 0.390 | complete
Ep 30 | 드론3 목적지66 | 1000스텝 | 배송 54/66 | 재적재  8 | 중계율 0.34 | alpha 0.419 | step_limit
Ep 31 | 드론3 목적지43 |  745스텝 | 배송 43/43 | 재적재  8 | 중계율 0.18 | alpha 0.441 | complete
Ep 32 | 드론3 목적지65 | 1000스텝 | 배송 55/65 | 재적재  8 | 중계율 0.26 | alpha 0.473 | step_limit
Ep 33 | 드론4 목적지31 |  406스텝 | 배송 31/31 | 재적재  5 | 중계율 0.22 | alpha 0.486 | complete
Ep 34 | 드론4 목적지43 |  488스텝 | 배송 43/43 | 재적재  6 | 중계율 0.17 | alpha 0.503 | complete
Ep 35 | 드론3 목적지27 | 1000스텝 | 배송 24/27 | 재적재  3 | 중계율 0.23 | alpha 0.539 | step_limit
Ep 36 | 드론3 목적지49 |  758스텝 | 배송 49/49 | 재적재  7 | 중계율 0.21 | alpha 0.569 | complete
Ep 37 | 드론4 목적지22 |  344스텝 | 배송 22/22 | 재적재  2 | 중계율 0.34 | alpha 0.583 | complete
Ep 38 | 드론3 목적지75 | 1000스텝 | 배송 61/75 | 재적재 12 | 중계율 0.19 | alpha 0.625 | step_limit
Ep 39 | 드론4 목적지57 |  937스텝 | 배송 57/57 | 재적재  8 | 중계율 0.34 | alpha 0.667 | complete
Ep 40 | 드론3 목적지29 |  611스텝 | 배송 29/29 | 재적재  5 | 중계율 0.26 | alpha 0.697 | complete
Ep 41 | 드론3 목적지79 | 1000스텝 | 배송 52/79 | 재적재  9 | 중계율 0.25 | alpha 0.747 | step_limit
Ep 42 | 드론4 목적지45 |  976스텝 | 배송 45/45 | 재적재  7 | 중계율 0.45 | alpha 0.800 | complete
Ep 43 | 드론4 목적지29 |  450스텝 | 배송 29/29 | 재적재  4 | 중계율 0.35 | alpha 0.826 | complete
Ep 44 | 드론4 목적지26 |  481스텝 | 배송 26/26 | 재적재  3 | 중계율 0.33 | alpha 0.854 | complete
Ep 45 | 드론4 목적지76 |  869스텝 | 배송 76/76 | 재적재 13 | 중계율 0.22 | alpha 0.908 | complete
Ep 46 | 드론4 목적지24 |  577스텝 | 배송 24/24 | 재적재  3 | 중계율 0.42 | alpha 0.945 | complete
Ep 47 | 드론4 목적지54 |  906스텝 | 배송 54/54 | 재적재  9 | 중계율 0.31 | alpha 1.006 | complete
Ep 48 | 드론3 목적지31 |  906스텝 | 배송 31/31 | 재적재  5 | 중계율 0.23 | alpha 1.071 | complete
Ep 49 | 드론4 목적지61 | 1000스텝 | 배송 47/61 | 재적재  8 | 중계율 0.24 | alpha 1.147 | step_limit
Ep 50 | 드론3 목적지44 |  917스텝 | 배송 44/44 | 재적재  8 | 중계율 0.26 | alpha 1.221 | complete
  [홀드아웃] 배송 38.4±10.7 완주 0.90 스텝 803 점수 119.3 재적재 5.6 2홉+ 0.54 [4/50 0.88·871 | 3/30 0.93·736] | 최고 119.3@ep50 정체 0/8  ← 갱신
Ep 51 | 드론3 목적지57 | 1000스텝 | 배송 49/57 | 재적재  9 | 중계율 0.26 | alpha 1.306 | step_limit
Ep 52 | 드론3 목적지59 | 1000스텝 | 배송 51/59 | 재적재  9 | 중계율 0.27 | alpha 1.395 | step_limit
Ep 53 | 드론4 목적지25 |  511스텝 | 배송 25/25 | 재적재  3 | 중계율 0.30 | alpha 1.442 | complete
Ep 54 | 드론4 목적지75 | 1000스텝 | 배송 61/75 | 재적재  9 | 중계율 0.25 | alpha 1.538 | step_limit
Ep 55 | 드론4 목적지30 |  578스텝 | 배송 30/30 | 재적재  5 | 중계율 0.30 | alpha 1.595 | complete
Ep 56 | 드론4 목적지51 | 1000스텝 | 배송 46/51 | 재적재  8 | 중계율 0.33 | alpha 1.697 | step_limit
Ep 57 | 드론3 목적지31 | 1000스텝 | 배송 30/31 | 재적재  5 | 중계율 0.34 | alpha 1.803 | step_limit
Ep 58 | 드론3 목적지43 |  784스텝 | 배송 43/43 | 재적재  6 | 중계율 0.21 | alpha 1.888 | complete
Ep 59 | 드론3 목적지73 | 1000스텝 | 배송 62/73 | 재적재 11 | 중계율 0.17 | alpha 2.000 | step_limit
Ep 60 | 드론4 목적지63 | 1000스텝 | 배송 60/63 | 재적재 11 | 중계율 0.25 | alpha 2.112 | step_limit
Ep 61 | 드론3 목적지52 |  921스텝 | 배송 52/52 | 재적재  9 | 중계율 0.18 | alpha 2.213 | complete
Ep 62 | 드론4 목적지52 |  845스텝 | 배송 52/52 | 재적재  7 | 중계율 0.31 | alpha 2.306 | complete
Ep 63 | 드론3 목적지48 |  896스텝 | 배송 48/48 | 재적재  9 | 중계율 0.16 | alpha 2.401 | complete
Ep 64 | 드론3 목적지39 |  918스텝 | 배송 39/39 | 재적재  6 | 중계율 0.19 | alpha 2.498 | complete
Ep 65 | 드론4 목적지29 |  371스텝 | 배송 29/29 | 재적재  4 | 중계율 0.23 | alpha 2.535 | complete
Ep 66 | 드론3 목적지34 | 1000스텝 | 배송 33/34 | 재적재  5 | 중계율 0.29 | alpha 2.630 | step_limit
Ep 67 | 드론4 목적지74 | 1000스텝 | 배송 71/74 | 재적재 13 | 중계율 0.23 | alpha 2.723 | step_limit
Ep 68 | 드론3 목적지34 | 1000스텝 | 배송 30/34 | 재적재  4 | 중계율 0.27 | alpha 2.811 | step_limit
Ep 69 | 드론4 목적지23 |  371스텝 | 배송 23/23 | 재적재  2 | 중계율 0.26 | alpha 2.842 | complete
Ep 70 | 드론3 목적지77 | 1000스텝 | 배송 56/77 | 재적재 10 | 중계율 0.17 | alpha 2.919 | step_limit
Ep 71 | 드론4 목적지62 | 1000스텝 | 배송 56/62 | 재적재  9 | 중계율 0.24 | alpha 2.975 | step_limit
Ep 72 | 드론3 목적지61 | 1000스텝 | 배송 52/61 | 재적재  9 | 중계율 0.20 | alpha 3.010 | step_limit
Ep 73 | 드론3 목적지23 |  656스텝 | 배송 23/23 | 재적재  4 | 중계율 0.28 | alpha 3.025 | complete
Ep 74 | 드론4 목적지23 |  354스텝 | 배송 23/23 | 재적재  3 | 중계율 0.18 | alpha 3.035 | complete
Ep 75 | 드론4 목적지46 |  880스텝 | 배송 46/46 | 재적재  8 | 중계율 0.24 | alpha 3.051 | complete
Ep 76 | 드론3 목적지74 | 1000스텝 | 배송 61/74 | 재적재 10 | 중계율 0.19 | alpha 3.059 | step_limit
Ep 77 | 드론3 목적지62 | 1000스텝 | 배송 51/62 | 재적재  9 | 중계율 0.22 | alpha 3.051 | step_limit
Ep 78 | 드론4 목적지79 | 1000스텝 | 배송 76/79 | 재적재 14 | 중계율 0.16 | alpha 3.045 | step_limit
Ep 79 | 드론4 목적지26 |  562스텝 | 배송 26/26 | 재적재  3 | 중계율 0.25 | alpha 3.031 | complete
Ep 80 | 드론4 목적지40 |  721스텝 | 배송 40/40 | 재적재  6 | 중계율 0.27 | alpha 3.014 | complete
Ep 81 | 드론3 목적지59 | 1000스텝 | 배송 55/59 | 재적재 10 | 중계율 0.16 | alpha 2.998 | step_limit
Ep 82 | 드론4 목적지61 | 1000스텝 | 배송 54/61 | 재적재  8 | 중계율 0.27 | alpha 2.983 | step_limit
Ep 83 | 드론3 목적지69 | 1000스텝 | 배송 59/69 | 재적재 10 | 중계율 0.19 | alpha 2.962 | step_limit
Ep 84 | 드론4 목적지65 | 1000스텝 | 배송 59/65 | 재적재  9 | 중계율 0.28 | alpha 2.934 | step_limit
Ep 85 | 드론3 목적지29 | 1000스텝 | 배송 27/29 | 재적재  4 | 중계율 0.25 | alpha 2.902 | step_limit
Ep 86 | 드론3 목적지68 | 1000스텝 | 배송 53/68 | 재적재  9 | 중계율 0.19 | alpha 2.887 | step_limit
Ep 87 | 드론3 목적지46 |  867스텝 | 배송 46/46 | 재적재  8 | 중계율 0.20 | alpha 2.879 | complete
Ep 88 | 드론3 목적지33 |  737스텝 | 배송 33/33 | 재적재  5 | 중계율 0.25 | alpha 2.844 | complete
Ep 89 | 드론3 목적지76 | 1000스텝 | 배송 59/76 | 재적재 10 | 중계율 0.16 | alpha 2.800 | step_limit
Ep 90 | 드론4 목적지25 |  585스텝 | 배송 25/25 | 재적재  3 | 중계율 0.31 | alpha 2.799 | complete
Ep 91 | 드론4 목적지80 | 1000스텝 | 배송 64/80 | 재적재 11 | 중계율 0.18 | alpha 2.790 | step_limit
Ep 92 | 드론3 목적지67 | 1000스텝 | 배송 53/67 | 재적재  9 | 중계율 0.23 | alpha 2.773 | step_limit
Ep 93 | 드론3 목적지60 | 1000스텝 | 배송 50/60 | 재적재  8 | 중계율 0.22 | alpha 2.738 | step_limit
Ep 94 | 드론3 목적지65 | 1000스텝 | 배송 53/65 | 재적재  8 | 중계율 0.18 | alpha 2.711 | step_limit
Ep 95 | 드론4 목적지74 |  894스텝 | 배송 74/74 | 재적재 14 | 중계율 0.19 | alpha 2.689 | complete
Ep 96 | 드론4 목적지49 |  649스텝 | 배송 49/49 | 재적재  8 | 중계율 0.16 | alpha 2.685 | complete
Ep 97 | 드론3 목적지70 | 1000스텝 | 배송 61/70 | 재적재 11 | 중계율 0.17 | alpha 2.665 | step_limit
Ep 98 | 드론3 목적지41 | 1000스텝 | 배송 34/41 | 재적재  6 | 중계율 0.20 | alpha 2.678 | step_limit
Ep 99 | 드론4 목적지72 | 1000스텝 | 배송 67/72 | 재적재 11 | 중계율 0.20 | alpha 2.709 | step_limit
Ep 100 | 드론3 목적지62 | 1000스텝 | 배송 50/62 | 재적재  8 | 중계율 0.26 | alpha 2.650 | step_limit
  [홀드아웃] 배송 39.9±10.2 완주 0.99 스텝 977 점수 125.7 재적재 6.3 2홉+ 0.56 [4/50 1.00·1145 | 3/30 0.97·810] | 최고 125.7@ep100 정체 0/8  ← 갱신
Ep 101 | 드론3 목적지42 |  878스텝 | 배송 42/42 | 재적재  7 | 중계율 0.24 | alpha 2.591 | complete
Ep 102 | 드론4 목적지40 |  485스텝 | 배송 40/40 | 재적재  6 | 중계율 0.16 | alpha 2.578 | complete
Ep 103 | 드론3 목적지29 |  742스텝 | 배송 29/29 | 재적재  5 | 중계율 0.29 | alpha 2.566 | complete
Ep 104 | 드론4 목적지27 |  764스텝 | 배송 27/27 | 재적재  4 | 중계율 0.30 | alpha 2.573 | complete
Ep 105 | 드론4 목적지35 |  482스텝 | 배송 35/35 | 재적재  6 | 중계율 0.21 | alpha 2.575 | complete
Ep 106 | 드론3 목적지77 | 1000스텝 | 배송 66/77 | 재적재 12 | 중계율 0.16 | alpha 2.590 | step_limit
Ep 107 | 드론4 목적지49 |  845스텝 | 배송 49/49 | 재적재  8 | 중계율 0.25 | alpha 2.579 | complete
Ep 108 | 드론4 목적지49 | 1000스텝 | 배송 43/49 | 재적재  6 | 중계율 0.29 | alpha 2.556 | step_limit
Ep 109 | 드론3 목적지77 | 1000스텝 | 배송 63/77 | 재적재 11 | 중계율 0.20 | alpha 2.573 | step_limit
Ep 110 | 드론3 목적지71 | 1000스텝 | 배송 56/71 | 재적재 10 | 중계율 0.20 | alpha 2.563 | step_limit
Ep 111 | 드론3 목적지27 |  979스텝 | 배송 27/27 | 재적재  4 | 중계율 0.29 | alpha 2.506 | complete
Ep 112 | 드론3 목적지41 |  941스텝 | 배송 41/41 | 재적재  7 | 중계율 0.29 | alpha 2.503 | complete
Ep 113 | 드론4 목적지44 | 1000스텝 | 배송 41/44 | 재적재  5 | 중계율 0.40 | alpha 2.498 | step_limit
Ep 114 | 드론4 목적지35 |  882스텝 | 배송 35/35 | 재적재  4 | 중계율 0.31 | alpha 2.500 | complete
Ep 115 | 드론3 목적지59 | 1000스텝 | 배송 53/59 | 재적재  9 | 중계율 0.28 | alpha 2.491 | step_limit
Ep 116 | 드론3 목적지28 |  625스텝 | 배송 28/28 | 재적재  5 | 중계율 0.32 | alpha 2.466 | complete
Ep 117 | 드론3 목적지21 |  591스텝 | 배송 21/21 | 재적재  3 | 중계율 0.25 | alpha 2.430 | complete
Ep 118 | 드론4 목적지42 |  567스텝 | 배송 42/42 | 재적재  6 | 중계율 0.24 | alpha 2.409 | complete
Ep 119 | 드론3 목적지25 |  659스텝 | 배송 25/25 | 재적재  3 | 중계율 0.21 | alpha 2.389 | complete
Ep 120 | 드론4 목적지31 |  396스텝 | 배송 31/31 | 재적재  4 | 중계율 0.22 | alpha 2.400 | complete
Ep 121 | 드론3 목적지31 |  822스텝 | 배송 31/31 | 재적재  4 | 중계율 0.29 | alpha 2.363 | complete
Ep 122 | 드론4 목적지59 | 1000스텝 | 배송 51/59 | 재적재  8 | 중계율 0.32 | alpha 2.291 | step_limit
Ep 123 | 드론3 목적지48 | 1000스텝 | 배송 43/48 | 재적재  7 | 중계율 0.23 | alpha 2.273 | step_limit
Ep 124 | 드론3 목적지80 | 1000스텝 | 배송 62/80 | 재적재 11 | 중계율 0.19 | alpha 2.273 | step_limit
Ep 125 | 드론3 목적지45 | 1000스텝 | 배송 41/45 | 재적재  7 | 중계율 0.21 | alpha 2.282 | step_limit
Ep 126 | 드론4 목적지44 |  786스텝 | 배송 44/44 | 재적재  8 | 중계율 0.27 | alpha 2.252 | complete
Ep 127 | 드론4 목적지39 |  837스텝 | 배송 39/39 | 재적재  6 | 중계율 0.33 | alpha 2.249 | complete
Ep 128 | 드론4 목적지40 |  694스텝 | 배송 40/40 | 재적재  6 | 중계율 0.25 | alpha 2.237 | complete
Ep 129 | 드론3 목적지30 |  563스텝 | 배송 30/30 | 재적재  5 | 중계율 0.26 | alpha 2.226 | complete
Ep 130 | 드론4 목적지45 |  666스텝 | 배송 45/45 | 재적재  7 | 중계율 0.22 | alpha 2.214 | complete
Ep 131 | 드론4 목적지35 |  633스텝 | 배송 35/35 | 재적재  5 | 중계율 0.28 | alpha 2.185 | complete
Ep 132 | 드론4 목적지66 | 1000스텝 | 배송 62/66 | 재적재 10 | 중계율 0.31 | alpha 2.173 | step_limit
Ep 133 | 드론4 목적지53 |  759스텝 | 배송 53/53 | 재적재  9 | 중계율 0.18 | alpha 2.177 | complete
Ep 134 | 드론3 목적지50 | 1000스텝 | 배송 48/50 | 재적재  7 | 중계율 0.26 | alpha 2.181 | step_limit
Ep 135 | 드론4 목적지24 |  972스텝 | 배송 24/24 | 재적재  4 | 중계율 0.32 | alpha 2.186 | complete
Ep 136 | 드론4 목적지55 |  785스텝 | 배송 55/55 | 재적재  9 | 중계율 0.26 | alpha 2.182 | complete
Ep 137 | 드론4 목적지36 |  546스텝 | 배송 36/36 | 재적재  5 | 중계율 0.23 | alpha 2.171 | complete
Ep 138 | 드론3 목적지21 |  841스텝 | 배송 21/21 | 재적재  3 | 중계율 0.30 | alpha 2.150 | complete
Ep 139 | 드론4 목적지48 |  902스텝 | 배송 48/48 | 재적재  8 | 중계율 0.33 | alpha 2.117 | complete
Ep 140 | 드론4 목적지74 |  985스텝 | 배송 74/74 | 재적재 13 | 중계율 0.19 | alpha 2.082 | complete
Ep 141 | 드론4 목적지64 |  949스텝 | 배송 64/64 | 재적재 11 | 중계율 0.25 | alpha 2.059 | complete
Ep 142 | 드론4 목적지60 | 1000스텝 | 배송 57/60 | 재적재  9 | 중계율 0.24 | alpha 2.045 | step_limit
Ep 143 | 드론4 목적지49 |  570스텝 | 배송 49/49 | 재적재  8 | 중계율 0.13 | alpha 2.013 | complete
Ep 144 | 드론4 목적지27 |  553스텝 | 배송 27/27 | 재적재  3 | 중계율 0.29 | alpha 1.994 | complete
Ep 145 | 드론3 목적지45 |  792스텝 | 배송 45/45 | 재적재  7 | 중계율 0.20 | alpha 1.981 | complete
Ep 146 | 드론4 목적지71 | 1000스텝 | 배송 65/71 | 재적재 11 | 중계율 0.28 | alpha 1.958 | step_limit
Ep 147 | 드론3 목적지57 | 1000스텝 | 배송 52/57 | 재적재 10 | 중계율 0.22 | alpha 1.908 | step_limit
Ep 148 | 드론4 목적지22 |  685스텝 | 배송 22/22 | 재적재  2 | 중계율 0.24 | alpha 1.882 | complete
Ep 149 | 드론3 목적지45 |  865스텝 | 배송 45/45 | 재적재  7 | 중계율 0.18 | alpha 1.858 | complete
Ep 150 | 드론3 목적지58 | 1000스텝 | 배송 57/58 | 재적재 11 | 중계율 0.23 | alpha 1.842 | step_limit
  [홀드아웃] 배송 39.6±10.3 완주 0.94 스텝 890 점수 121.9 재적재 6.2 2홉+ 0.55 [4/50 0.93·1017 | 3/30 0.95·762] | 최고 125.7@ep100 정체 1/8
Ep 151 | 드론3 목적지64 | 1000스텝 | 배송 57/64 | 재적재 10 | 중계율 0.21 | alpha 1.851 | step_limit
Ep 152 | 드론3 목적지70 | 1000스텝 | 배송 63/70 | 재적재 10 | 중계율 0.25 | alpha 1.844 | step_limit
Ep 153 | 드론3 목적지57 | 1000스텝 | 배송 49/57 | 재적재  8 | 중계율 0.22 | alpha 1.826 | step_limit
Ep 154 | 드론3 목적지44 |  921스텝 | 배송 44/44 | 재적재  8 | 중계율 0.19 | alpha 1.789 | complete
Ep 155 | 드론4 목적지31 |  842스텝 | 배송 31/31 | 재적재  5 | 중계율 0.35 | alpha 1.772 | complete
Ep 156 | 드론4 목적지70 |  806스텝 | 배송 70/70 | 재적재 12 | 중계율 0.13 | alpha 1.751 | complete
Ep 157 | 드론3 목적지47 |  840스텝 | 배송 47/47 | 재적재  8 | 중계율 0.19 | alpha 1.783 | complete
Ep 158 | 드론4 목적지49 |  850스텝 | 배송 49/49 | 재적재  8 | 중계율 0.26 | alpha 1.786 | complete
Ep 159 | 드론4 목적지22 |  396스텝 | 배송 22/22 | 재적재  3 | 중계율 0.19 | alpha 1.770 | complete
Ep 160 | 드론4 목적지42 |  670스텝 | 배송 42/42 | 재적재  7 | 중계율 0.22 | alpha 1.745 | complete
Ep 161 | 드론4 목적지54 | 1000스텝 | 배송 47/54 | 재적재  8 | 중계율 0.34 | alpha 1.748 | step_limit
Ep 162 | 드론3 목적지51 | 1000스텝 | 배송 42/51 | 재적재  7 | 중계율 0.29 | alpha 1.758 | step_limit
Ep 163 | 드론4 목적지51 |  797스텝 | 배송 51/51 | 재적재  8 | 중계율 0.25 | alpha 1.749 | complete
Ep 164 | 드론4 목적지24 |  284스텝 | 배송 24/24 | 재적재  3 | 중계율 0.16 | alpha 1.746 | complete
Ep 165 | 드론3 목적지40 |  864스텝 | 배송 40/40 | 재적재  7 | 중계율 0.22 | alpha 1.735 | complete
Ep 166 | 드론4 목적지53 | 1000스텝 | 배송 50/53 | 재적재  8 | 중계율 0.32 | alpha 1.741 | step_limit
Ep 167 | 드론3 목적지63 | 1000스텝 | 배송 56/63 | 재적재 10 | 중계율 0.20 | alpha 1.726 | step_limit
Ep 168 | 드론3 목적지28 |  499스텝 | 배송 28/28 | 재적재  3 | 중계율 0.20 | alpha 1.722 | complete
Ep 169 | 드론3 목적지32 |  555스텝 | 배송 32/32 | 재적재  5 | 중계율 0.20 | alpha 1.725 | complete
Ep 170 | 드론3 목적지26 |  414스텝 | 배송 26/26 | 재적재  3 | 중계율 0.14 | alpha 1.717 | complete
Ep 171 | 드론3 목적지68 | 1000스텝 | 배송 57/68 | 재적재 11 | 중계율 0.19 | alpha 1.700 | step_limit
Ep 172 | 드론4 목적지20 |  325스텝 | 배송 20/20 | 재적재  2 | 중계율 0.26 | alpha 1.694 | complete
Ep 173 | 드론3 목적지39 |  881스텝 | 배송 39/39 | 재적재  7 | 중계율 0.21 | alpha 1.687 | complete
Ep 174 | 드론3 목적지33 |  778스텝 | 배송 33/33 | 재적재  5 | 중계율 0.14 | alpha 1.665 | complete
Ep 175 | 드론4 목적지77 | 1000스텝 | 배송 70/77 | 재적재 12 | 중계율 0.23 | alpha 1.659 | step_limit
Ep 176 | 드론3 목적지60 | 1000스텝 | 배송 50/60 | 재적재 10 | 중계율 0.19 | alpha 1.631 | step_limit
Ep 177 | 드론4 목적지67 | 1000스텝 | 배송 65/67 | 재적재 12 | 중계율 0.26 | alpha 1.626 | step_limit
Ep 178 | 드론3 목적지26 |  668스텝 | 배송 26/26 | 재적재  5 | 중계율 0.32 | alpha 1.616 | complete
Ep 179 | 드론4 목적지49 |  645스텝 | 배송 49/49 | 재적재  9 | 중계율 0.22 | alpha 1.616 | complete
Ep 180 | 드론4 목적지33 |  702스텝 | 배송 33/33 | 재적재  3 | 중계율 0.27 | alpha 1.611 | complete
Ep 181 | 드론4 목적지72 |  793스텝 | 배송 72/72 | 재적재 12 | 중계율 0.17 | alpha 1.603 | complete
Ep 182 | 드론4 목적지58 |  940스텝 | 배송 58/58 | 재적재  9 | 중계율 0.29 | alpha 1.604 | complete
Ep 183 | 드론4 목적지47 | 1000스텝 | 배송 43/47 | 재적재  7 | 중계율 0.29 | alpha 1.600 | step_limit
Ep 184 | 드론4 목적지55 |  627스텝 | 배송 55/55 | 재적재  8 | 중계율 0.11 | alpha 1.598 | complete
Ep 185 | 드론3 목적지23 |  554스텝 | 배송 23/23 | 재적재  3 | 중계율 0.32 | alpha 1.587 | complete
Ep 186 | 드론4 목적지69 |  798스텝 | 배송 69/69 | 재적재 13 | 중계율 0.22 | alpha 1.583 | complete
Ep 187 | 드론3 목적지29 |  579스텝 | 배송 29/29 | 재적재  4 | 중계율 0.18 | alpha 1.580 | complete
Ep 188 | 드론3 목적지38 |  882스텝 | 배송 38/38 | 재적재  7 | 중계율 0.23 | alpha 1.584 | complete
Ep 189 | 드론4 목적지25 |  409스텝 | 배송 25/25 | 재적재  3 | 중계율 0.25 | alpha 1.586 | complete
Ep 190 | 드론3 목적지57 | 1000스텝 | 배송 50/57 | 재적재 10 | 중계율 0.28 | alpha 1.598 | step_limit
Ep 191 | 드론4 목적지27 |  645스텝 | 배송 27/27 | 재적재  3 | 중계율 0.33 | alpha 1.589 | complete
Ep 192 | 드론4 목적지76 |  995스텝 | 배송 76/76 | 재적재 12 | 중계율 0.27 | alpha 1.582 | complete
Ep 193 | 드론3 목적지54 | 1000스텝 | 배송 50/54 | 재적재  8 | 중계율 0.28 | alpha 1.564 | step_limit
Ep 194 | 드론4 목적지69 | 1000스텝 | 배송 67/69 | 재적재 12 | 중계율 0.23 | alpha 1.571 | step_limit
Ep 195 | 드론4 목적지45 | 1000스텝 | 배송 44/45 | 재적재  6 | 중계율 0.41 | alpha 1.579 | step_limit
Ep 196 | 드론4 목적지74 | 1000스텝 | 배송 64/74 | 재적재 10 | 중계율 0.29 | alpha 1.590 | step_limit
Ep 197 | 드론3 목적지66 | 1000스텝 | 배송 56/66 | 재적재 10 | 중계율 0.29 | alpha 1.608 | step_limit
Ep 198 | 드론4 목적지52 | 1000스텝 | 배송 46/52 | 재적재  7 | 중계율 0.35 | alpha 1.606 | step_limit
Ep 199 | 드론4 목적지50 |  631스텝 | 배송 50/50 | 재적재  9 | 중계율 0.22 | alpha 1.603 | complete
Ep 200 | 드론3 목적지60 | 1000스텝 | 배송 58/60 | 재적재 11 | 중계율 0.24 | alpha 1.574 | step_limit
  [홀드아웃] 배송 39.9±10.2 완주 0.97 스텝 926 점수 125.2 재적재 6.4 2홉+ 0.55 [4/50 1.00·1049 | 3/30 0.95·803] | 최고 125.7@ep100 정체 2/8
Ep 201 | 드론4 목적지63 |  739스텝 | 배송 63/63 | 재적재 11 | 중계율 0.19 | alpha 1.570 | complete
Ep 202 | 드론4 목적지39 |  793스텝 | 배송 39/39 | 재적재  7 | 중계율 0.24 | alpha 1.541 | complete
Ep 203 | 드론4 목적지71 |  923스텝 | 배송 71/71 | 재적재 13 | 중계율 0.20 | alpha 1.519 | complete
Ep 204 | 드론3 목적지78 | 1000스텝 | 배송 53/78 | 재적재  8 | 중계율 0.19 | alpha 1.527 | step_limit
Ep 205 | 드론4 목적지63 |  707스텝 | 배송 63/63 | 재적재 11 | 중계율 0.23 | alpha 1.526 | complete
Ep 206 | 드론3 목적지37 |  890스텝 | 배송 37/37 | 재적재  6 | 중계율 0.34 | alpha 1.532 | complete
Ep 207 | 드론3 목적지44 | 1000스텝 | 배송 37/44 | 재적재  6 | 중계율 0.22 | alpha 1.517 | step_limit
Ep 208 | 드론3 목적지73 | 1000스텝 | 배송 65/73 | 재적재 10 | 중계율 0.21 | alpha 1.510 | step_limit
Ep 209 | 드론3 목적지78 | 1000스텝 | 배송 60/78 | 재적재 12 | 중계율 0.26 | alpha 1.525 | step_limit
Ep 210 | 드론3 목적지54 |  889스텝 | 배송 54/54 | 재적재 10 | 중계율 0.20 | alpha 1.528 | complete
Ep 211 | 드론3 목적지35 |  785스텝 | 배송 35/35 | 재적재  6 | 중계율 0.26 | alpha 1.512 | complete
Ep 212 | 드론3 목적지30 |  713스텝 | 배송 30/30 | 재적재  3 | 중계율 0.28 | alpha 1.499 | complete
Ep 213 | 드론3 목적지46 |  972스텝 | 배송 46/46 | 재적재  9 | 중계율 0.31 | alpha 1.481 | complete
Ep 214 | 드론4 목적지36 |  604스텝 | 배송 36/36 | 재적재  5 | 중계율 0.22 | alpha 1.477 | complete
Ep 215 | 드론4 목적지42 | 1000스텝 | 배송 38/42 | 재적재  6 | 중계율 0.34 | alpha 1.478 | step_limit
Ep 216 | 드론3 목적지72 | 1000스텝 | 배송 69/72 | 재적재 12 | 중계율 0.19 | alpha 1.495 | step_limit
Ep 217 | 드론4 목적지47 |  893스텝 | 배송 47/47 | 재적재  8 | 중계율 0.33 | alpha 1.510 | complete
Ep 218 | 드론4 목적지36 |  437스텝 | 배송 36/36 | 재적재  6 | 중계율 0.14 | alpha 1.514 | complete
Ep 219 | 드론3 목적지72 | 1000스텝 | 배송 64/72 | 재적재 10 | 중계율 0.18 | alpha 1.521 | step_limit
Ep 220 | 드론4 목적지55 | 1000스텝 | 배송 51/55 | 재적재  8 | 중계율 0.28 | alpha 1.503 | step_limit
Ep 221 | 드론4 목적지66 | 1000스텝 | 배송 62/66 | 재적재 11 | 중계율 0.31 | alpha 1.489 | step_limit
Ep 222 | 드론3 목적지54 | 1000스텝 | 배송 52/54 | 재적재  9 | 중계율 0.19 | alpha 1.476 | step_limit
Ep 223 | 드론4 목적지75 | 1000스텝 | 배송 69/75 | 재적재 13 | 중계율 0.25 | alpha 1.478 | step_limit
Ep 224 | 드론4 목적지22 |  523스텝 | 배송 22/22 | 재적재  3 | 중계율 0.31 | alpha 1.479 | complete
Ep 225 | 드론3 목적지63 | 1000스텝 | 배송 60/63 | 재적재 10 | 중계율 0.25 | alpha 1.488 | step_limit
Ep 226 | 드론4 목적지79 | 1000스텝 | 배송 71/79 | 재적재 11 | 중계율 0.31 | alpha 1.489 | step_limit
Ep 227 | 드론4 목적지39 | 1000스텝 | 배송 38/39 | 재적재  7 | 중계율 0.33 | alpha 1.473 | step_limit
Ep 228 | 드론4 목적지72 |  832스텝 | 배송 72/72 | 재적재 13 | 중계율 0.20 | alpha 1.432 | complete
Ep 229 | 드론4 목적지34 |  488스텝 | 배송 34/34 | 재적재  4 | 중계율 0.23 | alpha 1.409 | complete
Ep 230 | 드론4 목적지71 |  859스텝 | 배송 71/71 | 재적재 12 | 중계율 0.21 | alpha 1.384 | complete
Ep 231 | 드론3 목적지63 | 1000스텝 | 배송 56/63 | 재적재  9 | 중계율 0.23 | alpha 1.359 | step_limit
Ep 232 | 드론3 목적지75 | 1000스텝 | 배송 66/75 | 재적재 13 | 중계율 0.18 | alpha 1.346 | step_limit
Ep 233 | 드론4 목적지30 |  779스텝 | 배송 30/30 | 재적재  5 | 중계율 0.24 | alpha 1.344 | complete
Ep 234 | 드론3 목적지35 |  791스텝 | 배송 35/35 | 재적재  6 | 중계율 0.31 | alpha 1.339 | complete
Ep 235 | 드론4 목적지31 |  900스텝 | 배송 31/31 | 재적재  4 | 중계율 0.35 | alpha 1.347 | complete
Ep 236 | 드론4 목적지30 |  496스텝 | 배송 30/30 | 재적재  3 | 중계율 0.17 | alpha 1.356 | complete
Ep 237 | 드론4 목적지53 |  786스텝 | 배송 53/53 | 재적재  8 | 중계율 0.24 | alpha 1.338 | complete
Ep 238 | 드론4 목적지54 |  803스텝 | 배송 54/54 | 재적재 10 | 중계율 0.22 | alpha 1.327 | complete
Ep 239 | 드론3 목적지61 | 1000스텝 | 배송 57/61 | 재적재  9 | 중계율 0.17 | alpha 1.333 | step_limit
Ep 240 | 드론3 목적지77 | 1000스텝 | 배송 67/77 | 재적재 12 | 중계율 0.25 | alpha 1.336 | step_limit
Ep 241 | 드론3 목적지55 |  904스텝 | 배송 55/55 | 재적재  9 | 중계율 0.23 | alpha 1.322 | complete
Ep 242 | 드론4 목적지56 |  771스텝 | 배송 56/56 | 재적재  9 | 중계율 0.16 | alpha 1.310 | complete
Ep 243 | 드론4 목적지47 |  689스텝 | 배송 47/47 | 재적재  8 | 중계율 0.21 | alpha 1.302 | complete
Ep 244 | 드론3 목적지30 |  679스텝 | 배송 30/30 | 재적재  5 | 중계율 0.26 | alpha 1.297 | complete
Ep 245 | 드론3 목적지66 |  938스텝 | 배송 66/66 | 재적재 12 | 중계율 0.17 | alpha 1.309 | complete
Ep 246 | 드론3 목적지27 |  690스텝 | 배송 27/27 | 재적재  4 | 중계율 0.25 | alpha 1.318 | complete
Ep 247 | 드론4 목적지27 |  490스텝 | 배송 27/27 | 재적재  3 | 중계율 0.28 | alpha 1.316 | complete
Ep 248 | 드론3 목적지27 |  517스텝 | 배송 27/27 | 재적재  4 | 중계율 0.22 | alpha 1.324 | complete
Ep 249 | 드론4 목적지31 |  554스텝 | 배송 31/31 | 재적재  5 | 중계율 0.27 | alpha 1.302 | complete
Ep 250 | 드론4 목적지26 |  985스텝 | 배송 26/26 | 재적재  4 | 중계율 0.35 | alpha 1.294 | complete
  [홀드아웃] 배송 39.9±10.0 완주 0.96 스텝 857 점수 124.8 재적재 6.3 2홉+ 0.55 [4/50 0.95·972 | 3/30 0.97·742] | 최고 125.7@ep100 정체 3/8
Ep 251 | 드론3 목적지78 | 1000스텝 | 배송 70/78 | 재적재 11 | 중계율 0.19 | alpha 1.298 | step_limit
Ep 252 | 드론3 목적지80 | 1000스텝 | 배송 65/80 | 재적재 11 | 중계율 0.23 | alpha 1.278 | step_limit
Ep 253 | 드론4 목적지45 |  691스텝 | 배송 45/45 | 재적재  6 | 중계율 0.26 | alpha 1.265 | complete
Ep 254 | 드론3 목적지62 | 1000스텝 | 배송 60/62 | 재적재 10 | 중계율 0.26 | alpha 1.247 | step_limit
Ep 255 | 드론4 목적지54 | 1000스텝 | 배송 52/54 | 재적재 10 | 중계율 0.25 | alpha 1.237 | step_limit
Ep 256 | 드론3 목적지54 | 1000스텝 | 배송 47/54 | 재적재  8 | 중계율 0.29 | alpha 1.259 | step_limit
Ep 257 | 드론4 목적지70 |  960스텝 | 배송 70/70 | 재적재 12 | 중계율 0.26 | alpha 1.258 | complete
Ep 258 | 드론4 목적지44 |  716스텝 | 배송 44/44 | 재적재  6 | 중계율 0.38 | alpha 1.261 | complete
Ep 259 | 드론4 목적지55 |  749스텝 | 배송 55/55 | 재적재  9 | 중계율 0.23 | alpha 1.266 | complete
Ep 260 | 드론4 목적지78 | 1000스텝 | 배송 65/78 | 재적재 11 | 중계율 0.23 | alpha 1.237 | step_limit
Ep 261 | 드론4 목적지48 |  482스텝 | 배송 48/48 | 재적재  7 | 중계율 0.15 | alpha 1.231 | complete
Ep 262 | 드론4 목적지26 |  616스텝 | 배송 26/26 | 재적재  4 | 중계율 0.31 | alpha 1.228 | complete
Ep 263 | 드론4 목적지30 |  389스텝 | 배송 30/30 | 재적재  4 | 중계율 0.18 | alpha 1.228 | complete
Ep 264 | 드론4 목적지53 |  647스텝 | 배송 53/53 | 재적재  9 | 중계율 0.21 | alpha 1.238 | complete
Ep 265 | 드론4 목적지24 |  375스텝 | 배송 24/24 | 재적재  3 | 중계율 0.26 | alpha 1.237 | complete
Ep 266 | 드론4 목적지69 |  737스텝 | 배송 69/69 | 재적재 11 | 중계율 0.23 | alpha 1.234 | complete
Ep 267 | 드론3 목적지52 | 1000스텝 | 배송 50/52 | 재적재  9 | 중계율 0.22 | alpha 1.219 | step_limit
Ep 268 | 드론4 목적지53 | 1000스텝 | 배송 52/53 | 재적재  8 | 중계율 0.30 | alpha 1.199 | step_limit
Ep 269 | 드론4 목적지27 |  596스텝 | 배송 27/27 | 재적재  4 | 중계율 0.29 | alpha 1.190 | complete
Ep 270 | 드론4 목적지32 |  480스텝 | 배송 32/32 | 재적재  4 | 중계율 0.30 | alpha 1.179 | complete
Ep 271 | 드론4 목적지30 |  356스텝 | 배송 30/30 | 재적재  4 | 중계율 0.11 | alpha 1.181 | complete
Ep 272 | 드론3 목적지72 | 1000스텝 | 배송 59/72 | 재적재 11 | 중계율 0.21 | alpha 1.170 | step_limit
Ep 273 | 드론4 목적지27 |  345스텝 | 배송 27/27 | 재적재  4 | 중계율 0.15 | alpha 1.162 | complete
Ep 274 | 드론3 목적지20 |  330스텝 | 배송 20/20 | 재적재  3 | 중계율 0.11 | alpha 1.149 | complete
Ep 275 | 드론3 목적지56 | 1000스텝 | 배송 49/56 | 재적재  9 | 중계율 0.23 | alpha 1.140 | step_limit
Ep 276 | 드론3 목적지30 |  830스텝 | 배송 30/30 | 재적재  5 | 중계율 0.31 | alpha 1.132 | complete
Ep 277 | 드론3 목적지71 | 1000스텝 | 배송 64/71 | 재적재 11 | 중계율 0.23 | alpha 1.114 | step_limit
Ep 278 | 드론3 목적지58 | 1000스텝 | 배송 57/58 | 재적재 11 | 중계율 0.23 | alpha 1.111 | step_limit
Ep 279 | 드론3 목적지62 | 1000스텝 | 배송 56/62 | 재적재 11 | 중계율 0.17 | alpha 1.109 | step_limit
Ep 280 | 드론3 목적지56 | 1000스텝 | 배송 49/56 | 재적재  9 | 중계율 0.22 | alpha 1.106 | step_limit
Ep 281 | 드론3 목적지56 | 1000스텝 | 배송 50/56 | 재적재  9 | 중계율 0.31 | alpha 1.086 | step_limit
Ep 282 | 드론3 목적지38 |  847스텝 | 배송 38/38 | 재적재  6 | 중계율 0.31 | alpha 1.094 | complete
Ep 283 | 드론3 목적지64 | 1000스텝 | 배송 60/64 | 재적재 11 | 중계율 0.23 | alpha 1.095 | step_limit
Ep 284 | 드론3 목적지66 | 1000스텝 | 배송 62/66 | 재적재 11 | 중계율 0.21 | alpha 1.085 | step_limit
Ep 285 | 드론3 목적지33 |  464스텝 | 배송 33/33 | 재적재  5 | 중계율 0.21 | alpha 1.087 | complete
Ep 286 | 드론4 목적지80 |  996스텝 | 배송 80/80 | 재적재 14 | 중계율 0.18 | alpha 1.083 | complete
Ep 287 | 드론4 목적지54 |  826스텝 | 배송 54/54 | 재적재  8 | 중계율 0.31 | alpha 1.074 | complete
Ep 288 | 드론3 목적지31 | 1000스텝 | 배송 25/31 | 재적재  4 | 중계율 0.37 | alpha 1.065 | step_limit
Ep 289 | 드론3 목적지58 | 1000스텝 | 배송 57/58 | 재적재 10 | 중계율 0.23 | alpha 1.044 | step_limit
Ep 290 | 드론3 목적지25 |  761스텝 | 배송 25/25 | 재적재  4 | 중계율 0.29 | alpha 1.031 | complete
Ep 291 | 드론3 목적지62 | 1000스텝 | 배송 45/62 | 재적재  7 | 중계율 0.23 | alpha 1.020 | step_limit
Ep 292 | 드론4 목적지29 |  304스텝 | 배송 29/29 | 재적재  4 | 중계율 0.13 | alpha 1.018 | complete
Ep 293 | 드론4 목적지73 | 1000스텝 | 배송 58/73 | 재적재 10 | 중계율 0.22 | alpha 1.009 | step_limit
Ep 294 | 드론4 목적지45 | 1000스텝 | 배송 44/45 | 재적재  8 | 중계율 0.35 | alpha 1.016 | step_limit
Ep 295 | 드론3 목적지56 | 1000스텝 | 배송 55/56 | 재적재 10 | 중계율 0.26 | alpha 1.020 | step_limit
Ep 296 | 드론3 목적지46 |  654스텝 | 배송 46/46 | 재적재  8 | 중계율 0.19 | alpha 1.023 | complete
Ep 297 | 드론4 목적지72 | 1000스텝 | 배송 68/72 | 재적재 13 | 중계율 0.27 | alpha 1.018 | step_limit
Ep 298 | 드론4 목적지79 | 1000스텝 | 배송 70/79 | 재적재 14 | 중계율 0.26 | alpha 1.025 | step_limit
Ep 299 | 드론3 목적지43 | 1000스텝 | 배송 41/43 | 재적재  7 | 중계율 0.21 | alpha 1.041 | step_limit
Ep 300 | 드론4 목적지53 |  917스텝 | 배송 53/53 | 재적재  8 | 중계율 0.32 | alpha 1.049 | complete
  [홀드아웃] 배송 39.8±10.3 완주 0.97 스텝 829 점수 126.4 재적재 6.3 2홉+ 0.55 [4/50 1.00·955 | 3/30 0.95·703] | 최고 126.4@ep300 정체 0/8  ← 갱신
Ep 301 | 드론4 목적지46 |  568스텝 | 배송 46/46 | 재적재  8 | 중계율 0.22 | alpha 1.044 | complete
Ep 302 | 드론3 목적지76 | 1000스텝 | 배송 65/76 | 재적재 11 | 중계율 0.26 | alpha 1.029 | step_limit
Ep 303 | 드론3 목적지70 | 1000스텝 | 배송 59/70 | 재적재 11 | 중계율 0.19 | alpha 1.006 | step_limit
Ep 304 | 드론3 목적지68 | 1000스텝 | 배송 54/68 | 재적재  9 | 중계율 0.21 | alpha 0.993 | step_limit
Ep 305 | 드론3 목적지63 | 1000스텝 | 배송 60/63 | 재적재 10 | 중계율 0.25 | alpha 0.974 | step_limit
Ep 306 | 드론3 목적지70 | 1000스텝 | 배송 60/70 | 재적재 11 | 중계율 0.18 | alpha 0.952 | step_limit
Ep 307 | 드론4 목적지49 |  861스텝 | 배송 49/49 | 재적재  9 | 중계율 0.34 | alpha 0.946 | complete
Ep 308 | 드론3 목적지57 | 1000스텝 | 배송 55/57 | 재적재 11 | 중계율 0.22 | alpha 0.952 | step_limit
Ep 309 | 드론3 목적지67 | 1000스텝 | 배송 66/67 | 재적재 12 | 중계율 0.21 | alpha 0.961 | step_limit
Ep 310 | 드론4 목적지23 |  430스텝 | 배송 23/23 | 재적재  3 | 중계율 0.28 | alpha 0.958 | complete
Ep 311 | 드론3 목적지79 | 1000스텝 | 배송 67/79 | 재적재 12 | 중계율 0.21 | alpha 0.945 | step_limit
Ep 312 | 드론4 목적지33 |  665스텝 | 배송 33/33 | 재적재  5 | 중계율 0.26 | alpha 0.946 | complete
Ep 313 | 드론4 목적지53 |  606스텝 | 배송 53/53 | 재적재  8 | 중계율 0.21 | alpha 0.943 | complete
Ep 314 | 드론4 목적지50 |  796스텝 | 배송 50/50 | 재적재  9 | 중계율 0.20 | alpha 0.928 | complete
Ep 315 | 드론3 목적지57 | 1000스텝 | 배송 53/57 | 재적재 10 | 중계율 0.34 | alpha 0.926 | step_limit
Ep 316 | 드론4 목적지65 |  989스텝 | 배송 65/65 | 재적재 12 | 중계율 0.26 | alpha 0.935 | complete
Ep 317 | 드론3 목적지51 | 1000스텝 | 배송 50/51 | 재적재  9 | 중계율 0.32 | alpha 0.928 | step_limit
Ep 318 | 드론4 목적지28 |  560스텝 | 배송 28/28 | 재적재  4 | 중계율 0.28 | alpha 0.925 | complete
Ep 319 | 드론3 목적지36 |  563스텝 | 배송 36/36 | 재적재  6 | 중계율 0.15 | alpha 0.926 | complete
Ep 320 | 드론4 목적지77 | 1000스텝 | 배송 76/77 | 재적재 13 | 중계율 0.31 | alpha 0.921 | step_limit
Ep 321 | 드론4 목적지20 |  488스텝 | 배송 20/20 | 재적재  2 | 중계율 0.35 | alpha 0.917 | complete
Ep 322 | 드론3 목적지55 | 1000스텝 | 배송 53/55 | 재적재  8 | 중계율 0.26 | alpha 0.905 | step_limit
Ep 323 | 드론3 목적지40 |  705스텝 | 배송 40/40 | 재적재  6 | 중계율 0.29 | alpha 0.898 | complete
Ep 324 | 드론3 목적지53 |  919스텝 | 배송 53/53 | 재적재  9 | 중계율 0.27 | alpha 0.876 | complete
Ep 325 | 드론4 목적지24 |  291스텝 | 배송 24/24 | 재적재  3 | 중계율 0.11 | alpha 0.871 | complete
Ep 326 | 드론3 목적지50 |  924스텝 | 배송 50/50 | 재적재  9 | 중계율 0.24 | alpha 0.876 | complete
Ep 327 | 드론3 목적지24 |  594스텝 | 배송 24/24 | 재적재  4 | 중계율 0.29 | alpha 0.872 | complete
Ep 328 | 드론4 목적지75 | 1000스텝 | 배송 68/75 | 재적재 11 | 중계율 0.32 | alpha 0.871 | step_limit
Ep 329 | 드론4 목적지73 | 1000스텝 | 배송 70/73 | 재적재 12 | 중계율 0.24 | alpha 0.854 | step_limit
Ep 330 | 드론4 목적지72 |  898스텝 | 배송 72/72 | 재적재 12 | 중계율 0.28 | alpha 0.848 | complete
Ep 331 | 드론4 목적지48 |  556스텝 | 배송 48/48 | 재적재  8 | 중계율 0.21 | alpha 0.844 | complete
Ep 332 | 드론4 목적지21 |  413스텝 | 배송 21/21 | 재적재  2 | 중계율 0.38 | alpha 0.842 | complete
Ep 333 | 드론4 목적지46 |  737스텝 | 배송 46/46 | 재적재  7 | 중계율 0.28 | alpha 0.839 | complete
Ep 334 | 드론3 목적지30 |  676스텝 | 배송 30/30 | 재적재  4 | 중계율 0.27 | alpha 0.848 | complete
Ep 335 | 드론4 목적지24 |  363스텝 | 배송 24/24 | 재적재  2 | 중계율 0.18 | alpha 0.851 | complete
Ep 336 | 드론3 목적지46 |  791스텝 | 배송 46/46 | 재적재  8 | 중계율 0.23 | alpha 0.849 | complete
Ep 337 | 드론3 목적지34 |  795스텝 | 배송 34/34 | 재적재  6 | 중계율 0.17 | alpha 0.846 | complete
Ep 338 | 드론3 목적지48 |  873스텝 | 배송 48/48 | 재적재  8 | 중계율 0.25 | alpha 0.834 | complete
Ep 339 | 드론3 목적지46 |  904스텝 | 배송 46/46 | 재적재  8 | 중계율 0.27 | alpha 0.825 | complete
Ep 340 | 드론4 목적지31 |  280스텝 | 배송 31/31 | 재적재  4 | 중계율 0.14 | alpha 0.824 | complete
Ep 341 | 드론3 목적지46 |  876스텝 | 배송 46/46 | 재적재  8 | 중계율 0.24 | alpha 0.808 | complete
Ep 342 | 드론4 목적지66 |  738스텝 | 배송 66/66 | 재적재 11 | 중계율 0.16 | alpha 0.803 | complete
Ep 343 | 드론3 목적지73 | 1000스텝 | 배송 72/73 | 재적재 12 | 중계율 0.17 | alpha 0.791 | step_limit
Ep 344 | 드론3 목적지63 |  896스텝 | 배송 63/63 | 재적재 12 | 중계율 0.20 | alpha 0.788 | complete
Ep 345 | 드론3 목적지62 | 1000스텝 | 배송 59/62 | 재적재 10 | 중계율 0.30 | alpha 0.791 | step_limit
Ep 346 | 드론3 목적지62 | 1000스텝 | 배송 56/62 | 재적재 10 | 중계율 0.22 | alpha 0.782 | step_limit
Ep 347 | 드론4 목적지33 |  397스텝 | 배송 33/33 | 재적재  4 | 중계율 0.12 | alpha 0.778 | complete
Ep 348 | 드론3 목적지74 | 1000스텝 | 배송 65/74 | 재적재 11 | 중계율 0.20 | alpha 0.772 | step_limit
Ep 349 | 드론3 목적지26 |  470스텝 | 배송 26/26 | 재적재  3 | 중계율 0.21 | alpha 0.769 | complete
Ep 350 | 드론3 목적지80 | 1000스텝 | 배송 65/80 | 재적재 10 | 중계율 0.29 | alpha 0.767 | step_limit
  [홀드아웃] 배송 39.9±10.1 완주 0.96 스텝 830 점수 125.2 재적재 6.2 2홉+ 0.55 [4/50 1.00·946 | 3/30 0.93·713] | 최고 126.4@ep300 정체 1/8
Ep 351 | 드론3 목적지59 | 1000스텝 | 배송 46/59 | 재적재  8 | 중계율 0.24 | alpha 0.777 | step_limit
Ep 352 | 드론4 목적지49 |  575스텝 | 배송 49/49 | 재적재  9 | 중계율 0.19 | alpha 0.779 | complete
Ep 353 | 드론3 목적지70 | 1000스텝 | 배송 59/70 | 재적재 10 | 중계율 0.29 | alpha 0.764 | step_limit
Ep 354 | 드론4 목적지39 |  608스텝 | 배송 39/39 | 재적재  7 | 중계율 0.15 | alpha 0.750 | complete
Ep 355 | 드론3 목적지20 |  482스텝 | 배송 20/20 | 재적재  3 | 중계율 0.12 | alpha 0.740 | complete
Ep 356 | 드론3 목적지35 |  656스텝 | 배송 35/35 | 재적재  5 | 중계율 0.28 | alpha 0.725 | complete
Ep 357 | 드론4 목적지29 |  831스텝 | 배송 29/29 | 재적재  4 | 중계율 0.39 | alpha 0.706 | complete
Ep 358 | 드론3 목적지61 | 1000스텝 | 배송 58/61 | 재적재 10 | 중계율 0.21 | alpha 0.691 | step_limit
Ep 359 | 드론3 목적지54 |  928스텝 | 배송 54/54 | 재적재 10 | 중계율 0.19 | alpha 0.678 | complete
Ep 360 | 드론4 목적지38 |  657스텝 | 배송 38/38 | 재적재  6 | 중계율 0.22 | alpha 0.670 | complete
Ep 361 | 드론4 목적지31 |  575스텝 | 배송 31/31 | 재적재  4 | 중계율 0.28 | alpha 0.667 | complete
Ep 362 | 드론3 목적지51 | 1000스텝 | 배송 49/51 | 재적재  8 | 중계율 0.35 | alpha 0.659 | step_limit
Ep 363 | 드론4 목적지74 | 1000스텝 | 배송 66/74 | 재적재 12 | 중계율 0.32 | alpha 0.640 | step_limit
Ep 364 | 드론4 목적지59 |  845스텝 | 배송 59/59 | 재적재  9 | 중계율 0.26 | alpha 0.631 | complete
Ep 365 | 드론3 목적지24 |  517스텝 | 배송 24/24 | 재적재  2 | 중계율 0.26 | alpha 0.625 | complete
Ep 366 | 드론4 목적지42 |  569스텝 | 배송 42/42 | 재적재  7 | 중계율 0.20 | alpha 0.628 | complete
Ep 367 | 드론3 목적지76 | 1000스텝 | 배송 70/76 | 재적재 14 | 중계율 0.21 | alpha 0.635 | step_limit
Ep 368 | 드론3 목적지60 | 1000스텝 | 배송 55/60 | 재적재  8 | 중계율 0.28 | alpha 0.630 | step_limit
Ep 369 | 드론3 목적지77 | 1000스텝 | 배송 71/77 | 재적재 13 | 중계율 0.17 | alpha 0.622 | step_limit
Ep 370 | 드론4 목적지23 |  494스텝 | 배송 23/23 | 재적재  2 | 중계율 0.34 | alpha 0.618 | complete
Ep 371 | 드론3 목적지71 | 1000스텝 | 배송 60/71 | 재적재 11 | 중계율 0.24 | alpha 0.614 | step_limit
Ep 372 | 드론4 목적지44 |  561스텝 | 배송 44/44 | 재적재  7 | 중계율 0.19 | alpha 0.615 | complete
Ep 373 | 드론3 목적지67 | 1000스텝 | 배송 56/67 | 재적재  9 | 중계율 0.23 | alpha 0.610 | step_limit
Ep 374 | 드론3 목적지58 | 1000스텝 | 배송 54/58 | 재적재 10 | 중계율 0.21 | alpha 0.602 | step_limit
Ep 375 | 드론3 목적지55 | 1000스텝 | 배송 53/55 | 재적재  9 | 중계율 0.28 | alpha 0.600 | step_limit
Ep 376 | 드론4 목적지53 |  695스텝 | 배송 53/53 | 재적재 10 | 중계율 0.21 | alpha 0.598 | complete
Ep 377 | 드론3 목적지63 | 1000스텝 | 배송 54/63 | 재적재  9 | 중계율 0.16 | alpha 0.588 | step_limit
Ep 378 | 드론3 목적지27 |  476스텝 | 배송 27/27 | 재적재  3 | 중계율 0.18 | alpha 0.581 | complete
Ep 379 | 드론4 목적지63 |  670스텝 | 배송 63/63 | 재적재 11 | 중계율 0.15 | alpha 0.572 | complete
Ep 380 | 드론3 목적지78 | 1000스텝 | 배송 64/78 | 재적재 11 | 중계율 0.25 | alpha 0.556 | step_limit
Ep 381 | 드론3 목적지53 | 1000스텝 | 배송 50/53 | 재적재  9 | 중계율 0.27 | alpha 0.536 | step_limit
Ep 382 | 드론3 목적지44 |  928스텝 | 배송 44/44 | 재적재  7 | 중계율 0.26 | alpha 0.524 | complete
Ep 383 | 드론4 목적지30 |  514스텝 | 배송 30/30 | 재적재  4 | 중계율 0.27 | alpha 0.514 | complete
Ep 384 | 드론4 목적지46 |  759스텝 | 배송 46/46 | 재적재  7 | 중계율 0.25 | alpha 0.502 | complete
Ep 385 | 드론3 목적지67 | 1000스텝 | 배송 65/67 | 재적재 12 | 중계율 0.20 | alpha 0.491 | step_limit
Ep 386 | 드론4 목적지61 | 1000스텝 | 배송 53/61 | 재적재  8 | 중계율 0.34 | alpha 0.475 | step_limit
Ep 387 | 드론3 목적지61 | 1000스텝 | 배송 51/61 | 재적재 10 | 중계율 0.28 | alpha 0.467 | step_limit
Ep 388 | 드론3 목적지70 | 1000스텝 | 배송 65/70 | 재적재 12 | 중계율 0.30 | alpha 0.461 | step_limit
Ep 389 | 드론4 목적지28 |  354스텝 | 배송 28/28 | 재적재  4 | 중계율 0.16 | alpha 0.457 | complete
Ep 390 | 드론4 목적지40 |  435스텝 | 배송 40/40 | 재적재  6 | 중계율 0.16 | alpha 0.453 | complete
Ep 391 | 드론4 목적지74 |  784스텝 | 배송 74/74 | 재적재 12 | 중계율 0.19 | alpha 0.440 | complete
Ep 392 | 드론3 목적지68 | 1000스텝 | 배송 54/68 | 재적재 10 | 중계율 0.25 | alpha 0.425 | step_limit
Ep 393 | 드론4 목적지56 |  956스텝 | 배송 56/56 | 재적재 10 | 중계율 0.36 | alpha 0.412 | complete
Ep 394 | 드론4 목적지55 |  725스텝 | 배송 55/55 | 재적재  8 | 중계율 0.26 | alpha 0.407 | complete
Ep 395 | 드론4 목적지43 |  538스텝 | 배송 43/43 | 재적재  8 | 중계율 0.20 | alpha 0.400 | complete
Ep 396 | 드론3 목적지21 |  483스텝 | 배송 21/21 | 재적재  3 | 중계율 0.31 | alpha 0.398 | complete
Ep 397 | 드론3 목적지62 | 1000스텝 | 배송 56/62 | 재적재 11 | 중계율 0.19 | alpha 0.389 | step_limit
Ep 398 | 드론3 목적지46 |  954스텝 | 배송 46/46 | 재적재  9 | 중계율 0.29 | alpha 0.379 | complete
Ep 399 | 드론3 목적지30 |  564스텝 | 배송 30/30 | 재적재  5 | 중계율 0.27 | alpha 0.370 | complete
Ep 400 | 드론4 목적지31 |  593스텝 | 배송 31/31 | 재적재  4 | 중계율 0.29 | alpha 0.366 | complete
  [홀드아웃] 배송 40.0±10.0 완주 1.00 스텝 792 점수 129.4 재적재 6.2 2홉+ 0.54 [4/50 1.00·930 | 3/30 1.00·655] | 최고 129.4@ep400 정체 0/8  ← 갱신
Ep 401 | 드론3 목적지54 | 1000스텝 | 배송 51/54 | 재적재  8 | 중계율 0.36 | alpha 0.356 | step_limit
Ep 402 | 드론4 목적지57 |  751스텝 | 배송 57/57 | 재적재 10 | 중계율 0.20 | alpha 0.349 | complete
Ep 403 | 드론3 목적지79 | 1000스텝 | 배송 69/79 | 재적재 12 | 중계율 0.24 | alpha 0.347 | step_limit
Ep 404 | 드론3 목적지36 |  902스텝 | 배송 36/36 | 재적재  6 | 중계율 0.33 | alpha 0.346 | complete
Ep 405 | 드론4 목적지57 |  751스텝 | 배송 57/57 | 재적재 10 | 중계율 0.24 | alpha 0.348 | complete
Ep 406 | 드론3 목적지57 | 1000스텝 | 배송 53/57 | 재적재 10 | 중계율 0.25 | alpha 0.352 | step_limit
Ep 407 | 드론4 목적지80 | 1000스텝 | 배송 78/80 | 재적재 14 | 중계율 0.28 | alpha 0.358 | step_limit
Ep 408 | 드론4 목적지20 |  516스텝 | 배송 20/20 | 재적재  2 | 중계율 0.41 | alpha 0.360 | complete
Ep 409 | 드론3 목적지24 |  442스텝 | 배송 24/24 | 재적재  4 | 중계율 0.20 | alpha 0.364 | complete
Ep 410 | 드론4 목적지23 |  351스텝 | 배송 23/23 | 재적재  3 | 중계율 0.33 | alpha 0.366 | complete
Ep 411 | 드론4 목적지50 |  802스텝 | 배송 50/50 | 재적재  9 | 중계율 0.27 | alpha 0.375 | complete
Ep 412 | 드론3 목적지27 |  570스텝 | 배송 27/27 | 재적재  4 | 중계율 0.31 | alpha 0.382 | complete
Ep 413 | 드론4 목적지55 |  810스텝 | 배송 55/55 | 재적재  9 | 중계율 0.33 | alpha 0.398 | complete
Ep 414 | 드론3 목적지27 |  519스텝 | 배송 27/27 | 재적재  4 | 중계율 0.25 | alpha 0.403 | complete
Ep 415 | 드론4 목적지23 |  356스텝 | 배송 23/23 | 재적재  4 | 중계율 0.24 | alpha 0.409 | complete
Ep 416 | 드론4 목적지78 | 1000스텝 | 배송 65/78 | 재적재 11 | 중계율 0.23 | alpha 0.427 | step_limit
Ep 417 | 드론4 목적지61 |  773스텝 | 배송 61/61 | 재적재 10 | 중계율 0.14 | alpha 0.436 | complete
Ep 418 | 드론4 목적지41 |  597스텝 | 배송 41/41 | 재적재  7 | 중계율 0.26 | alpha 0.443 | complete
Ep 419 | 드론4 목적지61 |  658스텝 | 배송 61/61 | 재적재 10 | 중계율 0.18 | alpha 0.448 | complete
Ep 420 | 드론3 목적지36 |  731스텝 | 배송 36/36 | 재적재  6 | 중계율 0.19 | alpha 0.456 | complete
Ep 421 | 드론4 목적지33 |  353스텝 | 배송 33/33 | 재적재  5 | 중계율 0.20 | alpha 0.460 | complete
Ep 422 | 드론3 목적지79 | 1000스텝 | 배송 66/79 | 재적재 12 | 중계율 0.25 | alpha 0.468 | step_limit
Ep 423 | 드론3 목적지31 |  521스텝 | 배송 31/31 | 재적재  6 | 중계율 0.18 | alpha 0.471 | complete
Ep 424 | 드론4 목적지62 |  923스텝 | 배송 62/62 | 재적재 11 | 중계율 0.31 | alpha 0.477 | complete
Ep 425 | 드론3 목적지66 | 1000스텝 | 배송 58/66 | 재적재 10 | 중계율 0.25 | alpha 0.489 | step_limit
Ep 426 | 드론3 목적지29 |  714스텝 | 배송 29/29 | 재적재  4 | 중계율 0.27 | alpha 0.493 | complete
Ep 427 | 드론4 목적지63 | 1000스텝 | 배송 62/63 | 재적재 11 | 중계율 0.37 | alpha 0.497 | step_limit
Ep 428 | 드론4 목적지62 | 1000스텝 | 배송 60/62 | 재적재 10 | 중계율 0.32 | alpha 0.506 | step_limit
Ep 429 | 드론3 목적지47 | 1000스텝 | 배송 45/47 | 재적재  9 | 중계율 0.37 | alpha 0.514 | step_limit
Ep 430 | 드론4 목적지21 |  355스텝 | 배송 21/21 | 재적재  2 | 중계율 0.31 | alpha 0.515 | complete
Ep 431 | 드론4 목적지76 | 1000스텝 | 배송 74/76 | 재적재 11 | 중계율 0.30 | alpha 0.517 | step_limit
Ep 432 | 드론4 목적지42 |  667스텝 | 배송 42/42 | 재적재  7 | 중계율 0.31 | alpha 0.522 | complete
Ep 433 | 드론3 목적지39 |  565스텝 | 배송 39/39 | 재적재  7 | 중계율 0.14 | alpha 0.523 | complete
Ep 434 | 드론3 목적지51 |  859스텝 | 배송 51/51 | 재적재  8 | 중계율 0.22 | alpha 0.527 | complete
Ep 435 | 드론4 목적지48 |  917스텝 | 배송 48/48 | 재적재  8 | 중계율 0.28 | alpha 0.527 | complete
Ep 436 | 드론4 목적지69 | 1000스텝 | 배송 66/69 | 재적재 12 | 중계율 0.29 | alpha 0.531 | step_limit
Ep 437 | 드론3 목적지47 |  865스텝 | 배송 47/47 | 재적재  8 | 중계율 0.29 | alpha 0.532 | complete
Ep 438 | 드론3 목적지77 | 1000스텝 | 배송 72/77 | 재적재 13 | 중계율 0.21 | alpha 0.532 | step_limit
Ep 439 | 드론3 목적지69 | 1000스텝 | 배송 63/69 | 재적재 10 | 중계율 0.27 | alpha 0.543 | step_limit
Ep 440 | 드론4 목적지57 | 1000스텝 | 배송 55/57 | 재적재 11 | 중계율 0.32 | alpha 0.546 | step_limit
Ep 441 | 드론4 목적지52 |  876스텝 | 배송 52/52 | 재적재  8 | 중계율 0.25 | alpha 0.549 | complete
Ep 442 | 드론3 목적지56 |  970스텝 | 배송 56/56 | 재적재 11 | 중계율 0.28 | alpha 0.551 | complete
Ep 443 | 드론4 목적지21 |  343스텝 | 배송 21/21 | 재적재  2 | 중계율 0.30 | alpha 0.552 | complete
Ep 444 | 드론3 목적지68 |  855스텝 | 배송 68/68 | 재적재 13 | 중계율 0.19 | alpha 0.554 | complete
Ep 445 | 드론3 목적지41 |  672스텝 | 배송 41/41 | 재적재  8 | 중계율 0.20 | alpha 0.557 | complete
Ep 446 | 드론3 목적지39 |  841스텝 | 배송 39/39 | 재적재  6 | 중계율 0.36 | alpha 0.559 | complete
Ep 447 | 드론3 목적지32 |  577스텝 | 배송 32/32 | 재적재  6 | 중계율 0.26 | alpha 0.560 | complete
Ep 448 | 드론3 목적지80 | 1000스텝 | 배송 72/80 | 재적재 13 | 중계율 0.19 | alpha 0.560 | step_limit
Ep 449 | 드론3 목적지69 | 1000스텝 | 배송 59/69 | 재적재 10 | 중계율 0.28 | alpha 0.567 | step_limit
Ep 450 | 드론4 목적지76 |  917스텝 | 배송 76/76 | 재적재 12 | 중계율 0.26 | alpha 0.567 | complete
  [홀드아웃] 배송 39.5±10.1 완주 0.95 스텝 809 점수 124.2 재적재 6.2 2홉+ 0.55 [4/50 0.95·922 | 3/30 0.95·696] | 최고 129.4@ep400 정체 1/8
Ep 451 | 드론4 목적지41 |  488스텝 | 배송 41/41 | 재적재  7 | 중계율 0.19 | alpha 0.565 | complete
Ep 452 | 드론4 목적지50 |  617스텝 | 배송 50/50 | 재적재  8 | 중계율 0.24 | alpha 0.565 | complete
Ep 453 | 드론3 목적지75 | 1000스텝 | 배송 59/75 | 재적재 10 | 중계율 0.27 | alpha 0.574 | step_limit
Ep 454 | 드론3 목적지77 | 1000스텝 | 배송 55/77 | 재적재  9 | 중계율 0.23 | alpha 0.577 | step_limit
Ep 455 | 드론3 목적지49 |  880스텝 | 배송 49/49 | 재적재  8 | 중계율 0.25 | alpha 0.575 | complete
Ep 456 | 드론4 목적지54 |  754스텝 | 배송 54/54 | 재적재  9 | 중계율 0.26 | alpha 0.571 | complete
Ep 457 | 드론4 목적지67 |  789스텝 | 배송 67/67 | 재적재 11 | 중계율 0.27 | alpha 0.576 | complete
Ep 458 | 드론3 목적지70 | 1000스텝 | 배송 60/70 | 재적재 12 | 중계율 0.21 | alpha 0.583 | step_limit
Ep 459 | 드론3 목적지58 |  946스텝 | 배송 58/58 | 재적재 11 | 중계율 0.25 | alpha 0.574 | complete
Ep 460 | 드론4 목적지20 |  278스텝 | 배송 20/20 | 재적재  2 | 중계율 0.32 | alpha 0.571 | complete
Ep 461 | 드론3 목적지40 |  640스텝 | 배송 40/40 | 재적재  6 | 중계율 0.23 | alpha 0.567 | complete
Ep 462 | 드론4 목적지22 |  254스텝 | 배송 22/22 | 재적재  4 | 중계율 0.16 | alpha 0.570 | complete
Ep 463 | 드론3 목적지57 | 1000스텝 | 배송 55/57 | 재적재 11 | 중계율 0.25 | alpha 0.573 | step_limit
Ep 464 | 드론3 목적지63 | 1000스텝 | 배송 49/63 | 재적재  8 | 중계율 0.25 | alpha 0.565 | step_limit
Ep 465 | 드론4 목적지73 | 1000스텝 | 배송 69/73 | 재적재 12 | 중계율 0.31 | alpha 0.570 | step_limit
Ep 466 | 드론4 목적지43 |  521스텝 | 배송 43/43 | 재적재  6 | 중계율 0.17 | alpha 0.571 | complete
Ep 467 | 드론4 목적지65 | 1000스텝 | 배송 63/65 | 재적재 11 | 중계율 0.34 | alpha 0.574 | step_limit
Ep 468 | 드론3 목적지64 | 1000스텝 | 배송 48/64 | 재적재  9 | 중계율 0.24 | alpha 0.578 | step_limit
Ep 469 | 드론4 목적지53 | 1000스텝 | 배송 50/53 | 재적재  9 | 중계율 0.33 | alpha 0.578 | step_limit
Ep 470 | 드론4 목적지41 |  437스텝 | 배송 41/41 | 재적재  6 | 중계율 0.22 | alpha 0.585 | complete
Ep 471 | 드론4 목적지60 |  771스텝 | 배송 60/60 | 재적재  9 | 중계율 0.28 | alpha 0.588 | complete
Ep 472 | 드론3 목적지31 |  680스텝 | 배송 31/31 | 재적재  5 | 중계율 0.28 | alpha 0.595 | complete
Ep 473 | 드론4 목적지78 | 1000스텝 | 배송 71/78 | 재적재 12 | 중계율 0.31 | alpha 0.592 | step_limit
Ep 474 | 드론3 목적지22 |  535스텝 | 배송 22/22 | 재적재  3 | 중계율 0.23 | alpha 0.589 | complete
Ep 475 | 드론3 목적지42 |  854스텝 | 배송 42/42 | 재적재  7 | 중계율 0.27 | alpha 0.587 | complete
Ep 476 | 드론4 목적지29 |  576스텝 | 배송 29/29 | 재적재  3 | 중계율 0.41 | alpha 0.580 | complete
Ep 477 | 드론4 목적지73 | 1000스텝 | 배송 60/73 | 재적재 10 | 중계율 0.36 | alpha 0.569 | step_limit
Ep 478 | 드론3 목적지60 | 1000스텝 | 배송 53/60 | 재적재  8 | 중계율 0.24 | alpha 0.564 | step_limit
Ep 479 | 드론4 목적지32 |  430스텝 | 배송 32/32 | 재적재  4 | 중계율 0.14 | alpha 0.562 | complete
Ep 480 | 드론4 목적지38 |  463스텝 | 배송 38/38 | 재적재  5 | 중계율 0.21 | alpha 0.559 | complete
Ep 481 | 드론3 목적지52 |  872스텝 | 배송 52/52 | 재적재  9 | 중계율 0.16 | alpha 0.554 | complete
Ep 482 | 드론3 목적지47 |  999스텝 | 배송 47/47 | 재적재  9 | 중계율 0.32 | alpha 0.550 | complete
Ep 483 | 드론3 목적지72 | 1000스텝 | 배송 65/72 | 재적재 11 | 중계율 0.28 | alpha 0.547 | step_limit
Ep 484 | 드론4 목적지20 |  351스텝 | 배송 20/20 | 재적재  3 | 중계율 0.28 | alpha 0.546 | complete
Ep 485 | 드론3 목적지42 | 1000스텝 | 배송 40/42 | 재적재  6 | 중계율 0.29 | alpha 0.544 | step_limit
Ep 486 | 드론3 목적지79 | 1000스텝 | 배송 62/79 | 재적재 12 | 중계율 0.22 | alpha 0.549 | step_limit
Ep 487 | 드론4 목적지21 |  307스텝 | 배송 21/21 | 재적재  3 | 중계율 0.19 | alpha 0.549 | complete
Ep 488 | 드론3 목적지65 | 1000스텝 | 배송 57/65 | 재적재 11 | 중계율 0.15 | alpha 0.552 | step_limit
Ep 489 | 드론4 목적지67 |  868스텝 | 배송 67/67 | 재적재 11 | 중계율 0.27 | alpha 0.550 | complete
Ep 490 | 드론4 목적지78 | 1000스텝 | 배송 76/78 | 재적재 13 | 중계율 0.24 | alpha 0.549 | step_limit
Ep 491 | 드론4 목적지21 |  481스텝 | 배송 21/21 | 재적재  2 | 중계율 0.26 | alpha 0.549 | complete
Ep 492 | 드론3 목적지78 | 1000스텝 | 배송 65/78 | 재적재 12 | 중계율 0.25 | alpha 0.542 | step_limit
Ep 493 | 드론3 목적지76 | 1000스텝 | 배송 64/76 | 재적재 11 | 중계율 0.28 | alpha 0.545 | step_limit
Ep 494 | 드론3 목적지28 |  463스텝 | 배송 28/28 | 재적재  5 | 중계율 0.20 | alpha 0.549 | complete
Ep 495 | 드론3 목적지61 | 1000스텝 | 배송 60/61 | 재적재 10 | 중계율 0.22 | alpha 0.556 | step_limit
Ep 496 | 드론4 목적지38 |  619스텝 | 배송 38/38 | 재적재  5 | 중계율 0.35 | alpha 0.563 | complete
Ep 497 | 드론4 목적지50 |  488스텝 | 배송 50/50 | 재적재  8 | 중계율 0.16 | alpha 0.563 | complete
Ep 498 | 드론3 목적지57 | 1000스텝 | 배송 56/57 | 재적재 10 | 중계율 0.24 | alpha 0.575 | step_limit
Ep 499 | 드론3 목적지54 | 1000스텝 | 배송 52/54 | 재적재  8 | 중계율 0.25 | alpha 0.587 | step_limit
Ep 500 | 드론3 목적지35 |  590스텝 | 배송 35/35 | 재적재  5 | 중계율 0.27 | alpha 0.585 | complete
  [홀드아웃] 배송 39.8±10.1 완주 0.95 스텝 790 점수 124.5 재적재 6.2 2홉+ 0.54 [4/50 0.95·905 | 3/30 0.95·675] | 최고 129.4@ep400 정체 2/8
Ep 501 | 드론3 목적지32 |  683스텝 | 배송 32/32 | 재적재  5 | 중계율 0.31 | alpha 0.578 | complete
Ep 502 | 드론4 목적지49 |  591스텝 | 배송 49/49 | 재적재  8 | 중계율 0.22 | alpha 0.580 | complete
Ep 503 | 드론4 목적지42 |  649스텝 | 배송 42/42 | 재적재  7 | 중계율 0.32 | alpha 0.579 | complete
Ep 504 | 드론4 목적지24 |  543스텝 | 배송 24/24 | 재적재  2 | 중계율 0.27 | alpha 0.578 | complete
Ep 505 | 드론3 목적지46 |  630스텝 | 배송 46/46 | 재적재  7 | 중계율 0.19 | alpha 0.578 | complete
Ep 506 | 드론3 목적지44 |  756스텝 | 배송 44/44 | 재적재  7 | 중계율 0.27 | alpha 0.575 | complete
Ep 507 | 드론3 목적지41 |  825스텝 | 배송 41/41 | 재적재  6 | 중계율 0.28 | alpha 0.567 | complete
Ep 508 | 드론4 목적지23 |  305스텝 | 배송 23/23 | 재적재  2 | 중계율 0.18 | alpha 0.563 | complete
Ep 509 | 드론4 목적지24 |  342스텝 | 배송 24/24 | 재적재  4 | 중계율 0.20 | alpha 0.562 | complete
Ep 510 | 드론4 목적지55 |  842스텝 | 배송 55/55 | 재적재  9 | 중계율 0.21 | alpha 0.558 | complete
Ep 511 | 드론4 목적지60 |  837스텝 | 배송 60/60 | 재적재 11 | 중계율 0.20 | alpha 0.549 | complete
Ep 512 | 드론3 목적지52 |  817스텝 | 배송 52/52 | 재적재  9 | 중계율 0.18 | alpha 0.542 | complete
Ep 513 | 드론4 목적지70 |  871스텝 | 배송 70/70 | 재적재 11 | 중계율 0.28 | alpha 0.526 | complete
Ep 514 | 드론4 목적지21 |  364스텝 | 배송 21/21 | 재적재  4 | 중계율 0.20 | alpha 0.523 | complete
Ep 515 | 드론4 목적지80 | 1000스텝 | 배송 74/80 | 재적재 14 | 중계율 0.26 | alpha 0.514 | step_limit
Ep 516 | 드론3 목적지22 |  475스텝 | 배송 22/22 | 재적재  4 | 중계율 0.24 | alpha 0.512 | complete
Ep 517 | 드론4 목적지71 |  673스텝 | 배송 71/71 | 재적재 13 | 중계율 0.16 | alpha 0.508 | complete
Ep 518 | 드론4 목적지23 |  571스텝 | 배송 23/23 | 재적재  3 | 중계율 0.34 | alpha 0.504 | complete
Ep 519 | 드론4 목적지71 | 1000스텝 | 배송 59/71 | 재적재 10 | 중계율 0.35 | alpha 0.498 | step_limit
Ep 520 | 드론4 목적지67 | 1000스텝 | 배송 60/67 | 재적재 11 | 중계율 0.29 | alpha 0.488 | step_limit
Ep 521 | 드론3 목적지80 | 1000스텝 | 배송 65/80 | 재적재 11 | 중계율 0.25 | alpha 0.481 | step_limit
Ep 522 | 드론4 목적지25 |  387스텝 | 배송 25/25 | 재적재  4 | 중계율 0.20 | alpha 0.483 | complete
Ep 523 | 드론4 목적지60 | 1000스텝 | 배송 58/60 | 재적재  9 | 중계율 0.37 | alpha 0.481 | step_limit
Ep 524 | 드론3 목적지74 | 1000스텝 | 배송 65/74 | 재적재 11 | 중계율 0.24 | alpha 0.478 | step_limit
Ep 525 | 드론4 목적지28 |  393스텝 | 배송 28/28 | 재적재  4 | 중계율 0.15 | alpha 0.475 | complete
Ep 526 | 드론4 목적지55 |  769스텝 | 배송 55/55 | 재적재 10 | 중계율 0.23 | alpha 0.474 | complete
Ep 527 | 드론3 목적지22 |  434스텝 | 배송 22/22 | 재적재  2 | 중계율 0.30 | alpha 0.475 | complete
Ep 528 | 드론4 목적지64 |  995스텝 | 배송 64/64 | 재적재 11 | 중계율 0.27 | alpha 0.474 | complete
Ep 529 | 드론3 목적지79 | 1000스텝 | 배송 53/79 | 재적재  9 | 중계율 0.19 | alpha 0.474 | step_limit
Ep 530 | 드론3 목적지26 |  412스텝 | 배송 26/26 | 재적재  3 | 중계율 0.20 | alpha 0.474 | complete
Ep 531 | 드론3 목적지44 |  802스텝 | 배송 44/44 | 재적재  7 | 중계율 0.29 | alpha 0.475 | complete
Ep 532 | 드론4 목적지26 |  531스텝 | 배송 26/26 | 재적재  3 | 중계율 0.28 | alpha 0.477 | complete
Ep 533 | 드론3 목적지70 | 1000스텝 | 배송 68/70 | 재적재 11 | 중계율 0.27 | alpha 0.483 | step_limit
Ep 534 | 드론4 목적지39 |  517스텝 | 배송 39/39 | 재적재  6 | 중계율 0.18 | alpha 0.490 | complete
Ep 535 | 드론4 목적지33 |  615스텝 | 배송 33/33 | 재적재  4 | 중계율 0.29 | alpha 0.489 | complete
Ep 536 | 드론3 목적지70 | 1000스텝 | 배송 60/70 | 재적재 10 | 중계율 0.23 | alpha 0.488 | step_limit
Ep 537 | 드론3 목적지31 |  683스텝 | 배송 31/31 | 재적재  6 | 중계율 0.28 | alpha 0.492 | complete
Ep 538 | 드론3 목적지58 | 1000스텝 | 배송 54/58 | 재적재 10 | 중계율 0.22 | alpha 0.493 | step_limit
Ep 539 | 드론4 목적지36 |  788스텝 | 배송 36/36 | 재적재  5 | 중계율 0.33 | alpha 0.496 | complete
Ep 540 | 드론3 목적지62 | 1000스텝 | 배송 54/62 | 재적재  9 | 중계율 0.23 | alpha 0.501 | step_limit
Ep 541 | 드론4 목적지43 |  504스텝 | 배송 43/43 | 재적재  7 | 중계율 0.15 | alpha 0.505 | complete
Ep 542 | 드론3 목적지31 |  752스텝 | 배송 31/31 | 재적재  4 | 중계율 0.36 | alpha 0.498 | complete
Ep 543 | 드론4 목적지68 | 1000스텝 | 배송 67/68 | 재적재 12 | 중계율 0.35 | alpha 0.497 | step_limit
Ep 544 | 드론3 목적지52 |  961스텝 | 배송 52/52 | 재적재  9 | 중계율 0.29 | alpha 0.494 | complete
Ep 545 | 드론4 목적지61 |  577스텝 | 배송 61/61 | 재적재 11 | 중계율 0.12 | alpha 0.491 | complete
Ep 546 | 드론3 목적지47 |  812스텝 | 배송 47/47 | 재적재  8 | 중계율 0.30 | alpha 0.498 | complete
Ep 547 | 드론3 목적지33 |  744스텝 | 배송 33/33 | 재적재  5 | 중계율 0.27 | alpha 0.497 | complete
Ep 548 | 드론4 목적지26 |  631스텝 | 배송 26/26 | 재적재  2 | 중계율 0.34 | alpha 0.498 | complete
Ep 549 | 드론4 목적지52 |  655스텝 | 배송 52/52 | 재적재  9 | 중계율 0.18 | alpha 0.502 | complete
Ep 550 | 드론3 목적지25 |  534스텝 | 배송 25/25 | 재적재  4 | 중계율 0.36 | alpha 0.506 | complete
  [홀드아웃] 배송 39.9±10.2 완주 0.95 스텝 787 점수 124.5 재적재 6.1 2홉+ 0.54 [4/50 0.97·898 | 3/30 0.93·676] | 최고 129.4@ep400 정체 3/8
Ep 551 | 드론4 목적지43 |  452스텝 | 배송 43/43 | 재적재  7 | 중계율 0.20 | alpha 0.513 | complete
Ep 552 | 드론4 목적지57 |  704스텝 | 배송 57/57 | 재적재 11 | 중계율 0.23 | alpha 0.518 | complete
Ep 553 | 드론3 목적지61 |  914스텝 | 배송 31/61 | 재적재  5 | 중계율 0.30 | alpha 0.517 | no_progress
Ep 554 | 드론4 목적지43 |  500스텝 | 배송 43/43 | 재적재  7 | 중계율 0.18 | alpha 0.515 | complete
Ep 555 | 드론3 목적지66 |  997스텝 | 배송 66/66 | 재적재 12 | 중계율 0.21 | alpha 0.516 | complete
Ep 556 | 드론4 목적지48 |  772스텝 | 배송 48/48 | 재적재  8 | 중계율 0.21 | alpha 0.522 | complete
Ep 557 | 드론4 목적지62 |  731스텝 | 배송 62/62 | 재적재 10 | 중계율 0.18 | alpha 0.523 | complete
Ep 558 | 드론3 목적지31 |  653스텝 | 배송 31/31 | 재적재  5 | 중계율 0.25 | alpha 0.524 | complete
Ep 559 | 드론3 목적지59 | 1000스텝 | 배송 45/59 | 재적재  7 | 중계율 0.27 | alpha 0.518 | step_limit
Ep 560 | 드론3 목적지25 |  721스텝 | 배송 25/25 | 재적재  4 | 중계율 0.21 | alpha 0.517 | complete
Ep 561 | 드론4 목적지68 |  784스텝 | 배송 68/68 | 재적재 12 | 중계율 0.19 | alpha 0.520 | complete
Ep 562 | 드론3 목적지41 |  806스텝 | 배송 41/41 | 재적재  7 | 중계율 0.29 | alpha 0.528 | complete
Ep 563 | 드론3 목적지45 |  725스텝 | 배송 45/45 | 재적재  8 | 중계율 0.23 | alpha 0.533 | complete
Ep 564 | 드론3 목적지49 |  832스텝 | 배송 49/49 | 재적재  8 | 중계율 0.25 | alpha 0.529 | complete
Ep 565 | 드론3 목적지23 |  480스텝 | 배송 23/23 | 재적재  3 | 중계율 0.30 | alpha 0.530 | complete
Ep 566 | 드론3 목적지36 |  644스텝 | 배송 36/36 | 재적재  6 | 중계율 0.24 | alpha 0.527 | complete
Ep 567 | 드론3 목적지22 |  621스텝 | 배송 22/22 | 재적재  3 | 중계율 0.33 | alpha 0.525 | complete
Ep 568 | 드론4 목적지46 |  440스텝 | 배송 46/46 | 재적재  7 | 중계율 0.13 | alpha 0.523 | complete
Ep 569 | 드론3 목적지47 |  902스텝 | 배송 47/47 | 재적재  7 | 중계율 0.25 | alpha 0.520 | complete
Ep 570 | 드론4 목적지80 |  935스텝 | 배송 80/80 | 재적재 14 | 중계율 0.19 | alpha 0.518 | complete
Ep 571 | 드론3 목적지27 |  527스텝 | 배송 27/27 | 재적재  3 | 중계율 0.23 | alpha 0.516 | complete
Ep 572 | 드론3 목적지74 | 1000스텝 | 배송 61/74 | 재적재 12 | 중계율 0.24 | alpha 0.508 | step_limit
Ep 573 | 드론3 목적지69 | 1000스텝 | 배송 60/69 | 재적재 10 | 중계율 0.25 | alpha 0.513 | step_limit
Ep 574 | 드론3 목적지67 | 1000스텝 | 배송 53/67 | 재적재  8 | 중계율 0.25 | alpha 0.510 | step_limit
Ep 575 | 드론3 목적지52 |  729스텝 | 배송 52/52 | 재적재 10 | 중계율 0.19 | alpha 0.508 | complete
Ep 576 | 드론4 목적지62 |  836스텝 | 배송 62/62 | 재적재 10 | 중계율 0.27 | alpha 0.513 | complete
Ep 577 | 드론4 목적지46 |  678스텝 | 배송 46/46 | 재적재  6 | 중계율 0.31 | alpha 0.516 | complete
Ep 578 | 드론3 목적지59 |  954스텝 | 배송 59/59 | 재적재 11 | 중계율 0.16 | alpha 0.515 | complete
Ep 579 | 드론4 목적지58 |  932스텝 | 배송 58/58 | 재적재 11 | 중계율 0.31 | alpha 0.518 | complete
Ep 580 | 드론3 목적지39 |  920스텝 | 배송 39/39 | 재적재  7 | 중계율 0.30 | alpha 0.520 | complete
Ep 581 | 드론4 목적지69 | 1000스텝 | 배송 61/69 | 재적재 10 | 중계율 0.28 | alpha 0.524 | step_limit
Ep 582 | 드론4 목적지70 |  815스텝 | 배송 70/70 | 재적재 11 | 중계율 0.25 | alpha 0.531 | complete
Ep 583 | 드론4 목적지79 |  897스텝 | 배송 79/79 | 재적재 14 | 중계율 0.23 | alpha 0.536 | complete
Ep 584 | 드론4 목적지80 |  950스텝 | 배송 80/80 | 재적재 14 | 중계율 0.22 | alpha 0.538 | complete
Ep 585 | 드론3 목적지58 | 1000스텝 | 배송 53/58 | 재적재  9 | 중계율 0.32 | alpha 0.536 | step_limit
Ep 586 | 드론3 목적지57 | 1000스텝 | 배송 56/57 | 재적재 10 | 중계율 0.25 | alpha 0.543 | step_limit
Ep 587 | 드론4 목적지46 |  630스텝 | 배송 46/46 | 재적재  8 | 중계율 0.25 | alpha 0.548 | complete
Ep 588 | 드론4 목적지21 |  443스텝 | 배송 21/21 | 재적재  3 | 중계율 0.32 | alpha 0.550 | complete
Ep 589 | 드론3 목적지48 | 1000스텝 | 배송 46/48 | 재적재  8 | 중계율 0.28 | alpha 0.549 | step_limit
Ep 590 | 드론4 목적지55 |  860스텝 | 배송 55/55 | 재적재  8 | 중계율 0.30 | alpha 0.553 | complete
Ep 591 | 드론4 목적지56 | 1000스텝 | 배송 51/56 | 재적재  8 | 중계율 0.33 | alpha 0.557 | step_limit
Ep 592 | 드론3 목적지20 |  450스텝 | 배송 20/20 | 재적재  3 | 중계율 0.26 | alpha 0.565 | complete
Ep 593 | 드론4 목적지68 |  862스텝 | 배송 68/68 | 재적재 11 | 중계율 0.32 | alpha 0.569 | complete
Ep 594 | 드론4 목적지31 |  454스텝 | 배송 31/31 | 재적재  3 | 중계율 0.25 | alpha 0.572 | complete
Ep 595 | 드론3 목적지37 |  739스텝 | 배송 37/37 | 재적재  7 | 중계율 0.28 | alpha 0.576 | complete
Ep 596 | 드론3 목적지55 | 1000스텝 | 배송 50/55 | 재적재  8 | 중계율 0.32 | alpha 0.574 | step_limit
Ep 597 | 드론4 목적지67 |  768스텝 | 배송 67/67 | 재적재 12 | 중계율 0.17 | alpha 0.578 | complete
Ep 598 | 드론4 목적지70 |  858스텝 | 배송 70/70 | 재적재 12 | 중계율 0.24 | alpha 0.587 | complete
Ep 599 | 드론3 목적지49 | 1000스텝 | 배송 45/49 | 재적재  8 | 중계율 0.33 | alpha 0.588 | step_limit
Ep 600 | 드론3 목적지56 |  994스텝 | 배송 56/56 | 재적재 10 | 중계율 0.31 | alpha 0.589 | complete
  [홀드아웃] 배송 39.9±10.2 완주 0.95 스텝 783 점수 124.6 재적재 6.0 2홉+ 0.54 [4/50 1.00·891 | 3/30 0.90·675] | 최고 129.4@ep400 정체 4/8
Ep 601 | 드론4 목적지79 | 1000스텝 | 배송 67/79 | 재적재 11 | 중계율 0.33 | alpha 0.593 | step_limit
Ep 602 | 드론4 목적지31 |  572스텝 | 배송 31/31 | 재적재  4 | 중계율 0.31 | alpha 0.590 | complete
Ep 603 | 드론3 목적지26 |  968스텝 | 배송 25/26 | 재적재  4 | 중계율 0.36 | alpha 0.582 | no_progress
Ep 604 | 드론3 목적지65 | 1000스텝 | 배송 60/65 | 재적재 10 | 중계율 0.20 | alpha 0.579 | step_limit
Ep 605 | 드론3 목적지47 |  798스텝 | 배송 47/47 | 재적재  8 | 중계율 0.26 | alpha 0.585 | complete
Ep 606 | 드론4 목적지71 |  926스텝 | 배송 71/71 | 재적재 12 | 중계율 0.23 | alpha 0.583 | complete
Ep 607 | 드론3 목적지75 | 1000스텝 | 배송 67/75 | 재적재 12 | 중계율 0.20 | alpha 0.583 | step_limit
Ep 608 | 드론4 목적지25 |  702스텝 | 배송 25/25 | 재적재  3 | 중계율 0.40 | alpha 0.586 | complete
Ep 609 | 드론3 목적지67 | 1000스텝 | 배송 64/67 | 재적재 10 | 중계율 0.29 | alpha 0.576 | step_limit
Ep 610 | 드론3 목적지22 |  496스텝 | 배송 22/22 | 재적재  4 | 중계율 0.24 | alpha 0.576 | complete
Ep 611 | 드론4 목적지63 | 1000스텝 | 배송 56/63 | 재적재 10 | 중계율 0.29 | alpha 0.581 | step_limit
Ep 612 | 드론4 목적지28 |  416스텝 | 배송 28/28 | 재적재  4 | 중계율 0.24 | alpha 0.580 | complete
Ep 613 | 드론3 목적지68 | 1000스텝 | 배송 60/68 | 재적재 11 | 중계율 0.25 | alpha 0.580 | step_limit
Ep 614 | 드론3 목적지69 | 1000스텝 | 배송 61/69 | 재적재 11 | 중계율 0.27 | alpha 0.580 | step_limit
Ep 615 | 드론4 목적지76 | 1000스텝 | 배송 65/76 | 재적재 13 | 중계율 0.29 | alpha 0.581 | step_limit
Ep 616 | 드론4 목적지72 | 1000스텝 | 배송 70/72 | 재적재 12 | 중계율 0.30 | alpha 0.593 | step_limit
Ep 617 | 드론4 목적지26 |  430스텝 | 배송 26/26 | 재적재  3 | 중계율 0.28 | alpha 0.591 | complete
Ep 618 | 드론4 목적지78 | 1000스텝 | 배송 73/78 | 재적재 13 | 중계율 0.27 | alpha 0.595 | step_limit
Ep 619 | 드론4 목적지27 |  383스텝 | 배송 27/27 | 재적재  5 | 중계율 0.20 | alpha 0.597 | complete
Ep 620 | 드론3 목적지68 | 1000스텝 | 배송 65/68 | 재적재 11 | 중계율 0.24 | alpha 0.594 | step_limit
Ep 621 | 드론4 목적지51 |  767스텝 | 배송 51/51 | 재적재  8 | 중계율 0.30 | alpha 0.598 | complete
Ep 622 | 드론3 목적지43 |  862스텝 | 배송 43/43 | 재적재  7 | 중계율 0.21 | alpha 0.600 | complete
Ep 623 | 드론4 목적지61 |  766스텝 | 배송 61/61 | 재적재 11 | 중계율 0.23 | alpha 0.598 | complete
Ep 624 | 드론4 목적지23 |  556스텝 | 배송 23/23 | 재적재  3 | 중계율 0.42 | alpha 0.589 | complete
Ep 625 | 드론3 목적지67 | 1000스텝 | 배송 64/67 | 재적재 12 | 중계율 0.21 | alpha 0.586 | step_limit
Ep 626 | 드론3 목적지26 |  507스텝 | 배송 26/26 | 재적재  4 | 중계율 0.27 | alpha 0.586 | complete
Ep 627 | 드론3 목적지76 | 1000스텝 | 배송 65/76 | 재적재 11 | 중계율 0.25 | alpha 0.584 | step_limit
Ep 628 | 드론3 목적지78 | 1000스텝 | 배송 65/78 | 재적재 11 | 중계율 0.24 | alpha 0.577 | step_limit
Ep 629 | 드론4 목적지55 | 1000스텝 | 배송 50/55 | 재적재  8 | 중계율 0.38 | alpha 0.567 | step_limit
Ep 630 | 드론3 목적지29 |  393스텝 | 배송 29/29 | 재적재  4 | 중계율 0.17 | alpha 0.567 | complete
Ep 631 | 드론3 목적지70 | 1000스텝 | 배송 56/70 | 재적재 11 | 중계율 0.26 | alpha 0.568 | step_limit
Ep 632 | 드론3 목적지74 | 1000스텝 | 배송 62/74 | 재적재 12 | 중계율 0.17 | alpha 0.569 | step_limit
Ep 633 | 드론4 목적지45 |  424스텝 | 배송 45/45 | 재적재  6 | 중계율 0.16 | alpha 0.568 | complete
Ep 634 | 드론4 목적지64 |  847스텝 | 배송 64/64 | 재적재 11 | 중계율 0.18 | alpha 0.566 | complete
Ep 635 | 드론3 목적지64 | 1000스텝 | 배송 55/64 | 재적재  9 | 중계율 0.20 | alpha 0.568 | step_limit
Ep 636 | 드론3 목적지23 |  845스텝 | 배송 23/23 | 재적재  2 | 중계율 0.36 | alpha 0.569 | complete
Ep 637 | 드론3 목적지51 |  986스텝 | 배송 51/51 | 재적재  8 | 중계율 0.27 | alpha 0.571 | complete
Ep 638 | 드론4 목적지37 |  761스텝 | 배송 37/37 | 재적재  6 | 중계율 0.38 | alpha 0.575 | complete
Ep 639 | 드론3 목적지47 |  857스텝 | 배송 47/47 | 재적재  9 | 중계율 0.28 | alpha 0.576 | complete
Ep 640 | 드론4 목적지80 | 1000스텝 | 배송 77/80 | 재적재 14 | 중계율 0.30 | alpha 0.576 | step_limit
Ep 641 | 드론4 목적지32 |  536스텝 | 배송 32/32 | 재적재  6 | 중계율 0.26 | alpha 0.569 | complete
Ep 642 | 드론3 목적지73 | 1000스텝 | 배송 69/73 | 재적재 12 | 중계율 0.19 | alpha 0.565 | step_limit
Ep 643 | 드론4 목적지57 |  857스텝 | 배송 57/57 | 재적재 10 | 중계율 0.29 | alpha 0.567 | complete
Ep 644 | 드론4 목적지30 |  394스텝 | 배송 30/30 | 재적재  5 | 중계율 0.20 | alpha 0.569 | complete
Ep 645 | 드론4 목적지21 |  441스텝 | 배송 21/21 | 재적재  3 | 중계율 0.32 | alpha 0.567 | complete
Ep 646 | 드론3 목적지55 |  950스텝 | 배송 55/55 | 재적재  9 | 중계율 0.15 | alpha 0.557 | complete
Ep 647 | 드론3 목적지73 | 1000스텝 | 배송 63/73 | 재적재 12 | 중계율 0.21 | alpha 0.556 | step_limit
Ep 648 | 드론4 목적지29 |  410스텝 | 배송 29/29 | 재적재  4 | 중계율 0.21 | alpha 0.557 | complete
Ep 649 | 드론4 목적지45 |  553스텝 | 배송 45/45 | 재적재  7 | 중계율 0.24 | alpha 0.558 | complete
Ep 650 | 드론3 목적지21 |  356스텝 | 배송 21/21 | 재적재  3 | 중계율 0.17 | alpha 0.559 | complete
  [홀드아웃] 배송 39.6±10.3 완주 0.95 스텝 777 점수 124.6 재적재 6.0 2홉+ 0.54 [4/50 0.97·894 | 3/30 0.93·660] | 최고 129.4@ep400 정체 5/8
Ep 651 | 드론3 목적지77 | 1000스텝 | 배송 59/77 | 재적재 10 | 중계율 0.30 | alpha 0.562 | step_limit
Ep 652 | 드론3 목적지47 | 1000스텝 | 배송 44/47 | 재적재  8 | 중계율 0.39 | alpha 0.568 | step_limit
Ep 653 | 드론3 목적지22 |  415스텝 | 배송 22/22 | 재적재  3 | 중계율 0.25 | alpha 0.568 | complete
Ep 654 | 드론4 목적지67 | 1000스텝 | 배송 54/67 | 재적재 10 | 중계율 0.26 | alpha 0.573 | step_limit
Ep 655 | 드론4 목적지53 |  655스텝 | 배송 53/53 | 재적재  8 | 중계율 0.19 | alpha 0.582 | complete
Ep 656 | 드론4 목적지70 |  920스텝 | 배송 70/70 | 재적재 12 | 중계율 0.21 | alpha 0.593 | complete
Ep 657 | 드론3 목적지72 | 1000스텝 | 배송 50/72 | 재적재  8 | 중계율 0.20 | alpha 0.607 | step_limit
Ep 658 | 드론3 목적지20 |  479스텝 | 배송 20/20 | 재적재  2 | 중계율 0.30 | alpha 0.608 | complete
Ep 659 | 드론3 목적지22 |  465스텝 | 배송 22/22 | 재적재  4 | 중계율 0.29 | alpha 0.603 | complete
Ep 660 | 드론4 목적지57 |  898스텝 | 배송 57/57 | 재적재  9 | 중계율 0.28 | alpha 0.600 | complete
Ep 661 | 드론4 목적지55 | 1000스텝 | 배송 53/55 | 재적재 10 | 중계율 0.32 | alpha 0.596 | step_limit
Ep 662 | 드론4 목적지39 |  399스텝 | 배송 39/39 | 재적재  6 | 중계율 0.15 | alpha 0.597 | complete
Ep 663 | 드론3 목적지21 |  364스텝 | 배송 21/21 | 재적재  3 | 중계율 0.21 | alpha 0.592 | complete
Ep 664 | 드론4 목적지25 |  346스텝 | 배송 25/25 | 재적재  4 | 중계율 0.23 | alpha 0.591 | complete
Ep 665 | 드론3 목적지60 | 1000스텝 | 배송 56/60 | 재적재 10 | 중계율 0.33 | alpha 0.594 | step_limit
Ep 666 | 드론4 목적지74 | 1000스텝 | 배송 72/74 | 재적재 14 | 중계율 0.23 | alpha 0.586 | step_limit
Ep 667 | 드론4 목적지76 | 1000스텝 | 배송 70/76 | 재적재 13 | 중계율 0.26 | alpha 0.572 | step_limit
Ep 668 | 드론4 목적지29 |  449스텝 | 배송 29/29 | 재적재  4 | 중계율 0.27 | alpha 0.569 | complete
Ep 669 | 드론4 목적지76 | 1000스텝 | 배송 70/76 | 재적재 13 | 중계율 0.20 | alpha 0.561 | step_limit
Ep 670 | 드론3 목적지28 |  501스텝 | 배송 28/28 | 재적재  5 | 중계율 0.19 | alpha 0.560 | complete
Ep 671 | 드론4 목적지62 |  823스텝 | 배송 62/62 | 재적재 12 | 중계율 0.26 | alpha 0.564 | complete
Ep 672 | 드론3 목적지62 | 1000스텝 | 배송 55/62 | 재적재 10 | 중계율 0.19 | alpha 0.568 | step_limit
Ep 673 | 드론4 목적지64 |  700스텝 | 배송 64/64 | 재적재 10 | 중계율 0.18 | alpha 0.570 | complete
Ep 674 | 드론3 목적지57 | 1000스텝 | 배송 46/57 | 재적재  9 | 중계율 0.29 | alpha 0.571 | step_limit
Ep 675 | 드론4 목적지62 |  750스텝 | 배송 62/62 | 재적재 12 | 중계율 0.23 | alpha 0.575 | complete
Ep 676 | 드론3 목적지39 |  729스텝 | 배송 39/39 | 재적재  7 | 중계율 0.31 | alpha 0.585 | complete
Ep 677 | 드론3 목적지55 | 1000스텝 | 배송 54/55 | 재적재 10 | 중계율 0.25 | alpha 0.592 | step_limit
Ep 678 | 드론3 목적지51 |  796스텝 | 배송 51/51 | 재적재  8 | 중계율 0.24 | alpha 0.604 | complete
Ep 679 | 드론3 목적지22 |  421스텝 | 배송 22/22 | 재적재  3 | 중계율 0.23 | alpha 0.608 | complete
Ep 680 | 드론3 목적지54 | 1000스텝 | 배송 53/54 | 재적재 10 | 중계율 0.34 | alpha 0.623 | step_limit
Ep 681 | 드론4 목적지72 | 1000스텝 | 배송 70/72 | 재적재 13 | 중계율 0.25 | alpha 0.620 | step_limit
Ep 682 | 드론3 목적지53 | 1000스텝 | 배송 52/53 | 재적재  9 | 중계율 0.22 | alpha 0.628 | step_limit
Ep 683 | 드론4 목적지48 |  738스텝 | 배송 48/48 | 재적재  7 | 중계율 0.36 | alpha 0.630 | complete
Ep 684 | 드론3 목적지79 | 1000스텝 | 배송 63/79 | 재적재 12 | 중계율 0.28 | alpha 0.629 | step_limit
Ep 685 | 드론3 목적지28 |  638스텝 | 배송 28/28 | 재적재  4 | 중계율 0.31 | alpha 0.626 | complete
Ep 686 | 드론4 목적지75 | 1000스텝 | 배송 70/75 | 재적재 11 | 중계율 0.29 | alpha 0.631 | step_limit
Ep 687 | 드론4 목적지56 | 1000스텝 | 배송 55/56 | 재적재  9 | 중계율 0.37 | alpha 0.640 | step_limit
Ep 688 | 드론4 목적지78 | 1000스텝 | 배송 74/78 | 재적재 13 | 중계율 0.29 | alpha 0.637 | step_limit
Ep 689 | 드론3 목적지28 |  481스텝 | 배송 28/28 | 재적재  4 | 중계율 0.17 | alpha 0.638 | complete
Ep 690 | 드론4 목적지46 |  887스텝 | 배송 46/46 | 재적재  8 | 중계율 0.28 | alpha 0.645 | complete
Ep 691 | 드론3 목적지48 | 1000스텝 | 배송 47/48 | 재적재  9 | 중계율 0.32 | alpha 0.652 | step_limit
Ep 692 | 드론3 목적지57 | 1000스텝 | 배송 56/57 | 재적재  9 | 중계율 0.26 | alpha 0.656 | step_limit
Ep 693 | 드론3 목적지71 | 1000스텝 | 배송 67/71 | 재적재 11 | 중계율 0.22 | alpha 0.665 | step_limit
Ep 694 | 드론4 목적지79 |  932스텝 | 배송 79/79 | 재적재 13 | 중계율 0.24 | alpha 0.668 | complete
Ep 695 | 드론4 목적지49 |  627스텝 | 배송 49/49 | 재적재  8 | 중계율 0.16 | alpha 0.667 | complete
Ep 696 | 드론4 목적지52 |  730스텝 | 배송 52/52 | 재적재  9 | 중계율 0.29 | alpha 0.669 | complete
Ep 697 | 드론3 목적지24 |  475스텝 | 배송 24/24 | 재적재  4 | 중계율 0.25 | alpha 0.672 | complete
Ep 698 | 드론4 목적지75 |  854스텝 | 배송 75/75 | 재적재 14 | 중계율 0.19 | alpha 0.681 | complete
Ep 699 | 드론3 목적지66 | 1000스텝 | 배송 60/66 | 재적재 10 | 중계율 0.26 | alpha 0.687 | step_limit
Ep 700 | 드론3 목적지73 | 1000스텝 | 배송 67/73 | 재적재 11 | 중계율 0.24 | alpha 0.684 | step_limit
  [홀드아웃] 배송 40.0±10.0 완주 1.00 스텝 727 점수 130.3 재적재 6.2 2홉+ 0.53 [4/50 1.00·862 | 3/30 1.00·593] | 최고 130.3@ep700 정체 0/8  ← 갱신
Ep 701 | 드론3 목적지53 | 1000스텝 | 배송 49/53 | 재적재  8 | 중계율 0.30 | alpha 0.689 | step_limit
Ep 702 | 드론4 목적지34 |  550스텝 | 배송 34/34 | 재적재  5 | 중계율 0.28 | alpha 0.686 | complete
Ep 703 | 드론4 목적지56 |  718스텝 | 배송 56/56 | 재적재 10 | 중계율 0.21 | alpha 0.681 | complete
Ep 704 | 드론4 목적지34 |  573스텝 | 배송 34/34 | 재적재  3 | 중계율 0.39 | alpha 0.680 | complete
Ep 705 | 드론4 목적지31 |  627스텝 | 배송 31/31 | 재적재  6 | 중계율 0.33 | alpha 0.676 | complete
Ep 706 | 드론3 목적지24 |  341스텝 | 배송 24/24 | 재적재  3 | 중계율 0.17 | alpha 0.672 | complete
Ep 707 | 드론3 목적지67 | 1000스텝 | 배송 59/67 | 재적재 11 | 중계율 0.24 | alpha 0.664 | step_limit
Ep 708 | 드론4 목적지41 |  586스텝 | 배송 41/41 | 재적재  6 | 중계율 0.25 | alpha 0.663 | complete
Ep 709 | 드론3 목적지63 | 1000스텝 | 배송 62/63 | 재적재 11 | 중계율 0.20 | alpha 0.662 | step_limit
Ep 710 | 드론3 목적지51 | 1000스텝 | 배송 47/51 | 재적재  9 | 중계율 0.27 | alpha 0.664 | step_limit
Ep 711 | 드론4 목적지42 |  515스텝 | 배송 42/42 | 재적재  7 | 중계율 0.23 | alpha 0.664 | complete
Ep 712 | 드론3 목적지45 |  907스텝 | 배송 45/45 | 재적재  8 | 중계율 0.33 | alpha 0.669 | complete
Ep 713 | 드론3 목적지30 |  693스텝 | 배송 30/30 | 재적재  5 | 중계율 0.26 | alpha 0.671 | complete
Ep 714 | 드론4 목적지31 |  397스텝 | 배송 31/31 | 재적재  4 | 중계율 0.19 | alpha 0.672 | complete
Ep 715 | 드론4 목적지60 |  733스텝 | 배송 60/60 | 재적재  8 | 중계율 0.28 | alpha 0.674 | complete
Ep 716 | 드론4 목적지20 |  383스텝 | 배송 20/20 | 재적재  1 | 중계율 0.36 | alpha 0.675 | complete
Ep 717 | 드론3 목적지29 |  533스텝 | 배송 29/29 | 재적재  3 | 중계율 0.26 | alpha 0.680 | complete
Ep 718 | 드론3 목적지56 |  863스텝 | 배송 56/56 | 재적재 10 | 중계율 0.20 | alpha 0.683 | complete
Ep 719 | 드론3 목적지26 |  763스텝 | 배송 26/26 | 재적재  3 | 중계율 0.33 | alpha 0.686 | complete
Ep 720 | 드론4 목적지59 |  627스텝 | 배송 59/59 | 재적재  9 | 중계율 0.24 | alpha 0.679 | complete
Ep 721 | 드론4 목적지79 | 1000스텝 | 배송 71/79 | 재적재 12 | 중계율 0.27 | alpha 0.670 | step_limit
Ep 722 | 드론3 목적지35 |  678스텝 | 배송 35/35 | 재적재  5 | 중계율 0.20 | alpha 0.663 | complete
Ep 723 | 드론3 목적지55 | 1000스텝 | 배송 53/55 | 재적재 10 | 중계율 0.26 | alpha 0.641 | step_limit
Ep 724 | 드론4 목적지31 |  460스텝 | 배송 31/31 | 재적재  5 | 중계율 0.29 | alpha 0.632 | complete
Ep 725 | 드론3 목적지42 | 1000스텝 | 배송 41/42 | 재적재  6 | 중계율 0.24 | alpha 0.628 | step_limit
Ep 726 | 드론4 목적지23 |  278스텝 | 배송 23/23 | 재적재  3 | 중계율 0.14 | alpha 0.627 | complete
Ep 727 | 드론3 목적지28 |  808스텝 | 배송 28/28 | 재적재  5 | 중계율 0.37 | alpha 0.627 | complete
Ep 728 | 드론4 목적지56 | 1000스텝 | 배송 54/56 | 재적재  9 | 중계율 0.30 | alpha 0.623 | step_limit
Ep 729 | 드론4 목적지72 |  957스텝 | 배송 72/72 | 재적재 13 | 중계율 0.27 | alpha 0.623 | complete
Ep 730 | 드론3 목적지29 |  655스텝 | 배송 29/29 | 재적재  4 | 중계율 0.34 | alpha 0.619 | complete
Ep 731 | 드론4 목적지45 |  627스텝 | 배송 45/45 | 재적재  7 | 중계율 0.16 | alpha 0.612 | complete
Ep 732 | 드론3 목적지46 |  955스텝 | 배송 46/46 | 재적재  7 | 중계율 0.28 | alpha 0.615 | complete
Ep 733 | 드론3 목적지43 |  973스텝 | 배송 43/43 | 재적재  7 | 중계율 0.28 | alpha 0.620 | complete
Ep 734 | 드론4 목적지26 |  338스텝 | 배송 26/26 | 재적재  3 | 중계율 0.16 | alpha 0.623 | complete
Ep 735 | 드론4 목적지53 |  928스텝 | 배송 53/53 | 재적재  9 | 중계율 0.31 | alpha 0.625 | complete
Ep 736 | 드론3 목적지22 |  567스텝 | 배송 22/22 | 재적재  3 | 중계율 0.28 | alpha 0.622 | complete
Ep 737 | 드론3 목적지72 | 1000스텝 | 배송 61/72 | 재적재 12 | 중계율 0.21 | alpha 0.609 | step_limit
Ep 738 | 드론4 목적지22 |  328스텝 | 배송 22/22 | 재적재  3 | 중계율 0.23 | alpha 0.611 | complete
Ep 739 | 드론4 목적지66 | 1000스텝 | 배송 65/66 | 재적재 10 | 중계율 0.34 | alpha 0.616 | step_limit
Ep 740 | 드론4 목적지27 |  350스텝 | 배송 27/27 | 재적재  4 | 중계율 0.15 | alpha 0.619 | complete
Ep 741 | 드론4 목적지53 |  501스텝 | 배송 53/53 | 재적재  9 | 중계율 0.13 | alpha 0.622 | complete
Ep 742 | 드론3 목적지45 |  606스텝 | 배송 45/45 | 재적재  8 | 중계율 0.16 | alpha 0.620 | complete
Ep 743 | 드론4 목적지51 |  754스텝 | 배송 51/51 | 재적재  8 | 중계율 0.28 | alpha 0.625 | complete
Ep 744 | 드론4 목적지61 | 1000스텝 | 배송 58/61 | 재적재 11 | 중계율 0.27 | alpha 0.636 | step_limit
Ep 745 | 드론3 목적지41 | 1000스텝 | 배송 40/41 | 재적재  6 | 중계율 0.27 | alpha 0.629 | step_limit
Ep 746 | 드론4 목적지72 | 1000스텝 | 배송 71/72 | 재적재 13 | 중계율 0.28 | alpha 0.636 | step_limit
Ep 747 | 드론4 목적지36 |  587스텝 | 배송 36/36 | 재적재  5 | 중계율 0.23 | alpha 0.640 | complete
Ep 748 | 드론4 목적지57 | 1000스텝 | 배송 53/57 | 재적재  9 | 중계율 0.30 | alpha 0.641 | step_limit
Ep 749 | 드론4 목적지43 |  601스텝 | 배송 43/43 | 재적재  7 | 중계율 0.27 | alpha 0.641 | complete
Ep 750 | 드론4 목적지69 |  821스텝 | 배송 69/69 | 재적재 12 | 중계율 0.23 | alpha 0.638 | complete
  [홀드아웃] 배송 40.0±10.0 완주 0.99 스텝 739 점수 128.9 재적재 6.1 2홉+ 0.54 [4/50 0.97·865 | 3/30 1.00·612] | 최고 130.3@ep700 정체 1/8
Ep 751 | 드론4 목적지58 |  977스텝 | 배송 58/58 | 재적재 10 | 중계율 0.32 | alpha 0.634 | complete
Ep 752 | 드론3 목적지75 | 1000스텝 | 배송 65/75 | 재적재 11 | 중계율 0.23 | alpha 0.634 | step_limit
Ep 753 | 드론3 목적지52 | 1000스텝 | 배송 47/52 | 재적재  7 | 중계율 0.29 | alpha 0.636 | step_limit
Ep 754 | 드론4 목적지63 | 1000스텝 | 배송 59/63 | 재적재 10 | 중계율 0.27 | alpha 0.631 | step_limit
Ep 755 | 드론4 목적지23 |  485스텝 | 배송 23/23 | 재적재  3 | 중계율 0.33 | alpha 0.632 | complete
Ep 756 | 드론4 목적지49 |  592스텝 | 배송 49/49 | 재적재  8 | 중계율 0.18 | alpha 0.637 | complete
Ep 757 | 드론4 목적지65 |  953스텝 | 배송 65/65 | 재적재 12 | 중계율 0.27 | alpha 0.638 | complete
Ep 758 | 드론4 목적지61 |  865스텝 | 배송 61/61 | 재적재 10 | 중계율 0.24 | alpha 0.637 | complete
Ep 759 | 드론4 목적지70 | 1000스텝 | 배송 67/70 | 재적재 12 | 중계율 0.25 | alpha 0.638 | step_limit
Ep 760 | 드론3 목적지43 |  685스텝 | 배송 43/43 | 재적재  7 | 중계율 0.26 | alpha 0.648 | complete
Ep 761 | 드론3 목적지40 |  756스텝 | 배송 40/40 | 재적재  6 | 중계율 0.29 | alpha 0.649 | complete
Ep 762 | 드론4 목적지36 |  584스텝 | 배송 36/36 | 재적재  6 | 중계율 0.25 | alpha 0.648 | complete
Ep 763 | 드론3 목적지67 | 1000스텝 | 배송 59/67 | 재적재 11 | 중계율 0.18 | alpha 0.652 | step_limit
Ep 764 | 드론3 목적지21 |  710스텝 | 배송 21/21 | 재적재  3 | 중계율 0.30 | alpha 0.649 | complete
Ep 765 | 드론4 목적지53 |  684스텝 | 배송 53/53 | 재적재 10 | 중계율 0.21 | alpha 0.646 | complete
Ep 766 | 드론4 목적지34 |  515스텝 | 배송 34/34 | 재적재  6 | 중계율 0.24 | alpha 0.648 | complete
Ep 767 | 드론3 목적지42 |  790스텝 | 배송 42/42 | 재적재  7 | 중계율 0.28 | alpha 0.647 | complete
Ep 768 | 드론4 목적지33 |  458스텝 | 배송 33/33 | 재적재  4 | 중계율 0.25 | alpha 0.651 | complete
Ep 769 | 드론4 목적지67 |  989스텝 | 배송 67/67 | 재적재 11 | 중계율 0.30 | alpha 0.663 | complete
Ep 770 | 드론4 목적지40 |  645스텝 | 배송 40/40 | 재적재  6 | 중계율 0.33 | alpha 0.673 | complete
Ep 771 | 드론3 목적지26 |  483스텝 | 배송 26/26 | 재적재  4 | 중계율 0.30 | alpha 0.678 | complete
Ep 772 | 드론3 목적지52 |  789스텝 | 배송 52/52 | 재적재  8 | 중계율 0.24 | alpha 0.679 | complete
Ep 773 | 드론3 목적지69 | 1000스텝 | 배송 60/69 | 재적재 11 | 중계율 0.15 | alpha 0.681 | step_limit
Ep 774 | 드론4 목적지78 |  821스텝 | 배송 78/78 | 재적재 15 | 중계율 0.16 | alpha 0.682 | complete
Ep 775 | 드론3 목적지72 | 1000스텝 | 배송 64/72 | 재적재 12 | 중계율 0.29 | alpha 0.687 | step_limit
Ep 776 | 드론3 목적지60 |  979스텝 | 배송 60/60 | 재적재 10 | 중계율 0.21 | alpha 0.691 | complete
Ep 777 | 드론3 목적지20 |  472스텝 | 배송 20/20 | 재적재  3 | 중계율 0.24 | alpha 0.698 | complete
Ep 778 | 드론4 목적지51 |  766스텝 | 배송 51/51 | 재적재  8 | 중계율 0.27 | alpha 0.704 | complete
Ep 779 | 드론4 목적지51 |  634스텝 | 배송 51/51 | 재적재  9 | 중계율 0.18 | alpha 0.702 | complete
Ep 780 | 드론4 목적지39 |  815스텝 | 배송 39/39 | 재적재  5 | 중계율 0.23 | alpha 0.706 | complete
Ep 781 | 드론4 목적지31 |  587스텝 | 배송 31/31 | 재적재  4 | 중계율 0.32 | alpha 0.699 | complete
Ep 782 | 드론4 목적지69 |  897스텝 | 배송 69/69 | 재적재 12 | 중계율 0.27 | alpha 0.710 | complete
Ep 783 | 드론3 목적지57 |  983스텝 | 배송 57/57 | 재적재 10 | 중계율 0.19 | alpha 0.706 | complete
Ep 784 | 드론3 목적지45 |  789스텝 | 배송 45/45 | 재적재  7 | 중계율 0.16 | alpha 0.693 | complete
Ep 785 | 드론4 목적지39 |  457스텝 | 배송 39/39 | 재적재  6 | 중계율 0.20 | alpha 0.685 | complete
Ep 786 | 드론3 목적지76 | 1000스텝 | 배송 70/76 | 재적재 12 | 중계율 0.19 | alpha 0.682 | step_limit
Ep 787 | 드론4 목적지79 |  937스텝 | 배송 79/79 | 재적재 14 | 중계율 0.24 | alpha 0.689 | complete
Ep 788 | 드론4 목적지75 | 1000스텝 | 배송 70/75 | 재적재 12 | 중계율 0.32 | alpha 0.686 | step_limit
Ep 789 | 드론4 목적지62 |  928스텝 | 배송 62/62 | 재적재 10 | 중계율 0.31 | alpha 0.671 | complete
Ep 790 | 드론3 목적지61 | 1000스텝 | 배송 59/61 | 재적재 11 | 중계율 0.28 | alpha 0.663 | step_limit
Ep 791 | 드론4 목적지71 | 1000스텝 | 배송 69/71 | 재적재 12 | 중계율 0.16 | alpha 0.653 | step_limit
Ep 792 | 드론4 목적지62 |  655스텝 | 배송 62/62 | 재적재 10 | 중계율 0.15 | alpha 0.643 | complete
Ep 793 | 드론3 목적지80 | 1000스텝 | 배송 53/80 | 재적재 10 | 중계율 0.25 | alpha 0.630 | step_limit
Ep 794 | 드론3 목적지26 |  576스텝 | 배송 26/26 | 재적재  4 | 중계율 0.31 | alpha 0.618 | complete
Ep 795 | 드론4 목적지37 |  644스텝 | 배송 37/37 | 재적재  7 | 중계율 0.36 | alpha 0.613 | complete
Ep 796 | 드론4 목적지65 |  825스텝 | 배송 65/65 | 재적재 11 | 중계율 0.25 | alpha 0.604 | complete
Ep 797 | 드론3 목적지25 |  756스텝 | 배송 25/25 | 재적재  4 | 중계율 0.31 | alpha 0.604 | complete
Ep 798 | 드론4 목적지59 |  579스텝 | 배송 59/59 | 재적재 10 | 중계율 0.22 | alpha 0.604 | complete
Ep 799 | 드론3 목적지45 |  920스텝 | 배송 45/45 | 재적재  7 | 중계율 0.28 | alpha 0.614 | complete
Ep 800 | 드론4 목적지24 |  500스텝 | 배송 24/24 | 재적재  3 | 중계율 0.31 | alpha 0.618 | complete
  [홀드아웃] 배송 40.0±10.0 완주 1.00 스텝 771 점수 129.7 재적재 6.1 2홉+ 0.54 [4/50 1.00·894 | 3/30 1.00·648] | 최고 130.3@ep700 정체 2/8
Ep 801 | 드론3 목적지38 | 1000스텝 | 배송 36/38 | 재적재  7 | 중계율 0.36 | alpha 0.623 | step_limit
Ep 802 | 드론3 목적지69 | 1000스텝 | 배송 59/69 | 재적재 10 | 중계율 0.20 | alpha 0.625 | step_limit
Ep 803 | 드론4 목적지47 |  765스텝 | 배송 47/47 | 재적재  7 | 중계율 0.34 | alpha 0.626 | complete
Ep 804 | 드론3 목적지31 |  656스텝 | 배송 31/31 | 재적재  6 | 중계율 0.17 | alpha 0.634 | complete
Ep 805 | 드론4 목적지59 | 1000스텝 | 배송 53/59 | 재적재  9 | 중계율 0.28 | alpha 0.637 | step_limit
Ep 806 | 드론4 목적지53 |  770스텝 | 배송 53/53 | 재적재 10 | 중계율 0.25 | alpha 0.641 | complete
Ep 807 | 드론4 목적지61 |  727스텝 | 배송 61/61 | 재적재 10 | 중계율 0.23 | alpha 0.648 | complete
Ep 808 | 드론4 목적지35 |  515스텝 | 배송 35/35 | 재적재  5 | 중계율 0.16 | alpha 0.652 | complete
Ep 809 | 드론4 목적지23 |  319스텝 | 배송 23/23 | 재적재  3 | 중계율 0.23 | alpha 0.652 | complete
Ep 810 | 드론3 목적지28 |  614스텝 | 배송 28/28 | 재적재  4 | 중계율 0.34 | alpha 0.656 | complete
Ep 811 | 드론4 목적지36 |  490스텝 | 배송 36/36 | 재적재  6 | 중계율 0.25 | alpha 0.654 | complete
Ep 812 | 드론3 목적지48 |  774스텝 | 배송 48/48 | 재적재  7 | 중계율 0.26 | alpha 0.659 | complete
Ep 813 | 드론3 목적지59 |  905스텝 | 배송 59/59 | 재적재 10 | 중계율 0.22 | alpha 0.662 | complete
Ep 814 | 드론3 목적지53 | 1000스텝 | 배송 52/53 | 재적재 10 | 중계율 0.20 | alpha 0.657 | step_limit
Ep 815 | 드론3 목적지26 |  954스텝 | 배송 26/26 | 재적재  4 | 중계율 0.34 | alpha 0.662 | complete
Ep 816 | 드론4 목적지69 |  764스텝 | 배송 69/69 | 재적재 13 | 중계율 0.17 | alpha 0.652 | complete
Ep 817 | 드론4 목적지25 |  345스텝 | 배송 25/25 | 재적재  3 | 중계율 0.33 | alpha 0.649 | complete
Ep 818 | 드론4 목적지30 |  619스텝 | 배송 30/30 | 재적재  4 | 중계율 0.32 | alpha 0.646 | complete
Ep 819 | 드론4 목적지43 |  901스텝 | 배송 43/43 | 재적재  5 | 중계율 0.37 | alpha 0.645 | complete
Ep 820 | 드론3 목적지53 | 1000스텝 | 배송 50/53 | 재적재  9 | 중계율 0.20 | alpha 0.648 | step_limit
Ep 821 | 드론4 목적지78 |  990스텝 | 배송 78/78 | 재적재 14 | 중계율 0.26 | alpha 0.657 | complete
Ep 822 | 드론3 목적지56 | 1000스텝 | 배송 50/56 | 재적재  9 | 중계율 0.29 | alpha 0.663 | step_limit
Ep 823 | 드론3 목적지30 |  700스텝 | 배송 30/30 | 재적재  4 | 중계율 0.30 | alpha 0.666 | complete
Ep 824 | 드론3 목적지47 |  746스텝 | 배송 47/47 | 재적재  9 | 중계율 0.19 | alpha 0.665 | complete
Ep 825 | 드론3 목적지31 |  494스텝 | 배송 31/31 | 재적재  5 | 중계율 0.25 | alpha 0.666 | complete
Ep 826 | 드론3 목적지59 | 1000스텝 | 배송 50/59 | 재적재  8 | 중계율 0.28 | alpha 0.669 | step_limit
Ep 827 | 드론4 목적지54 |  961스텝 | 배송 54/54 | 재적재  8 | 중계율 0.36 | alpha 0.677 | complete
Ep 828 | 드론4 목적지55 |  681스텝 | 배송 55/55 | 재적재 10 | 중계율 0.23 | alpha 0.690 | complete
Ep 829 | 드론3 목적지48 |  837스텝 | 배송 48/48 | 재적재  8 | 중계율 0.25 | alpha 0.694 | complete
Ep 830 | 드론4 목적지61 |  879스텝 | 배송 61/61 | 재적재 11 | 중계율 0.25 | alpha 0.698 | complete
Ep 831 | 드론3 목적지70 | 1000스텝 | 배송 64/70 | 재적재 11 | 중계율 0.24 | alpha 0.699 | step_limit
Ep 832 | 드론4 목적지27 |  568스텝 | 배송 27/27 | 재적재  5 | 중계율 0.29 | alpha 0.690 | complete
Ep 833 | 드론4 목적지30 |  387스텝 | 배송 30/30 | 재적재  4 | 중계율 0.24 | alpha 0.684 | complete
Ep 834 | 드론4 목적지42 |  892스텝 | 배송 42/42 | 재적재  6 | 중계율 0.31 | alpha 0.677 | complete
Ep 835 | 드론3 목적지78 | 1000스텝 | 배송 67/78 | 재적재 12 | 중계율 0.26 | alpha 0.669 | step_limit
Ep 836 | 드론4 목적지53 |  599스텝 | 배송 53/53 | 재적재 10 | 중계율 0.12 | alpha 0.674 | complete
Ep 837 | 드론3 목적지80 | 1000스텝 | 배송 65/80 | 재적재 11 | 중계율 0.25 | alpha 0.672 | step_limit
Ep 838 | 드론4 목적지23 |  304스텝 | 배송 23/23 | 재적재  3 | 중계율 0.16 | alpha 0.675 | complete
Ep 839 | 드론4 목적지63 |  815스텝 | 배송 63/63 | 재적재 11 | 중계율 0.18 | alpha 0.671 | complete
Ep 840 | 드론3 목적지80 | 1000스텝 | 배송 68/80 | 재적재 13 | 중계율 0.21 | alpha 0.660 | step_limit
Ep 841 | 드론3 목적지66 | 1000스텝 | 배송 62/66 | 재적재 10 | 중계율 0.25 | alpha 0.660 | step_limit
Ep 842 | 드론4 목적지30 |  483스텝 | 배송 30/30 | 재적재  4 | 중계율 0.28 | alpha 0.662 | complete
Ep 843 | 드론4 목적지25 |  340스텝 | 배송 25/25 | 재적재  4 | 중계율 0.14 | alpha 0.667 | complete
Ep 844 | 드론4 목적지50 |  697스텝 | 배송 50/50 | 재적재  7 | 중계율 0.31 | alpha 0.669 | complete
Ep 845 | 드론3 목적지79 | 1000스텝 | 배송 60/79 | 재적재 11 | 중계율 0.28 | alpha 0.670 | step_limit
Ep 846 | 드론4 목적지36 |  550스텝 | 배송 36/36 | 재적재  5 | 중계율 0.25 | alpha 0.669 | complete
Ep 847 | 드론3 목적지70 | 1000스텝 | 배송 66/70 | 재적재 11 | 중계율 0.17 | alpha 0.664 | step_limit
Ep 848 | 드론3 목적지28 |  483스텝 | 배송 28/28 | 재적재  5 | 중계율 0.20 | alpha 0.669 | complete
Ep 849 | 드론3 목적지58 |  956스텝 | 배송 58/58 | 재적재 10 | 중계율 0.22 | alpha 0.663 | complete
Ep 850 | 드론4 목적지50 |  819스텝 | 배송 50/50 | 재적재  9 | 중계율 0.30 | alpha 0.668 | complete
  [홀드아웃] 배송 40.0±10.0 완주 1.00 스텝 710 점수 130.5 재적재 6.0 2홉+ 0.54 [4/50 1.00·808 | 3/30 1.00·613] | 최고 130.5@ep850 정체 0/8  ← 갱신
Ep 851 | 드론4 목적지75 | 1000스텝 | 배송 74/75 | 재적재 13 | 중계율 0.21 | alpha 0.668 | step_limit
Ep 852 | 드론4 목적지62 |  934스텝 | 배송 62/62 | 재적재 11 | 중계율 0.24 | alpha 0.654 | complete
Ep 853 | 드론4 목적지36 |  835스텝 | 배송 36/36 | 재적재  6 | 중계율 0.28 | alpha 0.658 | complete
Ep 854 | 드론3 목적지24 |  832스텝 | 배송 24/24 | 재적재  3 | 중계율 0.32 | alpha 0.666 | complete
Ep 855 | 드론4 목적지80 | 1000스텝 | 배송 73/80 | 재적재 13 | 중계율 0.30 | alpha 0.672 | step_limit
Ep 856 | 드론4 목적지33 |  399스텝 | 배송 33/33 | 재적재  5 | 중계율 0.20 | alpha 0.671 | complete
Ep 857 | 드론3 목적지50 | 1000스텝 | 배송 47/50 | 재적재  7 | 중계율 0.28 | alpha 0.673 | step_limit
Ep 858 | 드론4 목적지69 |  792스텝 | 배송 69/69 | 재적재 12 | 중계율 0.24 | alpha 0.682 | complete
Ep 859 | 드론4 목적지76 | 1000스텝 | 배송 72/76 | 재적재 12 | 중계율 0.29 | alpha 0.686 | step_limit
Ep 860 | 드론3 목적지60 | 1000스텝 | 배송 55/60 | 재적재 10 | 중계율 0.27 | alpha 0.686 | step_limit
Ep 861 | 드론4 목적지31 |  395스텝 | 배송 31/31 | 재적재  4 | 중계율 0.18 | alpha 0.687 | complete
Ep 862 | 드론4 목적지24 |  304스텝 | 배송 24/24 | 재적재  3 | 중계율 0.21 | alpha 0.687 | complete
Ep 863 | 드론3 목적지30 |  538스텝 | 배송 30/30 | 재적재  5 | 중계율 0.29 | alpha 0.691 | complete
Ep 864 | 드론3 목적지57 | 1000스텝 | 배송 53/57 | 재적재  9 | 중계율 0.35 | alpha 0.703 | step_limit
Ep 865 | 드론3 목적지43 |  823스텝 | 배송 43/43 | 재적재  7 | 중계율 0.23 | alpha 0.704 | complete
Ep 866 | 드론3 목적지72 | 1000스텝 | 배송 59/72 | 재적재 10 | 중계율 0.28 | alpha 0.713 | step_limit
Ep 867 | 드론4 목적지72 | 1000스텝 | 배송 67/72 | 재적재 10 | 중계율 0.28 | alpha 0.721 | step_limit
Ep 868 | 드론4 목적지34 |  488스텝 | 배송 34/34 | 재적재  4 | 중계율 0.29 | alpha 0.726 | complete
Ep 869 | 드론4 목적지41 |  450스텝 | 배송 41/41 | 재적재  7 | 중계율 0.16 | alpha 0.734 | complete
Ep 870 | 드론4 목적지53 |  975스텝 | 배송 53/53 | 재적재  9 | 중계율 0.33 | alpha 0.733 | complete
Ep 871 | 드론3 목적지57 | 1000스텝 | 배송 55/57 | 재적재 10 | 중계율 0.23 | alpha 0.737 | step_limit
Ep 872 | 드론4 목적지70 | 1000스텝 | 배송 62/70 | 재적재 10 | 중계율 0.34 | alpha 0.740 | step_limit
Ep 873 | 드론3 목적지44 |  808스텝 | 배송 44/44 | 재적재  7 | 중계율 0.25 | alpha 0.736 | complete
Ep 874 | 드론3 목적지72 | 1000스텝 | 배송 63/72 | 재적재 11 | 중계율 0.24 | alpha 0.730 | step_limit
Ep 875 | 드론3 목적지22 |  634스텝 | 배송 22/22 | 재적재  3 | 중계율 0.20 | alpha 0.734 | complete
Ep 876 | 드론4 목적지34 |  731스텝 | 배송 34/34 | 재적재  4 | 중계율 0.34 | alpha 0.733 | complete
Ep 877 | 드론4 목적지24 |  459스텝 | 배송 24/24 | 재적재  2 | 중계율 0.32 | alpha 0.733 | complete
Ep 878 | 드론4 목적지80 | 1000스텝 | 배송 66/80 | 재적재 11 | 중계율 0.26 | alpha 0.727 | step_limit
Ep 879 | 드론4 목적지34 |  462스텝 | 배송 34/34 | 재적재  5 | 중계율 0.22 | alpha 0.728 | complete
Ep 880 | 드론3 목적지51 | 1000스텝 | 배송 46/51 | 재적재  8 | 중계율 0.24 | alpha 0.722 | step_limit
Ep 881 | 드론3 목적지80 | 1000스텝 | 배송 69/80 | 재적재 12 | 중계율 0.16 | alpha 0.716 | step_limit
Ep 882 | 드론4 목적지33 |  506스텝 | 배송 33/33 | 재적재  3 | 중계율 0.31 | alpha 0.713 | complete
Ep 883 | 드론3 목적지63 | 1000스텝 | 배송 60/63 | 재적재 10 | 중계율 0.26 | alpha 0.708 | step_limit
Ep 884 | 드론4 목적지22 |  348스텝 | 배송 22/22 | 재적재  3 | 중계율 0.24 | alpha 0.706 | complete
Ep 885 | 드론3 목적지45 |  856스텝 | 배송 45/45 | 재적재  8 | 중계율 0.24 | alpha 0.712 | complete
Ep 886 | 드론4 목적지44 |  536스텝 | 배송 44/44 | 재적재  8 | 중계율 0.16 | alpha 0.717 | complete
Ep 887 | 드론3 목적지42 |  754스텝 | 배송 42/42 | 재적재  6 | 중계율 0.25 | alpha 0.715 | complete
Ep 888 | 드론4 목적지62 |  863스텝 | 배송 62/62 | 재적재 10 | 중계율 0.28 | alpha 0.714 | complete
Ep 889 | 드론4 목적지73 |  972스텝 | 배송 73/73 | 재적재 13 | 중계율 0.28 | alpha 0.709 | complete
Ep 890 | 드론3 목적지32 |  747스텝 | 배송 32/32 | 재적재  5 | 중계율 0.32 | alpha 0.708 | complete
Ep 891 | 드론3 목적지59 |  867스텝 | 배송 59/59 | 재적재 10 | 중계율 0.19 | alpha 0.710 | complete
Ep 892 | 드론3 목적지55 | 1000스텝 | 배송 44/55 | 재적재  8 | 중계율 0.33 | alpha 0.725 | step_limit
Ep 893 | 드론3 목적지22 |  398스텝 | 배송 22/22 | 재적재  3 | 중계율 0.25 | alpha 0.727 | complete
Ep 894 | 드론4 목적지34 |  643스텝 | 배송 34/34 | 재적재  6 | 중계율 0.33 | alpha 0.725 | complete
Ep 895 | 드론3 목적지36 |  700스텝 | 배송 36/36 | 재적재  6 | 중계율 0.18 | alpha 0.723 | complete
Ep 896 | 드론3 목적지52 |  901스텝 | 배송 52/52 | 재적재  9 | 중계율 0.24 | alpha 0.714 | complete
Ep 897 | 드론3 목적지38 |  554스텝 | 배송 38/38 | 재적재  6 | 중계율 0.18 | alpha 0.714 | complete
Ep 898 | 드론3 목적지28 |  499스텝 | 배송 28/28 | 재적재  4 | 중계율 0.15 | alpha 0.714 | complete
Ep 899 | 드론3 목적지73 |  928스텝 | 배송 73/73 | 재적재 14 | 중계율 0.17 | alpha 0.706 | complete
Ep 900 | 드론4 목적지58 |  858스텝 | 배송 58/58 | 재적재 10 | 중계율 0.28 | alpha 0.715 | complete
  [홀드아웃] 배송 39.4±10.3 완주 0.95 스텝 754 점수 124.9 재적재 6.1 2홉+ 0.54 [4/50 0.93·873 | 3/30 0.97·635] | 최고 130.5@ep850 정체 1/8
Ep 901 | 드론3 목적지20 |  383스텝 | 배송 20/20 | 재적재  3 | 중계율 0.19 | alpha 0.715 | complete
Ep 902 | 드론4 목적지26 |  428스텝 | 배송 26/26 | 재적재  3 | 중계율 0.23 | alpha 0.717 | complete
Ep 903 | 드론4 목적지28 |  480스텝 | 배송 28/28 | 재적재  4 | 중계율 0.23 | alpha 0.717 | complete
Ep 904 | 드론4 목적지74 | 1000스텝 | 배송 71/74 | 재적재 14 | 중계율 0.20 | alpha 0.712 | step_limit
Ep 905 | 드론3 목적지47 |  941스텝 | 배송 47/47 | 재적재  7 | 중계율 0.33 | alpha 0.717 | complete
Ep 906 | 드론4 목적지66 |  901스텝 | 배송 66/66 | 재적재 12 | 중계율 0.29 | alpha 0.722 | complete
Ep 907 | 드론3 목적지33 |  622스텝 | 배송 33/33 | 재적재  5 | 중계율 0.28 | alpha 0.720 | complete
Ep 908 | 드론3 목적지62 | 1000스텝 | 배송 55/62 | 재적재 10 | 중계율 0.27 | alpha 0.714 | step_limit
Ep 909 | 드론4 목적지46 |  875스텝 | 배송 46/46 | 재적재  8 | 중계율 0.30 | alpha 0.713 | complete
Ep 910 | 드론3 목적지47 | 1000스텝 | 배송 46/47 | 재적재  8 | 중계율 0.35 | alpha 0.705 | step_limit
Ep 911 | 드론3 목적지31 |  758스텝 | 배송 31/31 | 재적재  4 | 중계율 0.33 | alpha 0.707 | complete
Ep 912 | 드론4 목적지56 |  745스텝 | 배송 56/56 | 재적재 10 | 중계율 0.27 | alpha 0.713 | complete
Ep 913 | 드론3 목적지20 |  358스텝 | 배송 20/20 | 재적재  3 | 중계율 0.18 | alpha 0.714 | complete
Ep 914 | 드론3 목적지41 |  750스텝 | 배송 41/41 | 재적재  6 | 중계율 0.23 | alpha 0.720 | complete
Ep 915 | 드론3 목적지71 | 1000스텝 | 배송 57/71 | 재적재 11 | 중계율 0.24 | alpha 0.734 | step_limit
Ep 916 | 드론3 목적지68 | 1000스텝 | 배송 62/68 | 재적재 11 | 중계율 0.22 | alpha 0.745 | step_limit
Ep 917 | 드론4 목적지53 |  569스텝 | 배송 53/53 | 재적재  8 | 중계율 0.17 | alpha 0.747 | complete
Ep 918 | 드론3 목적지36 |  686스텝 | 배송 36/36 | 재적재  6 | 중계율 0.27 | alpha 0.740 | complete
Ep 919 | 드론3 목적지54 |  889스텝 | 배송 54/54 | 재적재  9 | 중계율 0.28 | alpha 0.738 | complete
Ep 920 | 드론3 목적지35 |  719스텝 | 배송 35/35 | 재적재  6 | 중계율 0.26 | alpha 0.745 | complete
Ep 921 | 드론3 목적지42 |  771스텝 | 배송 42/42 | 재적재  8 | 중계율 0.23 | alpha 0.745 | complete
Ep 922 | 드론3 목적지41 |  883스텝 | 배송 41/41 | 재적재  7 | 중계율 0.35 | alpha 0.743 | complete
Ep 923 | 드론3 목적지72 | 1000스텝 | 배송 62/72 | 재적재 11 | 중계율 0.27 | alpha 0.741 | step_limit
Ep 924 | 드론3 목적지51 | 1000스텝 | 배송 49/51 | 재적재  9 | 중계율 0.24 | alpha 0.730 | step_limit
Ep 925 | 드론4 목적지70 |  847스텝 | 배송 70/70 | 재적재 13 | 중계율 0.25 | alpha 0.718 | complete
Ep 926 | 드론4 목적지66 | 1000스텝 | 배송 61/66 | 재적재 12 | 중계율 0.31 | alpha 0.710 | step_limit
Ep 927 | 드론4 목적지46 |  861스텝 | 배송 46/46 | 재적재  7 | 중계율 0.35 | alpha 0.709 | complete
Ep 928 | 드론3 목적지66 | 1000스텝 | 배송 59/66 | 재적재 10 | 중계율 0.29 | alpha 0.706 | step_limit
Ep 929 | 드론4 목적지28 |  533스텝 | 배송 28/28 | 재적재  2 | 중계율 0.31 | alpha 0.707 | complete
Ep 930 | 드론4 목적지65 |  935스텝 | 배송 65/65 | 재적재 10 | 중계율 0.28 | alpha 0.711 | complete
Ep 931 | 드론4 목적지56 |  634스텝 | 배송 56/56 | 재적재 10 | 중계율 0.13 | alpha 0.715 | complete
Ep 932 | 드론3 목적지66 | 1000스텝 | 배송 59/66 | 재적재  9 | 중계율 0.30 | alpha 0.720 | step_limit
Ep 933 | 드론3 목적지48 |  832스텝 | 배송 48/48 | 재적재  8 | 중계율 0.24 | alpha 0.712 | complete
Ep 934 | 드론3 목적지36 |  670스텝 | 배송 36/36 | 재적재  7 | 중계율 0.23 | alpha 0.708 | complete
Ep 935 | 드론3 목적지67 | 1000스텝 | 배송 62/67 | 재적재 10 | 중계율 0.25 | alpha 0.709 | step_limit
Ep 936 | 드론3 목적지41 |  978스텝 | 배송 41/41 | 재적재  7 | 중계율 0.31 | alpha 0.721 | complete
Ep 937 | 드론3 목적지77 | 1000스텝 | 배송 68/77 | 재적재 13 | 중계율 0.26 | alpha 0.726 | step_limit
Ep 938 | 드론3 목적지32 |  707스텝 | 배송 32/32 | 재적재  5 | 중계율 0.32 | alpha 0.731 | complete
Ep 939 | 드론4 목적지74 | 1000스텝 | 배송 63/74 | 재적재 11 | 중계율 0.30 | alpha 0.727 | step_limit
Ep 940 | 드론4 목적지46 |  553스텝 | 배송 46/46 | 재적재  9 | 중계율 0.21 | alpha 0.738 | complete
Ep 941 | 드론4 목적지67 | 1000스텝 | 배송 65/67 | 재적재 12 | 중계율 0.30 | alpha 0.744 | step_limit
Ep 942 | 드론4 목적지74 | 1000스텝 | 배송 65/74 | 재적재 12 | 중계율 0.23 | alpha 0.744 | step_limit
Ep 943 | 드론4 목적지47 |  690스텝 | 배송 47/47 | 재적재  7 | 중계율 0.27 | alpha 0.743 | complete
Ep 944 | 드론3 목적지53 |  913스텝 | 배송 53/53 | 재적재 10 | 중계율 0.21 | alpha 0.760 | complete
Ep 945 | 드론4 목적지48 |  834스텝 | 배송 48/48 | 재적재  8 | 중계율 0.34 | alpha 0.765 | complete
Ep 946 | 드론4 목적지21 |  395스텝 | 배송 21/21 | 재적재  3 | 중계율 0.29 | alpha 0.767 | complete
Ep 947 | 드론3 목적지40 |  774스텝 | 배송 40/40 | 재적재  7 | 중계율 0.27 | alpha 0.773 | complete
Ep 948 | 드론3 목적지43 |  616스텝 | 배송 43/43 | 재적재  8 | 중계율 0.17 | alpha 0.773 | complete
Ep 949 | 드론4 목적지51 |  753스텝 | 배송 51/51 | 재적재  8 | 중계율 0.22 | alpha 0.775 | complete
Ep 950 | 드론4 목적지61 |  761스텝 | 배송 61/61 | 재적재 11 | 중계율 0.21 | alpha 0.776 | complete
  [홀드아웃] 배송 39.6±10.0 완주 0.95 스텝 754 점수 124.9 재적재 6.1 2홉+ 0.54 [4/50 0.95·876 | 3/30 0.95·632] | 최고 130.5@ep850 정체 2/8
Ep 951 | 드론3 목적지63 | 1000스텝 | 배송 57/63 | 재적재  9 | 중계율 0.32 | alpha 0.779 | step_limit
Ep 952 | 드론3 목적지77 | 1000스텝 | 배송 73/77 | 재적재 13 | 중계율 0.20 | alpha 0.785 | step_limit
Ep 953 | 드론4 목적지69 | 1000스텝 | 배송 67/69 | 재적재 12 | 중계율 0.26 | alpha 0.792 | step_limit
Ep 954 | 드론3 목적지36 |  654스텝 | 배송 36/36 | 재적재  7 | 중계율 0.22 | alpha 0.790 | complete
Ep 955 | 드론3 목적지34 |  749스텝 | 배송 34/34 | 재적재  6 | 중계율 0.26 | alpha 0.782 | complete
Ep 956 | 드론3 목적지44 |  823스텝 | 배송 44/44 | 재적재  8 | 중계율 0.28 | alpha 0.775 | complete
Ep 957 | 드론3 목적지62 |  979스텝 | 배송 62/62 | 재적재 11 | 중계율 0.18 | alpha 0.759 | complete
Ep 958 | 드론4 목적지31 |  417스텝 | 배송 31/31 | 재적재  3 | 중계율 0.17 | alpha 0.754 | complete
Ep 959 | 드론3 목적지35 |  714스텝 | 배송 35/35 | 재적재  5 | 중계율 0.25 | alpha 0.738 | complete
Ep 960 | 드론3 목적지44 |  906스텝 | 배송 44/44 | 재적재  7 | 중계율 0.27 | alpha 0.721 | complete
Ep 961 | 드론4 목적지72 | 1000스텝 | 배송 64/72 | 재적재 12 | 중계율 0.35 | alpha 0.718 | step_limit
Ep 962 | 드론3 목적지69 | 1000스텝 | 배송 62/69 | 재적재 12 | 중계율 0.28 | alpha 0.719 | step_limit
Ep 963 | 드론3 목적지74 | 1000스텝 | 배송 61/74 | 재적재 10 | 중계율 0.29 | alpha 0.730 | step_limit
Ep 964 | 드론3 목적지55 | 1000스텝 | 배송 54/55 | 재적재 10 | 중계율 0.29 | alpha 0.731 | step_limit
Ep 965 | 드론4 목적지50 |  794스텝 | 배송 50/50 | 재적재  9 | 중계율 0.25 | alpha 0.740 | complete
Ep 966 | 드론4 목적지66 | 1000스텝 | 배송 64/66 | 재적재 12 | 중계율 0.23 | alpha 0.735 | step_limit
Ep 967 | 드론3 목적지23 |  590스텝 | 배송 23/23 | 재적재  3 | 중계율 0.28 | alpha 0.728 | complete
Ep 968 | 드론4 목적지25 |  355스텝 | 배송 25/25 | 재적재  3 | 중계율 0.18 | alpha 0.730 | complete
Ep 969 | 드론3 목적지43 |  891스텝 | 배송 43/43 | 재적재  8 | 중계율 0.30 | alpha 0.721 | complete
Ep 970 | 드론4 목적지21 |  319스텝 | 배송 21/21 | 재적재  2 | 중계율 0.16 | alpha 0.720 | complete
Ep 971 | 드론4 목적지61 |  936스텝 | 배송 61/61 | 재적재 11 | 중계율 0.27 | alpha 0.707 | complete
Ep 972 | 드론4 목적지59 |  892스텝 | 배송 59/59 | 재적재 11 | 중계율 0.19 | alpha 0.708 | complete
Ep 973 | 드론3 목적지24 |  676스텝 | 배송 24/24 | 재적재  3 | 중계율 0.33 | alpha 0.713 | complete
Ep 974 | 드론3 목적지21 |  431스텝 | 배송 21/21 | 재적재  3 | 중계율 0.28 | alpha 0.715 | complete
Ep 975 | 드론3 목적지80 | 1000스텝 | 배송 66/80 | 재적재 13 | 중계율 0.22 | alpha 0.718 | step_limit
Ep 976 | 드론4 목적지25 |  370스텝 | 배송 25/25 | 재적재  3 | 중계율 0.19 | alpha 0.718 | complete
Ep 977 | 드론3 목적지79 | 1000스텝 | 배송 69/79 | 재적재 13 | 중계율 0.22 | alpha 0.718 | step_limit
Ep 978 | 드론3 목적지80 | 1000스텝 | 배송 61/80 | 재적재 11 | 중계율 0.20 | alpha 0.716 | step_limit
Ep 979 | 드론4 목적지40 |  695스텝 | 배송 40/40 | 재적재  7 | 중계율 0.25 | alpha 0.713 | complete
Ep 980 | 드론4 목적지43 |  750스텝 | 배송 43/43 | 재적재  7 | 중계율 0.31 | alpha 0.700 | complete
Ep 981 | 드론4 목적지28 |  627스텝 | 배송 28/28 | 재적재  5 | 중계율 0.37 | alpha 0.701 | complete
Ep 982 | 드론3 목적지48 |  835스텝 | 배송 48/48 | 재적재  9 | 중계율 0.23 | alpha 0.705 | complete
Ep 983 | 드론4 목적지46 |  889스텝 | 배송 46/46 | 재적재  8 | 중계율 0.28 | alpha 0.711 | complete
Ep 984 | 드론4 목적지22 |  432스텝 | 배송 22/22 | 재적재  3 | 중계율 0.28 | alpha 0.712 | complete
Ep 985 | 드론3 목적지56 | 1000스텝 | 배송 55/56 | 재적재 10 | 중계율 0.22 | alpha 0.707 | step_limit
Ep 986 | 드론4 목적지29 |  782스텝 | 배송 29/29 | 재적재  4 | 중계율 0.33 | alpha 0.700 | complete
Ep 987 | 드론4 목적지73 | 1000스텝 | 배송 70/73 | 재적재 13 | 중계율 0.26 | alpha 0.690 | step_limit
Ep 988 | 드론4 목적지32 |  459스텝 | 배송 32/32 | 재적재  4 | 중계율 0.24 | alpha 0.689 | complete
Ep 989 | 드론3 목적지56 |  882스텝 | 배송 56/56 | 재적재 10 | 중계율 0.22 | alpha 0.680 | complete
Ep 990 | 드론4 목적지23 |  547스텝 | 배송 23/23 | 재적재  3 | 중계율 0.31 | alpha 0.679 | complete
Ep 991 | 드론3 목적지69 | 1000스텝 | 배송 59/69 | 재적재 10 | 중계율 0.31 | alpha 0.686 | step_limit
Ep 992 | 드론4 목적지66 |  704스텝 | 배송 66/66 | 재적재 12 | 중계율 0.17 | alpha 0.692 | complete
Ep 993 | 드론4 목적지31 |  650스텝 | 배송 31/31 | 재적재  4 | 중계율 0.21 | alpha 0.699 | complete
Ep 994 | 드론4 목적지56 |  921스텝 | 배송 56/56 | 재적재 10 | 중계율 0.17 | alpha 0.710 | complete
Ep 995 | 드론3 목적지61 | 1000스텝 | 배송 58/61 | 재적재 11 | 중계율 0.23 | alpha 0.713 | step_limit
Ep 996 | 드론3 목적지80 | 1000스텝 | 배송 62/80 | 재적재 11 | 중계율 0.25 | alpha 0.710 | step_limit
Ep 997 | 드론4 목적지42 |  810스텝 | 배송 42/42 | 재적재  8 | 중계율 0.38 | alpha 0.702 | complete
Ep 998 | 드론4 목적지20 |  227스텝 | 배송 20/20 | 재적재  1 | 중계율 0.30 | alpha 0.706 | complete
Ep 999 | 드론3 목적지31 |  683스텝 | 배송 31/31 | 재적재  5 | 중계율 0.27 | alpha 0.712 | complete
Ep 1000 | 드론4 목적지59 |  845스텝 | 배송 59/59 | 재적재  9 | 중계율 0.33 | alpha 0.717 | complete
  [홀드아웃] 배송 39.7±10.0 완주 0.99 스텝 746 점수 128.8 재적재 6.2 2홉+ 0.54 [4/50 0.97·882 | 3/30 1.00·609] | 최고 130.5@ep850 정체 3/8
Training finished. best=130.5 @ ep850
