/home/kopt/enter/envs/wsl_neuroMCTS/lib/python3.10/site-packages/pygame/pkgdata.py:25: UserWarning: pkg_resources is deprecated as an API. See https://setuptools.pypa.io/en/latest/pkg_resources.html. The pkg_resources package is slated for removal as early as 2025-11-30. Refrain from using this package or pin to Setuptools<81.
  from pkg_resources import resource_stream, resource_exists
pygame 2.6.1 (SDL 2.28.4, Python 3.10.19)
Hello from the pygame community. https://www.pygame.org/contribute.html
집합 상위 학습 | 반경 300 상한 1000 무배송 500 gamma 0.997 구성=무작위 드론[3, 4] 목적지[20, 80] CC무작위 인스턴스=무작위 목표유지=off 완주보상=0.0 잔여페널티=0.1 규칙관측=False 규칙정규화=2.0/중계가중치=1.0 막힘페널티=0.0 중계크레딧=0.0/재분배=0.0/드론별보상=False 도달권shaping=0.0 정체전환보상=0.0 엔트로피비=0.6->0.25@400 자기회귀=True 홀드아웃상한=3000 선택=makespan/속도가중치=40.0
/home/kopt/drone/proposed_src/pipeline/train_v5_26_09_15_23.py:411: UserWarning: Converting a tensor with requires_grad=True to a scalar may lead to unexpected behavior.
Consider using tensor.detach() first. (Triggered internally at /pytorch/torch/csrc/autograd/generated/python_variable_methods.cpp:836.)
  writer.add_scalar("train/alpha", float(log_alpha.exp()), ep)
Ep 1 | 드론3 목적지24 | 1000스텝 | 배송 19/24 | 재적재  2 | 중계율 0.27 | alpha 0.100 | step_limit
Ep 2 | 드론4 목적지59 | 1000스텝 | 배송 50/59 | 재적재  8 | 중계율 0.33 | alpha 0.100 | step_limit
Ep 3 | 드론3 목적지31 | 1000스텝 | 배송 25/31 | 재적재  3 | 중계율 0.28 | alpha 0.100 | step_limit
Ep 4 | 드론4 목적지25 | 1000스텝 | 배송 23/25 | 재적재  3 | 중계율 0.29 | alpha 0.100 | step_limit
Ep 5 | 드론4 목적지47 |  888스텝 | 배송 47/47 | 재적재  9 | 중계율 0.28 | alpha 0.101 | complete
Ep 6 | 드론3 목적지37 |  949스텝 | 배송 37/37 | 재적재  6 | 중계율 0.26 | alpha 0.111 | complete
Ep 7 | 드론3 목적지22 |  600스텝 | 배송 22/22 | 재적재  3 | 중계율 0.35 | alpha 0.118 | complete
Ep 8 | 드론4 목적지74 | 1000스텝 | 배송 63/74 | 재적재 11 | 중계율 0.35 | alpha 0.128 | step_limit
Ep 9 | 드론4 목적지69 |  996스텝 | 배송 69/69 | 재적재 12 | 중계율 0.34 | alpha 0.139 | complete
Ep 10 | 드론4 목적지26 |  896스텝 | 배송 26/26 | 재적재  4 | 중계율 0.43 | alpha 0.148 | complete
Ep 11 | 드론3 목적지70 | 1000스텝 | 배송 65/70 | 재적재 11 | 중계율 0.23 | alpha 0.160 | step_limit
Ep 12 | 드론4 목적지53 |  779스텝 | 배송 26/53 | 재적재  2 | 중계율 0.19 | alpha 0.169 | no_progress
Ep 13 | 드론4 목적지70 |  904스텝 | 배송 70/70 | 재적재 12 | 중계율 0.24 | alpha 0.181 | complete
Ep 14 | 드론3 목적지74 | 1000스텝 | 배송 67/74 | 재적재 11 | 중계율 0.20 | alpha 0.195 | step_limit
Ep 15 | 드론4 목적지58 | 1000스텝 | 배송 55/58 | 재적재  8 | 중계율 0.34 | alpha 0.210 | step_limit
Ep 16 | 드론4 목적지21 |  283스텝 | 배송 21/21 | 재적재  3 | 중계율 0.17 | alpha 0.215 | complete
Ep 17 | 드론4 목적지65 |  871스텝 | 배송 65/65 | 재적재 10 | 중계율 0.30 | alpha 0.229 | complete
Ep 18 | 드론4 목적지49 |  699스텝 | 배송 49/49 | 재적재  9 | 중계율 0.26 | alpha 0.241 | complete
Ep 19 | 드론4 목적지28 |  711스텝 | 배송 28/28 | 재적재  3 | 중계율 0.30 | alpha 0.254 | complete
Ep 20 | 드론3 목적지72 | 1000스텝 | 배송 50/72 | 재적재  8 | 중계율 0.23 | alpha 0.274 | step_limit
Ep 21 | 드론4 목적지31 |  386스텝 | 배송 31/31 | 재적재  4 | 중계율 0.20 | alpha 0.282 | complete
Ep 22 | 드론3 목적지23 |  894스텝 | 배송 23/23 | 재적재  2 | 중계율 0.25 | alpha 0.301 | complete
Ep 23 | 드론4 목적지76 |  816스텝 | 배송 76/76 | 재적재 13 | 중계율 0.24 | alpha 0.320 | complete
Ep 24 | 드론4 목적지35 |  395스텝 | 배송 35/35 | 재적재  4 | 중계율 0.22 | alpha 0.329 | complete
Ep 25 | 드론3 목적지58 | 1000스텝 | 배송 40/58 | 재적재  7 | 중계율 0.19 | alpha 0.354 | step_limit
Ep 26 | 드론4 목적지72 |  751스텝 | 배송 72/72 | 재적재 14 | 중계율 0.21 | alpha 0.375 | complete
Ep 27 | 드론3 목적지57 | 1000스텝 | 배송 50/57 | 재적재 10 | 중계율 0.30 | alpha 0.403 | step_limit
Ep 28 | 드론3 목적지28 |  496스텝 | 배송 28/28 | 재적재  5 | 중계율 0.20 | alpha 0.418 | complete
Ep 29 | 드론3 목적지57 | 1000스텝 | 배송 41/57 | 재적재  7 | 중계율 0.19 | alpha 0.449 | step_limit
Ep 30 | 드론3 목적지50 | 1000스텝 | 배송 49/50 | 재적재  9 | 중계율 0.34 | alpha 0.483 | step_limit
Ep 31 | 드론4 목적지76 | 1000스텝 | 배송 73/76 | 재적재 12 | 중계율 0.30 | alpha 0.520 | step_limit
Ep 32 | 드론3 목적지58 | 1000스텝 | 배송 54/58 | 재적재  9 | 중계율 0.26 | alpha 0.559 | step_limit
Ep 33 | 드론3 목적지70 | 1000스텝 | 배송 57/70 | 재적재 10 | 중계율 0.23 | alpha 0.602 | step_limit
Ep 34 | 드론4 목적지33 |  996스텝 | 배송 32/33 | 재적재  5 | 중계율 0.29 | alpha 0.647 | no_progress
Ep 35 | 드론3 목적지58 | 1000스텝 | 배송 56/58 | 재적재 10 | 중계율 0.32 | alpha 0.695 | step_limit
Ep 36 | 드론4 목적지42 |  625스텝 | 배송 42/42 | 재적재  6 | 중계율 0.28 | alpha 0.726 | complete
Ep 37 | 드론3 목적지33 |  756스텝 | 배송 33/33 | 재적재  5 | 중계율 0.29 | alpha 0.766 | complete
Ep 38 | 드론4 목적지21 |  264스텝 | 배송 21/21 | 재적재  1 | 중계율 0.29 | alpha 0.780 | complete
Ep 39 | 드론3 목적지70 | 1000스텝 | 배송 55/70 | 재적재 10 | 중계율 0.30 | alpha 0.837 | step_limit
Ep 40 | 드론3 목적지69 | 1000스텝 | 배송 62/69 | 재적재 12 | 중계율 0.30 | alpha 0.895 | step_limit
Ep 41 | 드론4 목적지25 |  597스텝 | 배송 25/25 | 재적재  4 | 중계율 0.32 | alpha 0.931 | complete
Ep 42 | 드론4 목적지52 | 1000스텝 | 배송 43/52 | 재적재  7 | 중계율 0.33 | alpha 0.996 | step_limit
Ep 43 | 드론4 목적지78 | 1000스텝 | 배송 71/78 | 재적재 12 | 중계율 0.27 | alpha 1.064 | step_limit
Ep 44 | 드론4 목적지27 |  397스텝 | 배송 27/27 | 재적재  4 | 중계율 0.29 | alpha 1.091 | complete
Ep 45 | 드론3 목적지55 | 1000스텝 | 배송 46/55 | 재적재  7 | 중계율 0.30 | alpha 1.165 | step_limit
Ep 46 | 드론4 목적지65 |  969스텝 | 배송 65/65 | 재적재 11 | 중계율 0.32 | alpha 1.240 | complete
Ep 47 | 드론4 목적지67 |  856스텝 | 배송 67/67 | 재적재 12 | 중계율 0.24 | alpha 1.307 | complete
Ep 48 | 드론3 목적지50 |  911스텝 | 배송 50/50 | 재적재  9 | 중계율 0.23 | alpha 1.380 | complete
Ep 49 | 드론3 목적지76 | 1000스텝 | 배송 56/76 | 재적재 10 | 중계율 0.19 | alpha 1.468 | step_limit
Ep 50 | 드론4 목적지73 |  892스텝 | 배송 73/73 | 재적재 12 | 중계율 0.20 | alpha 1.552 | complete
  [홀드아웃] 배송 39.6±10.7 완주 0.97 스텝 844 점수 126.2 재적재 5.9 2홉+ 0.55 [4/50 1.00·920 | 3/30 0.95·768] | 최고 126.2@ep50 정체 0/8  ← 갱신
Ep 51 | 드론4 목적지60 |  740스텝 | 배송 60/60 | 재적재  9 | 중계율 0.29 | alpha 1.624 | complete
Ep 52 | 드론4 목적지61 |  659스텝 | 배송 61/61 | 재적재 11 | 중계율 0.19 | alpha 1.690 | complete
Ep 53 | 드론4 목적지66 |  751스텝 | 배송 66/66 | 재적재 12 | 중계율 0.17 | alpha 1.768 | complete
Ep 54 | 드론3 목적지57 | 1000스텝 | 배송 50/57 | 재적재 10 | 중계율 0.28 | alpha 1.877 | step_limit
Ep 55 | 드론4 목적지74 | 1000스텝 | 배송 65/74 | 재적재 10 | 중계율 0.28 | alpha 1.988 | step_limit
Ep 56 | 드론4 목적지55 | 1000스텝 | 배송 47/55 | 재적재  7 | 중계율 0.29 | alpha 2.102 | step_limit
Ep 57 | 드론4 목적지28 |  418스텝 | 배송 28/28 | 재적재  3 | 중계율 0.21 | alpha 2.151 | complete
Ep 58 | 드론3 목적지47 | 1000스텝 | 배송 46/47 | 재적재  7 | 중계율 0.20 | alpha 2.270 | step_limit
Ep 59 | 드론3 목적지69 | 1000스텝 | 배송 65/69 | 재적재 11 | 중계율 0.22 | alpha 2.389 | step_limit
Ep 60 | 드론3 목적지51 | 1000스텝 | 배송 50/51 | 재적재  9 | 중계율 0.24 | alpha 2.507 | step_limit
Ep 61 | 드론3 목적지69 | 1000스텝 | 배송 57/69 | 재적재  9 | 중계율 0.18 | alpha 2.626 | step_limit
Ep 62 | 드론3 목적지62 |  979스텝 | 배송 62/62 | 재적재 11 | 중계율 0.19 | alpha 2.742 | complete
Ep 63 | 드론3 목적지70 | 1000스텝 | 배송 65/70 | 재적재 11 | 중계율 0.13 | alpha 2.855 | step_limit
Ep 64 | 드론4 목적지43 |  808스텝 | 배송 43/43 | 재적재  7 | 중계율 0.28 | alpha 2.943 | complete
Ep 65 | 드론3 목적지70 | 1000스텝 | 배송 48/70 | 재적재  8 | 중계율 0.20 | alpha 3.031 | step_limit
Ep 66 | 드론3 목적지67 |  969스텝 | 배송 67/67 | 재적재 12 | 중계율 0.17 | alpha 3.102 | complete
Ep 67 | 드론4 목적지30 |  719스텝 | 배송 30/30 | 재적재  4 | 중계율 0.26 | alpha 3.142 | complete
Ep 68 | 드론4 목적지59 |  723스텝 | 배송 59/59 | 재적재 11 | 중계율 0.21 | alpha 3.176 | complete
Ep 69 | 드론4 목적지51 | 1000스텝 | 배송 44/51 | 재적재  6 | 중계율 0.32 | alpha 3.203 | step_limit
Ep 70 | 드론4 목적지24 |  326스텝 | 배송 24/24 | 재적재  3 | 중계율 0.16 | alpha 3.207 | complete
Ep 71 | 드론4 목적지79 | 1000스텝 | 배송 55/79 | 재적재  8 | 중계율 0.28 | alpha 3.217 | step_limit
Ep 72 | 드론3 목적지43 | 1000스텝 | 배송 39/43 | 재적재  7 | 중계율 0.18 | alpha 3.234 | step_limit
Ep 73 | 드론3 목적지54 | 1000스텝 | 배송 45/54 | 재적재  8 | 중계율 0.21 | alpha 3.246 | step_limit
Ep 74 | 드론3 목적지59 | 1000스텝 | 배송 44/59 | 재적재  6 | 중계율 0.25 | alpha 3.252 | step_limit
Ep 75 | 드론3 목적지54 | 1000스텝 | 배송 50/54 | 재적재  8 | 중계율 0.21 | alpha 3.253 | step_limit
Ep 76 | 드론4 목적지74 | 1000스텝 | 배송 63/74 | 재적재 11 | 중계율 0.20 | alpha 3.236 | step_limit
Ep 77 | 드론3 목적지35 |  777스텝 | 배송 35/35 | 재적재  5 | 중계율 0.26 | alpha 3.207 | complete
Ep 78 | 드론4 목적지33 |  665스텝 | 배송 33/33 | 재적재  5 | 중계율 0.17 | alpha 3.192 | complete
Ep 79 | 드론3 목적지78 | 1000스텝 | 배송 60/78 | 재적재 10 | 중계율 0.21 | alpha 3.198 | step_limit
Ep 80 | 드론3 목적지24 |  425스텝 | 배송 24/24 | 재적재  4 | 중계율 0.16 | alpha 3.197 | complete
Ep 81 | 드론4 목적지23 |  538스텝 | 배송 23/23 | 재적재  2 | 중계율 0.33 | alpha 3.200 | complete
Ep 82 | 드론3 목적지26 |  954스텝 | 배송 26/26 | 재적재  3 | 중계율 0.32 | alpha 3.163 | complete
Ep 83 | 드론4 목적지69 |  961스텝 | 배송 69/69 | 재적재 13 | 중계율 0.25 | alpha 3.142 | complete
Ep 84 | 드론3 목적지79 | 1000스텝 | 배송 57/79 | 재적재 10 | 중계율 0.25 | alpha 3.092 | step_limit
Ep 85 | 드론4 목적지46 |  899스텝 | 배송 46/46 | 재적재  8 | 중계율 0.27 | alpha 3.069 | complete
Ep 86 | 드론3 목적지71 | 1000스텝 | 배송 59/71 | 재적재  9 | 중계율 0.21 | alpha 3.016 | step_limit
Ep 87 | 드론3 목적지70 | 1000스텝 | 배송 55/70 | 재적재 10 | 중계율 0.22 | alpha 3.005 | step_limit
Ep 88 | 드론4 목적지37 |  769스텝 | 배송 37/37 | 재적재  6 | 중계율 0.17 | alpha 2.993 | complete
Ep 89 | 드론4 목적지37 |  518스텝 | 배송 37/37 | 재적재  6 | 중계율 0.16 | alpha 2.976 | complete
Ep 90 | 드론4 목적지76 | 1000스텝 | 배송 72/76 | 재적재 13 | 중계율 0.25 | alpha 2.919 | step_limit
Ep 91 | 드론3 목적지48 |  793스텝 | 배송 48/48 | 재적재  9 | 중계율 0.24 | alpha 2.881 | complete
Ep 92 | 드론3 목적지32 | 1000스텝 | 배송 30/32 | 재적재  4 | 중계율 0.19 | alpha 2.837 | step_limit
Ep 93 | 드론3 목적지42 | 1000스텝 | 배송 41/42 | 재적재  7 | 중계율 0.28 | alpha 2.766 | step_limit
Ep 94 | 드론3 목적지74 | 1000스텝 | 배송 69/74 | 재적재 12 | 중계율 0.20 | alpha 2.644 | step_limit
Ep 95 | 드론4 목적지51 | 1000스텝 | 배송 48/51 | 재적재  7 | 중계율 0.15 | alpha 2.631 | step_limit
Ep 96 | 드론3 목적지23 |  534스텝 | 배송 23/23 | 재적재  3 | 중계율 0.23 | alpha 2.661 | complete
Ep 97 | 드론3 목적지53 | 1000스텝 | 배송 48/53 | 재적재  9 | 중계율 0.18 | alpha 2.744 | step_limit
Ep 98 | 드론4 목적지77 | 1000스텝 | 배송 70/77 | 재적재 14 | 중계율 0.28 | alpha 2.756 | step_limit
Ep 99 | 드론4 목적지80 | 1000스텝 | 배송 79/80 | 재적재 13 | 중계율 0.23 | alpha 2.715 | step_limit
Ep 100 | 드론4 목적지46 |  929스텝 | 배송 46/46 | 재적재  8 | 중계율 0.16 | alpha 2.664 | complete
  [홀드아웃] 배송 39.7±10.4 완주 0.96 스텝 953 점수 123.5 재적재 6.2 2홉+ 0.54 [4/50 0.97·1070 | 3/30 0.95·837] | 최고 126.2@ep50 정체 1/8
Ep 101 | 드론4 목적지45 |  531스텝 | 배송 45/45 | 재적재  7 | 중계율 0.19 | alpha 2.621 | complete
Ep 102 | 드론4 목적지70 |  837스텝 | 배송 70/70 | 재적재 12 | 중계율 0.18 | alpha 2.593 | complete
Ep 103 | 드론3 목적지55 | 1000스텝 | 배송 50/55 | 재적재  7 | 중계율 0.22 | alpha 2.607 | step_limit
Ep 104 | 드론4 목적지56 | 1000스텝 | 배송 47/56 | 재적재  8 | 중계율 0.27 | alpha 2.609 | step_limit
Ep 105 | 드론4 목적지34 |  645스텝 | 배송 34/34 | 재적재  4 | 중계율 0.22 | alpha 2.608 | complete
Ep 106 | 드론3 목적지43 |  704스텝 | 배송 43/43 | 재적재  6 | 중계율 0.21 | alpha 2.605 | complete
Ep 107 | 드론3 목적지51 | 1000스텝 | 배송 48/51 | 재적재  8 | 중계율 0.24 | alpha 2.639 | step_limit
Ep 108 | 드론4 목적지75 | 1000스텝 | 배송 66/75 | 재적재 12 | 중계율 0.24 | alpha 2.608 | step_limit
Ep 109 | 드론4 목적지65 |  943스텝 | 배송 65/65 | 재적재 10 | 중계율 0.25 | alpha 2.578 | complete
Ep 110 | 드론3 목적지65 | 1000스텝 | 배송 61/65 | 재적재 11 | 중계율 0.17 | alpha 2.547 | step_limit
Ep 111 | 드론3 목적지34 |  986스텝 | 배송 34/34 | 재적재  6 | 중계율 0.26 | alpha 2.541 | complete
Ep 112 | 드론4 목적지53 | 1000스텝 | 배송 48/53 | 재적재  9 | 중계율 0.25 | alpha 2.574 | step_limit
Ep 113 | 드론3 목적지43 | 1000스텝 | 배송 40/43 | 재적재  7 | 중계율 0.29 | alpha 2.552 | step_limit
Ep 114 | 드론3 목적지60 | 1000스텝 | 배송 49/60 | 재적재  9 | 중계율 0.18 | alpha 2.553 | step_limit
Ep 115 | 드론4 목적지31 |  394스텝 | 배송 31/31 | 재적재  4 | 중계율 0.16 | alpha 2.574 | complete
Ep 116 | 드론4 목적지35 |  737스텝 | 배송 35/35 | 재적재  6 | 중계율 0.25 | alpha 2.556 | complete
Ep 117 | 드론3 목적지46 | 1000스텝 | 배송 45/46 | 재적재  8 | 중계율 0.24 | alpha 2.526 | step_limit
Ep 118 | 드론3 목적지26 |  541스텝 | 배송 26/26 | 재적재  3 | 중계율 0.19 | alpha 2.510 | complete
Ep 119 | 드론3 목적지51 |  931스텝 | 배송 51/51 | 재적재 10 | 중계율 0.24 | alpha 2.449 | complete
Ep 120 | 드론4 목적지52 |  893스텝 | 배송 52/52 | 재적재  9 | 중계율 0.18 | alpha 2.395 | complete
Ep 121 | 드론4 목적지72 | 1000스텝 | 배송 44/72 | 재적재  6 | 중계율 0.35 | alpha 2.365 | step_limit
Ep 122 | 드론4 목적지46 |  474스텝 | 배송 46/46 | 재적재  7 | 중계율 0.12 | alpha 2.349 | complete
Ep 123 | 드론4 목적지55 |  896스텝 | 배송 55/55 | 재적재 10 | 중계율 0.22 | alpha 2.355 | complete
Ep 124 | 드론3 목적지50 | 1000스텝 | 배송 48/50 | 재적재  7 | 중계율 0.30 | alpha 2.364 | step_limit
Ep 125 | 드론3 목적지21 |  625스텝 | 배송 21/21 | 재적재  3 | 중계율 0.32 | alpha 2.369 | complete
Ep 126 | 드론3 목적지24 |  945스텝 | 배송 24/24 | 재적재  4 | 중계율 0.28 | alpha 2.392 | complete
Ep 127 | 드론3 목적지71 | 1000스텝 | 배송 55/71 | 재적재 10 | 중계율 0.25 | alpha 2.411 | step_limit
Ep 128 | 드론4 목적지64 | 1000스텝 | 배송 61/64 | 재적재  9 | 중계율 0.24 | alpha 2.425 | step_limit
Ep 129 | 드론4 목적지52 |  466스텝 | 배송 52/52 | 재적재  9 | 중계율 0.14 | alpha 2.444 | complete
Ep 130 | 드론4 목적지30 |  388스텝 | 배송 30/30 | 재적재  5 | 중계율 0.17 | alpha 2.432 | complete
Ep 131 | 드론3 목적지57 | 1000스텝 | 배송 56/57 | 재적재 10 | 중계율 0.19 | alpha 2.403 | step_limit
Ep 132 | 드론3 목적지48 |  860스텝 | 배송 48/48 | 재적재  8 | 중계율 0.21 | alpha 2.346 | complete
Ep 133 | 드론3 목적지23 |  513스텝 | 배송 23/23 | 재적재  3 | 중계율 0.25 | alpha 2.316 | complete
Ep 134 | 드론3 목적지51 | 1000스텝 | 배송 47/51 | 재적재  8 | 중계율 0.22 | alpha 2.306 | step_limit
Ep 135 | 드론4 목적지43 |  558스텝 | 배송 43/43 | 재적재  7 | 중계율 0.20 | alpha 2.301 | complete
Ep 136 | 드론4 목적지20 |  315스텝 | 배송 20/20 | 재적재  2 | 중계율 0.21 | alpha 2.291 | complete
Ep 137 | 드론4 목적지56 | 1000스텝 | 배송 52/56 | 재적재  9 | 중계율 0.31 | alpha 2.279 | step_limit
Ep 138 | 드론4 목적지33 |  376스텝 | 배송 33/33 | 재적재  5 | 중계율 0.21 | alpha 2.271 | complete
Ep 139 | 드론4 목적지22 |  516스텝 | 배송 22/22 | 재적재  3 | 중계율 0.28 | alpha 2.261 | complete
Ep 140 | 드론3 목적지66 | 1000스텝 | 배송 64/66 | 재적재 11 | 중계율 0.16 | alpha 2.248 | step_limit
Ep 141 | 드론3 목적지30 |  675스텝 | 배송 30/30 | 재적재  5 | 중계율 0.25 | alpha 2.258 | complete
Ep 142 | 드론3 목적지53 | 1000스텝 | 배송 52/53 | 재적재  9 | 중계율 0.18 | alpha 2.239 | step_limit
Ep 143 | 드론4 목적지53 |  586스텝 | 배송 53/53 | 재적재  9 | 중계율 0.19 | alpha 2.260 | complete
Ep 144 | 드론3 목적지61 | 1000스텝 | 배송 51/61 | 재적재  9 | 중계율 0.23 | alpha 2.248 | step_limit
Ep 145 | 드론3 목적지28 |  636스텝 | 배송 28/28 | 재적재  4 | 중계율 0.23 | alpha 2.209 | complete
Ep 146 | 드론4 목적지45 |  831스텝 | 배송 45/45 | 재적재  6 | 중계율 0.29 | alpha 2.184 | complete
Ep 147 | 드론3 목적지50 | 1000스텝 | 배송 42/50 | 재적재  7 | 중계율 0.24 | alpha 2.192 | step_limit
Ep 148 | 드론3 목적지60 | 1000스텝 | 배송 54/60 | 재적재  9 | 중계율 0.25 | alpha 2.164 | step_limit
Ep 149 | 드론4 목적지61 |  914스텝 | 배송 61/61 | 재적재  9 | 중계율 0.24 | alpha 2.161 | complete
Ep 150 | 드론4 목적지78 | 1000스텝 | 배송 75/78 | 재적재 13 | 중계율 0.21 | alpha 2.144 | step_limit
  [홀드아웃] 배송 40.0±10.0 완주 1.00 스텝 853 점수 128.6 재적재 6.2 2홉+ 0.56 [4/50 1.00·984 | 3/30 1.00·722] | 최고 128.6@ep150 정체 0/8  ← 갱신
Ep 151 | 드론4 목적지55 |  826스텝 | 배송 55/55 | 재적재  9 | 중계율 0.21 | alpha 2.129 | complete
Ep 152 | 드론3 목적지62 | 1000스텝 | 배송 57/62 | 재적재 10 | 중계율 0.20 | alpha 2.106 | step_limit
Ep 153 | 드론3 목적지51 | 1000스텝 | 배송 45/51 | 재적재  7 | 중계율 0.30 | alpha 2.114 | step_limit
Ep 154 | 드론4 목적지45 |  636스텝 | 배송 45/45 | 재적재  6 | 중계율 0.27 | alpha 2.105 | complete
Ep 155 | 드론4 목적지28 |  645스텝 | 배송 28/28 | 재적재  4 | 중계율 0.33 | alpha 2.096 | complete
Ep 156 | 드론4 목적지28 |  678스텝 | 배송 28/28 | 재적재  4 | 중계율 0.33 | alpha 2.074 | complete
Ep 157 | 드론3 목적지31 |  507스텝 | 배송 31/31 | 재적재  4 | 중계율 0.19 | alpha 2.052 | complete
Ep 158 | 드론3 목적지46 | 1000스텝 | 배송 43/46 | 재적재  7 | 중계율 0.27 | alpha 2.055 | step_limit
Ep 159 | 드론3 목적지23 |  674스텝 | 배송 23/23 | 재적재  3 | 중계율 0.24 | alpha 2.081 | complete
Ep 160 | 드론4 목적지26 |  401스텝 | 배송 26/26 | 재적재  3 | 중계율 0.21 | alpha 2.081 | complete
Ep 161 | 드론3 목적지47 |  887스텝 | 배송 47/47 | 재적재  8 | 중계율 0.23 | alpha 2.068 | complete
Ep 162 | 드론4 목적지60 |  800스텝 | 배송 60/60 | 재적재 10 | 중계율 0.23 | alpha 2.076 | complete
Ep 163 | 드론3 목적지34 |  893스텝 | 배송 34/34 | 재적재  6 | 중계율 0.30 | alpha 2.081 | complete
Ep 164 | 드론4 목적지72 | 1000스텝 | 배송 65/72 | 재적재 10 | 중계율 0.30 | alpha 2.078 | step_limit
Ep 165 | 드론3 목적지41 |  954스텝 | 배송 41/41 | 재적재  6 | 중계율 0.29 | alpha 2.051 | complete
Ep 166 | 드론3 목적지26 |  851스텝 | 배송 26/26 | 재적재  4 | 중계율 0.34 | alpha 2.033 | complete
Ep 167 | 드론4 목적지58 | 1000스텝 | 배송 57/58 | 재적재 11 | 중계율 0.24 | alpha 2.010 | step_limit
Ep 168 | 드론3 목적지31 | 1000스텝 | 배송 30/31 | 재적재  4 | 중계율 0.36 | alpha 1.959 | step_limit
Ep 169 | 드론3 목적지78 | 1000스텝 | 배송 61/78 | 재적재 11 | 중계율 0.24 | alpha 1.922 | step_limit
Ep 170 | 드론3 목적지76 | 1000스텝 | 배송 61/76 | 재적재 11 | 중계율 0.19 | alpha 1.931 | step_limit
Ep 171 | 드론3 목적지63 | 1000스텝 | 배송 56/63 | 재적재 10 | 중계율 0.22 | alpha 1.900 | step_limit
Ep 172 | 드론4 목적지21 |  778스텝 | 배송 21/21 | 재적재  2 | 중계율 0.34 | alpha 1.912 | complete
Ep 173 | 드론3 목적지50 | 1000스텝 | 배송 45/50 | 재적재  8 | 중계율 0.26 | alpha 1.924 | step_limit
Ep 174 | 드론3 목적지65 | 1000스텝 | 배송 61/65 | 재적재 11 | 중계율 0.23 | alpha 1.939 | step_limit
Ep 175 | 드론3 목적지75 | 1000스텝 | 배송 65/75 | 재적재 11 | 중계율 0.21 | alpha 1.945 | step_limit
Ep 176 | 드론3 목적지69 | 1000스텝 | 배송 60/69 | 재적재 10 | 중계율 0.22 | alpha 1.980 | step_limit
Ep 177 | 드론4 목적지47 |  933스텝 | 배송 47/47 | 재적재  8 | 중계율 0.29 | alpha 1.960 | complete
Ep 178 | 드론4 목적지45 |  880스텝 | 배송 45/45 | 재적재  8 | 중계율 0.30 | alpha 1.978 | complete
Ep 179 | 드론3 목적지36 |  965스텝 | 배송 36/36 | 재적재  5 | 중계율 0.33 | alpha 1.981 | complete
Ep 180 | 드론4 목적지54 |  770스텝 | 배송 54/54 | 재적재 10 | 중계율 0.17 | alpha 1.949 | complete
Ep 181 | 드론4 목적지41 |  792스텝 | 배송 41/41 | 재적재  7 | 중계율 0.25 | alpha 1.930 | complete
Ep 182 | 드론3 목적지23 |  816스텝 | 배송 23/23 | 재적재  4 | 중계율 0.28 | alpha 1.949 | complete
Ep 183 | 드론3 목적지70 | 1000스텝 | 배송 68/70 | 재적재 12 | 중계율 0.16 | alpha 1.916 | step_limit
Ep 184 | 드론3 목적지76 | 1000스텝 | 배송 52/76 | 재적재  9 | 중계율 0.19 | alpha 1.948 | step_limit
Ep 185 | 드론4 목적지46 |  600스텝 | 배송 46/46 | 재적재  7 | 중계율 0.22 | alpha 1.958 | complete
Ep 186 | 드론4 목적지35 |  768스텝 | 배송 35/35 | 재적재  6 | 중계율 0.29 | alpha 1.950 | complete
Ep 187 | 드론3 목적지48 |  779스텝 | 배송 48/48 | 재적재  9 | 중계율 0.16 | alpha 1.970 | complete
Ep 188 | 드론4 목적지51 |  664스텝 | 배송 51/51 | 재적재  9 | 중계율 0.23 | alpha 1.965 | complete
Ep 189 | 드론3 목적지68 | 1000스텝 | 배송 53/68 | 재적재 10 | 중계율 0.23 | alpha 1.930 | step_limit
Ep 190 | 드론4 목적지71 |  937스텝 | 배송 71/71 | 재적재 13 | 중계율 0.21 | alpha 1.933 | complete
Ep 191 | 드론3 목적지64 | 1000스텝 | 배송 57/64 | 재적재 10 | 중계율 0.19 | alpha 1.881 | step_limit
Ep 192 | 드론4 목적지71 | 1000스텝 | 배송 57/71 | 재적재 10 | 중계율 0.30 | alpha 1.874 | step_limit
Ep 193 | 드론4 목적지80 | 1000스텝 | 배송 70/80 | 재적재 12 | 중계율 0.23 | alpha 1.865 | step_limit
Ep 194 | 드론3 목적지61 | 1000스텝 | 배송 57/61 | 재적재  9 | 중계율 0.20 | alpha 1.860 | step_limit
Ep 195 | 드론3 목적지34 |  551스텝 | 배송 34/34 | 재적재  6 | 중계율 0.23 | alpha 1.868 | complete
Ep 196 | 드론4 목적지27 |  455스텝 | 배송 27/27 | 재적재  3 | 중계율 0.25 | alpha 1.882 | complete
Ep 197 | 드론3 목적지51 |  847스텝 | 배송 51/51 | 재적재  8 | 중계율 0.22 | alpha 1.850 | complete
Ep 198 | 드론4 목적지50 |  635스텝 | 배송 50/50 | 재적재  8 | 중계율 0.23 | alpha 1.850 | complete
Ep 199 | 드론4 목적지28 |  380스텝 | 배송 28/28 | 재적재  4 | 중계율 0.22 | alpha 1.845 | complete
Ep 200 | 드론3 목적지65 | 1000스텝 | 배송 58/65 | 재적재 11 | 중계율 0.20 | alpha 1.820 | step_limit
  [홀드아웃] 배송 40.0±10.0 완주 0.99 스텝 829 점수 127.7 재적재 6.0 2홉+ 0.56 [4/50 0.97·953 | 3/30 1.00·705] | 최고 128.6@ep150 정체 1/8
Ep 201 | 드론3 목적지39 | 1000스텝 | 배송 37/39 | 재적재  6 | 중계율 0.37 | alpha 1.802 | step_limit
Ep 202 | 드론4 목적지33 |  446스텝 | 배송 33/33 | 재적재  4 | 중계율 0.22 | alpha 1.790 | complete
Ep 203 | 드론3 목적지61 | 1000스텝 | 배송 50/61 | 재적재  8 | 중계율 0.27 | alpha 1.785 | step_limit
Ep 204 | 드론4 목적지33 |  418스텝 | 배송 33/33 | 재적재  5 | 중계율 0.20 | alpha 1.773 | complete
Ep 205 | 드론3 목적지59 | 1000스텝 | 배송 57/59 | 재적재 10 | 중계율 0.19 | alpha 1.753 | step_limit
Ep 206 | 드론3 목적지39 |  981스텝 | 배송 39/39 | 재적재  7 | 중계율 0.29 | alpha 1.778 | complete
Ep 207 | 드론4 목적지56 |  840스텝 | 배송 56/56 | 재적재  9 | 중계율 0.27 | alpha 1.761 | complete
Ep 208 | 드론4 목적지23 |  443스텝 | 배송 23/23 | 재적재  4 | 중계율 0.21 | alpha 1.753 | complete
Ep 209 | 드론4 목적지63 |  715스텝 | 배송 63/63 | 재적재 11 | 중계율 0.21 | alpha 1.714 | complete
Ep 210 | 드론3 목적지67 | 1000스텝 | 배송 50/67 | 재적재  9 | 중계율 0.25 | alpha 1.682 | step_limit
Ep 211 | 드론4 목적지38 |  702스텝 | 배송 38/38 | 재적재  6 | 중계율 0.33 | alpha 1.661 | complete
Ep 212 | 드론3 목적지45 |  676스텝 | 배송 45/45 | 재적재  7 | 중계율 0.19 | alpha 1.671 | complete
Ep 213 | 드론3 목적지45 |  902스텝 | 배송 45/45 | 재적재  7 | 중계율 0.20 | alpha 1.650 | complete
Ep 214 | 드론3 목적지63 | 1000스텝 | 배송 55/63 | 재적재 11 | 중계율 0.27 | alpha 1.675 | step_limit
Ep 215 | 드론3 목적지26 |  619스텝 | 배송 26/26 | 재적재  4 | 중계율 0.27 | alpha 1.654 | complete
Ep 216 | 드론4 목적지77 | 1000스텝 | 배송 51/77 | 재적재  9 | 중계율 0.31 | alpha 1.674 | step_limit
Ep 217 | 드론3 목적지63 | 1000스텝 | 배송 46/63 | 재적재  8 | 중계율 0.20 | alpha 1.665 | step_limit
Ep 218 | 드론3 목적지65 | 1000스텝 | 배송 56/65 | 재적재 11 | 중계율 0.26 | alpha 1.654 | step_limit
Ep 219 | 드론4 목적지57 |  690스텝 | 배송 57/57 | 재적재 10 | 중계율 0.21 | alpha 1.667 | complete
Ep 220 | 드론4 목적지57 |  791스텝 | 배송 57/57 | 재적재  9 | 중계율 0.27 | alpha 1.670 | complete
Ep 221 | 드론3 목적지72 | 1000스텝 | 배송 61/72 | 재적재 12 | 중계율 0.23 | alpha 1.700 | step_limit
Ep 222 | 드론3 목적지74 | 1000스텝 | 배송 62/74 | 재적재 11 | 중계율 0.21 | alpha 1.707 | step_limit
Ep 223 | 드론3 목적지58 |  862스텝 | 배송 58/58 | 재적재 10 | 중계율 0.21 | alpha 1.718 | complete
Ep 224 | 드론4 목적지56 |  860스텝 | 배송 56/56 | 재적재  9 | 중계율 0.25 | alpha 1.710 | complete
Ep 225 | 드론4 목적지62 |  579스텝 | 배송 62/62 | 재적재 10 | 중계율 0.17 | alpha 1.684 | complete
Ep 226 | 드론3 목적지26 |  486스텝 | 배송 26/26 | 재적재  5 | 중계율 0.24 | alpha 1.672 | complete
Ep 227 | 드론3 목적지76 | 1000스텝 | 배송 65/76 | 재적재 12 | 중계율 0.19 | alpha 1.644 | step_limit
Ep 228 | 드론4 목적지51 | 1000스텝 | 배송 48/51 | 재적재  9 | 중계율 0.27 | alpha 1.639 | step_limit
Ep 229 | 드론4 목적지64 |  910스텝 | 배송 64/64 | 재적재 11 | 중계율 0.23 | alpha 1.639 | complete
Ep 230 | 드론4 목적지33 |  668스텝 | 배송 33/33 | 재적재  5 | 중계율 0.30 | alpha 1.647 | complete
Ep 231 | 드론3 목적지22 |  609스텝 | 배송 22/22 | 재적재  3 | 중계율 0.32 | alpha 1.639 | complete
Ep 232 | 드론4 목적지71 | 1000스텝 | 배송 57/71 | 재적재  9 | 중계율 0.31 | alpha 1.610 | step_limit
Ep 233 | 드론4 목적지60 |  989스텝 | 배송 60/60 | 재적재 11 | 중계율 0.23 | alpha 1.597 | complete
Ep 234 | 드론4 목적지45 |  588스텝 | 배송 45/45 | 재적재  8 | 중계율 0.19 | alpha 1.596 | complete
Ep 235 | 드론4 목적지29 |  437스텝 | 배송 29/29 | 재적재  4 | 중계율 0.25 | alpha 1.583 | complete
Ep 236 | 드론3 목적지44 | 1000스텝 | 배송 41/44 | 재적재  7 | 중계율 0.29 | alpha 1.547 | step_limit
Ep 237 | 드론3 목적지26 |  521스텝 | 배송 26/26 | 재적재  4 | 중계율 0.22 | alpha 1.554 | complete
Ep 238 | 드론4 목적지67 | 1000스텝 | 배송 62/67 | 재적재 10 | 중계율 0.28 | alpha 1.526 | step_limit
Ep 239 | 드론3 목적지63 | 1000스텝 | 배송 55/63 | 재적재  8 | 중계율 0.27 | alpha 1.492 | step_limit
Ep 240 | 드론4 목적지36 |  608스텝 | 배송 36/36 | 재적재  5 | 중계율 0.31 | alpha 1.469 | complete
Ep 241 | 드론4 목적지64 | 1000스텝 | 배송 54/64 | 재적재  8 | 중계율 0.30 | alpha 1.480 | step_limit
Ep 242 | 드론3 목적지52 | 1000스텝 | 배송 46/52 | 재적재  7 | 중계율 0.31 | alpha 1.468 | step_limit
Ep 243 | 드론4 목적지40 |  435스텝 | 배송 40/40 | 재적재  5 | 중계율 0.19 | alpha 1.466 | complete
Ep 244 | 드론4 목적지32 |  585스텝 | 배송 32/32 | 재적재  5 | 중계율 0.31 | alpha 1.467 | complete
Ep 245 | 드론3 목적지35 |  821스텝 | 배송 35/35 | 재적재  5 | 중계율 0.30 | alpha 1.485 | complete
Ep 246 | 드론3 목적지69 | 1000스텝 | 배송 68/69 | 재적재 13 | 중계율 0.21 | alpha 1.471 | step_limit
Ep 247 | 드론4 목적지26 |  588스텝 | 배송 26/26 | 재적재  3 | 중계율 0.34 | alpha 1.477 | complete
Ep 248 | 드론4 목적지27 |  483스텝 | 배송 27/27 | 재적재  4 | 중계율 0.32 | alpha 1.472 | complete
Ep 249 | 드론3 목적지52 | 1000스텝 | 배송 46/52 | 재적재  7 | 중계율 0.25 | alpha 1.454 | step_limit
Ep 250 | 드론4 목적지57 |  821스텝 | 배송 57/57 | 재적재 10 | 중계율 0.29 | alpha 1.430 | complete
  [홀드아웃] 배송 39.8±10.3 완주 0.97 스텝 782 점수 127.1 재적재 6.2 2홉+ 0.55 [4/50 1.00·890 | 3/30 0.95·673] | 최고 128.6@ep150 정체 2/8
Ep 251 | 드론4 목적지61 | 1000스텝 | 배송 59/61 | 재적재  9 | 중계율 0.28 | alpha 1.396 | step_limit
Ep 252 | 드론4 목적지30 |  483스텝 | 배송 30/30 | 재적재  4 | 중계율 0.21 | alpha 1.382 | complete
Ep 253 | 드론4 목적지65 | 1000스텝 | 배송 62/65 | 재적재 12 | 중계율 0.31 | alpha 1.352 | step_limit
Ep 254 | 드론3 목적지65 | 1000스텝 | 배송 54/65 | 재적재 10 | 중계율 0.18 | alpha 1.333 | step_limit
Ep 255 | 드론4 목적지47 |  562스텝 | 배송 47/47 | 재적재  7 | 중계율 0.22 | alpha 1.330 | complete
Ep 256 | 드론4 목적지55 | 1000스텝 | 배송 51/55 | 재적재  8 | 중계율 0.30 | alpha 1.325 | step_limit
Ep 257 | 드론3 목적지34 |  725스텝 | 배송 34/34 | 재적재  6 | 중계율 0.21 | alpha 1.320 | complete
Ep 258 | 드론4 목적지59 |  795스텝 | 배송 59/59 | 재적재 10 | 중계율 0.22 | alpha 1.288 | complete
Ep 259 | 드론4 목적지59 |  630스텝 | 배송 59/59 | 재적재  9 | 중계율 0.24 | alpha 1.275 | complete
Ep 260 | 드론4 목적지23 |  374스텝 | 배송 23/23 | 재적재  2 | 중계율 0.27 | alpha 1.269 | complete
Ep 261 | 드론4 목적지72 | 1000스텝 | 배송 65/72 | 재적재 10 | 중계율 0.32 | alpha 1.269 | step_limit
Ep 262 | 드론3 목적지32 | 1000스텝 | 배송 31/32 | 재적재  5 | 중계율 0.34 | alpha 1.261 | step_limit
Ep 263 | 드론3 목적지58 | 1000스텝 | 배송 56/58 | 재적재 10 | 중계율 0.21 | alpha 1.280 | step_limit
Ep 264 | 드론3 목적지35 |  937스텝 | 배송 35/35 | 재적재  6 | 중계율 0.23 | alpha 1.298 | complete
Ep 265 | 드론4 목적지80 |  899스텝 | 배송 80/80 | 재적재 15 | 중계율 0.18 | alpha 1.278 | complete
Ep 266 | 드론4 목적지40 |  637스텝 | 배송 40/40 | 재적재  7 | 중계율 0.22 | alpha 1.273 | complete
Ep 267 | 드론3 목적지47 | 1000스텝 | 배송 45/47 | 재적재  8 | 중계율 0.27 | alpha 1.248 | step_limit
Ep 268 | 드론4 목적지39 |  684스텝 | 배송 39/39 | 재적재  6 | 중계율 0.26 | alpha 1.240 | complete
Ep 269 | 드론4 목적지53 |  809스텝 | 배송 53/53 | 재적재  8 | 중계율 0.26 | alpha 1.216 | complete
Ep 270 | 드론4 목적지36 |  697스텝 | 배송 36/36 | 재적재  6 | 중계율 0.25 | alpha 1.216 | complete
Ep 271 | 드론3 목적지71 | 1000스텝 | 배송 68/71 | 재적재 12 | 중계율 0.22 | alpha 1.186 | step_limit
Ep 272 | 드론4 목적지64 | 1000스텝 | 배송 62/64 | 재적재 10 | 중계율 0.32 | alpha 1.192 | step_limit
Ep 273 | 드론3 목적지65 | 1000스텝 | 배송 59/65 | 재적재 10 | 중계율 0.21 | alpha 1.201 | step_limit
Ep 274 | 드론3 목적지25 |  622스텝 | 배송 25/25 | 재적재  4 | 중계율 0.25 | alpha 1.205 | complete
Ep 275 | 드론4 목적지78 | 1000스텝 | 배송 74/78 | 재적재 14 | 중계율 0.27 | alpha 1.178 | step_limit
Ep 276 | 드론3 목적지23 |  412스텝 | 배송 23/23 | 재적재  3 | 중계율 0.20 | alpha 1.175 | complete
Ep 277 | 드론4 목적지74 | 1000스텝 | 배송 72/74 | 재적재 14 | 중계율 0.26 | alpha 1.180 | step_limit
Ep 278 | 드론4 목적지61 | 1000스텝 | 배송 56/61 | 재적재 10 | 중계율 0.32 | alpha 1.194 | step_limit
Ep 279 | 드론4 목적지68 |  882스텝 | 배송 68/68 | 재적재 13 | 중계율 0.25 | alpha 1.183 | complete
Ep 280 | 드론3 목적지63 | 1000스텝 | 배송 56/63 | 재적재  9 | 중계율 0.18 | alpha 1.184 | step_limit
Ep 281 | 드론4 목적지36 |  565스텝 | 배송 36/36 | 재적재  6 | 중계율 0.18 | alpha 1.174 | complete
Ep 282 | 드론3 목적지69 | 1000스텝 | 배송 60/69 | 재적재 11 | 중계율 0.21 | alpha 1.162 | step_limit
Ep 283 | 드론3 목적지26 |  753스텝 | 배송 26/26 | 재적재  4 | 중계율 0.31 | alpha 1.153 | complete
Ep 284 | 드론4 목적지42 |  653스텝 | 배송 42/42 | 재적재  6 | 중계율 0.23 | alpha 1.137 | complete
Ep 285 | 드론3 목적지22 |  480스텝 | 배송 22/22 | 재적재  3 | 중계율 0.28 | alpha 1.134 | complete
Ep 286 | 드론3 목적지22 |  537스텝 | 배송 22/22 | 재적재  3 | 중계율 0.21 | alpha 1.116 | complete
Ep 287 | 드론3 목적지44 |  841스텝 | 배송 44/44 | 재적재  7 | 중계율 0.23 | alpha 1.106 | complete
Ep 288 | 드론4 목적지35 |  429스텝 | 배송 35/35 | 재적재  5 | 중계율 0.20 | alpha 1.108 | complete
Ep 289 | 드론3 목적지29 |  616스텝 | 배송 29/29 | 재적재  4 | 중계율 0.18 | alpha 1.107 | complete
Ep 290 | 드론3 목적지32 |  677스텝 | 배송 32/32 | 재적재  5 | 중계율 0.23 | alpha 1.098 | complete
Ep 291 | 드론3 목적지37 |  712스텝 | 배송 37/37 | 재적재  6 | 중계율 0.25 | alpha 1.097 | complete
Ep 292 | 드론3 목적지69 | 1000스텝 | 배송 55/69 | 재적재 10 | 중계율 0.22 | alpha 1.114 | step_limit
Ep 293 | 드론4 목적지57 |  824스텝 | 배송 57/57 | 재적재 10 | 중계율 0.26 | alpha 1.127 | complete
Ep 294 | 드론4 목적지78 |  876스텝 | 배송 78/78 | 재적재 14 | 중계율 0.16 | alpha 1.110 | complete
Ep 295 | 드론4 목적지55 |  671스텝 | 배송 55/55 | 재적재  9 | 중계율 0.23 | alpha 1.110 | complete
Ep 296 | 드론3 목적지35 |  510스텝 | 배송 35/35 | 재적재  5 | 중계율 0.17 | alpha 1.111 | complete
Ep 297 | 드론3 목적지70 | 1000스텝 | 배송 54/70 | 재적재  9 | 중계율 0.25 | alpha 1.109 | step_limit
Ep 298 | 드론3 목적지64 | 1000스텝 | 배송 61/64 | 재적재 10 | 중계율 0.25 | alpha 1.111 | step_limit
Ep 299 | 드론4 목적지63 | 1000스텝 | 배송 56/63 | 재적재  9 | 중계율 0.36 | alpha 1.111 | step_limit
Ep 300 | 드론4 목적지37 |  866스텝 | 배송 37/37 | 재적재  5 | 중계율 0.22 | alpha 1.099 | complete
  [홀드아웃] 배송 39.9±10.1 완주 0.96 스텝 799 점수 125.6 재적재 6.1 2홉+ 0.56 [4/50 1.00·868 | 3/30 0.93·730] | 최고 128.6@ep150 정체 3/8
Ep 301 | 드론3 목적지59 | 1000스텝 | 배송 57/59 | 재적재  9 | 중계율 0.28 | alpha 1.081 | step_limit
Ep 302 | 드론4 목적지37 |  660스텝 | 배송 37/37 | 재적재  5 | 중계율 0.27 | alpha 1.086 | complete
Ep 303 | 드론4 목적지78 | 1000스텝 | 배송 66/78 | 재적재 12 | 중계율 0.29 | alpha 1.076 | step_limit
Ep 304 | 드론4 목적지48 |  573스텝 | 배송 48/48 | 재적재  7 | 중계율 0.21 | alpha 1.080 | complete
Ep 305 | 드론4 목적지22 |  319스텝 | 배송 22/22 | 재적재  3 | 중계율 0.26 | alpha 1.083 | complete
Ep 306 | 드론3 목적지57 | 1000스텝 | 배송 54/57 | 재적재  9 | 중계율 0.19 | alpha 1.064 | step_limit
Ep 307 | 드론4 목적지41 |  709스텝 | 배송 41/41 | 재적재  6 | 중계율 0.34 | alpha 1.064 | complete
Ep 308 | 드론4 목적지72 |  702스텝 | 배송 72/72 | 재적재 13 | 중계율 0.15 | alpha 1.052 | complete
Ep 309 | 드론4 목적지55 |  906스텝 | 배송 55/55 | 재적재  9 | 중계율 0.34 | alpha 1.032 | complete
Ep 310 | 드론4 목적지44 |  613스텝 | 배송 44/44 | 재적재  8 | 중계율 0.16 | alpha 1.007 | complete
Ep 311 | 드론3 목적지72 | 1000스텝 | 배송 49/72 | 재적재  8 | 중계율 0.28 | alpha 0.975 | step_limit
Ep 312 | 드론4 목적지53 | 1000스텝 | 배송 52/53 | 재적재  8 | 중계율 0.32 | alpha 0.943 | step_limit
Ep 313 | 드론3 목적지29 |  676스텝 | 배송 29/29 | 재적재  5 | 중계율 0.29 | alpha 0.929 | complete
Ep 314 | 드론3 목적지43 |  877스텝 | 배송 43/43 | 재적재  8 | 중계율 0.24 | alpha 0.910 | complete
Ep 315 | 드론3 목적지53 | 1000스텝 | 배송 50/53 | 재적재  9 | 중계율 0.24 | alpha 0.892 | step_limit
Ep 316 | 드론3 목적지52 | 1000스텝 | 배송 46/52 | 재적재  8 | 중계율 0.24 | alpha 0.884 | step_limit
Ep 317 | 드론4 목적지37 |  538스텝 | 배송 37/37 | 재적재  5 | 중계율 0.25 | alpha 0.872 | complete
Ep 318 | 드론4 목적지57 |  791스텝 | 배송 57/57 | 재적재  9 | 중계율 0.23 | alpha 0.870 | complete
Ep 319 | 드론3 목적지75 | 1000스텝 | 배송 70/75 | 재적재 13 | 중계율 0.18 | alpha 0.876 | step_limit
Ep 320 | 드론3 목적지75 | 1000스텝 | 배송 53/75 | 재적재  9 | 중계율 0.22 | alpha 0.868 | step_limit
Ep 321 | 드론4 목적지30 |  479스텝 | 배송 30/30 | 재적재  4 | 중계율 0.23 | alpha 0.873 | complete
Ep 322 | 드론4 목적지42 |  484스텝 | 배송 42/42 | 재적재  7 | 중계율 0.17 | alpha 0.863 | complete
Ep 323 | 드론4 목적지80 |  956스텝 | 배송 80/80 | 재적재 14 | 중계율 0.22 | alpha 0.868 | complete
Ep 324 | 드론3 목적지23 |  397스텝 | 배송 23/23 | 재적재  4 | 중계율 0.16 | alpha 0.862 | complete
Ep 325 | 드론3 목적지62 | 1000스텝 | 배송 59/62 | 재적재 10 | 중계율 0.21 | alpha 0.864 | step_limit
Ep 326 | 드론4 목적지33 |  894스텝 | 배송 33/33 | 재적재  5 | 중계율 0.36 | alpha 0.861 | complete
Ep 327 | 드론3 목적지58 | 1000스텝 | 배송 51/58 | 재적재  8 | 중계율 0.25 | alpha 0.846 | step_limit
Ep 328 | 드론3 목적지44 |  947스텝 | 배송 44/44 | 재적재  7 | 중계율 0.25 | alpha 0.839 | complete
Ep 329 | 드론3 목적지78 | 1000스텝 | 배송 66/78 | 재적재 12 | 중계율 0.19 | alpha 0.820 | step_limit
Ep 330 | 드론3 목적지79 | 1000스텝 | 배송 61/79 | 재적재 12 | 중계율 0.18 | alpha 0.819 | step_limit
Ep 331 | 드론4 목적지21 |  413스텝 | 배송 21/21 | 재적재  2 | 중계율 0.24 | alpha 0.817 | complete
Ep 332 | 드론3 목적지73 | 1000스텝 | 배송 68/73 | 재적재 13 | 중계율 0.20 | alpha 0.812 | step_limit
Ep 333 | 드론3 목적지80 | 1000스텝 | 배송 74/80 | 재적재 13 | 중계율 0.21 | alpha 0.801 | step_limit
Ep 334 | 드론4 목적지44 |  845스텝 | 배송 44/44 | 재적재  8 | 중계율 0.29 | alpha 0.793 | complete
Ep 335 | 드론4 목적지20 |  360스텝 | 배송 20/20 | 재적재  2 | 중계율 0.18 | alpha 0.789 | complete
Ep 336 | 드론4 목적지45 | 1000스텝 | 배송 39/45 | 재적재  5 | 중계율 0.32 | alpha 0.789 | step_limit
Ep 337 | 드론3 목적지33 |  823스텝 | 배송 33/33 | 재적재  6 | 중계율 0.34 | alpha 0.787 | complete
Ep 338 | 드론4 목적지53 |  588스텝 | 배송 53/53 | 재적재 10 | 중계율 0.18 | alpha 0.785 | complete
Ep 339 | 드론4 목적지37 |  795스텝 | 배송 37/37 | 재적재  4 | 중계율 0.35 | alpha 0.779 | complete
Ep 340 | 드론3 목적지74 | 1000스텝 | 배송 65/74 | 재적재 10 | 중계율 0.27 | alpha 0.764 | step_limit
Ep 341 | 드론3 목적지27 |  748스텝 | 배송 27/27 | 재적재  4 | 중계율 0.29 | alpha 0.758 | complete
Ep 342 | 드론4 목적지31 |  513스텝 | 배송 31/31 | 재적재  4 | 중계율 0.22 | alpha 0.753 | complete
Ep 343 | 드론4 목적지79 | 1000스텝 | 배송 77/79 | 재적재 14 | 중계율 0.23 | alpha 0.769 | step_limit
Ep 344 | 드론4 목적지43 |  513스텝 | 배송 43/43 | 재적재  8 | 중계율 0.17 | alpha 0.777 | complete
Ep 345 | 드론4 목적지50 |  652스텝 | 배송 50/50 | 재적재  7 | 중계율 0.30 | alpha 0.785 | complete
Ep 346 | 드론4 목적지77 | 1000스텝 | 배송 73/77 | 재적재 12 | 중계율 0.31 | alpha 0.781 | step_limit
Ep 347 | 드론4 목적지43 |  773스텝 | 배송 43/43 | 재적재  6 | 중계율 0.26 | alpha 0.788 | complete
Ep 348 | 드론3 목적지24 |  532스텝 | 배송 24/24 | 재적재  3 | 중계율 0.22 | alpha 0.790 | complete
Ep 349 | 드론4 목적지75 | 1000스텝 | 배송 74/75 | 재적재 12 | 중계율 0.19 | alpha 0.781 | step_limit
Ep 350 | 드론3 목적지30 |  795스텝 | 배송 30/30 | 재적재  5 | 중계율 0.28 | alpha 0.779 | complete
  [홀드아웃] 배송 39.8±10.1 완주 0.95 스텝 794 점수 124.4 재적재 6.2 2홉+ 0.55 [4/50 0.95·905 | 3/30 0.95·683] | 최고 128.6@ep150 정체 4/8
Ep 351 | 드론4 목적지80 | 1000스텝 | 배송 69/80 | 재적재 12 | 중계율 0.26 | alpha 0.781 | step_limit
Ep 352 | 드론3 목적지43 | 1000스텝 | 배송 42/43 | 재적재  8 | 중계율 0.34 | alpha 0.764 | step_limit
Ep 353 | 드론3 목적지36 |  766스텝 | 배송 36/36 | 재적재  6 | 중계율 0.28 | alpha 0.760 | complete
Ep 354 | 드론4 목적지66 |  727스텝 | 배송 66/66 | 재적재 11 | 중계율 0.17 | alpha 0.751 | complete
Ep 355 | 드론4 목적지24 |  411스텝 | 배송 24/24 | 재적재  3 | 중계율 0.22 | alpha 0.743 | complete
Ep 356 | 드론3 목적지49 |  864스텝 | 배송 49/49 | 재적재  8 | 중계율 0.22 | alpha 0.729 | complete
Ep 357 | 드론4 목적지71 |  892스텝 | 배송 71/71 | 재적재 12 | 중계율 0.21 | alpha 0.719 | complete
Ep 358 | 드론3 목적지31 |  722스텝 | 배송 31/31 | 재적재  5 | 중계율 0.26 | alpha 0.721 | complete
Ep 359 | 드론4 목적지62 |  782스텝 | 배송 62/62 | 재적재 11 | 중계율 0.20 | alpha 0.730 | complete
Ep 360 | 드론3 목적지28 |  649스텝 | 배송 28/28 | 재적재  4 | 중계율 0.37 | alpha 0.720 | complete
Ep 361 | 드론3 목적지21 |  688스텝 | 배송 21/21 | 재적재  2 | 중계율 0.26 | alpha 0.711 | complete
Ep 362 | 드론3 목적지37 |  654스텝 | 배송 37/37 | 재적재  5 | 중계율 0.27 | alpha 0.709 | complete
Ep 363 | 드론3 목적지54 | 1000스텝 | 배송 48/54 | 재적재  8 | 중계율 0.25 | alpha 0.704 | step_limit
Ep 364 | 드론4 목적지58 |  655스텝 | 배송 58/58 | 재적재  9 | 중계율 0.23 | alpha 0.711 | complete
Ep 365 | 드론4 목적지72 | 1000스텝 | 배송 56/72 | 재적재 10 | 중계율 0.29 | alpha 0.706 | step_limit
Ep 366 | 드론4 목적지35 |  483스텝 | 배송 35/35 | 재적재  6 | 중계율 0.20 | alpha 0.700 | complete
Ep 367 | 드론3 목적지26 |  552스텝 | 배송 26/26 | 재적재  4 | 중계율 0.33 | alpha 0.693 | complete
Ep 368 | 드론4 목적지35 |  394스텝 | 배송 35/35 | 재적재  6 | 중계율 0.16 | alpha 0.687 | complete
Ep 369 | 드론4 목적지55 | 1000스텝 | 배송 51/55 | 재적재  7 | 중계율 0.28 | alpha 0.696 | step_limit
Ep 370 | 드론3 목적지62 | 1000스텝 | 배송 58/62 | 재적재 10 | 중계율 0.30 | alpha 0.692 | step_limit
Ep 371 | 드론3 목적지56 | 1000스텝 | 배송 55/56 | 재적재  9 | 중계율 0.32 | alpha 0.682 | step_limit
Ep 372 | 드론4 목적지23 |  338스텝 | 배송 23/23 | 재적재  4 | 중계율 0.20 | alpha 0.680 | complete
Ep 373 | 드론3 목적지69 |  949스텝 | 배송 69/69 | 재적재 12 | 중계율 0.26 | alpha 0.672 | complete
Ep 374 | 드론3 목적지77 | 1000스텝 | 배송 53/77 | 재적재 10 | 중계율 0.21 | alpha 0.660 | step_limit
Ep 375 | 드론3 목적지69 |  879스텝 | 배송 69/69 | 재적재 13 | 중계율 0.18 | alpha 0.662 | complete
Ep 376 | 드론4 목적지56 | 1000스텝 | 배송 50/56 | 재적재  9 | 중계율 0.35 | alpha 0.664 | step_limit
Ep 377 | 드론3 목적지48 |  817스텝 | 배송 48/48 | 재적재  9 | 중계율 0.26 | alpha 0.653 | complete
Ep 378 | 드론3 목적지50 |  956스텝 | 배송 50/50 | 재적재  8 | 중계율 0.27 | alpha 0.653 | complete
Ep 379 | 드론3 목적지22 |  504스텝 | 배송 22/22 | 재적재  3 | 중계율 0.24 | alpha 0.655 | complete
Ep 380 | 드론4 목적지43 |  670스텝 | 배송 43/43 | 재적재  8 | 중계율 0.26 | alpha 0.641 | complete
Ep 381 | 드론3 목적지69 | 1000스텝 | 배송 64/69 | 재적재 11 | 중계율 0.21 | alpha 0.633 | step_limit
Ep 382 | 드론3 목적지34 |  521스텝 | 배송 34/34 | 재적재  5 | 중계율 0.20 | alpha 0.628 | complete
Ep 383 | 드론4 목적지66 | 1000스텝 | 배송 58/66 | 재적재 10 | 중계율 0.31 | alpha 0.618 | step_limit
Ep 384 | 드론3 목적지38 |  836스텝 | 배송 38/38 | 재적재  6 | 중계율 0.34 | alpha 0.617 | complete
Ep 385 | 드론3 목적지38 |  900스텝 | 배송 38/38 | 재적재  7 | 중계율 0.28 | alpha 0.615 | complete
Ep 386 | 드론4 목적지20 |  367스텝 | 배송 20/20 | 재적재  1 | 중계율 0.30 | alpha 0.612 | complete
Ep 387 | 드론4 목적지75 | 1000스텝 | 배송 72/75 | 재적재 12 | 중계율 0.29 | alpha 0.604 | step_limit
Ep 388 | 드론4 목적지68 |  957스텝 | 배송 68/68 | 재적재 11 | 중계율 0.21 | alpha 0.600 | complete
Ep 389 | 드론3 목적지66 | 1000스텝 | 배송 54/66 | 재적재  8 | 중계율 0.31 | alpha 0.599 | step_limit
Ep 390 | 드론3 목적지74 | 1000스텝 | 배송 60/74 | 재적재 11 | 중계율 0.31 | alpha 0.601 | step_limit
Ep 391 | 드론3 목적지72 | 1000스텝 | 배송 65/72 | 재적재 11 | 중계율 0.20 | alpha 0.598 | step_limit
Ep 392 | 드론3 목적지29 |  535스텝 | 배송 29/29 | 재적재  4 | 중계율 0.28 | alpha 0.594 | complete
Ep 393 | 드론4 목적지45 |  488스텝 | 배송 45/45 | 재적재  7 | 중계율 0.18 | alpha 0.587 | complete
Ep 394 | 드론4 목적지78 | 1000스텝 | 배송 62/78 | 재적재 10 | 중계율 0.22 | alpha 0.576 | step_limit
Ep 395 | 드론4 목적지52 |  725스텝 | 배송 52/52 | 재적재 10 | 중계율 0.27 | alpha 0.574 | complete
Ep 396 | 드론3 목적지43 |  902스텝 | 배송 43/43 | 재적재  7 | 중계율 0.31 | alpha 0.565 | complete
Ep 397 | 드론3 목적지29 |  407스텝 | 배송 29/29 | 재적재  5 | 중계율 0.17 | alpha 0.566 | complete
Ep 398 | 드론3 목적지26 |  637스텝 | 배송 26/26 | 재적재  4 | 중계율 0.28 | alpha 0.558 | complete
Ep 399 | 드론4 목적지63 |  933스텝 | 배송 63/63 | 재적재 10 | 중계율 0.23 | alpha 0.547 | complete
Ep 400 | 드론3 목적지59 |  914스텝 | 배송 59/59 | 재적재 10 | 중계율 0.20 | alpha 0.539 | complete
  [홀드아웃] 배송 39.9±10.1 완주 0.99 스텝 758 점수 128.6 재적재 6.1 2홉+ 0.54 [4/50 1.00·882 | 3/30 0.97·634] | 최고 128.6@ep400 정체 0/8  ← 갱신
Ep 401 | 드론3 목적지27 |  578스텝 | 배송 27/27 | 재적재  4 | 중계율 0.18 | alpha 0.532 | complete
Ep 402 | 드론3 목적지74 | 1000스텝 | 배송 60/74 | 재적재 10 | 중계율 0.27 | alpha 0.526 | step_limit
Ep 403 | 드론4 목적지46 |  934스텝 | 배송 46/46 | 재적재  7 | 중계율 0.38 | alpha 0.521 | complete
Ep 404 | 드론4 목적지46 |  511스텝 | 배송 46/46 | 재적재  8 | 중계율 0.17 | alpha 0.520 | complete
Ep 405 | 드론3 목적지20 |  531스텝 | 배송 20/20 | 재적재  3 | 중계율 0.29 | alpha 0.516 | complete
Ep 406 | 드론4 목적지55 |  579스텝 | 배송 55/55 | 재적재  8 | 중계율 0.18 | alpha 0.519 | complete
Ep 407 | 드론3 목적지80 | 1000스텝 | 배송 61/80 | 재적재 11 | 중계율 0.25 | alpha 0.525 | step_limit
Ep 408 | 드론4 목적지43 |  920스텝 | 배송 43/43 | 재적재  6 | 중계율 0.44 | alpha 0.529 | complete
Ep 409 | 드론4 목적지66 |  787스텝 | 배송 66/66 | 재적재 12 | 중계율 0.20 | alpha 0.529 | complete
Ep 410 | 드론4 목적지53 |  604스텝 | 배송 53/53 | 재적재  8 | 중계율 0.16 | alpha 0.531 | complete
Ep 411 | 드론4 목적지38 |  573스텝 | 배송 38/38 | 재적재  4 | 중계율 0.33 | alpha 0.539 | complete
Ep 412 | 드론3 목적지73 | 1000스텝 | 배송 64/73 | 재적재 11 | 중계율 0.29 | alpha 0.542 | step_limit
Ep 413 | 드론4 목적지59 |  952스텝 | 배송 59/59 | 재적재 10 | 중계율 0.27 | alpha 0.546 | complete
Ep 414 | 드론4 목적지39 |  473스텝 | 배송 39/39 | 재적재  6 | 중계율 0.20 | alpha 0.552 | complete
Ep 415 | 드론4 목적지59 |  627스텝 | 배송 59/59 | 재적재 10 | 중계율 0.19 | alpha 0.554 | complete
Ep 416 | 드론3 목적지41 |  611스텝 | 배송 41/41 | 재적재  7 | 중계율 0.22 | alpha 0.560 | complete
Ep 417 | 드론3 목적지45 |  728스텝 | 배송 45/45 | 재적재  6 | 중계율 0.24 | alpha 0.563 | complete
Ep 418 | 드론3 목적지21 |  558스텝 | 배송 21/21 | 재적재  3 | 중계율 0.32 | alpha 0.567 | complete
Ep 419 | 드론3 목적지21 |  436스텝 | 배송 21/21 | 재적재  3 | 중계율 0.19 | alpha 0.567 | complete
Ep 420 | 드론3 목적지24 |  450스텝 | 배송 24/24 | 재적재  4 | 중계율 0.18 | alpha 0.567 | complete
Ep 421 | 드론4 목적지31 |  891스텝 | 배송 31/31 | 재적재  4 | 중계율 0.36 | alpha 0.564 | complete
Ep 422 | 드론4 목적지51 |  884스텝 | 배송 51/51 | 재적재  9 | 중계율 0.28 | alpha 0.569 | complete
Ep 423 | 드론4 목적지23 |  370스텝 | 배송 23/23 | 재적재  2 | 중계율 0.27 | alpha 0.575 | complete
Ep 424 | 드론4 목적지31 |  600스텝 | 배송 31/31 | 재적재  5 | 중계율 0.29 | alpha 0.576 | complete
Ep 425 | 드론3 목적지74 | 1000스텝 | 배송 68/74 | 재적재 13 | 중계율 0.22 | alpha 0.582 | step_limit
Ep 426 | 드론4 목적지58 |  998스텝 | 배송 58/58 | 재적재 10 | 중계율 0.32 | alpha 0.586 | complete
Ep 427 | 드론4 목적지45 |  572스텝 | 배송 45/45 | 재적재  8 | 중계율 0.16 | alpha 0.586 | complete
Ep 428 | 드론4 목적지53 |  967스텝 | 배송 53/53 | 재적재  8 | 중계율 0.33 | alpha 0.591 | complete
Ep 429 | 드론3 목적지64 | 1000스텝 | 배송 57/64 | 재적재 10 | 중계율 0.24 | alpha 0.604 | step_limit
Ep 430 | 드론4 목적지53 |  610스텝 | 배송 53/53 | 재적재  9 | 중계율 0.16 | alpha 0.611 | complete
Ep 431 | 드론4 목적지50 |  838스텝 | 배송 50/50 | 재적재  9 | 중계율 0.28 | alpha 0.621 | complete
Ep 432 | 드론3 목적지79 | 1000스텝 | 배송 67/79 | 재적재 13 | 중계율 0.20 | alpha 0.624 | step_limit
Ep 433 | 드론3 목적지71 | 1000스텝 | 배송 61/71 | 재적재 10 | 중계율 0.27 | alpha 0.625 | step_limit
Ep 434 | 드론4 목적지26 |  479스텝 | 배송 26/26 | 재적재  3 | 중계율 0.35 | alpha 0.626 | complete
Ep 435 | 드론3 목적지56 | 1000스텝 | 배송 47/56 | 재적재  8 | 중계율 0.32 | alpha 0.637 | step_limit
Ep 436 | 드론4 목적지41 |  513스텝 | 배송 41/41 | 재적재  7 | 중계율 0.22 | alpha 0.644 | complete
Ep 437 | 드론4 목적지67 |  717스텝 | 배송 67/67 | 재적재 12 | 중계율 0.14 | alpha 0.657 | complete
Ep 438 | 드론3 목적지21 |  464스텝 | 배송 21/21 | 재적재  3 | 중계율 0.27 | alpha 0.660 | complete
Ep 439 | 드론3 목적지33 |  617스텝 | 배송 33/33 | 재적재  5 | 중계율 0.25 | alpha 0.664 | complete
Ep 440 | 드론3 목적지62 | 1000스텝 | 배송 46/62 | 재적재  8 | 중계율 0.33 | alpha 0.672 | step_limit
Ep 441 | 드론3 목적지43 |  870스텝 | 배송 43/43 | 재적재  8 | 중계율 0.29 | alpha 0.674 | complete
Ep 442 | 드론4 목적지46 |  573스텝 | 배송 46/46 | 재적재  8 | 중계율 0.24 | alpha 0.678 | complete
Ep 443 | 드론3 목적지30 |  719스텝 | 배송 30/30 | 재적재  4 | 중계율 0.31 | alpha 0.677 | complete
Ep 444 | 드론3 목적지50 |  909스텝 | 배송 50/50 | 재적재  8 | 중계율 0.30 | alpha 0.678 | complete
Ep 445 | 드론4 목적지77 |  946스텝 | 배송 77/77 | 재적재 13 | 중계율 0.27 | alpha 0.676 | complete
Ep 446 | 드론4 목적지73 | 1000스텝 | 배송 70/73 | 재적재 12 | 중계율 0.30 | alpha 0.678 | step_limit
Ep 447 | 드론4 목적지42 | 1000스텝 | 배송 37/42 | 재적재  6 | 중계율 0.37 | alpha 0.669 | step_limit
Ep 448 | 드론4 목적지78 | 1000스텝 | 배송 75/78 | 재적재 13 | 중계율 0.25 | alpha 0.650 | step_limit
Ep 449 | 드론3 목적지46 |  865스텝 | 배송 46/46 | 재적재  9 | 중계율 0.28 | alpha 0.640 | complete
Ep 450 | 드론4 목적지72 | 1000스텝 | 배송 65/72 | 재적재 12 | 중계율 0.26 | alpha 0.629 | step_limit
  [홀드아웃] 배송 40.0±10.0 완주 0.97 스텝 763 점수 127.3 재적재 6.2 2홉+ 0.54 [4/50 1.00·901 | 3/30 0.95·626] | 최고 128.6@ep400 정체 1/8
Ep 451 | 드론3 목적지67 | 1000스텝 | 배송 66/67 | 재적재 12 | 중계율 0.21 | alpha 0.627 | step_limit
Ep 452 | 드론3 목적지25 |  554스텝 | 배송 25/25 | 재적재  4 | 중계율 0.30 | alpha 0.628 | complete
Ep 453 | 드론4 목적지46 |  453스텝 | 배송 46/46 | 재적재  8 | 중계율 0.19 | alpha 0.621 | complete
Ep 454 | 드론3 목적지57 | 1000스텝 | 배송 49/57 | 재적재  8 | 중계율 0.30 | alpha 0.620 | step_limit
Ep 455 | 드론3 목적지31 |  599스텝 | 배송 31/31 | 재적재  5 | 중계율 0.25 | alpha 0.617 | complete
Ep 456 | 드론4 목적지52 |  907스텝 | 배송 52/52 | 재적재  8 | 중계율 0.27 | alpha 0.610 | complete
Ep 457 | 드론4 목적지58 | 1000스텝 | 배송 57/58 | 재적재 10 | 중계율 0.29 | alpha 0.613 | step_limit
Ep 458 | 드론3 목적지58 | 1000스텝 | 배송 55/58 | 재적재  9 | 중계율 0.33 | alpha 0.623 | step_limit
Ep 459 | 드론4 목적지49 |  630스텝 | 배송 49/49 | 재적재  8 | 중계율 0.19 | alpha 0.618 | complete
Ep 460 | 드론4 목적지69 |  990스텝 | 배송 69/69 | 재적재 12 | 중계율 0.21 | alpha 0.609 | complete
Ep 461 | 드론4 목적지40 |  991스텝 | 배송 40/40 | 재적재  6 | 중계율 0.39 | alpha 0.599 | complete
Ep 462 | 드론3 목적지55 | 1000스텝 | 배송 46/55 | 재적재  8 | 중계율 0.25 | alpha 0.608 | step_limit
Ep 463 | 드론3 목적지51 | 1000스텝 | 배송 49/51 | 재적재  8 | 중계율 0.28 | alpha 0.609 | step_limit
Ep 464 | 드론4 목적지80 | 1000스텝 | 배송 75/80 | 재적재 14 | 중계율 0.28 | alpha 0.608 | step_limit
Ep 465 | 드론4 목적지37 |  553스텝 | 배송 37/37 | 재적재  6 | 중계율 0.28 | alpha 0.605 | complete
Ep 466 | 드론4 목적지49 |  896스텝 | 배송 49/49 | 재적재  8 | 중계율 0.32 | alpha 0.610 | complete
Ep 467 | 드론3 목적지48 | 1000스텝 | 배송 45/48 | 재적재  8 | 중계율 0.21 | alpha 0.614 | step_limit
Ep 468 | 드론3 목적지75 | 1000스텝 | 배송 66/75 | 재적재 11 | 중계율 0.26 | alpha 0.605 | step_limit
Ep 469 | 드론3 목적지67 | 1000스텝 | 배송 50/67 | 재적재  9 | 중계율 0.30 | alpha 0.608 | step_limit
Ep 470 | 드론3 목적지73 | 1000스텝 | 배송 65/73 | 재적재 11 | 중계율 0.22 | alpha 0.611 | step_limit
Ep 471 | 드론3 목적지44 |  840스텝 | 배송 44/44 | 재적재  7 | 중계율 0.34 | alpha 0.621 | complete
Ep 472 | 드론3 목적지25 |  464스텝 | 배송 25/25 | 재적재  2 | 중계율 0.22 | alpha 0.622 | complete
Ep 473 | 드론3 목적지27 |  588스텝 | 배송 27/27 | 재적재  4 | 중계율 0.25 | alpha 0.624 | complete
Ep 474 | 드론4 목적지57 | 1000스텝 | 배송 56/57 | 재적재  9 | 중계율 0.35 | alpha 0.628 | step_limit
Ep 475 | 드론3 목적지75 | 1000스텝 | 배송 65/75 | 재적재 10 | 중계율 0.28 | alpha 0.641 | step_limit
Ep 476 | 드론4 목적지36 |  765스텝 | 배송 36/36 | 재적재  6 | 중계율 0.35 | alpha 0.647 | complete
Ep 477 | 드론4 목적지74 | 1000스텝 | 배송 65/74 | 재적재 10 | 중계율 0.30 | alpha 0.666 | step_limit
Ep 478 | 드론3 목적지62 |  901스텝 | 배송 62/62 | 재적재 11 | 중계율 0.19 | alpha 0.667 | complete
Ep 479 | 드론3 목적지76 | 1000스텝 | 배송 65/76 | 재적재 11 | 중계율 0.23 | alpha 0.676 | step_limit
Ep 480 | 드론3 목적지34 |  604스텝 | 배송 34/34 | 재적재  5 | 중계율 0.24 | alpha 0.682 | complete
Ep 481 | 드론4 목적지59 | 1000스텝 | 배송 55/59 | 재적재 11 | 중계율 0.34 | alpha 0.702 | step_limit
Ep 482 | 드론4 목적지44 |  820스텝 | 배송 44/44 | 재적재  6 | 중계율 0.32 | alpha 0.698 | complete
Ep 483 | 드론4 목적지56 |  889스텝 | 배송 56/56 | 재적재  9 | 중계율 0.22 | alpha 0.701 | complete
Ep 484 | 드론3 목적지27 |  643스텝 | 배송 27/27 | 재적재  4 | 중계율 0.36 | alpha 0.698 | complete
Ep 485 | 드론4 목적지58 |  939스텝 | 배송 58/58 | 재적재  9 | 중계율 0.29 | alpha 0.699 | complete
Ep 486 | 드론4 목적지25 |  616스텝 | 배송 25/25 | 재적재  4 | 중계율 0.34 | alpha 0.704 | complete
Ep 487 | 드론3 목적지25 |  450스텝 | 배송 25/25 | 재적재  4 | 중계율 0.18 | alpha 0.707 | complete
Ep 488 | 드론4 목적지78 |  942스텝 | 배송 78/78 | 재적재 14 | 중계율 0.22 | alpha 0.704 | complete
Ep 489 | 드론4 목적지30 |  393스텝 | 배송 30/30 | 재적재  4 | 중계율 0.21 | alpha 0.701 | complete
Ep 490 | 드론4 목적지22 |  444스텝 | 배송 22/22 | 재적재  2 | 중계율 0.35 | alpha 0.696 | complete
Ep 491 | 드론4 목적지62 |  982스텝 | 배송 62/62 | 재적재 10 | 중계율 0.30 | alpha 0.685 | complete
Ep 492 | 드론3 목적지30 |  655스텝 | 배송 30/30 | 재적재  4 | 중계율 0.31 | alpha 0.682 | complete
Ep 493 | 드론3 목적지47 | 1000스텝 | 배송 45/47 | 재적재  8 | 중계율 0.33 | alpha 0.689 | step_limit
Ep 494 | 드론3 목적지52 |  824스텝 | 배송 52/52 | 재적재  9 | 중계율 0.22 | alpha 0.695 | complete
Ep 495 | 드론3 목적지49 |  859스텝 | 배송 49/49 | 재적재  7 | 중계율 0.27 | alpha 0.697 | complete
Ep 496 | 드론3 목적지41 |  683스텝 | 배송 41/41 | 재적재  7 | 중계율 0.22 | alpha 0.703 | complete
Ep 497 | 드론3 목적지71 | 1000스텝 | 배송 61/71 | 재적재 10 | 중계율 0.18 | alpha 0.706 | step_limit
Ep 498 | 드론3 목적지36 |  685스텝 | 배송 36/36 | 재적재  5 | 중계율 0.25 | alpha 0.705 | complete
Ep 499 | 드론4 목적지26 |  442스텝 | 배송 26/26 | 재적재  3 | 중계율 0.34 | alpha 0.706 | complete
Ep 500 | 드론3 목적지72 | 1000스텝 | 배송 58/72 | 재적재 11 | 중계율 0.22 | alpha 0.703 | step_limit
  [홀드아웃] 배송 39.6±10.1 완주 0.95 스텝 800 점수 124.3 재적재 6.2 2홉+ 0.54 [4/50 0.95·919 | 3/30 0.95·681] | 최고 128.6@ep400 정체 2/8
Ep 501 | 드론3 목적지59 |  988스텝 | 배송 59/59 | 재적재 11 | 중계율 0.26 | alpha 0.710 | complete
Ep 502 | 드론3 목적지28 |  588스텝 | 배송 28/28 | 재적재  5 | 중계율 0.27 | alpha 0.717 | complete
Ep 503 | 드론3 목적지44 |  877스텝 | 배송 44/44 | 재적재  7 | 중계율 0.30 | alpha 0.710 | complete
Ep 504 | 드론4 목적지41 |  423스텝 | 배송 41/41 | 재적재  6 | 중계율 0.13 | alpha 0.714 | complete
Ep 505 | 드론3 목적지39 |  709스텝 | 배송 39/39 | 재적재  6 | 중계율 0.26 | alpha 0.707 | complete
Ep 506 | 드론3 목적지44 |  684스텝 | 배송 44/44 | 재적재  7 | 중계율 0.23 | alpha 0.711 | complete
Ep 507 | 드론4 목적지70 | 1000스텝 | 배송 69/70 | 재적재 11 | 중계율 0.22 | alpha 0.714 | step_limit
Ep 508 | 드론4 목적지49 |  709스텝 | 배송 49/49 | 재적재  7 | 중계율 0.24 | alpha 0.715 | complete
Ep 509 | 드론3 목적지24 |  413스텝 | 배송 24/24 | 재적재  4 | 중계율 0.19 | alpha 0.715 | complete
Ep 510 | 드론4 목적지76 | 1000스텝 | 배송 65/76 | 재적재 10 | 중계율 0.28 | alpha 0.719 | step_limit
Ep 511 | 드론3 목적지53 | 1000스텝 | 배송 50/53 | 재적재 10 | 중계율 0.27 | alpha 0.709 | step_limit
Ep 512 | 드론3 목적지54 | 1000스텝 | 배송 50/54 | 재적재  8 | 중계율 0.33 | alpha 0.713 | step_limit
Ep 513 | 드론3 목적지48 |  881스텝 | 배송 48/48 | 재적재  9 | 중계율 0.28 | alpha 0.711 | complete
Ep 514 | 드론4 목적지45 |  716스텝 | 배송 45/45 | 재적재  7 | 중계율 0.25 | alpha 0.711 | complete
Ep 515 | 드론3 목적지31 | 1000스텝 | 배송 30/31 | 재적재  5 | 중계율 0.28 | alpha 0.713 | step_limit
Ep 516 | 드론4 목적지50 | 1000스텝 | 배송 48/50 | 재적재  8 | 중계율 0.35 | alpha 0.714 | step_limit
Ep 517 | 드론4 목적지77 | 1000스텝 | 배송 75/77 | 재적재 13 | 중계율 0.24 | alpha 0.714 | step_limit
Ep 518 | 드론4 목적지48 | 1000스텝 | 배송 45/48 | 재적재  7 | 중계율 0.28 | alpha 0.725 | step_limit
Ep 519 | 드론4 목적지68 | 1000스텝 | 배송 57/68 | 재적재 11 | 중계율 0.21 | alpha 0.739 | step_limit
Ep 520 | 드론3 목적지76 | 1000스텝 | 배송 60/76 | 재적재 11 | 중계율 0.15 | alpha 0.749 | step_limit
Ep 521 | 드론3 목적지27 |  553스텝 | 배송 27/27 | 재적재  5 | 중계율 0.22 | alpha 0.757 | complete
Ep 522 | 드론3 목적지65 | 1000스텝 | 배송 55/65 | 재적재  9 | 중계율 0.29 | alpha 0.757 | step_limit
Ep 523 | 드론3 목적지22 |  481스텝 | 배송 22/22 | 재적재  3 | 중계율 0.28 | alpha 0.760 | complete
Ep 524 | 드론3 목적지34 |  571스텝 | 배송 34/34 | 재적재  6 | 중계율 0.21 | alpha 0.757 | complete
Ep 525 | 드론4 목적지68 |  805스텝 | 배송 68/68 | 재적재 12 | 중계율 0.18 | alpha 0.743 | complete
Ep 526 | 드론4 목적지54 |  981스텝 | 배송 54/54 | 재적재  9 | 중계율 0.31 | alpha 0.750 | complete
Ep 527 | 드론3 목적지76 | 1000스텝 | 배송 66/76 | 재적재 11 | 중계율 0.23 | alpha 0.760 | step_limit
Ep 528 | 드론3 목적지25 |  466스텝 | 배송 25/25 | 재적재  4 | 중계율 0.23 | alpha 0.760 | complete
Ep 529 | 드론3 목적지68 | 1000스텝 | 배송 67/68 | 재적재 11 | 중계율 0.28 | alpha 0.769 | step_limit
Ep 530 | 드론4 목적지26 |  303스텝 | 배송 26/26 | 재적재  4 | 중계율 0.15 | alpha 0.770 | complete
Ep 531 | 드론3 목적지25 |  382스텝 | 배송 25/25 | 재적재  2 | 중계율 0.27 | alpha 0.772 | complete
Ep 532 | 드론4 목적지28 |  777스텝 | 배송 28/28 | 재적재  4 | 중계율 0.36 | alpha 0.775 | complete
Ep 533 | 드론3 목적지80 | 1000스텝 | 배송 68/80 | 재적재 12 | 중계율 0.22 | alpha 0.770 | step_limit
Ep 534 | 드론3 목적지22 |  395스텝 | 배송 22/22 | 재적재  2 | 중계율 0.23 | alpha 0.772 | complete
Ep 535 | 드론4 목적지42 |  676스텝 | 배송 42/42 | 재적재  7 | 중계율 0.28 | alpha 0.772 | complete
Ep 536 | 드론3 목적지21 |  484스텝 | 배송 21/21 | 재적재  3 | 중계율 0.36 | alpha 0.775 | complete
Ep 537 | 드론4 목적지30 |  542스텝 | 배송 30/30 | 재적재  4 | 중계율 0.29 | alpha 0.775 | complete
Ep 538 | 드론3 목적지22 |  297스텝 | 배송 22/22 | 재적재  3 | 중계율 0.12 | alpha 0.773 | complete
Ep 539 | 드론4 목적지59 |  898스텝 | 배송 59/59 | 재적재  9 | 중계율 0.31 | alpha 0.775 | complete
Ep 540 | 드론4 목적지70 |  931스텝 | 배송 70/70 | 재적재 12 | 중계율 0.19 | alpha 0.777 | complete
Ep 541 | 드론3 목적지25 |  739스텝 | 배송 25/25 | 재적재  4 | 중계율 0.30 | alpha 0.785 | complete
Ep 542 | 드론4 목적지33 |  418스텝 | 배송 33/33 | 재적재  4 | 중계율 0.19 | alpha 0.787 | complete
Ep 543 | 드론4 목적지20 |  495스텝 | 배송 20/20 | 재적재  2 | 중계율 0.39 | alpha 0.785 | complete
Ep 544 | 드론4 목적지59 | 1000스텝 | 배송 57/59 | 재적재 11 | 중계율 0.27 | alpha 0.780 | step_limit
Ep 545 | 드론4 목적지73 | 1000스텝 | 배송 62/73 | 재적재 11 | 중계율 0.24 | alpha 0.764 | step_limit
Ep 546 | 드론4 목적지29 |  425스텝 | 배송 29/29 | 재적재  3 | 중계율 0.22 | alpha 0.758 | complete
Ep 547 | 드론4 목적지47 |  830스텝 | 배송 47/47 | 재적재  8 | 중계율 0.20 | alpha 0.754 | complete
Ep 548 | 드론3 목적지67 | 1000스텝 | 배송 55/67 | 재적재  9 | 중계율 0.29 | alpha 0.745 | step_limit
Ep 549 | 드론3 목적지44 |  765스텝 | 배송 44/44 | 재적재  7 | 중계율 0.27 | alpha 0.743 | complete
Ep 550 | 드론3 목적지45 |  791스텝 | 배송 45/45 | 재적재  7 | 중계율 0.26 | alpha 0.749 | complete
  [홀드아웃] 배송 39.8±9.9 완주 0.94 스텝 797 점수 123.1 재적재 6.2 2홉+ 0.54 [4/50 0.90·915 | 3/30 0.97·680] | 최고 128.6@ep400 정체 3/8
Ep 551 | 드론4 목적지48 |  519스텝 | 배송 48/48 | 재적재  7 | 중계율 0.16 | alpha 0.755 | complete
Ep 552 | 드론3 목적지27 |  650스텝 | 배송 27/27 | 재적재  3 | 중계율 0.33 | alpha 0.763 | complete
Ep 553 | 드론3 목적지36 |  718스텝 | 배송 36/36 | 재적재  6 | 중계율 0.21 | alpha 0.760 | complete
Ep 554 | 드론3 목적지50 |  886스텝 | 배송 50/50 | 재적재  8 | 중계율 0.22 | alpha 0.756 | complete
Ep 555 | 드론4 목적지47 |  655스텝 | 배송 47/47 | 재적재  7 | 중계율 0.27 | alpha 0.758 | complete
Ep 556 | 드론4 목적지51 |  662스텝 | 배송 51/51 | 재적재  9 | 중계율 0.21 | alpha 0.754 | complete
Ep 557 | 드론4 목적지43 |  821스텝 | 배송 43/43 | 재적재  7 | 중계율 0.35 | alpha 0.755 | complete
Ep 558 | 드론4 목적지46 |  909스텝 | 배송 46/46 | 재적재  7 | 중계율 0.37 | alpha 0.760 | complete
Ep 559 | 드론3 목적지41 | 1000스텝 | 배송 36/41 | 재적재  7 | 중계율 0.36 | alpha 0.753 | step_limit
Ep 560 | 드론4 목적지75 | 1000스텝 | 배송 62/75 | 재적재 10 | 중계율 0.27 | alpha 0.749 | step_limit
Ep 561 | 드론3 목적지26 |  459스텝 | 배송 26/26 | 재적재  3 | 중계율 0.21 | alpha 0.743 | complete
Ep 562 | 드론4 목적지33 |  410스텝 | 배송 33/33 | 재적재  4 | 중계율 0.19 | alpha 0.746 | complete
Ep 563 | 드론3 목적지55 | 1000스텝 | 배송 52/55 | 재적재  9 | 중계율 0.31 | alpha 0.724 | step_limit
Ep 564 | 드론3 목적지65 | 1000스텝 | 배송 58/65 | 재적재 10 | 중계율 0.28 | alpha 0.723 | step_limit
Ep 565 | 드론4 목적지75 |  806스텝 | 배송 75/75 | 재적재 13 | 중계율 0.23 | alpha 0.725 | complete
Ep 566 | 드론4 목적지61 |  816스텝 | 배송 61/61 | 재적재  9 | 중계율 0.18 | alpha 0.720 | complete
Ep 567 | 드론4 목적지61 |  793스텝 | 배송 61/61 | 재적재 11 | 중계율 0.22 | alpha 0.722 | complete
Ep 568 | 드론3 목적지31 |  618스텝 | 배송 31/31 | 재적재  4 | 중계율 0.18 | alpha 0.723 | complete
Ep 569 | 드론3 목적지46 |  885스텝 | 배송 46/46 | 재적재  8 | 중계율 0.33 | alpha 0.719 | complete
Ep 570 | 드론4 목적지25 |  354스텝 | 배송 25/25 | 재적재  3 | 중계율 0.27 | alpha 0.720 | complete
Ep 571 | 드론4 목적지47 |  846스텝 | 배송 47/47 | 재적재  7 | 중계율 0.27 | alpha 0.711 | complete
Ep 572 | 드론4 목적지46 |  522스텝 | 배송 46/46 | 재적재  6 | 중계율 0.14 | alpha 0.703 | complete
Ep 573 | 드론4 목적지59 |  770스텝 | 배송 59/59 | 재적재 10 | 중계율 0.21 | alpha 0.707 | complete
Ep 574 | 드론3 목적지48 |  995스텝 | 배송 48/48 | 재적재  9 | 중계율 0.32 | alpha 0.712 | complete
Ep 575 | 드론4 목적지56 |  990스텝 | 배송 56/56 | 재적재  9 | 중계율 0.36 | alpha 0.699 | complete
Ep 576 | 드론3 목적지33 |  765스텝 | 배송 33/33 | 재적재  5 | 중계율 0.25 | alpha 0.696 | complete
Ep 577 | 드론3 목적지68 | 1000스텝 | 배송 57/68 | 재적재  9 | 중계율 0.30 | alpha 0.696 | step_limit
Ep 578 | 드론3 목적지27 |  568스텝 | 배송 27/27 | 재적재  4 | 중계율 0.26 | alpha 0.692 | complete
Ep 579 | 드론4 목적지40 |  489스텝 | 배송 40/40 | 재적재  5 | 중계율 0.17 | alpha 0.698 | complete
Ep 580 | 드론3 목적지76 | 1000스텝 | 배송 66/76 | 재적재 12 | 중계율 0.24 | alpha 0.699 | step_limit
Ep 581 | 드론4 목적지65 |  885스텝 | 배송 65/65 | 재적재 12 | 중계율 0.25 | alpha 0.702 | complete
Ep 582 | 드론3 목적지39 |  755스텝 | 배송 39/39 | 재적재  6 | 중계율 0.29 | alpha 0.691 | complete
Ep 583 | 드론3 목적지27 |  508스텝 | 배송 27/27 | 재적재  3 | 중계율 0.37 | alpha 0.686 | complete
Ep 584 | 드론3 목적지49 |  908스텝 | 배송 49/49 | 재적재  7 | 중계율 0.31 | alpha 0.683 | complete
Ep 585 | 드론4 목적지32 |  359스텝 | 배송 32/32 | 재적재  5 | 중계율 0.21 | alpha 0.691 | complete
Ep 586 | 드론3 목적지80 | 1000스텝 | 배송 66/80 | 재적재 12 | 중계율 0.27 | alpha 0.696 | step_limit
Ep 587 | 드론4 목적지37 |  658스텝 | 배송 37/37 | 재적재  5 | 중계율 0.19 | alpha 0.702 | complete
Ep 588 | 드론3 목적지80 | 1000스텝 | 배송 70/80 | 재적재 11 | 중계율 0.24 | alpha 0.701 | step_limit
Ep 589 | 드론4 목적지52 |  634스텝 | 배송 52/52 | 재적재  9 | 중계율 0.12 | alpha 0.708 | complete
Ep 590 | 드론3 목적지74 | 1000스텝 | 배송 68/74 | 재적재 13 | 중계율 0.19 | alpha 0.704 | step_limit
Ep 591 | 드론3 목적지49 |  849스텝 | 배송 49/49 | 재적재  9 | 중계율 0.27 | alpha 0.707 | complete
Ep 592 | 드론3 목적지29 |  581스텝 | 배송 29/29 | 재적재  4 | 중계율 0.25 | alpha 0.715 | complete
Ep 593 | 드론4 목적지68 |  802스텝 | 배송 68/68 | 재적재 13 | 중계율 0.19 | alpha 0.725 | complete
Ep 594 | 드론3 목적지57 | 1000스텝 | 배송 56/57 | 재적재 10 | 중계율 0.33 | alpha 0.740 | step_limit
Ep 595 | 드론3 목적지34 |  601스텝 | 배송 34/34 | 재적재  5 | 중계율 0.31 | alpha 0.747 | complete
Ep 596 | 드론3 목적지45 |  787스텝 | 배송 45/45 | 재적재  8 | 중계율 0.29 | alpha 0.756 | complete
Ep 597 | 드론4 목적지25 |  441스텝 | 배송 25/25 | 재적재  4 | 중계율 0.33 | alpha 0.758 | complete
Ep 598 | 드론3 목적지31 | 1000스텝 | 배송 30/31 | 재적재  5 | 중계율 0.32 | alpha 0.771 | step_limit
Ep 599 | 드론3 목적지44 |  931스텝 | 배송 44/44 | 재적재  6 | 중계율 0.30 | alpha 0.783 | complete
Ep 600 | 드론4 목적지23 |  361스텝 | 배송 23/23 | 재적재  3 | 중계율 0.19 | alpha 0.794 | complete
  [홀드아웃] 배송 39.7±10.3 완주 0.95 스텝 803 점수 124.3 재적재 6.2 2홉+ 0.55 [4/50 0.97·949 | 3/30 0.93·657] | 최고 128.6@ep400 정체 4/8
Ep 601 | 드론4 목적지33 |  460스텝 | 배송 33/33 | 재적재  5 | 중계율 0.17 | alpha 0.790 | complete
Ep 602 | 드론4 목적지61 |  685스텝 | 배송 61/61 | 재적재 11 | 중계율 0.16 | alpha 0.779 | complete
Ep 603 | 드론3 목적지20 |  545스텝 | 배송 20/20 | 재적재  3 | 중계율 0.19 | alpha 0.772 | complete
Ep 604 | 드론4 목적지28 |  474스텝 | 배송 28/28 | 재적재  4 | 중계율 0.21 | alpha 0.768 | complete
Ep 605 | 드론3 목적지72 | 1000스텝 | 배송 70/72 | 재적재 12 | 중계율 0.19 | alpha 0.762 | step_limit
Ep 606 | 드론4 목적지67 |  980스텝 | 배송 67/67 | 재적재 12 | 중계율 0.30 | alpha 0.737 | complete
Ep 607 | 드론4 목적지59 |  783스텝 | 배송 59/59 | 재적재  9 | 중계율 0.29 | alpha 0.731 | complete
Ep 608 | 드론4 목적지57 | 1000스텝 | 배송 56/57 | 재적재  9 | 중계율 0.36 | alpha 0.730 | step_limit
Ep 609 | 드론4 목적지38 |  555스텝 | 배송 38/38 | 재적재  7 | 중계율 0.23 | alpha 0.730 | complete
Ep 610 | 드론3 목적지38 |  763스텝 | 배송 38/38 | 재적재  6 | 중계율 0.21 | alpha 0.739 | complete
Ep 611 | 드론4 목적지43 |  713스텝 | 배송 43/43 | 재적재  7 | 중계율 0.21 | alpha 0.742 | complete
Ep 612 | 드론4 목적지21 |  318스텝 | 배송 21/21 | 재적재  3 | 중계율 0.15 | alpha 0.737 | complete
Ep 613 | 드론4 목적지40 |  412스텝 | 배송 40/40 | 재적재  6 | 중계율 0.18 | alpha 0.735 | complete
Ep 614 | 드론4 목적지77 |  975스텝 | 배송 77/77 | 재적재 14 | 중계율 0.19 | alpha 0.739 | complete
Ep 615 | 드론3 목적지68 | 1000스텝 | 배송 67/68 | 재적재 12 | 중계율 0.24 | alpha 0.751 | step_limit
Ep 616 | 드론3 목적지80 | 1000스텝 | 배송 79/80 | 재적재 14 | 중계율 0.16 | alpha 0.756 | step_limit
Ep 617 | 드론4 목적지56 |  581스텝 | 배송 56/56 | 재적재  8 | 중계율 0.15 | alpha 0.756 | complete
Ep 618 | 드론4 목적지55 |  791스텝 | 배송 55/55 | 재적재  9 | 중계율 0.21 | alpha 0.757 | complete
Ep 619 | 드론3 목적지20 |  381스텝 | 배송 20/20 | 재적재  2 | 중계율 0.28 | alpha 0.760 | complete
Ep 620 | 드론3 목적지57 |  919스텝 | 배송 57/57 | 재적재  9 | 중계율 0.25 | alpha 0.760 | complete
Ep 621 | 드론3 목적지54 | 1000스텝 | 배송 52/54 | 재적재  9 | 중계율 0.31 | alpha 0.757 | step_limit
Ep 622 | 드론4 목적지50 |  439스텝 | 배송 50/50 | 재적재  8 | 중계율 0.10 | alpha 0.757 | complete
Ep 623 | 드론3 목적지48 |  859스텝 | 배송 48/48 | 재적재  9 | 중계율 0.19 | alpha 0.759 | complete
Ep 624 | 드론3 목적지66 | 1000스텝 | 배송 58/66 | 재적재 10 | 중계율 0.25 | alpha 0.754 | step_limit
Ep 625 | 드론3 목적지62 | 1000스텝 | 배송 48/62 | 재적재  9 | 중계율 0.22 | alpha 0.741 | step_limit
Ep 626 | 드론3 목적지52 |  752스텝 | 배송 52/52 | 재적재  9 | 중계율 0.23 | alpha 0.740 | complete
Ep 627 | 드론3 목적지59 | 1000스텝 | 배송 50/59 | 재적재  9 | 중계율 0.27 | alpha 0.739 | step_limit
Ep 628 | 드론4 목적지41 |  769스텝 | 배송 41/41 | 재적재  6 | 중계율 0.31 | alpha 0.733 | complete
Ep 629 | 드론4 목적지27 |  385스텝 | 배송 27/27 | 재적재  4 | 중계율 0.25 | alpha 0.736 | complete
Ep 630 | 드론3 목적지43 |  964스텝 | 배송 43/43 | 재적재  7 | 중계율 0.35 | alpha 0.748 | complete
Ep 631 | 드론3 목적지52 | 1000스텝 | 배송 50/52 | 재적재  7 | 중계율 0.36 | alpha 0.736 | step_limit
Ep 632 | 드론3 목적지73 | 1000스텝 | 배송 50/73 | 재적재  9 | 중계율 0.27 | alpha 0.729 | step_limit
Ep 633 | 드론3 목적지41 |  610스텝 | 배송 41/41 | 재적재  7 | 중계율 0.16 | alpha 0.719 | complete
Ep 634 | 드론3 목적지77 | 1000스텝 | 배송 60/77 | 재적재 10 | 중계율 0.28 | alpha 0.713 | step_limit
Ep 635 | 드론3 목적지74 | 1000스텝 | 배송 59/74 | 재적재 11 | 중계율 0.23 | alpha 0.709 | step_limit
Ep 636 | 드론3 목적지40 |  786스텝 | 배송 40/40 | 재적재  6 | 중계율 0.28 | alpha 0.707 | complete
Ep 637 | 드론4 목적지76 | 1000스텝 | 배송 56/76 | 재적재 10 | 중계율 0.35 | alpha 0.694 | step_limit
Ep 638 | 드론4 목적지73 |  920스텝 | 배송 73/73 | 재적재 13 | 중계율 0.20 | alpha 0.689 | complete
Ep 639 | 드론4 목적지36 |  771스텝 | 배송 36/36 | 재적재  6 | 중계율 0.30 | alpha 0.681 | complete
Ep 640 | 드론4 목적지21 |  409스텝 | 배송 21/21 | 재적재  3 | 중계율 0.31 | alpha 0.676 | complete
Ep 641 | 드론4 목적지76 | 1000스텝 | 배송 71/76 | 재적재 12 | 중계율 0.27 | alpha 0.673 | step_limit
Ep 642 | 드론4 목적지26 |  510스텝 | 배송 26/26 | 재적재  4 | 중계율 0.32 | alpha 0.659 | complete
Ep 643 | 드론3 목적지66 | 1000스텝 | 배송 65/66 | 재적재 11 | 중계율 0.21 | alpha 0.653 | step_limit
Ep 644 | 드론4 목적지30 |  556스텝 | 배송 30/30 | 재적재  5 | 중계율 0.24 | alpha 0.656 | complete
Ep 645 | 드론3 목적지41 |  942스텝 | 배송 41/41 | 재적재  6 | 중계율 0.30 | alpha 0.651 | complete
Ep 646 | 드론4 목적지80 | 1000스텝 | 배송 79/80 | 재적재 13 | 중계율 0.25 | alpha 0.648 | step_limit
Ep 647 | 드론4 목적지71 | 1000스텝 | 배송 69/71 | 재적재 12 | 중계율 0.26 | alpha 0.638 | step_limit
Ep 648 | 드론4 목적지70 | 1000스텝 | 배송 65/70 | 재적재 10 | 중계율 0.27 | alpha 0.626 | step_limit
Ep 649 | 드론3 목적지29 |  623스텝 | 배송 29/29 | 재적재  4 | 중계율 0.39 | alpha 0.621 | complete
Ep 650 | 드론3 목적지65 | 1000스텝 | 배송 64/65 | 재적재 11 | 중계율 0.21 | alpha 0.617 | step_limit
  [홀드아웃] 배송 39.7±10.4 완주 0.95 스텝 764 점수 124.8 재적재 6.1 2홉+ 0.55 [4/50 0.97·898 | 3/30 0.93·630] | 최고 128.6@ep400 정체 5/8
Ep 651 | 드론4 목적지80 | 1000스텝 | 배송 61/80 | 재적재 10 | 중계율 0.28 | alpha 0.611 | step_limit
Ep 652 | 드론3 목적지51 |  818스텝 | 배송 51/51 | 재적재  9 | 중계율 0.26 | alpha 0.607 | complete
Ep 653 | 드론3 목적지28 |  623스텝 | 배송 28/28 | 재적재  5 | 중계율 0.30 | alpha 0.605 | complete
Ep 654 | 드론3 목적지55 | 1000스텝 | 배송 51/55 | 재적재  9 | 중계율 0.32 | alpha 0.602 | step_limit
Ep 655 | 드론3 목적지53 |  917스텝 | 배송 53/53 | 재적재 10 | 중계율 0.19 | alpha 0.599 | complete
Ep 656 | 드론3 목적지65 | 1000스텝 | 배송 55/65 | 재적재  9 | 중계율 0.28 | alpha 0.606 | step_limit
Ep 657 | 드론3 목적지64 | 1000스텝 | 배송 58/64 | 재적재 10 | 중계율 0.32 | alpha 0.610 | step_limit
Ep 658 | 드론4 목적지75 | 1000스텝 | 배송 60/75 | 재적재  8 | 중계율 0.23 | alpha 0.614 | step_limit
Ep 659 | 드론4 목적지28 |  498스텝 | 배송 28/28 | 재적재  4 | 중계율 0.24 | alpha 0.615 | complete
Ep 660 | 드론3 목적지78 | 1000스텝 | 배송 62/78 | 재적재 10 | 중계율 0.19 | alpha 0.623 | step_limit
Ep 661 | 드론4 목적지73 |  755스텝 | 배송 73/73 | 재적재 13 | 중계율 0.18 | alpha 0.634 | complete
Ep 662 | 드론3 목적지29 |  472스텝 | 배송 29/29 | 재적재  5 | 중계율 0.25 | alpha 0.642 | complete
Ep 663 | 드론4 목적지64 | 1000스텝 | 배송 63/64 | 재적재 11 | 중계율 0.31 | alpha 0.648 | step_limit
Ep 664 | 드론3 목적지33 |  843스텝 | 배송 33/33 | 재적재  5 | 중계율 0.30 | alpha 0.656 | complete
Ep 665 | 드론3 목적지57 | 1000스텝 | 배송 51/57 | 재적재 10 | 중계율 0.24 | alpha 0.664 | step_limit
Ep 666 | 드론4 목적지61 |  771스텝 | 배송 61/61 | 재적재 10 | 중계율 0.25 | alpha 0.666 | complete
Ep 667 | 드론4 목적지22 |  335스텝 | 배송 22/22 | 재적재  2 | 중계율 0.26 | alpha 0.669 | complete
Ep 668 | 드론3 목적지21 |  545스텝 | 배송 21/21 | 재적재  3 | 중계율 0.30 | alpha 0.665 | complete
Ep 669 | 드론4 목적지63 |  857스텝 | 배송 63/63 | 재적재 11 | 중계율 0.23 | alpha 0.667 | complete
Ep 670 | 드론3 목적지59 |  986스텝 | 배송 59/59 | 재적재 11 | 중계율 0.21 | alpha 0.677 | complete
Ep 671 | 드론3 목적지57 | 1000스텝 | 배송 56/57 | 재적재 10 | 중계율 0.16 | alpha 0.666 | step_limit
Ep 672 | 드론4 목적지27 |  494스텝 | 배송 27/27 | 재적재  3 | 중계율 0.29 | alpha 0.667 | complete
Ep 673 | 드론4 목적지24 |  378스텝 | 배송 24/24 | 재적재  2 | 중계율 0.23 | alpha 0.665 | complete
Ep 674 | 드론3 목적지54 |  998스텝 | 배송 54/54 | 재적재 10 | 중계율 0.23 | alpha 0.656 | complete
Ep 675 | 드론4 목적지34 |  489스텝 | 배송 34/34 | 재적재  5 | 중계율 0.19 | alpha 0.661 | complete
Ep 676 | 드론4 목적지42 |  700스텝 | 배송 42/42 | 재적재  6 | 중계율 0.21 | alpha 0.663 | complete
Ep 677 | 드론3 목적지80 | 1000스텝 | 배송 62/80 | 재적재 10 | 중계율 0.22 | alpha 0.658 | step_limit
Ep 678 | 드론3 목적지44 |  912스텝 | 배송 44/44 | 재적재  7 | 중계율 0.29 | alpha 0.657 | complete
Ep 679 | 드론4 목적지24 |  573스텝 | 배송 24/24 | 재적재  4 | 중계율 0.21 | alpha 0.658 | complete
Ep 680 | 드론4 목적지72 | 1000스텝 | 배송 70/72 | 재적재 12 | 중계율 0.27 | alpha 0.662 | step_limit
Ep 681 | 드론3 목적지49 | 1000스텝 | 배송 45/49 | 재적재  8 | 중계율 0.34 | alpha 0.665 | step_limit
Ep 682 | 드론3 목적지52 | 1000스텝 | 배송 51/52 | 재적재  9 | 중계율 0.28 | alpha 0.668 | step_limit
Ep 683 | 드론4 목적지80 | 1000스텝 | 배송 76/80 | 재적재 13 | 중계율 0.27 | alpha 0.653 | step_limit
Ep 684 | 드론4 목적지64 |  953스텝 | 배송 64/64 | 재적재 11 | 중계율 0.30 | alpha 0.645 | complete
Ep 685 | 드론4 목적지55 |  822스텝 | 배송 55/55 | 재적재  9 | 중계율 0.31 | alpha 0.644 | complete
Ep 686 | 드론4 목적지45 |  444스텝 | 배송 45/45 | 재적재  7 | 중계율 0.19 | alpha 0.648 | complete
Ep 687 | 드론3 목적지64 | 1000스텝 | 배송 54/64 | 재적재  8 | 중계율 0.28 | alpha 0.649 | step_limit
Ep 688 | 드론4 목적지52 | 1000스텝 | 배송 51/52 | 재적재  8 | 중계율 0.32 | alpha 0.654 | step_limit
Ep 689 | 드론3 목적지22 |  380스텝 | 배송 22/22 | 재적재  3 | 중계율 0.20 | alpha 0.654 | complete
Ep 690 | 드론4 목적지70 |  974스텝 | 배송 70/70 | 재적재 12 | 중계율 0.27 | alpha 0.654 | complete
Ep 691 | 드론4 목적지70 |  911스텝 | 배송 70/70 | 재적재 12 | 중계율 0.25 | alpha 0.651 | complete
Ep 692 | 드론4 목적지34 |  392스텝 | 배송 34/34 | 재적재  4 | 중계율 0.13 | alpha 0.659 | complete
Ep 693 | 드론3 목적지31 |  634스텝 | 배송 31/31 | 재적재  5 | 중계율 0.32 | alpha 0.662 | complete
Ep 694 | 드론4 목적지67 | 1000스텝 | 배송 58/67 | 재적재  9 | 중계율 0.30 | alpha 0.661 | step_limit
Ep 695 | 드론4 목적지76 | 1000스텝 | 배송 70/76 | 재적재 12 | 중계율 0.27 | alpha 0.657 | step_limit
Ep 696 | 드론3 목적지45 |  879스텝 | 배송 45/45 | 재적재  7 | 중계율 0.26 | alpha 0.653 | complete
Ep 697 | 드론4 목적지36 |  539스텝 | 배송 36/36 | 재적재  6 | 중계율 0.22 | alpha 0.654 | complete
Ep 698 | 드론3 목적지34 |  760스텝 | 배송 34/34 | 재적재  5 | 중계율 0.31 | alpha 0.654 | complete
Ep 699 | 드론4 목적지46 |  864스텝 | 배송 46/46 | 재적재  7 | 중계율 0.37 | alpha 0.655 | complete
Ep 700 | 드론3 목적지57 | 1000스텝 | 배송 55/57 | 재적재 10 | 중계율 0.30 | alpha 0.660 | step_limit
  [홀드아웃] 배송 39.9±9.9 완주 0.95 스텝 792 점수 124.4 재적재 6.1 2홉+ 0.55 [4/50 0.93·918 | 3/30 0.97·666] | 최고 128.6@ep400 정체 6/8
Ep 701 | 드론4 목적지28 |  725스텝 | 배송 28/28 | 재적재  4 | 중계율 0.27 | alpha 0.664 | complete
Ep 702 | 드론3 목적지27 |  802스텝 | 배송 27/27 | 재적재  4 | 중계율 0.28 | alpha 0.676 | complete
Ep 703 | 드론4 목적지49 |  796스텝 | 배송 49/49 | 재적재  8 | 중계율 0.32 | alpha 0.688 | complete
Ep 704 | 드론4 목적지63 |  678스텝 | 배송 63/63 | 재적재 10 | 중계율 0.17 | alpha 0.687 | complete
Ep 705 | 드론3 목적지70 | 1000스텝 | 배송 55/70 | 재적재 10 | 중계율 0.28 | alpha 0.683 | step_limit
Ep 706 | 드론4 목적지38 |  651스텝 | 배송 38/38 | 재적재  6 | 중계율 0.29 | alpha 0.679 | complete
Ep 707 | 드론3 목적지71 | 1000스텝 | 배송 52/71 | 재적재  9 | 중계율 0.20 | alpha 0.679 | step_limit
Ep 708 | 드론3 목적지37 |  778스텝 | 배송 37/37 | 재적재  5 | 중계율 0.28 | alpha 0.679 | complete
Ep 709 | 드론3 목적지32 |  855스텝 | 배송 32/32 | 재적재  5 | 중계율 0.28 | alpha 0.685 | complete
Ep 710 | 드론3 목적지24 |  437스텝 | 배송 24/24 | 재적재  3 | 중계율 0.23 | alpha 0.684 | complete
Ep 711 | 드론4 목적지58 |  727스텝 | 배송 58/58 | 재적재 11 | 중계율 0.23 | alpha 0.685 | complete
Ep 712 | 드론3 목적지63 | 1000스텝 | 배송 55/63 | 재적재  9 | 중계율 0.30 | alpha 0.691 | step_limit
Ep 713 | 드론4 목적지32 |  430스텝 | 배송 32/32 | 재적재  4 | 중계율 0.19 | alpha 0.694 | complete
Ep 714 | 드론3 목적지69 | 1000스텝 | 배송 63/69 | 재적재 11 | 중계율 0.21 | alpha 0.695 | step_limit
Ep 715 | 드론4 목적지76 | 1000스텝 | 배송 65/76 | 재적재 12 | 중계율 0.26 | alpha 0.697 | step_limit
Ep 716 | 드론4 목적지44 |  629스텝 | 배송 44/44 | 재적재  8 | 중계율 0.27 | alpha 0.703 | complete
Ep 717 | 드론3 목적지51 | 1000스텝 | 배송 50/51 | 재적재  8 | 중계율 0.32 | alpha 0.700 | step_limit
Ep 718 | 드론4 목적지22 |  325스텝 | 배송 22/22 | 재적재  2 | 중계율 0.19 | alpha 0.697 | complete
Ep 719 | 드론4 목적지23 |  377스텝 | 배송 23/23 | 재적재  3 | 중계율 0.16 | alpha 0.700 | complete
Ep 720 | 드론3 목적지24 |  410스텝 | 배송 24/24 | 재적재  3 | 중계율 0.11 | alpha 0.698 | complete
Ep 721 | 드론3 목적지29 |  938스텝 | 배송 29/29 | 재적재  5 | 중계율 0.26 | alpha 0.707 | complete
Ep 722 | 드론4 목적지56 |  601스텝 | 배송 56/56 | 재적재 10 | 중계율 0.18 | alpha 0.698 | complete
Ep 723 | 드론4 목적지63 |  804스텝 | 배송 63/63 | 재적재 10 | 중계율 0.16 | alpha 0.697 | complete
Ep 724 | 드론3 목적지34 | 1000스텝 | 배송 30/34 | 재적재  5 | 중계율 0.42 | alpha 0.696 | step_limit
Ep 725 | 드론3 목적지27 |  769스텝 | 배송 27/27 | 재적재  5 | 중계율 0.30 | alpha 0.693 | complete
Ep 726 | 드론4 목적지69 | 1000스텝 | 배송 45/69 | 재적재  8 | 중계율 0.27 | alpha 0.685 | step_limit
Ep 727 | 드론4 목적지37 |  534스텝 | 배송 37/37 | 재적재  5 | 중계율 0.27 | alpha 0.688 | complete
Ep 728 | 드론3 목적지75 | 1000스텝 | 배송 61/75 | 재적재 11 | 중계율 0.22 | alpha 0.689 | step_limit
Ep 729 | 드론4 목적지60 |  799스텝 | 배송 60/60 | 재적재 10 | 중계율 0.24 | alpha 0.698 | complete
Ep 730 | 드론3 목적지67 | 1000스텝 | 배송 45/67 | 재적재  6 | 중계율 0.18 | alpha 0.695 | step_limit
Ep 731 | 드론3 목적지62 | 1000스텝 | 배송 55/62 | 재적재 10 | 중계율 0.25 | alpha 0.698 | step_limit
Ep 732 | 드론3 목적지70 | 1000스텝 | 배송 65/70 | 재적재 13 | 중계율 0.26 | alpha 0.698 | step_limit
Ep 733 | 드론4 목적지62 |  586스텝 | 배송 62/62 | 재적재 10 | 중계율 0.13 | alpha 0.698 | complete
Ep 734 | 드론3 목적지59 | 1000스텝 | 배송 57/59 | 재적재 10 | 중계율 0.25 | alpha 0.691 | step_limit
Ep 735 | 드론4 목적지49 |  609스텝 | 배송 49/49 | 재적재  8 | 중계율 0.17 | alpha 0.695 | complete
Ep 736 | 드론3 목적지62 | 1000스텝 | 배송 56/62 | 재적재 10 | 중계율 0.26 | alpha 0.693 | step_limit
Ep 737 | 드론4 목적지54 |  740스텝 | 배송 54/54 | 재적재  8 | 중계율 0.28 | alpha 0.691 | complete
Ep 738 | 드론3 목적지63 | 1000스텝 | 배송 55/63 | 재적재 10 | 중계율 0.31 | alpha 0.684 | step_limit
Ep 739 | 드론4 목적지80 | 1000스텝 | 배송 75/80 | 재적재 12 | 중계율 0.30 | alpha 0.688 | step_limit
Ep 740 | 드론3 목적지80 | 1000스텝 | 배송 74/80 | 재적재 12 | 중계율 0.24 | alpha 0.678 | step_limit
Ep 741 | 드론4 목적지74 | 1000스텝 | 배송 61/74 | 재적재 11 | 중계율 0.26 | alpha 0.684 | step_limit
Ep 742 | 드론3 목적지72 | 1000스텝 | 배송 67/72 | 재적재 12 | 중계율 0.23 | alpha 0.692 | step_limit
Ep 743 | 드론3 목적지71 | 1000스텝 | 배송 68/71 | 재적재 11 | 중계율 0.24 | alpha 0.692 | step_limit
Ep 744 | 드론3 목적지78 | 1000스텝 | 배송 76/78 | 재적재 13 | 중계율 0.16 | alpha 0.697 | step_limit
Ep 745 | 드론3 목적지28 |  719스텝 | 배송 28/28 | 재적재  4 | 중계율 0.34 | alpha 0.702 | complete
Ep 746 | 드론4 목적지35 |  649스텝 | 배송 35/35 | 재적재  5 | 중계율 0.34 | alpha 0.707 | complete
Ep 747 | 드론3 목적지48 | 1000스텝 | 배송 41/48 | 재적재  6 | 중계율 0.33 | alpha 0.707 | step_limit
Ep 748 | 드론3 목적지53 | 1000스텝 | 배송 50/53 | 재적재  9 | 중계율 0.28 | alpha 0.694 | step_limit
Ep 749 | 드론3 목적지31 |  861스텝 | 배송 31/31 | 재적재  5 | 중계율 0.24 | alpha 0.699 | complete
Ep 750 | 드론4 목적지47 |  745스텝 | 배송 47/47 | 재적재  7 | 중계율 0.24 | alpha 0.698 | complete
  [홀드아웃] 배송 39.9±10.0 완주 0.96 스텝 788 점수 125.7 재적재 6.2 2홉+ 0.55 [4/50 0.97·906 | 3/30 0.95·671] | 최고 128.6@ep400 정체 7/8
Ep 751 | 드론3 목적지38 |  663스텝 | 배송 38/38 | 재적재  6 | 중계율 0.22 | alpha 0.701 | complete
Ep 752 | 드론3 목적지26 |  483스텝 | 배송 26/26 | 재적재  4 | 중계율 0.18 | alpha 0.700 | complete
Ep 753 | 드론3 목적지36 |  846스텝 | 배송 36/36 | 재적재  6 | 중계율 0.24 | alpha 0.698 | complete
Ep 754 | 드론4 목적지28 |  486스텝 | 배송 28/28 | 재적재  4 | 중계율 0.26 | alpha 0.703 | complete
Ep 755 | 드론4 목적지51 |  577스텝 | 배송 51/51 | 재적재  8 | 중계율 0.19 | alpha 0.705 | complete
Ep 756 | 드론4 목적지36 |  656스텝 | 배송 36/36 | 재적재  6 | 중계율 0.31 | alpha 0.705 | complete
Ep 757 | 드론3 목적지25 |  640스텝 | 배송 25/25 | 재적재  3 | 중계율 0.17 | alpha 0.697 | complete
Ep 758 | 드론3 목적지26 |  577스텝 | 배송 26/26 | 재적재  4 | 중계율 0.24 | alpha 0.696 | complete
Ep 759 | 드론3 목적지57 |  801스텝 | 배송 57/57 | 재적재 10 | 중계율 0.14 | alpha 0.684 | complete
Ep 760 | 드론4 목적지75 | 1000스텝 | 배송 73/75 | 재적재 12 | 중계율 0.31 | alpha 0.691 | step_limit
Ep 761 | 드론4 목적지32 |  661스텝 | 배송 32/32 | 재적재  5 | 중계율 0.27 | alpha 0.683 | complete
Ep 762 | 드론3 목적지21 |  572스텝 | 배송 21/21 | 재적재  2 | 중계율 0.23 | alpha 0.684 | complete
Ep 763 | 드론4 목적지39 |  593스텝 | 배송 39/39 | 재적재  7 | 중계율 0.25 | alpha 0.682 | complete
Ep 764 | 드론4 목적지43 |  648스텝 | 배송 43/43 | 재적재  6 | 중계율 0.16 | alpha 0.675 | complete
Ep 765 | 드론4 목적지42 |  866스텝 | 배송 42/42 | 재적재  8 | 중계율 0.36 | alpha 0.677 | complete
Ep 766 | 드론3 목적지54 |  895스텝 | 배송 54/54 | 재적재  9 | 중계율 0.25 | alpha 0.677 | complete
Ep 767 | 드론3 목적지65 |  875스텝 | 배송 65/65 | 재적재 11 | 중계율 0.22 | alpha 0.684 | complete
Ep 768 | 드론4 목적지62 |  789스텝 | 배송 62/62 | 재적재 10 | 중계율 0.13 | alpha 0.685 | complete
Ep 769 | 드론3 목적지34 |  603스텝 | 배송 34/34 | 재적재  6 | 중계율 0.14 | alpha 0.683 | complete
Ep 770 | 드론4 목적지20 |  297스텝 | 배송 20/20 | 재적재  3 | 중계율 0.16 | alpha 0.683 | complete
Ep 771 | 드론3 목적지59 | 1000스텝 | 배송 56/59 | 재적재  9 | 중계율 0.27 | alpha 0.676 | step_limit
Ep 772 | 드론4 목적지46 | 1000스텝 | 배송 43/46 | 재적재  6 | 중계율 0.37 | alpha 0.671 | step_limit
Ep 773 | 드론4 목적지53 |  664스텝 | 배송 53/53 | 재적재 10 | 중계율 0.18 | alpha 0.671 | complete
Ep 774 | 드론4 목적지76 |  995스텝 | 배송 76/76 | 재적재 14 | 중계율 0.25 | alpha 0.667 | complete
Ep 775 | 드론3 목적지22 |  696스텝 | 배송 22/22 | 재적재  3 | 중계율 0.38 | alpha 0.669 | complete
Ep 776 | 드론4 목적지67 |  832스텝 | 배송 67/67 | 재적재 12 | 중계율 0.20 | alpha 0.661 | complete
Ep 777 | 드론3 목적지47 |  890스텝 | 배송 47/47 | 재적재  8 | 중계율 0.27 | alpha 0.661 | complete
Ep 778 | 드론4 목적지61 |  697스텝 | 배송 61/61 | 재적재 11 | 중계율 0.21 | alpha 0.667 | complete
Ep 779 | 드론3 목적지51 |  918스텝 | 배송 51/51 | 재적재  9 | 중계율 0.26 | alpha 0.673 | complete
Ep 780 | 드론4 목적지50 |  784스텝 | 배송 50/50 | 재적재  7 | 중계율 0.33 | alpha 0.677 | complete
Ep 781 | 드론3 목적지50 |  864스텝 | 배송 50/50 | 재적재  9 | 중계율 0.28 | alpha 0.685 | complete
Ep 782 | 드론3 목적지34 |  624스텝 | 배송 34/34 | 재적재  5 | 중계율 0.26 | alpha 0.691 | complete
Ep 783 | 드론3 목적지56 |  641스텝 | 배송 56/56 | 재적재  9 | 중계율 0.15 | alpha 0.698 | complete
Ep 784 | 드론4 목적지76 | 1000스텝 | 배송 62/76 | 재적재 11 | 중계율 0.29 | alpha 0.710 | step_limit
Ep 785 | 드론4 목적지60 |  779스텝 | 배송 60/60 | 재적재 10 | 중계율 0.24 | alpha 0.706 | complete
Ep 786 | 드론4 목적지59 |  560스텝 | 배송 59/59 | 재적재 10 | 중계율 0.12 | alpha 0.716 | complete
Ep 787 | 드론3 목적지63 | 1000스텝 | 배송 55/63 | 재적재 10 | 중계율 0.26 | alpha 0.720 | step_limit
Ep 788 | 드론3 목적지67 | 1000스텝 | 배송 52/67 | 재적재  9 | 중계율 0.26 | alpha 0.721 | step_limit
Ep 789 | 드론4 목적지42 |  797스텝 | 배송 42/42 | 재적재  7 | 중계율 0.33 | alpha 0.726 | complete
Ep 790 | 드론4 목적지20 |  281스텝 | 배송 20/20 | 재적재  3 | 중계율 0.14 | alpha 0.726 | complete
Ep 791 | 드론4 목적지27 |  655스텝 | 배송 27/27 | 재적재  4 | 중계율 0.36 | alpha 0.727 | complete
Ep 792 | 드론4 목적지75 | 1000스텝 | 배송 66/75 | 재적재 11 | 중계율 0.29 | alpha 0.718 | step_limit
Ep 793 | 드론4 목적지38 |  509스텝 | 배송 38/38 | 재적재  5 | 중계율 0.27 | alpha 0.716 | complete
Ep 794 | 드론3 목적지51 | 1000스텝 | 배송 50/51 | 재적재  9 | 중계율 0.25 | alpha 0.714 | step_limit
Ep 795 | 드론3 목적지21 | 1000스텝 | 배송 20/21 | 재적재  3 | 중계율 0.35 | alpha 0.715 | step_limit
Ep 796 | 드론4 목적지43 |  717스텝 | 배송 43/43 | 재적재  6 | 중계율 0.30 | alpha 0.707 | complete
Ep 797 | 드론4 목적지28 |  400스텝 | 배송 28/28 | 재적재  3 | 중계율 0.26 | alpha 0.709 | complete
Ep 798 | 드론3 목적지58 | 1000스텝 | 배송 55/58 | 재적재  9 | 중계율 0.27 | alpha 0.718 | step_limit
Ep 799 | 드론4 목적지22 |  364스텝 | 배송 22/22 | 재적재  3 | 중계율 0.23 | alpha 0.715 | complete
Ep 800 | 드론3 목적지39 |  679스텝 | 배송 39/39 | 재적재  6 | 중계율 0.30 | alpha 0.717 | complete
  [홀드아웃] 배송 39.6±9.8 완주 0.95 스텝 753 점수 125.0 재적재 6.2 2홉+ 0.55 [4/50 0.93·864 | 3/30 0.97·642] | 최고 128.6@ep400 정체 8/8

조기 종료. 최고 128.6@ep400
Training finished. best=128.6 @ ep400
