/home/kopt/enter/envs/wsl_neuroMCTS/lib/python3.10/site-packages/pygame/pkgdata.py:25: UserWarning: pkg_resources is deprecated as an API. See https://setuptools.pypa.io/en/latest/pkg_resources.html. The pkg_resources package is slated for removal as early as 2025-11-30. Refrain from using this package or pin to Setuptools<81.
  from pkg_resources import resource_stream, resource_exists
pygame 2.6.1 (SDL 2.28.4, Python 3.10.19)
Hello from the pygame community. https://www.pygame.org/contribute.html
집합 상위 학습 | 반경 300 상한 1000 무배송 500 gamma 0.997 구성=무작위 드론[3, 4] 목적지[20, 80] CC무작위 인스턴스=무작위 목표유지=off 완주보상=0.0 잔여페널티=0.1 규칙관측=False 규칙정규화=2.0/중계가중치=1.0 막힘페널티=0.0 중계크레딧=6.0/드론별보상=True 도달권shaping=0.0 정체전환보상=0.0 엔트로피비=0.6->0.25@400 자기회귀=True 홀드아웃상한=3000 선택=makespan/속도가중치=40.0
/home/kopt/drone/proposed_src/pipeline/train_v5_26_09_15_23.py:404: UserWarning: Converting a tensor with requires_grad=True to a scalar may lead to unexpected behavior.
Consider using tensor.detach() first. (Triggered internally at /pytorch/torch/csrc/autograd/generated/python_variable_methods.cpp:836.)
  writer.add_scalar("train/alpha", float(log_alpha.exp()), ep)
Ep 1 | 드론4 목적지57 | 1000스텝 | 배송 47/57 | 재적재  8 | 중계율 0.16 | alpha 0.100 | step_limit
Ep 2 | 드론3 목적지50 | 1000스텝 | 배송 36/50 | 재적재  7 | 중계율 0.17 | alpha 0.100 | step_limit
Ep 3 | 드론4 목적지72 | 1000스텝 | 배송 55/72 | 재적재  8 | 중계율 0.14 | alpha 0.100 | step_limit
Ep 4 | 드론3 목적지46 | 1000스텝 | 배송 37/46 | 재적재  7 | 중계율 0.14 | alpha 0.100 | step_limit
Ep 5 | 드론3 목적지58 | 1000스텝 | 배송 50/58 | 재적재  7 | 중계율 0.35 | alpha 0.105 | step_limit
Ep 6 | 드론3 목적지61 | 1000스텝 | 배송 55/61 | 재적재 10 | 중계율 0.33 | alpha 0.116 | step_limit
Ep 7 | 드론3 목적지30 |  547스텝 | 배송 30/30 | 재적재  3 | 중계율 0.34 | alpha 0.122 | complete
Ep 8 | 드론3 목적지69 | 1000스텝 | 배송 56/69 | 재적재  9 | 중계율 0.24 | alpha 0.132 | step_limit
Ep 9 | 드론3 목적지66 | 1000스텝 | 배송 57/66 | 재적재  9 | 중계율 0.34 | alpha 0.143 | step_limit
Ep 10 | 드론3 목적지26 |  676스텝 | 배송 26/26 | 재적재  5 | 중계율 0.31 | alpha 0.151 | complete
Ep 11 | 드론4 목적지32 |  378스텝 | 배송 32/32 | 재적재  3 | 중계율 0.23 | alpha 0.156 | complete
Ep 12 | 드론3 목적지35 |  619스텝 | 배송 35/35 | 재적재  5 | 중계율 0.27 | alpha 0.163 | complete
Ep 13 | 드론3 목적지23 |  455스텝 | 배송 23/23 | 재적재  3 | 중계율 0.34 | alpha 0.169 | complete
Ep 14 | 드론3 목적지61 | 1000스텝 | 배송 54/61 | 재적재  9 | 중계율 0.34 | alpha 0.182 | step_limit
Ep 15 | 드론4 목적지78 |  970스텝 | 배송 78/78 | 재적재 13 | 중계율 0.25 | alpha 0.196 | complete
Ep 16 | 드론4 목적지46 |  604스텝 | 배송 46/46 | 재적재  6 | 중계율 0.31 | alpha 0.205 | complete
Ep 17 | 드론4 목적지74 |  784스텝 | 배송 74/74 | 재적재 11 | 중계율 0.27 | alpha 0.217 | complete
Ep 18 | 드론3 목적지24 |  442스텝 | 배송 24/24 | 재적재  3 | 중계율 0.43 | alpha 0.224 | complete
Ep 19 | 드론4 목적지24 |  479스텝 | 배송 24/24 | 재적재  2 | 중계율 0.40 | alpha 0.232 | complete
Ep 20 | 드론3 목적지66 |  912스텝 | 배송 66/66 | 재적재 11 | 중계율 0.25 | alpha 0.248 | complete
Ep 21 | 드론3 목적지43 |  696스텝 | 배송 43/43 | 재적재  6 | 중계율 0.26 | alpha 0.262 | complete
Ep 22 | 드론3 목적지43 |  620스텝 | 배송 43/43 | 재적재  8 | 중계율 0.20 | alpha 0.274 | complete
Ep 23 | 드론3 목적지22 |  603스텝 | 배송 22/22 | 재적재  4 | 중계율 0.43 | alpha 0.286 | complete
Ep 24 | 드론3 목적지35 |  902스텝 | 배송 35/35 | 재적재  4 | 중계율 0.34 | alpha 0.306 | complete
Ep 25 | 드론4 목적지25 |  561스텝 | 배송 25/25 | 재적재  2 | 중계율 0.43 | alpha 0.318 | complete
Ep 26 | 드론3 목적지79 | 1000스텝 | 배송 60/79 | 재적재 10 | 중계율 0.23 | alpha 0.342 | step_limit
Ep 27 | 드론4 목적지63 | 1000스텝 | 배송 55/63 | 재적재  8 | 중계율 0.42 | alpha 0.368 | step_limit
Ep 28 | 드론3 목적지77 | 1000스텝 | 배송 64/77 | 재적재 11 | 중계율 0.31 | alpha 0.395 | step_limit
Ep 29 | 드론3 목적지34 |  903스텝 | 배송 34/34 | 재적재  5 | 중계율 0.40 | alpha 0.422 | complete
Ep 30 | 드론3 목적지25 |  640스텝 | 배송 25/25 | 재적재  4 | 중계율 0.41 | alpha 0.441 | complete
Ep 31 | 드론4 목적지68 | 1000스텝 | 배송 64/68 | 재적재 11 | 중계율 0.32 | alpha 0.474 | step_limit
Ep 32 | 드론3 목적지79 | 1000스텝 | 배송 60/79 | 재적재  9 | 중계율 0.36 | alpha 0.509 | step_limit
Ep 33 | 드론3 목적지62 | 1000스텝 | 배송 50/62 | 재적재  8 | 중계율 0.37 | alpha 0.545 | step_limit
Ep 34 | 드론3 목적지33 |  529스텝 | 배송 33/33 | 재적재  5 | 중계율 0.22 | alpha 0.566 | complete
Ep 35 | 드론3 목적지26 |  745스텝 | 배송 26/26 | 재적재  4 | 중계율 0.39 | alpha 0.596 | complete
Ep 36 | 드론3 목적지57 | 1000스텝 | 배송 46/57 | 재적재  8 | 중계율 0.35 | alpha 0.638 | step_limit
Ep 37 | 드론3 목적지29 |  667스텝 | 배송 29/29 | 재적재  3 | 중계율 0.42 | alpha 0.668 | complete
Ep 38 | 드론4 목적지63 | 1000스텝 | 배송 55/63 | 재적재  9 | 중계율 0.34 | alpha 0.714 | step_limit
Ep 39 | 드론4 목적지44 | 1000스텝 | 배송 38/44 | 재적재  5 | 중계율 0.37 | alpha 0.763 | step_limit
Ep 40 | 드론4 목적지56 |  975스텝 | 배송 56/56 | 재적재  9 | 중계율 0.35 | alpha 0.812 | complete
Ep 41 | 드론4 목적지21 |  694스텝 | 배송 21/21 | 재적재  2 | 중계율 0.49 | alpha 0.849 | complete
Ep 42 | 드론3 목적지24 |  611스텝 | 배송 24/24 | 재적재  3 | 중계율 0.42 | alpha 0.882 | complete
Ep 43 | 드론3 목적지52 | 1000스텝 | 배송 51/52 | 재적재  8 | 중계율 0.37 | alpha 0.940 | step_limit
Ep 44 | 드론3 목적지72 | 1000스텝 | 배송 65/72 | 재적재 10 | 중계율 0.26 | alpha 0.999 | step_limit
Ep 45 | 드론3 목적지52 | 1000스텝 | 배송 51/52 | 재적재  9 | 중계율 0.39 | alpha 1.059 | step_limit
Ep 46 | 드론4 목적지72 | 1000스텝 | 배송 71/72 | 재적재 12 | 중계율 0.25 | alpha 1.121 | step_limit
Ep 47 | 드론3 목적지69 | 1000스텝 | 배송 58/69 | 재적재  9 | 중계율 0.26 | alpha 1.181 | step_limit
Ep 48 | 드론3 목적지56 | 1000스텝 | 배송 48/56 | 재적재  8 | 중계율 0.28 | alpha 1.239 | step_limit
Ep 49 | 드론4 목적지78 | 1000스텝 | 배송 74/78 | 재적재 11 | 중계율 0.31 | alpha 1.297 | step_limit
Ep 50 | 드론4 목적지40 | 1000스텝 | 배송 29/40 | 재적재  3 | 중계율 0.47 | alpha 1.348 | step_limit
  [홀드아웃] 배송 49.8±1.4 완주 0.99 스텝 1335 점수 120.9 재적재 7.7 2홉+ 0.63 | 최고 120.9@ep50 정체 0/15  ← 갱신
Ep 51 | 드론4 목적지51 |  726스텝 | 배송 51/51 | 재적재  9 | 중계율 0.25 | alpha 1.383 | complete
Ep 52 | 드론3 목적지42 | 1000스텝 | 배송 41/42 | 재적재  8 | 중계율 0.38 | alpha 1.430 | step_limit
Ep 53 | 드론4 목적지60 | 1000스텝 | 배송 56/60 | 재적재 10 | 중계율 0.24 | alpha 1.471 | step_limit
Ep 54 | 드론3 목적지49 | 1000스텝 | 배송 44/49 | 재적재  7 | 중계율 0.24 | alpha 1.502 | step_limit
Ep 55 | 드론3 목적지40 |  754스텝 | 배송 40/40 | 재적재  6 | 중계율 0.32 | alpha 1.522 | complete
Ep 56 | 드론4 목적지61 | 1000스텝 | 배송 58/61 | 재적재 10 | 중계율 0.30 | alpha 1.546 | step_limit
Ep 57 | 드론3 목적지53 | 1000스텝 | 배송 42/53 | 재적재  6 | 중계율 0.34 | alpha 1.563 | step_limit
Ep 58 | 드론4 목적지57 | 1000스텝 | 배송 50/57 | 재적재  8 | 중계율 0.39 | alpha 1.582 | step_limit
Ep 59 | 드론3 목적지50 | 1000스텝 | 배송 48/50 | 재적재  9 | 중계율 0.30 | alpha 1.590 | step_limit
Ep 60 | 드론3 목적지21 |  912스텝 | 배송 21/21 | 재적재  3 | 중계율 0.40 | alpha 1.592 | complete
Ep 61 | 드론4 목적지26 |  514스텝 | 배송 26/26 | 재적재  4 | 중계율 0.31 | alpha 1.590 | complete
Ep 62 | 드론4 목적지55 | 1000스텝 | 배송 50/55 | 재적재  7 | 중계율 0.40 | alpha 1.591 | step_limit
Ep 63 | 드론4 목적지68 | 1000스텝 | 배송 59/68 | 재적재 10 | 중계율 0.32 | alpha 1.585 | step_limit
Ep 64 | 드론3 목적지41 |  955스텝 | 배송 41/41 | 재적재  7 | 중계율 0.35 | alpha 1.570 | complete
Ep 65 | 드론4 목적지68 |  933스텝 | 배송 68/68 | 재적재 12 | 중계율 0.27 | alpha 1.551 | complete
Ep 66 | 드론3 목적지61 | 1000스텝 | 배송 59/61 | 재적재 10 | 중계율 0.24 | alpha 1.554 | step_limit
Ep 67 | 드론3 목적지53 | 1000스텝 | 배송 45/53 | 재적재  7 | 중계율 0.32 | alpha 1.546 | step_limit
Ep 68 | 드론3 목적지44 |  960스텝 | 배송 44/44 | 재적재  7 | 중계율 0.26 | alpha 1.526 | complete
Ep 69 | 드론3 목적지34 |  909스텝 | 배송 34/34 | 재적재  5 | 중계율 0.31 | alpha 1.528 | complete
Ep 70 | 드론3 목적지31 | 1000스텝 | 배송 29/31 | 재적재  4 | 중계율 0.42 | alpha 1.515 | step_limit
Ep 71 | 드론4 목적지71 | 1000스텝 | 배송 68/71 | 재적재 13 | 중계율 0.22 | alpha 1.489 | step_limit
Ep 72 | 드론3 목적지53 | 1000스텝 | 배송 42/53 | 재적재  7 | 중계율 0.34 | alpha 1.495 | step_limit
Ep 73 | 드론3 목적지21 |  809스텝 | 배송 21/21 | 재적재  2 | 중계율 0.40 | alpha 1.476 | complete
Ep 74 | 드론4 목적지45 | 1000스텝 | 배송 44/45 | 재적재  6 | 중계율 0.33 | alpha 1.482 | step_limit
Ep 75 | 드론4 목적지40 |  925스텝 | 배송 40/40 | 재적재  6 | 중계율 0.34 | alpha 1.478 | complete
Ep 76 | 드론3 목적지75 | 1000스텝 | 배송 50/75 | 재적재 10 | 중계율 0.33 | alpha 1.462 | step_limit
Ep 77 | 드론4 목적지24 |  575스텝 | 배송 24/24 | 재적재  3 | 중계율 0.38 | alpha 1.466 | complete
Ep 78 | 드론3 목적지64 | 1000스텝 | 배송 53/64 | 재적재  9 | 중계율 0.31 | alpha 1.465 | step_limit
Ep 79 | 드론3 목적지41 |  998스텝 | 배송 41/41 | 재적재  6 | 중계율 0.38 | alpha 1.479 | complete
Ep 80 | 드론3 목적지69 | 1000스텝 | 배송 52/69 | 재적재  8 | 중계율 0.23 | alpha 1.478 | step_limit
Ep 81 | 드론4 목적지47 | 1000스텝 | 배송 43/47 | 재적재  7 | 중계율 0.30 | alpha 1.462 | step_limit
Ep 82 | 드론4 목적지69 | 1000스텝 | 배송 52/69 | 재적재  8 | 중계율 0.30 | alpha 1.444 | step_limit
Ep 83 | 드론4 목적지31 |  773스텝 | 배송 31/31 | 재적재  4 | 중계율 0.41 | alpha 1.443 | complete
Ep 84 | 드론3 목적지33 | 1000스텝 | 배송 30/33 | 재적재  5 | 중계율 0.35 | alpha 1.436 | step_limit
Ep 85 | 드론3 목적지38 |  902스텝 | 배송 38/38 | 재적재  7 | 중계율 0.26 | alpha 1.424 | complete
Ep 86 | 드론4 목적지24 | 1000스텝 | 배송 21/24 | 재적재  1 | 중계율 0.35 | alpha 1.428 | step_limit
Ep 87 | 드론3 목적지30 |  848스텝 | 배송 30/30 | 재적재  4 | 중계율 0.31 | alpha 1.426 | complete
Ep 88 | 드론3 목적지38 | 1000스텝 | 배송 34/38 | 재적재  4 | 중계율 0.27 | alpha 1.401 | step_limit
Ep 89 | 드론3 목적지57 | 1000스텝 | 배송 40/57 | 재적재  5 | 중계율 0.32 | alpha 1.404 | step_limit
Ep 90 | 드론4 목적지21 |  577스텝 | 배송 21/21 | 재적재  3 | 중계율 0.38 | alpha 1.387 | complete
Ep 91 | 드론4 목적지77 | 1000스텝 | 배송 53/77 | 재적재  8 | 중계율 0.31 | alpha 1.370 | step_limit
Ep 92 | 드론3 목적지69 | 1000스텝 | 배송 50/69 | 재적재  8 | 중계율 0.29 | alpha 1.340 | step_limit
Ep 93 | 드론4 목적지60 |  874스텝 | 배송 60/60 | 재적재 10 | 중계율 0.26 | alpha 1.363 | complete
Ep 94 | 드론4 목적지45 |  782스텝 | 배송 45/45 | 재적재  7 | 중계율 0.29 | alpha 1.375 | complete
Ep 95 | 드론3 목적지71 | 1000스텝 | 배송 60/71 | 재적재 10 | 중계율 0.28 | alpha 1.358 | step_limit
Ep 96 | 드론3 목적지74 | 1000스텝 | 배송 53/74 | 재적재 10 | 중계율 0.26 | alpha 1.337 | step_limit
Ep 97 | 드론4 목적지47 |  673스텝 | 배송 47/47 | 재적재  7 | 중계율 0.30 | alpha 1.334 | complete
Ep 98 | 드론4 목적지50 | 1000스텝 | 배송 42/50 | 재적재  7 | 중계율 0.36 | alpha 1.304 | step_limit
Ep 99 | 드론4 목적지35 |  625스텝 | 배송 35/35 | 재적재  4 | 중계율 0.32 | alpha 1.317 | complete
Ep 100 | 드론3 목적지40 |  981스텝 | 배송 40/40 | 재적재  7 | 중계율 0.32 | alpha 1.334 | complete
  [홀드아웃] 배송 50.0±0.0 완주 1.00 스텝 1294 점수 122.7 재적재 8.0 2홉+ 0.62 | 최고 122.7@ep100 정체 0/15  ← 갱신
Ep 101 | 드론3 목적지23 |  616스텝 | 배송 23/23 | 재적재  3 | 중계율 0.32 | alpha 1.302 | complete
Ep 102 | 드론3 목적지21 |  487스텝 | 배송 21/21 | 재적재  4 | 중계율 0.38 | alpha 1.314 | complete
Ep 103 | 드론4 목적지72 | 1000스텝 | 배송 68/72 | 재적재 13 | 중계율 0.28 | alpha 1.305 | step_limit
Ep 104 | 드론3 목적지27 |  972스텝 | 배송 27/27 | 재적재  5 | 중계율 0.43 | alpha 1.295 | complete
Ep 105 | 드론3 목적지63 | 1000스텝 | 배송 55/63 | 재적재  9 | 중계율 0.23 | alpha 1.287 | step_limit
Ep 106 | 드론4 목적지58 | 1000스텝 | 배송 56/58 | 재적재  9 | 중계율 0.28 | alpha 1.285 | step_limit
Ep 107 | 드론4 목적지75 | 1000스텝 | 배송 52/75 | 재적재  9 | 중계율 0.40 | alpha 1.281 | step_limit
Ep 108 | 드론3 목적지55 | 1000스텝 | 배송 46/55 | 재적재  7 | 중계율 0.34 | alpha 1.287 | step_limit
Ep 109 | 드론4 목적지64 | 1000스텝 | 배송 51/64 | 재적재  7 | 중계율 0.34 | alpha 1.264 | step_limit
Ep 110 | 드론3 목적지55 | 1000스텝 | 배송 50/55 | 재적재 10 | 중계율 0.32 | alpha 1.273 | step_limit
Ep 111 | 드론4 목적지67 | 1000스텝 | 배송 54/67 | 재적재  9 | 중계율 0.37 | alpha 1.256 | step_limit
Ep 112 | 드론3 목적지46 | 1000스텝 | 배송 42/46 | 재적재  7 | 중계율 0.33 | alpha 1.245 | step_limit
Ep 113 | 드론4 목적지43 |  552스텝 | 배송 43/43 | 재적재  8 | 중계율 0.26 | alpha 1.237 | complete
Ep 114 | 드론3 목적지80 | 1000스텝 | 배송 59/80 | 재적재  9 | 중계율 0.25 | alpha 1.256 | step_limit
Ep 115 | 드론4 목적지78 | 1000스텝 | 배송 74/78 | 재적재 13 | 중계율 0.25 | alpha 1.253 | step_limit
Ep 116 | 드론4 목적지72 | 1000스텝 | 배송 58/72 | 재적재 11 | 중계율 0.27 | alpha 1.233 | step_limit
Ep 117 | 드론3 목적지54 | 1000스텝 | 배송 46/54 | 재적재  8 | 중계율 0.29 | alpha 1.222 | step_limit
Ep 118 | 드론3 목적지63 | 1000스텝 | 배송 47/63 | 재적재  8 | 중계율 0.29 | alpha 1.221 | step_limit
Ep 119 | 드론4 목적지66 | 1000스텝 | 배송 60/66 | 재적재 10 | 중계율 0.29 | alpha 1.230 | step_limit
Ep 120 | 드론4 목적지70 | 1000스텝 | 배송 63/70 | 재적재 10 | 중계율 0.31 | alpha 1.232 | step_limit
Ep 121 | 드론4 목적지45 |  941스텝 | 배송 45/45 | 재적재  7 | 중계율 0.33 | alpha 1.189 | complete
Ep 122 | 드론4 목적지26 |  935스텝 | 배송 26/26 | 재적재  3 | 중계율 0.41 | alpha 1.184 | complete
Ep 123 | 드론4 목적지30 |  862스텝 | 배송 30/30 | 재적재  3 | 중계율 0.44 | alpha 1.187 | complete
Ep 124 | 드론3 목적지80 | 1000스텝 | 배송 52/80 | 재적재  9 | 중계율 0.27 | alpha 1.189 | step_limit
Ep 125 | 드론4 목적지41 |  672스텝 | 배송 41/41 | 재적재  5 | 중계율 0.32 | alpha 1.190 | complete
Ep 126 | 드론3 목적지50 | 1000스텝 | 배송 43/50 | 재적재  7 | 중계율 0.37 | alpha 1.198 | step_limit
Ep 127 | 드론3 목적지37 | 1000스텝 | 배송 37/37 | 재적재  7 | 중계율 0.39 | alpha 1.189 | complete
Ep 128 | 드론3 목적지42 | 1000스텝 | 배송 40/42 | 재적재  7 | 중계율 0.38 | alpha 1.188 | step_limit
Ep 129 | 드론4 목적지52 |  868스텝 | 배송 52/52 | 재적재  8 | 중계율 0.32 | alpha 1.203 | complete
Ep 130 | 드론3 목적지40 | 1000스텝 | 배송 34/40 | 재적재  6 | 중계율 0.46 | alpha 1.174 | step_limit
Ep 131 | 드론3 목적지39 |  932스텝 | 배송 39/39 | 재적재  7 | 중계율 0.28 | alpha 1.175 | complete
Ep 132 | 드론4 목적지63 |  837스텝 | 배송 63/63 | 재적재 10 | 중계율 0.25 | alpha 1.173 | complete
Ep 133 | 드론3 목적지61 | 1000스텝 | 배송 56/61 | 재적재 10 | 중계율 0.29 | alpha 1.178 | step_limit
Ep 134 | 드론4 목적지22 |  294스텝 | 배송 22/22 | 재적재  3 | 중계율 0.23 | alpha 1.180 | complete
Ep 135 | 드론3 목적지20 |  666스텝 | 배송 20/20 | 재적재  2 | 중계율 0.44 | alpha 1.171 | complete
Ep 136 | 드론4 목적지57 |  976스텝 | 배송 57/57 | 재적재  8 | 중계율 0.39 | alpha 1.177 | complete
Ep 137 | 드론3 목적지24 |  683스텝 | 배송 24/24 | 재적재  3 | 중계율 0.39 | alpha 1.158 | complete
Ep 138 | 드론4 목적지35 |  614스텝 | 배송 35/35 | 재적재  6 | 중계율 0.23 | alpha 1.133 | complete
Ep 139 | 드론3 목적지29 |  869스텝 | 배송 29/29 | 재적재  3 | 중계율 0.33 | alpha 1.158 | complete
Ep 140 | 드론3 목적지32 | 1000스텝 | 배송 30/32 | 재적재  5 | 중계율 0.42 | alpha 1.164 | step_limit
Ep 141 | 드론3 목적지54 | 1000스텝 | 배송 51/54 | 재적재  9 | 중계율 0.31 | alpha 1.152 | step_limit
Ep 142 | 드론3 목적지42 |  765스텝 | 배송 42/42 | 재적재  8 | 중계율 0.30 | alpha 1.154 | complete
Ep 143 | 드론3 목적지23 |  808스텝 | 배송 23/23 | 재적재  2 | 중계율 0.39 | alpha 1.134 | complete
Ep 144 | 드론3 목적지61 | 1000스텝 | 배송 55/61 | 재적재  9 | 중계율 0.31 | alpha 1.137 | step_limit
Ep 145 | 드론3 목적지64 | 1000스텝 | 배송 54/64 | 재적재  9 | 중계율 0.29 | alpha 1.131 | step_limit
Ep 146 | 드론3 목적지71 | 1000스텝 | 배송 54/71 | 재적재  8 | 중계율 0.24 | alpha 1.134 | step_limit
