/home/kopt/enter/envs/wsl_neuroMCTS/lib/python3.10/site-packages/pygame/pkgdata.py:25: UserWarning: pkg_resources is deprecated as an API. See https://setuptools.pypa.io/en/latest/pkg_resources.html. The pkg_resources package is slated for removal as early as 2025-11-30. Refrain from using this package or pin to Setuptools<81.
  from pkg_resources import resource_stream, resource_exists
pygame 2.6.1 (SDL 2.28.4, Python 3.10.19)
Hello from the pygame community. https://www.pygame.org/contribute.html
집합 상위 학습 | 반경 300 상한 1000 무배송 500 gamma 0.997 구성=무작위 드론[3, 4] 목적지[20, 80] CC무작위 인스턴스=무작위 목표유지=off 완주보상=0.0 잔여페널티=0.1 규칙관측=False 규칙정규화=4.0/중계가중치=1.0 막힘페널티=0.0 도달권shaping=0.0 정체전환보상=0.0 엔트로피비=0.6->0.25@400 자기회귀=True 홀드아웃상한=3000 선택=makespan/속도가중치=40.0
/home/kopt/drone/proposed_src/pipeline/train_v5_26_09_15_23.py:360: UserWarning: Converting a tensor with requires_grad=True to a scalar may lead to unexpected behavior.
Consider using tensor.detach() first. (Triggered internally at /pytorch/torch/csrc/autograd/generated/python_variable_methods.cpp:836.)
  writer.add_scalar("train/alpha", float(log_alpha.exp()), ep)
Ep 1 | 드론4 목적지57 | 1000스텝 | 배송 48/57 | 재적재  8 | 중계율 0.14 | alpha 0.100 | step_limit
Ep 2 | 드론3 목적지50 | 1000스텝 | 배송 40/50 | 재적재  7 | 중계율 0.17 | alpha 0.100 | step_limit
Ep 3 | 드론4 목적지72 | 1000스텝 | 배송 54/72 | 재적재  9 | 중계율 0.14 | alpha 0.100 | step_limit
Ep 4 | 드론3 목적지46 | 1000스텝 | 배송 39/46 | 재적재  7 | 중계율 0.15 | alpha 0.100 | step_limit
Ep 5 | 드론3 목적지58 | 1000스텝 | 배송 50/58 | 재적재  8 | 중계율 0.34 | alpha 0.105 | step_limit
Ep 6 | 드론3 목적지61 | 1000스텝 | 배송 57/61 | 재적재  9 | 중계율 0.35 | alpha 0.116 | step_limit
Ep 7 | 드론3 목적지30 |  556스텝 | 배송 30/30 | 재적재  3 | 중계율 0.34 | alpha 0.122 | complete
Ep 8 | 드론3 목적지69 | 1000스텝 | 배송 60/69 | 재적재 10 | 중계율 0.32 | alpha 0.132 | step_limit
Ep 9 | 드론3 목적지66 | 1000스텝 | 배송 55/66 | 재적재  8 | 중계율 0.31 | alpha 0.144 | step_limit
Ep 10 | 드론3 목적지26 |  716스텝 | 배송 26/26 | 재적재  4 | 중계율 0.28 | alpha 0.152 | complete
Ep 11 | 드론4 목적지32 |  410스텝 | 배송 32/32 | 재적재  5 | 중계율 0.26 | alpha 0.157 | complete
Ep 12 | 드론3 목적지35 |  578스텝 | 배송 35/35 | 재적재  6 | 중계율 0.26 | alpha 0.163 | complete
Ep 13 | 드론3 목적지23 |  452스텝 | 배송 23/23 | 재적재  3 | 중계율 0.28 | alpha 0.169 | complete
Ep 14 | 드론3 목적지61 | 1000스텝 | 배송 55/61 | 재적재  9 | 중계율 0.32 | alpha 0.182 | step_limit
Ep 15 | 드론4 목적지78 |  868스텝 | 배송 78/78 | 재적재 13 | 중계율 0.24 | alpha 0.194 | complete
Ep 16 | 드론4 목적지46 |  656스텝 | 배송 46/46 | 재적재  8 | 중계율 0.28 | alpha 0.204 | complete
Ep 17 | 드론4 목적지74 | 1000스텝 | 배송 72/74 | 재적재 14 | 중계율 0.23 | alpha 0.219 | step_limit
Ep 18 | 드론3 목적지24 |  453스텝 | 배송 24/24 | 재적재  2 | 중계율 0.37 | alpha 0.226 | complete
Ep 19 | 드론4 목적지24 |  342스텝 | 배송 24/24 | 재적재  3 | 중계율 0.30 | alpha 0.232 | complete
Ep 20 | 드론3 목적지66 | 1000스텝 | 배송 58/66 | 재적재 10 | 중계율 0.20 | alpha 0.250 | step_limit
Ep 21 | 드론3 목적지43 |  660스텝 | 배송 43/43 | 재적재  6 | 중계율 0.20 | alpha 0.262 | complete
Ep 22 | 드론3 목적지43 |  546스텝 | 배송 43/43 | 재적재  7 | 중계율 0.15 | alpha 0.273 | complete
Ep 23 | 드론3 목적지22 |  570스텝 | 배송 22/22 | 재적재  4 | 중계율 0.37 | alpha 0.284 | complete
Ep 24 | 드론3 목적지35 |  813스텝 | 배송 35/35 | 재적재  6 | 중계율 0.29 | alpha 0.302 | complete
Ep 25 | 드론4 목적지25 |  387스텝 | 배송 25/25 | 재적재  2 | 중계율 0.42 | alpha 0.310 | complete
Ep 26 | 드론3 목적지79 | 1000스텝 | 배송 70/79 | 재적재 14 | 중계율 0.24 | alpha 0.334 | step_limit
Ep 27 | 드론4 목적지63 | 1000스텝 | 배송 59/63 | 재적재  8 | 중계율 0.39 | alpha 0.359 | step_limit
Ep 28 | 드론3 목적지77 | 1000스텝 | 배송 65/77 | 재적재 12 | 중계율 0.30 | alpha 0.386 | step_limit
Ep 29 | 드론3 목적지34 |  871스텝 | 배송 34/34 | 재적재  6 | 중계율 0.34 | alpha 0.412 | complete
Ep 30 | 드론3 목적지25 |  454스텝 | 배송 25/25 | 재적재  2 | 중계율 0.38 | alpha 0.425 | complete
Ep 31 | 드론4 목적지68 |  975스텝 | 배송 68/68 | 재적재 10 | 중계율 0.31 | alpha 0.456 | complete
Ep 32 | 드론3 목적지79 | 1000스텝 | 배송 65/79 | 재적재 11 | 중계율 0.32 | alpha 0.490 | step_limit
Ep 33 | 드론3 목적지62 | 1000스텝 | 배송 56/62 | 재적재  9 | 중계율 0.32 | alpha 0.527 | step_limit
Ep 34 | 드론3 목적지33 |  601스텝 | 배송 33/33 | 재적재  6 | 중계율 0.22 | alpha 0.551 | complete
Ep 35 | 드론3 목적지26 |  515스텝 | 배송 26/26 | 재적재  4 | 중계율 0.31 | alpha 0.571 | complete
Ep 36 | 드론3 목적지57 | 1000스텝 | 배송 56/57 | 재적재 10 | 중계율 0.30 | alpha 0.614 | step_limit
Ep 37 | 드론3 목적지29 |  643스텝 | 배송 29/29 | 재적재  5 | 중계율 0.36 | alpha 0.643 | complete
Ep 38 | 드론4 목적지63 |  846스텝 | 배송 63/63 | 재적재 11 | 중계율 0.35 | alpha 0.684 | complete
Ep 39 | 드론4 목적지44 |  641스텝 | 배송 44/44 | 재적재  7 | 중계율 0.36 | alpha 0.715 | complete
Ep 40 | 드론4 목적지56 |  740스텝 | 배송 56/56 | 재적재  8 | 중계율 0.27 | alpha 0.754 | complete
Ep 41 | 드론4 목적지21 |  337스텝 | 배송 21/21 | 재적재  2 | 중계율 0.39 | alpha 0.772 | complete
Ep 42 | 드론3 목적지24 |  439스텝 | 배송 24/24 | 재적재  2 | 중계율 0.31 | alpha 0.796 | complete
Ep 43 | 드론3 목적지52 |  922스텝 | 배송 52/52 | 재적재  9 | 중계율 0.28 | alpha 0.850 | complete
Ep 44 | 드론3 목적지72 | 1000스텝 | 배송 70/72 | 재적재 12 | 중계율 0.21 | alpha 0.912 | step_limit
Ep 45 | 드론3 목적지52 |  983스텝 | 배송 52/52 | 재적재  9 | 중계율 0.32 | alpha 0.976 | complete
Ep 46 | 드론4 목적지72 |  688스텝 | 배송 72/72 | 재적재 13 | 중계율 0.19 | alpha 1.023 | complete
Ep 47 | 드론3 목적지69 | 1000스텝 | 배송 55/69 | 재적재  9 | 중계율 0.22 | alpha 1.095 | step_limit
Ep 48 | 드론3 목적지56 | 1000스텝 | 배송 52/56 | 재적재  9 | 중계율 0.28 | alpha 1.171 | step_limit
Ep 49 | 드론4 목적지78 | 1000스텝 | 배송 76/78 | 재적재 15 | 중계율 0.26 | alpha 1.250 | step_limit
Ep 50 | 드론4 목적지40 |  931스텝 | 배송 40/40 | 재적재  4 | 중계율 0.46 | alpha 1.329 | complete
  [홀드아웃] 배송 49.7±1.9 완주 0.96 스텝 880 점수 124.5 재적재 7.4 2홉+ 0.62 | 최고 124.5@ep50 정체 0/15  ← 갱신
Ep 51 | 드론4 목적지51 |  530스텝 | 배송 51/51 | 재적재  8 | 중계율 0.20 | alpha 1.375 | complete
Ep 52 | 드론3 목적지42 | 1000스텝 | 배송 41/42 | 재적재  7 | 중계율 0.29 | alpha 1.466 | step_limit
Ep 53 | 드론4 목적지60 |  727스텝 | 배송 60/60 | 재적재 10 | 중계율 0.21 | alpha 1.535 | complete
Ep 54 | 드론3 목적지49 |  742스텝 | 배송 49/49 | 재적재  8 | 중계율 0.22 | alpha 1.606 | complete
Ep 55 | 드론3 목적지40 |  903스텝 | 배송 40/40 | 재적재  7 | 중계율 0.19 | alpha 1.694 | complete
Ep 56 | 드론4 목적지61 |  758스텝 | 배송 61/61 | 재적재 10 | 중계율 0.27 | alpha 1.768 | complete
Ep 57 | 드론3 목적지53 | 1000스텝 | 배송 51/53 | 재적재  8 | 중계율 0.31 | alpha 1.864 | step_limit
Ep 58 | 드론4 목적지57 |  941스텝 | 배송 57/57 | 재적재  9 | 중계율 0.33 | alpha 1.956 | complete
Ep 59 | 드론3 목적지50 |  799스텝 | 배송 50/50 | 재적재  9 | 중계율 0.24 | alpha 2.036 | complete
Ep 60 | 드론3 목적지21 |  657스텝 | 배송 21/21 | 재적재  3 | 중계율 0.30 | alpha 2.103 | complete
Ep 61 | 드론4 목적지26 |  408스텝 | 배송 26/26 | 재적재  4 | 중계율 0.29 | alpha 2.145 | complete
Ep 62 | 드론4 목적지55 | 1000스텝 | 배송 49/55 | 재적재  8 | 중계율 0.34 | alpha 2.248 | step_limit
Ep 63 | 드론4 목적지68 | 1000스텝 | 배송 66/68 | 재적재 10 | 중계율 0.32 | alpha 2.351 | step_limit
Ep 64 | 드론3 목적지41 |  984스텝 | 배송 41/41 | 재적재  7 | 중계율 0.32 | alpha 2.447 | complete
Ep 65 | 드론4 목적지68 |  868스텝 | 배송 68/68 | 재적재 12 | 중계율 0.15 | alpha 2.530 | complete
Ep 66 | 드론3 목적지61 | 1000스텝 | 배송 55/61 | 재적재  9 | 중계율 0.21 | alpha 2.620 | step_limit
Ep 67 | 드론3 목적지53 | 1000스텝 | 배송 50/53 | 재적재  8 | 중계율 0.28 | alpha 2.718 | step_limit
Ep 68 | 드론3 목적지44 |  835스텝 | 배송 44/44 | 재적재  7 | 중계율 0.23 | alpha 2.798 | complete
Ep 69 | 드론3 목적지34 | 1000스텝 | 배송 28/34 | 재적재  4 | 중계율 0.31 | alpha 2.891 | step_limit
Ep 70 | 드론3 목적지31 |  763스텝 | 배송 31/31 | 재적재  4 | 중계율 0.34 | alpha 2.957 | complete
Ep 71 | 드론4 목적지71 |  742스텝 | 배송 71/71 | 재적재 13 | 중계율 0.17 | alpha 3.021 | complete
Ep 72 | 드론3 목적지53 | 1000스텝 | 배송 52/53 | 재적재  8 | 중계율 0.25 | alpha 3.088 | step_limit
Ep 73 | 드론3 목적지21 |  480스텝 | 배송 21/21 | 재적재  3 | 중계율 0.29 | alpha 3.117 | complete
Ep 74 | 드론4 목적지45 | 1000스텝 | 배송 44/45 | 재적재  7 | 중계율 0.26 | alpha 3.172 | step_limit
Ep 75 | 드론4 목적지40 | 1000스텝 | 배송 35/40 | 재적재  6 | 중계율 0.21 | alpha 3.211 | step_limit
Ep 76 | 드론3 목적지75 | 1000스텝 | 배송 60/75 | 재적재 10 | 중계율 0.27 | alpha 3.237 | step_limit
Ep 77 | 드론4 목적지24 |  395스텝 | 배송 24/24 | 재적재  4 | 중계율 0.31 | alpha 3.256 | complete
Ep 78 | 드론3 목적지64 | 1000스텝 | 배송 50/64 | 재적재  7 | 중계율 0.27 | alpha 3.313 | step_limit
Ep 79 | 드론3 목적지41 |  812스텝 | 배송 41/41 | 재적재  7 | 중계율 0.29 | alpha 3.367 | complete
Ep 80 | 드론3 목적지69 | 1000스텝 | 배송 55/69 | 재적재 10 | 중계율 0.21 | alpha 3.413 | step_limit
Ep 81 | 드론4 목적지47 |  627스텝 | 배송 47/47 | 재적재  8 | 중계율 0.23 | alpha 3.421 | complete
Ep 82 | 드론4 목적지69 | 1000스텝 | 배송 67/69 | 재적재 11 | 중계율 0.30 | alpha 3.408 | step_limit
Ep 83 | 드론4 목적지31 |  783스텝 | 배송 31/31 | 재적재  6 | 중계율 0.33 | alpha 3.397 | complete
Ep 84 | 드론3 목적지33 |  789스텝 | 배송 33/33 | 재적재  5 | 중계율 0.24 | alpha 3.386 | complete
Ep 85 | 드론3 목적지38 |  823스텝 | 배송 38/38 | 재적재  6 | 중계율 0.18 | alpha 3.390 | complete
Ep 86 | 드론4 목적지24 |  750스텝 | 배송 24/24 | 재적재  3 | 중계율 0.33 | alpha 3.368 | complete
Ep 87 | 드론3 목적지30 |  668스텝 | 배송 30/30 | 재적재  4 | 중계율 0.23 | alpha 3.356 | complete
Ep 88 | 드론3 목적지38 |  791스텝 | 배송 38/38 | 재적재  6 | 중계율 0.24 | alpha 3.341 | complete
Ep 89 | 드론3 목적지57 | 1000스텝 | 배송 48/57 | 재적재  8 | 중계율 0.26 | alpha 3.316 | step_limit
Ep 90 | 드론4 목적지21 |  569스텝 | 배송 21/21 | 재적재  2 | 중계율 0.27 | alpha 3.313 | complete
Ep 91 | 드론4 목적지77 | 1000스텝 | 배송 73/77 | 재적재 12 | 중계율 0.25 | alpha 3.287 | step_limit
Ep 92 | 드론3 목적지69 | 1000스텝 | 배송 59/69 | 재적재 11 | 중계율 0.25 | alpha 3.314 | step_limit
Ep 93 | 드론4 목적지60 |  755스텝 | 배송 60/60 | 재적재 10 | 중계율 0.18 | alpha 3.343 | complete
Ep 94 | 드론4 목적지45 |  761스텝 | 배송 45/45 | 재적재  8 | 중계율 0.24 | alpha 3.357 | complete
Ep 95 | 드론3 목적지71 | 1000스텝 | 배송 64/71 | 재적재 11 | 중계율 0.18 | alpha 3.386 | step_limit
Ep 96 | 드론3 목적지74 | 1000스텝 | 배송 60/74 | 재적재 10 | 중계율 0.24 | alpha 3.380 | step_limit
Ep 97 | 드론4 목적지47 |  805스텝 | 배송 47/47 | 재적재  7 | 중계율 0.25 | alpha 3.412 | complete
Ep 98 | 드론4 목적지50 | 1000스텝 | 배송 48/50 | 재적재  8 | 중계율 0.29 | alpha 3.423 | step_limit
Ep 99 | 드론4 목적지35 |  737스텝 | 배송 35/35 | 재적재  6 | 중계율 0.26 | alpha 3.431 | complete
Ep 100 | 드론3 목적지40 |  953스텝 | 배송 40/40 | 재적재  7 | 중계율 0.26 | alpha 3.427 | complete
  [홀드아웃] 배송 49.9±0.5 완주 0.97 스텝 1219 점수 121.2 재적재 8.2 2홉+ 0.64 | 최고 124.5@ep50 정체 1/15
Ep 101 | 드론3 목적지23 |  558스텝 | 배송 23/23 | 재적재  4 | 중계율 0.25 | alpha 3.381 | complete
Ep 102 | 드론3 목적지21 |  479스텝 | 배송 21/21 | 재적재  3 | 중계율 0.27 | alpha 3.371 | complete
Ep 103 | 드론4 목적지72 | 1000스텝 | 배송 71/72 | 재적재 11 | 중계율 0.20 | alpha 3.355 | step_limit
Ep 104 | 드론3 목적지27 |  864스텝 | 배송 27/27 | 재적재  4 | 중계율 0.30 | alpha 3.359 | complete
Ep 105 | 드론3 목적지63 |  992스텝 | 배송 63/63 | 재적재 12 | 중계율 0.19 | alpha 3.369 | complete
Ep 106 | 드론4 목적지58 |  961스텝 | 배송 58/58 | 재적재 11 | 중계율 0.22 | alpha 3.319 | complete
Ep 107 | 드론4 목적지75 | 1000스텝 | 배송 59/75 | 재적재 10 | 중계율 0.34 | alpha 3.257 | step_limit
Ep 108 | 드론3 목적지55 | 1000스텝 | 배송 54/55 | 재적재  8 | 중계율 0.25 | alpha 3.238 | step_limit
Ep 109 | 드론4 목적지64 |  995스텝 | 배송 64/64 | 재적재 10 | 중계율 0.28 | alpha 3.250 | complete
Ep 110 | 드론3 목적지55 | 1000스텝 | 배송 53/55 | 재적재  9 | 중계율 0.25 | alpha 3.243 | step_limit
Ep 111 | 드론4 목적지67 | 1000스텝 | 배송 58/67 | 재적재  9 | 중계율 0.33 | alpha 3.244 | step_limit
Ep 112 | 드론3 목적지46 | 1000스텝 | 배송 43/46 | 재적재  7 | 중계율 0.25 | alpha 3.274 | step_limit
Ep 113 | 드론4 목적지43 |  670스텝 | 배송 43/43 | 재적재  7 | 중계율 0.22 | alpha 3.276 | complete
Ep 114 | 드론3 목적지80 | 1000스텝 | 배송 61/80 | 재적재 12 | 중계율 0.21 | alpha 3.275 | step_limit
Ep 115 | 드론4 목적지78 | 1000스텝 | 배송 75/78 | 재적재 14 | 중계율 0.21 | alpha 3.310 | step_limit
Ep 116 | 드론4 목적지72 |  840스텝 | 배송 72/72 | 재적재 12 | 중계율 0.20 | alpha 3.268 | complete
Ep 117 | 드론3 목적지54 | 1000스텝 | 배송 51/54 | 재적재  8 | 중계율 0.22 | alpha 3.223 | step_limit
Ep 118 | 드론3 목적지63 | 1000스텝 | 배송 52/63 | 재적재  9 | 중계율 0.26 | alpha 3.204 | step_limit
Ep 119 | 드론4 목적지66 | 1000스텝 | 배송 65/66 | 재적재 12 | 중계율 0.23 | alpha 3.191 | step_limit
Ep 120 | 드론4 목적지70 | 1000스텝 | 배송 66/70 | 재적재 12 | 중계율 0.25 | alpha 3.140 | step_limit
Ep 121 | 드론4 목적지45 |  684스텝 | 배송 45/45 | 재적재  7 | 중계율 0.26 | alpha 3.126 | complete
Ep 122 | 드론4 목적지26 |  629스텝 | 배송 26/26 | 재적재  4 | 중계율 0.34 | alpha 3.117 | complete
Ep 123 | 드론4 목적지30 |  947스텝 | 배송 30/30 | 재적재  4 | 중계율 0.37 | alpha 3.126 | complete
Ep 124 | 드론3 목적지80 | 1000스텝 | 배송 65/80 | 재적재 11 | 중계율 0.26 | alpha 3.132 | step_limit
Ep 125 | 드론4 목적지41 |  556스텝 | 배송 41/41 | 재적재  6 | 중계율 0.22 | alpha 3.115 | complete
Ep 126 | 드론3 목적지50 | 1000스텝 | 배송 43/50 | 재적재  7 | 중계율 0.32 | alpha 3.135 | step_limit
Ep 127 | 드론3 목적지37 |  769스텝 | 배송 37/37 | 재적재  6 | 중계율 0.27 | alpha 3.152 | complete
Ep 128 | 드론3 목적지42 |  906스텝 | 배송 42/42 | 재적재  8 | 중계율 0.29 | alpha 3.106 | complete
Ep 129 | 드론4 목적지52 | 1000스텝 | 배송 50/52 | 재적재  8 | 중계율 0.30 | alpha 3.096 | step_limit
Ep 130 | 드론3 목적지40 | 1000스텝 | 배송 37/40 | 재적재  6 | 중계율 0.36 | alpha 3.074 | step_limit
Ep 131 | 드론3 목적지39 |  737스텝 | 배송 39/39 | 재적재  6 | 중계율 0.19 | alpha 3.078 | complete
Ep 132 | 드론4 목적지63 |  726스텝 | 배송 63/63 | 재적재 12 | 중계율 0.18 | alpha 3.035 | complete
Ep 133 | 드론3 목적지61 | 1000스텝 | 배송 55/61 | 재적재 10 | 중계율 0.23 | alpha 3.011 | step_limit
Ep 134 | 드론4 목적지22 |  312스텝 | 배송 22/22 | 재적재  3 | 중계율 0.20 | alpha 3.022 | complete
Ep 135 | 드론3 목적지20 |  544스텝 | 배송 20/20 | 재적재  2 | 중계율 0.33 | alpha 3.004 | complete
Ep 136 | 드론4 목적지57 | 1000스텝 | 배송 56/57 | 재적재 10 | 중계율 0.29 | alpha 3.005 | step_limit
Ep 137 | 드론3 목적지24 |  407스텝 | 배송 24/24 | 재적재  2 | 중계율 0.23 | alpha 2.987 | complete
Ep 138 | 드론4 목적지35 |  512스텝 | 배송 35/35 | 재적재  5 | 중계율 0.15 | alpha 2.980 | complete
Ep 139 | 드론3 목적지29 |  750스텝 | 배송 29/29 | 재적재  3 | 중계율 0.23 | alpha 2.960 | complete
Ep 140 | 드론3 목적지32 |  785스텝 | 배송 32/32 | 재적재  5 | 중계율 0.29 | alpha 2.948 | complete
Ep 141 | 드론3 목적지54 | 1000스텝 | 배송 47/54 | 재적재  7 | 중계율 0.26 | alpha 2.932 | step_limit
Ep 142 | 드론3 목적지42 |  871스텝 | 배송 42/42 | 재적재  6 | 중계율 0.24 | alpha 2.901 | complete
Ep 143 | 드론3 목적지23 |  458스텝 | 배송 23/23 | 재적재  3 | 중계율 0.27 | alpha 2.876 | complete
Ep 144 | 드론3 목적지61 | 1000스텝 | 배송 56/61 | 재적재 10 | 중계율 0.26 | alpha 2.825 | step_limit
Ep 145 | 드론3 목적지64 | 1000스텝 | 배송 57/64 | 재적재 10 | 중계율 0.21 | alpha 2.789 | step_limit
Ep 146 | 드론3 목적지71 | 1000스텝 | 배송 62/71 | 재적재 11 | 중계율 0.17 | alpha 2.754 | step_limit
Ep 147 | 드론3 목적지48 |  890스텝 | 배송 48/48 | 재적재  8 | 중계율 0.20 | alpha 2.755 | complete
Ep 148 | 드론4 목적지36 |  798스텝 | 배송 36/36 | 재적재  6 | 중계율 0.34 | alpha 2.732 | complete
Ep 149 | 드론4 목적지40 |  604스텝 | 배송 40/40 | 재적재  6 | 중계율 0.20 | alpha 2.732 | complete
Ep 150 | 드론3 목적지26 |  483스텝 | 배송 26/26 | 재적재  3 | 중계율 0.23 | alpha 2.755 | complete
  [홀드아웃] 배송 50.0±0.0 완주 1.00 스텝 1038 점수 126.2 재적재 8.0 2홉+ 0.63 | 최고 126.2@ep150 정체 0/15  ← 갱신
Ep 151 | 드론4 목적지70 | 1000스텝 | 배송 69/70 | 재적재 12 | 중계율 0.25 | alpha 2.764 | step_limit
Ep 152 | 드론4 목적지48 |  741스텝 | 배송 48/48 | 재적재  8 | 중계율 0.24 | alpha 2.784 | complete
Ep 153 | 드론4 목적지57 | 1000스텝 | 배송 55/57 | 재적재  9 | 중계율 0.32 | alpha 2.765 | step_limit
Ep 154 | 드론4 목적지34 |  435스텝 | 배송 34/34 | 재적재  6 | 중계율 0.18 | alpha 2.768 | complete
Ep 155 | 드론4 목적지80 | 1000스텝 | 배송 50/80 | 재적재  8 | 중계율 0.29 | alpha 2.748 | step_limit
Ep 156 | 드론4 목적지59 | 1000스텝 | 배송 58/59 | 재적재 10 | 중계율 0.35 | alpha 2.745 | step_limit
Ep 157 | 드론3 목적지42 |  903스텝 | 배송 42/42 | 재적재  8 | 중계율 0.23 | alpha 2.760 | complete
Ep 158 | 드론4 목적지76 | 1000스텝 | 배송 75/76 | 재적재 14 | 중계율 0.18 | alpha 2.760 | step_limit
Ep 159 | 드론4 목적지47 |  755스텝 | 배송 47/47 | 재적재  7 | 중계율 0.23 | alpha 2.721 | complete
Ep 160 | 드론3 목적지62 | 1000스텝 | 배송 57/62 | 재적재 11 | 중계율 0.25 | alpha 2.730 | step_limit
Ep 161 | 드론3 목적지31 |  506스텝 | 배송 31/31 | 재적재  4 | 중계율 0.18 | alpha 2.727 | complete
Ep 162 | 드론3 목적지26 |  667스텝 | 배송 26/26 | 재적재  3 | 중계율 0.33 | alpha 2.725 | complete
Ep 163 | 드론4 목적지21 |  586스텝 | 배송 21/21 | 재적재  1 | 중계율 0.40 | alpha 2.739 | complete
Ep 164 | 드론4 목적지79 | 1000스텝 | 배송 72/79 | 재적재 12 | 중계율 0.28 | alpha 2.736 | step_limit
Ep 165 | 드론4 목적지47 |  847스텝 | 배송 47/47 | 재적재  8 | 중계율 0.22 | alpha 2.709 | complete
Ep 166 | 드론3 목적지77 | 1000스텝 | 배송 66/77 | 재적재 11 | 중계율 0.20 | alpha 2.724 | step_limit
Ep 167 | 드론4 목적지77 | 1000스텝 | 배송 55/77 | 재적재  9 | 중계율 0.35 | alpha 2.730 | step_limit
Ep 168 | 드론4 목적지29 |  740스텝 | 배송 29/29 | 재적재  5 | 중계율 0.32 | alpha 2.738 | complete
Ep 169 | 드론4 목적지59 |  975스텝 | 배송 59/59 | 재적재  9 | 중계율 0.28 | alpha 2.739 | complete
Ep 170 | 드론3 목적지74 | 1000스텝 | 배송 67/74 | 재적재 12 | 중계율 0.29 | alpha 2.700 | step_limit
Ep 171 | 드론4 목적지34 |  645스텝 | 배송 34/34 | 재적재  6 | 중계율 0.27 | alpha 2.700 | complete
Ep 172 | 드론3 목적지43 |  998스텝 | 배송 43/43 | 재적재  7 | 중계율 0.25 | alpha 2.694 | complete
Ep 173 | 드론3 목적지35 |  661스텝 | 배송 35/35 | 재적재  5 | 중계율 0.26 | alpha 2.699 | complete
Ep 174 | 드론4 목적지43 |  919스텝 | 배송 43/43 | 재적재  8 | 중계율 0.24 | alpha 2.687 | complete
Ep 175 | 드론4 목적지30 |  864스텝 | 배송 30/30 | 재적재  3 | 중계율 0.44 | alpha 2.681 | complete
Ep 176 | 드론4 목적지29 |  533스텝 | 배송 29/29 | 재적재  3 | 중계율 0.34 | alpha 2.688 | complete
Ep 177 | 드론3 목적지45 |  846스텝 | 배송 45/45 | 재적재  6 | 중계율 0.33 | alpha 2.687 | complete
Ep 178 | 드론3 목적지20 |  438스텝 | 배송 20/20 | 재적재  2 | 중계율 0.33 | alpha 2.678 | complete
Ep 179 | 드론4 목적지66 | 1000스텝 | 배송 52/66 | 재적재  8 | 중계율 0.33 | alpha 2.693 | step_limit
Ep 180 | 드론4 목적지22 |  341스텝 | 배송 22/22 | 재적재  2 | 중계율 0.23 | alpha 2.701 | complete
