/home/kopt/enter/envs/wsl_neuroMCTS/lib/python3.10/site-packages/pygame/pkgdata.py:25: UserWarning: pkg_resources is deprecated as an API. See https://setuptools.pypa.io/en/latest/pkg_resources.html. The pkg_resources package is slated for removal as early as 2025-11-30. Refrain from using this package or pin to Setuptools<81.
  from pkg_resources import resource_stream, resource_exists
pygame 2.6.1 (SDL 2.28.4, Python 3.10.19)
Hello from the pygame community. https://www.pygame.org/contribute.html
집합 상위 학습 | 반경 300 상한 1000 무배송 500 gamma 0.997 구성=무작위 드론[3, 4] 목적지[20, 80] CC무작위 인스턴스=무작위 목표유지=off 완주보상=0.0 잔여페널티=0.1 규칙관측=False 규칙정규화=2.0/중계가중치=3.0 막힘페널티=0.0 도달권shaping=0.0 정체전환보상=0.0 엔트로피비=0.6->0.25@400 자기회귀=True 홀드아웃상한=3000 선택=makespan/속도가중치=40.0
/home/kopt/drone/proposed_src/pipeline/train_v5_26_09_15_23.py:360: UserWarning: Converting a tensor with requires_grad=True to a scalar may lead to unexpected behavior.
Consider using tensor.detach() first. (Triggered internally at /pytorch/torch/csrc/autograd/generated/python_variable_methods.cpp:836.)
  writer.add_scalar("train/alpha", float(log_alpha.exp()), ep)
Ep 1 | 드론4 목적지57 | 1000스텝 | 배송 46/57 | 재적재  8 | 중계율 0.18 | alpha 0.100 | step_limit
Ep 2 | 드론3 목적지50 | 1000스텝 | 배송 41/50 | 재적재  7 | 중계율 0.18 | alpha 0.100 | step_limit
Ep 3 | 드론4 목적지72 | 1000스텝 | 배송 57/72 | 재적재  8 | 중계율 0.15 | alpha 0.100 | step_limit
Ep 4 | 드론3 목적지46 | 1000스텝 | 배송 36/46 | 재적재  6 | 중계율 0.17 | alpha 0.100 | step_limit
Ep 5 | 드론3 목적지58 | 1000스텝 | 배송 36/58 | 재적재  6 | 중계율 0.40 | alpha 0.105 | step_limit
Ep 6 | 드론3 목적지61 | 1000스텝 | 배송 60/61 | 재적재  9 | 중계율 0.41 | alpha 0.116 | step_limit
Ep 7 | 드론3 목적지30 |  500스텝 | 배송 30/30 | 재적재  3 | 중계율 0.37 | alpha 0.121 | complete
Ep 8 | 드론3 목적지69 | 1000스텝 | 배송 50/69 | 재적재  7 | 중계율 0.29 | alpha 0.132 | step_limit
Ep 9 | 드론3 목적지66 | 1000스텝 | 배송 46/66 | 재적재  8 | 중계율 0.24 | alpha 0.142 | step_limit
Ep 10 | 드론3 목적지26 |  600스텝 | 배송 26/26 | 재적재  4 | 중계율 0.36 | alpha 0.148 | complete
Ep 11 | 드론4 목적지32 |  348스텝 | 배송 32/32 | 재적재  4 | 중계율 0.23 | alpha 0.152 | complete
Ep 12 | 드론3 목적지35 |  571스텝 | 배송 35/35 | 재적재  5 | 중계율 0.28 | alpha 0.159 | complete
Ep 13 | 드론3 목적지23 |  343스텝 | 배송 23/23 | 재적재  3 | 중계율 0.26 | alpha 0.163 | complete
Ep 14 | 드론3 목적지61 | 1000스텝 | 배송 50/61 | 재적재  9 | 중계율 0.30 | alpha 0.175 | step_limit
Ep 15 | 드론4 목적지78 |  807스텝 | 배송 78/78 | 재적재 14 | 중계율 0.25 | alpha 0.185 | complete
Ep 16 | 드론4 목적지46 | 1000스텝 | 배송 44/46 | 재적재  7 | 중계율 0.34 | alpha 0.199 | step_limit
Ep 17 | 드론4 목적지74 |  859스텝 | 배송 74/74 | 재적재 13 | 중계율 0.28 | alpha 0.212 | complete
Ep 18 | 드론3 목적지24 |  489스텝 | 배송 24/24 | 재적재  3 | 중계율 0.41 | alpha 0.220 | complete
Ep 19 | 드론4 목적지24 |  363스텝 | 배송 24/24 | 재적재  3 | 중계율 0.37 | alpha 0.226 | complete
Ep 20 | 드론3 목적지66 |  949스텝 | 배송 66/66 | 재적재 11 | 중계율 0.25 | alpha 0.242 | complete
Ep 21 | 드론3 목적지43 |  640스텝 | 배송 43/43 | 재적재  7 | 중계율 0.27 | alpha 0.253 | complete
Ep 22 | 드론3 목적지43 |  910스텝 | 배송 43/43 | 재적재  7 | 중계율 0.21 | alpha 0.271 | complete
Ep 23 | 드론3 목적지22 |  509스텝 | 배송 22/22 | 재적재  3 | 중계율 0.42 | alpha 0.281 | complete
Ep 24 | 드론3 목적지35 |  596스텝 | 배송 35/35 | 재적재  6 | 중계율 0.27 | alpha 0.293 | complete
Ep 25 | 드론4 목적지25 |  835스텝 | 배송 25/25 | 재적재  3 | 중계율 0.44 | alpha 0.311 | complete
Ep 26 | 드론3 목적지79 | 1000스텝 | 배송 73/79 | 재적재 13 | 중계율 0.25 | alpha 0.335 | step_limit
Ep 27 | 드론4 목적지63 | 1000스텝 | 배송 58/63 | 재적재 10 | 중계율 0.41 | alpha 0.360 | step_limit
Ep 28 | 드론3 목적지77 | 1000스텝 | 배송 67/77 | 재적재 11 | 중계율 0.29 | alpha 0.387 | step_limit
Ep 29 | 드론3 목적지34 |  590스텝 | 배송 34/34 | 재적재  4 | 중계율 0.37 | alpha 0.403 | complete
Ep 30 | 드론3 목적지25 |  616스텝 | 배송 25/25 | 재적재  2 | 중계율 0.39 | alpha 0.422 | complete
Ep 31 | 드론4 목적지68 |  836스텝 | 배송 68/68 | 재적재 12 | 중계율 0.29 | alpha 0.448 | complete
Ep 32 | 드론3 목적지79 | 1000스텝 | 배송 65/79 | 재적재 12 | 중계율 0.32 | alpha 0.482 | step_limit
Ep 33 | 드론3 목적지62 | 1000스텝 | 배송 60/62 | 재적재 10 | 중계율 0.33 | alpha 0.519 | step_limit
Ep 34 | 드론3 목적지33 |  620스텝 | 배송 33/33 | 재적재  6 | 중계율 0.24 | alpha 0.542 | complete
Ep 35 | 드론3 목적지26 |  423스텝 | 배송 26/26 | 재적재  3 | 중계율 0.29 | alpha 0.559 | complete
Ep 36 | 드론3 목적지57 | 1000스텝 | 배송 50/57 | 재적재  9 | 중계율 0.31 | alpha 0.601 | step_limit
Ep 37 | 드론3 목적지29 |  634스텝 | 배송 29/29 | 재적재  4 | 중계율 0.38 | alpha 0.629 | complete
Ep 38 | 드론4 목적지63 |  836스텝 | 배송 63/63 | 재적재 11 | 중계율 0.35 | alpha 0.667 | complete
Ep 39 | 드론4 목적지44 |  949스텝 | 배송 44/44 | 재적재  7 | 중계율 0.38 | alpha 0.714 | complete
Ep 40 | 드론4 목적지56 |  811스텝 | 배송 56/56 | 재적재 10 | 중계율 0.28 | alpha 0.756 | complete
Ep 41 | 드론4 목적지21 |  457스텝 | 배송 21/21 | 재적재  1 | 중계율 0.46 | alpha 0.781 | complete
Ep 42 | 드론3 목적지24 |  718스텝 | 배송 24/24 | 재적재  3 | 중계율 0.39 | alpha 0.822 | complete
Ep 43 | 드론3 목적지52 | 1000스텝 | 배송 50/52 | 재적재  9 | 중계율 0.27 | alpha 0.883 | step_limit
Ep 44 | 드론3 목적지72 | 1000스텝 | 배송 67/72 | 재적재 13 | 중계율 0.23 | alpha 0.948 | step_limit
Ep 45 | 드론3 목적지52 | 1000스텝 | 배송 50/52 | 재적재  8 | 중계율 0.32 | alpha 1.016 | step_limit
Ep 46 | 드론4 목적지72 |  855스텝 | 배송 72/72 | 재적재 13 | 중계율 0.20 | alpha 1.077 | complete
Ep 47 | 드론3 목적지69 | 1000스텝 | 배송 60/69 | 재적재 11 | 중계율 0.24 | alpha 1.153 | step_limit
Ep 48 | 드론3 목적지56 | 1000스텝 | 배송 52/56 | 재적재 10 | 중계율 0.29 | alpha 1.232 | step_limit
Ep 49 | 드론4 목적지78 | 1000스텝 | 배송 60/78 | 재적재 11 | 중계율 0.23 | alpha 1.316 | step_limit
Ep 50 | 드론4 목적지40 |  865스텝 | 배송 21/40 | 재적재  1 | 중계율 0.48 | alpha 1.391 | no_progress
  [홀드아웃] 배송 49.3±3.3 완주 0.93 스텝 926 점수 120.1 재적재 7.5 2홉+ 0.61 | 최고 120.1@ep50 정체 0/15  ← 갱신
Ep 51 | 드론4 목적지51 |  561스텝 | 배송 51/51 | 재적재  8 | 중계율 0.23 | alpha 1.441 | complete
Ep 52 | 드론3 목적지42 |  723스텝 | 배송 42/42 | 재적재  7 | 중계율 0.29 | alpha 1.506 | complete
Ep 53 | 드론4 목적지60 |  655스텝 | 배송 60/60 | 재적재 10 | 중계율 0.21 | alpha 1.567 | complete
Ep 54 | 드론3 목적지49 |  801스텝 | 배송 49/49 | 재적재  9 | 중계율 0.23 | alpha 1.641 | complete
Ep 55 | 드론3 목적지40 |  868스텝 | 배송 40/40 | 재적재  6 | 중계율 0.26 | alpha 1.721 | complete
Ep 56 | 드론4 목적지61 |  993스텝 | 배송 61/61 | 재적재 11 | 중계율 0.29 | alpha 1.812 | complete
Ep 57 | 드론3 목적지53 | 1000스텝 | 배송 47/53 | 재적재  9 | 중계율 0.25 | alpha 1.900 | step_limit
Ep 58 | 드론4 목적지57 |  866스텝 | 배송 57/57 | 재적재  9 | 중계율 0.32 | alpha 1.976 | complete
Ep 59 | 드론3 목적지50 |  815스텝 | 배송 50/50 | 재적재  9 | 중계율 0.29 | alpha 2.046 | complete
Ep 60 | 드론3 목적지21 |  803스텝 | 배송 21/21 | 재적재  2 | 중계율 0.36 | alpha 2.116 | complete
Ep 61 | 드론4 목적지26 |  415스텝 | 배송 26/26 | 재적재  4 | 중계율 0.27 | alpha 2.150 | complete
Ep 62 | 드론4 목적지55 | 1000스텝 | 배송 52/55 | 재적재  9 | 중계율 0.33 | alpha 2.230 | step_limit
Ep 63 | 드론4 목적지68 |  881스텝 | 배송 68/68 | 재적재 11 | 중계율 0.32 | alpha 2.302 | complete
Ep 64 | 드론3 목적지41 |  805스텝 | 배송 41/41 | 재적재  7 | 중계율 0.30 | alpha 2.372 | complete
Ep 65 | 드론4 목적지68 |  826스텝 | 배송 68/68 | 재적재 12 | 중계율 0.18 | alpha 2.438 | complete
Ep 66 | 드론3 목적지61 |  970스텝 | 배송 61/61 | 재적재 11 | 중계율 0.23 | alpha 2.515 | complete
Ep 67 | 드론3 목적지53 | 1000스텝 | 배송 50/53 | 재적재  9 | 중계율 0.32 | alpha 2.594 | step_limit
Ep 68 | 드론3 목적지44 |  784스텝 | 배송 44/44 | 재적재  8 | 중계율 0.19 | alpha 2.647 | complete
Ep 69 | 드론3 목적지34 |  682스텝 | 배송 34/34 | 재적재  6 | 중계율 0.25 | alpha 2.689 | complete
Ep 70 | 드론3 목적지31 |  790스텝 | 배송 31/31 | 재적재  5 | 중계율 0.35 | alpha 2.726 | complete
Ep 71 | 드론4 목적지71 |  848스텝 | 배송 71/71 | 재적재 13 | 중계율 0.22 | alpha 2.763 | complete
Ep 72 | 드론3 목적지53 | 1000스텝 | 배송 48/53 | 재적재  9 | 중계율 0.28 | alpha 2.784 | step_limit
Ep 73 | 드론3 목적지21 |  665스텝 | 배송 21/21 | 재적재  3 | 중계율 0.33 | alpha 2.791 | complete
Ep 74 | 드론4 목적지45 |  934스텝 | 배송 45/45 | 재적재  8 | 중계율 0.28 | alpha 2.775 | complete
Ep 75 | 드론4 목적지40 |  977스텝 | 배송 40/40 | 재적재  7 | 중계율 0.32 | alpha 2.750 | complete
Ep 76 | 드론3 목적지75 | 1000스텝 | 배송 58/75 | 재적재 10 | 중계율 0.34 | alpha 2.707 | step_limit
Ep 77 | 드론4 목적지24 |  390스텝 | 배송 24/24 | 재적재  2 | 중계율 0.32 | alpha 2.692 | complete
Ep 78 | 드론3 목적지64 | 1000스텝 | 배송 51/64 | 재적재  9 | 중계율 0.25 | alpha 2.657 | step_limit
Ep 79 | 드론3 목적지41 | 1000스텝 | 배송 40/41 | 재적재  7 | 중계율 0.31 | alpha 2.636 | step_limit
Ep 80 | 드론3 목적지69 | 1000스텝 | 배송 64/69 | 재적재 11 | 중계율 0.20 | alpha 2.630 | step_limit
Ep 81 | 드론4 목적지47 | 1000스텝 | 배송 46/47 | 재적재  8 | 중계율 0.28 | alpha 2.628 | step_limit
Ep 82 | 드론4 목적지69 | 1000스텝 | 배송 57/69 | 재적재 10 | 중계율 0.30 | alpha 2.661 | step_limit
Ep 83 | 드론4 목적지31 |  844스텝 | 배송 31/31 | 재적재  4 | 중계율 0.41 | alpha 2.684 | complete
Ep 84 | 드론3 목적지33 |  858스텝 | 배송 33/33 | 재적재  6 | 중계율 0.29 | alpha 2.667 | complete
Ep 85 | 드론3 목적지38 |  555스텝 | 배송 38/38 | 재적재  6 | 중계율 0.20 | alpha 2.661 | complete
Ep 86 | 드론4 목적지24 |  579스텝 | 배송 24/24 | 재적재  4 | 중계율 0.36 | alpha 2.637 | complete
Ep 87 | 드론3 목적지30 |  680스텝 | 배송 30/30 | 재적재  5 | 중계율 0.26 | alpha 2.597 | complete
Ep 88 | 드론3 목적지38 |  728스텝 | 배송 38/38 | 재적재  6 | 중계율 0.29 | alpha 2.552 | complete
Ep 89 | 드론3 목적지57 | 1000스텝 | 배송 52/57 | 재적재  9 | 중계율 0.26 | alpha 2.543 | step_limit
Ep 90 | 드론4 목적지21 |  888스텝 | 배송 21/21 | 재적재  2 | 중계율 0.34 | alpha 2.560 | complete
Ep 91 | 드론4 목적지77 | 1000스텝 | 배송 63/77 | 재적재 12 | 중계율 0.28 | alpha 2.602 | step_limit
Ep 92 | 드론3 목적지69 | 1000스텝 | 배송 56/69 | 재적재 10 | 중계율 0.29 | alpha 2.562 | step_limit
Ep 93 | 드론4 목적지60 | 1000스텝 | 배송 57/60 | 재적재  9 | 중계율 0.19 | alpha 2.506 | step_limit
Ep 94 | 드론4 목적지45 |  664스텝 | 배송 45/45 | 재적재  6 | 중계율 0.23 | alpha 2.493 | complete
Ep 95 | 드론3 목적지71 | 1000스텝 | 배송 58/71 | 재적재 11 | 중계율 0.24 | alpha 2.483 | step_limit
Ep 96 | 드론3 목적지74 | 1000스텝 | 배송 50/74 | 재적재  9 | 중계율 0.18 | alpha 2.477 | step_limit
Ep 97 | 드론4 목적지47 |  818스텝 | 배송 47/47 | 재적재  7 | 중계율 0.21 | alpha 2.473 | complete
Ep 98 | 드론4 목적지50 |  839스텝 | 배송 50/50 | 재적재  8 | 중계율 0.34 | alpha 2.470 | complete
Ep 99 | 드론4 목적지35 |  645스텝 | 배송 35/35 | 재적재  4 | 중계율 0.32 | alpha 2.464 | complete
Ep 100 | 드론3 목적지40 | 1000스텝 | 배송 37/40 | 재적재  7 | 중계율 0.33 | alpha 2.470 | step_limit
  [홀드아웃] 배송 49.9±0.8 완주 0.99 스텝 1138 점수 123.6 재적재 8.1 2홉+ 0.63 | 최고 123.6@ep100 정체 0/15  ← 갱신
Ep 101 | 드론3 목적지23 |  581스텝 | 배송 23/23 | 재적재  3 | 중계율 0.31 | alpha 2.460 | complete
Ep 102 | 드론3 목적지21 |  525스텝 | 배송 21/21 | 재적재  3 | 중계율 0.35 | alpha 2.448 | complete
Ep 103 | 드론4 목적지72 |  903스텝 | 배송 72/72 | 재적재 13 | 중계율 0.21 | alpha 2.429 | complete
Ep 104 | 드론3 목적지27 | 1000스텝 | 배송 26/27 | 재적재  4 | 중계율 0.32 | alpha 2.385 | step_limit
Ep 105 | 드론3 목적지63 | 1000스텝 | 배송 62/63 | 재적재 12 | 중계율 0.19 | alpha 2.382 | step_limit
Ep 106 | 드론4 목적지58 |  688스텝 | 배송 58/58 | 재적재 10 | 중계율 0.25 | alpha 2.377 | complete
Ep 107 | 드론4 목적지75 | 1000스텝 | 배송 57/75 | 재적재 10 | 중계율 0.34 | alpha 2.379 | step_limit
Ep 108 | 드론3 목적지55 | 1000스텝 | 배송 53/55 | 재적재  8 | 중계율 0.25 | alpha 2.358 | step_limit
Ep 109 | 드론4 목적지64 | 1000스텝 | 배송 62/64 | 재적재 12 | 중계율 0.33 | alpha 2.344 | step_limit
Ep 110 | 드론3 목적지55 | 1000스텝 | 배송 54/55 | 재적재 10 | 중계율 0.30 | alpha 2.313 | step_limit
Ep 111 | 드론4 목적지67 | 1000스텝 | 배송 60/67 | 재적재 11 | 중계율 0.35 | alpha 2.297 | step_limit
Ep 112 | 드론3 목적지46 |  769스텝 | 배송 46/46 | 재적재  8 | 중계율 0.24 | alpha 2.273 | complete
Ep 113 | 드론4 목적지43 |  865스텝 | 배송 43/43 | 재적재  7 | 중계율 0.26 | alpha 2.268 | complete
Ep 114 | 드론3 목적지80 | 1000스텝 | 배송 65/80 | 재적재 11 | 중계율 0.23 | alpha 2.200 | step_limit
Ep 115 | 드론4 목적지78 | 1000스텝 | 배송 73/78 | 재적재 13 | 중계율 0.20 | alpha 2.154 | step_limit
Ep 116 | 드론4 목적지72 | 1000스텝 | 배송 64/72 | 재적재 10 | 중계율 0.23 | alpha 2.121 | step_limit
Ep 117 | 드론3 목적지54 | 1000스텝 | 배송 52/54 | 재적재 10 | 중계율 0.28 | alpha 2.110 | step_limit
Ep 118 | 드론3 목적지63 | 1000스텝 | 배송 53/63 | 재적재  9 | 중계율 0.30 | alpha 2.118 | step_limit
Ep 119 | 드론4 목적지66 |  895스텝 | 배송 66/66 | 재적재 12 | 중계율 0.24 | alpha 2.101 | complete
Ep 120 | 드론4 목적지70 | 1000스텝 | 배송 68/70 | 재적재 13 | 중계율 0.26 | alpha 2.097 | step_limit
Ep 121 | 드론4 목적지45 |  879스텝 | 배송 45/45 | 재적재  7 | 중계율 0.31 | alpha 2.095 | complete
Ep 122 | 드론4 목적지26 |  522스텝 | 배송 26/26 | 재적재  3 | 중계율 0.40 | alpha 2.100 | complete
Ep 123 | 드론4 목적지30 |  524스텝 | 배송 30/30 | 재적재  3 | 중계율 0.31 | alpha 2.094 | complete
Ep 124 | 드론3 목적지80 | 1000스텝 | 배송 63/80 | 재적재 11 | 중계율 0.28 | alpha 2.053 | step_limit
Ep 125 | 드론4 목적지41 |  520스텝 | 배송 41/41 | 재적재  6 | 중계율 0.24 | alpha 2.055 | complete
Ep 126 | 드론3 목적지50 | 1000스텝 | 배송 44/50 | 재적재  7 | 중계율 0.34 | alpha 2.065 | step_limit
Ep 127 | 드론3 목적지37 |  797스텝 | 배송 37/37 | 재적재  6 | 중계율 0.31 | alpha 2.061 | complete
Ep 128 | 드론3 목적지42 | 1000스텝 | 배송 40/42 | 재적재  7 | 중계율 0.28 | alpha 2.059 | step_limit
Ep 129 | 드론4 목적지52 |  896스텝 | 배송 52/52 | 재적재  9 | 중계율 0.29 | alpha 2.072 | complete
Ep 130 | 드론3 목적지40 | 1000스텝 | 배송 39/40 | 재적재  5 | 중계율 0.40 | alpha 2.071 | step_limit
Ep 131 | 드론3 목적지39 |  888스텝 | 배송 39/39 | 재적재  7 | 중계율 0.22 | alpha 2.029 | complete
Ep 132 | 드론4 목적지63 |  714스텝 | 배송 63/63 | 재적재 11 | 중계율 0.21 | alpha 2.014 | complete
Ep 133 | 드론3 목적지61 | 1000스텝 | 배송 59/61 | 재적재 10 | 중계율 0.21 | alpha 2.021 | step_limit
Ep 134 | 드론4 목적지22 |  288스텝 | 배송 22/22 | 재적재  2 | 중계율 0.20 | alpha 2.009 | complete
Ep 135 | 드론3 목적지20 |  564스텝 | 배송 20/20 | 재적재  3 | 중계율 0.32 | alpha 1.998 | complete
Ep 136 | 드론4 목적지57 |  902스텝 | 배송 57/57 | 재적재 10 | 중계율 0.32 | alpha 1.995 | complete
Ep 137 | 드론3 목적지24 |  707스텝 | 배송 24/24 | 재적재  4 | 중계율 0.27 | alpha 1.980 | complete
Ep 138 | 드론4 목적지35 |  613스텝 | 배송 35/35 | 재적재  5 | 중계율 0.22 | alpha 1.960 | complete
Ep 139 | 드론3 목적지29 |  652스텝 | 배송 29/29 | 재적재  3 | 중계율 0.22 | alpha 1.947 | complete
Ep 140 | 드론3 목적지32 | 1000스텝 | 배송 24/32 | 재적재  3 | 중계율 0.29 | alpha 1.916 | step_limit
Ep 141 | 드론3 목적지54 | 1000스텝 | 배송 49/54 | 재적재  9 | 중계율 0.25 | alpha 1.950 | step_limit
Ep 142 | 드론3 목적지42 |  815스텝 | 배송 42/42 | 재적재  8 | 중계율 0.25 | alpha 1.959 | complete
Ep 143 | 드론3 목적지23 |  526스텝 | 배송 23/23 | 재적재  3 | 중계율 0.30 | alpha 1.915 | complete
Ep 144 | 드론3 목적지61 | 1000스텝 | 배송 53/61 | 재적재 10 | 중계율 0.26 | alpha 1.887 | step_limit
Ep 145 | 드론3 목적지64 | 1000스텝 | 배송 56/64 | 재적재 10 | 중계율 0.24 | alpha 1.877 | step_limit
Ep 146 | 드론3 목적지71 | 1000스텝 | 배송 59/71 | 재적재 10 | 중계율 0.19 | alpha 1.840 | step_limit
Ep 147 | 드론3 목적지48 | 1000스텝 | 배송 46/48 | 재적재  9 | 중계율 0.22 | alpha 1.816 | step_limit
Ep 148 | 드론4 목적지36 |  800스텝 | 배송 36/36 | 재적재  6 | 중계율 0.33 | alpha 1.836 | complete
Ep 149 | 드론4 목적지40 |  532스텝 | 배송 40/40 | 재적재  6 | 중계율 0.23 | alpha 1.858 | complete
Ep 150 | 드론3 목적지26 |  812스텝 | 배송 26/26 | 재적재  4 | 중계율 0.27 | alpha 1.863 | complete
  [홀드아웃] 배송 49.9±0.5 완주 0.96 스텝 1201 점수 120.2 재적재 8.4 2홉+ 0.62 | 최고 123.6@ep100 정체 1/15
Ep 151 | 드론4 목적지70 | 1000스텝 | 배송 68/70 | 재적재 12 | 중계율 0.27 | alpha 1.844 | step_limit
Ep 152 | 드론4 목적지48 |  692스텝 | 배송 48/48 | 재적재  7 | 중계율 0.28 | alpha 1.871 | complete
Ep 153 | 드론4 목적지57 |  864스텝 | 배송 57/57 | 재적재 10 | 중계율 0.31 | alpha 1.867 | complete
Ep 154 | 드론4 목적지34 |  561스텝 | 배송 34/34 | 재적재  5 | 중계율 0.22 | alpha 1.877 | complete
Ep 155 | 드론4 목적지80 | 1000스텝 | 배송 62/80 | 재적재 12 | 중계율 0.31 | alpha 1.860 | step_limit
Ep 156 | 드론4 목적지59 | 1000스텝 | 배송 57/59 | 재적재 11 | 중계율 0.32 | alpha 1.869 | step_limit
Ep 157 | 드론3 목적지42 | 1000스텝 | 배송 40/42 | 재적재  7 | 중계율 0.25 | alpha 1.847 | step_limit
Ep 158 | 드론4 목적지76 | 1000스텝 | 배송 73/76 | 재적재 13 | 중계율 0.20 | alpha 1.830 | step_limit
Ep 159 | 드론4 목적지47 |  743스텝 | 배송 47/47 | 재적재  9 | 중계율 0.28 | alpha 1.797 | complete
Ep 160 | 드론3 목적지62 | 1000스텝 | 배송 56/62 | 재적재 10 | 중계율 0.31 | alpha 1.790 | step_limit
Ep 161 | 드론3 목적지31 |  756스텝 | 배송 31/31 | 재적재  5 | 중계율 0.26 | alpha 1.776 | complete
Ep 162 | 드론3 목적지26 |  626스텝 | 배송 26/26 | 재적재  4 | 중계율 0.31 | alpha 1.789 | complete
Ep 163 | 드론4 목적지21 |  682스텝 | 배송 21/21 | 재적재  3 | 중계율 0.45 | alpha 1.788 | complete
Ep 164 | 드론4 목적지79 | 1000스텝 | 배송 67/79 | 재적재 11 | 중계율 0.31 | alpha 1.786 | step_limit
Ep 165 | 드론4 목적지47 |  559스텝 | 배송 47/47 | 재적재  8 | 중계율 0.21 | alpha 1.779 | complete
Ep 166 | 드론3 목적지77 | 1000스텝 | 배송 66/77 | 재적재 12 | 중계율 0.22 | alpha 1.745 | step_limit
Ep 167 | 드론4 목적지77 | 1000스텝 | 배송 61/77 | 재적재  9 | 중계율 0.35 | alpha 1.743 | step_limit
Ep 168 | 드론4 목적지29 |  889스텝 | 배송 29/29 | 재적재  4 | 중계율 0.33 | alpha 1.755 | complete
Ep 169 | 드론4 목적지59 |  860스텝 | 배송 59/59 | 재적재 10 | 중계율 0.29 | alpha 1.764 | complete
Ep 170 | 드론3 목적지74 | 1000스텝 | 배송 63/74 | 재적재 12 | 중계율 0.27 | alpha 1.755 | step_limit
Ep 171 | 드론4 목적지34 |  612스텝 | 배송 34/34 | 재적재  4 | 중계율 0.21 | alpha 1.760 | complete
Ep 172 | 드론3 목적지43 | 1000스텝 | 배송 35/43 | 재적재  5 | 중계율 0.25 | alpha 1.775 | step_limit
Ep 173 | 드론3 목적지35 |  844스텝 | 배송 35/35 | 재적재  5 | 중계율 0.37 | alpha 1.761 | complete
Ep 174 | 드론4 목적지43 |  622스텝 | 배송 43/43 | 재적재  6 | 중계율 0.24 | alpha 1.746 | complete
Ep 175 | 드론4 목적지30 |  715스텝 | 배송 30/30 | 재적재  4 | 중계율 0.40 | alpha 1.744 | complete
Ep 176 | 드론4 목적지29 |  848스텝 | 배송 29/29 | 재적재  4 | 중계율 0.38 | alpha 1.736 | complete
Ep 177 | 드론3 목적지45 |  890스텝 | 배송 45/45 | 재적재  6 | 중계율 0.36 | alpha 1.706 | complete
Ep 178 | 드론3 목적지20 |  660스텝 | 배송 20/20 | 재적재  3 | 중계율 0.41 | alpha 1.694 | complete
Ep 179 | 드론4 목적지66 | 1000스텝 | 배송 55/66 | 재적재  9 | 중계율 0.33 | alpha 1.686 | step_limit
Ep 180 | 드론4 목적지22 |  525스텝 | 배송 22/22 | 재적재  2 | 중계율 0.26 | alpha 1.670 | complete
Ep 181 | 드론4 목적지77 | 1000스텝 | 배송 66/77 | 재적재 10 | 중계율 0.33 | alpha 1.629 | step_limit
Ep 182 | 드론3 목적지74 | 1000스텝 | 배송 60/74 | 재적재 12 | 중계율 0.25 | alpha 1.607 | step_limit
Ep 183 | 드론4 목적지40 |  483스텝 | 배송 40/40 | 재적재  7 | 중계율 0.21 | alpha 1.605 | complete
Ep 184 | 드론3 목적지77 | 1000스텝 | 배송 68/77 | 재적재 12 | 중계율 0.25 | alpha 1.614 | step_limit
Ep 185 | 드론4 목적지72 | 1000스텝 | 배송 66/72 | 재적재 11 | 중계율 0.30 | alpha 1.611 | step_limit
Ep 186 | 드론4 목적지74 |  979스텝 | 배송 74/74 | 재적재 13 | 중계율 0.25 | alpha 1.594 | complete
Ep 187 | 드론3 목적지65 | 1000스텝 | 배송 56/65 | 재적재 11 | 중계율 0.25 | alpha 1.563 | step_limit
Ep 188 | 드론3 목적지80 | 1000스텝 | 배송 52/80 | 재적재  8 | 중계율 0.35 | alpha 1.559 | step_limit
Ep 189 | 드론4 목적지55 | 1000스텝 | 배송 51/55 | 재적재 10 | 중계율 0.32 | alpha 1.547 | step_limit
Ep 190 | 드론3 목적지36 | 1000스텝 | 배송 35/36 | 재적재  6 | 중계율 0.30 | alpha 1.541 | step_limit
Ep 191 | 드론3 목적지28 |  694스텝 | 배송 28/28 | 재적재  3 | 중계율 0.32 | alpha 1.530 | complete
Ep 192 | 드론4 목적지74 | 1000스텝 | 배송 70/74 | 재적재 12 | 중계율 0.28 | alpha 1.498 | step_limit
Ep 193 | 드론3 목적지61 | 1000스텝 | 배송 49/61 | 재적재  7 | 중계율 0.36 | alpha 1.483 | step_limit
Ep 194 | 드론4 목적지73 | 1000스텝 | 배송 63/73 | 재적재 12 | 중계율 0.22 | alpha 1.454 | step_limit
Ep 195 | 드론4 목적지69 | 1000스텝 | 배송 56/69 | 재적재  9 | 중계율 0.30 | alpha 1.441 | step_limit
Ep 196 | 드론3 목적지47 |  804스텝 | 배송 47/47 | 재적재  8 | 중계율 0.23 | alpha 1.430 | complete
Ep 197 | 드론4 목적지27 |  792스텝 | 배송 27/27 | 재적재  4 | 중계율 0.36 | alpha 1.443 | complete
Ep 198 | 드론3 목적지56 | 1000스텝 | 배송 54/56 | 재적재 10 | 중계율 0.18 | alpha 1.479 | step_limit
Ep 199 | 드론3 목적지57 | 1000스텝 | 배송 53/57 | 재적재 10 | 중계율 0.31 | alpha 1.495 | step_limit
Ep 200 | 드론4 목적지64 | 1000스텝 | 배송 63/64 | 재적재 12 | 중계율 0.30 | alpha 1.473 | step_limit
  [홀드아웃] 배송 49.4±4.5 완주 0.97 스텝 1024 점수 123.9 재적재 7.9 2홉+ 0.62 | 최고 123.9@ep200 정체 0/15  ← 갱신
Ep 201 | 드론4 목적지38 | 1000스텝 | 배송 35/38 | 재적재  6 | 중계율 0.41 | alpha 1.459 | step_limit
Ep 202 | 드론3 목적지32 |  635스텝 | 배송 32/32 | 재적재  5 | 중계율 0.41 | alpha 1.452 | complete
Ep 203 | 드론3 목적지23 |  667스텝 | 배송 23/23 | 재적재  4 | 중계율 0.24 | alpha 1.453 | complete
Ep 204 | 드론3 목적지38 |  841스텝 | 배송 38/38 | 재적재  6 | 중계율 0.23 | alpha 1.438 | complete
Ep 205 | 드론3 목적지27 |  803스텝 | 배송 27/27 | 재적재  5 | 중계율 0.29 | alpha 1.423 | complete
Ep 206 | 드론3 목적지58 | 1000스텝 | 배송 51/58 | 재적재  9 | 중계율 0.29 | alpha 1.409 | step_limit
Ep 207 | 드론3 목적지52 | 1000스텝 | 배송 41/52 | 재적재  8 | 중계율 0.26 | alpha 1.407 | step_limit
Ep 208 | 드론3 목적지60 | 1000스텝 | 배송 50/60 | 재적재  8 | 중계율 0.30 | alpha 1.403 | step_limit
Ep 209 | 드론3 목적지72 | 1000스텝 | 배송 61/72 | 재적재 10 | 중계율 0.32 | alpha 1.424 | step_limit
Ep 210 | 드론4 목적지39 |  503스텝 | 배송 39/39 | 재적재  6 | 중계율 0.22 | alpha 1.428 | complete
Ep 211 | 드론3 목적지55 | 1000스텝 | 배송 46/55 | 재적재  7 | 중계율 0.24 | alpha 1.411 | step_limit
Ep 212 | 드론3 목적지62 | 1000스텝 | 배송 56/62 | 재적재 11 | 중계율 0.26 | alpha 1.395 | step_limit
Ep 213 | 드론4 목적지77 |  886스텝 | 배송 77/77 | 재적재 14 | 중계율 0.17 | alpha 1.397 | complete
Ep 214 | 드론3 목적지44 |  801스텝 | 배송 44/44 | 재적재  8 | 중계율 0.28 | alpha 1.401 | complete
Ep 215 | 드론3 목적지49 | 1000스텝 | 배송 44/49 | 재적재  8 | 중계율 0.39 | alpha 1.389 | step_limit
Ep 216 | 드론4 목적지29 |  715스텝 | 배송 29/29 | 재적재  4 | 중계율 0.42 | alpha 1.403 | complete
Ep 217 | 드론4 목적지36 |  378스텝 | 배송 36/36 | 재적재  4 | 중계율 0.20 | alpha 1.404 | complete
Ep 218 | 드론4 목적지55 |  554스텝 | 배송 55/55 | 재적재  8 | 중계율 0.22 | alpha 1.407 | complete
Ep 219 | 드론3 목적지35 |  803스텝 | 배송 35/35 | 재적재  6 | 중계율 0.32 | alpha 1.405 | complete
Ep 220 | 드론4 목적지73 |  961스텝 | 배송 73/73 | 재적재 12 | 중계율 0.26 | alpha 1.401 | complete
Ep 221 | 드론4 목적지25 |  406스텝 | 배송 25/25 | 재적재  2 | 중계율 0.34 | alpha 1.407 | complete
Ep 222 | 드론3 목적지30 |  958스텝 | 배송 30/30 | 재적재  5 | 중계율 0.40 | alpha 1.401 | complete
Ep 223 | 드론3 목적지45 |  895스텝 | 배송 45/45 | 재적재  6 | 중계율 0.32 | alpha 1.380 | complete
Ep 224 | 드론4 목적지76 | 1000스텝 | 배송 45/76 | 재적재  6 | 중계율 0.35 | alpha 1.371 | step_limit
Ep 225 | 드론4 목적지70 | 1000스텝 | 배송 69/70 | 재적재 13 | 중계율 0.27 | alpha 1.371 | step_limit
Ep 226 | 드론4 목적지73 |  974스텝 | 배송 73/73 | 재적재 13 | 중계율 0.22 | alpha 1.388 | complete
Ep 227 | 드론4 목적지56 |  665스텝 | 배송 56/56 | 재적재  9 | 중계율 0.22 | alpha 1.386 | complete
Ep 228 | 드론4 목적지24 |  455스텝 | 배송 24/24 | 재적재  4 | 중계율 0.29 | alpha 1.382 | complete
Ep 229 | 드론3 목적지32 |  705스텝 | 배송 32/32 | 재적재  5 | 중계율 0.42 | alpha 1.375 | complete
Ep 230 | 드론3 목적지62 | 1000스텝 | 배송 58/62 | 재적재 10 | 중계율 0.27 | alpha 1.347 | step_limit
Ep 231 | 드론3 목적지27 |  483스텝 | 배송 27/27 | 재적재  3 | 중계율 0.32 | alpha 1.339 | complete
Ep 232 | 드론4 목적지27 |  728스텝 | 배송 27/27 | 재적재  3 | 중계율 0.47 | alpha 1.332 | complete
Ep 233 | 드론4 목적지58 |  991스텝 | 배송 58/58 | 재적재 10 | 중계율 0.29 | alpha 1.329 | complete
Ep 234 | 드론3 목적지56 | 1000스텝 | 배송 52/56 | 재적재 10 | 중계율 0.26 | alpha 1.325 | step_limit
Ep 235 | 드론3 목적지49 | 1000스텝 | 배송 48/49 | 재적재  8 | 중계율 0.33 | alpha 1.311 | step_limit
Ep 236 | 드론4 목적지71 | 1000스텝 | 배송 67/71 | 재적재 12 | 중계율 0.32 | alpha 1.309 | step_limit
Ep 237 | 드론4 목적지77 |  864스텝 | 배송 77/77 | 재적재 14 | 중계율 0.20 | alpha 1.315 | complete
Ep 238 | 드론4 목적지27 |  465스텝 | 배송 27/27 | 재적재  3 | 중계율 0.24 | alpha 1.325 | complete
Ep 239 | 드론4 목적지37 |  784스텝 | 배송 37/37 | 재적재  6 | 중계율 0.36 | alpha 1.324 | complete
Ep 240 | 드론4 목적지70 |  719스텝 | 배송 70/70 | 재적재 12 | 중계율 0.22 | alpha 1.328 | complete
Ep 241 | 드론3 목적지46 | 1000스텝 | 배송 38/46 | 재적재  7 | 중계율 0.25 | alpha 1.301 | step_limit
Ep 242 | 드론4 목적지65 | 1000스텝 | 배송 62/65 | 재적재 12 | 중계율 0.19 | alpha 1.289 | step_limit
Ep 243 | 드론4 목적지39 | 1000스텝 | 배송 37/39 | 재적재  6 | 중계율 0.36 | alpha 1.285 | step_limit
Ep 244 | 드론3 목적지51 |  848스텝 | 배송 51/51 | 재적재  8 | 중계율 0.31 | alpha 1.292 | complete
Ep 245 | 드론3 목적지52 | 1000스텝 | 배송 46/52 | 재적재  8 | 중계율 0.39 | alpha 1.260 | step_limit
Ep 246 | 드론4 목적지54 |  964스텝 | 배송 54/54 | 재적재  9 | 중계율 0.22 | alpha 1.245 | complete
Ep 247 | 드론4 목적지69 | 1000스텝 | 배송 67/69 | 재적재 12 | 중계율 0.32 | alpha 1.225 | step_limit
Ep 248 | 드론3 목적지77 | 1000스텝 | 배송 66/77 | 재적재 13 | 중계율 0.26 | alpha 1.215 | step_limit
Ep 249 | 드론4 목적지70 |  891스텝 | 배송 70/70 | 재적재 13 | 중계율 0.22 | alpha 1.210 | complete
Ep 250 | 드론3 목적지51 | 1000스텝 | 배송 49/51 | 재적재  8 | 중계율 0.37 | alpha 1.204 | step_limit
  [홀드아웃] 배송 49.9±0.4 완주 0.97 스텝 1001 점수 124.2 재적재 8.1 2홉+ 0.63 | 최고 124.2@ep250 정체 0/15  ← 갱신
Ep 251 | 드론4 목적지33 |  455스텝 | 배송 33/33 | 재적재  4 | 중계율 0.23 | alpha 1.199 | complete
Ep 252 | 드론3 목적지25 |  471스텝 | 배송 25/25 | 재적재  3 | 중계율 0.28 | alpha 1.196 | complete
Ep 253 | 드론4 목적지49 |  784스텝 | 배송 49/49 | 재적재  7 | 중계율 0.38 | alpha 1.191 | complete
Ep 254 | 드론4 목적지26 |  352스텝 | 배송 26/26 | 재적재  3 | 중계율 0.23 | alpha 1.189 | complete
Ep 255 | 드론3 목적지38 |  844스텝 | 배송 38/38 | 재적재  7 | 중계율 0.33 | alpha 1.183 | complete
Ep 256 | 드론3 목적지27 |  654스텝 | 배송 27/27 | 재적재  5 | 중계율 0.34 | alpha 1.176 | complete
Ep 257 | 드론3 목적지44 |  900스텝 | 배송 44/44 | 재적재  8 | 중계율 0.31 | alpha 1.168 | complete
Ep 258 | 드론4 목적지73 |  941스텝 | 배송 73/73 | 재적재 13 | 중계율 0.26 | alpha 1.171 | complete
Ep 259 | 드론4 목적지65 |  843스텝 | 배송 65/65 | 재적재 12 | 중계율 0.27 | alpha 1.145 | complete
Ep 260 | 드론4 목적지49 | 1000스텝 | 배송 45/49 | 재적재  7 | 중계율 0.29 | alpha 1.158 | step_limit
Ep 261 | 드론4 목적지21 |  332스텝 | 배송 21/21 | 재적재  2 | 중계율 0.30 | alpha 1.152 | complete
Ep 262 | 드론3 목적지69 |  926스텝 | 배송 69/69 | 재적재 13 | 중계율 0.24 | alpha 1.133 | complete
Ep 263 | 드론3 목적지40 | 1000스텝 | 배송 29/40 | 재적재  5 | 중계율 0.38 | alpha 1.123 | step_limit
Ep 264 | 드론4 목적지35 |  549스텝 | 배송 35/35 | 재적재  6 | 중계율 0.30 | alpha 1.117 | complete
Ep 265 | 드론4 목적지52 |  617스텝 | 배송 52/52 | 재적재  8 | 중계율 0.20 | alpha 1.092 | complete
Ep 266 | 드론3 목적지33 |  521스텝 | 배송 33/33 | 재적재  6 | 중계율 0.18 | alpha 1.077 | complete
Ep 267 | 드론4 목적지32 |  498스텝 | 배송 32/32 | 재적재  6 | 중계율 0.30 | alpha 1.074 | complete
Ep 268 | 드론3 목적지39 |  870스텝 | 배송 39/39 | 재적재  6 | 중계율 0.30 | alpha 1.078 | complete
Ep 269 | 드론4 목적지71 |  822스텝 | 배송 71/71 | 재적재 13 | 중계율 0.22 | alpha 1.081 | complete
Ep 270 | 드론3 목적지56 | 1000스텝 | 배송 45/56 | 재적재  8 | 중계율 0.34 | alpha 1.075 | step_limit
Ep 271 | 드론4 목적지66 | 1000스텝 | 배송 59/66 | 재적재 10 | 중계율 0.27 | alpha 1.063 | step_limit
Ep 272 | 드론3 목적지33 |  468스텝 | 배송 33/33 | 재적재  5 | 중계율 0.24 | alpha 1.067 | complete
Ep 273 | 드론4 목적지75 | 1000스텝 | 배송 71/75 | 재적재 13 | 중계율 0.31 | alpha 1.094 | step_limit
Ep 274 | 드론3 목적지63 | 1000스텝 | 배송 60/63 | 재적재 10 | 중계율 0.21 | alpha 1.103 | step_limit
Ep 275 | 드론3 목적지46 | 1000스텝 | 배송 42/46 | 재적재  8 | 중계율 0.34 | alpha 1.092 | step_limit
Ep 276 | 드론4 목적지62 | 1000스텝 | 배송 50/62 | 재적재  8 | 중계율 0.36 | alpha 1.088 | step_limit
Ep 277 | 드론4 목적지35 |  775스텝 | 배송 35/35 | 재적재  6 | 중계율 0.36 | alpha 1.089 | complete
Ep 278 | 드론3 목적지79 | 1000스텝 | 배송 63/79 | 재적재 11 | 중계율 0.22 | alpha 1.086 | step_limit
Ep 279 | 드론3 목적지50 | 1000스텝 | 배송 47/50 | 재적재  8 | 중계율 0.28 | alpha 1.081 | step_limit
Ep 280 | 드론3 목적지71 | 1000스텝 | 배송 60/71 | 재적재 11 | 중계율 0.26 | alpha 1.068 | step_limit
Ep 281 | 드론4 목적지52 |  742스텝 | 배송 52/52 | 재적재  8 | 중계율 0.32 | alpha 1.065 | complete
Ep 282 | 드론3 목적지55 |  920스텝 | 배송 55/55 | 재적재  9 | 중계율 0.25 | alpha 1.042 | complete
Ep 283 | 드론3 목적지44 |  946스텝 | 배송 44/44 | 재적재  7 | 중계율 0.22 | alpha 1.020 | complete
Ep 284 | 드론4 목적지61 |  894스텝 | 배송 61/61 | 재적재 10 | 중계율 0.29 | alpha 1.022 | complete
Ep 285 | 드론4 목적지61 |  839스텝 | 배송 61/61 | 재적재 10 | 중계율 0.29 | alpha 1.013 | complete
Ep 286 | 드론4 목적지35 |  651스텝 | 배송 35/35 | 재적재  5 | 중계율 0.27 | alpha 1.007 | complete
Ep 287 | 드론4 목적지42 |  622스텝 | 배송 42/42 | 재적재  6 | 중계율 0.28 | alpha 1.000 | complete
Ep 288 | 드론3 목적지26 |  680스텝 | 배송 26/26 | 재적재  4 | 중계율 0.34 | alpha 0.995 | complete
Ep 289 | 드론4 목적지71 |  897스텝 | 배송 71/71 | 재적재 12 | 중계율 0.25 | alpha 0.985 | complete
Ep 290 | 드론3 목적지34 |  804스텝 | 배송 34/34 | 재적재  5 | 중계율 0.30 | alpha 0.975 | complete
Ep 291 | 드론4 목적지70 |  861스텝 | 배송 70/70 | 재적재 12 | 중계율 0.31 | alpha 0.968 | complete
Ep 292 | 드론4 목적지25 |  366스텝 | 배송 25/25 | 재적재  4 | 중계율 0.21 | alpha 0.966 | complete
Ep 293 | 드론4 목적지78 | 1000스텝 | 배송 74/78 | 재적재 14 | 중계율 0.28 | alpha 0.950 | step_limit
Ep 294 | 드론3 목적지63 | 1000스텝 | 배송 55/63 | 재적재 10 | 중계율 0.28 | alpha 0.952 | step_limit
Ep 295 | 드론3 목적지40 |  656스텝 | 배송 40/40 | 재적재  7 | 중계율 0.29 | alpha 0.951 | complete
Ep 296 | 드론3 목적지78 | 1000스텝 | 배송 60/78 | 재적재 11 | 중계율 0.28 | alpha 0.948 | step_limit
Ep 297 | 드론3 목적지76 | 1000스텝 | 배송 69/76 | 재적재 12 | 중계율 0.20 | alpha 0.939 | step_limit
Ep 298 | 드론4 목적지42 |  517스텝 | 배송 42/42 | 재적재  7 | 중계율 0.21 | alpha 0.941 | complete
Ep 299 | 드론4 목적지34 |  798스텝 | 배송 34/34 | 재적재  6 | 중계율 0.43 | alpha 0.943 | complete
Ep 300 | 드론4 목적지73 | 1000스텝 | 배송 69/73 | 재적재 12 | 중계율 0.31 | alpha 0.930 | step_limit
  [홀드아웃] 배송 50.0±0.0 완주 1.00 스텝 931 점수 127.6 재적재 7.9 2홉+ 0.61 | 최고 127.6@ep300 정체 0/15  ← 갱신
Ep 301 | 드론4 목적지74 |  789스텝 | 배송 74/74 | 재적재 13 | 중계율 0.21 | alpha 0.911 | complete
Ep 302 | 드론3 목적지56 |  972스텝 | 배송 56/56 | 재적재  9 | 중계율 0.29 | alpha 0.907 | complete
Ep 303 | 드론4 목적지24 |  452스텝 | 배송 24/24 | 재적재  1 | 중계율 0.33 | alpha 0.906 | complete
Ep 304 | 드론4 목적지67 | 1000스텝 | 배송 58/67 | 재적재 10 | 중계율 0.33 | alpha 0.902 | step_limit
Ep 305 | 드론3 목적지69 | 1000스텝 | 배송 60/69 | 재적재 12 | 중계율 0.28 | alpha 0.896 | step_limit
Ep 306 | 드론3 목적지30 |  613스텝 | 배송 30/30 | 재적재  4 | 중계율 0.29 | alpha 0.890 | complete
Ep 307 | 드론4 목적지46 |  689스텝 | 배송 46/46 | 재적재  7 | 중계율 0.23 | alpha 0.877 | complete
Ep 308 | 드론3 목적지45 | 1000스텝 | 배송 42/45 | 재적재  7 | 중계율 0.30 | alpha 0.871 | step_limit
Ep 309 | 드론4 목적지80 | 1000스텝 | 배송 69/80 | 재적재 13 | 중계율 0.31 | alpha 0.860 | step_limit
Ep 310 | 드론3 목적지26 |  454스텝 | 배송 26/26 | 재적재  3 | 중계율 0.30 | alpha 0.853 | complete
Ep 311 | 드론3 목적지52 |  910스텝 | 배송 52/52 | 재적재  8 | 중계율 0.23 | alpha 0.862 | complete
Ep 312 | 드론3 목적지42 |  870스텝 | 배송 42/42 | 재적재  7 | 중계율 0.29 | alpha 0.869 | complete
Ep 313 | 드론3 목적지60 | 1000스텝 | 배송 56/60 | 재적재  9 | 중계율 0.27 | alpha 0.875 | step_limit
Ep 314 | 드론3 목적지78 | 1000스텝 | 배송 55/78 | 재적재 10 | 중계율 0.25 | alpha 0.881 | step_limit
Ep 315 | 드론4 목적지51 | 1000스텝 | 배송 46/51 | 재적재  7 | 중계율 0.38 | alpha 0.872 | step_limit
Ep 316 | 드론4 목적지58 |  744스텝 | 배송 58/58 | 재적재 10 | 중계율 0.27 | alpha 0.857 | complete
Ep 317 | 드론4 목적지75 | 1000스텝 | 배송 70/75 | 재적재 11 | 중계율 0.26 | alpha 0.843 | step_limit
Ep 318 | 드론4 목적지56 | 1000스텝 | 배송 55/56 | 재적재  9 | 중계율 0.36 | alpha 0.844 | step_limit
Ep 319 | 드론3 목적지69 | 1000스텝 | 배송 58/69 | 재적재 10 | 중계율 0.26 | alpha 0.837 | step_limit
Ep 320 | 드론4 목적지45 |  796스텝 | 배송 45/45 | 재적재  7 | 중계율 0.33 | alpha 0.817 | complete
Ep 321 | 드론4 목적지28 |  457스텝 | 배송 28/28 | 재적재  3 | 중계율 0.38 | alpha 0.810 | complete
Ep 322 | 드론4 목적지59 |  688스텝 | 배송 59/59 | 재적재 10 | 중계율 0.17 | alpha 0.799 | complete
Ep 323 | 드론3 목적지44 | 1000스텝 | 배송 32/44 | 재적재  6 | 중계율 0.35 | alpha 0.798 | step_limit
Ep 324 | 드론3 목적지25 |  541스텝 | 배송 25/25 | 재적재  4 | 중계율 0.27 | alpha 0.793 | complete
Ep 325 | 드론4 목적지65 |  773스텝 | 배송 65/65 | 재적재 11 | 중계율 0.24 | alpha 0.795 | complete
Ep 326 | 드론3 목적지31 |  634스텝 | 배송 31/31 | 재적재  4 | 중계율 0.37 | alpha 0.788 | complete
Ep 327 | 드론4 목적지67 | 1000스텝 | 배송 65/67 | 재적재 11 | 중계율 0.31 | alpha 0.778 | step_limit
Ep 328 | 드론3 목적지65 | 1000스텝 | 배송 62/65 | 재적재 10 | 중계율 0.22 | alpha 0.759 | step_limit
Ep 329 | 드론4 목적지33 |  719스텝 | 배송 33/33 | 재적재  5 | 중계율 0.36 | alpha 0.748 | complete
Ep 330 | 드론4 목적지76 | 1000스텝 | 배송 75/76 | 재적재 13 | 중계율 0.27 | alpha 0.735 | step_limit
Ep 331 | 드론3 목적지76 | 1000스텝 | 배송 59/76 | 재적재 10 | 중계율 0.24 | alpha 0.730 | step_limit
Ep 332 | 드론4 목적지75 | 1000스텝 | 배송 69/75 | 재적재 13 | 중계율 0.23 | alpha 0.720 | step_limit
Ep 333 | 드론3 목적지26 |  495스텝 | 배송 26/26 | 재적재  4 | 중계율 0.24 | alpha 0.720 | complete
Ep 334 | 드론3 목적지63 | 1000스텝 | 배송 60/63 | 재적재 10 | 중계율 0.25 | alpha 0.722 | step_limit
Ep 335 | 드론4 목적지28 |  428스텝 | 배송 28/28 | 재적재  4 | 중계율 0.25 | alpha 0.723 | complete
Ep 336 | 드론3 목적지54 | 1000스텝 | 배송 45/54 | 재적재  8 | 중계율 0.28 | alpha 0.720 | step_limit
Ep 337 | 드론3 목적지65 | 1000스텝 | 배송 59/65 | 재적재  9 | 중계율 0.33 | alpha 0.716 | step_limit
Ep 338 | 드론3 목적지68 | 1000스텝 | 배송 56/68 | 재적재 11 | 중계율 0.29 | alpha 0.714 | step_limit
Ep 339 | 드론4 목적지47 |  574스텝 | 배송 47/47 | 재적재  9 | 중계율 0.17 | alpha 0.707 | complete
Ep 340 | 드론3 목적지73 | 1000스텝 | 배송 61/73 | 재적재 11 | 중계율 0.29 | alpha 0.700 | step_limit
Ep 341 | 드론3 목적지64 | 1000스텝 | 배송 45/64 | 재적재  6 | 중계율 0.40 | alpha 0.701 | step_limit
Ep 342 | 드론3 목적지26 |  527스텝 | 배송 26/26 | 재적재  3 | 중계율 0.20 | alpha 0.693 | complete
Ep 343 | 드론4 목적지58 |  897스텝 | 배송 58/58 | 재적재  9 | 중계율 0.30 | alpha 0.690 | complete
Ep 344 | 드론4 목적지23 |  362스텝 | 배송 23/23 | 재적재  2 | 중계율 0.22 | alpha 0.691 | complete
Ep 345 | 드론4 목적지53 |  943스텝 | 배송 53/53 | 재적재 10 | 중계율 0.32 | alpha 0.689 | complete
Ep 346 | 드론3 목적지21 |  494스텝 | 배송 21/21 | 재적재  3 | 중계율 0.31 | alpha 0.681 | complete
Ep 347 | 드론4 목적지39 |  471스텝 | 배송 39/39 | 재적재  6 | 중계율 0.23 | alpha 0.676 | complete
Ep 348 | 드론4 목적지46 |  467스텝 | 배송 46/46 | 재적재  6 | 중계율 0.21 | alpha 0.674 | complete
Ep 349 | 드론4 목적지37 |  467스텝 | 배송 37/37 | 재적재  5 | 중계율 0.31 | alpha 0.669 | complete
Ep 350 | 드론3 목적지42 | 1000스텝 | 배송 38/42 | 재적재  6 | 중계율 0.34 | alpha 0.654 | step_limit
  [홀드아웃] 배송 50.0±0.3 완주 0.99 스텝 917 점수 126.5 재적재 7.7 2홉+ 0.62 | 최고 127.6@ep300 정체 1/15
Ep 351 | 드론4 목적지54 |  794스텝 | 배송 54/54 | 재적재  9 | 중계율 0.30 | alpha 0.646 | complete
Ep 352 | 드론4 목적지69 | 1000스텝 | 배송 68/69 | 재적재 11 | 중계율 0.32 | alpha 0.634 | step_limit
Ep 353 | 드론3 목적지44 |  841스텝 | 배송 44/44 | 재적재  7 | 중계율 0.22 | alpha 0.632 | complete
Ep 354 | 드론3 목적지49 |  841스텝 | 배송 49/49 | 재적재  8 | 중계율 0.25 | alpha 0.628 | complete
Ep 355 | 드론3 목적지28 |  495스텝 | 배송 28/28 | 재적재  3 | 중계율 0.27 | alpha 0.624 | complete
Ep 356 | 드론3 목적지79 | 1000스텝 | 배송 66/79 | 재적재 12 | 중계율 0.18 | alpha 0.611 | step_limit
Ep 357 | 드론4 목적지71 |  983스텝 | 배송 71/71 | 재적재 13 | 중계율 0.19 | alpha 0.600 | complete
Ep 358 | 드론3 목적지30 |  772스텝 | 배송 30/30 | 재적재  4 | 중계율 0.35 | alpha 0.601 | complete
Ep 359 | 드론3 목적지74 | 1000스텝 | 배송 59/74 | 재적재 11 | 중계율 0.19 | alpha 0.588 | step_limit
Ep 360 | 드론4 목적지47 | 1000스텝 | 배송 40/47 | 재적재  7 | 중계율 0.29 | alpha 0.581 | step_limit
Ep 361 | 드론3 목적지43 |  891스텝 | 배송 43/43 | 재적재  7 | 중계율 0.32 | alpha 0.577 | complete
Ep 362 | 드론4 목적지78 | 1000스텝 | 배송 64/78 | 재적재 12 | 중계율 0.25 | alpha 0.573 | step_limit
Ep 363 | 드론4 목적지70 |  871스텝 | 배송 70/70 | 재적재 12 | 중계율 0.20 | alpha 0.570 | complete
Ep 364 | 드론3 목적지64 | 1000스텝 | 배송 60/64 | 재적재 10 | 중계율 0.31 | alpha 0.562 | step_limit
Ep 365 | 드론3 목적지63 | 1000스텝 | 배송 50/63 | 재적재  8 | 중계율 0.33 | alpha 0.552 | step_limit
Ep 366 | 드론3 목적지44 | 1000스텝 | 배송 41/44 | 재적재  7 | 중계율 0.32 | alpha 0.545 | step_limit
Ep 367 | 드론4 목적지38 |  529스텝 | 배송 38/38 | 재적재  5 | 중계율 0.31 | alpha 0.541 | complete
Ep 368 | 드론3 목적지37 |  557스텝 | 배송 37/37 | 재적재  6 | 중계율 0.18 | alpha 0.536 | complete
Ep 369 | 드론3 목적지42 |  823스텝 | 배송 42/42 | 재적재  7 | 중계율 0.27 | alpha 0.536 | complete
Ep 370 | 드론3 목적지70 | 1000스텝 | 배송 62/70 | 재적재 11 | 중계율 0.28 | alpha 0.531 | step_limit
Ep 371 | 드론3 목적지40 |  718스텝 | 배송 40/40 | 재적재  7 | 중계율 0.31 | alpha 0.526 | complete
Ep 372 | 드론4 목적지29 |  606스텝 | 배송 29/29 | 재적재  3 | 중계율 0.21 | alpha 0.525 | complete
Ep 373 | 드론3 목적지79 | 1000스텝 | 배송 60/79 | 재적재 10 | 중계율 0.25 | alpha 0.516 | step_limit
Ep 374 | 드론3 목적지40 |  982스텝 | 배송 40/40 | 재적재  7 | 중계율 0.36 | alpha 0.513 | complete
Ep 375 | 드론3 목적지28 |  501스텝 | 배송 28/28 | 재적재  4 | 중계율 0.30 | alpha 0.509 | complete
Ep 376 | 드론3 목적지40 |  951스텝 | 배송 40/40 | 재적재  5 | 중계율 0.37 | alpha 0.495 | complete
Ep 377 | 드론3 목적지72 | 1000스텝 | 배송 60/72 | 재적재  9 | 중계율 0.31 | alpha 0.486 | step_limit
Ep 378 | 드론4 목적지61 |  917스텝 | 배송 61/61 | 재적재  9 | 중계율 0.29 | alpha 0.486 | complete
Ep 379 | 드론4 목적지68 |  962스텝 | 배송 68/68 | 재적재 11 | 중계율 0.31 | alpha 0.478 | complete
Ep 380 | 드론3 목적지24 |  552스텝 | 배송 24/24 | 재적재  4 | 중계율 0.32 | alpha 0.475 | complete
Ep 381 | 드론3 목적지52 | 1000스텝 | 배송 48/52 | 재적재  8 | 중계율 0.29 | alpha 0.466 | step_limit
Ep 382 | 드론4 목적지35 |  502스텝 | 배송 35/35 | 재적재  6 | 중계율 0.28 | alpha 0.458 | complete
Ep 383 | 드론3 목적지47 | 1000스텝 | 배송 44/47 | 재적재  8 | 중계율 0.35 | alpha 0.450 | step_limit
Ep 384 | 드론3 목적지28 |  485스텝 | 배송 28/28 | 재적재  4 | 중계율 0.30 | alpha 0.442 | complete
Ep 385 | 드론4 목적지70 |  969스텝 | 배송 70/70 | 재적재 12 | 중계율 0.27 | alpha 0.424 | complete
Ep 386 | 드론4 목적지71 |  908스텝 | 배송 71/71 | 재적재 11 | 중계율 0.22 | alpha 0.414 | complete
Ep 387 | 드론3 목적지49 |  699스텝 | 배송 49/49 | 재적재  8 | 중계율 0.19 | alpha 0.405 | complete
Ep 388 | 드론3 목적지21 |  589스텝 | 배송 21/21 | 재적재  4 | 중계율 0.37 | alpha 0.398 | complete
Ep 389 | 드론4 목적지60 |  768스텝 | 배송 60/60 | 재적재 10 | 중계율 0.17 | alpha 0.391 | complete
Ep 390 | 드론4 목적지30 |  880스텝 | 배송 30/30 | 재적재  4 | 중계율 0.44 | alpha 0.383 | complete
Ep 391 | 드론3 목적지51 |  659스텝 | 배송 51/51 | 재적재  8 | 중계율 0.16 | alpha 0.378 | complete
Ep 392 | 드론3 목적지39 |  734스텝 | 배송 39/39 | 재적재  6 | 중계율 0.30 | alpha 0.368 | complete
Ep 393 | 드론4 목적지73 |  744스텝 | 배송 73/73 | 재적재 13 | 중계율 0.19 | alpha 0.358 | complete
Ep 394 | 드론3 목적지32 |  744스텝 | 배송 32/32 | 재적재  6 | 중계율 0.39 | alpha 0.347 | complete
Ep 395 | 드론4 목적지70 |  711스텝 | 배송 70/70 | 재적재 12 | 중계율 0.21 | alpha 0.344 | complete
Ep 396 | 드론4 목적지28 |  373스텝 | 배송 28/28 | 재적재  3 | 중계율 0.23 | alpha 0.339 | complete
Ep 397 | 드론3 목적지39 |  745스텝 | 배송 39/39 | 재적재  7 | 중계율 0.30 | alpha 0.330 | complete
Ep 398 | 드론3 목적지40 |  713스텝 | 배송 40/40 | 재적재  6 | 중계율 0.29 | alpha 0.323 | complete
Ep 399 | 드론3 목적지51 |  875스텝 | 배송 51/51 | 재적재  8 | 중계율 0.31 | alpha 0.311 | complete
Ep 400 | 드론3 목적지79 | 1000스텝 | 배송 60/79 | 재적재 11 | 중계율 0.30 | alpha 0.294 | step_limit
  [홀드아웃] 배송 49.3±3.9 완주 0.95 스텝 908 점수 122.9 재적재 7.5 2홉+ 0.62 | 최고 127.6@ep300 정체 2/15
Ep 401 | 드론3 목적지63 | 1000스텝 | 배송 60/63 | 재적재 11 | 중계율 0.29 | alpha 0.282 | step_limit
Ep 402 | 드론3 목적지32 |  810스텝 | 배송 32/32 | 재적재  5 | 중계율 0.28 | alpha 0.273 | complete
Ep 403 | 드론3 목적지76 | 1000스텝 | 배송 67/76 | 재적재 12 | 중계율 0.23 | alpha 0.268 | step_limit
Ep 404 | 드론4 목적지23 |  435스텝 | 배송 23/23 | 재적재  3 | 중계율 0.29 | alpha 0.265 | complete
Ep 405 | 드론3 목적지67 | 1000스텝 | 배송 55/67 | 재적재  8 | 중계율 0.35 | alpha 0.260 | step_limit
Ep 406 | 드론3 목적지48 |  838스텝 | 배송 48/48 | 재적재  8 | 중계율 0.26 | alpha 0.254 | complete
Ep 407 | 드론3 목적지72 | 1000스텝 | 배송 65/72 | 재적재 11 | 중계율 0.30 | alpha 0.254 | step_limit
Ep 408 | 드론4 목적지79 | 1000스텝 | 배송 76/79 | 재적재 14 | 중계율 0.30 | alpha 0.250 | step_limit
Ep 409 | 드론4 목적지28 |  383스텝 | 배송 28/28 | 재적재  4 | 중계율 0.15 | alpha 0.251 | complete
Ep 410 | 드론4 목적지46 |  625스텝 | 배송 46/46 | 재적재  7 | 중계율 0.32 | alpha 0.252 | complete
Ep 411 | 드론4 목적지69 | 1000스텝 | 배송 63/69 | 재적재 11 | 중계율 0.36 | alpha 0.252 | step_limit
Ep 412 | 드론3 목적지47 |  838스텝 | 배송 47/47 | 재적재  8 | 중계율 0.26 | alpha 0.253 | complete
Ep 413 | 드론4 목적지45 |  583스텝 | 배송 45/45 | 재적재  7 | 중계율 0.29 | alpha 0.252 | complete
Ep 414 | 드론3 목적지76 | 1000스텝 | 배송 63/76 | 재적재 11 | 중계율 0.28 | alpha 0.251 | step_limit
Ep 415 | 드론3 목적지79 | 1000스텝 | 배송 61/79 | 재적재 11 | 중계율 0.29 | alpha 0.253 | step_limit
Ep 416 | 드론3 목적지20 |  544스텝 | 배송 20/20 | 재적재  3 | 중계율 0.26 | alpha 0.251 | complete
Ep 417 | 드론3 목적지45 |  854스텝 | 배송 45/45 | 재적재  7 | 중계율 0.29 | alpha 0.257 | complete
Ep 418 | 드론3 목적지75 | 1000스텝 | 배송 63/75 | 재적재 10 | 중계율 0.27 | alpha 0.265 | step_limit
Ep 419 | 드론4 목적지78 | 1000스텝 | 배송 67/78 | 재적재 13 | 중계율 0.30 | alpha 0.266 | step_limit
Ep 420 | 드론4 목적지33 |  479스텝 | 배송 33/33 | 재적재  5 | 중계율 0.25 | alpha 0.268 | complete
Ep 421 | 드론3 목적지62 | 1000스텝 | 배송 55/62 | 재적재 11 | 중계율 0.29 | alpha 0.270 | step_limit
Ep 422 | 드론4 목적지51 |  973스텝 | 배송 51/51 | 재적재  8 | 중계율 0.35 | alpha 0.272 | complete
Ep 423 | 드론3 목적지44 |  796스텝 | 배송 44/44 | 재적재  7 | 중계율 0.29 | alpha 0.277 | complete
Ep 424 | 드론3 목적지33 |  689스텝 | 배송 33/33 | 재적재  4 | 중계율 0.37 | alpha 0.282 | complete
Ep 425 | 드론3 목적지33 |  522스텝 | 배송 33/33 | 재적재  5 | 중계율 0.16 | alpha 0.283 | complete
Ep 426 | 드론4 목적지24 |  324스텝 | 배송 24/24 | 재적재  3 | 중계율 0.22 | alpha 0.285 | complete
Ep 427 | 드론3 목적지64 | 1000스텝 | 배송 58/64 | 재적재 11 | 중계율 0.30 | alpha 0.293 | step_limit
Ep 428 | 드론4 목적지53 |  905스텝 | 배송 53/53 | 재적재  9 | 중계율 0.39 | alpha 0.304 | complete
Ep 429 | 드론3 목적지36 |  677스텝 | 배송 36/36 | 재적재  7 | 중계율 0.32 | alpha 0.310 | complete
Ep 430 | 드론4 목적지48 |  975스텝 | 배송 48/48 | 재적재  8 | 중계율 0.30 | alpha 0.315 | complete
Ep 431 | 드론3 목적지56 | 1000스텝 | 배송 53/56 | 재적재  9 | 중계율 0.32 | alpha 0.318 | step_limit
Ep 432 | 드론3 목적지45 |  851스텝 | 배송 45/45 | 재적재  7 | 중계율 0.28 | alpha 0.323 | complete
Ep 433 | 드론4 목적지25 |  464스텝 | 배송 25/25 | 재적재  2 | 중계율 0.38 | alpha 0.327 | complete
Ep 434 | 드론3 목적지58 | 1000스텝 | 배송 57/58 | 재적재 10 | 중계율 0.27 | alpha 0.334 | step_limit
Ep 435 | 드론3 목적지72 | 1000스텝 | 배송 52/72 | 재적재 10 | 중계율 0.36 | alpha 0.341 | step_limit
Ep 436 | 드론3 목적지71 | 1000스텝 | 배송 63/71 | 재적재 11 | 중계율 0.23 | alpha 0.344 | step_limit
Ep 437 | 드론3 목적지53 | 1000스텝 | 배송 47/53 | 재적재  8 | 중계율 0.33 | alpha 0.350 | step_limit
Ep 438 | 드론4 목적지31 |  663스텝 | 배송 31/31 | 재적재  3 | 중계율 0.36 | alpha 0.356 | complete
Ep 439 | 드론4 목적지77 |  904스텝 | 배송 77/77 | 재적재 14 | 중계율 0.24 | alpha 0.367 | complete
Ep 440 | 드론3 목적지73 | 1000스텝 | 배송 65/73 | 재적재 13 | 중계율 0.33 | alpha 0.372 | step_limit
Ep 441 | 드론4 목적지27 |  316스텝 | 배송 27/27 | 재적재  4 | 중계율 0.23 | alpha 0.374 | complete
Ep 442 | 드론3 목적지20 |  555스텝 | 배송 20/20 | 재적재  2 | 중계율 0.31 | alpha 0.377 | complete
Ep 443 | 드론4 목적지73 |  736스텝 | 배송 73/73 | 재적재 12 | 중계율 0.17 | alpha 0.382 | complete
Ep 444 | 드론3 목적지56 |  807스텝 | 배송 56/56 | 재적재  9 | 중계율 0.22 | alpha 0.386 | complete
Ep 445 | 드론4 목적지20 |  400스텝 | 배송 20/20 | 재적재  3 | 중계율 0.36 | alpha 0.392 | complete
Ep 446 | 드론3 목적지26 |  758스텝 | 배송 26/26 | 재적재  4 | 중계율 0.24 | alpha 0.396 | complete
Ep 447 | 드론3 목적지41 |  755스텝 | 배송 41/41 | 재적재  7 | 중계율 0.22 | alpha 0.401 | complete
Ep 448 | 드론4 목적지73 | 1000스텝 | 배송 71/73 | 재적재 12 | 중계율 0.28 | alpha 0.414 | step_limit
Ep 449 | 드론3 목적지56 |  953스텝 | 배송 56/56 | 재적재 10 | 중계율 0.28 | alpha 0.416 | complete
Ep 450 | 드론3 목적지35 |  754스텝 | 배송 35/35 | 재적재  5 | 중계율 0.31 | alpha 0.415 | complete
  [홀드아웃] 배송 49.9±0.5 완주 0.96 스텝 908 점수 124.1 재적재 7.5 2홉+ 0.62 | 최고 127.6@ep300 정체 3/15
Ep 451 | 드론4 목적지77 |  814스텝 | 배송 77/77 | 재적재 13 | 중계율 0.16 | alpha 0.419 | complete
Ep 452 | 드론3 목적지22 |  413스텝 | 배송 22/22 | 재적재  3 | 중계율 0.33 | alpha 0.421 | complete
Ep 453 | 드론4 목적지47 |  632스텝 | 배송 47/47 | 재적재  9 | 중계율 0.24 | alpha 0.423 | complete
Ep 454 | 드론4 목적지72 | 1000스텝 | 배송 71/72 | 재적재 14 | 중계율 0.30 | alpha 0.432 | step_limit
Ep 455 | 드론4 목적지63 | 1000스텝 | 배송 62/63 | 재적재 12 | 중계율 0.32 | alpha 0.438 | step_limit
Ep 456 | 드론3 목적지73 | 1000스텝 | 배송 54/73 | 재적재  9 | 중계율 0.29 | alpha 0.445 | step_limit
Ep 457 | 드론4 목적지36 |  779스텝 | 배송 36/36 | 재적재  6 | 중계율 0.41 | alpha 0.449 | complete
Ep 458 | 드론4 목적지78 |  819스텝 | 배송 78/78 | 재적재 14 | 중계율 0.20 | alpha 0.450 | complete
Ep 459 | 드론4 목적지45 |  809스텝 | 배송 45/45 | 재적재  7 | 중계율 0.37 | alpha 0.454 | complete
Ep 460 | 드론3 목적지70 | 1000스텝 | 배송 61/70 | 재적재 11 | 중계율 0.32 | alpha 0.449 | step_limit
Ep 461 | 드론3 목적지39 |  623스텝 | 배송 39/39 | 재적재  7 | 중계율 0.21 | alpha 0.449 | complete
Ep 462 | 드론4 목적지62 |  966스텝 | 배송 62/62 | 재적재 11 | 중계율 0.31 | alpha 0.449 | complete
Ep 463 | 드론3 목적지67 | 1000스텝 | 배송 56/67 | 재적재 10 | 중계율 0.28 | alpha 0.444 | step_limit
Ep 464 | 드론3 목적지33 |  497스텝 | 배송 33/33 | 재적재  5 | 중계율 0.20 | alpha 0.441 | complete
Ep 465 | 드론4 목적지80 | 1000스텝 | 배송 70/80 | 재적재 11 | 중계율 0.32 | alpha 0.436 | step_limit
Ep 466 | 드론4 목적지42 |  752스텝 | 배송 42/42 | 재적재  8 | 중계율 0.21 | alpha 0.436 | complete
Ep 467 | 드론3 목적지63 | 1000스텝 | 배송 58/63 | 재적재 10 | 중계율 0.26 | alpha 0.431 | step_limit
Ep 468 | 드론3 목적지78 | 1000스텝 | 배송 57/78 | 재적재 10 | 중계율 0.25 | alpha 0.429 | step_limit
Ep 469 | 드론4 목적지48 |  903스텝 | 배송 48/48 | 재적재  8 | 중계율 0.26 | alpha 0.424 | complete
Ep 470 | 드론4 목적지70 | 1000스텝 | 배송 54/70 | 재적재  9 | 중계율 0.27 | alpha 0.423 | step_limit
Ep 471 | 드론3 목적지24 |  547스텝 | 배송 24/24 | 재적재  3 | 중계율 0.26 | alpha 0.422 | complete
Ep 472 | 드론4 목적지62 | 1000스텝 | 배송 47/62 | 재적재  9 | 중계율 0.28 | alpha 0.426 | step_limit
Ep 473 | 드론3 목적지30 |  726스텝 | 배송 30/30 | 재적재  3 | 중계율 0.31 | alpha 0.425 | complete
Ep 474 | 드론3 목적지37 |  765스텝 | 배송 37/37 | 재적재  7 | 중계율 0.31 | alpha 0.426 | complete
Ep 475 | 드론3 목적지71 | 1000스텝 | 배송 62/71 | 재적재 10 | 중계율 0.28 | alpha 0.428 | step_limit
Ep 476 | 드론3 목적지29 |  605스텝 | 배송 29/29 | 재적재  4 | 중계율 0.28 | alpha 0.428 | complete
Ep 477 | 드론3 목적지36 |  630스텝 | 배송 36/36 | 재적재  5 | 중계율 0.30 | alpha 0.428 | complete
Ep 478 | 드론3 목적지52 |  986스텝 | 배송 52/52 | 재적재  9 | 중계율 0.31 | alpha 0.427 | complete
Ep 479 | 드론4 목적지75 | 1000스텝 | 배송 73/75 | 재적재 13 | 중계율 0.33 | alpha 0.425 | step_limit
Ep 480 | 드론4 목적지64 |  723스텝 | 배송 64/64 | 재적재 10 | 중계율 0.24 | alpha 0.423 | complete
Ep 481 | 드론3 목적지70 | 1000스텝 | 배송 59/70 | 재적재 10 | 중계율 0.32 | alpha 0.425 | step_limit
Ep 482 | 드론4 목적지39 |  479스텝 | 배송 39/39 | 재적재  5 | 중계율 0.22 | alpha 0.425 | complete
Ep 483 | 드론4 목적지51 |  755스텝 | 배송 51/51 | 재적재 10 | 중계율 0.31 | alpha 0.422 | complete
Ep 484 | 드론4 목적지43 |  511스텝 | 배송 43/43 | 재적재  6 | 중계율 0.28 | alpha 0.417 | complete
Ep 485 | 드론3 목적지36 |  767스텝 | 배송 36/36 | 재적재  5 | 중계율 0.35 | alpha 0.415 | complete
Ep 486 | 드론3 목적지53 |  827스텝 | 배송 53/53 | 재적재  9 | 중계율 0.28 | alpha 0.410 | complete
Ep 487 | 드론4 목적지34 |  526스텝 | 배송 34/34 | 재적재  4 | 중계율 0.29 | alpha 0.413 | complete
Ep 488 | 드론3 목적지73 | 1000스텝 | 배송 64/73 | 재적재 10 | 중계율 0.31 | alpha 0.413 | step_limit
Ep 489 | 드론4 목적지52 |  831스텝 | 배송 52/52 | 재적재  9 | 중계율 0.23 | alpha 0.413 | complete
Ep 490 | 드론4 목적지40 |  513스텝 | 배송 40/40 | 재적재  6 | 중계율 0.31 | alpha 0.414 | complete
Ep 491 | 드론3 목적지47 |  737스텝 | 배송 47/47 | 재적재  8 | 중계율 0.21 | alpha 0.409 | complete
Ep 492 | 드론3 목적지71 | 1000스텝 | 배송 57/71 | 재적재  9 | 중계율 0.27 | alpha 0.398 | step_limit
Ep 493 | 드론3 목적지46 |  803스텝 | 배송 46/46 | 재적재  8 | 중계율 0.27 | alpha 0.395 | complete
Ep 494 | 드론3 목적지47 | 1000스텝 | 배송 46/47 | 재적재  9 | 중계율 0.32 | alpha 0.388 | step_limit
Ep 495 | 드론3 목적지45 |  900스텝 | 배송 45/45 | 재적재  8 | 중계율 0.31 | alpha 0.386 | complete
Ep 496 | 드론4 목적지65 |  927스텝 | 배송 65/65 | 재적재 12 | 중계율 0.23 | alpha 0.384 | complete
Ep 497 | 드론3 목적지35 |  552스텝 | 배송 35/35 | 재적재  5 | 중계율 0.24 | alpha 0.378 | complete
Ep 498 | 드론4 목적지39 |  827스텝 | 배송 39/39 | 재적재  7 | 중계율 0.40 | alpha 0.379 | complete
Ep 499 | 드론4 목적지28 |  461스텝 | 배송 28/28 | 재적재  3 | 중계율 0.36 | alpha 0.377 | complete
Ep 500 | 드론3 목적지49 | 1000스텝 | 배송 45/49 | 재적재  7 | 중계율 0.37 | alpha 0.375 | step_limit
  [홀드아웃] 배송 49.8±1.6 완주 0.97 스텝 875 점수 125.8 재적재 7.8 2홉+ 0.62 | 최고 127.6@ep300 정체 4/15
Ep 501 | 드론4 목적지26 |  441스텝 | 배송 26/26 | 재적재  3 | 중계율 0.36 | alpha 0.372 | complete
Ep 502 | 드론4 목적지69 |  893스텝 | 배송 69/69 | 재적재 12 | 중계율 0.21 | alpha 0.368 | complete
Ep 503 | 드론4 목적지44 |  573스텝 | 배송 44/44 | 재적재  7 | 중계율 0.21 | alpha 0.366 | complete
Ep 504 | 드론4 목적지34 |  814스텝 | 배송 34/34 | 재적재  6 | 중계율 0.38 | alpha 0.359 | complete
Ep 505 | 드론4 목적지77 | 1000스텝 | 배송 51/77 | 재적재  7 | 중계율 0.41 | alpha 0.353 | step_limit
Ep 506 | 드론4 목적지55 |  757스텝 | 배송 55/55 | 재적재 10 | 중계율 0.21 | alpha 0.349 | complete
Ep 507 | 드론3 목적지61 |  943스텝 | 배송 61/61 | 재적재 11 | 중계율 0.21 | alpha 0.351 | complete
Ep 508 | 드론3 목적지24 |  638스텝 | 배송 24/24 | 재적재  3 | 중계율 0.27 | alpha 0.352 | complete
Ep 509 | 드론3 목적지48 |  935스텝 | 배송 48/48 | 재적재  8 | 중계율 0.35 | alpha 0.352 | complete
Ep 510 | 드론4 목적지71 | 1000스텝 | 배송 56/71 | 재적재 11 | 중계율 0.30 | alpha 0.351 | step_limit
Ep 511 | 드론4 목적지39 |  943스텝 | 배송 39/39 | 재적재  6 | 중계율 0.41 | alpha 0.348 | complete
Ep 512 | 드론4 목적지29 |  484스텝 | 배송 29/29 | 재적재  3 | 중계율 0.25 | alpha 0.347 | complete
Ep 513 | 드론4 목적지46 |  740스텝 | 배송 46/46 | 재적재  7 | 중계율 0.32 | alpha 0.347 | complete
Ep 514 | 드론3 목적지49 | 1000스텝 | 배송 48/49 | 재적재  7 | 중계율 0.33 | alpha 0.345 | step_limit
Ep 515 | 드론3 목적지70 | 1000스텝 | 배송 64/70 | 재적재 12 | 중계율 0.27 | alpha 0.347 | step_limit
Ep 516 | 드론4 목적지63 | 1000스텝 | 배송 54/63 | 재적재  9 | 중계율 0.37 | alpha 0.351 | step_limit
Ep 517 | 드론4 목적지44 |  669스텝 | 배송 44/44 | 재적재  7 | 중계율 0.35 | alpha 0.354 | complete
Ep 518 | 드론3 목적지57 | 1000스텝 | 배송 50/57 | 재적재  9 | 중계율 0.38 | alpha 0.355 | step_limit
