/home/kopt/enter/envs/wsl_neuroMCTS/lib/python3.10/site-packages/pygame/pkgdata.py:25: UserWarning: pkg_resources is deprecated as an API. See https://setuptools.pypa.io/en/latest/pkg_resources.html. The pkg_resources package is slated for removal as early as 2025-11-30. Refrain from using this package or pin to Setuptools<81.
  from pkg_resources import resource_stream, resource_exists
pygame 2.6.1 (SDL 2.28.4, Python 3.10.19)
Hello from the pygame community. https://www.pygame.org/contribute.html
집합 상위 학습 | 반경 300 상한 1000 무배송 500 gamma 0.997 구성=무작위 드론[3, 6] 목적지[20, 80] CC무작위 인스턴스=무작위 목표유지=off 완주보상=0.0 잔여페널티=0.1 규칙관측=False 규칙정규화=0.5 홀드아웃상한=3000 선택=makespan
/home/kopt/drone/proposed_src/pipeline/train_v5_26_09_15_23.py:329: UserWarning: Converting a tensor with requires_grad=True to a scalar may lead to unexpected behavior.
Consider using tensor.detach() first. (Triggered internally at /pytorch/torch/csrc/autograd/generated/python_variable_methods.cpp:836.)
  writer.add_scalar("train/alpha", float(log_alpha.exp()), ep)
Ep 1 | 드론5 목적지43 | 1000스텝 | 배송 35/43 | 재적재  5 | 중계율 0.06 | alpha 0.100 | step_limit
Ep 2 | 드론4 목적지74 | 1000스텝 | 배송 69/74 | 재적재 12 | 중계율 0.08 | alpha 0.100 | step_limit
Ep 3 | 드론5 목적지43 | 1000스텝 | 배송 38/43 | 재적재  6 | 중계율 0.06 | alpha 0.100 | step_limit
Ep 4 | 드론4 목적지23 | 1000스텝 | 배송 20/23 | 재적재  3 | 중계율 0.08 | alpha 0.100 | step_limit
Ep 5 | 드론4 목적지31 | 1000스텝 | 배송 27/31 | 재적재  4 | 중계율 0.12 | alpha 0.099 | step_limit
Ep 6 | 드론3 목적지68 | 1000스텝 | 배송 60/68 | 재적재 10 | 중계율 0.19 | alpha 0.108 | step_limit
Ep 7 | 드론6 목적지44 |  342스텝 | 배송 44/44 | 재적재  6 | 중계율 0.27 | alpha 0.112 | complete
Ep 8 | 드론6 목적지30 |  228스텝 | 배송 30/30 | 재적재  2 | 중계율 0.32 | alpha 0.115 | complete
Ep 9 | 드론6 목적지42 |  456스텝 | 배송 42/42 | 재적재  6 | 중계율 0.31 | alpha 0.120 | complete
Ep 10 | 드론6 목적지47 |  723스텝 | 배송 47/47 | 재적재  7 | 중계율 0.32 | alpha 0.129 | complete
Ep 11 | 드론5 목적지21 |  326스텝 | 배송 21/21 | 재적재  2 | 중계율 0.33 | alpha 0.132 | complete
Ep 12 | 드론3 목적지37 |  596스텝 | 배송 37/37 | 재적재  6 | 중계율 0.33 | alpha 0.139 | complete
Ep 13 | 드론6 목적지28 |  308스텝 | 배송 28/28 | 재적재  3 | 중계율 0.22 | alpha 0.143 | complete
Ep 14 | 드론3 목적지41 | 1000스텝 | 배송 40/41 | 재적재  6 | 중계율 0.33 | alpha 0.155 | step_limit
Ep 15 | 드론3 목적지66 | 1000스텝 | 배송 60/66 | 재적재  9 | 중계율 0.31 | alpha 0.168 | step_limit
Ep 16 | 드론4 목적지71 |  970스텝 | 배송 71/71 | 재적재 13 | 중계율 0.31 | alpha 0.182 | complete
Ep 17 | 드론4 목적지24 |  396스텝 | 배송 24/24 | 재적재  2 | 중계율 0.44 | alpha 0.187 | complete
Ep 18 | 드론5 목적지49 |  557스텝 | 배송 49/49 | 재적재  8 | 중계율 0.28 | alpha 0.196 | complete
Ep 19 | 드론6 목적지34 |  318스텝 | 배송 34/34 | 재적재  5 | 중계율 0.30 | alpha 0.201 | complete
Ep 20 | 드론3 목적지48 | 1000스텝 | 배송 42/48 | 재적재  8 | 중계율 0.27 | alpha 0.217 | step_limit
Ep 21 | 드론4 목적지63 |  941스텝 | 배송 63/63 | 재적재 11 | 중계율 0.22 | alpha 0.233 | complete
Ep 22 | 드론6 목적지46 |  382스텝 | 배송 46/46 | 재적재  6 | 중계율 0.28 | alpha 0.240 | complete
Ep 23 | 드론3 목적지44 |  844스텝 | 배송 44/44 | 재적재  8 | 중계율 0.28 | alpha 0.256 | complete
Ep 24 | 드론5 목적지41 |  598스텝 | 배송 41/41 | 재적재  7 | 중계율 0.23 | alpha 0.268 | complete
Ep 25 | 드론5 목적지38 |  475스텝 | 배송 38/38 | 재적재  5 | 중계율 0.26 | alpha 0.277 | complete
Ep 26 | 드론5 목적지77 | 1000스텝 | 배송 73/77 | 재적재 12 | 중계율 0.20 | alpha 0.299 | step_limit
Ep 27 | 드론3 목적지41 | 1000스텝 | 배송 33/41 | 재적재  5 | 중계율 0.16 | alpha 0.322 | step_limit
Ep 28 | 드론5 목적지52 |  764스텝 | 배송 52/52 | 재적재  6 | 중계율 0.31 | alpha 0.341 | complete
Ep 29 | 드론5 목적지72 |  869스텝 | 배송 72/72 | 재적재 10 | 중계율 0.30 | alpha 0.363 | complete
Ep 30 | 드론5 목적지61 |  986스텝 | 배송 61/61 | 재적재 10 | 중계율 0.24 | alpha 0.391 | complete
Ep 31 | 드론5 목적지45 |  601스텝 | 배송 45/45 | 재적재  7 | 중계율 0.20 | alpha 0.409 | complete
Ep 32 | 드론3 목적지68 | 1000스텝 | 배송 42/68 | 재적재  7 | 중계율 0.15 | alpha 0.440 | step_limit
Ep 33 | 드론3 목적지35 |  975스텝 | 배송 35/35 | 재적재  6 | 중계율 0.20 | alpha 0.472 | complete
Ep 34 | 드론3 목적지24 |  547스텝 | 배송 24/24 | 재적재  3 | 중계율 0.18 | alpha 0.491 | complete
Ep 35 | 드론3 목적지58 |  892스텝 | 배송 58/58 | 재적재 10 | 중계율 0.15 | alpha 0.525 | complete
Ep 36 | 드론4 목적지64 | 1000스텝 | 배송 50/64 | 재적재  8 | 중계율 0.18 | alpha 0.564 | step_limit
Ep 37 | 드론6 목적지58 |  811스텝 | 배송 58/58 | 재적재 10 | 중계율 0.24 | alpha 0.599 | complete
Ep 38 | 드론3 목적지77 | 1000스텝 | 배송 44/77 | 재적재  7 | 중계율 0.15 | alpha 0.644 | step_limit
Ep 39 | 드론3 목적지28 |  703스텝 | 배송 28/28 | 재적재  4 | 중계율 0.28 | alpha 0.677 | complete
Ep 40 | 드론3 목적지37 |  870스텝 | 배송 37/37 | 재적재  6 | 중계율 0.16 | alpha 0.720 | complete
Ep 41 | 드론5 목적지59 |  536스텝 | 배송 59/59 | 재적재 11 | 중계율 0.16 | alpha 0.746 | complete
Ep 42 | 드론6 목적지58 |  570스텝 | 배송 58/58 | 재적재  9 | 중계율 0.30 | alpha 0.775 | complete
Ep 43 | 드론6 목적지20 |  244스텝 | 배송 20/20 | 재적재  2 | 중계율 0.21 | alpha 0.787 | complete
Ep 44 | 드론6 목적지30 |  265스텝 | 배송 30/30 | 재적재  4 | 중계율 0.13 | alpha 0.800 | complete
Ep 45 | 드론6 목적지39 |  398스텝 | 배송 39/39 | 재적재  6 | 중계율 0.21 | alpha 0.821 | complete
Ep 46 | 드론6 목적지32 |  432스텝 | 배송 32/32 | 재적재  5 | 중계율 0.28 | alpha 0.844 | complete
Ep 47 | 드론5 목적지35 |  671스텝 | 배송 35/35 | 재적재  6 | 중계율 0.30 | alpha 0.881 | complete
Ep 48 | 드론5 목적지39 |  444스텝 | 배송 39/39 | 재적재  5 | 중계율 0.24 | alpha 0.906 | complete
Ep 49 | 드론5 목적지47 |  668스텝 | 배송 47/47 | 재적재  6 | 중계율 0.21 | alpha 0.946 | complete
Ep 50 | 드론4 목적지72 | 1000스텝 | 배송 57/72 | 재적재 10 | 중계율 0.16 | alpha 1.008 | step_limit
  [홀드아웃] 배송 50.0±0.0 완주 1.00 스텝 1010 점수 106.6 재적재 7.7 2홉+ 0.63 | 최고 106.6@ep50 정체 0/15  ← 갱신
Ep 51 | 드론4 목적지71 |  795스텝 | 배송 71/71 | 재적재 13 | 중계율 0.18 | alpha 1.060 | complete
Ep 52 | 드론4 목적지45 | 1000스텝 | 배송 43/45 | 재적재  6 | 중계율 0.17 | alpha 1.126 | step_limit
Ep 53 | 드론6 목적지64 |  527스텝 | 배송 64/64 | 재적재 10 | 중계율 0.14 | alpha 1.160 | complete
Ep 54 | 드론5 목적지24 |  395스텝 | 배송 24/24 | 재적재  2 | 중계율 0.30 | alpha 1.186 | complete
Ep 55 | 드론6 목적지60 |  822스텝 | 배송 60/60 | 재적재  8 | 중계율 0.16 | alpha 1.242 | complete
Ep 56 | 드론6 목적지20 |  174스텝 | 배송 20/20 | 재적재  0 | 중계율 0.20 | alpha 1.254 | complete
Ep 57 | 드론5 목적지61 |  651스텝 | 배송 61/61 | 재적재 11 | 중계율 0.21 | alpha 1.300 | complete
Ep 58 | 드론5 목적지77 |  914스텝 | 배송 77/77 | 재적재 13 | 중계율 0.18 | alpha 1.362 | complete
Ep 59 | 드론5 목적지40 | 1000스텝 | 배송 39/40 | 재적재  5 | 중계율 0.35 | alpha 1.422 | step_limit
Ep 60 | 드론3 목적지76 | 1000스텝 | 배송 60/76 | 재적재 10 | 중계율 0.16 | alpha 1.483 | step_limit
Ep 61 | 드론5 목적지66 |  881스텝 | 배송 66/66 | 재적재 12 | 중계율 0.19 | alpha 1.542 | complete
Ep 62 | 드론5 목적지43 |  445스텝 | 배송 43/43 | 재적재  5 | 중계율 0.11 | alpha 1.572 | complete
Ep 63 | 드론5 목적지57 |  673스텝 | 배송 57/57 | 재적재 10 | 중계율 0.16 | alpha 1.613 | complete
Ep 64 | 드론3 목적지52 | 1000스텝 | 배송 47/52 | 재적재  8 | 중계율 0.21 | alpha 1.680 | step_limit
Ep 65 | 드론5 목적지42 |  373스텝 | 배송 42/42 | 재적재  5 | 중계율 0.15 | alpha 1.707 | complete
Ep 66 | 드론4 목적지41 |  882스텝 | 배송 41/41 | 재적재  6 | 중계율 0.23 | alpha 1.771 | complete
Ep 67 | 드론5 목적지23 |  218스텝 | 배송 23/23 | 재적재  1 | 중계율 0.10 | alpha 1.786 | complete
Ep 68 | 드론5 목적지77 |  607스텝 | 배송 77/77 | 재적재 14 | 중계율 0.11 | alpha 1.826 | complete
Ep 69 | 드론4 목적지48 |  748스텝 | 배송 48/48 | 재적재  7 | 중계율 0.14 | alpha 1.872 | complete
Ep 70 | 드론3 목적지69 | 1000스텝 | 배송 48/69 | 재적재  8 | 중계율 0.16 | alpha 1.927 | step_limit
Ep 71 | 드론5 목적지34 |  356스텝 | 배송 34/34 | 재적재  5 | 중계율 0.12 | alpha 1.950 | complete
Ep 72 | 드론5 목적지61 | 1000스텝 | 배송 56/61 | 재적재  9 | 중계율 0.21 | alpha 2.019 | step_limit
Ep 73 | 드론6 목적지50 |  538스텝 | 배송 50/50 | 재적재  8 | 중계율 0.17 | alpha 2.062 | complete
Ep 74 | 드론4 목적지70 | 1000스텝 | 배송 61/70 | 재적재 10 | 중계율 0.13 | alpha 2.132 | step_limit
Ep 75 | 드론6 목적지21 |  138스텝 | 배송 21/21 | 재적재  0 | 중계율 0.06 | alpha 2.140 | complete
Ep 76 | 드론3 목적지49 | 1000스텝 | 배송 41/49 | 재적재  6 | 중계율 0.13 | alpha 2.190 | step_limit
Ep 77 | 드론4 목적지67 | 1000스텝 | 배송 45/67 | 재적재  8 | 중계율 0.15 | alpha 2.230 | step_limit
Ep 78 | 드론3 목적지34 |  618스텝 | 배송 34/34 | 재적재  5 | 중계율 0.15 | alpha 2.246 | complete
Ep 79 | 드론5 목적지31 |  438스텝 | 배송 31/31 | 재적재  4 | 중계율 0.15 | alpha 2.259 | complete
Ep 80 | 드론3 목적지44 | 1000스텝 | 배송 43/44 | 재적재  7 | 중계율 0.20 | alpha 2.273 | step_limit
Ep 81 | 드론6 목적지71 |  714스텝 | 배송 71/71 | 재적재 13 | 중계율 0.19 | alpha 2.294 | complete
Ep 82 | 드론4 목적지59 |  896스텝 | 배송 59/59 | 재적재 10 | 중계율 0.13 | alpha 2.317 | complete
Ep 83 | 드론6 목적지21 |  177스텝 | 배송 21/21 | 재적재  0 | 중계율 0.10 | alpha 2.316 | complete
Ep 84 | 드론4 목적지41 |  644스텝 | 배송 41/41 | 재적재  7 | 중계율 0.16 | alpha 2.333 | complete
Ep 85 | 드론5 목적지38 |  603스텝 | 배송 38/38 | 재적재  5 | 중계율 0.18 | alpha 2.339 | complete
Ep 86 | 드론5 목적지64 |  597스텝 | 배송 64/64 | 재적재 11 | 중계율 0.10 | alpha 2.335 | complete
Ep 87 | 드론5 목적지24 |  608스텝 | 배송 24/24 | 재적재  2 | 중계율 0.21 | alpha 2.321 | complete
Ep 88 | 드론5 목적지66 |  570스텝 | 배송 66/66 | 재적재 11 | 중계율 0.11 | alpha 2.309 | complete
Ep 89 | 드론6 목적지20 |  287스텝 | 배송 20/20 | 재적재  0 | 중계율 0.08 | alpha 2.299 | complete
Ep 90 | 드론6 목적지37 |  294스텝 | 배송 37/37 | 재적재  6 | 중계율 0.08 | alpha 2.285 | complete
Ep 91 | 드론4 목적지60 | 1000스텝 | 배송 54/60 | 재적재  9 | 중계율 0.17 | alpha 2.242 | step_limit
Ep 92 | 드론3 목적지37 | 1000스텝 | 배송 35/37 | 재적재  5 | 중계율 0.22 | alpha 2.195 | step_limit
Ep 93 | 드론4 목적지27 |  470스텝 | 배송 27/27 | 재적재  5 | 중계율 0.14 | alpha 2.177 | complete
Ep 94 | 드론4 목적지76 | 1000스텝 | 배송 71/76 | 재적재 12 | 중계율 0.16 | alpha 2.157 | step_limit
Ep 95 | 드론5 목적지30 |  430스텝 | 배송 30/30 | 재적재  4 | 중계율 0.11 | alpha 2.145 | complete
Ep 96 | 드론6 목적지34 |  406스텝 | 배송 34/34 | 재적재  5 | 중계율 0.13 | alpha 2.137 | complete
Ep 97 | 드론5 목적지35 |  454스텝 | 배송 35/35 | 재적재  5 | 중계율 0.13 | alpha 2.144 | complete
Ep 98 | 드론5 목적지39 |  410스텝 | 배송 39/39 | 재적재  7 | 중계율 0.07 | alpha 2.143 | complete
Ep 99 | 드론5 목적지69 | 1000스텝 | 배송 61/69 | 재적재 10 | 중계율 0.17 | alpha 2.118 | step_limit
Ep 100 | 드론6 목적지80 |  616스텝 | 배송 80/80 | 재적재 13 | 중계율 0.08 | alpha 2.101 | complete
  [홀드아웃] 배송 49.5±2.5 완주 0.93 스텝 1188 점수 98.5 재적재 8.2 2홉+ 0.64 | 최고 106.6@ep50 정체 1/15
Ep 101 | 드론3 목적지62 | 1000스텝 | 배송 50/62 | 재적재  9 | 중계율 0.14 | alpha 2.036 | step_limit
Ep 102 | 드론4 목적지30 |  380스텝 | 배송 30/30 | 재적재  4 | 중계율 0.09 | alpha 2.018 | complete
Ep 103 | 드론5 목적지75 |  755스텝 | 배송 75/75 | 재적재 12 | 중계율 0.12 | alpha 1.989 | complete
Ep 104 | 드론4 목적지39 |  529스텝 | 배송 39/39 | 재적재  6 | 중계율 0.09 | alpha 1.975 | complete
Ep 105 | 드론5 목적지24 |  410스텝 | 배송 24/24 | 재적재  2 | 중계율 0.17 | alpha 1.971 | complete
Ep 106 | 드론5 목적지73 |  806스텝 | 배송 73/73 | 재적재 13 | 중계율 0.14 | alpha 1.980 | complete
Ep 107 | 드론5 목적지25 |  348스텝 | 배송 25/25 | 재적재  4 | 중계율 0.12 | alpha 1.981 | complete
Ep 108 | 드론3 목적지69 | 1000스텝 | 배송 55/69 | 재적재  9 | 중계율 0.15 | alpha 1.970 | step_limit
Ep 109 | 드론4 목적지25 |  472스텝 | 배송 25/25 | 재적재  3 | 중계율 0.09 | alpha 1.973 | complete
Ep 110 | 드론3 목적지26 |  839스텝 | 배송 26/26 | 재적재  4 | 중계율 0.15 | alpha 2.008 | complete
Ep 111 | 드론3 목적지21 |  544스텝 | 배송 21/21 | 재적재  3 | 중계율 0.14 | alpha 2.012 | complete
Ep 112 | 드론6 목적지31 |  392스텝 | 배송 31/31 | 재적재  4 | 중계율 0.09 | alpha 1.990 | complete
Ep 113 | 드론4 목적지57 |  847스텝 | 배송 57/57 | 재적재 10 | 중계율 0.14 | alpha 1.981 | complete
Ep 114 | 드론6 목적지64 |  737스텝 | 배송 64/64 | 재적재 11 | 중계율 0.17 | alpha 1.961 | complete
Ep 115 | 드론5 목적지57 |  739스텝 | 배송 57/57 | 재적재  9 | 중계율 0.13 | alpha 1.947 | complete
Ep 116 | 드론3 목적지78 | 1000스텝 | 배송 56/78 | 재적재 10 | 중계율 0.16 | alpha 1.889 | step_limit
Ep 117 | 드론6 목적지76 |  880스텝 | 배송 76/76 | 재적재 14 | 중계율 0.14 | alpha 1.824 | complete
Ep 118 | 드론3 목적지59 |  906스텝 | 배송 59/59 | 재적재 10 | 중계율 0.14 | alpha 1.816 | complete
Ep 119 | 드론4 목적지73 | 1000스텝 | 배송 69/73 | 재적재 13 | 중계율 0.15 | alpha 1.834 | step_limit
Ep 120 | 드론4 목적지68 | 1000스텝 | 배송 65/68 | 재적재 12 | 중계율 0.16 | alpha 1.804 | step_limit
Ep 121 | 드론6 목적지59 |  602스텝 | 배송 59/59 | 재적재 10 | 중계율 0.14 | alpha 1.798 | complete
Ep 122 | 드론6 목적지55 |  647스텝 | 배송 55/55 | 재적재 10 | 중계율 0.12 | alpha 1.782 | complete
Ep 123 | 드론4 목적지22 |  451스텝 | 배송 22/22 | 재적재  2 | 중계율 0.11 | alpha 1.787 | complete
Ep 124 | 드론3 목적지57 | 1000스텝 | 배송 55/57 | 재적재 10 | 중계율 0.12 | alpha 1.798 | step_limit
Ep 125 | 드론3 목적지29 |  951스텝 | 배송 29/29 | 재적재  5 | 중계율 0.20 | alpha 1.828 | complete
Ep 126 | 드론6 목적지80 |  555스텝 | 배송 80/80 | 재적재 13 | 중계율 0.09 | alpha 1.826 | complete
Ep 127 | 드론6 목적지23 |  330스텝 | 배송 23/23 | 재적재  1 | 중계율 0.12 | alpha 1.829 | complete
Ep 128 | 드론4 목적지75 | 1000스텝 | 배송 60/75 | 재적재 10 | 중계율 0.14 | alpha 1.782 | step_limit
Ep 129 | 드론5 목적지31 |  630스텝 | 배송 31/31 | 재적재  4 | 중계율 0.14 | alpha 1.770 | complete
Ep 130 | 드론5 목적지26 |  341스텝 | 배송 26/26 | 재적재  4 | 중계율 0.09 | alpha 1.756 | complete
Ep 131 | 드론6 목적지57 |  440스텝 | 배송 57/57 | 재적재  8 | 중계율 0.11 | alpha 1.723 | complete
Ep 132 | 드론4 목적지51 | 1000스텝 | 배송 38/51 | 재적재  6 | 중계율 0.23 | alpha 1.683 | step_limit
Ep 133 | 드론6 목적지36 |  325스텝 | 배송 36/36 | 재적재  4 | 중계율 0.09 | alpha 1.677 | complete
Ep 134 | 드론5 목적지49 |  695스텝 | 배송 49/49 | 재적재  8 | 중계율 0.11 | alpha 1.661 | complete
Ep 135 | 드론4 목적지56 | 1000스텝 | 배송 47/56 | 재적재  8 | 중계율 0.21 | alpha 1.677 | step_limit
Ep 136 | 드론3 목적지38 |  996스텝 | 배송 38/38 | 재적재  7 | 중계율 0.19 | alpha 1.670 | complete
Ep 137 | 드론6 목적지37 |  388스텝 | 배송 37/37 | 재적재  4 | 중계율 0.08 | alpha 1.673 | complete
Ep 138 | 드론5 목적지68 | 1000스텝 | 배송 67/68 | 재적재 12 | 중계율 0.18 | alpha 1.709 | step_limit
Ep 139 | 드론3 목적지63 | 1000스텝 | 배송 55/63 | 재적재 10 | 중계율 0.08 | alpha 1.711 | step_limit
Ep 140 | 드론6 목적지64 |  572스텝 | 배송 64/64 | 재적재 10 | 중계율 0.11 | alpha 1.736 | complete
Ep 141 | 드론4 목적지48 |  953스텝 | 배송 48/48 | 재적재  7 | 중계율 0.14 | alpha 1.724 | complete
Ep 142 | 드론5 목적지69 |  598스텝 | 배송 69/69 | 재적재 12 | 중계율 0.10 | alpha 1.746 | complete
Ep 143 | 드론3 목적지58 | 1000스텝 | 배송 55/58 | 재적재 10 | 중계율 0.14 | alpha 1.788 | step_limit
Ep 144 | 드론6 목적지55 |  485스텝 | 배송 55/55 | 재적재  9 | 중계율 0.10 | alpha 1.799 | complete
Ep 145 | 드론3 목적지39 | 1000스텝 | 배송 38/39 | 재적재  7 | 중계율 0.17 | alpha 1.796 | step_limit
Ep 146 | 드론3 목적지60 | 1000스텝 | 배송 52/60 | 재적재  9 | 중계율 0.12 | alpha 1.782 | step_limit
Ep 147 | 드론4 목적지44 |  661스텝 | 배송 44/44 | 재적재  8 | 중계율 0.12 | alpha 1.756 | complete
Ep 148 | 드론6 목적지50 |  415스텝 | 배송 50/50 | 재적재  7 | 중계율 0.15 | alpha 1.762 | complete
Ep 149 | 드론3 목적지36 |  622스텝 | 배송 36/36 | 재적재  6 | 중계율 0.08 | alpha 1.774 | complete
Ep 150 | 드론5 목적지78 |  921스텝 | 배송 78/78 | 재적재 14 | 중계율 0.14 | alpha 1.783 | complete
  [홀드아웃] 배송 49.9±0.7 완주 0.95 스텝 1107 점수 101.3 재적재 8.1 2홉+ 0.63 | 최고 106.6@ep50 정체 2/15
Ep 151 | 드론4 목적지64 |  715스텝 | 배송 64/64 | 재적재 11 | 중계율 0.07 | alpha 1.767 | complete
Ep 152 | 드론6 목적지21 |  175스텝 | 배송 21/21 | 재적재  0 | 중계율 0.06 | alpha 1.773 | complete
Ep 153 | 드론5 목적지76 |  819스텝 | 배송 76/76 | 재적재 13 | 중계율 0.13 | alpha 1.805 | complete
Ep 154 | 드론3 목적지40 |  770스텝 | 배송 40/40 | 재적재  7 | 중계율 0.14 | alpha 1.810 | complete
Ep 155 | 드론4 목적지64 |  724스텝 | 배송 64/64 | 재적재 11 | 중계율 0.10 | alpha 1.837 | complete
Ep 156 | 드론5 목적지50 |  868스텝 | 배송 50/50 | 재적재  8 | 중계율 0.12 | alpha 1.819 | complete
Ep 157 | 드론3 목적지56 | 1000스텝 | 배송 55/56 | 재적재 10 | 중계율 0.15 | alpha 1.811 | step_limit
Ep 158 | 드론6 목적지67 |  732스텝 | 배송 67/67 | 재적재 11 | 중계율 0.16 | alpha 1.799 | complete
Ep 159 | 드론5 목적지78 |  804스텝 | 배송 78/78 | 재적재 14 | 중계율 0.11 | alpha 1.784 | complete
Ep 160 | 드론5 목적지23 |  480스텝 | 배송 23/23 | 재적재  3 | 중계율 0.13 | alpha 1.775 | complete
Ep 161 | 드론6 목적지73 | 1000스텝 | 배송 71/73 | 재적재 12 | 중계율 0.16 | alpha 1.745 | step_limit
Ep 162 | 드론4 목적지49 |  768스텝 | 배송 49/49 | 재적재  7 | 중계율 0.11 | alpha 1.741 | complete
Ep 163 | 드론5 목적지36 |  346스텝 | 배송 36/36 | 재적재  4 | 중계율 0.09 | alpha 1.740 | complete
Ep 164 | 드론5 목적지54 |  652스텝 | 배송 54/54 | 재적재  9 | 중계율 0.10 | alpha 1.768 | complete
Ep 165 | 드론6 목적지47 |  471스텝 | 배송 47/47 | 재적재  7 | 중계율 0.13 | alpha 1.752 | complete
Ep 166 | 드론5 목적지63 |  651스텝 | 배송 63/63 | 재적재 11 | 중계율 0.13 | alpha 1.748 | complete
Ep 167 | 드론5 목적지38 |  487스텝 | 배송 38/38 | 재적재  6 | 중계율 0.16 | alpha 1.759 | complete
Ep 168 | 드론5 목적지44 |  875스텝 | 배송 44/44 | 재적재  7 | 중계율 0.16 | alpha 1.751 | complete
Ep 169 | 드론5 목적지45 |  902스텝 | 배송 45/45 | 재적재  8 | 중계율 0.18 | alpha 1.769 | complete
Ep 170 | 드론4 목적지78 | 1000스텝 | 배송 71/78 | 재적재 11 | 중계율 0.13 | alpha 1.788 | step_limit
Ep 171 | 드론5 목적지34 |  544스텝 | 배송 34/34 | 재적재  5 | 중계율 0.19 | alpha 1.789 | complete
Ep 172 | 드론4 목적지48 |  751스텝 | 배송 48/48 | 재적재  8 | 중계율 0.12 | alpha 1.804 | complete
Ep 173 | 드론4 목적지64 | 1000스텝 | 배송 50/64 | 재적재  8 | 중계율 0.21 | alpha 1.811 | step_limit
Ep 174 | 드론5 목적지38 |  771스텝 | 배송 38/38 | 재적재  6 | 중계율 0.10 | alpha 1.817 | complete
Ep 175 | 드론4 목적지56 |  988스텝 | 배송 56/56 | 재적재 10 | 중계율 0.18 | alpha 1.790 | complete
Ep 176 | 드론3 목적지68 | 1000스텝 | 배송 52/68 | 재적재  8 | 중계율 0.15 | alpha 1.815 | step_limit
Ep 177 | 드론5 목적지74 |  955스텝 | 배송 74/74 | 재적재 12 | 중계율 0.14 | alpha 1.798 | complete
Ep 178 | 드론5 목적지37 |  665스텝 | 배송 37/37 | 재적재  5 | 중계율 0.12 | alpha 1.797 | complete
Ep 179 | 드론6 목적지48 |  454스텝 | 배송 48/48 | 재적재  7 | 중계율 0.10 | alpha 1.811 | complete
Ep 180 | 드론4 목적지61 |  828스텝 | 배송 61/61 | 재적재 10 | 중계율 0.13 | alpha 1.831 | complete
Ep 181 | 드론3 목적지80 | 1000스텝 | 배송 59/80 | 재적재 10 | 중계율 0.18 | alpha 1.832 | step_limit
Ep 182 | 드론5 목적지31 |  481스텝 | 배송 31/31 | 재적재  5 | 중계율 0.12 | alpha 1.817 | complete
Ep 183 | 드론4 목적지53 | 1000스텝 | 배송 51/53 | 재적재  9 | 중계율 0.15 | alpha 1.851 | step_limit
Ep 184 | 드론4 목적지64 | 1000스텝 | 배송 57/64 | 재적재  9 | 중계율 0.15 | alpha 1.859 | step_limit
Ep 185 | 드론3 목적지49 |  898스텝 | 배송 49/49 | 재적재  8 | 중계율 0.14 | alpha 1.913 | complete
Ep 186 | 드론5 목적지47 |  707스텝 | 배송 47/47 | 재적재  8 | 중계율 0.20 | alpha 1.957 | complete
Ep 187 | 드론5 목적지59 |  863스텝 | 배송 59/59 | 재적재 10 | 중계율 0.15 | alpha 1.977 | complete
Ep 188 | 드론3 목적지33 | 1000스텝 | 배송 31/33 | 재적재  5 | 중계율 0.11 | alpha 1.935 | step_limit
Ep 189 | 드론6 목적지35 |  279스텝 | 배송 35/35 | 재적재  5 | 중계율 0.05 | alpha 1.925 | complete
Ep 190 | 드론3 목적지30 |  646스텝 | 배송 30/30 | 재적재  5 | 중계율 0.14 | alpha 1.909 | complete
Ep 191 | 드론4 목적지70 | 1000스텝 | 배송 67/70 | 재적재 12 | 중계율 0.16 | alpha 1.912 | step_limit
Ep 192 | 드론5 목적지36 |  465스텝 | 배송 36/36 | 재적재  5 | 중계율 0.10 | alpha 1.904 | complete
Ep 193 | 드론3 목적지54 | 1000스텝 | 배송 49/54 | 재적재  9 | 중계율 0.14 | alpha 1.863 | step_limit
Ep 194 | 드론4 목적지76 | 1000스텝 | 배송 69/76 | 재적재 12 | 중계율 0.11 | alpha 1.832 | step_limit
Ep 195 | 드론5 목적지74 | 1000스텝 | 배송 56/74 | 재적재  9 | 중계율 0.15 | alpha 1.830 | step_limit
Ep 196 | 드론6 목적지70 |  886스텝 | 배송 70/70 | 재적재 13 | 중계율 0.14 | alpha 1.804 | complete
Ep 197 | 드론4 목적지34 |  942스텝 | 배송 34/34 | 재적재  5 | 중계율 0.15 | alpha 1.791 | complete
Ep 198 | 드론3 목적지33 | 1000스텝 | 배송 30/33 | 재적재  5 | 중계율 0.15 | alpha 1.760 | step_limit
Ep 199 | 드론6 목적지46 |  430스텝 | 배송 46/46 | 재적재  7 | 중계율 0.08 | alpha 1.795 | complete
Ep 200 | 드론6 목적지42 |  334스텝 | 배송 42/42 | 재적재  6 | 중계율 0.06 | alpha 1.809 | complete
  [홀드아웃] 배송 49.8±1.1 완주 0.95 스텝 1233 점수 100.9 재적재 8.2 2홉+ 0.64 | 최고 106.6@ep50 정체 3/15
Ep 201 | 드론6 목적지51 |  436스텝 | 배송 51/51 | 재적재  8 | 중계율 0.11 | alpha 1.805 | complete
Ep 202 | 드론5 목적지32 |  427스텝 | 배송 32/32 | 재적재  4 | 중계율 0.13 | alpha 1.818 | complete
Ep 203 | 드론5 목적지30 |  458스텝 | 배송 30/30 | 재적재  3 | 중계율 0.14 | alpha 1.825 | complete
Ep 204 | 드론6 목적지73 |  785스텝 | 배송 73/73 | 재적재 13 | 중계율 0.17 | alpha 1.830 | complete
Ep 205 | 드론3 목적지44 | 1000스텝 | 배송 42/44 | 재적재  7 | 중계율 0.16 | alpha 1.811 | step_limit
Ep 206 | 드론3 목적지26 |  849스텝 | 배송 26/26 | 재적재  3 | 중계율 0.14 | alpha 1.770 | complete
Ep 207 | 드론5 목적지40 |  500스텝 | 배송 40/40 | 재적재  7 | 중계율 0.12 | alpha 1.768 | complete
Ep 208 | 드론6 목적지35 |  404스텝 | 배송 35/35 | 재적재  5 | 중계율 0.14 | alpha 1.783 | complete
Ep 209 | 드론6 목적지75 |  621스텝 | 배송 75/75 | 재적재 12 | 중계율 0.05 | alpha 1.807 | complete
Ep 210 | 드론6 목적지56 |  654스텝 | 배송 56/56 | 재적재  8 | 중계율 0.10 | alpha 1.813 | complete
Ep 211 | 드론3 목적지26 |  626스텝 | 배송 26/26 | 재적재  4 | 중계율 0.14 | alpha 1.817 | complete
Ep 212 | 드론3 목적지58 | 1000스텝 | 배송 44/58 | 재적재  8 | 중계율 0.11 | alpha 1.839 | step_limit
Ep 213 | 드론3 목적지44 | 1000스텝 | 배송 37/44 | 재적재  7 | 중계율 0.19 | alpha 1.873 | step_limit
Ep 214 | 드론3 목적지56 | 1000스텝 | 배송 50/56 | 재적재  9 | 중계율 0.11 | alpha 1.900 | step_limit
Ep 215 | 드론4 목적지64 | 1000스텝 | 배송 63/64 | 재적재 12 | 중계율 0.16 | alpha 1.903 | step_limit
Ep 216 | 드론5 목적지40 |  440스텝 | 배송 40/40 | 재적재  6 | 중계율 0.12 | alpha 1.894 | complete
Ep 217 | 드론6 목적지41 |  406스텝 | 배송 41/41 | 재적재  7 | 중계율 0.06 | alpha 1.905 | complete
Ep 218 | 드론3 목적지31 |  926스텝 | 배송 31/31 | 재적재  5 | 중계율 0.18 | alpha 1.932 | complete
Ep 219 | 드론4 목적지80 | 1000스텝 | 배송 76/80 | 재적재 13 | 중계율 0.14 | alpha 1.976 | step_limit
Ep 220 | 드론4 목적지53 | 1000스텝 | 배송 50/53 | 재적재  8 | 중계율 0.15 | alpha 1.934 | step_limit
Ep 221 | 드론6 목적지72 |  649스텝 | 배송 72/72 | 재적재 12 | 중계율 0.09 | alpha 1.907 | complete
Ep 222 | 드론3 목적지27 | 1000스텝 | 배송 26/27 | 재적재  4 | 중계율 0.23 | alpha 1.888 | step_limit
Ep 223 | 드론6 목적지22 |  167스텝 | 배송 22/22 | 재적재  0 | 중계율 0.10 | alpha 1.886 | complete
Ep 224 | 드론4 목적지62 | 1000스텝 | 배송 54/62 | 재적재  9 | 중계율 0.12 | alpha 1.839 | step_limit
Ep 225 | 드론5 목적지58 |  750스텝 | 배송 58/58 | 재적재 10 | 중계율 0.10 | alpha 1.826 | complete
Ep 226 | 드론6 목적지37 |  496스텝 | 배송 37/37 | 재적재  4 | 중계율 0.17 | alpha 1.829 | complete
Ep 227 | 드론3 목적지49 | 1000스텝 | 배송 45/49 | 재적재  7 | 중계율 0.17 | alpha 1.822 | step_limit
Ep 228 | 드론5 목적지72 |  648스텝 | 배송 72/72 | 재적재 12 | 중계율 0.08 | alpha 1.810 | complete
Ep 229 | 드론3 목적지77 | 1000스텝 | 배송 55/77 | 재적재  9 | 중계율 0.18 | alpha 1.817 | step_limit
Ep 230 | 드론6 목적지53 |  363스텝 | 배송 53/53 | 재적재  7 | 중계율 0.06 | alpha 1.808 | complete
Ep 231 | 드론5 목적지56 | 1000스텝 | 배송 49/56 | 재적재  8 | 중계율 0.19 | alpha 1.807 | step_limit
Ep 232 | 드론3 목적지28 |  813스텝 | 배송 28/28 | 재적재  4 | 중계율 0.17 | alpha 1.818 | complete
Ep 233 | 드론5 목적지40 |  687스텝 | 배송 40/40 | 재적재  5 | 중계율 0.14 | alpha 1.835 | complete
Ep 234 | 드론5 목적지29 |  551스텝 | 배송 29/29 | 재적재  3 | 중계율 0.13 | alpha 1.824 | complete
Ep 235 | 드론6 목적지69 |  510스텝 | 배송 69/69 | 재적재 11 | 중계율 0.10 | alpha 1.809 | complete
Ep 236 | 드론4 목적지30 |  539스텝 | 배송 30/30 | 재적재  4 | 중계율 0.16 | alpha 1.803 | complete
Ep 237 | 드론5 목적지24 |  391스텝 | 배송 24/24 | 재적재  2 | 중계율 0.15 | alpha 1.788 | complete
Ep 238 | 드론5 목적지21 |  283스텝 | 배송 21/21 | 재적재  1 | 중계율 0.08 | alpha 1.792 | complete
Ep 239 | 드론5 목적지60 | 1000스텝 | 배송 54/60 | 재적재 10 | 중계율 0.21 | alpha 1.762 | step_limit
Ep 240 | 드론6 목적지58 |  569스텝 | 배송 58/58 | 재적재 10 | 중계율 0.09 | alpha 1.785 | complete
Ep 241 | 드론3 목적지26 |  622스텝 | 배송 26/26 | 재적재  4 | 중계율 0.12 | alpha 1.784 | complete
Ep 242 | 드론4 목적지43 |  644스텝 | 배송 43/43 | 재적재  7 | 중계율 0.13 | alpha 1.811 | complete
Ep 243 | 드론5 목적지55 |  766스텝 | 배송 55/55 | 재적재  9 | 중계율 0.13 | alpha 1.788 | complete
Ep 244 | 드론6 목적지48 |  342스텝 | 배송 48/48 | 재적재  7 | 중계율 0.09 | alpha 1.794 | complete
Ep 245 | 드론6 목적지67 |  521스텝 | 배송 67/67 | 재적재 11 | 중계율 0.11 | alpha 1.813 | complete
Ep 246 | 드론4 목적지65 | 1000스텝 | 배송 51/65 | 재적재  7 | 중계율 0.15 | alpha 1.838 | step_limit
Ep 247 | 드론6 목적지49 |  512스텝 | 배송 49/49 | 재적재  7 | 중계율 0.14 | alpha 1.830 | complete
Ep 248 | 드론3 목적지41 | 1000스텝 | 배송 37/41 | 재적재  7 | 중계율 0.17 | alpha 1.805 | step_limit
Ep 249 | 드론5 목적지26 |  239스텝 | 배송 26/26 | 재적재  3 | 중계율 0.04 | alpha 1.799 | complete
Ep 250 | 드론5 목적지43 |  574스텝 | 배송 43/43 | 재적재  7 | 중계율 0.09 | alpha 1.773 | complete
  [홀드아웃] 배송 48.0±6.2 완주 0.90 스텝 1136 점수 96.2 재적재 8.0 2홉+ 0.64 | 최고 106.6@ep50 정체 4/15
Ep 251 | 드론5 목적지71 |  790스텝 | 배송 71/71 | 재적재 12 | 중계율 0.12 | alpha 1.763 | complete
Ep 252 | 드론3 목적지48 | 1000스텝 | 배송 40/48 | 재적재  6 | 중계율 0.21 | alpha 1.787 | step_limit
Ep 253 | 드론4 목적지30 |  649스텝 | 배송 30/30 | 재적재  5 | 중계율 0.12 | alpha 1.782 | complete
Ep 254 | 드론5 목적지26 | 1000스텝 | 배송 24/26 | 재적재  2 | 중계율 0.14 | alpha 1.772 | step_limit
Ep 255 | 드론6 목적지69 |  661스텝 | 배송 69/69 | 재적재 12 | 중계율 0.11 | alpha 1.792 | complete
Ep 256 | 드론6 목적지33 |  489스텝 | 배송 33/33 | 재적재  5 | 중계율 0.21 | alpha 1.797 | complete
Ep 257 | 드론4 목적지55 | 1000스텝 | 배송 49/55 | 재적재  9 | 중계율 0.22 | alpha 1.812 | step_limit
Ep 258 | 드론5 목적지36 |  579스텝 | 배송 36/36 | 재적재  5 | 중계율 0.17 | alpha 1.794 | complete
Ep 259 | 드론4 목적지79 | 1000스텝 | 배송 77/79 | 재적재 14 | 중계율 0.15 | alpha 1.776 | step_limit
Ep 260 | 드론3 목적지41 |  747스텝 | 배송 41/41 | 재적재  7 | 중계율 0.15 | alpha 1.764 | complete
Ep 261 | 드론6 목적지21 |  246스텝 | 배송 21/21 | 재적재  0 | 중계율 0.11 | alpha 1.767 | complete
Ep 262 | 드론3 목적지43 |  986스텝 | 배송 43/43 | 재적재  8 | 중계율 0.15 | alpha 1.754 | complete
Ep 263 | 드론5 목적지21 |  261스텝 | 배송 21/21 | 재적재  2 | 중계율 0.11 | alpha 1.755 | complete
Ep 264 | 드론6 목적지50 |  752스텝 | 배송 50/50 | 재적재  8 | 중계율 0.10 | alpha 1.745 | complete
Ep 265 | 드론3 목적지35 | 1000스텝 | 배송 29/35 | 재적재  5 | 중계율 0.19 | alpha 1.767 | step_limit
Ep 266 | 드론4 목적지54 |  669스텝 | 배송 54/54 | 재적재 10 | 중계율 0.12 | alpha 1.735 | complete
Ep 267 | 드론5 목적지46 |  482스텝 | 배송 46/46 | 재적재  8 | 중계율 0.05 | alpha 1.726 | complete
Ep 268 | 드론3 목적지33 |  995스텝 | 배송 33/33 | 재적재  6 | 중계율 0.22 | alpha 1.749 | complete
Ep 269 | 드론3 목적지42 |  935스텝 | 배송 42/42 | 재적재  7 | 중계율 0.18 | alpha 1.803 | complete
Ep 270 | 드론4 목적지45 | 1000스텝 | 배송 41/45 | 재적재  6 | 중계율 0.16 | alpha 1.798 | step_limit
Ep 271 | 드론5 목적지37 |  530스텝 | 배송 37/37 | 재적재  5 | 중계율 0.13 | alpha 1.780 | complete
Ep 272 | 드론3 목적지47 | 1000스텝 | 배송 44/47 | 재적재  8 | 중계율 0.15 | alpha 1.763 | step_limit
Ep 273 | 드론6 목적지76 |  650스텝 | 배송 76/76 | 재적재 13 | 중계율 0.08 | alpha 1.770 | complete
Ep 274 | 드론6 목적지29 |  353스텝 | 배송 29/29 | 재적재  3 | 중계율 0.15 | alpha 1.778 | complete
Ep 275 | 드론4 목적지78 | 1000스텝 | 배송 54/78 | 재적재  9 | 중계율 0.16 | alpha 1.779 | step_limit
Ep 276 | 드론5 목적지49 |  496스텝 | 배송 49/49 | 재적재  8 | 중계율 0.06 | alpha 1.775 | complete
Ep 277 | 드론3 목적지67 | 1000스텝 | 배송 57/67 | 재적재 10 | 중계율 0.13 | alpha 1.780 | step_limit
Ep 278 | 드론4 목적지30 |  499스텝 | 배송 30/30 | 재적재  4 | 중계율 0.22 | alpha 1.780 | complete
Ep 279 | 드론6 목적지44 |  445스텝 | 배송 44/44 | 재적재  7 | 중계율 0.08 | alpha 1.801 | complete
Ep 280 | 드론4 목적지32 |  647스텝 | 배송 32/32 | 재적재  5 | 중계율 0.21 | alpha 1.818 | complete
Ep 281 | 드론4 목적지36 |  718스텝 | 배송 36/36 | 재적재  6 | 중계율 0.16 | alpha 1.846 | complete
Ep 282 | 드론4 목적지56 |  813스텝 | 배송 56/56 | 재적재 10 | 중계율 0.11 | alpha 1.856 | complete
Ep 283 | 드론4 목적지75 |  890스텝 | 배송 75/75 | 재적재 13 | 중계율 0.08 | alpha 1.852 | complete
Ep 284 | 드론5 목적지21 |  245스텝 | 배송 21/21 | 재적재  2 | 중계율 0.11 | alpha 1.847 | complete
Ep 285 | 드론6 목적지72 |  541스텝 | 배송 72/72 | 재적재 12 | 중계율 0.08 | alpha 1.841 | complete
Ep 286 | 드론6 목적지78 |  554스텝 | 배송 78/78 | 재적재 14 | 중계율 0.07 | alpha 1.852 | complete
Ep 287 | 드론3 목적지39 |  687스텝 | 배송 39/39 | 재적재  6 | 중계율 0.11 | alpha 1.833 | complete
Ep 288 | 드론4 목적지39 |  537스텝 | 배송 39/39 | 재적재  6 | 중계율 0.14 | alpha 1.821 | complete
Ep 289 | 드론3 목적지49 | 1000스텝 | 배송 46/49 | 재적재  9 | 중계율 0.17 | alpha 1.822 | step_limit
Ep 290 | 드론4 목적지29 |  466스텝 | 배송 29/29 | 재적재  4 | 중계율 0.16 | alpha 1.850 | complete
Ep 291 | 드론5 목적지68 |  595스텝 | 배송 68/68 | 재적재 13 | 중계율 0.10 | alpha 1.855 | complete
Ep 292 | 드론3 목적지69 | 1000스텝 | 배송 52/69 | 재적재  9 | 중계율 0.11 | alpha 1.862 | step_limit
Ep 293 | 드론3 목적지38 |  922스텝 | 배송 38/38 | 재적재  6 | 중계율 0.17 | alpha 1.853 | complete
Ep 294 | 드론5 목적지41 |  442스텝 | 배송 41/41 | 재적재  7 | 중계율 0.09 | alpha 1.860 | complete
Ep 295 | 드론4 목적지35 |  515스텝 | 배송 35/35 | 재적재  5 | 중계율 0.11 | alpha 1.868 | complete
Ep 296 | 드론6 목적지49 |  436스텝 | 배송 49/49 | 재적재  7 | 중계율 0.07 | alpha 1.886 | complete
Ep 297 | 드론4 목적지78 | 1000스텝 | 배송 63/78 | 재적재 11 | 중계율 0.12 | alpha 1.900 | step_limit
Ep 298 | 드론4 목적지73 | 1000스텝 | 배송 68/73 | 재적재 12 | 중계율 0.16 | alpha 1.921 | step_limit
Ep 299 | 드론6 목적지75 |  589스텝 | 배송 75/75 | 재적재 14 | 중계율 0.08 | alpha 1.930 | complete
Ep 300 | 드론4 목적지39 |  624스텝 | 배송 39/39 | 재적재  6 | 중계율 0.11 | alpha 1.908 | complete
  [홀드아웃] 배송 50.0±0.0 완주 1.00 스텝 1200 점수 106.0 재적재 8.3 2홉+ 0.65 | 최고 106.6@ep50 정체 5/15
Ep 301 | 드론3 목적지69 | 1000스텝 | 배송 54/69 | 재적재  9 | 중계율 0.15 | alpha 1.902 | step_limit
Ep 302 | 드론6 목적지60 |  730스텝 | 배송 60/60 | 재적재 10 | 중계율 0.13 | alpha 1.898 | complete
Ep 303 | 드론4 목적지74 | 1000스텝 | 배송 72/74 | 재적재 12 | 중계율 0.14 | alpha 1.890 | step_limit
Ep 304 | 드론4 목적지25 |  336스텝 | 배송 25/25 | 재적재  4 | 중계율 0.08 | alpha 1.881 | complete
Ep 305 | 드론3 목적지75 | 1000스텝 | 배송 49/75 | 재적재  8 | 중계율 0.12 | alpha 1.902 | step_limit
Ep 306 | 드론4 목적지29 |  512스텝 | 배송 29/29 | 재적재  4 | 중계율 0.18 | alpha 1.895 | complete
Ep 307 | 드론6 목적지29 |  377스텝 | 배송 29/29 | 재적재  3 | 중계율 0.10 | alpha 1.895 | complete
Ep 308 | 드론6 목적지35 |  315스텝 | 배송 35/35 | 재적재  4 | 중계율 0.03 | alpha 1.900 | complete
Ep 309 | 드론5 목적지37 |  515스텝 | 배송 37/37 | 재적재  5 | 중계율 0.17 | alpha 1.907 | complete
Ep 310 | 드론3 목적지74 | 1000스텝 | 배송 52/74 | 재적재  9 | 중계율 0.16 | alpha 1.899 | step_limit
Ep 311 | 드론6 목적지42 |  481스텝 | 배송 42/42 | 재적재  6 | 중계율 0.15 | alpha 1.926 | complete
Ep 312 | 드론6 목적지73 | 1000스텝 | 배송 70/73 | 재적재 11 | 중계율 0.19 | alpha 1.953 | step_limit
Ep 313 | 드론4 목적지34 |  654스텝 | 배송 34/34 | 재적재  5 | 중계율 0.14 | alpha 1.964 | complete
Ep 314 | 드론3 목적지26 |  689스텝 | 배송 26/26 | 재적재  4 | 중계율 0.18 | alpha 1.933 | complete
Ep 315 | 드론6 목적지20 |  220스텝 | 배송 20/20 | 재적재  0 | 중계율 0.13 | alpha 1.926 | complete
Ep 316 | 드론5 목적지24 |  302스텝 | 배송 24/24 | 재적재  2 | 중계율 0.05 | alpha 1.929 | complete
Ep 317 | 드론6 목적지23 |  284스텝 | 배송 23/23 | 재적재  0 | 중계율 0.15 | alpha 1.935 | complete
Ep 318 | 드론3 목적지45 | 1000스텝 | 배송 36/45 | 재적재  7 | 중계율 0.22 | alpha 1.930 | step_limit
Ep 319 | 드론6 목적지52 |  660스텝 | 배송 52/52 | 재적재  9 | 중계율 0.16 | alpha 1.929 | complete
Ep 320 | 드론4 목적지25 |  396스텝 | 배송 25/25 | 재적재  4 | 중계율 0.15 | alpha 1.916 | complete
Ep 321 | 드론3 목적지34 |  836스텝 | 배송 34/34 | 재적재  6 | 중계율 0.21 | alpha 1.913 | complete
Ep 322 | 드론3 목적지33 |  855스텝 | 배송 33/33 | 재적재  6 | 중계율 0.15 | alpha 1.925 | complete
Ep 323 | 드론3 목적지35 |  718스텝 | 배송 35/35 | 재적재  6 | 중계율 0.20 | alpha 1.996 | complete
Ep 324 | 드론5 목적지70 |  906스텝 | 배송 70/70 | 재적재 12 | 중계율 0.12 | alpha 1.976 | complete
Ep 325 | 드론3 목적지43 | 1000스텝 | 배송 41/43 | 재적재  7 | 중계율 0.17 | alpha 1.974 | step_limit
Ep 326 | 드론5 목적지42 |  656스텝 | 배송 42/42 | 재적재  6 | 중계율 0.26 | alpha 1.979 | complete
Ep 327 | 드론6 목적지62 |  528스텝 | 배송 62/62 | 재적재  9 | 중계율 0.10 | alpha 1.991 | complete
Ep 328 | 드론3 목적지53 | 1000스텝 | 배송 51/53 | 재적재  9 | 중계율 0.13 | alpha 1.981 | step_limit
Ep 329 | 드론5 목적지31 |  644스텝 | 배송 31/31 | 재적재  5 | 중계율 0.13 | alpha 1.995 | complete
Ep 330 | 드론4 목적지65 | 1000스텝 | 배송 59/65 | 재적재 10 | 중계율 0.14 | alpha 1.990 | step_limit
Ep 331 | 드론3 목적지25 |  505스텝 | 배송 25/25 | 재적재  4 | 중계율 0.09 | alpha 1.983 | complete
Ep 332 | 드론3 목적지79 | 1000스텝 | 배송 59/79 | 재적재 10 | 중계율 0.14 | alpha 1.951 | step_limit
Ep 333 | 드론4 목적지37 |  802스텝 | 배송 37/37 | 재적재  6 | 중계율 0.16 | alpha 1.940 | complete
Ep 334 | 드론3 목적지72 | 1000스텝 | 배송 71/72 | 재적재 13 | 중계율 0.12 | alpha 1.926 | step_limit
Ep 335 | 드론4 목적지23 |  459스텝 | 배송 23/23 | 재적재  2 | 중계율 0.13 | alpha 1.907 | complete
Ep 336 | 드론4 목적지57 | 1000스텝 | 배송 49/57 | 재적재  8 | 중계율 0.16 | alpha 1.896 | step_limit
Ep 337 | 드론4 목적지76 | 1000스텝 | 배송 66/76 | 재적재 11 | 중계율 0.20 | alpha 1.932 | step_limit
Ep 338 | 드론3 목적지30 |  734스텝 | 배송 30/30 | 재적재  5 | 중계율 0.12 | alpha 1.948 | complete
Ep 339 | 드론5 목적지73 |  695스텝 | 배송 73/73 | 재적재 13 | 중계율 0.07 | alpha 1.938 | complete
Ep 340 | 드론6 목적지34 |  456스텝 | 배송 34/34 | 재적재  5 | 중계율 0.09 | alpha 1.937 | complete
Ep 341 | 드론5 목적지26 |  659스텝 | 배송 26/26 | 재적재  3 | 중계율 0.24 | alpha 1.939 | complete
Ep 342 | 드론3 목적지46 | 1000스텝 | 배송 45/46 | 재적재  8 | 중계율 0.14 | alpha 1.920 | step_limit
Ep 343 | 드론3 목적지50 | 1000스텝 | 배송 36/50 | 재적재  6 | 중계율 0.19 | alpha 1.918 | step_limit
Ep 344 | 드론5 목적지28 |  371스텝 | 배송 28/28 | 재적재  4 | 중계율 0.10 | alpha 1.930 | complete
Ep 345 | 드론5 목적지61 | 1000스텝 | 배송 56/61 | 재적재 10 | 중계율 0.12 | alpha 1.951 | step_limit
Ep 346 | 드론3 목적지29 | 1000스텝 | 배송 26/29 | 재적재  4 | 중계율 0.22 | alpha 1.938 | step_limit
Ep 347 | 드론3 목적지42 | 1000스텝 | 배송 33/42 | 재적재  6 | 중계율 0.22 | alpha 1.940 | step_limit
Ep 348 | 드론5 목적지53 |  477스텝 | 배송 53/53 | 재적재  8 | 중계율 0.06 | alpha 1.929 | complete
Ep 349 | 드론4 목적지62 | 1000스텝 | 배송 56/62 | 재적재 10 | 중계율 0.16 | alpha 1.923 | step_limit
Ep 350 | 드론4 목적지79 | 1000스텝 | 배송 75/79 | 재적재 12 | 중계율 0.12 | alpha 1.938 | step_limit
  [홀드아웃] 배송 50.0±0.0 완주 1.00 스텝 1296 점수 105.7 재적재 8.5 2홉+ 0.65 | 최고 106.6@ep50 정체 6/15
Ep 351 | 드론5 목적지65 |  762스텝 | 배송 65/65 | 재적재 10 | 중계율 0.14 | alpha 1.919 | complete
Ep 352 | 드론5 목적지36 |  404스텝 | 배송 36/36 | 재적재  5 | 중계율 0.16 | alpha 1.903 | complete
Ep 353 | 드론4 목적지62 |  893스텝 | 배송 62/62 | 재적재 11 | 중계율 0.10 | alpha 1.890 | complete
Ep 354 | 드론5 목적지35 |  383스텝 | 배송 35/35 | 재적재  4 | 중계율 0.07 | alpha 1.889 | complete
Ep 355 | 드론4 목적지24 |  335스텝 | 배송 24/24 | 재적재  3 | 중계율 0.10 | alpha 1.894 | complete
Ep 356 | 드론5 목적지62 |  907스텝 | 배송 62/62 | 재적재 10 | 중계율 0.20 | alpha 1.900 | complete
Ep 357 | 드론3 목적지21 |  472스텝 | 배송 21/21 | 재적재  3 | 중계율 0.15 | alpha 1.900 | complete
Ep 358 | 드론5 목적지26 |  325스텝 | 배송 26/26 | 재적재  3 | 중계율 0.09 | alpha 1.892 | complete
Ep 359 | 드론3 목적지52 | 1000스텝 | 배송 45/52 | 재적재  8 | 중계율 0.16 | alpha 1.918 | step_limit
Ep 360 | 드론6 목적지52 |  431스텝 | 배송 52/52 | 재적재  6 | 중계율 0.08 | alpha 1.926 | complete
Ep 361 | 드론4 목적지40 |  607스텝 | 배송 40/40 | 재적재  7 | 중계율 0.12 | alpha 1.923 | complete
Ep 362 | 드론6 목적지52 |  602스텝 | 배송 52/52 | 재적재  7 | 중계율 0.18 | alpha 1.931 | complete
Ep 363 | 드론6 목적지64 |  605스텝 | 배송 64/64 | 재적재 11 | 중계율 0.14 | alpha 1.921 | complete
Ep 364 | 드론3 목적지64 | 1000스텝 | 배송 51/64 | 재적재  9 | 중계율 0.19 | alpha 1.922 | step_limit
Ep 365 | 드론5 목적지69 |  926스텝 | 배송 69/69 | 재적재 12 | 중계율 0.14 | alpha 1.955 | complete
Ep 366 | 드론6 목적지61 |  436스텝 | 배송 61/61 | 재적재  9 | 중계율 0.06 | alpha 1.968 | complete
Ep 367 | 드론4 목적지53 |  542스텝 | 배송 53/53 | 재적재  9 | 중계율 0.06 | alpha 1.954 | complete
Ep 368 | 드론6 목적지73 |  658스텝 | 배송 73/73 | 재적재 12 | 중계율 0.05 | alpha 1.962 | complete
Ep 369 | 드론5 목적지30 |  380스텝 | 배송 30/30 | 재적재  4 | 중계율 0.06 | alpha 1.957 | complete
Ep 370 | 드론3 목적지71 | 1000스텝 | 배송 64/71 | 재적재 12 | 중계율 0.10 | alpha 1.933 | step_limit
Ep 371 | 드론4 목적지54 |  977스텝 | 배송 54/54 | 재적재 10 | 중계율 0.16 | alpha 1.942 | complete
Ep 372 | 드론6 목적지80 |  713스텝 | 배송 80/80 | 재적재 15 | 중계율 0.07 | alpha 1.956 | complete
Ep 373 | 드론3 목적지41 | 1000스텝 | 배송 35/41 | 재적재  5 | 중계율 0.16 | alpha 1.952 | step_limit
Ep 374 | 드론3 목적지67 | 1000스텝 | 배송 46/67 | 재적재  7 | 중계율 0.10 | alpha 1.985 | step_limit
Ep 375 | 드론4 목적지62 | 1000스텝 | 배송 43/62 | 재적재  6 | 중계율 0.17 | alpha 1.971 | step_limit
Ep 376 | 드론5 목적지72 |  953스텝 | 배송 72/72 | 재적재 12 | 중계율 0.13 | alpha 1.990 | complete
Ep 377 | 드론6 목적지63 |  659스텝 | 배송 63/63 | 재적재 10 | 중계율 0.15 | alpha 1.986 | complete
Ep 378 | 드론5 목적지74 | 1000스텝 | 배송 72/74 | 재적재 13 | 중계율 0.12 | alpha 2.003 | step_limit
Ep 379 | 드론4 목적지77 | 1000스텝 | 배송 71/77 | 재적재 12 | 중계율 0.13 | alpha 1.982 | step_limit
Ep 380 | 드론4 목적지73 |  918스텝 | 배송 73/73 | 재적재 14 | 중계율 0.11 | alpha 2.002 | complete
Ep 381 | 드론5 목적지20 |  221스텝 | 배송 20/20 | 재적재  1 | 중계율 0.05 | alpha 2.009 | complete
Ep 382 | 드론3 목적지75 | 1000스텝 | 배송 58/75 | 재적재 10 | 중계율 0.14 | alpha 1.997 | step_limit
Ep 383 | 드론4 목적지52 |  758스텝 | 배송 52/52 | 재적재  9 | 중계율 0.14 | alpha 1.955 | complete
Ep 384 | 드론3 목적지77 | 1000스텝 | 배송 66/77 | 재적재 11 | 중계율 0.11 | alpha 1.934 | step_limit
Ep 385 | 드론3 목적지62 | 1000스텝 | 배송 49/62 | 재적재  8 | 중계율 0.18 | alpha 1.933 | step_limit
Ep 386 | 드론4 목적지80 | 1000스텝 | 배송 70/80 | 재적재 12 | 중계율 0.21 | alpha 1.951 | step_limit
Ep 387 | 드론4 목적지31 |  384스텝 | 배송 31/31 | 재적재  4 | 중계율 0.08 | alpha 1.978 | complete
Ep 388 | 드론4 목적지33 |  972스텝 | 배송 33/33 | 재적재  5 | 중계율 0.22 | alpha 1.992 | complete
Ep 389 | 드론5 목적지72 |  849스텝 | 배송 72/72 | 재적재 12 | 중계율 0.14 | alpha 1.985 | complete
Ep 390 | 드론5 목적지71 |  680스텝 | 배송 71/71 | 재적재 11 | 중계율 0.09 | alpha 1.989 | complete
Ep 391 | 드론5 목적지50 |  557스텝 | 배송 50/50 | 재적재  8 | 중계율 0.09 | alpha 1.998 | complete
Ep 392 | 드론6 목적지71 |  667스텝 | 배송 71/71 | 재적재 12 | 중계율 0.08 | alpha 1.986 | complete
Ep 393 | 드론6 목적지21 |  178스텝 | 배송 21/21 | 재적재  0 | 중계율 0.10 | alpha 1.990 | complete
Ep 394 | 드론6 목적지60 |  643스텝 | 배송 60/60 | 재적재  8 | 중계율 0.10 | alpha 1.987 | complete
Ep 395 | 드론5 목적지55 |  599스텝 | 배송 55/55 | 재적재  8 | 중계율 0.08 | alpha 2.006 | complete
Ep 396 | 드론5 목적지71 |  588스텝 | 배송 71/71 | 재적재 12 | 중계율 0.03 | alpha 2.020 | complete
Ep 397 | 드론4 목적지36 |  542스텝 | 배송 36/36 | 재적재  6 | 중계율 0.16 | alpha 2.020 | complete
Ep 398 | 드론4 목적지52 |  804스텝 | 배송 52/52 | 재적재  9 | 중계율 0.10 | alpha 2.004 | complete
Ep 399 | 드론3 목적지46 | 1000스텝 | 배송 45/46 | 재적재  8 | 중계율 0.15 | alpha 1.957 | step_limit
Ep 400 | 드론4 목적지34 |  506스텝 | 배송 34/34 | 재적재  5 | 중계율 0.17 | alpha 1.976 | complete
  [홀드아웃] 배송 50.0±0.2 완주 0.97 스텝 1095 점수 103.8 재적재 8.3 2홉+ 0.64 | 최고 106.6@ep50 정체 7/15
Ep 401 | 드론3 목적지38 | 1000스텝 | 배송 33/38 | 재적재  6 | 중계율 0.18 | alpha 2.014 | step_limit
Ep 402 | 드론5 목적지36 |  473스텝 | 배송 36/36 | 재적재  6 | 중계율 0.12 | alpha 2.017 | complete
Ep 403 | 드론4 목적지73 | 1000스텝 | 배송 71/73 | 재적재 12 | 중계율 0.13 | alpha 2.052 | step_limit
Ep 404 | 드론5 목적지70 |  783스텝 | 배송 70/70 | 재적재 13 | 중계율 0.12 | alpha 2.035 | complete
Ep 405 | 드론3 목적지25 |  489스텝 | 배송 25/25 | 재적재  4 | 중계율 0.10 | alpha 2.018 | complete
Ep 406 | 드론6 목적지58 |  530스텝 | 배송 58/58 | 재적재 10 | 중계율 0.12 | alpha 2.028 | complete
Ep 407 | 드론5 목적지70 |  864스텝 | 배송 70/70 | 재적재 12 | 중계율 0.12 | alpha 2.010 | complete
Ep 408 | 드론4 목적지40 |  463스텝 | 배송 40/40 | 재적재  7 | 중계율 0.06 | alpha 2.016 | complete
Ep 409 | 드론3 목적지30 |  971스텝 | 배송 30/30 | 재적재  5 | 중계율 0.13 | alpha 2.020 | complete
Ep 410 | 드론3 목적지63 | 1000스텝 | 배송 56/63 | 재적재 10 | 중계율 0.13 | alpha 2.023 | step_limit
Ep 411 | 드론3 목적지48 | 1000스텝 | 배송 42/48 | 재적재  7 | 중계율 0.17 | alpha 2.042 | step_limit
Ep 412 | 드론5 목적지34 |  501스텝 | 배송 34/34 | 재적재  5 | 중계율 0.12 | alpha 2.041 | complete
Ep 413 | 드론4 목적지22 |  722스텝 | 배송 22/22 | 재적재  3 | 중계율 0.18 | alpha 2.097 | complete
Ep 414 | 드론3 목적지51 | 1000스텝 | 배송 46/51 | 재적재  9 | 중계율 0.21 | alpha 2.089 | step_limit
Ep 415 | 드론6 목적지45 |  526스텝 | 배송 45/45 | 재적재  8 | 중계율 0.11 | alpha 2.068 | complete
Ep 416 | 드론4 목적지60 | 1000스텝 | 배송 58/60 | 재적재 11 | 중계율 0.17 | alpha 2.032 | step_limit
Ep 417 | 드론3 목적지43 |  946스텝 | 배송 43/43 | 재적재  8 | 중계율 0.18 | alpha 2.042 | complete
Ep 418 | 드론5 목적지75 | 1000스텝 | 배송 74/75 | 재적재 13 | 중계율 0.13 | alpha 2.089 | step_limit
Ep 419 | 드론6 목적지60 |  559스텝 | 배송 60/60 | 재적재 10 | 중계율 0.13 | alpha 2.137 | complete
Ep 420 | 드론3 목적지22 |  837스텝 | 배송 22/22 | 재적재  3 | 중계율 0.18 | alpha 2.136 | complete
Ep 421 | 드론5 목적지40 | 1000스텝 | 배송 38/40 | 재적재  7 | 중계율 0.18 | alpha 2.113 | step_limit
Ep 422 | 드론6 목적지52 |  494스텝 | 배송 52/52 | 재적재  9 | 중계율 0.10 | alpha 2.085 | complete
Ep 423 | 드론4 목적지29 |  355스텝 | 배송 29/29 | 재적재  3 | 중계율 0.09 | alpha 2.068 | complete
Ep 424 | 드론4 목적지29 |  451스텝 | 배송 29/29 | 재적재  4 | 중계율 0.06 | alpha 2.056 | complete
Ep 425 | 드론3 목적지80 | 1000스텝 | 배송 59/80 | 재적재 10 | 중계율 0.14 | alpha 2.083 | step_limit
Ep 426 | 드론5 목적지78 |  940스텝 | 배송 78/78 | 재적재 14 | 중계율 0.09 | alpha 2.112 | complete
Ep 427 | 드론4 목적지46 |  801스텝 | 배송 46/46 | 재적재  7 | 중계율 0.15 | alpha 2.136 | complete
Ep 428 | 드론5 목적지72 |  613스텝 | 배송 72/72 | 재적재 13 | 중계율 0.08 | alpha 2.141 | complete
Ep 429 | 드론4 목적지72 | 1000스텝 | 배송 55/72 | 재적재 10 | 중계율 0.20 | alpha 2.090 | step_limit
Ep 430 | 드론3 목적지78 | 1000스텝 | 배송 62/78 | 재적재 11 | 중계율 0.14 | alpha 2.101 | step_limit
Ep 431 | 드론4 목적지23 |  467스텝 | 배송 23/23 | 재적재  4 | 중계율 0.16 | alpha 2.120 | complete
Ep 432 | 드론6 목적지41 |  335스텝 | 배송 41/41 | 재적재  6 | 중계율 0.04 | alpha 2.121 | complete
Ep 433 | 드론3 목적지66 | 1000스텝 | 배송 44/66 | 재적재  7 | 중계율 0.15 | alpha 2.197 | step_limit
Ep 434 | 드론5 목적지62 |  965스텝 | 배송 62/62 | 재적재 11 | 중계율 0.15 | alpha 2.162 | complete
Ep 435 | 드론3 목적지32 | 1000스텝 | 배송 31/32 | 재적재  5 | 중계율 0.17 | alpha 2.153 | step_limit
Ep 436 | 드론6 목적지65 |  539스텝 | 배송 65/65 | 재적재 11 | 중계율 0.08 | alpha 2.158 | complete
Ep 437 | 드론5 목적지61 |  511스텝 | 배송 61/61 | 재적재 10 | 중계율 0.06 | alpha 2.155 | complete
Ep 438 | 드론3 목적지37 |  908스텝 | 배송 37/37 | 재적재  6 | 중계율 0.14 | alpha 2.190 | complete
Ep 439 | 드론5 목적지49 |  770스텝 | 배송 49/49 | 재적재  8 | 중계율 0.16 | alpha 2.205 | complete
Ep 440 | 드론4 목적지42 |  767스텝 | 배송 42/42 | 재적재  7 | 중계율 0.11 | alpha 2.198 | complete
Ep 441 | 드론3 목적지54 | 1000스텝 | 배송 51/54 | 재적재  9 | 중계율 0.14 | alpha 2.190 | step_limit
Ep 442 | 드론6 목적지41 |  373스텝 | 배송 41/41 | 재적재  6 | 중계율 0.07 | alpha 2.189 | complete
Ep 443 | 드론4 목적지61 | 1000스텝 | 배송 54/61 | 재적재  9 | 중계율 0.19 | alpha 2.196 | step_limit
Ep 444 | 드론4 목적지55 |  803스텝 | 배송 55/55 | 재적재  9 | 중계율 0.13 | alpha 2.180 | complete
Ep 445 | 드론3 목적지49 | 1000스텝 | 배송 45/49 | 재적재  7 | 중계율 0.16 | alpha 2.190 | step_limit
Ep 446 | 드론6 목적지72 |  643스텝 | 배송 72/72 | 재적재 12 | 중계율 0.07 | alpha 2.178 | complete
Ep 447 | 드론6 목적지40 |  505스텝 | 배송 40/40 | 재적재  6 | 중계율 0.14 | alpha 2.170 | complete
Ep 448 | 드론4 목적지71 | 1000스텝 | 배송 56/71 | 재적재 10 | 중계율 0.21 | alpha 2.170 | step_limit
Ep 449 | 드론5 목적지26 |  402스텝 | 배송 26/26 | 재적재  2 | 중계율 0.13 | alpha 2.178 | complete
Ep 450 | 드론3 목적지56 | 1000스텝 | 배송 46/56 | 재적재  9 | 중계율 0.20 | alpha 2.197 | step_limit
  [홀드아웃] 배송 49.7±1.9 완주 0.95 스텝 1133 점수 101.2 재적재 8.3 2홉+ 0.65 | 최고 106.6@ep50 정체 8/15
Ep 451 | 드론6 목적지51 |  643스텝 | 배송 51/51 | 재적재  9 | 중계율 0.13 | alpha 2.220 | complete
Ep 452 | 드론3 목적지34 |  711스텝 | 배송 34/34 | 재적재  6 | 중계율 0.12 | alpha 2.177 | complete
Ep 453 | 드론5 목적지47 |  491스텝 | 배송 47/47 | 재적재  8 | 중계율 0.10 | alpha 2.169 | complete
Ep 454 | 드론6 목적지70 |  900스텝 | 배송 70/70 | 재적재 12 | 중계율 0.12 | alpha 2.174 | complete
Ep 455 | 드론5 목적지44 |  515스텝 | 배송 44/44 | 재적재  7 | 중계율 0.13 | alpha 2.201 | complete
Ep 456 | 드론6 목적지49 |  516스텝 | 배송 49/49 | 재적재  7 | 중계율 0.05 | alpha 2.205 | complete
Ep 457 | 드론6 목적지56 |  389스텝 | 배송 56/56 | 재적재  9 | 중계율 0.05 | alpha 2.229 | complete
Ep 458 | 드론6 목적지42 |  448스텝 | 배송 42/42 | 재적재  6 | 중계율 0.07 | alpha 2.241 | complete
Ep 459 | 드론3 목적지45 |  792스텝 | 배송 45/45 | 재적재  8 | 중계율 0.08 | alpha 2.217 | complete
Ep 460 | 드론5 목적지73 |  825스텝 | 배송 73/73 | 재적재 13 | 중계율 0.12 | alpha 2.254 | complete
Ep 461 | 드론3 목적지30 |  910스텝 | 배송 30/30 | 재적재  5 | 중계율 0.23 | alpha 2.235 | complete
Ep 462 | 드론4 목적지64 |  880스텝 | 배송 64/64 | 재적재 11 | 중계율 0.16 | alpha 2.220 | complete
Ep 463 | 드론4 목적지63 | 1000스텝 | 배송 54/63 | 재적재 10 | 중계율 0.20 | alpha 2.194 | step_limit
Ep 464 | 드론3 목적지68 | 1000스텝 | 배송 59/68 | 재적재 11 | 중계율 0.18 | alpha 2.187 | step_limit
Ep 465 | 드론6 목적지63 |  694스텝 | 배송 63/63 | 재적재 11 | 중계율 0.13 | alpha 2.192 | complete
Ep 466 | 드론5 목적지65 |  686스텝 | 배송 65/65 | 재적재 12 | 중계율 0.11 | alpha 2.181 | complete
Ep 467 | 드론5 목적지57 |  690스텝 | 배송 57/57 | 재적재 10 | 중계율 0.12 | alpha 2.200 | complete
Ep 468 | 드론3 목적지35 | 1000스텝 | 배송 34/35 | 재적재  6 | 중계율 0.17 | alpha 2.209 | step_limit
Ep 469 | 드론4 목적지46 | 1000스텝 | 배송 34/46 | 재적재  5 | 중계율 0.23 | alpha 2.225 | step_limit
Ep 470 | 드론6 목적지53 |  519스텝 | 배송 53/53 | 재적재  8 | 중계율 0.14 | alpha 2.195 | complete
Ep 471 | 드론6 목적지45 |  433스텝 | 배송 45/45 | 재적재  6 | 중계율 0.11 | alpha 2.201 | complete
Ep 472 | 드론4 목적지53 |  760스텝 | 배송 53/53 | 재적재  9 | 중계율 0.11 | alpha 2.208 | complete
Ep 473 | 드론5 목적지71 | 1000스텝 | 배송 68/71 | 재적재 12 | 중계율 0.13 | alpha 2.239 | step_limit
Ep 474 | 드론5 목적지25 |  371스텝 | 배송 25/25 | 재적재  4 | 중계율 0.12 | alpha 2.235 | complete
Ep 475 | 드론5 목적지40 |  747스텝 | 배송 40/40 | 재적재  6 | 중계율 0.12 | alpha 2.235 | complete
Ep 476 | 드론3 목적지33 |  853스텝 | 배송 33/33 | 재적재  6 | 중계율 0.14 | alpha 2.240 | complete
Ep 477 | 드론3 목적지21 |  707스텝 | 배송 21/21 | 재적재  3 | 중계율 0.16 | alpha 2.248 | complete
Ep 478 | 드론5 목적지22 |  297스텝 | 배송 22/22 | 재적재  3 | 중계율 0.12 | alpha 2.246 | complete
Ep 479 | 드론6 목적지41 |  752스텝 | 배송 41/41 | 재적재  5 | 중계율 0.12 | alpha 2.247 | complete
Ep 480 | 드론4 목적지57 |  725스텝 | 배송 57/57 | 재적재 10 | 중계율 0.10 | alpha 2.262 | complete
Ep 481 | 드론3 목적지66 | 1000스텝 | 배송 57/66 | 재적재 11 | 중계율 0.16 | alpha 2.230 | step_limit
Ep 482 | 드론5 목적지76 |  823스텝 | 배송 76/76 | 재적재 13 | 중계율 0.08 | alpha 2.220 | complete
Ep 483 | 드론4 목적지28 |  458스텝 | 배송 28/28 | 재적재  4 | 중계율 0.10 | alpha 2.210 | complete
Ep 484 | 드론6 목적지35 |  291스텝 | 배송 35/35 | 재적재  5 | 중계율 0.07 | alpha 2.212 | complete
Ep 485 | 드론6 목적지44 |  334스텝 | 배송 44/44 | 재적재  6 | 중계율 0.10 | alpha 2.174 | complete
Ep 486 | 드론6 목적지75 |  539스텝 | 배송 75/75 | 재적재 11 | 중계율 0.03 | alpha 2.174 | complete
Ep 487 | 드론4 목적지75 | 1000스텝 | 배송 69/75 | 재적재 12 | 중계율 0.12 | alpha 2.219 | step_limit
Ep 488 | 드론5 목적지60 |  834스텝 | 배송 60/60 | 재적재 11 | 중계율 0.14 | alpha 2.252 | complete
Ep 489 | 드론4 목적지80 |  928스텝 | 배송 80/80 | 재적재 14 | 중계율 0.10 | alpha 2.249 | complete
Ep 490 | 드론3 목적지30 |  978스텝 | 배송 30/30 | 재적재  5 | 중계율 0.20 | alpha 2.256 | complete
Ep 491 | 드론4 목적지59 | 1000스텝 | 배송 58/59 | 재적재 10 | 중계율 0.15 | alpha 2.254 | step_limit
Ep 492 | 드론3 목적지74 | 1000스텝 | 배송 54/74 | 재적재 10 | 중계율 0.24 | alpha 2.245 | step_limit
Ep 493 | 드론3 목적지47 | 1000스텝 | 배송 46/47 | 재적재  8 | 중계율 0.18 | alpha 2.226 | step_limit
Ep 494 | 드론4 목적지52 |  673스텝 | 배송 52/52 | 재적재  9 | 중계율 0.13 | alpha 2.242 | complete
Ep 495 | 드론4 목적지54 |  886스텝 | 배송 54/54 | 재적재  9 | 중계율 0.15 | alpha 2.259 | complete
Ep 496 | 드론6 목적지56 |  489스텝 | 배송 56/56 | 재적재  8 | 중계율 0.12 | alpha 2.276 | complete
Ep 497 | 드론6 목적지73 |  769스텝 | 배송 73/73 | 재적재 12 | 중계율 0.14 | alpha 2.265 | complete
Ep 498 | 드론4 목적지22 |  379스텝 | 배송 22/22 | 재적재  3 | 중계율 0.09 | alpha 2.268 | complete
Ep 499 | 드론6 목적지55 |  539스텝 | 배송 55/55 | 재적재  8 | 중계율 0.13 | alpha 2.234 | complete
Ep 500 | 드론3 목적지55 | 1000스텝 | 배송 50/55 | 재적재  9 | 중계율 0.17 | alpha 2.236 | step_limit
  [홀드아웃] 배송 50.0±0.2 완주 0.97 스텝 1118 점수 103.8 재적재 8.3 2홉+ 0.64 | 최고 106.6@ep50 정체 9/15
Ep 501 | 드론6 목적지25 |  396스텝 | 배송 25/25 | 재적재  2 | 중계율 0.05 | alpha 2.224 | complete
Ep 502 | 드론3 목적지53 | 1000스텝 | 배송 45/53 | 재적재  8 | 중계율 0.22 | alpha 2.220 | step_limit
Ep 503 | 드론5 목적지73 |  824스텝 | 배송 73/73 | 재적재 13 | 중계율 0.14 | alpha 2.214 | complete
Ep 504 | 드론3 목적지60 | 1000스텝 | 배송 50/60 | 재적재  8 | 중계율 0.15 | alpha 2.196 | step_limit
Ep 505 | 드론4 목적지72 | 1000스텝 | 배송 62/72 | 재적재 11 | 중계율 0.15 | alpha 2.207 | step_limit
Ep 506 | 드론4 목적지76 | 1000스텝 | 배송 75/76 | 재적재 13 | 중계율 0.15 | alpha 2.167 | step_limit
Ep 507 | 드론6 목적지79 |  597스텝 | 배송 79/79 | 재적재 14 | 중계율 0.10 | alpha 2.145 | complete
Ep 508 | 드론6 목적지38 |  452스텝 | 배송 38/38 | 재적재  5 | 중계율 0.10 | alpha 2.136 | complete
Ep 509 | 드론4 목적지52 |  823스텝 | 배송 52/52 | 재적재  9 | 중계율 0.09 | alpha 2.147 | complete
Ep 510 | 드론4 목적지42 |  479스텝 | 배송 42/42 | 재적재  6 | 중계율 0.08 | alpha 2.153 | complete
Ep 511 | 드론4 목적지21 |  387스텝 | 배송 21/21 | 재적재  3 | 중계율 0.10 | alpha 2.160 | complete
Ep 512 | 드론4 목적지23 |  731스텝 | 배송 23/23 | 재적재  3 | 중계율 0.23 | alpha 2.122 | complete
Ep 513 | 드론3 목적지66 | 1000스텝 | 배송 59/66 | 재적재 11 | 중계율 0.12 | alpha 2.195 | step_limit
Ep 514 | 드론4 목적지38 |  840스텝 | 배송 38/38 | 재적재  7 | 중계율 0.18 | alpha 2.231 | complete
Ep 515 | 드론5 목적지23 |  313스텝 | 배송 23/23 | 재적재  4 | 중계율 0.13 | alpha 2.207 | complete
Ep 516 | 드론5 목적지34 |  504스텝 | 배송 34/34 | 재적재  4 | 중계율 0.11 | alpha 2.230 | complete
Ep 517 | 드론4 목적지73 | 1000스텝 | 배송 68/73 | 재적재 12 | 중계율 0.17 | alpha 2.213 | step_limit
Ep 518 | 드론5 목적지43 |  435스텝 | 배송 43/43 | 재적재  7 | 중계율 0.07 | alpha 2.218 | complete
Ep 519 | 드론4 목적지65 | 1000스텝 | 배송 57/65 | 재적재  9 | 중계율 0.14 | alpha 2.179 | step_limit
Ep 520 | 드론5 목적지55 |  655스텝 | 배송 55/55 | 재적재  8 | 중계율 0.08 | alpha 2.144 | complete
Ep 521 | 드론4 목적지62 |  763스텝 | 배송 62/62 | 재적재 12 | 중계율 0.11 | alpha 2.135 | complete
Ep 522 | 드론6 목적지37 |  374스텝 | 배송 37/37 | 재적재  6 | 중계율 0.13 | alpha 2.140 | complete
Ep 523 | 드론6 목적지66 |  612스텝 | 배송 66/66 | 재적재 11 | 중계율 0.09 | alpha 2.182 | complete
Ep 524 | 드론4 목적지57 |  740스텝 | 배송 57/57 | 재적재 10 | 중계율 0.07 | alpha 2.188 | complete
Ep 525 | 드론4 목적지39 |  624스텝 | 배송 39/39 | 재적재  5 | 중계율 0.07 | alpha 2.181 | complete
Ep 526 | 드론5 목적지73 |  805스텝 | 배송 73/73 | 재적재 12 | 중계율 0.11 | alpha 2.185 | complete
Ep 527 | 드론6 목적지58 |  686스텝 | 배송 58/58 | 재적재  9 | 중계율 0.08 | alpha 2.169 | complete
Ep 528 | 드론5 목적지46 |  425스텝 | 배송 46/46 | 재적재  7 | 중계율 0.06 | alpha 2.163 | complete
Ep 529 | 드론6 목적지20 |  167스텝 | 배송 20/20 | 재적재  0 | 중계율 0.06 | alpha 2.165 | complete
Ep 530 | 드론6 목적지72 |  758스텝 | 배송 72/72 | 재적재 12 | 중계율 0.12 | alpha 2.197 | complete
Ep 531 | 드론3 목적지21 |  505스텝 | 배송 21/21 | 재적재  3 | 중계율 0.17 | alpha 2.207 | complete
Ep 532 | 드론5 목적지32 |  504스텝 | 배송 32/32 | 재적재  4 | 중계율 0.14 | alpha 2.187 | complete
Ep 533 | 드론4 목적지79 | 1000스텝 | 배송 67/79 | 재적재 12 | 중계율 0.15 | alpha 2.197 | step_limit
Ep 534 | 드론6 목적지56 |  671스텝 | 배송 56/56 | 재적재  9 | 중계율 0.12 | alpha 2.170 | complete
Ep 535 | 드론3 목적지68 | 1000스텝 | 배송 54/68 | 재적재 10 | 중계율 0.16 | alpha 2.181 | step_limit
Ep 536 | 드론5 목적지57 | 1000스텝 | 배송 51/57 | 재적재  9 | 중계율 0.19 | alpha 2.200 | step_limit
Ep 537 | 드론4 목적지49 |  956스텝 | 배송 49/49 | 재적재  9 | 중계율 0.16 | alpha 2.191 | complete
Ep 538 | 드론4 목적지38 | 1000스텝 | 배송 37/38 | 재적재  5 | 중계율 0.17 | alpha 2.196 | step_limit
Ep 539 | 드론5 목적지79 | 1000스텝 | 배송 73/79 | 재적재 13 | 중계율 0.11 | alpha 2.211 | step_limit
Ep 540 | 드론6 목적지70 |  481스텝 | 배송 70/70 | 재적재 11 | 중계율 0.05 | alpha 2.196 | complete
Ep 541 | 드론5 목적지77 |  946스텝 | 배송 77/77 | 재적재 13 | 중계율 0.08 | alpha 2.201 | complete
Ep 542 | 드론5 목적지53 |  749스텝 | 배송 53/53 | 재적재  9 | 중계율 0.13 | alpha 2.202 | complete
Ep 543 | 드론3 목적지49 | 1000스텝 | 배송 46/49 | 재적재  8 | 중계율 0.18 | alpha 2.247 | step_limit
Ep 544 | 드론6 목적지68 |  620스텝 | 배송 68/68 | 재적재 11 | 중계율 0.09 | alpha 2.243 | complete
Ep 545 | 드론6 목적지56 |  574스텝 | 배송 56/56 | 재적재  9 | 중계율 0.10 | alpha 2.225 | complete
Ep 546 | 드론6 목적지75 |  776스텝 | 배송 75/75 | 재적재 14 | 중계율 0.08 | alpha 2.232 | complete
Ep 547 | 드론4 목적지71 | 1000스텝 | 배송 59/71 | 재적재 10 | 중계율 0.19 | alpha 2.235 | step_limit
Ep 548 | 드론4 목적지80 |  868스텝 | 배송 80/80 | 재적재 15 | 중계율 0.09 | alpha 2.210 | complete
Ep 549 | 드론5 목적지38 |  454스텝 | 배송 38/38 | 재적재  6 | 중계율 0.08 | alpha 2.195 | complete
Ep 550 | 드론5 목적지49 |  516스텝 | 배송 49/49 | 재적재  7 | 중계율 0.07 | alpha 2.187 | complete
  [홀드아웃] 배송 49.6±2.3 완주 0.97 스텝 1138 점수 103.7 재적재 8.4 2홉+ 0.64 | 최고 106.6@ep50 정체 10/15
Ep 551 | 드론3 목적지56 | 1000스텝 | 배송 50/56 | 재적재  9 | 중계율 0.14 | alpha 2.207 | step_limit
Ep 552 | 드론6 목적지27 |  498스텝 | 배송 27/27 | 재적재  3 | 중계율 0.10 | alpha 2.215 | complete
Ep 553 | 드론3 목적지46 | 1000스텝 | 배송 41/46 | 재적재  7 | 중계율 0.16 | alpha 2.211 | step_limit
Ep 554 | 드론5 목적지72 |  617스텝 | 배송 72/72 | 재적재 11 | 중계율 0.05 | alpha 2.202 | complete
Ep 555 | 드론3 목적지68 | 1000스텝 | 배송 52/68 | 재적재  8 | 중계율 0.14 | alpha 2.148 | step_limit
Ep 556 | 드론4 목적지30 |  752스텝 | 배송 30/30 | 재적재  5 | 중계율 0.16 | alpha 2.119 | complete
Ep 557 | 드론4 목적지46 |  614스텝 | 배송 46/46 | 재적재  8 | 중계율 0.09 | alpha 2.128 | complete
Ep 558 | 드론5 목적지66 | 1000스텝 | 배송 65/66 | 재적재 10 | 중계율 0.15 | alpha 2.167 | step_limit
Ep 559 | 드론6 목적지78 |  671스텝 | 배송 78/78 | 재적재 13 | 중계율 0.10 | alpha 2.184 | complete
Ep 560 | 드론3 목적지22 |  532스텝 | 배송 22/22 | 재적재  4 | 중계율 0.07 | alpha 2.174 | complete
Ep 561 | 드론4 목적지29 |  323스텝 | 배송 29/29 | 재적재  5 | 중계율 0.06 | alpha 2.166 | complete
Ep 562 | 드론5 목적지71 |  659스텝 | 배송 71/71 | 재적재 13 | 중계율 0.08 | alpha 2.136 | complete
Ep 563 | 드론6 목적지61 |  699스텝 | 배송 61/61 | 재적재 11 | 중계율 0.13 | alpha 2.134 | complete
Ep 564 | 드론6 목적지44 |  313스텝 | 배송 44/44 | 재적재  6 | 중계율 0.04 | alpha 2.126 | complete
Ep 565 | 드론6 목적지21 |  203스텝 | 배송 21/21 | 재적재  0 | 중계율 0.07 | alpha 2.116 | complete
Ep 566 | 드론5 목적지23 |  374스텝 | 배송 23/23 | 재적재  4 | 중계율 0.05 | alpha 2.104 | complete
Ep 567 | 드론6 목적지57 |  375스텝 | 배송 57/57 | 재적재  8 | 중계율 0.03 | alpha 2.120 | complete
Ep 568 | 드론6 목적지23 |  277스텝 | 배송 23/23 | 재적재  2 | 중계율 0.10 | alpha 2.118 | complete
Ep 569 | 드론5 목적지79 |  908스텝 | 배송 79/79 | 재적재 14 | 중계율 0.12 | alpha 2.140 | complete
Ep 570 | 드론5 목적지70 |  722스텝 | 배송 70/70 | 재적재 12 | 중계율 0.11 | alpha 2.143 | complete
Ep 571 | 드론6 목적지78 |  634스텝 | 배송 78/78 | 재적재 14 | 중계율 0.05 | alpha 2.144 | complete
Ep 572 | 드론5 목적지70 |  679스텝 | 배송 70/70 | 재적재 12 | 중계율 0.10 | alpha 2.169 | complete
Ep 573 | 드론3 목적지77 | 1000스텝 | 배송 52/77 | 재적재  9 | 중계율 0.17 | alpha 2.200 | step_limit
Ep 574 | 드론5 목적지34 |  500스텝 | 배송 34/34 | 재적재  4 | 중계율 0.12 | alpha 2.191 | complete
Ep 575 | 드론3 목적지21 |  583스텝 | 배송 21/21 | 재적재  3 | 중계율 0.08 | alpha 2.177 | complete
Ep 576 | 드론4 목적지39 |  475스텝 | 배송 39/39 | 재적재  6 | 중계율 0.10 | alpha 2.179 | complete
Ep 577 | 드론6 목적지53 |  691스텝 | 배송 53/53 | 재적재  9 | 중계율 0.08 | alpha 2.167 | complete
Ep 578 | 드론5 목적지29 |  337스텝 | 배송 29/29 | 재적재  3 | 중계율 0.07 | alpha 2.153 | complete
Ep 579 | 드론4 목적지67 | 1000스텝 | 배송 63/67 | 재적재 11 | 중계율 0.11 | alpha 2.181 | step_limit
Ep 580 | 드론5 목적지39 |  534스텝 | 배송 39/39 | 재적재  6 | 중계율 0.12 | alpha 2.165 | complete
Ep 581 | 드론4 목적지25 |  698스텝 | 배송 25/25 | 재적재  3 | 중계율 0.20 | alpha 2.156 | complete
Ep 582 | 드론3 목적지27 |  762스텝 | 배송 27/27 | 재적재  4 | 중계율 0.15 | alpha 2.202 | complete
Ep 583 | 드론3 목적지67 | 1000스텝 | 배송 50/67 | 재적재  9 | 중계율 0.15 | alpha 2.209 | step_limit
Ep 584 | 드론5 목적지70 |  782스텝 | 배송 70/70 | 재적재 12 | 중계율 0.14 | alpha 2.171 | complete
Ep 585 | 드론3 목적지50 | 1000스텝 | 배송 43/50 | 재적재  7 | 중계율 0.17 | alpha 2.193 | step_limit
Ep 586 | 드론3 목적지55 | 1000스텝 | 배송 45/55 | 재적재  7 | 중계율 0.22 | alpha 2.191 | step_limit
Ep 587 | 드론6 목적지46 |  453스텝 | 배송 46/46 | 재적재  7 | 중계율 0.11 | alpha 2.191 | complete
Ep 588 | 드론3 목적지39 |  816스텝 | 배송 39/39 | 재적재  7 | 중계율 0.14 | alpha 2.173 | complete
Ep 589 | 드론6 목적지48 |  560스텝 | 배송 48/48 | 재적재  8 | 중계율 0.07 | alpha 2.190 | complete
Ep 590 | 드론4 목적지55 |  873스텝 | 배송 55/55 | 재적재  8 | 중계율 0.11 | alpha 2.198 | complete
Ep 591 | 드론3 목적지70 | 1000스텝 | 배송 55/70 | 재적재  9 | 중계율 0.16 | alpha 2.198 | step_limit
Ep 592 | 드론3 목적지45 | 1000스텝 | 배송 41/45 | 재적재  7 | 중계율 0.19 | alpha 2.190 | step_limit
Ep 593 | 드론4 목적지27 |  441스텝 | 배송 27/27 | 재적재  4 | 중계율 0.08 | alpha 2.186 | complete
Ep 594 | 드론4 목적지77 | 1000스텝 | 배송 58/77 | 재적재  9 | 중계율 0.18 | alpha 2.202 | step_limit
Ep 595 | 드론5 목적지64 |  818스텝 | 배송 64/64 | 재적재 11 | 중계율 0.15 | alpha 2.207 | complete
Ep 596 | 드론3 목적지66 | 1000스텝 | 배송 47/66 | 재적재  8 | 중계율 0.16 | alpha 2.204 | step_limit
Ep 597 | 드론5 목적지31 |  428스텝 | 배송 31/31 | 재적재  3 | 중계율 0.10 | alpha 2.189 | complete
Ep 598 | 드론5 목적지64 | 1000스텝 | 배송 59/64 | 재적재 11 | 중계율 0.15 | alpha 2.137 | step_limit
Ep 599 | 드론3 목적지39 | 1000스텝 | 배송 33/39 | 재적재  5 | 중계율 0.23 | alpha 2.146 | step_limit
Ep 600 | 드론6 목적지80 |  629스텝 | 배송 80/80 | 재적재 14 | 중계율 0.08 | alpha 2.135 | complete
  [홀드아웃] 배송 50.0±0.0 완주 1.00 스텝 1134 점수 106.2 재적재 8.6 2홉+ 0.64 | 최고 106.6@ep50 정체 11/15
Ep 601 | 드론4 목적지28 |  609스텝 | 배송 28/28 | 재적재  5 | 중계율 0.12 | alpha 2.153 | complete
Ep 602 | 드론4 목적지78 |  990스텝 | 배송 78/78 | 재적재 14 | 중계율 0.13 | alpha 2.152 | complete
Ep 603 | 드론4 목적지64 | 1000스텝 | 배송 54/64 | 재적재  9 | 중계율 0.18 | alpha 2.204 | step_limit
Ep 604 | 드론5 목적지68 |  913스텝 | 배송 68/68 | 재적재 11 | 중계율 0.08 | alpha 2.238 | complete
Ep 605 | 드론5 목적지55 |  720스텝 | 배송 55/55 | 재적재 10 | 중계율 0.12 | alpha 2.200 | complete
Ep 606 | 드론6 목적지69 |  443스텝 | 배송 69/69 | 재적재 12 | 중계율 0.04 | alpha 2.179 | complete
Ep 607 | 드론3 목적지31 | 1000스텝 | 배송 29/31 | 재적재  4 | 중계율 0.19 | alpha 2.153 | step_limit
Ep 608 | 드론4 목적지59 | 1000스텝 | 배송 53/59 | 재적재  8 | 중계율 0.15 | alpha 2.191 | step_limit
Ep 609 | 드론5 목적지56 |  823스텝 | 배송 56/56 | 재적재  9 | 중계율 0.14 | alpha 2.192 | complete
Ep 610 | 드론4 목적지59 | 1000스텝 | 배송 55/59 | 재적재 10 | 중계율 0.15 | alpha 2.144 | step_limit
Ep 611 | 드론3 목적지21 |  474스텝 | 배송 21/21 | 재적재  3 | 중계율 0.10 | alpha 2.162 | complete
Ep 612 | 드론4 목적지27 |  567스텝 | 배송 27/27 | 재적재  3 | 중계율 0.11 | alpha 2.162 | complete
Ep 613 | 드론4 목적지80 |  921스텝 | 배송 80/80 | 재적재 15 | 중계율 0.11 | alpha 2.159 | complete
Ep 614 | 드론4 목적지54 |  965스텝 | 배송 54/54 | 재적재  9 | 중계율 0.11 | alpha 2.148 | complete
Ep 615 | 드론3 목적지56 | 1000스텝 | 배송 55/56 | 재적재 10 | 중계율 0.14 | alpha 2.131 | step_limit
Ep 616 | 드론6 목적지71 |  991스텝 | 배송 71/71 | 재적재 12 | 중계율 0.17 | alpha 2.160 | complete
Ep 617 | 드론4 목적지67 |  932스텝 | 배송 67/67 | 재적재 12 | 중계율 0.12 | alpha 2.162 | complete
Ep 618 | 드론4 목적지52 |  733스텝 | 배송 52/52 | 재적재  8 | 중계율 0.10 | alpha 2.170 | complete
Ep 619 | 드론5 목적지54 |  666스텝 | 배송 54/54 | 재적재  8 | 중계율 0.09 | alpha 2.159 | complete
Ep 620 | 드론5 목적지66 |  896스텝 | 배송 66/66 | 재적재 12 | 중계율 0.15 | alpha 2.156 | complete
Ep 621 | 드론3 목적지46 | 1000스텝 | 배송 44/46 | 재적재  8 | 중계율 0.13 | alpha 2.130 | step_limit
Ep 622 | 드론4 목적지28 |  615스텝 | 배송 28/28 | 재적재  4 | 중계율 0.17 | alpha 2.133 | complete
Ep 623 | 드론6 목적지44 |  404스텝 | 배송 44/44 | 재적재  7 | 중계율 0.07 | alpha 2.158 | complete
Ep 624 | 드론3 목적지42 |  759스텝 | 배송 42/42 | 재적재  6 | 중계율 0.10 | alpha 2.177 | complete
Ep 625 | 드론4 목적지37 |  814스텝 | 배송 37/37 | 재적재  6 | 중계율 0.10 | alpha 2.187 | complete
Ep 626 | 드론4 목적지68 |  954스텝 | 배송 68/68 | 재적재 12 | 중계율 0.14 | alpha 2.127 | complete
Ep 627 | 드론6 목적지27 |  198스텝 | 배송 27/27 | 재적재  0 | 중계율 0.04 | alpha 2.130 | complete
Ep 628 | 드론6 목적지38 |  408스텝 | 배송 38/38 | 재적재  6 | 중계율 0.05 | alpha 2.135 | complete
Ep 629 | 드론5 목적지57 |  756스텝 | 배송 57/57 | 재적재  9 | 중계율 0.07 | alpha 2.145 | complete
Ep 630 | 드론3 목적지73 | 1000스텝 | 배송 59/73 | 재적재 10 | 중계율 0.12 | alpha 2.154 | step_limit
Ep 631 | 드론4 목적지58 | 1000스텝 | 배송 39/58 | 재적재  6 | 중계율 0.17 | alpha 2.106 | step_limit
Ep 632 | 드론6 목적지36 |  415스텝 | 배송 36/36 | 재적재  5 | 중계율 0.04 | alpha 2.110 | complete
Ep 633 | 드론3 목적지46 | 1000스텝 | 배송 42/46 | 재적재  8 | 중계율 0.18 | alpha 2.149 | step_limit
Ep 634 | 드론4 목적지25 |  528스텝 | 배송 25/25 | 재적재  3 | 중계율 0.07 | alpha 2.150 | complete
Ep 635 | 드론4 목적지39 |  648스텝 | 배송 39/39 | 재적재  7 | 중계율 0.09 | alpha 2.166 | complete
Ep 636 | 드론6 목적지28 |  377스텝 | 배송 28/28 | 재적재  3 | 중계율 0.07 | alpha 2.162 | complete
Ep 637 | 드론6 목적지39 |  302스텝 | 배송 39/39 | 재적재  5 | 중계율 0.04 | alpha 2.184 | complete
Ep 638 | 드론4 목적지46 | 1000스텝 | 배송 41/46 | 재적재  7 | 중계율 0.14 | alpha 2.172 | step_limit
Ep 639 | 드론6 목적지21 |  327스텝 | 배송 21/21 | 재적재  2 | 중계율 0.09 | alpha 2.166 | complete
Ep 640 | 드론3 목적지55 | 1000스텝 | 배송 46/55 | 재적재  8 | 중계율 0.13 | alpha 2.162 | step_limit
Ep 641 | 드론4 목적지74 | 1000스텝 | 배송 66/74 | 재적재 11 | 중계율 0.18 | alpha 2.176 | step_limit
Ep 642 | 드론4 목적지24 |  404스텝 | 배송 24/24 | 재적재  4 | 중계율 0.08 | alpha 2.184 | complete
Ep 643 | 드론5 목적지57 |  832스텝 | 배송 57/57 | 재적재 10 | 중계율 0.11 | alpha 2.179 | complete
Ep 644 | 드론4 목적지45 |  874스텝 | 배송 45/45 | 재적재  7 | 중계율 0.15 | alpha 2.166 | complete
Ep 645 | 드론3 목적지48 | 1000스텝 | 배송 44/48 | 재적재  8 | 중계율 0.15 | alpha 2.145 | step_limit
Ep 646 | 드론4 목적지25 | 1000스텝 | 배송 24/25 | 재적재  4 | 중계율 0.17 | alpha 2.153 | step_limit
Ep 647 | 드론4 목적지26 |  326스텝 | 배송 26/26 | 재적재  3 | 중계율 0.06 | alpha 2.146 | complete
Ep 648 | 드론4 목적지48 |  695스텝 | 배송 48/48 | 재적재  7 | 중계율 0.10 | alpha 2.117 | complete
Ep 649 | 드론6 목적지69 |  725스텝 | 배송 69/69 | 재적재 12 | 중계율 0.09 | alpha 2.119 | complete
Ep 650 | 드론4 목적지64 |  955스텝 | 배송 64/64 | 재적재 11 | 중계율 0.14 | alpha 2.103 | complete
  [홀드아웃] 배송 49.5±2.7 완주 0.93 스텝 1213 점수 98.5 재적재 8.4 2홉+ 0.64 | 최고 106.6@ep50 정체 12/15
Ep 651 | 드론5 목적지77 | 1000스텝 | 배송 73/77 | 재적재 13 | 중계율 0.15 | alpha 2.120 | step_limit
Ep 652 | 드론4 목적지32 |  653스텝 | 배송 32/32 | 재적재  5 | 중계율 0.15 | alpha 2.127 | complete
Ep 653 | 드론4 목적지77 | 1000스텝 | 배송 74/77 | 재적재 13 | 중계율 0.11 | alpha 2.132 | step_limit
Ep 654 | 드론6 목적지21 |  163스텝 | 배송 21/21 | 재적재  0 | 중계율 0.06 | alpha 2.137 | complete
Ep 655 | 드론4 목적지28 |  474스텝 | 배송 28/28 | 재적재  4 | 중계율 0.10 | alpha 2.169 | complete
Ep 656 | 드론4 목적지50 |  997스텝 | 배송 50/50 | 재적재  8 | 중계율 0.16 | alpha 2.196 | complete
Ep 657 | 드론5 목적지62 |  627스텝 | 배송 62/62 | 재적재 11 | 중계율 0.06 | alpha 2.198 | complete
Ep 658 | 드론3 목적지50 | 1000스텝 | 배송 44/50 | 재적재  8 | 중계율 0.17 | alpha 2.215 | step_limit
Ep 659 | 드론5 목적지39 |  402스텝 | 배송 39/39 | 재적재  6 | 중계율 0.04 | alpha 2.210 | complete
Ep 660 | 드론5 목적지65 |  699스텝 | 배송 65/65 | 재적재 11 | 중계율 0.09 | alpha 2.183 | complete
Ep 661 | 드론6 목적지20 |  166스텝 | 배송 20/20 | 재적재  0 | 중계율 0.03 | alpha 2.187 | complete
Ep 662 | 드론6 목적지46 |  409스텝 | 배송 46/46 | 재적재  7 | 중계율 0.07 | alpha 2.183 | complete
Ep 663 | 드론4 목적지78 | 1000스텝 | 배송 76/78 | 재적재 14 | 중계율 0.13 | alpha 2.217 | step_limit
Ep 664 | 드론4 목적지28 |  512스텝 | 배송 28/28 | 재적재  4 | 중계율 0.10 | alpha 2.205 | complete
Ep 665 | 드론3 목적지25 |  856스텝 | 배송 25/25 | 재적재  4 | 중계율 0.18 | alpha 2.189 | complete
Ep 666 | 드론5 목적지74 | 1000스텝 | 배송 72/74 | 재적재 13 | 중계율 0.11 | alpha 2.176 | step_limit
Ep 667 | 드론4 목적지50 |  944스텝 | 배송 50/50 | 재적재  9 | 중계율 0.15 | alpha 2.142 | complete
Ep 668 | 드론6 목적지80 |  737스텝 | 배송 80/80 | 재적재 13 | 중계율 0.10 | alpha 2.172 | complete
Ep 669 | 드론5 목적지53 |  469스텝 | 배송 53/53 | 재적재  8 | 중계율 0.05 | alpha 2.171 | complete
Ep 670 | 드론3 목적지68 | 1000스텝 | 배송 44/68 | 재적재  7 | 중계율 0.12 | alpha 2.175 | step_limit
Ep 671 | 드론3 목적지60 | 1000스텝 | 배송 53/60 | 재적재 10 | 중계율 0.15 | alpha 2.193 | step_limit
Ep 672 | 드론3 목적지50 | 1000스텝 | 배송 47/50 | 재적재  8 | 중계율 0.14 | alpha 2.181 | step_limit
Ep 673 | 드론6 목적지54 |  595스텝 | 배송 54/54 | 재적재  9 | 중계율 0.09 | alpha 2.158 | complete
Ep 674 | 드론6 목적지73 |  696스텝 | 배송 73/73 | 재적재 13 | 중계율 0.09 | alpha 2.158 | complete
Ep 675 | 드론4 목적지74 |  990스텝 | 배송 74/74 | 재적재 12 | 중계율 0.13 | alpha 2.186 | complete
Ep 676 | 드론4 목적지46 |  727스텝 | 배송 46/46 | 재적재  8 | 중계율 0.14 | alpha 2.187 | complete
Ep 677 | 드론3 목적지79 | 1000스텝 | 배송 60/79 | 재적재 11 | 중계율 0.12 | alpha 2.194 | step_limit
Ep 678 | 드론5 목적지41 |  521스텝 | 배송 41/41 | 재적재  8 | 중계율 0.12 | alpha 2.198 | complete
Ep 679 | 드론5 목적지58 |  945스텝 | 배송 58/58 | 재적재 10 | 중계율 0.15 | alpha 2.215 | complete
Ep 680 | 드론3 목적지31 |  733스텝 | 배송 31/31 | 재적재  5 | 중계율 0.09 | alpha 2.227 | complete
Ep 681 | 드론6 목적지65 |  573스텝 | 배송 65/65 | 재적재 11 | 중계율 0.11 | alpha 2.177 | complete
Ep 682 | 드론4 목적지72 | 1000스텝 | 배송 71/72 | 재적재 13 | 중계율 0.13 | alpha 2.159 | step_limit
Ep 683 | 드론6 목적지52 |  596스텝 | 배송 52/52 | 재적재  7 | 중계율 0.12 | alpha 2.173 | complete
Ep 684 | 드론3 목적지40 | 1000스텝 | 배송 36/40 | 재적재  6 | 중계율 0.20 | alpha 2.180 | step_limit
Ep 685 | 드론4 목적지74 | 1000스텝 | 배송 73/74 | 재적재 13 | 중계율 0.14 | alpha 2.193 | step_limit
Ep 686 | 드론6 목적지58 |  472스텝 | 배송 58/58 | 재적재  9 | 중계율 0.05 | alpha 2.178 | complete
Ep 687 | 드론4 목적지46 |  877스텝 | 배송 46/46 | 재적재  8 | 중계율 0.17 | alpha 2.192 | complete
Ep 688 | 드론6 목적지33 |  286스텝 | 배송 33/33 | 재적재  5 | 중계율 0.05 | alpha 2.179 | complete
Ep 689 | 드론5 목적지80 | 1000스텝 | 배송 76/80 | 재적재 14 | 중계율 0.13 | alpha 2.160 | step_limit
Ep 690 | 드론3 목적지26 |  469스텝 | 배송 26/26 | 재적재  3 | 중계율 0.03 | alpha 2.160 | complete
Ep 691 | 드론4 목적지40 |  723스텝 | 배송 40/40 | 재적재  7 | 중계율 0.12 | alpha 2.166 | complete
Ep 692 | 드론3 목적지49 | 1000스텝 | 배송 46/49 | 재적재  8 | 중계율 0.15 | alpha 2.150 | step_limit
Ep 693 | 드론5 목적지56 |  809스텝 | 배송 56/56 | 재적재 10 | 중계율 0.16 | alpha 2.162 | complete
Ep 694 | 드론4 목적지69 |  848스텝 | 배송 69/69 | 재적재 10 | 중계율 0.09 | alpha 2.144 | complete
Ep 695 | 드론5 목적지32 |  372스텝 | 배송 32/32 | 재적재  5 | 중계율 0.05 | alpha 2.154 | complete
Ep 696 | 드론4 목적지48 |  703스텝 | 배송 48/48 | 재적재  7 | 중계율 0.13 | alpha 2.154 | complete
Ep 697 | 드론3 목적지58 | 1000스텝 | 배송 51/58 | 재적재  9 | 중계율 0.11 | alpha 2.139 | step_limit
Ep 698 | 드론5 목적지65 |  895스텝 | 배송 65/65 | 재적재 12 | 중계율 0.12 | alpha 2.158 | complete
Ep 699 | 드론5 목적지44 |  841스텝 | 배송 44/44 | 재적재  6 | 중계율 0.18 | alpha 2.145 | complete
Ep 700 | 드론6 목적지40 |  788스텝 | 배송 40/40 | 재적재  6 | 중계율 0.13 | alpha 2.191 | complete
  [홀드아웃] 배송 49.4±2.4 완주 0.88 스텝 1186 점수 93.5 재적재 8.3 2홉+ 0.64 | 최고 106.6@ep50 정체 13/15
Ep 701 | 드론6 목적지26 |  290스텝 | 배송 26/26 | 재적재  1 | 중계율 0.10 | alpha 2.196 | complete
Ep 702 | 드론3 목적지66 | 1000스텝 | 배송 64/66 | 재적재 11 | 중계율 0.12 | alpha 2.212 | step_limit
Ep 703 | 드론4 목적지25 |  372스텝 | 배송 25/25 | 재적재  3 | 중계율 0.11 | alpha 2.203 | complete
Ep 704 | 드론6 목적지35 |  298스텝 | 배송 35/35 | 재적재  5 | 중계율 0.08 | alpha 2.193 | complete
Ep 705 | 드론4 목적지24 |  347스텝 | 배송 24/24 | 재적재  4 | 중계율 0.06 | alpha 2.188 | complete
Ep 706 | 드론3 목적지64 | 1000스텝 | 배송 59/64 | 재적재 11 | 중계율 0.13 | alpha 2.190 | step_limit
Ep 707 | 드론4 목적지24 |  494스텝 | 배송 24/24 | 재적재  3 | 중계율 0.07 | alpha 2.202 | complete
Ep 708 | 드론6 목적지68 |  546스텝 | 배송 68/68 | 재적재 11 | 중계율 0.07 | alpha 2.169 | complete
Ep 709 | 드론4 목적지57 | 1000스텝 | 배송 55/57 | 재적재 10 | 중계율 0.15 | alpha 2.201 | step_limit
Ep 710 | 드론6 목적지78 |  526스텝 | 배송 78/78 | 재적재 11 | 중계율 0.07 | alpha 2.186 | complete
Ep 711 | 드론6 목적지34 |  394스텝 | 배송 34/34 | 재적재  6 | 중계율 0.09 | alpha 2.194 | complete
Ep 712 | 드론4 목적지21 |  341스텝 | 배송 21/21 | 재적재  3 | 중계율 0.04 | alpha 2.187 | complete
Ep 713 | 드론3 목적지63 | 1000스텝 | 배송 51/63 | 재적재  9 | 중계율 0.18 | alpha 2.181 | step_limit
Ep 714 | 드론3 목적지64 | 1000스텝 | 배송 59/64 | 재적재 10 | 중계율 0.12 | alpha 2.157 | step_limit
Ep 715 | 드론5 목적지43 |  542스텝 | 배송 43/43 | 재적재  7 | 중계율 0.06 | alpha 2.146 | complete
Ep 716 | 드론3 목적지39 | 1000스텝 | 배송 31/39 | 재적재  5 | 중계율 0.15 | alpha 2.125 | step_limit
Ep 717 | 드론4 목적지67 |  917스텝 | 배송 67/67 | 재적재 11 | 중계율 0.11 | alpha 2.150 | complete
Ep 718 | 드론5 목적지68 |  791스텝 | 배송 68/68 | 재적재 12 | 중계율 0.13 | alpha 2.140 | complete
Ep 719 | 드론5 목적지67 |  865스텝 | 배송 67/67 | 재적재 12 | 중계율 0.16 | alpha 2.156 | complete
Ep 720 | 드론3 목적지49 |  733스텝 | 배송 49/49 | 재적재  8 | 중계율 0.08 | alpha 2.164 | complete
Ep 721 | 드론4 목적지29 |  423스텝 | 배송 29/29 | 재적재  4 | 중계율 0.12 | alpha 2.166 | complete
Ep 722 | 드론6 목적지59 |  602스텝 | 배송 59/59 | 재적재  8 | 중계율 0.08 | alpha 2.171 | complete
Ep 723 | 드론5 목적지70 |  884스텝 | 배송 70/70 | 재적재 12 | 중계율 0.11 | alpha 2.157 | complete
Ep 724 | 드론4 목적지69 | 1000스텝 | 배송 67/69 | 재적재 11 | 중계율 0.12 | alpha 2.172 | step_limit
Ep 725 | 드론4 목적지62 | 1000스텝 | 배송 55/62 | 재적재  9 | 중계율 0.16 | alpha 2.229 | step_limit
Ep 726 | 드론6 목적지56 |  662스텝 | 배송 56/56 | 재적재  9 | 중계율 0.09 | alpha 2.207 | complete
Ep 727 | 드론3 목적지57 | 1000스텝 | 배송 56/57 | 재적재 10 | 중계율 0.12 | alpha 2.215 | step_limit
Ep 728 | 드론6 목적지43 |  414스텝 | 배송 43/43 | 재적재  4 | 중계율 0.16 | alpha 2.207 | complete
Ep 729 | 드론5 목적지77 |  756스텝 | 배송 77/77 | 재적재 14 | 중계율 0.07 | alpha 2.221 | complete
Ep 730 | 드론4 목적지27 |  597스텝 | 배송 27/27 | 재적재  4 | 중계율 0.13 | alpha 2.199 | complete
Ep 731 | 드론4 목적지80 | 1000스텝 | 배송 73/80 | 재적재 13 | 중계율 0.12 | alpha 2.186 | step_limit
Ep 732 | 드론3 목적지80 | 1000스텝 | 배송 68/80 | 재적재 13 | 중계율 0.12 | alpha 2.171 | step_limit
Ep 733 | 드론5 목적지64 |  733스텝 | 배송 64/64 | 재적재 11 | 중계율 0.11 | alpha 2.172 | complete
Ep 734 | 드론3 목적지38 |  606스텝 | 배송 38/38 | 재적재  6 | 중계율 0.09 | alpha 2.183 | complete
Ep 735 | 드론5 목적지63 |  684스텝 | 배송 63/63 | 재적재 11 | 중계율 0.09 | alpha 2.190 | complete
Ep 736 | 드론4 목적지52 |  831스텝 | 배송 52/52 | 재적재  9 | 중계율 0.10 | alpha 2.205 | complete
Ep 737 | 드론3 목적지41 |  957스텝 | 배송 41/41 | 재적재  7 | 중계율 0.14 | alpha 2.176 | complete
Ep 738 | 드론5 목적지49 |  555스텝 | 배송 49/49 | 재적재  8 | 중계율 0.11 | alpha 2.174 | complete
Ep 739 | 드론4 목적지27 |  664스텝 | 배송 27/27 | 재적재  4 | 중계율 0.09 | alpha 2.158 | complete
Ep 740 | 드론3 목적지32 | 1000스텝 | 배송 31/32 | 재적재  6 | 중계율 0.19 | alpha 2.158 | step_limit
Ep 741 | 드론4 목적지25 |  479스텝 | 배송 25/25 | 재적재  4 | 중계율 0.10 | alpha 2.171 | complete
Ep 742 | 드론3 목적지48 |  983스텝 | 배송 48/48 | 재적재  9 | 중계율 0.14 | alpha 2.144 | complete
Ep 743 | 드론5 목적지54 |  657스텝 | 배송 54/54 | 재적재  9 | 중계율 0.08 | alpha 2.106 | complete
Ep 744 | 드론5 목적지24 |  389스텝 | 배송 24/24 | 재적재  4 | 중계율 0.11 | alpha 2.112 | complete
Ep 745 | 드론6 목적지37 |  349스텝 | 배송 37/37 | 재적재  5 | 중계율 0.05 | alpha 2.110 | complete
Ep 746 | 드론4 목적지50 | 1000스텝 | 배송 46/50 | 재적재  8 | 중계율 0.17 | alpha 2.128 | step_limit
Ep 747 | 드론3 목적지78 | 1000스텝 | 배송 57/78 | 재적재 10 | 중계율 0.17 | alpha 2.153 | step_limit
Ep 748 | 드론4 목적지33 |  914스텝 | 배송 33/33 | 재적재  5 | 중계율 0.15 | alpha 2.168 | complete
Ep 749 | 드론4 목적지20 |  503스텝 | 배송 20/20 | 재적재  2 | 중계율 0.16 | alpha 2.155 | complete
Ep 750 | 드론5 목적지80 |  641스텝 | 배송 80/80 | 재적재 15 | 중계율 0.09 | alpha 2.155 | complete
  [홀드아웃] 배송 49.9±0.5 완주 0.97 스텝 1088 점수 103.9 재적재 8.2 2홉+ 0.64 | 최고 106.6@ep50 정체 14/15
Ep 751 | 드론6 목적지29 |  242스텝 | 배송 29/29 | 재적재  4 | 중계율 0.04 | alpha 2.144 | complete
Ep 752 | 드론5 목적지21 |  289스텝 | 배송 21/21 | 재적재  1 | 중계율 0.08 | alpha 2.143 | complete
Ep 753 | 드론6 목적지21 |  256스텝 | 배송 21/21 | 재적재  2 | 중계율 0.05 | alpha 2.158 | complete
Ep 754 | 드론5 목적지39 |  511스텝 | 배송 39/39 | 재적재  5 | 중계율 0.10 | alpha 2.171 | complete
Ep 755 | 드론3 목적지68 | 1000스텝 | 배송 60/68 | 재적재 10 | 중계율 0.15 | alpha 2.122 | step_limit
Ep 756 | 드론3 목적지80 | 1000스텝 | 배송 64/80 | 재적재 10 | 중계율 0.10 | alpha 2.094 | step_limit
Ep 757 | 드론5 목적지62 |  571스텝 | 배송 62/62 | 재적재 10 | 중계율 0.04 | alpha 2.128 | complete
Ep 758 | 드론5 목적지36 |  621스텝 | 배송 36/36 | 재적재  5 | 중계율 0.15 | alpha 2.128 | complete
Ep 759 | 드론6 목적지46 |  535스텝 | 배송 46/46 | 재적재  8 | 중계율 0.11 | alpha 2.161 | complete
Ep 760 | 드론3 목적지23 |  629스텝 | 배송 23/23 | 재적재  4 | 중계율 0.11 | alpha 2.165 | complete
Ep 761 | 드론6 목적지36 |  307스텝 | 배송 36/36 | 재적재  5 | 중계율 0.03 | alpha 2.198 | complete
Ep 762 | 드론3 목적지66 | 1000스텝 | 배송 65/66 | 재적재 11 | 중계율 0.12 | alpha 2.220 | step_limit
Ep 763 | 드론3 목적지24 |  574스텝 | 배송 24/24 | 재적재  4 | 중계율 0.06 | alpha 2.214 | complete
Ep 764 | 드론3 목적지27 |  518스텝 | 배송 27/27 | 재적재  5 | 중계율 0.08 | alpha 2.205 | complete
Ep 765 | 드론5 목적지43 |  539스텝 | 배송 43/43 | 재적재  7 | 중계율 0.07 | alpha 2.227 | complete
Ep 766 | 드론3 목적지25 |  789스텝 | 배송 25/25 | 재적재  4 | 중계율 0.16 | alpha 2.200 | complete
Ep 767 | 드론3 목적지65 | 1000스텝 | 배송 52/65 | 재적재  9 | 중계율 0.15 | alpha 2.200 | step_limit
Ep 768 | 드론3 목적지50 |  781스텝 | 배송 50/50 | 재적재  9 | 중계율 0.09 | alpha 2.182 | complete
Ep 769 | 드론5 목적지40 |  478스텝 | 배송 40/40 | 재적재  7 | 중계율 0.09 | alpha 2.174 | complete
Ep 770 | 드론6 목적지58 |  565스텝 | 배송 58/58 | 재적재 10 | 중계율 0.10 | alpha 2.168 | complete
Ep 771 | 드론3 목적지28 |  728스텝 | 배송 28/28 | 재적재  5 | 중계율 0.17 | alpha 2.170 | complete
Ep 772 | 드론5 목적지53 |  557스텝 | 배송 53/53 | 재적재  9 | 중계율 0.07 | alpha 2.144 | complete
Ep 773 | 드론3 목적지60 | 1000스텝 | 배송 44/60 | 재적재  7 | 중계율 0.13 | alpha 2.127 | step_limit
Ep 774 | 드론4 목적지60 | 1000스텝 | 배송 51/60 | 재적재 10 | 중계율 0.20 | alpha 2.135 | step_limit
Ep 775 | 드론3 목적지62 | 1000스텝 | 배송 46/62 | 재적재  8 | 중계율 0.13 | alpha 2.178 | step_limit
Ep 776 | 드론3 목적지47 | 1000스텝 | 배송 45/47 | 재적재  7 | 중계율 0.17 | alpha 2.193 | step_limit
Ep 777 | 드론3 목적지77 | 1000스텝 | 배송 66/77 | 재적재 12 | 중계율 0.08 | alpha 2.204 | step_limit
Ep 778 | 드론3 목적지29 |  783스텝 | 배송 29/29 | 재적재  4 | 중계율 0.19 | alpha 2.148 | complete
Ep 779 | 드론4 목적지79 | 1000스텝 | 배송 66/79 | 재적재 12 | 중계율 0.17 | alpha 2.133 | step_limit
Ep 780 | 드론6 목적지50 |  357스텝 | 배송 50/50 | 재적재  6 | 중계율 0.08 | alpha 2.160 | complete
Ep 781 | 드론3 목적지53 | 1000스텝 | 배송 40/53 | 재적재  7 | 중계율 0.20 | alpha 2.158 | step_limit
Ep 782 | 드론3 목적지35 | 1000스텝 | 배송 31/35 | 재적재  5 | 중계율 0.22 | alpha 2.105 | step_limit
Ep 783 | 드론6 목적지55 |  463스텝 | 배송 55/55 | 재적재 10 | 중계율 0.07 | alpha 2.123 | complete
Ep 784 | 드론3 목적지53 | 1000스텝 | 배송 51/53 | 재적재  9 | 중계율 0.12 | alpha 2.154 | step_limit
Ep 785 | 드론6 목적지56 |  564스텝 | 배송 56/56 | 재적재  9 | 중계율 0.09 | alpha 2.166 | complete
Ep 786 | 드론4 목적지73 | 1000스텝 | 배송 55/73 | 재적재  9 | 중계율 0.22 | alpha 2.178 | step_limit
Ep 787 | 드론5 목적지70 |  877스텝 | 배송 70/70 | 재적재 13 | 중계율 0.11 | alpha 2.175 | complete
Ep 788 | 드론4 목적지31 |  509스텝 | 배송 31/31 | 재적재  4 | 중계율 0.05 | alpha 2.198 | complete
Ep 789 | 드론4 목적지40 |  562스텝 | 배송 40/40 | 재적재  6 | 중계율 0.12 | alpha 2.202 | complete
Ep 790 | 드론6 목적지29 |  314스텝 | 배송 29/29 | 재적재  4 | 중계율 0.06 | alpha 2.190 | complete
Ep 791 | 드론6 목적지38 |  299스텝 | 배송 38/38 | 재적재  6 | 중계율 0.04 | alpha 2.222 | complete
Ep 792 | 드론6 목적지77 |  609스텝 | 배송 77/77 | 재적재 13 | 중계율 0.08 | alpha 2.239 | complete
Ep 793 | 드론3 목적지71 | 1000스텝 | 배송 62/71 | 재적재 11 | 중계율 0.09 | alpha 2.215 | step_limit
Ep 794 | 드론3 목적지33 |  836스텝 | 배송 33/33 | 재적재  6 | 중계율 0.11 | alpha 2.204 | complete
Ep 795 | 드론4 목적지76 | 1000스텝 | 배송 56/76 | 재적재  9 | 중계율 0.15 | alpha 2.187 | step_limit
Ep 796 | 드론4 목적지65 | 1000스텝 | 배송 64/65 | 재적재 11 | 중계율 0.11 | alpha 2.170 | step_limit
Ep 797 | 드론5 목적지72 |  684스텝 | 배송 72/72 | 재적재 13 | 중계율 0.11 | alpha 2.174 | complete
Ep 798 | 드론5 목적지54 |  719스텝 | 배송 54/54 | 재적재 10 | 중계율 0.16 | alpha 2.164 | complete
Ep 799 | 드론3 목적지35 |  964스텝 | 배송 35/35 | 재적재  6 | 중계율 0.16 | alpha 2.194 | complete
Ep 800 | 드론4 목적지78 | 1000스텝 | 배송 66/78 | 재적재 11 | 중계율 0.15 | alpha 2.149 | step_limit
  [홀드아웃] 배송 49.9±0.5 완주 0.97 스텝 1137 점수 103.7 재적재 8.3 2홉+ 0.64 | 최고 106.6@ep50 정체 15/15

조기 종료. 최고 106.6@ep50
Training finished. best=106.6 @ ep50
