/home/kopt/enter/envs/wsl_neuroMCTS/lib/python3.10/site-packages/pygame/pkgdata.py:25: UserWarning: pkg_resources is deprecated as an API. See https://setuptools.pypa.io/en/latest/pkg_resources.html. The pkg_resources package is slated for removal as early as 2025-11-30. Refrain from using this package or pin to Setuptools<81.
  from pkg_resources import resource_stream, resource_exists
pygame 2.6.1 (SDL 2.28.4, Python 3.10.19)
Hello from the pygame community. https://www.pygame.org/contribute.html
집합 상위 학습 | 반경 300 상한 1000 무배송 500 gamma 0.997 구성=무작위 드론[3, 4] 목적지[20, 80] CC무작위 인스턴스=무작위 목표유지=off 완주보상=0.0 잔여페널티=0.1 규칙관측=False 규칙정규화=2.0/중계가중치=1.0 막힘페널티=0.0 중계크레딧=0.0/재분배=2.0/드론별보상=True 도달권shaping=0.0 정체전환보상=0.0 엔트로피비=0.6->0.25@400 자기회귀=True 홀드아웃상한=3000 선택=makespan/속도가중치=40.0
/home/kopt/drone/proposed_src/pipeline/train_v5_26_09_15_23.py:411: UserWarning: Converting a tensor with requires_grad=True to a scalar may lead to unexpected behavior.
Consider using tensor.detach() first. (Triggered internally at /pytorch/torch/csrc/autograd/generated/python_variable_methods.cpp:836.)
  writer.add_scalar("train/alpha", float(log_alpha.exp()), ep)
Ep 1 | 드론4 목적지57 | 1000스텝 | 배송 47/57 | 재적재  8 | 중계율 0.16 | alpha 0.100 | step_limit
Ep 2 | 드론3 목적지50 | 1000스텝 | 배송 38/50 | 재적재  6 | 중계율 0.18 | alpha 0.100 | step_limit
Ep 3 | 드론4 목적지72 | 1000스텝 | 배송 56/72 | 재적재 10 | 중계율 0.14 | alpha 0.100 | step_limit
Ep 4 | 드론3 목적지46 | 1000스텝 | 배송 41/46 | 재적재  6 | 중계율 0.16 | alpha 0.099 | step_limit
Ep 5 | 드론3 목적지58 | 1000스텝 | 배송 45/58 | 재적재  7 | 중계율 0.36 | alpha 0.108 | step_limit
Ep 6 | 드론3 목적지61 | 1000스텝 | 배송 54/61 | 재적재  9 | 중계율 0.33 | alpha 0.118 | step_limit
Ep 7 | 드론3 목적지30 |  546스텝 | 배송 30/30 | 재적재  3 | 중계율 0.36 | alpha 0.124 | complete
Ep 8 | 드론3 목적지69 | 1000스텝 | 배송 55/69 | 재적재  9 | 중계율 0.30 | alpha 0.134 | step_limit
Ep 9 | 드론3 목적지66 | 1000스텝 | 배송 57/66 | 재적재  9 | 중계율 0.33 | alpha 0.145 | step_limit
Ep 10 | 드론3 목적지26 |  828스텝 | 배송 26/26 | 재적재  4 | 중계율 0.35 | alpha 0.155 | complete
Ep 11 | 드론4 목적지32 |  492스텝 | 배송 32/32 | 재적재  5 | 중계율 0.29 | alpha 0.161 | complete
Ep 12 | 드론3 목적지35 |  626스텝 | 배송 35/35 | 재적재  6 | 중계율 0.29 | alpha 0.168 | complete
Ep 13 | 드론3 목적지23 |  510스텝 | 배송 23/23 | 재적재  4 | 중계율 0.34 | alpha 0.175 | complete
Ep 14 | 드론3 목적지61 | 1000스텝 | 배송 55/61 | 재적재 11 | 중계율 0.35 | alpha 0.188 | step_limit
Ep 15 | 드론4 목적지78 | 1000스텝 | 배송 75/78 | 재적재 12 | 중계율 0.27 | alpha 0.202 | step_limit
Ep 16 | 드론4 목적지46 |  868스텝 | 배송 46/46 | 재적재  7 | 중계율 0.32 | alpha 0.216 | complete
Ep 17 | 드론4 목적지74 | 1000스텝 | 배송 72/74 | 재적재 12 | 중계율 0.26 | alpha 0.233 | step_limit
Ep 18 | 드론3 목적지24 |  421스텝 | 배송 24/24 | 재적재  2 | 중계율 0.40 | alpha 0.240 | complete
Ep 19 | 드론4 목적지24 |  563스텝 | 배송 24/24 | 재적재  3 | 중계율 0.42 | alpha 0.251 | complete
Ep 20 | 드론3 목적지66 | 1000스텝 | 배송 61/66 | 재적재 11 | 중계율 0.25 | alpha 0.270 | step_limit
Ep 21 | 드론3 목적지43 |  648스텝 | 배송 43/43 | 재적재  7 | 중계율 0.25 | alpha 0.283 | complete
Ep 22 | 드론3 목적지43 |  655스텝 | 배송 43/43 | 재적재  7 | 중계율 0.21 | alpha 0.298 | complete
Ep 23 | 드론3 목적지22 |  528스텝 | 배송 22/22 | 재적재  3 | 중계율 0.40 | alpha 0.310 | complete
Ep 24 | 드론3 목적지35 |  625스텝 | 배송 35/35 | 재적재  4 | 중계율 0.32 | alpha 0.324 | complete
Ep 25 | 드론4 목적지25 |  579스텝 | 배송 25/25 | 재적재  2 | 중계율 0.48 | alpha 0.338 | complete
Ep 26 | 드론3 목적지79 | 1000스텝 | 배송 69/79 | 재적재 13 | 중계율 0.25 | alpha 0.364 | step_limit
Ep 27 | 드론4 목적지63 | 1000스텝 | 배송 55/63 | 재적재  8 | 중계율 0.42 | alpha 0.392 | step_limit
Ep 28 | 드론3 목적지77 | 1000스텝 | 배송 62/77 | 재적재 10 | 중계율 0.32 | alpha 0.422 | step_limit
Ep 29 | 드론3 목적지34 | 1000스텝 | 배송 30/34 | 재적재  4 | 중계율 0.48 | alpha 0.454 | step_limit
Ep 30 | 드론3 목적지25 |  544스텝 | 배송 25/25 | 재적재  3 | 중계율 0.40 | alpha 0.473 | complete
Ep 31 | 드론4 목적지68 | 1000스텝 | 배송 65/68 | 재적재 10 | 중계율 0.33 | alpha 0.508 | step_limit
Ep 32 | 드론3 목적지79 | 1000스텝 | 배송 58/79 | 재적재 10 | 중계율 0.30 | alpha 0.545 | step_limit
Ep 33 | 드론3 목적지62 | 1000스텝 | 배송 51/62 | 재적재  8 | 중계율 0.37 | alpha 0.586 | step_limit
Ep 34 | 드론3 목적지33 |  614스텝 | 배송 33/33 | 재적재  6 | 중계율 0.24 | alpha 0.612 | complete
Ep 35 | 드론3 목적지26 |  628스텝 | 배송 26/26 | 재적재  3 | 중계율 0.37 | alpha 0.639 | complete
Ep 36 | 드론3 목적지57 | 1000스텝 | 배송 49/57 | 재적재  8 | 중계율 0.38 | alpha 0.686 | step_limit
Ep 37 | 드론3 목적지29 |  914스텝 | 배송 29/29 | 재적재  4 | 중계율 0.40 | alpha 0.730 | complete
Ep 38 | 드론4 목적지63 | 1000스텝 | 배송 59/63 | 재적재 10 | 중계율 0.38 | alpha 0.782 | step_limit
Ep 39 | 드론4 목적지44 |  953스텝 | 배송 44/44 | 재적재  7 | 중계율 0.42 | alpha 0.832 | complete
Ep 40 | 드론4 목적지56 |  977스텝 | 배송 56/56 | 재적재  9 | 중계율 0.34 | alpha 0.885 | complete
Ep 41 | 드론4 목적지21 |  749스텝 | 배송 21/21 | 재적재  1 | 중계율 0.47 | alpha 0.927 | complete
Ep 42 | 드론3 목적지24 |  638스텝 | 배송 24/24 | 재적재  4 | 중계율 0.37 | alpha 0.963 | complete
Ep 43 | 드론3 목적지52 | 1000스텝 | 배송 48/52 | 재적재  8 | 중계율 0.33 | alpha 1.020 | step_limit
Ep 44 | 드론3 목적지72 | 1000스텝 | 배송 65/72 | 재적재 12 | 중계율 0.23 | alpha 1.077 | step_limit
Ep 45 | 드론3 목적지52 | 1000스텝 | 배송 46/52 | 재적재  7 | 중계율 0.35 | alpha 1.132 | step_limit
Ep 46 | 드론4 목적지72 |  991스텝 | 배송 72/72 | 재적재 14 | 중계율 0.25 | alpha 1.185 | complete
Ep 47 | 드론3 목적지69 | 1000스텝 | 배송 57/69 | 재적재 10 | 중계율 0.25 | alpha 1.235 | step_limit
Ep 48 | 드론3 목적지56 | 1000스텝 | 배송 51/56 | 재적재  8 | 중계율 0.28 | alpha 1.283 | step_limit
Ep 49 | 드론4 목적지78 | 1000스텝 | 배송 72/78 | 재적재 11 | 중계율 0.27 | alpha 1.330 | step_limit
Ep 50 | 드론4 목적지40 | 1000스텝 | 배송 28/40 | 재적재  3 | 중계율 0.50 | alpha 1.371 | step_limit
  [홀드아웃] 배송 50.0±0.0 완주 1.00 스텝 1307 점수 122.6 재적재 7.6 2홉+ 0.61 | 최고 122.6@ep50 정체 0/8  ← 갱신
Ep 51 | 드론4 목적지51 |  674스텝 | 배송 51/51 | 재적재  8 | 중계율 0.25 | alpha 1.394 | complete
Ep 52 | 드론3 목적지42 |  908스텝 | 배송 42/42 | 재적재  7 | 중계율 0.32 | alpha 1.424 | complete
Ep 53 | 드론4 목적지60 | 1000스텝 | 배송 59/60 | 재적재 11 | 중계율 0.26 | alpha 1.447 | step_limit
Ep 54 | 드론3 목적지49 |  925스텝 | 배송 49/49 | 재적재  9 | 중계율 0.23 | alpha 1.455 | complete
Ep 55 | 드론3 목적지40 | 1000스텝 | 배송 33/40 | 재적재  6 | 중계율 0.28 | alpha 1.462 | step_limit
Ep 56 | 드론4 목적지61 |  992스텝 | 배송 61/61 | 재적재 11 | 중계율 0.30 | alpha 1.465 | complete
Ep 57 | 드론3 목적지53 | 1000스텝 | 배송 46/53 | 재적재  7 | 중계율 0.33 | alpha 1.464 | step_limit
Ep 58 | 드론4 목적지57 | 1000스텝 | 배송 52/57 | 재적재  7 | 중계율 0.34 | alpha 1.466 | step_limit
Ep 59 | 드론3 목적지50 | 1000스텝 | 배송 44/50 | 재적재  7 | 중계율 0.26 | alpha 1.461 | step_limit
Ep 60 | 드론3 목적지21 |  752스텝 | 배송 21/21 | 재적재  2 | 중계율 0.37 | alpha 1.456 | complete
Ep 61 | 드론4 목적지26 |  630스텝 | 배송 26/26 | 재적재  4 | 중계율 0.28 | alpha 1.454 | complete
Ep 62 | 드론4 목적지55 | 1000스텝 | 배송 42/55 | 재적재  7 | 중계율 0.35 | alpha 1.449 | step_limit
Ep 63 | 드론4 목적지68 | 1000스텝 | 배송 61/68 | 재적재 10 | 중계율 0.30 | alpha 1.431 | step_limit
Ep 64 | 드론3 목적지41 | 1000스텝 | 배송 31/41 | 재적재  5 | 중계율 0.28 | alpha 1.413 | step_limit
Ep 65 | 드론4 목적지68 | 1000스텝 | 배송 66/68 | 재적재 11 | 중계율 0.17 | alpha 1.408 | step_limit
Ep 66 | 드론3 목적지61 | 1000스텝 | 배송 48/61 | 재적재  9 | 중계율 0.21 | alpha 1.413 | step_limit
Ep 67 | 드론3 목적지53 | 1000스텝 | 배송 44/53 | 재적재  7 | 중계율 0.33 | alpha 1.409 | step_limit
Ep 68 | 드론3 목적지44 | 1000스텝 | 배송 41/44 | 재적재  8 | 중계율 0.23 | alpha 1.400 | step_limit
Ep 69 | 드론3 목적지34 | 1000스텝 | 배송 33/34 | 재적재  6 | 중계율 0.25 | alpha 1.394 | step_limit
Ep 70 | 드론3 목적지31 | 1000스텝 | 배송 25/31 | 재적재  3 | 중계율 0.37 | alpha 1.381 | step_limit
Ep 71 | 드론4 목적지71 | 1000스텝 | 배송 67/71 | 재적재 12 | 중계율 0.21 | alpha 1.382 | step_limit
Ep 72 | 드론3 목적지53 | 1000스텝 | 배송 41/53 | 재적재  7 | 중계율 0.31 | alpha 1.366 | step_limit
Ep 73 | 드론3 목적지21 |  732스텝 | 배송 21/21 | 재적재  2 | 중계율 0.39 | alpha 1.355 | complete
Ep 74 | 드론4 목적지45 | 1000스텝 | 배송 44/45 | 재적재  7 | 중계율 0.28 | alpha 1.364 | step_limit
Ep 75 | 드론4 목적지40 | 1000스텝 | 배송 35/40 | 재적재  6 | 중계율 0.31 | alpha 1.359 | step_limit
Ep 76 | 드론3 목적지75 | 1000스텝 | 배송 44/75 | 재적재  7 | 중계율 0.28 | alpha 1.358 | step_limit
Ep 77 | 드론4 목적지24 |  821스텝 | 배송 24/24 | 재적재  4 | 중계율 0.37 | alpha 1.375 | complete
Ep 78 | 드론3 목적지64 | 1000스텝 | 배송 48/64 | 재적재  9 | 중계율 0.23 | alpha 1.379 | step_limit
Ep 79 | 드론3 목적지41 | 1000스텝 | 배송 35/41 | 재적재  5 | 중계율 0.32 | alpha 1.377 | step_limit
Ep 80 | 드론3 목적지69 | 1000스텝 | 배송 59/69 | 재적재 11 | 중계율 0.22 | alpha 1.366 | step_limit
Ep 81 | 드론4 목적지47 | 1000스텝 | 배송 45/47 | 재적재  6 | 중계율 0.32 | alpha 1.344 | step_limit
Ep 82 | 드론4 목적지69 | 1000스텝 | 배송 54/69 | 재적재  8 | 중계율 0.28 | alpha 1.355 | step_limit
Ep 83 | 드론4 목적지31 | 1000스텝 | 배송 27/31 | 재적재  3 | 중계율 0.40 | alpha 1.340 | step_limit
Ep 84 | 드론3 목적지33 |  824스텝 | 배송 33/33 | 재적재  5 | 중계율 0.29 | alpha 1.321 | complete
Ep 85 | 드론3 목적지38 |  716스텝 | 배송 38/38 | 재적재  5 | 중계율 0.22 | alpha 1.323 | complete
Ep 86 | 드론4 목적지24 |  811스텝 | 배송 24/24 | 재적재  3 | 중계율 0.34 | alpha 1.318 | complete
Ep 87 | 드론3 목적지30 |  968스텝 | 배송 30/30 | 재적재  5 | 중계율 0.34 | alpha 1.298 | complete
Ep 88 | 드론3 목적지38 |  933스텝 | 배송 38/38 | 재적재  6 | 중계율 0.32 | alpha 1.286 | complete
Ep 89 | 드론3 목적지57 | 1000스텝 | 배송 38/57 | 재적재  6 | 중계율 0.29 | alpha 1.290 | step_limit
Ep 90 | 드론4 목적지21 |  849스텝 | 배송 21/21 | 재적재  2 | 중계율 0.40 | alpha 1.300 | complete
Ep 91 | 드론4 목적지77 | 1000스텝 | 배송 54/77 | 재적재  9 | 중계율 0.29 | alpha 1.282 | step_limit
Ep 92 | 드론3 목적지69 | 1000스텝 | 배송 54/69 | 재적재  8 | 중계율 0.29 | alpha 1.305 | step_limit
Ep 93 | 드론4 목적지60 |  997스텝 | 배송 60/60 | 재적재 11 | 중계율 0.23 | alpha 1.297 | complete
Ep 94 | 드론4 목적지45 |  925스텝 | 배송 45/45 | 재적재  8 | 중계율 0.28 | alpha 1.279 | complete
Ep 95 | 드론3 목적지71 | 1000스텝 | 배송 55/71 | 재적재  9 | 중계율 0.25 | alpha 1.290 | step_limit
Ep 96 | 드론3 목적지74 | 1000스텝 | 배송 50/74 | 재적재  8 | 중계율 0.27 | alpha 1.296 | step_limit
Ep 97 | 드론4 목적지47 | 1000스텝 | 배송 46/47 | 재적재  8 | 중계율 0.28 | alpha 1.279 | step_limit
Ep 98 | 드론4 목적지50 | 1000스텝 | 배송 44/50 | 재적재  7 | 중계율 0.37 | alpha 1.265 | step_limit
Ep 99 | 드론4 목적지35 |  827스텝 | 배송 35/35 | 재적재  5 | 중계율 0.34 | alpha 1.233 | complete
Ep 100 | 드론3 목적지40 |  923스텝 | 배송 40/40 | 재적재  6 | 중계율 0.31 | alpha 1.247 | complete
  [홀드아웃] 배송 50.0±0.2 완주 0.97 스텝 1559 점수 116.7 재적재 8.1 2홉+ 0.60 | 최고 122.6@ep50 정체 1/8
Ep 101 | 드론3 목적지23 |  576스텝 | 배송 23/23 | 재적재  3 | 중계율 0.33 | alpha 1.240 | complete
Ep 102 | 드론3 목적지21 |  470스텝 | 배송 21/21 | 재적재  2 | 중계율 0.33 | alpha 1.238 | complete
Ep 103 | 드론4 목적지72 | 1000스텝 | 배송 68/72 | 재적재 11 | 중계율 0.23 | alpha 1.233 | step_limit
Ep 104 | 드론3 목적지27 |  799스텝 | 배송 27/27 | 재적재  4 | 중계율 0.42 | alpha 1.214 | complete
Ep 105 | 드론3 목적지63 | 1000스텝 | 배송 57/63 | 재적재 10 | 중계율 0.23 | alpha 1.224 | step_limit
Ep 106 | 드론4 목적지58 |  717스텝 | 배송 58/58 | 재적재 10 | 중계율 0.25 | alpha 1.217 | complete
Ep 107 | 드론4 목적지75 | 1000스텝 | 배송 47/75 | 재적재  7 | 중계율 0.38 | alpha 1.226 | step_limit
Ep 108 | 드론3 목적지55 | 1000스텝 | 배송 45/55 | 재적재  8 | 중계율 0.31 | alpha 1.208 | step_limit
Ep 109 | 드론4 목적지64 | 1000스텝 | 배송 51/64 | 재적재  8 | 중계율 0.34 | alpha 1.213 | step_limit
Ep 110 | 드론3 목적지55 | 1000스텝 | 배송 51/55 | 재적재  9 | 중계율 0.30 | alpha 1.220 | step_limit
Ep 111 | 드론4 목적지67 | 1000스텝 | 배송 50/67 | 재적재  8 | 중계율 0.31 | alpha 1.215 | step_limit
Ep 112 | 드론3 목적지46 | 1000스텝 | 배송 39/46 | 재적재  6 | 중계율 0.30 | alpha 1.205 | step_limit
Ep 113 | 드론4 목적지43 |  850스텝 | 배송 43/43 | 재적재  7 | 중계율 0.26 | alpha 1.183 | complete
Ep 114 | 드론3 목적지80 | 1000스텝 | 배송 57/80 | 재적재 10 | 중계율 0.24 | alpha 1.192 | step_limit
Ep 115 | 드론4 목적지78 | 1000스텝 | 배송 67/78 | 재적재 13 | 중계율 0.24 | alpha 1.201 | step_limit
Ep 116 | 드론4 목적지72 | 1000스텝 | 배송 67/72 | 재적재 12 | 중계율 0.29 | alpha 1.201 | step_limit
Ep 117 | 드론3 목적지54 | 1000스텝 | 배송 50/54 | 재적재  8 | 중계율 0.29 | alpha 1.193 | step_limit
Ep 118 | 드론3 목적지63 | 1000스텝 | 배송 57/63 | 재적재 10 | 중계율 0.33 | alpha 1.179 | step_limit
Ep 119 | 드론4 목적지66 | 1000스텝 | 배송 54/66 | 재적재  9 | 중계율 0.25 | alpha 1.178 | step_limit
Ep 120 | 드론4 목적지70 | 1000스텝 | 배송 64/70 | 재적재 10 | 중계율 0.30 | alpha 1.167 | step_limit
Ep 121 | 드론4 목적지45 |  935스텝 | 배송 45/45 | 재적재  7 | 중계율 0.33 | alpha 1.172 | complete
Ep 122 | 드론4 목적지26 |  757스텝 | 배송 26/26 | 재적재  3 | 중계율 0.43 | alpha 1.162 | complete
Ep 123 | 드론4 목적지30 |  780스텝 | 배송 30/30 | 재적재  3 | 중계율 0.32 | alpha 1.152 | complete
Ep 124 | 드론3 목적지80 | 1000스텝 | 배송 54/80 | 재적재  9 | 중계율 0.30 | alpha 1.148 | step_limit
Ep 125 | 드론4 목적지41 |  833스텝 | 배송 41/41 | 재적재  7 | 중계율 0.31 | alpha 1.141 | complete
Ep 126 | 드론3 목적지50 | 1000스텝 | 배송 38/50 | 재적재  7 | 중계율 0.40 | alpha 1.139 | step_limit
Ep 127 | 드론3 목적지37 |  994스텝 | 배송 37/37 | 재적재  6 | 중계율 0.36 | alpha 1.146 | complete
Ep 128 | 드론3 목적지42 | 1000스텝 | 배송 40/42 | 재적재  6 | 중계율 0.35 | alpha 1.123 | step_limit
Ep 129 | 드론4 목적지52 | 1000스텝 | 배송 47/52 | 재적재  8 | 중계율 0.31 | alpha 1.137 | step_limit
Ep 130 | 드론3 목적지40 | 1000스텝 | 배송 37/40 | 재적재  5 | 중계율 0.42 | alpha 1.138 | step_limit
Ep 131 | 드론3 목적지39 |  835스텝 | 배송 39/39 | 재적재  7 | 중계율 0.29 | alpha 1.128 | complete
Ep 132 | 드론4 목적지63 | 1000스텝 | 배송 59/63 | 재적재 10 | 중계율 0.25 | alpha 1.124 | step_limit
Ep 133 | 드론3 목적지61 | 1000스텝 | 배송 48/61 | 재적재  9 | 중계율 0.31 | alpha 1.125 | step_limit
Ep 134 | 드론4 목적지22 |  385스텝 | 배송 22/22 | 재적재  2 | 중계율 0.24 | alpha 1.121 | complete
Ep 135 | 드론3 목적지20 |  583스텝 | 배송 20/20 | 재적재  2 | 중계율 0.36 | alpha 1.131 | complete
Ep 136 | 드론4 목적지57 | 1000스텝 | 배송 51/57 | 재적재  8 | 중계율 0.35 | alpha 1.110 | step_limit
Ep 137 | 드론3 목적지24 |  565스텝 | 배송 24/24 | 재적재  4 | 중계율 0.38 | alpha 1.118 | complete
Ep 138 | 드론4 목적지35 |  561스텝 | 배송 35/35 | 재적재  5 | 중계율 0.23 | alpha 1.111 | complete
Ep 139 | 드론3 목적지29 |  754스텝 | 배송 29/29 | 재적재  4 | 중계율 0.34 | alpha 1.096 | complete
Ep 140 | 드론3 목적지32 |  885스텝 | 배송 32/32 | 재적재  4 | 중계율 0.36 | alpha 1.095 | complete
Ep 141 | 드론3 목적지54 | 1000스텝 | 배송 44/54 | 재적재  8 | 중계율 0.30 | alpha 1.087 | step_limit
Ep 142 | 드론3 목적지42 |  847스텝 | 배송 42/42 | 재적재  8 | 중계율 0.27 | alpha 1.095 | complete
Ep 143 | 드론3 목적지23 |  852스텝 | 배송 23/23 | 재적재  2 | 중계율 0.35 | alpha 1.084 | complete
Ep 144 | 드론3 목적지61 | 1000스텝 | 배송 50/61 | 재적재  8 | 중계율 0.30 | alpha 1.085 | step_limit
Ep 145 | 드론3 목적지64 | 1000스텝 | 배송 58/64 | 재적재 10 | 중계율 0.26 | alpha 1.064 | step_limit
Ep 146 | 드론3 목적지71 | 1000스텝 | 배송 60/71 | 재적재 11 | 중계율 0.26 | alpha 1.067 | step_limit
Ep 147 | 드론3 목적지48 | 1000스텝 | 배송 44/48 | 재적재  7 | 중계율 0.33 | alpha 1.066 | step_limit
Ep 148 | 드론4 목적지36 | 1000스텝 | 배송 35/36 | 재적재  4 | 중계율 0.36 | alpha 1.044 | step_limit
Ep 149 | 드론4 목적지40 |  703스텝 | 배송 40/40 | 재적재  6 | 중계율 0.29 | alpha 1.070 | complete
Ep 150 | 드론3 목적지26 |  609스텝 | 배송 26/26 | 재적재  4 | 중계율 0.36 | alpha 1.060 | complete
  [홀드아웃] 배송 50.0±0.0 완주 1.00 스텝 1410 점수 121.2 재적재 8.0 2홉+ 0.61 | 최고 122.6@ep50 정체 2/8
Ep 151 | 드론4 목적지70 | 1000스텝 | 배송 62/70 | 재적재 10 | 중계율 0.28 | alpha 1.082 | step_limit
Ep 152 | 드론4 목적지48 |  800스텝 | 배송 48/48 | 재적재  8 | 중계율 0.33 | alpha 1.067 | complete
Ep 153 | 드론4 목적지57 | 1000스텝 | 배송 54/57 | 재적재  9 | 중계율 0.35 | alpha 1.060 | step_limit
Ep 154 | 드론4 목적지34 |  504스텝 | 배송 34/34 | 재적재  4 | 중계율 0.25 | alpha 1.049 | complete
Ep 155 | 드론4 목적지80 | 1000스텝 | 배송 53/80 | 재적재  9 | 중계율 0.33 | alpha 1.030 | step_limit
Ep 156 | 드론4 목적지59 | 1000스텝 | 배송 52/59 | 재적재  7 | 중계율 0.36 | alpha 1.017 | step_limit
Ep 157 | 드론3 목적지42 | 1000스텝 | 배송 34/42 | 재적재  6 | 중계율 0.28 | alpha 1.026 | step_limit
Ep 158 | 드론4 목적지76 | 1000스텝 | 배송 70/76 | 재적재 12 | 중계율 0.21 | alpha 1.030 | step_limit
Ep 159 | 드론4 목적지47 |  866스텝 | 배송 47/47 | 재적재  8 | 중계율 0.30 | alpha 1.023 | complete
Ep 160 | 드론3 목적지62 | 1000스텝 | 배송 42/62 | 재적재  7 | 중계율 0.31 | alpha 1.020 | step_limit
Ep 161 | 드론3 목적지31 |  729스텝 | 배송 31/31 | 재적재  4 | 중계율 0.30 | alpha 1.013 | complete
Ep 162 | 드론3 목적지26 |  711스텝 | 배송 26/26 | 재적재  3 | 중계율 0.38 | alpha 1.002 | complete
Ep 163 | 드론4 목적지21 |  745스텝 | 배송 21/21 | 재적재  2 | 중계율 0.43 | alpha 0.995 | complete
Ep 164 | 드론4 목적지79 | 1000스텝 | 배송 57/79 | 재적재  9 | 중계율 0.32 | alpha 0.993 | step_limit
Ep 165 | 드론4 목적지47 | 1000스텝 | 배송 47/47 | 재적재  8 | 중계율 0.26 | alpha 0.995 | complete
Ep 166 | 드론3 목적지77 | 1000스텝 | 배송 67/77 | 재적재 12 | 중계율 0.28 | alpha 1.007 | step_limit
Ep 167 | 드론4 목적지77 | 1000스텝 | 배송 49/77 | 재적재  7 | 중계율 0.39 | alpha 0.998 | step_limit
Ep 168 | 드론4 목적지29 |  792스텝 | 배송 29/29 | 재적재  4 | 중계율 0.38 | alpha 0.994 | complete
Ep 169 | 드론4 목적지59 |  984스텝 | 배송 59/59 | 재적재  8 | 중계율 0.36 | alpha 1.014 | complete
Ep 170 | 드론3 목적지74 | 1000스텝 | 배송 54/74 | 재적재  9 | 중계율 0.33 | alpha 1.019 | step_limit
Ep 171 | 드론4 목적지34 |  717스텝 | 배송 34/34 | 재적재  5 | 중계율 0.22 | alpha 0.994 | complete
Ep 172 | 드론3 목적지43 | 1000스텝 | 배송 37/43 | 재적재  5 | 중계율 0.31 | alpha 0.999 | step_limit
Ep 173 | 드론3 목적지35 |  979스텝 | 배송 35/35 | 재적재  5 | 중계율 0.40 | alpha 0.984 | complete
Ep 174 | 드론4 목적지43 | 1000스텝 | 배송 40/43 | 재적재  7 | 중계율 0.27 | alpha 0.989 | step_limit
Ep 175 | 드론4 목적지30 | 1000스텝 | 배송 29/30 | 재적재  4 | 중계율 0.45 | alpha 0.971 | step_limit
Ep 176 | 드론4 목적지29 | 1000스텝 | 배송 26/29 | 재적재  3 | 중계율 0.42 | alpha 0.972 | step_limit
Ep 177 | 드론3 목적지45 | 1000스텝 | 배송 42/45 | 재적재  7 | 중계율 0.39 | alpha 0.955 | step_limit
Ep 178 | 드론3 목적지20 |  653스텝 | 배송 20/20 | 재적재  2 | 중계율 0.41 | alpha 0.964 | complete
Ep 179 | 드론4 목적지66 | 1000스텝 | 배송 49/66 | 재적재  6 | 중계율 0.36 | alpha 0.960 | step_limit
Ep 180 | 드론4 목적지22 |  417스텝 | 배송 22/22 | 재적재  2 | 중계율 0.28 | alpha 0.974 | complete
Ep 181 | 드론4 목적지77 | 1000스텝 | 배송 57/77 | 재적재  9 | 중계율 0.32 | alpha 0.964 | step_limit
Ep 182 | 드론3 목적지74 | 1000스텝 | 배송 60/74 | 재적재  9 | 중계율 0.31 | alpha 0.955 | step_limit
Ep 183 | 드론4 목적지40 |  610스텝 | 배송 40/40 | 재적재  5 | 중계율 0.26 | alpha 0.939 | complete
Ep 184 | 드론3 목적지77 | 1000스텝 | 배송 60/77 | 재적재 10 | 중계율 0.29 | alpha 0.945 | step_limit
Ep 185 | 드론4 목적지72 | 1000스텝 | 배송 62/72 | 재적재 11 | 중계율 0.34 | alpha 0.965 | step_limit
Ep 186 | 드론4 목적지74 | 1000스텝 | 배송 72/74 | 재적재 13 | 중계율 0.26 | alpha 0.951 | step_limit
Ep 187 | 드론3 목적지65 | 1000스텝 | 배송 56/65 | 재적재 10 | 중계율 0.28 | alpha 0.943 | step_limit
Ep 188 | 드론3 목적지80 | 1000스텝 | 배송 46/80 | 재적재  7 | 중계율 0.38 | alpha 0.940 | step_limit
Ep 189 | 드론4 목적지55 | 1000스텝 | 배송 53/55 | 재적재  8 | 중계율 0.36 | alpha 0.950 | step_limit
Ep 190 | 드론3 목적지36 |  834스텝 | 배송 36/36 | 재적재  6 | 중계율 0.34 | alpha 0.948 | complete
Ep 191 | 드론3 목적지28 |  827스텝 | 배송 28/28 | 재적재  4 | 중계율 0.40 | alpha 0.931 | complete
Ep 192 | 드론4 목적지74 | 1000스텝 | 배송 65/74 | 재적재 12 | 중계율 0.26 | alpha 0.927 | step_limit
Ep 193 | 드론3 목적지61 | 1000스텝 | 배송 43/61 | 재적재  8 | 중계율 0.39 | alpha 0.932 | step_limit
Ep 194 | 드론4 목적지73 | 1000스텝 | 배송 67/73 | 재적재 11 | 중계율 0.27 | alpha 0.936 | step_limit
Ep 195 | 드론4 목적지69 | 1000스텝 | 배송 56/69 | 재적재  8 | 중계율 0.36 | alpha 0.941 | step_limit
Ep 196 | 드론3 목적지47 | 1000스텝 | 배송 45/47 | 재적재  7 | 중계율 0.27 | alpha 0.938 | step_limit
Ep 197 | 드론4 목적지27 |  771스텝 | 배송 27/27 | 재적재  4 | 중계율 0.41 | alpha 0.931 | complete
Ep 198 | 드론3 목적지56 | 1000스텝 | 배송 54/56 | 재적재 10 | 중계율 0.27 | alpha 0.934 | step_limit
Ep 199 | 드론3 목적지57 | 1000스텝 | 배송 50/57 | 재적재  9 | 중계율 0.36 | alpha 0.911 | step_limit
Ep 200 | 드론4 목적지64 | 1000스텝 | 배송 54/64 | 재적재 10 | 중계율 0.33 | alpha 0.901 | step_limit
  [홀드아웃] 배송 49.9±0.5 완주 0.97 스텝 1265 점수 120.6 재적재 7.7 2홉+ 0.62 | 최고 122.6@ep50 정체 3/8
Ep 201 | 드론4 목적지38 | 1000스텝 | 배송 31/38 | 재적재  4 | 중계율 0.42 | alpha 0.929 | step_limit
Ep 202 | 드론3 목적지32 |  985스텝 | 배송 32/32 | 재적재  5 | 중계율 0.39 | alpha 0.924 | complete
Ep 203 | 드론3 목적지23 |  744스텝 | 배송 23/23 | 재적재  3 | 중계율 0.29 | alpha 0.912 | complete
Ep 204 | 드론3 목적지38 |  838스텝 | 배송 38/38 | 재적재  7 | 중계율 0.28 | alpha 0.909 | complete
Ep 205 | 드론3 목적지27 |  848스텝 | 배송 27/27 | 재적재  4 | 중계율 0.33 | alpha 0.913 | complete
Ep 206 | 드론3 목적지58 | 1000스텝 | 배송 49/58 | 재적재  8 | 중계율 0.34 | alpha 0.923 | step_limit
Ep 207 | 드론3 목적지52 | 1000스텝 | 배송 41/52 | 재적재  6 | 중계율 0.34 | alpha 0.896 | step_limit
Ep 208 | 드론3 목적지60 | 1000스텝 | 배송 43/60 | 재적재  8 | 중계율 0.38 | alpha 0.913 | step_limit
Ep 209 | 드론3 목적지72 | 1000스텝 | 배송 50/72 | 재적재  7 | 중계율 0.32 | alpha 0.909 | step_limit
Ep 210 | 드론4 목적지39 |  735스텝 | 배송 39/39 | 재적재  5 | 중계율 0.27 | alpha 0.897 | complete
Ep 211 | 드론3 목적지55 | 1000스텝 | 배송 48/55 | 재적재  8 | 중계율 0.33 | alpha 0.912 | step_limit
Ep 212 | 드론3 목적지62 | 1000스텝 | 배송 59/62 | 재적재 10 | 중계율 0.30 | alpha 0.912 | step_limit
Ep 213 | 드론4 목적지77 | 1000스텝 | 배송 76/77 | 재적재 14 | 중계율 0.21 | alpha 0.908 | step_limit
Ep 214 | 드론3 목적지44 |  953스텝 | 배송 44/44 | 재적재  8 | 중계율 0.32 | alpha 0.896 | complete
Ep 215 | 드론3 목적지49 |  937스텝 | 배송 49/49 | 재적재  7 | 중계율 0.41 | alpha 0.892 | complete
Ep 216 | 드론4 목적지29 | 1000스텝 | 배송 28/29 | 재적재  4 | 중계율 0.45 | alpha 0.892 | step_limit
Ep 217 | 드론4 목적지36 |  647스텝 | 배송 36/36 | 재적재  6 | 중계율 0.25 | alpha 0.897 | complete
Ep 218 | 드론4 목적지55 |  778스텝 | 배송 55/55 | 재적재  9 | 중계율 0.26 | alpha 0.872 | complete
Ep 219 | 드론3 목적지35 |  803스텝 | 배송 35/35 | 재적재  5 | 중계율 0.40 | alpha 0.876 | complete
Ep 220 | 드론4 목적지73 | 1000스텝 | 배송 54/73 | 재적재  8 | 중계율 0.27 | alpha 0.892 | step_limit
Ep 221 | 드론4 목적지25 |  625스텝 | 배송 25/25 | 재적재  3 | 중계율 0.40 | alpha 0.890 | complete
Ep 222 | 드론3 목적지30 |  857스텝 | 배송 30/30 | 재적재  5 | 중계율 0.36 | alpha 0.879 | complete
Ep 223 | 드론3 목적지45 | 1000스텝 | 배송 44/45 | 재적재  8 | 중계율 0.37 | alpha 0.869 | step_limit
Ep 224 | 드론4 목적지76 | 1000스텝 | 배송 44/76 | 재적재  6 | 중계율 0.37 | alpha 0.853 | step_limit
Ep 225 | 드론4 목적지70 | 1000스텝 | 배송 63/70 | 재적재 10 | 중계율 0.32 | alpha 0.862 | step_limit
Ep 226 | 드론4 목적지73 |  869스텝 | 배송 73/73 | 재적재 13 | 중계율 0.23 | alpha 0.868 | complete
Ep 227 | 드론4 목적지56 | 1000스텝 | 배송 55/56 | 재적재 10 | 중계율 0.29 | alpha 0.854 | step_limit
Ep 228 | 드론4 목적지24 |  722스텝 | 배송 24/24 | 재적재  2 | 중계율 0.35 | alpha 0.881 | complete
Ep 229 | 드론3 목적지32 | 1000스텝 | 배송 27/32 | 재적재  3 | 중계율 0.47 | alpha 0.866 | step_limit
Ep 230 | 드론3 목적지62 | 1000스텝 | 배송 50/62 | 재적재  8 | 중계율 0.29 | alpha 0.875 | step_limit
Ep 231 | 드론3 목적지27 |  759스텝 | 배송 27/27 | 재적재  4 | 중계율 0.30 | alpha 0.855 | complete
Ep 232 | 드론4 목적지27 | 1000스텝 | 배송 26/27 | 재적재  4 | 중계율 0.51 | alpha 0.855 | step_limit
Ep 233 | 드론4 목적지58 | 1000스텝 | 배송 50/58 | 재적재  8 | 중계율 0.35 | alpha 0.862 | step_limit
Ep 234 | 드론3 목적지56 | 1000스텝 | 배송 41/56 | 재적재  6 | 중계율 0.23 | alpha 0.851 | step_limit
Ep 235 | 드론3 목적지49 | 1000스텝 | 배송 45/49 | 재적재  6 | 중계율 0.38 | alpha 0.854 | step_limit
Ep 236 | 드론4 목적지71 | 1000스텝 | 배송 65/71 | 재적재 11 | 중계율 0.33 | alpha 0.859 | step_limit
Ep 237 | 드론4 목적지77 | 1000스텝 | 배송 74/77 | 재적재 14 | 중계율 0.24 | alpha 0.851 | step_limit
Ep 238 | 드론4 목적지27 |  694스텝 | 배송 27/27 | 재적재  5 | 중계율 0.32 | alpha 0.843 | complete
Ep 239 | 드론4 목적지37 | 1000스텝 | 배송 35/37 | 재적재  5 | 중계율 0.42 | alpha 0.833 | step_limit
Ep 240 | 드론4 목적지70 | 1000스텝 | 배송 66/70 | 재적재 12 | 중계율 0.27 | alpha 0.846 | step_limit
Ep 241 | 드론3 목적지46 | 1000스텝 | 배송 42/46 | 재적재  8 | 중계율 0.35 | alpha 0.825 | step_limit
Ep 242 | 드론4 목적지65 | 1000스텝 | 배송 64/65 | 재적재 12 | 중계율 0.19 | alpha 0.835 | step_limit
Ep 243 | 드론4 목적지39 |  913스텝 | 배송 39/39 | 재적재  5 | 중계율 0.39 | alpha 0.837 | complete
Ep 244 | 드론3 목적지51 |  943스텝 | 배송 51/51 | 재적재  8 | 중계율 0.35 | alpha 0.827 | complete
Ep 245 | 드론3 목적지52 | 1000스텝 | 배송 35/52 | 재적재  5 | 중계율 0.43 | alpha 0.828 | step_limit
Ep 246 | 드론4 목적지54 |  888스텝 | 배송 54/54 | 재적재  9 | 중계율 0.29 | alpha 0.819 | complete
Ep 247 | 드론4 목적지69 | 1000스텝 | 배송 64/69 | 재적재 10 | 중계율 0.33 | alpha 0.805 | step_limit
Ep 248 | 드론3 목적지77 | 1000스텝 | 배송 55/77 | 재적재 10 | 중계율 0.26 | alpha 0.810 | step_limit
Ep 249 | 드론4 목적지70 | 1000스텝 | 배송 69/70 | 재적재 11 | 중계율 0.28 | alpha 0.804 | step_limit
Ep 250 | 드론3 목적지51 | 1000스텝 | 배송 47/51 | 재적재  7 | 중계율 0.37 | alpha 0.786 | step_limit
  [홀드아웃] 배송 50.0±0.0 완주 1.00 스텝 1198 점수 124.0 재적재 7.5 2홉+ 0.62 | 최고 124.0@ep250 정체 0/8  ← 갱신
Ep 251 | 드론4 목적지33 |  767스텝 | 배송 33/33 | 재적재  6 | 중계율 0.34 | alpha 0.795 | complete
Ep 252 | 드론3 목적지25 |  751스텝 | 배송 25/25 | 재적재  3 | 중계율 0.41 | alpha 0.789 | complete
Ep 253 | 드론4 목적지49 | 1000스텝 | 배송 44/49 | 재적재  7 | 중계율 0.44 | alpha 0.795 | step_limit
Ep 254 | 드론4 목적지26 |  594스텝 | 배송 26/26 | 재적재  4 | 중계율 0.32 | alpha 0.788 | complete
Ep 255 | 드론3 목적지38 |  852스텝 | 배송 38/38 | 재적재  5 | 중계율 0.42 | alpha 0.794 | complete
Ep 256 | 드론3 목적지27 |  797스텝 | 배송 27/27 | 재적재  4 | 중계율 0.40 | alpha 0.798 | complete
Ep 257 | 드론3 목적지44 | 1000스텝 | 배송 41/44 | 재적재  8 | 중계율 0.38 | alpha 0.791 | step_limit
Ep 258 | 드론4 목적지73 | 1000스텝 | 배송 67/73 | 재적재 11 | 중계율 0.31 | alpha 0.806 | step_limit
Ep 259 | 드론4 목적지65 | 1000스텝 | 배송 62/65 | 재적재 10 | 중계율 0.31 | alpha 0.804 | step_limit
Ep 260 | 드론4 목적지49 | 1000스텝 | 배송 44/49 | 재적재  7 | 중계율 0.36 | alpha 0.812 | step_limit
Ep 261 | 드론4 목적지21 |  489스텝 | 배송 21/21 | 재적재  1 | 중계율 0.34 | alpha 0.801 | complete
Ep 262 | 드론3 목적지69 | 1000스텝 | 배송 65/69 | 재적재 12 | 중계율 0.29 | alpha 0.788 | step_limit
Ep 263 | 드론3 목적지40 |  934스텝 | 배송 40/40 | 재적재  7 | 중계율 0.40 | alpha 0.788 | complete
Ep 264 | 드론4 목적지35 |  669스텝 | 배송 35/35 | 재적재  4 | 중계율 0.36 | alpha 0.795 | complete
Ep 265 | 드론4 목적지52 |  779스텝 | 배송 52/52 | 재적재  9 | 중계율 0.25 | alpha 0.788 | complete
Ep 266 | 드론3 목적지33 |  745스텝 | 배송 33/33 | 재적재  5 | 중계율 0.27 | alpha 0.784 | complete
Ep 267 | 드론4 목적지32 |  614스텝 | 배송 32/32 | 재적재  5 | 중계율 0.36 | alpha 0.786 | complete
Ep 268 | 드론3 목적지39 | 1000스텝 | 배송 37/39 | 재적재  5 | 중계율 0.36 | alpha 0.787 | step_limit
Ep 269 | 드론4 목적지71 | 1000스텝 | 배송 63/71 | 재적재  9 | 중계율 0.31 | alpha 0.783 | step_limit
Ep 270 | 드론3 목적지56 | 1000스텝 | 배송 40/56 | 재적재  6 | 중계율 0.43 | alpha 0.775 | step_limit
Ep 271 | 드론4 목적지66 | 1000스텝 | 배송 55/66 | 재적재  9 | 중계율 0.29 | alpha 0.769 | step_limit
Ep 272 | 드론3 목적지33 |  834스텝 | 배송 33/33 | 재적재  5 | 중계율 0.28 | alpha 0.778 | complete
Ep 273 | 드론4 목적지75 | 1000스텝 | 배송 63/75 | 재적재 11 | 중계율 0.34 | alpha 0.778 | step_limit
Ep 274 | 드론3 목적지63 | 1000스텝 | 배송 52/63 | 재적재 10 | 중계율 0.24 | alpha 0.772 | step_limit
Ep 275 | 드론3 목적지46 | 1000스텝 | 배송 38/46 | 재적재  6 | 중계율 0.39 | alpha 0.759 | step_limit
Ep 276 | 드론4 목적지62 | 1000스텝 | 배송 48/62 | 재적재  7 | 중계율 0.35 | alpha 0.772 | step_limit
Ep 277 | 드론4 목적지35 | 1000스텝 | 배송 34/35 | 재적재  5 | 중계율 0.41 | alpha 0.772 | step_limit
Ep 278 | 드론3 목적지79 | 1000스텝 | 배송 64/79 | 재적재 11 | 중계율 0.24 | alpha 0.766 | step_limit
Ep 279 | 드론3 목적지50 | 1000스텝 | 배송 44/50 | 재적재  7 | 중계율 0.35 | alpha 0.776 | step_limit
Ep 280 | 드론3 목적지71 | 1000스텝 | 배송 54/71 | 재적재  8 | 중계율 0.32 | alpha 0.775 | step_limit
Ep 281 | 드론4 목적지52 | 1000스텝 | 배송 51/52 | 재적재  8 | 중계율 0.37 | alpha 0.772 | step_limit
Ep 282 | 드론3 목적지55 | 1000스텝 | 배송 49/55 | 재적재  8 | 중계율 0.33 | alpha 0.766 | step_limit
Ep 283 | 드론3 목적지44 |  798스텝 | 배송 44/44 | 재적재  7 | 중계율 0.26 | alpha 0.766 | complete
Ep 284 | 드론4 목적지61 |  942스텝 | 배송 61/61 | 재적재 10 | 중계율 0.32 | alpha 0.762 | complete
Ep 285 | 드론4 목적지61 | 1000스텝 | 배송 59/61 | 재적재 10 | 중계율 0.32 | alpha 0.754 | step_limit
Ep 286 | 드론4 목적지35 |  569스텝 | 배송 35/35 | 재적재  6 | 중계율 0.26 | alpha 0.750 | complete
Ep 287 | 드론4 목적지42 |  762스텝 | 배송 42/42 | 재적재  6 | 중계율 0.37 | alpha 0.750 | complete
Ep 288 | 드론3 목적지26 |  539스텝 | 배송 26/26 | 재적재  4 | 중계율 0.33 | alpha 0.753 | complete
Ep 289 | 드론4 목적지71 | 1000스텝 | 배송 67/71 | 재적재 11 | 중계율 0.29 | alpha 0.752 | step_limit
Ep 290 | 드론3 목적지34 |  842스텝 | 배송 34/34 | 재적재  5 | 중계율 0.35 | alpha 0.744 | complete
Ep 291 | 드론4 목적지70 | 1000스텝 | 배송 66/70 | 재적재 12 | 중계율 0.32 | alpha 0.739 | step_limit
Ep 292 | 드론4 목적지25 |  501스텝 | 배송 25/25 | 재적재  3 | 중계율 0.29 | alpha 0.740 | complete
Ep 293 | 드론4 목적지78 | 1000스텝 | 배송 66/78 | 재적재 11 | 중계율 0.34 | alpha 0.738 | step_limit
Ep 294 | 드론3 목적지63 | 1000스텝 | 배송 57/63 | 재적재  9 | 중계율 0.32 | alpha 0.737 | step_limit
Ep 295 | 드론3 목적지40 |  949스텝 | 배송 40/40 | 재적재  6 | 중계율 0.35 | alpha 0.734 | complete
Ep 296 | 드론3 목적지78 | 1000스텝 | 배송 57/78 | 재적재  9 | 중계율 0.35 | alpha 0.737 | step_limit
Ep 297 | 드론3 목적지76 | 1000스텝 | 배송 65/76 | 재적재 11 | 중계율 0.22 | alpha 0.730 | step_limit
Ep 298 | 드론4 목적지42 |  553스텝 | 배송 42/42 | 재적재  5 | 중계율 0.22 | alpha 0.733 | complete
Ep 299 | 드론4 목적지34 |  955스텝 | 배송 34/34 | 재적재  4 | 중계율 0.46 | alpha 0.733 | complete
Ep 300 | 드론4 목적지73 | 1000스텝 | 배송 61/73 | 재적재 10 | 중계율 0.35 | alpha 0.735 | step_limit
  [홀드아웃] 배송 50.0±0.0 완주 1.00 스텝 1190 점수 124.1 재적재 7.5 2홉+ 0.62 | 최고 124.1@ep300 정체 0/8  ← 갱신
Ep 301 | 드론4 목적지74 | 1000스텝 | 배송 68/74 | 재적재 12 | 중계율 0.22 | alpha 0.744 | step_limit
Ep 302 | 드론3 목적지56 | 1000스텝 | 배송 51/56 | 재적재  9 | 중계율 0.30 | alpha 0.726 | step_limit
Ep 303 | 드론4 목적지24 |  472스텝 | 배송 24/24 | 재적재  2 | 중계율 0.34 | alpha 0.729 | complete
Ep 304 | 드론4 목적지67 | 1000스텝 | 배송 52/67 | 재적재  8 | 중계율 0.35 | alpha 0.726 | step_limit
Ep 305 | 드론3 목적지69 | 1000스텝 | 배송 55/69 | 재적재 10 | 중계율 0.32 | alpha 0.712 | step_limit
Ep 306 | 드론3 목적지30 |  612스텝 | 배송 30/30 | 재적재  5 | 중계율 0.33 | alpha 0.711 | complete
Ep 307 | 드론4 목적지46 |  871스텝 | 배송 46/46 | 재적재  8 | 중계율 0.29 | alpha 0.704 | complete
Ep 308 | 드론3 목적지45 | 1000스텝 | 배송 42/45 | 재적재  7 | 중계율 0.33 | alpha 0.708 | step_limit
Ep 309 | 드론4 목적지80 | 1000스텝 | 배송 59/80 | 재적재 10 | 중계율 0.33 | alpha 0.709 | step_limit
Ep 310 | 드론3 목적지26 |  769스텝 | 배송 26/26 | 재적재  3 | 중계율 0.33 | alpha 0.706 | complete
Ep 311 | 드론3 목적지52 | 1000스텝 | 배송 46/52 | 재적재  8 | 중계율 0.25 | alpha 0.700 | step_limit
Ep 312 | 드론3 목적지42 |  954스텝 | 배송 42/42 | 재적재  6 | 중계율 0.40 | alpha 0.701 | complete
Ep 313 | 드론3 목적지60 | 1000스텝 | 배송 56/60 | 재적재 10 | 중계율 0.36 | alpha 0.703 | step_limit
Ep 314 | 드론3 목적지78 | 1000스텝 | 배송 60/78 | 재적재 10 | 중계율 0.36 | alpha 0.697 | step_limit
Ep 315 | 드론4 목적지51 | 1000스텝 | 배송 40/51 | 재적재  6 | 중계율 0.40 | alpha 0.694 | step_limit
Ep 316 | 드론4 목적지58 | 1000스텝 | 배송 56/58 | 재적재  9 | 중계율 0.26 | alpha 0.705 | step_limit
Ep 317 | 드론4 목적지75 | 1000스텝 | 배송 63/75 | 재적재 10 | 중계율 0.33 | alpha 0.694 | step_limit
Ep 318 | 드론4 목적지56 | 1000스텝 | 배송 52/56 | 재적재  9 | 중계율 0.38 | alpha 0.697 | step_limit
Ep 319 | 드론3 목적지69 | 1000스텝 | 배송 45/69 | 재적재  9 | 중계율 0.34 | alpha 0.703 | step_limit
Ep 320 | 드론4 목적지45 | 1000스텝 | 배송 44/45 | 재적재  7 | 중계율 0.40 | alpha 0.700 | step_limit
Ep 321 | 드론4 목적지28 |  574스텝 | 배송 28/28 | 재적재  3 | 중계율 0.37 | alpha 0.701 | complete
Ep 322 | 드론4 목적지59 |  759스텝 | 배송 59/59 | 재적재  9 | 중계율 0.23 | alpha 0.696 | complete
Ep 323 | 드론3 목적지44 | 1000스텝 | 배송 37/44 | 재적재  6 | 중계율 0.42 | alpha 0.700 | step_limit
Ep 324 | 드론3 목적지25 |  519스텝 | 배송 25/25 | 재적재  4 | 중계율 0.25 | alpha 0.690 | complete
Ep 325 | 드론4 목적지65 | 1000스텝 | 배송 62/65 | 재적재 11 | 중계율 0.28 | alpha 0.686 | step_limit
Ep 326 | 드론3 목적지31 |  873스텝 | 배송 31/31 | 재적재  5 | 중계율 0.40 | alpha 0.683 | complete
Ep 327 | 드론4 목적지67 | 1000스텝 | 배송 64/67 | 재적재  9 | 중계율 0.34 | alpha 0.667 | step_limit
Ep 328 | 드론3 목적지65 | 1000스텝 | 배송 60/65 | 재적재  9 | 중계율 0.27 | alpha 0.671 | step_limit
Ep 329 | 드론4 목적지33 |  791스텝 | 배송 33/33 | 재적재  4 | 중계율 0.38 | alpha 0.677 | complete
Ep 330 | 드론4 목적지76 | 1000스텝 | 배송 64/76 | 재적재 12 | 중계율 0.30 | alpha 0.686 | step_limit
Ep 331 | 드론3 목적지76 | 1000스텝 | 배송 58/76 | 재적재 10 | 중계율 0.35 | alpha 0.684 | step_limit
Ep 332 | 드론4 목적지75 |  959스텝 | 배송 75/75 | 재적재 13 | 중계율 0.31 | alpha 0.697 | complete
Ep 333 | 드론3 목적지26 |  614스텝 | 배송 26/26 | 재적재  4 | 중계율 0.32 | alpha 0.682 | complete
Ep 334 | 드론3 목적지63 | 1000스텝 | 배송 55/63 | 재적재 10 | 중계율 0.27 | alpha 0.668 | step_limit
Ep 335 | 드론4 목적지28 |  536스텝 | 배송 28/28 | 재적재  4 | 중계율 0.35 | alpha 0.675 | complete
Ep 336 | 드론3 목적지54 | 1000스텝 | 배송 50/54 | 재적재  9 | 중계율 0.35 | alpha 0.670 | step_limit
Ep 337 | 드론3 목적지65 | 1000스텝 | 배송 53/65 | 재적재 10 | 중계율 0.36 | alpha 0.669 | step_limit
Ep 338 | 드론3 목적지68 | 1000스텝 | 배송 55/68 | 재적재 10 | 중계율 0.37 | alpha 0.668 | step_limit
Ep 339 | 드론4 목적지47 |  878스텝 | 배송 47/47 | 재적재  7 | 중계율 0.31 | alpha 0.676 | complete
Ep 340 | 드론3 목적지73 | 1000스텝 | 배송 55/73 | 재적재 10 | 중계율 0.37 | alpha 0.676 | step_limit
Ep 341 | 드론3 목적지64 | 1000스텝 | 배송 50/64 | 재적재  7 | 중계율 0.40 | alpha 0.662 | step_limit
Ep 342 | 드론3 목적지26 |  538스텝 | 배송 26/26 | 재적재  3 | 중계율 0.26 | alpha 0.661 | complete
Ep 343 | 드론4 목적지58 | 1000스텝 | 배송 52/58 | 재적재  9 | 중계율 0.34 | alpha 0.648 | step_limit
Ep 344 | 드론4 목적지23 |  478스텝 | 배송 23/23 | 재적재  4 | 중계율 0.26 | alpha 0.642 | complete
Ep 345 | 드론4 목적지53 | 1000스텝 | 배송 52/53 | 재적재  9 | 중계율 0.41 | alpha 0.642 | step_limit
Ep 346 | 드론3 목적지21 |  491스텝 | 배송 21/21 | 재적재  2 | 중계율 0.39 | alpha 0.646 | complete
Ep 347 | 드론4 목적지39 |  872스텝 | 배송 39/39 | 재적재  6 | 중계율 0.31 | alpha 0.640 | complete
Ep 348 | 드론4 목적지46 |  873스텝 | 배송 46/46 | 재적재  7 | 중계율 0.26 | alpha 0.635 | complete
Ep 349 | 드론4 목적지37 |  735스텝 | 배송 37/37 | 재적재  4 | 중계율 0.33 | alpha 0.650 | complete
Ep 350 | 드론3 목적지42 | 1000스텝 | 배송 37/42 | 재적재  6 | 중계율 0.41 | alpha 0.640 | step_limit
  [홀드아웃] 배송 50.0±0.0 완주 1.00 스텝 1088 점수 125.5 재적재 7.4 2홉+ 0.61 | 최고 125.5@ep350 정체 0/8  ← 갱신
Ep 351 | 드론4 목적지54 |  818스텝 | 배송 54/54 | 재적재  8 | 중계율 0.32 | alpha 0.644 | complete
Ep 352 | 드론4 목적지69 | 1000스텝 | 배송 62/69 | 재적재 10 | 중계율 0.34 | alpha 0.638 | step_limit
Ep 353 | 드론3 목적지44 |  841스텝 | 배송 44/44 | 재적재  6 | 중계율 0.28 | alpha 0.635 | complete
Ep 354 | 드론3 목적지49 |  916스텝 | 배송 49/49 | 재적재  9 | 중계율 0.32 | alpha 0.634 | complete
Ep 355 | 드론3 목적지28 |  727스텝 | 배송 28/28 | 재적재  4 | 중계율 0.36 | alpha 0.635 | complete
Ep 356 | 드론3 목적지79 | 1000스텝 | 배송 59/79 | 재적재 10 | 중계율 0.24 | alpha 0.642 | step_limit
Ep 357 | 드론4 목적지71 |  913스텝 | 배송 71/71 | 재적재 13 | 중계율 0.20 | alpha 0.640 | complete
Ep 358 | 드론3 목적지30 |  899스텝 | 배송 30/30 | 재적재  5 | 중계율 0.40 | alpha 0.641 | complete
Ep 359 | 드론3 목적지74 | 1000스텝 | 배송 66/74 | 재적재 12 | 중계율 0.26 | alpha 0.633 | step_limit
Ep 360 | 드론4 목적지47 |  751스텝 | 배송 47/47 | 재적재  7 | 중계율 0.35 | alpha 0.636 | complete
Ep 361 | 드론3 목적지43 |  835스텝 | 배송 43/43 | 재적재  6 | 중계율 0.38 | alpha 0.632 | complete
Ep 362 | 드론4 목적지78 | 1000스텝 | 배송 66/78 | 재적재 11 | 중계율 0.29 | alpha 0.626 | step_limit
Ep 363 | 드론4 목적지70 | 1000스텝 | 배송 69/70 | 재적재 12 | 중계율 0.27 | alpha 0.631 | step_limit
Ep 364 | 드론3 목적지64 | 1000스텝 | 배송 49/64 | 재적재  9 | 중계율 0.35 | alpha 0.630 | step_limit
Ep 365 | 드론3 목적지63 | 1000스텝 | 배송 50/63 | 재적재  8 | 중계율 0.41 | alpha 0.628 | step_limit
Ep 366 | 드론3 목적지44 |  967스텝 | 배송 44/44 | 재적재  7 | 중계율 0.40 | alpha 0.618 | complete
Ep 367 | 드론4 목적지38 |  620스텝 | 배송 38/38 | 재적재  5 | 중계율 0.37 | alpha 0.624 | complete
Ep 368 | 드론3 목적지37 |  819스텝 | 배송 37/37 | 재적재  5 | 중계율 0.26 | alpha 0.621 | complete
Ep 369 | 드론3 목적지42 |  724스텝 | 배송 42/42 | 재적재  6 | 중계율 0.34 | alpha 0.631 | complete
Ep 370 | 드론3 목적지70 | 1000스텝 | 배송 60/70 | 재적재  9 | 중계율 0.32 | alpha 0.632 | step_limit
Ep 371 | 드론3 목적지40 | 1000스텝 | 배송 39/40 | 재적재  7 | 중계율 0.38 | alpha 0.630 | step_limit
Ep 372 | 드론4 목적지29 |  357스텝 | 배송 29/29 | 재적재  4 | 중계율 0.24 | alpha 0.625 | complete
Ep 373 | 드론3 목적지79 | 1000스텝 | 배송 65/79 | 재적재 12 | 중계율 0.29 | alpha 0.618 | step_limit
Ep 374 | 드론3 목적지40 | 1000스텝 | 배송 38/40 | 재적재  6 | 중계율 0.42 | alpha 0.620 | step_limit
Ep 375 | 드론3 목적지28 |  598스텝 | 배송 28/28 | 재적재  5 | 중계율 0.34 | alpha 0.617 | complete
Ep 376 | 드론3 목적지40 |  867스텝 | 배송 40/40 | 재적재  6 | 중계율 0.43 | alpha 0.619 | complete
Ep 377 | 드론3 목적지72 | 1000스텝 | 배송 51/72 | 재적재  9 | 중계율 0.35 | alpha 0.603 | step_limit
Ep 378 | 드론4 목적지61 |  817스텝 | 배송 61/61 | 재적재 10 | 중계율 0.28 | alpha 0.604 | complete
Ep 379 | 드론4 목적지68 | 1000스텝 | 배송 66/68 | 재적재 10 | 중계율 0.37 | alpha 0.597 | step_limit
Ep 380 | 드론3 목적지24 |  644스텝 | 배송 24/24 | 재적재  3 | 중계율 0.41 | alpha 0.595 | complete
Ep 381 | 드론3 목적지52 | 1000스텝 | 배송 46/52 | 재적재  7 | 중계율 0.38 | alpha 0.595 | step_limit
Ep 382 | 드론4 목적지35 | 1000스텝 | 배송 34/35 | 재적재  6 | 중계율 0.36 | alpha 0.600 | step_limit
Ep 383 | 드론3 목적지47 |  983스텝 | 배송 47/47 | 재적재  7 | 중계율 0.40 | alpha 0.598 | complete
Ep 384 | 드론3 목적지28 |  526스텝 | 배송 28/28 | 재적재  5 | 중계율 0.33 | alpha 0.597 | complete
Ep 385 | 드론4 목적지70 | 1000스텝 | 배송 69/70 | 재적재 12 | 중계율 0.32 | alpha 0.604 | step_limit
Ep 386 | 드론4 목적지71 | 1000스텝 | 배송 66/71 | 재적재 12 | 중계율 0.28 | alpha 0.601 | step_limit
Ep 387 | 드론3 목적지49 |  918스텝 | 배송 49/49 | 재적재  9 | 중계율 0.23 | alpha 0.602 | complete
Ep 388 | 드론3 목적지21 |  582스텝 | 배송 21/21 | 재적재  2 | 중계율 0.40 | alpha 0.601 | complete
Ep 389 | 드론4 목적지60 |  765스텝 | 배송 60/60 | 재적재 11 | 중계율 0.23 | alpha 0.600 | complete
Ep 390 | 드론4 목적지30 |  535스텝 | 배송 30/30 | 재적재  3 | 중계율 0.36 | alpha 0.595 | complete
Ep 391 | 드론3 목적지51 |  916스텝 | 배송 51/51 | 재적재  9 | 중계율 0.23 | alpha 0.601 | complete
Ep 392 | 드론3 목적지39 |  839스텝 | 배송 39/39 | 재적재  5 | 중계율 0.38 | alpha 0.593 | complete
Ep 393 | 드론4 목적지73 |  924스텝 | 배송 73/73 | 재적재 13 | 중계율 0.22 | alpha 0.599 | complete
Ep 394 | 드론3 목적지32 |  919스텝 | 배송 32/32 | 재적재  6 | 중계율 0.43 | alpha 0.596 | complete
Ep 395 | 드론4 목적지70 | 1000스텝 | 배송 64/70 | 재적재  9 | 중계율 0.26 | alpha 0.586 | step_limit
Ep 396 | 드론4 목적지28 |  491스텝 | 배송 28/28 | 재적재  4 | 중계율 0.31 | alpha 0.594 | complete
Ep 397 | 드론3 목적지39 |  967스텝 | 배송 39/39 | 재적재  6 | 중계율 0.40 | alpha 0.594 | complete
Ep 398 | 드론3 목적지40 |  812스텝 | 배송 40/40 | 재적재  7 | 중계율 0.31 | alpha 0.600 | complete
Ep 399 | 드론3 목적지51 | 1000스텝 | 배송 47/51 | 재적재  9 | 중계율 0.34 | alpha 0.587 | step_limit
Ep 400 | 드론3 목적지79 | 1000스텝 | 배송 60/79 | 재적재 10 | 중계율 0.36 | alpha 0.587 | step_limit
  [홀드아웃] 배송 49.6±3.2 완주 0.99 스텝 1149 점수 123.4 재적재 7.3 2홉+ 0.61 | 최고 125.5@ep350 정체 1/8
Ep 401 | 드론3 목적지63 | 1000스텝 | 배송 59/63 | 재적재  9 | 중계율 0.34 | alpha 0.579 | step_limit
Ep 402 | 드론3 목적지32 |  639스텝 | 배송 32/32 | 재적재  6 | 중계율 0.33 | alpha 0.574 | complete
Ep 403 | 드론3 목적지76 | 1000스텝 | 배송 65/76 | 재적재 11 | 중계율 0.29 | alpha 0.564 | step_limit
Ep 404 | 드론4 목적지23 |  435스텝 | 배송 23/23 | 재적재  2 | 중계율 0.31 | alpha 0.573 | complete
Ep 405 | 드론3 목적지67 | 1000스텝 | 배송 50/67 | 재적재  7 | 중계율 0.38 | alpha 0.581 | step_limit
Ep 406 | 드론3 목적지48 |  917스텝 | 배송 48/48 | 재적재  7 | 중계율 0.34 | alpha 0.579 | complete
Ep 407 | 드론3 목적지72 | 1000스텝 | 배송 60/72 | 재적재 10 | 중계율 0.34 | alpha 0.592 | step_limit
Ep 408 | 드론4 목적지79 | 1000스텝 | 배송 67/79 | 재적재 12 | 중계율 0.33 | alpha 0.585 | step_limit
Ep 409 | 드론4 목적지28 |  508스텝 | 배송 28/28 | 재적재  4 | 중계율 0.21 | alpha 0.579 | complete
Ep 410 | 드론4 목적지46 |  873스텝 | 배송 46/46 | 재적재  8 | 중계율 0.33 | alpha 0.577 | complete
Ep 411 | 드론4 목적지69 | 1000스텝 | 배송 59/69 | 재적재  9 | 중계율 0.42 | alpha 0.589 | step_limit
Ep 412 | 드론3 목적지47 |  878스텝 | 배송 47/47 | 재적재  8 | 중계율 0.32 | alpha 0.574 | complete
Ep 413 | 드론4 목적지45 |  686스텝 | 배송 45/45 | 재적재  7 | 중계율 0.32 | alpha 0.569 | complete
Ep 414 | 드론3 목적지76 | 1000스텝 | 배송 63/76 | 재적재 12 | 중계율 0.30 | alpha 0.578 | step_limit
Ep 415 | 드론3 목적지79 | 1000스텝 | 배송 66/79 | 재적재 12 | 중계율 0.30 | alpha 0.585 | step_limit
Ep 416 | 드론3 목적지20 |  396스텝 | 배송 20/20 | 재적재  3 | 중계율 0.31 | alpha 0.582 | complete
Ep 417 | 드론3 목적지45 |  855스텝 | 배송 45/45 | 재적재  6 | 중계율 0.32 | alpha 0.582 | complete
Ep 418 | 드론3 목적지75 | 1000스텝 | 배송 60/75 | 재적재 11 | 중계율 0.31 | alpha 0.580 | step_limit
Ep 419 | 드론4 목적지78 | 1000스텝 | 배송 67/78 | 재적재 12 | 중계율 0.35 | alpha 0.574 | step_limit
Ep 420 | 드론4 목적지33 |  634스텝 | 배송 33/33 | 재적재  5 | 중계율 0.30 | alpha 0.575 | complete
Ep 421 | 드론3 목적지62 | 1000스텝 | 배송 49/62 | 재적재  9 | 중계율 0.36 | alpha 0.569 | step_limit
Ep 422 | 드론4 목적지51 | 1000스텝 | 배송 46/51 | 재적재  7 | 중계율 0.37 | alpha 0.571 | step_limit
Ep 423 | 드론3 목적지44 |  890스텝 | 배송 44/44 | 재적재  6 | 중계율 0.37 | alpha 0.573 | complete
Ep 424 | 드론3 목적지33 |  844스텝 | 배송 33/33 | 재적재  5 | 중계율 0.43 | alpha 0.573 | complete
Ep 425 | 드론3 목적지33 |  538스텝 | 배송 33/33 | 재적재  5 | 중계율 0.21 | alpha 0.578 | complete
Ep 426 | 드론4 목적지24 |  410스텝 | 배송 24/24 | 재적재  4 | 중계율 0.25 | alpha 0.584 | complete
Ep 427 | 드론3 목적지64 | 1000스텝 | 배송 55/64 | 재적재  8 | 중계율 0.37 | alpha 0.598 | step_limit
Ep 428 | 드론4 목적지53 | 1000스텝 | 배송 50/53 | 재적재  7 | 중계율 0.44 | alpha 0.593 | step_limit
Ep 429 | 드론3 목적지36 |  693스텝 | 배송 36/36 | 재적재  5 | 중계율 0.37 | alpha 0.596 | complete
Ep 430 | 드론4 목적지48 |  784스텝 | 배송 48/48 | 재적재  7 | 중계율 0.34 | alpha 0.607 | complete
Ep 431 | 드론3 목적지56 | 1000스텝 | 배송 45/56 | 재적재  7 | 중계율 0.41 | alpha 0.598 | step_limit
Ep 432 | 드론3 목적지45 |  810스텝 | 배송 45/45 | 재적재  8 | 중계율 0.29 | alpha 0.596 | complete
Ep 433 | 드론4 목적지25 |  658스텝 | 배송 25/25 | 재적재  3 | 중계율 0.47 | alpha 0.603 | complete
Ep 434 | 드론3 목적지58 | 1000스텝 | 배송 54/58 | 재적재 10 | 중계율 0.36 | alpha 0.604 | step_limit
Ep 435 | 드론3 목적지72 | 1000스텝 | 배송 54/72 | 재적재 10 | 중계율 0.41 | alpha 0.614 | step_limit
Ep 436 | 드론3 목적지71 | 1000스텝 | 배송 63/71 | 재적재 12 | 중계율 0.31 | alpha 0.605 | step_limit
Ep 437 | 드론3 목적지53 | 1000스텝 | 배송 50/53 | 재적재  9 | 중계율 0.40 | alpha 0.591 | step_limit
Ep 438 | 드론4 목적지31 |  598스텝 | 배송 31/31 | 재적재  4 | 중계율 0.40 | alpha 0.587 | complete
Ep 439 | 드론4 목적지77 | 1000스텝 | 배송 74/77 | 재적재 14 | 중계율 0.29 | alpha 0.587 | step_limit
Ep 440 | 드론3 목적지73 | 1000스텝 | 배송 54/73 | 재적재 10 | 중계율 0.29 | alpha 0.583 | step_limit
Ep 441 | 드론4 목적지27 |  375스텝 | 배송 27/27 | 재적재  3 | 중계율 0.26 | alpha 0.577 | complete
Ep 442 | 드론3 목적지20 |  376스텝 | 배송 20/20 | 재적재  3 | 중계율 0.31 | alpha 0.572 | complete
Ep 443 | 드론4 목적지73 | 1000스텝 | 배송 72/73 | 재적재 12 | 중계율 0.22 | alpha 0.587 | step_limit
Ep 444 | 드론3 목적지56 | 1000스텝 | 배송 54/56 | 재적재 10 | 중계율 0.28 | alpha 0.586 | step_limit
Ep 445 | 드론4 목적지20 |  435스텝 | 배송 20/20 | 재적재  3 | 중계율 0.45 | alpha 0.583 | complete
Ep 446 | 드론3 목적지26 |  577스텝 | 배송 26/26 | 재적재  3 | 중계율 0.35 | alpha 0.590 | complete
Ep 447 | 드론3 목적지41 |  770스텝 | 배송 41/41 | 재적재  7 | 중계율 0.28 | alpha 0.596 | complete
Ep 448 | 드론4 목적지73 | 1000스텝 | 배송 68/73 | 재적재 11 | 중계율 0.28 | alpha 0.606 | step_limit
Ep 449 | 드론3 목적지56 | 1000스텝 | 배송 54/56 | 재적재  9 | 중계율 0.35 | alpha 0.597 | step_limit
Ep 450 | 드론3 목적지35 |  736스텝 | 배송 35/35 | 재적재  6 | 중계율 0.39 | alpha 0.602 | complete
  [홀드아웃] 배송 49.9±0.7 완주 0.99 스텝 1095 점수 124.1 재적재 7.3 2홉+ 0.61 | 최고 125.5@ep350 정체 2/8
Ep 451 | 드론4 목적지77 |  960스텝 | 배송 77/77 | 재적재 14 | 중계율 0.19 | alpha 0.606 | complete
Ep 452 | 드론3 목적지22 |  618스텝 | 배송 22/22 | 재적재  4 | 중계율 0.36 | alpha 0.596 | complete
Ep 453 | 드론4 목적지47 |  695스텝 | 배송 47/47 | 재적재  8 | 중계율 0.26 | alpha 0.594 | complete
Ep 454 | 드론4 목적지72 | 1000스텝 | 배송 60/72 | 재적재 11 | 중계율 0.31 | alpha 0.596 | step_limit
Ep 455 | 드론4 목적지63 | 1000스텝 | 배송 53/63 | 재적재 10 | 중계율 0.34 | alpha 0.595 | step_limit
Ep 456 | 드론3 목적지73 | 1000스텝 | 배송 65/73 | 재적재 11 | 중계율 0.34 | alpha 0.595 | step_limit
Ep 457 | 드론4 목적지36 |  865스텝 | 배송 36/36 | 재적재  4 | 중계율 0.44 | alpha 0.599 | complete
Ep 458 | 드론4 목적지78 | 1000스텝 | 배송 73/78 | 재적재 13 | 중계율 0.25 | alpha 0.599 | step_limit
Ep 459 | 드론4 목적지45 | 1000스텝 | 배송 44/45 | 재적재  6 | 중계율 0.44 | alpha 0.595 | step_limit
Ep 460 | 드론3 목적지70 | 1000스텝 | 배송 56/70 | 재적재  9 | 중계율 0.38 | alpha 0.594 | step_limit
Ep 461 | 드론3 목적지39 |  733스텝 | 배송 39/39 | 재적재  6 | 중계율 0.31 | alpha 0.607 | complete
Ep 462 | 드론4 목적지62 | 1000스텝 | 배송 56/62 | 재적재 10 | 중계율 0.34 | alpha 0.604 | step_limit
Ep 463 | 드론3 목적지67 | 1000스텝 | 배송 62/67 | 재적재 11 | 중계율 0.32 | alpha 0.594 | step_limit
Ep 464 | 드론3 목적지33 |  686스텝 | 배송 33/33 | 재적재  5 | 중계율 0.26 | alpha 0.608 | complete
Ep 465 | 드론4 목적지80 | 1000스텝 | 배송 59/80 | 재적재  9 | 중계율 0.36 | alpha 0.598 | step_limit
Ep 466 | 드론4 목적지42 |  952스텝 | 배송 42/42 | 재적재  7 | 중계율 0.25 | alpha 0.608 | complete
Ep 467 | 드론3 목적지63 | 1000스텝 | 배송 57/63 | 재적재 11 | 중계율 0.29 | alpha 0.595 | step_limit
Ep 468 | 드론3 목적지78 | 1000스텝 | 배송 65/78 | 재적재 10 | 중계율 0.31 | alpha 0.601 | step_limit
Ep 469 | 드론4 목적지48 |  859스텝 | 배송 48/48 | 재적재  8 | 중계율 0.28 | alpha 0.604 | complete
Ep 470 | 드론4 목적지70 | 1000스텝 | 배송 67/70 | 재적재 11 | 중계율 0.35 | alpha 0.597 | step_limit
Ep 471 | 드론3 목적지24 |  440스텝 | 배송 24/24 | 재적재  3 | 중계율 0.33 | alpha 0.589 | complete
Ep 472 | 드론4 목적지62 | 1000스텝 | 배송 56/62 | 재적재 10 | 중계율 0.32 | alpha 0.583 | step_limit
Ep 473 | 드론3 목적지30 |  695스텝 | 배송 30/30 | 재적재  3 | 중계율 0.38 | alpha 0.588 | complete
Ep 474 | 드론3 목적지37 |  759스텝 | 배송 37/37 | 재적재  7 | 중계율 0.39 | alpha 0.593 | complete
Ep 475 | 드론3 목적지71 | 1000스텝 | 배송 62/71 | 재적재 10 | 중계율 0.32 | alpha 0.584 | step_limit
Ep 476 | 드론3 목적지29 |  610스텝 | 배송 29/29 | 재적재  4 | 중계율 0.34 | alpha 0.580 | complete
Ep 477 | 드론3 목적지36 |  731스텝 | 배송 36/36 | 재적재  5 | 중계율 0.39 | alpha 0.579 | complete
Ep 478 | 드론3 목적지52 | 1000스텝 | 배송 51/52 | 재적재 10 | 중계율 0.36 | alpha 0.581 | step_limit
Ep 479 | 드론4 목적지75 | 1000스텝 | 배송 64/75 | 재적재 11 | 중계율 0.34 | alpha 0.601 | step_limit
Ep 480 | 드론4 목적지64 | 1000스텝 | 배송 61/64 | 재적재 10 | 중계율 0.29 | alpha 0.593 | step_limit
Ep 481 | 드론3 목적지70 | 1000스텝 | 배송 60/70 | 재적재  9 | 중계율 0.36 | alpha 0.611 | step_limit
Ep 482 | 드론4 목적지39 |  616스텝 | 배송 39/39 | 재적재  6 | 중계율 0.28 | alpha 0.607 | complete
Ep 483 | 드론4 목적지51 |  916스텝 | 배송 51/51 | 재적재  8 | 중계율 0.37 | alpha 0.600 | complete
Ep 484 | 드론4 목적지43 |  957스텝 | 배송 43/43 | 재적재  6 | 중계율 0.36 | alpha 0.595 | complete
Ep 485 | 드론3 목적지36 |  786스텝 | 배송 36/36 | 재적재  5 | 중계율 0.41 | alpha 0.597 | complete
Ep 486 | 드론3 목적지53 | 1000스텝 | 배송 49/53 | 재적재  8 | 중계율 0.34 | alpha 0.592 | step_limit
Ep 487 | 드론4 목적지34 |  692스텝 | 배송 34/34 | 재적재  5 | 중계율 0.34 | alpha 0.593 | complete
Ep 488 | 드론3 목적지73 | 1000스텝 | 배송 60/73 | 재적재 11 | 중계율 0.36 | alpha 0.599 | step_limit
Ep 489 | 드론4 목적지52 | 1000스텝 | 배송 50/52 | 재적재  8 | 중계율 0.32 | alpha 0.594 | step_limit
Ep 490 | 드론4 목적지40 |  705스텝 | 배송 40/40 | 재적재  7 | 중계율 0.35 | alpha 0.590 | complete
Ep 491 | 드론3 목적지47 | 1000스텝 | 배송 45/47 | 재적재  8 | 중계율 0.25 | alpha 0.592 | step_limit
Ep 492 | 드론3 목적지71 | 1000스텝 | 배송 59/71 | 재적재 10 | 중계율 0.33 | alpha 0.597 | step_limit
Ep 493 | 드론3 목적지46 |  963스텝 | 배송 46/46 | 재적재  9 | 중계율 0.35 | alpha 0.586 | complete
Ep 494 | 드론3 목적지47 |  974스텝 | 배송 47/47 | 재적재  8 | 중계율 0.38 | alpha 0.588 | complete
Ep 495 | 드론3 목적지45 | 1000스텝 | 배송 41/45 | 재적재  7 | 중계율 0.37 | alpha 0.605 | step_limit
Ep 496 | 드론4 목적지65 |  923스텝 | 배송 65/65 | 재적재 10 | 중계율 0.28 | alpha 0.607 | complete
Ep 497 | 드론3 목적지35 |  690스텝 | 배송 35/35 | 재적재  6 | 중계율 0.30 | alpha 0.599 | complete
Ep 498 | 드론4 목적지39 |  861스텝 | 배송 39/39 | 재적재  5 | 중계율 0.47 | alpha 0.584 | complete
Ep 499 | 드론4 목적지28 |  578스텝 | 배송 28/28 | 재적재  3 | 중계율 0.37 | alpha 0.583 | complete
Ep 500 | 드론3 목적지49 | 1000스텝 | 배송 46/49 | 재적재  7 | 중계율 0.42 | alpha 0.594 | step_limit
  [홀드아웃] 배송 50.0±0.2 완주 0.97 스텝 1062 점수 123.3 재적재 7.3 2홉+ 0.62 | 최고 125.5@ep350 정체 3/8
Ep 501 | 드론4 목적지26 |  632스텝 | 배송 26/26 | 재적재  3 | 중계율 0.42 | alpha 0.595 | complete
Ep 502 | 드론4 목적지69 | 1000스텝 | 배송 67/69 | 재적재 12 | 중계율 0.25 | alpha 0.585 | step_limit
Ep 503 | 드론4 목적지44 |  769스텝 | 배송 44/44 | 재적재  6 | 중계율 0.30 | alpha 0.585 | complete
Ep 504 | 드론4 목적지34 |  756스텝 | 배송 34/34 | 재적재  5 | 중계율 0.44 | alpha 0.586 | complete
Ep 505 | 드론4 목적지77 | 1000스텝 | 배송 51/77 | 재적재  8 | 중계율 0.44 | alpha 0.602 | step_limit
Ep 506 | 드론4 목적지55 |  822스텝 | 배송 55/55 | 재적재  9 | 중계율 0.24 | alpha 0.605 | complete
Ep 507 | 드론3 목적지61 | 1000스텝 | 배송 59/61 | 재적재 11 | 중계율 0.24 | alpha 0.605 | step_limit
Ep 508 | 드론3 목적지24 |  540스텝 | 배송 24/24 | 재적재  4 | 중계율 0.30 | alpha 0.590 | complete
Ep 509 | 드론3 목적지48 | 1000스텝 | 배송 45/48 | 재적재  6 | 중계율 0.40 | alpha 0.574 | step_limit
Ep 510 | 드론4 목적지71 | 1000스텝 | 배송 59/71 | 재적재 10 | 중계율 0.34 | alpha 0.587 | step_limit
Ep 511 | 드론4 목적지39 |  990스텝 | 배송 39/39 | 재적재  7 | 중계율 0.40 | alpha 0.590 | complete
Ep 512 | 드론4 목적지29 |  380스텝 | 배송 29/29 | 재적재  4 | 중계율 0.19 | alpha 0.592 | complete
Ep 513 | 드론4 목적지46 |  609스텝 | 배송 46/46 | 재적재  7 | 중계율 0.32 | alpha 0.588 | complete
Ep 514 | 드론3 목적지49 | 1000스텝 | 배송 46/49 | 재적재  9 | 중계율 0.37 | alpha 0.594 | step_limit
Ep 515 | 드론3 목적지70 | 1000스텝 | 배송 60/70 | 재적재 12 | 중계율 0.33 | alpha 0.601 | step_limit
Ep 516 | 드론4 목적지63 | 1000스텝 | 배송 47/63 | 재적재  7 | 중계율 0.39 | alpha 0.606 | step_limit
Ep 517 | 드론4 목적지44 | 1000스텝 | 배송 43/44 | 재적재  6 | 중계율 0.39 | alpha 0.610 | step_limit
Ep 518 | 드론3 목적지57 | 1000스텝 | 배송 47/57 | 재적재  7 | 중계율 0.44 | alpha 0.596 | step_limit
Ep 519 | 드론4 목적지34 |  547스텝 | 배송 34/34 | 재적재  5 | 중계율 0.31 | alpha 0.611 | complete
Ep 520 | 드론3 목적지68 | 1000스텝 | 배송 62/68 | 재적재 10 | 중계율 0.28 | alpha 0.614 | step_limit
Ep 521 | 드론4 목적지71 | 1000스텝 | 배송 61/71 | 재적재  9 | 중계율 0.41 | alpha 0.609 | step_limit
Ep 522 | 드론3 목적지72 | 1000스텝 | 배송 64/72 | 재적재 10 | 중계율 0.33 | alpha 0.596 | step_limit
Ep 523 | 드론3 목적지27 |  909스텝 | 배송 26/27 | 재적재  3 | 중계율 0.43 | alpha 0.602 | no_progress
Ep 524 | 드론3 목적지37 | 1000스텝 | 배송 36/37 | 재적재  5 | 중계율 0.45 | alpha 0.599 | step_limit
Ep 525 | 드론3 목적지79 | 1000스텝 | 배송 65/79 | 재적재 12 | 중계율 0.30 | alpha 0.606 | step_limit
Ep 526 | 드론3 목적지39 |  824스텝 | 배송 39/39 | 재적재  7 | 중계율 0.37 | alpha 0.598 | complete
Ep 527 | 드론3 목적지42 |  845스텝 | 배송 42/42 | 재적재  7 | 중계율 0.36 | alpha 0.606 | complete
Ep 528 | 드론3 목적지51 | 1000스텝 | 배송 49/51 | 재적재  8 | 중계율 0.34 | alpha 0.609 | step_limit
Ep 529 | 드론3 목적지21 |  705스텝 | 배송 21/21 | 재적재  3 | 중계율 0.37 | alpha 0.607 | complete
Ep 530 | 드론4 목적지34 |  580스텝 | 배송 34/34 | 재적재  4 | 중계율 0.34 | alpha 0.618 | complete
Ep 531 | 드론4 목적지64 | 1000스텝 | 배송 62/64 | 재적재 10 | 중계율 0.37 | alpha 0.624 | step_limit
Ep 532 | 드론4 목적지78 | 1000스텝 | 배송 68/78 | 재적재 13 | 중계율 0.21 | alpha 0.613 | step_limit
Ep 533 | 드론4 목적지68 | 1000스텝 | 배송 60/68 | 재적재 10 | 중계율 0.35 | alpha 0.600 | step_limit
Ep 534 | 드론3 목적지25 |  425스텝 | 배송 25/25 | 재적재  2 | 중계율 0.40 | alpha 0.598 | complete
Ep 535 | 드론3 목적지25 |  606스텝 | 배송 25/25 | 재적재  4 | 중계율 0.38 | alpha 0.592 | complete
Ep 536 | 드론4 목적지71 |  956스텝 | 배송 71/71 | 재적재 11 | 중계율 0.32 | alpha 0.602 | complete
Ep 537 | 드론4 목적지31 |  812스텝 | 배송 31/31 | 재적재  5 | 중계율 0.42 | alpha 0.601 | complete
Ep 538 | 드론4 목적지55 |  935스텝 | 배송 55/55 | 재적재  8 | 중계율 0.38 | alpha 0.598 | complete
Ep 539 | 드론3 목적지46 |  822스텝 | 배송 46/46 | 재적재  7 | 중계율 0.35 | alpha 0.604 | complete
Ep 540 | 드론4 목적지50 |  829스텝 | 배송 50/50 | 재적재  8 | 중계율 0.24 | alpha 0.611 | complete
Ep 541 | 드론4 목적지25 |  452스텝 | 배송 25/25 | 재적재  4 | 중계율 0.29 | alpha 0.601 | complete
Ep 542 | 드론4 목적지65 | 1000스텝 | 배송 62/65 | 재적재 11 | 중계율 0.33 | alpha 0.594 | step_limit
Ep 543 | 드론3 목적지32 |  779스텝 | 배송 32/32 | 재적재  6 | 중계율 0.31 | alpha 0.610 | complete
Ep 544 | 드론4 목적지60 | 1000스텝 | 배송 57/60 | 재적재 11 | 중계율 0.34 | alpha 0.607 | step_limit
Ep 545 | 드론3 목적지74 | 1000스텝 | 배송 60/74 | 재적재  9 | 중계율 0.34 | alpha 0.601 | step_limit
Ep 546 | 드론3 목적지45 |  844스텝 | 배송 45/45 | 재적재  7 | 중계율 0.39 | alpha 0.602 | complete
Ep 547 | 드론3 목적지37 |  647스텝 | 배송 37/37 | 재적재  6 | 중계율 0.25 | alpha 0.599 | complete
Ep 548 | 드론3 목적지63 | 1000스텝 | 배송 60/63 | 재적재 12 | 중계율 0.31 | alpha 0.589 | step_limit
Ep 549 | 드론4 목적지55 |  890스텝 | 배송 55/55 | 재적재  9 | 중계율 0.30 | alpha 0.605 | complete
Ep 550 | 드론4 목적지30 | 1000스텝 | 배송 28/30 | 재적재  3 | 중계율 0.43 | alpha 0.606 | step_limit
  [홀드아웃] 배송 50.0±0.0 완주 1.00 스텝 1018 점수 126.4 재적재 7.2 2홉+ 0.62 | 최고 126.4@ep550 정체 0/8  ← 갱신
Ep 551 | 드론4 목적지33 |  388스텝 | 배송 33/33 | 재적재  5 | 중계율 0.17 | alpha 0.606 | complete
Ep 552 | 드론4 목적지71 |  972스텝 | 배송 71/71 | 재적재 11 | 중계율 0.26 | alpha 0.582 | complete
Ep 553 | 드론4 목적지68 |  991스텝 | 배송 68/68 | 재적재 11 | 중계율 0.34 | alpha 0.595 | complete
Ep 554 | 드론3 목적지74 | 1000스텝 | 배송 61/74 | 재적재 11 | 중계율 0.30 | alpha 0.602 | step_limit
Ep 555 | 드론4 목적지59 | 1000스텝 | 배송 51/59 | 재적재  8 | 중계율 0.42 | alpha 0.617 | step_limit
Ep 556 | 드론4 목적지41 |  889스텝 | 배송 41/41 | 재적재  6 | 중계율 0.42 | alpha 0.602 | complete
Ep 557 | 드론3 목적지71 | 1000스텝 | 배송 65/71 | 재적재 12 | 중계율 0.24 | alpha 0.611 | step_limit
Ep 558 | 드론4 목적지50 |  878스텝 | 배송 50/50 | 재적재  9 | 중계율 0.24 | alpha 0.609 | complete
Ep 559 | 드론4 목적지57 |  884스텝 | 배송 57/57 | 재적재 10 | 중계율 0.33 | alpha 0.614 | complete
Ep 560 | 드론4 목적지42 |  618스텝 | 배송 42/42 | 재적재  7 | 중계율 0.25 | alpha 0.620 | complete
Ep 561 | 드론4 목적지27 |  564스텝 | 배송 27/27 | 재적재  2 | 중계율 0.38 | alpha 0.617 | complete
Ep 562 | 드론4 목적지47 | 1000스텝 | 배송 43/47 | 재적재  7 | 중계율 0.41 | alpha 0.625 | step_limit
Ep 563 | 드론3 목적지78 | 1000스텝 | 배송 63/78 | 재적재 10 | 중계율 0.32 | alpha 0.595 | step_limit
Ep 564 | 드론4 목적지30 |  595스텝 | 배송 30/30 | 재적재  5 | 중계율 0.31 | alpha 0.591 | complete
Ep 565 | 드론4 목적지22 |  336스텝 | 배송 22/22 | 재적재  3 | 중계율 0.27 | alpha 0.590 | complete
Ep 566 | 드론3 목적지49 |  876스텝 | 배송 49/49 | 재적재  7 | 중계율 0.34 | alpha 0.592 | complete
Ep 567 | 드론3 목적지78 | 1000스텝 | 배송 54/78 | 재적재  9 | 중계율 0.34 | alpha 0.593 | step_limit
Ep 568 | 드론4 목적지67 | 1000스텝 | 배송 49/67 | 재적재  7 | 중계율 0.42 | alpha 0.604 | step_limit
Ep 569 | 드론4 목적지70 | 1000스텝 | 배송 69/70 | 재적재 11 | 중계율 0.30 | alpha 0.615 | step_limit
Ep 570 | 드론3 목적지72 | 1000스텝 | 배송 66/72 | 재적재 12 | 중계율 0.29 | alpha 0.605 | step_limit
Ep 571 | 드론4 목적지49 |  800스텝 | 배송 49/49 | 재적재  7 | 중계율 0.33 | alpha 0.590 | complete
Ep 572 | 드론4 목적지75 | 1000스텝 | 배송 71/75 | 재적재 11 | 중계율 0.32 | alpha 0.617 | step_limit
Ep 573 | 드론4 목적지66 |  896스텝 | 배송 66/66 | 재적재 12 | 중계율 0.33 | alpha 0.612 | complete
Ep 574 | 드론4 목적지44 |  799스텝 | 배송 44/44 | 재적재  8 | 중계율 0.32 | alpha 0.600 | complete
Ep 575 | 드론4 목적지78 | 1000스텝 | 배송 75/78 | 재적재 12 | 중계율 0.26 | alpha 0.603 | step_limit
Ep 576 | 드론3 목적지69 | 1000스텝 | 배송 54/69 | 재적재  9 | 중계율 0.39 | alpha 0.597 | step_limit
Ep 577 | 드론4 목적지24 |  404스텝 | 배송 24/24 | 재적재  3 | 중계율 0.27 | alpha 0.591 | complete
Ep 578 | 드론4 목적지32 |  626스텝 | 배송 32/32 | 재적재  4 | 중계율 0.28 | alpha 0.586 | complete
Ep 579 | 드론4 목적지26 |  397스텝 | 배송 26/26 | 재적재  2 | 중계율 0.32 | alpha 0.587 | complete
Ep 580 | 드론4 목적지60 |  977스텝 | 배송 60/60 | 재적재 11 | 중계율 0.31 | alpha 0.591 | complete
Ep 581 | 드론3 목적지47 | 1000스텝 | 배송 41/47 | 재적재  7 | 중계율 0.36 | alpha 0.592 | step_limit
Ep 582 | 드론3 목적지36 |  707스텝 | 배송 36/36 | 재적재  6 | 중계율 0.36 | alpha 0.588 | complete
Ep 583 | 드론4 목적지65 | 1000스텝 | 배송 60/65 | 재적재  9 | 중계율 0.29 | alpha 0.602 | step_limit
Ep 584 | 드론3 목적지54 | 1000스텝 | 배송 49/54 | 재적재  8 | 중계율 0.37 | alpha 0.610 | step_limit
Ep 585 | 드론4 목적지72 | 1000스텝 | 배송 57/72 | 재적재  9 | 중계율 0.35 | alpha 0.600 | step_limit
Ep 586 | 드론4 목적지37 |  745스텝 | 배송 37/37 | 재적재  6 | 중계율 0.37 | alpha 0.593 | complete
Ep 587 | 드론3 목적지49 |  974스텝 | 배송 49/49 | 재적재  8 | 중계율 0.41 | alpha 0.591 | complete
Ep 588 | 드론3 목적지57 | 1000스텝 | 배송 53/57 | 재적재  8 | 중계율 0.36 | alpha 0.600 | step_limit
Ep 589 | 드론3 목적지50 | 1000스텝 | 배송 48/50 | 재적재  9 | 중계율 0.36 | alpha 0.582 | step_limit
Ep 590 | 드론3 목적지47 |  740스텝 | 배송 47/47 | 재적재  7 | 중계율 0.30 | alpha 0.575 | complete
Ep 591 | 드론4 목적지64 | 1000스텝 | 배송 57/64 | 재적재 10 | 중계율 0.44 | alpha 0.590 | step_limit
Ep 592 | 드론4 목적지22 |  326스텝 | 배송 22/22 | 재적재  2 | 중계율 0.31 | alpha 0.598 | complete
Ep 593 | 드론4 목적지51 |  862스텝 | 배송 51/51 | 재적재  8 | 중계율 0.37 | alpha 0.600 | complete
Ep 594 | 드론3 목적지40 |  817스텝 | 배송 40/40 | 재적재  6 | 중계율 0.39 | alpha 0.588 | complete
Ep 595 | 드론4 목적지26 |  619스텝 | 배송 26/26 | 재적재  3 | 중계율 0.38 | alpha 0.597 | complete
Ep 596 | 드론4 목적지26 |  422스텝 | 배송 26/26 | 재적재  4 | 중계율 0.23 | alpha 0.589 | complete
Ep 597 | 드론3 목적지21 |  763스텝 | 배송 21/21 | 재적재  2 | 중계율 0.45 | alpha 0.593 | complete
Ep 598 | 드론3 목적지23 |  561스텝 | 배송 23/23 | 재적재  3 | 중계율 0.36 | alpha 0.595 | complete
Ep 599 | 드론3 목적지77 | 1000스텝 | 배송 55/77 | 재적재  9 | 중계율 0.31 | alpha 0.591 | step_limit
Ep 600 | 드론4 목적지68 | 1000스텝 | 배송 47/68 | 재적재  8 | 중계율 0.40 | alpha 0.585 | step_limit
  [홀드아웃] 배송 49.8±1.4 완주 0.97 스텝 1031 점수 123.8 재적재 7.3 2홉+ 0.61 | 최고 126.4@ep550 정체 1/8
Ep 601 | 드론3 목적지20 |  568스텝 | 배송 20/20 | 재적재  3 | 중계율 0.40 | alpha 0.576 | complete
Ep 602 | 드론4 목적지72 |  886스텝 | 배송 72/72 | 재적재 12 | 중계율 0.26 | alpha 0.581 | complete
Ep 603 | 드론4 목적지60 |  815스텝 | 배송 60/60 | 재적재 11 | 중계율 0.27 | alpha 0.591 | complete
Ep 604 | 드론4 목적지68 |  869스텝 | 배송 68/68 | 재적재 13 | 중계율 0.20 | alpha 0.592 | complete
Ep 605 | 드론3 목적지73 | 1000스텝 | 배송 55/73 | 재적재  9 | 중계율 0.38 | alpha 0.591 | step_limit
Ep 606 | 드론4 목적지51 | 1000스텝 | 배송 50/51 | 재적재  9 | 중계율 0.37 | alpha 0.594 | step_limit
Ep 607 | 드론3 목적지48 |  975스텝 | 배송 48/48 | 재적재  8 | 중계율 0.33 | alpha 0.587 | complete
Ep 608 | 드론4 목적지67 |  643스텝 | 배송 67/67 | 재적재 11 | 중계율 0.22 | alpha 0.585 | complete
Ep 609 | 드론3 목적지51 | 1000스텝 | 배송 45/51 | 재적재  8 | 중계율 0.38 | alpha 0.585 | step_limit
Ep 610 | 드론3 목적지72 | 1000스텝 | 배송 61/72 | 재적재 10 | 중계율 0.26 | alpha 0.587 | step_limit
Ep 611 | 드론3 목적지77 | 1000스텝 | 배송 60/77 | 재적재 10 | 중계율 0.33 | alpha 0.603 | step_limit
Ep 612 | 드론3 목적지42 | 1000스텝 | 배송 40/42 | 재적재  7 | 중계율 0.43 | alpha 0.605 | step_limit
Ep 613 | 드론3 목적지40 |  974스텝 | 배송 40/40 | 재적재  7 | 중계율 0.30 | alpha 0.600 | complete
Ep 614 | 드론3 목적지42 | 1000스텝 | 배송 41/42 | 재적재  7 | 중계율 0.40 | alpha 0.591 | step_limit
Ep 615 | 드론3 목적지80 | 1000스텝 | 배송 71/80 | 재적재 13 | 중계율 0.24 | alpha 0.591 | step_limit
Ep 616 | 드론4 목적지26 |  558스텝 | 배송 26/26 | 재적재  4 | 중계율 0.35 | alpha 0.586 | complete
Ep 617 | 드론4 목적지75 | 1000스텝 | 배송 66/75 | 재적재 11 | 중계율 0.34 | alpha 0.594 | step_limit
Ep 618 | 드론3 목적지50 | 1000스텝 | 배송 46/50 | 재적재  8 | 중계율 0.38 | alpha 0.600 | step_limit
Ep 619 | 드론4 목적지71 | 1000스텝 | 배송 63/71 | 재적재 11 | 중계율 0.30 | alpha 0.600 | step_limit
Ep 620 | 드론4 목적지55 | 1000스텝 | 배송 52/55 | 재적재  8 | 중계율 0.38 | alpha 0.602 | step_limit
Ep 621 | 드론3 목적지79 | 1000스텝 | 배송 55/79 | 재적재 10 | 중계율 0.32 | alpha 0.615 | step_limit
Ep 622 | 드론4 목적지56 | 1000스텝 | 배송 52/56 | 재적재 10 | 중계율 0.40 | alpha 0.608 | step_limit
Ep 623 | 드론3 목적지33 |  709스텝 | 배송 33/33 | 재적재  6 | 중계율 0.33 | alpha 0.600 | complete
Ep 624 | 드론3 목적지72 | 1000스텝 | 배송 58/72 | 재적재 10 | 중계율 0.32 | alpha 0.597 | step_limit
Ep 625 | 드론4 목적지47 |  791스텝 | 배송 47/47 | 재적재  7 | 중계율 0.41 | alpha 0.590 | complete
Ep 626 | 드론3 목적지52 |  981스텝 | 배송 52/52 | 재적재  9 | 중계율 0.31 | alpha 0.594 | complete
Ep 627 | 드론4 목적지66 | 1000스텝 | 배송 51/66 | 재적재  8 | 중계율 0.41 | alpha 0.603 | step_limit
Ep 628 | 드론3 목적지42 |  951스텝 | 배송 42/42 | 재적재  7 | 중계율 0.32 | alpha 0.612 | complete
Ep 629 | 드론3 목적지31 |  821스텝 | 배송 31/31 | 재적재  6 | 중계율 0.41 | alpha 0.609 | complete
Ep 630 | 드론3 목적지65 | 1000스텝 | 배송 56/65 | 재적재 10 | 중계율 0.33 | alpha 0.600 | step_limit
Ep 631 | 드론3 목적지20 |  500스텝 | 배송 20/20 | 재적재  3 | 중계율 0.30 | alpha 0.597 | complete
Ep 632 | 드론3 목적지38 |  909스텝 | 배송 38/38 | 재적재  7 | 중계율 0.43 | alpha 0.588 | complete
Ep 633 | 드론4 목적지67 |  752스텝 | 배송 67/67 | 재적재 12 | 중계율 0.23 | alpha 0.602 | complete
Ep 634 | 드론4 목적지47 |  703스텝 | 배송 47/47 | 재적재  7 | 중계율 0.24 | alpha 0.604 | complete
Ep 635 | 드론4 목적지30 |  435스텝 | 배송 30/30 | 재적재  4 | 중계율 0.16 | alpha 0.609 | complete
Ep 636 | 드론3 목적지29 |  595스텝 | 배송 29/29 | 재적재  5 | 중계율 0.41 | alpha 0.596 | complete
Ep 637 | 드론3 목적지71 | 1000스텝 | 배송 60/71 | 재적재  9 | 중계율 0.38 | alpha 0.590 | step_limit
Ep 638 | 드론4 목적지73 |  849스텝 | 배송 73/73 | 재적재 12 | 중계율 0.27 | alpha 0.593 | complete
Ep 639 | 드론4 목적지79 | 1000스텝 | 배송 55/79 | 재적재  8 | 중계율 0.38 | alpha 0.588 | step_limit
Ep 640 | 드론3 목적지22 |  516스텝 | 배송 22/22 | 재적재  3 | 중계율 0.37 | alpha 0.583 | complete
Ep 641 | 드론4 목적지77 | 1000스텝 | 배송 65/77 | 재적재 10 | 중계율 0.32 | alpha 0.589 | step_limit
Ep 642 | 드론4 목적지26 |  325스텝 | 배송 26/26 | 재적재  4 | 중계율 0.26 | alpha 0.591 | complete
Ep 643 | 드론4 목적지30 |  667스텝 | 배송 30/30 | 재적재  4 | 중계율 0.24 | alpha 0.585 | complete
Ep 644 | 드론3 목적지77 | 1000스텝 | 배송 62/77 | 재적재 11 | 중계율 0.26 | alpha 0.588 | step_limit
Ep 645 | 드론3 목적지34 |  686스텝 | 배송 34/34 | 재적재  5 | 중계율 0.27 | alpha 0.589 | complete
Ep 646 | 드론4 목적지34 |  750스텝 | 배송 34/34 | 재적재  5 | 중계율 0.27 | alpha 0.592 | complete
Ep 647 | 드론3 목적지37 |  908스텝 | 배송 37/37 | 재적재  6 | 중계율 0.40 | alpha 0.600 | complete
Ep 648 | 드론3 목적지55 | 1000스텝 | 배송 54/55 | 재적재  9 | 중계율 0.30 | alpha 0.605 | step_limit
Ep 649 | 드론3 목적지20 |  462스텝 | 배송 20/20 | 재적재  2 | 중계율 0.45 | alpha 0.604 | complete
Ep 650 | 드론4 목적지37 |  723스텝 | 배송 37/37 | 재적재  6 | 중계율 0.29 | alpha 0.597 | complete
  [홀드아웃] 배송 49.7±2.3 완주 0.99 스텝 1008 점수 125.3 재적재 7.2 2홉+ 0.62 | 최고 126.4@ep550 정체 2/8
Ep 651 | 드론3 목적지77 | 1000스텝 | 배송 56/77 | 재적재  9 | 중계율 0.31 | alpha 0.588 | step_limit
Ep 652 | 드론4 목적지57 | 1000스텝 | 배송 54/57 | 재적재  8 | 중계율 0.34 | alpha 0.593 | step_limit
Ep 653 | 드론4 목적지38 |  538스텝 | 배송 38/38 | 재적재  6 | 중계율 0.28 | alpha 0.588 | complete
Ep 654 | 드론4 목적지45 |  673스텝 | 배송 45/45 | 재적재  7 | 중계율 0.30 | alpha 0.591 | complete
Ep 655 | 드론3 목적지40 |  894스텝 | 배송 40/40 | 재적재  6 | 중계율 0.40 | alpha 0.577 | complete
Ep 656 | 드론4 목적지31 |  482스텝 | 배송 31/31 | 재적재  4 | 중계율 0.28 | alpha 0.581 | complete
Ep 657 | 드론4 목적지26 |  789스텝 | 배송 26/26 | 재적재  3 | 중계율 0.45 | alpha 0.603 | complete
Ep 658 | 드론3 목적지39 |  750스텝 | 배송 39/39 | 재적재  7 | 중계율 0.34 | alpha 0.610 | complete
Ep 659 | 드론3 목적지51 | 1000스텝 | 배송 48/51 | 재적재  8 | 중계율 0.33 | alpha 0.604 | step_limit
Ep 660 | 드론3 목적지51 | 1000스텝 | 배송 48/51 | 재적재  8 | 중계율 0.41 | alpha 0.608 | step_limit
Ep 661 | 드론3 목적지38 |  796스텝 | 배송 38/38 | 재적재  5 | 중계율 0.37 | alpha 0.610 | complete
Ep 662 | 드론4 목적지43 |  594스텝 | 배송 43/43 | 재적재  6 | 중계율 0.29 | alpha 0.611 | complete
Ep 663 | 드론4 목적지57 | 1000스텝 | 배송 56/57 | 재적재  9 | 중계율 0.34 | alpha 0.615 | step_limit
Ep 664 | 드론3 목적지27 |  697스텝 | 배송 27/27 | 재적재  5 | 중계율 0.38 | alpha 0.601 | complete
Ep 665 | 드론4 목적지59 | 1000스텝 | 배송 54/59 | 재적재 10 | 중계율 0.27 | alpha 0.600 | step_limit
Ep 666 | 드론3 목적지72 | 1000스텝 | 배송 63/72 | 재적재 11 | 중계율 0.30 | alpha 0.591 | step_limit
Ep 667 | 드론4 목적지45 |  619스텝 | 배송 45/45 | 재적재  7 | 중계율 0.32 | alpha 0.604 | complete
Ep 668 | 드론3 목적지65 | 1000스텝 | 배송 52/65 | 재적재  8 | 중계율 0.29 | alpha 0.613 | step_limit
Ep 669 | 드론3 목적지66 | 1000스텝 | 배송 65/66 | 재적재 11 | 중계율 0.24 | alpha 0.611 | step_limit
Ep 670 | 드론4 목적지77 | 1000스텝 | 배송 57/77 | 재적재  9 | 중계율 0.33 | alpha 0.606 | step_limit
Ep 671 | 드론4 목적지58 | 1000스텝 | 배송 51/58 | 재적재  9 | 중계율 0.40 | alpha 0.598 | step_limit
Ep 672 | 드론3 목적지43 |  665스텝 | 배송 43/43 | 재적재  7 | 중계율 0.26 | alpha 0.599 | complete
Ep 673 | 드론4 목적지68 | 1000스텝 | 배송 62/68 | 재적재 11 | 중계율 0.34 | alpha 0.606 | step_limit
Ep 674 | 드론3 목적지52 |  978스텝 | 배송 52/52 | 재적재  9 | 중계율 0.35 | alpha 0.602 | complete
Ep 675 | 드론3 목적지42 | 1000스텝 | 배송 34/42 | 재적재  5 | 중계율 0.45 | alpha 0.605 | step_limit
Ep 676 | 드론3 목적지45 |  834스텝 | 배송 45/45 | 재적재  8 | 중계율 0.31 | alpha 0.600 | complete
Ep 677 | 드론3 목적지41 | 1000스텝 | 배송 40/41 | 재적재  6 | 중계율 0.35 | alpha 0.604 | step_limit
Ep 678 | 드론4 목적지79 | 1000스텝 | 배송 58/79 | 재적재 10 | 중계율 0.33 | alpha 0.603 | step_limit
Ep 679 | 드론3 목적지24 |  598스텝 | 배송 24/24 | 재적재  2 | 중계율 0.41 | alpha 0.606 | complete
Ep 680 | 드론3 목적지52 | 1000스텝 | 배송 47/52 | 재적재  7 | 중계율 0.43 | alpha 0.614 | step_limit
Ep 681 | 드론4 목적지77 | 1000스텝 | 배송 65/77 | 재적재 12 | 중계율 0.30 | alpha 0.592 | step_limit
Ep 682 | 드론3 목적지49 |  874스텝 | 배송 49/49 | 재적재  9 | 중계율 0.31 | alpha 0.603 | complete
Ep 683 | 드론4 목적지63 | 1000스텝 | 배송 58/63 | 재적재 10 | 중계율 0.36 | alpha 0.606 | step_limit
Ep 684 | 드론3 목적지37 |  759스텝 | 배송 37/37 | 재적재  6 | 중계율 0.42 | alpha 0.605 | complete
Ep 685 | 드론4 목적지56 | 1000스텝 | 배송 55/56 | 재적재  8 | 중계율 0.36 | alpha 0.602 | step_limit
Ep 686 | 드론3 목적지28 |  766스텝 | 배송 28/28 | 재적재  4 | 중계율 0.37 | alpha 0.610 | complete
Ep 687 | 드론4 목적지77 |  918스텝 | 배송 77/77 | 재적재 13 | 중계율 0.21 | alpha 0.616 | complete
Ep 688 | 드론3 목적지45 | 1000스텝 | 배송 45/45 | 재적재  6 | 중계율 0.42 | alpha 0.602 | complete
Ep 689 | 드론4 목적지70 | 1000스텝 | 배송 64/70 | 재적재 11 | 중계율 0.33 | alpha 0.601 | step_limit
Ep 690 | 드론4 목적지62 | 1000스텝 | 배송 58/62 | 재적재 10 | 중계율 0.33 | alpha 0.608 | step_limit
Ep 691 | 드론3 목적지31 |  586스텝 | 배송 31/31 | 재적재  4 | 중계율 0.37 | alpha 0.606 | complete
Ep 692 | 드론4 목적지61 | 1000스텝 | 배송 57/61 | 재적재  9 | 중계율 0.33 | alpha 0.614 | step_limit
Ep 693 | 드론4 목적지60 | 1000스텝 | 배송 54/60 | 재적재  8 | 중계율 0.40 | alpha 0.610 | step_limit
Ep 694 | 드론3 목적지33 |  713스텝 | 배송 33/33 | 재적재  5 | 중계율 0.38 | alpha 0.618 | complete
Ep 695 | 드론3 목적지29 |  762스텝 | 배송 29/29 | 재적재  5 | 중계율 0.38 | alpha 0.608 | complete
Ep 696 | 드론4 목적지28 |  492스텝 | 배송 28/28 | 재적재  4 | 중계율 0.30 | alpha 0.599 | complete
Ep 697 | 드론4 목적지35 |  503스텝 | 배송 35/35 | 재적재  5 | 중계율 0.33 | alpha 0.613 | complete
Ep 698 | 드론3 목적지32 |  768스텝 | 배송 32/32 | 재적재  5 | 중계율 0.46 | alpha 0.617 | complete
Ep 699 | 드론3 목적지62 | 1000스텝 | 배송 55/62 | 재적재 11 | 중계율 0.30 | alpha 0.624 | step_limit
Ep 700 | 드론3 목적지61 | 1000스텝 | 배송 57/61 | 재적재 10 | 중계율 0.33 | alpha 0.597 | step_limit
  [홀드아웃] 배송 50.0±0.0 완주 1.00 스텝 1067 점수 125.8 재적재 7.3 2홉+ 0.61 | 최고 126.4@ep550 정체 3/8
Ep 701 | 드론4 목적지72 | 1000스텝 | 배송 70/72 | 재적재 12 | 중계율 0.29 | alpha 0.588 | step_limit
Ep 702 | 드론4 목적지34 |  809스텝 | 배송 34/34 | 재적재  5 | 중계율 0.45 | alpha 0.605 | complete
Ep 703 | 드론4 목적지32 |  657스텝 | 배송 32/32 | 재적재  4 | 중계율 0.37 | alpha 0.602 | complete
Ep 704 | 드론4 목적지74 | 1000스텝 | 배송 70/74 | 재적재 13 | 중계율 0.34 | alpha 0.608 | step_limit
Ep 705 | 드론3 목적지38 |  686스텝 | 배송 38/38 | 재적재  6 | 중계율 0.34 | alpha 0.609 | complete
Ep 706 | 드론4 목적지30 |  465스텝 | 배송 30/30 | 재적재  4 | 중계율 0.32 | alpha 0.613 | complete
Ep 707 | 드론4 목적지31 |  811스텝 | 배송 31/31 | 재적재  5 | 중계율 0.33 | alpha 0.601 | complete
Ep 708 | 드론3 목적지63 | 1000스텝 | 배송 55/63 | 재적재 10 | 중계율 0.32 | alpha 0.613 | step_limit
Ep 709 | 드론3 목적지20 |  890스텝 | 배송 18/20 | 재적재  3 | 중계율 0.49 | alpha 0.612 | no_progress
Ep 710 | 드론4 목적지78 |  962스텝 | 배송 78/78 | 재적재 14 | 중계율 0.26 | alpha 0.593 | complete
Ep 711 | 드론4 목적지58 | 1000스텝 | 배송 51/58 | 재적재  9 | 중계율 0.43 | alpha 0.598 | step_limit
Ep 712 | 드론3 목적지75 | 1000스텝 | 배송 64/75 | 재적재 11 | 중계율 0.34 | alpha 0.593 | step_limit
Ep 713 | 드론3 목적지69 | 1000스텝 | 배송 64/69 | 재적재 11 | 중계율 0.20 | alpha 0.602 | step_limit
Ep 714 | 드론3 목적지36 |  885스텝 | 배송 36/36 | 재적재  5 | 중계율 0.44 | alpha 0.593 | complete
Ep 715 | 드론3 목적지65 | 1000스텝 | 배송 60/65 | 재적재 10 | 중계율 0.35 | alpha 0.605 | step_limit
Ep 716 | 드론4 목적지36 |  745스텝 | 배송 36/36 | 재적재  6 | 중계율 0.26 | alpha 0.615 | complete
Ep 717 | 드론4 목적지56 | 1000스텝 | 배송 48/56 | 재적재  8 | 중계율 0.41 | alpha 0.607 | step_limit
Ep 718 | 드론3 목적지69 | 1000스텝 | 배송 52/69 | 재적재  9 | 중계율 0.24 | alpha 0.632 | step_limit
Ep 719 | 드론3 목적지21 |  374스텝 | 배송 21/21 | 재적재  4 | 중계율 0.24 | alpha 0.624 | complete
Ep 720 | 드론4 목적지45 | 1000스텝 | 배송 43/45 | 재적재  7 | 중계율 0.36 | alpha 0.601 | step_limit
Ep 721 | 드론3 목적지30 |  567스텝 | 배송 30/30 | 재적재  5 | 중계율 0.28 | alpha 0.598 | complete
Ep 722 | 드론4 목적지47 |  604스텝 | 배송 47/47 | 재적재  8 | 중계율 0.23 | alpha 0.609 | complete
Ep 723 | 드론3 목적지51 |  937스텝 | 배송 51/51 | 재적재 10 | 중계율 0.34 | alpha 0.601 | complete
Ep 724 | 드론4 목적지57 | 1000스텝 | 배송 51/57 | 재적재  9 | 중계율 0.39 | alpha 0.600 | step_limit
Ep 725 | 드론4 목적지29 |  697스텝 | 배송 29/29 | 재적재  4 | 중계율 0.41 | alpha 0.600 | complete
Ep 726 | 드론4 목적지69 | 1000스텝 | 배송 65/69 | 재적재 11 | 중계율 0.36 | alpha 0.603 | step_limit
Ep 727 | 드론4 목적지36 |  855스텝 | 배송 36/36 | 재적재  5 | 중계율 0.44 | alpha 0.602 | complete
Ep 728 | 드론3 목적지74 | 1000스텝 | 배송 61/74 | 재적재 11 | 중계율 0.33 | alpha 0.591 | step_limit
Ep 729 | 드론4 목적지64 |  948스텝 | 배송 64/64 | 재적재 10 | 중계율 0.37 | alpha 0.590 | complete
Ep 730 | 드론3 목적지70 | 1000스텝 | 배송 60/70 | 재적재 11 | 중계율 0.29 | alpha 0.596 | step_limit
Ep 731 | 드론3 목적지48 | 1000스텝 | 배송 47/48 | 재적재  8 | 중계율 0.34 | alpha 0.606 | step_limit
Ep 732 | 드론4 목적지37 |  805스텝 | 배송 37/37 | 재적재  4 | 중계율 0.47 | alpha 0.608 | complete
Ep 733 | 드론4 목적지67 |  980스텝 | 배송 67/67 | 재적재 11 | 중계율 0.29 | alpha 0.610 | complete
Ep 734 | 드론4 목적지54 | 1000스텝 | 배송 46/54 | 재적재  8 | 중계율 0.44 | alpha 0.602 | step_limit
Ep 735 | 드론4 목적지57 | 1000스텝 | 배송 50/57 | 재적재  9 | 중계율 0.39 | alpha 0.598 | step_limit
Ep 736 | 드론4 목적지39 |  558스텝 | 배송 39/39 | 재적재  6 | 중계율 0.23 | alpha 0.604 | complete
Ep 737 | 드론3 목적지29 |  724스텝 | 배송 29/29 | 재적재  4 | 중계율 0.37 | alpha 0.602 | complete
Ep 738 | 드론4 목적지68 |  772스텝 | 배송 68/68 | 재적재 11 | 중계율 0.25 | alpha 0.610 | complete
Ep 739 | 드론3 목적지20 |  632스텝 | 배송 20/20 | 재적재  3 | 중계율 0.39 | alpha 0.607 | complete
Ep 740 | 드론3 목적지69 | 1000스텝 | 배송 51/69 | 재적재 10 | 중계율 0.41 | alpha 0.610 | step_limit
Ep 741 | 드론4 목적지41 |  733스텝 | 배송 41/41 | 재적재  7 | 중계율 0.39 | alpha 0.597 | complete
Ep 742 | 드론3 목적지78 | 1000스텝 | 배송 61/78 | 재적재 11 | 중계율 0.30 | alpha 0.593 | step_limit
Ep 743 | 드론3 목적지39 |  977스텝 | 배송 39/39 | 재적재  6 | 중계율 0.42 | alpha 0.588 | complete
Ep 744 | 드론3 목적지57 | 1000스텝 | 배송 54/57 | 재적재  8 | 중계율 0.36 | alpha 0.599 | step_limit
Ep 745 | 드론3 목적지76 | 1000스텝 | 배송 69/76 | 재적재 12 | 중계율 0.30 | alpha 0.598 | step_limit
Ep 746 | 드론3 목적지69 | 1000스텝 | 배송 60/69 | 재적재 10 | 중계율 0.32 | alpha 0.588 | step_limit
Ep 747 | 드론3 목적지33 |  630스텝 | 배송 33/33 | 재적재  6 | 중계율 0.35 | alpha 0.588 | complete
Ep 748 | 드론3 목적지30 |  500스텝 | 배송 30/30 | 재적재  5 | 중계율 0.29 | alpha 0.578 | complete
Ep 749 | 드론4 목적지32 |  601스텝 | 배송 32/32 | 재적재  4 | 중계율 0.37 | alpha 0.584 | complete
Ep 750 | 드론4 목적지61 |  872스텝 | 배송 61/61 | 재적재 10 | 중계율 0.30 | alpha 0.602 | complete
  [홀드아웃] 배송 50.0±0.0 완주 1.00 스텝 1072 점수 125.7 재적재 7.4 2홉+ 0.61 | 최고 126.4@ep550 정체 4/8
Ep 751 | 드론4 목적지34 |  688스텝 | 배송 34/34 | 재적재  5 | 중계율 0.36 | alpha 0.599 | complete
Ep 752 | 드론4 목적지69 | 1000스텝 | 배송 64/69 | 재적재 10 | 중계율 0.39 | alpha 0.612 | step_limit
Ep 753 | 드론3 목적지80 | 1000스텝 | 배송 65/80 | 재적재 11 | 중계율 0.28 | alpha 0.594 | step_limit
Ep 754 | 드론3 목적지29 |  663스텝 | 배송 29/29 | 재적재  5 | 중계율 0.31 | alpha 0.603 | complete
Ep 755 | 드론3 목적지43 |  941스텝 | 배송 43/43 | 재적재  7 | 중계율 0.30 | alpha 0.596 | complete
Ep 756 | 드론4 목적지30 |  587스텝 | 배송 30/30 | 재적재  4 | 중계율 0.39 | alpha 0.598 | complete
Ep 757 | 드론4 목적지37 |  744스텝 | 배송 37/37 | 재적재  6 | 중계율 0.35 | alpha 0.596 | complete
Ep 758 | 드론3 목적지51 |  916스텝 | 배송 51/51 | 재적재 10 | 중계율 0.29 | alpha 0.592 | complete
Ep 759 | 드론4 목적지23 |  509스텝 | 배송 23/23 | 재적재  3 | 중계율 0.35 | alpha 0.594 | complete
Ep 760 | 드론4 목적지60 | 1000스텝 | 배송 55/60 | 재적재  9 | 중계율 0.37 | alpha 0.594 | step_limit
Ep 761 | 드론3 목적지77 | 1000스텝 | 배송 57/77 | 재적재 10 | 중계율 0.36 | alpha 0.602 | step_limit
Ep 762 | 드론4 목적지26 |  759스텝 | 배송 26/26 | 재적재  4 | 중계율 0.41 | alpha 0.601 | complete
Ep 763 | 드론4 목적지70 |  894스텝 | 배송 70/70 | 재적재 13 | 중계율 0.23 | alpha 0.593 | complete
Ep 764 | 드론4 목적지32 | 1000스텝 | 배송 31/32 | 재적재  5 | 중계율 0.48 | alpha 0.599 | step_limit
Ep 765 | 드론4 목적지23 |  566스텝 | 배송 23/23 | 재적재  3 | 중계율 0.39 | alpha 0.605 | complete
Ep 766 | 드론4 목적지51 |  818스텝 | 배송 51/51 | 재적재  8 | 중계율 0.29 | alpha 0.604 | complete
Ep 767 | 드론3 목적지49 |  884스텝 | 배송 49/49 | 재적재  7 | 중계율 0.35 | alpha 0.611 | complete
Ep 768 | 드론3 목적지72 | 1000스텝 | 배송 58/72 | 재적재 10 | 중계율 0.31 | alpha 0.605 | step_limit
Ep 769 | 드론4 목적지22 |  372스텝 | 배송 22/22 | 재적재  3 | 중계율 0.26 | alpha 0.604 | complete
Ep 770 | 드론4 목적지53 |  692스텝 | 배송 53/53 | 재적재  9 | 중계율 0.20 | alpha 0.604 | complete
Ep 771 | 드론4 목적지38 |  699스텝 | 배송 38/38 | 재적재  6 | 중계율 0.36 | alpha 0.597 | complete
Ep 772 | 드론3 목적지36 |  874스텝 | 배송 36/36 | 재적재  6 | 중계율 0.37 | alpha 0.601 | complete
Ep 773 | 드론4 목적지21 |  464스텝 | 배송 21/21 | 재적재  2 | 중계율 0.45 | alpha 0.602 | complete
Ep 774 | 드론4 목적지46 |  722스텝 | 배송 46/46 | 재적재  7 | 중계율 0.31 | alpha 0.599 | complete
Ep 775 | 드론4 목적지41 |  699스텝 | 배송 41/41 | 재적재  6 | 중계율 0.36 | alpha 0.601 | complete
Ep 776 | 드론4 목적지48 |  665스텝 | 배송 48/48 | 재적재  7 | 중계율 0.31 | alpha 0.605 | complete
Ep 777 | 드론3 목적지20 |  477스텝 | 배송 20/20 | 재적재  2 | 중계율 0.41 | alpha 0.606 | complete
Ep 778 | 드론4 목적지57 | 1000스텝 | 배송 53/57 | 재적재  8 | 중계율 0.42 | alpha 0.606 | step_limit
Ep 779 | 드론4 목적지79 | 1000스텝 | 배송 66/79 | 재적재 11 | 중계율 0.39 | alpha 0.604 | step_limit
Ep 780 | 드론3 목적지68 | 1000스텝 | 배송 58/68 | 재적재 10 | 중계율 0.29 | alpha 0.614 | step_limit
Ep 781 | 드론4 목적지50 |  660스텝 | 배송 50/50 | 재적재  9 | 중계율 0.28 | alpha 0.605 | complete
Ep 782 | 드론4 목적지45 |  864스텝 | 배송 45/45 | 재적재  6 | 중계율 0.45 | alpha 0.598 | complete
Ep 783 | 드론3 목적지28 |  626스텝 | 배송 28/28 | 재적재  3 | 중계율 0.36 | alpha 0.589 | complete
Ep 784 | 드론4 목적지58 | 1000스텝 | 배송 52/58 | 재적재  8 | 중계율 0.36 | alpha 0.598 | step_limit
Ep 785 | 드론3 목적지49 | 1000스텝 | 배송 48/49 | 재적재  8 | 중계율 0.37 | alpha 0.600 | step_limit
Ep 786 | 드론3 목적지53 | 1000스텝 | 배송 47/53 | 재적재  8 | 중계율 0.35 | alpha 0.615 | step_limit
Ep 787 | 드론3 목적지47 | 1000스텝 | 배송 45/47 | 재적재  6 | 중계율 0.43 | alpha 0.608 | step_limit
Ep 788 | 드론4 목적지75 | 1000스텝 | 배송 66/75 | 재적재 11 | 중계율 0.36 | alpha 0.608 | step_limit
Ep 789 | 드론3 목적지79 | 1000스텝 | 배송 71/79 | 재적재 12 | 중계율 0.28 | alpha 0.593 | step_limit
Ep 790 | 드론3 목적지65 | 1000스텝 | 배송 56/65 | 재적재  9 | 중계율 0.31 | alpha 0.596 | step_limit
Ep 791 | 드론3 목적지21 |  546스텝 | 배송 21/21 | 재적재  3 | 중계율 0.37 | alpha 0.587 | complete
Ep 792 | 드론3 목적지50 |  962스텝 | 배송 50/50 | 재적재  9 | 중계율 0.25 | alpha 0.595 | complete
Ep 793 | 드론4 목적지27 |  557스텝 | 배송 27/27 | 재적재  4 | 중계율 0.35 | alpha 0.596 | complete
Ep 794 | 드론3 목적지74 | 1000스텝 | 배송 58/74 | 재적재  9 | 중계율 0.31 | alpha 0.586 | step_limit
Ep 795 | 드론3 목적지58 | 1000스텝 | 배송 54/58 | 재적재  9 | 중계율 0.27 | alpha 0.589 | step_limit
Ep 796 | 드론3 목적지23 |  540스텝 | 배송 23/23 | 재적재  2 | 중계율 0.43 | alpha 0.588 | complete
Ep 797 | 드론4 목적지34 |  640스텝 | 배송 34/34 | 재적재  5 | 중계율 0.18 | alpha 0.590 | complete
Ep 798 | 드론3 목적지60 |  894스텝 | 배송 60/60 | 재적재  9 | 중계율 0.31 | alpha 0.599 | complete
Ep 799 | 드론3 목적지33 |  636스텝 | 배송 33/33 | 재적재  5 | 중계율 0.31 | alpha 0.585 | complete
Ep 800 | 드론4 목적지50 |  744스텝 | 배송 50/50 | 재적재  7 | 중계율 0.29 | alpha 0.591 | complete
  [홀드아웃] 배송 50.0±0.0 완주 1.00 스텝 1165 점수 124.5 재적재 7.5 2홉+ 0.61 | 최고 126.4@ep550 정체 5/8
Ep 801 | 드론4 목적지57 | 1000스텝 | 배송 55/57 | 재적재  8 | 중계율 0.33 | alpha 0.614 | step_limit
Ep 802 | 드론3 목적지68 | 1000스텝 | 배송 65/68 | 재적재 10 | 중계율 0.31 | alpha 0.596 | step_limit
Ep 803 | 드론3 목적지80 | 1000스텝 | 배송 65/80 | 재적재 10 | 중계율 0.28 | alpha 0.622 | step_limit
Ep 804 | 드론4 목적지65 | 1000스텝 | 배송 60/65 | 재적재 10 | 중계율 0.34 | alpha 0.611 | step_limit
Ep 805 | 드론4 목적지78 | 1000스텝 | 배송 73/78 | 재적재 11 | 중계율 0.31 | alpha 0.620 | step_limit
Ep 806 | 드론4 목적지73 |  890스텝 | 배송 73/73 | 재적재 11 | 중계율 0.26 | alpha 0.604 | complete
Ep 807 | 드론4 목적지69 |  908스텝 | 배송 69/69 | 재적재 12 | 중계율 0.27 | alpha 0.606 | complete
Ep 808 | 드론3 목적지26 |  876스텝 | 배송 26/26 | 재적재  3 | 중계율 0.44 | alpha 0.606 | complete
Ep 809 | 드론3 목적지70 | 1000스텝 | 배송 60/70 | 재적재 11 | 중계율 0.27 | alpha 0.611 | step_limit
Ep 810 | 드론3 목적지68 |  993스텝 | 배송 68/68 | 재적재 12 | 중계율 0.28 | alpha 0.605 | complete
Ep 811 | 드론3 목적지58 | 1000스텝 | 배송 56/58 | 재적재  9 | 중계율 0.26 | alpha 0.600 | step_limit
Ep 812 | 드론3 목적지33 |  643스텝 | 배송 33/33 | 재적재  5 | 중계율 0.34 | alpha 0.605 | complete
Ep 813 | 드론3 목적지41 |  860스텝 | 배송 41/41 | 재적재  7 | 중계율 0.34 | alpha 0.613 | complete
Ep 814 | 드론3 목적지24 |  505스텝 | 배송 24/24 | 재적재  3 | 중계율 0.39 | alpha 0.613 | complete
Ep 815 | 드론3 목적지38 |  772스텝 | 배송 38/38 | 재적재  6 | 중계율 0.35 | alpha 0.609 | complete
Ep 816 | 드론3 목적지25 |  812스텝 | 배송 25/25 | 재적재  4 | 중계율 0.40 | alpha 0.614 | complete
Ep 817 | 드론3 목적지53 |  888스텝 | 배송 53/53 | 재적재  9 | 중계율 0.25 | alpha 0.610 | complete
Ep 818 | 드론4 목적지28 |  438스텝 | 배송 28/28 | 재적재  4 | 중계율 0.31 | alpha 0.611 | complete
Ep 819 | 드론4 목적지23 |  461스텝 | 배송 23/23 | 재적재  2 | 중계율 0.35 | alpha 0.597 | complete
Ep 820 | 드론3 목적지74 | 1000스텝 | 배송 60/74 | 재적재 11 | 중계율 0.36 | alpha 0.601 | step_limit
Ep 821 | 드론3 목적지79 | 1000스텝 | 배송 65/79 | 재적재 12 | 중계율 0.34 | alpha 0.592 | step_limit
Ep 822 | 드론3 목적지20 |  452스텝 | 배송 20/20 | 재적재  2 | 중계율 0.36 | alpha 0.590 | complete
Ep 823 | 드론4 목적지61 | 1000스텝 | 배송 58/61 | 재적재  9 | 중계율 0.36 | alpha 0.599 | step_limit
Ep 824 | 드론3 목적지25 |  661스텝 | 배송 25/25 | 재적재  3 | 중계율 0.38 | alpha 0.608 | complete
Ep 825 | 드론3 목적지41 |  884스텝 | 배송 41/41 | 재적재  6 | 중계율 0.40 | alpha 0.614 | complete
Ep 826 | 드론3 목적지53 | 1000스텝 | 배송 45/53 | 재적재  7 | 중계율 0.40 | alpha 0.611 | step_limit
Ep 827 | 드론3 목적지44 |  943스텝 | 배송 44/44 | 재적재  6 | 중계율 0.41 | alpha 0.602 | complete
Ep 828 | 드론3 목적지24 |  588스텝 | 배송 24/24 | 재적재  3 | 중계율 0.34 | alpha 0.610 | complete
Ep 829 | 드론4 목적지53 |  843스텝 | 배송 53/53 | 재적재  9 | 중계율 0.35 | alpha 0.605 | complete
Ep 830 | 드론4 목적지66 | 1000스텝 | 배송 64/66 | 재적재 10 | 중계율 0.35 | alpha 0.605 | step_limit
Ep 831 | 드론4 목적지69 | 1000스텝 | 배송 64/69 | 재적재 11 | 중계율 0.25 | alpha 0.598 | step_limit
Ep 832 | 드론4 목적지69 | 1000스텝 | 배송 64/69 | 재적재 11 | 중계율 0.29 | alpha 0.581 | step_limit
Ep 833 | 드론4 목적지72 | 1000스텝 | 배송 56/72 | 재적재  9 | 중계율 0.38 | alpha 0.594 | step_limit
Ep 834 | 드론3 목적지71 | 1000스텝 | 배송 55/71 | 재적재 10 | 중계율 0.38 | alpha 0.588 | step_limit
Ep 835 | 드론3 목적지56 |  952스텝 | 배송 56/56 | 재적재 10 | 중계율 0.28 | alpha 0.610 | complete
Ep 836 | 드론4 목적지30 |  821스텝 | 배송 30/30 | 재적재  5 | 중계율 0.41 | alpha 0.602 | complete
Ep 837 | 드론3 목적지73 | 1000스텝 | 배송 55/73 | 재적재  8 | 중계율 0.31 | alpha 0.589 | step_limit
Ep 838 | 드론4 목적지56 |  801스텝 | 배송 56/56 | 재적재 10 | 중계율 0.21 | alpha 0.603 | complete
Ep 839 | 드론3 목적지20 |  552스텝 | 배송 20/20 | 재적재  2 | 중계율 0.49 | alpha 0.614 | complete
Ep 840 | 드론3 목적지33 |  539스텝 | 배송 33/33 | 재적재  5 | 중계율 0.23 | alpha 0.609 | complete
Ep 841 | 드론3 목적지31 |  626스텝 | 배송 31/31 | 재적재  5 | 중계율 0.36 | alpha 0.604 | complete
Ep 842 | 드론3 목적지68 | 1000스텝 | 배송 58/68 | 재적재 11 | 중계율 0.31 | alpha 0.603 | step_limit
Ep 843 | 드론4 목적지51 | 1000스텝 | 배송 42/51 | 재적재  6 | 중계율 0.41 | alpha 0.611 | step_limit
Ep 844 | 드론3 목적지37 |  808스텝 | 배송 37/37 | 재적재  6 | 중계율 0.36 | alpha 0.617 | complete
Ep 845 | 드론4 목적지74 |  817스텝 | 배송 74/74 | 재적재 12 | 중계율 0.17 | alpha 0.613 | complete
Ep 846 | 드론3 목적지32 |  613스텝 | 배송 32/32 | 재적재  6 | 중계율 0.24 | alpha 0.620 | complete
Ep 847 | 드론4 목적지25 |  404스텝 | 배송 25/25 | 재적재  4 | 중계율 0.26 | alpha 0.625 | complete
Ep 848 | 드론3 목적지44 |  764스텝 | 배송 44/44 | 재적재  7 | 중계율 0.37 | alpha 0.613 | complete
Ep 849 | 드론4 목적지28 |  669스텝 | 배송 28/28 | 재적재  2 | 중계율 0.43 | alpha 0.613 | complete
Ep 850 | 드론3 목적지47 |  683스텝 | 배송 47/47 | 재적재  7 | 중계율 0.21 | alpha 0.618 | complete
  [홀드아웃] 배송 49.9±0.8 완주 0.99 스텝 1173 점수 123.1 재적재 7.7 2홉+ 0.60 | 최고 126.4@ep550 정체 6/8
Ep 851 | 드론3 목적지39 |  798스텝 | 배송 39/39 | 재적재  5 | 중계율 0.33 | alpha 0.619 | complete
Ep 852 | 드론3 목적지68 | 1000스텝 | 배송 55/68 | 재적재 10 | 중계율 0.38 | alpha 0.620 | step_limit
Ep 853 | 드론3 목적지65 | 1000스텝 | 배송 56/65 | 재적재  9 | 중계율 0.37 | alpha 0.601 | step_limit
Ep 854 | 드론4 목적지61 | 1000스텝 | 배송 56/61 | 재적재  9 | 중계율 0.38 | alpha 0.613 | step_limit
Ep 855 | 드론4 목적지22 |  615스텝 | 배송 22/22 | 재적재  2 | 중계율 0.33 | alpha 0.625 | complete
Ep 856 | 드론4 목적지59 | 1000스텝 | 배송 55/59 | 재적재  9 | 중계율 0.30 | alpha 0.622 | step_limit
Ep 857 | 드론3 목적지69 | 1000스텝 | 배송 54/69 | 재적재  9 | 중계율 0.36 | alpha 0.617 | step_limit
Ep 858 | 드론4 목적지35 |  459스텝 | 배송 35/35 | 재적재  6 | 중계율 0.21 | alpha 0.614 | complete
Ep 859 | 드론3 목적지20 |  584스텝 | 배송 20/20 | 재적재  2 | 중계율 0.47 | alpha 0.619 | complete
Ep 860 | 드론4 목적지42 | 1000스텝 | 배송 40/42 | 재적재  6 | 중계율 0.40 | alpha 0.620 | step_limit
Ep 861 | 드론3 목적지58 | 1000스텝 | 배송 57/58 | 재적재 11 | 중계율 0.32 | alpha 0.602 | step_limit
Ep 862 | 드론3 목적지39 |  808스텝 | 배송 39/39 | 재적재  7 | 중계율 0.34 | alpha 0.612 | complete
Ep 863 | 드론4 목적지77 | 1000스텝 | 배송 63/77 | 재적재 11 | 중계율 0.34 | alpha 0.616 | step_limit
Ep 864 | 드론4 목적지37 |  881스텝 | 배송 37/37 | 재적재  4 | 중계율 0.48 | alpha 0.621 | complete
Ep 865 | 드론3 목적지33 |  680스텝 | 배송 33/33 | 재적재  5 | 중계율 0.34 | alpha 0.622 | complete
Ep 866 | 드론4 목적지40 |  544스텝 | 배송 40/40 | 재적재  6 | 중계율 0.25 | alpha 0.636 | complete
Ep 867 | 드론4 목적지34 |  536스텝 | 배송 34/34 | 재적재  5 | 중계율 0.28 | alpha 0.629 | complete
Ep 868 | 드론3 목적지34 |  702스텝 | 배송 34/34 | 재적재  5 | 중계율 0.37 | alpha 0.614 | complete
Ep 869 | 드론3 목적지76 | 1000스텝 | 배송 70/76 | 재적재 13 | 중계율 0.21 | alpha 0.603 | step_limit
Ep 870 | 드론3 목적지42 | 1000스텝 | 배송 35/42 | 재적재  6 | 중계율 0.39 | alpha 0.607 | step_limit
Ep 871 | 드론3 목적지47 |  858스텝 | 배송 47/47 | 재적재  8 | 중계율 0.34 | alpha 0.612 | complete
Ep 872 | 드론4 목적지22 |  475스텝 | 배송 22/22 | 재적재  3 | 중계율 0.33 | alpha 0.614 | complete
Ep 873 | 드론4 목적지60 | 1000스텝 | 배송 57/60 | 재적재 10 | 중계율 0.37 | alpha 0.602 | step_limit
Ep 874 | 드론4 목적지45 |  717스텝 | 배송 45/45 | 재적재  6 | 중계율 0.34 | alpha 0.606 | complete
Ep 875 | 드론4 목적지32 |  730스텝 | 배송 32/32 | 재적재  4 | 중계율 0.39 | alpha 0.602 | complete
Ep 876 | 드론3 목적지49 |  718스텝 | 배송 49/49 | 재적재  8 | 중계율 0.28 | alpha 0.590 | complete
Ep 877 | 드론4 목적지77 | 1000스텝 | 배송 68/77 | 재적재 10 | 중계율 0.36 | alpha 0.582 | step_limit
Ep 878 | 드론4 목적지44 | 1000스텝 | 배송 42/44 | 재적재  6 | 중계율 0.47 | alpha 0.610 | step_limit
Ep 879 | 드론3 목적지79 | 1000스텝 | 배송 65/79 | 재적재 11 | 중계율 0.33 | alpha 0.601 | step_limit
Ep 880 | 드론4 목적지32 |  474스텝 | 배송 32/32 | 재적재  4 | 중계율 0.27 | alpha 0.591 | complete
Ep 881 | 드론4 목적지74 | 1000스텝 | 배송 58/74 | 재적재  9 | 중계율 0.34 | alpha 0.602 | step_limit
Ep 882 | 드론3 목적지76 | 1000스텝 | 배송 60/76 | 재적재 11 | 중계율 0.29 | alpha 0.584 | step_limit
Ep 883 | 드론4 목적지50 |  870스텝 | 배송 50/50 | 재적재  8 | 중계율 0.40 | alpha 0.596 | complete
Ep 884 | 드론4 목적지56 |  906스텝 | 배송 56/56 | 재적재 10 | 중계율 0.30 | alpha 0.612 | complete
Ep 885 | 드론3 목적지44 |  904스텝 | 배송 44/44 | 재적재  8 | 중계율 0.34 | alpha 0.614 | complete
Ep 886 | 드론4 목적지76 | 1000스텝 | 배송 70/76 | 재적재 11 | 중계율 0.29 | alpha 0.599 | step_limit
Ep 887 | 드론3 목적지67 | 1000스텝 | 배송 55/67 | 재적재  9 | 중계율 0.35 | alpha 0.613 | step_limit
Ep 888 | 드론3 목적지71 | 1000스텝 | 배송 52/71 | 재적재  9 | 중계율 0.34 | alpha 0.603 | step_limit
Ep 889 | 드론3 목적지32 |  717스텝 | 배송 32/32 | 재적재  4 | 중계율 0.37 | alpha 0.599 | complete
Ep 890 | 드론4 목적지62 |  957스텝 | 배송 62/62 | 재적재  9 | 중계율 0.28 | alpha 0.614 | complete
Ep 891 | 드론3 목적지78 | 1000스텝 | 배송 68/78 | 재적재 12 | 중계율 0.31 | alpha 0.602 | step_limit
Ep 892 | 드론3 목적지39 |  735스텝 | 배송 39/39 | 재적재  5 | 중계율 0.26 | alpha 0.596 | complete
Ep 893 | 드론3 목적지65 | 1000스텝 | 배송 55/65 | 재적재 10 | 중계율 0.33 | alpha 0.585 | step_limit
Ep 894 | 드론4 목적지47 |  688스텝 | 배송 47/47 | 재적재  8 | 중계율 0.29 | alpha 0.590 | complete
Ep 895 | 드론4 목적지64 | 1000스텝 | 배송 54/64 | 재적재  9 | 중계율 0.32 | alpha 0.589 | step_limit
Ep 896 | 드론4 목적지41 | 1000스텝 | 배송 39/41 | 재적재  6 | 중계율 0.43 | alpha 0.604 | step_limit
Ep 897 | 드론4 목적지77 |  842스텝 | 배송 77/77 | 재적재 13 | 중계율 0.20 | alpha 0.600 | complete
Ep 898 | 드론3 목적지29 |  716스텝 | 배송 29/29 | 재적재  5 | 중계율 0.32 | alpha 0.597 | complete
Ep 899 | 드론3 목적지31 |  677스텝 | 배송 31/31 | 재적재  5 | 중계율 0.39 | alpha 0.606 | complete
Ep 900 | 드론3 목적지69 | 1000스텝 | 배송 65/69 | 재적재 11 | 중계율 0.28 | alpha 0.607 | step_limit
  [홀드아웃] 배송 50.0±0.0 완주 1.00 스텝 1143 점수 124.8 재적재 7.5 2홉+ 0.61 | 최고 126.4@ep550 정체 7/8
Ep 901 | 드론4 목적지26 |  654스텝 | 배송 26/26 | 재적재  2 | 중계율 0.40 | alpha 0.610 | complete
Ep 902 | 드론4 목적지58 | 1000스텝 | 배송 57/58 | 재적재  9 | 중계율 0.39 | alpha 0.616 | step_limit
Ep 903 | 드론3 목적지41 |  982스텝 | 배송 41/41 | 재적재  6 | 중계율 0.45 | alpha 0.602 | complete
Ep 904 | 드론4 목적지47 |  699스텝 | 배송 47/47 | 재적재  8 | 중계율 0.20 | alpha 0.600 | complete
Ep 905 | 드론3 목적지63 | 1000스텝 | 배송 51/63 | 재적재  9 | 중계율 0.36 | alpha 0.595 | step_limit
Ep 906 | 드론4 목적지64 | 1000스텝 | 배송 57/64 | 재적재  9 | 중계율 0.37 | alpha 0.594 | step_limit
Ep 907 | 드론3 목적지80 | 1000스텝 | 배송 65/80 | 재적재 10 | 중계율 0.26 | alpha 0.591 | step_limit
Ep 908 | 드론4 목적지49 |  936스텝 | 배송 49/49 | 재적재  8 | 중계율 0.37 | alpha 0.586 | complete
Ep 909 | 드론3 목적지68 | 1000스텝 | 배송 53/68 | 재적재  9 | 중계율 0.38 | alpha 0.585 | step_limit
Ep 910 | 드론4 목적지69 | 1000스텝 | 배송 63/69 | 재적재 10 | 중계율 0.35 | alpha 0.593 | step_limit
Ep 911 | 드론3 목적지22 |  362스텝 | 배송 22/22 | 재적재  3 | 중계율 0.28 | alpha 0.588 | complete
Ep 912 | 드론3 목적지71 | 1000스텝 | 배송 56/71 | 재적재  9 | 중계율 0.41 | alpha 0.586 | step_limit
Ep 913 | 드론3 목적지48 |  774스텝 | 배송 48/48 | 재적재  8 | 중계율 0.27 | alpha 0.597 | complete
Ep 914 | 드론3 목적지64 | 1000스텝 | 배송 57/64 | 재적재  9 | 중계율 0.37 | alpha 0.601 | step_limit
Ep 915 | 드론4 목적지58 | 1000스텝 | 배송 49/58 | 재적재  9 | 중계율 0.37 | alpha 0.596 | step_limit
Ep 916 | 드론3 목적지21 |  405스텝 | 배송 21/21 | 재적재  2 | 중계율 0.32 | alpha 0.595 | complete
Ep 917 | 드론4 목적지75 | 1000스텝 | 배송 51/75 | 재적재  8 | 중계율 0.40 | alpha 0.594 | step_limit
Ep 918 | 드론4 목적지22 |  577스텝 | 배송 22/22 | 재적재  1 | 중계율 0.49 | alpha 0.592 | complete
Ep 919 | 드론4 목적지73 | 1000스텝 | 배송 65/73 | 재적재 11 | 중계율 0.29 | alpha 0.600 | step_limit
Ep 920 | 드론3 목적지79 | 1000스텝 | 배송 56/79 | 재적재 10 | 중계율 0.40 | alpha 0.582 | step_limit
Ep 921 | 드론3 목적지27 |  470스텝 | 배송 27/27 | 재적재  4 | 중계율 0.24 | alpha 0.591 | complete
Ep 922 | 드론3 목적지20 |  400스텝 | 배송 20/20 | 재적재  3 | 중계율 0.32 | alpha 0.589 | complete
Ep 923 | 드론4 목적지51 |  854스텝 | 배송 51/51 | 재적재  7 | 중계율 0.34 | alpha 0.602 | complete
Ep 924 | 드론4 목적지68 | 1000스텝 | 배송 65/68 | 재적재 11 | 중계율 0.28 | alpha 0.602 | step_limit
Ep 925 | 드론4 목적지30 |  719스텝 | 배송 30/30 | 재적재  3 | 중계율 0.44 | alpha 0.594 | complete
Ep 926 | 드론4 목적지31 |  517스텝 | 배송 31/31 | 재적재  4 | 중계율 0.33 | alpha 0.606 | complete
Ep 927 | 드론3 목적지62 | 1000스텝 | 배송 49/62 | 재적재  9 | 중계율 0.31 | alpha 0.603 | step_limit
Ep 928 | 드론3 목적지51 | 1000스텝 | 배송 47/51 | 재적재  8 | 중계율 0.37 | alpha 0.582 | step_limit
Ep 929 | 드론4 목적지34 |  418스텝 | 배송 34/34 | 재적재  4 | 중계율 0.22 | alpha 0.593 | complete
Ep 930 | 드론3 목적지57 |  810스텝 | 배송 57/57 | 재적재 10 | 중계율 0.23 | alpha 0.606 | complete
Ep 931 | 드론3 목적지52 |  941스텝 | 배송 52/52 | 재적재  9 | 중계율 0.34 | alpha 0.616 | complete
Ep 932 | 드론4 목적지27 |  541스텝 | 배송 27/27 | 재적재  4 | 중계율 0.38 | alpha 0.606 | complete
Ep 933 | 드론4 목적지71 | 1000스텝 | 배송 61/71 | 재적재 10 | 중계율 0.33 | alpha 0.590 | step_limit
Ep 934 | 드론4 목적지65 | 1000스텝 | 배송 56/65 | 재적재  9 | 중계율 0.39 | alpha 0.596 | step_limit
Ep 935 | 드론3 목적지29 |  644스텝 | 배송 29/29 | 재적재  5 | 중계율 0.39 | alpha 0.601 | complete
Ep 936 | 드론3 목적지44 |  837스텝 | 배송 44/44 | 재적재  6 | 중계율 0.35 | alpha 0.601 | complete
Ep 937 | 드론3 목적지22 |  681스텝 | 배송 22/22 | 재적재  3 | 중계율 0.34 | alpha 0.609 | complete
Ep 938 | 드론3 목적지44 | 1000스텝 | 배송 41/44 | 재적재  8 | 중계율 0.41 | alpha 0.600 | step_limit
Ep 939 | 드론4 목적지68 | 1000스텝 | 배송 51/68 | 재적재  8 | 중계율 0.39 | alpha 0.619 | step_limit
Ep 940 | 드론4 목적지43 |  943스텝 | 배송 43/43 | 재적재  8 | 중계율 0.46 | alpha 0.605 | complete
Ep 941 | 드론4 목적지73 | 1000스텝 | 배송 61/73 | 재적재 10 | 중계율 0.35 | alpha 0.593 | step_limit
Ep 942 | 드론4 목적지26 |  472스텝 | 배송 26/26 | 재적재  3 | 중계율 0.33 | alpha 0.589 | complete
Ep 943 | 드론4 목적지28 |  746스텝 | 배송 28/28 | 재적재  4 | 중계율 0.46 | alpha 0.589 | complete
Ep 944 | 드론3 목적지79 | 1000스텝 | 배송 73/79 | 재적재 13 | 중계율 0.26 | alpha 0.581 | step_limit
Ep 945 | 드론3 목적지61 | 1000스텝 | 배송 55/61 | 재적재  8 | 중계율 0.34 | alpha 0.593 | step_limit
Ep 946 | 드론3 목적지50 | 1000스텝 | 배송 47/50 | 재적재  9 | 중계율 0.39 | alpha 0.602 | step_limit
Ep 947 | 드론4 목적지25 |  401스텝 | 배송 25/25 | 재적재  3 | 중계율 0.32 | alpha 0.597 | complete
Ep 948 | 드론4 목적지58 | 1000스텝 | 배송 46/58 | 재적재  8 | 중계율 0.33 | alpha 0.607 | step_limit
Ep 949 | 드론4 목적지52 | 1000스텝 | 배송 50/52 | 재적재  8 | 중계율 0.35 | alpha 0.594 | step_limit
Ep 950 | 드론4 목적지43 |  721스텝 | 배송 43/43 | 재적재  6 | 중계율 0.23 | alpha 0.585 | complete
  [홀드아웃] 배송 49.9±0.7 완주 0.99 스텝 1109 점수 124.0 재적재 7.5 2홉+ 0.61 | 최고 126.4@ep550 정체 8/8

조기 종료. 최고 126.4@ep550
Training finished. best=126.4 @ ep550
