/home/kopt/enter/envs/wsl_neuroMCTS/lib/python3.10/site-packages/pygame/pkgdata.py:25: UserWarning: pkg_resources is deprecated as an API. See https://setuptools.pypa.io/en/latest/pkg_resources.html. The pkg_resources package is slated for removal as early as 2025-11-30. Refrain from using this package or pin to Setuptools<81.
  from pkg_resources import resource_stream, resource_exists
pygame 2.6.1 (SDL 2.28.4, Python 3.10.19)
Hello from the pygame community. https://www.pygame.org/contribute.html
집합 상위 학습 | 반경 300 상한 1000 무배송 500 gamma 0.997 구성=무작위 드론[3, 4] 목적지[20, 80] CC무작위 인스턴스=무작위 목표유지=off 완주보상=0.0 잔여페널티=0.1 규칙관측=False 규칙정규화=2.0/중계가중치=1.0 막힘페널티=0.0 중계크레딧=0.0/재분배=2.0/드론별보상=True 도달권shaping=0.0 정체전환보상=0.0 엔트로피비=0.6->0.25@400 자기회귀=True 홀드아웃상한=3000 선택=makespan/속도가중치=40.0
/home/kopt/drone/proposed_src/pipeline/train_v5_26_09_15_23.py:411: UserWarning: Converting a tensor with requires_grad=True to a scalar may lead to unexpected behavior.
Consider using tensor.detach() first. (Triggered internally at /pytorch/torch/csrc/autograd/generated/python_variable_methods.cpp:836.)
  writer.add_scalar("train/alpha", float(log_alpha.exp()), ep)
Ep 1 | 드론4 목적지43 | 1000스텝 | 배송 38/43 | 재적재  5 | 중계율 0.06 | alpha 0.100 | step_limit
Ep 2 | 드론3 목적지74 | 1000스텝 | 배송 55/74 | 재적재  9 | 중계율 0.08 | alpha 0.100 | step_limit
Ep 3 | 드론4 목적지43 |  932스텝 | 배송 43/43 | 재적재  7 | 중계율 0.09 | alpha 0.100 | complete
Ep 4 | 드론3 목적지23 | 1000스텝 | 배송 18/23 | 재적재  2 | 중계율 0.10 | alpha 0.100 | step_limit
Ep 5 | 드론3 목적지31 | 1000스텝 | 배송 26/31 | 재적재  5 | 중계율 0.17 | alpha 0.099 | step_limit
Ep 6 | 드론3 목적지68 | 1000스텝 | 배송 50/68 | 재적재  8 | 중계율 0.20 | alpha 0.108 | step_limit
Ep 7 | 드론4 목적지44 |  819스텝 | 배송 44/44 | 재적재  7 | 중계율 0.38 | alpha 0.117 | complete
Ep 8 | 드론4 목적지30 |  375스텝 | 배송 30/30 | 재적재  4 | 중계율 0.31 | alpha 0.121 | complete
Ep 9 | 드론4 목적지42 |  679스텝 | 배송 42/42 | 재적재  7 | 중계율 0.36 | alpha 0.128 | complete
Ep 10 | 드론4 목적지47 |  678스텝 | 배송 47/47 | 재적재  8 | 중계율 0.31 | alpha 0.136 | complete
Ep 11 | 드론4 목적지21 |  713스텝 | 배송 21/21 | 재적재  1 | 중계율 0.25 | alpha 0.144 | complete
Ep 12 | 드론3 목적지37 |  559스텝 | 배송 37/37 | 재적재  5 | 중계율 0.20 | alpha 0.150 | complete
Ep 13 | 드론4 목적지28 |  402스텝 | 배송 28/28 | 재적재  4 | 중계율 0.23 | alpha 0.155 | complete
Ep 14 | 드론3 목적지41 |  769스텝 | 배송 41/41 | 재적재  7 | 중계율 0.31 | alpha 0.165 | complete
Ep 15 | 드론3 목적지66 | 1000스텝 | 배송 62/66 | 재적재 10 | 중계율 0.27 | alpha 0.178 | step_limit
Ep 16 | 드론3 목적지71 | 1000스텝 | 배송 64/71 | 재적재 10 | 중계율 0.30 | alpha 0.192 | step_limit
Ep 17 | 드론3 목적지24 |  679스텝 | 배송 24/24 | 재적재  3 | 중계율 0.35 | alpha 0.201 | complete
Ep 18 | 드론4 목적지49 |  810스텝 | 배송 49/49 | 재적재  8 | 중계율 0.30 | alpha 0.214 | complete
Ep 19 | 드론4 목적지34 |  543스텝 | 배송 34/34 | 재적재  4 | 중계율 0.38 | alpha 0.223 | complete
Ep 20 | 드론3 목적지48 |  863스텝 | 배송 48/48 | 재적재  7 | 중계율 0.33 | alpha 0.237 | complete
Ep 21 | 드론3 목적지63 | 1000스텝 | 배송 56/63 | 재적재  9 | 중계율 0.32 | alpha 0.255 | step_limit
Ep 22 | 드론4 목적지46 |  662스텝 | 배송 46/46 | 재적재  6 | 중계율 0.33 | alpha 0.268 | complete
Ep 23 | 드론3 목적지44 | 1000스텝 | 배송 42/44 | 재적재  7 | 중계율 0.35 | alpha 0.288 | step_limit
Ep 24 | 드론4 목적지41 |  845스텝 | 배송 41/41 | 재적재  5 | 중계율 0.33 | alpha 0.306 | complete
Ep 25 | 드론4 목적지38 |  596스텝 | 배송 38/38 | 재적재  4 | 중계율 0.37 | alpha 0.320 | complete
Ep 26 | 드론4 목적지77 | 1000스텝 | 배송 74/77 | 재적재 12 | 중계율 0.34 | alpha 0.344 | step_limit
Ep 27 | 드론3 목적지41 |  980스텝 | 배송 41/41 | 재적재  7 | 중계율 0.43 | alpha 0.370 | complete
Ep 28 | 드론4 목적지52 |  926스텝 | 배송 52/52 | 재적재  7 | 중계율 0.45 | alpha 0.395 | complete
Ep 29 | 드론4 목적지72 | 1000스텝 | 배송 60/72 | 재적재 10 | 중계율 0.41 | alpha 0.425 | step_limit
Ep 30 | 드론4 목적지61 | 1000스텝 | 배송 55/61 | 재적재  9 | 중계율 0.42 | alpha 0.456 | step_limit
Ep 31 | 드론4 목적지45 |  848스텝 | 배송 45/45 | 재적재  7 | 중계율 0.35 | alpha 0.485 | complete
Ep 32 | 드론3 목적지68 | 1000스텝 | 배송 54/68 | 재적재  9 | 중계율 0.32 | alpha 0.520 | step_limit
Ep 33 | 드론3 목적지35 |  682스텝 | 배송 35/35 | 재적재  4 | 중계율 0.28 | alpha 0.546 | complete
Ep 34 | 드론3 목적지24 |  412스텝 | 배송 24/24 | 재적재  3 | 중계율 0.29 | alpha 0.562 | complete
Ep 35 | 드론3 목적지58 | 1000스텝 | 배송 54/58 | 재적재  9 | 중계율 0.28 | alpha 0.602 | step_limit
Ep 36 | 드론3 목적지64 | 1000스텝 | 배송 57/64 | 재적재 10 | 중계율 0.33 | alpha 0.645 | step_limit
Ep 37 | 드론4 목적지58 | 1000스텝 | 배송 39/58 | 재적재  6 | 중계율 0.40 | alpha 0.690 | step_limit
Ep 38 | 드론3 목적지77 | 1000스텝 | 배송 58/77 | 재적재  9 | 중계율 0.34 | alpha 0.736 | step_limit
Ep 39 | 드론3 목적지28 |  777스텝 | 배송 28/28 | 재적재  3 | 중계율 0.41 | alpha 0.775 | complete
Ep 40 | 드론3 목적지37 |  788스텝 | 배송 37/37 | 재적재  5 | 중계율 0.31 | alpha 0.814 | complete
Ep 41 | 드론4 목적지59 |  605스텝 | 배송 59/59 | 재적재 10 | 중계율 0.22 | alpha 0.845 | complete
Ep 42 | 드론4 목적지58 | 1000스텝 | 배송 50/58 | 재적재  7 | 중계율 0.41 | alpha 0.897 | step_limit
Ep 43 | 드론4 목적지20 |  481스텝 | 배송 20/20 | 재적재  2 | 중계율 0.33 | alpha 0.923 | complete
Ep 44 | 드론4 목적지30 |  410스텝 | 배송 30/30 | 재적재  4 | 중계율 0.21 | alpha 0.944 | complete
Ep 45 | 드론4 목적지39 |  761스텝 | 배송 39/39 | 재적재  7 | 중계율 0.34 | alpha 0.984 | complete
Ep 46 | 드론4 목적지32 |  597스텝 | 배송 32/32 | 재적재  4 | 중계율 0.34 | alpha 1.014 | complete
Ep 47 | 드론4 목적지35 |  880스텝 | 배송 35/35 | 재적재  4 | 중계율 0.39 | alpha 1.057 | complete
Ep 48 | 드론4 목적지39 | 1000스텝 | 배송 38/39 | 재적재  5 | 중계율 0.43 | alpha 1.105 | step_limit
Ep 49 | 드론4 목적지47 | 1000스텝 | 배송 43/47 | 재적재  8 | 중계율 0.33 | alpha 1.152 | step_limit
Ep 50 | 드론3 목적지72 | 1000스텝 | 배송 55/72 | 재적재  9 | 중계율 0.28 | alpha 1.199 | step_limit
  [홀드아웃] 배송 49.9±0.6 완주 0.96 스텝 1502 점수 116.2 재적재 8.0 2홉+ 0.61 | 최고 116.2@ep50 정체 0/8  ← 갱신
Ep 51 | 드론3 목적지71 | 1000스텝 | 배송 62/71 | 재적재 11 | 중계율 0.24 | alpha 1.246 | step_limit
Ep 52 | 드론3 목적지45 |  933스텝 | 배송 45/45 | 재적재  6 | 중계율 0.30 | alpha 1.289 | complete
Ep 53 | 드론4 목적지64 |  811스텝 | 배송 64/64 | 재적재 11 | 중계율 0.21 | alpha 1.321 | complete
Ep 54 | 드론4 목적지24 |  760스텝 | 배송 24/24 | 재적재  2 | 중계율 0.42 | alpha 1.346 | complete
Ep 55 | 드론4 목적지60 | 1000스텝 | 배송 48/60 | 재적재  9 | 중계율 0.36 | alpha 1.378 | step_limit
Ep 56 | 드론4 목적지20 |  376스텝 | 배송 20/20 | 재적재  2 | 중계율 0.32 | alpha 1.390 | complete
Ep 57 | 드론4 목적지61 | 1000스텝 | 배송 53/61 | 재적재  8 | 중계율 0.30 | alpha 1.417 | step_limit
Ep 58 | 드론4 목적지77 | 1000스텝 | 배송 63/77 | 재적재 11 | 중계율 0.22 | alpha 1.434 | step_limit
Ep 59 | 드론4 목적지40 | 1000스텝 | 배송 34/40 | 재적재  4 | 중계율 0.37 | alpha 1.443 | step_limit
Ep 60 | 드론3 목적지76 | 1000스텝 | 배송 54/76 | 재적재  9 | 중계율 0.26 | alpha 1.444 | step_limit
Ep 61 | 드론4 목적지66 | 1000스텝 | 배송 57/66 | 재적재  9 | 중계율 0.28 | alpha 1.432 | step_limit
Ep 62 | 드론4 목적지43 |  902스텝 | 배송 43/43 | 재적재  8 | 중계율 0.34 | alpha 1.426 | complete
Ep 63 | 드론4 목적지57 | 1000스텝 | 배송 52/57 | 재적재  9 | 중계율 0.28 | alpha 1.419 | step_limit
Ep 64 | 드론3 목적지52 | 1000스텝 | 배송 42/52 | 재적재  6 | 중계율 0.30 | alpha 1.397 | step_limit
Ep 65 | 드론4 목적지42 |  849스텝 | 배송 42/42 | 재적재  6 | 중계율 0.27 | alpha 1.390 | complete
Ep 66 | 드론3 목적지41 | 1000스텝 | 배송 39/41 | 재적재  6 | 중계율 0.35 | alpha 1.380 | step_limit
Ep 67 | 드론4 목적지23 |  396스텝 | 배송 23/23 | 재적재  3 | 중계율 0.19 | alpha 1.379 | complete
Ep 68 | 드론4 목적지77 | 1000스텝 | 배송 76/77 | 재적재 14 | 중계율 0.19 | alpha 1.368 | step_limit
Ep 69 | 드론3 목적지48 |  879스텝 | 배송 48/48 | 재적재  8 | 중계율 0.23 | alpha 1.360 | complete
Ep 70 | 드론3 목적지69 | 1000스텝 | 배송 44/69 | 재적재  6 | 중계율 0.26 | alpha 1.351 | step_limit
Ep 71 | 드론4 목적지34 |  526스텝 | 배송 34/34 | 재적재  6 | 중계율 0.20 | alpha 1.334 | complete
Ep 72 | 드론4 목적지61 | 1000스텝 | 배송 43/61 | 재적재  7 | 중계율 0.36 | alpha 1.313 | step_limit
Ep 73 | 드론4 목적지50 | 1000스텝 | 배송 38/50 | 재적재  6 | 중계율 0.38 | alpha 1.308 | step_limit
Ep 74 | 드론3 목적지70 | 1000스텝 | 배송 54/70 | 재적재 10 | 중계율 0.24 | alpha 1.307 | step_limit
Ep 75 | 드론4 목적지21 |  348스텝 | 배송 21/21 | 재적재  1 | 중계율 0.25 | alpha 1.310 | complete
Ep 76 | 드론3 목적지49 | 1000스텝 | 배송 40/49 | 재적재  6 | 중계율 0.30 | alpha 1.304 | step_limit
Ep 77 | 드론3 목적지67 | 1000스텝 | 배송 49/67 | 재적재  7 | 중계율 0.28 | alpha 1.284 | step_limit
Ep 78 | 드론3 목적지34 | 1000스텝 | 배송 31/34 | 재적재  5 | 중계율 0.28 | alpha 1.248 | step_limit
Ep 79 | 드론4 목적지31 |  717스텝 | 배송 31/31 | 재적재  4 | 중계율 0.29 | alpha 1.242 | complete
Ep 80 | 드론3 목적지44 | 1000스텝 | 배송 37/44 | 재적재  5 | 중계율 0.29 | alpha 1.239 | step_limit
Ep 81 | 드론4 목적지71 | 1000스텝 | 배송 52/71 | 재적재  8 | 중계율 0.32 | alpha 1.246 | step_limit
Ep 82 | 드론3 목적지59 | 1000스텝 | 배송 53/59 | 재적재  9 | 중계율 0.21 | alpha 1.246 | step_limit
Ep 83 | 드론4 목적지21 |  342스텝 | 배송 21/21 | 재적재  3 | 중계율 0.16 | alpha 1.247 | complete
Ep 84 | 드론3 목적지41 | 1000스텝 | 배송 38/41 | 재적재  5 | 중계율 0.32 | alpha 1.255 | step_limit
Ep 85 | 드론4 목적지38 | 1000스텝 | 배송 36/38 | 재적재  4 | 중계율 0.39 | alpha 1.254 | step_limit
Ep 86 | 드론4 목적지64 | 1000스텝 | 배송 57/64 | 재적재 10 | 중계율 0.32 | alpha 1.224 | step_limit
Ep 87 | 드론4 목적지24 |  616스텝 | 배송 24/24 | 재적재  4 | 중계율 0.34 | alpha 1.225 | complete
Ep 88 | 드론4 목적지66 | 1000스텝 | 배송 64/66 | 재적재 10 | 중계율 0.30 | alpha 1.193 | step_limit
Ep 89 | 드론4 목적지20 |  645스텝 | 배송 20/20 | 재적재  1 | 중계율 0.30 | alpha 1.198 | complete
Ep 90 | 드론4 목적지37 |  467스텝 | 배송 37/37 | 재적재  6 | 중계율 0.19 | alpha 1.212 | complete
Ep 91 | 드론3 목적지60 | 1000스텝 | 배송 50/60 | 재적재  8 | 중계율 0.29 | alpha 1.203 | step_limit
Ep 92 | 드론3 목적지37 |  945스텝 | 배송 37/37 | 재적재  5 | 중계율 0.37 | alpha 1.213 | complete
Ep 93 | 드론3 목적지27 |  963스텝 | 배송 27/27 | 재적재  4 | 중계율 0.36 | alpha 1.205 | complete
Ep 94 | 드론3 목적지76 | 1000스텝 | 배송 57/76 | 재적재  9 | 중계율 0.24 | alpha 1.202 | step_limit
Ep 95 | 드론4 목적지30 |  471스텝 | 배송 30/30 | 재적재  5 | 중계율 0.25 | alpha 1.186 | complete
Ep 96 | 드론4 목적지34 | 1000스텝 | 배송 33/34 | 재적재  4 | 중계율 0.40 | alpha 1.207 | step_limit
Ep 97 | 드론4 목적지35 |  877스텝 | 배송 35/35 | 재적재  6 | 중계율 0.35 | alpha 1.203 | complete
Ep 98 | 드론4 목적지39 |  840스텝 | 배송 39/39 | 재적재  6 | 중계율 0.24 | alpha 1.193 | complete
Ep 99 | 드론4 목적지69 | 1000스텝 | 배송 40/69 | 재적재  6 | 중계율 0.32 | alpha 1.179 | step_limit
Ep 100 | 드론4 목적지80 | 1000스텝 | 배송 66/80 | 재적재 11 | 중계율 0.22 | alpha 1.147 | step_limit
  [홀드아웃] 배송 50.0±0.0 완주 1.00 스텝 1545 점수 119.4 재적재 7.8 2홉+ 0.60 | 최고 119.4@ep100 정체 0/8  ← 갱신
Ep 101 | 드론3 목적지62 | 1000스텝 | 배송 46/62 | 재적재  7 | 중계율 0.26 | alpha 1.157 | step_limit
Ep 102 | 드론3 목적지30 |  702스텝 | 배송 30/30 | 재적재  4 | 중계율 0.22 | alpha 1.157 | complete
Ep 103 | 드론4 목적지75 | 1000스텝 | 배송 67/75 | 재적재 11 | 중계율 0.26 | alpha 1.152 | step_limit
Ep 104 | 드론3 목적지39 |  865스텝 | 배송 39/39 | 재적재  6 | 중계율 0.33 | alpha 1.141 | complete
Ep 105 | 드론4 목적지24 |  617스텝 | 배송 24/24 | 재적재  3 | 중계율 0.34 | alpha 1.161 | complete
Ep 106 | 드론4 목적지73 | 1000스텝 | 배송 67/73 | 재적재 11 | 중계율 0.32 | alpha 1.158 | step_limit
Ep 107 | 드론4 목적지25 |  874스텝 | 배송 25/25 | 재적재  3 | 중계율 0.34 | alpha 1.161 | complete
Ep 108 | 드론3 목적지69 | 1000스텝 | 배송 53/69 | 재적재 10 | 중계율 0.35 | alpha 1.166 | step_limit
Ep 109 | 드론3 목적지25 |  736스텝 | 배송 25/25 | 재적재  4 | 중계율 0.23 | alpha 1.150 | complete
Ep 110 | 드론3 목적지26 |  950스텝 | 배송 26/26 | 재적재  4 | 중계율 0.36 | alpha 1.156 | complete
Ep 111 | 드론3 목적지21 |  525스텝 | 배송 21/21 | 재적재  2 | 중계율 0.36 | alpha 1.160 | complete
Ep 112 | 드론4 목적지31 |  439스텝 | 배송 31/31 | 재적재  4 | 중계율 0.22 | alpha 1.141 | complete
Ep 113 | 드론3 목적지57 | 1000스텝 | 배송 37/57 | 재적재  7 | 중계율 0.32 | alpha 1.141 | step_limit
Ep 114 | 드론4 목적지64 | 1000스텝 | 배송 49/64 | 재적재  8 | 중계율 0.35 | alpha 1.134 | step_limit
Ep 115 | 드론4 목적지57 | 1000스텝 | 배송 48/57 | 재적재  7 | 중계율 0.30 | alpha 1.130 | step_limit
Ep 116 | 드론3 목적지78 | 1000스텝 | 배송 55/78 | 재적재  9 | 중계율 0.28 | alpha 1.124 | step_limit
Ep 117 | 드론4 목적지76 | 1000스텝 | 배송 47/76 | 재적재  7 | 중계율 0.34 | alpha 1.132 | step_limit
Ep 118 | 드론3 목적지59 | 1000스텝 | 배송 58/59 | 재적재 11 | 중계율 0.26 | alpha 1.123 | step_limit
Ep 119 | 드론3 목적지73 | 1000스텝 | 배송 62/73 | 재적재 11 | 중계율 0.30 | alpha 1.103 | step_limit
Ep 120 | 드론3 목적지68 | 1000스텝 | 배송 55/68 | 재적재  9 | 중계율 0.28 | alpha 1.106 | step_limit
Ep 121 | 드론4 목적지59 | 1000스텝 | 배송 50/59 | 재적재  8 | 중계율 0.34 | alpha 1.107 | step_limit
Ep 122 | 드론4 목적지55 | 1000스텝 | 배송 38/55 | 재적재  7 | 중계율 0.26 | alpha 1.092 | step_limit
Ep 123 | 드론3 목적지22 |  374스텝 | 배송 22/22 | 재적재  3 | 중계율 0.23 | alpha 1.085 | complete
Ep 124 | 드론3 목적지57 | 1000스텝 | 배송 49/57 | 재적재  9 | 중계율 0.22 | alpha 1.074 | step_limit
Ep 125 | 드론3 목적지29 | 1000스텝 | 배송 27/29 | 재적재  5 | 중계율 0.30 | alpha 1.085 | step_limit
Ep 126 | 드론4 목적지80 | 1000스텝 | 배송 61/80 | 재적재 10 | 중계율 0.27 | alpha 1.079 | step_limit
Ep 127 | 드론4 목적지23 | 1000스텝 | 배송 22/23 | 재적재  3 | 중계율 0.37 | alpha 1.093 | step_limit
Ep 128 | 드론3 목적지75 | 1000스텝 | 배송 53/75 | 재적재  9 | 중계율 0.29 | alpha 1.077 | step_limit
Ep 129 | 드론4 목적지31 | 1000스텝 | 배송 28/31 | 재적재  3 | 중계율 0.44 | alpha 1.080 | step_limit
Ep 130 | 드론4 목적지26 |  534스텝 | 배송 26/26 | 재적재  4 | 중계율 0.24 | alpha 1.071 | complete
Ep 131 | 드론4 목적지57 | 1000스텝 | 배송 55/57 | 재적재  8 | 중계율 0.28 | alpha 1.074 | step_limit
Ep 132 | 드론3 목적지51 | 1000스텝 | 배송 41/51 | 재적재  6 | 중계율 0.37 | alpha 1.068 | step_limit
Ep 133 | 드론4 목적지36 | 1000스텝 | 배송 34/36 | 재적재  4 | 중계율 0.37 | alpha 1.058 | step_limit
Ep 134 | 드론4 목적지49 |  975스텝 | 배송 49/49 | 재적재  8 | 중계율 0.35 | alpha 1.047 | complete
Ep 135 | 드론3 목적지56 | 1000스텝 | 배송 48/56 | 재적재  8 | 중계율 0.35 | alpha 1.062 | step_limit
Ep 136 | 드론3 목적지38 |  912스텝 | 배송 38/38 | 재적재  5 | 중계율 0.34 | alpha 1.072 | complete
Ep 137 | 드론4 목적지37 |  688스텝 | 배송 37/37 | 재적재  6 | 중계율 0.29 | alpha 1.071 | complete
Ep 138 | 드론4 목적지68 | 1000스텝 | 배송 47/68 | 재적재  7 | 중계율 0.31 | alpha 1.053 | step_limit
Ep 139 | 드론3 목적지63 | 1000스텝 | 배송 56/63 | 재적재 10 | 중계율 0.27 | alpha 1.045 | step_limit
Ep 140 | 드론4 목적지64 |  926스텝 | 배송 64/64 | 재적재 10 | 중계율 0.31 | alpha 1.049 | complete
Ep 141 | 드론3 목적지48 | 1000스텝 | 배송 41/48 | 재적재  7 | 중계율 0.28 | alpha 1.057 | step_limit
Ep 142 | 드론4 목적지69 | 1000스텝 | 배송 66/69 | 재적재 12 | 중계율 0.27 | alpha 1.051 | step_limit
Ep 143 | 드론3 목적지58 | 1000스텝 | 배송 52/58 | 재적재  8 | 중계율 0.29 | alpha 1.017 | step_limit
Ep 144 | 드론4 목적지55 | 1000스텝 | 배송 49/55 | 재적재  8 | 중계율 0.36 | alpha 1.031 | step_limit
Ep 145 | 드론3 목적지39 | 1000스텝 | 배송 35/39 | 재적재  6 | 중계율 0.36 | alpha 1.025 | step_limit
Ep 146 | 드론3 목적지60 | 1000스텝 | 배송 58/60 | 재적재 10 | 중계율 0.20 | alpha 1.010 | step_limit
Ep 147 | 드론3 목적지44 | 1000스텝 | 배송 40/44 | 재적재  6 | 중계율 0.29 | alpha 1.001 | step_limit
Ep 148 | 드론4 목적지50 |  833스텝 | 배송 50/50 | 재적재  7 | 중계율 0.36 | alpha 0.997 | complete
Ep 149 | 드론3 목적지36 |  889스텝 | 배송 36/36 | 재적재  5 | 중계율 0.29 | alpha 1.005 | complete
Ep 150 | 드론4 목적지78 | 1000스텝 | 배송 67/78 | 재적재 11 | 중계율 0.31 | alpha 1.016 | step_limit
  [홀드아웃] 배송 50.0±0.0 완주 1.00 스텝 1424 점수 121.0 재적재 7.7 2홉+ 0.59 | 최고 121.0@ep150 정체 0/8  ← 갱신
Ep 151 | 드론3 목적지64 | 1000스텝 | 배송 60/64 | 재적재 11 | 중계율 0.24 | alpha 1.017 | step_limit
Ep 152 | 드론4 목적지21 |  231스텝 | 배송 21/21 | 재적재  2 | 중계율 0.12 | alpha 1.018 | complete
Ep 153 | 드론4 목적지76 | 1000스텝 | 배송 64/76 | 재적재 12 | 중계율 0.29 | alpha 1.016 | step_limit
Ep 154 | 드론3 목적지40 | 1000스텝 | 배송 38/40 | 재적재  7 | 중계율 0.33 | alpha 0.989 | step_limit
Ep 155 | 드론3 목적지64 | 1000스텝 | 배송 58/64 | 재적재 10 | 중계율 0.25 | alpha 1.004 | step_limit
Ep 156 | 드론4 목적지50 | 1000스텝 | 배송 45/50 | 재적재  7 | 중계율 0.37 | alpha 0.991 | step_limit
Ep 157 | 드론3 목적지56 | 1000스텝 | 배송 54/56 | 재적재 10 | 중계율 0.28 | alpha 0.987 | step_limit
Ep 158 | 드론4 목적지67 | 1000스텝 | 배송 53/67 | 재적재 10 | 중계율 0.31 | alpha 0.991 | step_limit
Ep 159 | 드론4 목적지78 | 1000스텝 | 배송 75/78 | 재적재 14 | 중계율 0.21 | alpha 0.993 | step_limit
Ep 160 | 드론4 목적지23 |  902스텝 | 배송 23/23 | 재적재  2 | 중계율 0.40 | alpha 0.996 | complete
Ep 161 | 드론4 목적지73 | 1000스텝 | 배송 48/73 | 재적재  8 | 중계율 0.32 | alpha 0.978 | step_limit
Ep 162 | 드론3 목적지49 |  928스텝 | 배송 49/49 | 재적재  9 | 중계율 0.26 | alpha 0.974 | complete
Ep 163 | 드론4 목적지36 |  807스텝 | 배송 36/36 | 재적재  4 | 중계율 0.32 | alpha 0.975 | complete
Ep 164 | 드론4 목적지54 |  874스텝 | 배송 54/54 | 재적재  9 | 중계율 0.26 | alpha 0.980 | complete
Ep 165 | 드론4 목적지47 | 1000스텝 | 배송 43/47 | 재적재  6 | 중계율 0.32 | alpha 0.988 | step_limit
Ep 166 | 드론4 목적지63 | 1000스텝 | 배송 55/63 | 재적재  9 | 중계율 0.30 | alpha 0.973 | step_limit
Ep 167 | 드론4 목적지38 | 1000스텝 | 배송 37/38 | 재적재  6 | 중계율 0.37 | alpha 0.985 | step_limit
Ep 168 | 드론4 목적지44 | 1000스텝 | 배송 42/44 | 재적재  7 | 중계율 0.40 | alpha 0.962 | step_limit
Ep 169 | 드론4 목적지45 | 1000스텝 | 배송 39/45 | 재적재  5 | 중계율 0.36 | alpha 0.969 | step_limit
Ep 170 | 드론3 목적지78 | 1000스텝 | 배송 65/78 | 재적재 11 | 중계율 0.25 | alpha 0.965 | step_limit
Ep 171 | 드론4 목적지34 |  907스텝 | 배송 34/34 | 재적재  4 | 중계율 0.40 | alpha 0.966 | complete
Ep 172 | 드론3 목적지48 | 1000스텝 | 배송 45/48 | 재적재  8 | 중계율 0.29 | alpha 0.965 | step_limit
Ep 173 | 드론3 목적지64 | 1000스텝 | 배송 46/64 | 재적재  7 | 중계율 0.34 | alpha 0.952 | step_limit
Ep 174 | 드론4 목적지38 |  635스텝 | 배송 38/38 | 재적재  6 | 중계율 0.22 | alpha 0.957 | complete
Ep 175 | 드론3 목적지56 | 1000스텝 | 배송 47/56 | 재적재  7 | 중계율 0.32 | alpha 0.954 | step_limit
Ep 176 | 드론3 목적지68 | 1000스텝 | 배송 53/68 | 재적재  8 | 중계율 0.35 | alpha 0.937 | step_limit
Ep 177 | 드론4 목적지74 | 1000스텝 | 배송 69/74 | 재적재 10 | 중계율 0.32 | alpha 0.945 | step_limit
Ep 178 | 드론4 목적지37 |  834스텝 | 배송 37/37 | 재적재  5 | 중계율 0.34 | alpha 0.940 | complete
Ep 179 | 드론4 목적지48 |  953스텝 | 배송 48/48 | 재적재  8 | 중계율 0.34 | alpha 0.924 | complete
Ep 180 | 드론3 목적지61 | 1000스텝 | 배송 48/61 | 재적재  8 | 중계율 0.32 | alpha 0.917 | step_limit
Ep 181 | 드론3 목적지80 | 1000스텝 | 배송 48/80 | 재적재  9 | 중계율 0.30 | alpha 0.936 | step_limit
Ep 182 | 드론4 목적지31 |  848스텝 | 배송 31/31 | 재적재  5 | 중계율 0.36 | alpha 0.932 | complete
Ep 183 | 드론3 목적지53 | 1000스텝 | 배송 45/53 | 재적재  7 | 중계율 0.34 | alpha 0.941 | step_limit
Ep 184 | 드론3 목적지64 | 1000스텝 | 배송 47/64 | 재적재  7 | 중계율 0.36 | alpha 0.941 | step_limit
Ep 185 | 드론3 목적지49 |  809스텝 | 배송 49/49 | 재적재  9 | 중계율 0.25 | alpha 0.935 | complete
Ep 186 | 드론4 목적지47 | 1000스텝 | 배송 46/47 | 재적재  7 | 중계율 0.36 | alpha 0.939 | step_limit
Ep 187 | 드론4 목적지59 | 1000스텝 | 배송 49/59 | 재적재  7 | 중계율 0.37 | alpha 0.944 | step_limit
Ep 188 | 드론3 목적지33 |  815스텝 | 배송 33/33 | 재적재  5 | 중계율 0.33 | alpha 0.930 | complete
Ep 189 | 드론4 목적지35 |  648스텝 | 배송 35/35 | 재적재  5 | 중계율 0.26 | alpha 0.953 | complete
Ep 190 | 드론3 목적지30 |  709스텝 | 배송 30/30 | 재적재  4 | 중계율 0.35 | alpha 0.943 | complete
Ep 191 | 드론3 목적지70 | 1000스텝 | 배송 56/70 | 재적재 10 | 중계율 0.27 | alpha 0.937 | step_limit
Ep 192 | 드론4 목적지36 |  499스텝 | 배송 36/36 | 재적재  6 | 중계율 0.25 | alpha 0.924 | complete
Ep 193 | 드론3 목적지54 | 1000스텝 | 배송 47/54 | 재적재  9 | 중계율 0.32 | alpha 0.915 | step_limit
Ep 194 | 드론3 목적지76 | 1000스텝 | 배송 56/76 | 재적재  9 | 중계율 0.31 | alpha 0.905 | step_limit
Ep 195 | 드론4 목적지74 | 1000스텝 | 배송 52/74 | 재적재  8 | 중계율 0.37 | alpha 0.917 | step_limit
Ep 196 | 드론4 목적지70 | 1000스텝 | 배송 57/70 | 재적재  9 | 중계율 0.37 | alpha 0.910 | step_limit
Ep 197 | 드론3 목적지34 |  910스텝 | 배송 34/34 | 재적재  6 | 중계율 0.33 | alpha 0.925 | complete
Ep 198 | 드론3 목적지33 |  888스텝 | 배송 33/33 | 재적재  6 | 중계율 0.39 | alpha 0.918 | complete
Ep 199 | 드론4 목적지46 |  929스텝 | 배송 46/46 | 재적재  7 | 중계율 0.31 | alpha 0.913 | complete
Ep 200 | 드론4 목적지42 |  517스텝 | 배송 42/42 | 재적재  6 | 중계율 0.27 | alpha 0.932 | complete
  [홀드아웃] 배송 50.0±0.0 완주 1.00 스텝 1333 점수 122.2 재적재 7.3 2홉+ 0.62 | 최고 122.2@ep200 정체 0/8  ← 갱신
Ep 201 | 드론4 목적지51 | 1000스텝 | 배송 47/51 | 재적재  7 | 중계율 0.29 | alpha 0.904 | step_limit
Ep 202 | 드론4 목적지32 |  979스텝 | 배송 32/32 | 재적재  4 | 중계율 0.46 | alpha 0.904 | complete
Ep 203 | 드론4 목적지30 | 1000스텝 | 배송 29/30 | 재적재  3 | 중계율 0.46 | alpha 0.902 | step_limit
Ep 204 | 드론4 목적지73 | 1000스텝 | 배송 39/73 | 재적재  7 | 중계율 0.27 | alpha 0.904 | step_limit
Ep 205 | 드론3 목적지44 | 1000스텝 | 배송 43/44 | 재적재  6 | 중계율 0.32 | alpha 0.900 | step_limit
Ep 206 | 드론3 목적지26 |  653스텝 | 배송 26/26 | 재적재  3 | 중계율 0.30 | alpha 0.889 | complete
Ep 207 | 드론4 목적지40 |  829스텝 | 배송 40/40 | 재적재  6 | 중계율 0.34 | alpha 0.906 | complete
Ep 208 | 드론4 목적지35 |  677스텝 | 배송 35/35 | 재적재  4 | 중계율 0.38 | alpha 0.908 | complete
Ep 209 | 드론4 목적지75 | 1000스텝 | 배송 70/75 | 재적재 13 | 중계율 0.20 | alpha 0.914 | step_limit
Ep 210 | 드론4 목적지56 | 1000스텝 | 배송 52/56 | 재적재  8 | 중계율 0.34 | alpha 0.895 | step_limit
Ep 211 | 드론3 목적지26 |  492스텝 | 배송 26/26 | 재적재  3 | 중계율 0.32 | alpha 0.895 | complete
Ep 212 | 드론3 목적지58 | 1000스텝 | 배송 55/58 | 재적재 10 | 중계율 0.24 | alpha 0.888 | step_limit
Ep 213 | 드론3 목적지44 |  891스텝 | 배송 44/44 | 재적재  6 | 중계율 0.36 | alpha 0.901 | complete
Ep 214 | 드론3 목적지56 | 1000스텝 | 배송 55/56 | 재적재 10 | 중계율 0.30 | alpha 0.904 | step_limit
Ep 215 | 드론3 목적지64 | 1000스텝 | 배송 53/64 | 재적재  9 | 중계율 0.30 | alpha 0.888 | step_limit
Ep 216 | 드론4 목적지40 |  857스텝 | 배송 40/40 | 재적재  7 | 중계율 0.38 | alpha 0.898 | complete
Ep 217 | 드론4 목적지41 |  535스텝 | 배송 41/41 | 재적재  6 | 중계율 0.22 | alpha 0.884 | complete
Ep 218 | 드론3 목적지31 |  873스텝 | 배송 31/31 | 재적재  4 | 중계율 0.35 | alpha 0.897 | complete
Ep 219 | 드론3 목적지80 | 1000스텝 | 배송 64/80 | 재적재 10 | 중계율 0.26 | alpha 0.887 | step_limit
Ep 220 | 드론3 목적지53 | 1000스텝 | 배송 43/53 | 재적재  7 | 중계율 0.34 | alpha 0.886 | step_limit
Ep 221 | 드론4 목적지72 |  996스텝 | 배송 72/72 | 재적재 12 | 중계율 0.28 | alpha 0.891 | complete
Ep 222 | 드론3 목적지27 |  633스텝 | 배송 27/27 | 재적재  3 | 중계율 0.37 | alpha 0.893 | complete
Ep 223 | 드론4 목적지22 |  674스텝 | 배송 22/22 | 재적재  2 | 중계율 0.36 | alpha 0.882 | complete
Ep 224 | 드론3 목적지62 | 1000스텝 | 배송 41/62 | 재적재  7 | 중계율 0.30 | alpha 0.889 | step_limit
Ep 225 | 드론4 목적지58 | 1000스텝 | 배송 55/58 | 재적재 10 | 중계율 0.29 | alpha 0.887 | step_limit
Ep 226 | 드론4 목적지37 |  911스텝 | 배송 37/37 | 재적재  5 | 중계율 0.43 | alpha 0.881 | complete
Ep 227 | 드론3 목적지49 | 1000스텝 | 배송 47/49 | 재적재  8 | 중계율 0.36 | alpha 0.878 | step_limit
Ep 228 | 드론4 목적지72 |  974스텝 | 배송 72/72 | 재적재 13 | 중계율 0.25 | alpha 0.877 | complete
Ep 229 | 드론3 목적지77 | 1000스텝 | 배송 50/77 | 재적재  9 | 중계율 0.30 | alpha 0.863 | step_limit
Ep 230 | 드론4 목적지53 | 1000스텝 | 배송 45/53 | 재적재  7 | 중계율 0.26 | alpha 0.864 | step_limit
Ep 231 | 드론4 목적지56 | 1000스텝 | 배송 41/56 | 재적재  6 | 중계율 0.35 | alpha 0.849 | step_limit
Ep 232 | 드론3 목적지28 |  640스텝 | 배송 28/28 | 재적재  3 | 중계율 0.39 | alpha 0.861 | complete
Ep 233 | 드론4 목적지40 | 1000스텝 | 배송 34/40 | 재적재  4 | 중계율 0.43 | alpha 0.872 | step_limit
Ep 234 | 드론4 목적지29 |  660스텝 | 배송 29/29 | 재적재  3 | 중계율 0.34 | alpha 0.860 | complete
Ep 235 | 드론4 목적지69 | 1000스텝 | 배송 53/69 | 재적재  9 | 중계율 0.33 | alpha 0.857 | step_limit
Ep 236 | 드론3 목적지30 |  595스텝 | 배송 30/30 | 재적재  4 | 중계율 0.29 | alpha 0.851 | complete
Ep 237 | 드론4 목적지24 |  496스텝 | 배송 24/24 | 재적재  3 | 중계율 0.32 | alpha 0.843 | complete
Ep 238 | 드론4 목적지21 |  674스텝 | 배송 21/21 | 재적재  2 | 중계율 0.35 | alpha 0.843 | complete
Ep 239 | 드론4 목적지60 | 1000스텝 | 배송 41/60 | 재적재  6 | 중계율 0.36 | alpha 0.845 | step_limit
Ep 240 | 드론4 목적지58 | 1000스텝 | 배송 51/58 | 재적재  9 | 중계율 0.35 | alpha 0.833 | step_limit
Ep 241 | 드론3 목적지26 |  720스텝 | 배송 26/26 | 재적재  4 | 중계율 0.25 | alpha 0.847 | complete
Ep 242 | 드론3 목적지43 |  956스텝 | 배송 43/43 | 재적재  8 | 중계율 0.36 | alpha 0.847 | complete
Ep 243 | 드론4 목적지55 | 1000스텝 | 배송 47/55 | 재적재  7 | 중계율 0.33 | alpha 0.840 | step_limit
Ep 244 | 드론4 목적지48 |  618스텝 | 배송 48/48 | 재적재  8 | 중계율 0.27 | alpha 0.847 | complete
Ep 245 | 드론4 목적지67 | 1000스텝 | 배송 59/67 | 재적재 10 | 중계율 0.30 | alpha 0.808 | step_limit
Ep 246 | 드론3 목적지65 | 1000스텝 | 배송 52/65 | 재적재  9 | 중계율 0.30 | alpha 0.832 | step_limit
Ep 247 | 드론4 목적지49 | 1000스텝 | 배송 45/49 | 재적재  7 | 중계율 0.40 | alpha 0.833 | step_limit
Ep 248 | 드론3 목적지41 | 1000스텝 | 배송 38/41 | 재적재  7 | 중계율 0.37 | alpha 0.811 | step_limit
Ep 249 | 드론4 목적지26 |  456스텝 | 배송 26/26 | 재적재  4 | 중계율 0.20 | alpha 0.819 | complete
Ep 250 | 드론4 목적지43 | 1000스텝 | 배송 38/43 | 재적재  5 | 중계율 0.34 | alpha 0.817 | step_limit
  [홀드아웃] 배송 50.0±0.1 완주 0.99 스텝 1224 점수 122.4 재적재 7.0 2홉+ 0.61 | 최고 122.4@ep250 정체 0/8  ← 갱신
Ep 251 | 드론4 목적지71 | 1000스텝 | 배송 64/71 | 재적재 12 | 중계율 0.32 | alpha 0.816 | step_limit
Ep 252 | 드론3 목적지48 | 1000스텝 | 배송 42/48 | 재적재  7 | 중계율 0.39 | alpha 0.817 | step_limit
Ep 253 | 드론3 목적지30 |  689스텝 | 배송 30/30 | 재적재  4 | 중계율 0.36 | alpha 0.822 | complete
Ep 254 | 드론4 목적지26 |  763스텝 | 배송 26/26 | 재적재  3 | 중계율 0.44 | alpha 0.802 | complete
Ep 255 | 드론4 목적지69 | 1000스텝 | 배송 60/69 | 재적재  9 | 중계율 0.32 | alpha 0.814 | step_limit
Ep 256 | 드론4 목적지33 |  957스텝 | 배송 33/33 | 재적재  5 | 중계율 0.46 | alpha 0.813 | complete
Ep 257 | 드론3 목적지55 | 1000스텝 | 배송 50/55 | 재적재  7 | 중계율 0.40 | alpha 0.804 | step_limit
Ep 258 | 드론4 목적지36 | 1000스텝 | 배송 34/36 | 재적재  3 | 중계율 0.47 | alpha 0.801 | step_limit
Ep 259 | 드론3 목적지79 | 1000스텝 | 배송 66/79 | 재적재 12 | 중계율 0.28 | alpha 0.791 | step_limit
Ep 260 | 드론3 목적지41 |  899스텝 | 배송 41/41 | 재적재  7 | 중계율 0.30 | alpha 0.795 | complete
Ep 261 | 드론4 목적지21 |  727스텝 | 배송 21/21 | 재적재  1 | 중계율 0.44 | alpha 0.796 | complete
Ep 262 | 드론3 목적지43 |  837스텝 | 배송 43/43 | 재적재  7 | 중계율 0.32 | alpha 0.805 | complete
Ep 263 | 드론4 목적지21 |  646스텝 | 배송 21/21 | 재적재  2 | 중계율 0.38 | alpha 0.819 | complete
Ep 264 | 드론4 목적지50 | 1000스텝 | 배송 41/50 | 재적재  6 | 중계율 0.38 | alpha 0.795 | step_limit
Ep 265 | 드론3 목적지35 |  896스텝 | 배송 35/35 | 재적재  5 | 중계율 0.45 | alpha 0.803 | complete
Ep 266 | 드론3 목적지54 | 1000스텝 | 배송 47/54 | 재적재  7 | 중계율 0.32 | alpha 0.795 | step_limit
Ep 267 | 드론4 목적지46 |  879스텝 | 배송 46/46 | 재적재  8 | 중계율 0.25 | alpha 0.784 | complete
Ep 268 | 드론3 목적지33 |  799스텝 | 배송 33/33 | 재적재  5 | 중계율 0.42 | alpha 0.782 | complete
Ep 269 | 드론3 목적지42 | 1000스텝 | 배송 38/42 | 재적재  5 | 중계율 0.34 | alpha 0.793 | step_limit
Ep 270 | 드론3 목적지45 |  783스텝 | 배송 45/45 | 재적재  6 | 중계율 0.32 | alpha 0.791 | complete
Ep 271 | 드론4 목적지37 |  851스텝 | 배송 37/37 | 재적재  6 | 중계율 0.39 | alpha 0.782 | complete
Ep 272 | 드론3 목적지47 |  899스텝 | 배송 47/47 | 재적재  8 | 중계율 0.34 | alpha 0.782 | complete
Ep 273 | 드론4 목적지76 | 1000스텝 | 배송 73/76 | 재적재 13 | 중계율 0.31 | alpha 0.792 | step_limit
Ep 274 | 드론4 목적지29 |  867스텝 | 배송 29/29 | 재적재  4 | 중계율 0.41 | alpha 0.771 | complete
Ep 275 | 드론3 목적지78 | 1000스텝 | 배송 58/78 | 재적재  9 | 중계율 0.32 | alpha 0.758 | step_limit
Ep 276 | 드론4 목적지49 |  680스텝 | 배송 49/49 | 재적재  7 | 중계율 0.27 | alpha 0.769 | complete
Ep 277 | 드론3 목적지67 | 1000스텝 | 배송 55/67 | 재적재 10 | 중계율 0.33 | alpha 0.755 | step_limit
Ep 278 | 드론3 목적지30 |  785스텝 | 배송 30/30 | 재적재  4 | 중계율 0.42 | alpha 0.767 | complete
Ep 279 | 드론4 목적지44 | 1000스텝 | 배송 43/44 | 재적재  7 | 중계율 0.33 | alpha 0.785 | step_limit
Ep 280 | 드론3 목적지32 |  619스텝 | 배송 32/32 | 재적재  5 | 중계율 0.30 | alpha 0.765 | complete
Ep 281 | 드론3 목적지36 |  858스텝 | 배송 36/36 | 재적재  5 | 중계율 0.40 | alpha 0.755 | complete
Ep 282 | 드론3 목적지56 | 1000스텝 | 배송 53/56 | 재적재  9 | 중계율 0.29 | alpha 0.766 | step_limit
Ep 283 | 드론3 목적지75 | 1000스텝 | 배송 69/75 | 재적재 12 | 중계율 0.24 | alpha 0.766 | step_limit
Ep 284 | 드론4 목적지21 |  497스텝 | 배송 21/21 | 재적재  3 | 중계율 0.22 | alpha 0.759 | complete
Ep 285 | 드론4 목적지72 | 1000스텝 | 배송 71/72 | 재적재 13 | 중계율 0.32 | alpha 0.765 | step_limit
Ep 286 | 드론4 목적지78 | 1000스텝 | 배송 68/78 | 재적재 12 | 중계율 0.26 | alpha 0.756 | step_limit
Ep 287 | 드론3 목적지39 | 1000스텝 | 배송 36/39 | 재적재  6 | 중계율 0.32 | alpha 0.745 | step_limit
Ep 288 | 드론3 목적지39 |  830스텝 | 배송 39/39 | 재적재  7 | 중계율 0.33 | alpha 0.737 | complete
Ep 289 | 드론3 목적지49 | 1000스텝 | 배송 48/49 | 재적재  7 | 중계율 0.37 | alpha 0.748 | step_limit
Ep 290 | 드론3 목적지29 |  772스텝 | 배송 29/29 | 재적재  4 | 중계율 0.37 | alpha 0.734 | complete
Ep 291 | 드론4 목적지68 | 1000스텝 | 배송 63/68 | 재적재 10 | 중계율 0.31 | alpha 0.743 | step_limit
Ep 292 | 드론3 목적지69 | 1000스텝 | 배송 51/69 | 재적재  9 | 중계율 0.23 | alpha 0.738 | step_limit
Ep 293 | 드론3 목적지38 |  988스텝 | 배송 38/38 | 재적재  6 | 중계율 0.36 | alpha 0.729 | complete
Ep 294 | 드론4 목적지41 | 1000스텝 | 배송 36/41 | 재적재  4 | 중계율 0.36 | alpha 0.738 | step_limit
Ep 295 | 드론3 목적지35 |  743스텝 | 배송 35/35 | 재적재  5 | 중계율 0.33 | alpha 0.722 | complete
Ep 296 | 드론4 목적지49 |  901스텝 | 배송 49/49 | 재적재  9 | 중계율 0.30 | alpha 0.726 | complete
Ep 297 | 드론3 목적지78 | 1000스텝 | 배송 52/78 | 재적재  8 | 중계율 0.29 | alpha 0.717 | step_limit
Ep 298 | 드론3 목적지73 | 1000스텝 | 배송 64/73 | 재적재 12 | 중계율 0.30 | alpha 0.722 | step_limit
Ep 299 | 드론4 목적지75 | 1000스텝 | 배송 73/75 | 재적재 13 | 중계율 0.25 | alpha 0.721 | step_limit
Ep 300 | 드론3 목적지39 |  653스텝 | 배송 39/39 | 재적재  6 | 중계율 0.34 | alpha 0.733 | complete
  [홀드아웃] 배송 50.0±0.3 완주 0.99 스텝 1243 점수 122.2 재적재 7.5 2홉+ 0.60 | 최고 122.4@ep250 정체 1/8
Ep 301 | 드론3 목적지69 | 1000스텝 | 배송 51/69 | 재적재  9 | 중계율 0.28 | alpha 0.734 | step_limit
Ep 302 | 드론4 목적지60 | 1000스텝 | 배송 54/60 | 재적재  8 | 중계율 0.36 | alpha 0.719 | step_limit
Ep 303 | 드론3 목적지74 | 1000스텝 | 배송 64/74 | 재적재 11 | 중계율 0.27 | alpha 0.720 | step_limit
Ep 304 | 드론3 목적지25 |  451스텝 | 배송 25/25 | 재적재  4 | 중계율 0.28 | alpha 0.709 | complete
Ep 305 | 드론3 목적지75 | 1000스텝 | 배송 55/75 | 재적재 11 | 중계율 0.33 | alpha 0.727 | step_limit
Ep 306 | 드론3 목적지29 |  548스텝 | 배송 29/29 | 재적재  3 | 중계율 0.36 | alpha 0.719 | complete
Ep 307 | 드론4 목적지29 |  591스텝 | 배송 29/29 | 재적재  3 | 중계율 0.33 | alpha 0.713 | complete
Ep 308 | 드론4 목적지35 |  514스텝 | 배송 35/35 | 재적재  5 | 중계율 0.21 | alpha 0.711 | complete
Ep 309 | 드론4 목적지37 |  803스텝 | 배송 37/37 | 재적재  5 | 중계율 0.43 | alpha 0.726 | complete
Ep 310 | 드론3 목적지74 | 1000스텝 | 배송 58/74 | 재적재  9 | 중계율 0.32 | alpha 0.709 | step_limit
Ep 311 | 드론4 목적지42 | 1000스텝 | 배송 38/42 | 재적재  6 | 중계율 0.40 | alpha 0.700 | step_limit
Ep 312 | 드론4 목적지73 | 1000스텝 | 배송 50/73 | 재적재  8 | 중계율 0.39 | alpha 0.701 | step_limit
Ep 313 | 드론3 목적지34 |  961스텝 | 배송 34/34 | 재적재  5 | 중계율 0.45 | alpha 0.698 | complete
Ep 314 | 드론3 목적지26 |  810스텝 | 배송 26/26 | 재적재  4 | 중계율 0.42 | alpha 0.691 | complete
Ep 315 | 드론4 목적지20 |  620스텝 | 배송 20/20 | 재적재  2 | 중계율 0.40 | alpha 0.699 | complete
Ep 316 | 드론4 목적지24 |  377스텝 | 배송 24/24 | 재적재  3 | 중계율 0.26 | alpha 0.702 | complete
Ep 317 | 드론4 목적지23 |  536스텝 | 배송 23/23 | 재적재  2 | 중계율 0.43 | alpha 0.711 | complete
Ep 318 | 드론3 목적지45 | 1000스텝 | 배송 36/45 | 재적재  6 | 중계율 0.34 | alpha 0.695 | step_limit
Ep 319 | 드론4 목적지52 | 1000스텝 | 배송 48/52 | 재적재  6 | 중계율 0.37 | alpha 0.681 | step_limit
Ep 320 | 드론3 목적지25 |  565스텝 | 배송 25/25 | 재적재  3 | 중계율 0.35 | alpha 0.680 | complete
Ep 321 | 드론3 목적지34 |  638스텝 | 배송 34/34 | 재적재  4 | 중계율 0.36 | alpha 0.698 | complete
Ep 322 | 드론3 목적지33 |  581스텝 | 배송 33/33 | 재적재  4 | 중계율 0.31 | alpha 0.699 | complete
Ep 323 | 드론3 목적지35 |  891스텝 | 배송 35/35 | 재적재  4 | 중계율 0.41 | alpha 0.692 | complete
Ep 324 | 드론4 목적지70 |  990스텝 | 배송 70/70 | 재적재 13 | 중계율 0.31 | alpha 0.682 | complete
Ep 325 | 드론3 목적지43 |  822스텝 | 배송 43/43 | 재적재  8 | 중계율 0.27 | alpha 0.666 | complete
Ep 326 | 드론4 목적지42 | 1000스텝 | 배송 40/42 | 재적재  6 | 중계율 0.42 | alpha 0.681 | step_limit
Ep 327 | 드론4 목적지62 | 1000스텝 | 배송 53/62 | 재적재  9 | 중계율 0.29 | alpha 0.682 | step_limit
Ep 328 | 드론3 목적지53 | 1000스텝 | 배송 47/53 | 재적재  8 | 중계율 0.31 | alpha 0.690 | step_limit
Ep 329 | 드론4 목적지31 |  771스텝 | 배송 31/31 | 재적재  4 | 중계율 0.39 | alpha 0.683 | complete
Ep 330 | 드론3 목적지65 | 1000스텝 | 배송 58/65 | 재적재  9 | 중계율 0.33 | alpha 0.687 | step_limit
Ep 331 | 드론3 목적지25 |  745스텝 | 배송 25/25 | 재적재  4 | 중계율 0.32 | alpha 0.690 | complete
Ep 332 | 드론3 목적지79 | 1000스텝 | 배송 51/79 | 재적재  9 | 중계율 0.30 | alpha 0.682 | step_limit
Ep 333 | 드론3 목적지37 | 1000스텝 | 배송 31/37 | 재적재  5 | 중계율 0.38 | alpha 0.683 | step_limit
Ep 334 | 드론3 목적지72 | 1000스텝 | 배송 57/72 | 재적재 10 | 중계율 0.21 | alpha 0.686 | step_limit
Ep 335 | 드론3 목적지23 |  538스텝 | 배송 23/23 | 재적재  2 | 중계율 0.47 | alpha 0.671 | complete
Ep 336 | 드론3 목적지57 | 1000스텝 | 배송 47/57 | 재적재  8 | 중계율 0.35 | alpha 0.675 | step_limit
Ep 337 | 드론3 목적지76 | 1000스텝 | 배송 60/76 | 재적재 11 | 중계율 0.33 | alpha 0.672 | step_limit
Ep 338 | 드론3 목적지30 |  805스텝 | 배송 30/30 | 재적재  4 | 중계율 0.40 | alpha 0.672 | complete
Ep 339 | 드론4 목적지73 |  907스텝 | 배송 73/73 | 재적재 12 | 중계율 0.25 | alpha 0.675 | complete
Ep 340 | 드론4 목적지34 |  520스텝 | 배송 34/34 | 재적재  4 | 중계율 0.29 | alpha 0.670 | complete
Ep 341 | 드론4 목적지26 |  661스텝 | 배송 26/26 | 재적재  2 | 중계율 0.50 | alpha 0.661 | complete
Ep 342 | 드론3 목적지46 |  997스텝 | 배송 46/46 | 재적재  7 | 중계율 0.33 | alpha 0.656 | complete
Ep 343 | 드론3 목적지50 | 1000스텝 | 배송 43/50 | 재적재  7 | 중계율 0.36 | alpha 0.663 | step_limit
Ep 344 | 드론4 목적지28 |  493스텝 | 배송 28/28 | 재적재  4 | 중계율 0.25 | alpha 0.649 | complete
Ep 345 | 드론4 목적지61 | 1000스텝 | 배송 54/61 | 재적재  8 | 중계율 0.39 | alpha 0.650 | step_limit
Ep 346 | 드론3 목적지29 | 1000스텝 | 배송 27/29 | 재적재  4 | 중계율 0.44 | alpha 0.651 | step_limit
Ep 347 | 드론3 목적지42 | 1000스텝 | 배송 37/42 | 재적재  7 | 중계율 0.38 | alpha 0.665 | step_limit
Ep 348 | 드론4 목적지53 |  673스텝 | 배송 53/53 | 재적재  9 | 중계율 0.29 | alpha 0.655 | complete
Ep 349 | 드론3 목적지62 | 1000스텝 | 배송 51/62 | 재적재  8 | 중계율 0.37 | alpha 0.651 | step_limit
Ep 350 | 드론3 목적지79 | 1000스텝 | 배송 67/79 | 재적재 11 | 중계율 0.29 | alpha 0.649 | step_limit
  [홀드아웃] 배송 49.8±1.4 완주 0.97 스텝 1207 점수 121.4 재적재 7.0 2홉+ 0.61 | 최고 122.4@ep250 정체 2/8
Ep 351 | 드론4 목적지65 | 1000스텝 | 배송 53/65 | 재적재  7 | 중계율 0.31 | alpha 0.638 | step_limit
Ep 352 | 드론4 목적지36 |  571스텝 | 배송 36/36 | 재적재  4 | 중계율 0.31 | alpha 0.637 | complete
Ep 353 | 드론3 목적지62 | 1000스텝 | 배송 53/62 | 재적재  9 | 중계율 0.22 | alpha 0.635 | step_limit
Ep 354 | 드론4 목적지35 |  498스텝 | 배송 35/35 | 재적재  4 | 중계율 0.25 | alpha 0.633 | complete
Ep 355 | 드론3 목적지24 |  600스텝 | 배송 24/24 | 재적재  4 | 중계율 0.29 | alpha 0.631 | complete
Ep 356 | 드론4 목적지62 | 1000스텝 | 배송 48/62 | 재적재  7 | 중계율 0.37 | alpha 0.632 | step_limit
Ep 357 | 드론3 목적지21 |  657스텝 | 배송 21/21 | 재적재  2 | 중계율 0.40 | alpha 0.632 | complete
Ep 358 | 드론4 목적지26 |  427스텝 | 배송 26/26 | 재적재  4 | 중계율 0.33 | alpha 0.634 | complete
Ep 359 | 드론3 목적지52 | 1000스텝 | 배송 51/52 | 재적재  9 | 중계율 0.38 | alpha 0.629 | step_limit
Ep 360 | 드론4 목적지52 | 1000스텝 | 배송 49/52 | 재적재  6 | 중계율 0.39 | alpha 0.622 | step_limit
Ep 361 | 드론3 목적지40 | 1000스텝 | 배송 38/40 | 재적재  5 | 중계율 0.30 | alpha 0.620 | step_limit
Ep 362 | 드론4 목적지52 | 1000스텝 | 배송 34/52 | 재적재  5 | 중계율 0.38 | alpha 0.624 | step_limit
Ep 363 | 드론4 목적지64 | 1000스텝 | 배송 49/64 | 재적재  7 | 중계율 0.36 | alpha 0.636 | step_limit
Ep 364 | 드론3 목적지64 | 1000스텝 | 배송 55/64 | 재적재  8 | 중계율 0.37 | alpha 0.625 | step_limit
Ep 365 | 드론4 목적지69 | 1000스텝 | 배송 63/69 | 재적재  9 | 중계율 0.34 | alpha 0.621 | step_limit
Ep 366 | 드론4 목적지61 |  955스텝 | 배송 61/61 | 재적재 10 | 중계율 0.26 | alpha 0.623 | complete
Ep 367 | 드론3 목적지53 |  890스텝 | 배송 53/53 | 재적재  9 | 중계율 0.23 | alpha 0.621 | complete
Ep 368 | 드론4 목적지73 | 1000스텝 | 배송 68/73 | 재적재 12 | 중계율 0.22 | alpha 0.610 | step_limit
Ep 369 | 드론4 목적지30 |  410스텝 | 배송 30/30 | 재적재  4 | 중계율 0.26 | alpha 0.607 | complete
Ep 370 | 드론3 목적지71 | 1000스텝 | 배송 60/71 | 재적재 11 | 중계율 0.23 | alpha 0.612 | step_limit
Ep 371 | 드론3 목적지54 | 1000스텝 | 배송 37/54 | 재적재  7 | 중계율 0.30 | alpha 0.603 | step_limit
Ep 372 | 드론4 목적지80 | 1000스텝 | 배송 78/80 | 재적재 12 | 중계율 0.31 | alpha 0.591 | step_limit
Ep 373 | 드론3 목적지41 |  997스텝 | 배송 41/41 | 재적재  7 | 중계율 0.34 | alpha 0.599 | complete
Ep 374 | 드론3 목적지67 | 1000스텝 | 배송 62/67 | 재적재 11 | 중계율 0.30 | alpha 0.601 | step_limit
Ep 375 | 드론3 목적지62 | 1000스텝 | 배송 43/62 | 재적재  7 | 중계율 0.37 | alpha 0.603 | step_limit
Ep 376 | 드론4 목적지72 | 1000스텝 | 배송 55/72 | 재적재  9 | 중계율 0.31 | alpha 0.606 | step_limit
Ep 377 | 드론4 목적지63 | 1000스텝 | 배송 55/63 | 재적재  7 | 중계율 0.34 | alpha 0.599 | step_limit
Ep 378 | 드론4 목적지74 | 1000스텝 | 배송 67/74 | 재적재 11 | 중계율 0.25 | alpha 0.597 | step_limit
Ep 379 | 드론3 목적지77 | 1000스텝 | 배송 59/77 | 재적재 10 | 중계율 0.32 | alpha 0.596 | step_limit
Ep 380 | 드론3 목적지73 | 1000스텝 | 배송 61/73 | 재적재 11 | 중계율 0.26 | alpha 0.600 | step_limit
Ep 381 | 드론4 목적지20 |  288스텝 | 배송 20/20 | 재적재  1 | 중계율 0.24 | alpha 0.596 | complete
Ep 382 | 드론3 목적지75 | 1000스텝 | 배송 60/75 | 재적재 10 | 중계율 0.29 | alpha 0.582 | step_limit
Ep 383 | 드론3 목적지52 | 1000스텝 | 배송 49/52 | 재적재  7 | 중계율 0.32 | alpha 0.582 | step_limit
Ep 384 | 드론3 목적지77 | 1000스텝 | 배송 65/77 | 재적재 12 | 중계율 0.24 | alpha 0.587 | step_limit
Ep 385 | 드론3 목적지62 | 1000스텝 | 배송 45/62 | 재적재  7 | 중계율 0.35 | alpha 0.595 | step_limit
Ep 386 | 드론3 목적지80 | 1000스텝 | 배송 55/80 | 재적재 10 | 중계율 0.31 | alpha 0.580 | step_limit
Ep 387 | 드론3 목적지31 |  659스텝 | 배송 31/31 | 재적재  4 | 중계율 0.26 | alpha 0.577 | complete
Ep 388 | 드론3 목적지33 |  993스텝 | 배송 33/33 | 재적재  5 | 중계율 0.42 | alpha 0.584 | complete
Ep 389 | 드론4 목적지72 | 1000스텝 | 배송 60/72 | 재적재 10 | 중계율 0.35 | alpha 0.578 | step_limit
Ep 390 | 드론4 목적지71 | 1000스텝 | 배송 65/71 | 재적재 12 | 중계율 0.26 | alpha 0.577 | step_limit
Ep 391 | 드론4 목적지50 | 1000스텝 | 배송 45/50 | 재적재  8 | 중계율 0.24 | alpha 0.561 | step_limit
Ep 392 | 드론4 목적지71 | 1000스텝 | 배송 70/71 | 재적재 12 | 중계율 0.27 | alpha 0.553 | step_limit
Ep 393 | 드론4 목적지21 |  628스텝 | 배송 21/21 | 재적재  1 | 중계율 0.44 | alpha 0.555 | complete
Ep 394 | 드론4 목적지60 | 1000스텝 | 배송 55/60 | 재적재  8 | 중계율 0.36 | alpha 0.555 | step_limit
Ep 395 | 드론4 목적지55 |  801스텝 | 배송 55/55 | 재적재  9 | 중계율 0.23 | alpha 0.550 | complete
Ep 396 | 드론4 목적지71 |  865스텝 | 배송 71/71 | 재적재 13 | 중계율 0.22 | alpha 0.544 | complete
Ep 397 | 드론3 목적지36 |  956스텝 | 배송 36/36 | 재적재  6 | 중계율 0.38 | alpha 0.542 | complete
Ep 398 | 드론3 목적지52 | 1000스텝 | 배송 45/52 | 재적재  8 | 중계율 0.31 | alpha 0.549 | step_limit
Ep 399 | 드론3 목적지46 |  916스텝 | 배송 46/46 | 재적재  7 | 중계율 0.35 | alpha 0.551 | complete
Ep 400 | 드론3 목적지34 |  750스텝 | 배송 34/34 | 재적재  4 | 중계율 0.41 | alpha 0.546 | complete
  [홀드아웃] 배송 50.0±0.0 완주 1.00 스텝 1132 점수 124.9 재적재 6.9 2홉+ 0.61 | 최고 124.9@ep400 정체 0/8  ← 갱신
Ep 401 | 드론3 목적지38 | 1000스텝 | 배송 32/38 | 재적재  4 | 중계율 0.39 | alpha 0.544 | step_limit
Ep 402 | 드론4 목적지36 |  789스텝 | 배송 36/36 | 재적재  4 | 중계율 0.40 | alpha 0.542 | complete
Ep 403 | 드론3 목적지73 | 1000스텝 | 배송 63/73 | 재적재 11 | 중계율 0.28 | alpha 0.556 | step_limit
Ep 404 | 드론4 목적지70 | 1000스텝 | 배송 55/70 | 재적재 10 | 중계율 0.34 | alpha 0.556 | step_limit
Ep 405 | 드론3 목적지25 |  523스텝 | 배송 25/25 | 재적재  2 | 중계율 0.37 | alpha 0.553 | complete
Ep 406 | 드론4 목적지58 | 1000스텝 | 배송 53/58 | 재적재  9 | 중계율 0.38 | alpha 0.548 | step_limit
Ep 407 | 드론4 목적지70 | 1000스텝 | 배송 65/70 | 재적재 11 | 중계율 0.30 | alpha 0.545 | step_limit
Ep 408 | 드론3 목적지40 |  774스텝 | 배송 40/40 | 재적재  7 | 중계율 0.28 | alpha 0.543 | complete
Ep 409 | 드론3 목적지30 |  829스텝 | 배송 30/30 | 재적재  5 | 중계율 0.37 | alpha 0.543 | complete
Ep 410 | 드론3 목적지63 | 1000스텝 | 배송 60/63 | 재적재 11 | 중계율 0.27 | alpha 0.561 | step_limit
Ep 411 | 드론3 목적지48 | 1000스텝 | 배송 47/48 | 재적재  8 | 중계율 0.38 | alpha 0.573 | step_limit
Ep 412 | 드론4 목적지34 |  885스텝 | 배송 34/34 | 재적재  5 | 중계율 0.39 | alpha 0.562 | complete
Ep 413 | 드론3 목적지22 |  755스텝 | 배송 22/22 | 재적재  3 | 중계율 0.40 | alpha 0.563 | complete
Ep 414 | 드론3 목적지51 | 1000스텝 | 배송 50/51 | 재적재  8 | 중계율 0.36 | alpha 0.567 | step_limit
Ep 415 | 드론4 목적지45 | 1000스텝 | 배송 44/45 | 재적재  7 | 중계율 0.44 | alpha 0.565 | step_limit
Ep 416 | 드론3 목적지60 | 1000스텝 | 배송 52/60 | 재적재  9 | 중계율 0.37 | alpha 0.559 | step_limit
Ep 417 | 드론3 목적지43 |  877스텝 | 배송 43/43 | 재적재  6 | 중계율 0.39 | alpha 0.550 | complete
Ep 418 | 드론4 목적지75 | 1000스텝 | 배송 57/75 | 재적재  9 | 중계율 0.33 | alpha 0.566 | step_limit
Ep 419 | 드론4 목적지60 | 1000스텝 | 배송 42/60 | 재적재  6 | 중계율 0.35 | alpha 0.580 | step_limit
Ep 420 | 드론3 목적지22 |  743스텝 | 배송 22/22 | 재적재  4 | 중계율 0.41 | alpha 0.565 | complete
Ep 421 | 드론4 목적지40 |  995스텝 | 배송 40/40 | 재적재  5 | 중계율 0.44 | alpha 0.568 | complete
Ep 422 | 드론4 목적지52 |  813스텝 | 배송 52/52 | 재적재  8 | 중계율 0.35 | alpha 0.566 | complete
Ep 423 | 드론3 목적지29 |  572스텝 | 배송 29/29 | 재적재  4 | 중계율 0.28 | alpha 0.562 | complete
Ep 424 | 드론3 목적지29 |  644스텝 | 배송 29/29 | 재적재  3 | 중계율 0.29 | alpha 0.567 | complete
Ep 425 | 드론3 목적지80 | 1000스텝 | 배송 65/80 | 재적재 12 | 중계율 0.30 | alpha 0.563 | step_limit
Ep 426 | 드론4 목적지78 | 1000스텝 | 배송 74/78 | 재적재 12 | 중계율 0.23 | alpha 0.564 | step_limit
Ep 427 | 드론3 목적지46 | 1000스텝 | 배송 45/46 | 재적재  7 | 중계율 0.36 | alpha 0.561 | step_limit
Ep 428 | 드론4 목적지72 | 1000스텝 | 배송 71/72 | 재적재 12 | 중계율 0.30 | alpha 0.561 | step_limit
Ep 429 | 드론3 목적지72 | 1000스텝 | 배송 56/72 | 재적재  9 | 중계율 0.36 | alpha 0.555 | step_limit
Ep 430 | 드론3 목적지78 | 1000스텝 | 배송 70/78 | 재적재 12 | 중계율 0.29 | alpha 0.563 | step_limit
Ep 431 | 드론3 목적지23 |  700스텝 | 배송 23/23 | 재적재  3 | 중계율 0.44 | alpha 0.577 | complete
Ep 432 | 드론4 목적지41 |  665스텝 | 배송 41/41 | 재적재  7 | 중계율 0.24 | alpha 0.579 | complete
Ep 433 | 드론3 목적지66 | 1000스텝 | 배송 62/66 | 재적재 11 | 중계율 0.32 | alpha 0.579 | step_limit
Ep 434 | 드론4 목적지62 | 1000스텝 | 배송 56/62 | 재적재  9 | 중계율 0.34 | alpha 0.578 | step_limit
Ep 435 | 드론3 목적지32 |  920스텝 | 배송 32/32 | 재적재  4 | 중계율 0.42 | alpha 0.560 | complete
Ep 436 | 드론4 목적지65 | 1000스텝 | 배송 64/65 | 재적재 11 | 중계율 0.28 | alpha 0.565 | step_limit
Ep 437 | 드론4 목적지61 |  783스텝 | 배송 61/61 | 재적재 11 | 중계율 0.22 | alpha 0.582 | complete
Ep 438 | 드론3 목적지37 | 1000스텝 | 배송 36/37 | 재적재  6 | 중계율 0.30 | alpha 0.577 | step_limit
Ep 439 | 드론4 목적지49 | 1000스텝 | 배송 46/49 | 재적재  7 | 중계율 0.39 | alpha 0.573 | step_limit
Ep 440 | 드론3 목적지42 |  794스텝 | 배송 42/42 | 재적재  7 | 중계율 0.34 | alpha 0.565 | complete
Ep 441 | 드론3 목적지54 |  999스텝 | 배송 54/54 | 재적재  9 | 중계율 0.36 | alpha 0.555 | complete
Ep 442 | 드론4 목적지41 |  750스텝 | 배송 41/41 | 재적재  7 | 중계율 0.30 | alpha 0.565 | complete
Ep 443 | 드론3 목적지61 | 1000스텝 | 배송 47/61 | 재적재  9 | 중계율 0.37 | alpha 0.575 | step_limit
Ep 444 | 드론3 목적지55 | 1000스텝 | 배송 52/55 | 재적재  9 | 중계율 0.31 | alpha 0.561 | step_limit
Ep 445 | 드론3 목적지49 | 1000스텝 | 배송 47/49 | 재적재  8 | 중계율 0.39 | alpha 0.572 | step_limit
Ep 446 | 드론4 목적지72 | 1000스텝 | 배송 68/72 | 재적재 11 | 중계율 0.32 | alpha 0.577 | step_limit
Ep 447 | 드론4 목적지40 |  844스텝 | 배송 40/40 | 재적재  5 | 중계율 0.38 | alpha 0.566 | complete
Ep 448 | 드론3 목적지71 | 1000스텝 | 배송 51/71 | 재적재  9 | 중계율 0.36 | alpha 0.572 | step_limit
Ep 449 | 드론4 목적지26 |  577스텝 | 배송 26/26 | 재적재  3 | 중계율 0.39 | alpha 0.568 | complete
Ep 450 | 드론3 목적지56 | 1000스텝 | 배송 47/56 | 재적재  8 | 중계율 0.36 | alpha 0.576 | step_limit
  [홀드아웃] 배송 50.0±0.0 완주 1.00 스텝 1149 점수 124.7 재적재 7.3 2홉+ 0.60 | 최고 124.9@ep400 정체 1/8
Ep 451 | 드론4 목적지51 | 1000스텝 | 배송 49/51 | 재적재  7 | 중계율 0.39 | alpha 0.581 | step_limit
Ep 452 | 드론3 목적지34 |  517스텝 | 배송 34/34 | 재적재  4 | 중계율 0.24 | alpha 0.576 | complete
Ep 453 | 드론4 목적지47 |  874스텝 | 배송 47/47 | 재적재  8 | 중계율 0.35 | alpha 0.568 | complete
Ep 454 | 드론4 목적지70 | 1000스텝 | 배송 59/70 | 재적재  9 | 중계율 0.37 | alpha 0.579 | step_limit
Ep 455 | 드론4 목적지44 |  939스텝 | 배송 44/44 | 재적재  6 | 중계율 0.40 | alpha 0.578 | complete
Ep 456 | 드론4 목적지49 |  740스텝 | 배송 49/49 | 재적재  9 | 중계율 0.26 | alpha 0.581 | complete
Ep 457 | 드론4 목적지56 |  937스텝 | 배송 56/56 | 재적재  9 | 중계율 0.31 | alpha 0.575 | complete
Ep 458 | 드론4 목적지42 | 1000스텝 | 배송 40/42 | 재적재  6 | 중계율 0.37 | alpha 0.579 | step_limit
Ep 459 | 드론3 목적지45 |  893스텝 | 배송 45/45 | 재적재  8 | 중계율 0.22 | alpha 0.574 | complete
Ep 460 | 드론4 목적지73 | 1000스텝 | 배송 72/73 | 재적재 13 | 중계율 0.31 | alpha 0.570 | step_limit
Ep 461 | 드론3 목적지30 |  858스텝 | 배송 30/30 | 재적재  4 | 중계율 0.43 | alpha 0.574 | complete
Ep 462 | 드론3 목적지64 | 1000스텝 | 배송 59/64 | 재적재 10 | 중계율 0.32 | alpha 0.569 | step_limit
Ep 463 | 드론3 목적지63 | 1000스텝 | 배송 52/63 | 재적재  8 | 중계율 0.39 | alpha 0.571 | step_limit
Ep 464 | 드론3 목적지68 | 1000스텝 | 배송 54/68 | 재적재 10 | 중계율 0.27 | alpha 0.568 | step_limit
Ep 465 | 드론4 목적지63 | 1000스텝 | 배송 56/63 | 재적재  9 | 중계율 0.36 | alpha 0.571 | step_limit
Ep 466 | 드론4 목적지65 | 1000스텝 | 배송 60/65 | 재적재 10 | 중계율 0.30 | alpha 0.581 | step_limit
Ep 467 | 드론4 목적지57 |  794스텝 | 배송 57/57 | 재적재  9 | 중계율 0.33 | alpha 0.561 | complete
Ep 468 | 드론3 목적지35 |  646스텝 | 배송 35/35 | 재적재  5 | 중계율 0.34 | alpha 0.572 | complete
Ep 469 | 드론3 목적지46 | 1000스텝 | 배송 44/46 | 재적재  6 | 중계율 0.41 | alpha 0.569 | step_limit
Ep 470 | 드론4 목적지53 | 1000스텝 | 배송 51/53 | 재적재  8 | 중계율 0.38 | alpha 0.577 | step_limit
Ep 471 | 드론4 목적지45 |  847스텝 | 배송 45/45 | 재적재  6 | 중계율 0.40 | alpha 0.576 | complete
Ep 472 | 드론3 목적지53 | 1000스텝 | 배송 50/53 | 재적재 10 | 중계율 0.39 | alpha 0.575 | step_limit
Ep 473 | 드론4 목적지71 | 1000스텝 | 배송 66/71 | 재적재 11 | 중계율 0.32 | alpha 0.556 | step_limit
Ep 474 | 드론4 목적지25 |  804스텝 | 배송 20/25 | 재적재  3 | 중계율 0.41 | alpha 0.544 | no_progress
Ep 475 | 드론4 목적지40 |  850스텝 | 배송 40/40 | 재적재  5 | 중계율 0.35 | alpha 0.565 | complete
Ep 476 | 드론3 목적지33 |  683스텝 | 배송 33/33 | 재적재  6 | 중계율 0.36 | alpha 0.568 | complete
Ep 477 | 드론3 목적지21 |  663스텝 | 배송 21/21 | 재적재  2 | 중계율 0.33 | alpha 0.561 | complete
Ep 478 | 드론4 목적지22 |  475스텝 | 배송 22/22 | 재적재  2 | 중계율 0.38 | alpha 0.556 | complete
Ep 479 | 드론4 목적지41 |  812스텝 | 배송 41/41 | 재적재  5 | 중계율 0.46 | alpha 0.559 | complete
Ep 480 | 드론3 목적지57 | 1000스텝 | 배송 52/57 | 재적재 10 | 중계율 0.27 | alpha 0.564 | step_limit
Ep 481 | 드론3 목적지66 | 1000스텝 | 배송 56/66 | 재적재 11 | 중계율 0.33 | alpha 0.569 | step_limit
Ep 482 | 드론4 목적지76 | 1000스텝 | 배송 70/76 | 재적재 12 | 중계율 0.30 | alpha 0.580 | step_limit
Ep 483 | 드론3 목적지28 |  879스텝 | 배송 28/28 | 재적재  3 | 중계율 0.38 | alpha 0.570 | complete
Ep 484 | 드론4 목적지35 |  556스텝 | 배송 35/35 | 재적재  6 | 중계율 0.25 | alpha 0.565 | complete
Ep 485 | 드론4 목적지44 |  799스텝 | 배송 44/44 | 재적재  7 | 중계율 0.39 | alpha 0.558 | complete
Ep 486 | 드론4 목적지75 |  955스텝 | 배송 75/75 | 재적재 13 | 중계율 0.23 | alpha 0.551 | complete
Ep 487 | 드론3 목적지75 | 1000스텝 | 배송 69/75 | 재적재 12 | 중계율 0.25 | alpha 0.554 | step_limit
Ep 488 | 드론4 목적지60 | 1000스텝 | 배송 56/60 | 재적재  9 | 중계율 0.39 | alpha 0.536 | step_limit
Ep 489 | 드론3 목적지80 | 1000스텝 | 배송 64/80 | 재적재 12 | 중계율 0.27 | alpha 0.555 | step_limit
Ep 490 | 드론3 목적지30 |  663스텝 | 배송 30/30 | 재적재  5 | 중계율 0.27 | alpha 0.557 | complete
Ep 491 | 드론3 목적지59 | 1000스텝 | 배송 55/59 | 재적재  9 | 중계율 0.36 | alpha 0.563 | step_limit
Ep 492 | 드론3 목적지74 | 1000스텝 | 배송 57/74 | 재적재  9 | 중계율 0.32 | alpha 0.577 | step_limit
Ep 493 | 드론3 목적지47 | 1000스텝 | 배송 45/47 | 재적재  6 | 중계율 0.38 | alpha 0.568 | step_limit
Ep 494 | 드론3 목적지52 | 1000스텝 | 배송 51/52 | 재적재  8 | 중계율 0.36 | alpha 0.566 | step_limit
Ep 495 | 드론3 목적지54 | 1000스텝 | 배송 53/54 | 재적재  9 | 중계율 0.36 | alpha 0.563 | step_limit
Ep 496 | 드론4 목적지56 | 1000스텝 | 배송 46/56 | 재적재  7 | 중계율 0.34 | alpha 0.568 | step_limit
Ep 497 | 드론4 목적지73 | 1000스텝 | 배송 57/73 | 재적재  9 | 중계율 0.36 | alpha 0.562 | step_limit
Ep 498 | 드론3 목적지22 |  418스텝 | 배송 22/22 | 재적재  3 | 중계율 0.24 | alpha 0.565 | complete
Ep 499 | 드론4 목적지55 | 1000스텝 | 배송 50/55 | 재적재  9 | 중계율 0.39 | alpha 0.555 | step_limit
Ep 500 | 드론3 목적지55 |  980스텝 | 배송 55/55 | 재적재  9 | 중계율 0.34 | alpha 0.559 | complete
  [홀드아웃] 배송 50.0±0.2 완주 0.99 스텝 1068 점수 124.5 재적재 7.0 2홉+ 0.61 | 최고 124.9@ep400 정체 2/8
Ep 501 | 드론4 목적지25 |  417스텝 | 배송 25/25 | 재적재  3 | 중계율 0.25 | alpha 0.571 | complete
Ep 502 | 드론3 목적지53 | 1000스텝 | 배송 45/53 | 재적재  6 | 중계율 0.39 | alpha 0.579 | step_limit
Ep 503 | 드론4 목적지73 | 1000스텝 | 배송 72/73 | 재적재 12 | 중계율 0.34 | alpha 0.584 | step_limit
Ep 504 | 드론3 목적지60 | 1000스텝 | 배송 57/60 | 재적재 10 | 중계율 0.32 | alpha 0.557 | step_limit
Ep 505 | 드론3 목적지72 | 1000스텝 | 배송 60/72 | 재적재  9 | 중계율 0.32 | alpha 0.567 | step_limit
Ep 506 | 드론3 목적지76 | 1000스텝 | 배송 64/76 | 재적재 12 | 중계율 0.32 | alpha 0.573 | step_limit
Ep 507 | 드론4 목적지79 | 1000스텝 | 배송 77/79 | 재적재 13 | 중계율 0.29 | alpha 0.559 | step_limit
Ep 508 | 드론4 목적지38 |  701스텝 | 배송 38/38 | 재적재  4 | 중계율 0.41 | alpha 0.558 | complete
Ep 509 | 드론3 목적지52 |  844스텝 | 배송 52/52 | 재적재  8 | 중계율 0.30 | alpha 0.556 | complete
Ep 510 | 드론3 목적지42 |  967스텝 | 배송 42/42 | 재적재  7 | 중계율 0.36 | alpha 0.565 | complete
Ep 511 | 드론3 목적지21 |  635스텝 | 배송 21/21 | 재적재  3 | 중계율 0.40 | alpha 0.570 | complete
Ep 512 | 드론3 목적지23 |  536스텝 | 배송 23/23 | 재적재  3 | 중계율 0.34 | alpha 0.570 | complete
Ep 513 | 드론3 목적지66 | 1000스텝 | 배송 63/66 | 재적재 10 | 중계율 0.29 | alpha 0.567 | step_limit
Ep 514 | 드론3 목적지38 |  876스텝 | 배송 38/38 | 재적재  6 | 중계율 0.36 | alpha 0.562 | complete
Ep 515 | 드론4 목적지23 |  651스텝 | 배송 23/23 | 재적재  1 | 중계율 0.44 | alpha 0.567 | complete
Ep 516 | 드론4 목적지34 |  660스텝 | 배송 34/34 | 재적재  5 | 중계율 0.35 | alpha 0.575 | complete
Ep 517 | 드론3 목적지73 | 1000스텝 | 배송 60/73 | 재적재 11 | 중계율 0.34 | alpha 0.562 | step_limit
Ep 518 | 드론4 목적지43 |  637스텝 | 배송 43/43 | 재적재  7 | 중계율 0.31 | alpha 0.573 | complete
Ep 519 | 드론3 목적지65 | 1000스텝 | 배송 53/65 | 재적재  9 | 중계율 0.34 | alpha 0.566 | step_limit
Ep 520 | 드론4 목적지55 |  981스텝 | 배송 55/55 | 재적재 10 | 중계율 0.41 | alpha 0.571 | complete
Ep 521 | 드론3 목적지62 | 1000스텝 | 배송 56/62 | 재적재  9 | 중계율 0.33 | alpha 0.566 | step_limit
Ep 522 | 드론4 목적지37 |  696스텝 | 배송 37/37 | 재적재  5 | 중계율 0.38 | alpha 0.572 | complete
Ep 523 | 드론4 목적지66 | 1000스텝 | 배송 61/66 | 재적재 11 | 중계율 0.31 | alpha 0.571 | step_limit
Ep 524 | 드론3 목적지57 | 1000스텝 | 배송 56/57 | 재적재 10 | 중계율 0.26 | alpha 0.568 | step_limit
Ep 525 | 드론3 목적지39 |  785스텝 | 배송 39/39 | 재적재  7 | 중계율 0.28 | alpha 0.574 | complete
Ep 526 | 드론4 목적지73 | 1000스텝 | 배송 71/73 | 재적재 13 | 중계율 0.31 | alpha 0.551 | step_limit
Ep 527 | 드론4 목적지58 | 1000스텝 | 배송 52/58 | 재적재  9 | 중계율 0.32 | alpha 0.564 | step_limit
Ep 528 | 드론4 목적지46 |  792스텝 | 배송 46/46 | 재적재  8 | 중계율 0.31 | alpha 0.574 | complete
Ep 529 | 드론4 목적지20 |  402스텝 | 배송 20/20 | 재적재  1 | 중계율 0.28 | alpha 0.578 | complete
Ep 530 | 드론4 목적지72 | 1000스텝 | 배송 67/72 | 재적재 11 | 중계율 0.37 | alpha 0.585 | step_limit
Ep 531 | 드론3 목적지21 |  547스텝 | 배송 21/21 | 재적재  2 | 중계율 0.38 | alpha 0.581 | complete
Ep 532 | 드론4 목적지32 |  943스텝 | 배송 32/32 | 재적재  3 | 중계율 0.43 | alpha 0.570 | complete
Ep 533 | 드론3 목적지79 | 1000스텝 | 배송 59/79 | 재적재  9 | 중계율 0.33 | alpha 0.572 | step_limit
Ep 534 | 드론4 목적지56 | 1000스텝 | 배송 50/56 | 재적재  8 | 중계율 0.40 | alpha 0.572 | step_limit
Ep 535 | 드론3 목적지68 | 1000스텝 | 배송 50/68 | 재적재  9 | 중계율 0.33 | alpha 0.572 | step_limit
Ep 536 | 드론4 목적지57 | 1000스텝 | 배송 42/57 | 재적재  6 | 중계율 0.40 | alpha 0.566 | step_limit
Ep 537 | 드론3 목적지49 | 1000스텝 | 배송 47/49 | 재적재  8 | 중계율 0.40 | alpha 0.572 | step_limit
Ep 538 | 드론3 목적지38 |  753스텝 | 배송 38/38 | 재적재  5 | 중계율 0.38 | alpha 0.574 | complete
Ep 539 | 드론4 목적지79 | 1000스텝 | 배송 66/79 | 재적재 11 | 중계율 0.27 | alpha 0.588 | step_limit
Ep 540 | 드론4 목적지70 | 1000스텝 | 배송 68/70 | 재적재 12 | 중계율 0.28 | alpha 0.580 | step_limit
Ep 541 | 드론4 목적지77 | 1000스텝 | 배송 65/77 | 재적재 11 | 중계율 0.23 | alpha 0.565 | step_limit
Ep 542 | 드론4 목적지53 |  889스텝 | 배송 53/53 | 재적재  8 | 중계율 0.35 | alpha 0.550 | complete
Ep 543 | 드론3 목적지49 | 1000스텝 | 배송 45/49 | 재적재  8 | 중계율 0.34 | alpha 0.567 | step_limit
Ep 544 | 드론4 목적지68 | 1000스텝 | 배송 56/68 | 재적재  9 | 중계율 0.33 | alpha 0.573 | step_limit
Ep 545 | 드론4 목적지56 | 1000스텝 | 배송 51/56 | 재적재  8 | 중계율 0.41 | alpha 0.591 | step_limit
Ep 546 | 드론4 목적지75 | 1000스텝 | 배송 74/75 | 재적재 13 | 중계율 0.28 | alpha 0.582 | step_limit
Ep 547 | 드론3 목적지71 | 1000스텝 | 배송 56/71 | 재적재  9 | 중계율 0.36 | alpha 0.584 | step_limit
Ep 548 | 드론3 목적지80 | 1000스텝 | 배송 69/80 | 재적재 12 | 중계율 0.28 | alpha 0.589 | step_limit
Ep 549 | 드론4 목적지38 |  717스텝 | 배송 38/38 | 재적재  6 | 중계율 0.33 | alpha 0.589 | complete
Ep 550 | 드론4 목적지49 |  718스텝 | 배송 49/49 | 재적재  8 | 중계율 0.26 | alpha 0.588 | complete
  [홀드아웃] 배송 50.0±0.0 완주 1.00 스텝 1131 점수 124.9 재적재 7.1 2홉+ 0.61 | 최고 124.9@ep550 정체 0/8  ← 갱신
Ep 551 | 드론3 목적지56 | 1000스텝 | 배송 54/56 | 재적재  9 | 중계율 0.28 | alpha 0.583 | step_limit
Ep 552 | 드론4 목적지27 |  672스텝 | 배송 27/27 | 재적재  3 | 중계율 0.43 | alpha 0.569 | complete
Ep 553 | 드론3 목적지46 |  806스텝 | 배송 46/46 | 재적재  7 | 중계율 0.32 | alpha 0.569 | complete
Ep 554 | 드론4 목적지72 |  750스텝 | 배송 72/72 | 재적재 13 | 중계율 0.24 | alpha 0.566 | complete
Ep 555 | 드론3 목적지68 | 1000스텝 | 배송 52/68 | 재적재  9 | 중계율 0.40 | alpha 0.588 | step_limit
Ep 556 | 드론3 목적지30 |  693스텝 | 배송 30/30 | 재적재  5 | 중계율 0.42 | alpha 0.574 | complete
Ep 557 | 드론3 목적지46 |  855스텝 | 배송 46/46 | 재적재  7 | 중계율 0.28 | alpha 0.577 | complete
Ep 558 | 드론4 목적지66 | 1000스텝 | 배송 51/66 | 재적재  8 | 중계율 0.39 | alpha 0.574 | step_limit
Ep 559 | 드론4 목적지78 | 1000스텝 | 배송 69/78 | 재적재 11 | 중계율 0.33 | alpha 0.575 | step_limit
Ep 560 | 드론3 목적지22 |  653스텝 | 배송 22/22 | 재적재  3 | 중계율 0.34 | alpha 0.586 | complete
Ep 561 | 드론3 목적지29 |  519스텝 | 배송 29/29 | 재적재  3 | 중계율 0.21 | alpha 0.585 | complete
Ep 562 | 드론4 목적지71 | 1000스텝 | 배송 69/71 | 재적재 12 | 중계율 0.23 | alpha 0.585 | step_limit
Ep 563 | 드론4 목적지61 | 1000스텝 | 배송 58/61 | 재적재  8 | 중계율 0.41 | alpha 0.582 | step_limit
Ep 564 | 드론4 목적지44 |  751스텝 | 배송 44/44 | 재적재  6 | 중계율 0.28 | alpha 0.552 | complete
Ep 565 | 드론4 목적지21 |  405스텝 | 배송 21/21 | 재적재  1 | 중계율 0.46 | alpha 0.553 | complete
Ep 566 | 드론4 목적지23 |  357스텝 | 배송 23/23 | 재적재  3 | 중계율 0.22 | alpha 0.557 | complete
Ep 567 | 드론4 목적지57 |  833스텝 | 배송 57/57 | 재적재  9 | 중계율 0.24 | alpha 0.559 | complete
Ep 568 | 드론4 목적지23 |  414스텝 | 배송 23/23 | 재적재  2 | 중계율 0.43 | alpha 0.551 | complete
Ep 569 | 드론4 목적지79 | 1000스텝 | 배송 61/79 | 재적재 10 | 중계율 0.37 | alpha 0.572 | step_limit
Ep 570 | 드론4 목적지70 |  984스텝 | 배송 70/70 | 재적재 12 | 중계율 0.32 | alpha 0.572 | complete
Ep 571 | 드론4 목적지78 |  917스텝 | 배송 78/78 | 재적재 14 | 중계율 0.20 | alpha 0.561 | complete
Ep 572 | 드론4 목적지70 | 1000스텝 | 배송 66/70 | 재적재 11 | 중계율 0.32 | alpha 0.565 | step_limit
Ep 573 | 드론3 목적지77 | 1000스텝 | 배송 67/77 | 재적재 11 | 중계율 0.32 | alpha 0.577 | step_limit
Ep 574 | 드론4 목적지34 | 1000스텝 | 배송 33/34 | 재적재  4 | 중계율 0.40 | alpha 0.565 | step_limit
Ep 575 | 드론3 목적지21 |  411스텝 | 배송 21/21 | 재적재  3 | 중계율 0.33 | alpha 0.566 | complete
Ep 576 | 드론3 목적지39 |  564스텝 | 배송 39/39 | 재적재  6 | 중계율 0.24 | alpha 0.569 | complete
Ep 577 | 드론4 목적지53 |  959스텝 | 배송 53/53 | 재적재 10 | 중계율 0.37 | alpha 0.571 | complete
Ep 578 | 드론4 목적지29 |  489스텝 | 배송 29/29 | 재적재  5 | 중계율 0.33 | alpha 0.569 | complete
Ep 579 | 드론3 목적지67 | 1000스텝 | 배송 59/67 | 재적재 11 | 중계율 0.30 | alpha 0.574 | step_limit
Ep 580 | 드론4 목적지39 | 1000스텝 | 배송 33/39 | 재적재  4 | 중계율 0.40 | alpha 0.559 | step_limit
Ep 581 | 드론3 목적지25 |  613스텝 | 배송 25/25 | 재적재  3 | 중계율 0.43 | alpha 0.552 | complete
Ep 582 | 드론3 목적지27 |  571스텝 | 배송 27/27 | 재적재  4 | 중계율 0.32 | alpha 0.564 | complete
Ep 583 | 드론3 목적지67 | 1000스텝 | 배송 57/67 | 재적재 10 | 중계율 0.33 | alpha 0.577 | step_limit
Ep 584 | 드론4 목적지70 | 1000스텝 | 배송 64/70 | 재적재 12 | 중계율 0.32 | alpha 0.575 | step_limit
Ep 585 | 드론3 목적지50 |  961스텝 | 배송 50/50 | 재적재  9 | 중계율 0.34 | alpha 0.576 | complete
Ep 586 | 드론3 목적지55 | 1000스텝 | 배송 49/55 | 재적재  7 | 중계율 0.41 | alpha 0.584 | step_limit
Ep 587 | 드론4 목적지46 |  828스텝 | 배송 46/46 | 재적재  6 | 중계율 0.35 | alpha 0.582 | complete
Ep 588 | 드론3 목적지39 |  907스텝 | 배송 39/39 | 재적재  6 | 중계율 0.37 | alpha 0.568 | complete
Ep 589 | 드론4 목적지48 |  733스텝 | 배송 48/48 | 재적재  7 | 중계율 0.38 | alpha 0.559 | complete
Ep 590 | 드론3 목적지55 |  961스텝 | 배송 55/55 | 재적재  9 | 중계율 0.32 | alpha 0.575 | complete
Ep 591 | 드론3 목적지70 | 1000스텝 | 배송 56/70 | 재적재  9 | 중계율 0.33 | alpha 0.585 | step_limit
Ep 592 | 드론3 목적지45 | 1000스텝 | 배송 42/45 | 재적재  6 | 중계율 0.39 | alpha 0.582 | step_limit
Ep 593 | 드론3 목적지27 |  651스텝 | 배송 27/27 | 재적재  4 | 중계율 0.30 | alpha 0.571 | complete
Ep 594 | 드론3 목적지77 | 1000스텝 | 배송 55/77 | 재적재  8 | 중계율 0.39 | alpha 0.583 | step_limit
Ep 595 | 드론4 목적지64 | 1000스텝 | 배송 51/64 | 재적재  9 | 중계율 0.32 | alpha 0.575 | step_limit
Ep 596 | 드론3 목적지66 | 1000스텝 | 배송 55/66 | 재적재  9 | 중계율 0.34 | alpha 0.579 | step_limit
Ep 597 | 드론4 목적지31 |  793스텝 | 배송 31/31 | 재적재  3 | 중계율 0.48 | alpha 0.574 | complete
Ep 598 | 드론4 목적지64 | 1000스텝 | 배송 58/64 | 재적재  8 | 중계율 0.38 | alpha 0.571 | step_limit
Ep 599 | 드론3 목적지39 | 1000스텝 | 배송 37/39 | 재적재  5 | 중계율 0.46 | alpha 0.583 | step_limit
Ep 600 | 드론4 목적지80 | 1000스텝 | 배송 77/80 | 재적재 14 | 중계율 0.33 | alpha 0.579 | step_limit
  [홀드아웃] 배송 50.0±0.1 완주 0.99 스텝 1036 점수 124.9 재적재 7.1 2홉+ 0.62 | 최고 124.9@ep600 정체 0/8  ← 갱신
Ep 601 | 드론3 목적지28 |  621스텝 | 배송 28/28 | 재적재  5 | 중계율 0.36 | alpha 0.583 | complete
Ep 602 | 드론3 목적지78 | 1000스텝 | 배송 66/78 | 재적재 12 | 중계율 0.25 | alpha 0.583 | step_limit
Ep 603 | 드론3 목적지64 | 1000스텝 | 배송 56/64 | 재적재 11 | 중계율 0.35 | alpha 0.573 | step_limit
Ep 604 | 드론4 목적지68 | 1000스텝 | 배송 63/68 | 재적재 11 | 중계율 0.32 | alpha 0.584 | step_limit
Ep 605 | 드론4 목적지55 | 1000스텝 | 배송 52/55 | 재적재  8 | 중계율 0.41 | alpha 0.578 | step_limit
Ep 606 | 드론4 목적지69 |  989스텝 | 배송 69/69 | 재적재 12 | 중계율 0.25 | alpha 0.584 | complete
Ep 607 | 드론3 목적지31 |  819스텝 | 배송 31/31 | 재적재  5 | 중계율 0.38 | alpha 0.586 | complete
Ep 608 | 드론3 목적지59 | 1000스텝 | 배송 52/59 | 재적재  9 | 중계율 0.33 | alpha 0.574 | step_limit
Ep 609 | 드론4 목적지56 | 1000스텝 | 배송 51/56 | 재적재  8 | 중계율 0.37 | alpha 0.573 | step_limit
Ep 610 | 드론3 목적지59 | 1000스텝 | 배송 50/59 | 재적재  7 | 중계율 0.39 | alpha 0.592 | step_limit
Ep 611 | 드론3 목적지21 |  432스텝 | 배송 21/21 | 재적재  3 | 중계율 0.29 | alpha 0.577 | complete
Ep 612 | 드론3 목적지27 |  714스텝 | 배송 27/27 | 재적재  4 | 중계율 0.37 | alpha 0.579 | complete
Ep 613 | 드론3 목적지80 | 1000스텝 | 배송 70/80 | 재적재 12 | 중계율 0.31 | alpha 0.579 | step_limit
Ep 614 | 드론3 목적지54 | 1000스텝 | 배송 50/54 | 재적재 10 | 중계율 0.35 | alpha 0.586 | step_limit
Ep 615 | 드론3 목적지56 | 1000스텝 | 배송 52/56 | 재적재  9 | 중계율 0.27 | alpha 0.591 | step_limit
Ep 616 | 드론4 목적지71 | 1000스텝 | 배송 50/71 | 재적재  7 | 중계율 0.43 | alpha 0.580 | step_limit
Ep 617 | 드론3 목적지67 | 1000스텝 | 배송 52/67 | 재적재  9 | 중계율 0.31 | alpha 0.594 | step_limit
Ep 618 | 드론3 목적지52 | 1000스텝 | 배송 47/52 | 재적재  8 | 중계율 0.39 | alpha 0.602 | step_limit
Ep 619 | 드론4 목적지54 |  857스텝 | 배송 54/54 | 재적재 10 | 중계율 0.24 | alpha 0.593 | complete
Ep 620 | 드론4 목적지66 |  942스텝 | 배송 66/66 | 재적재 11 | 중계율 0.32 | alpha 0.594 | complete
Ep 621 | 드론3 목적지46 |  855스텝 | 배송 46/46 | 재적재  8 | 중계율 0.30 | alpha 0.588 | complete
Ep 622 | 드론3 목적지28 |  783스텝 | 배송 28/28 | 재적재  3 | 중계율 0.41 | alpha 0.583 | complete
Ep 623 | 드론4 목적지44 |  789스텝 | 배송 44/44 | 재적재  6 | 중계율 0.33 | alpha 0.582 | complete
Ep 624 | 드론3 목적지42 |  799스텝 | 배송 42/42 | 재적재  7 | 중계율 0.29 | alpha 0.584 | complete
Ep 625 | 드론3 목적지37 |  813스텝 | 배송 37/37 | 재적재  6 | 중계율 0.29 | alpha 0.597 | complete
Ep 626 | 드론3 목적지68 | 1000스텝 | 배송 50/68 | 재적재  8 | 중계율 0.33 | alpha 0.589 | step_limit
Ep 627 | 드론4 목적지27 |  462스텝 | 배송 27/27 | 재적재  2 | 중계율 0.30 | alpha 0.594 | complete
Ep 628 | 드론4 목적지38 |  479스텝 | 배송 38/38 | 재적재  5 | 중계율 0.19 | alpha 0.589 | complete
Ep 629 | 드론4 목적지57 |  820스텝 | 배송 57/57 | 재적재  9 | 중계율 0.29 | alpha 0.595 | complete
Ep 630 | 드론3 목적지73 | 1000스텝 | 배송 62/73 | 재적재 11 | 중계율 0.34 | alpha 0.598 | step_limit
Ep 631 | 드론3 목적지58 | 1000스텝 | 배송 55/58 | 재적재  8 | 중계율 0.36 | alpha 0.601 | step_limit
Ep 632 | 드론4 목적지36 |  608스텝 | 배송 36/36 | 재적재  6 | 중계율 0.22 | alpha 0.591 | complete
Ep 633 | 드론3 목적지46 | 1000스텝 | 배송 45/46 | 재적재  7 | 중계율 0.39 | alpha 0.609 | step_limit
Ep 634 | 드론3 목적지25 |  477스텝 | 배송 25/25 | 재적재  3 | 중계율 0.23 | alpha 0.614 | complete
Ep 635 | 드론3 목적지39 |  787스텝 | 배송 39/39 | 재적재  5 | 중계율 0.39 | alpha 0.603 | complete
Ep 636 | 드론4 목적지28 |  409스텝 | 배송 28/28 | 재적재  4 | 중계율 0.24 | alpha 0.600 | complete
Ep 637 | 드론4 목적지39 |  806스텝 | 배송 39/39 | 재적재  6 | 중계율 0.33 | alpha 0.602 | complete
Ep 638 | 드론3 목적지46 | 1000스텝 | 배송 40/46 | 재적재  6 | 중계율 0.42 | alpha 0.574 | step_limit
Ep 639 | 드론4 목적지21 |  541스텝 | 배송 21/21 | 재적재  1 | 중계율 0.46 | alpha 0.577 | complete
Ep 640 | 드론3 목적지55 | 1000스텝 | 배송 49/55 | 재적재  7 | 중계율 0.42 | alpha 0.603 | step_limit
Ep 641 | 드론3 목적지74 | 1000스텝 | 배송 60/74 | 재적재  9 | 중계율 0.35 | alpha 0.591 | step_limit
Ep 642 | 드론3 목적지24 |  652스텝 | 배송 24/24 | 재적재  3 | 중계율 0.33 | alpha 0.595 | complete
Ep 643 | 드론4 목적지57 |  914스텝 | 배송 57/57 | 재적재  9 | 중계율 0.37 | alpha 0.595 | complete
Ep 644 | 드론3 목적지45 | 1000스텝 | 배송 41/45 | 재적재  6 | 중계율 0.43 | alpha 0.591 | step_limit
Ep 645 | 드론3 목적지48 | 1000스텝 | 배송 42/48 | 재적재  8 | 중계율 0.32 | alpha 0.602 | step_limit
Ep 646 | 드론3 목적지25 |  656스텝 | 배송 25/25 | 재적재  3 | 중계율 0.48 | alpha 0.601 | complete
Ep 647 | 드론3 목적지26 |  849스텝 | 배송 22/26 | 재적재  4 | 중계율 0.39 | alpha 0.596 | no_progress
Ep 648 | 드론3 목적지48 |  902스텝 | 배송 48/48 | 재적재  8 | 중계율 0.33 | alpha 0.598 | complete
Ep 649 | 드론4 목적지69 |  947스텝 | 배송 69/69 | 재적재 11 | 중계율 0.33 | alpha 0.596 | complete
Ep 650 | 드론3 목적지64 | 1000스텝 | 배송 51/64 | 재적재  8 | 중계율 0.30 | alpha 0.594 | step_limit
  [홀드아웃] 배송 50.0±0.0 완주 1.00 스텝 1050 점수 126.0 재적재 7.1 2홉+ 0.60 | 최고 126.0@ep650 정체 0/8  ← 갱신
Ep 651 | 드론4 목적지77 | 1000스텝 | 배송 67/77 | 재적재 10 | 중계율 0.38 | alpha 0.606 | step_limit
Ep 652 | 드론3 목적지32 |  727스텝 | 배송 32/32 | 재적재  4 | 중계율 0.41 | alpha 0.620 | complete
Ep 653 | 드론3 목적지77 | 1000스텝 | 배송 65/77 | 재적재 12 | 중계율 0.29 | alpha 0.603 | step_limit
Ep 654 | 드론4 목적지21 |  453스텝 | 배송 21/21 | 재적재  2 | 중계율 0.40 | alpha 0.604 | complete
Ep 655 | 드론3 목적지28 |  784스텝 | 배송 28/28 | 재적재  4 | 중계율 0.32 | alpha 0.600 | complete
Ep 656 | 드론3 목적지50 |  938스텝 | 배송 50/50 | 재적재  8 | 중계율 0.38 | alpha 0.595 | complete
Ep 657 | 드론4 목적지62 |  727스텝 | 배송 62/62 | 재적재 11 | 중계율 0.27 | alpha 0.596 | complete
Ep 658 | 드론3 목적지50 | 1000스텝 | 배송 48/50 | 재적재  8 | 중계율 0.38 | alpha 0.600 | step_limit
Ep 659 | 드론4 목적지39 |  698스텝 | 배송 39/39 | 재적재  6 | 중계율 0.24 | alpha 0.604 | complete
Ep 660 | 드론4 목적지65 |  931스텝 | 배송 65/65 | 재적재 12 | 중계율 0.29 | alpha 0.604 | complete
Ep 661 | 드론4 목적지20 |  373스텝 | 배송 20/20 | 재적재  2 | 중계율 0.24 | alpha 0.611 | complete
Ep 662 | 드론4 목적지46 |  696스텝 | 배송 46/46 | 재적재  6 | 중계율 0.35 | alpha 0.605 | complete
Ep 663 | 드론3 목적지78 | 1000스텝 | 배송 65/78 | 재적재 11 | 중계율 0.29 | alpha 0.595 | step_limit
Ep 664 | 드론3 목적지28 |  792스텝 | 배송 28/28 | 재적재  4 | 중계율 0.37 | alpha 0.585 | complete
Ep 665 | 드론3 목적지25 |  745스텝 | 배송 25/25 | 재적재  4 | 중계율 0.44 | alpha 0.596 | complete
Ep 666 | 드론4 목적지74 | 1000스텝 | 배송 72/74 | 재적재 12 | 중계율 0.31 | alpha 0.599 | step_limit
Ep 667 | 드론3 목적지50 | 1000스텝 | 배송 41/50 | 재적재  7 | 중계율 0.32 | alpha 0.603 | step_limit
Ep 668 | 드론4 목적지80 | 1000스텝 | 배송 72/80 | 재적재 11 | 중계율 0.29 | alpha 0.601 | step_limit
Ep 669 | 드론4 목적지53 |  775스텝 | 배송 53/53 | 재적재  9 | 중계율 0.27 | alpha 0.589 | complete
Ep 670 | 드론3 목적지68 | 1000스텝 | 배송 56/68 | 재적재 10 | 중계율 0.33 | alpha 0.605 | step_limit
Ep 671 | 드론3 목적지60 | 1000스텝 | 배송 47/60 | 재적재  8 | 중계율 0.37 | alpha 0.601 | step_limit
Ep 672 | 드론3 목적지50 | 1000스텝 | 배송 45/50 | 재적재  8 | 중계율 0.33 | alpha 0.603 | step_limit
Ep 673 | 드론4 목적지54 | 1000스텝 | 배송 53/54 | 재적재  8 | 중계율 0.38 | alpha 0.596 | step_limit
Ep 674 | 드론4 목적지73 | 1000스텝 | 배송 71/73 | 재적재 12 | 중계율 0.30 | alpha 0.594 | step_limit
Ep 675 | 드론3 목적지74 | 1000스텝 | 배송 70/74 | 재적재 13 | 중계율 0.25 | alpha 0.591 | step_limit
Ep 676 | 드론3 목적지46 | 1000스텝 | 배송 44/46 | 재적재  7 | 중계율 0.42 | alpha 0.594 | step_limit
Ep 677 | 드론3 목적지79 | 1000스텝 | 배송 65/79 | 재적재 10 | 중계율 0.30 | alpha 0.609 | step_limit
Ep 678 | 드론4 목적지41 |  890스텝 | 배송 41/41 | 재적재  7 | 중계율 0.40 | alpha 0.600 | complete
Ep 679 | 드론4 목적지58 | 1000스텝 | 배송 53/58 | 재적재  9 | 중계율 0.34 | alpha 0.590 | step_limit
Ep 680 | 드론3 목적지31 |  733스텝 | 배송 31/31 | 재적재  5 | 중계율 0.35 | alpha 0.597 | complete
Ep 681 | 드론4 목적지65 | 1000스텝 | 배송 63/65 | 재적재 10 | 중계율 0.35 | alpha 0.604 | step_limit
Ep 682 | 드론3 목적지72 | 1000스텝 | 배송 60/72 | 재적재 11 | 중계율 0.34 | alpha 0.592 | step_limit
Ep 683 | 드론4 목적지52 |  857스텝 | 배송 52/52 | 재적재  7 | 중계율 0.42 | alpha 0.591 | complete
Ep 684 | 드론3 목적지40 | 1000스텝 | 배송 36/40 | 재적재  5 | 중계율 0.42 | alpha 0.590 | step_limit
Ep 685 | 드론3 목적지74 | 1000스텝 | 배송 59/74 | 재적재 10 | 중계율 0.31 | alpha 0.583 | step_limit
Ep 686 | 드론4 목적지58 | 1000스텝 | 배송 53/58 | 재적재  8 | 중계율 0.31 | alpha 0.594 | step_limit
Ep 687 | 드론3 목적지46 |  878스텝 | 배송 46/46 | 재적재  7 | 중계율 0.39 | alpha 0.595 | complete
Ep 688 | 드론4 목적지33 |  532스텝 | 배송 33/33 | 재적재  5 | 중계율 0.32 | alpha 0.612 | complete
Ep 689 | 드론4 목적지80 | 1000스텝 | 배송 73/80 | 재적재 13 | 중계율 0.33 | alpha 0.595 | step_limit
Ep 690 | 드론3 목적지26 |  672스텝 | 배송 26/26 | 재적재  4 | 중계율 0.26 | alpha 0.602 | complete
Ep 691 | 드론3 목적지40 |  857스텝 | 배송 40/40 | 재적재  6 | 중계율 0.34 | alpha 0.590 | complete
Ep 692 | 드론3 목적지49 | 1000스텝 | 배송 47/49 | 재적재  8 | 중계율 0.30 | alpha 0.566 | step_limit
Ep 693 | 드론4 목적지56 | 1000스텝 | 배송 53/56 | 재적재  9 | 중계율 0.37 | alpha 0.570 | step_limit
Ep 694 | 드론3 목적지69 | 1000스텝 | 배송 57/69 | 재적재 10 | 중계율 0.28 | alpha 0.579 | step_limit
Ep 695 | 드론4 목적지32 |  576스텝 | 배송 32/32 | 재적재  4 | 중계율 0.30 | alpha 0.574 | complete
Ep 696 | 드론3 목적지48 | 1000스텝 | 배송 41/48 | 재적재  7 | 중계율 0.34 | alpha 0.571 | step_limit
Ep 697 | 드론3 목적지58 | 1000스텝 | 배송 57/58 | 재적재 10 | 중계율 0.34 | alpha 0.565 | step_limit
Ep 698 | 드론4 목적지65 | 1000스텝 | 배송 54/65 | 재적재  8 | 중계율 0.35 | alpha 0.577 | step_limit
Ep 699 | 드론4 목적지44 |  938스텝 | 배송 44/44 | 재적재  5 | 중계율 0.48 | alpha 0.580 | complete
Ep 700 | 드론4 목적지40 |  946스텝 | 배송 40/40 | 재적재  5 | 중계율 0.45 | alpha 0.577 | complete
  [홀드아웃] 배송 49.8±1.7 완주 0.99 스텝 1071 점수 124.5 재적재 7.1 2홉+ 0.61 | 최고 126.0@ep650 정체 1/8
Ep 701 | 드론4 목적지26 |  806스텝 | 배송 26/26 | 재적재  3 | 중계율 0.49 | alpha 0.563 | complete
Ep 702 | 드론3 목적지66 | 1000스텝 | 배송 64/66 | 재적재 10 | 중계율 0.29 | alpha 0.582 | step_limit
Ep 703 | 드론3 목적지25 |  713스텝 | 배송 25/25 | 재적재  3 | 중계율 0.41 | alpha 0.581 | complete
Ep 704 | 드론4 목적지35 |  545스텝 | 배송 35/35 | 재적재  5 | 중계율 0.32 | alpha 0.579 | complete
Ep 705 | 드론3 목적지24 |  611스텝 | 배송 24/24 | 재적재  4 | 중계율 0.28 | alpha 0.574 | complete
Ep 706 | 드론3 목적지64 | 1000스텝 | 배송 61/64 | 재적재 12 | 중계율 0.33 | alpha 0.566 | step_limit
Ep 707 | 드론3 목적지24 |  505스텝 | 배송 24/24 | 재적재  3 | 중계율 0.29 | alpha 0.579 | complete
Ep 708 | 드론4 목적지68 |  971스텝 | 배송 68/68 | 재적재 12 | 중계율 0.27 | alpha 0.594 | complete
Ep 709 | 드론3 목적지57 | 1000스텝 | 배송 50/57 | 재적재  9 | 중계율 0.37 | alpha 0.593 | step_limit
Ep 710 | 드론4 목적지78 | 1000스텝 | 배송 70/78 | 재적재 12 | 중계율 0.27 | alpha 0.585 | step_limit
Ep 711 | 드론4 목적지34 |  576스텝 | 배송 34/34 | 재적재  4 | 중계율 0.38 | alpha 0.582 | complete
Ep 712 | 드론3 목적지21 |  474스텝 | 배송 21/21 | 재적재  3 | 중계율 0.29 | alpha 0.573 | complete
Ep 713 | 드론3 목적지63 | 1000스텝 | 배송 55/63 | 재적재  9 | 중계율 0.36 | alpha 0.593 | step_limit
Ep 714 | 드론3 목적지64 | 1000스텝 | 배송 62/64 | 재적재 12 | 중계율 0.28 | alpha 0.581 | step_limit
Ep 715 | 드론4 목적지43 |  459스텝 | 배송 43/43 | 재적재  6 | 중계율 0.24 | alpha 0.580 | complete
Ep 716 | 드론3 목적지39 |  867스텝 | 배송 39/39 | 재적재  5 | 중계율 0.41 | alpha 0.587 | complete
Ep 717 | 드론3 목적지67 | 1000스텝 | 배송 55/67 | 재적재 10 | 중계율 0.22 | alpha 0.589 | step_limit
Ep 718 | 드론4 목적지68 | 1000스텝 | 배송 64/68 | 재적재 11 | 중계율 0.34 | alpha 0.596 | step_limit
Ep 719 | 드론4 목적지67 | 1000스텝 | 배송 61/67 | 재적재 10 | 중계율 0.34 | alpha 0.599 | step_limit
Ep 720 | 드론3 목적지49 |  645스텝 | 배송 49/49 | 재적재  9 | 중계율 0.21 | alpha 0.598 | complete
Ep 721 | 드론3 목적지29 |  959스텝 | 배송 25/29 | 재적재  3 | 중계율 0.35 | alpha 0.594 | no_progress
Ep 722 | 드론4 목적지59 |  903스텝 | 배송 59/59 | 재적재  8 | 중계율 0.32 | alpha 0.599 | complete
Ep 723 | 드론4 목적지70 | 1000스텝 | 배송 62/70 | 재적재 10 | 중계율 0.22 | alpha 0.597 | step_limit
Ep 724 | 드론3 목적지69 | 1000스텝 | 배송 62/69 | 재적재 12 | 중계율 0.31 | alpha 0.594 | step_limit
Ep 725 | 드론3 목적지62 | 1000스텝 | 배송 50/62 | 재적재 10 | 중계율 0.41 | alpha 0.590 | step_limit
Ep 726 | 드론4 목적지56 |  755스텝 | 배송 56/56 | 재적재  9 | 중계율 0.34 | alpha 0.589 | complete
Ep 727 | 드론3 목적지57 |  979스텝 | 배송 57/57 | 재적재 10 | 중계율 0.22 | alpha 0.586 | complete
Ep 728 | 드론4 목적지43 | 1000스텝 | 배송 41/43 | 재적재  6 | 중계율 0.47 | alpha 0.593 | step_limit
Ep 729 | 드론4 목적지77 | 1000스텝 | 배송 72/77 | 재적재 12 | 중계율 0.25 | alpha 0.590 | step_limit
Ep 730 | 드론3 목적지27 |  576스텝 | 배송 27/27 | 재적재  4 | 중계율 0.36 | alpha 0.577 | complete
Ep 731 | 드론3 목적지80 | 1000스텝 | 배송 67/80 | 재적재 12 | 중계율 0.28 | alpha 0.595 | step_limit
Ep 732 | 드론3 목적지80 | 1000스텝 | 배송 70/80 | 재적재 12 | 중계율 0.29 | alpha 0.605 | step_limit
Ep 733 | 드론4 목적지64 | 1000스텝 | 배송 52/64 | 재적재  9 | 중계율 0.29 | alpha 0.605 | step_limit
Ep 734 | 드론3 목적지38 |  710스텝 | 배송 38/38 | 재적재  7 | 중계율 0.25 | alpha 0.601 | complete
Ep 735 | 드론4 목적지63 |  980스텝 | 배송 63/63 | 재적재 11 | 중계율 0.34 | alpha 0.584 | complete
Ep 736 | 드론3 목적지52 | 1000스텝 | 배송 49/52 | 재적재  7 | 중계율 0.37 | alpha 0.580 | step_limit
Ep 737 | 드론3 목적지41 |  994스텝 | 배송 41/41 | 재적재  7 | 중계율 0.36 | alpha 0.589 | complete
Ep 738 | 드론4 목적지49 |  701스텝 | 배송 49/49 | 재적재  8 | 중계율 0.31 | alpha 0.601 | complete
Ep 739 | 드론3 목적지27 |  568스텝 | 배송 27/27 | 재적재  3 | 중계율 0.41 | alpha 0.604 | complete
Ep 740 | 드론3 목적지32 |  594스텝 | 배송 32/32 | 재적재  5 | 중계율 0.40 | alpha 0.614 | complete
Ep 741 | 드론3 목적지25 |  574스텝 | 배송 25/25 | 재적재  3 | 중계율 0.37 | alpha 0.610 | complete
Ep 742 | 드론3 목적지48 | 1000스텝 | 배송 45/48 | 재적재  7 | 중계율 0.34 | alpha 0.622 | step_limit
Ep 743 | 드론4 목적지54 | 1000스텝 | 배송 46/54 | 재적재  8 | 중계율 0.23 | alpha 0.599 | step_limit
Ep 744 | 드론4 목적지24 |  708스텝 | 배송 24/24 | 재적재  4 | 중계율 0.33 | alpha 0.601 | complete
Ep 745 | 드론4 목적지37 |  566스텝 | 배송 37/37 | 재적재  5 | 중계율 0.30 | alpha 0.598 | complete
Ep 746 | 드론3 목적지50 | 1000스텝 | 배송 45/50 | 재적재  9 | 중계율 0.40 | alpha 0.604 | step_limit
Ep 747 | 드론3 목적지78 | 1000스텝 | 배송 60/78 | 재적재 11 | 중계율 0.38 | alpha 0.602 | step_limit
Ep 748 | 드론3 목적지33 |  710스텝 | 배송 33/33 | 재적재  4 | 중계율 0.38 | alpha 0.604 | complete
Ep 749 | 드론3 목적지20 |  534스텝 | 배송 20/20 | 재적재  2 | 중계율 0.44 | alpha 0.608 | complete
Ep 750 | 드론4 목적지80 | 1000스텝 | 배송 76/80 | 재적재 14 | 중계율 0.24 | alpha 0.603 | step_limit
  [홀드아웃] 배송 50.0±0.0 완주 1.00 스텝 1117 점수 125.1 재적재 7.3 2홉+ 0.59 | 최고 126.0@ep650 정체 2/8
Ep 751 | 드론4 목적지29 |  556스텝 | 배송 29/29 | 재적재  4 | 중계율 0.32 | alpha 0.605 | complete
Ep 752 | 드론4 목적지21 |  732스텝 | 배송 21/21 | 재적재  2 | 중계율 0.51 | alpha 0.612 | complete
Ep 753 | 드론4 목적지21 |  598스텝 | 배송 21/21 | 재적재  2 | 중계율 0.30 | alpha 0.617 | complete
Ep 754 | 드론4 목적지39 |  781스텝 | 배송 39/39 | 재적재  5 | 중계율 0.39 | alpha 0.596 | complete
Ep 755 | 드론3 목적지68 | 1000스텝 | 배송 53/68 | 재적재  9 | 중계율 0.35 | alpha 0.605 | step_limit
Ep 756 | 드론3 목적지80 | 1000스텝 | 배송 70/80 | 재적재 14 | 중계율 0.28 | alpha 0.620 | step_limit
Ep 757 | 드론4 목적지62 |  878스텝 | 배송 62/62 | 재적재 11 | 중계율 0.17 | alpha 0.613 | complete
Ep 758 | 드론4 목적지36 |  933스텝 | 배송 36/36 | 재적재  5 | 중계율 0.48 | alpha 0.611 | complete
Ep 759 | 드론4 목적지46 | 1000스텝 | 배송 45/46 | 재적재  6 | 중계율 0.47 | alpha 0.610 | step_limit
Ep 760 | 드론3 목적지23 |  654스텝 | 배송 23/23 | 재적재  3 | 중계율 0.39 | alpha 0.629 | complete
Ep 761 | 드론4 목적지36 |  481스텝 | 배송 36/36 | 재적재  5 | 중계율 0.25 | alpha 0.613 | complete
Ep 762 | 드론3 목적지66 | 1000스텝 | 배송 61/66 | 재적재 11 | 중계율 0.29 | alpha 0.606 | step_limit
Ep 763 | 드론3 목적지24 |  429스텝 | 배송 24/24 | 재적재  3 | 중계율 0.29 | alpha 0.618 | complete
Ep 764 | 드론3 목적지27 |  512스텝 | 배송 27/27 | 재적재  4 | 중계율 0.25 | alpha 0.613 | complete
Ep 765 | 드론4 목적지43 |  769스텝 | 배송 43/43 | 재적재  7 | 중계율 0.28 | alpha 0.627 | complete
Ep 766 | 드론3 목적지25 |  605스텝 | 배송 25/25 | 재적재  4 | 중계율 0.35 | alpha 0.619 | complete
Ep 767 | 드론3 목적지65 | 1000스텝 | 배송 60/65 | 재적재  9 | 중계율 0.36 | alpha 0.604 | step_limit
Ep 768 | 드론3 목적지50 |  995스텝 | 배송 50/50 | 재적재  8 | 중계율 0.26 | alpha 0.593 | complete
Ep 769 | 드론4 목적지40 |  659스텝 | 배송 40/40 | 재적재  7 | 중계율 0.33 | alpha 0.605 | complete
Ep 770 | 드론4 목적지58 | 1000스텝 | 배송 56/58 | 재적재  9 | 중계율 0.41 | alpha 0.611 | step_limit
Ep 771 | 드론3 목적지28 |  800스텝 | 배송 28/28 | 재적재  3 | 중계율 0.44 | alpha 0.614 | complete
Ep 772 | 드론4 목적지53 |  861스텝 | 배송 53/53 | 재적재  8 | 중계율 0.26 | alpha 0.611 | complete
Ep 773 | 드론3 목적지60 | 1000스텝 | 배송 55/60 | 재적재  8 | 중계율 0.38 | alpha 0.603 | step_limit
Ep 774 | 드론3 목적지60 | 1000스텝 | 배송 48/60 | 재적재  7 | 중계율 0.43 | alpha 0.589 | step_limit
Ep 775 | 드론3 목적지62 | 1000스텝 | 배송 55/62 | 재적재  8 | 중계율 0.31 | alpha 0.593 | step_limit
Ep 776 | 드론3 목적지47 | 1000스텝 | 배송 45/47 | 재적재  8 | 중계율 0.35 | alpha 0.620 | step_limit
Ep 777 | 드론3 목적지77 | 1000스텝 | 배송 71/77 | 재적재 13 | 중계율 0.24 | alpha 0.615 | step_limit
Ep 778 | 드론3 목적지29 |  672스텝 | 배송 29/29 | 재적재  3 | 중계율 0.41 | alpha 0.626 | complete
Ep 779 | 드론3 목적지79 | 1000스텝 | 배송 55/79 | 재적재 10 | 중계율 0.38 | alpha 0.620 | step_limit
Ep 780 | 드론4 목적지50 | 1000스텝 | 배송 44/50 | 재적재  7 | 중계율 0.40 | alpha 0.625 | step_limit
Ep 781 | 드론3 목적지53 | 1000스텝 | 배송 42/53 | 재적재  7 | 중계율 0.40 | alpha 0.615 | step_limit
Ep 782 | 드론3 목적지35 |  910스텝 | 배송 35/35 | 재적재  5 | 중계율 0.46 | alpha 0.614 | complete
Ep 783 | 드론4 목적지55 |  775스텝 | 배송 55/55 | 재적재 10 | 중계율 0.30 | alpha 0.612 | complete
Ep 784 | 드론3 목적지53 |  895스텝 | 배송 53/53 | 재적재  9 | 중계율 0.31 | alpha 0.607 | complete
Ep 785 | 드론4 목적지56 | 1000스텝 | 배송 51/56 | 재적재  9 | 중계율 0.41 | alpha 0.606 | step_limit
Ep 786 | 드론3 목적지73 | 1000스텝 | 배송 62/73 | 재적재 11 | 중계율 0.35 | alpha 0.622 | step_limit
Ep 787 | 드론4 목적지70 | 1000스텝 | 배송 64/70 | 재적재 11 | 중계율 0.31 | alpha 0.618 | step_limit
Ep 788 | 드론3 목적지31 |  524스텝 | 배송 31/31 | 재적재  5 | 중계율 0.31 | alpha 0.613 | complete
Ep 789 | 드론3 목적지40 |  764스텝 | 배송 40/40 | 재적재  5 | 중계율 0.36 | alpha 0.601 | complete
Ep 790 | 드론4 목적지29 |  569스텝 | 배송 29/29 | 재적재  4 | 중계율 0.43 | alpha 0.611 | complete
Ep 791 | 드론4 목적지38 |  559스텝 | 배송 38/38 | 재적재  7 | 중계율 0.32 | alpha 0.605 | complete
Ep 792 | 드론4 목적지77 | 1000스텝 | 배송 70/77 | 재적재 12 | 중계율 0.26 | alpha 0.628 | step_limit
Ep 793 | 드론3 목적지71 | 1000스텝 | 배송 65/71 | 재적재 11 | 중계율 0.30 | alpha 0.615 | step_limit
Ep 794 | 드론3 목적지33 |  598스텝 | 배송 33/33 | 재적재  5 | 중계율 0.38 | alpha 0.616 | complete
Ep 795 | 드론3 목적지76 | 1000스텝 | 배송 56/76 | 재적재 10 | 중계율 0.36 | alpha 0.613 | step_limit
Ep 796 | 드론3 목적지65 | 1000스텝 | 배송 58/65 | 재적재  9 | 중계율 0.35 | alpha 0.607 | step_limit
Ep 797 | 드론4 목적지72 | 1000스텝 | 배송 67/72 | 재적재 13 | 중계율 0.29 | alpha 0.606 | step_limit
Ep 798 | 드론4 목적지54 | 1000스텝 | 배송 50/54 | 재적재  9 | 중계율 0.40 | alpha 0.602 | step_limit
Ep 799 | 드론3 목적지35 |  750스텝 | 배송 35/35 | 재적재  5 | 중계율 0.39 | alpha 0.620 | complete
Ep 800 | 드론3 목적지78 | 1000스텝 | 배송 57/78 | 재적재 10 | 중계율 0.32 | alpha 0.622 | step_limit
  [홀드아웃] 배송 50.0±0.0 완주 1.00 스텝 1071 점수 125.7 재적재 7.4 2홉+ 0.60 | 최고 126.0@ep650 정체 3/8
Ep 801 | 드론3 목적지21 |  515스텝 | 배송 21/21 | 재적재  3 | 중계율 0.38 | alpha 0.618 | complete
Ep 802 | 드론4 목적지22 |  387스텝 | 배송 22/22 | 재적재  3 | 중계율 0.29 | alpha 0.617 | complete
Ep 803 | 드론4 목적지57 |  787스텝 | 배송 57/57 | 재적재  9 | 중계율 0.28 | alpha 0.606 | complete
Ep 804 | 드론3 목적지60 | 1000스텝 | 배송 50/60 | 재적재  9 | 중계율 0.29 | alpha 0.592 | step_limit
Ep 805 | 드론4 목적지34 |  513스텝 | 배송 34/34 | 재적재  5 | 중계율 0.23 | alpha 0.574 | complete
Ep 806 | 드론3 목적지59 | 1000스텝 | 배송 57/59 | 재적재  9 | 중계율 0.37 | alpha 0.596 | step_limit
Ep 807 | 드론4 목적지22 |  542스텝 | 배송 22/22 | 재적재  3 | 중계율 0.28 | alpha 0.614 | complete
Ep 808 | 드론3 목적지35 |  825스텝 | 배송 35/35 | 재적재  5 | 중계율 0.43 | alpha 0.604 | complete
Ep 809 | 드론3 목적지38 | 1000스텝 | 배송 35/38 | 재적재  6 | 중계율 0.42 | alpha 0.595 | step_limit
Ep 810 | 드론4 목적지47 |  979스텝 | 배송 47/47 | 재적재  6 | 중계율 0.48 | alpha 0.600 | complete
Ep 811 | 드론3 목적지70 | 1000스텝 | 배송 50/70 | 재적재  7 | 중계율 0.41 | alpha 0.604 | step_limit
Ep 812 | 드론3 목적지40 |  771스텝 | 배송 40/40 | 재적재  5 | 중계율 0.41 | alpha 0.591 | complete
Ep 813 | 드론3 목적지55 | 1000스텝 | 배송 48/55 | 재적재  7 | 중계율 0.40 | alpha 0.602 | step_limit
Ep 814 | 드론3 목적지38 |  659스텝 | 배송 38/38 | 재적재  7 | 중계율 0.33 | alpha 0.601 | complete
Ep 815 | 드론3 목적지75 | 1000스텝 | 배송 55/75 | 재적재 10 | 중계율 0.33 | alpha 0.608 | step_limit
Ep 816 | 드론4 목적지57 |  936스텝 | 배송 57/57 | 재적재 10 | 중계율 0.36 | alpha 0.592 | complete
Ep 817 | 드론3 목적지58 | 1000스텝 | 배송 53/58 | 재적재  8 | 중계율 0.38 | alpha 0.591 | step_limit
Ep 818 | 드론4 목적지21 |  592스텝 | 배송 21/21 | 재적재  3 | 중계율 0.43 | alpha 0.590 | complete
Ep 819 | 드론3 목적지70 | 1000스텝 | 배송 62/70 | 재적재 10 | 중계율 0.28 | alpha 0.595 | step_limit
Ep 820 | 드론4 목적지26 |  648스텝 | 배송 26/26 | 재적재  3 | 중계율 0.42 | alpha 0.591 | complete
Ep 821 | 드론4 목적지27 |  452스텝 | 배송 27/27 | 재적재  3 | 중계율 0.31 | alpha 0.584 | complete
Ep 822 | 드론4 목적지61 | 1000스텝 | 배송 51/61 | 재적재  9 | 중계율 0.35 | alpha 0.604 | step_limit
Ep 823 | 드론4 목적지77 | 1000스텝 | 배송 60/77 | 재적재 10 | 중계율 0.35 | alpha 0.595 | step_limit
Ep 824 | 드론3 목적지38 |  932스텝 | 배송 38/38 | 재적재  7 | 중계율 0.28 | alpha 0.591 | complete
Ep 825 | 드론3 목적지63 | 1000스텝 | 배송 60/63 | 재적재 11 | 중계율 0.23 | alpha 0.592 | step_limit
Ep 826 | 드론4 목적지44 |  797스텝 | 배송 44/44 | 재적재  7 | 중계율 0.34 | alpha 0.588 | complete
Ep 827 | 드론4 목적지51 | 1000스텝 | 배송 49/51 | 재적재  7 | 중계율 0.42 | alpha 0.585 | step_limit
Ep 828 | 드론3 목적지41 |  782스텝 | 배송 41/41 | 재적재  7 | 중계율 0.39 | alpha 0.571 | complete
Ep 829 | 드론3 목적지22 |  437스텝 | 배송 22/22 | 재적재  3 | 중계율 0.34 | alpha 0.578 | complete
Ep 830 | 드론3 목적지48 | 1000스텝 | 배송 45/48 | 재적재  8 | 중계율 0.39 | alpha 0.596 | step_limit
Ep 831 | 드론3 목적지61 | 1000스텝 | 배송 51/61 | 재적재  8 | 중계율 0.40 | alpha 0.612 | step_limit
Ep 832 | 드론3 목적지66 | 1000스텝 | 배송 58/66 | 재적재 10 | 중계율 0.25 | alpha 0.588 | step_limit
Ep 833 | 드론3 목적지26 |  334스텝 | 배송 26/26 | 재적재  3 | 중계율 0.19 | alpha 0.588 | complete
Ep 834 | 드론4 목적지25 |  703스텝 | 배송 25/25 | 재적재  2 | 중계율 0.40 | alpha 0.594 | complete
Ep 835 | 드론3 목적지78 | 1000스텝 | 배송 61/78 | 재적재 11 | 중계율 0.33 | alpha 0.605 | step_limit
Ep 836 | 드론4 목적지22 |  418스텝 | 배송 22/22 | 재적재  2 | 중계율 0.43 | alpha 0.609 | complete
Ep 837 | 드론3 목적지74 | 1000스텝 | 배송 55/74 | 재적재 10 | 중계율 0.39 | alpha 0.596 | step_limit
Ep 838 | 드론4 목적지46 | 1000스텝 | 배송 38/46 | 재적재  5 | 중계율 0.37 | alpha 0.593 | step_limit
Ep 839 | 드론3 목적지47 |  949스텝 | 배송 47/47 | 재적재  8 | 중계율 0.43 | alpha 0.587 | complete
Ep 840 | 드론4 목적지31 |  575스텝 | 배송 31/31 | 재적재  4 | 중계율 0.35 | alpha 0.584 | complete
Ep 841 | 드론3 목적지52 | 1000스텝 | 배송 44/52 | 재적재  6 | 중계율 0.38 | alpha 0.601 | step_limit
Ep 842 | 드론3 목적지30 |  846스텝 | 배송 30/30 | 재적재  5 | 중계율 0.31 | alpha 0.584 | complete
Ep 843 | 드론4 목적지75 | 1000스텝 | 배송 58/75 | 재적재 10 | 중계율 0.35 | alpha 0.581 | step_limit
Ep 844 | 드론4 목적지28 |  600스텝 | 배송 28/28 | 재적재  3 | 중계율 0.38 | alpha 0.585 | complete
Ep 845 | 드론3 목적지44 |  745스텝 | 배송 44/44 | 재적재  7 | 중계율 0.34 | alpha 0.570 | complete
Ep 846 | 드론3 목적지31 |  471스텝 | 배송 31/31 | 재적재  4 | 중계율 0.28 | alpha 0.583 | complete
Ep 847 | 드론4 목적지45 |  865스텝 | 배송 45/45 | 재적재  8 | 중계율 0.40 | alpha 0.594 | complete
Ep 848 | 드론3 목적지44 | 1000스텝 | 배송 43/44 | 재적재  8 | 중계율 0.44 | alpha 0.594 | step_limit
Ep 849 | 드론3 목적지49 | 1000스텝 | 배송 46/49 | 재적재  8 | 중계율 0.40 | alpha 0.578 | step_limit
Ep 850 | 드론3 목적지47 |  995스텝 | 배송 47/47 | 재적재  7 | 중계율 0.42 | alpha 0.580 | complete
  [홀드아웃] 배송 50.0±0.0 완주 1.00 스텝 1150 점수 124.7 재적재 7.4 2홉+ 0.59 | 최고 126.0@ep650 정체 4/8
Ep 851 | 드론4 목적지30 |  682스텝 | 배송 30/30 | 재적재  4 | 중계율 0.39 | alpha 0.590 | complete
Ep 852 | 드론4 목적지65 | 1000스텝 | 배송 55/65 | 재적재 10 | 중계율 0.34 | alpha 0.597 | step_limit
Ep 853 | 드론3 목적지45 | 1000스텝 | 배송 43/45 | 재적재  7 | 중계율 0.41 | alpha 0.603 | step_limit
Ep 854 | 드론4 목적지23 |  505스텝 | 배송 23/23 | 재적재  3 | 중계율 0.38 | alpha 0.601 | complete
Ep 855 | 드론4 목적지49 | 1000스텝 | 배송 45/49 | 재적재  7 | 중계율 0.36 | alpha 0.596 | step_limit
Ep 856 | 드론3 목적지28 |  706스텝 | 배송 28/28 | 재적재  3 | 중계율 0.40 | alpha 0.592 | complete
Ep 857 | 드론3 목적지38 |  650스텝 | 배송 38/38 | 재적재  6 | 중계율 0.29 | alpha 0.595 | complete
Ep 858 | 드론4 목적지70 | 1000스텝 | 배송 69/70 | 재적재 13 | 중계율 0.31 | alpha 0.592 | step_limit
Ep 859 | 드론4 목적지27 |  459스텝 | 배송 27/27 | 재적재  4 | 중계율 0.34 | alpha 0.604 | complete
Ep 860 | 드론4 목적지30 |  650스텝 | 배송 30/30 | 재적재  3 | 중계율 0.39 | alpha 0.605 | complete
Ep 861 | 드론3 목적지39 |  739스텝 | 배송 39/39 | 재적재  6 | 중계율 0.31 | alpha 0.603 | complete
Ep 862 | 드론4 목적지50 |  818스텝 | 배송 50/50 | 재적재  8 | 중계율 0.24 | alpha 0.600 | complete
Ep 863 | 드론4 목적지30 | 1000스텝 | 배송 28/30 | 재적재  4 | 중계율 0.43 | alpha 0.601 | step_limit
Ep 864 | 드론4 목적지38 |  949스텝 | 배송 38/38 | 재적재  6 | 중계율 0.39 | alpha 0.594 | complete
Ep 865 | 드론4 목적지56 |  957스텝 | 배송 56/56 | 재적재  9 | 중계율 0.33 | alpha 0.595 | complete
Ep 866 | 드론3 목적지70 | 1000스텝 | 배송 57/70 | 재적재 10 | 중계율 0.32 | alpha 0.587 | step_limit
Ep 867 | 드론3 목적지48 | 1000스텝 | 배송 45/48 | 재적재  8 | 중계율 0.36 | alpha 0.591 | step_limit
Ep 868 | 드론4 목적지37 |  617스텝 | 배송 37/37 | 재적재  6 | 중계율 0.31 | alpha 0.606 | complete
Ep 869 | 드론4 목적지46 |  769스텝 | 배송 46/46 | 재적재  7 | 중계율 0.31 | alpha 0.599 | complete
Ep 870 | 드론3 목적지47 |  864스텝 | 배송 47/47 | 재적재  8 | 중계율 0.31 | alpha 0.610 | complete
Ep 871 | 드론3 목적지44 | 1000스텝 | 배송 40/44 | 재적재  5 | 중계율 0.43 | alpha 0.610 | step_limit
Ep 872 | 드론3 목적지57 | 1000스텝 | 배송 55/57 | 재적재  8 | 중계율 0.37 | alpha 0.601 | step_limit
Ep 873 | 드론4 목적지30 |  763스텝 | 배송 30/30 | 재적재  3 | 중계율 0.42 | alpha 0.596 | complete
Ep 874 | 드론3 목적지20 |  458스텝 | 배송 20/20 | 재적재  3 | 중계율 0.36 | alpha 0.590 | complete
Ep 875 | 드론4 목적지43 |  937스텝 | 배송 43/43 | 재적재  8 | 중계율 0.27 | alpha 0.578 | complete
Ep 876 | 드론4 목적지23 |  637스텝 | 배송 23/23 | 재적재  2 | 중계율 0.42 | alpha 0.593 | complete
Ep 877 | 드론3 목적지65 | 1000스텝 | 배송 55/65 | 재적재  8 | 중계율 0.35 | alpha 0.598 | step_limit
Ep 878 | 드론3 목적지65 | 1000스텝 | 배송 55/65 | 재적재  9 | 중계율 0.34 | alpha 0.593 | step_limit
Ep 879 | 드론4 목적지28 |  538스텝 | 배송 28/28 | 재적재  3 | 중계율 0.29 | alpha 0.585 | complete
Ep 880 | 드론4 목적지41 |  448스텝 | 배송 41/41 | 재적재  6 | 중계율 0.22 | alpha 0.579 | complete
Ep 881 | 드론3 목적지59 |  909스텝 | 배송 59/59 | 재적재 11 | 중계율 0.25 | alpha 0.564 | complete
Ep 882 | 드론3 목적지46 | 1000스텝 | 배송 45/46 | 재적재  8 | 중계율 0.35 | alpha 0.582 | step_limit
Ep 883 | 드론4 목적지67 | 1000스텝 | 배송 60/67 | 재적재 11 | 중계율 0.36 | alpha 0.583 | step_limit
Ep 884 | 드론3 목적지49 | 1000스텝 | 배송 46/49 | 재적재  8 | 중계율 0.37 | alpha 0.578 | step_limit
Ep 885 | 드론3 목적지51 | 1000스텝 | 배송 45/51 | 재적재  6 | 중계율 0.44 | alpha 0.591 | step_limit
Ep 886 | 드론3 목적지36 |  822스텝 | 배송 36/36 | 재적재  5 | 중계율 0.40 | alpha 0.607 | complete
Ep 887 | 드론4 목적지36 |  820스텝 | 배송 36/36 | 재적재  6 | 중계율 0.33 | alpha 0.598 | complete
Ep 888 | 드론3 목적지48 |  923스텝 | 배송 48/48 | 재적재  7 | 중계율 0.37 | alpha 0.584 | complete
Ep 889 | 드론4 목적지22 |  596스텝 | 배송 22/22 | 재적재  2 | 중계율 0.45 | alpha 0.581 | complete
Ep 890 | 드론3 목적지60 | 1000스텝 | 배송 48/60 | 재적재  8 | 중계율 0.42 | alpha 0.582 | step_limit
Ep 891 | 드론4 목적지80 | 1000스텝 | 배송 75/80 | 재적재 13 | 중계율 0.35 | alpha 0.579 | step_limit
Ep 892 | 드론3 목적지73 | 1000스텝 | 배송 62/73 | 재적재 11 | 중계율 0.35 | alpha 0.593 | step_limit
Ep 893 | 드론3 목적지30 |  792스텝 | 배송 30/30 | 재적재  5 | 중계율 0.40 | alpha 0.594 | complete
Ep 894 | 드론3 목적지63 | 1000스텝 | 배송 55/63 | 재적재 10 | 중계율 0.34 | alpha 0.603 | step_limit
Ep 895 | 드론4 목적지28 |  439스텝 | 배송 28/28 | 재적재  5 | 중계율 0.28 | alpha 0.600 | complete
Ep 896 | 드론3 목적지39 |  972스텝 | 배송 39/39 | 재적재  6 | 중계율 0.41 | alpha 0.596 | complete
Ep 897 | 드론4 목적지53 | 1000스텝 | 배송 48/53 | 재적재  6 | 중계율 0.41 | alpha 0.590 | step_limit
Ep 898 | 드론3 목적지66 | 1000스텝 | 배송 50/66 | 재적재  8 | 중계율 0.42 | alpha 0.581 | step_limit
Ep 899 | 드론3 목적지33 |  777스텝 | 배송 33/33 | 재적재  5 | 중계율 0.40 | alpha 0.580 | complete
Ep 900 | 드론4 목적지43 |  836스텝 | 배송 43/43 | 재적재  6 | 중계율 0.34 | alpha 0.579 | complete
  [홀드아웃] 배송 50.0±0.3 완주 0.99 스텝 1132 점수 123.7 재적재 7.2 2홉+ 0.60 | 최고 126.0@ep650 정체 5/8
Ep 901 | 드론4 목적지59 | 1000스텝 | 배송 53/59 | 재적재  9 | 중계율 0.33 | alpha 0.584 | step_limit
Ep 902 | 드론3 목적지29 |  762스텝 | 배송 29/29 | 재적재  4 | 중계율 0.47 | alpha 0.579 | complete
Ep 903 | 드론3 목적지75 | 1000스텝 | 배송 63/75 | 재적재 11 | 중계율 0.31 | alpha 0.586 | step_limit
Ep 904 | 드론3 목적지71 | 1000스텝 | 배송 60/71 | 재적재 11 | 중계율 0.30 | alpha 0.581 | step_limit
Ep 905 | 드론4 목적지77 | 1000스텝 | 배송 72/77 | 재적재 12 | 중계율 0.28 | alpha 0.592 | step_limit
Ep 906 | 드론4 목적지73 |  951스텝 | 배송 73/73 | 재적재 12 | 중계율 0.25 | alpha 0.595 | complete
Ep 907 | 드론3 목적지79 | 1000스텝 | 배송 56/79 | 재적재 10 | 중계율 0.27 | alpha 0.594 | step_limit
Ep 908 | 드론4 목적지33 |  640스텝 | 배송 33/33 | 재적재  4 | 중계율 0.39 | alpha 0.588 | complete
Ep 909 | 드론4 목적지29 |  514스텝 | 배송 29/29 | 재적재  4 | 중계율 0.25 | alpha 0.578 | complete
Ep 910 | 드론4 목적지41 | 1000스텝 | 배송 37/41 | 재적재  5 | 중계율 0.48 | alpha 0.570 | step_limit
Ep 911 | 드론4 목적지34 |  606스텝 | 배송 34/34 | 재적재  5 | 중계율 0.32 | alpha 0.590 | complete
Ep 912 | 드론4 목적지42 |  764스텝 | 배송 42/42 | 재적재  6 | 중계율 0.38 | alpha 0.584 | complete
Ep 913 | 드론4 목적지34 |  776스텝 | 배송 34/34 | 재적재  5 | 중계율 0.40 | alpha 0.588 | complete
Ep 914 | 드론3 목적지44 |  808스텝 | 배송 44/44 | 재적재  7 | 중계율 0.35 | alpha 0.592 | complete
Ep 915 | 드론3 목적지67 | 1000스텝 | 배송 49/67 | 재적재  8 | 중계율 0.32 | alpha 0.592 | step_limit
Ep 916 | 드론4 목적지34 |  959스텝 | 배송 34/34 | 재적재  4 | 중계율 0.43 | alpha 0.593 | complete
Ep 917 | 드론4 목적지52 |  760스텝 | 배송 52/52 | 재적재  9 | 중계율 0.22 | alpha 0.586 | complete
Ep 918 | 드론3 목적지45 |  803스텝 | 배송 45/45 | 재적재  7 | 중계율 0.28 | alpha 0.586 | complete
Ep 919 | 드론4 목적지39 | 1000스텝 | 배송 37/39 | 재적재  7 | 중계율 0.42 | alpha 0.582 | step_limit
Ep 920 | 드론4 목적지58 |  989스텝 | 배송 58/58 | 재적재 10 | 중계율 0.29 | alpha 0.584 | complete
Ep 921 | 드론3 목적지40 | 1000스텝 | 배송 32/40 | 재적재  4 | 중계율 0.42 | alpha 0.584 | step_limit
Ep 922 | 드론4 목적지77 | 1000스텝 | 배송 64/77 | 재적재 10 | 중계율 0.20 | alpha 0.590 | step_limit
Ep 923 | 드론4 목적지76 | 1000스텝 | 배송 64/76 | 재적재 12 | 중계율 0.37 | alpha 0.580 | step_limit
Ep 924 | 드론4 목적지72 | 1000스텝 | 배송 65/72 | 재적재 12 | 중계율 0.35 | alpha 0.564 | step_limit
Ep 925 | 드론4 목적지36 |  714스텝 | 배송 36/36 | 재적재  4 | 중계율 0.33 | alpha 0.586 | complete
Ep 926 | 드론4 목적지56 | 1000스텝 | 배송 48/56 | 재적재  8 | 중계율 0.38 | alpha 0.590 | step_limit
Ep 927 | 드론4 목적지21 |  257스텝 | 배송 21/21 | 재적재  3 | 중계율 0.27 | alpha 0.582 | complete
Ep 928 | 드론3 목적지59 | 1000스텝 | 배송 58/59 | 재적재 10 | 중계율 0.33 | alpha 0.573 | step_limit
Ep 929 | 드론4 목적지25 |  775스텝 | 배송 25/25 | 재적재  3 | 중계율 0.45 | alpha 0.569 | complete
Ep 930 | 드론3 목적지28 |  666스텝 | 배송 28/28 | 재적재  4 | 중계율 0.35 | alpha 0.575 | complete
Ep 931 | 드론4 목적지70 | 1000스텝 | 배송 63/70 | 재적재 11 | 중계율 0.33 | alpha 0.584 | step_limit
Ep 932 | 드론3 목적지75 | 1000스텝 | 배송 60/75 | 재적재  9 | 중계율 0.34 | alpha 0.593 | step_limit
Ep 933 | 드론3 목적지31 |  672스텝 | 배송 31/31 | 재적재  6 | 중계율 0.31 | alpha 0.590 | complete
Ep 934 | 드론3 목적지28 |  649스텝 | 배송 28/28 | 재적재  4 | 중계율 0.32 | alpha 0.585 | complete
Ep 935 | 드론3 목적지36 |  732스텝 | 배송 36/36 | 재적재  6 | 중계율 0.27 | alpha 0.577 | complete
Ep 936 | 드론3 목적지20 |  346스텝 | 배송 20/20 | 재적재  3 | 중계율 0.23 | alpha 0.588 | complete
Ep 937 | 드론3 목적지28 |  559스텝 | 배송 28/28 | 재적재  5 | 중계율 0.32 | alpha 0.589 | complete
Ep 938 | 드론4 목적지73 | 1000스텝 | 배송 45/73 | 재적재  7 | 중계율 0.39 | alpha 0.593 | step_limit
Ep 939 | 드론3 목적지75 | 1000스텝 | 배송 60/75 | 재적재  9 | 중계율 0.36 | alpha 0.594 | step_limit
Ep 940 | 드론4 목적지64 |  847스텝 | 배송 64/64 | 재적재 10 | 중계율 0.25 | alpha 0.585 | complete
Ep 941 | 드론3 목적지37 |  736스텝 | 배송 37/37 | 재적재  7 | 중계율 0.33 | alpha 0.583 | complete
Ep 942 | 드론4 목적지57 | 1000스텝 | 배송 54/57 | 재적재  9 | 중계율 0.35 | alpha 0.592 | step_limit
Ep 943 | 드론3 목적지69 | 1000스텝 | 배송 57/69 | 재적재 11 | 중계율 0.32 | alpha 0.589 | step_limit
Ep 944 | 드론4 목적지73 | 1000스텝 | 배송 57/73 | 재적재  9 | 중계율 0.39 | alpha 0.591 | step_limit
Ep 945 | 드론4 목적지49 |  847스텝 | 배송 49/49 | 재적재  8 | 중계율 0.36 | alpha 0.603 | complete
Ep 946 | 드론3 목적지29 |  391스텝 | 배송 29/29 | 재적재  3 | 중계율 0.19 | alpha 0.608 | complete
Ep 947 | 드론3 목적지73 | 1000스텝 | 배송 53/73 | 재적재  9 | 중계율 0.33 | alpha 0.593 | step_limit
Ep 948 | 드론4 목적지57 | 1000스텝 | 배송 45/57 | 재적재  7 | 중계율 0.41 | alpha 0.580 | step_limit
Ep 949 | 드론3 목적지24 |  576스텝 | 배송 24/24 | 재적재  4 | 중계율 0.39 | alpha 0.581 | complete
Ep 950 | 드론3 목적지26 |  494스텝 | 배송 26/26 | 재적재  3 | 중계율 0.34 | alpha 0.590 | complete
  [홀드아웃] 배송 50.0±0.0 완주 1.00 스텝 1126 점수 125.0 재적재 7.5 2홉+ 0.60 | 최고 126.0@ep650 정체 6/8
Ep 951 | 드론4 목적지20 |  227스텝 | 배송 20/20 | 재적재  1 | 중계율 0.23 | alpha 0.592 | complete
Ep 952 | 드론4 목적지28 |  687스텝 | 배송 28/28 | 재적재  4 | 중계율 0.35 | alpha 0.607 | complete
Ep 953 | 드론3 목적지42 |  975스텝 | 배송 42/42 | 재적재  7 | 중계율 0.43 | alpha 0.609 | complete
Ep 954 | 드론3 목적지30 |  704스텝 | 배송 30/30 | 재적재  5 | 중계율 0.34 | alpha 0.595 | complete
Ep 955 | 드론4 목적지38 |  697스텝 | 배송 38/38 | 재적재  6 | 중계율 0.28 | alpha 0.597 | complete
Ep 956 | 드론3 목적지33 |  714스텝 | 배송 33/33 | 재적재  5 | 중계율 0.36 | alpha 0.594 | complete
Ep 957 | 드론3 목적지42 | 1000스텝 | 배송 32/42 | 재적재  6 | 중계율 0.40 | alpha 0.597 | step_limit
Ep 958 | 드론4 목적지34 |  867스텝 | 배송 34/34 | 재적재  5 | 중계율 0.33 | alpha 0.594 | complete
Ep 959 | 드론3 목적지80 | 1000스텝 | 배송 60/80 | 재적재 10 | 중계율 0.33 | alpha 0.593 | step_limit
Ep 960 | 드론4 목적지66 | 1000스텝 | 배송 62/66 | 재적재 11 | 중계율 0.27 | alpha 0.593 | step_limit
Ep 961 | 드론3 목적지70 | 1000스텝 | 배송 55/70 | 재적재  8 | 중계율 0.38 | alpha 0.595 | step_limit
Ep 962 | 드론3 목적지47 |  960스텝 | 배송 47/47 | 재적재  7 | 중계율 0.38 | alpha 0.586 | complete
Ep 963 | 드론4 목적지27 |  606스텝 | 배송 27/27 | 재적재  3 | 중계율 0.39 | alpha 0.594 | complete
Ep 964 | 드론4 목적지65 |  841스텝 | 배송 65/65 | 재적재 10 | 중계율 0.30 | alpha 0.585 | complete
Ep 965 | 드론3 목적지22 |  584스텝 | 배송 22/22 | 재적재  3 | 중계율 0.41 | alpha 0.587 | complete
Ep 966 | 드론3 목적지28 |  787스텝 | 배송 28/28 | 재적재  4 | 중계율 0.41 | alpha 0.593 | complete
Ep 967 | 드론4 목적지73 | 1000스텝 | 배송 69/73 | 재적재 11 | 중계율 0.30 | alpha 0.591 | step_limit
Ep 968 | 드론4 목적지62 |  908스텝 | 배송 62/62 | 재적재 10 | 중계율 0.29 | alpha 0.592 | complete
Ep 969 | 드론4 목적지55 |  852스텝 | 배송 55/55 | 재적재  9 | 중계율 0.28 | alpha 0.582 | complete
Ep 970 | 드론4 목적지46 |  768스텝 | 배송 46/46 | 재적재  6 | 중계율 0.28 | alpha 0.592 | complete
Ep 971 | 드론4 목적지34 | 1000스텝 | 배송 27/34 | 재적재  3 | 중계율 0.43 | alpha 0.597 | step_limit
Ep 972 | 드론3 목적지78 | 1000스텝 | 배송 57/78 | 재적재  9 | 중계율 0.28 | alpha 0.586 | step_limit
Ep 973 | 드론3 목적지78 | 1000스텝 | 배송 65/78 | 재적재 12 | 중계율 0.25 | alpha 0.571 | step_limit
Ep 974 | 드론3 목적지60 | 1000스텝 | 배송 52/60 | 재적재  8 | 중계율 0.39 | alpha 0.574 | step_limit
Ep 975 | 드론4 목적지52 |  785스텝 | 배송 52/52 | 재적재  9 | 중계율 0.31 | alpha 0.578 | complete
Ep 976 | 드론4 목적지53 |  814스텝 | 배송 53/53 | 재적재  8 | 중계율 0.33 | alpha 0.587 | complete
Ep 977 | 드론4 목적지30 |  401스텝 | 배송 30/30 | 재적재  4 | 중계율 0.20 | alpha 0.593 | complete
Ep 978 | 드론4 목적지45 |  908스텝 | 배송 45/45 | 재적재  8 | 중계율 0.35 | alpha 0.603 | complete
Ep 979 | 드론4 목적지34 |  718스텝 | 배송 34/34 | 재적재  4 | 중계율 0.46 | alpha 0.597 | complete
Ep 980 | 드론3 목적지55 | 1000스텝 | 배송 47/55 | 재적재  8 | 중계율 0.38 | alpha 0.587 | step_limit
Ep 981 | 드론4 목적지49 | 1000스텝 | 배송 45/49 | 재적재  6 | 중계율 0.48 | alpha 0.579 | step_limit
Ep 982 | 드론3 목적지26 |  509스텝 | 배송 26/26 | 재적재  4 | 중계율 0.29 | alpha 0.589 | complete
Ep 983 | 드론4 목적지39 |  852스텝 | 배송 39/39 | 재적재  7 | 중계율 0.43 | alpha 0.605 | complete
Ep 984 | 드론4 목적지20 |  832스텝 | 배송 20/20 | 재적재  3 | 중계율 0.32 | alpha 0.598 | complete
Ep 985 | 드론4 목적지29 |  578스텝 | 배송 29/29 | 재적재  4 | 중계율 0.39 | alpha 0.601 | complete
Ep 986 | 드론4 목적지59 | 1000스텝 | 배송 42/59 | 재적재  7 | 중계율 0.37 | alpha 0.604 | step_limit
Ep 987 | 드론3 목적지74 | 1000스텝 | 배송 68/74 | 재적재 11 | 중계율 0.32 | alpha 0.598 | step_limit
Ep 988 | 드론4 목적지70 | 1000스텝 | 배송 68/70 | 재적재 12 | 중계율 0.31 | alpha 0.578 | step_limit
Ep 989 | 드론4 목적지34 |  527스텝 | 배송 34/34 | 재적재  4 | 중계율 0.28 | alpha 0.587 | complete
Ep 990 | 드론4 목적지28 |  569스텝 | 배송 28/28 | 재적재  5 | 중계율 0.37 | alpha 0.602 | complete
Ep 991 | 드론4 목적지76 | 1000스텝 | 배송 66/76 | 재적재 11 | 중계율 0.31 | alpha 0.600 | step_limit
Ep 992 | 드론3 목적지40 |  773스텝 | 배송 40/40 | 재적재  6 | 중계율 0.38 | alpha 0.578 | complete
Ep 993 | 드론4 목적지61 | 1000스텝 | 배송 60/61 | 재적재 10 | 중계율 0.28 | alpha 0.564 | step_limit
Ep 994 | 드론3 목적지49 | 1000스텝 | 배송 44/49 | 재적재  7 | 중계율 0.42 | alpha 0.571 | step_limit
Ep 995 | 드론4 목적지33 |  747스텝 | 배송 33/33 | 재적재  5 | 중계율 0.37 | alpha 0.595 | complete
Ep 996 | 드론3 목적지23 |  781스텝 | 배송 16/23 | 재적재  3 | 중계율 0.44 | alpha 0.603 | no_progress
Ep 997 | 드론4 목적지46 |  960스텝 | 배송 46/46 | 재적재  6 | 중계율 0.36 | alpha 0.590 | complete
Ep 998 | 드론4 목적지53 | 1000스텝 | 배송 51/53 | 재적재  8 | 중계율 0.37 | alpha 0.591 | step_limit
Ep 999 | 드론3 목적지52 | 1000스텝 | 배송 51/52 | 재적재  8 | 중계율 0.36 | alpha 0.587 | step_limit
Ep 1000 | 드론3 목적지78 | 1000스텝 | 배송 56/78 | 재적재  9 | 중계율 0.34 | alpha 0.598 | step_limit
  [홀드아웃] 배송 50.0±0.0 완주 1.00 스텝 1143 점수 124.8 재적재 7.5 2홉+ 0.60 | 최고 126.0@ep650 정체 7/8
Training finished. best=126.0 @ ep650
