/home/kopt/enter/envs/wsl_neuroMCTS/lib/python3.10/site-packages/pygame/pkgdata.py:25: UserWarning: pkg_resources is deprecated as an API. See https://setuptools.pypa.io/en/latest/pkg_resources.html. The pkg_resources package is slated for removal as early as 2025-11-30. Refrain from using this package or pin to Setuptools<81.
  from pkg_resources import resource_stream, resource_exists
pygame 2.6.1 (SDL 2.28.4, Python 3.10.19)
Hello from the pygame community. https://www.pygame.org/contribute.html
집합 상위 학습 | 반경 300 상한 1000 무배송 500 gamma 0.997 구성=무작위 드론[3, 4] 목적지[20, 80] CC무작위 인스턴스=무작위 목표유지=off 완주보상=0.0 잔여페널티=0.1 규칙관측=False 규칙정규화=2.0/중계가중치=1.0 막힘페널티=0.0 중계크레딧=0.0/재분배=0.0/드론별보상=True 도달권shaping=0.0 정체전환보상=0.0 엔트로피비=0.6->0.25@400 자기회귀=True 홀드아웃상한=3000 선택=makespan/속도가중치=40.0
/home/kopt/drone/proposed_src/pipeline/train_v5_26_09_15_23.py:411: UserWarning: Converting a tensor with requires_grad=True to a scalar may lead to unexpected behavior.
Consider using tensor.detach() first. (Triggered internally at /pytorch/torch/csrc/autograd/generated/python_variable_methods.cpp:836.)
  writer.add_scalar("train/alpha", float(log_alpha.exp()), ep)
Ep 1 | 드론4 목적지43 | 1000스텝 | 배송 37/43 | 재적재  6 | 중계율 0.09 | alpha 0.100 | step_limit
Ep 2 | 드론3 목적지74 | 1000스텝 | 배송 56/74 | 재적재 10 | 중계율 0.09 | alpha 0.100 | step_limit
Ep 3 | 드론4 목적지43 | 1000스텝 | 배송 39/43 | 재적재  7 | 중계율 0.07 | alpha 0.100 | step_limit
Ep 4 | 드론3 목적지23 | 1000스텝 | 배송 18/23 | 재적재  3 | 중계율 0.12 | alpha 0.100 | step_limit
Ep 5 | 드론3 목적지31 | 1000스텝 | 배송 25/31 | 재적재  3 | 중계율 0.17 | alpha 0.099 | step_limit
Ep 6 | 드론3 목적지68 | 1000스텝 | 배송 63/68 | 재적재 11 | 중계율 0.26 | alpha 0.109 | step_limit
Ep 7 | 드론4 목적지44 |  653스텝 | 배송 44/44 | 재적재  7 | 중계율 0.38 | alpha 0.116 | complete
Ep 8 | 드론4 목적지30 |  450스텝 | 배송 30/30 | 재적재  4 | 중계율 0.33 | alpha 0.120 | complete
Ep 9 | 드론4 목적지42 |  743스텝 | 배송 42/42 | 재적재  6 | 중계율 0.33 | alpha 0.128 | complete
Ep 10 | 드론4 목적지47 |  585스텝 | 배송 47/47 | 재적재  8 | 중계율 0.30 | alpha 0.134 | complete
Ep 11 | 드론4 목적지21 |  602스텝 | 배송 21/21 | 재적재  2 | 중계율 0.19 | alpha 0.141 | complete
Ep 12 | 드론3 목적지37 |  555스텝 | 배송 37/37 | 재적재  5 | 중계율 0.23 | alpha 0.148 | complete
Ep 13 | 드론4 목적지28 |  380스텝 | 배송 28/28 | 재적재  4 | 중계율 0.20 | alpha 0.152 | complete
Ep 14 | 드론3 목적지41 |  858스텝 | 배송 41/41 | 재적재  7 | 중계율 0.33 | alpha 0.163 | complete
Ep 15 | 드론3 목적지66 | 1000스텝 | 배송 60/66 | 재적재 12 | 중계율 0.28 | alpha 0.176 | step_limit
Ep 16 | 드론3 목적지71 | 1000스텝 | 배송 64/71 | 재적재 12 | 중계율 0.29 | alpha 0.190 | step_limit
Ep 17 | 드론3 목적지24 |  805스텝 | 배송 18/24 | 재적재  3 | 중계율 0.45 | alpha 0.202 | no_progress
Ep 18 | 드론4 목적지49 |  581스텝 | 배송 49/49 | 재적재  8 | 중계율 0.28 | alpha 0.211 | complete
Ep 19 | 드론4 목적지34 |  875스텝 | 배송 20/34 | 재적재  2 | 중계율 0.44 | alpha 0.225 | no_progress
Ep 20 | 드론3 목적지48 |  907스텝 | 배송 48/48 | 재적재  7 | 중계율 0.30 | alpha 0.241 | complete
Ep 21 | 드론3 목적지63 | 1000스텝 | 배송 60/63 | 재적재  9 | 중계율 0.34 | alpha 0.260 | step_limit
Ep 22 | 드론4 목적지46 |  614스텝 | 배송 46/46 | 재적재  6 | 중계율 0.31 | alpha 0.272 | complete
Ep 23 | 드론3 목적지44 |  861스텝 | 배송 44/44 | 재적재  6 | 중계율 0.35 | alpha 0.290 | complete
Ep 24 | 드론4 목적지41 |  610스텝 | 배송 41/41 | 재적재  6 | 중계율 0.30 | alpha 0.303 | complete
Ep 25 | 드론4 목적지38 |  514스텝 | 배송 38/38 | 재적재  4 | 중계율 0.31 | alpha 0.314 | complete
Ep 26 | 드론4 목적지77 | 1000스텝 | 배송 73/77 | 재적재 12 | 중계율 0.33 | alpha 0.338 | step_limit
Ep 27 | 드론3 목적지41 |  750스텝 | 배송 41/41 | 재적재  6 | 중계율 0.37 | alpha 0.357 | complete
Ep 28 | 드론4 목적지52 |  857스텝 | 배송 52/52 | 재적재  7 | 중계율 0.42 | alpha 0.380 | complete
Ep 29 | 드론4 목적지72 | 1000스텝 | 배송 60/72 | 재적재  8 | 중계율 0.40 | alpha 0.408 | step_limit
Ep 30 | 드론4 목적지61 | 1000스텝 | 배송 60/61 | 재적재  9 | 중계율 0.43 | alpha 0.438 | step_limit
Ep 31 | 드론4 목적지45 |  674스텝 | 배송 45/45 | 재적재  7 | 중계율 0.29 | alpha 0.459 | complete
Ep 32 | 드론3 목적지68 | 1000스텝 | 배송 56/68 | 재적재  9 | 중계율 0.31 | alpha 0.492 | step_limit
Ep 33 | 드론3 목적지35 |  555스텝 | 배송 35/35 | 재적재  6 | 중계율 0.24 | alpha 0.512 | complete
Ep 34 | 드론3 목적지24 |  330스텝 | 배송 24/24 | 재적재  3 | 중계율 0.20 | alpha 0.524 | complete
Ep 35 | 드론3 목적지58 | 1000스텝 | 배송 56/58 | 재적재 10 | 중계율 0.31 | alpha 0.561 | step_limit
Ep 36 | 드론3 목적지64 | 1000스텝 | 배송 55/64 | 재적재 10 | 중계율 0.33 | alpha 0.601 | step_limit
Ep 37 | 드론4 목적지58 | 1000스텝 | 배송 55/58 | 재적재  8 | 중계율 0.46 | alpha 0.643 | step_limit
Ep 38 | 드론3 목적지77 | 1000스텝 | 배송 60/77 | 재적재 10 | 중계율 0.28 | alpha 0.686 | step_limit
Ep 39 | 드론3 목적지28 |  629스텝 | 배송 28/28 | 재적재  3 | 중계율 0.38 | alpha 0.715 | complete
Ep 40 | 드론3 목적지37 |  740스텝 | 배송 37/37 | 재적재  6 | 중계율 0.31 | alpha 0.748 | complete
Ep 41 | 드론4 목적지59 |  848스텝 | 배송 59/59 | 재적재 10 | 중계율 0.23 | alpha 0.788 | complete
Ep 42 | 드론4 목적지58 |  886스텝 | 배송 58/58 | 재적재  8 | 중계율 0.36 | alpha 0.829 | complete
Ep 43 | 드론4 목적지20 |  374스텝 | 배송 20/20 | 재적재  2 | 중계율 0.29 | alpha 0.845 | complete
Ep 44 | 드론4 목적지30 |  539스텝 | 배송 30/30 | 재적재  4 | 중계율 0.18 | alpha 0.870 | complete
Ep 45 | 드론4 목적지39 |  768스텝 | 배송 39/39 | 재적재  5 | 중계율 0.30 | alpha 0.905 | complete
Ep 46 | 드론4 목적지32 |  461스텝 | 배송 32/32 | 재적재  4 | 중계율 0.28 | alpha 0.925 | complete
Ep 47 | 드론4 목적지35 |  735스텝 | 배송 35/35 | 재적재  5 | 중계율 0.34 | alpha 0.954 | complete
Ep 48 | 드론4 목적지39 |  852스텝 | 배송 23/39 | 재적재  1 | 중계율 0.37 | alpha 0.985 | no_progress
Ep 49 | 드론4 목적지47 |  606스텝 | 배송 47/47 | 재적재  7 | 중계율 0.27 | alpha 1.004 | complete
Ep 50 | 드론3 목적지72 | 1000스텝 | 배송 60/72 | 재적재 10 | 중계율 0.25 | alpha 1.038 | step_limit
  [홀드아웃] 배송 49.2±3.4 완주 0.91 스텝 1063 점수 117.1 재적재 7.1 2홉+ 0.64 | 최고 117.1@ep50 정체 0/8  ← 갱신
Ep 51 | 드론3 목적지71 | 1000스텝 | 배송 53/71 | 재적재  8 | 중계율 0.18 | alpha 1.067 | step_limit
Ep 52 | 드론3 목적지45 |  948스텝 | 배송 45/45 | 재적재  8 | 중계율 0.28 | alpha 1.096 | complete
Ep 53 | 드론4 목적지64 |  906스텝 | 배송 64/64 | 재적재 11 | 중계율 0.21 | alpha 1.121 | complete
Ep 54 | 드론4 목적지24 |  533스텝 | 배송 24/24 | 재적재  3 | 중계율 0.41 | alpha 1.134 | complete
Ep 55 | 드론4 목적지60 | 1000스텝 | 배송 57/60 | 재적재  9 | 중계율 0.40 | alpha 1.151 | step_limit
Ep 56 | 드론4 목적지20 |  493스텝 | 배송 20/20 | 재적재  2 | 중계율 0.27 | alpha 1.160 | complete
Ep 57 | 드론4 목적지61 |  960스텝 | 배송 61/61 | 재적재 11 | 중계율 0.27 | alpha 1.175 | complete
Ep 58 | 드론4 목적지77 | 1000스텝 | 배송 71/77 | 재적재 13 | 중계율 0.24 | alpha 1.188 | step_limit
Ep 59 | 드론4 목적지40 | 1000스텝 | 배송 35/40 | 재적재  5 | 중계율 0.34 | alpha 1.195 | step_limit
Ep 60 | 드론3 목적지76 | 1000스텝 | 배송 65/76 | 재적재 11 | 중계율 0.27 | alpha 1.197 | step_limit
Ep 61 | 드론4 목적지66 | 1000스텝 | 배송 65/66 | 재적재 10 | 중계율 0.31 | alpha 1.192 | step_limit
Ep 62 | 드론4 목적지43 |  823스텝 | 배송 43/43 | 재적재  7 | 중계율 0.30 | alpha 1.187 | complete
Ep 63 | 드론4 목적지57 |  895스텝 | 배송 57/57 | 재적재  9 | 중계율 0.29 | alpha 1.183 | complete
Ep 64 | 드론3 목적지52 | 1000스텝 | 배송 50/52 | 재적재  9 | 중계율 0.29 | alpha 1.176 | step_limit
Ep 65 | 드론4 목적지42 | 1000스텝 | 배송 40/42 | 재적재  7 | 중계율 0.28 | alpha 1.176 | step_limit
Ep 66 | 드론3 목적지41 |  913스텝 | 배송 41/41 | 재적재  7 | 중계율 0.30 | alpha 1.173 | complete
Ep 67 | 드론4 목적지23 |  389스텝 | 배송 23/23 | 재적재  3 | 중계율 0.18 | alpha 1.174 | complete
Ep 68 | 드론4 목적지77 |  760스텝 | 배송 77/77 | 재적재 13 | 중계율 0.20 | alpha 1.179 | complete
Ep 69 | 드론3 목적지48 |  736스텝 | 배송 48/48 | 재적재  8 | 중계율 0.19 | alpha 1.180 | complete
Ep 70 | 드론3 목적지69 | 1000스텝 | 배송 53/69 | 재적재  8 | 중계율 0.29 | alpha 1.169 | step_limit
Ep 71 | 드론4 목적지34 |  538스텝 | 배송 34/34 | 재적재  6 | 중계율 0.20 | alpha 1.171 | complete
Ep 72 | 드론4 목적지61 | 1000스텝 | 배송 51/61 | 재적재  9 | 중계율 0.37 | alpha 1.179 | step_limit
Ep 73 | 드론4 목적지50 | 1000스텝 | 배송 46/50 | 재적재  8 | 중계율 0.36 | alpha 1.180 | step_limit
Ep 74 | 드론3 목적지70 | 1000스텝 | 배송 63/70 | 재적재 11 | 중계율 0.22 | alpha 1.161 | step_limit
Ep 75 | 드론4 목적지21 |  307스텝 | 배송 21/21 | 재적재  2 | 중계율 0.24 | alpha 1.156 | complete
Ep 76 | 드론3 목적지49 | 1000스텝 | 배송 46/49 | 재적재  8 | 중계율 0.28 | alpha 1.160 | step_limit
Ep 77 | 드론3 목적지67 | 1000스텝 | 배송 54/67 | 재적재  9 | 중계율 0.29 | alpha 1.173 | step_limit
Ep 78 | 드론3 목적지34 |  847스텝 | 배송 34/34 | 재적재  5 | 중계율 0.24 | alpha 1.176 | complete
Ep 79 | 드론4 목적지31 |  460스텝 | 배송 31/31 | 재적재  4 | 중계율 0.25 | alpha 1.181 | complete
Ep 80 | 드론3 목적지44 |  812스텝 | 배송 44/44 | 재적재  6 | 중계율 0.29 | alpha 1.164 | complete
Ep 81 | 드론4 목적지71 | 1000스텝 | 배송 60/71 | 재적재 10 | 중계율 0.31 | alpha 1.154 | step_limit
Ep 82 | 드론3 목적지59 | 1000스텝 | 배송 56/59 | 재적재 10 | 중계율 0.23 | alpha 1.148 | step_limit
Ep 83 | 드론4 목적지21 |  308스텝 | 배송 21/21 | 재적재  2 | 중계율 0.20 | alpha 1.130 | complete
Ep 84 | 드론3 목적지41 | 1000스텝 | 배송 40/41 | 재적재  8 | 중계율 0.33 | alpha 1.124 | step_limit
Ep 85 | 드론4 목적지38 | 1000스텝 | 배송 36/38 | 재적재  5 | 중계율 0.33 | alpha 1.134 | step_limit
Ep 86 | 드론4 목적지64 | 1000스텝 | 배송 63/64 | 재적재 12 | 중계율 0.27 | alpha 1.118 | step_limit
Ep 87 | 드론4 목적지24 |  585스텝 | 배송 24/24 | 재적재  4 | 중계율 0.35 | alpha 1.134 | complete
Ep 88 | 드론4 목적지66 |  997스텝 | 배송 66/66 | 재적재 11 | 중계율 0.28 | alpha 1.120 | complete
Ep 89 | 드론4 목적지20 |  485스텝 | 배송 20/20 | 재적재  1 | 중계율 0.32 | alpha 1.118 | complete
Ep 90 | 드론4 목적지37 |  453스텝 | 배송 37/37 | 재적재  6 | 중계율 0.18 | alpha 1.121 | complete
Ep 91 | 드론3 목적지60 | 1000스텝 | 배송 50/60 | 재적재  9 | 중계율 0.30 | alpha 1.093 | step_limit
Ep 92 | 드론3 목적지37 | 1000스텝 | 배송 36/37 | 재적재  6 | 중계율 0.37 | alpha 1.103 | step_limit
Ep 93 | 드론3 목적지27 |  812스텝 | 배송 27/27 | 재적재  5 | 중계율 0.27 | alpha 1.093 | complete
Ep 94 | 드론3 목적지76 | 1000스텝 | 배송 62/76 | 재적재 11 | 중계율 0.24 | alpha 1.084 | step_limit
Ep 95 | 드론4 목적지30 |  431스텝 | 배송 30/30 | 재적재  4 | 중계율 0.21 | alpha 1.092 | complete
Ep 96 | 드론4 목적지34 | 1000스텝 | 배송 31/34 | 재적재  4 | 중계율 0.36 | alpha 1.097 | step_limit
Ep 97 | 드론4 목적지35 |  807스텝 | 배송 35/35 | 재적재  6 | 중계율 0.34 | alpha 1.086 | complete
Ep 98 | 드론4 목적지39 |  636스텝 | 배송 39/39 | 재적재  7 | 중계율 0.25 | alpha 1.082 | complete
Ep 99 | 드론4 목적지69 | 1000스텝 | 배송 50/69 | 재적재  8 | 중계율 0.32 | alpha 1.081 | step_limit
Ep 100 | 드론4 목적지80 | 1000스텝 | 배송 73/80 | 재적재 13 | 중계율 0.24 | alpha 1.102 | step_limit
  [홀드아웃] 배송 49.8±1.0 완주 0.94 스텝 1086 점수 119.3 재적재 7.4 2홉+ 0.64 | 최고 119.3@ep100 정체 0/8  ← 갱신
Ep 101 | 드론3 목적지62 | 1000스텝 | 배송 53/62 | 재적재  9 | 중계율 0.24 | alpha 1.093 | step_limit
Ep 102 | 드론3 목적지30 |  717스텝 | 배송 30/30 | 재적재  5 | 중계율 0.23 | alpha 1.082 | complete
Ep 103 | 드론4 목적지75 |  989스텝 | 배송 75/75 | 재적재 13 | 중계율 0.26 | alpha 1.070 | complete
Ep 104 | 드론3 목적지39 |  944스텝 | 배송 39/39 | 재적재  6 | 중계율 0.28 | alpha 1.064 | complete
Ep 105 | 드론4 목적지24 |  483스텝 | 배송 24/24 | 재적재  3 | 중계율 0.29 | alpha 1.068 | complete
Ep 106 | 드론4 목적지73 | 1000스텝 | 배송 67/73 | 재적재 11 | 중계율 0.28 | alpha 1.062 | step_limit
Ep 107 | 드론4 목적지25 |  421스텝 | 배송 25/25 | 재적재  2 | 중계율 0.29 | alpha 1.052 | complete
Ep 108 | 드론3 목적지69 | 1000스텝 | 배송 56/69 | 재적재  9 | 중계율 0.30 | alpha 1.042 | step_limit
Ep 109 | 드론3 목적지25 |  442스텝 | 배송 25/25 | 재적재  3 | 중계율 0.21 | alpha 1.041 | complete
Ep 110 | 드론3 목적지26 |  858스텝 | 배송 26/26 | 재적재  3 | 중계율 0.35 | alpha 1.037 | complete
Ep 111 | 드론3 목적지21 |  540스텝 | 배송 21/21 | 재적재  2 | 중계율 0.35 | alpha 1.028 | complete
Ep 112 | 드론4 목적지31 |  352스텝 | 배송 31/31 | 재적재  3 | 중계율 0.15 | alpha 1.032 | complete
Ep 113 | 드론3 목적지57 | 1000스텝 | 배송 53/57 | 재적재  8 | 중계율 0.31 | alpha 1.025 | step_limit
Ep 114 | 드론4 목적지64 | 1000스텝 | 배송 55/64 | 재적재  7 | 중계율 0.36 | alpha 1.047 | step_limit
Ep 115 | 드론4 목적지57 |  754스텝 | 배송 57/57 | 재적재  8 | 중계율 0.26 | alpha 1.031 | complete
Ep 116 | 드론3 목적지78 | 1000스텝 | 배송 46/78 | 재적재  7 | 중계율 0.25 | alpha 1.024 | step_limit
Ep 117 | 드론4 목적지76 | 1000스텝 | 배송 61/76 | 재적재 10 | 중계율 0.32 | alpha 1.036 | step_limit
Ep 118 | 드론3 목적지59 |  796스텝 | 배송 59/59 | 재적재 10 | 중계율 0.21 | alpha 1.027 | complete
Ep 119 | 드론3 목적지73 | 1000스텝 | 배송 59/73 | 재적재 11 | 중계율 0.23 | alpha 1.016 | step_limit
Ep 120 | 드론3 목적지68 | 1000스텝 | 배송 59/68 | 재적재  9 | 중계율 0.28 | alpha 1.006 | step_limit
Ep 121 | 드론4 목적지59 | 1000스텝 | 배송 46/59 | 재적재  8 | 중계율 0.27 | alpha 1.003 | step_limit
Ep 122 | 드론4 목적지55 |  916스텝 | 배송 55/55 | 재적재 10 | 중계율 0.27 | alpha 0.989 | complete
Ep 123 | 드론3 목적지22 |  775스텝 | 배송 22/22 | 재적재  3 | 중계율 0.22 | alpha 0.996 | complete
Ep 124 | 드론3 목적지57 | 1000스텝 | 배송 54/57 | 재적재 10 | 중계율 0.18 | alpha 0.983 | step_limit
Ep 125 | 드론3 목적지29 | 1000스텝 | 배송 26/29 | 재적재  4 | 중계율 0.28 | alpha 0.967 | step_limit
Ep 126 | 드론4 목적지80 | 1000스텝 | 배송 75/80 | 재적재 12 | 중계율 0.29 | alpha 0.964 | step_limit
Ep 127 | 드론4 목적지23 |  433스텝 | 배송 23/23 | 재적재  3 | 중계율 0.36 | alpha 0.973 | complete
Ep 128 | 드론3 목적지75 | 1000스텝 | 배송 61/75 | 재적재 11 | 중계율 0.28 | alpha 0.969 | step_limit
Ep 129 | 드론4 목적지31 |  745스텝 | 배송 31/31 | 재적재  6 | 중계율 0.41 | alpha 0.978 | complete
Ep 130 | 드론4 목적지26 |  444스텝 | 배송 26/26 | 재적재  4 | 중계율 0.24 | alpha 0.985 | complete
Ep 131 | 드론4 목적지57 |  982스텝 | 배송 57/57 | 재적재 11 | 중계율 0.23 | alpha 0.954 | complete
Ep 132 | 드론3 목적지51 | 1000스텝 | 배송 41/51 | 재적재  7 | 중계율 0.32 | alpha 0.953 | step_limit
Ep 133 | 드론4 목적지36 |  696스텝 | 배송 36/36 | 재적재  5 | 중계율 0.34 | alpha 0.945 | complete
Ep 134 | 드론4 목적지49 |  841스텝 | 배송 49/49 | 재적재  9 | 중계율 0.29 | alpha 0.958 | complete
Ep 135 | 드론3 목적지56 | 1000스텝 | 배송 49/56 | 재적재  8 | 중계율 0.34 | alpha 0.951 | step_limit
Ep 136 | 드론3 목적지38 |  903스텝 | 배송 38/38 | 재적재  6 | 중계율 0.29 | alpha 0.935 | complete
Ep 137 | 드론4 목적지37 |  817스텝 | 배송 37/37 | 재적재  7 | 중계율 0.25 | alpha 0.951 | complete
Ep 138 | 드론4 목적지68 | 1000스텝 | 배송 56/68 | 재적재  9 | 중계율 0.34 | alpha 0.943 | step_limit
Ep 139 | 드론3 목적지63 | 1000스텝 | 배송 51/63 | 재적재  9 | 중계율 0.19 | alpha 0.944 | step_limit
Ep 140 | 드론4 목적지64 |  950스텝 | 배송 64/64 | 재적재 10 | 중계율 0.28 | alpha 0.946 | complete
Ep 141 | 드론3 목적지48 | 1000스텝 | 배송 46/48 | 재적재  8 | 중계율 0.26 | alpha 0.952 | step_limit
Ep 142 | 드론4 목적지69 | 1000스텝 | 배송 63/69 | 재적재 11 | 중계율 0.23 | alpha 0.941 | step_limit
Ep 143 | 드론3 목적지58 | 1000스텝 | 배송 57/58 | 재적재 10 | 중계율 0.26 | alpha 0.927 | step_limit
Ep 144 | 드론4 목적지55 | 1000스텝 | 배송 54/55 | 재적재 10 | 중계율 0.33 | alpha 0.929 | step_limit
Ep 145 | 드론3 목적지39 |  775스텝 | 배송 39/39 | 재적재  5 | 중계율 0.34 | alpha 0.940 | complete
Ep 146 | 드론3 목적지60 |  830스텝 | 배송 60/60 | 재적재 11 | 중계율 0.17 | alpha 0.945 | complete
Ep 147 | 드론3 목적지44 |  767스텝 | 배송 44/44 | 재적재  7 | 중계율 0.26 | alpha 0.934 | complete
Ep 148 | 드론4 목적지50 | 1000스텝 | 배송 47/50 | 재적재  6 | 중계율 0.33 | alpha 0.938 | step_limit
Ep 149 | 드론3 목적지36 |  653스텝 | 배송 36/36 | 재적재  6 | 중계율 0.24 | alpha 0.928 | complete
Ep 150 | 드론4 목적지78 | 1000스텝 | 배송 71/78 | 재적재 12 | 중계율 0.29 | alpha 0.918 | step_limit
  [홀드아웃] 배송 50.0±0.0 완주 1.00 스텝 994 점수 126.8 재적재 7.3 2홉+ 0.63 | 최고 126.8@ep150 정체 0/8  ← 갱신
Ep 151 | 드론3 목적지64 |  835스텝 | 배송 64/64 | 재적재 11 | 중계율 0.21 | alpha 0.927 | complete
Ep 152 | 드론4 목적지21 |  309스텝 | 배송 21/21 | 재적재  2 | 중계율 0.14 | alpha 0.919 | complete
Ep 153 | 드론4 목적지76 | 1000스텝 | 배송 73/76 | 재적재 13 | 중계율 0.30 | alpha 0.915 | step_limit
Ep 154 | 드론3 목적지40 |  829스텝 | 배송 40/40 | 재적재  7 | 중계율 0.31 | alpha 0.909 | complete
Ep 155 | 드론3 목적지64 | 1000스텝 | 배송 58/64 | 재적재 10 | 중계율 0.23 | alpha 0.917 | step_limit
Ep 156 | 드론4 목적지50 | 1000스텝 | 배송 49/50 | 재적재  8 | 중계율 0.34 | alpha 0.935 | step_limit
Ep 157 | 드론3 목적지56 |  771스텝 | 배송 56/56 | 재적재  9 | 중계율 0.19 | alpha 0.912 | complete
Ep 158 | 드론4 목적지67 |  930스텝 | 배송 67/67 | 재적재 12 | 중계율 0.31 | alpha 0.916 | complete
Ep 159 | 드론4 목적지78 |  881스텝 | 배송 78/78 | 재적재 14 | 중계율 0.18 | alpha 0.916 | complete
Ep 160 | 드론4 목적지23 |  736스텝 | 배송 23/23 | 재적재  3 | 중계율 0.32 | alpha 0.906 | complete
Ep 161 | 드론4 목적지73 | 1000스텝 | 배송 67/73 | 재적재 11 | 중계율 0.34 | alpha 0.917 | step_limit
Ep 162 | 드론3 목적지49 |  864스텝 | 배송 49/49 | 재적재  9 | 중계율 0.21 | alpha 0.914 | complete
Ep 163 | 드론4 목적지36 |  746스텝 | 배송 36/36 | 재적재  5 | 중계율 0.29 | alpha 0.912 | complete
Ep 164 | 드론4 목적지54 |  660스텝 | 배송 54/54 | 재적재  8 | 중계율 0.21 | alpha 0.908 | complete
Ep 165 | 드론4 목적지47 |  728스텝 | 배송 47/47 | 재적재  7 | 중계율 0.33 | alpha 0.924 | complete
Ep 166 | 드론4 목적지63 |  959스텝 | 배송 63/63 | 재적재 10 | 중계율 0.29 | alpha 0.925 | complete
Ep 167 | 드론4 목적지38 |  711스텝 | 배송 38/38 | 재적재  6 | 중계율 0.37 | alpha 0.926 | complete
Ep 168 | 드론4 목적지44 |  842스텝 | 배송 44/44 | 재적재  5 | 중계율 0.35 | alpha 0.913 | complete
Ep 169 | 드론4 목적지45 |  676스텝 | 배송 45/45 | 재적재  7 | 중계율 0.31 | alpha 0.923 | complete
Ep 170 | 드론3 목적지78 | 1000스텝 | 배송 64/78 | 재적재 11 | 중계율 0.19 | alpha 0.918 | step_limit
Ep 171 | 드론4 목적지34 |  638스텝 | 배송 34/34 | 재적재  4 | 중계율 0.35 | alpha 0.923 | complete
Ep 172 | 드론3 목적지48 |  906스텝 | 배송 48/48 | 재적재  8 | 중계율 0.28 | alpha 0.900 | complete
Ep 173 | 드론3 목적지64 | 1000스텝 | 배송 52/64 | 재적재  8 | 중계율 0.33 | alpha 0.892 | step_limit
Ep 174 | 드론4 목적지38 |  671스텝 | 배송 38/38 | 재적재  6 | 중계율 0.23 | alpha 0.900 | complete
Ep 175 | 드론3 목적지56 | 1000스텝 | 배송 55/56 | 재적재 10 | 중계율 0.33 | alpha 0.896 | step_limit
Ep 176 | 드론3 목적지68 | 1000스텝 | 배송 54/68 | 재적재  8 | 중계율 0.31 | alpha 0.895 | step_limit
Ep 177 | 드론4 목적지74 | 1000스텝 | 배송 69/74 | 재적재 11 | 중계율 0.32 | alpha 0.896 | step_limit
Ep 178 | 드론4 목적지37 |  752스텝 | 배송 37/37 | 재적재  4 | 중계율 0.32 | alpha 0.882 | complete
Ep 179 | 드론4 목적지48 | 1000스텝 | 배송 47/48 | 재적재  7 | 중계율 0.36 | alpha 0.884 | step_limit
Ep 180 | 드론3 목적지61 | 1000스텝 | 배송 54/61 | 재적재  9 | 중계율 0.31 | alpha 0.875 | step_limit
Ep 181 | 드론3 목적지80 | 1000스텝 | 배송 61/80 | 재적재 11 | 중계율 0.29 | alpha 0.878 | step_limit
Ep 182 | 드론4 목적지31 |  542스텝 | 배송 31/31 | 재적재  4 | 중계율 0.35 | alpha 0.873 | complete
Ep 183 | 드론3 목적지53 | 1000스텝 | 배송 51/53 | 재적재  9 | 중계율 0.32 | alpha 0.862 | step_limit
Ep 184 | 드론3 목적지64 | 1000스텝 | 배송 55/64 | 재적재 10 | 중계율 0.35 | alpha 0.869 | step_limit
Ep 185 | 드론3 목적지49 |  905스텝 | 배송 49/49 | 재적재  9 | 중계율 0.22 | alpha 0.879 | complete
Ep 186 | 드론4 목적지47 |  924스텝 | 배송 47/47 | 재적재  7 | 중계율 0.36 | alpha 0.874 | complete
Ep 187 | 드론4 목적지59 | 1000스텝 | 배송 56/59 | 재적재  9 | 중계율 0.37 | alpha 0.871 | step_limit
Ep 188 | 드론3 목적지33 |  783스텝 | 배송 33/33 | 재적재  5 | 중계율 0.32 | alpha 0.872 | complete
Ep 189 | 드론4 목적지35 |  602스텝 | 배송 35/35 | 재적재  6 | 중계율 0.27 | alpha 0.883 | complete
Ep 190 | 드론3 목적지30 |  530스텝 | 배송 30/30 | 재적재  4 | 중계율 0.27 | alpha 0.862 | complete
Ep 191 | 드론3 목적지70 | 1000스텝 | 배송 63/70 | 재적재 12 | 중계율 0.25 | alpha 0.855 | step_limit
Ep 192 | 드론4 목적지36 |  542스텝 | 배송 36/36 | 재적재  6 | 중계율 0.23 | alpha 0.862 | complete
Ep 193 | 드론3 목적지54 | 1000스텝 | 배송 53/54 | 재적재 10 | 중계율 0.35 | alpha 0.854 | step_limit
Ep 194 | 드론3 목적지76 | 1000스텝 | 배송 53/76 | 재적재 10 | 중계율 0.28 | alpha 0.869 | step_limit
Ep 195 | 드론4 목적지74 | 1000스텝 | 배송 55/74 | 재적재  8 | 중계율 0.37 | alpha 0.866 | step_limit
Ep 196 | 드론4 목적지70 | 1000스텝 | 배송 63/70 | 재적재 11 | 중계율 0.34 | alpha 0.865 | step_limit
Ep 197 | 드론3 목적지34 |  757스텝 | 배송 34/34 | 재적재  6 | 중계율 0.27 | alpha 0.859 | complete
Ep 198 | 드론3 목적지33 |  770스텝 | 배송 33/33 | 재적재  5 | 중계율 0.31 | alpha 0.858 | complete
Ep 199 | 드론4 목적지46 |  623스텝 | 배송 46/46 | 재적재  8 | 중계율 0.24 | alpha 0.862 | complete
Ep 200 | 드론4 목적지42 |  569스텝 | 배송 42/42 | 재적재  7 | 중계율 0.21 | alpha 0.856 | complete
  [홀드아웃] 배송 49.8±0.8 완주 0.94 스텝 1048 점수 119.8 재적재 7.3 2홉+ 0.63 | 최고 126.8@ep150 정체 1/8
Ep 201 | 드론4 목적지51 |  804스텝 | 배송 51/51 | 재적재  9 | 중계율 0.26 | alpha 0.838 | complete
Ep 202 | 드론4 목적지32 |  732스텝 | 배송 32/32 | 재적재  4 | 중계율 0.39 | alpha 0.834 | complete
Ep 203 | 드론4 목적지30 | 1000스텝 | 배송 29/30 | 재적재  5 | 중계율 0.44 | alpha 0.846 | step_limit
Ep 204 | 드론4 목적지73 | 1000스텝 | 배송 51/73 | 재적재  8 | 중계율 0.29 | alpha 0.845 | step_limit
Ep 205 | 드론3 목적지44 |  808스텝 | 배송 44/44 | 재적재  7 | 중계율 0.33 | alpha 0.845 | complete
Ep 206 | 드론3 목적지26 |  453스텝 | 배송 26/26 | 재적재  3 | 중계율 0.24 | alpha 0.831 | complete
Ep 207 | 드론4 목적지40 |  646스텝 | 배송 40/40 | 재적재  7 | 중계율 0.27 | alpha 0.849 | complete
Ep 208 | 드론4 목적지35 |  572스텝 | 배송 35/35 | 재적재  4 | 중계율 0.36 | alpha 0.835 | complete
Ep 209 | 드론4 목적지75 | 1000스텝 | 배송 74/75 | 재적재 13 | 중계율 0.18 | alpha 0.837 | step_limit
Ep 210 | 드론4 목적지56 | 1000스텝 | 배송 52/56 | 재적재  9 | 중계율 0.32 | alpha 0.831 | step_limit
Ep 211 | 드론3 목적지26 |  501스텝 | 배송 26/26 | 재적재  4 | 중계율 0.26 | alpha 0.836 | complete
Ep 212 | 드론3 목적지58 | 1000스텝 | 배송 57/58 | 재적재  9 | 중계율 0.25 | alpha 0.822 | step_limit
Ep 213 | 드론3 목적지44 |  852스텝 | 배송 44/44 | 재적재  7 | 중계율 0.34 | alpha 0.817 | complete
Ep 214 | 드론3 목적지56 | 1000스텝 | 배송 54/56 | 재적재  9 | 중계율 0.22 | alpha 0.821 | step_limit
Ep 215 | 드론3 목적지64 | 1000스텝 | 배송 60/64 | 재적재 10 | 중계율 0.29 | alpha 0.811 | step_limit
Ep 216 | 드론4 목적지40 |  654스텝 | 배송 40/40 | 재적재  5 | 중계율 0.34 | alpha 0.814 | complete
Ep 217 | 드론4 목적지41 |  627스텝 | 배송 41/41 | 재적재  6 | 중계율 0.18 | alpha 0.821 | complete
Ep 218 | 드론3 목적지31 |  653스텝 | 배송 31/31 | 재적재  5 | 중계율 0.29 | alpha 0.825 | complete
Ep 219 | 드론3 목적지80 | 1000스텝 | 배송 70/80 | 재적재 12 | 중계율 0.24 | alpha 0.822 | step_limit
Ep 220 | 드론3 목적지53 |  935스텝 | 배송 53/53 | 재적재 10 | 중계율 0.32 | alpha 0.808 | complete
Ep 221 | 드론4 목적지72 |  851스텝 | 배송 72/72 | 재적재 13 | 중계율 0.25 | alpha 0.809 | complete
Ep 222 | 드론3 목적지27 |  803스텝 | 배송 27/27 | 재적재  5 | 중계율 0.35 | alpha 0.817 | complete
Ep 223 | 드론4 목적지22 |  448스텝 | 배송 22/22 | 재적재  3 | 중계율 0.33 | alpha 0.820 | complete
Ep 224 | 드론3 목적지62 | 1000스텝 | 배송 51/62 | 재적재 10 | 중계율 0.30 | alpha 0.803 | step_limit
Ep 225 | 드론4 목적지58 |  862스텝 | 배송 58/58 | 재적재 11 | 중계율 0.25 | alpha 0.813 | complete
Ep 226 | 드론4 목적지37 |  735스텝 | 배송 37/37 | 재적재  4 | 중계율 0.40 | alpha 0.807 | complete
Ep 227 | 드론3 목적지49 | 1000스텝 | 배송 48/49 | 재적재  9 | 중계율 0.31 | alpha 0.790 | step_limit
Ep 228 | 드론4 목적지72 |  987스텝 | 배송 72/72 | 재적재 13 | 중계율 0.21 | alpha 0.794 | complete
Ep 229 | 드론3 목적지77 | 1000스텝 | 배송 60/77 | 재적재 11 | 중계율 0.28 | alpha 0.796 | step_limit
Ep 230 | 드론4 목적지53 |  769스텝 | 배송 53/53 | 재적재  8 | 중계율 0.20 | alpha 0.794 | complete
Ep 231 | 드론4 목적지56 | 1000스텝 | 배송 41/56 | 재적재  6 | 중계율 0.38 | alpha 0.791 | step_limit
Ep 232 | 드론3 목적지28 |  603스텝 | 배송 28/28 | 재적재  3 | 중계율 0.26 | alpha 0.784 | complete
Ep 233 | 드론4 목적지40 | 1000스텝 | 배송 38/40 | 재적재  4 | 중계율 0.42 | alpha 0.767 | step_limit
Ep 234 | 드론4 목적지29 |  486스텝 | 배송 29/29 | 재적재  4 | 중계율 0.31 | alpha 0.772 | complete
Ep 235 | 드론4 목적지69 | 1000스텝 | 배송 61/69 | 재적재 10 | 중계율 0.28 | alpha 0.791 | step_limit
Ep 236 | 드론3 목적지30 |  495스텝 | 배송 30/30 | 재적재  3 | 중계율 0.31 | alpha 0.804 | complete
Ep 237 | 드론4 목적지24 |  409스텝 | 배송 24/24 | 재적재  2 | 중계율 0.33 | alpha 0.799 | complete
Ep 238 | 드론4 목적지21 |  558스텝 | 배송 21/21 | 재적재  3 | 중계율 0.34 | alpha 0.805 | complete
Ep 239 | 드론4 목적지60 | 1000스텝 | 배송 57/60 | 재적재  8 | 중계율 0.37 | alpha 0.797 | step_limit
Ep 240 | 드론4 목적지58 |  930스텝 | 배송 58/58 | 재적재 10 | 중계율 0.34 | alpha 0.793 | complete
Ep 241 | 드론3 목적지26 |  466스텝 | 배송 26/26 | 재적재  4 | 중계율 0.19 | alpha 0.797 | complete
Ep 242 | 드론3 목적지43 |  899스텝 | 배송 43/43 | 재적재  6 | 중계율 0.32 | alpha 0.791 | complete
Ep 243 | 드론4 목적지55 |  794스텝 | 배송 55/55 | 재적재  8 | 중계율 0.32 | alpha 0.784 | complete
Ep 244 | 드론4 목적지48 |  534스텝 | 배송 48/48 | 재적재  7 | 중계율 0.24 | alpha 0.771 | complete
Ep 245 | 드론4 목적지67 |  938스텝 | 배송 67/67 | 재적재 12 | 중계율 0.30 | alpha 0.784 | complete
Ep 246 | 드론3 목적지65 | 1000스텝 | 배송 56/65 | 재적재 10 | 중계율 0.29 | alpha 0.772 | step_limit
Ep 247 | 드론4 목적지49 |  917스텝 | 배송 49/49 | 재적재  8 | 중계율 0.34 | alpha 0.767 | complete
Ep 248 | 드론3 목적지41 |  785스텝 | 배송 41/41 | 재적재  7 | 중계율 0.34 | alpha 0.765 | complete
Ep 249 | 드론4 목적지26 |  364스텝 | 배송 26/26 | 재적재  3 | 중계율 0.22 | alpha 0.767 | complete
Ep 250 | 드론4 목적지43 |  752스텝 | 배송 43/43 | 재적재  8 | 중계율 0.29 | alpha 0.759 | complete
  [홀드아웃] 배송 49.9±0.9 완주 0.96 스텝 1032 점수 122.5 재적재 7.4 2홉+ 0.63 | 최고 126.8@ep150 정체 2/8
Ep 251 | 드론4 목적지71 | 1000스텝 | 배송 65/71 | 재적재 11 | 중계율 0.29 | alpha 0.766 | step_limit
Ep 252 | 드론3 목적지48 |  956스텝 | 배송 48/48 | 재적재  9 | 중계율 0.35 | alpha 0.781 | complete
Ep 253 | 드론3 목적지30 |  686스텝 | 배송 30/30 | 재적재  4 | 중계율 0.27 | alpha 0.787 | complete
Ep 254 | 드론4 목적지26 |  570스텝 | 배송 26/26 | 재적재  3 | 중계율 0.40 | alpha 0.801 | complete
Ep 255 | 드론4 목적지69 | 1000스텝 | 배송 65/69 | 재적재 11 | 중계율 0.29 | alpha 0.779 | step_limit
Ep 256 | 드론4 목적지33 |  804스텝 | 배송 33/33 | 재적재  5 | 중계율 0.40 | alpha 0.782 | complete
Ep 257 | 드론3 목적지55 | 1000스텝 | 배송 49/55 | 재적재  8 | 중계율 0.33 | alpha 0.771 | step_limit
Ep 258 | 드론4 목적지36 |  980스텝 | 배송 36/36 | 재적재  5 | 중계율 0.42 | alpha 0.768 | complete
Ep 259 | 드론3 목적지79 | 1000스텝 | 배송 70/79 | 재적재 11 | 중계율 0.25 | alpha 0.769 | step_limit
Ep 260 | 드론3 목적지41 |  974스텝 | 배송 41/41 | 재적재  7 | 중계율 0.27 | alpha 0.762 | complete
Ep 261 | 드론4 목적지21 |  468스텝 | 배송 21/21 | 재적재  4 | 중계율 0.39 | alpha 0.753 | complete
Ep 262 | 드론3 목적지43 |  888스텝 | 배송 43/43 | 재적재  6 | 중계율 0.35 | alpha 0.759 | complete
Ep 263 | 드론4 목적지21 |  400스텝 | 배송 21/21 | 재적재  3 | 중계율 0.27 | alpha 0.762 | complete
Ep 264 | 드론4 목적지50 |  916스텝 | 배송 50/50 | 재적재  6 | 중계율 0.38 | alpha 0.755 | complete
Ep 265 | 드론3 목적지35 | 1000스텝 | 배송 34/35 | 재적재  5 | 중계율 0.36 | alpha 0.748 | step_limit
Ep 266 | 드론3 목적지54 | 1000스텝 | 배송 53/54 | 재적재  9 | 중계율 0.35 | alpha 0.762 | step_limit
Ep 267 | 드론4 목적지46 |  547스텝 | 배송 46/46 | 재적재  7 | 중계율 0.21 | alpha 0.763 | complete
Ep 268 | 드론3 목적지33 |  752스텝 | 배송 33/33 | 재적재  6 | 중계율 0.37 | alpha 0.769 | complete
Ep 269 | 드론3 목적지42 |  886스텝 | 배송 42/42 | 재적재  6 | 중계율 0.30 | alpha 0.766 | complete
Ep 270 | 드론3 목적지45 |  796스텝 | 배송 45/45 | 재적재  7 | 중계율 0.33 | alpha 0.752 | complete
Ep 271 | 드론4 목적지37 |  646스텝 | 배송 37/37 | 재적재  6 | 중계율 0.33 | alpha 0.747 | complete
Ep 272 | 드론3 목적지47 |  910스텝 | 배송 47/47 | 재적재  9 | 중계율 0.30 | alpha 0.731 | complete
Ep 273 | 드론4 목적지76 |  969스텝 | 배송 76/76 | 재적재 14 | 중계율 0.26 | alpha 0.750 | complete
Ep 274 | 드론4 목적지29 |  764스텝 | 배송 29/29 | 재적재  4 | 중계율 0.41 | alpha 0.747 | complete
Ep 275 | 드론3 목적지78 | 1000스텝 | 배송 63/78 | 재적재 12 | 중계율 0.33 | alpha 0.751 | step_limit
Ep 276 | 드론4 목적지49 | 1000스텝 | 배송 38/49 | 재적재  6 | 중계율 0.23 | alpha 0.746 | step_limit
Ep 277 | 드론3 목적지67 | 1000스텝 | 배송 55/67 | 재적재  8 | 중계율 0.28 | alpha 0.742 | step_limit
Ep 278 | 드론3 목적지30 |  724스텝 | 배송 30/30 | 재적재  5 | 중계율 0.38 | alpha 0.741 | complete
Ep 279 | 드론4 목적지44 |  650스텝 | 배송 44/44 | 재적재  7 | 중계율 0.28 | alpha 0.749 | complete
Ep 280 | 드론3 목적지32 |  847스텝 | 배송 19/32 | 재적재  2 | 중계율 0.38 | alpha 0.746 | no_progress
Ep 281 | 드론3 목적지36 |  735스텝 | 배송 36/36 | 재적재  5 | 중계율 0.27 | alpha 0.752 | complete
Ep 282 | 드론3 목적지56 |  965스텝 | 배송 56/56 | 재적재 10 | 중계율 0.30 | alpha 0.732 | complete
Ep 283 | 드론3 목적지75 | 1000스텝 | 배송 65/75 | 재적재 11 | 중계율 0.18 | alpha 0.731 | step_limit
Ep 284 | 드론4 목적지21 |  376스텝 | 배송 21/21 | 재적재  3 | 중계율 0.25 | alpha 0.729 | complete
Ep 285 | 드론4 목적지72 | 1000스텝 | 배송 69/72 | 재적재 12 | 중계율 0.27 | alpha 0.744 | step_limit
Ep 286 | 드론4 목적지78 |  913스텝 | 배송 78/78 | 재적재 14 | 중계율 0.25 | alpha 0.761 | complete
Ep 287 | 드론3 목적지39 |  783스텝 | 배송 39/39 | 재적재  6 | 중계율 0.23 | alpha 0.744 | complete
Ep 288 | 드론3 목적지39 |  696스텝 | 배송 39/39 | 재적재  6 | 중계율 0.27 | alpha 0.738 | complete
Ep 289 | 드론3 목적지49 |  791스텝 | 배송 49/49 | 재적재  8 | 중계율 0.31 | alpha 0.748 | complete
Ep 290 | 드론3 목적지29 |  524스텝 | 배송 29/29 | 재적재  4 | 중계율 0.29 | alpha 0.739 | complete
Ep 291 | 드론4 목적지68 |  848스텝 | 배송 68/68 | 재적재 13 | 중계율 0.28 | alpha 0.731 | complete
Ep 292 | 드론3 목적지69 | 1000스텝 | 배송 60/69 | 재적재 11 | 중계율 0.23 | alpha 0.718 | step_limit
Ep 293 | 드론3 목적지38 |  964스텝 | 배송 38/38 | 재적재  7 | 중계율 0.30 | alpha 0.729 | complete
Ep 294 | 드론4 목적지41 |  682스텝 | 배송 41/41 | 재적재  7 | 중계율 0.36 | alpha 0.715 | complete
Ep 295 | 드론3 목적지35 |  624스텝 | 배송 35/35 | 재적재  4 | 중계율 0.29 | alpha 0.726 | complete
Ep 296 | 드론4 목적지49 |  656스텝 | 배송 49/49 | 재적재  8 | 중계율 0.24 | alpha 0.726 | complete
Ep 297 | 드론3 목적지78 | 1000스텝 | 배송 60/78 | 재적재 11 | 중계율 0.27 | alpha 0.721 | step_limit
Ep 298 | 드론3 목적지73 | 1000스텝 | 배송 70/73 | 재적재 12 | 중계율 0.27 | alpha 0.708 | step_limit
Ep 299 | 드론4 목적지75 |  970스텝 | 배송 75/75 | 재적재 12 | 중계율 0.25 | alpha 0.715 | complete
Ep 300 | 드론3 목적지39 | 1000스텝 | 배송 37/39 | 재적재  5 | 중계율 0.30 | alpha 0.729 | step_limit
  [홀드아웃] 배송 49.5±3.2 완주 0.94 스텝 988 점수 120.6 재적재 7.3 2홉+ 0.62 | 최고 126.8@ep150 정체 3/8
Ep 301 | 드론3 목적지69 | 1000스텝 | 배송 64/69 | 재적재 10 | 중계율 0.26 | alpha 0.713 | step_limit
Ep 302 | 드론4 목적지60 |  885스텝 | 배송 60/60 | 재적재  8 | 중계율 0.33 | alpha 0.710 | complete
Ep 303 | 드론3 목적지74 | 1000스텝 | 배송 69/74 | 재적재 13 | 중계율 0.27 | alpha 0.715 | step_limit
Ep 304 | 드론3 목적지25 |  415스텝 | 배송 25/25 | 재적재  3 | 중계율 0.20 | alpha 0.713 | complete
Ep 305 | 드론3 목적지75 | 1000스텝 | 배송 60/75 | 재적재 11 | 중계율 0.32 | alpha 0.695 | step_limit
Ep 306 | 드론3 목적지29 |  755스텝 | 배송 29/29 | 재적재  4 | 중계율 0.33 | alpha 0.704 | complete
Ep 307 | 드론4 목적지29 |  426스텝 | 배송 29/29 | 재적재  4 | 중계율 0.27 | alpha 0.703 | complete
Ep 308 | 드론4 목적지35 |  430스텝 | 배송 35/35 | 재적재  5 | 중계율 0.21 | alpha 0.703 | complete
Ep 309 | 드론4 목적지37 |  864스텝 | 배송 37/37 | 재적재  5 | 중계율 0.42 | alpha 0.705 | complete
Ep 310 | 드론3 목적지74 | 1000스텝 | 배송 59/74 | 재적재 10 | 중계율 0.29 | alpha 0.690 | step_limit
Ep 311 | 드론4 목적지42 |  922스텝 | 배송 42/42 | 재적재  6 | 중계율 0.39 | alpha 0.701 | complete
Ep 312 | 드론4 목적지73 | 1000스텝 | 배송 60/73 | 재적재  9 | 중계율 0.38 | alpha 0.714 | step_limit
Ep 313 | 드론3 목적지34 | 1000스텝 | 배송 30/34 | 재적재  5 | 중계율 0.34 | alpha 0.704 | step_limit
Ep 314 | 드론3 목적지26 |  877스텝 | 배송 26/26 | 재적재  4 | 중계율 0.29 | alpha 0.708 | complete
Ep 315 | 드론4 목적지20 |  519스텝 | 배송 20/20 | 재적재  2 | 중계율 0.39 | alpha 0.701 | complete
Ep 316 | 드론4 목적지24 |  524스텝 | 배송 24/24 | 재적재  2 | 중계율 0.23 | alpha 0.712 | complete
Ep 317 | 드론4 목적지23 |  479스텝 | 배송 23/23 | 재적재  2 | 중계율 0.45 | alpha 0.709 | complete
Ep 318 | 드론3 목적지45 | 1000스텝 | 배송 39/45 | 재적재  6 | 중계율 0.29 | alpha 0.706 | step_limit
Ep 319 | 드론4 목적지52 | 1000스텝 | 배송 46/52 | 재적재  8 | 중계율 0.32 | alpha 0.703 | step_limit
Ep 320 | 드론3 목적지25 |  751스텝 | 배송 25/25 | 재적재  4 | 중계율 0.30 | alpha 0.697 | complete
Ep 321 | 드론3 목적지34 |  554스텝 | 배송 34/34 | 재적재  4 | 중계율 0.30 | alpha 0.701 | complete
Ep 322 | 드론3 목적지33 |  534스텝 | 배송 33/33 | 재적재  5 | 중계율 0.26 | alpha 0.693 | complete
Ep 323 | 드론3 목적지35 |  795스텝 | 배송 35/35 | 재적재  6 | 중계율 0.39 | alpha 0.703 | complete
Ep 324 | 드론4 목적지70 |  980스텝 | 배송 70/70 | 재적재 13 | 중계율 0.29 | alpha 0.679 | complete
Ep 325 | 드론3 목적지43 |  910스텝 | 배송 43/43 | 재적재  7 | 중계율 0.28 | alpha 0.686 | complete
Ep 326 | 드론4 목적지42 | 1000스텝 | 배송 38/42 | 재적재  5 | 중계율 0.44 | alpha 0.683 | step_limit
Ep 327 | 드론4 목적지62 | 1000스텝 | 배송 59/62 | 재적재 10 | 중계율 0.29 | alpha 0.679 | step_limit
Ep 328 | 드론3 목적지53 | 1000스텝 | 배송 51/53 | 재적재 10 | 중계율 0.28 | alpha 0.675 | step_limit
Ep 329 | 드론4 목적지31 |  705스텝 | 배송 31/31 | 재적재  4 | 중계율 0.35 | alpha 0.669 | complete
Ep 330 | 드론3 목적지65 | 1000스텝 | 배송 60/65 | 재적재 10 | 중계율 0.30 | alpha 0.677 | step_limit
Ep 331 | 드론3 목적지25 |  951스텝 | 배송 25/25 | 재적재  3 | 중계율 0.22 | alpha 0.683 | complete
Ep 332 | 드론3 목적지79 | 1000스텝 | 배송 61/79 | 재적재 10 | 중계율 0.31 | alpha 0.665 | step_limit
Ep 333 | 드론3 목적지37 |  962스텝 | 배송 37/37 | 재적재  6 | 중계율 0.33 | alpha 0.667 | complete
Ep 334 | 드론3 목적지72 | 1000스텝 | 배송 66/72 | 재적재 11 | 중계율 0.25 | alpha 0.682 | step_limit
Ep 335 | 드론3 목적지23 |  549스텝 | 배송 23/23 | 재적재  4 | 중계율 0.35 | alpha 0.672 | complete
Ep 336 | 드론3 목적지57 | 1000스텝 | 배송 55/57 | 재적재 10 | 중계율 0.36 | alpha 0.665 | step_limit
Ep 337 | 드론3 목적지76 | 1000스텝 | 배송 63/76 | 재적재 11 | 중계율 0.30 | alpha 0.676 | step_limit
Ep 338 | 드론3 목적지30 |  686스텝 | 배송 30/30 | 재적재  3 | 중계율 0.36 | alpha 0.674 | complete
Ep 339 | 드론4 목적지73 |  794스텝 | 배송 73/73 | 재적재 13 | 중계율 0.22 | alpha 0.653 | complete
Ep 340 | 드론4 목적지34 |  723스텝 | 배송 34/34 | 재적재  6 | 중계율 0.27 | alpha 0.660 | complete
Ep 341 | 드론4 목적지26 |  821스텝 | 배송 26/26 | 재적재  3 | 중계율 0.50 | alpha 0.664 | complete
Ep 342 | 드론3 목적지46 |  869스텝 | 배송 46/46 | 재적재  9 | 중계율 0.25 | alpha 0.650 | complete
Ep 343 | 드론3 목적지50 |  949스텝 | 배송 50/50 | 재적재  7 | 중계율 0.36 | alpha 0.665 | complete
Ep 344 | 드론4 목적지28 |  308스텝 | 배송 28/28 | 재적재  4 | 중계율 0.20 | alpha 0.661 | complete
Ep 345 | 드론4 목적지61 | 1000스텝 | 배송 58/61 | 재적재  9 | 중계율 0.38 | alpha 0.657 | step_limit
Ep 346 | 드론3 목적지29 |  675스텝 | 배송 29/29 | 재적재  4 | 중계율 0.42 | alpha 0.660 | complete
Ep 347 | 드론3 목적지42 | 1000스텝 | 배송 40/42 | 재적재  6 | 중계율 0.38 | alpha 0.661 | step_limit
Ep 348 | 드론4 목적지53 | 1000스텝 | 배송 51/53 | 재적재  9 | 중계율 0.22 | alpha 0.674 | step_limit
Ep 349 | 드론3 목적지62 | 1000스텝 | 배송 57/62 | 재적재  9 | 중계율 0.36 | alpha 0.660 | step_limit
Ep 350 | 드론3 목적지79 | 1000스텝 | 배송 69/79 | 재적재 11 | 중계율 0.26 | alpha 0.659 | step_limit
  [홀드아웃] 배송 49.6±2.4 완주 0.94 스텝 952 점수 121.1 재적재 7.2 2홉+ 0.63 | 최고 126.8@ep150 정체 4/8
Ep 351 | 드론4 목적지65 | 1000스텝 | 배송 62/65 | 재적재 11 | 중계율 0.34 | alpha 0.656 | step_limit
Ep 352 | 드론4 목적지36 |  551스텝 | 배송 36/36 | 재적재  4 | 중계율 0.32 | alpha 0.662 | complete
Ep 353 | 드론3 목적지62 |  822스텝 | 배송 62/62 | 재적재 10 | 중계율 0.19 | alpha 0.663 | complete
Ep 354 | 드론4 목적지35 |  424스텝 | 배송 35/35 | 재적재  6 | 중계율 0.21 | alpha 0.653 | complete
Ep 355 | 드론3 목적지24 |  706스텝 | 배송 24/24 | 재적재  3 | 중계율 0.23 | alpha 0.647 | complete
Ep 356 | 드론4 목적지62 | 1000스텝 | 배송 57/62 | 재적재  9 | 중계율 0.40 | alpha 0.644 | step_limit
Ep 357 | 드론3 목적지21 |  780스텝 | 배송 21/21 | 재적재  3 | 중계율 0.37 | alpha 0.651 | complete
Ep 358 | 드론4 목적지26 |  381스텝 | 배송 26/26 | 재적재  4 | 중계율 0.27 | alpha 0.648 | complete
Ep 359 | 드론3 목적지52 |  911스텝 | 배송 52/52 | 재적재  9 | 중계율 0.32 | alpha 0.652 | complete
Ep 360 | 드론4 목적지52 | 1000스텝 | 배송 50/52 | 재적재  8 | 중계율 0.37 | alpha 0.653 | step_limit
Ep 361 | 드론3 목적지40 |  912스텝 | 배송 40/40 | 재적재  7 | 중계율 0.28 | alpha 0.671 | complete
Ep 362 | 드론4 목적지52 | 1000스텝 | 배송 45/52 | 재적재  6 | 중계율 0.44 | alpha 0.653 | step_limit
Ep 363 | 드론4 목적지64 | 1000스텝 | 배송 57/64 | 재적재 10 | 중계율 0.39 | alpha 0.635 | step_limit
Ep 364 | 드론3 목적지64 | 1000스텝 | 배송 57/64 | 재적재 11 | 중계율 0.33 | alpha 0.656 | step_limit
Ep 365 | 드론4 목적지69 |  866스텝 | 배송 69/69 | 재적재 12 | 중계율 0.32 | alpha 0.660 | complete
Ep 366 | 드론4 목적지61 |  720스텝 | 배송 61/61 | 재적재 10 | 중계율 0.21 | alpha 0.658 | complete
Ep 367 | 드론3 목적지53 |  735스텝 | 배송 53/53 | 재적재 10 | 중계율 0.20 | alpha 0.651 | complete
Ep 368 | 드론4 목적지73 | 1000스텝 | 배송 64/73 | 재적재 11 | 중계율 0.18 | alpha 0.641 | step_limit
Ep 369 | 드론4 목적지30 |  503스텝 | 배송 30/30 | 재적재  4 | 중계율 0.23 | alpha 0.645 | complete
Ep 370 | 드론3 목적지71 | 1000스텝 | 배송 67/71 | 재적재 13 | 중계율 0.21 | alpha 0.645 | step_limit
Ep 371 | 드론3 목적지54 | 1000스텝 | 배송 40/54 | 재적재  7 | 중계율 0.34 | alpha 0.649 | step_limit
Ep 372 | 드론4 목적지80 | 1000스텝 | 배송 79/80 | 재적재 14 | 중계율 0.29 | alpha 0.634 | step_limit
Ep 373 | 드론3 목적지41 |  719스텝 | 배송 41/41 | 재적재  6 | 중계율 0.28 | alpha 0.641 | complete
Ep 374 | 드론3 목적지67 | 1000스텝 | 배송 55/67 | 재적재 10 | 중계율 0.20 | alpha 0.629 | step_limit
Ep 375 | 드론3 목적지62 | 1000스텝 | 배송 55/62 | 재적재  9 | 중계율 0.37 | alpha 0.623 | step_limit
Ep 376 | 드론4 목적지72 |  933스텝 | 배송 72/72 | 재적재 11 | 중계율 0.32 | alpha 0.627 | complete
Ep 377 | 드론4 목적지63 | 1000스텝 | 배송 55/63 | 재적재  9 | 중계율 0.38 | alpha 0.625 | step_limit
Ep 378 | 드론4 목적지74 | 1000스텝 | 배송 41/74 | 재적재  5 | 중계율 0.15 | alpha 0.619 | step_limit
Ep 379 | 드론3 목적지77 | 1000스텝 | 배송 65/77 | 재적재 12 | 중계율 0.28 | alpha 0.627 | step_limit
Ep 380 | 드론3 목적지73 | 1000스텝 | 배송 60/73 | 재적재 10 | 중계율 0.24 | alpha 0.626 | step_limit
Ep 381 | 드론4 목적지20 |  297스텝 | 배송 20/20 | 재적재  2 | 중계율 0.21 | alpha 0.621 | complete
Ep 382 | 드론3 목적지75 | 1000스텝 | 배송 64/75 | 재적재 11 | 중계율 0.31 | alpha 0.613 | step_limit
Ep 383 | 드론3 목적지52 |  931스텝 | 배송 52/52 | 재적재  8 | 중계율 0.34 | alpha 0.631 | complete
Ep 384 | 드론3 목적지77 | 1000스텝 | 배송 56/77 | 재적재 10 | 중계율 0.17 | alpha 0.608 | step_limit
Ep 385 | 드론3 목적지62 | 1000스텝 | 배송 55/62 | 재적재  8 | 중계율 0.39 | alpha 0.604 | step_limit
Ep 386 | 드론3 목적지80 | 1000스텝 | 배송 60/80 | 재적재  9 | 중계율 0.32 | alpha 0.612 | step_limit
Ep 387 | 드론3 목적지31 |  450스텝 | 배송 31/31 | 재적재  5 | 중계율 0.23 | alpha 0.610 | complete
Ep 388 | 드론3 목적지33 |  758스텝 | 배송 33/33 | 재적재  4 | 중계율 0.39 | alpha 0.620 | complete
Ep 389 | 드론4 목적지72 | 1000스텝 | 배송 69/72 | 재적재 11 | 중계율 0.34 | alpha 0.613 | step_limit
Ep 390 | 드론4 목적지71 |  747스텝 | 배송 71/71 | 재적재 13 | 중계율 0.25 | alpha 0.606 | complete
Ep 391 | 드론4 목적지50 |  696스텝 | 배송 50/50 | 재적재  8 | 중계율 0.23 | alpha 0.604 | complete
Ep 392 | 드론4 목적지71 |  886스텝 | 배송 71/71 | 재적재 13 | 중계율 0.23 | alpha 0.591 | complete
Ep 393 | 드론4 목적지21 |  388스텝 | 배송 21/21 | 재적재  2 | 중계율 0.38 | alpha 0.593 | complete
Ep 394 | 드론4 목적지60 | 1000스텝 | 배송 39/60 | 재적재  5 | 중계율 0.29 | alpha 0.599 | step_limit
Ep 395 | 드론4 목적지55 |  594스텝 | 배송 55/55 | 재적재  9 | 중계율 0.19 | alpha 0.592 | complete
Ep 396 | 드론4 목적지71 |  836스텝 | 배송 71/71 | 재적재 13 | 중계율 0.20 | alpha 0.589 | complete
Ep 397 | 드론3 목적지36 |  705스텝 | 배송 36/36 | 재적재  5 | 중계율 0.31 | alpha 0.584 | complete
Ep 398 | 드론3 목적지52 |  911스텝 | 배송 52/52 | 재적재  9 | 중계율 0.25 | alpha 0.590 | complete
Ep 399 | 드론3 목적지46 |  857스텝 | 배송 46/46 | 재적재  7 | 중계율 0.31 | alpha 0.583 | complete
Ep 400 | 드론3 목적지34 |  764스텝 | 배송 34/34 | 재적재  5 | 중계율 0.38 | alpha 0.587 | complete
  [홀드아웃] 배송 49.7±2.1 완주 0.95 스텝 925 점수 122.7 재적재 7.1 2홉+ 0.62 | 최고 126.8@ep150 정체 5/8
Ep 401 | 드론3 목적지38 |  759스텝 | 배송 38/38 | 재적재  6 | 중계율 0.36 | alpha 0.603 | complete
Ep 402 | 드론4 목적지36 |  717스텝 | 배송 36/36 | 재적재  5 | 중계율 0.31 | alpha 0.609 | complete
Ep 403 | 드론3 목적지73 | 1000스텝 | 배송 66/73 | 재적재 11 | 중계율 0.27 | alpha 0.596 | step_limit
Ep 404 | 드론4 목적지70 | 1000스텝 | 배송 69/70 | 재적재 12 | 중계율 0.36 | alpha 0.578 | step_limit
Ep 405 | 드론3 목적지25 |  668스텝 | 배송 25/25 | 재적재  3 | 중계율 0.32 | alpha 0.586 | complete
Ep 406 | 드론4 목적지58 |  913스텝 | 배송 58/58 | 재적재  9 | 중계율 0.37 | alpha 0.588 | complete
Ep 407 | 드론4 목적지70 |  856스텝 | 배송 70/70 | 재적재 12 | 중계율 0.28 | alpha 0.598 | complete
Ep 408 | 드론3 목적지40 | 1000스텝 | 배송 36/40 | 재적재  7 | 중계율 0.22 | alpha 0.593 | step_limit
Ep 409 | 드론3 목적지30 |  517스텝 | 배송 30/30 | 재적재  4 | 중계율 0.25 | alpha 0.599 | complete
Ep 410 | 드론3 목적지63 |  958스텝 | 배송 63/63 | 재적재 11 | 중계율 0.30 | alpha 0.580 | complete
Ep 411 | 드론3 목적지48 | 1000스텝 | 배송 43/48 | 재적재  7 | 중계율 0.29 | alpha 0.578 | step_limit
Ep 412 | 드론4 목적지34 |  540스텝 | 배송 34/34 | 재적재  5 | 중계율 0.29 | alpha 0.587 | complete
Ep 413 | 드론3 목적지22 |  518스텝 | 배송 22/22 | 재적재  3 | 중계율 0.37 | alpha 0.603 | complete
Ep 414 | 드론3 목적지51 | 1000스텝 | 배송 50/51 | 재적재  9 | 중계율 0.36 | alpha 0.588 | step_limit
Ep 415 | 드론4 목적지45 |  726스텝 | 배송 45/45 | 재적재  8 | 중계율 0.35 | alpha 0.603 | complete
Ep 416 | 드론3 목적지60 | 1000스텝 | 배송 56/60 | 재적재  9 | 중계율 0.34 | alpha 0.585 | step_limit
Ep 417 | 드론3 목적지43 |  899스텝 | 배송 43/43 | 재적재  6 | 중계율 0.36 | alpha 0.587 | complete
Ep 418 | 드론4 목적지75 | 1000스텝 | 배송 73/75 | 재적재 13 | 중계율 0.33 | alpha 0.608 | step_limit
Ep 419 | 드론4 목적지60 | 1000스텝 | 배송 53/60 | 재적재  7 | 중계율 0.37 | alpha 0.587 | step_limit
Ep 420 | 드론3 목적지22 |  502스텝 | 배송 22/22 | 재적재  3 | 중계율 0.33 | alpha 0.590 | complete
Ep 421 | 드론4 목적지40 |  686스텝 | 배송 40/40 | 재적재  5 | 중계율 0.41 | alpha 0.588 | complete
Ep 422 | 드론4 목적지52 |  700스텝 | 배송 52/52 | 재적재  9 | 중계율 0.27 | alpha 0.586 | complete
Ep 423 | 드론3 목적지29 |  500스텝 | 배송 29/29 | 재적재  3 | 중계율 0.30 | alpha 0.584 | complete
Ep 424 | 드론3 목적지29 |  488스텝 | 배송 29/29 | 재적재  5 | 중계율 0.21 | alpha 0.586 | complete
Ep 425 | 드론3 목적지80 | 1000스텝 | 배송 66/80 | 재적재 11 | 중계율 0.26 | alpha 0.594 | step_limit
Ep 426 | 드론4 목적지78 |  789스텝 | 배송 78/78 | 재적재 14 | 중계율 0.23 | alpha 0.582 | complete
Ep 427 | 드론3 목적지46 |  952스텝 | 배송 46/46 | 재적재  8 | 중계율 0.33 | alpha 0.579 | complete
Ep 428 | 드론4 목적지72 | 1000스텝 | 배송 67/72 | 재적재 12 | 중계율 0.28 | alpha 0.589 | step_limit
Ep 429 | 드론3 목적지72 | 1000스텝 | 배송 60/72 | 재적재  9 | 중계율 0.34 | alpha 0.593 | step_limit
Ep 430 | 드론3 목적지78 | 1000스텝 | 배송 62/78 | 재적재 11 | 중계율 0.23 | alpha 0.594 | step_limit
Ep 431 | 드론3 목적지23 |  451스텝 | 배송 23/23 | 재적재  3 | 중계율 0.34 | alpha 0.589 | complete
Ep 432 | 드론4 목적지41 |  474스텝 | 배송 41/41 | 재적재  6 | 중계율 0.21 | alpha 0.591 | complete
Ep 433 | 드론3 목적지66 | 1000스텝 | 배송 58/66 | 재적재 11 | 중계율 0.30 | alpha 0.605 | step_limit
Ep 434 | 드론4 목적지62 |  760스텝 | 배송 62/62 | 재적재 10 | 중계율 0.31 | alpha 0.611 | complete
Ep 435 | 드론3 목적지32 |  949스텝 | 배송 32/32 | 재적재  4 | 중계율 0.40 | alpha 0.596 | complete
Ep 436 | 드론4 목적지65 |  780스텝 | 배송 65/65 | 재적재 11 | 중계율 0.24 | alpha 0.613 | complete
Ep 437 | 드론4 목적지61 |  691스텝 | 배송 61/61 | 재적재 11 | 중계율 0.21 | alpha 0.607 | complete
Ep 438 | 드론3 목적지37 |  912스텝 | 배송 37/37 | 재적재  6 | 중계율 0.33 | alpha 0.603 | complete
Ep 439 | 드론4 목적지49 |  773스텝 | 배송 49/49 | 재적재  6 | 중계율 0.38 | alpha 0.596 | complete
Ep 440 | 드론3 목적지42 |  734스텝 | 배송 42/42 | 재적재  7 | 중계율 0.28 | alpha 0.587 | complete
Ep 441 | 드론3 목적지54 | 1000스텝 | 배송 53/54 | 재적재  9 | 중계율 0.34 | alpha 0.608 | step_limit
Ep 442 | 드론4 목적지41 |  556스텝 | 배송 41/41 | 재적재  7 | 중계율 0.24 | alpha 0.603 | complete
Ep 443 | 드론3 목적지61 | 1000스텝 | 배송 54/61 | 재적재  9 | 중계율 0.36 | alpha 0.597 | step_limit
Ep 444 | 드론3 목적지55 |  986스텝 | 배송 55/55 | 재적재  9 | 중계율 0.29 | alpha 0.583 | complete
Ep 445 | 드론3 목적지49 |  919스텝 | 배송 49/49 | 재적재  8 | 중계율 0.33 | alpha 0.594 | complete
Ep 446 | 드론4 목적지72 | 1000스텝 | 배송 71/72 | 재적재 12 | 중계율 0.31 | alpha 0.596 | step_limit
Ep 447 | 드론4 목적지40 |  705스텝 | 배송 40/40 | 재적재  7 | 중계율 0.37 | alpha 0.605 | complete
Ep 448 | 드론3 목적지71 | 1000스텝 | 배송 60/71 | 재적재 12 | 중계율 0.34 | alpha 0.603 | step_limit
Ep 449 | 드론4 목적지26 |  555스텝 | 배송 26/26 | 재적재  3 | 중계율 0.38 | alpha 0.605 | complete
Ep 450 | 드론3 목적지56 | 1000스텝 | 배송 50/56 | 재적재  9 | 중계율 0.32 | alpha 0.597 | step_limit
  [홀드아웃] 배송 49.4±3.4 완주 0.93 스텝 950 점수 119.8 재적재 7.2 2홉+ 0.62 | 최고 126.8@ep150 정체 6/8
Ep 451 | 드론4 목적지51 |  960스텝 | 배송 51/51 | 재적재  7 | 중계율 0.36 | alpha 0.606 | complete
Ep 452 | 드론3 목적지34 |  520스텝 | 배송 34/34 | 재적재  6 | 중계율 0.22 | alpha 0.607 | complete
Ep 453 | 드론4 목적지47 |  611스텝 | 배송 47/47 | 재적재  7 | 중계율 0.28 | alpha 0.616 | complete
Ep 454 | 드론4 목적지70 | 1000스텝 | 배송 52/70 | 재적재  9 | 중계율 0.27 | alpha 0.606 | step_limit
Ep 455 | 드론4 목적지44 |  707스텝 | 배송 44/44 | 재적재  7 | 중계율 0.36 | alpha 0.599 | complete
Ep 456 | 드론4 목적지49 |  752스텝 | 배송 49/49 | 재적재  8 | 중계율 0.24 | alpha 0.604 | complete
Ep 457 | 드론4 목적지56 |  598스텝 | 배송 56/56 | 재적재  8 | 중계율 0.24 | alpha 0.612 | complete
Ep 458 | 드론4 목적지42 |  753스텝 | 배송 42/42 | 재적재  6 | 중계율 0.39 | alpha 0.613 | complete
Ep 459 | 드론3 목적지45 |  762스텝 | 배송 45/45 | 재적재  8 | 중계율 0.19 | alpha 0.597 | complete
Ep 460 | 드론4 목적지73 |  829스텝 | 배송 73/73 | 재적재 13 | 중계율 0.27 | alpha 0.586 | complete
Ep 461 | 드론3 목적지30 |  615스텝 | 배송 30/30 | 재적재  3 | 중계율 0.39 | alpha 0.592 | complete
Ep 462 | 드론3 목적지64 | 1000스텝 | 배송 59/64 | 재적재 10 | 중계율 0.29 | alpha 0.594 | step_limit
Ep 463 | 드론3 목적지63 | 1000스텝 | 배송 55/63 | 재적재  9 | 중계율 0.35 | alpha 0.588 | step_limit
Ep 464 | 드론3 목적지68 | 1000스텝 | 배송 64/68 | 재적재 10 | 중계율 0.28 | alpha 0.591 | step_limit
Ep 465 | 드론4 목적지63 |  964스텝 | 배송 63/63 | 재적재  9 | 중계율 0.35 | alpha 0.601 | complete
Ep 466 | 드론4 목적지65 | 1000스텝 | 배송 58/65 | 재적재  9 | 중계율 0.26 | alpha 0.594 | step_limit
Ep 467 | 드론4 목적지57 | 1000스텝 | 배송 55/57 | 재적재  9 | 중계율 0.33 | alpha 0.604 | step_limit
Ep 468 | 드론3 목적지35 |  604스텝 | 배송 35/35 | 재적재  6 | 중계율 0.24 | alpha 0.598 | complete
Ep 469 | 드론3 목적지46 |  997스텝 | 배송 46/46 | 재적재  8 | 중계율 0.40 | alpha 0.595 | complete
Ep 470 | 드론4 목적지53 |  798스텝 | 배송 53/53 | 재적재  9 | 중계율 0.31 | alpha 0.600 | complete
Ep 471 | 드론4 목적지45 |  635스텝 | 배송 45/45 | 재적재  7 | 중계율 0.28 | alpha 0.593 | complete
Ep 472 | 드론3 목적지53 | 1000스텝 | 배송 51/53 | 재적재  8 | 중계율 0.34 | alpha 0.602 | step_limit
Ep 473 | 드론4 목적지71 |  984스텝 | 배송 71/71 | 재적재 13 | 중계율 0.29 | alpha 0.588 | complete
Ep 474 | 드론4 목적지25 |  489스텝 | 배송 25/25 | 재적재  4 | 중계율 0.37 | alpha 0.591 | complete
Ep 475 | 드론4 목적지40 |  887스텝 | 배송 40/40 | 재적재  7 | 중계율 0.32 | alpha 0.606 | complete
Ep 476 | 드론3 목적지33 |  638스텝 | 배송 33/33 | 재적재  5 | 중계율 0.32 | alpha 0.610 | complete
Ep 477 | 드론3 목적지21 |  550스텝 | 배송 21/21 | 재적재  3 | 중계율 0.25 | alpha 0.594 | complete
Ep 478 | 드론4 목적지22 |  425스텝 | 배송 22/22 | 재적재  3 | 중계율 0.29 | alpha 0.585 | complete
Ep 479 | 드론4 목적지41 |  752스텝 | 배송 41/41 | 재적재  6 | 중계율 0.40 | alpha 0.604 | complete
Ep 480 | 드론3 목적지57 | 1000스텝 | 배송 56/57 | 재적재  9 | 중계율 0.29 | alpha 0.615 | step_limit
Ep 481 | 드론3 목적지66 | 1000스텝 | 배송 53/66 | 재적재  9 | 중계율 0.34 | alpha 0.610 | step_limit
Ep 482 | 드론4 목적지76 | 1000스텝 | 배송 74/76 | 재적재 14 | 중계율 0.29 | alpha 0.601 | step_limit
Ep 483 | 드론3 목적지28 |  608스텝 | 배송 28/28 | 재적재  3 | 중계율 0.33 | alpha 0.610 | complete
Ep 484 | 드론4 목적지35 |  425스텝 | 배송 35/35 | 재적재  5 | 중계율 0.22 | alpha 0.620 | complete
Ep 485 | 드론4 목적지44 |  720스텝 | 배송 44/44 | 재적재  6 | 중계율 0.33 | alpha 0.606 | complete
Ep 486 | 드론4 목적지75 | 1000스텝 | 배송 73/75 | 재적재 13 | 중계율 0.19 | alpha 0.601 | step_limit
Ep 487 | 드론3 목적지75 | 1000스텝 | 배송 63/75 | 재적재 11 | 중계율 0.23 | alpha 0.607 | step_limit
Ep 488 | 드론4 목적지60 |  959스텝 | 배송 60/60 | 재적재 10 | 중계율 0.35 | alpha 0.611 | complete
Ep 489 | 드론3 목적지80 | 1000스텝 | 배송 77/80 | 재적재 13 | 중계율 0.23 | alpha 0.606 | step_limit
Ep 490 | 드론3 목적지30 | 1000스텝 | 배송 27/30 | 재적재  5 | 중계율 0.22 | alpha 0.609 | step_limit
Ep 491 | 드론3 목적지59 |  967스텝 | 배송 59/59 | 재적재 10 | 중계율 0.33 | alpha 0.630 | complete
Ep 492 | 드론3 목적지74 | 1000스텝 | 배송 60/74 | 재적재 11 | 중계율 0.31 | alpha 0.624 | step_limit
Ep 493 | 드론3 목적지47 | 1000스텝 | 배송 45/47 | 재적재  8 | 중계율 0.33 | alpha 0.615 | step_limit
Ep 494 | 드론3 목적지52 |  941스텝 | 배송 52/52 | 재적재  8 | 중계율 0.31 | alpha 0.627 | complete
Ep 495 | 드론3 목적지54 |  981스텝 | 배송 54/54 | 재적재  8 | 중계율 0.33 | alpha 0.628 | complete
Ep 496 | 드론4 목적지56 | 1000스텝 | 배송 52/56 | 재적재  8 | 중계율 0.35 | alpha 0.630 | step_limit
Ep 497 | 드론4 목적지73 | 1000스텝 | 배송 65/73 | 재적재  9 | 중계율 0.35 | alpha 0.625 | step_limit
Ep 498 | 드론3 목적지22 |  405스텝 | 배송 22/22 | 재적재  3 | 중계율 0.27 | alpha 0.629 | complete
Ep 499 | 드론4 목적지55 |  960스텝 | 배송 55/55 | 재적재  9 | 중계율 0.37 | alpha 0.625 | complete
Ep 500 | 드론3 목적지55 |  945스텝 | 배송 55/55 | 재적재  9 | 중계율 0.34 | alpha 0.630 | complete
  [홀드아웃] 배송 49.6±1.5 완주 0.90 스텝 944 점수 117.4 재적재 6.9 2홉+ 0.63 | 최고 126.8@ep150 정체 7/8
Ep 501 | 드론4 목적지25 |  406스텝 | 배송 25/25 | 재적재  3 | 중계율 0.18 | alpha 0.616 | complete
Ep 502 | 드론3 목적지53 | 1000스텝 | 배송 50/53 | 재적재  9 | 중계율 0.39 | alpha 0.635 | step_limit
Ep 503 | 드론4 목적지73 |  937스텝 | 배송 73/73 | 재적재 13 | 중계율 0.31 | alpha 0.625 | complete
Ep 504 | 드론3 목적지60 | 1000스텝 | 배송 58/60 | 재적재  9 | 중계율 0.27 | alpha 0.631 | step_limit
Ep 505 | 드론3 목적지72 | 1000스텝 | 배송 66/72 | 재적재 12 | 중계율 0.28 | alpha 0.624 | step_limit
Ep 506 | 드론3 목적지76 | 1000스텝 | 배송 68/76 | 재적재 11 | 중계율 0.31 | alpha 0.630 | step_limit
Ep 507 | 드론4 목적지79 |  908스텝 | 배송 79/79 | 재적재 14 | 중계율 0.23 | alpha 0.628 | complete
Ep 508 | 드론4 목적지38 |  616스텝 | 배송 38/38 | 재적재  5 | 중계율 0.32 | alpha 0.627 | complete
Ep 509 | 드론3 목적지52 |  834스텝 | 배송 52/52 | 재적재  8 | 중계율 0.23 | alpha 0.642 | complete
Ep 510 | 드론3 목적지42 |  841스텝 | 배송 42/42 | 재적재  7 | 중계율 0.32 | alpha 0.618 | complete
Ep 511 | 드론3 목적지21 |  508스텝 | 배송 21/21 | 재적재  2 | 중계율 0.34 | alpha 0.620 | complete
Ep 512 | 드론3 목적지23 |  495스텝 | 배송 23/23 | 재적재  3 | 중계율 0.42 | alpha 0.626 | complete
Ep 513 | 드론3 목적지66 | 1000스텝 | 배송 60/66 | 재적재 10 | 중계율 0.28 | alpha 0.627 | step_limit
Ep 514 | 드론3 목적지38 |  780스텝 | 배송 38/38 | 재적재  6 | 중계율 0.36 | alpha 0.624 | complete
Ep 515 | 드론4 목적지23 |  598스텝 | 배송 23/23 | 재적재  2 | 중계율 0.43 | alpha 0.627 | complete
Ep 516 | 드론4 목적지34 |  502스텝 | 배송 34/34 | 재적재  5 | 중계율 0.36 | alpha 0.638 | complete
Ep 517 | 드론3 목적지73 | 1000스텝 | 배송 60/73 | 재적재 11 | 중계율 0.30 | alpha 0.624 | step_limit
Ep 518 | 드론4 목적지43 |  548스텝 | 배송 43/43 | 재적재  6 | 중계율 0.28 | alpha 0.622 | complete
Ep 519 | 드론3 목적지65 | 1000스텝 | 배송 60/65 | 재적재  9 | 중계율 0.36 | alpha 0.623 | step_limit
Ep 520 | 드론4 목적지55 |  710스텝 | 배송 55/55 | 재적재  8 | 중계율 0.34 | alpha 0.620 | complete
Ep 521 | 드론3 목적지62 | 1000스텝 | 배송 55/62 | 재적재  8 | 중계율 0.35 | alpha 0.607 | step_limit
Ep 522 | 드론4 목적지37 |  693스텝 | 배송 37/37 | 재적재  6 | 중계율 0.35 | alpha 0.628 | complete
Ep 523 | 드론4 목적지66 |  826스텝 | 배송 66/66 | 재적재 11 | 중계율 0.26 | alpha 0.630 | complete
Ep 524 | 드론3 목적지57 |  842스텝 | 배송 57/57 | 재적재  9 | 중계율 0.24 | alpha 0.647 | complete
Ep 525 | 드론3 목적지39 |  797스텝 | 배송 39/39 | 재적재  7 | 중계율 0.25 | alpha 0.631 | complete
Ep 526 | 드론4 목적지73 | 1000스텝 | 배송 64/73 | 재적재 10 | 중계율 0.28 | alpha 0.630 | step_limit
Ep 527 | 드론4 목적지58 |  670스텝 | 배송 58/58 | 재적재  8 | 중계율 0.29 | alpha 0.630 | complete
Ep 528 | 드론4 목적지46 |  484스텝 | 배송 46/46 | 재적재  7 | 중계율 0.28 | alpha 0.626 | complete
Ep 529 | 드론4 목적지20 |  291스텝 | 배송 20/20 | 재적재  3 | 중계율 0.26 | alpha 0.626 | complete
Ep 530 | 드론4 목적지72 |  927스텝 | 배송 72/72 | 재적재 11 | 중계율 0.34 | alpha 0.622 | complete
Ep 531 | 드론3 목적지21 |  422스텝 | 배송 21/21 | 재적재  2 | 중계율 0.41 | alpha 0.623 | complete
Ep 532 | 드론4 목적지32 |  608스텝 | 배송 32/32 | 재적재  4 | 중계율 0.42 | alpha 0.629 | complete
Ep 533 | 드론3 목적지79 | 1000스텝 | 배송 62/79 | 재적재 11 | 중계율 0.30 | alpha 0.620 | step_limit
Ep 534 | 드론4 목적지56 | 1000스텝 | 배송 55/56 | 재적재  9 | 중계율 0.38 | alpha 0.631 | step_limit
Ep 535 | 드론3 목적지68 | 1000스텝 | 배송 58/68 | 재적재 10 | 중계율 0.32 | alpha 0.628 | step_limit
Ep 536 | 드론4 목적지57 | 1000스텝 | 배송 55/57 | 재적재  8 | 중계율 0.42 | alpha 0.624 | step_limit
Ep 537 | 드론3 목적지49 | 1000스텝 | 배송 46/49 | 재적재  9 | 중계율 0.36 | alpha 0.610 | step_limit
Ep 538 | 드론3 목적지38 | 1000스텝 | 배송 31/38 | 재적재  4 | 중계율 0.40 | alpha 0.622 | step_limit
Ep 539 | 드론4 목적지79 | 1000스텝 | 배송 70/79 | 재적재 12 | 중계율 0.29 | alpha 0.617 | step_limit
Ep 540 | 드론4 목적지70 |  882스텝 | 배송 70/70 | 재적재 12 | 중계율 0.24 | alpha 0.622 | complete
Ep 541 | 드론4 목적지77 |  963스텝 | 배송 77/77 | 재적재 13 | 중계율 0.25 | alpha 0.602 | complete
Ep 542 | 드론4 목적지53 | 1000스텝 | 배송 46/53 | 재적재  7 | 중계율 0.34 | alpha 0.616 | step_limit
Ep 543 | 드론3 목적지49 | 1000스텝 | 배송 45/49 | 재적재  7 | 중계율 0.31 | alpha 0.609 | step_limit
Ep 544 | 드론4 목적지68 | 1000스텝 | 배송 64/68 | 재적재 11 | 중계율 0.32 | alpha 0.620 | step_limit
Ep 545 | 드론4 목적지56 | 1000스텝 | 배송 55/56 | 재적재  9 | 중계율 0.39 | alpha 0.619 | step_limit
Ep 546 | 드론4 목적지75 | 1000스텝 | 배송 65/75 | 재적재 12 | 중계율 0.25 | alpha 0.606 | step_limit
Ep 547 | 드론3 목적지71 | 1000스텝 | 배송 60/71 | 재적재  9 | 중계율 0.36 | alpha 0.609 | step_limit
Ep 548 | 드론3 목적지80 | 1000스텝 | 배송 74/80 | 재적재 13 | 중계율 0.26 | alpha 0.620 | step_limit
Ep 549 | 드론4 목적지38 |  586스텝 | 배송 38/38 | 재적재  5 | 중계율 0.32 | alpha 0.612 | complete
Ep 550 | 드론4 목적지49 |  615스텝 | 배송 49/49 | 재적재  9 | 중계율 0.20 | alpha 0.616 | complete
  [홀드아웃] 배송 49.7±1.2 완주 0.94 스텝 927 점수 121.4 재적재 7.2 2홉+ 0.62 | 최고 126.8@ep150 정체 8/8

조기 종료. 최고 126.8@ep150
Training finished. best=126.8 @ ep150
