/home/kopt/enter/envs/wsl_neuroMCTS/lib/python3.10/site-packages/pygame/pkgdata.py:25: UserWarning: pkg_resources is deprecated as an API. See https://setuptools.pypa.io/en/latest/pkg_resources.html. The pkg_resources package is slated for removal as early as 2025-11-30. Refrain from using this package or pin to Setuptools<81.
  from pkg_resources import resource_stream, resource_exists
pygame 2.6.1 (SDL 2.28.4, Python 3.10.19)
Hello from the pygame community. https://www.pygame.org/contribute.html
단계=manager 장치=cuda 반경=300.0 상위주기=20 시드=2 교착관측=True
상한=1000 교착한도=1000000000 무배송한도=500 (초반 300ep까지 500) gamma=0.997 미완료페널티=0.0 도달보너스=매스텝 중계정박=0.02 인스턴스=무작위 목표유지=off 하위=직진
worker_obs=16 manager_obs=49 state=66 상위행동=7
하위 가중치 로드: weights/v4_26_09_14_03_w/best_worker.pth
Ep 1 |  1000스텝 | 배송 39/50 | 재적재  6 | 정지 0.45 교착최장 132 | step_limit
Ep 2 |  1000스텝 | 배송 45/50 | 재적재  7 | 정지 0.37 교착최장  21 | step_limit
Ep 3 |  1000스텝 | 배송 42/50 | 재적재  7 | 정지 0.40 교착최장  38 | step_limit
Ep 4 |  1000스텝 | 배송 39/50 | 재적재  6 | 정지 0.40 교착최장  43 | step_limit
Ep 5 |  1000스텝 | 배송 44/50 | 재적재  6 | 정지 0.38 교착최장  21 | step_limit
Ep 6 |  1000스텝 | 배송 46/50 | 재적재  7 | 정지 0.37 교착최장  90 | step_limit
Ep 7 |  1000스텝 | 배송 23/50 | 재적재  2 | 정지 0.54 교착최장 319 | step_limit
Ep 8 |  1000스텝 | 배송 27/50 | 재적재  3 | 정지 0.64 교착최장 498 | step_limit
Ep 9 |  1000스텝 | 배송 43/50 | 재적재  7 | 정지 0.42 교착최장  65 | step_limit
Ep 10 |  1000스텝 | 배송 35/50 | 재적재  5 | 정지 0.46 교착최장 106 | step_limit
Ep 11 |  1000스텝 | 배송 41/50 | 재적재  5 | 정지 0.27 교착최장  91 | step_limit
Ep 12 |   648스텝 | 배송 12/50 | 재적재  0 | 정지 0.84 교착최장 324 | no_progress
Ep 13 |  1000스텝 | 배송 36/50 | 재적재  5 | 정지 0.47 교착최장  79 | step_limit
Ep 14 |  1000스텝 | 배송 42/50 | 재적재  7 | 정지 0.33 교착최장 112 | step_limit
Ep 15 |  1000스텝 | 배송 41/50 | 재적재  6 | 정지 0.37 교착최장  72 | step_limit
Ep 16 |  1000스텝 | 배송 43/50 | 재적재  6 | 정지 0.38 교착최장  90 | step_limit
Ep 17 |  1000스텝 | 배송 35/50 | 재적재  5 | 정지 0.58 교착최장 137 | step_limit
Ep 18 |  1000스텝 | 배송 42/50 | 재적재  7 | 정지 0.31 교착최장  54 | step_limit
Ep 19 |  1000스텝 | 배송 40/50 | 재적재  6 | 정지 0.45 교착최장 258 | step_limit
Ep 20 |  1000스텝 | 배송 47/50 | 재적재  8 | 정지 0.28 교착최장  22 | step_limit
Ep 21 |  1000스텝 | 배송 42/50 | 재적재  6 | 정지 0.26 교착최장  49 | step_limit
Ep 22 |  1000스텝 | 배송 41/50 | 재적재  8 | 정지 0.44 교착최장  40 | step_limit
Ep 23 |  1000스텝 | 배송 46/50 | 재적재  7 | 정지 0.35 교착최장  58 | step_limit
Ep 24 |  1000스텝 | 배송 47/50 | 재적재  7 | 정지 0.35 교착최장  60 | step_limit
Ep 25 |  1000스텝 | 배송 35/50 | 재적재  4 | 정지 0.44 교착최장  56 | step_limit
Ep 26 |  1000스텝 | 배송 42/50 | 재적재  6 | 정지 0.42 교착최장  38 | step_limit
Ep 27 |  1000스텝 | 배송 45/50 | 재적재  6 | 정지 0.43 교착최장  86 | step_limit
Ep 28 |  1000스텝 | 배송 44/50 | 재적재  6 | 정지 0.37 교착최장  27 | step_limit
Ep 29 |  1000스텝 | 배송 41/50 | 재적재  7 | 정지 0.40 교착최장  44 | step_limit
Ep 30 |  1000스텝 | 배송 41/50 | 재적재  7 | 정지 0.38 교착최장  56 | step_limit
Ep 31 |  1000스텝 | 배송 42/50 | 재적재  6 | 정지 0.44 교착최장  53 | step_limit
Ep 32 |  1000스텝 | 배송 44/50 | 재적재  8 | 정지 0.44 교착최장  31 | step_limit
Ep 33 |  1000스텝 | 배송 45/50 | 재적재  8 | 정지 0.38 교착최장 104 | step_limit
Ep 34 |  1000스텝 | 배송 41/50 | 재적재  7 | 정지 0.47 교착최장  76 | step_limit
Ep 35 |  1000스텝 | 배송 43/50 | 재적재  7 | 정지 0.34 교착최장  46 | step_limit
Ep 36 |  1000스텝 | 배송 44/50 | 재적재  7 | 정지 0.44 교착최장  58 | step_limit
Ep 37 |  1000스텝 | 배송 40/50 | 재적재  7 | 정지 0.38 교착최장  60 | step_limit
Ep 38 |  1000스텝 | 배송 45/50 | 재적재  7 | 정지 0.37 교착최장  35 | step_limit
Ep 39 |  1000스텝 | 배송 38/50 | 재적재  6 | 정지 0.45 교착최장 121 | step_limit
Ep 40 |  1000스텝 | 배송 33/50 | 재적재  6 | 정지 0.44 교착최장 144 | step_limit
Ep 41 |  1000스텝 | 배송 41/50 | 재적재  6 | 정지 0.48 교착최장  97 | step_limit
Ep 42 |  1000스텝 | 배송 33/50 | 재적재  5 | 정지 0.50 교착최장 120 | step_limit
Ep 43 |  1000스텝 | 배송 34/50 | 재적재  5 | 정지 0.35 교착최장  43 | step_limit
Ep 44 |  1000스텝 | 배송 45/50 | 재적재  6 | 정지 0.31 교착최장  51 | step_limit
Ep 45 |  1000스텝 | 배송 37/50 | 재적재  5 | 정지 0.47 교착최장  59 | step_limit
Ep 46 |  1000스텝 | 배송 26/50 | 재적재  3 | 정지 0.59 교착최장  53 | step_limit
Ep 47 |  1000스텝 | 배송 49/50 | 재적재  7 | 정지 0.30 교착최장  36 | step_limit
Ep 48 |  1000스텝 | 배송 32/50 | 재적재  4 | 정지 0.54 교착최장 219 | step_limit
Ep 49 |  1000스텝 | 배송 34/50 | 재적재  5 | 정지 0.49 교착최장  78 | step_limit
Ep 50 |  1000스텝 | 배송 34/50 | 재적재  5 | 정지 0.52 교착최장  79 | step_limit
  [홀드아웃] 배송 34.3±10.5 재적재 5.0 2홉+ 0.56 | 최고 34.3@ep50 정체 0/15  ← 갱신
Ep 51 |  1000스텝 | 배송 32/50 | 재적재  5 | 정지 0.45 교착최장 153 | step_limit
Ep 52 |  1000스텝 | 배송 39/50 | 재적재  6 | 정지 0.41 교착최장  86 | step_limit
Ep 53 |  1000스텝 | 배송 43/50 | 재적재  6 | 정지 0.28 교착최장  21 | step_limit
Ep 54 |  1000스텝 | 배송 44/50 | 재적재  7 | 정지 0.31 교착최장  28 | step_limit
Ep 55 |  1000스텝 | 배송 26/50 | 재적재  3 | 정지 0.60 교착최장  84 | step_limit
Ep 56 |  1000스텝 | 배송 28/50 | 재적재  3 | 정지 0.71 교착최장 220 | step_limit
Ep 57 |  1000스텝 | 배송 46/50 | 재적재  7 | 정지 0.49 교착최장  77 | step_limit
Ep 58 |  1000스텝 | 배송 35/50 | 재적재  6 | 정지 0.53 교착최장  72 | step_limit
Ep 59 |   948스텝 | 배송 31/50 | 재적재  3 | 정지 0.68 교착최장 499 | no_progress
Ep 60 |  1000스텝 | 배송 36/50 | 재적재  6 | 정지 0.41 교착최장  59 | step_limit
Ep 61 |  1000스텝 | 배송 48/50 | 재적재  9 | 정지 0.34 교착최장  38 | step_limit
Ep 62 |  1000스텝 | 배송 35/50 | 재적재  5 | 정지 0.50 교착최장  39 | step_limit
Ep 63 |  1000스텝 | 배송 38/50 | 재적재  5 | 정지 0.34 교착최장  44 | step_limit
Ep 64 |  1000스텝 | 배송 40/50 | 재적재  6 | 정지 0.36 교착최장  19 | step_limit
Ep 65 |  1000스텝 | 배송 43/50 | 재적재  7 | 정지 0.29 교착최장  44 | step_limit
Ep 66 |  1000스텝 | 배송 36/50 | 재적재  6 | 정지 0.51 교착최장  59 | step_limit
Ep 67 |  1000스텝 | 배송 49/50 | 재적재  8 | 정지 0.27 교착최장  27 | step_limit
Ep 68 |  1000스텝 | 배송 35/50 | 재적재  5 | 정지 0.46 교착최장  91 | step_limit
Ep 69 |  1000스텝 | 배송 46/50 | 재적재  7 | 정지 0.23 교착최장  19 | step_limit
Ep 70 |  1000스텝 | 배송 46/50 | 재적재  7 | 정지 0.36 교착최장  47 | step_limit
Ep 71 |  1000스텝 | 배송 40/50 | 재적재  5 | 정지 0.39 교착최장  58 | step_limit
Ep 72 |  1000스텝 | 배송 27/50 | 재적재  3 | 정지 0.53 교착최장  94 | step_limit
Ep 73 |  1000스텝 | 배송 37/50 | 재적재  6 | 정지 0.50 교착최장  46 | step_limit
Ep 74 |  1000스텝 | 배송 36/50 | 재적재  5 | 정지 0.65 교착최장 177 | step_limit
Ep 75 |  1000스텝 | 배송 43/50 | 재적재  6 | 정지 0.36 교착최장  83 | step_limit
Ep 76 |  1000스텝 | 배송 34/50 | 재적재  5 | 정지 0.51 교착최장  39 | step_limit
Ep 77 |  1000스텝 | 배송 35/50 | 재적재  5 | 정지 0.49 교착최장 172 | step_limit
Ep 78 |  1000스텝 | 배송 39/50 | 재적재  6 | 정지 0.43 교착최장  31 | step_limit
Ep 79 |  1000스텝 | 배송 43/50 | 재적재  7 | 정지 0.33 교착최장  16 | step_limit
Ep 80 |  1000스텝 | 배송 40/50 | 재적재  6 | 정지 0.40 교착최장  44 | step_limit
Ep 81 |  1000스텝 | 배송 36/50 | 재적재  5 | 정지 0.45 교착최장 157 | step_limit
Ep 82 |  1000스텝 | 배송 41/50 | 재적재  6 | 정지 0.43 교착최장  38 | step_limit
Ep 83 |  1000스텝 | 배송 46/50 | 재적재  7 | 정지 0.30 교착최장  43 | step_limit
Ep 84 |  1000스텝 | 배송 44/50 | 재적재  6 | 정지 0.42 교착최장  42 | step_limit
Ep 85 |  1000스텝 | 배송 43/50 | 재적재  6 | 정지 0.32 교착최장  28 | step_limit
Ep 86 |   902스텝 | 배송 30/50 | 재적재  4 | 정지 0.60 교착최장 230 | no_progress
Ep 87 |  1000스텝 | 배송 43/50 | 재적재  7 | 정지 0.27 교착최장  64 | step_limit
Ep 88 |  1000스텝 | 배송 35/50 | 재적재  5 | 정지 0.62 교착최장 251 | step_limit
Ep 89 |  1000스텝 | 배송 31/50 | 재적재  4 | 정지 0.58 교착최장 117 | step_limit
Ep 90 |  1000스텝 | 배송 35/50 | 재적재  5 | 정지 0.51 교착최장  64 | step_limit
Ep 91 |  1000스텝 | 배송 41/50 | 재적재  7 | 정지 0.44 교착최장  71 | step_limit
Ep 92 |  1000스텝 | 배송 46/50 | 재적재  7 | 정지 0.28 교착최장  49 | step_limit
Ep 93 |  1000스텝 | 배송 45/50 | 재적재  6 | 정지 0.39 교착최장  34 | step_limit
Ep 94 |  1000스텝 | 배송 45/50 | 재적재  7 | 정지 0.29 교착최장  26 | step_limit
Ep 95 |  1000스텝 | 배송 40/50 | 재적재  5 | 정지 0.24 교착최장  40 | step_limit
Ep 96 |  1000스텝 | 배송 42/50 | 재적재  6 | 정지 0.32 교착최장  47 | step_limit
Ep 97 |  1000스텝 | 배송 35/50 | 재적재  4 | 정지 0.53 교착최장  93 | step_limit
Ep 98 |  1000스텝 | 배송 44/50 | 재적재  8 | 정지 0.37 교착최장  38 | step_limit
Ep 99 |   929스텝 | 배송 50/50 | 재적재  8 | 정지 0.32 교착최장  22 | complete
Ep 100 |  1000스텝 | 배송 38/50 | 재적재  6 | 정지 0.48 교착최장 186 | step_limit
  [홀드아웃] 배송 36.6±6.2 재적재 5.5 2홉+ 0.59 | 최고 36.6@ep100 정체 0/15  ← 갱신
Ep 101 |  1000스텝 | 배송 39/50 | 재적재  5 | 정지 0.48 교착최장  44 | step_limit
Ep 102 |  1000스텝 | 배송 37/50 | 재적재  5 | 정지 0.46 교착최장 293 | step_limit
Ep 103 |  1000스텝 | 배송 40/50 | 재적재  7 | 정지 0.42 교착최장  19 | step_limit
Ep 104 |  1000스텝 | 배송 31/50 | 재적재  5 | 정지 0.59 교착최장 313 | step_limit
Ep 105 |  1000스텝 | 배송 38/50 | 재적재  6 | 정지 0.50 교착최장 162 | step_limit
Ep 106 |  1000스텝 | 배송 44/50 | 재적재  7 | 정지 0.29 교착최장  20 | step_limit
Ep 107 |  1000스텝 | 배송 47/50 | 재적재  8 | 정지 0.24 교착최장  20 | step_limit
Ep 108 |  1000스텝 | 배송 39/50 | 재적재  7 | 정지 0.42 교착최장  64 | step_limit
Ep 109 |  1000스텝 | 배송 41/50 | 재적재  7 | 정지 0.46 교착최장  93 | step_limit
Ep 110 |  1000스텝 | 배송 31/50 | 재적재  4 | 정지 0.57 교착최장 406 | step_limit
Ep 111 |  1000스텝 | 배송 32/50 | 재적재  6 | 정지 0.45 교착최장 199 | step_limit
Ep 112 |  1000스텝 | 배송 35/50 | 재적재  5 | 정지 0.47 교착최장 122 | step_limit
Ep 113 |  1000스텝 | 배송 41/50 | 재적재  7 | 정지 0.43 교착최장  45 | step_limit
Ep 114 |  1000스텝 | 배송 33/50 | 재적재  5 | 정지 0.46 교착최장  59 | step_limit
Ep 115 |  1000스텝 | 배송 37/50 | 재적재  4 | 정지 0.37 교착최장  66 | step_limit
Ep 116 |   941스텝 | 배송 22/50 | 재적재  2 | 정지 0.71 교착최장 490 | no_progress
Ep 117 |  1000스텝 | 배송 44/50 | 재적재  6 | 정지 0.36 교착최장 117 | step_limit
Ep 118 |  1000스텝 | 배송 45/50 | 재적재  8 | 정지 0.26 교착최장  38 | step_limit
Ep 119 |  1000스텝 | 배송 42/50 | 재적재  6 | 정지 0.32 교착최장  31 | step_limit
Ep 120 |  1000스텝 | 배송 43/50 | 재적재  7 | 정지 0.41 교착최장 110 | step_limit
Ep 121 |  1000스텝 | 배송 41/50 | 재적재  5 | 정지 0.44 교착최장  44 | step_limit
Ep 122 |  1000스텝 | 배송 43/50 | 재적재  7 | 정지 0.40 교착최장  89 | step_limit
Ep 123 |  1000스텝 | 배송 39/50 | 재적재  7 | 정지 0.38 교착최장 147 | step_limit
Ep 124 |  1000스텝 | 배송 43/50 | 재적재  6 | 정지 0.48 교착최장 226 | step_limit
Ep 125 |  1000스텝 | 배송 34/50 | 재적재  5 | 정지 0.52 교착최장 177 | step_limit
Ep 126 |  1000스텝 | 배송 45/50 | 재적재  7 | 정지 0.42 교착최장  67 | step_limit
Ep 127 |  1000스텝 | 배송 45/50 | 재적재  8 | 정지 0.41 교착최장  53 | step_limit
Ep 128 |  1000스텝 | 배송 34/50 | 재적재  5 | 정지 0.64 교착최장 441 | step_limit
Ep 129 |  1000스텝 | 배송 38/50 | 재적재  5 | 정지 0.51 교착최장  75 | step_limit
Ep 130 |  1000스텝 | 배송 31/50 | 재적재  5 | 정지 0.57 교착최장 239 | step_limit
Ep 131 |   967스텝 | 배송 26/50 | 재적재  4 | 정지 0.64 교착최장 459 | no_progress
Ep 132 |  1000스텝 | 배송 43/50 | 재적재  8 | 정지 0.32 교착최장  34 | step_limit
Ep 133 |  1000스텝 | 배송 47/50 | 재적재  8 | 정지 0.29 교착최장  14 | step_limit
Ep 134 |  1000스텝 | 배송 41/50 | 재적재  6 | 정지 0.35 교착최장  26 | step_limit
Ep 135 |  1000스텝 | 배송 36/50 | 재적재  5 | 정지 0.38 교착최장  29 | step_limit
Ep 136 |  1000스텝 | 배송 45/50 | 재적재  8 | 정지 0.27 교착최장  30 | step_limit
Ep 137 |   766스텝 | 배송 22/50 | 재적재  4 | 정지 0.75 교착최장 498 | no_progress
Ep 138 |  1000스텝 | 배송 42/50 | 재적재  7 | 정지 0.39 교착최장  77 | step_limit
Ep 139 |  1000스텝 | 배송 41/50 | 재적재  6 | 정지 0.45 교착최장  75 | step_limit
Ep 140 |  1000스텝 | 배송 43/50 | 재적재  6 | 정지 0.42 교착최장  60 | step_limit
Ep 141 |  1000스텝 | 배송 32/50 | 재적재  5 | 정지 0.57 교착최장  94 | step_limit
Ep 142 |  1000스텝 | 배송 41/50 | 재적재  6 | 정지 0.39 교착최장  45 | step_limit
Ep 143 |  1000스텝 | 배송 37/50 | 재적재  5 | 정지 0.57 교착최장 180 | step_limit
Ep 144 |  1000스텝 | 배송 39/50 | 재적재  6 | 정지 0.48 교착최장  58 | step_limit
Ep 145 |  1000스텝 | 배송 38/50 | 재적재  5 | 정지 0.47 교착최장  59 | step_limit
Ep 146 |  1000스텝 | 배송 35/50 | 재적재  5 | 정지 0.54 교착최장 239 | step_limit
Ep 147 |  1000스텝 | 배송 38/50 | 재적재  7 | 정지 0.42 교착최장 106 | step_limit
Ep 148 |  1000스텝 | 배송 42/50 | 재적재  5 | 정지 0.41 교착최장  39 | step_limit
Ep 149 |  1000스텝 | 배송 43/50 | 재적재  7 | 정지 0.54 교착최장 196 | step_limit
Ep 150 |  1000스텝 | 배송 42/50 | 재적재  5 | 정지 0.47 교착최장 164 | step_limit
  [홀드아웃] 배송 38.2±9.9 재적재 5.8 2홉+ 0.58 | 최고 38.2@ep150 정체 0/15  ← 갱신
Ep 151 |  1000스텝 | 배송 29/50 | 재적재  3 | 정지 0.70 교착최장 336 | step_limit
Ep 152 |  1000스텝 | 배송 39/50 | 재적재  5 | 정지 0.60 교착최장 191 | step_limit
Ep 153 |   706스텝 | 배송 18/50 | 재적재  2 | 정지 0.65 교착최장 404 | no_progress
Ep 154 |   620스텝 | 배송 12/50 | 재적재  0 | 정지 0.88 교착최장 497 | no_progress
Ep 155 |  1000스텝 | 배송 36/50 | 재적재  5 | 정지 0.50 교착최장 314 | step_limit
Ep 156 |  1000스텝 | 배송 35/50 | 재적재  5 | 정지 0.56 교착최장 137 | step_limit
Ep 157 |  1000스텝 | 배송 36/50 | 재적재  6 | 정지 0.48 교착최장  93 | step_limit
Ep 158 |  1000스텝 | 배송 29/50 | 재적재  3 | 정지 0.72 교착최장 446 | step_limit
Ep 159 |  1000스텝 | 배송 39/50 | 재적재  5 | 정지 0.38 교착최장  56 | step_limit
Ep 160 |  1000스텝 | 배송 35/50 | 재적재  5 | 정지 0.50 교착최장  55 | step_limit
Ep 161 |  1000스텝 | 배송 31/50 | 재적재  5 | 정지 0.58 교착최장 148 | step_limit
Ep 162 |  1000스텝 | 배송 37/50 | 재적재  5 | 정지 0.45 교착최장  67 | step_limit
Ep 163 |  1000스텝 | 배송 34/50 | 재적재  5 | 정지 0.42 교착최장  87 | step_limit
Ep 164 |   997스텝 | 배송 27/50 | 재적재  4 | 정지 0.46 교착최장  14 | no_progress
Ep 165 |  1000스텝 | 배송 37/50 | 재적재  5 | 정지 0.53 교착최장  68 | step_limit
Ep 166 |  1000스텝 | 배송 41/50 | 재적재  7 | 정지 0.42 교착최장  83 | step_limit
Ep 167 |  1000스텝 | 배송 27/50 | 재적재  3 | 정지 0.49 교착최장 150 | step_limit
Ep 168 |  1000스텝 | 배송 27/50 | 재적재  3 | 정지 0.65 교착최장 453 | step_limit
Ep 169 |  1000스텝 | 배송 36/50 | 재적재  5 | 정지 0.44 교착최장  38 | step_limit
Ep 170 |  1000스텝 | 배송 44/50 | 재적재  6 | 정지 0.40 교착최장  51 | step_limit
Ep 171 |  1000스텝 | 배송 44/50 | 재적재  8 | 정지 0.44 교착최장  81 | step_limit
Ep 172 |  1000스텝 | 배송 37/50 | 재적재  6 | 정지 0.44 교착최장  92 | step_limit
Ep 173 |  1000스텝 | 배송 40/50 | 재적재  7 | 정지 0.52 교착최장 155 | step_limit
Ep 174 |  1000스텝 | 배송 46/50 | 재적재  8 | 정지 0.41 교착최장  56 | step_limit
Ep 175 |  1000스텝 | 배송 42/50 | 재적재  7 | 정지 0.38 교착최장  79 | step_limit
Ep 176 |  1000스텝 | 배송 40/50 | 재적재  6 | 정지 0.56 교착최장 302 | step_limit
Ep 177 |  1000스텝 | 배송 44/50 | 재적재  6 | 정지 0.42 교착최장  27 | step_limit
Ep 178 |  1000스텝 | 배송 43/50 | 재적재  6 | 정지 0.52 교착최장 221 | step_limit
Ep 179 |  1000스텝 | 배송 45/50 | 재적재  8 | 정지 0.48 교착최장 125 | step_limit
Ep 180 |  1000스텝 | 배송 34/50 | 재적재  5 | 정지 0.46 교착최장  56 | step_limit
Ep 181 |   830스텝 | 배송 25/50 | 재적재  4 | 정지 0.51 교착최장  10 | no_progress
Ep 182 |  1000스텝 | 배송 45/50 | 재적재  7 | 정지 0.54 교착최장 257 | step_limit
Ep 183 |  1000스텝 | 배송 41/50 | 재적재  6 | 정지 0.33 교착최장  39 | step_limit
Ep 184 |  1000스텝 | 배송 44/50 | 재적재  7 | 정지 0.43 교착최장  38 | step_limit
Ep 185 |  1000스텝 | 배송 45/50 | 재적재  7 | 정지 0.37 교착최장  72 | step_limit
Ep 186 |  1000스텝 | 배송 41/50 | 재적재  6 | 정지 0.54 교착최장 331 | step_limit
Ep 187 |  1000스텝 | 배송 31/50 | 재적재  4 | 정지 0.66 교착최장 293 | step_limit
Ep 188 |  1000스텝 | 배송 38/50 | 재적재  7 | 정지 0.44 교착최장 213 | step_limit
Ep 189 |  1000스텝 | 배송 32/50 | 재적재  4 | 정지 0.65 교착최장 365 | step_limit
Ep 190 |  1000스텝 | 배송 36/50 | 재적재  5 | 정지 0.44 교착최장  49 | step_limit
Ep 191 |   774스텝 | 배송 23/50 | 재적재  3 | 정지 0.71 교착최장 472 | no_progress
Ep 192 |  1000스텝 | 배송 33/50 | 재적재  5 | 정지 0.58 교착최장 415 | step_limit
Ep 193 |  1000스텝 | 배송 43/50 | 재적재  7 | 정지 0.40 교착최장  25 | step_limit
Ep 194 |  1000스텝 | 배송 33/50 | 재적재  5 | 정지 0.57 교착최장 198 | step_limit
Ep 195 |  1000스텝 | 배송 33/50 | 재적재  4 | 정지 0.53 교착최장 128 | step_limit
Ep 196 |  1000스텝 | 배송 35/50 | 재적재  5 | 정지 0.51 교착최장 332 | step_limit
Ep 197 |   786스텝 | 배송 24/50 | 재적재  4 | 정지 0.72 교착최장 486 | no_progress
Ep 198 |  1000스텝 | 배송 45/50 | 재적재  7 | 정지 0.47 교착최장  77 | step_limit
Ep 199 |   946스텝 | 배송 32/50 | 재적재  5 | 정지 0.63 교착최장 425 | no_progress
Ep 200 |   912스텝 | 배송 25/50 | 재적재  4 | 정지 0.67 교착최장 229 | no_progress
  [홀드아웃] 배송 36.5±7.9 재적재 5.2 2홉+ 0.58 | 최고 38.2@ep150 정체 1/15
Ep 201 |  1000스텝 | 배송 37/50 | 재적재  5 | 정지 0.59 교착최장 152 | step_limit
Ep 202 |   976스텝 | 배송 32/50 | 재적재  5 | 정지 0.64 교착최장 336 | no_progress
Ep 203 |  1000스텝 | 배송 40/50 | 재적재  6 | 정지 0.52 교착최장 120 | step_limit
Ep 204 |  1000스텝 | 배송 39/50 | 재적재  6 | 정지 0.58 교착최장 288 | step_limit
Ep 205 |  1000스텝 | 배송 36/50 | 재적재  6 | 정지 0.59 교착최장 180 | step_limit
Ep 206 |  1000스텝 | 배송 36/50 | 재적재  5 | 정지 0.52 교착최장 122 | step_limit
Ep 207 |   978스텝 | 배송 32/50 | 재적재  4 | 정지 0.66 교착최장 487 | no_progress
Ep 208 |   780스텝 | 배송 23/50 | 재적재  3 | 정지 0.68 교착최장 217 | no_progress
Ep 209 |  1000스텝 | 배송 26/50 | 재적재  3 | 정지 0.70 교착최장 230 | step_limit
Ep 210 |   962스텝 | 배송 50/50 | 재적재  8 | 정지 0.34 교착최장  31 | complete
Ep 211 |  1000스텝 | 배송 34/50 | 재적재  4 | 정지 0.52 교착최장 128 | step_limit
Ep 212 |   851스텝 | 배송 22/50 | 재적재  2 | 정지 0.74 교착최장 445 | no_progress
Ep 213 |   888스텝 | 배송 30/50 | 재적재  4 | 정지 0.69 교착최장 448 | no_progress
Ep 214 |  1000스텝 | 배송 44/50 | 재적재  7 | 정지 0.50 교착최장  98 | step_limit
Ep 215 |  1000스텝 | 배송 34/50 | 재적재  5 | 정지 0.55 교착최장 115 | step_limit
Ep 216 |  1000스텝 | 배송 45/50 | 재적재  7 | 정지 0.44 교착최장  73 | step_limit
Ep 217 |  1000스텝 | 배송 36/50 | 재적재  5 | 정지 0.51 교착최장  40 | step_limit
Ep 218 |  1000스텝 | 배송 32/50 | 재적재  4 | 정지 0.56 교착최장  79 | step_limit
Ep 219 |   931스텝 | 배송 25/50 | 재적재  3 | 정지 0.70 교착최장 499 | no_progress
Ep 220 |   986스텝 | 배송 36/50 | 재적재  5 | 정지 0.66 교착최장 487 | no_progress
Ep 221 |  1000스텝 | 배송 35/50 | 재적재  6 | 정지 0.63 교착최장 349 | step_limit
Ep 222 |  1000스텝 | 배송 48/50 | 재적재  7 | 정지 0.37 교착최장  65 | step_limit
Ep 223 |  1000스텝 | 배송 39/50 | 재적재  6 | 정지 0.50 교착최장  33 | step_limit
Ep 224 |   798스텝 | 배송 21/50 | 재적재  1 | 정지 0.83 교착최장 405 | no_progress
Ep 225 |  1000스텝 | 배송 45/50 | 재적재  7 | 정지 0.38 교착최장  36 | step_limit
Ep 226 |  1000스텝 | 배송 18/50 | 재적재  1 | 정지 0.77 교착최장 386 | step_limit
Ep 227 |  1000스텝 | 배송 47/50 | 재적재  9 | 정지 0.32 교착최장  27 | step_limit
Ep 228 |  1000스텝 | 배송 30/50 | 재적재  4 | 정지 0.75 교착최장 379 | step_limit
Ep 229 |  1000스텝 | 배송 37/50 | 재적재  5 | 정지 0.53 교착최장  42 | step_limit
Ep 230 |  1000스텝 | 배송 45/50 | 재적재  7 | 정지 0.45 교착최장  46 | step_limit
Ep 231 |   514스텝 | 배송  4/50 | 재적재  0 | 정지 0.00 교착최장   0 | no_progress
Ep 232 |  1000스텝 | 배송 25/50 | 재적재  3 | 정지 0.68 교착최장 372 | step_limit
Ep 233 |  1000스텝 | 배송 38/50 | 재적재  6 | 정지 0.54 교착최장 214 | step_limit
Ep 234 |  1000스텝 | 배송 45/50 | 재적재  7 | 정지 0.51 교착최장 256 | step_limit
Ep 235 |  1000스텝 | 배송 29/50 | 재적재  4 | 정지 0.77 교착최장 353 | step_limit
Ep 236 |  1000스텝 | 배송 42/50 | 재적재  7 | 정지 0.48 교착최장  98 | step_limit
Ep 237 |   976스텝 | 배송 31/50 | 재적재  5 | 정지 0.58 교착최장 222 | no_progress
Ep 238 |   969스텝 | 배송 29/50 | 재적재  4 | 정지 0.77 교착최장 448 | no_progress
Ep 239 |  1000스텝 | 배송 41/50 | 재적재  7 | 정지 0.40 교착최장  43 | step_limit
Ep 240 |   892스텝 | 배송 22/50 | 재적재  2 | 정지 0.77 교착최장 440 | no_progress
Ep 241 |  1000스텝 | 배송 41/50 | 재적재  6 | 정지 0.46 교착최장 158 | step_limit
Ep 242 |  1000스텝 | 배송 38/50 | 재적재  6 | 정지 0.45 교착최장 138 | step_limit
Ep 243 |  1000스텝 | 배송 44/50 | 재적재  8 | 정지 0.36 교착최장  53 | step_limit
Ep 244 |  1000스텝 | 배송 27/50 | 재적재  3 | 정지 0.73 교착최장 556 | no_progress
Ep 245 |  1000스텝 | 배송 45/50 | 재적재  8 | 정지 0.48 교착최장  54 | step_limit
Ep 246 |  1000스텝 | 배송 31/50 | 재적재  4 | 정지 0.63 교착최장 292 | step_limit
Ep 247 |  1000스텝 | 배송 38/50 | 재적재  7 | 정지 0.51 교착최장  95 | step_limit
Ep 248 |  1000스텝 | 배송 39/50 | 재적재  6 | 정지 0.48 교착최장  74 | step_limit
Ep 249 |   869스텝 | 배송 25/50 | 재적재  2 | 정지 0.79 교착최장 486 | no_progress
Ep 250 |   989스텝 | 배송 32/50 | 재적재  5 | 정지 0.70 교착최장 463 | no_progress
  [홀드아웃] 배송 33.4±10.0 재적재 4.6 2홉+ 0.59 | 최고 38.2@ep150 정체 2/15
Ep 251 |   901스텝 | 배송 24/50 | 재적재  3 | 정지 0.71 교착최장 491 | no_progress
Ep 252 |  1000스텝 | 배송 34/50 | 재적재  5 | 정지 0.58 교착최장 427 | step_limit
Ep 253 |  1000스텝 | 배송 38/50 | 재적재  6 | 정지 0.68 교착최장 435 | step_limit
Ep 254 |  1000스텝 | 배송 40/50 | 재적재  6 | 정지 0.58 교착최장  99 | step_limit
Ep 255 |  1000스텝 | 배송 46/50 | 재적재  8 | 정지 0.37 교착최장  29 | step_limit
Ep 256 |  1000스텝 | 배송 40/50 | 재적재  6 | 정지 0.53 교착최장 196 | step_limit
Ep 257 |  1000스텝 | 배송 32/50 | 재적재  4 | 정지 0.48 교착최장  76 | step_limit
Ep 258 |  1000스텝 | 배송 36/50 | 재적재  5 | 정지 0.51 교착최장 128 | step_limit
Ep 259 |  1000스텝 | 배송 38/50 | 재적재  7 | 정지 0.53 교착최장 138 | step_limit
Ep 260 |  1000스텝 | 배송 45/50 | 재적재  7 | 정지 0.37 교착최장  39 | step_limit
Ep 261 |  1000스텝 | 배송 45/50 | 재적재  6 | 정지 0.50 교착최장  77 | step_limit
Ep 262 |   733스텝 | 배송 17/50 | 재적재  1 | 정지 0.67 교착최장 425 | no_progress
Ep 263 |  1000스텝 | 배송 30/50 | 재적재  5 | 정지 0.63 교착최장 116 | step_limit
Ep 264 |  1000스텝 | 배송 45/50 | 재적재  8 | 정지 0.40 교착최장  59 | step_limit
Ep 265 |   660스텝 | 배송 15/50 | 재적재  0 | 정지 0.85 교착최장 498 | no_progress
Ep 266 |  1000스텝 | 배송 31/50 | 재적재  5 | 정지 0.58 교착최장 106 | step_limit
Ep 267 |  1000스텝 | 배송 45/50 | 재적재  7 | 정지 0.33 교착최장  22 | step_limit
Ep 268 |   768스텝 | 배송 19/50 | 재적재  2 | 정지 0.78 교착최장 499 | no_progress
Ep 269 |   882스텝 | 배송 30/50 | 재적재  4 | 정지 0.65 교착최장 480 | no_progress
Ep 270 |  1000스텝 | 배송 34/50 | 재적재  6 | 정지 0.66 교착최장 387 | step_limit
Ep 271 |  1000스텝 | 배송 25/50 | 재적재  3 | 정지 0.77 교착최장 345 | step_limit
Ep 272 |  1000스텝 | 배송 42/50 | 재적재  7 | 정지 0.40 교착최장  59 | step_limit
Ep 273 |  1000스텝 | 배송 39/50 | 재적재  6 | 정지 0.48 교착최장  77 | step_limit
Ep 274 |  1000스텝 | 배송 33/50 | 재적재  4 | 정지 0.74 교착최장 230 | step_limit
Ep 275 |   672스텝 | 배송 15/50 | 재적재  0 | 정지 0.82 교착최장 464 | no_progress
Ep 276 |   975스텝 | 배송 28/50 | 재적재  3 | 정지 0.75 교착최장 484 | no_progress
Ep 277 |  1000스텝 | 배송 36/50 | 재적재  6 | 정지 0.52 교착최장 112 | step_limit
Ep 278 |  1000스텝 | 배송 42/50 | 재적재  6 | 정지 0.50 교착최장 116 | step_limit
Ep 279 |  1000스텝 | 배송 46/50 | 재적재  7 | 정지 0.48 교착최장 248 | step_limit
Ep 280 |   881스텝 | 배송 33/50 | 재적재  4 | 정지 0.62 교착최장 499 | no_progress
Ep 281 |  1000스텝 | 배송 42/50 | 재적재  6 | 정지 0.55 교착최장 281 | step_limit
Ep 282 |  1000스텝 | 배송 33/50 | 재적재  4 | 정지 0.65 교착최장 236 | step_limit
Ep 283 |  1000스텝 | 배송 38/50 | 재적재  7 | 정지 0.41 교착최장  21 | step_limit
Ep 284 |  1000스텝 | 배송 46/50 | 재적재  7 | 정지 0.40 교착최장  15 | step_limit
Ep 285 |  1000스텝 | 배송 32/50 | 재적재  5 | 정지 0.67 교착최장 216 | step_limit
Ep 286 |   885스텝 | 배송 24/50 | 재적재  3 | 정지 0.77 교착최장 450 | no_progress
Ep 287 |  1000스텝 | 배송 36/50 | 재적재  6 | 정지 0.53 교착최장 201 | step_limit
Ep 288 |   634스텝 | 배송 18/50 | 재적재  0 | 정지 0.84 교착최장 478 | no_progress
Ep 289 |  1000스텝 | 배송 38/50 | 재적재  6 | 정지 0.57 교착최장 103 | step_limit
Ep 290 |  1000스텝 | 배송 44/50 | 재적재  7 | 정지 0.41 교착최장  58 | step_limit
Ep 291 |  1000스텝 | 배송 42/50 | 재적재  7 | 정지 0.40 교착최장  43 | step_limit
Ep 292 |  1000스텝 | 배송 42/50 | 재적재  7 | 정지 0.49 교착최장 103 | step_limit
Ep 293 |  1000스텝 | 배송 47/50 | 재적재  7 | 정지 0.48 교착최장 181 | step_limit
Ep 294 |  1000스텝 | 배송 43/50 | 재적재  6 | 정지 0.36 교착최장  36 | step_limit
Ep 295 |   791스텝 | 배송 22/50 | 재적재  1 | 정지 0.73 교착최장 498 | no_progress
Ep 296 |  1000스텝 | 배송 37/50 | 재적재  6 | 정지 0.39 교착최장 115 | step_limit
Ep 297 |  1000스텝 | 배송 35/50 | 재적재  5 | 정지 0.54 교착최장 145 | step_limit
Ep 298 |  1000스텝 | 배송 38/50 | 재적재  6 | 정지 0.47 교착최장  82 | step_limit
Ep 299 |  1000스텝 | 배송 41/50 | 재적재  6 | 정지 0.51 교착최장  97 | step_limit
Ep 300 |  1000스텝 | 배송 37/50 | 재적재  4 | 정지 0.52 교착최장 269 | step_limit
  [홀드아웃] 배송 37.7±5.5 재적재 5.5 2홉+ 0.57 | 최고 38.2@ep150 정체 3/15
Ep 301 |   910스텝 | 배송 33/50 | 재적재  4 | 정지 0.65 교착최장 362 | no_progress
Ep 302 |  1000스텝 | 배송 43/50 | 재적재  7 | 정지 0.43 교착최장  97 | step_limit
Ep 303 |  1000스텝 | 배송 35/50 | 재적재  4 | 정지 0.52 교착최장  52 | step_limit
Ep 304 |  1000스텝 | 배송 36/50 | 재적재  4 | 정지 0.45 교착최장  45 | step_limit
Ep 305 |   598스텝 | 배송 11/50 | 재적재  0 | 정지 0.60 교착최장  13 | no_progress
Ep 306 |  1000스텝 | 배송 31/50 | 재적재  5 | 정지 0.60 교착최장 328 | step_limit
Ep 307 |  1000스텝 | 배송 24/50 | 재적재  2 | 정지 0.66 교착최장 457 | step_limit
Ep 308 |  1000스텝 | 배송 27/50 | 재적재  4 | 정지 0.69 교착최장 382 | step_limit
Ep 309 |  1000스텝 | 배송 48/50 | 재적재  7 | 정지 0.25 교착최장  10 | step_limit
Ep 310 |  1000스텝 | 배송 27/50 | 재적재  3 | 정지 0.64 교착최장 294 | step_limit
Ep 311 |  1000스텝 | 배송 38/50 | 재적재  7 | 정지 0.37 교착최장  44 | step_limit
Ep 312 |   745스텝 | 배송 19/50 | 재적재  1 | 정지 0.81 교착최장 459 | no_progress
Ep 313 |   814스텝 | 배송 28/50 | 재적재  4 | 정지 0.66 교착최장 373 | no_progress
Ep 314 |  1000스텝 | 배송 39/50 | 재적재  6 | 정지 0.35 교착최장  86 | step_limit
Ep 315 |  1000스텝 | 배송 34/50 | 재적재  4 | 정지 0.64 교착최장 418 | step_limit
Ep 316 |  1000스텝 | 배송 37/50 | 재적재  5 | 정지 0.40 교착최장  51 | step_limit
Ep 317 |  1000스텝 | 배송 42/50 | 재적재  7 | 정지 0.33 교착최장  24 | step_limit
Ep 318 |  1000스텝 | 배송 42/50 | 재적재  7 | 정지 0.38 교착최장  40 | step_limit
Ep 319 |  1000스텝 | 배송 42/50 | 재적재  6 | 정지 0.45 교착최장  55 | step_limit
Ep 320 |  1000스텝 | 배송 43/50 | 재적재  6 | 정지 0.40 교착최장  72 | step_limit
Ep 321 |  1000스텝 | 배송 36/50 | 재적재  4 | 정지 0.52 교착최장 369 | step_limit
Ep 322 |   811스텝 | 배송 25/50 | 재적재  3 | 정지 0.73 교착최장 470 | no_progress
Ep 323 |  1000스텝 | 배송 48/50 | 재적재  7 | 정지 0.34 교착최장  58 | step_limit
Ep 324 |  1000스텝 | 배송 31/50 | 재적재  5 | 정지 0.70 교착최장 474 | step_limit
Ep 325 |  1000스텝 | 배송 41/50 | 재적재  6 | 정지 0.38 교착최장  51 | step_limit
Ep 326 |  1000스텝 | 배송 38/50 | 재적재  6 | 정지 0.48 교착최장  25 | step_limit
Ep 327 |  1000스텝 | 배송 31/50 | 재적재  3 | 정지 0.58 교착최장 296 | step_limit
Ep 328 |  1000스텝 | 배송 29/50 | 재적재  4 | 정지 0.64 교착최장 293 | step_limit
Ep 329 |  1000스텝 | 배송 32/50 | 재적재  5 | 정지 0.42 교착최장  19 | step_limit
Ep 330 |  1000스텝 | 배송 28/50 | 재적재  5 | 정지 0.62 교착최장 152 | step_limit
Ep 331 |  1000스텝 | 배송 34/50 | 재적재  6 | 정지 0.53 교착최장 241 | step_limit
Ep 332 |  1000스텝 | 배송 43/50 | 재적재  6 | 정지 0.39 교착최장  68 | step_limit
Ep 333 |   693스텝 | 배송 18/50 | 재적재  1 | 정지 0.77 교착최장 456 | no_progress
Ep 334 |   843스텝 | 배송 19/50 | 재적재  2 | 정지 0.68 교착최장 478 | no_progress
Ep 335 |  1000스텝 | 배송 44/50 | 재적재  7 | 정지 0.40 교착최장  39 | step_limit
Ep 336 |   833스텝 | 배송 25/50 | 재적재  3 | 정지 0.74 교착최장 493 | no_progress
Ep 337 |  1000스텝 | 배송 36/50 | 재적재  6 | 정지 0.52 교착최장 133 | step_limit
Ep 338 |  1000스텝 | 배송 37/50 | 재적재  5 | 정지 0.53 교착최장 254 | step_limit
Ep 339 |   724스텝 | 배송 15/50 | 재적재  0 | 정지 0.77 교착최장 475 | no_progress
Ep 340 |  1000스텝 | 배송 32/50 | 재적재  4 | 정지 0.66 교착최장 494 | step_limit
Ep 341 |  1000스텝 | 배송 35/50 | 재적재  5 | 정지 0.62 교착최장 328 | step_limit
Ep 342 |  1000스텝 | 배송 41/50 | 재적재  6 | 정지 0.32 교착최장  41 | step_limit
Ep 343 |  1000스텝 | 배송 36/50 | 재적재  5 | 정지 0.59 교착최장 223 | step_limit
Ep 344 |  1000스텝 | 배송 46/50 | 재적재  8 | 정지 0.39 교착최장  26 | step_limit
Ep 345 |  1000스텝 | 배송 38/50 | 재적재  6 | 정지 0.46 교착최장  50 | step_limit
Ep 346 |  1000스텝 | 배송 40/50 | 재적재  6 | 정지 0.60 교착최장 214 | step_limit
Ep 347 |  1000스텝 | 배송 39/50 | 재적재  5 | 정지 0.46 교착최장  59 | step_limit
Ep 348 |  1000스텝 | 배송 37/50 | 재적재  6 | 정지 0.56 교착최장 115 | step_limit
Ep 349 |   942스텝 | 배송 22/50 | 재적재  3 | 정지 0.74 교착최장 480 | no_progress
Ep 350 |  1000스텝 | 배송 36/50 | 재적재  5 | 정지 0.51 교착최장 297 | step_limit
  [홀드아웃] 배송 32.4±8.0 재적재 4.5 2홉+ 0.60 | 최고 38.2@ep150 정체 4/15
Ep 351 |   919스텝 | 배송 27/50 | 재적재  3 | 정지 0.73 교착최장 505 | no_progress
Ep 352 |  1000스텝 | 배송 36/50 | 재적재  4 | 정지 0.41 교착최장  23 | step_limit
Ep 353 |   666스텝 | 배송 13/50 | 재적재  0 | 정지 0.71 교착최장 477 | no_progress
Ep 354 |  1000스텝 | 배송 39/50 | 재적재  6 | 정지 0.50 교착최장 172 | step_limit
Ep 355 |  1000스텝 | 배송 45/50 | 재적재  6 | 정지 0.42 교착최장  81 | step_limit
Ep 356 |  1000스텝 | 배송 46/50 | 재적재  7 | 정지 0.42 교착최장  99 | step_limit
Ep 357 |   897스텝 | 배송 34/50 | 재적재  4 | 정지 0.55 교착최장 421 | no_progress
Ep 358 |  1000스텝 | 배송 39/50 | 재적재  6 | 정지 0.44 교착최장  86 | step_limit
Ep 359 |  1000스텝 | 배송 44/50 | 재적재  6 | 정지 0.41 교착최장  62 | step_limit
Ep 360 |  1000스텝 | 배송 36/50 | 재적재  4 | 정지 0.65 교착최장 323 | step_limit
Ep 361 |   676스텝 | 배송 14/50 | 재적재  0 | 정지 0.80 교착최장 386 | no_progress
Ep 362 |  1000스텝 | 배송 31/50 | 재적재  4 | 정지 0.61 교착최장 306 | step_limit
Ep 363 |  1000스텝 | 배송 26/50 | 재적재  3 | 정지 0.72 교착최장 393 | step_limit
Ep 364 |  1000스텝 | 배송 25/50 | 재적재  3 | 정지 0.73 교착최장 310 | step_limit
Ep 365 |  1000스텝 | 배송 32/50 | 재적재  4 | 정지 0.70 교착최장 196 | step_limit
Ep 366 |   827스텝 | 배송 22/50 | 재적재  2 | 정지 0.78 교착최장 521 | no_progress
Ep 367 |  1000스텝 | 배송 24/50 | 재적재  2 | 정지 0.80 교착최장 239 | step_limit
Ep 368 |  1000스텝 | 배송 36/50 | 재적재  4 | 정지 0.55 교착최장 310 | step_limit
Ep 369 |  1000스텝 | 배송 25/50 | 재적재  3 | 정지 0.70 교착최장 281 | step_limit
Ep 370 |  1000스텝 | 배송 48/50 | 재적재  8 | 정지 0.38 교착최장  36 | step_limit
Ep 371 |  1000스텝 | 배송 43/50 | 재적재  6 | 정지 0.47 교착최장  41 | step_limit
Ep 372 |  1000스텝 | 배송 31/50 | 재적재  3 | 정지 0.78 교착최장 365 | step_limit
Ep 373 |  1000스텝 | 배송 39/50 | 재적재  5 | 정지 0.58 교착최장 353 | step_limit
Ep 374 |  1000스텝 | 배송 43/50 | 재적재  7 | 정지 0.41 교착최장  71 | step_limit
Ep 375 |  1000스텝 | 배송 37/50 | 재적재  5 | 정지 0.51 교착최장  79 | step_limit
Ep 376 |  1000스텝 | 배송 26/50 | 재적재  3 | 정지 0.78 교착최장 350 | step_limit
Ep 377 |  1000스텝 | 배송 38/50 | 재적재  7 | 정지 0.51 교착최장 189 | step_limit
Ep 378 |  1000스텝 | 배송 37/50 | 재적재  5 | 정지 0.45 교착최장 130 | step_limit
Ep 379 |  1000스텝 | 배송 31/50 | 재적재  4 | 정지 0.53 교착최장 143 | step_limit
Ep 380 |  1000스텝 | 배송 45/50 | 재적재  6 | 정지 0.36 교착최장  37 | step_limit
Ep 381 |  1000스텝 | 배송 24/50 | 재적재  2 | 정지 0.79 교착최장 328 | step_limit
Ep 382 |  1000스텝 | 배송 26/50 | 재적재  3 | 정지 0.78 교착최장 388 | step_limit
Ep 383 |   975스텝 | 배송 28/50 | 재적재  4 | 정지 0.67 교착최장 427 | no_progress
Ep 384 |  1000스텝 | 배송 43/50 | 재적재  7 | 정지 0.44 교착최장 119 | step_limit
Ep 385 |  1000스텝 | 배송 38/50 | 재적재  5 | 정지 0.47 교착최장  85 | step_limit
Ep 386 |   779스텝 | 배송 19/50 | 재적재  1 | 정지 0.82 교착최장 500 | no_progress
Ep 387 |   814스텝 | 배송 21/50 | 재적재  3 | 정지 0.66 교착최장 419 | no_progress
Ep 388 |   667스텝 | 배송 15/50 | 재적재  0 | 정지 0.87 교착최장 482 | no_progress
Ep 389 |  1000스텝 | 배송 25/50 | 재적재  3 | 정지 0.73 교착최장 344 | step_limit
Ep 390 |  1000스텝 | 배송 42/50 | 재적재  6 | 정지 0.41 교착최장  30 | step_limit
Ep 391 |  1000스텝 | 배송 26/50 | 재적재  2 | 정지 0.67 교착최장 471 | step_limit
Ep 392 |   904스텝 | 배송 27/50 | 재적재  4 | 정지 0.67 교착최장 476 | no_progress
Ep 393 |  1000스텝 | 배송 40/50 | 재적재  6 | 정지 0.44 교착최장 116 | step_limit
Ep 394 |   847스텝 | 배송 27/50 | 재적재  3 | 정지 0.71 교착최장 485 | no_progress
Ep 395 |  1000스텝 | 배송 42/50 | 재적재  5 | 정지 0.47 교착최장  33 | step_limit
Ep 396 |   819스텝 | 배송 19/50 | 재적재  1 | 정지 0.75 교착최장 392 | no_progress
Ep 397 |  1000스텝 | 배송 34/50 | 재적재  4 | 정지 0.54 교착최장  71 | step_limit
Ep 398 |  1000스텝 | 배송 44/50 | 재적재  6 | 정지 0.45 교착최장  52 | step_limit
Ep 399 |  1000스텝 | 배송 43/50 | 재적재  6 | 정지 0.39 교착최장  77 | step_limit
Ep 400 |  1000스텝 | 배송 37/50 | 재적재  5 | 정지 0.56 교착최장 123 | step_limit
  [홀드아웃] 배송 31.5±12.1 재적재 4.4 2홉+ 0.64 | 최고 38.2@ep150 정체 5/15
Ep 401 |  1000스텝 | 배송 40/50 | 재적재  6 | 정지 0.56 교착최장 176 | step_limit
Ep 402 |  1000스텝 | 배송 32/50 | 재적재  4 | 정지 0.61 교착최장 358 | step_limit
Ep 403 |   954스텝 | 배송 23/50 | 재적재  2 | 정지 0.83 교착최장 496 | no_progress
Ep 404 |  1000스텝 | 배송 27/50 | 재적재  3 | 정지 0.55 교착최장 107 | step_limit
Ep 405 |   981스텝 | 배송 50/50 | 재적재  7 | 정지 0.35 교착최장  26 | complete
Ep 406 |  1000스텝 | 배송 37/50 | 재적재  5 | 정지 0.54 교착최장 220 | step_limit
Ep 407 |  1000스텝 | 배송 34/50 | 재적재  4 | 정지 0.61 교착최장 218 | step_limit
Ep 408 |  1000스텝 | 배송 36/50 | 재적재  6 | 정지 0.57 교착최장 423 | step_limit
Ep 409 |  1000스텝 | 배송 45/50 | 재적재  7 | 정지 0.46 교착최장  94 | step_limit
Ep 410 |  1000스텝 | 배송 44/50 | 재적재  7 | 정지 0.34 교착최장  38 | step_limit
Ep 411 |   680스텝 | 배송 12/50 | 재적재  0 | 정지 0.85 교착최장 507 | no_progress
Ep 412 |  1000스텝 | 배송 37/50 | 재적재  6 | 정지 0.52 교착최장  47 | step_limit
Ep 413 |  1000스텝 | 배송 38/50 | 재적재  5 | 정지 0.55 교착최장  91 | step_limit
Ep 414 |  1000스텝 | 배송 37/50 | 재적재  6 | 정지 0.50 교착최장 103 | step_limit
Ep 415 |   659스텝 | 배송 19/50 | 재적재  1 | 정지 0.83 교착최장 476 | no_progress
Ep 416 |  1000스텝 | 배송 44/50 | 재적재  6 | 정지 0.43 교착최장  54 | step_limit
Ep 417 |  1000스텝 | 배송 34/50 | 재적재  5 | 정지 0.70 교착최장 442 | step_limit
Ep 418 |  1000스텝 | 배송 34/50 | 재적재  4 | 정지 0.67 교착최장 331 | step_limit
Ep 419 |  1000스텝 | 배송 47/50 | 재적재  7 | 정지 0.35 교착최장  51 | step_limit
Ep 420 |  1000스텝 | 배송 29/50 | 재적재  4 | 정지 0.67 교착최장 238 | step_limit
Ep 421 |  1000스텝 | 배송 33/50 | 재적재  4 | 정지 0.65 교착최장 318 | step_limit
Ep 422 |  1000스텝 | 배송 36/50 | 재적재  5 | 정지 0.60 교착최장 173 | step_limit
Ep 423 |  1000스텝 | 배송 35/50 | 재적재  4 | 정지 0.61 교착최장 267 | step_limit
Ep 424 |  1000스텝 | 배송 34/50 | 재적재  5 | 정지 0.69 교착최장 419 | step_limit
Ep 425 |  1000스텝 | 배송 42/50 | 재적재  6 | 정지 0.44 교착최장 127 | step_limit
Ep 426 |   887스텝 | 배송 24/50 | 재적재  2 | 정지 0.72 교착최장 482 | no_progress
Ep 427 |  1000스텝 | 배송 23/50 | 재적재  2 | 정지 0.73 교착최장 242 | step_limit
Ep 428 |  1000스텝 | 배송 46/50 | 재적재  8 | 정지 0.37 교착최장  31 | step_limit
Ep 429 |  1000스텝 | 배송 35/50 | 재적재  4 | 정지 0.52 교착최장  98 | step_limit
Ep 430 |  1000스텝 | 배송 37/50 | 재적재  5 | 정지 0.59 교착최장 340 | step_limit
Ep 431 |  1000스텝 | 배송 42/50 | 재적재  6 | 정지 0.46 교착최장 136 | step_limit
Ep 432 |   920스텝 | 배송 32/50 | 재적재  4 | 정지 0.70 교착최장 499 | no_progress
Ep 433 |   616스텝 | 배송 14/50 | 재적재  1 | 정지 0.83 교착최장 427 | no_progress
Ep 434 |  1000스텝 | 배송 31/50 | 재적재  4 | 정지 0.64 교착최장 332 | step_limit
Ep 435 |   868스텝 | 배송 26/50 | 재적재  3 | 정지 0.72 교착최장 501 | no_progress
Ep 436 |  1000스텝 | 배송 38/50 | 재적재  5 | 정지 0.55 교착최장 145 | step_limit
Ep 437 |   765스텝 | 배송 18/50 | 재적재  2 | 정지 0.78 교착최장 498 | no_progress
Ep 438 |  1000스텝 | 배송 34/50 | 재적재  4 | 정지 0.56 교착최장 338 | step_limit
Ep 439 |  1000스텝 | 배송 41/50 | 재적재  6 | 정지 0.49 교착최장 185 | step_limit
Ep 440 |  1000스텝 | 배송 25/50 | 재적재  4 | 정지 0.68 교착최장 399 | step_limit
Ep 441 |  1000스텝 | 배송 31/50 | 재적재  3 | 정지 0.68 교착최장 257 | step_limit
Ep 442 |  1000스텝 | 배송 33/50 | 재적재  5 | 정지 0.52 교착최장 258 | step_limit
Ep 443 |  1000스텝 | 배송 43/50 | 재적재  6 | 정지 0.43 교착최장  58 | step_limit
Ep 444 |  1000스텝 | 배송 33/50 | 재적재  4 | 정지 0.53 교착최장 132 | step_limit
Ep 445 |   809스텝 | 배송 17/50 | 재적재  1 | 정지 0.76 교착최장 483 | no_progress
Ep 446 |  1000스텝 | 배송 34/50 | 재적재  4 | 정지 0.61 교착최장 314 | step_limit
Ep 447 |  1000스텝 | 배송 41/50 | 재적재  6 | 정지 0.51 교착최장  84 | step_limit
Ep 448 |  1000스텝 | 배송 36/50 | 재적재  5 | 정지 0.54 교착최장 133 | step_limit
Ep 449 |  1000스텝 | 배송 40/50 | 재적재  6 | 정지 0.50 교착최장  62 | step_limit
Ep 450 |  1000스텝 | 배송 37/50 | 재적재  6 | 정지 0.45 교착최장 154 | step_limit
  [홀드아웃] 배송 29.8±12.6 재적재 3.8 2홉+ 0.51 | 최고 38.2@ep150 정체 6/15
Ep 451 |  1000스텝 | 배송 28/50 | 재적재  4 | 정지 0.64 교착최장 346 | step_limit
Ep 452 |  1000스텝 | 배송 39/50 | 재적재  6 | 정지 0.36 교착최장  74 | step_limit
Ep 453 |  1000스텝 | 배송 35/50 | 재적재  5 | 정지 0.61 교착최장 294 | step_limit
Ep 454 |  1000스텝 | 배송 17/50 | 재적재  1 | 정지 0.78 교착최장 316 | step_limit
Ep 455 |  1000스텝 | 배송 41/50 | 재적재  7 | 정지 0.31 교착최장  38 | step_limit
Ep 456 |  1000스텝 | 배송 45/50 | 재적재  7 | 정지 0.40 교착최장  32 | step_limit
Ep 457 |   972스텝 | 배송 36/50 | 재적재  6 | 정지 0.60 교착최장 417 | no_progress
Ep 458 |  1000스텝 | 배송 37/50 | 재적재  5 | 정지 0.54 교착최장 126 | step_limit
Ep 459 |  1000스텝 | 배송 37/50 | 재적재  5 | 정지 0.51 교착최장  54 | step_limit
Ep 460 |  1000스텝 | 배송 35/50 | 재적재  5 | 정지 0.59 교착최장 149 | step_limit
Ep 461 |  1000스텝 | 배송 27/50 | 재적재  2 | 정지 0.69 교착최장 274 | step_limit
Ep 462 |  1000스텝 | 배송 40/50 | 재적재  6 | 정지 0.45 교착최장  64 | step_limit
Ep 463 |  1000스텝 | 배송 35/50 | 재적재  5 | 정지 0.62 교착최장 411 | step_limit
Ep 464 |  1000스텝 | 배송 31/50 | 재적재  4 | 정지 0.53 교착최장 139 | step_limit
Ep 465 |  1000스텝 | 배송 40/50 | 재적재  6 | 정지 0.39 교착최장  37 | step_limit
Ep 466 |   775스텝 | 배송 21/50 | 재적재  2 | 정지 0.79 교착최장 466 | no_progress
Ep 467 |  1000스텝 | 배송 34/50 | 재적재  4 | 정지 0.59 교착최장 152 | step_limit
Ep 468 |  1000스텝 | 배송 35/50 | 재적재  6 | 정지 0.62 교착최장 284 | step_limit
Ep 469 |   850스텝 | 배송 24/50 | 재적재  3 | 정지 0.75 교착최장 423 | no_progress
Ep 470 |  1000스텝 | 배송 23/50 | 재적재  4 | 정지 0.79 교착최장 368 | step_limit
Ep 471 |  1000스텝 | 배송 35/50 | 재적재  4 | 정지 0.56 교착최장 364 | step_limit
Ep 472 |  1000스텝 | 배송 34/50 | 재적재  5 | 정지 0.57 교착최장 400 | step_limit
Ep 473 |  1000스텝 | 배송 30/50 | 재적재  4 | 정지 0.57 교착최장 265 | step_limit
Ep 474 |  1000스텝 | 배송 48/50 | 재적재  7 | 정지 0.45 교착최장  61 | step_limit
Ep 475 |  1000스텝 | 배송 39/50 | 재적재  6 | 정지 0.41 교착최장  40 | step_limit
Ep 476 |  1000스텝 | 배송 34/50 | 재적재  4 | 정지 0.67 교착최장 475 | step_limit
Ep 477 |  1000스텝 | 배송 29/50 | 재적재  3 | 정지 0.61 교착최장 439 | step_limit
Ep 478 |  1000스텝 | 배송 42/50 | 재적재  5 | 정지 0.45 교착최장  76 | step_limit
Ep 479 |  1000스텝 | 배송 37/50 | 재적재  6 | 정지 0.44 교착최장 283 | step_limit
Ep 480 |   787스텝 | 배송 23/50 | 재적재  3 | 정지 0.76 교착최장 500 | no_progress
Ep 481 |  1000스텝 | 배송 31/50 | 재적재  5 | 정지 0.72 교착최장 413 | step_limit
Ep 482 |  1000스텝 | 배송 48/50 | 재적재  9 | 정지 0.37 교착최장  17 | step_limit
Ep 483 |  1000스텝 | 배송 32/50 | 재적재  3 | 정지 0.70 교착최장 129 | step_limit
Ep 484 |   643스텝 | 배송 16/50 | 재적재  0 | 정지 0.85 교착최장 461 | no_progress
Ep 485 |  1000스텝 | 배송 32/50 | 재적재  4 | 정지 0.65 교착최장 381 | step_limit
Ep 486 |  1000스텝 | 배송 39/50 | 재적재  6 | 정지 0.50 교착최장 206 | step_limit
Ep 487 |  1000스텝 | 배송 31/50 | 재적재  3 | 정지 0.65 교착최장 292 | step_limit
Ep 488 |   788스텝 | 배송 17/50 | 재적재  0 | 정지 0.80 교착최장 508 | no_progress
Ep 489 |  1000스텝 | 배송 31/50 | 재적재  3 | 정지 0.60 교착최장 359 | step_limit
Ep 490 |  1000스텝 | 배송 27/50 | 재적재  3 | 정지 0.73 교착최장 357 | step_limit
Ep 491 |   925스텝 | 배송 32/50 | 재적재  3 | 정지 0.65 교착최장 440 | no_progress
Ep 492 |  1000스텝 | 배송 45/50 | 재적재  7 | 정지 0.53 교착최장  56 | step_limit
Ep 493 |  1000스텝 | 배송 48/50 | 재적재  8 | 정지 0.39 교착최장  48 | step_limit
Ep 494 |  1000스텝 | 배송 36/50 | 재적재  4 | 정지 0.58 교착최장 271 | step_limit
Ep 495 |   682스텝 | 배송 15/50 | 재적재  0 | 정지 0.89 교착최장 501 | no_progress
Ep 496 |   884스텝 | 배송 27/50 | 재적재  3 | 정지 0.69 교착최장 417 | no_progress
Ep 497 |  1000스텝 | 배송 41/50 | 재적재  6 | 정지 0.55 교착최장 207 | step_limit
Ep 498 |   655스텝 | 배송 17/50 | 재적재  0 | 정지 0.85 교착최장 489 | no_progress
Ep 499 |   902스텝 | 배송 28/50 | 재적재  4 | 정지 0.75 교착최장 499 | no_progress
Ep 500 |   993스텝 | 배송 28/50 | 재적재  3 | 정지 0.57 교착최장  38 | no_progress
  [홀드아웃] 배송 32.0±9.9 재적재 4.1 2홉+ 0.64 | 최고 38.2@ep150 정체 7/15
Ep 501 |  1000스텝 | 배송 40/50 | 재적재  6 | 정지 0.55 교착최장 194 | step_limit
Ep 502 |  1000스텝 | 배송 31/50 | 재적재  4 | 정지 0.68 교착최장 171 | step_limit
Ep 503 |   641스텝 | 배송 16/50 | 재적재  0 | 정지 0.85 교착최장 497 | no_progress
Ep 504 |  1000스텝 | 배송 38/50 | 재적재  5 | 정지 0.56 교착최장 207 | step_limit
Ep 505 |  1000스텝 | 배송 32/50 | 재적재  4 | 정지 0.68 교착최장 355 | step_limit
Ep 506 |   928스텝 | 배송 20/50 | 재적재  2 | 정지 0.75 교착최장 492 | no_progress
Ep 507 |   910스텝 | 배송 16/50 | 재적재  0 | 정지 0.86 교착최장 500 | no_progress
Ep 508 |  1000스텝 | 배송 44/50 | 재적재  6 | 정지 0.54 교착최장 179 | step_limit
Ep 509 |  1000스텝 | 배송 29/50 | 재적재  2 | 정지 0.78 교착최장 163 | step_limit
Ep 510 |   715스텝 | 배송 18/50 | 재적재  0 | 정지 0.79 교착최장 462 | no_progress
Ep 511 |  1000스텝 | 배송 27/50 | 재적재  3 | 정지 0.68 교착최장 260 | step_limit
Ep 512 |  1000스텝 | 배송 36/50 | 재적재  5 | 정지 0.67 교착최장 253 | step_limit
Ep 513 |  1000스텝 | 배송 39/50 | 재적재  6 | 정지 0.49 교착최장 335 | step_limit
Ep 514 |   647스텝 | 배송 18/50 | 재적재  0 | 정지 0.85 교착최장 487 | no_progress
Ep 515 |   955스텝 | 배송 23/50 | 재적재  2 | 정지 0.77 교착최장 489 | no_progress
Ep 516 |  1000스텝 | 배송 35/50 | 재적재  4 | 정지 0.58 교착최장 216 | step_limit
Ep 517 |   718스텝 | 배송 16/50 | 재적재  0 | 정지 0.83 교착최장 478 | no_progress
Ep 518 |  1000스텝 | 배송 35/50 | 재적재  5 | 정지 0.59 교착최장 178 | step_limit
Ep 519 |  1000스텝 | 배송 42/50 | 재적재  6 | 정지 0.59 교착최장  79 | step_limit
Ep 520 |  1000스텝 | 배송 24/50 | 재적재  4 | 정지 0.73 교착최장 370 | step_limit
Ep 521 |   928스텝 | 배송 26/50 | 재적재  4 | 정지 0.66 교착최장 257 | no_progress
Ep 522 |   862스텝 | 배송 29/50 | 재적재  3 | 정지 0.75 교착최장 435 | no_progress
Ep 523 |  1000스텝 | 배송 41/50 | 재적재  6 | 정지 0.62 교착최장 469 | step_limit
Ep 524 |  1000스텝 | 배송 45/50 | 재적재  7 | 정지 0.49 교착최장  61 | step_limit
Ep 525 |  1000스텝 | 배송 35/50 | 재적재  5 | 정지 0.61 교착최장  74 | step_limit
Ep 526 |  1000스텝 | 배송 38/50 | 재적재  5 | 정지 0.67 교착최장 250 | step_limit
Ep 527 |  1000스텝 | 배송 36/50 | 재적재  5 | 정지 0.66 교착최장 307 | step_limit
Ep 528 |  1000스텝 | 배송 23/50 | 재적재  3 | 정지 0.68 교착최장 143 | step_limit
Ep 529 |  1000스텝 | 배송 38/50 | 재적재  5 | 정지 0.70 교착최장 400 | step_limit
Ep 530 |  1000스텝 | 배송 35/50 | 재적재  4 | 정지 0.63 교착최장 173 | step_limit
Ep 531 |   998스텝 | 배송 28/50 | 재적재  4 | 정지 0.71 교착최장 405 | no_progress
Ep 532 |  1000스텝 | 배송 43/50 | 재적재  6 | 정지 0.58 교착최장 276 | step_limit
Ep 533 |  1000스텝 | 배송 40/50 | 재적재  5 | 정지 0.56 교착최장 213 | step_limit
Ep 534 |   758스텝 | 배송 20/50 | 재적재  1 | 정지 0.84 교착최장 520 | no_progress
Ep 535 |   891스텝 | 배송 50/50 | 재적재  8 | 정지 0.33 교착최장  29 | complete
Ep 536 |  1000스텝 | 배송 46/50 | 재적재  7 | 정지 0.49 교착최장  85 | step_limit
Ep 537 |  1000스텝 | 배송 29/50 | 재적재  4 | 정지 0.69 교착최장 446 | step_limit
Ep 538 |  1000스텝 | 배송 25/50 | 재적재  3 | 정지 0.76 교착최장 283 | step_limit
Ep 539 |   835스텝 | 배송 19/50 | 재적재  1 | 정지 0.81 교착최장 500 | no_progress
Ep 540 |   941스텝 | 배송 25/50 | 재적재  3 | 정지 0.64 교착최장 355 | no_progress
Ep 541 |  1000스텝 | 배송 39/50 | 재적재  5 | 정지 0.59 교착최장 404 | step_limit
Ep 542 |  1000스텝 | 배송 37/50 | 재적재  6 | 정지 0.62 교착최장 234 | step_limit
Ep 543 |  1000스텝 | 배송 30/50 | 재적재  3 | 정지 0.66 교착최장 277 | step_limit
Ep 544 |  1000스텝 | 배송 44/50 | 재적재  7 | 정지 0.41 교착최장  15 | step_limit
Ep 545 |  1000스텝 | 배송 20/50 | 재적재  2 | 정지 0.80 교착최장 375 | step_limit
Ep 546 |  1000스텝 | 배송 35/50 | 재적재  6 | 정지 0.65 교착최장 371 | step_limit
Ep 547 |  1000스텝 | 배송 43/50 | 재적재  7 | 정지 0.56 교착최장 174 | step_limit
Ep 548 |   900스텝 | 배송 29/50 | 재적재  3 | 정지 0.72 교착최장 499 | no_progress
Ep 549 |   925스텝 | 배송 31/50 | 재적재  4 | 정지 0.70 교착최장 453 | no_progress
Ep 550 |  1000스텝 | 배송 44/50 | 재적재  7 | 정지 0.46 교착최장 184 | step_limit
  [홀드아웃] 배송 28.1±7.1 재적재 3.6 2홉+ 0.59 | 최고 38.2@ep150 정체 8/15
Ep 551 |   952스텝 | 배송 20/50 | 재적재  1 | 정지 0.83 교착최장 661 | no_progress
Ep 552 |  1000스텝 | 배송 43/50 | 재적재  6 | 정지 0.45 교착최장 222 | step_limit
Ep 553 |  1000스텝 | 배송 43/50 | 재적재  7 | 정지 0.52 교착최장 137 | step_limit
Ep 554 |   916스텝 | 배송 29/50 | 재적재  3 | 정지 0.77 교착최장 485 | no_progress
Ep 555 |  1000스텝 | 배송 26/50 | 재적재  4 | 정지 0.67 교착최장 439 | step_limit
Ep 556 |  1000스텝 | 배송 45/50 | 재적재  7 | 정지 0.40 교착최장  21 | step_limit
Ep 557 |   741스텝 | 배송 16/50 | 재적재  1 | 정지 0.77 교착최장 359 | no_progress
Ep 558 |   867스텝 | 배송 25/50 | 재적재  3 | 정지 0.75 교착최장 497 | no_progress
Ep 559 |  1000스텝 | 배송 32/50 | 재적재  4 | 정지 0.59 교착최장 378 | step_limit
Ep 560 |  1000스텝 | 배송 41/50 | 재적재  6 | 정지 0.53 교착최장 237 | step_limit
Ep 561 |  1000스텝 | 배송 25/50 | 재적재  3 | 정지 0.75 교착최장 352 | step_limit
Ep 562 |  1000스텝 | 배송 32/50 | 재적재  4 | 정지 0.57 교착최장 107 | step_limit
Ep 563 |   985스텝 | 배송 34/50 | 재적재  4 | 정지 0.72 교착최장 491 | no_progress
Ep 564 |   684스텝 | 배송 14/50 | 재적재  0 | 정지 0.80 교착최장 378 | no_progress
Ep 565 |  1000스텝 | 배송 37/50 | 재적재  5 | 정지 0.62 교착최장 186 | step_limit
Ep 566 |  1000스텝 | 배송 38/50 | 재적재  6 | 정지 0.47 교착최장 201 | step_limit
Ep 567 |   906스텝 | 배송 33/50 | 재적재  4 | 정지 0.69 교착최장 474 | no_progress
Ep 568 |   925스텝 | 배송 26/50 | 재적재  3 | 정지 0.69 교착최장 439 | no_progress
Ep 569 |  1000스텝 | 배송 37/50 | 재적재  4 | 정지 0.52 교착최장 149 | step_limit
Ep 570 |   828스텝 | 배송 28/50 | 재적재  3 | 정지 0.59 교착최장 402 | no_progress
Ep 571 |   967스텝 | 배송 29/50 | 재적재  4 | 정지 0.72 교착최장 486 | no_progress
Ep 572 |  1000스텝 | 배송 41/50 | 재적재  7 | 정지 0.42 교착최장  37 | step_limit
Ep 573 |  1000스텝 | 배송 47/50 | 재적재  9 | 정지 0.38 교착최장  49 | step_limit
Ep 574 |  1000스텝 | 배송 35/50 | 재적재  5 | 정지 0.46 교착최장 293 | step_limit
Ep 575 |  1000스텝 | 배송 31/50 | 재적재  3 | 정지 0.58 교착최장 205 | step_limit
Ep 576 |  1000스텝 | 배송 33/50 | 재적재  5 | 정지 0.57 교착최장 221 | step_limit
Ep 577 |   811스텝 | 배송 18/50 | 재적재  2 | 정지 0.72 교착최장 499 | no_progress
Ep 578 |  1000스텝 | 배송 36/50 | 재적재  5 | 정지 0.63 교착최장 397 | step_limit
Ep 579 |  1000스텝 | 배송 43/50 | 재적재  6 | 정지 0.47 교착최장  58 | step_limit
Ep 580 |  1000스텝 | 배송 39/50 | 재적재  6 | 정지 0.49 교착최장 135 | step_limit
Ep 581 |  1000스텝 | 배송 34/50 | 재적재  5 | 정지 0.54 교착최장 158 | step_limit
Ep 582 |   851스텝 | 배송 26/50 | 재적재  3 | 정지 0.71 교착최장 468 | no_progress
Ep 583 |  1000스텝 | 배송 44/50 | 재적재  6 | 정지 0.45 교착최장  33 | step_limit
Ep 584 |  1000스텝 | 배송 47/50 | 재적재  8 | 정지 0.30 교착최장  22 | step_limit
Ep 585 |  1000스텝 | 배송 34/50 | 재적재  5 | 정지 0.47 교착최장  25 | step_limit
Ep 586 |   975스텝 | 배송 29/50 | 재적재  3 | 정지 0.69 교착최장 499 | no_progress
Ep 587 |  1000스텝 | 배송 43/50 | 재적재  7 | 정지 0.40 교착최장  33 | step_limit
Ep 588 |  1000스텝 | 배송 35/50 | 재적재  5 | 정지 0.57 교착최장 136 | step_limit
Ep 589 |  1000스텝 | 배송 48/50 | 재적재  7 | 정지 0.39 교착최장  27 | step_limit
Ep 590 |  1000스텝 | 배송 31/50 | 재적재  6 | 정지 0.72 교착최장 259 | step_limit
Ep 591 |   815스텝 | 배송 21/50 | 재적재  3 | 정지 0.71 교착최장 382 | no_progress
Ep 592 |  1000스텝 | 배송 24/50 | 재적재  2 | 정지 0.69 교착최장 264 | step_limit
Ep 593 |  1000스텝 | 배송 39/50 | 재적재  6 | 정지 0.50 교착최장 118 | step_limit
Ep 594 |  1000스텝 | 배송 45/50 | 재적재  7 | 정지 0.34 교착최장  20 | step_limit
Ep 595 |  1000스텝 | 배송 45/50 | 재적재  7 | 정지 0.38 교착최장  42 | step_limit
Ep 596 |  1000스텝 | 배송 44/50 | 재적재  6 | 정지 0.42 교착최장  57 | step_limit
Ep 597 |  1000스텝 | 배송 42/50 | 재적재  6 | 정지 0.40 교착최장  39 | step_limit
Ep 598 |  1000스텝 | 배송 41/50 | 재적재  5 | 정지 0.48 교착최장  82 | step_limit
Ep 599 |   916스텝 | 배송 24/50 | 재적재  3 | 정지 0.66 교착최장 465 | no_progress
Ep 600 |  1000스텝 | 배송 43/50 | 재적재  7 | 정지 0.36 교착최장  24 | step_limit
  [홀드아웃] 배송 38.9±6.3 재적재 5.5 2홉+ 0.60 | 최고 38.9@ep600 정체 0/15  ← 갱신
Ep 601 |  1000스텝 | 배송 45/50 | 재적재  8 | 정지 0.29 교착최장  17 | step_limit
Ep 602 |  1000스텝 | 배송 40/50 | 재적재  5 | 정지 0.50 교착최장  99 | step_limit
Ep 603 |   806스텝 | 배송 25/50 | 재적재  3 | 정지 0.71 교착최장 499 | no_progress
Ep 604 |  1000스텝 | 배송 29/50 | 재적재  4 | 정지 0.66 교착최장 260 | step_limit
Ep 605 |  1000스텝 | 배송 41/50 | 재적재  6 | 정지 0.48 교착최장 120 | step_limit
Ep 606 |  1000스텝 | 배송 38/50 | 재적재  6 | 정지 0.47 교착최장  40 | step_limit
Ep 607 |  1000스텝 | 배송 43/50 | 재적재  7 | 정지 0.46 교착최장 197 | step_limit
Ep 608 |  1000스텝 | 배송 35/50 | 재적재  5 | 정지 0.50 교착최장 111 | step_limit
Ep 609 |   788스텝 | 배송 22/50 | 재적재  2 | 정지 0.85 교착최장 503 | no_progress
Ep 610 |  1000스텝 | 배송 40/50 | 재적재  6 | 정지 0.40 교착최장  91 | step_limit
Ep 611 |  1000스텝 | 배송 35/50 | 재적재  5 | 정지 0.38 교착최장  50 | step_limit
Ep 612 |  1000스텝 | 배송 35/50 | 재적재  5 | 정지 0.47 교착최장  55 | step_limit
Ep 613 |  1000스텝 | 배송 49/50 | 재적재  8 | 정지 0.33 교착최장  45 | step_limit
Ep 614 |  1000스텝 | 배송 41/50 | 재적재  6 | 정지 0.43 교착최장  81 | step_limit
Ep 615 |   796스텝 | 배송 25/50 | 재적재  3 | 정지 0.73 교착최장 488 | no_progress
Ep 616 |  1000스텝 | 배송 42/50 | 재적재  6 | 정지 0.43 교착최장  59 | step_limit
Ep 617 |  1000스텝 | 배송 32/50 | 재적재  4 | 정지 0.64 교착최장 372 | step_limit
Ep 618 |  1000스텝 | 배송 40/50 | 재적재  5 | 정지 0.51 교착최장  61 | step_limit
Ep 619 |   692스텝 | 배송 13/50 | 재적재  0 | 정지 0.79 교착최장 484 | no_progress
Ep 620 |   815스텝 | 배송 25/50 | 재적재  3 | 정지 0.76 교착최장 471 | no_progress
Ep 621 |  1000스텝 | 배송 39/50 | 재적재  5 | 정지 0.53 교착최장  70 | step_limit
Ep 622 |  1000스텝 | 배송 37/50 | 재적재  5 | 정지 0.46 교착최장  62 | step_limit
Ep 623 |  1000스텝 | 배송 41/50 | 재적재  5 | 정지 0.50 교착최장  89 | step_limit
Ep 624 |  1000스텝 | 배송 40/50 | 재적재  5 | 정지 0.39 교착최장  47 | step_limit
Ep 625 |   781스텝 | 배송 17/50 | 재적재  1 | 정지 0.77 교착최장 339 | no_progress
Ep 626 |   774스텝 | 배송 21/50 | 재적재  2 | 정지 0.77 교착최장 464 | no_progress
Ep 627 |  1000스텝 | 배송 40/50 | 재적재  6 | 정지 0.40 교착최장  70 | step_limit
Ep 628 |  1000스텝 | 배송 45/50 | 재적재  8 | 정지 0.33 교착최장  32 | step_limit
Ep 629 |  1000스텝 | 배송 30/50 | 재적재  3 | 정지 0.66 교착최장 171 | step_limit
Ep 630 |  1000스텝 | 배송 41/50 | 재적재  5 | 정지 0.48 교착최장 139 | step_limit
Ep 631 |  1000스텝 | 배송 32/50 | 재적재  5 | 정지 0.61 교착최장 178 | step_limit
Ep 632 |  1000스텝 | 배송 31/50 | 재적재  4 | 정지 0.61 교착최장 376 | step_limit
Ep 633 |  1000스텝 | 배송 39/50 | 재적재  5 | 정지 0.60 교착최장 192 | step_limit
Ep 634 |  1000스텝 | 배송 45/50 | 재적재  7 | 정지 0.45 교착최장 159 | step_limit
Ep 635 |  1000스텝 | 배송 37/50 | 재적재  6 | 정지 0.51 교착최장  86 | step_limit
Ep 636 |   899스텝 | 배송 32/50 | 재적재  3 | 정지 0.69 교착최장 499 | no_progress
Ep 637 |  1000스텝 | 배송 44/50 | 재적재  8 | 정지 0.34 교착최장  29 | step_limit
Ep 638 |  1000스텝 | 배송 35/50 | 재적재  4 | 정지 0.67 교착최장 252 | step_limit
Ep 639 |   811스텝 | 배송 19/50 | 재적재  1 | 정지 0.79 교착최장 488 | no_progress
Ep 640 |   999스텝 | 배송 28/50 | 재적재  4 | 정지 0.72 교착최장 441 | no_progress
Ep 641 |   908스텝 | 배송 25/50 | 재적재  3 | 정지 0.75 교착최장 407 | no_progress
Ep 642 |  1000스텝 | 배송 32/50 | 재적재  5 | 정지 0.65 교착최장 403 | step_limit
Ep 643 |  1000스텝 | 배송 37/50 | 재적재  4 | 정지 0.64 교착최장 351 | step_limit
Ep 644 |   915스텝 | 배송 25/50 | 재적재  3 | 정지 0.76 교착최장 465 | no_progress
Ep 645 |   657스텝 | 배송 15/50 | 재적재  0 | 정지 0.86 교착최장 468 | no_progress
Ep 646 |  1000스텝 | 배송 46/50 | 재적재  8 | 정지 0.28 교착최장  24 | step_limit
Ep 647 |  1000스텝 | 배송 41/50 | 재적재  6 | 정지 0.46 교착최장  28 | step_limit
Ep 648 |  1000스텝 | 배송 43/50 | 재적재  7 | 정지 0.53 교착최장  80 | step_limit
Ep 649 |   865스텝 | 배송 21/50 | 재적재  1 | 정지 0.82 교착최장 501 | no_progress
Ep 650 |  1000스텝 | 배송 42/50 | 재적재  6 | 정지 0.45 교착최장  71 | step_limit
  [홀드아웃] 배송 31.6±8.0 재적재 3.8 2홉+ 0.59 | 최고 38.9@ep600 정체 1/15
Ep 651 |  1000스텝 | 배송 13/50 | 재적재  0 | 정지 0.93 교착최장 398 | step_limit
Ep 652 |  1000스텝 | 배송 40/50 | 재적재  6 | 정지 0.48 교착최장  51 | step_limit
Ep 653 |   933스텝 | 배송 31/50 | 재적재  4 | 정지 0.68 교착최장 483 | no_progress
Ep 654 |   810스텝 | 배송 22/50 | 재적재  2 | 정지 0.72 교착최장 467 | no_progress
Ep 655 |   724스텝 | 배송 23/50 | 재적재  2 | 정지 0.75 교착최장 474 | no_progress
Ep 656 |  1000스텝 | 배송 31/50 | 재적재  3 | 정지 0.69 교착최장 460 | step_limit
Ep 657 |  1000스텝 | 배송 37/50 | 재적재  6 | 정지 0.51 교착최장 200 | step_limit
Ep 658 |  1000스텝 | 배송 35/50 | 재적재  4 | 정지 0.52 교착최장  86 | step_limit
Ep 659 |  1000스텝 | 배송 28/50 | 재적재  5 | 정지 0.58 교착최장 321 | step_limit
Ep 660 |  1000스텝 | 배송 36/50 | 재적재  5 | 정지 0.58 교착최장 268 | step_limit
Ep 661 |  1000스텝 | 배송 39/50 | 재적재  5 | 정지 0.54 교착최장  52 | step_limit
Ep 662 |   827스텝 | 배송 23/50 | 재적재  3 | 정지 0.72 교착최장 385 | no_progress
Ep 663 |   830스텝 | 배송 18/50 | 재적재  0 | 정지 0.71 교착최장 428 | no_progress
Ep 664 |  1000스텝 | 배송 44/50 | 재적재  7 | 정지 0.38 교착최장  25 | step_limit
Ep 665 |  1000스텝 | 배송 35/50 | 재적재  5 | 정지 0.47 교착최장 133 | step_limit
Ep 666 |  1000스텝 | 배송 31/50 | 재적재  3 | 정지 0.49 교착최장  29 | step_limit
Ep 667 |  1000스텝 | 배송 43/50 | 재적재  7 | 정지 0.26 교착최장  30 | step_limit
Ep 668 |  1000스텝 | 배송 24/50 | 재적재  2 | 정지 0.75 교착최장 379 | step_limit
Ep 669 |  1000스텝 | 배송 36/50 | 재적재  5 | 정지 0.63 교착최장 249 | step_limit
Ep 670 |  1000스텝 | 배송 35/50 | 재적재  5 | 정지 0.68 교착최장 200 | step_limit
Ep 671 |   723스텝 | 배송 14/50 | 재적재  0 | 정지 0.88 교착최장 574 | no_progress
Ep 672 |  1000스텝 | 배송 37/50 | 재적재  6 | 정지 0.45 교착최장  56 | step_limit
Ep 673 |  1000스텝 | 배송 49/50 | 재적재  8 | 정지 0.51 교착최장 202 | step_limit
Ep 674 |   810스텝 | 배송 24/50 | 재적재  2 | 정지 0.70 교착최장 493 | no_progress
Ep 675 |  1000스텝 | 배송 32/50 | 재적재  5 | 정지 0.58 교착최장 212 | step_limit
Ep 676 |  1000스텝 | 배송 36/50 | 재적재  6 | 정지 0.48 교착최장 102 | step_limit
Ep 677 |  1000스텝 | 배송 37/50 | 재적재  6 | 정지 0.52 교착최장 223 | step_limit
Ep 678 |  1000스텝 | 배송 40/50 | 재적재  7 | 정지 0.46 교착최장  45 | step_limit
Ep 679 |  1000스텝 | 배송 27/50 | 재적재  3 | 정지 0.55 교착최장 307 | step_limit
Ep 680 |  1000스텝 | 배송 33/50 | 재적재  5 | 정지 0.63 교착최장 317 | step_limit
Ep 681 |  1000스텝 | 배송 22/50 | 재적재  2 | 정지 0.77 교착최장 450 | step_limit
Ep 682 |  1000스텝 | 배송 33/50 | 재적재  5 | 정지 0.59 교착최장 248 | step_limit
Ep 683 |  1000스텝 | 배송 26/50 | 재적재  2 | 정지 0.68 교착최장 217 | step_limit
Ep 684 |  1000스텝 | 배송 38/50 | 재적재  6 | 정지 0.47 교착최장  50 | step_limit
Ep 685 |  1000스텝 | 배송 38/50 | 재적재  6 | 정지 0.60 교착최장 131 | step_limit
Ep 686 |  1000스텝 | 배송 31/50 | 재적재  4 | 정지 0.62 교착최장 337 | step_limit
Ep 687 |  1000스텝 | 배송 19/50 | 재적재  1 | 정지 0.75 교착최장 396 | step_limit
Ep 688 |   931스텝 | 배송 27/50 | 재적재  3 | 정지 0.72 교착최장 489 | no_progress
Ep 689 |  1000스텝 | 배송 39/50 | 재적재  6 | 정지 0.53 교착최장 318 | step_limit
Ep 690 |  1000스텝 | 배송 40/50 | 재적재  5 | 정지 0.54 교착최장 242 | step_limit
Ep 691 |  1000스텝 | 배송 40/50 | 재적재  6 | 정지 0.44 교착최장  66 | step_limit
Ep 692 |  1000스텝 | 배송 32/50 | 재적재  5 | 정지 0.54 교착최장  94 | step_limit
Ep 693 |  1000스텝 | 배송 25/50 | 재적재  2 | 정지 0.72 교착최장 180 | step_limit
Ep 694 |  1000스텝 | 배송 38/50 | 재적재  4 | 정지 0.63 교착최장 123 | step_limit
Ep 695 |  1000스텝 | 배송 39/50 | 재적재  5 | 정지 0.48 교착최장  95 | step_limit
Ep 696 |   836스텝 | 배송 25/50 | 재적재  3 | 정지 0.66 교착최장 499 | no_progress
Ep 697 |   773스텝 | 배송 21/50 | 재적재  2 | 정지 0.67 교착최장 421 | no_progress
Ep 698 |  1000스텝 | 배송 34/50 | 재적재  4 | 정지 0.58 교착최장 217 | step_limit
Ep 699 |  1000스텝 | 배송 35/50 | 재적재  5 | 정지 0.65 교착최장 336 | step_limit
Ep 700 |   986스텝 | 배송 32/50 | 재적재  4 | 정지 0.66 교착최장 469 | no_progress
  [홀드아웃] 배송 37.3±4.8 재적재 5.1 2홉+ 0.61 | 최고 38.9@ep600 정체 2/15
Ep 701 |   934스텝 | 배송 25/50 | 재적재  2 | 정지 0.69 교착최장 470 | no_progress
Ep 702 |   883스텝 | 배송 29/50 | 재적재  4 | 정지 0.66 교착최장 462 | no_progress
Ep 703 |  1000스텝 | 배송 37/50 | 재적재  5 | 정지 0.65 교착최장 256 | step_limit
Ep 704 |   989스텝 | 배송 29/50 | 재적재  4 | 정지 0.68 교착최장 501 | no_progress
Ep 705 |   922스텝 | 배송 22/50 | 재적재  2 | 정지 0.78 교착최장 499 | no_progress
Ep 706 |  1000스텝 | 배송 34/50 | 재적재  5 | 정지 0.57 교착최장 155 | step_limit
Ep 707 |  1000스텝 | 배송 40/50 | 재적재  6 | 정지 0.42 교착최장  57 | step_limit
Ep 708 |  1000스텝 | 배송 39/50 | 재적재  5 | 정지 0.53 교착최장 141 | step_limit
Ep 709 |  1000스텝 | 배송 39/50 | 재적재  6 | 정지 0.44 교착최장  57 | step_limit
Ep 710 |  1000스텝 | 배송 35/50 | 재적재  5 | 정지 0.49 교착최장 113 | step_limit
Ep 711 |   757스텝 | 배송 19/50 | 재적재  2 | 정지 0.70 교착최장 447 | no_progress
Ep 712 |  1000스텝 | 배송 31/50 | 재적재  5 | 정지 0.68 교착최장 419 | step_limit
Ep 713 |  1000스텝 | 배송 28/50 | 재적재  4 | 정지 0.66 교착최장 161 | step_limit
Ep 714 |  1000스텝 | 배송 36/50 | 재적재  6 | 정지 0.49 교착최장  89 | step_limit
Ep 715 |  1000스텝 | 배송 40/50 | 재적재  5 | 정지 0.50 교착최장  38 | step_limit
Ep 716 |   852스텝 | 배송 24/50 | 재적재  3 | 정지 0.70 교착최장 499 | no_progress
Ep 717 |  1000스텝 | 배송 44/50 | 재적재  6 | 정지 0.48 교착최장  83 | step_limit
Ep 718 |   980스텝 | 배송 25/50 | 재적재  3 | 정지 0.74 교착최장 498 | no_progress
Ep 719 |  1000스텝 | 배송 43/50 | 재적재  7 | 정지 0.50 교착최장 186 | step_limit
Ep 720 |  1000스텝 | 배송 24/50 | 재적재  3 | 정지 0.75 교착최장 475 | step_limit
Ep 721 |  1000스텝 | 배송 38/50 | 재적재  5 | 정지 0.54 교착최장 213 | step_limit
Ep 722 |   754스텝 | 배송 21/50 | 재적재  2 | 정지 0.79 교착최장 495 | no_progress
Ep 723 |   979스텝 | 배송 38/50 | 재적재  4 | 정지 0.66 교착최장 486 | no_progress
Ep 724 |  1000스텝 | 배송 32/50 | 재적재  5 | 정지 0.59 교착최장 254 | step_limit
Ep 725 |   699스텝 | 배송 18/50 | 재적재  2 | 정지 0.76 교착최장 426 | no_progress
Ep 726 |   737스텝 | 배송 20/50 | 재적재  1 | 정지 0.77 교착최장 483 | no_progress
Ep 727 |  1000스텝 | 배송 38/50 | 재적재  5 | 정지 0.68 교착최장 325 | step_limit
Ep 728 |  1000스텝 | 배송 46/50 | 재적재  8 | 정지 0.43 교착최장 180 | step_limit
Ep 729 |   831스텝 | 배송 21/50 | 재적재  2 | 정지 0.66 교착최장 409 | no_progress
Ep 730 |   899스텝 | 배송 25/50 | 재적재  3 | 정지 0.71 교착최장 488 | no_progress
Ep 731 |  1000스텝 | 배송 34/50 | 재적재  4 | 정지 0.61 교착최장 284 | step_limit
Ep 732 |  1000스텝 | 배송 42/50 | 재적재  6 | 정지 0.47 교착최장  67 | step_limit
Ep 733 |   801스텝 | 배송 26/50 | 재적재  4 | 정지 0.71 교착최장 434 | no_progress
Ep 734 |  1000스텝 | 배송 33/50 | 재적재  4 | 정지 0.66 교착최장 418 | step_limit
Ep 735 |  1000스텝 | 배송 26/50 | 재적재  3 | 정지 0.61 교착최장 427 | step_limit
Ep 736 |  1000스텝 | 배송 42/50 | 재적재  6 | 정지 0.49 교착최장 198 | step_limit
Ep 737 |  1000스텝 | 배송 41/50 | 재적재  6 | 정지 0.44 교착최장  46 | step_limit
Ep 738 |   847스텝 | 배송 26/50 | 재적재  3 | 정지 0.71 교착최장 186 | no_progress
Ep 739 |  1000스텝 | 배송 33/50 | 재적재  6 | 정지 0.57 교착최장 178 | step_limit
Ep 740 |  1000스텝 | 배송 37/50 | 재적재  5 | 정지 0.45 교착최장  64 | step_limit
Ep 741 |  1000스텝 | 배송 32/50 | 재적재  4 | 정지 0.59 교착최장 328 | step_limit
Ep 742 |  1000스텝 | 배송 37/50 | 재적재  5 | 정지 0.56 교착최장  58 | step_limit
Ep 743 |  1000스텝 | 배송 47/50 | 재적재  7 | 정지 0.42 교착최장  50 | step_limit
Ep 744 |  1000스텝 | 배송 43/50 | 재적재  7 | 정지 0.35 교착최장  39 | step_limit
Ep 745 |   957스텝 | 배송 34/50 | 재적재  4 | 정지 0.65 교착최장 432 | no_progress
Ep 746 |  1000스텝 | 배송 41/50 | 재적재  6 | 정지 0.32 교착최장  34 | step_limit
Ep 747 |   839스텝 | 배송 26/50 | 재적재  3 | 정지 0.67 교착최장 403 | no_progress
Ep 748 |   943스텝 | 배송 26/50 | 재적재  4 | 정지 0.64 교착최장 376 | no_progress
Ep 749 |  1000스텝 | 배송 44/50 | 재적재  7 | 정지 0.39 교착최장  45 | step_limit
Ep 750 |  1000스텝 | 배송 39/50 | 재적재  6 | 정지 0.40 교착최장 174 | step_limit
  [홀드아웃] 배송 35.2±6.1 재적재 4.9 2홉+ 0.60 | 최고 38.9@ep600 정체 3/15
Ep 751 |   709스텝 | 배송 19/50 | 재적재  2 | 정지 0.72 교착최장 423 | no_progress
Ep 752 |  1000스텝 | 배송 42/50 | 재적재  7 | 정지 0.42 교착최장  69 | step_limit
Ep 753 |   887스텝 | 배송 27/50 | 재적재  4 | 정지 0.67 교착최장 480 | no_progress
Ep 754 |   879스텝 | 배송 29/50 | 재적재  3 | 정지 0.69 교착최장 472 | no_progress
Ep 755 |  1000스텝 | 배송 40/50 | 재적재  6 | 정지 0.44 교착최장  41 | step_limit
Ep 756 |  1000스텝 | 배송 34/50 | 재적재  4 | 정지 0.64 교착최장 361 | step_limit
Ep 757 |  1000스텝 | 배송 40/50 | 재적재  6 | 정지 0.31 교착최장  20 | step_limit
Ep 758 |  1000스텝 | 배송 36/50 | 재적재  6 | 정지 0.64 교착최장 430 | step_limit
Ep 759 |  1000스텝 | 배송 31/50 | 재적재  5 | 정지 0.56 교착최장 287 | step_limit
Ep 760 |  1000스텝 | 배송 36/50 | 재적재  5 | 정지 0.48 교착최장  61 | step_limit
Ep 761 |  1000스텝 | 배송 35/50 | 재적재  5 | 정지 0.56 교착최장 118 | step_limit
Ep 762 |  1000스텝 | 배송 40/50 | 재적재  6 | 정지 0.38 교착최장  46 | step_limit
Ep 763 |  1000스텝 | 배송 34/50 | 재적재  5 | 정지 0.51 교착최장  97 | step_limit
Ep 764 |  1000스텝 | 배송 45/50 | 재적재  7 | 정지 0.40 교착최장  41 | step_limit
Ep 765 |  1000스텝 | 배송 36/50 | 재적재  5 | 정지 0.48 교착최장  62 | step_limit
Ep 766 |  1000스텝 | 배송 37/50 | 재적재  4 | 정지 0.43 교착최장  29 | step_limit
Ep 767 |  1000스텝 | 배송 38/50 | 재적재  6 | 정지 0.43 교착최장  35 | step_limit
Ep 768 |   764스텝 | 배송 20/50 | 재적재  2 | 정지 0.75 교착최장 466 | no_progress
Ep 769 |   901스텝 | 배송 23/50 | 재적재  1 | 정지 0.69 교착최장 459 | no_progress
Ep 770 |  1000스텝 | 배송 34/50 | 재적재  6 | 정지 0.45 교착최장  53 | step_limit
Ep 771 |  1000스텝 | 배송 42/50 | 재적재  7 | 정지 0.31 교착최장  22 | step_limit
Ep 772 |   654스텝 | 배송 14/50 | 재적재  0 | 정지 0.78 교착최장 445 | no_progress
Ep 773 |  1000스텝 | 배송 34/50 | 재적재  4 | 정지 0.63 교착최장 192 | step_limit
Ep 774 |   841스텝 | 배송 20/50 | 재적재  1 | 정지 0.60 교착최장 470 | no_progress
Ep 775 |   972스텝 | 배송 30/50 | 재적재  4 | 정지 0.65 교착최장 401 | no_progress
Ep 776 |  1000스텝 | 배송 47/50 | 재적재  7 | 정지 0.35 교착최장  36 | step_limit
Ep 777 |  1000스텝 | 배송 35/50 | 재적재  5 | 정지 0.70 교착최장 466 | step_limit
Ep 778 |  1000스텝 | 배송 37/50 | 재적재  4 | 정지 0.61 교착최장 265 | step_limit
Ep 779 |   975스텝 | 배송 31/50 | 재적재  4 | 정지 0.66 교착최장 474 | no_progress
Ep 780 |  1000스텝 | 배송 25/50 | 재적재  4 | 정지 0.58 교착최장 114 | step_limit
Ep 781 |   837스텝 | 배송 24/50 | 재적재  3 | 정지 0.54 교착최장 187 | no_progress
Ep 782 |  1000스텝 | 배송 42/50 | 재적재  7 | 정지 0.34 교착최장  34 | step_limit
Ep 783 |   889스텝 | 배송 24/50 | 재적재  3 | 정지 0.68 교착최장 396 | no_progress
Ep 784 |   829스텝 | 배송 27/50 | 재적재  3 | 정지 0.69 교착최장 410 | no_progress
Ep 785 |  1000스텝 | 배송 36/50 | 재적재  5 | 정지 0.57 교착최장 145 | step_limit
Ep 786 |  1000스텝 | 배송 42/50 | 재적재  7 | 정지 0.46 교착최장  85 | step_limit
Ep 787 |  1000스텝 | 배송 37/50 | 재적재  6 | 정지 0.56 교착최장  80 | step_limit
Ep 788 |  1000스텝 | 배송 47/50 | 재적재  8 | 정지 0.35 교착최장  90 | step_limit
Ep 789 |   833스텝 | 배송 21/50 | 재적재  2 | 정지 0.76 교착최장 510 | no_progress
Ep 790 |   767스텝 | 배송 20/50 | 재적재  2 | 정지 0.58 교착최장 350 | no_progress
Ep 791 |  1000스텝 | 배송 19/50 | 재적재  2 | 정지 0.80 교착최장 366 | step_limit
Ep 792 |  1000스텝 | 배송 35/50 | 재적재  5 | 정지 0.50 교착최장 112 | step_limit
Ep 793 |  1000스텝 | 배송 37/50 | 재적재  5 | 정지 0.52 교착최장 116 | step_limit
Ep 794 |  1000스텝 | 배송 33/50 | 재적재  5 | 정지 0.52 교착최장 164 | step_limit
Ep 795 |  1000스텝 | 배송 40/50 | 재적재  6 | 정지 0.55 교착최장 205 | step_limit
Ep 796 |  1000스텝 | 배송 45/50 | 재적재  8 | 정지 0.39 교착최장  34 | step_limit
Ep 797 |  1000스텝 | 배송 31/50 | 재적재  3 | 정지 0.57 교착최장 333 | step_limit
Ep 798 |  1000스텝 | 배송 21/50 | 재적재  2 | 정지 0.75 교착최장 208 | step_limit
Ep 799 |   872스텝 | 배송 23/50 | 재적재  3 | 정지 0.56 교착최장 321 | no_progress
Ep 800 |  1000스텝 | 배송 33/50 | 재적재  4 | 정지 0.62 교착최장 324 | step_limit
  [홀드아웃] 배송 34.6±9.2 재적재 4.8 2홉+ 0.60 | 최고 38.9@ep600 정체 4/15
Ep 801 |   955스텝 | 배송 31/50 | 재적재  3 | 정지 0.76 교착최장 453 | no_progress
Ep 802 |  1000스텝 | 배송 32/50 | 재적재  4 | 정지 0.70 교착최장 414 | step_limit
Ep 803 |  1000스텝 | 배송 24/50 | 재적재  3 | 정지 0.67 교착최장 437 | step_limit
Ep 804 |  1000스텝 | 배송 29/50 | 재적재  3 | 정지 0.65 교착최장 294 | step_limit
Ep 805 |  1000스텝 | 배송 38/50 | 재적재  6 | 정지 0.60 교착최장 172 | step_limit
Ep 806 |  1000스텝 | 배송 31/50 | 재적재  4 | 정지 0.68 교착최장 397 | step_limit
Ep 807 |   598스텝 | 배송 13/50 | 재적재  0 | 정지 0.80 교착최장 491 | no_progress
Ep 808 |  1000스텝 | 배송 41/50 | 재적재  6 | 정지 0.47 교착최장  50 | step_limit
Ep 809 |   735스텝 | 배송 21/50 | 재적재  3 | 정지 0.68 교착최장 422 | no_progress
Ep 810 |   964스텝 | 배송 22/50 | 재적재  3 | 정지 0.72 교착최장 353 | no_progress
Ep 811 |  1000스텝 | 배송 28/50 | 재적재  4 | 정지 0.61 교착최장  94 | step_limit
Ep 812 |  1000스텝 | 배송 33/50 | 재적재  4 | 정지 0.56 교착최장 389 | step_limit
Ep 813 |   834스텝 | 배송 21/50 | 재적재  2 | 정지 0.76 교착최장 302 | no_progress
Ep 814 |  1000스텝 | 배송 45/50 | 재적재  7 | 정지 0.38 교착최장  73 | step_limit
Ep 815 |  1000스텝 | 배송 30/50 | 재적재  4 | 정지 0.73 교착최장 417 | step_limit
Ep 816 |  1000스텝 | 배송 26/50 | 재적재  3 | 정지 0.68 교착최장 218 | step_limit
Ep 817 |  1000스텝 | 배송 38/50 | 재적재  7 | 정지 0.49 교착최장  94 | step_limit
Ep 818 |  1000스텝 | 배송 32/50 | 재적재  4 | 정지 0.60 교착최장 433 | step_limit
Ep 819 |  1000스텝 | 배송 32/50 | 재적재  4 | 정지 0.64 교착최장 221 | step_limit
Ep 820 |   875스텝 | 배송 22/50 | 재적재  2 | 정지 0.80 교착최장 517 | no_progress
Ep 821 |  1000스텝 | 배송 29/50 | 재적재  3 | 정지 0.63 교착최장 354 | step_limit
Ep 822 |  1000스텝 | 배송 36/50 | 재적재  5 | 정지 0.58 교착최장 214 | step_limit
Ep 823 |  1000스텝 | 배송 43/50 | 재적재  7 | 정지 0.48 교착최장 133 | step_limit
Ep 824 |  1000스텝 | 배송 34/50 | 재적재  5 | 정지 0.49 교착최장  79 | step_limit
Ep 825 |  1000스텝 | 배송 32/50 | 재적재  5 | 정지 0.65 교착최장 388 | step_limit
Ep 826 |  1000스텝 | 배송 38/50 | 재적재  5 | 정지 0.61 교착최장 136 | step_limit
Ep 827 |  1000스텝 | 배송 30/50 | 재적재  4 | 정지 0.64 교착최장 134 | step_limit
Ep 828 |   788스텝 | 배송 15/50 | 재적재  1 | 정지 0.74 교착최장 445 | no_progress
Ep 829 |  1000스텝 | 배송 38/50 | 재적재  5 | 정지 0.65 교착최장 396 | step_limit
Ep 830 |  1000스텝 | 배송 33/50 | 재적재  5 | 정지 0.62 교착최장 125 | step_limit
Ep 831 |   775스텝 | 배송 22/50 | 재적재  2 | 정지 0.77 교착최장 532 | no_progress
Ep 832 |  1000스텝 | 배송 44/50 | 재적재  7 | 정지 0.49 교착최장 131 | step_limit
Ep 833 |  1000스텝 | 배송 38/50 | 재적재  6 | 정지 0.57 교착최장 102 | step_limit
Ep 834 |  1000스텝 | 배송 41/50 | 재적재  6 | 정지 0.54 교착최장 122 | step_limit
Ep 835 |  1000스텝 | 배송 27/50 | 재적재  3 | 정지 0.72 교착최장 354 | step_limit
Ep 836 |  1000스텝 | 배송 32/50 | 재적재  5 | 정지 0.60 교착최장 409 | step_limit
Ep 837 |  1000스텝 | 배송 30/50 | 재적재  4 | 정지 0.63 교착최장 199 | step_limit
Ep 838 |  1000스텝 | 배송 27/50 | 재적재  4 | 정지 0.69 교착최장 332 | step_limit
Ep 839 |   809스텝 | 배송 22/50 | 재적재  2 | 정지 0.66 교착최장 467 | no_progress
Ep 840 |  1000스텝 | 배송 35/50 | 재적재  4 | 정지 0.61 교착최장 344 | step_limit
Ep 841 |  1000스텝 | 배송 38/50 | 재적재  6 | 정지 0.56 교착최장 174 | step_limit
Ep 842 |   863스텝 | 배송 27/50 | 재적재  3 | 정지 0.69 교착최장 462 | no_progress
Ep 843 |   864스텝 | 배송 22/50 | 재적재  2 | 정지 0.79 교착최장 584 | no_progress
Ep 844 |   678스텝 | 배송 17/50 | 재적재  0 | 정지 0.79 교착최장 471 | no_progress
Ep 845 |  1000스텝 | 배송 44/50 | 재적재  6 | 정지 0.49 교착최장  69 | step_limit
Ep 846 |  1000스텝 | 배송 44/50 | 재적재  7 | 정지 0.45 교착최장 114 | step_limit
Ep 847 |  1000스텝 | 배송 33/50 | 재적재  4 | 정지 0.60 교착최장 467 | step_limit
Ep 848 |   942스텝 | 배송 30/50 | 재적재  4 | 정지 0.70 교착최장 446 | no_progress
Ep 849 |   960스텝 | 배송 28/50 | 재적재  4 | 정지 0.71 교착최장 428 | no_progress
Ep 850 |   585스텝 | 배송 13/50 | 재적재  0 | 정지 0.79 교착최장 490 | no_progress
  [홀드아웃] 배송 28.0±8.5 재적재 3.2 2홉+ 0.63 | 최고 38.9@ep600 정체 5/15
Ep 851 |  1000스텝 | 배송 48/50 | 재적재  8 | 정지 0.43 교착최장 116 | step_limit
Ep 852 |  1000스텝 | 배송 27/50 | 재적재  4 | 정지 0.70 교착최장 279 | step_limit
Ep 853 |  1000스텝 | 배송 29/50 | 재적재  3 | 정지 0.68 교착최장 375 | step_limit
Ep 854 |   852스텝 | 배송 23/50 | 재적재  2 | 정지 0.78 교착최장 499 | no_progress
Ep 855 |   826스텝 | 배송 18/50 | 재적재  1 | 정지 0.83 교착최장 457 | no_progress
Ep 856 |  1000스텝 | 배송 42/50 | 재적재  6 | 정지 0.60 교착최장 216 | step_limit
Ep 857 |   944스텝 | 배송 25/50 | 재적재  2 | 정지 0.78 교착최장 484 | no_progress
Ep 858 |  1000스텝 | 배송 42/50 | 재적재  6 | 정지 0.45 교착최장  38 | step_limit
Ep 859 |  1000스텝 | 배송 26/50 | 재적재  3 | 정지 0.74 교착최장 356 | step_limit
Ep 860 |  1000스텝 | 배송 36/50 | 재적재  5 | 정지 0.63 교착최장 166 | step_limit
Ep 861 |  1000스텝 | 배송 38/50 | 재적재  4 | 정지 0.65 교착최장 287 | step_limit
Ep 862 |  1000스텝 | 배송 42/50 | 재적재  7 | 정지 0.48 교착최장  92 | step_limit
Ep 863 |   969스텝 | 배송 24/50 | 재적재  4 | 정지 0.73 교착최장 250 | no_progress
Ep 864 |  1000스텝 | 배송 41/50 | 재적재  6 | 정지 0.62 교착최장 167 | step_limit
Ep 865 |   897스텝 | 배송 31/50 | 재적재  4 | 정지 0.55 교착최장 471 | no_progress
Ep 866 |  1000스텝 | 배송 26/50 | 재적재  3 | 정지 0.69 교착최장 449 | step_limit
Ep 867 |  1000스텝 | 배송 33/50 | 재적재  5 | 정지 0.63 교착최장 265 | step_limit
Ep 868 |  1000스텝 | 배송 26/50 | 재적재  3 | 정지 0.72 교착최장 330 | step_limit
Ep 869 |  1000스텝 | 배송 33/50 | 재적재  5 | 정지 0.66 교착최장 319 | step_limit
Ep 870 |   687스텝 | 배송 14/50 | 재적재  0 | 정지 0.84 교착최장 465 | no_progress
Ep 871 |  1000스텝 | 배송 46/50 | 재적재  7 | 정지 0.51 교착최장 225 | step_limit
Ep 872 |   825스텝 | 배송 19/50 | 재적재  2 | 정지 0.80 교착최장 499 | no_progress
Ep 873 |   839스텝 | 배송 24/50 | 재적재  2 | 정지 0.72 교착최장 511 | no_progress
Ep 874 |   850스텝 | 배송 20/50 | 재적재  2 | 정지 0.81 교착최장 509 | no_progress
Ep 875 |   869스텝 | 배송 19/50 | 재적재  1 | 정지 0.75 교착최장 271 | no_progress
Ep 876 |  1000스텝 | 배송 40/50 | 재적재  5 | 정지 0.58 교착최장 120 | step_limit
Ep 877 |  1000스텝 | 배송 37/50 | 재적재  5 | 정지 0.60 교착최장 233 | step_limit
Ep 878 |  1000스텝 | 배송 29/50 | 재적재  3 | 정지 0.63 교착최장 224 | step_limit
Ep 879 |   887스텝 | 배송 23/50 | 재적재  1 | 정지 0.71 교착최장 464 | no_progress
Ep 880 |  1000스텝 | 배송 35/50 | 재적재  6 | 정지 0.65 교착최장 339 | step_limit
Ep 881 |  1000스텝 | 배송 25/50 | 재적재  4 | 정지 0.64 교착최장 342 | step_limit
Ep 882 |   952스텝 | 배송 29/50 | 재적재  3 | 정지 0.77 교착최장 464 | no_progress
Ep 883 |   927스텝 | 배송 25/50 | 재적재  3 | 정지 0.68 교착최장 469 | no_progress
Ep 884 |  1000스텝 | 배송 31/50 | 재적재  4 | 정지 0.75 교착최장 478 | step_limit
Ep 885 |  1000스텝 | 배송 24/50 | 재적재  4 | 정지 0.73 교착최장 477 | step_limit
Ep 886 |  1000스텝 | 배송 38/50 | 재적재  5 | 정지 0.64 교착최장 252 | step_limit
Ep 887 |  1000스텝 | 배송 43/50 | 재적재  6 | 정지 0.55 교착최장  72 | step_limit
Ep 888 |  1000스텝 | 배송 40/50 | 재적재  5 | 정지 0.45 교착최장  79 | step_limit
Ep 889 |  1000스텝 | 배송 43/50 | 재적재  8 | 정지 0.50 교착최장  35 | step_limit
Ep 890 |  1000스텝 | 배송 32/50 | 재적재  6 | 정지 0.57 교착최장 254 | step_limit
Ep 891 |   863스텝 | 배송 31/50 | 재적재  4 | 정지 0.67 교착최장 461 | no_progress
Ep 892 |   669스텝 | 배송 18/50 | 재적재  0 | 정지 0.57 교착최장  30 | no_progress
Ep 893 |  1000스텝 | 배송 38/50 | 재적재  5 | 정지 0.69 교착최장 453 | step_limit
Ep 894 |   864스텝 | 배송 24/50 | 재적재  3 | 정지 0.75 교착최장 499 | no_progress
Ep 895 |  1000스텝 | 배송 44/50 | 재적재  7 | 정지 0.50 교착최장  96 | step_limit
Ep 896 |   868스텝 | 배송 17/50 | 재적재  0 | 정지 0.83 교착최장 485 | no_progress
Ep 897 |   896스텝 | 배송 23/50 | 재적재  4 | 정지 0.70 교착최장 431 | no_progress
Ep 898 |   950스텝 | 배송 37/50 | 재적재  5 | 정지 0.64 교착최장 393 | no_progress
Ep 899 |  1000스텝 | 배송 26/50 | 재적재  3 | 정지 0.71 교착최장 438 | step_limit
Ep 900 |  1000스텝 | 배송 42/50 | 재적재  7 | 정지 0.55 교착최장 309 | step_limit
  [홀드아웃] 배송 31.6±9.8 재적재 4.1 2홉+ 0.60 | 최고 38.9@ep600 정체 6/15
Ep 901 |  1000스텝 | 배송 32/50 | 재적재  4 | 정지 0.71 교착최장 425 | step_limit
Ep 902 |  1000스텝 | 배송 43/50 | 재적재  7 | 정지 0.50 교착최장 131 | step_limit
Ep 903 |   946스텝 | 배송 19/50 | 재적재  1 | 정지 0.83 교착최장 499 | no_progress
Ep 904 |  1000스텝 | 배송 30/50 | 재적재  4 | 정지 0.75 교착최장 303 | step_limit
Ep 905 |  1000스텝 | 배송 39/50 | 재적재  5 | 정지 0.56 교착최장 101 | step_limit
Ep 906 |  1000스텝 | 배송 34/50 | 재적재  5 | 정지 0.71 교착최장 449 | step_limit
Ep 907 |  1000스텝 | 배송 47/50 | 재적재  8 | 정지 0.43 교착최장 174 | step_limit
Ep 908 |   578스텝 | 배송 10/50 | 재적재  0 | 정지 0.90 교착최장 461 | no_progress
Ep 909 |   917스텝 | 배송 22/50 | 재적재  2 | 정지 0.75 교착최장 435 | no_progress
Ep 910 |  1000스텝 | 배송 39/50 | 재적재  6 | 정지 0.52 교착최장  59 | step_limit
Ep 911 |  1000스텝 | 배송 44/50 | 재적재  6 | 정지 0.56 교착최장 142 | step_limit
Ep 912 |   687스텝 | 배송 16/50 | 재적재  0 | 정지 0.86 교착최장 499 | no_progress
Ep 913 |  1000스텝 | 배송 41/50 | 재적재  7 | 정지 0.50 교착최장  70 | step_limit
Ep 914 |   757스텝 | 배송 18/50 | 재적재  2 | 정지 0.72 교착최장 338 | no_progress
Ep 915 |   674스텝 | 배송 19/50 | 재적재  1 | 정지 0.79 교착최장 412 | no_progress
Ep 916 |   881스텝 | 배송 26/50 | 재적재  3 | 정지 0.73 교착최장 532 | no_progress
Ep 917 |   963스텝 | 배송 22/50 | 재적재  2 | 정지 0.80 교착최장 499 | no_progress
Ep 918 |  1000스텝 | 배송 33/50 | 재적재  5 | 정지 0.66 교착최장 153 | step_limit
Ep 919 |  1000스텝 | 배송 28/50 | 재적재  3 | 정지 0.75 교착최장 491 | step_limit
Ep 920 |  1000스텝 | 배송 29/50 | 재적재  4 | 정지 0.68 교착최장 446 | step_limit
Ep 921 |   717스텝 | 배송 20/50 | 재적재  1 | 정지 0.84 교착최장 457 | no_progress
Ep 922 |  1000스텝 | 배송 41/50 | 재적재  7 | 정지 0.49 교착최장 137 | step_limit
Ep 923 |   659스텝 | 배송 16/50 | 재적재  0 | 정지 0.84 교착최장 436 | no_progress
Ep 924 |   995스텝 | 배송 50/50 | 재적재  8 | 정지 0.46 교착최장 137 | complete
Ep 925 |   791스텝 | 배송 16/50 | 재적재  1 | 정지 0.81 교착최장 504 | no_progress
Ep 926 |  1000스텝 | 배송 35/50 | 재적재  5 | 정지 0.64 교착최장  88 | step_limit
Ep 927 |  1000스텝 | 배송 37/50 | 재적재  5 | 정지 0.55 교착최장  86 | step_limit
Ep 928 |   977스텝 | 배송 37/50 | 재적재  5 | 정지 0.64 교착최장 396 | no_progress
Ep 929 |  1000스텝 | 배송 31/50 | 재적재  4 | 정지 0.63 교착최장 406 | step_limit
Ep 930 |   853스텝 | 배송 30/50 | 재적재  4 | 정지 0.72 교착최장 497 | no_progress
Ep 931 |  1000스텝 | 배송 42/50 | 재적재  6 | 정지 0.50 교착최장  99 | step_limit
Ep 932 |  1000스텝 | 배송 40/50 | 재적재  6 | 정지 0.55 교착최장 148 | step_limit
Ep 933 |   787스텝 | 배송 20/50 | 재적재  2 | 정지 0.70 교착최장 430 | no_progress
Ep 934 |   578스텝 | 배송 10/50 | 재적재  0 | 정지 0.91 교착최장 497 | no_progress
Ep 935 |  1000스텝 | 배송 30/50 | 재적재  4 | 정지 0.62 교착최장 387 | step_limit
Ep 936 |   801스텝 | 배송 19/50 | 재적재  2 | 정지 0.79 교착최장 497 | no_progress
Ep 937 |  1000스텝 | 배송 19/50 | 재적재  2 | 정지 0.87 교착최장 442 | step_limit
Ep 938 |  1000스텝 | 배송 28/50 | 재적재  4 | 정지 0.71 교착최장 438 | step_limit
Ep 939 |   801스텝 | 배송 25/50 | 재적재  3 | 정지 0.69 교착최장 244 | no_progress
Ep 940 |  1000스텝 | 배송 39/50 | 재적재  5 | 정지 0.54 교착최장 131 | step_limit
Ep 941 |   915스텝 | 배송 29/50 | 재적재  4 | 정지 0.74 교착최장 518 | no_progress
Ep 942 |   900스텝 | 배송 24/50 | 재적재  2 | 정지 0.73 교착최장 499 | no_progress
Ep 943 |  1000스텝 | 배송 33/50 | 재적재  5 | 정지 0.61 교착최장 491 | step_limit
Ep 944 |  1000스텝 | 배송 38/50 | 재적재  5 | 정지 0.58 교착최장 253 | step_limit
Ep 945 |  1000스텝 | 배송 45/50 | 재적재  7 | 정지 0.55 교착최장  44 | step_limit
Ep 946 |   989스텝 | 배송 33/50 | 재적재  4 | 정지 0.65 교착최장 454 | no_progress
Ep 947 |   870스텝 | 배송 19/50 | 재적재  2 | 정지 0.77 교착최장 450 | no_progress
Ep 948 |   956스텝 | 배송 27/50 | 재적재  4 | 정지 0.70 교착최장 483 | no_progress
Ep 949 |   938스텝 | 배송 20/50 | 재적재  1 | 정지 0.72 교착최장 105 | no_progress
Ep 950 |  1000스텝 | 배송 32/50 | 재적재  4 | 정지 0.67 교착최장 372 | step_limit
  [홀드아웃] 배송 32.9±7.6 재적재 4.5 2홉+ 0.62 | 최고 38.9@ep600 정체 7/15
Ep 951 |  1000스텝 | 배송 39/50 | 재적재  6 | 정지 0.58 교착최장 118 | step_limit
Ep 952 |   882스텝 | 배송 29/50 | 재적재  3 | 정지 0.72 교착최장 493 | no_progress
Ep 953 |   770스텝 | 배송 50/50 | 재적재  8 | 정지 0.27 교착최장  45 | complete
Ep 954 |  1000스텝 | 배송 23/50 | 재적재  2 | 정지 0.80 교착최장 337 | step_limit
Ep 955 |   774스텝 | 배송 25/50 | 재적재  3 | 정지 0.75 교착최장 441 | no_progress
Ep 956 |   755스텝 | 배송 17/50 | 재적재  0 | 정지 0.81 교착최장 467 | no_progress
Ep 957 |   648스텝 | 배송 17/50 | 재적재  1 | 정지 0.81 교착최장 478 | no_progress
Ep 958 |  1000스텝 | 배송 28/50 | 재적재  3 | 정지 0.53 교착최장 141 | step_limit
Ep 959 |   824스텝 | 배송 21/50 | 재적재  3 | 정지 0.75 교착최장 474 | no_progress
Ep 960 |   938스텝 | 배송 32/50 | 재적재  4 | 정지 0.72 교착최장 411 | no_progress
Ep 961 |  1000스텝 | 배송 35/50 | 재적재  5 | 정지 0.59 교착최장 127 | step_limit
Ep 962 |  1000스텝 | 배송 26/50 | 재적재  2 | 정지 0.79 교착최장 362 | step_limit
Ep 963 |  1000스텝 | 배송 40/50 | 재적재  6 | 정지 0.58 교착최장 125 | step_limit
Ep 964 |  1000스텝 | 배송 17/50 | 재적재  1 | 정지 0.85 교착최장 255 | step_limit
Ep 965 |  1000스텝 | 배송 42/50 | 재적재  7 | 정지 0.45 교착최장 147 | step_limit
Ep 966 |  1000스텝 | 배송 39/50 | 재적재  5 | 정지 0.69 교착최장 454 | step_limit
Ep 967 |  1000스텝 | 배송 39/50 | 재적재  6 | 정지 0.56 교착최장 156 | step_limit
Ep 968 |   939스텝 | 배송 33/50 | 재적재  5 | 정지 0.67 교착최장 376 | no_progress
Ep 969 |  1000스텝 | 배송 45/50 | 재적재  6 | 정지 0.52 교착최장  62 | step_limit
Ep 970 |  1000스텝 | 배송 46/50 | 재적재  7 | 정지 0.48 교착최장  43 | step_limit
Ep 971 |   791스텝 | 배송 21/50 | 재적재  2 | 정지 0.78 교착최장 486 | no_progress
Ep 972 |   765스텝 | 배송 23/50 | 재적재  3 | 정지 0.75 교착최장 477 | no_progress
Ep 973 |   884스텝 | 배송 28/50 | 재적재  3 | 정지 0.69 교착최장 448 | no_progress
Ep 974 |  1000스텝 | 배송 40/50 | 재적재  5 | 정지 0.48 교착최장  86 | step_limit
Ep 975 |   851스텝 | 배송 31/50 | 재적재  5 | 정지 0.72 교착최장 430 | no_progress
Ep 976 |  1000스텝 | 배송 35/50 | 재적재  5 | 정지 0.61 교착최장 346 | step_limit
Ep 977 |  1000스텝 | 배송 33/50 | 재적재  4 | 정지 0.65 교착최장 456 | step_limit
Ep 978 |  1000스텝 | 배송 45/50 | 재적재  7 | 정지 0.47 교착최장  93 | step_limit
Ep 979 |  1000스텝 | 배송 48/50 | 재적재  8 | 정지 0.41 교착최장  66 | step_limit
Ep 980 |  1000스텝 | 배송 37/50 | 재적재  5 | 정지 0.62 교착최장 337 | step_limit
Ep 981 |  1000스텝 | 배송 29/50 | 재적재  3 | 정지 0.76 교착최장 331 | step_limit
Ep 982 |   969스텝 | 배송 27/50 | 재적재  4 | 정지 0.75 교착최장 499 | no_progress
Ep 983 |  1000스텝 | 배송 48/50 | 재적재  7 | 정지 0.47 교착최장  35 | step_limit
Ep 984 |   864스텝 | 배송 34/50 | 재적재  4 | 정지 0.69 교착최장 453 | no_progress
Ep 985 |   840스텝 | 배송 32/50 | 재적재  4 | 정지 0.76 교착최장 499 | no_progress
Ep 986 |  1000스텝 | 배송 36/50 | 재적재  6 | 정지 0.57 교착최장 219 | step_limit
Ep 987 |  1000스텝 | 배송 31/50 | 재적재  5 | 정지 0.68 교착최장 356 | step_limit
Ep 988 |   844스텝 | 배송 19/50 | 재적재  2 | 정지 0.68 교착최장 499 | no_progress
Ep 989 |   814스텝 | 배송 24/50 | 재적재  3 | 정지 0.72 교착최장 448 | no_progress
Ep 990 |  1000스텝 | 배송 47/50 | 재적재  7 | 정지 0.44 교착최장  89 | step_limit
Ep 991 |   851스텝 | 배송 25/50 | 재적재  2 | 정지 0.79 교착최장 469 | no_progress
Ep 992 |  1000스텝 | 배송 43/50 | 재적재  7 | 정지 0.57 교착최장  66 | step_limit
Ep 993 |  1000스텝 | 배송 25/50 | 재적재  4 | 정지 0.77 교착최장 427 | step_limit
Ep 994 |  1000스텝 | 배송 23/50 | 재적재  3 | 정지 0.70 교착최장 315 | step_limit
Ep 995 |  1000스텝 | 배송 38/50 | 재적재  5 | 정지 0.51 교착최장  45 | step_limit
Ep 996 |   758스텝 | 배송 17/50 | 재적재  0 | 정지 0.86 교착최장 501 | no_progress
Ep 997 |  1000스텝 | 배송 37/50 | 재적재  5 | 정지 0.52 교착최장  82 | step_limit
Ep 998 |  1000스텝 | 배송 28/50 | 재적재  4 | 정지 0.71 교착최장 260 | step_limit
Ep 999 |  1000스텝 | 배송 43/50 | 재적재  8 | 정지 0.52 교착최장  59 | step_limit
Ep 1000 |  1000스텝 | 배송 31/50 | 재적재  4 | 정지 0.78 교착최장 398 | step_limit
  [홀드아웃] 배송 30.4±7.5 재적재 3.8 2홉+ 0.62 | 최고 38.9@ep600 정체 8/15
Ep 1001 |   754스텝 | 배송 17/50 | 재적재  2 | 정지 0.74 교착최장 312 | no_progress
Ep 1002 |  1000스텝 | 배송 36/50 | 재적재  6 | 정지 0.56 교착최장 183 | step_limit
Ep 1003 |   967스텝 | 배송 26/50 | 재적재  4 | 정지 0.70 교착최장 471 | no_progress
Ep 1004 |   840스텝 | 배송 35/50 | 재적재  6 | 정지 0.65 교착최장 415 | no_progress
Ep 1005 |   699스텝 | 배송 17/50 | 재적재  1 | 정지 0.68 교착최장 277 | no_progress
Ep 1006 |   822스텝 | 배송 23/50 | 재적재  2 | 정지 0.76 교착최장 482 | no_progress
Ep 1007 |   690스텝 | 배송 21/50 | 재적재  2 | 정지 0.78 교착최장 489 | no_progress
Ep 1008 |   855스텝 | 배송 22/50 | 재적재  3 | 정지 0.72 교착최장 487 | no_progress
Ep 1009 |  1000스텝 | 배송 33/50 | 재적재  4 | 정지 0.61 교착최장 110 | step_limit
Ep 1010 |   921스텝 | 배송 21/50 | 재적재  2 | 정지 0.82 교착최장 479 | no_progress
Ep 1011 |   842스텝 | 배송 22/50 | 재적재  3 | 정지 0.72 교착최장 498 | no_progress
Ep 1012 |  1000스텝 | 배송 41/50 | 재적재  6 | 정지 0.58 교착최장 153 | step_limit
Ep 1013 |  1000스텝 | 배송 31/50 | 재적재  5 | 정지 0.66 교착최장 317 | step_limit
Ep 1014 |  1000스텝 | 배송 35/50 | 재적재  5 | 정지 0.59 교착최장 243 | step_limit
Ep 1015 |  1000스텝 | 배송 36/50 | 재적재  6 | 정지 0.65 교착최장 224 | step_limit
Ep 1016 |  1000스텝 | 배송 33/50 | 재적재  4 | 정지 0.63 교착최장 248 | step_limit
Ep 1017 |  1000스텝 | 배송 39/50 | 재적재  6 | 정지 0.55 교착최장  29 | step_limit
Ep 1018 |  1000스텝 | 배송 42/50 | 재적재  7 | 정지 0.47 교착최장  69 | step_limit
Ep 1019 |   691스텝 | 배송 18/50 | 재적재  0 | 정지 0.84 교착최장 489 | no_progress
Ep 1020 |   738스텝 | 배송 16/50 | 재적재  0 | 정지 0.86 교착최장 440 | no_progress
Ep 1021 |   994스텝 | 배송 26/50 | 재적재  3 | 정지 0.69 교착최장 539 | no_progress
Ep 1022 |  1000스텝 | 배송 48/50 | 재적재  7 | 정지 0.46 교착최장  30 | step_limit
Ep 1023 |  1000스텝 | 배송 26/50 | 재적재  3 | 정지 0.67 교착최장 437 | step_limit
Ep 1024 |   867스텝 | 배송 31/50 | 재적재  4 | 정지 0.72 교착최장 428 | no_progress
Ep 1025 |  1000스텝 | 배송 22/50 | 재적재  2 | 정지 0.75 교착최장 278 | step_limit
Ep 1026 |  1000스텝 | 배송 42/50 | 재적재  7 | 정지 0.46 교착최장 166 | step_limit
Ep 1027 |   835스텝 | 배송 20/50 | 재적재  1 | 정지 0.85 교착최장 599 | no_progress
Ep 1028 |  1000스텝 | 배송 37/50 | 재적재  5 | 정지 0.47 교착최장 124 | step_limit
Ep 1029 |  1000스텝 | 배송 37/50 | 재적재  5 | 정지 0.60 교착최장 378 | step_limit
Ep 1030 |  1000스텝 | 배송 33/50 | 재적재  4 | 정지 0.73 교착최장 409 | step_limit
Ep 1031 |  1000스텝 | 배송 44/50 | 재적재  7 | 정지 0.51 교착최장 173 | step_limit
Ep 1032 |  1000스텝 | 배송 43/50 | 재적재  5 | 정지 0.55 교착최장 166 | step_limit
Ep 1033 |   725스텝 | 배송 17/50 | 재적재  2 | 정지 0.79 교착최장 442 | no_progress
Ep 1034 |   821스텝 | 배송 20/50 | 재적재  1 | 정지 0.79 교착최장 569 | no_progress
Ep 1035 |  1000스텝 | 배송 43/50 | 재적재  6 | 정지 0.42 교착최장  38 | step_limit
Ep 1036 |   880스텝 | 배송 34/50 | 재적재  5 | 정지 0.72 교착최장 499 | no_progress
Ep 1037 |   702스텝 | 배송 17/50 | 재적재  1 | 정지 0.80 교착최장 473 | no_progress
Ep 1038 |   870스텝 | 배송 29/50 | 재적재  3 | 정지 0.77 교착최장 505 | no_progress
Ep 1039 |   787스텝 | 배송 22/50 | 재적재  3 | 정지 0.80 교착최장 499 | no_progress
Ep 1040 |   915스텝 | 배송 24/50 | 재적재  3 | 정지 0.74 교착최장 459 | no_progress
Ep 1041 |  1000스텝 | 배송 40/50 | 재적재  6 | 정지 0.41 교착최장  51 | step_limit
Ep 1042 |   920스텝 | 배송 50/50 | 재적재  9 | 정지 0.31 교착최장  17 | complete
Ep 1043 |   836스텝 | 배송 32/50 | 재적재  3 | 정지 0.60 교착최장 455 | no_progress
Ep 1044 |  1000스텝 | 배송 46/50 | 재적재  7 | 정지 0.49 교착최장 111 | step_limit
Ep 1045 |  1000스텝 | 배송 41/50 | 재적재  6 | 정지 0.54 교착최장  53 | step_limit
Ep 1046 |  1000스텝 | 배송 29/50 | 재적재  3 | 정지 0.71 교착최장 390 | step_limit
Ep 1047 |  1000스텝 | 배송 37/50 | 재적재  5 | 정지 0.51 교착최장 128 | step_limit
Ep 1048 |  1000스텝 | 배송 43/50 | 재적재  7 | 정지 0.54 교착최장 139 | step_limit
Ep 1049 |  1000스텝 | 배송 39/50 | 재적재  6 | 정지 0.57 교착최장 242 | step_limit
Ep 1050 |  1000스텝 | 배송 29/50 | 재적재  4 | 정지 0.75 교착최장 364 | step_limit
  [홀드아웃] 배송 31.2±7.7 재적재 3.8 2홉+ 0.59 | 최고 38.9@ep600 정체 9/15
Ep 1051 |   884스텝 | 배송 22/50 | 재적재  1 | 정지 0.77 교착최장 525 | no_progress
Ep 1052 |  1000스텝 | 배송 48/50 | 재적재  8 | 정지 0.35 교착최장  22 | step_limit
Ep 1053 |  1000스텝 | 배송 46/50 | 재적재  6 | 정지 0.47 교착최장  59 | step_limit
Ep 1054 |  1000스텝 | 배송 29/50 | 재적재  4 | 정지 0.77 교착최장 252 | step_limit
Ep 1055 |   713스텝 | 배송 16/50 | 재적재  1 | 정지 0.70 교착최장 467 | no_progress
Ep 1056 |  1000스텝 | 배송 38/50 | 재적재  5 | 정지 0.69 교착최장 290 | step_limit
Ep 1057 |   781스텝 | 배송 25/50 | 재적재  3 | 정지 0.78 교착최장 485 | no_progress
Ep 1058 |  1000스텝 | 배송 30/50 | 재적재  4 | 정지 0.71 교착최장 374 | step_limit
Ep 1059 |   773스텝 | 배송 23/50 | 재적재  3 | 정지 0.76 교착최장 499 | no_progress
Ep 1060 |  1000스텝 | 배송 35/50 | 재적재  6 | 정지 0.66 교착최장 438 | step_limit
Ep 1061 |   638스텝 | 배송 14/50 | 재적재  0 | 정지 0.86 교착최장 493 | no_progress
Ep 1062 |  1000스텝 | 배송 32/50 | 재적재  4 | 정지 0.72 교착최장 317 | step_limit
Ep 1063 |  1000스텝 | 배송 30/50 | 재적재  4 | 정지 0.66 교착최장 353 | step_limit
Ep 1064 |   962스텝 | 배송 32/50 | 재적재  5 | 정지 0.62 교착최장 434 | no_progress
Ep 1065 |  1000스텝 | 배송 33/50 | 재적재  4 | 정지 0.59 교착최장 456 | step_limit
Ep 1066 |   757스텝 | 배송 22/50 | 재적재  3 | 정지 0.73 교착최장 476 | no_progress
Ep 1067 |  1000스텝 | 배송 24/50 | 재적재  3 | 정지 0.74 교착최장 326 | step_limit
Ep 1068 |   941스텝 | 배송 27/50 | 재적재  2 | 정지 0.60 교착최장 491 | no_progress
Ep 1069 |  1000스텝 | 배송 26/50 | 재적재  4 | 정지 0.75 교착최장 597 | step_limit
Ep 1070 |  1000스텝 | 배송 23/50 | 재적재  3 | 정지 0.68 교착최장 457 | step_limit
Ep 1071 |  1000스텝 | 배송 46/50 | 재적재  6 | 정지 0.36 교착최장  18 | step_limit
Ep 1072 |   903스텝 | 배송 22/50 | 재적재  3 | 정지 0.72 교착최장 456 | no_progress
Ep 1073 |  1000스텝 | 배송 37/50 | 재적재  5 | 정지 0.54 교착최장 131 | step_limit
Ep 1074 |  1000스텝 | 배송 35/50 | 재적재  4 | 정지 0.50 교착최장  89 | step_limit
Ep 1075 |  1000스텝 | 배송 37/50 | 재적재  5 | 정지 0.61 교착최장 353 | step_limit
Ep 1076 |  1000스텝 | 배송 31/50 | 재적재  4 | 정지 0.64 교착최장 223 | step_limit
Ep 1077 |  1000스텝 | 배송 40/50 | 재적재  7 | 정지 0.51 교착최장  95 | step_limit
Ep 1078 |  1000스텝 | 배송 34/50 | 재적재  5 | 정지 0.64 교착최장 417 | step_limit
Ep 1079 |  1000스텝 | 배송 36/50 | 재적재  7 | 정지 0.55 교착최장  98 | step_limit
Ep 1080 |  1000스텝 | 배송 41/50 | 재적재  5 | 정지 0.44 교착최장  77 | step_limit
Ep 1081 |  1000스텝 | 배송 27/50 | 재적재  3 | 정지 0.79 교착최장 471 | step_limit
Ep 1082 |  1000스텝 | 배송 25/50 | 재적재  3 | 정지 0.75 교착최장 485 | step_limit
Ep 1083 |  1000스텝 | 배송 29/50 | 재적재  4 | 정지 0.79 교착최장 609 | step_limit
Ep 1084 |  1000스텝 | 배송 40/50 | 재적재  7 | 정지 0.54 교착최장 191 | step_limit
Ep 1085 |   812스텝 | 배송 22/50 | 재적재  4 | 정지 0.73 교착최장 484 | no_progress
Ep 1086 |   721스텝 | 배송 17/50 | 재적재  0 | 정지 0.85 교착최장 492 | no_progress
Ep 1087 |  1000스텝 | 배송 36/50 | 재적재  6 | 정지 0.56 교착최장 130 | step_limit
Ep 1088 |   872스텝 | 배송 26/50 | 재적재  3 | 정지 0.79 교착최장 451 | no_progress
Ep 1089 |   769스텝 | 배송 23/50 | 재적재  2 | 정지 0.75 교착최장 488 | no_progress
Ep 1090 |   827스텝 | 배송 19/50 | 재적재  1 | 정지 0.68 교착최장 437 | no_progress
Ep 1091 |  1000스텝 | 배송 40/50 | 재적재  7 | 정지 0.57 교착최장 269 | step_limit
Ep 1092 |  1000스텝 | 배송 42/50 | 재적재  7 | 정지 0.50 교착최장 150 | step_limit
Ep 1093 |   867스텝 | 배송 29/50 | 재적재  3 | 정지 0.71 교착최장 495 | no_progress
Ep 1094 |   905스텝 | 배송 26/50 | 재적재  3 | 정지 0.74 교착최장 545 | no_progress
Ep 1095 |  1000스텝 | 배송 26/50 | 재적재  3 | 정지 0.67 교착최장 398 | step_limit
Ep 1096 |  1000스텝 | 배송 37/50 | 재적재  6 | 정지 0.61 교착최장 328 | step_limit
Ep 1097 |  1000스텝 | 배송 43/50 | 재적재  8 | 정지 0.46 교착최장  54 | step_limit
Ep 1098 |  1000스텝 | 배송 41/50 | 재적재  6 | 정지 0.54 교착최장 100 | step_limit
Ep 1099 |  1000스텝 | 배송 42/50 | 재적재  7 | 정지 0.38 교착최장  62 | step_limit
Ep 1100 |   647스텝 | 배송 13/50 | 재적재  0 | 정지 0.85 교착최장 449 | no_progress
  [홀드아웃] 배송 29.2±8.4 재적재 3.7 2홉+ 0.63 | 최고 38.9@ep600 정체 10/15
Ep 1101 |  1000스텝 | 배송 39/50 | 재적재  5 | 정지 0.63 교착최장 414 | step_limit
Ep 1102 |   756스텝 | 배송 22/50 | 재적재  1 | 정지 0.72 교착최장 459 | no_progress
Ep 1103 |   749스텝 | 배송 16/50 | 재적재  0 | 정지 0.82 교착최장 499 | no_progress
Ep 1104 |  1000스텝 | 배송 40/50 | 재적재  6 | 정지 0.59 교착최장 117 | step_limit
Ep 1105 |   613스텝 | 배송 13/50 | 재적재  0 | 정지 0.68 교착최장 327 | no_progress
Ep 1106 |  1000스텝 | 배송 32/50 | 재적재  4 | 정지 0.66 교착최장 304 | step_limit
Ep 1107 |  1000스텝 | 배송 45/50 | 재적재  7 | 정지 0.44 교착최장  64 | step_limit
Ep 1108 |  1000스텝 | 배송 37/50 | 재적재  6 | 정지 0.61 교착최장 345 | step_limit
Ep 1109 |  1000스텝 | 배송 38/50 | 재적재  6 | 정지 0.55 교착최장  54 | step_limit
Ep 1110 |   896스텝 | 배송 26/50 | 재적재  4 | 정지 0.68 교착최장 527 | no_progress
Ep 1111 |  1000스텝 | 배송 45/50 | 재적재  7 | 정지 0.47 교착최장 112 | step_limit
Ep 1112 |   962스텝 | 배송 16/50 | 재적재  1 | 정지 0.83 교착최장 501 | no_progress
Ep 1113 |  1000스텝 | 배송 20/50 | 재적재  1 | 정지 0.75 교착최장 327 | step_limit
Ep 1114 |   962스텝 | 배송 28/50 | 재적재  4 | 정지 0.70 교착최장 485 | no_progress
Ep 1115 |  1000스텝 | 배송 43/50 | 재적재  6 | 정지 0.43 교착최장 178 | step_limit
Ep 1116 |  1000스텝 | 배송 37/50 | 재적재  5 | 정지 0.64 교착최장 418 | step_limit
Ep 1117 |   846스텝 | 배송 20/50 | 재적재  2 | 정지 0.70 교착최장 466 | no_progress
Ep 1118 |   621스텝 | 배송 15/50 | 재적재  0 | 정지 0.88 교착최장 493 | no_progress
Ep 1119 |   979스텝 | 배송 27/50 | 재적재  4 | 정지 0.82 교착최장 472 | no_progress
Ep 1120 |   943스텝 | 배송 28/50 | 재적재  4 | 정지 0.68 교착최장 481 | no_progress
Ep 1121 |  1000스텝 | 배송 42/50 | 재적재  7 | 정지 0.50 교착최장 155 | step_limit
Ep 1122 |  1000스텝 | 배송 45/50 | 재적재  7 | 정지 0.45 교착최장  63 | step_limit
Ep 1123 |  1000스텝 | 배송 45/50 | 재적재  7 | 정지 0.47 교착최장  98 | step_limit
Ep 1124 |  1000스텝 | 배송 30/50 | 재적재  4 | 정지 0.69 교착최장 367 | step_limit
Ep 1125 |  1000스텝 | 배송 35/50 | 재적재  5 | 정지 0.63 교착최장 295 | step_limit
Ep 1126 |  1000스텝 | 배송 37/50 | 재적재  5 | 정지 0.50 교착최장  77 | step_limit
Ep 1127 |  1000스텝 | 배송 48/50 | 재적재  8 | 정지 0.43 교착최장  53 | step_limit
Ep 1128 |   901스텝 | 배송 28/50 | 재적재  3 | 정지 0.72 교착최장 480 | no_progress
Ep 1129 |  1000스텝 | 배송 34/50 | 재적재  5 | 정지 0.53 교착최장 266 | step_limit
Ep 1130 |  1000스텝 | 배송 25/50 | 재적재  4 | 정지 0.56 교착최장 367 | step_limit
Ep 1131 |   856스텝 | 배송 23/50 | 재적재  1 | 정지 0.71 교착최장 499 | no_progress
Ep 1132 |  1000스텝 | 배송 44/50 | 재적재  7 | 정지 0.43 교착최장  39 | step_limit
Ep 1133 |  1000스텝 | 배송 42/50 | 재적재  6 | 정지 0.49 교착최장 119 | step_limit
Ep 1134 |  1000스텝 | 배송 46/50 | 재적재  7 | 정지 0.51 교착최장  98 | step_limit
Ep 1135 |  1000스텝 | 배송 45/50 | 재적재  8 | 정지 0.47 교착최장  95 | step_limit
Ep 1136 |  1000스텝 | 배송 36/50 | 재적재  5 | 정지 0.63 교착최장 296 | step_limit
Ep 1137 |  1000스텝 | 배송 31/50 | 재적재  3 | 정지 0.71 교착최장 368 | step_limit
Ep 1138 |  1000스텝 | 배송 36/50 | 재적재  5 | 정지 0.55 교착최장  67 | step_limit
Ep 1139 |  1000스텝 | 배송 22/50 | 재적재  2 | 정지 0.69 교착최장 257 | step_limit
Ep 1140 |  1000스텝 | 배송 42/50 | 재적재  6 | 정지 0.45 교착최장  75 | step_limit
Ep 1141 |  1000스텝 | 배송 48/50 | 재적재  8 | 정지 0.41 교착최장  42 | step_limit
Ep 1142 |  1000스텝 | 배송 31/50 | 재적재  5 | 정지 0.54 교착최장 143 | step_limit
Ep 1143 |   941스텝 | 배송 30/50 | 재적재  4 | 정지 0.66 교착최장 413 | no_progress
Ep 1144 |   773스텝 | 배송 16/50 | 재적재  1 | 정지 0.81 교착최장 504 | no_progress
Ep 1145 |   848스텝 | 배송 27/50 | 재적재  3 | 정지 0.75 교착최장 501 | no_progress
Ep 1146 |   747스텝 | 배송 20/50 | 재적재  2 | 정지 0.74 교착최장 451 | no_progress
Ep 1147 |  1000스텝 | 배송 43/50 | 재적재  7 | 정지 0.40 교착최장 119 | step_limit
Ep 1148 |   942스텝 | 배송 28/50 | 재적재  3 | 정지 0.65 교착최장 475 | no_progress
Ep 1149 |  1000스텝 | 배송 40/50 | 재적재  6 | 정지 0.53 교착최장 205 | step_limit
Ep 1150 |  1000스텝 | 배송 24/50 | 재적재  2 | 정지 0.71 교착최장 420 | step_limit
  [홀드아웃] 배송 31.8±8.4 재적재 4.3 2홉+ 0.62 | 최고 38.9@ep600 정체 11/15
Ep 1151 |  1000스텝 | 배송 38/50 | 재적재  5 | 정지 0.62 교착최장 382 | step_limit
Ep 1152 |  1000스텝 | 배송 37/50 | 재적재  5 | 정지 0.61 교착최장 344 | step_limit
Ep 1153 |  1000스텝 | 배송 36/50 | 재적재  6 | 정지 0.55 교착최장 135 | step_limit
Ep 1154 |   995스텝 | 배송 28/50 | 재적재  3 | 정지 0.64 교착최장 432 | no_progress
Ep 1155 |   834스텝 | 배송 17/50 | 재적재  1 | 정지 0.70 교착최장 463 | no_progress
Ep 1156 |  1000스텝 | 배송 45/50 | 재적재  7 | 정지 0.49 교착최장  80 | step_limit
Ep 1157 |  1000스텝 | 배송 44/50 | 재적재  7 | 정지 0.58 교착최장  97 | step_limit
Ep 1158 |  1000스텝 | 배송 22/50 | 재적재  2 | 정지 0.73 교착최장 477 | step_limit
Ep 1159 |  1000스텝 | 배송 27/50 | 재적재  3 | 정지 0.67 교착최장 341 | step_limit
Ep 1160 |   791스텝 | 배송 20/50 | 재적재  1 | 정지 0.78 교착최장 418 | no_progress
Ep 1161 |  1000스텝 | 배송 42/50 | 재적재  7 | 정지 0.52 교착최장  93 | step_limit
Ep 1162 |   749스텝 | 배송 11/50 | 재적재  0 | 정지 0.81 교착최장 499 | no_progress
Ep 1163 |  1000스텝 | 배송 36/50 | 재적재  4 | 정지 0.60 교착최장 344 | step_limit
Ep 1164 |  1000스텝 | 배송 36/50 | 재적재  6 | 정지 0.63 교착최장 291 | step_limit
Ep 1165 |   987스텝 | 배송 23/50 | 재적재  2 | 정지 0.73 교착최장 319 | no_progress
Ep 1166 |   969스텝 | 배송 25/50 | 재적재  3 | 정지 0.68 교착최장 421 | no_progress
Ep 1167 |   871스텝 | 배송 20/50 | 재적재  1 | 정지 0.77 교착최장 442 | no_progress
Ep 1168 |  1000스텝 | 배송 38/50 | 재적재  5 | 정지 0.65 교착최장 423 | step_limit
Ep 1169 |   929스텝 | 배송 24/50 | 재적재  2 | 정지 0.76 교착최장 471 | no_progress
Ep 1170 |   782스텝 | 배송 22/50 | 재적재  2 | 정지 0.73 교착최장 487 | no_progress
Ep 1171 |   916스텝 | 배송 24/50 | 재적재  2 | 정지 0.71 교착최장 428 | no_progress
Ep 1172 |  1000스텝 | 배송 37/50 | 재적재  5 | 정지 0.56 교착최장 222 | step_limit
Ep 1173 |  1000스텝 | 배송 40/50 | 재적재  6 | 정지 0.53 교착최장  83 | step_limit
Ep 1174 |  1000스텝 | 배송 42/50 | 재적재  6 | 정지 0.40 교착최장  61 | step_limit
Ep 1175 |   953스텝 | 배송 31/50 | 재적재  4 | 정지 0.65 교착최장 433 | no_progress
Ep 1176 |  1000스텝 | 배송 46/50 | 재적재  7 | 정지 0.31 교착최장  54 | step_limit
Ep 1177 |  1000스텝 | 배송 37/50 | 재적재  5 | 정지 0.55 교착최장 453 | step_limit
Ep 1178 |  1000스텝 | 배송 39/50 | 재적재  6 | 정지 0.53 교착최장 248 | step_limit
Ep 1179 |  1000스텝 | 배송 41/50 | 재적재  6 | 정지 0.46 교착최장 145 | step_limit
Ep 1180 |  1000스텝 | 배송 31/50 | 재적재  4 | 정지 0.64 교착최장 497 | step_limit
Ep 1181 |   911스텝 | 배송 29/50 | 재적재  3 | 정지 0.68 교착최장 446 | no_progress
Ep 1182 |  1000스텝 | 배송 29/50 | 재적재  4 | 정지 0.49 교착최장 213 | step_limit
Ep 1183 |  1000스텝 | 배송 41/50 | 재적재  6 | 정지 0.47 교착최장 104 | step_limit
Ep 1184 |   927스텝 | 배송 32/50 | 재적재  3 | 정지 0.67 교착최장 486 | no_progress
Ep 1185 |  1000스텝 | 배송 32/50 | 재적재  5 | 정지 0.68 교착최장 448 | step_limit
Ep 1186 |  1000스텝 | 배송 43/50 | 재적재  6 | 정지 0.49 교착최장  83 | step_limit
Ep 1187 |  1000스텝 | 배송 29/50 | 재적재  3 | 정지 0.67 교착최장 393 | step_limit
Ep 1188 |  1000스텝 | 배송 47/50 | 재적재  8 | 정지 0.31 교착최장  55 | step_limit
Ep 1189 |  1000스텝 | 배송 38/50 | 재적재  6 | 정지 0.53 교착최장 232 | step_limit
Ep 1190 |  1000스텝 | 배송 42/50 | 재적재  6 | 정지 0.46 교착최장  64 | step_limit
Ep 1191 |  1000스텝 | 배송 40/50 | 재적재  5 | 정지 0.47 교착최장  53 | step_limit
Ep 1192 |   775스텝 | 배송 21/50 | 재적재  2 | 정지 0.73 교착최장 477 | no_progress
Ep 1193 |   841스텝 | 배송 19/50 | 재적재  1 | 정지 0.78 교착최장 499 | no_progress
Ep 1194 |  1000스텝 | 배송 43/50 | 재적재  7 | 정지 0.37 교착최장  39 | step_limit
Ep 1195 |   847스텝 | 배송 21/50 | 재적재  3 | 정지 0.79 교착최장 466 | no_progress
Ep 1196 |  1000스텝 | 배송 37/50 | 재적재  5 | 정지 0.67 교착최장 278 | step_limit
Ep 1197 |  1000스텝 | 배송 27/50 | 재적재  3 | 정지 0.75 교착최장 433 | step_limit
Ep 1198 |  1000스텝 | 배송 37/50 | 재적재  5 | 정지 0.59 교착최장 263 | step_limit
Ep 1199 |  1000스텝 | 배송 34/50 | 재적재  5 | 정지 0.52 교착최장  70 | step_limit
Ep 1200 |  1000스텝 | 배송 38/50 | 재적재  6 | 정지 0.50 교착최장  52 | step_limit
  [홀드아웃] 배송 31.4±9.1 재적재 4.0 2홉+ 0.57 | 최고 38.9@ep600 정체 12/15
Ep 1201 |   997스텝 | 배송 31/50 | 재적재  4 | 정지 0.70 교착최장 566 | no_progress
Ep 1202 |  1000스텝 | 배송 32/50 | 재적재  4 | 정지 0.64 교착최장 472 | step_limit
Ep 1203 |  1000스텝 | 배송 46/50 | 재적재  8 | 정지 0.41 교착최장  48 | step_limit
Ep 1204 |   733스텝 | 배송 14/50 | 재적재  1 | 정지 0.80 교착최장 500 | no_progress
Ep 1205 |  1000스텝 | 배송 30/50 | 재적재  4 | 정지 0.67 교착최장 419 | step_limit
Ep 1206 |  1000스텝 | 배송 42/50 | 재적재  6 | 정지 0.49 교착최장  32 | step_limit
Ep 1207 |  1000스텝 | 배송 46/50 | 재적재  7 | 정지 0.54 교착최장 256 | step_limit
Ep 1208 |  1000스텝 | 배송 35/50 | 재적재  5 | 정지 0.58 교착최장 206 | step_limit
Ep 1209 |  1000스텝 | 배송 40/50 | 재적재  6 | 정지 0.40 교착최장  71 | step_limit
Ep 1210 |   953스텝 | 배송 28/50 | 재적재  3 | 정지 0.65 교착최장 492 | no_progress
Ep 1211 |  1000스텝 | 배송 39/50 | 재적재  6 | 정지 0.58 교착최장 242 | step_limit
Ep 1212 |  1000스텝 | 배송 34/50 | 재적재  5 | 정지 0.54 교착최장 314 | step_limit
Ep 1213 |  1000스텝 | 배송 45/50 | 재적재  8 | 정지 0.40 교착최장  15 | step_limit
Ep 1214 |   973스텝 | 배송 31/50 | 재적재  4 | 정지 0.68 교착최장 481 | no_progress
Ep 1215 |  1000스텝 | 배송 40/50 | 재적재  6 | 정지 0.49 교착최장  74 | step_limit
Ep 1216 |  1000스텝 | 배송 46/50 | 재적재  8 | 정지 0.45 교착최장  54 | step_limit
Ep 1217 |   892스텝 | 배송 24/50 | 재적재  3 | 정지 0.65 교착최장 479 | no_progress
Ep 1218 |  1000스텝 | 배송 27/50 | 재적재  4 | 정지 0.69 교착최장 487 | step_limit
Ep 1219 |  1000스텝 | 배송 33/50 | 재적재  4 | 정지 0.67 교착최장 215 | step_limit
Ep 1220 |  1000스텝 | 배송 39/50 | 재적재  5 | 정지 0.57 교착최장 316 | step_limit
Ep 1221 |   884스텝 | 배송 26/50 | 재적재  3 | 정지 0.75 교착최장 485 | no_progress
Ep 1222 |  1000스텝 | 배송 36/50 | 재적재  6 | 정지 0.56 교착최장 184 | step_limit
Ep 1223 |  1000스텝 | 배송 34/50 | 재적재  4 | 정지 0.67 교착최장 372 | step_limit
Ep 1224 |  1000스텝 | 배송 37/50 | 재적재  6 | 정지 0.46 교착최장 114 | step_limit
Ep 1225 |   735스텝 | 배송 16/50 | 재적재  1 | 정지 0.76 교착최장 314 | no_progress
Ep 1226 |   923스텝 | 배송 18/50 | 재적재  2 | 정지 0.82 교착최장 499 | no_progress
Ep 1227 |  1000스텝 | 배송 35/50 | 재적재  5 | 정지 0.66 교착최장 233 | step_limit
Ep 1228 |  1000스텝 | 배송 41/50 | 재적재  6 | 정지 0.53 교착최장  85 | step_limit
Ep 1229 |   837스텝 | 배송 22/50 | 재적재  2 | 정지 0.76 교착최장 519 | no_progress
Ep 1230 |   910스텝 | 배송 24/50 | 재적재  2 | 정지 0.74 교착최장 499 | no_progress
Ep 1231 |  1000스텝 | 배송 40/50 | 재적재  6 | 정지 0.50 교착최장 115 | step_limit
Ep 1232 |  1000스텝 | 배송 43/50 | 재적재  7 | 정지 0.51 교착최장 151 | step_limit
Ep 1233 |  1000스텝 | 배송 28/50 | 재적재  4 | 정지 0.72 교착최장 450 | step_limit
Ep 1234 |  1000스텝 | 배송 34/50 | 재적재  4 | 정지 0.59 교착최장  81 | step_limit
Ep 1235 |   738스텝 | 배송 14/50 | 재적재  0 | 정지 0.85 교착최장 507 | no_progress
Ep 1236 |   850스텝 | 배송 19/50 | 재적재  2 | 정지 0.76 교착최장 484 | no_progress
Ep 1237 |  1000스텝 | 배송 31/50 | 재적재  4 | 정지 0.64 교착최장 212 | step_limit
Ep 1238 |  1000스텝 | 배송 33/50 | 재적재  4 | 정지 0.74 교착최장 504 | step_limit
Ep 1239 |   939스텝 | 배송 32/50 | 재적재  4 | 정지 0.62 교착최장 358 | no_progress
Ep 1240 |  1000스텝 | 배송 40/50 | 재적재  6 | 정지 0.53 교착최장  97 | step_limit
Ep 1241 |  1000스텝 | 배송 28/50 | 재적재  4 | 정지 0.67 교착최장 359 | step_limit
