/home/kopt/enter/envs/wsl_neuroMCTS/lib/python3.10/site-packages/pygame/pkgdata.py:25: UserWarning: pkg_resources is deprecated as an API. See https://setuptools.pypa.io/en/latest/pkg_resources.html. The pkg_resources package is slated for removal as early as 2025-11-30. Refrain from using this package or pin to Setuptools<81.
  from pkg_resources import resource_stream, resource_exists
pygame 2.6.1 (SDL 2.28.4, Python 3.10.19)
Hello from the pygame community. https://www.pygame.org/contribute.html
단계=manager 장치=cuda 반경=300.0 상위주기=20 시드=1 교착관측=True
상한=10000 교착한도=100 무배송한도=200 (초반 300ep까지 1000) gamma=0.997 미완료페널티=0.0 도달보너스=매스텝
worker_obs=16 manager_obs=43 state=66 상위행동=7
하위 가중치 로드: weights/v3_26_09_04_15_w/best_worker.pth
Ep 1 |  2619스텝 | 배송 40/50 | 재적재  7 | 정지 0.20 교착최장  20 | no_progress
Ep 2 |  3991스텝 | 배송 44/50 | 재적재  8 | 정지 0.25 교착최장  71 | no_progress
Ep 3 |  3371스텝 | 배송 45/50 | 재적재  7 | 정지 0.34 교착최장  16 | no_progress
Ep 4 |  4449스텝 | 배송 42/50 | 재적재  6 | 정지 0.21 교착최장  40 | no_progress
Ep 5 |  3642스텝 | 배송 44/50 | 재적재  7 | 정지 0.21 교착최장  18 | no_progress
Ep 6 |  4286스텝 | 배송 42/50 | 재적재  7 | 정지 0.24 교착최장  14 | no_progress
Ep 7 |  2459스텝 | 배송 38/50 | 재적재  6 | 정지 0.11 교착최장   4 | no_progress
Ep 8 |  3904스텝 | 배송 40/50 | 재적재  6 | 정지 0.21 교착최장  15 | no_progress
Ep 9 |  2874스텝 | 배송 39/50 | 재적재  7 | 정지 0.25 교착최장  21 | no_progress
Ep 10 |  2478스텝 | 배송 38/50 | 재적재  6 | 정지 0.16 교착최장  18 | no_progress
Ep 11 |  3305스텝 | 배송 40/50 | 재적재  6 | 정지 0.24 교착최장  55 | no_progress
Ep 12 |  4486스텝 | 배송 42/50 | 재적재  7 | 정지 0.24 교착최장  25 | no_progress
Ep 13 |  3673스텝 | 배송 41/50 | 재적재  6 | 정지 0.21 교착최장  28 | no_progress
Ep 14 |  3720스텝 | 배송 40/50 | 재적재  6 | 정지 0.24 교착최장  28 | no_progress
Ep 15 |  3329스텝 | 배송 42/50 | 재적재  6 | 정지 0.19 교착최장  21 | no_progress
Ep 16 |  3147스텝 | 배송 38/50 | 재적재  6 | 정지 0.20 교착최장  12 | no_progress
Ep 17 |  2916스텝 | 배송 39/50 | 재적재  6 | 정지 0.19 교착최장  13 | no_progress
Ep 18 |  3918스텝 | 배송 42/50 | 재적재  7 | 정지 0.25 교착최장  36 | no_progress
Ep 19 |  4898스텝 | 배송 40/50 | 재적재  7 | 정지 0.21 교착최장  24 | no_progress
Ep 20 |  3979스텝 | 배송 46/50 | 재적재  7 | 정지 0.22 교착최장  26 | no_progress
Ep 21 |  2788스텝 | 배송 32/50 | 재적재  4 | 정지 0.20 교착최장  12 | no_progress
Ep 22 |  4259스텝 | 배송 41/50 | 재적재  7 | 정지 0.26 교착최장  16 | no_progress
Ep 23 |  2697스텝 | 배송 35/50 | 재적재  5 | 정지 0.22 교착최장  12 | no_progress
Ep 24 |  3693스텝 | 배송 43/50 | 재적재  7 | 정지 0.21 교착최장  19 | no_progress
Ep 25 |  3711스텝 | 배송 41/50 | 재적재  7 | 정지 0.22 교착최장  18 | no_progress
Ep 26 |  3885스텝 | 배송 43/50 | 재적재  7 | 정지 0.28 교착최장  20 | no_progress
Ep 27 |  4338스텝 | 배송 44/50 | 재적재  8 | 정지 0.29 교착최장  53 | no_progress
Ep 28 |  5336스텝 | 배송 46/50 | 재적재  8 | 정지 0.28 교착최장  96 | no_progress
Ep 29 |  3969스텝 | 배송 45/50 | 재적재  8 | 정지 0.28 교착최장  23 | no_progress
Ep 30 |  5365스텝 | 배송 45/50 | 재적재  8 | 정지 0.23 교착최장  27 | no_progress
Ep 31 |  5641스텝 | 배송 44/50 | 재적재  8 | 정지 0.34 교착최장  81 | no_progress
Ep 32 |  3103스텝 | 배송 36/50 | 재적재  5 | 정지 0.23 교착최장  16 | no_progress
Ep 33 |  2890스텝 | 배송 38/50 | 재적재  7 | 정지 0.22 교착최장  31 | no_progress
Ep 34 |  3465스텝 | 배송 40/50 | 재적재  7 | 정지 0.30 교착최장  31 | no_progress
Ep 35 |  3549스텝 | 배송 43/50 | 재적재  7 | 정지 0.22 교착최장  19 | no_progress
Ep 36 |  3263스텝 | 배송 41/50 | 재적재  7 | 정지 0.26 교착최장  31 | no_progress
Ep 37 |  3584스텝 | 배송 42/50 | 재적재  6 | 정지 0.21 교착최장  16 | no_progress
Ep 38 |  4289스텝 | 배송 40/50 | 재적재  6 | 정지 0.19 교착최장  46 | no_progress
Ep 39 |  4754스텝 | 배송 44/50 | 재적재  7 | 정지 0.30 교착최장  47 | no_progress
Ep 40 |  4148스텝 | 배송 45/50 | 재적재  8 | 정지 0.33 교착최장  62 | no_progress
Ep 41 |  3038스텝 | 배송 43/50 | 재적재  7 | 정지 0.20 교착최장  18 | no_progress
Ep 42 |  2911스텝 | 배송 39/50 | 재적재  7 | 정지 0.28 교착최장  26 | no_progress
Ep 43 |  4518스텝 | 배송 41/50 | 재적재  7 | 정지 0.33 교착최장  81 | no_progress
Ep 44 |  4928스텝 | 배송 44/50 | 재적재  7 | 정지 0.28 교착최장  30 | no_progress
Ep 45 |  2349스텝 | 배송 32/50 | 재적재  4 | 정지 0.24 교착최장  19 | no_progress
Ep 46 |  3163스텝 | 배송 38/50 | 재적재  6 | 정지 0.25 교착최장  60 | no_progress
Ep 47 |  5639스텝 | 배송 46/50 | 재적재  7 | 정지 0.27 교착최장  16 | no_progress
Ep 48 |  4046스텝 | 배송 36/50 | 재적재  5 | 정지 0.23 교착최장  16 | no_progress
Ep 49 |  3831스텝 | 배송 44/50 | 재적재  7 | 정지 0.24 교착최장  57 | no_progress
Ep 50 |  4490스텝 | 배송 40/50 | 재적재  7 | 정지 0.22 교착최장  31 | no_progress
  [홀드아웃] 배송 25.2±7.4 재적재 2.5 2홉+ 0.64 | 최고 25.2@ep50 정체 0/15  ← 갱신
Ep 51 |  3394스텝 | 배송 36/50 | 재적재  6 | 정지 0.17 교착최장  28 | no_progress
Ep 52 |  3230스텝 | 배송 43/50 | 재적재  7 | 정지 0.29 교착최장  33 | no_progress
Ep 53 |  3454스텝 | 배송 41/50 | 재적재  7 | 정지 0.29 교착최장  21 | no_progress
Ep 54 |  5099스텝 | 배송 40/50 | 재적재  7 | 정지 0.31 교착최장  37 | no_progress
Ep 55 |  2944스텝 | 배송 38/50 | 재적재  6 | 정지 0.17 교착최장  13 | no_progress
Ep 56 |  2739스텝 | 배송 38/50 | 재적재  6 | 정지 0.23 교착최장 100 | deadlock
Ep 57 |  3489스텝 | 배송 43/50 | 재적재  7 | 정지 0.23 교착최장  30 | no_progress
Ep 58 |  3375스텝 | 배송 40/50 | 재적재  7 | 정지 0.23 교착최장  11 | no_progress
Ep 59 |  4215스텝 | 배송 42/50 | 재적재  6 | 정지 0.18 교착최장  21 | no_progress
Ep 60 |  3297스텝 | 배송 39/50 | 재적재  6 | 정지 0.28 교착최장  39 | no_progress
Ep 61 |  3817스텝 | 배송 40/50 | 재적재  6 | 정지 0.27 교착최장  25 | no_progress
Ep 62 |  2237스텝 | 배송 31/50 | 재적재  4 | 정지 0.10 교착최장  12 | no_progress
Ep 63 |  3335스텝 | 배송 41/50 | 재적재  6 | 정지 0.28 교착최장  45 | no_progress
Ep 64 |  3087스텝 | 배송 41/50 | 재적재  7 | 정지 0.26 교착최장  39 | no_progress
Ep 65 |  4038스텝 | 배송 43/50 | 재적재  7 | 정지 0.19 교착최장  19 | no_progress
Ep 66 |  2635스텝 | 배송 34/50 | 재적재  5 | 정지 0.19 교착최장  17 | no_progress
Ep 67 |  5280스텝 | 배송 42/50 | 재적재  7 | 정지 0.31 교착최장  41 | no_progress
Ep 68 |  4110스텝 | 배송 42/50 | 재적재  6 | 정지 0.28 교착최장  16 | no_progress
Ep 69 |  2624스텝 | 배송 36/50 | 재적재  6 | 정지 0.17 교착최장  15 | no_progress
Ep 70 |  3175스텝 | 배송 36/50 | 재적재  5 | 정지 0.20 교착최장  17 | no_progress
Ep 71 |  4042스텝 | 배송 43/50 | 재적재  7 | 정지 0.22 교착최장  17 | no_progress
Ep 72 |  4076스텝 | 배송 41/50 | 재적재  7 | 정지 0.22 교착최장  19 | no_progress
Ep 73 |  3206스텝 | 배송 38/50 | 재적재  6 | 정지 0.18 교착최장  15 | no_progress
Ep 74 |  3680스텝 | 배송 42/50 | 재적재  6 | 정지 0.18 교착최장  21 | no_progress
Ep 75 |  3758스텝 | 배송 43/50 | 재적재  8 | 정지 0.22 교착최장  32 | no_progress
Ep 76 |  3162스텝 | 배송 38/50 | 재적재  6 | 정지 0.18 교착최장  31 | no_progress
Ep 77 |  2365스텝 | 배송 33/50 | 재적재  4 | 정지 0.18 교착최장  20 | no_progress
Ep 78 |  3629스텝 | 배송 39/50 | 재적재  7 | 정지 0.22 교착최장  23 | no_progress
Ep 79 |  3783스텝 | 배송 42/50 | 재적재  7 | 정지 0.27 교착최장  35 | no_progress
Ep 80 |  2905스텝 | 배송 38/50 | 재적재  6 | 정지 0.14 교착최장  12 | no_progress
Ep 81 |  2693스텝 | 배송 34/50 | 재적재  5 | 정지 0.18 교착최장  10 | no_progress
Ep 82 |  3613스텝 | 배송 44/50 | 재적재  7 | 정지 0.21 교착최장  18 | no_progress
Ep 83 |  3123스텝 | 배송 40/50 | 재적재  6 | 정지 0.17 교착최장  20 | no_progress
Ep 84 |  4358스텝 | 배송 43/50 | 재적재  7 | 정지 0.17 교착최장  14 | no_progress
Ep 85 |  4430스텝 | 배송 40/50 | 재적재  6 | 정지 0.22 교착최장  20 | no_progress
Ep 86 |  5395스텝 | 배송 44/50 | 재적재  7 | 정지 0.28 교착최장  37 | no_progress
Ep 87 |  3014스텝 | 배송 42/50 | 재적재  6 | 정지 0.19 교착최장  12 | no_progress
Ep 88 |  3135스텝 | 배송 40/50 | 재적재  6 | 정지 0.19 교착최장  16 | no_progress
Ep 89 |  4057스텝 | 배송 43/50 | 재적재  8 | 정지 0.24 교착최장  18 | no_progress
Ep 90 |  3542스텝 | 배송 41/50 | 재적재  7 | 정지 0.24 교착최장  17 | no_progress
Ep 91 |  4230스텝 | 배송 42/50 | 재적재  7 | 정지 0.29 교착최장  24 | no_progress
Ep 92 |  3830스텝 | 배송 39/50 | 재적재  7 | 정지 0.18 교착최장  30 | no_progress
Ep 93 |  3985스텝 | 배송 41/50 | 재적재  6 | 정지 0.25 교착최장  21 | no_progress
Ep 94 |  3526스텝 | 배송 38/50 | 재적재  6 | 정지 0.23 교착최장  52 | no_progress
Ep 95 |  3646스텝 | 배송 40/50 | 재적재  6 | 정지 0.15 교착최장  14 | no_progress
Ep 96 |  6014스텝 | 배송 43/50 | 재적재  8 | 정지 0.31 교착최장  58 | no_progress
Ep 97 |  5599스텝 | 배송 44/50 | 재적재  7 | 정지 0.23 교착최장  33 | no_progress
Ep 98 |  2692스텝 | 배송 40/50 | 재적재  7 | 정지 0.23 교착최장  30 | no_progress
Ep 99 |  3774스텝 | 배송 41/50 | 재적재  7 | 정지 0.26 교착최장  21 | no_progress
Ep 100 |  3477스텝 | 배송 43/50 | 재적재  8 | 정지 0.25 교착최장  40 | no_progress
  [홀드아웃] 배송 22.3±4.5 재적재 2.4 2홉+ 0.57 | 최고 25.2@ep50 정체 1/15
Ep 101 |  6128스텝 | 배송 47/50 | 재적재  8 | 정지 0.27 교착최장  26 | no_progress
Ep 102 |  3863스텝 | 배송 43/50 | 재적재  7 | 정지 0.20 교착최장 100 | deadlock
Ep 103 |  4164스텝 | 배송 41/50 | 재적재  7 | 정지 0.25 교착최장  19 | no_progress
Ep 104 |  2848스텝 | 배송 33/50 | 재적재  4 | 정지 0.19 교착최장  71 | no_progress
Ep 105 |  3205스텝 | 배송 41/50 | 재적재  7 | 정지 0.24 교착최장  18 | no_progress
Ep 106 |  3429스텝 | 배송 42/50 | 재적재  6 | 정지 0.18 교착최장  20 | no_progress
Ep 107 |  5188스텝 | 배송 41/50 | 재적재  6 | 정지 0.21 교착최장  20 | no_progress
Ep 108 |  4289스텝 | 배송 39/50 | 재적재  6 | 정지 0.22 교착최장  30 | no_progress
Ep 109 |  4220스텝 | 배송 41/50 | 재적재  7 | 정지 0.23 교착최장  19 | no_progress
Ep 110 |  3520스텝 | 배송 36/50 | 재적재  6 | 정지 0.29 교착최장  56 | no_progress
Ep 111 |  4205스텝 | 배송 41/50 | 재적재  6 | 정지 0.22 교착최장  10 | no_progress
Ep 112 |  3087스텝 | 배송 44/50 | 재적재  6 | 정지 0.22 교착최장  10 | no_progress
Ep 113 |  3859스텝 | 배송 45/50 | 재적재  8 | 정지 0.26 교착최장  30 | no_progress
Ep 114 |  3620스텝 | 배송 42/50 | 재적재  7 | 정지 0.24 교착최장  20 | no_progress
Ep 115 |  3369스텝 | 배송 41/50 | 재적재  8 | 정지 0.22 교착최장  32 | no_progress
Ep 116 |  3356스텝 | 배송 40/50 | 재적재  6 | 정지 0.21 교착최장  18 | no_progress
Ep 117 |  3522스텝 | 배송 41/50 | 재적재  7 | 정지 0.19 교착최장  10 | no_progress
Ep 118 |  4778스텝 | 배송 43/50 | 재적재  7 | 정지 0.22 교착최장  32 | no_progress
Ep 119 |  3199스텝 | 배송 41/50 | 재적재  6 | 정지 0.23 교착최장  15 | no_progress
Ep 120 |  4640스텝 | 배송 44/50 | 재적재  6 | 정지 0.29 교착최장  33 | no_progress
Ep 121 |  3100스텝 | 배송 40/50 | 재적재  8 | 정지 0.22 교착최장  44 | no_progress
Ep 122 |  4518스텝 | 배송 40/50 | 재적재  7 | 정지 0.21 교착최장  24 | no_progress
Ep 123 |  3453스텝 | 배송 40/50 | 재적재  7 | 정지 0.19 교착최장  16 | no_progress
Ep 124 |  3596스텝 | 배송 44/50 | 재적재  6 | 정지 0.29 교착최장  19 | no_progress
Ep 125 |  3121스텝 | 배송 39/50 | 재적재  6 | 정지 0.23 교착최장  17 | no_progress
Ep 126 |  3666스텝 | 배송 37/50 | 재적재  6 | 정지 0.20 교착최장  10 | no_progress
Ep 127 |  3230스텝 | 배송 38/50 | 재적재  6 | 정지 0.20 교착최장  10 | no_progress
Ep 128 |  3314스텝 | 배송 41/50 | 재적재  7 | 정지 0.16 교착최장  21 | no_progress
Ep 129 |  4426스텝 | 배송 44/50 | 재적재  7 | 정지 0.30 교착최장  35 | no_progress
Ep 130 |  3961스텝 | 배송 39/50 | 재적재  6 | 정지 0.26 교착최장  37 | no_progress
Ep 131 |  2123스텝 | 배송 31/50 | 재적재  4 | 정지 0.07 교착최장   5 | no_progress
Ep 132 |  4585스텝 | 배송 42/50 | 재적재  6 | 정지 0.24 교착최장  15 | no_progress
Ep 133 |  2747스텝 | 배송 41/50 | 재적재  6 | 정지 0.20 교착최장  16 | no_progress
Ep 134 |  2377스텝 | 배송 36/50 | 재적재  5 | 정지 0.14 교착최장   6 | no_progress
Ep 135 |  3245스텝 | 배송 38/50 | 재적재  6 | 정지 0.20 교착최장  12 | no_progress
Ep 136 |  5678스텝 | 배송 44/50 | 재적재  8 | 정지 0.22 교착최장  19 | no_progress
Ep 137 |  3758스텝 | 배송 40/50 | 재적재  6 | 정지 0.20 교착최장  31 | no_progress
Ep 138 |  3598스텝 | 배송 42/50 | 재적재  6 | 정지 0.19 교착최장  23 | no_progress
Ep 139 |  3001스텝 | 배송 39/50 | 재적재  7 | 정지 0.17 교착최장  10 | no_progress
Ep 140 |  2904스텝 | 배송 39/50 | 재적재  6 | 정지 0.21 교착최장  25 | no_progress
Ep 141 |  3780스텝 | 배송 42/50 | 재적재  6 | 정지 0.22 교착최장  50 | no_progress
Ep 142 |  3904스텝 | 배송 45/50 | 재적재  7 | 정지 0.18 교착최장  11 | no_progress
Ep 143 |  3654스텝 | 배송 36/50 | 재적재  5 | 정지 0.25 교착최장  22 | no_progress
Ep 144 |  5065스텝 | 배송 45/50 | 재적재  8 | 정지 0.22 교착최장  40 | no_progress
Ep 145 |  2933스텝 | 배송 41/50 | 재적재  6 | 정지 0.22 교착최장  23 | no_progress
Ep 146 |  3925스텝 | 배송 40/50 | 재적재  6 | 정지 0.26 교착최장  25 | no_progress
Ep 147 |  3998스텝 | 배송 39/50 | 재적재  7 | 정지 0.23 교착최장  29 | no_progress
Ep 148 |  4102스텝 | 배송 40/50 | 재적재  5 | 정지 0.19 교착최장  14 | no_progress
Ep 149 |  2995스텝 | 배송 33/50 | 재적재  5 | 정지 0.23 교착최장  18 | no_progress
Ep 150 |  6173스텝 | 배송 45/50 | 재적재  7 | 정지 0.22 교착최장  20 | no_progress
  [홀드아웃] 배송 22.8±7.9 재적재 2.2 2홉+ 0.62 | 최고 25.2@ep50 정체 2/15
Ep 151 |  3843스텝 | 배송 39/50 | 재적재  7 | 정지 0.20 교착최장  14 | no_progress
Ep 152 |  4136스텝 | 배송 42/50 | 재적재  7 | 정지 0.31 교착최장  41 | no_progress
Ep 153 |  4087스텝 | 배송 40/50 | 재적재  6 | 정지 0.20 교착최장  19 | no_progress
Ep 154 |  3182스텝 | 배송 43/50 | 재적재  8 | 정지 0.26 교착최장 100 | deadlock
Ep 155 |  4396스텝 | 배송 43/50 | 재적재  7 | 정지 0.29 교착최장  37 | no_progress
Ep 156 |  3530스텝 | 배송 43/50 | 재적재  6 | 정지 0.18 교착최장  10 | no_progress
Ep 157 |  3080스텝 | 배송 41/50 | 재적재  6 | 정지 0.21 교착최장  21 | no_progress
Ep 158 |  3416스텝 | 배송 37/50 | 재적재  7 | 정지 0.23 교착최장  86 | no_progress
Ep 159 |  2936스텝 | 배송 40/50 | 재적재  7 | 정지 0.21 교착최장  16 | no_progress
Ep 160 |  2606스텝 | 배송 35/50 | 재적재  5 | 정지 0.18 교착최장  35 | no_progress
Ep 161 |  3461스텝 | 배송 39/50 | 재적재  6 | 정지 0.23 교착최장  11 | no_progress
Ep 162 |  5259스텝 | 배송 45/50 | 재적재  8 | 정지 0.23 교착최장 100 | deadlock
Ep 163 |  3400스텝 | 배송 41/50 | 재적재  7 | 정지 0.24 교착최장  31 | no_progress
Ep 164 |  3274스텝 | 배송 40/50 | 재적재  5 | 정지 0.17 교착최장  14 | no_progress
Ep 165 |  4420스텝 | 배송 39/50 | 재적재  5 | 정지 0.15 교착최장  26 | no_progress
Ep 166 |  3635스텝 | 배송 42/50 | 재적재  7 | 정지 0.16 교착최장  14 | no_progress
Ep 167 |  3366스텝 | 배송 41/50 | 재적재  6 | 정지 0.27 교착최장  16 | no_progress
Ep 168 |  4888스텝 | 배송 43/50 | 재적재  6 | 정지 0.19 교착최장  15 | no_progress
Ep 169 |  3946스텝 | 배송 40/50 | 재적재  6 | 정지 0.25 교착최장  25 | no_progress
Ep 170 |  4018스텝 | 배송 42/50 | 재적재  7 | 정지 0.22 교착최장  49 | no_progress
Ep 171 |  4833스텝 | 배송 42/50 | 재적재  6 | 정지 0.25 교착최장  41 | no_progress
Ep 172 |  2900스텝 | 배송 35/50 | 재적재  6 | 정지 0.19 교착최장  28 | no_progress
Ep 173 |  3443스텝 | 배송 36/50 | 재적재  6 | 정지 0.18 교착최장  17 | no_progress
Ep 174 |  1609스텝 | 배송 25/50 | 재적재  1 | 정지 0.20 교착최장  23 | no_progress
Ep 175 |  3040스텝 | 배송 39/50 | 재적재  6 | 정지 0.16 교착최장  10 | no_progress
Ep 176 |  3391스텝 | 배송 41/50 | 재적재  7 | 정지 0.19 교착최장  17 | no_progress
Ep 177 |  3295스텝 | 배송 43/50 | 재적재  7 | 정지 0.16 교착최장  10 | no_progress
Ep 178 |  4826스텝 | 배송 42/50 | 재적재  6 | 정지 0.25 교착최장  47 | no_progress
Ep 179 |  4248스텝 | 배송 40/50 | 재적재  7 | 정지 0.31 교착최장  63 | no_progress
Ep 180 |  4141스텝 | 배송 40/50 | 재적재  6 | 정지 0.21 교착최장  16 | no_progress
Ep 181 |  3468스텝 | 배송 40/50 | 재적재  6 | 정지 0.23 교착최장  21 | no_progress
Ep 182 |  1557스텝 | 배송 20/50 | 재적재  0 | 정지 0.15 교착최장  15 | no_progress
Ep 183 |  3955스텝 | 배송 40/50 | 재적재  6 | 정지 0.18 교착최장  10 | no_progress
Ep 184 |  3490스텝 | 배송 38/50 | 재적재  6 | 정지 0.15 교착최장  13 | no_progress
Ep 185 |  3271스텝 | 배송 39/50 | 재적재  6 | 정지 0.22 교착최장  14 | no_progress
Ep 186 |  3543스텝 | 배송 40/50 | 재적재  6 | 정지 0.20 교착최장  18 | no_progress
Ep 187 |  3880스텝 | 배송 40/50 | 재적재  5 | 정지 0.13 교착최장   7 | no_progress
Ep 188 |  4481스텝 | 배송 41/50 | 재적재  6 | 정지 0.27 교착최장  36 | no_progress
Ep 189 |  4082스텝 | 배송 45/50 | 재적재  8 | 정지 0.31 교착최장  73 | no_progress
Ep 190 |  3061스텝 | 배송 39/50 | 재적재  6 | 정지 0.20 교착최장  11 | no_progress
Ep 191 |  4498스텝 | 배송 42/50 | 재적재  7 | 정지 0.18 교착최장  38 | no_progress
Ep 192 |  2983스텝 | 배송 38/50 | 재적재  5 | 정지 0.16 교착최장   7 | no_progress
Ep 193 |  4275스텝 | 배송 39/50 | 재적재  7 | 정지 0.28 교착최장  28 | no_progress
Ep 194 |  7708스텝 | 배송 45/50 | 재적재  8 | 정지 0.26 교착최장  22 | no_progress
Ep 195 |  3305스텝 | 배송 37/50 | 재적재  5 | 정지 0.15 교착최장   9 | no_progress
Ep 196 |  2742스텝 | 배송 37/50 | 재적재  6 | 정지 0.17 교착최장  10 | no_progress
Ep 197 |  5374스텝 | 배송 45/50 | 재적재  7 | 정지 0.26 교착최장  65 | no_progress
Ep 198 |  3852스텝 | 배송 40/50 | 재적재  5 | 정지 0.31 교착최장  27 | no_progress
Ep 199 |  2532스텝 | 배송 33/50 | 재적재  5 | 정지 0.21 교착최장  15 | no_progress
Ep 200 |  4050스텝 | 배송 41/50 | 재적재  7 | 정지 0.30 교착최장  27 | no_progress
  [홀드아웃] 배송 24.3±7.2 재적재 2.2 2홉+ 0.62 | 최고 25.2@ep50 정체 3/15
Ep 201 |  2414스텝 | 배송 37/50 | 재적재  6 | 정지 0.15 교착최장  14 | no_progress
Ep 202 |  2830스텝 | 배송 39/50 | 재적재  6 | 정지 0.20 교착최장  13 | no_progress
Ep 203 |  2684스텝 | 배송 39/50 | 재적재  7 | 정지 0.25 교착최장  18 | no_progress
Ep 204 |  5420스텝 | 배송 40/50 | 재적재  6 | 정지 0.29 교착최장 100 | deadlock
Ep 205 |  4421스텝 | 배송 42/50 | 재적재  6 | 정지 0.20 교착최장  14 | no_progress
Ep 206 |  4129스텝 | 배송 41/50 | 재적재  7 | 정지 0.21 교착최장  12 | no_progress
Ep 207 |  3317스텝 | 배송 37/50 | 재적재  5 | 정지 0.19 교착최장  19 | no_progress
Ep 208 |  4828스텝 | 배송 45/50 | 재적재  8 | 정지 0.33 교착최장  93 | no_progress
Ep 209 |  3530스텝 | 배송 44/50 | 재적재  7 | 정지 0.22 교착최장  41 | no_progress
Ep 210 |  4579스텝 | 배송 41/50 | 재적재  6 | 정지 0.21 교착최장  38 | no_progress
Ep 211 |  5504스텝 | 배송 43/50 | 재적재  8 | 정지 0.29 교착최장  45 | no_progress
Ep 212 |  2472스텝 | 배송 35/50 | 재적재  5 | 정지 0.32 교착최장  34 | no_progress
Ep 213 |  2583스텝 | 배송 38/50 | 재적재  6 | 정지 0.14 교착최장  10 | no_progress
Ep 214 |  4135스텝 | 배송 42/50 | 재적재  7 | 정지 0.24 교착최장  93 | no_progress
Ep 215 |  3654스텝 | 배송 42/50 | 재적재  7 | 정지 0.21 교착최장  13 | no_progress
Ep 216 |  3801스텝 | 배송 42/50 | 재적재  7 | 정지 0.21 교착최장  33 | no_progress
Ep 217 |  4731스텝 | 배송 42/50 | 재적재  7 | 정지 0.21 교착최장  29 | no_progress
Ep 218 |  3207스텝 | 배송 42/50 | 재적재  7 | 정지 0.21 교착최장  23 | no_progress
Ep 219 |  2865스텝 | 배송 41/50 | 재적재  7 | 정지 0.25 교착최장  25 | no_progress
Ep 220 |  2400스텝 | 배송 36/50 | 재적재  5 | 정지 0.25 교착최장  21 | no_progress
Ep 221 |  4268스텝 | 배송 40/50 | 재적재  5 | 정지 0.17 교착최장  14 | no_progress
Ep 222 |  2939스텝 | 배송 41/50 | 재적재  7 | 정지 0.20 교착최장   7 | no_progress
Ep 223 |  4863스텝 | 배송 36/50 | 재적재  5 | 정지 0.21 교착최장  22 | no_progress
Ep 224 |  3527스텝 | 배송 40/50 | 재적재  6 | 정지 0.31 교착최장  74 | no_progress
Ep 225 |  2691스텝 | 배송 39/50 | 재적재  6 | 정지 0.21 교착최장  16 | no_progress
Ep 226 |  4513스텝 | 배송 42/50 | 재적재  7 | 정지 0.21 교착최장  38 | no_progress
Ep 227 |  3110스텝 | 배송 44/50 | 재적재  7 | 정지 0.22 교착최장  45 | no_progress
Ep 228 |  5337스텝 | 배송 44/50 | 재적재  8 | 정지 0.25 교착최장  34 | no_progress
Ep 229 |  4649스텝 | 배송 43/50 | 재적재  7 | 정지 0.30 교착최장  51 | no_progress
Ep 230 |  3255스텝 | 배송 39/50 | 재적재  6 | 정지 0.12 교착최장  11 | no_progress
Ep 231 |  4055스텝 | 배송 42/50 | 재적재  7 | 정지 0.22 교착최장  21 | no_progress
Ep 232 |  3353스텝 | 배송 36/50 | 재적재  6 | 정지 0.27 교착최장  21 | no_progress
Ep 233 |  3200스텝 | 배송 39/50 | 재적재  5 | 정지 0.15 교착최장  13 | no_progress
Ep 234 |  5414스텝 | 배송 44/50 | 재적재  8 | 정지 0.30 교착최장  47 | no_progress
Ep 235 |  3027스텝 | 배송 43/50 | 재적재  7 | 정지 0.23 교착최장  19 | no_progress
Ep 236 |  2901스텝 | 배송 38/50 | 재적재  6 | 정지 0.19 교착최장  16 | no_progress
Ep 237 |  2544스텝 | 배송 38/50 | 재적재  6 | 정지 0.20 교착최장  36 | no_progress
Ep 238 |  4223스텝 | 배송 40/50 | 재적재  7 | 정지 0.20 교착최장  14 | no_progress
Ep 239 |  4600스텝 | 배송 44/50 | 재적재  8 | 정지 0.20 교착최장  38 | no_progress
Ep 240 |  5325스텝 | 배송 45/50 | 재적재  7 | 정지 0.22 교착최장  66 | no_progress
Ep 241 |  3543스텝 | 배송 36/50 | 재적재  6 | 정지 0.23 교착최장  18 | no_progress
Ep 242 |  3685스텝 | 배송 36/50 | 재적재  5 | 정지 0.16 교착최장  10 | no_progress
Ep 243 |  4360스텝 | 배송 38/50 | 재적재  7 | 정지 0.18 교착최장  26 | no_progress
Ep 244 |  5343스텝 | 배송 41/50 | 재적재  6 | 정지 0.22 교착최장  28 | no_progress
Ep 245 |  5704스텝 | 배송 43/50 | 재적재  7 | 정지 0.26 교착최장  37 | no_progress
Ep 246 |  2339스텝 | 배송 41/50 | 재적재  5 | 정지 0.20 교착최장  21 | no_progress
Ep 247 |  2809스텝 | 배송 41/50 | 재적재  6 | 정지 0.24 교착최장  16 | no_progress
Ep 248 |  3178스텝 | 배송 40/50 | 재적재  6 | 정지 0.27 교착최장  47 | no_progress
Ep 249 |  4017스텝 | 배송 39/50 | 재적재  6 | 정지 0.21 교착최장  37 | no_progress
Ep 250 |  2543스텝 | 배송 39/50 | 재적재  7 | 정지 0.19 교착최장  16 | no_progress
  [홀드아웃] 배송 21.3±7.5 재적재 1.9 2홉+ 0.60 | 최고 25.2@ep50 정체 4/15
Ep 251 |  4290스텝 | 배송 42/50 | 재적재  7 | 정지 0.21 교착최장  18 | no_progress
Ep 252 |  4861스텝 | 배송 43/50 | 재적재  8 | 정지 0.33 교착최장 100 | deadlock
Ep 253 |  4396스텝 | 배송 42/50 | 재적재  6 | 정지 0.19 교착최장   8 | no_progress
Ep 254 |  5378스텝 | 배송 44/50 | 재적재  8 | 정지 0.38 교착최장  68 | no_progress
Ep 255 |  3172스텝 | 배송 37/50 | 재적재  5 | 정지 0.22 교착최장  14 | no_progress
Ep 256 |  2265스텝 | 배송 35/50 | 재적재  5 | 정지 0.24 교착최장   7 | no_progress
Ep 257 |  4252스텝 | 배송 43/50 | 재적재  6 | 정지 0.17 교착최장  11 | no_progress
Ep 258 |  3534스텝 | 배송 40/50 | 재적재  7 | 정지 0.25 교착최장  19 | no_progress
Ep 259 |  4297스텝 | 배송 40/50 | 재적재  7 | 정지 0.20 교착최장  18 | no_progress
Ep 260 |  3870스텝 | 배송 37/50 | 재적재  5 | 정지 0.24 교착최장  14 | no_progress
Ep 261 |  4190스텝 | 배송 39/50 | 재적재  6 | 정지 0.21 교착최장  17 | no_progress
Ep 262 |  3496스텝 | 배송 40/50 | 재적재  7 | 정지 0.32 교착최장  46 | no_progress
Ep 263 |  3332스텝 | 배송 43/50 | 재적재  7 | 정지 0.21 교착최장  11 | no_progress
Ep 264 |  3586스텝 | 배송 41/50 | 재적재  5 | 정지 0.19 교착최장  20 | no_progress
Ep 265 |  4661스텝 | 배송 40/50 | 재적재  6 | 정지 0.26 교착최장  25 | no_progress
Ep 266 |  4512스텝 | 배송 45/50 | 재적재  8 | 정지 0.22 교착최장  22 | no_progress
Ep 267 |  3864스텝 | 배송 37/50 | 재적재  5 | 정지 0.17 교착최장  10 | no_progress
Ep 268 |  3604스텝 | 배송 39/50 | 재적재  6 | 정지 0.24 교착최장  18 | no_progress
Ep 269 |  5226스텝 | 배송 41/50 | 재적재  6 | 정지 0.16 교착최장   9 | no_progress
Ep 270 |  3340스텝 | 배송 40/50 | 재적재  5 | 정지 0.16 교착최장  13 | no_progress
Ep 271 |  5733스텝 | 배송 42/50 | 재적재  8 | 정지 0.27 교착최장  56 | no_progress
Ep 272 |  3838스텝 | 배송 43/50 | 재적재  6 | 정지 0.19 교착최장  13 | no_progress
Ep 273 |  3983스텝 | 배송 41/50 | 재적재  6 | 정지 0.22 교착최장  20 | no_progress
Ep 274 |  4238스텝 | 배송 39/50 | 재적재  6 | 정지 0.26 교착최장  51 | no_progress
Ep 275 |  3980스텝 | 배송 38/50 | 재적재  5 | 정지 0.14 교착최장  11 | no_progress
Ep 276 |  2921스텝 | 배송 38/50 | 재적재  5 | 정지 0.22 교착최장   9 | no_progress
Ep 277 |  3055스텝 | 배송 41/50 | 재적재  8 | 정지 0.19 교착최장  16 | no_progress
Ep 278 |  5204스텝 | 배송 41/50 | 재적재  6 | 정지 0.19 교착최장  18 | no_progress
Ep 279 |  2844스텝 | 배송 31/50 | 재적재  3 | 정지 0.13 교착최장  11 | no_progress
Ep 280 |  2882스텝 | 배송 42/50 | 재적재  7 | 정지 0.21 교착최장  12 | no_progress
Ep 281 |  3674스텝 | 배송 39/50 | 재적재  6 | 정지 0.20 교착최장  19 | no_progress
Ep 282 |  2946스텝 | 배송 39/50 | 재적재  6 | 정지 0.25 교착최장  45 | no_progress
Ep 283 |  3015스텝 | 배송 40/50 | 재적재  6 | 정지 0.21 교착최장  19 | no_progress
Ep 284 |  3704스텝 | 배송 38/50 | 재적재  6 | 정지 0.22 교착최장  18 | no_progress
Ep 285 |  3336스텝 | 배송 38/50 | 재적재  7 | 정지 0.17 교착최장  13 | no_progress
Ep 286 |  2473스텝 | 배송 34/50 | 재적재  5 | 정지 0.24 교착최장  18 | no_progress
Ep 287 |  5312스텝 | 배송 45/50 | 재적재  7 | 정지 0.23 교착최장  21 | no_progress
Ep 288 |  3909스텝 | 배송 41/50 | 재적재  6 | 정지 0.17 교착최장  17 | no_progress
Ep 289 |  3056스텝 | 배송 37/50 | 재적재  6 | 정지 0.19 교착최장  12 | no_progress
Ep 290 |  4393스텝 | 배송 41/50 | 재적재  6 | 정지 0.19 교착최장  18 | no_progress
Ep 291 |  4672스텝 | 배송 42/50 | 재적재  6 | 정지 0.16 교착최장  33 | no_progress
Ep 292 |  4387스텝 | 배송 41/50 | 재적재  7 | 정지 0.23 교착최장  16 | no_progress
Ep 293 |  3820스텝 | 배송 41/50 | 재적재  7 | 정지 0.25 교착최장 100 | deadlock
Ep 294 |  3897스텝 | 배송 40/50 | 재적재  6 | 정지 0.16 교착최장   9 | no_progress
Ep 295 |  3499스텝 | 배송 40/50 | 재적재  5 | 정지 0.21 교착최장  10 | no_progress
Ep 296 |  5507스텝 | 배송 43/50 | 재적재  6 | 정지 0.26 교착최장  41 | no_progress
Ep 297 |  4061스텝 | 배송 38/50 | 재적재  5 | 정지 0.16 교착최장  18 | no_progress
Ep 298 |  4537스텝 | 배송 42/50 | 재적재  7 | 정지 0.24 교착최장  37 | no_progress
Ep 299 |  2573스텝 | 배송 39/50 | 재적재  5 | 정지 0.13 교착최장  14 | no_progress
Ep 300 |  5084스텝 | 배송 40/50 | 재적재  6 | 정지 0.22 교착최장  25 | no_progress
  [홀드아웃] 배송 18.2±3.4 재적재 0.3 2홉+ 0.62 | 최고 25.2@ep50 정체 5/15
Ep 301 |  1085스텝 | 배송 30/50 | 재적재  3 | 정지 0.11 교착최장   9 | no_progress
Ep 302 |  1079스텝 | 배송 30/50 | 재적재  3 | 정지 0.17 교착최장  12 | no_progress
Ep 303 |  1032스텝 | 배송 27/50 | 재적재  3 | 정지 0.06 교착최장   8 | no_progress
Ep 304 |   916스텝 | 배송 25/50 | 재적재  3 | 정지 0.19 교착최장  20 | no_progress
Ep 305 |   887스텝 | 배송 23/50 | 재적재  2 | 정지 0.11 교착최장   6 | no_progress
Ep 306 |  1930스텝 | 배송 40/50 | 재적재  6 | 정지 0.20 교착최장  20 | no_progress
Ep 307 |  1385스텝 | 배송 34/50 | 재적재  6 | 정지 0.08 교착최장   9 | no_progress
Ep 308 |   532스텝 | 배송 20/50 | 재적재  2 | 정지 0.12 교착최장   6 | no_progress
Ep 309 |  1061스텝 | 배송 28/50 | 재적재  3 | 정지 0.14 교착최장  10 | no_progress
Ep 310 |  1534스텝 | 배송 34/50 | 재적재  5 | 정지 0.19 교착최장  15 | no_progress
Ep 311 |  1375스텝 | 배송 32/50 | 재적재  4 | 정지 0.16 교착최장  11 | no_progress
Ep 312 |  1332스텝 | 배송 32/50 | 재적재  4 | 정지 0.14 교착최장  11 | no_progress
Ep 313 |   793스텝 | 배송 19/50 | 재적재  0 | 정지 0.12 교착최장  10 | no_progress
Ep 314 |   862스텝 | 배송 26/50 | 재적재  4 | 정지 0.11 교착최장   9 | no_progress
Ep 315 |  1172스텝 | 배송 26/50 | 재적재  2 | 정지 0.07 교착최장   7 | no_progress
Ep 316 |  1287스텝 | 배송 30/50 | 재적재  4 | 정지 0.13 교착최장   9 | no_progress
Ep 317 |   925스텝 | 배송 30/50 | 재적재  3 | 정지 0.16 교착최장   7 | no_progress
Ep 318 |   677스텝 | 배송 22/50 | 재적재  2 | 정지 0.07 교착최장   4 | no_progress
Ep 319 |  1698스텝 | 배송 37/50 | 재적재  5 | 정지 0.10 교착최장   5 | no_progress
Ep 320 |   810스텝 | 배송 23/50 | 재적재  1 | 정지 0.09 교착최장   4 | no_progress
Ep 321 |  1223스텝 | 배송 30/50 | 재적재  3 | 정지 0.14 교착최장  18 | no_progress
Ep 322 |  1449스텝 | 배송 36/50 | 재적재  7 | 정지 0.13 교착최장   9 | no_progress
Ep 323 |   702스텝 | 배송 24/50 | 재적재  2 | 정지 0.05 교착최장   3 | no_progress
Ep 324 |   677스텝 | 배송 22/50 | 재적재  3 | 정지 0.08 교착최장   5 | no_progress
Ep 325 |   768스텝 | 배송 19/50 | 재적재  0 | 정지 0.25 교착최장  10 | no_progress
Ep 326 |   715스텝 | 배송 23/50 | 재적재  3 | 정지 0.04 교착최장   4 | no_progress
Ep 327 |   740스텝 | 배송 27/50 | 재적재  3 | 정지 0.11 교착최장  10 | no_progress
Ep 328 |   936스텝 | 배송 30/50 | 재적재  6 | 정지 0.11 교착최장   5 | no_progress
Ep 329 |   964스텝 | 배송 28/50 | 재적재  4 | 정지 0.09 교착최장   5 | no_progress
Ep 330 |  1130스텝 | 배송 27/50 | 재적재  3 | 정지 0.10 교착최장  10 | no_progress
Ep 331 |  1335스텝 | 배송 30/50 | 재적재  4 | 정지 0.08 교착최장  13 | no_progress
Ep 332 |  1032스텝 | 배송 22/50 | 재적재  3 | 정지 0.11 교착최장   5 | no_progress
Ep 333 |  1171스텝 | 배송 31/50 | 재적재  4 | 정지 0.12 교착최장   6 | no_progress
Ep 334 |   663스텝 | 배송 18/50 | 재적재  3 | 정지 0.14 교착최장   9 | no_progress
Ep 335 |  1829스텝 | 배송 33/50 | 재적재  4 | 정지 0.15 교착최장  42 | no_progress
Ep 336 |   526스텝 | 배송 17/50 | 재적재  0 | 정지 0.08 교착최장   5 | no_progress
Ep 337 |  1646스텝 | 배송 38/50 | 재적재  5 | 정지 0.13 교착최장   8 | no_progress
Ep 338 |   825스텝 | 배송 25/50 | 재적재  2 | 정지 0.09 교착최장   4 | no_progress
Ep 339 |  1202스텝 | 배송 28/50 | 재적재  4 | 정지 0.08 교착최장   6 | no_progress
Ep 340 |  1958스텝 | 배송 39/50 | 재적재  5 | 정지 0.16 교착최장  11 | no_progress
Ep 341 |   966스텝 | 배송 28/50 | 재적재  5 | 정지 0.10 교착최장   8 | no_progress
Ep 342 |  1494스텝 | 배송 32/50 | 재적재  4 | 정지 0.12 교착최장   6 | no_progress
Ep 343 |   973스텝 | 배송 26/50 | 재적재  4 | 정지 0.09 교착최장   4 | no_progress
Ep 344 |  1329스텝 | 배송 36/50 | 재적재  4 | 정지 0.21 교착최장  22 | no_progress
Ep 345 |  1927스텝 | 배송 38/50 | 재적재  5 | 정지 0.18 교착최장  10 | no_progress
Ep 346 |   735스텝 | 배송 23/50 | 재적재  2 | 정지 0.07 교착최장   5 | no_progress
Ep 347 |   794스텝 | 배송 25/50 | 재적재  4 | 정지 0.10 교착최장   6 | no_progress
Ep 348 |   339스텝 | 배송 13/50 | 재적재  0 | 정지 0.31 교착최장  20 | no_progress
Ep 349 |   866스텝 | 배송 25/50 | 재적재  2 | 정지 0.16 교착최장  15 | no_progress
Ep 350 |   672스텝 | 배송 18/50 | 재적재  2 | 정지 0.03 교착최장   8 | no_progress
  [홀드아웃] 배송 22.2±9.3 재적재 2.1 2홉+ 0.63 | 최고 25.2@ep50 정체 6/15
Ep 351 |   918스텝 | 배송 26/50 | 재적재  3 | 정지 0.14 교착최장   9 | no_progress
Ep 352 |   475스텝 | 배송 16/50 | 재적재  1 | 정지 0.07 교착최장   3 | no_progress
Ep 353 |  1398스텝 | 배송 32/50 | 재적재  6 | 정지 0.10 교착최장  10 | no_progress
Ep 354 |  1186스텝 | 배송 27/50 | 재적재  4 | 정지 0.17 교착최장  11 | no_progress
Ep 355 |   934스텝 | 배송 26/50 | 재적재  4 | 정지 0.10 교착최장   6 | no_progress
Ep 356 |  1435스텝 | 배송 35/50 | 재적재  6 | 정지 0.11 교착최장   4 | no_progress
Ep 357 |  1444스텝 | 배송 33/50 | 재적재  5 | 정지 0.10 교착최장   6 | no_progress
Ep 358 |  1091스텝 | 배송 30/50 | 재적재  6 | 정지 0.10 교착최장   6 | no_progress
Ep 359 |   494스텝 | 배송 16/50 | 재적재  2 | 정지 0.03 교착최장   6 | no_progress
Ep 360 |  1163스텝 | 배송 28/50 | 재적재  4 | 정지 0.07 교착최장   6 | no_progress
Ep 361 |   977스텝 | 배송 31/50 | 재적재  5 | 정지 0.12 교착최장  17 | no_progress
Ep 362 |   863스텝 | 배송 29/50 | 재적재  5 | 정지 0.09 교착최장   9 | no_progress
Ep 363 |  1209스텝 | 배송 31/50 | 재적재  5 | 정지 0.14 교착최장   9 | no_progress
Ep 364 |  1472스텝 | 배송 36/50 | 재적재  5 | 정지 0.12 교착최장   6 | no_progress
Ep 365 |  1129스텝 | 배송 32/50 | 재적재  3 | 정지 0.12 교착최장  10 | no_progress
Ep 366 |  1636스텝 | 배송 38/50 | 재적재  5 | 정지 0.18 교착최장  17 | no_progress
Ep 367 |   812스텝 | 배송 22/50 | 재적재  4 | 정지 0.06 교착최장   6 | no_progress
Ep 368 |   635스텝 | 배송 19/50 | 재적재  1 | 정지 0.05 교착최장   3 | no_progress
Ep 369 |  1409스텝 | 배송 34/50 | 재적재  4 | 정지 0.09 교착최장  13 | no_progress
Ep 370 |  1155스텝 | 배송 30/50 | 재적재  5 | 정지 0.10 교착최장   7 | no_progress
Ep 371 |  1245스텝 | 배송 34/50 | 재적재  4 | 정지 0.06 교착최장   6 | no_progress
Ep 372 |   939스텝 | 배송 29/50 | 재적재  4 | 정지 0.13 교착최장   8 | no_progress
Ep 373 |  1623스텝 | 배송 37/50 | 재적재  7 | 정지 0.14 교착최장  10 | no_progress
Ep 374 |  1618스텝 | 배송 38/50 | 재적재  6 | 정지 0.11 교착최장  10 | no_progress
Ep 375 |  1180스텝 | 배송 38/50 | 재적재  7 | 정지 0.10 교착최장   8 | no_progress
Ep 376 |   647스텝 | 배송 23/50 | 재적재  2 | 정지 0.21 교착최장   3 | no_progress
Ep 377 |   539스텝 | 배송 18/50 | 재적재  3 | 정지 0.14 교착최장   5 | no_progress
Ep 378 |  1059스텝 | 배송 28/50 | 재적재  5 | 정지 0.11 교착최장   8 | no_progress
Ep 379 |   960스텝 | 배송 25/50 | 재적재  2 | 정지 0.13 교착최장  12 | no_progress
Ep 380 |   638스텝 | 배송 25/50 | 재적재  4 | 정지 0.14 교착최장  12 | no_progress
Ep 381 |  1752스텝 | 배송 36/50 | 재적재  7 | 정지 0.10 교착최장   8 | no_progress
Ep 382 |   771스텝 | 배송 24/50 | 재적재  3 | 정지 0.12 교착최장   3 | no_progress
Ep 383 |  1368스텝 | 배송 32/50 | 재적재  4 | 정지 0.09 교착최장   6 | no_progress
Ep 384 |  1075스텝 | 배송 29/50 | 재적재  3 | 정지 0.10 교착최장   5 | no_progress
Ep 385 |  1459스텝 | 배송 34/50 | 재적재  4 | 정지 0.14 교착최장   9 | no_progress
Ep 386 |  1453스텝 | 배송 36/50 | 재적재  5 | 정지 0.11 교착최장  13 | no_progress
Ep 387 |  1286스텝 | 배송 31/50 | 재적재  6 | 정지 0.12 교착최장  15 | no_progress
Ep 388 |   979스텝 | 배송 24/50 | 재적재  2 | 정지 0.10 교착최장   5 | no_progress
Ep 389 |  1250스텝 | 배송 28/50 | 재적재  3 | 정지 0.08 교착최장  10 | no_progress
Ep 390 |  1035스텝 | 배송 32/50 | 재적재  4 | 정지 0.18 교착최장  17 | no_progress
Ep 391 |  1369스텝 | 배송 35/50 | 재적재  6 | 정지 0.15 교착최장  15 | no_progress
Ep 392 |  1081스텝 | 배송 30/50 | 재적재  5 | 정지 0.10 교착최장   7 | no_progress
Ep 393 |  1970스텝 | 배송 37/50 | 재적재  4 | 정지 0.09 교착최장  10 | no_progress
Ep 394 |  1027스텝 | 배송 32/50 | 재적재  5 | 정지 0.09 교착최장  13 | no_progress
Ep 395 |   967스텝 | 배송 28/50 | 재적재  2 | 정지 0.07 교착최장  10 | no_progress
Ep 396 |  1796스텝 | 배송 38/50 | 재적재  5 | 정지 0.13 교착최장  14 | no_progress
Ep 397 |  1626스텝 | 배송 35/50 | 재적재  7 | 정지 0.14 교착최장   7 | no_progress
Ep 398 |  1306스텝 | 배송 33/50 | 재적재  5 | 정지 0.07 교착최장   4 | no_progress
Ep 399 |   733스텝 | 배송 23/50 | 재적재  2 | 정지 0.21 교착최장  17 | no_progress
Ep 400 |  1356스텝 | 배송 28/50 | 재적재  3 | 정지 0.15 교착최장   8 | no_progress
  [홀드아웃] 배송 22.8±5.0 재적재 1.9 2홉+ 0.59 | 최고 25.2@ep50 정체 7/15
Ep 401 |   853스텝 | 배송 24/50 | 재적재  3 | 정지 0.13 교착최장  21 | no_progress
Ep 402 |  1350스텝 | 배송 33/50 | 재적재  4 | 정지 0.09 교착최장   9 | no_progress
Ep 403 |  1383스텝 | 배송 33/50 | 재적재  4 | 정지 0.09 교착최장  10 | no_progress
Ep 404 |   675스텝 | 배송 23/50 | 재적재  2 | 정지 0.14 교착최장   6 | no_progress
Ep 405 |  1643스텝 | 배송 37/50 | 재적재  6 | 정지 0.17 교착최장  10 | no_progress
Ep 406 |  1788스텝 | 배송 34/50 | 재적재  5 | 정지 0.11 교착최장  10 | no_progress
Ep 407 |   997스텝 | 배송 27/50 | 재적재  4 | 정지 0.10 교착최장   7 | no_progress
Ep 408 |  1438스텝 | 배송 38/50 | 재적재  6 | 정지 0.14 교착최장   9 | no_progress
Ep 409 |  1213스텝 | 배송 30/50 | 재적재  4 | 정지 0.17 교착최장  15 | no_progress
Ep 410 |  1163스텝 | 배송 28/50 | 재적재  4 | 정지 0.11 교착최장  14 | no_progress
Ep 411 |  1307스텝 | 배송 33/50 | 재적재  3 | 정지 0.21 교착최장  37 | no_progress
Ep 412 |  1028스텝 | 배송 27/50 | 재적재  4 | 정지 0.11 교착최장   8 | no_progress
Ep 413 |  1216스텝 | 배송 28/50 | 재적재  4 | 정지 0.14 교착최장  10 | no_progress
Ep 414 |  1384스텝 | 배송 35/50 | 재적재  5 | 정지 0.12 교착최장  16 | no_progress
Ep 415 |  1083스텝 | 배송 31/50 | 재적재  4 | 정지 0.13 교착최장   5 | no_progress
Ep 416 |  1045스텝 | 배송 27/50 | 재적재  4 | 정지 0.03 교착최장   3 | no_progress
Ep 417 |  1502스텝 | 배송 34/50 | 재적재  4 | 정지 0.16 교착최장  15 | no_progress
Ep 418 |  1211스텝 | 배송 34/50 | 재적재  6 | 정지 0.08 교착최장   8 | no_progress
Ep 419 |  1590스텝 | 배송 35/50 | 재적재  5 | 정지 0.17 교착최장  16 | no_progress
Ep 420 |  1028스텝 | 배송 27/50 | 재적재  4 | 정지 0.11 교착최장   6 | no_progress
Ep 421 |   912스텝 | 배송 26/50 | 재적재  4 | 정지 0.09 교착최장   7 | no_progress
Ep 422 |   948스텝 | 배송 29/50 | 재적재  3 | 정지 0.14 교착최장  10 | no_progress
Ep 423 |  1514스텝 | 배송 35/50 | 재적재  5 | 정지 0.14 교착최장  25 | no_progress
Ep 424 |   975스텝 | 배송 24/50 | 재적재  4 | 정지 0.08 교착최장  10 | no_progress
Ep 425 |   829스텝 | 배송 23/50 | 재적재  4 | 정지 0.05 교착최장   8 | no_progress
Ep 426 |  1231스텝 | 배송 32/50 | 재적재  4 | 정지 0.15 교착최장   9 | no_progress
Ep 427 |  1115스텝 | 배송 29/50 | 재적재  5 | 정지 0.15 교착최장  22 | no_progress
Ep 428 |   979스텝 | 배송 27/50 | 재적재  3 | 정지 0.10 교착최장   5 | no_progress
Ep 429 |   950스텝 | 배송 29/50 | 재적재  3 | 정지 0.07 교착최장   7 | no_progress
Ep 430 |  1311스텝 | 배송 34/50 | 재적재  6 | 정지 0.13 교착최장  44 | no_progress
Ep 431 |  1006스텝 | 배송 27/50 | 재적재  5 | 정지 0.08 교착최장   6 | no_progress
Ep 432 |   873스텝 | 배송 27/50 | 재적재  3 | 정지 0.13 교착최장  10 | no_progress
Ep 433 |   813스텝 | 배송 24/50 | 재적재  2 | 정지 0.11 교착최장   7 | no_progress
Ep 434 |  1533스텝 | 배송 37/50 | 재적재  4 | 정지 0.18 교착최장  12 | no_progress
Ep 435 |  1145스텝 | 배송 30/50 | 재적재  4 | 정지 0.13 교착최장   7 | no_progress
Ep 436 |  1321스텝 | 배송 36/50 | 재적재  6 | 정지 0.11 교착최장   6 | no_progress
Ep 437 |  1299스텝 | 배송 27/50 | 재적재  4 | 정지 0.15 교착최장  17 | no_progress
Ep 438 |  1390스텝 | 배송 31/50 | 재적재  3 | 정지 0.13 교착최장   4 | no_progress
Ep 439 |  1469스텝 | 배송 31/50 | 재적재  5 | 정지 0.12 교착최장   7 | no_progress
Ep 440 |   462스텝 | 배송 15/50 | 재적재  1 | 정지 0.07 교착최장   3 | no_progress
Ep 441 |  1809스텝 | 배송 38/50 | 재적재  5 | 정지 0.11 교착최장   8 | no_progress
Ep 442 |   690스텝 | 배송 20/50 | 재적재  2 | 정지 0.07 교착최장   6 | no_progress
Ep 443 |  1010스텝 | 배송 26/50 | 재적재  3 | 정지 0.08 교착최장   2 | no_progress
Ep 444 |  1156스텝 | 배송 28/50 | 재적재  4 | 정지 0.14 교착최장   5 | no_progress
Ep 445 |  1491스텝 | 배송 33/50 | 재적재  4 | 정지 0.14 교착최장  12 | no_progress
Ep 446 |  1381스텝 | 배송 35/50 | 재적재  5 | 정지 0.10 교착최장   7 | no_progress
Ep 447 |   660스텝 | 배송 22/50 | 재적재  3 | 정지 0.07 교착최장   4 | no_progress
Ep 448 |  1224스텝 | 배송 33/50 | 재적재  5 | 정지 0.10 교착최장   5 | no_progress
Ep 449 |   846스텝 | 배송 27/50 | 재적재  4 | 정지 0.12 교착최장   7 | no_progress
Ep 450 |   926스텝 | 배송 26/50 | 재적재  3 | 정지 0.11 교착최장   5 | no_progress
  [홀드아웃] 배송 27.8±4.5 재적재 3.6 2홉+ 0.61 | 최고 27.8@ep450 정체 0/15  ← 갱신
Ep 451 |  1040스텝 | 배송 28/50 | 재적재  3 | 정지 0.15 교착최장  14 | no_progress
Ep 452 |   746스텝 | 배송 23/50 | 재적재  3 | 정지 0.10 교착최장   4 | no_progress
Ep 453 |   931스텝 | 배송 28/50 | 재적재  4 | 정지 0.06 교착최장   1 | no_progress
Ep 454 |  1250스텝 | 배송 32/50 | 재적재  4 | 정지 0.12 교착최장  10 | no_progress
Ep 455 |   783스텝 | 배송 23/50 | 재적재  2 | 정지 0.04 교착최장   2 | no_progress
Ep 456 |   639스텝 | 배송 18/50 | 재적재  2 | 정지 0.12 교착최장   5 | no_progress
Ep 457 |  1375스텝 | 배송 32/50 | 재적재  5 | 정지 0.10 교착최장  10 | no_progress
Ep 458 |   990스텝 | 배송 29/50 | 재적재  3 | 정지 0.12 교착최장   7 | no_progress
Ep 459 |   792스텝 | 배송 22/50 | 재적재  3 | 정지 0.13 교착최장   5 | no_progress
Ep 460 |   842스텝 | 배송 24/50 | 재적재  2 | 정지 0.12 교착최장   7 | no_progress
Ep 461 |   687스텝 | 배송 21/50 | 재적재  3 | 정지 0.11 교착최장   8 | no_progress
Ep 462 |  1252스텝 | 배송 32/50 | 재적재  5 | 정지 0.10 교착최장  10 | no_progress
Ep 463 |  2026스텝 | 배송 41/50 | 재적재  6 | 정지 0.16 교착최장   9 | no_progress
Ep 464 |   924스텝 | 배송 28/50 | 재적재  3 | 정지 0.12 교착최장   4 | no_progress
Ep 465 |   934스텝 | 배송 26/50 | 재적재  3 | 정지 0.10 교착최장   6 | no_progress
Ep 466 |  1313스텝 | 배송 33/50 | 재적재  4 | 정지 0.12 교착최장  14 | no_progress
Ep 467 |  1431스텝 | 배송 39/50 | 재적재  5 | 정지 0.13 교착최장   6 | no_progress
Ep 468 |   542스텝 | 배송 15/50 | 재적재  1 | 정지 0.09 교착최장  10 | no_progress
Ep 469 |  2072스텝 | 배송 39/50 | 재적재  7 | 정지 0.16 교착최장  11 | no_progress
Ep 470 |  1099스텝 | 배송 31/50 | 재적재  4 | 정지 0.16 교착최장   9 | no_progress
Ep 471 |  1221스텝 | 배송 30/50 | 재적재  4 | 정지 0.12 교착최장   9 | no_progress
Ep 472 |   798스텝 | 배송 25/50 | 재적재  3 | 정지 0.15 교착최장  10 | no_progress
Ep 473 |  1034스텝 | 배송 25/50 | 재적재  3 | 정지 0.11 교착최장   7 | no_progress
Ep 474 |  1135스텝 | 배송 32/50 | 재적재  4 | 정지 0.11 교착최장   5 | no_progress
Ep 475 |  2252스텝 | 배송 38/50 | 재적재  6 | 정지 0.18 교착최장  22 | no_progress
Ep 476 |  1623스텝 | 배송 33/50 | 재적재  5 | 정지 0.15 교착최장  27 | no_progress
Ep 477 |  1154스텝 | 배송 34/50 | 재적재  6 | 정지 0.10 교착최장   7 | no_progress
Ep 478 |   964스텝 | 배송 25/50 | 재적재  2 | 정지 0.13 교착최장   6 | no_progress
Ep 479 |  2239스텝 | 배송 41/50 | 재적재  6 | 정지 0.17 교착최장   8 | no_progress
Ep 480 |  1598스텝 | 배송 38/50 | 재적재  5 | 정지 0.14 교착최장   7 | no_progress
Ep 481 |  1060스텝 | 배송 31/50 | 재적재  4 | 정지 0.13 교착최장   7 | no_progress
Ep 482 |  1151스텝 | 배송 26/50 | 재적재  3 | 정지 0.12 교착최장   7 | no_progress
Ep 483 |   704스텝 | 배송 25/50 | 재적재  4 | 정지 0.07 교착최장  12 | no_progress
Ep 484 |   854스텝 | 배송 26/50 | 재적재  3 | 정지 0.13 교착최장   5 | no_progress
Ep 485 |  1196스텝 | 배송 30/50 | 재적재  3 | 정지 0.06 교착최장   4 | no_progress
Ep 486 |  1201스텝 | 배송 32/50 | 재적재  4 | 정지 0.11 교착최장   5 | no_progress
Ep 487 |   694스텝 | 배송 20/50 | 재적재  1 | 정지 0.13 교착최장   8 | no_progress
Ep 488 |  1446스텝 | 배송 34/50 | 재적재  4 | 정지 0.13 교착최장   6 | no_progress
Ep 489 |  1314스텝 | 배송 31/50 | 재적재  5 | 정지 0.14 교착최장  19 | no_progress
Ep 490 |   990스텝 | 배송 29/50 | 재적재  3 | 정지 0.15 교착최장  13 | no_progress
Ep 491 |  1295스텝 | 배송 30/50 | 재적재  3 | 정지 0.08 교착최장   7 | no_progress
Ep 492 |  1436스텝 | 배송 39/50 | 재적재  5 | 정지 0.12 교착최장  11 | no_progress
Ep 493 |  1136스텝 | 배송 32/50 | 재적재  4 | 정지 0.11 교착최장   6 | no_progress
Ep 494 |   987스텝 | 배송 27/50 | 재적재  4 | 정지 0.07 교착최장   4 | no_progress
Ep 495 |  1253스텝 | 배송 30/50 | 재적재  3 | 정지 0.17 교착최장  10 | no_progress
Ep 496 |  1446스텝 | 배송 33/50 | 재적재  5 | 정지 0.13 교착최장  10 | no_progress
Ep 497 |  1509스텝 | 배송 36/50 | 재적재  4 | 정지 0.11 교착최장   7 | no_progress
Ep 498 |  1492스텝 | 배송 28/50 | 재적재  3 | 정지 0.18 교착최장  10 | no_progress
Ep 499 |  1262스텝 | 배송 33/50 | 재적재  4 | 정지 0.28 교착최장  28 | no_progress
Ep 500 |  1099스텝 | 배송 28/50 | 재적재  4 | 정지 0.12 교착최장   5 | no_progress
  [홀드아웃] 배송 27.9±7.6 재적재 3.3 2홉+ 0.60 | 최고 27.9@ep500 정체 0/15  ← 갱신
Ep 501 |  2059스텝 | 배송 37/50 | 재적재  5 | 정지 0.16 교착최장  13 | no_progress
Ep 502 |  1810스텝 | 배송 35/50 | 재적재  5 | 정지 0.13 교착최장   8 | no_progress
Ep 503 |  1635스텝 | 배송 33/50 | 재적재  4 | 정지 0.15 교착최장  22 | no_progress
Ep 504 |   950스텝 | 배송 23/50 | 재적재  2 | 정지 0.07 교착최장   8 | no_progress
Ep 505 |  1201스텝 | 배송 29/50 | 재적재  4 | 정지 0.13 교착최장   5 | no_progress
Ep 506 |  1605스텝 | 배송 31/50 | 재적재  4 | 정지 0.19 교착최장  11 | no_progress
Ep 507 |  1418스텝 | 배송 30/50 | 재적재  3 | 정지 0.14 교착최장  15 | no_progress
Ep 508 |  1361스텝 | 배송 33/50 | 재적재  4 | 정지 0.10 교착최장   5 | no_progress
Ep 509 |  1913스텝 | 배송 40/50 | 재적재  7 | 정지 0.14 교착최장  11 | no_progress
Ep 510 |   865스텝 | 배송 24/50 | 재적재  3 | 정지 0.13 교착최장   8 | no_progress
Ep 511 |  1456스텝 | 배송 32/50 | 재적재  5 | 정지 0.07 교착최장   6 | no_progress
Ep 512 |  1306스텝 | 배송 32/50 | 재적재  4 | 정지 0.10 교착최장   8 | no_progress
Ep 513 |   442스텝 | 배송 17/50 | 재적재  3 | 정지 0.04 교착최장   2 | no_progress
Ep 514 |   910스텝 | 배송 26/50 | 재적재  4 | 정지 0.10 교착최장   8 | no_progress
Ep 515 |  1509스텝 | 배송 36/50 | 재적재  4 | 정지 0.13 교착최장  10 | no_progress
Ep 516 |  1380스텝 | 배송 29/50 | 재적재  5 | 정지 0.13 교착최장   5 | no_progress
Ep 517 |   791스텝 | 배송 24/50 | 재적재  3 | 정지 0.14 교착최장   9 | no_progress
Ep 518 |  1384스텝 | 배송 34/50 | 재적재  6 | 정지 0.07 교착최장   4 | no_progress
Ep 519 |  1139스텝 | 배송 34/50 | 재적재  4 | 정지 0.12 교착최장  10 | no_progress
Ep 520 |  1263스텝 | 배송 34/50 | 재적재  4 | 정지 0.09 교착최장   8 | no_progress
Ep 521 |   652스텝 | 배송 18/50 | 재적재  2 | 정지 0.12 교착최장   6 | no_progress
Ep 522 |  1244스텝 | 배송 33/50 | 재적재  4 | 정지 0.10 교착최장   8 | no_progress
Ep 523 |  1142스텝 | 배송 29/50 | 재적재  5 | 정지 0.12 교착최장   9 | no_progress
Ep 524 |  1277스텝 | 배송 35/50 | 재적재  7 | 정지 0.09 교착최장  10 | no_progress
Ep 525 |  1006스텝 | 배송 23/50 | 재적재  2 | 정지 0.09 교착최장   7 | no_progress
Ep 526 |  1333스텝 | 배송 29/50 | 재적재  3 | 정지 0.13 교착최장   6 | no_progress
Ep 527 |   382스텝 | 배송 11/50 | 재적재  0 | 정지 0.04 교착최장   1 | no_progress
Ep 528 |   933스텝 | 배송 22/50 | 재적재  2 | 정지 0.08 교착최장   5 | no_progress
Ep 529 |   875스텝 | 배송 29/50 | 재적재  3 | 정지 0.17 교착최장   8 | no_progress
Ep 530 |  1556스텝 | 배송 31/50 | 재적재  5 | 정지 0.12 교착최장  10 | no_progress
Ep 531 |  1199스텝 | 배송 30/50 | 재적재  3 | 정지 0.11 교착최장   5 | no_progress
Ep 532 |   829스텝 | 배송 28/50 | 재적재  2 | 정지 0.05 교착최장   4 | no_progress
Ep 533 |   856스텝 | 배송 25/50 | 재적재  3 | 정지 0.14 교착최장   8 | no_progress
Ep 534 |  1907스텝 | 배송 35/50 | 재적재  4 | 정지 0.16 교착최장   9 | no_progress
Ep 535 |  1500스텝 | 배송 35/50 | 재적재  4 | 정지 0.10 교착최장   6 | no_progress
Ep 536 |   936스텝 | 배송 27/50 | 재적재  3 | 정지 0.10 교착최장   8 | no_progress
Ep 537 |   670스텝 | 배송 25/50 | 재적재  3 | 정지 0.12 교착최장   5 | no_progress
Ep 538 |  1467스텝 | 배송 32/50 | 재적재  3 | 정지 0.13 교착최장   7 | no_progress
Ep 539 |  1372스텝 | 배송 32/50 | 재적재  3 | 정지 0.11 교착최장   7 | no_progress
Ep 540 |  1638스텝 | 배송 38/50 | 재적재  6 | 정지 0.12 교착최장  10 | no_progress
Ep 541 |   881스텝 | 배송 22/50 | 재적재  3 | 정지 0.07 교착최장   6 | no_progress
Ep 542 |  1091스텝 | 배송 30/50 | 재적재  3 | 정지 0.10 교착최장   9 | no_progress
Ep 543 |  1281스텝 | 배송 28/50 | 재적재  3 | 정지 0.14 교착최장  13 | no_progress
Ep 544 |  1034스텝 | 배송 27/50 | 재적재  4 | 정지 0.15 교착최장  13 | no_progress
Ep 545 |  1220스텝 | 배송 31/50 | 재적재  5 | 정지 0.09 교착최장   5 | no_progress
Ep 546 |   439스텝 | 배송 15/50 | 재적재  1 | 정지 0.05 교착최장   4 | no_progress
Ep 547 |   720스텝 | 배송 22/50 | 재적재  3 | 정지 0.08 교착최장   7 | no_progress
Ep 548 |   849스텝 | 배송 28/50 | 재적재  3 | 정지 0.10 교착최장   5 | no_progress
Ep 549 |   747스텝 | 배송 21/50 | 재적재  3 | 정지 0.10 교착최장   4 | no_progress
Ep 550 |  1877스텝 | 배송 38/50 | 재적재  5 | 정지 0.18 교착최장  22 | no_progress
  [홀드아웃] 배송 18.0±6.6 재적재 0.9 2홉+ 0.61 | 최고 27.9@ep500 정체 1/15
Ep 551 |   892스텝 | 배송 20/50 | 재적재  1 | 정지 0.10 교착최장   3 | no_progress
Ep 552 |  1104스텝 | 배송 29/50 | 재적재  3 | 정지 0.08 교착최장   4 | no_progress
Ep 553 |  1102스텝 | 배송 30/50 | 재적재  4 | 정지 0.15 교착최장   9 | no_progress
Ep 554 |  1405스텝 | 배송 33/50 | 재적재  4 | 정지 0.11 교착최장  10 | no_progress
Ep 555 |  1546스텝 | 배송 33/50 | 재적재  5 | 정지 0.13 교착최장  12 | no_progress
Ep 556 |  1022스텝 | 배송 30/50 | 재적재  4 | 정지 0.09 교착최장   5 | no_progress
Ep 557 |  1471스텝 | 배송 32/50 | 재적재  4 | 정지 0.10 교착최장   9 | no_progress
Ep 558 |  1522스텝 | 배송 35/50 | 재적재  4 | 정지 0.16 교착최장  10 | no_progress
Ep 559 |   855스텝 | 배송 24/50 | 재적재  3 | 정지 0.10 교착최장  10 | no_progress
Ep 560 |   996스텝 | 배송 30/50 | 재적재  4 | 정지 0.14 교착최장  12 | no_progress
Ep 561 |   398스텝 | 배송 16/50 | 재적재  1 | 정지 0.06 교착최장   4 | no_progress
Ep 562 |  1555스텝 | 배송 32/50 | 재적재  4 | 정지 0.11 교착최장   8 | no_progress
Ep 563 |  1429스텝 | 배송 36/50 | 재적재  6 | 정지 0.10 교착최장  10 | no_progress
Ep 564 |  1450스텝 | 배송 34/50 | 재적재  5 | 정지 0.10 교착최장   6 | no_progress
Ep 565 |   557스텝 | 배송 17/50 | 재적재  1 | 정지 0.05 교착최장   2 | no_progress
Ep 566 |  1142스텝 | 배송 25/50 | 재적재  2 | 정지 0.09 교착최장   4 | no_progress
Ep 567 |  1072스텝 | 배송 24/50 | 재적재  3 | 정지 0.13 교착최장   7 | no_progress
Ep 568 |  1233스텝 | 배송 28/50 | 재적재  3 | 정지 0.15 교착최장  10 | no_progress
Ep 569 |  1215스텝 | 배송 26/50 | 재적재  4 | 정지 0.10 교착최장   8 | no_progress
Ep 570 |  1094스텝 | 배송 30/50 | 재적재  3 | 정지 0.14 교착최장  25 | no_progress
Ep 571 |  1114스텝 | 배송 28/50 | 재적재  3 | 정지 0.09 교착최장   7 | no_progress
Ep 572 |  1137스텝 | 배송 31/50 | 재적재  3 | 정지 0.07 교착최장   7 | no_progress
Ep 573 |  1724스텝 | 배송 37/50 | 재적재  6 | 정지 0.15 교착최장  29 | no_progress
Ep 574 |   582스텝 | 배송 18/50 | 재적재  2 | 정지 0.15 교착최장   7 | no_progress
Ep 575 |  1034스텝 | 배송 28/50 | 재적재  4 | 정지 0.08 교착최장  10 | no_progress
Ep 576 |  1081스텝 | 배송 24/50 | 재적재  4 | 정지 0.04 교착최장   4 | no_progress
Ep 577 |   925스텝 | 배송 24/50 | 재적재  3 | 정지 0.05 교착최장   8 | no_progress
Ep 578 |  1455스텝 | 배송 32/50 | 재적재  3 | 정지 0.11 교착최장  11 | no_progress
Ep 579 |   980스텝 | 배송 22/50 | 재적재  1 | 정지 0.15 교착최장  23 | no_progress
Ep 580 |   828스텝 | 배송 28/50 | 재적재  4 | 정지 0.11 교착최장  10 | no_progress
Ep 581 |  1222스텝 | 배송 28/50 | 재적재  3 | 정지 0.11 교착최장   7 | no_progress
Ep 582 |  1287스텝 | 배송 34/50 | 재적재  4 | 정지 0.14 교착최장  10 | no_progress
Ep 583 |  1196스텝 | 배송 33/50 | 재적재  6 | 정지 0.10 교착최장   4 | no_progress
Ep 584 |   400스텝 | 배송 16/50 | 재적재  0 | 정지 0.07 교착최장   3 | no_progress
Ep 585 |   799스텝 | 배송 26/50 | 재적재  4 | 정지 0.06 교착최장   2 | no_progress
Ep 586 |   852스텝 | 배송 23/50 | 재적재  2 | 정지 0.09 교착최장   5 | no_progress
Ep 587 |  1553스텝 | 배송 28/50 | 재적재  4 | 정지 0.19 교착최장  15 | no_progress
Ep 588 |  1250스텝 | 배송 34/50 | 재적재  4 | 정지 0.13 교착최장  10 | no_progress
Ep 589 |   918스텝 | 배송 27/50 | 재적재  2 | 정지 0.06 교착최장   2 | no_progress
Ep 590 |   916스텝 | 배송 26/50 | 재적재  4 | 정지 0.10 교착최장   6 | no_progress
Ep 591 |  1063스텝 | 배송 30/50 | 재적재  3 | 정지 0.11 교착최장  10 | no_progress
Ep 592 |   794스텝 | 배송 21/50 | 재적재  2 | 정지 0.13 교착최장  11 | no_progress
Ep 593 |  1021스텝 | 배송 30/50 | 재적재  4 | 정지 0.12 교착최장   8 | no_progress
Ep 594 |  1367스텝 | 배송 37/50 | 재적재  6 | 정지 0.17 교착최장  29 | no_progress
Ep 595 |  1011스텝 | 배송 31/50 | 재적재  3 | 정지 0.10 교착최장  10 | no_progress
Ep 596 |  1429스텝 | 배송 32/50 | 재적재  4 | 정지 0.09 교착최장   6 | no_progress
Ep 597 |  1371스텝 | 배송 32/50 | 재적재  4 | 정지 0.13 교착최장   6 | no_progress
Ep 598 |  1550스텝 | 배송 30/50 | 재적재  5 | 정지 0.14 교착최장  10 | no_progress
Ep 599 |   764스텝 | 배송 20/50 | 재적재  4 | 정지 0.04 교착최장   7 | no_progress
Ep 600 |   716스텝 | 배송 29/50 | 재적재  5 | 정지 0.15 교착최장   8 | no_progress
  [홀드아웃] 배송 21.6±5.5 재적재 1.8 2홉+ 0.59 | 최고 27.9@ep500 정체 2/15
Ep 601 |  1568스텝 | 배송 33/50 | 재적재  5 | 정지 0.22 교착최장  27 | no_progress
Ep 602 |  1278스텝 | 배송 31/50 | 재적재  5 | 정지 0.09 교착최장   4 | no_progress
Ep 603 |   891스텝 | 배송 25/50 | 재적재  2 | 정지 0.10 교착최장  10 | no_progress
Ep 604 |  1174스텝 | 배송 30/50 | 재적재  3 | 정지 0.10 교착최장   4 | no_progress
Ep 605 |   923스텝 | 배송 29/50 | 재적재  5 | 정지 0.05 교착최장   3 | no_progress
Ep 606 |  1194스텝 | 배송 30/50 | 재적재  3 | 정지 0.08 교착최장   6 | no_progress
Ep 607 |  1033스텝 | 배송 30/50 | 재적재  4 | 정지 0.12 교착최장   6 | no_progress
Ep 608 |  1026스텝 | 배송 28/50 | 재적재  4 | 정지 0.15 교착최장   6 | no_progress
Ep 609 |  1029스텝 | 배송 28/50 | 재적재  3 | 정지 0.09 교착최장   4 | no_progress
Ep 610 |  1033스텝 | 배송 32/50 | 재적재  5 | 정지 0.10 교착최장   6 | no_progress
Ep 611 |   394스텝 | 배송 15/50 | 재적재  0 | 정지 0.21 교착최장   6 | no_progress
Ep 612 |   787스텝 | 배송 27/50 | 재적재  5 | 정지 0.12 교착최장  10 | no_progress
Ep 613 |   986스텝 | 배송 29/50 | 재적재  3 | 정지 0.12 교착최장  12 | no_progress
Ep 614 |  1273스텝 | 배송 38/50 | 재적재  5 | 정지 0.15 교착최장   9 | no_progress
Ep 615 |   608스텝 | 배송 17/50 | 재적재  2 | 정지 0.08 교착최장   7 | no_progress
Ep 616 |   871스텝 | 배송 24/50 | 재적재  4 | 정지 0.11 교착최장   7 | no_progress
Ep 617 |   910스텝 | 배송 24/50 | 재적재  3 | 정지 0.07 교착최장   4 | no_progress
Ep 618 |  1826스텝 | 배송 37/50 | 재적재  4 | 정지 0.11 교착최장   7 | no_progress
Ep 619 |   749스텝 | 배송 20/50 | 재적재  2 | 정지 0.13 교착최장   4 | no_progress
Ep 620 |   916스텝 | 배송 27/50 | 재적재  4 | 정지 0.15 교착최장   8 | no_progress
Ep 621 |   768스텝 | 배송 25/50 | 재적재  3 | 정지 0.10 교착최장  11 | no_progress
Ep 622 |   981스텝 | 배송 28/50 | 재적재  3 | 정지 0.17 교착최장  10 | no_progress
Ep 623 |  1592스텝 | 배송 34/50 | 재적재  6 | 정지 0.10 교착최장   9 | no_progress
Ep 624 |   918스텝 | 배송 27/50 | 재적재  3 | 정지 0.12 교착최장  13 | no_progress
Ep 625 |  1734스텝 | 배송 34/50 | 재적재  5 | 정지 0.13 교착최장  11 | no_progress
Ep 626 |   489스텝 | 배송 16/50 | 재적재  0 | 정지 0.04 교착최장   1 | no_progress
Ep 627 |   851스텝 | 배송 28/50 | 재적재  3 | 정지 0.10 교착최장   8 | no_progress
Ep 628 |  1040스텝 | 배송 28/50 | 재적재  4 | 정지 0.10 교착최장   9 | no_progress
Ep 629 |  1305스텝 | 배송 32/50 | 재적재  3 | 정지 0.20 교착최장  32 | no_progress
Ep 630 |  1015스텝 | 배송 24/50 | 재적재  2 | 정지 0.12 교착최장   6 | no_progress
Ep 631 |   967스텝 | 배송 30/50 | 재적재  3 | 정지 0.13 교착최장  14 | no_progress
Ep 632 |  1953스텝 | 배송 40/50 | 재적재  6 | 정지 0.14 교착최장   9 | no_progress
Ep 633 |   951스텝 | 배송 26/50 | 재적재  3 | 정지 0.05 교착최장   2 | no_progress
Ep 634 |  1339스텝 | 배송 34/50 | 재적재  5 | 정지 0.18 교착최장  16 | no_progress
Ep 635 |  1273스텝 | 배송 34/50 | 재적재  6 | 정지 0.09 교착최장   4 | no_progress
Ep 636 |   771스텝 | 배송 25/50 | 재적재  3 | 정지 0.11 교착최장   8 | no_progress
Ep 637 |  1392스텝 | 배송 32/50 | 재적재  4 | 정지 0.08 교착최장   3 | no_progress
Ep 638 |  1250스텝 | 배송 31/50 | 재적재  3 | 정지 0.14 교착최장   5 | no_progress
Ep 639 |  1082스텝 | 배송 31/50 | 재적재  3 | 정지 0.14 교착최장  11 | no_progress
Ep 640 |   834스텝 | 배송 20/50 | 재적재  2 | 정지 0.20 교착최장  11 | no_progress
Ep 641 |   858스텝 | 배송 27/50 | 재적재  3 | 정지 0.06 교착최장   4 | no_progress
Ep 642 |  1358스텝 | 배송 32/50 | 재적재  5 | 정지 0.11 교착최장  10 | no_progress
Ep 643 |   977스텝 | 배송 27/50 | 재적재  3 | 정지 0.09 교착최장   2 | no_progress
Ep 644 |  1049스텝 | 배송 29/50 | 재적재  4 | 정지 0.10 교착최장  10 | no_progress
Ep 645 |  1292스텝 | 배송 31/50 | 재적재  4 | 정지 0.18 교착최장  24 | no_progress
Ep 646 |  1998스텝 | 배송 37/50 | 재적재  5 | 정지 0.18 교착최장  18 | no_progress
Ep 647 |   721스텝 | 배송 25/50 | 재적재  3 | 정지 0.08 교착최장   5 | no_progress
Ep 648 |  1012스텝 | 배송 25/50 | 재적재  4 | 정지 0.11 교착최장   9 | no_progress
Ep 649 |   781스텝 | 배송 23/50 | 재적재  2 | 정지 0.18 교착최장   6 | no_progress
Ep 650 |   907스텝 | 배송 25/50 | 재적재  2 | 정지 0.08 교착최장  10 | no_progress
  [홀드아웃] 배송 23.0±6.6 재적재 2.0 2홉+ 0.61 | 최고 27.9@ep500 정체 3/15
Ep 651 |  1001스텝 | 배송 25/50 | 재적재  2 | 정지 0.09 교착최장   3 | no_progress
Ep 652 |  1138스텝 | 배송 29/50 | 재적재  4 | 정지 0.08 교착최장   5 | no_progress
Ep 653 |  1823스텝 | 배송 35/50 | 재적재  6 | 정지 0.14 교착최장   9 | no_progress
Ep 654 |   971스텝 | 배송 25/50 | 재적재  3 | 정지 0.18 교착최장  12 | no_progress
Ep 655 |  1164스텝 | 배송 28/50 | 재적재  3 | 정지 0.16 교착최장   8 | no_progress
Ep 656 |  1564스텝 | 배송 35/50 | 재적재  4 | 정지 0.12 교착최장  14 | no_progress
Ep 657 |  1063스텝 | 배송 28/50 | 재적재  4 | 정지 0.09 교착최장   7 | no_progress
Ep 658 |   346스텝 | 배송 17/50 | 재적재  3 | 정지 0.04 교착최장   6 | no_progress
Ep 659 |   710스텝 | 배송 18/50 | 재적재  1 | 정지 0.05 교착최장   5 | no_progress
Ep 660 |  1075스텝 | 배송 31/50 | 재적재  4 | 정지 0.07 교착최장   5 | no_progress
Ep 661 |   930스텝 | 배송 28/50 | 재적재  4 | 정지 0.08 교착최장   5 | no_progress
Ep 662 |  1204스텝 | 배송 33/50 | 재적재  5 | 정지 0.10 교착최장   9 | no_progress
Ep 663 |  1310스텝 | 배송 31/50 | 재적재  4 | 정지 0.14 교착최장   7 | no_progress
Ep 664 |   975스텝 | 배송 27/50 | 재적재  4 | 정지 0.12 교착최장  12 | no_progress
Ep 665 |  1051스텝 | 배송 30/50 | 재적재  5 | 정지 0.08 교착최장   3 | no_progress
Ep 666 |  1704스텝 | 배송 35/50 | 재적재  5 | 정지 0.09 교착최장  10 | no_progress
Ep 667 |  1370스텝 | 배송 30/50 | 재적재  3 | 정지 0.11 교착최장  10 | no_progress
Ep 668 |  1255스텝 | 배송 31/50 | 재적재  4 | 정지 0.16 교착최장   7 | no_progress
Ep 669 |   774스텝 | 배송 23/50 | 재적재  2 | 정지 0.05 교착최장   3 | no_progress
Ep 670 |   879스텝 | 배송 28/50 | 재적재  5 | 정지 0.07 교착최장  10 | no_progress
Ep 671 |  1276스텝 | 배송 31/50 | 재적재  4 | 정지 0.10 교착최장   9 | no_progress
Ep 672 |  1393스텝 | 배송 30/50 | 재적재  3 | 정지 0.15 교착최장  10 | no_progress
Ep 673 |  1691스텝 | 배송 35/50 | 재적재  5 | 정지 0.14 교착최장  13 | no_progress
Ep 674 |   718스텝 | 배송 24/50 | 재적재  2 | 정지 0.10 교착최장   7 | no_progress
Ep 675 |   904스텝 | 배송 32/50 | 재적재  4 | 정지 0.17 교착최장   6 | no_progress
Ep 676 |   833스텝 | 배송 25/50 | 재적재  3 | 정지 0.07 교착최장   4 | no_progress
Ep 677 |  1912스텝 | 배송 36/50 | 재적재  5 | 정지 0.14 교착최장   6 | no_progress
Ep 678 |   772스텝 | 배송 24/50 | 재적재  2 | 정지 0.10 교착최장   6 | no_progress
Ep 679 |   405스텝 | 배송 16/50 | 재적재  0 | 정지 0.07 교착최장   3 | no_progress
Ep 680 |   736스텝 | 배송 26/50 | 재적재  4 | 정지 0.05 교착최장   3 | no_progress
Ep 681 |   777스텝 | 배송 20/50 | 재적재  3 | 정지 0.08 교착최장   4 | no_progress
Ep 682 |  1265스텝 | 배송 30/50 | 재적재  5 | 정지 0.15 교착최장   5 | no_progress
Ep 683 |  1152스텝 | 배송 35/50 | 재적재  4 | 정지 0.12 교착최장   9 | no_progress
Ep 684 |   490스텝 | 배송 17/50 | 재적재  3 | 정지 0.04 교착최장   7 | no_progress
Ep 685 |  1112스텝 | 배송 26/50 | 재적재  3 | 정지 0.14 교착최장   5 | no_progress
Ep 686 |   898스텝 | 배송 22/50 | 재적재  3 | 정지 0.13 교착최장  14 | no_progress
Ep 687 |   877스텝 | 배송 24/50 | 재적재  3 | 정지 0.17 교착최장  11 | no_progress
Ep 688 |  1489스텝 | 배송 36/50 | 재적재  6 | 정지 0.11 교착최장   9 | no_progress
Ep 689 |  1075스텝 | 배송 29/50 | 재적재  5 | 정지 0.07 교착최장   2 | no_progress
Ep 690 |  1118스텝 | 배송 35/50 | 재적재  5 | 정지 0.16 교착최장  10 | no_progress
Ep 691 |  1515스텝 | 배송 29/50 | 재적재  3 | 정지 0.11 교착최장   6 | no_progress
Ep 692 |   813스텝 | 배송 22/50 | 재적재  1 | 정지 0.13 교착최장   7 | no_progress
Ep 693 |  1072스텝 | 배송 32/50 | 재적재  5 | 정지 0.08 교착최장   5 | no_progress
Ep 694 |  1150스텝 | 배송 33/50 | 재적재  4 | 정지 0.08 교착최장   5 | no_progress
Ep 695 |   920스텝 | 배송 26/50 | 재적재  2 | 정지 0.13 교착최장   8 | no_progress
Ep 696 |   977스텝 | 배송 29/50 | 재적재  4 | 정지 0.22 교착최장   9 | no_progress
Ep 697 |   538스텝 | 배송 16/50 | 재적재  2 | 정지 0.02 교착최장   2 | no_progress
Ep 698 |   829스텝 | 배송 26/50 | 재적재  3 | 정지 0.10 교착최장   9 | no_progress
Ep 699 |  1109스텝 | 배송 30/50 | 재적재  4 | 정지 0.13 교착최장   7 | no_progress
Ep 700 |  1320스텝 | 배송 31/50 | 재적재  5 | 정지 0.12 교착최장   9 | no_progress
  [홀드아웃] 배송 27.9±7.6 재적재 3.0 2홉+ 0.61 | 최고 27.9@ep500 정체 4/15
Ep 701 |  1784스텝 | 배송 36/50 | 재적재  5 | 정지 0.15 교착최장   7 | no_progress
Ep 702 |   619스텝 | 배송 20/50 | 재적재  1 | 정지 0.15 교착최장   9 | no_progress
Ep 703 |  1337스텝 | 배송 33/50 | 재적재  5 | 정지 0.11 교착최장   7 | no_progress
Ep 704 |   600스텝 | 배송 23/50 | 재적재  2 | 정지 0.07 교착최장   4 | no_progress
Ep 705 |  1008스텝 | 배송 25/50 | 재적재  2 | 정지 0.16 교착최장  11 | no_progress
Ep 706 |  1336스텝 | 배송 34/50 | 재적재  4 | 정지 0.11 교착최장   9 | no_progress
Ep 707 |  1169스텝 | 배송 30/50 | 재적재  4 | 정지 0.13 교착최장  13 | no_progress
Ep 708 |  1272스텝 | 배송 33/50 | 재적재  6 | 정지 0.09 교착최장  13 | no_progress
Ep 709 |  1545스텝 | 배송 40/50 | 재적재  6 | 정지 0.16 교착최장   9 | no_progress
Ep 710 |  1082스텝 | 배송 29/50 | 재적재  3 | 정지 0.08 교착최장   4 | no_progress
Ep 711 |  1165스텝 | 배송 29/50 | 재적재  3 | 정지 0.08 교착최장   6 | no_progress
Ep 712 |  1007스텝 | 배송 25/50 | 재적재  2 | 정지 0.10 교착최장   5 | no_progress
Ep 713 |  1135스텝 | 배송 28/50 | 재적재  3 | 정지 0.12 교착최장  10 | no_progress
Ep 714 |  1684스텝 | 배송 34/50 | 재적재  4 | 정지 0.11 교착최장   8 | no_progress
Ep 715 |  1362스텝 | 배송 33/50 | 재적재  6 | 정지 0.16 교착최장  40 | no_progress
Ep 716 |  1034스텝 | 배송 29/50 | 재적재  4 | 정지 0.17 교착최장  12 | no_progress
Ep 717 |   939스텝 | 배송 30/50 | 재적재  4 | 정지 0.11 교착최장   9 | no_progress
Ep 718 |  1884스텝 | 배송 36/50 | 재적재  5 | 정지 0.16 교착최장  11 | no_progress
Ep 719 |   731스텝 | 배송 24/50 | 재적재  2 | 정지 0.11 교착최장   7 | no_progress
Ep 720 |  1552스텝 | 배송 33/50 | 재적재  4 | 정지 0.12 교착최장  13 | no_progress
Ep 721 |   938스텝 | 배송 25/50 | 재적재  3 | 정지 0.08 교착최장   8 | no_progress
Ep 722 |  1239스텝 | 배송 27/50 | 재적재  3 | 정지 0.19 교착최장   7 | no_progress
Ep 723 |  1269스텝 | 배송 29/50 | 재적재  5 | 정지 0.14 교착최장  11 | no_progress
Ep 724 |   630스텝 | 배송 20/50 | 재적재  4 | 정지 0.01 교착최장   0 | no_progress
Ep 725 |  1228스텝 | 배송 32/50 | 재적재  3 | 정지 0.11 교착최장  27 | no_progress
Ep 726 |   676스텝 | 배송 23/50 | 재적재  2 | 정지 0.03 교착최장   7 | no_progress
Ep 727 |  1145스텝 | 배송 31/50 | 재적재  3 | 정지 0.11 교착최장   5 | no_progress
Ep 728 |  1276스텝 | 배송 27/50 | 재적재  3 | 정지 0.12 교착최장   7 | no_progress
Ep 729 |  1064스텝 | 배송 26/50 | 재적재  2 | 정지 0.12 교착최장   5 | no_progress
Ep 730 |   930스텝 | 배송 26/50 | 재적재  3 | 정지 0.07 교착최장   3 | no_progress
Ep 731 |  1165스텝 | 배송 30/50 | 재적재  5 | 정지 0.11 교착최장   5 | no_progress
Ep 732 |  1623스텝 | 배송 38/50 | 재적재  5 | 정지 0.12 교착최장   8 | no_progress
Ep 733 |  1695스텝 | 배송 31/50 | 재적재  5 | 정지 0.11 교착최장   5 | no_progress
Ep 734 |  1140스텝 | 배송 31/50 | 재적재  5 | 정지 0.13 교착최장  10 | no_progress
Ep 735 |  1194스텝 | 배송 26/50 | 재적재  3 | 정지 0.18 교착최장  20 | no_progress
Ep 736 |  1504스텝 | 배송 30/50 | 재적재  5 | 정지 0.15 교착최장  14 | no_progress
Ep 737 |   637스텝 | 배송 19/50 | 재적재  3 | 정지 0.05 교착최장   8 | no_progress
Ep 738 |  1691스텝 | 배송 35/50 | 재적재  5 | 정지 0.20 교착최장  16 | no_progress
Ep 739 |   814스텝 | 배송 20/50 | 재적재  2 | 정지 0.08 교착최장   6 | no_progress
Ep 740 |  1242스텝 | 배송 30/50 | 재적재  4 | 정지 0.13 교착최장   6 | no_progress
Ep 741 |  1237스텝 | 배송 32/50 | 재적재  4 | 정지 0.14 교착최장  17 | no_progress
Ep 742 |   612스텝 | 배송 23/50 | 재적재  2 | 정지 0.13 교착최장   4 | no_progress
Ep 743 |  1628스텝 | 배송 37/50 | 재적재  6 | 정지 0.19 교착최장  16 | no_progress
Ep 744 |  1321스텝 | 배송 37/50 | 재적재  5 | 정지 0.14 교착최장  10 | no_progress
Ep 745 |  1688스텝 | 배송 37/50 | 재적재  6 | 정지 0.12 교착최장   8 | no_progress
Ep 746 |  1346스텝 | 배송 34/50 | 재적재  5 | 정지 0.11 교착최장  11 | no_progress
Ep 747 |   526스텝 | 배송 17/50 | 재적재  1 | 정지 0.11 교착최장   5 | no_progress
Ep 748 |  1095스텝 | 배송 27/50 | 재적재  3 | 정지 0.11 교착최장   9 | no_progress
Ep 749 |  1236스텝 | 배송 32/50 | 재적재  6 | 정지 0.18 교착최장  15 | no_progress
Ep 750 |  2324스텝 | 배송 39/50 | 재적재  6 | 정지 0.15 교착최장  11 | no_progress
  [홀드아웃] 배송 22.6±8.6 재적재 1.8 2홉+ 0.64 | 최고 27.9@ep500 정체 5/15
Ep 751 |  1434스텝 | 배송 37/50 | 재적재  5 | 정지 0.20 교착최장  25 | no_progress
Ep 752 |  1461스텝 | 배송 36/50 | 재적재  5 | 정지 0.15 교착최장  18 | no_progress
Ep 753 |   588스텝 | 배송 15/50 | 재적재  0 | 정지 0.15 교착최장   7 | no_progress
Ep 754 |  1840스텝 | 배송 37/50 | 재적재  5 | 정지 0.17 교착최장  12 | no_progress
Ep 755 |  1333스텝 | 배송 30/50 | 재적재  3 | 정지 0.09 교착최장   9 | no_progress
Ep 756 |  1036스텝 | 배송 27/50 | 재적재  3 | 정지 0.14 교착최장   9 | no_progress
Ep 757 |   969스텝 | 배송 33/50 | 재적재  5 | 정지 0.09 교착최장  16 | no_progress
Ep 758 |  1416스텝 | 배송 31/50 | 재적재  5 | 정지 0.10 교착최장   3 | no_progress
Ep 759 |  1663스텝 | 배송 35/50 | 재적재  6 | 정지 0.12 교착최장   7 | no_progress
Ep 760 |  1248스텝 | 배송 28/50 | 재적재  3 | 정지 0.18 교착최장  14 | no_progress
Ep 761 |  1137스텝 | 배송 30/50 | 재적재  3 | 정지 0.16 교착최장  12 | no_progress
Ep 762 |  1858스텝 | 배송 34/50 | 재적재  4 | 정지 0.14 교착최장  10 | no_progress
Ep 763 |  1006스텝 | 배송 28/50 | 재적재  3 | 정지 0.10 교착최장   6 | no_progress
Ep 764 |  1082스텝 | 배송 27/50 | 재적재  4 | 정지 0.06 교착최장   6 | no_progress
Ep 765 |   974스텝 | 배송 28/50 | 재적재  3 | 정지 0.11 교착최장   7 | no_progress
Ep 766 |  1062스텝 | 배송 31/50 | 재적재  3 | 정지 0.10 교착최장   3 | no_progress
Ep 767 |  1360스텝 | 배송 36/50 | 재적재  4 | 정지 0.15 교착최장   8 | no_progress
Ep 768 |   944스텝 | 배송 29/50 | 재적재  4 | 정지 0.14 교착최장  10 | no_progress
Ep 769 |   524스텝 | 배송 19/50 | 재적재  3 | 정지 0.10 교착최장   7 | no_progress
Ep 770 |  1381스텝 | 배송 33/50 | 재적재  5 | 정지 0.06 교착최장   4 | no_progress
Ep 771 |  1322스텝 | 배송 33/50 | 재적재  5 | 정지 0.09 교착최장  10 | no_progress
Ep 772 |   790스텝 | 배송 25/50 | 재적재  3 | 정지 0.10 교착최장  14 | no_progress
Ep 773 |  1458스텝 | 배송 36/50 | 재적재  5 | 정지 0.14 교착최장   7 | no_progress
Ep 774 |  1453스텝 | 배송 34/50 | 재적재  4 | 정지 0.12 교착최장   9 | no_progress
Ep 775 |   647스텝 | 배송 20/50 | 재적재  2 | 정지 0.09 교착최장   5 | no_progress
Ep 776 |  1142스텝 | 배송 29/50 | 재적재  5 | 정지 0.07 교착최장   5 | no_progress
Ep 777 |   735스텝 | 배송 25/50 | 재적재  2 | 정지 0.08 교착최장   5 | no_progress
Ep 778 |  1026스텝 | 배송 30/50 | 재적재  4 | 정지 0.08 교착최장   6 | no_progress
Ep 779 |   745스텝 | 배송 20/50 | 재적재  3 | 정지 0.07 교착최장   4 | no_progress
Ep 780 |  1188스텝 | 배송 27/50 | 재적재  3 | 정지 0.09 교착최장   8 | no_progress
Ep 781 |  2126스텝 | 배송 39/50 | 재적재  6 | 정지 0.16 교착최장  15 | no_progress
Ep 782 |  1632스텝 | 배송 39/50 | 재적재  6 | 정지 0.14 교착최장  14 | no_progress
Ep 783 |  1117스텝 | 배송 28/50 | 재적재  3 | 정지 0.14 교착최장   6 | no_progress
Ep 784 |   428스텝 | 배송 15/50 | 재적재  0 | 정지 0.12 교착최장   4 | no_progress
Ep 785 |  1126스텝 | 배송 28/50 | 재적재  3 | 정지 0.12 교착최장   5 | no_progress
Ep 786 |  1097스텝 | 배송 32/50 | 재적재  4 | 정지 0.15 교착최장   8 | no_progress
Ep 787 |  1015스텝 | 배송 29/50 | 재적재  4 | 정지 0.06 교착최장   7 | no_progress
Ep 788 |   443스텝 | 배송 17/50 | 재적재  0 | 정지 0.05 교착최장   2 | no_progress
Ep 789 |   626스텝 | 배송 22/50 | 재적재  4 | 정지 0.09 교착최장   3 | no_progress
Ep 790 |   864스텝 | 배송 24/50 | 재적재  2 | 정지 0.12 교착최장   7 | no_progress
Ep 791 |  1310스텝 | 배송 33/50 | 재적재  5 | 정지 0.14 교착최장  10 | no_progress
Ep 792 |  1584스텝 | 배송 39/50 | 재적재  5 | 정지 0.10 교착최장   6 | no_progress
Ep 793 |   982스텝 | 배송 32/50 | 재적재  5 | 정지 0.07 교착최장   6 | no_progress
Ep 794 |  1385스텝 | 배송 32/50 | 재적재  5 | 정지 0.19 교착최장  23 | no_progress
Ep 795 |  1219스텝 | 배송 34/50 | 재적재  4 | 정지 0.12 교착최장  14 | no_progress
Ep 796 |  1326스텝 | 배송 35/50 | 재적재  7 | 정지 0.14 교착최장  13 | no_progress
Ep 797 |   710스텝 | 배송 21/50 | 재적재  3 | 정지 0.20 교착최장  10 | no_progress
Ep 798 |  1039스텝 | 배송 30/50 | 재적재  5 | 정지 0.07 교착최장   4 | no_progress
Ep 799 |   975스텝 | 배송 22/50 | 재적재  1 | 정지 0.10 교착최장   9 | no_progress
Ep 800 |  1383스텝 | 배송 35/50 | 재적재  4 | 정지 0.08 교착최장  10 | no_progress
  [홀드아웃] 배송 21.8±9.6 재적재 1.9 2홉+ 0.63 | 최고 27.9@ep500 정체 6/15
Ep 801 |  1047스텝 | 배송 27/50 | 재적재  2 | 정지 0.14 교착최장   6 | no_progress
Ep 802 |   708스텝 | 배송 23/50 | 재적재  2 | 정지 0.05 교착최장  10 | no_progress
Ep 803 |  1009스텝 | 배송 31/50 | 재적재  3 | 정지 0.09 교착최장  10 | no_progress
Ep 804 |   731스텝 | 배송 23/50 | 재적재  2 | 정지 0.09 교착최장   5 | no_progress
Ep 805 |  1258스텝 | 배송 29/50 | 재적재  3 | 정지 0.13 교착최장  66 | no_progress
Ep 806 |  1086스텝 | 배송 31/50 | 재적재  3 | 정지 0.07 교착최장   3 | no_progress
Ep 807 |  1666스텝 | 배송 33/50 | 재적재  4 | 정지 0.10 교착최장  16 | no_progress
Ep 808 |  2160스텝 | 배송 37/50 | 재적재  4 | 정지 0.15 교착최장   9 | no_progress
Ep 809 |   774스텝 | 배송 23/50 | 재적재  1 | 정지 0.07 교착최장   5 | no_progress
Ep 810 |   981스텝 | 배송 23/50 | 재적재  4 | 정지 0.15 교착최장   9 | no_progress
Ep 811 |  1075스텝 | 배송 27/50 | 재적재  4 | 정지 0.05 교착최장   6 | no_progress
Ep 812 |  1239스텝 | 배송 27/50 | 재적재  2 | 정지 0.11 교착최장   8 | no_progress
Ep 813 |   979스텝 | 배송 30/50 | 재적재  4 | 정지 0.14 교착최장  15 | no_progress
Ep 814 |   861스텝 | 배송 26/50 | 재적재  3 | 정지 0.10 교착최장   6 | no_progress
Ep 815 |  1000스텝 | 배송 25/50 | 재적재  4 | 정지 0.13 교착최장   4 | no_progress
Ep 816 |   632스텝 | 배송 22/50 | 재적재  2 | 정지 0.07 교착최장   3 | no_progress
Ep 817 |  1212스텝 | 배송 25/50 | 재적재  3 | 정지 0.05 교착최장   4 | no_progress
Ep 818 |  1252스텝 | 배송 28/50 | 재적재  2 | 정지 0.08 교착최장   6 | no_progress
Ep 819 |  1020스텝 | 배송 31/50 | 재적재  5 | 정지 0.08 교착최장   8 | no_progress
Ep 820 |   864스텝 | 배송 26/50 | 재적재  4 | 정지 0.12 교착최장   6 | no_progress
Ep 821 |   663스텝 | 배송 25/50 | 재적재  3 | 정지 0.16 교착최장  18 | no_progress
Ep 822 |  1663스텝 | 배송 36/50 | 재적재  5 | 정지 0.15 교착최장   8 | no_progress
Ep 823 |   610스텝 | 배송 20/50 | 재적재  1 | 정지 0.03 교착최장   3 | no_progress
Ep 824 |   984스텝 | 배송 23/50 | 재적재  2 | 정지 0.10 교착최장   5 | no_progress
Ep 825 |   947스텝 | 배송 28/50 | 재적재  3 | 정지 0.12 교착최장   4 | no_progress
Ep 826 |  1018스텝 | 배송 27/50 | 재적재  3 | 정지 0.06 교착최장  10 | no_progress
Ep 827 |   775스텝 | 배송 23/50 | 재적재  1 | 정지 0.09 교착최장   5 | no_progress
Ep 828 |  1539스텝 | 배송 32/50 | 재적재  4 | 정지 0.11 교착최장  17 | no_progress
Ep 829 |   975스텝 | 배송 30/50 | 재적재  3 | 정지 0.12 교착최장  10 | no_progress
Ep 830 |  1084스텝 | 배송 32/50 | 재적재  3 | 정지 0.11 교착최장  10 | no_progress
Ep 831 |  1297스텝 | 배송 33/50 | 재적재  4 | 정지 0.16 교착최장  13 | no_progress
Ep 832 |  1393스텝 | 배송 33/50 | 재적재  5 | 정지 0.10 교착최장   8 | no_progress
Ep 833 |   783스텝 | 배송 23/50 | 재적재  2 | 정지 0.18 교착최장   9 | no_progress
Ep 834 |   915스텝 | 배송 25/50 | 재적재  2 | 정지 0.11 교착최장   7 | no_progress
Ep 835 |  1616스텝 | 배송 37/50 | 재적재  5 | 정지 0.14 교착최장  10 | no_progress
Ep 836 |  1092스텝 | 배송 28/50 | 재적재  3 | 정지 0.10 교착최장   7 | no_progress
Ep 837 |  1343스텝 | 배송 30/50 | 재적재  2 | 정지 0.08 교착최장   4 | no_progress
Ep 838 |  1877스텝 | 배송 37/50 | 재적재  5 | 정지 0.21 교착최장  19 | no_progress
Ep 839 |   702스텝 | 배송 25/50 | 재적재  2 | 정지 0.09 교착최장   3 | no_progress
Ep 840 |   637스텝 | 배송 22/50 | 재적재  2 | 정지 0.07 교착최장   1 | no_progress
Ep 841 |   943스텝 | 배송 30/50 | 재적재  5 | 정지 0.10 교착최장   6 | no_progress
Ep 842 |   918스텝 | 배송 28/50 | 재적재  2 | 정지 0.09 교착최장   7 | no_progress
Ep 843 |   854스텝 | 배송 23/50 | 재적재  3 | 정지 0.18 교착최장   7 | no_progress
Ep 844 |  1069스텝 | 배송 23/50 | 재적재  3 | 정지 0.18 교착최장  11 | no_progress
Ep 845 |  1670스텝 | 배송 30/50 | 재적재  3 | 정지 0.10 교착최장   5 | no_progress
Ep 846 |  1303스텝 | 배송 30/50 | 재적재  4 | 정지 0.10 교착최장   4 | no_progress
Ep 847 |   846스텝 | 배송 28/50 | 재적재  3 | 정지 0.17 교착최장   3 | no_progress
Ep 848 |  1118스텝 | 배송 30/50 | 재적재  4 | 정지 0.22 교착최장  44 | no_progress
Ep 849 |   985스텝 | 배송 26/50 | 재적재  2 | 정지 0.09 교착최장   6 | no_progress
Ep 850 |  1319스텝 | 배송 28/50 | 재적재  4 | 정지 0.16 교착최장   6 | no_progress
  [홀드아웃] 배송 20.4±7.1 재적재 1.5 2홉+ 0.57 | 최고 27.9@ep500 정체 7/15
Ep 851 |  1113스텝 | 배송 28/50 | 재적재  4 | 정지 0.08 교착최장   5 | no_progress
Ep 852 |  2418스텝 | 배송 45/50 | 재적재  6 | 정지 0.19 교착최장   9 | no_progress
Ep 853 |   943스텝 | 배송 28/50 | 재적재  3 | 정지 0.12 교착최장   7 | no_progress
Ep 854 |  1440스텝 | 배송 30/50 | 재적재  4 | 정지 0.09 교착최장   8 | no_progress
Ep 855 |   902스텝 | 배송 28/50 | 재적재  3 | 정지 0.07 교착최장  13 | no_progress
Ep 856 |  1081스텝 | 배송 30/50 | 재적재  5 | 정지 0.11 교착최장   7 | no_progress
Ep 857 |   809스텝 | 배송 22/50 | 재적재  1 | 정지 0.04 교착최장   4 | no_progress
Ep 858 |  1241스텝 | 배송 33/50 | 재적재  4 | 정지 0.09 교착최장   8 | no_progress
Ep 859 |  1222스텝 | 배송 26/50 | 재적재  2 | 정지 0.19 교착최장   9 | no_progress
Ep 860 |  1078스텝 | 배송 28/50 | 재적재  2 | 정지 0.12 교착최장   6 | no_progress
Ep 861 |  1123스텝 | 배송 29/50 | 재적재  4 | 정지 0.08 교착최장   8 | no_progress
Ep 862 |  1247스텝 | 배송 27/50 | 재적재  4 | 정지 0.09 교착최장   4 | no_progress
Ep 863 |   877스텝 | 배송 30/50 | 재적재  4 | 정지 0.06 교착최장   4 | no_progress
Ep 864 |  1522스텝 | 배송 31/50 | 재적재  4 | 정지 0.15 교착최장  17 | no_progress
Ep 865 |  1100스텝 | 배송 30/50 | 재적재  3 | 정지 0.18 교착최장  10 | no_progress
Ep 866 |  1603스텝 | 배송 31/50 | 재적재  3 | 정지 0.11 교착최장  32 | no_progress
Ep 867 |   897스텝 | 배송 28/50 | 재적재  4 | 정지 0.07 교착최장   3 | no_progress
Ep 868 |  1216스텝 | 배송 33/50 | 재적재  5 | 정지 0.14 교착최장  10 | no_progress
Ep 869 |  1208스텝 | 배송 29/50 | 재적재  4 | 정지 0.11 교착최장   6 | no_progress
Ep 870 |  1262스텝 | 배송 32/50 | 재적재  6 | 정지 0.06 교착최장   4 | no_progress
Ep 871 |   766스텝 | 배송 19/50 | 재적재  1 | 정지 0.07 교착최장   7 | no_progress
Ep 872 |  1115스텝 | 배송 25/50 | 재적재  3 | 정지 0.15 교착최장  14 | no_progress
Ep 873 |  1238스텝 | 배송 34/50 | 재적재  3 | 정지 0.09 교착최장   6 | no_progress
Ep 874 |  1079스텝 | 배송 29/50 | 재적재  4 | 정지 0.13 교착최장   9 | no_progress
Ep 875 |  1290스텝 | 배송 31/50 | 재적재  4 | 정지 0.12 교착최장   9 | no_progress
Ep 876 |   847스텝 | 배송 20/50 | 재적재  2 | 정지 0.12 교착최장  10 | no_progress
Ep 877 |  1252스텝 | 배송 34/50 | 재적재  4 | 정지 0.09 교착최장  13 | no_progress
Ep 878 |   840스텝 | 배송 25/50 | 재적재  2 | 정지 0.11 교착최장   5 | no_progress
Ep 879 |  1137스텝 | 배송 30/50 | 재적재  4 | 정지 0.12 교착최장   6 | no_progress
Ep 880 |   887스텝 | 배송 25/50 | 재적재  4 | 정지 0.15 교착최장   7 | no_progress
Ep 881 |  1610스텝 | 배송 30/50 | 재적재  3 | 정지 0.21 교착최장   8 | no_progress
Ep 882 |   853스텝 | 배송 27/50 | 재적재  3 | 정지 0.04 교착최장   2 | no_progress
Ep 883 |   945스텝 | 배송 22/50 | 재적재  3 | 정지 0.07 교착최장  15 | no_progress
Ep 884 |  1122스텝 | 배송 31/50 | 재적재  4 | 정지 0.13 교착최장   5 | no_progress
Ep 885 |  1031스텝 | 배송 27/50 | 재적재  4 | 정지 0.15 교착최장  10 | no_progress
Ep 886 |  1002스텝 | 배송 30/50 | 재적재  3 | 정지 0.14 교착최장   5 | no_progress
Ep 887 |  1427스텝 | 배송 30/50 | 재적재  3 | 정지 0.11 교착최장   4 | no_progress
Ep 888 |  1660스텝 | 배송 31/50 | 재적재  5 | 정지 0.12 교착최장  10 | no_progress
Ep 889 |  1248스텝 | 배송 33/50 | 재적재  4 | 정지 0.05 교착최장   7 | no_progress
Ep 890 |   691스텝 | 배송 21/50 | 재적재  3 | 정지 0.18 교착최장   7 | no_progress
Ep 891 |  1267스텝 | 배송 26/50 | 재적재  5 | 정지 0.10 교착최장  10 | no_progress
Ep 892 |  1153스텝 | 배송 31/50 | 재적재  4 | 정지 0.18 교착최장  10 | no_progress
Ep 893 |   918스텝 | 배송 26/50 | 재적재  2 | 정지 0.13 교착최장  10 | no_progress
Ep 894 |   727스텝 | 배송 27/50 | 재적재  3 | 정지 0.06 교착최장   3 | no_progress
Ep 895 |  1124스텝 | 배송 28/50 | 재적재  2 | 정지 0.10 교착최장   7 | no_progress
Ep 896 |   843스텝 | 배송 25/50 | 재적재  4 | 정지 0.06 교착최장   2 | no_progress
Ep 897 |  1050스텝 | 배송 28/50 | 재적재  3 | 정지 0.10 교착최장  11 | no_progress
Ep 898 |   844스텝 | 배송 26/50 | 재적재  4 | 정지 0.06 교착최장   2 | no_progress
Ep 899 |  1289스텝 | 배송 31/50 | 재적재  3 | 정지 0.10 교착최장  13 | no_progress
Ep 900 |  1145스텝 | 배송 31/50 | 재적재  3 | 정지 0.12 교착최장  12 | no_progress
  [홀드아웃] 배송 22.5±4.7 재적재 2.1 2홉+ 0.55 | 최고 27.9@ep500 정체 8/15
Ep 901 |  1481스텝 | 배송 32/50 | 재적재  5 | 정지 0.12 교착최장  14 | no_progress
Ep 902 |  1008스텝 | 배송 25/50 | 재적재  2 | 정지 0.11 교착최장   5 | no_progress
Ep 903 |  1057스텝 | 배송 28/50 | 재적재  4 | 정지 0.10 교착최장   4 | no_progress
Ep 904 |  1114스텝 | 배송 26/50 | 재적재  2 | 정지 0.14 교착최장  28 | no_progress
Ep 905 |   521스텝 | 배송 18/50 | 재적재  3 | 정지 0.07 교착최장   7 | no_progress
Ep 906 |  1395스텝 | 배송 33/50 | 재적재  6 | 정지 0.24 교착최장  13 | no_progress
Ep 907 |  1240스텝 | 배송 33/50 | 재적재  5 | 정지 0.08 교착최장   7 | no_progress
Ep 908 |  1630스텝 | 배송 39/50 | 재적재  5 | 정지 0.10 교착최장   4 | no_progress
Ep 909 |  1098스텝 | 배송 32/50 | 재적재  3 | 정지 0.08 교착최장   6 | no_progress
Ep 910 |   983스텝 | 배송 29/50 | 재적재  3 | 정지 0.13 교착최장   4 | no_progress
Ep 911 |  1205스텝 | 배송 30/50 | 재적재  2 | 정지 0.11 교착최장   9 | no_progress
Ep 912 |  1970스텝 | 배송 38/50 | 재적재  6 | 정지 0.13 교착최장   9 | no_progress
Ep 913 |   860스텝 | 배송 25/50 | 재적재  4 | 정지 0.06 교착최장   5 | no_progress
Ep 914 |  1550스텝 | 배송 34/50 | 재적재  5 | 정지 0.14 교착최장   8 | no_progress
Ep 915 |  1387스텝 | 배송 30/50 | 재적재  3 | 정지 0.14 교착최장   7 | no_progress
Ep 916 |  1170스텝 | 배송 28/50 | 재적재  3 | 정지 0.10 교착최장   4 | no_progress
Ep 917 |  1102스텝 | 배송 28/50 | 재적재  2 | 정지 0.05 교착최장   6 | no_progress
Ep 918 |   849스텝 | 배송 25/50 | 재적재  3 | 정지 0.07 교착최장   4 | no_progress
Ep 919 |   807스텝 | 배송 23/50 | 재적재  3 | 정지 0.10 교착최장   5 | no_progress
Ep 920 |   774스텝 | 배송 26/50 | 재적재  2 | 정지 0.08 교착최장   6 | no_progress
Ep 921 |   762스텝 | 배송 25/50 | 재적재  2 | 정지 0.13 교착최장  10 | no_progress
Ep 922 |  1212스텝 | 배송 30/50 | 재적재  5 | 정지 0.14 교착최장  10 | no_progress
Ep 923 |  1129스텝 | 배송 33/50 | 재적재  5 | 정지 0.14 교착최장   7 | no_progress
Ep 924 |   866스텝 | 배송 29/50 | 재적재  4 | 정지 0.11 교착최장   6 | no_progress
Ep 925 |   777스텝 | 배송 28/50 | 재적재  3 | 정지 0.12 교착최장   6 | no_progress
Ep 926 |  1196스텝 | 배송 29/50 | 재적재  3 | 정지 0.15 교착최장   8 | no_progress
Ep 927 |  1733스텝 | 배송 38/50 | 재적재  5 | 정지 0.15 교착최장  10 | no_progress
Ep 928 |  1270스텝 | 배송 30/50 | 재적재  5 | 정지 0.11 교착최장  12 | no_progress
Ep 929 |  1333스텝 | 배송 39/50 | 재적재  5 | 정지 0.13 교착최장   4 | no_progress
Ep 930 |  1351스텝 | 배송 31/50 | 재적재  4 | 정지 0.05 교착최장   3 | no_progress
Ep 931 |  1011스텝 | 배송 27/50 | 재적재  2 | 정지 0.13 교착최장   8 | no_progress
Ep 932 |  1148스텝 | 배송 28/50 | 재적재  2 | 정지 0.10 교착최장   5 | no_progress
Ep 933 |  1177스텝 | 배송 35/50 | 재적재  5 | 정지 0.18 교착최장  25 | no_progress
Ep 934 |   629스텝 | 배송 16/50 | 재적재  0 | 정지 0.11 교착최장   7 | no_progress
Ep 935 |  1464스텝 | 배송 34/50 | 재적재  5 | 정지 0.18 교착최장  25 | no_progress
Ep 936 |  1019스텝 | 배송 29/50 | 재적재  4 | 정지 0.17 교착최장   7 | no_progress
Ep 937 |  1095스텝 | 배송 27/50 | 재적재  3 | 정지 0.12 교착최장  10 | no_progress
Ep 938 |  1054스텝 | 배송 30/50 | 재적재  4 | 정지 0.09 교착최장   9 | no_progress
Ep 939 |  1162스텝 | 배송 28/50 | 재적재  3 | 정지 0.16 교착최장   8 | no_progress
Ep 940 |  1309스텝 | 배송 29/50 | 재적재  3 | 정지 0.11 교착최장   6 | no_progress
Ep 941 |   963스텝 | 배송 26/50 | 재적재  3 | 정지 0.10 교착최장   6 | no_progress
Ep 942 |  1171스텝 | 배송 26/50 | 재적재  2 | 정지 0.18 교착최장  21 | no_progress
Ep 943 |   978스텝 | 배송 31/50 | 재적재  3 | 정지 0.18 교착최장   9 | no_progress
Ep 944 |  1140스텝 | 배송 24/50 | 재적재  2 | 정지 0.11 교착최장  10 | no_progress
Ep 945 |  1704스텝 | 배송 36/50 | 재적재  5 | 정지 0.15 교착최장   6 | no_progress
Ep 946 |  1212스텝 | 배송 30/50 | 재적재  4 | 정지 0.10 교착최장   4 | no_progress
Ep 947 |  1380스텝 | 배송 34/50 | 재적재  4 | 정지 0.09 교착최장   6 | no_progress
Ep 948 |   921스텝 | 배송 24/50 | 재적재  3 | 정지 0.09 교착최장   4 | no_progress
Ep 949 |   757스텝 | 배송 25/50 | 재적재  2 | 정지 0.07 교착최장   9 | no_progress
Ep 950 |  1029스텝 | 배송 25/50 | 재적재  3 | 정지 0.12 교착최장  18 | no_progress
  [홀드아웃] 배송 22.8±8.6 재적재 1.9 2홉+ 0.62 | 최고 27.9@ep500 정체 9/15
Ep 951 |  1629스텝 | 배송 33/50 | 재적재  6 | 정지 0.15 교착최장   7 | no_progress
Ep 952 |  1200스텝 | 배송 30/50 | 재적재  4 | 정지 0.11 교착최장   8 | no_progress
Ep 953 |  1001스텝 | 배송 29/50 | 재적재  3 | 정지 0.09 교착최장   7 | no_progress
Ep 954 |  1503스텝 | 배송 30/50 | 재적재  4 | 정지 0.13 교착최장  12 | no_progress
Ep 955 |   438스텝 | 배송 17/50 | 재적재  0 | 정지 0.03 교착최장   7 | no_progress
Ep 956 |  1261스텝 | 배송 30/50 | 재적재  3 | 정지 0.10 교착최장   9 | no_progress
Ep 957 |  1178스텝 | 배송 29/50 | 재적재  5 | 정지 0.12 교착최장  13 | no_progress
Ep 958 |  1106스텝 | 배송 28/50 | 재적재  3 | 정지 0.10 교착최장   4 | no_progress
Ep 959 |  1446스텝 | 배송 39/50 | 재적재  7 | 정지 0.10 교착최장   7 | no_progress
Ep 960 |   576스텝 | 배송 19/50 | 재적재  2 | 정지 0.14 교착최장  14 | no_progress
Ep 961 |  1014스텝 | 배송 28/50 | 재적재  3 | 정지 0.17 교착최장   7 | no_progress
Ep 962 |  1471스텝 | 배송 35/50 | 재적재  4 | 정지 0.13 교착최장  10 | no_progress
Ep 963 |  1158스텝 | 배송 30/50 | 재적재  3 | 정지 0.13 교착최장  11 | no_progress
Ep 964 |  1013스텝 | 배송 28/50 | 재적재  3 | 정지 0.11 교착최장   8 | no_progress
Ep 965 |  1129스텝 | 배송 29/50 | 재적재  3 | 정지 0.11 교착최장   5 | no_progress
Ep 966 |   649스텝 | 배송 18/50 | 재적재  0 | 정지 0.08 교착최장   8 | no_progress
Ep 967 |   925스텝 | 배송 27/50 | 재적재  3 | 정지 0.13 교착최장   5 | no_progress
Ep 968 |  1125스텝 | 배송 28/50 | 재적재  4 | 정지 0.12 교착최장  10 | no_progress
Ep 969 |   633스텝 | 배송 18/50 | 재적재  0 | 정지 0.10 교착최장  16 | no_progress
Ep 970 |   943스텝 | 배송 28/50 | 재적재  5 | 정지 0.09 교착최장   8 | no_progress
Ep 971 |   545스텝 | 배송 17/50 | 재적재  2 | 정지 0.12 교착최장   2 | no_progress
Ep 972 |  1177스텝 | 배송 31/50 | 재적재  3 | 정지 0.12 교착최장   5 | no_progress
Ep 973 |   993스텝 | 배송 28/50 | 재적재  3 | 정지 0.14 교착최장   6 | no_progress
Ep 974 |  1069스텝 | 배송 27/50 | 재적재  3 | 정지 0.06 교착최장   9 | no_progress
Ep 975 |  1448스텝 | 배송 37/50 | 재적재  5 | 정지 0.21 교착최장   9 | no_progress
Ep 976 |  1483스텝 | 배송 35/50 | 재적재  4 | 정지 0.14 교착최장  13 | no_progress
Ep 977 |   969스텝 | 배송 25/50 | 재적재  3 | 정지 0.15 교착최장   8 | no_progress
Ep 978 |  1181스텝 | 배송 31/50 | 재적재  5 | 정지 0.11 교착최장  10 | no_progress
Ep 979 |   710스텝 | 배송 21/50 | 재적재  2 | 정지 0.13 교착최장  20 | no_progress
Ep 980 |  1159스텝 | 배송 28/50 | 재적재  4 | 정지 0.15 교착최장  13 | no_progress
Ep 981 |   655스텝 | 배송 20/50 | 재적재  4 | 정지 0.05 교착최장   2 | no_progress
Ep 982 |  1576스텝 | 배송 34/50 | 재적재  5 | 정지 0.10 교착최장   5 | no_progress
Ep 983 |   714스텝 | 배송 24/50 | 재적재  2 | 정지 0.04 교착최장   4 | no_progress
Ep 984 |   904스텝 | 배송 25/50 | 재적재  2 | 정지 0.08 교착최장   5 | no_progress
Ep 985 |  1791스텝 | 배송 35/50 | 재적재  5 | 정지 0.13 교착최장   8 | no_progress
Ep 986 |  1829스텝 | 배송 41/50 | 재적재  6 | 정지 0.16 교착최장  31 | no_progress
Ep 987 |   906스텝 | 배송 27/50 | 재적재  5 | 정지 0.11 교착최장  11 | no_progress
Ep 988 |  1476스텝 | 배송 37/50 | 재적재  5 | 정지 0.22 교착최장  32 | no_progress
Ep 989 |  1294스텝 | 배송 32/50 | 재적재  5 | 정지 0.14 교착최장  17 | no_progress
Ep 990 |   983스텝 | 배송 31/50 | 재적재  4 | 정지 0.11 교착최장   5 | no_progress
Ep 991 |  1222스텝 | 배송 33/50 | 재적재  5 | 정지 0.11 교착최장   6 | no_progress
Ep 992 |  1665스텝 | 배송 38/50 | 재적재  6 | 정지 0.11 교착최장  11 | no_progress
Ep 993 |   345스텝 | 배송 15/50 | 재적재  0 | 정지 0.07 교착최장   9 | no_progress
Ep 994 |   898스텝 | 배송 26/50 | 재적재  3 | 정지 0.12 교착최장   6 | no_progress
Ep 995 |   835스텝 | 배송 23/50 | 재적재  2 | 정지 0.08 교착최장   7 | no_progress
Ep 996 |  1272스텝 | 배송 33/50 | 재적재  4 | 정지 0.11 교착최장   5 | no_progress
Ep 997 |  1289스텝 | 배송 29/50 | 재적재  3 | 정지 0.09 교착최장  10 | no_progress
Ep 998 |   803스텝 | 배송 28/50 | 재적재  3 | 정지 0.12 교착최장   3 | no_progress
Ep 999 |  1054스텝 | 배송 29/50 | 재적재  4 | 정지 0.11 교착최장  12 | no_progress
Ep 1000 |  1469스텝 | 배송 35/50 | 재적재  6 | 정지 0.19 교착최장  24 | no_progress
  [홀드아웃] 배송 23.8±7.2 재적재 1.9 2홉+ 0.62 | 최고 27.9@ep500 정체 10/15
Ep 1001 |  1554스텝 | 배송 38/50 | 재적재  5 | 정지 0.13 교착최장   9 | no_progress
Ep 1002 |   362스텝 | 배송 14/50 | 재적재  1 | 정지 0.09 교착최장   4 | no_progress
Ep 1003 |  1006스텝 | 배송 29/50 | 재적재  5 | 정지 0.05 교착최장   4 | no_progress
Ep 1004 |   888스텝 | 배송 29/50 | 재적재  2 | 정지 0.11 교착최장   9 | no_progress
Ep 1005 |  1683스텝 | 배송 32/50 | 재적재  4 | 정지 0.13 교착최장   6 | no_progress
Ep 1006 |  2206스텝 | 배송 40/50 | 재적재  5 | 정지 0.17 교착최장  11 | no_progress
Ep 1007 |   670스텝 | 배송 22/50 | 재적재  3 | 정지 0.10 교착최장   7 | no_progress
Ep 1008 |  1356스텝 | 배송 35/50 | 재적재  6 | 정지 0.13 교착최장   5 | no_progress
Ep 1009 |   890스텝 | 배송 29/50 | 재적재  5 | 정지 0.13 교착최장  10 | no_progress
Ep 1010 |  1186스텝 | 배송 31/50 | 재적재  3 | 정지 0.10 교착최장   9 | no_progress
Ep 1011 |  1288스텝 | 배송 31/50 | 재적재  4 | 정지 0.08 교착최장  13 | no_progress
Ep 1012 |  1669스텝 | 배송 32/50 | 재적재  4 | 정지 0.14 교착최장  21 | no_progress
Ep 1013 |  1198스텝 | 배송 31/50 | 재적재  3 | 정지 0.12 교착최장   9 | no_progress
Ep 1014 |  1262스텝 | 배송 32/50 | 재적재  4 | 정지 0.18 교착최장   8 | no_progress
Ep 1015 |   799스텝 | 배송 25/50 | 재적재  3 | 정지 0.10 교착최장  11 | no_progress
Ep 1016 |  1172스텝 | 배송 32/50 | 재적재  3 | 정지 0.07 교착최장   7 | no_progress
Ep 1017 |  1238스텝 | 배송 34/50 | 재적재  5 | 정지 0.10 교착최장   4 | no_progress
Ep 1018 |  1046스텝 | 배송 27/50 | 재적재  4 | 정지 0.11 교착최장   5 | no_progress
Ep 1019 |  2114스텝 | 배송 38/50 | 재적재  5 | 정지 0.16 교착최장   8 | no_progress
Ep 1020 |  1224스텝 | 배송 29/50 | 재적재  3 | 정지 0.14 교착최장   7 | no_progress
Ep 1021 |  1129스텝 | 배송 32/50 | 재적재  6 | 정지 0.08 교착최장   3 | no_progress
Ep 1022 |   924스텝 | 배송 29/50 | 재적재  4 | 정지 0.09 교착최장   5 | no_progress
Ep 1023 |  1063스텝 | 배송 26/50 | 재적재  2 | 정지 0.12 교착최장   8 | no_progress
Ep 1024 |  1180스텝 | 배송 32/50 | 재적재  5 | 정지 0.07 교착최장   4 | no_progress
Ep 1025 |  1280스텝 | 배송 34/50 | 재적재  4 | 정지 0.08 교착최장  11 | no_progress
Ep 1026 |  1102스텝 | 배송 27/50 | 재적재  4 | 정지 0.11 교착최장   5 | no_progress
Ep 1027 |  2041스텝 | 배송 37/50 | 재적재  7 | 정지 0.13 교착최장   9 | no_progress
Ep 1028 |  1731스텝 | 배송 37/50 | 재적재  5 | 정지 0.10 교착최장   5 | no_progress
Ep 1029 |  1098스텝 | 배송 29/50 | 재적재  5 | 정지 0.08 교착최장   3 | no_progress
Ep 1030 |  1505스텝 | 배송 29/50 | 재적재  4 | 정지 0.20 교착최장  15 | no_progress
Ep 1031 |   925스텝 | 배송 25/50 | 재적재  4 | 정지 0.06 교착최장   3 | no_progress
Ep 1032 |   932스텝 | 배송 26/50 | 재적재  5 | 정지 0.11 교착최장   6 | no_progress
Ep 1033 |   822스텝 | 배송 28/50 | 재적재  3 | 정지 0.09 교착최장   3 | no_progress
Ep 1034 |  1507스텝 | 배송 33/50 | 재적재  4 | 정지 0.10 교착최장   8 | no_progress
Ep 1035 |   965스텝 | 배송 28/50 | 재적재  3 | 정지 0.11 교착최장   4 | no_progress
Ep 1036 |   935스텝 | 배송 27/50 | 재적재  3 | 정지 0.13 교착최장  15 | no_progress
Ep 1037 |  1015스텝 | 배송 32/50 | 재적재  4 | 정지 0.09 교착최장   8 | no_progress
Ep 1038 |  1005스텝 | 배송 25/50 | 재적재  2 | 정지 0.15 교착최장   7 | no_progress
Ep 1039 |   936스텝 | 배송 30/50 | 재적재  5 | 정지 0.07 교착최장   3 | no_progress
Ep 1040 |  1240스텝 | 배송 32/50 | 재적재  4 | 정지 0.09 교착최장  10 | no_progress
Ep 1041 |  1600스텝 | 배송 34/50 | 재적재  5 | 정지 0.10 교착최장   3 | no_progress
Ep 1042 |  1381스텝 | 배송 31/50 | 재적재  4 | 정지 0.20 교착최장  45 | no_progress
Ep 1043 |  1153스텝 | 배송 29/50 | 재적재  3 | 정지 0.10 교착최장   6 | no_progress
Ep 1044 |   903스텝 | 배송 32/50 | 재적재  5 | 정지 0.08 교착최장   7 | no_progress
Ep 1045 |   677스텝 | 배송 24/50 | 재적재  2 | 정지 0.06 교착최장   9 | no_progress
Ep 1046 |   949스텝 | 배송 26/50 | 재적재  2 | 정지 0.10 교착최장   5 | no_progress
Ep 1047 |   729스텝 | 배송 20/50 | 재적재  1 | 정지 0.12 교착최장   6 | no_progress
Ep 1048 |   779스텝 | 배송 24/50 | 재적재  2 | 정지 0.09 교착최장   6 | no_progress
Ep 1049 |  1258스텝 | 배송 33/50 | 재적재  4 | 정지 0.09 교착최장   9 | no_progress
Ep 1050 |  1539스텝 | 배송 33/50 | 재적재  4 | 정지 0.10 교착최장  11 | no_progress
  [홀드아웃] 배송 22.5±7.5 재적재 2.0 2홉+ 0.62 | 최고 27.9@ep500 정체 11/15
Ep 1051 |  1196스텝 | 배송 31/50 | 재적재  3 | 정지 0.15 교착최장  10 | no_progress
Ep 1052 |  1597스텝 | 배송 31/50 | 재적재  4 | 정지 0.11 교착최장   6 | no_progress
Ep 1053 |  1035스텝 | 배송 29/50 | 재적재  4 | 정지 0.22 교착최장  13 | no_progress
Ep 1054 |   915스텝 | 배송 25/50 | 재적재  3 | 정지 0.12 교착최장  10 | no_progress
Ep 1055 |  1379스텝 | 배송 35/50 | 재적재  6 | 정지 0.15 교착최장  10 | no_progress
Ep 1056 |  1232스텝 | 배송 30/50 | 재적재  5 | 정지 0.10 교착최장   8 | no_progress
Ep 1057 |   713스텝 | 배송 22/50 | 재적재  2 | 정지 0.15 교착최장  10 | no_progress
Ep 1058 |  1090스텝 | 배송 28/50 | 재적재  4 | 정지 0.15 교착최장   5 | no_progress
Ep 1059 |  1017스텝 | 배송 29/50 | 재적재  4 | 정지 0.12 교착최장   7 | no_progress
Ep 1060 |  1404스텝 | 배송 32/50 | 재적재  4 | 정지 0.09 교착최장   8 | no_progress
Ep 1061 |   784스텝 | 배송 28/50 | 재적재  3 | 정지 0.10 교착최장   9 | no_progress
Ep 1062 |  1467스텝 | 배송 33/50 | 재적재  4 | 정지 0.15 교착최장   7 | no_progress
Ep 1063 |   812스텝 | 배송 26/50 | 재적재  4 | 정지 0.06 교착최장   7 | no_progress
Ep 1064 |   921스텝 | 배송 27/50 | 재적재  4 | 정지 0.05 교착최장   4 | no_progress
Ep 1065 |   772스텝 | 배송 27/50 | 재적재  5 | 정지 0.11 교착최장   7 | no_progress
Ep 1066 |  1418스텝 | 배송 31/50 | 재적재  3 | 정지 0.11 교착최장   9 | no_progress
Ep 1067 |   847스텝 | 배송 25/50 | 재적재  2 | 정지 0.12 교착최장   6 | no_progress
Ep 1068 |  1681스텝 | 배송 40/50 | 재적재  6 | 정지 0.17 교착최장   9 | no_progress
Ep 1069 |  1209스텝 | 배송 30/50 | 재적재  4 | 정지 0.21 교착최장  12 | no_progress
Ep 1070 |  1447스텝 | 배송 30/50 | 재적재  3 | 정지 0.15 교착최장  11 | no_progress
Ep 1071 |  1071스텝 | 배송 30/50 | 재적재  3 | 정지 0.16 교착최장   9 | no_progress
Ep 1072 |   990스텝 | 배송 27/50 | 재적재  2 | 정지 0.14 교착최장  14 | no_progress
Ep 1073 |  1118스텝 | 배송 30/50 | 재적재  5 | 정지 0.12 교착최장  10 | no_progress
Ep 1074 |  1307스텝 | 배송 33/50 | 재적재  5 | 정지 0.10 교착최장  10 | no_progress
Ep 1075 |   985스텝 | 배송 31/50 | 재적재  3 | 정지 0.17 교착최장   6 | no_progress
Ep 1076 |  1205스텝 | 배송 31/50 | 재적재  4 | 정지 0.16 교착최장  18 | no_progress
Ep 1077 |  1077스텝 | 배송 27/50 | 재적재  3 | 정지 0.07 교착최장   3 | no_progress
Ep 1078 |  1391스텝 | 배송 36/50 | 재적재  6 | 정지 0.13 교착최장  13 | no_progress
Ep 1079 |  1139스텝 | 배송 32/50 | 재적재  4 | 정지 0.10 교착최장   5 | no_progress
Ep 1080 |  1190스텝 | 배송 30/50 | 재적재  5 | 정지 0.11 교착최장  10 | no_progress
Ep 1081 |  1015스텝 | 배송 29/50 | 재적재  5 | 정지 0.09 교착최장   5 | no_progress
Ep 1082 |  1015스텝 | 배송 27/50 | 재적재  2 | 정지 0.16 교착최장   5 | no_progress
Ep 1083 |  1580스텝 | 배송 34/50 | 재적재  4 | 정지 0.16 교착최장   9 | no_progress
Ep 1084 |  1526스텝 | 배송 30/50 | 재적재  5 | 정지 0.12 교착최장   7 | no_progress
Ep 1085 |  1516스텝 | 배송 37/50 | 재적재  6 | 정지 0.13 교착최장  14 | no_progress
Ep 1086 |   953스텝 | 배송 30/50 | 재적재  5 | 정지 0.14 교착최장   4 | no_progress
Ep 1087 |   892스텝 | 배송 31/50 | 재적재  3 | 정지 0.16 교착최장   9 | no_progress
Ep 1088 |  1073스텝 | 배송 34/50 | 재적재  5 | 정지 0.09 교착최장   7 | no_progress
Ep 1089 |  1571스텝 | 배송 33/50 | 재적재  4 | 정지 0.11 교착최장  10 | no_progress
Ep 1090 |  1218스텝 | 배송 29/50 | 재적재  4 | 정지 0.16 교착최장  10 | no_progress
Ep 1091 |   832스텝 | 배송 24/50 | 재적재  3 | 정지 0.06 교착최장   6 | no_progress
Ep 1092 |  1389스텝 | 배송 34/50 | 재적재  4 | 정지 0.16 교착최장   6 | no_progress
Ep 1093 |   913스텝 | 배송 27/50 | 재적재  3 | 정지 0.09 교착최장   3 | no_progress
Ep 1094 |   976스텝 | 배송 29/50 | 재적재  3 | 정지 0.14 교착최장  31 | no_progress
Ep 1095 |  1841스텝 | 배송 37/50 | 재적재  5 | 정지 0.12 교착최장   7 | no_progress
Ep 1096 |  1113스텝 | 배송 25/50 | 재적재  3 | 정지 0.08 교착최장   3 | no_progress
Ep 1097 |  1136스텝 | 배송 29/50 | 재적재  5 | 정지 0.12 교착최장   6 | no_progress
Ep 1098 |  1812스텝 | 배송 39/50 | 재적재  5 | 정지 0.18 교착최장  12 | no_progress
Ep 1099 |   782스텝 | 배송 21/50 | 재적재  2 | 정지 0.08 교착최장   7 | no_progress
Ep 1100 |   854스텝 | 배송 25/50 | 재적재  2 | 정지 0.16 교착최장   7 | no_progress
  [홀드아웃] 배송 20.9±5.2 재적재 2.0 2홉+ 0.55 | 최고 27.9@ep500 정체 12/15
Ep 1101 |  1380스텝 | 배송 34/50 | 재적재  5 | 정지 0.14 교착최장  12 | no_progress
Ep 1102 |  1338스텝 | 배송 35/50 | 재적재  6 | 정지 0.13 교착최장   5 | no_progress
Ep 1103 |  1264스텝 | 배송 34/50 | 재적재  5 | 정지 0.14 교착최장   6 | no_progress
Ep 1104 |   850스텝 | 배송 25/50 | 재적재  3 | 정지 0.08 교착최장  13 | no_progress
Ep 1105 |   856스텝 | 배송 24/50 | 재적재  3 | 정지 0.06 교착최장   3 | no_progress
Ep 1106 |  1194스텝 | 배송 28/50 | 재적재  4 | 정지 0.10 교착최장  10 | no_progress
Ep 1107 |  1628스텝 | 배송 32/50 | 재적재  3 | 정지 0.09 교착최장   7 | no_progress
Ep 1108 |   533스텝 | 배송 18/50 | 재적재  3 | 정지 0.06 교착최장   5 | no_progress
Ep 1109 |  1071스텝 | 배송 29/50 | 재적재  3 | 정지 0.18 교착최장   9 | no_progress
Ep 1110 |  1055스텝 | 배송 29/50 | 재적재  5 | 정지 0.13 교착최장  17 | no_progress
Ep 1111 |   967스텝 | 배송 31/50 | 재적재  3 | 정지 0.13 교착최장   5 | no_progress
Ep 1112 |  1063스텝 | 배송 30/50 | 재적재  5 | 정지 0.13 교착최장  10 | no_progress
Ep 1113 |  1665스텝 | 배송 32/50 | 재적재  4 | 정지 0.10 교착최장   7 | no_progress
Ep 1114 |  1229스텝 | 배송 34/50 | 재적재  6 | 정지 0.11 교착최장   6 | no_progress
Ep 1115 |   548스텝 | 배송 18/50 | 재적재  2 | 정지 0.06 교착최장   4 | no_progress
Ep 1116 |  1611스텝 | 배송 34/50 | 재적재  3 | 정지 0.15 교착최장  14 | no_progress
Ep 1117 |  1157스텝 | 배송 29/50 | 재적재  4 | 정지 0.08 교착최장   9 | no_progress
Ep 1118 |   790스텝 | 배송 22/50 | 재적재  2 | 정지 0.09 교착최장   7 | no_progress
Ep 1119 |   720스텝 | 배송 23/50 | 재적재  3 | 정지 0.09 교착최장   5 | no_progress
Ep 1120 |  1240스텝 | 배송 32/50 | 재적재  4 | 정지 0.12 교착최장   7 | no_progress
Ep 1121 |  1671스텝 | 배송 33/50 | 재적재  4 | 정지 0.15 교착최장   9 | no_progress
Ep 1122 |   845스텝 | 배송 27/50 | 재적재  3 | 정지 0.15 교착최장  13 | no_progress
Ep 1123 |  1022스텝 | 배송 29/50 | 재적재  4 | 정지 0.12 교착최장   6 | no_progress
Ep 1124 |   821스텝 | 배송 19/50 | 재적재  3 | 정지 0.07 교착최장   8 | no_progress
Ep 1125 |  1424스텝 | 배송 35/50 | 재적재  5 | 정지 0.12 교착최장  10 | no_progress
Ep 1126 |  1336스텝 | 배송 32/50 | 재적재  3 | 정지 0.17 교착최장   8 | no_progress
Ep 1127 |  1005스텝 | 배송 26/50 | 재적재  2 | 정지 0.11 교착최장   8 | no_progress
Ep 1128 |  1322스텝 | 배송 28/50 | 재적재  3 | 정지 0.12 교착최장   4 | no_progress
Ep 1129 |   614스텝 | 배송 23/50 | 재적재  2 | 정지 0.13 교착최장   7 | no_progress
Ep 1130 |   833스텝 | 배송 23/50 | 재적재  2 | 정지 0.06 교착최장   4 | no_progress
Ep 1131 |   972스텝 | 배송 25/50 | 재적재  4 | 정지 0.08 교착최장   3 | no_progress
Ep 1132 |  1256스텝 | 배송 31/50 | 재적재  5 | 정지 0.11 교착최장   8 | no_progress
Ep 1133 |  1241스텝 | 배송 33/50 | 재적재  4 | 정지 0.10 교착최장   9 | no_progress
Ep 1134 |   661스텝 | 배송 21/50 | 재적재  1 | 정지 0.09 교착최장   5 | no_progress
Ep 1135 |  1115스텝 | 배송 27/50 | 재적재  3 | 정지 0.09 교착최장   5 | no_progress
Ep 1136 |  1069스텝 | 배송 29/50 | 재적재  3 | 정지 0.09 교착최장   5 | no_progress
Ep 1137 |  1055스텝 | 배송 28/50 | 재적재  3 | 정지 0.08 교착최장   4 | no_progress
Ep 1138 |  2014스텝 | 배송 39/50 | 재적재  7 | 정지 0.13 교착최장  12 | no_progress
Ep 1139 |  1382스텝 | 배송 32/50 | 재적재  5 | 정지 0.10 교착최장  10 | no_progress
Ep 1140 |  1057스텝 | 배송 25/50 | 재적재  1 | 정지 0.15 교착최장   6 | no_progress
Ep 1141 |   637스텝 | 배송 20/50 | 재적재  3 | 정지 0.07 교착최장   4 | no_progress
Ep 1142 |  1011스텝 | 배송 30/50 | 재적재  4 | 정지 0.11 교착최장   7 | no_progress
Ep 1143 |  1147스텝 | 배송 28/50 | 재적재  3 | 정지 0.09 교착최장   6 | no_progress
Ep 1144 |   886스텝 | 배송 25/50 | 재적재  4 | 정지 0.07 교착최장   5 | no_progress
Ep 1145 |   814스텝 | 배송 22/50 | 재적재  1 | 정지 0.10 교착최장  10 | no_progress
Ep 1146 |  1440스텝 | 배송 33/50 | 재적재  4 | 정지 0.13 교착최장  10 | no_progress
Ep 1147 |  1103스텝 | 배송 30/50 | 재적재  6 | 정지 0.06 교착최장   5 | no_progress
Ep 1148 |   807스텝 | 배송 23/50 | 재적재  3 | 정지 0.10 교착최장   8 | no_progress
Ep 1149 |  1465스텝 | 배송 36/50 | 재적재  5 | 정지 0.14 교착최장  10 | no_progress
Ep 1150 |   872스텝 | 배송 24/50 | 재적재  2 | 정지 0.10 교착최장  10 | no_progress
  [홀드아웃] 배송 24.3±6.9 재적재 2.2 2홉+ 0.61 | 최고 27.9@ep500 정체 13/15
Ep 1151 |  1404스텝 | 배송 36/50 | 재적재  4 | 정지 0.10 교착최장   7 | no_progress
Ep 1152 |  1402스텝 | 배송 29/50 | 재적재  4 | 정지 0.14 교착최장   7 | no_progress
Ep 1153 |   520스텝 | 배송 19/50 | 재적재  1 | 정지 0.02 교착최장   6 | no_progress
Ep 1154 |  1907스텝 | 배송 41/50 | 재적재  6 | 정지 0.20 교착최장  18 | no_progress
Ep 1155 |  1722스텝 | 배송 39/50 | 재적재  7 | 정지 0.14 교착최장  11 | no_progress
Ep 1156 |   789스텝 | 배송 26/50 | 재적재  2 | 정지 0.07 교착최장   6 | no_progress
Ep 1157 |  1220스텝 | 배송 34/50 | 재적재  4 | 정지 0.16 교착최장   5 | no_progress
Ep 1158 |  1186스텝 | 배송 33/50 | 재적재  4 | 정지 0.19 교착최장   8 | no_progress
Ep 1159 |   763스텝 | 배송 25/50 | 재적재  4 | 정지 0.13 교착최장   7 | no_progress
Ep 1160 |  1077스텝 | 배송 22/50 | 재적재  1 | 정지 0.09 교착최장  16 | no_progress
Ep 1161 |  1046스텝 | 배송 26/50 | 재적재  2 | 정지 0.13 교착최장  18 | no_progress
Ep 1162 |   867스텝 | 배송 32/50 | 재적재  4 | 정지 0.10 교착최장   8 | no_progress
Ep 1163 |  1095스텝 | 배송 26/50 | 재적재  3 | 정지 0.16 교착최장   4 | no_progress
Ep 1164 |  1204스텝 | 배송 33/50 | 재적재  4 | 정지 0.11 교착최장  13 | no_progress
Ep 1165 |  1338스텝 | 배송 29/50 | 재적재  3 | 정지 0.11 교착최장   6 | no_progress
Ep 1166 |   949스텝 | 배송 28/50 | 재적재  3 | 정지 0.17 교착최장  21 | no_progress
Ep 1167 |   828스텝 | 배송 27/50 | 재적재  2 | 정지 0.15 교착최장  12 | no_progress
Ep 1168 |  1436스텝 | 배송 34/50 | 재적재  5 | 정지 0.18 교착최장  16 | no_progress
Ep 1169 |  1373스텝 | 배송 31/50 | 재적재  4 | 정지 0.10 교착최장   6 | no_progress
Ep 1170 |  1611스텝 | 배송 33/50 | 재적재  4 | 정지 0.16 교착최장  10 | no_progress
Ep 1171 |   893스텝 | 배송 25/50 | 재적재  2 | 정지 0.12 교착최장   7 | no_progress
Ep 1172 |  1667스텝 | 배송 41/50 | 재적재  5 | 정지 0.15 교착최장   9 | no_progress
Ep 1173 |  1019스텝 | 배송 29/50 | 재적재  3 | 정지 0.18 교착최장  22 | no_progress
Ep 1174 |  1420스텝 | 배송 34/50 | 재적재  5 | 정지 0.14 교착최장  10 | no_progress
Ep 1175 |   933스텝 | 배송 27/50 | 재적재  5 | 정지 0.08 교착최장   7 | no_progress
Ep 1176 |   882스텝 | 배송 28/50 | 재적재  5 | 정지 0.10 교착최장   7 | no_progress
Ep 1177 |  1346스텝 | 배송 34/50 | 재적재  4 | 정지 0.13 교착최장  19 | no_progress
Ep 1178 |  1505스텝 | 배송 34/50 | 재적재  5 | 정지 0.16 교착최장  16 | no_progress
Ep 1179 |  1170스텝 | 배송 34/50 | 재적재  5 | 정지 0.14 교착최장   5 | no_progress
Ep 1180 |  1366스텝 | 배송 32/50 | 재적재  5 | 정지 0.16 교착최장  10 | no_progress
Ep 1181 |  1053스텝 | 배송 33/50 | 재적재  6 | 정지 0.09 교착최장   5 | no_progress
Ep 1182 |   958스텝 | 배송 25/50 | 재적재  3 | 정지 0.11 교착최장   9 | no_progress
Ep 1183 |   586스텝 | 배송 18/50 | 재적재  2 | 정지 0.03 교착최장   7 | no_progress
Ep 1184 |  1440스텝 | 배송 28/50 | 재적재  3 | 정지 0.16 교착최장  12 | no_progress
Ep 1185 |  1609스텝 | 배송 36/50 | 재적재  5 | 정지 0.12 교착최장   6 | no_progress
Ep 1186 |   439스텝 | 배송 18/50 | 재적재  0 | 정지 0.02 교착최장   0 | no_progress
Ep 1187 |  1109스텝 | 배송 29/50 | 재적재  5 | 정지 0.11 교착최장   6 | no_progress
Ep 1188 |  1344스텝 | 배송 30/50 | 재적재  4 | 정지 0.16 교착최장  11 | no_progress
Ep 1189 |   946스텝 | 배송 28/50 | 재적재  4 | 정지 0.12 교착최장   9 | no_progress
Ep 1190 |   832스텝 | 배송 27/50 | 재적재  3 | 정지 0.07 교착최장   2 | no_progress
Ep 1191 |  1286스텝 | 배송 32/50 | 재적재  3 | 정지 0.13 교착최장   8 | no_progress
Ep 1192 |  1056스텝 | 배송 28/50 | 재적재  3 | 정지 0.09 교착최장   8 | no_progress
Ep 1193 |   819스텝 | 배송 25/50 | 재적재  4 | 정지 0.14 교착최장  16 | no_progress
Ep 1194 |   952스텝 | 배송 26/50 | 재적재  2 | 정지 0.11 교착최장   5 | no_progress
Ep 1195 |   784스텝 | 배송 22/50 | 재적재  2 | 정지 0.10 교착최장   3 | no_progress
Ep 1196 |   943스텝 | 배송 24/50 | 재적재  4 | 정지 0.03 교착최장   3 | no_progress
Ep 1197 |  1193스텝 | 배송 32/50 | 재적재  4 | 정지 0.13 교착최장   6 | no_progress
Ep 1198 |  2176스텝 | 배송 41/50 | 재적재  7 | 정지 0.17 교착최장  13 | no_progress
Ep 1199 |  1481스텝 | 배송 34/50 | 재적재  4 | 정지 0.12 교착최장  10 | no_progress
Ep 1200 |   839스텝 | 배송 27/50 | 재적재  4 | 정지 0.11 교착최장  13 | no_progress
  [홀드아웃] 배송 26.8±6.0 재적재 2.8 2홉+ 0.57 | 최고 27.9@ep500 정체 14/15
Ep 1201 |  1199스텝 | 배송 26/50 | 재적재  3 | 정지 0.07 교착최장  14 | no_progress
Ep 1202 |  1704스텝 | 배송 38/50 | 재적재  6 | 정지 0.14 교착최장   5 | no_progress
Ep 1203 |  1860스텝 | 배송 38/50 | 재적재  5 | 정지 0.13 교착최장  12 | no_progress
Ep 1204 |   861스텝 | 배송 22/50 | 재적재  2 | 정지 0.15 교착최장   9 | no_progress
Ep 1205 |  1730스텝 | 배송 37/50 | 재적재  5 | 정지 0.24 교착최장   8 | no_progress
Ep 1206 |  1458스텝 | 배송 34/50 | 재적재  6 | 정지 0.13 교착최장   7 | no_progress
Ep 1207 |   429스텝 | 배송 18/50 | 재적재  0 | 정지 0.07 교착최장   8 | no_progress
Ep 1208 |  1215스텝 | 배송 34/50 | 재적재  4 | 정지 0.09 교착최장   4 | no_progress
Ep 1209 |  1957스텝 | 배송 33/50 | 재적재  5 | 정지 0.17 교착최장  24 | no_progress
Ep 1210 |   787스텝 | 배송 28/50 | 재적재  3 | 정지 0.11 교착최장   7 | no_progress
Ep 1211 |  1536스텝 | 배송 36/50 | 재적재  5 | 정지 0.11 교착최장   9 | no_progress
Ep 1212 |  1119스텝 | 배송 31/50 | 재적재  4 | 정지 0.11 교착최장  10 | no_progress
Ep 1213 |  1198스텝 | 배송 33/50 | 재적재  4 | 정지 0.12 교착최장   6 | no_progress
Ep 1214 |  1384스텝 | 배송 37/50 | 재적재  7 | 정지 0.08 교착최장   9 | no_progress
Ep 1215 |   718스텝 | 배송 20/50 | 재적재  3 | 정지 0.06 교착최장   2 | no_progress
Ep 1216 |  1016스텝 | 배송 26/50 | 재적재  2 | 정지 0.08 교착최장   3 | no_progress
Ep 1217 |  1174스텝 | 배송 34/50 | 재적재  5 | 정지 0.10 교착최장   3 | no_progress
Ep 1218 |   993스텝 | 배송 26/50 | 재적재  2 | 정지 0.12 교착최장   6 | no_progress
Ep 1219 |   788스텝 | 배송 20/50 | 재적재  2 | 정지 0.10 교착최장   4 | no_progress
Ep 1220 |  1062스텝 | 배송 30/50 | 재적재  5 | 정지 0.06 교착최장   5 | no_progress
Ep 1221 |   984스텝 | 배송 27/50 | 재적재  4 | 정지 0.12 교착최장   5 | no_progress
Ep 1222 |  1515스텝 | 배송 36/50 | 재적재  5 | 정지 0.14 교착최장   7 | no_progress
Ep 1223 |  1997스텝 | 배송 40/50 | 재적재  8 | 정지 0.13 교착최장   7 | no_progress
Ep 1224 |  1877스텝 | 배송 37/50 | 재적재  6 | 정지 0.09 교착최장   9 | no_progress
Ep 1225 |  1179스텝 | 배송 31/50 | 재적재  4 | 정지 0.10 교착최장  13 | no_progress
Ep 1226 |  1394스텝 | 배송 33/50 | 재적재  6 | 정지 0.13 교착최장   7 | no_progress
Ep 1227 |   515스텝 | 배송 18/50 | 재적재  0 | 정지 0.23 교착최장  16 | no_progress
Ep 1228 |   890스텝 | 배송 27/50 | 재적재  4 | 정지 0.12 교착최장   6 | no_progress
Ep 1229 |   842스텝 | 배송 23/50 | 재적재  3 | 정지 0.12 교착최장   8 | no_progress
Ep 1230 |  1993스텝 | 배송 36/50 | 재적재  6 | 정지 0.12 교착최장   6 | no_progress
Ep 1231 |  1303스텝 | 배송 34/50 | 재적재  5 | 정지 0.13 교착최장  10 | no_progress
Ep 1232 |  1220스텝 | 배송 29/50 | 재적재  5 | 정지 0.10 교착최장   7 | no_progress
Ep 1233 |   732스텝 | 배송 19/50 | 재적재  3 | 정지 0.04 교착최장   1 | no_progress
Ep 1234 |  1069스텝 | 배송 27/50 | 재적재  4 | 정지 0.15 교착최장   8 | no_progress
Ep 1235 |   907스텝 | 배송 26/50 | 재적재  2 | 정지 0.05 교착최장   6 | no_progress
Ep 1236 |   752스텝 | 배송 23/50 | 재적재  2 | 정지 0.11 교착최장   6 | no_progress
Ep 1237 |   528스텝 | 배송 19/50 | 재적재  3 | 정지 0.04 교착최장   6 | no_progress
Ep 1238 |  1370스텝 | 배송 33/50 | 재적재  4 | 정지 0.14 교착최장  11 | no_progress
Ep 1239 |  1313스텝 | 배송 33/50 | 재적재  4 | 정지 0.16 교착최장   9 | no_progress
Ep 1240 |   882스텝 | 배송 21/50 | 재적재  3 | 정지 0.15 교착최장  15 | no_progress
Ep 1241 |  1322스텝 | 배송 33/50 | 재적재  4 | 정지 0.22 교착최장  11 | no_progress
Ep 1242 |  1797스텝 | 배송 34/50 | 재적재  5 | 정지 0.17 교착최장  12 | no_progress
Ep 1243 |   683스텝 | 배송 20/50 | 재적재  2 | 정지 0.09 교착최장   7 | no_progress
Ep 1244 |  1043스텝 | 배송 29/50 | 재적재  5 | 정지 0.12 교착최장   6 | no_progress
Ep 1245 |  1116스텝 | 배송 33/50 | 재적재  3 | 정지 0.13 교착최장   8 | no_progress
Ep 1246 |  1098스텝 | 배송 30/50 | 재적재  5 | 정지 0.10 교착최장   7 | no_progress
Ep 1247 |  1081스텝 | 배송 28/50 | 재적재  3 | 정지 0.15 교착최장   8 | no_progress
Ep 1248 |  1050스텝 | 배송 25/50 | 재적재  3 | 정지 0.06 교착최장   4 | no_progress
Ep 1249 |  1279스텝 | 배송 31/50 | 재적재  5 | 정지 0.11 교착최장   5 | no_progress
Ep 1250 |  1882스텝 | 배송 37/50 | 재적재  5 | 정지 0.13 교착최장  25 | no_progress
  [홀드아웃] 배송 21.6±5.8 재적재 2.1 2홉+ 0.59 | 최고 27.9@ep500 정체 15/15

조기 종료. 최고 27.9@ep500
Training finished. best=27.9 @ ep500
