/home/kopt/enter/envs/wsl_neuroMCTS/lib/python3.10/site-packages/pygame/pkgdata.py:25: UserWarning: pkg_resources is deprecated as an API. See https://setuptools.pypa.io/en/latest/pkg_resources.html. The pkg_resources package is slated for removal as early as 2025-11-30. Refrain from using this package or pin to Setuptools<81.
  from pkg_resources import resource_stream, resource_exists
pygame 2.6.1 (SDL 2.28.4, Python 3.10.19)
Hello from the pygame community. https://www.pygame.org/contribute.html
집합 상위 학습 | 반경 300 상한 1000 무배송 500 gamma 0.997 구성=고정 드론 4 목적지 50 인스턴스=무작위 목표유지=150
/home/kopt/drone/proposed_src/pipeline/train_v5_26_09_15_23.py:277: UserWarning: Converting a tensor with requires_grad=True to a scalar may lead to unexpected behavior.
Consider using tensor.detach() first. (Triggered internally at /pytorch/torch/csrc/autograd/generated/python_variable_methods.cpp:836.)
  writer.add_scalar("train/alpha", float(log_alpha.exp()), ep)
Ep 1 | 드론4 목적지50 | 1000스텝 | 배송 27/50 | 재적재  2 | 중계율 0.08 | step_limit
Ep 2 | 드론4 목적지50 | 1000스텝 | 배송 20/50 | 재적재  1 | 중계율 0.11 | step_limit
Ep 3 | 드론4 목적지50 | 1000스텝 | 배송 21/50 | 재적재  2 | 중계율 0.05 | step_limit
Ep 4 | 드론4 목적지50 | 1000스텝 | 배송 19/50 | 재적재  2 | 중계율 0.14 | step_limit
Ep 5 | 드론4 목적지50 | 1000스텝 | 배송 15/50 | 재적재  0 | 중계율 0.06 | step_limit
Ep 6 | 드론4 목적지50 | 1000스텝 | 배송 39/50 | 재적재  7 | 중계율 0.05 | step_limit
Ep 7 | 드론4 목적지50 | 1000스텝 | 배송 29/50 | 재적재  4 | 중계율 0.13 | step_limit
Ep 8 | 드론4 목적지50 | 1000스텝 | 배송 46/50 | 재적재  7 | 중계율 0.19 | step_limit
Ep 9 | 드론4 목적지50 |  750스텝 | 배송 50/50 | 재적재  8 | 중계율 0.22 | complete
Ep 10 | 드론4 목적지50 | 1000스텝 | 배송 36/50 | 재적재  5 | 중계율 0.12 | step_limit
Ep 11 | 드론4 목적지50 |  960스텝 | 배송 50/50 | 재적재  8 | 중계율 0.25 | complete
Ep 12 | 드론4 목적지50 | 1000스텝 | 배송 36/50 | 재적재  5 | 중계율 0.24 | step_limit
Ep 13 | 드론4 목적지50 | 1000스텝 | 배송 49/50 | 재적재  8 | 중계율 0.23 | step_limit
Ep 14 | 드론4 목적지50 | 1000스텝 | 배송 41/50 | 재적재  6 | 중계율 0.28 | step_limit
Ep 15 | 드론4 목적지50 | 1000스텝 | 배송 46/50 | 재적재  7 | 중계율 0.17 | step_limit
Ep 16 | 드론4 목적지50 | 1000스텝 | 배송 43/50 | 재적재  6 | 중계율 0.19 | step_limit
Ep 17 | 드론4 목적지50 | 1000스텝 | 배송 43/50 | 재적재  7 | 중계율 0.23 | step_limit
Ep 18 | 드론4 목적지50 | 1000스텝 | 배송 34/50 | 재적재  4 | 중계율 0.21 | step_limit
Ep 19 | 드론4 목적지50 |  836스텝 | 배송 33/50 | 재적재  5 | 중계율 0.12 | no_progress
Ep 20 | 드론4 목적지50 | 1000스텝 | 배송 34/50 | 재적재  5 | 중계율 0.17 | step_limit
Ep 21 | 드론4 목적지50 |  637스텝 | 배송 18/50 | 재적재  0 | 중계율 0.33 | no_progress
Ep 22 | 드론4 목적지50 | 1000스텝 | 배송 49/50 | 재적재  7 | 중계율 0.20 | step_limit
Ep 23 | 드론4 목적지50 | 1000스텝 | 배송 37/50 | 재적재  5 | 중계율 0.21 | step_limit
Ep 24 | 드론4 목적지50 |  966스텝 | 배송 50/50 | 재적재  7 | 중계율 0.18 | complete
Ep 25 | 드론4 목적지50 |  630스텝 | 배송 14/50 | 재적재  0 | 중계율 0.10 | no_progress
Ep 26 | 드론4 목적지50 |  584스텝 | 배송 16/50 | 재적재  0 | 중계율 0.16 | no_progress
Ep 27 | 드론4 목적지50 | 1000스텝 | 배송 41/50 | 재적재  6 | 중계율 0.22 | step_limit
Ep 28 | 드론4 목적지50 |  583스텝 | 배송 14/50 | 재적재  0 | 중계율 0.00 | no_progress
Ep 29 | 드론4 목적지50 |  829스텝 | 배송 39/50 | 재적재  6 | 중계율 0.14 | no_progress
Ep 30 | 드론4 목적지50 | 1000스텝 | 배송 45/50 | 재적재  6 | 중계율 0.16 | step_limit
Ep 31 | 드론4 목적지50 | 1000스텝 | 배송 40/50 | 재적재  6 | 중계율 0.21 | step_limit
Ep 32 | 드론4 목적지50 | 1000스텝 | 배송 43/50 | 재적재  7 | 중계율 0.21 | step_limit
Ep 33 | 드론4 목적지50 | 1000스텝 | 배송 48/50 | 재적재  7 | 중계율 0.20 | step_limit
Ep 34 | 드론4 목적지50 | 1000스텝 | 배송 38/50 | 재적재  5 | 중계율 0.13 | step_limit
Ep 35 | 드론4 목적지50 |  707스텝 | 배송 50/50 | 재적재  8 | 중계율 0.27 | complete
Ep 36 | 드론4 목적지50 | 1000스텝 | 배송 46/50 | 재적재  7 | 중계율 0.21 | step_limit
Ep 37 | 드론4 목적지50 | 1000스텝 | 배송 42/50 | 재적재  8 | 중계율 0.14 | step_limit
Ep 38 | 드론4 목적지50 | 1000스텝 | 배송 22/50 | 재적재  2 | 중계율 0.07 | step_limit
Ep 39 | 드론4 목적지50 |  988스텝 | 배송 36/50 | 재적재  6 | 중계율 0.20 | no_progress
Ep 40 | 드론4 목적지50 | 1000스텝 | 배송 48/50 | 재적재  8 | 중계율 0.23 | step_limit
Ep 41 | 드론4 목적지50 | 1000스텝 | 배송 40/50 | 재적재  7 | 중계율 0.27 | step_limit
Ep 42 | 드론4 목적지50 | 1000스텝 | 배송 49/50 | 재적재  8 | 중계율 0.21 | step_limit
Ep 43 | 드론4 목적지50 | 1000스텝 | 배송 44/50 | 재적재  8 | 중계율 0.24 | step_limit
Ep 44 | 드론4 목적지50 | 1000스텝 | 배송 25/50 | 재적재  3 | 중계율 0.21 | step_limit
Ep 45 | 드론4 목적지50 | 1000스텝 | 배송 42/50 | 재적재  8 | 중계율 0.26 | step_limit
Ep 46 | 드론4 목적지50 | 1000스텝 | 배송 37/50 | 재적재  5 | 중계율 0.19 | step_limit
Ep 47 | 드론4 목적지50 | 1000스텝 | 배송 30/50 | 재적재  4 | 중계율 0.19 | step_limit
Ep 48 | 드론4 목적지50 | 1000스텝 | 배송 37/50 | 재적재  5 | 중계율 0.16 | step_limit
Ep 49 | 드론4 목적지50 | 1000스텝 | 배송 46/50 | 재적재  6 | 중계율 0.11 | step_limit
Ep 50 | 드론4 목적지50 |  878스텝 | 배송 33/50 | 재적재  4 | 중계율 0.14 | no_progress
  [홀드아웃] 배송 37.8±10.6 완주 0.08 재적재 5.6 2홉+ 0.55 | 최고 37.8@ep50 정체 0/15  ← 갱신
Ep 51 | 드론4 목적지50 |  959스텝 | 배송 50/50 | 재적재  8 | 중계율 0.17 | complete
Ep 52 | 드론4 목적지50 |  930스텝 | 배송 50/50 | 재적재  9 | 중계율 0.16 | complete
Ep 53 | 드론4 목적지50 | 1000스텝 | 배송 30/50 | 재적재  4 | 중계율 0.15 | step_limit
Ep 54 | 드론4 목적지50 | 1000스텝 | 배송 36/50 | 재적재  5 | 중계율 0.09 | step_limit
Ep 55 | 드론4 목적지50 | 1000스텝 | 배송 36/50 | 재적재  5 | 중계율 0.08 | step_limit
Ep 56 | 드론4 목적지50 | 1000스텝 | 배송 47/50 | 재적재  7 | 중계율 0.16 | step_limit
Ep 57 | 드론4 목적지50 | 1000스텝 | 배송 40/50 | 재적재  6 | 중계율 0.10 | step_limit
Ep 58 | 드론4 목적지50 | 1000스텝 | 배송 43/50 | 재적재  7 | 중계율 0.16 | step_limit
Ep 59 | 드론4 목적지50 | 1000스텝 | 배송 42/50 | 재적재  6 | 중계율 0.18 | step_limit
Ep 60 | 드론4 목적지50 | 1000스텝 | 배송 48/50 | 재적재  7 | 중계율 0.22 | step_limit
Ep 61 | 드론4 목적지50 | 1000스텝 | 배송 40/50 | 재적재  5 | 중계율 0.11 | step_limit
Ep 62 | 드론4 목적지50 | 1000스텝 | 배송 38/50 | 재적재  5 | 중계율 0.15 | step_limit
Ep 63 | 드론4 목적지50 | 1000스텝 | 배송 36/50 | 재적재  4 | 중계율 0.10 | step_limit
Ep 64 | 드론4 목적지50 | 1000스텝 | 배송 49/50 | 재적재  8 | 중계율 0.23 | step_limit
Ep 65 | 드론4 목적지50 | 1000스텝 | 배송 31/50 | 재적재  4 | 중계율 0.10 | step_limit
Ep 66 | 드론4 목적지50 | 1000스텝 | 배송 35/50 | 재적재  5 | 중계율 0.16 | step_limit
Ep 67 | 드론4 목적지50 | 1000스텝 | 배송 48/50 | 재적재  8 | 중계율 0.16 | step_limit
Ep 68 | 드론4 목적지50 | 1000스텝 | 배송 31/50 | 재적재  6 | 중계율 0.10 | step_limit
Ep 69 | 드론4 목적지50 | 1000스텝 | 배송 31/50 | 재적재  3 | 중계율 0.18 | step_limit
Ep 70 | 드론4 목적지50 | 1000스텝 | 배송 42/50 | 재적재  7 | 중계율 0.19 | step_limit
Ep 71 | 드론4 목적지50 | 1000스텝 | 배송 27/50 | 재적재  4 | 중계율 0.18 | step_limit
Ep 72 | 드론4 목적지50 | 1000스텝 | 배송 25/50 | 재적재  3 | 중계율 0.15 | step_limit
Ep 73 | 드론4 목적지50 | 1000스텝 | 배송 30/50 | 재적재  5 | 중계율 0.12 | step_limit
Ep 74 | 드론4 목적지50 | 1000스텝 | 배송 40/50 | 재적재  7 | 중계율 0.14 | step_limit
Ep 75 | 드론4 목적지50 | 1000스텝 | 배송 42/50 | 재적재  6 | 중계율 0.14 | step_limit
Ep 76 | 드론4 목적지50 | 1000스텝 | 배송 36/50 | 재적재  6 | 중계율 0.20 | step_limit
Ep 77 | 드론4 목적지50 | 1000스텝 | 배송 37/50 | 재적재  6 | 중계율 0.19 | step_limit
Ep 78 | 드론4 목적지50 | 1000스텝 | 배송 29/50 | 재적재  4 | 중계율 0.15 | step_limit
Ep 79 | 드론4 목적지50 | 1000스텝 | 배송 39/50 | 재적재  6 | 중계율 0.11 | step_limit
Ep 80 | 드론4 목적지50 | 1000스텝 | 배송 37/50 | 재적재  5 | 중계율 0.12 | step_limit
Ep 81 | 드론4 목적지50 | 1000스텝 | 배송 34/50 | 재적재  4 | 중계율 0.18 | step_limit
Ep 82 | 드론4 목적지50 | 1000스텝 | 배송 39/50 | 재적재  6 | 중계율 0.14 | step_limit
Ep 83 | 드론4 목적지50 | 1000스텝 | 배송 37/50 | 재적재  7 | 중계율 0.12 | step_limit
Ep 84 | 드론4 목적지50 | 1000스텝 | 배송 29/50 | 재적재  4 | 중계율 0.12 | step_limit
Ep 85 | 드론4 목적지50 | 1000스텝 | 배송 35/50 | 재적재  5 | 중계율 0.15 | step_limit
Ep 86 | 드론4 목적지50 | 1000스텝 | 배송 34/50 | 재적재  5 | 중계율 0.14 | step_limit
Ep 87 | 드론4 목적지50 | 1000스텝 | 배송 16/50 | 재적재  1 | 중계율 0.11 | step_limit
Ep 88 | 드론4 목적지50 | 1000스텝 | 배송 29/50 | 재적재  4 | 중계율 0.16 | step_limit
Ep 89 | 드론4 목적지50 | 1000스텝 | 배송 39/50 | 재적재  7 | 중계율 0.08 | step_limit
Ep 90 | 드론4 목적지50 | 1000스텝 | 배송 21/50 | 재적재  1 | 중계율 0.12 | step_limit
Ep 91 | 드론4 목적지50 | 1000스텝 | 배송 29/50 | 재적재  4 | 중계율 0.09 | step_limit
Ep 92 | 드론4 목적지50 | 1000스텝 | 배송 36/50 | 재적재  6 | 중계율 0.10 | step_limit
Ep 93 | 드론4 목적지50 | 1000스텝 | 배송 33/50 | 재적재  5 | 중계율 0.15 | step_limit
Ep 94 | 드론4 목적지50 | 1000스텝 | 배송 23/50 | 재적재  3 | 중계율 0.14 | step_limit
Ep 95 | 드론4 목적지50 | 1000스텝 | 배송 32/50 | 재적재  4 | 중계율 0.15 | step_limit
Ep 96 | 드론4 목적지50 | 1000스텝 | 배송 24/50 | 재적재  4 | 중계율 0.12 | step_limit
Ep 97 | 드론4 목적지50 | 1000스텝 | 배송 29/50 | 재적재  4 | 중계율 0.15 | step_limit
Ep 98 | 드론4 목적지50 | 1000스텝 | 배송 27/50 | 재적재  4 | 중계율 0.12 | step_limit
Ep 99 | 드론4 목적지50 | 1000스텝 | 배송 47/50 | 재적재  7 | 중계율 0.15 | step_limit
Ep 100 | 드론4 목적지50 | 1000스텝 | 배송 29/50 | 재적재  4 | 중계율 0.11 | step_limit
  [홀드아웃] 배송 30.1±8.7 완주 0.00 재적재 3.9 2홉+ 0.64 | 최고 37.8@ep50 정체 1/15
Ep 101 | 드론4 목적지50 | 1000스텝 | 배송 20/50 | 재적재  2 | 중계율 0.10 | step_limit
Ep 102 | 드론4 목적지50 | 1000스텝 | 배송 36/50 | 재적재  6 | 중계율 0.09 | step_limit
Ep 103 | 드론4 목적지50 | 1000스텝 | 배송 30/50 | 재적재  5 | 중계율 0.13 | step_limit
Ep 104 | 드론4 목적지50 | 1000스텝 | 배송 38/50 | 재적재  5 | 중계율 0.16 | step_limit
Ep 105 | 드론4 목적지50 |  982스텝 | 배송 22/50 | 재적재  2 | 중계율 0.19 | no_progress
Ep 106 | 드론4 목적지50 | 1000스텝 | 배송 41/50 | 재적재  7 | 중계율 0.12 | step_limit
Ep 107 | 드론4 목적지50 | 1000스텝 | 배송 34/50 | 재적재  5 | 중계율 0.14 | step_limit
Ep 108 | 드론4 목적지50 | 1000스텝 | 배송 25/50 | 재적재  2 | 중계율 0.12 | step_limit
Ep 109 | 드론4 목적지50 | 1000스텝 | 배송 37/50 | 재적재  6 | 중계율 0.16 | step_limit
Ep 110 | 드론4 목적지50 | 1000스텝 | 배송 29/50 | 재적재  3 | 중계율 0.10 | step_limit
Ep 111 | 드론4 목적지50 | 1000스텝 | 배송 36/50 | 재적재  5 | 중계율 0.15 | step_limit
Ep 112 | 드론4 목적지50 | 1000스텝 | 배송 34/50 | 재적재  6 | 중계율 0.18 | step_limit
Ep 113 | 드론4 목적지50 | 1000스텝 | 배송 27/50 | 재적재  3 | 중계율 0.20 | step_limit
Ep 114 | 드론4 목적지50 | 1000스텝 | 배송 25/50 | 재적재  3 | 중계율 0.16 | step_limit
Ep 115 | 드론4 목적지50 | 1000스텝 | 배송 30/50 | 재적재  4 | 중계율 0.16 | step_limit
Ep 116 | 드론4 목적지50 | 1000스텝 | 배송 22/50 | 재적재  3 | 중계율 0.15 | step_limit
Ep 117 | 드론4 목적지50 | 1000스텝 | 배송 29/50 | 재적재  4 | 중계율 0.10 | step_limit
Ep 118 | 드론4 목적지50 | 1000스텝 | 배송 32/50 | 재적재  4 | 중계율 0.13 | step_limit
Ep 119 | 드론4 목적지50 | 1000스텝 | 배송 29/50 | 재적재  4 | 중계율 0.16 | step_limit
Ep 120 | 드론4 목적지50 | 1000스텝 | 배송 36/50 | 재적재  5 | 중계율 0.14 | step_limit
Ep 121 | 드론4 목적지50 | 1000스텝 | 배송 26/50 | 재적재  3 | 중계율 0.14 | step_limit
Ep 122 | 드론4 목적지50 | 1000스텝 | 배송 34/50 | 재적재  5 | 중계율 0.08 | step_limit
Ep 123 | 드론4 목적지50 | 1000스텝 | 배송 35/50 | 재적재  4 | 중계율 0.13 | step_limit
Ep 124 | 드론4 목적지50 | 1000스텝 | 배송 27/50 | 재적재  3 | 중계율 0.10 | step_limit
Ep 125 | 드론4 목적지50 | 1000스텝 | 배송 24/50 | 재적재  3 | 중계율 0.09 | step_limit
Ep 126 | 드론4 목적지50 | 1000스텝 | 배송 30/50 | 재적재  5 | 중계율 0.15 | step_limit
Ep 127 | 드론4 목적지50 | 1000스텝 | 배송 35/50 | 재적재  5 | 중계율 0.14 | step_limit
Ep 128 | 드론4 목적지50 | 1000스텝 | 배송 33/50 | 재적재  4 | 중계율 0.13 | step_limit
Ep 129 | 드론4 목적지50 | 1000스텝 | 배송 22/50 | 재적재  2 | 중계율 0.16 | step_limit
Ep 130 | 드론4 목적지50 | 1000스텝 | 배송 20/50 | 재적재  1 | 중계율 0.11 | step_limit
Ep 131 | 드론4 목적지50 | 1000스텝 | 배송 22/50 | 재적재  3 | 중계율 0.17 | step_limit
Ep 132 | 드론4 목적지50 | 1000스텝 | 배송 35/50 | 재적재  4 | 중계율 0.16 | step_limit
Ep 133 | 드론4 목적지50 | 1000스텝 | 배송 27/50 | 재적재  4 | 중계율 0.12 | step_limit
Ep 134 | 드론4 목적지50 | 1000스텝 | 배송 31/50 | 재적재  3 | 중계율 0.12 | step_limit
Ep 135 | 드론4 목적지50 | 1000스텝 | 배송 27/50 | 재적재  4 | 중계율 0.13 | step_limit
Ep 136 | 드론4 목적지50 | 1000스텝 | 배송 27/50 | 재적재  3 | 중계율 0.11 | step_limit
Ep 137 | 드론4 목적지50 | 1000스텝 | 배송 28/50 | 재적재  3 | 중계율 0.14 | step_limit
Ep 138 | 드론4 목적지50 | 1000스텝 | 배송 28/50 | 재적재  4 | 중계율 0.11 | step_limit
Ep 139 | 드론4 목적지50 | 1000스텝 | 배송 22/50 | 재적재  3 | 중계율 0.06 | step_limit
Ep 140 | 드론4 목적지50 | 1000스텝 | 배송 29/50 | 재적재  4 | 중계율 0.14 | step_limit
Ep 141 | 드론4 목적지50 | 1000스텝 | 배송 37/50 | 재적재  5 | 중계율 0.16 | step_limit
Ep 142 | 드론4 목적지50 | 1000스텝 | 배송 38/50 | 재적재  5 | 중계율 0.10 | step_limit
Ep 143 | 드론4 목적지50 | 1000스텝 | 배송 17/50 | 재적재  2 | 중계율 0.11 | step_limit
Ep 144 | 드론4 목적지50 |  606스텝 | 배송 11/50 | 재적재  0 | 중계율 0.16 | no_progress
Ep 145 | 드론4 목적지50 | 1000스텝 | 배송 38/50 | 재적재  6 | 중계율 0.09 | step_limit
Ep 146 | 드론4 목적지50 | 1000스텝 | 배송 22/50 | 재적재  2 | 중계율 0.14 | step_limit
Ep 147 | 드론4 목적지50 | 1000스텝 | 배송 35/50 | 재적재  5 | 중계율 0.16 | step_limit
Ep 148 | 드론4 목적지50 | 1000스텝 | 배송 30/50 | 재적재  3 | 중계율 0.16 | step_limit
Ep 149 | 드론4 목적지50 | 1000스텝 | 배송 30/50 | 재적재  4 | 중계율 0.14 | step_limit
Ep 150 | 드론4 목적지50 | 1000스텝 | 배송 25/50 | 재적재  4 | 중계율 0.15 | step_limit
  [홀드아웃] 배송 28.0±11.4 완주 0.00 재적재 3.7 2홉+ 0.65 | 최고 37.8@ep50 정체 2/15
Ep 151 | 드론4 목적지50 | 1000스텝 | 배송 38/50 | 재적재  4 | 중계율 0.14 | step_limit
Ep 152 | 드론4 목적지50 | 1000스텝 | 배송 23/50 | 재적재  3 | 중계율 0.15 | step_limit
Ep 153 | 드론4 목적지50 | 1000스텝 | 배송 25/50 | 재적재  4 | 중계율 0.10 | step_limit
Ep 154 | 드론4 목적지50 | 1000스텝 | 배송 35/50 | 재적재  5 | 중계율 0.14 | step_limit
Ep 155 | 드론4 목적지50 | 1000스텝 | 배송 35/50 | 재적재  6 | 중계율 0.16 | step_limit
Ep 156 | 드론4 목적지50 | 1000스텝 | 배송 29/50 | 재적재  4 | 중계율 0.12 | step_limit
Ep 157 | 드론4 목적지50 | 1000스텝 | 배송 31/50 | 재적재  4 | 중계율 0.12 | step_limit
Ep 158 | 드론4 목적지50 | 1000스텝 | 배송 28/50 | 재적재  4 | 중계율 0.13 | step_limit
Ep 159 | 드론4 목적지50 | 1000스텝 | 배송 28/50 | 재적재  4 | 중계율 0.13 | step_limit
Ep 160 | 드론4 목적지50 | 1000스텝 | 배송 35/50 | 재적재  6 | 중계율 0.07 | step_limit
Ep 161 | 드론4 목적지50 | 1000스텝 | 배송 23/50 | 재적재  2 | 중계율 0.10 | step_limit
Ep 162 | 드론4 목적지50 | 1000스텝 | 배송 30/50 | 재적재  4 | 중계율 0.12 | step_limit
Ep 163 | 드론4 목적지50 | 1000스텝 | 배송 39/50 | 재적재  6 | 중계율 0.09 | step_limit
Ep 164 | 드론4 목적지50 | 1000스텝 | 배송 26/50 | 재적재  3 | 중계율 0.11 | step_limit
Ep 165 | 드론4 목적지50 | 1000스텝 | 배송 24/50 | 재적재  3 | 중계율 0.07 | step_limit
Ep 166 | 드론4 목적지50 | 1000스텝 | 배송 24/50 | 재적재  3 | 중계율 0.06 | step_limit
Ep 167 | 드론4 목적지50 | 1000스텝 | 배송 30/50 | 재적재  4 | 중계율 0.10 | step_limit
Ep 168 | 드론4 목적지50 | 1000스텝 | 배송 23/50 | 재적재  2 | 중계율 0.09 | step_limit
Ep 169 | 드론4 목적지50 | 1000스텝 | 배송 23/50 | 재적재  2 | 중계율 0.18 | step_limit
Ep 170 | 드론4 목적지50 | 1000스텝 | 배송 43/50 | 재적재  7 | 중계율 0.11 | step_limit
Ep 171 | 드론4 목적지50 | 1000스텝 | 배송 29/50 | 재적재  4 | 중계율 0.11 | step_limit
Ep 172 | 드론4 목적지50 | 1000스텝 | 배송 25/50 | 재적재  3 | 중계율 0.10 | step_limit
Ep 173 | 드론4 목적지50 | 1000스텝 | 배송 16/50 | 재적재  1 | 중계율 0.11 | step_limit
Ep 174 | 드론4 목적지50 | 1000스텝 | 배송 30/50 | 재적재  3 | 중계율 0.15 | step_limit
Ep 175 | 드론4 목적지50 | 1000스텝 | 배송 28/50 | 재적재  3 | 중계율 0.13 | step_limit
Ep 176 | 드론4 목적지50 | 1000스텝 | 배송 30/50 | 재적재  3 | 중계율 0.08 | step_limit
Ep 177 | 드론4 목적지50 | 1000스텝 | 배송 28/50 | 재적재  4 | 중계율 0.17 | step_limit
Ep 178 | 드론4 목적지50 | 1000스텝 | 배송 41/50 | 재적재  6 | 중계율 0.12 | step_limit
Ep 179 | 드론4 목적지50 | 1000스텝 | 배송 25/50 | 재적재  3 | 중계율 0.11 | step_limit
Ep 180 | 드론4 목적지50 | 1000스텝 | 배송 26/50 | 재적재  3 | 중계율 0.18 | step_limit
Ep 181 | 드론4 목적지50 | 1000스텝 | 배송 22/50 | 재적재  2 | 중계율 0.14 | step_limit
Ep 182 | 드론4 목적지50 | 1000스텝 | 배송 28/50 | 재적재  3 | 중계율 0.11 | step_limit
Ep 183 | 드론4 목적지50 | 1000스텝 | 배송 25/50 | 재적재  3 | 중계율 0.14 | step_limit
Ep 184 | 드론4 목적지50 | 1000스텝 | 배송 49/50 | 재적재  8 | 중계율 0.14 | step_limit
Ep 185 | 드론4 목적지50 | 1000스텝 | 배송 18/50 | 재적재  2 | 중계율 0.18 | step_limit
Ep 186 | 드론4 목적지50 | 1000스텝 | 배송 28/50 | 재적재  4 | 중계율 0.09 | step_limit
Ep 187 | 드론4 목적지50 | 1000스텝 | 배송 38/50 | 재적재  6 | 중계율 0.15 | step_limit
Ep 188 | 드론4 목적지50 | 1000스텝 | 배송 32/50 | 재적재  4 | 중계율 0.12 | step_limit
Ep 189 | 드론4 목적지50 | 1000스텝 | 배송 31/50 | 재적재  3 | 중계율 0.14 | step_limit
Ep 190 | 드론4 목적지50 | 1000스텝 | 배송 26/50 | 재적재  3 | 중계율 0.09 | step_limit
Ep 191 | 드론4 목적지50 | 1000스텝 | 배송 24/50 | 재적재  2 | 중계율 0.16 | step_limit
Ep 192 | 드론4 목적지50 | 1000스텝 | 배송 28/50 | 재적재  4 | 중계율 0.06 | step_limit
Ep 193 | 드론4 목적지50 |  991스텝 | 배송 20/50 | 재적재  2 | 중계율 0.20 | no_progress
Ep 194 | 드론4 목적지50 | 1000스텝 | 배송 24/50 | 재적재  2 | 중계율 0.11 | step_limit
Ep 195 | 드론4 목적지50 | 1000스텝 | 배송 28/50 | 재적재  4 | 중계율 0.12 | step_limit
Ep 196 | 드론4 목적지50 | 1000스텝 | 배송 19/50 | 재적재  2 | 중계율 0.25 | step_limit
Ep 197 | 드론4 목적지50 | 1000스텝 | 배송 33/50 | 재적재  5 | 중계율 0.09 | step_limit
Ep 198 | 드론4 목적지50 | 1000스텝 | 배송 32/50 | 재적재  5 | 중계율 0.15 | step_limit
Ep 199 | 드론4 목적지50 | 1000스텝 | 배송 40/50 | 재적재  6 | 중계율 0.12 | step_limit
Ep 200 | 드론4 목적지50 | 1000스텝 | 배송 26/50 | 재적재  4 | 중계율 0.05 | step_limit
  [홀드아웃] 배송 28.2±7.7 완주 0.00 재적재 3.6 2홉+ 0.65 | 최고 37.8@ep50 정체 3/15
Ep 201 | 드론4 목적지50 | 1000스텝 | 배송 36/50 | 재적재  4 | 중계율 0.12 | step_limit
Ep 202 | 드론4 목적지50 |  655스텝 | 배송 16/50 | 재적재  0 | 중계율 0.18 | no_progress
Ep 203 | 드론4 목적지50 | 1000스텝 | 배송 20/50 | 재적재  3 | 중계율 0.13 | step_limit
Ep 204 | 드론4 목적지50 | 1000스텝 | 배송 26/50 | 재적재  3 | 중계율 0.10 | step_limit
Ep 205 | 드론4 목적지50 | 1000스텝 | 배송 20/50 | 재적재  2 | 중계율 0.06 | step_limit
Ep 206 | 드론4 목적지50 | 1000스텝 | 배송 24/50 | 재적재  4 | 중계율 0.10 | step_limit
Ep 207 | 드론4 목적지50 | 1000스텝 | 배송 34/50 | 재적재  4 | 중계율 0.12 | step_limit
Ep 208 | 드론4 목적지50 | 1000스텝 | 배송 35/50 | 재적재  5 | 중계율 0.11 | step_limit
Ep 209 | 드론4 목적지50 | 1000스텝 | 배송 38/50 | 재적재  5 | 중계율 0.16 | step_limit
Ep 210 | 드론4 목적지50 | 1000스텝 | 배송 40/50 | 재적재  6 | 중계율 0.09 | step_limit
Ep 211 | 드론4 목적지50 | 1000스텝 | 배송 31/50 | 재적재  4 | 중계율 0.12 | step_limit
Ep 212 | 드론4 목적지50 | 1000스텝 | 배송 28/50 | 재적재  4 | 중계율 0.07 | step_limit
Ep 213 | 드론4 목적지50 | 1000스텝 | 배송 32/50 | 재적재  4 | 중계율 0.10 | step_limit
Ep 214 | 드론4 목적지50 | 1000스텝 | 배송 32/50 | 재적재  5 | 중계율 0.14 | step_limit
Ep 215 | 드론4 목적지50 | 1000스텝 | 배송 25/50 | 재적재  2 | 중계율 0.06 | step_limit
Ep 216 | 드론4 목적지50 | 1000스텝 | 배송 26/50 | 재적재  4 | 중계율 0.08 | step_limit
Ep 217 | 드론4 목적지50 | 1000스텝 | 배송 20/50 | 재적재  2 | 중계율 0.05 | step_limit
Ep 218 | 드론4 목적지50 | 1000스텝 | 배송 31/50 | 재적재  4 | 중계율 0.12 | step_limit
Ep 219 | 드론4 목적지50 | 1000스텝 | 배송 25/50 | 재적재  4 | 중계율 0.13 | step_limit
Ep 220 | 드론4 목적지50 | 1000스텝 | 배송 23/50 | 재적재  3 | 중계율 0.11 | step_limit
Ep 221 | 드론4 목적지50 | 1000스텝 | 배송 27/50 | 재적재  4 | 중계율 0.09 | step_limit
Ep 222 | 드론4 목적지50 | 1000스텝 | 배송 33/50 | 재적재  4 | 중계율 0.14 | step_limit
Ep 223 | 드론4 목적지50 | 1000스텝 | 배송 35/50 | 재적재  5 | 중계율 0.09 | step_limit
Ep 224 | 드론4 목적지50 | 1000스텝 | 배송 22/50 | 재적재  2 | 중계율 0.08 | step_limit
Ep 225 | 드론4 목적지50 | 1000스텝 | 배송 34/50 | 재적재  4 | 중계율 0.09 | step_limit
Ep 226 | 드론4 목적지50 | 1000스텝 | 배송 37/50 | 재적재  6 | 중계율 0.11 | step_limit
Ep 227 | 드론4 목적지50 | 1000스텝 | 배송 38/50 | 재적재  5 | 중계율 0.14 | step_limit
Ep 228 | 드론4 목적지50 | 1000스텝 | 배송 27/50 | 재적재  3 | 중계율 0.06 | step_limit
Ep 229 | 드론4 목적지50 | 1000스텝 | 배송 23/50 | 재적재  3 | 중계율 0.15 | step_limit
Ep 230 | 드론4 목적지50 | 1000스텝 | 배송 26/50 | 재적재  4 | 중계율 0.10 | step_limit
Ep 231 | 드론4 목적지50 | 1000스텝 | 배송 19/50 | 재적재  2 | 중계율 0.05 | step_limit
Ep 232 | 드론4 목적지50 | 1000스텝 | 배송 25/50 | 재적재  2 | 중계율 0.07 | step_limit
Ep 233 | 드론4 목적지50 | 1000스텝 | 배송 28/50 | 재적재  4 | 중계율 0.11 | step_limit
Ep 234 | 드론4 목적지50 | 1000스텝 | 배송 35/50 | 재적재  5 | 중계율 0.12 | step_limit
Ep 235 | 드론4 목적지50 | 1000스텝 | 배송 48/50 | 재적재  7 | 중계율 0.14 | step_limit
Ep 236 | 드론4 목적지50 | 1000스텝 | 배송 26/50 | 재적재  3 | 중계율 0.11 | step_limit
Ep 237 | 드론4 목적지50 | 1000스텝 | 배송 36/50 | 재적재  6 | 중계율 0.17 | step_limit
Ep 238 | 드론4 목적지50 | 1000스텝 | 배송 44/50 | 재적재  7 | 중계율 0.05 | step_limit
Ep 239 | 드론4 목적지50 | 1000스텝 | 배송 31/50 | 재적재  4 | 중계율 0.13 | step_limit
Ep 240 | 드론4 목적지50 | 1000스텝 | 배송 32/50 | 재적재  4 | 중계율 0.18 | step_limit
Ep 241 | 드론4 목적지50 | 1000스텝 | 배송 28/50 | 재적재  4 | 중계율 0.08 | step_limit
Ep 242 | 드론4 목적지50 | 1000스텝 | 배송 30/50 | 재적재  4 | 중계율 0.09 | step_limit
Ep 243 | 드론4 목적지50 | 1000스텝 | 배송 34/50 | 재적재  4 | 중계율 0.12 | step_limit
Ep 244 | 드론4 목적지50 | 1000스텝 | 배송 39/50 | 재적재  6 | 중계율 0.11 | step_limit
Ep 245 | 드론4 목적지50 | 1000스텝 | 배송 37/50 | 재적재  5 | 중계율 0.14 | step_limit
Ep 246 | 드론4 목적지50 | 1000스텝 | 배송 34/50 | 재적재  4 | 중계율 0.12 | step_limit
Ep 247 | 드론4 목적지50 | 1000스텝 | 배송 35/50 | 재적재  4 | 중계율 0.10 | step_limit
Ep 248 | 드론4 목적지50 | 1000스텝 | 배송 37/50 | 재적재  6 | 중계율 0.11 | step_limit
Ep 249 | 드론4 목적지50 | 1000스텝 | 배송 33/50 | 재적재  5 | 중계율 0.14 | step_limit
Ep 250 | 드론4 목적지50 | 1000스텝 | 배송 32/50 | 재적재  5 | 중계율 0.16 | step_limit
  [홀드아웃] 배송 27.3±5.5 완주 0.00 재적재 3.6 2홉+ 0.63 | 최고 37.8@ep50 정체 4/15
Ep 251 | 드론4 목적지50 | 1000스텝 | 배송 24/50 | 재적재  4 | 중계율 0.11 | step_limit
Ep 252 | 드론4 목적지50 | 1000스텝 | 배송 34/50 | 재적재  4 | 중계율 0.18 | step_limit
Ep 253 | 드론4 목적지50 | 1000스텝 | 배송 20/50 | 재적재  1 | 중계율 0.10 | step_limit
Ep 254 | 드론4 목적지50 |  890스텝 | 배송 16/50 | 재적재  1 | 중계율 0.09 | no_progress
Ep 255 | 드론4 목적지50 | 1000스텝 | 배송 24/50 | 재적재  4 | 중계율 0.11 | step_limit
Ep 256 | 드론4 목적지50 | 1000스텝 | 배송 34/50 | 재적재  5 | 중계율 0.12 | step_limit
Ep 257 | 드론4 목적지50 | 1000스텝 | 배송 27/50 | 재적재  4 | 중계율 0.10 | step_limit
Ep 258 | 드론4 목적지50 | 1000스텝 | 배송 24/50 | 재적재  3 | 중계율 0.12 | step_limit
Ep 259 | 드론4 목적지50 | 1000스텝 | 배송 33/50 | 재적재  5 | 중계율 0.09 | step_limit
Ep 260 | 드론4 목적지50 | 1000스텝 | 배송 30/50 | 재적재  3 | 중계율 0.13 | step_limit
Ep 261 | 드론4 목적지50 | 1000스텝 | 배송 30/50 | 재적재  5 | 중계율 0.09 | step_limit
Ep 262 | 드론4 목적지50 | 1000스텝 | 배송 19/50 | 재적재  2 | 중계율 0.17 | step_limit
Ep 263 | 드론4 목적지50 | 1000스텝 | 배송 17/50 | 재적재  1 | 중계율 0.16 | step_limit
Ep 264 | 드론4 목적지50 | 1000스텝 | 배송 17/50 | 재적재  1 | 중계율 0.04 | step_limit
Ep 265 | 드론4 목적지50 | 1000스텝 | 배송 32/50 | 재적재  4 | 중계율 0.17 | step_limit
Ep 266 | 드론4 목적지50 | 1000스텝 | 배송 20/50 | 재적재  1 | 중계율 0.07 | step_limit
Ep 267 | 드론4 목적지50 | 1000스텝 | 배송 26/50 | 재적재  4 | 중계율 0.07 | step_limit
Ep 268 | 드론4 목적지50 | 1000스텝 | 배송 20/50 | 재적재  2 | 중계율 0.05 | step_limit
Ep 269 | 드론4 목적지50 | 1000스텝 | 배송 37/50 | 재적재  4 | 중계율 0.15 | step_limit
Ep 270 | 드론4 목적지50 | 1000스텝 | 배송 33/50 | 재적재  4 | 중계율 0.10 | step_limit
Ep 271 | 드론4 목적지50 | 1000스텝 | 배송 34/50 | 재적재  5 | 중계율 0.15 | step_limit
Ep 272 | 드론4 목적지50 | 1000스텝 | 배송 31/50 | 재적재  4 | 중계율 0.14 | step_limit
Ep 273 | 드론4 목적지50 | 1000스텝 | 배송 33/50 | 재적재  4 | 중계율 0.17 | step_limit
Ep 274 | 드론4 목적지50 | 1000스텝 | 배송 24/50 | 재적재  2 | 중계율 0.10 | step_limit
Ep 275 | 드론4 목적지50 | 1000스텝 | 배송 32/50 | 재적재  5 | 중계율 0.14 | step_limit
Ep 276 | 드론4 목적지50 | 1000스텝 | 배송 28/50 | 재적재  3 | 중계율 0.12 | step_limit
Ep 277 | 드론4 목적지50 | 1000스텝 | 배송 32/50 | 재적재  5 | 중계율 0.13 | step_limit
Ep 278 | 드론4 목적지50 | 1000스텝 | 배송 28/50 | 재적재  3 | 중계율 0.18 | step_limit
Ep 279 | 드론4 목적지50 | 1000스텝 | 배송 28/50 | 재적재  4 | 중계율 0.06 | step_limit
Ep 280 | 드론4 목적지50 | 1000스텝 | 배송 39/50 | 재적재  7 | 중계율 0.12 | step_limit
Ep 281 | 드론4 목적지50 | 1000스텝 | 배송 27/50 | 재적재  3 | 중계율 0.12 | step_limit
Ep 282 | 드론4 목적지50 | 1000스텝 | 배송 25/50 | 재적재  3 | 중계율 0.11 | step_limit
Ep 283 | 드론4 목적지50 | 1000스텝 | 배송 27/50 | 재적재  3 | 중계율 0.12 | step_limit
Ep 284 | 드론4 목적지50 | 1000스텝 | 배송 26/50 | 재적재  3 | 중계율 0.17 | step_limit
Ep 285 | 드론4 목적지50 | 1000스텝 | 배송 32/50 | 재적재  4 | 중계율 0.11 | step_limit
Ep 286 | 드론4 목적지50 | 1000스텝 | 배송 31/50 | 재적재  4 | 중계율 0.15 | step_limit
Ep 287 | 드론4 목적지50 | 1000스텝 | 배송 33/50 | 재적재  5 | 중계율 0.15 | step_limit
Ep 288 | 드론4 목적지50 | 1000스텝 | 배송 29/50 | 재적재  3 | 중계율 0.08 | step_limit
Ep 289 | 드론4 목적지50 | 1000스텝 | 배송 30/50 | 재적재  6 | 중계율 0.10 | step_limit
Ep 290 | 드론4 목적지50 | 1000스텝 | 배송 26/50 | 재적재  4 | 중계율 0.18 | step_limit
Ep 291 | 드론4 목적지50 | 1000스텝 | 배송 23/50 | 재적재  4 | 중계율 0.07 | step_limit
Ep 292 | 드론4 목적지50 | 1000스텝 | 배송 25/50 | 재적재  3 | 중계율 0.17 | step_limit
Ep 293 | 드론4 목적지50 | 1000스텝 | 배송 48/50 | 재적재  7 | 중계율 0.17 | step_limit
Ep 294 | 드론4 목적지50 | 1000스텝 | 배송 27/50 | 재적재  3 | 중계율 0.14 | step_limit
Ep 295 | 드론4 목적지50 | 1000스텝 | 배송 41/50 | 재적재  7 | 중계율 0.08 | step_limit
