/home/kopt/enter/envs/wsl_neuroMCTS/lib/python3.10/site-packages/pygame/pkgdata.py:25: UserWarning: pkg_resources is deprecated as an API. See https://setuptools.pypa.io/en/latest/pkg_resources.html. The pkg_resources package is slated for removal as early as 2025-11-30. Refrain from using this package or pin to Setuptools<81.
  from pkg_resources import resource_stream, resource_exists
pygame 2.6.1 (SDL 2.28.4, Python 3.10.19)
Hello from the pygame community. https://www.pygame.org/contribute.html
지도를 성공적으로 로드했습니다: /home/kopt/drone/proposed_src/util/disaster_map.npy
지도를 성공적으로 로드했습니다: /home/kopt/drone/proposed_src/util/disaster_map.npy
Using device: cuda  tag=v2_26_08_25_14_c300_relay
설정: relay_w=0.0 alpha_min=0.0 relay_credit=True n_peers=2 comm_range=300.0
obs_dim=19, state_dim=66, total_act_dim=8
조기 종료: 50ep마다 홀드아웃 6개 평가, patience=15회
Ep 1 | Step 1000 | R   -37.96 | 배송  1/50 | 미활동 3 | 2홉+ 0.42 | 도달  567 | 차단  130
Ep 2 | Step 1000 | R   -42.93 | 배송  0/50 | 미활동 4 | 2홉+ 0.30 | 도달  502 | 차단   27
Ep 3 | Step 1000 | R   -25.52 | 배송  1/50 | 미활동 3 | 2홉+ 0.26 | 도달  502 | 차단  100
Ep 4 | Step 1000 | R   -43.62 | 배송  0/50 | 미활동 4 | 2홉+ 0.31 | 도달  502 | 차단   76
Ep 5 | Step 1000 | R   -59.49 | 배송  0/50 | 미활동 4 | 2홉+ 0.42 | 도달  502 | 차단   46
Ep 6 | Step 1000 | R    90.21 | 배송 14/50 | 미활동 0 | 2홉+ 0.30 | 도달  885 | 차단   20
Ep 7 | Step 1000 | R   111.47 | 배송 15/50 | 미활동 1 | 2홉+ 0.62 | 도달 1074 | 차단 1231
Ep 8 | Step 1000 | R    92.30 | 배송 13/50 | 미활동 0 | 2홉+ 0.66 | 도달 1074 | 차단 1354
Ep 9 | Step 1000 | R    99.00 | 배송 14/50 | 미활동 0 | 2홉+ 0.69 | 도달 1074 | 차단 1474
Ep 10 | Step 1000 | R    40.74 | 배송  9/50 | 미활동 1 | 2홉+ 0.73 | 도달  868 | 차단 2789
Ep 11 | Step 1000 | R    90.87 | 배송 12/50 | 미활동 1 | 2홉+ 0.72 | 도달  690 | 차단 1063
Ep 12 | Step 1000 | R   116.69 | 배송 16/50 | 미활동 0 | 2홉+ 0.72 | 도달  883 | 차단 2279
Ep 13 | Step 1000 | R   111.86 | 배송 16/50 | 미활동 0 | 2홉+ 0.71 | 도달  866 | 차단 2275
Ep 14 | Step 1000 | R   145.88 | 배송 18/50 | 미활동 0 | 2홉+ 0.58 | 도달  894 | 차단 1714
Ep 15 | Step 1000 | R   115.17 | 배송 16/50 | 미활동 0 | 2홉+ 0.70 | 도달  849 | 차단 2140
Ep 16 | Step 1000 | R   111.46 | 배송 14/50 | 미활동 0 | 2홉+ 0.71 | 도달  696 | 차단 2010
Ep 17 | Step 1000 | R    82.77 | 배송 13/50 | 미활동 0 | 2홉+ 0.71 | 도달  813 | 차단 2539
Ep 18 | Step 1000 | R    52.09 | 배송 10/50 | 미활동 2 | 2홉+ 0.59 | 도달  689 | 차단 2757
Ep 19 | Step 1000 | R   102.14 | 배송 14/50 | 미활동 0 | 2홉+ 0.71 | 도달  851 | 차단 2599
Ep 20 | Step 1000 | R   104.03 | 배송 15/50 | 미활동 0 | 2홉+ 0.69 | 도달  969 | 차단 2455
Ep 21 | Step 1000 | R    48.23 | 배송  8/50 | 미활동 0 | 2홉+ 0.70 | 도달  851 | 차단 2097
Ep 22 | Step 1000 | R   116.79 | 배송 15/50 | 미활동 0 | 2홉+ 0.66 | 도달  997 | 차단 1743
Ep 23 | Step 1000 | R   109.72 | 배송 15/50 | 미활동 0 | 2홉+ 0.71 | 도달  951 | 차단 1673
Ep 24 | Step 1000 | R    44.53 | 배송  9/50 | 미활동 0 | 2홉+ 0.72 | 도달 1074 | 차단 2147
Ep 25 | Step 1000 | R    13.24 | 배송  5/50 | 미활동 2 | 2홉+ 0.59 | 도달  620 | 차단 2314
Ep 26 | Step 1000 | R    76.22 | 배송 13/50 | 미활동 1 | 2홉+ 0.71 | 도달  798 | 차단 2575
Ep 27 | Step 1000 | R    41.08 | 배송  9/50 | 미활동 1 | 2홉+ 0.50 | 도달  671 | 차단 2788
Ep 28 | Step 1000 | R    98.06 | 배송 13/50 | 미활동 0 | 2홉+ 0.70 | 도달  763 | 차단 1698
Ep 29 | Step 1000 | R   102.24 | 배송 14/50 | 미활동 0 | 2홉+ 0.69 | 도달  862 | 차단 2068
Ep 30 | Step 1000 | R    98.95 | 배송 14/50 | 미활동 0 | 2홉+ 0.70 | 도달  882 | 차단 1876
Ep 31 | Step 1000 | R   103.41 | 배송 14/50 | 미활동 0 | 2홉+ 0.71 | 도달 1074 | 차단 1860
Ep 32 | Step 1000 | R   184.45 | 배송 18/50 | 미활동 0 | 2홉+ 0.53 | 도달  786 | 차단 1323
Ep 33 | Step 1000 | R   124.36 | 배송 16/50 | 미활동 0 | 2홉+ 0.71 | 도달  912 | 차단 2027
Ep 34 | Step 1000 | R   113.62 | 배송 15/50 | 미활동 0 | 2홉+ 0.70 | 도달 1074 | 차단 1608
Ep 35 | Step 1000 | R    92.61 | 배송 12/50 | 미활동 1 | 2홉+ 0.72 | 도달  986 | 차단 1451
Ep 36 | Step 1000 | R   123.35 | 배송 17/50 | 미활동 0 | 2홉+ 0.71 | 도달  850 | 차단 2267
Ep 37 | Step 1000 | R    82.03 | 배송 13/50 | 미활동 1 | 2홉+ 0.69 | 도달  916 | 차단 2630
Ep 38 | Step 1000 | R    43.58 | 배송 10/50 | 미활동 0 | 2홉+ 0.70 | 도달  806 | 차단 2759
Ep 39 | Step 1000 | R   104.71 | 배송 13/50 | 미활동 0 | 2홉+ 0.71 | 도달  624 | 차단 1077
Ep 40 | Step 1000 | R    76.88 | 배송 12/50 | 미활동 0 | 2홉+ 0.72 | 도달  699 | 차단 2137
Ep 41 | Step 1000 | R   109.51 | 배송 15/50 | 미활동 0 | 2홉+ 0.71 | 도달  968 | 차단 1916
Ep 42 | Step 1000 | R   110.66 | 배송 15/50 | 미활동 0 | 2홉+ 0.72 | 도달 1042 | 차단 1887
Ep 43 | Step 1000 | R    94.57 | 배송 15/50 | 미활동 1 | 2홉+ 0.69 | 도달  897 | 차단 2288
Ep 44 | Step 1000 | R    82.59 | 배송 13/50 | 미활동 0 | 2홉+ 0.71 | 도달  853 | 차단 2272
Ep 45 | Step 1000 | R   151.90 | 배송 18/50 | 미활동 0 | 2홉+ 0.71 | 도달  809 | 차단 1384
Ep 46 | Step 1000 | R   123.11 | 배송 15/50 | 미활동 0 | 2홉+ 0.71 | 도달  868 | 차단 1448
Ep 47 | Step 1000 | R   105.26 | 배송 14/50 | 미활동 0 | 2홉+ 0.69 | 도달  802 | 차단 1505
Ep 48 | Step 1000 | R    85.37 | 배송 13/50 | 미활동 1 | 2홉+ 0.60 | 도달  867 | 차단 2158
Ep 49 | Step 1000 | R    69.81 | 배송 11/50 | 미활동 0 | 2홉+ 0.61 | 도달  875 | 차단 1732
Ep 50 | Step 1000 | R   114.61 | 배송 16/50 | 미활동 0 | 2홉+ 0.72 | 도달 1006 | 차단 1337
  [홀드아웃] 배송 11.2±4.5 미활동 0.33 2홉+ 0.64 도달 654 | 최고 11.2@ep50 | 정체 0/15  ← 최고 갱신
Ep 51 | Step 1000 | R   109.01 | 배송 15/50 | 미활동 0 | 2홉+ 0.70 | 도달  955 | 차단 1873
Ep 52 | Step 1000 | R    97.78 | 배송 15/50 | 미활동 1 | 2홉+ 0.71 | 도달 1015 | 차단 1947
Ep 53 | Step 1000 | R   125.71 | 배송 17/50 | 미활동 0 | 2홉+ 0.66 | 도달  970 | 차단 1664
Ep 54 | Step 1000 | R    94.60 | 배송 15/50 | 미활동 1 | 2홉+ 0.71 | 도달  749 | 차단 1796
Ep 55 | Step 1000 | R   119.93 | 배송 16/50 | 미활동 0 | 2홉+ 0.70 | 도달 1034 | 차단 1401
Ep 56 | Step 1000 | R   163.77 | 배송 19/50 | 미활동 0 | 2홉+ 0.71 | 도달 1026 | 차단 1455
Ep 57 | Step 1000 | R   118.23 | 배송 16/50 | 미활동 0 | 2홉+ 0.70 | 도달 1074 | 차단 1773
Ep 58 | Step 1000 | R   127.43 | 배송 17/50 | 미활동 0 | 2홉+ 0.71 | 도달 1014 | 차단 1624
Ep 59 | Step 1000 | R   123.83 | 배송 16/50 | 미활동 0 | 2홉+ 0.69 | 도달  860 | 차단 1781
Ep 60 | Step 1000 | R   106.80 | 배송 16/50 | 미활동 0 | 2홉+ 0.71 | 도달  999 | 차단 2315
Ep 61 | Step 1000 | R   111.75 | 배송 16/50 | 미활동 0 | 2홉+ 0.68 | 도달 1056 | 차단 1962
Ep 62 | Step 1000 | R    93.40 | 배송 14/50 | 미활동 0 | 2홉+ 0.68 | 도달  836 | 차단 2351
Ep 63 | Step 1000 | R   141.65 | 배송 18/50 | 미활동 0 | 2홉+ 0.71 | 도달  991 | 차단 1675
Ep 64 | Step 1000 | R   134.07 | 배송 18/50 | 미활동 0 | 2홉+ 0.71 | 도달  883 | 차단 2000
Ep 65 | Step 1000 | R   113.45 | 배송 15/50 | 미활동 0 | 2홉+ 0.67 | 도달 1042 | 차단 1308
Ep 66 | Step 1000 | R    99.19 | 배송 13/50 | 미활동 1 | 2홉+ 0.71 | 도달 1006 | 차단  972
Ep 67 | Step 1000 | R   145.31 | 배송 18/50 | 미활동 0 | 2홉+ 0.70 | 도달 1016 | 차단 1590
Ep 68 | Step 1000 | R   132.13 | 배송 16/50 | 미활동 0 | 2홉+ 0.71 | 도달  915 | 차단 1256
Ep 69 | Step 1000 | R   129.96 | 배송 16/50 | 미활동 0 | 2홉+ 0.70 | 도달  975 | 차단 1283
Ep 70 | Step 1000 | R   137.62 | 배송 17/50 | 미활동 0 | 2홉+ 0.71 | 도달  924 | 차단 1587
Ep 71 | Step 1000 | R   109.97 | 배송 14/50 | 미활동 0 | 2홉+ 0.71 | 도달 1057 | 차단 1152
Ep 72 | Step 1000 | R   113.91 | 배송 15/50 | 미활동 0 | 2홉+ 0.68 | 도달  845 | 차단 1852
Ep 73 | Step 1000 | R   148.05 | 배송 18/50 | 미활동 0 | 2홉+ 0.69 | 도달  905 | 차단 1511
Ep 74 | Step 1000 | R   137.35 | 배송 18/50 | 미활동 0 | 2홉+ 0.70 | 도달 1074 | 차단 1503
Ep 75 | Step 1000 | R   126.86 | 배송 16/50 | 미활동 0 | 2홉+ 0.70 | 도달 1005 | 차단 1351
Ep 76 | Step 1000 | R   106.03 | 배송 15/50 | 미활동 0 | 2홉+ 0.64 | 도달 1074 | 차단 1964
Ep 77 | Step 1000 | R   131.44 | 배송 17/50 | 미활동 0 | 2홉+ 0.70 | 도달 1025 | 차단 1514
Ep 78 | Step 1000 | R    95.86 | 배송 13/50 | 미활동 1 | 2홉+ 0.71 | 도달  948 | 차단 1128
Ep 79 | Step 1000 | R   123.55 | 배송 16/50 | 미활동 0 | 2홉+ 0.71 | 도달  908 | 차단 1586
Ep 80 | Step 1000 | R   134.09 | 배송 17/50 | 미활동 0 | 2홉+ 0.71 | 도달  937 | 차단 1434
Ep 81 | Step 1000 | R   160.39 | 배송 20/50 | 미활동 0 | 2홉+ 0.71 | 도달  985 | 차단 1410
Ep 82 | Step 1000 | R    37.42 | 배송  8/50 | 미활동 1 | 2홉+ 0.71 | 도달  742 | 차단 1524
Ep 83 | Step 1000 | R    84.51 | 배송 12/50 | 미활동 0 | 2홉+ 0.72 | 도달  820 | 차단 2005
Ep 84 | Step 1000 | R    33.41 | 배송  7/50 | 미활동 1 | 2홉+ 0.70 | 도달  785 | 차단 2057
Ep 85 | Step 1000 | R   110.89 | 배송 15/50 | 미활동 0 | 2홉+ 0.69 | 도달  868 | 차단 1822
Ep 86 | Step 1000 | R   113.28 | 배송 14/50 | 미활동 0 | 2홉+ 0.71 | 도달  937 | 차단  995
Ep 87 | Step 1000 | R   127.44 | 배송 15/50 | 미활동 0 | 2홉+ 0.71 | 도달  909 | 차단  696
Ep 88 | Step 1000 | R   152.39 | 배송 18/50 | 미활동 0 | 2홉+ 0.71 | 도달 1004 | 차단 1228
Ep 89 | Step 1000 | R   117.98 | 배송 16/50 | 미활동 0 | 2홉+ 0.71 | 도달 1074 | 차단 1428
Ep 90 | Step 1000 | R   131.26 | 배송 16/50 | 미활동 0 | 2홉+ 0.71 | 도달 1074 | 차단 1188
Ep 91 | Step 1000 | R    95.22 | 배송 13/50 | 미활동 0 | 2홉+ 0.55 | 도달  853 | 차단 2214
Ep 92 | Step 1000 | R   131.75 | 배송 16/50 | 미활동 0 | 2홉+ 0.72 | 도달 1025 | 차단  928
Ep 93 | Step 1000 | R    92.14 | 배송 12/50 | 미활동 0 | 2홉+ 0.71 | 도달  619 | 차단 1954
Ep 94 | Step 1000 | R    94.85 | 배송 12/50 | 미활동 0 | 2홉+ 0.72 | 도달  898 | 차단 1303
Ep 95 | Step 1000 | R   105.78 | 배송 14/50 | 미활동 1 | 2홉+ 0.71 | 도달 1019 | 차단 1236
Ep 96 | Step 1000 | R   127.38 | 배송 16/50 | 미활동 0 | 2홉+ 0.71 | 도달  963 | 차단 1493
Ep 97 | Step 1000 | R   140.24 | 배송 18/50 | 미활동 0 | 2홉+ 0.72 | 도달  970 | 차단 2006
Ep 98 | Step 1000 | R   101.80 | 배송 13/50 | 미활동 0 | 2홉+ 0.71 | 도달  844 | 차단 1326
Ep 99 | Step 1000 | R    65.44 | 배송 10/50 | 미활동 1 | 2홉+ 0.72 | 도달  762 | 차단 2154
Ep 100 | Step 1000 | R   118.30 | 배송 16/50 | 미활동 0 | 2홉+ 0.67 | 도달  884 | 차단 1870
  [홀드아웃] 배송 5.7±1.6 미활동 1.00 2홉+ 0.60 도달 726 | 최고 11.2@ep50 | 정체 1/15
Ep 101 | Step 1000 | R    59.56 | 배송 11/50 | 미활동 0 | 2홉+ 0.72 | 도달  788 | 차단 2629
Ep 102 | Step 1000 | R   137.56 | 배송 17/50 | 미활동 0 | 2홉+ 0.72 | 도달 1050 | 차단  764
Ep 103 | Step 1000 | R    96.86 | 배송 14/50 | 미활동 0 | 2홉+ 0.72 | 도달  984 | 차단 1911
Ep 104 | Step 1000 | R   133.22 | 배송 16/50 | 미활동 0 | 2홉+ 0.71 | 도달 1074 | 차단 1326
Ep 105 | Step 1000 | R   177.38 | 배송 20/50 | 미활동 0 | 2홉+ 0.72 | 도달  732 | 차단  895
Ep 106 | Step 1000 | R   104.84 | 배송 15/50 | 미활동 0 | 2홉+ 0.72 | 도달  831 | 차단 1713
Ep 107 | Step 1000 | R   160.43 | 배송 18/50 | 미활동 0 | 2홉+ 0.72 | 도달  969 | 차단 1095
Ep 108 | Step 1000 | R   151.63 | 배송 18/50 | 미활동 0 | 2홉+ 0.72 | 도달  885 | 차단 1060
Ep 109 | Step 1000 | R   114.57 | 배송 15/50 | 미활동 0 | 2홉+ 0.72 | 도달 1018 | 차단 1542
Ep 110 | Step 1000 | R   144.48 | 배송 17/50 | 미활동 0 | 2홉+ 0.72 | 도달 1057 | 차단 1103
Ep 111 | Step 1000 | R   143.77 | 배송 17/50 | 미활동 0 | 2홉+ 0.72 | 도달  803 | 차단 1252
Ep 112 | Step 1000 | R   142.51 | 배송 17/50 | 미활동 0 | 2홉+ 0.71 | 도달  872 | 차단 1420
Ep 113 | Step 1000 | R   111.54 | 배송 14/50 | 미활동 0 | 2홉+ 0.71 | 도달  925 | 차단 1108
Ep 114 | Step 1000 | R   113.14 | 배송 15/50 | 미활동 1 | 2홉+ 0.72 | 도달  853 | 차단 1582
Ep 115 | Step 1000 | R   119.56 | 배송 15/50 | 미활동 0 | 2홉+ 0.67 | 도달  896 | 차단 1345
Ep 116 | Step 1000 | R   160.50 | 배송 18/50 | 미활동 0 | 2홉+ 0.72 | 도달  934 | 차단  942
Ep 117 | Step 1000 | R   141.22 | 배송 17/50 | 미활동 0 | 2홉+ 0.71 | 도달  972 | 차단  925
Ep 118 | Step 1000 | R    93.63 | 배송 14/50 | 미활동 0 | 2홉+ 0.72 | 도달  854 | 차단 1369
Ep 119 | Step 1000 | R    99.28 | 배송 14/50 | 미활동 0 | 2홉+ 0.72 | 도달  967 | 차단 1757
Ep 120 | Step 1000 | R   118.71 | 배송 17/50 | 미활동 0 | 2홉+ 0.72 | 도달  917 | 차단 1550
Ep 121 | Step 1000 | R   141.46 | 배송 18/50 | 미활동 0 | 2홉+ 0.66 | 도달  985 | 차단 1169
Ep 122 | Step 1000 | R   165.68 | 배송 19/50 | 미활동 0 | 2홉+ 0.73 | 도달 1016 | 차단  601
Ep 123 | Step 1000 | R   125.41 | 배송 15/50 | 미활동 0 | 2홉+ 0.72 | 도달  979 | 차단 1125
Ep 124 | Step 1000 | R   124.26 | 배송 16/50 | 미활동 0 | 2홉+ 0.72 | 도달  908 | 차단 1260
Ep 125 | Step 1000 | R   141.75 | 배송 16/50 | 미활동 0 | 2홉+ 0.71 | 도달  738 | 차단  227
Ep 126 | Step 1000 | R    66.17 | 배송 11/50 | 미활동 0 | 2홉+ 0.72 | 도달  767 | 차단 2018
Ep 127 | Step 1000 | R   114.88 | 배송 15/50 | 미활동 0 | 2홉+ 0.72 | 도달  850 | 차단 1995
Ep 128 | Step 1000 | R    89.20 | 배송 14/50 | 미활동 0 | 2홉+ 0.71 | 도달  687 | 차단 2724
Ep 129 | Step 1000 | R   115.05 | 배송 15/50 | 미활동 0 | 2홉+ 0.58 | 도달  852 | 차단 1443
Ep 130 | Step 1000 | R    96.50 | 배송 14/50 | 미활동 0 | 2홉+ 0.72 | 도달  785 | 차단 1829
Ep 131 | Step 1000 | R   137.96 | 배송 17/50 | 미활동 0 | 2홉+ 0.72 | 도달  866 | 차단 1086
Ep 132 | Step 1000 | R   135.94 | 배송 17/50 | 미활동 0 | 2홉+ 0.69 | 도달  827 | 차단 1425
Ep 133 | Step 1000 | R   136.36 | 배송 17/50 | 미활동 0 | 2홉+ 0.56 | 도달  875 | 차단 1532
Ep 134 | Step 1000 | R   162.34 | 배송 19/50 | 미활동 0 | 2홉+ 0.73 | 도달 1007 | 차단 1219
Ep 135 | Step 1000 | R    93.46 | 배송 14/50 | 미활동 0 | 2홉+ 0.64 | 도달  830 | 차단 1920
Ep 136 | Step 1000 | R   117.65 | 배송 15/50 | 미활동 0 | 2홉+ 0.72 | 도달  882 | 차단 1264
Ep 137 | Step 1000 | R   124.25 | 배송 18/50 | 미활동 0 | 2홉+ 0.60 | 도달  781 | 차단 1963
Ep 138 | Step 1000 | R   135.27 | 배송 17/50 | 미활동 0 | 2홉+ 0.72 | 도달  939 | 차단 1273
Ep 139 | Step 1000 | R   147.88 | 배송 18/50 | 미활동 0 | 2홉+ 0.67 | 도달  841 | 차단 1387
Ep 140 | Step 1000 | R   128.86 | 배송 18/50 | 미활동 0 | 2홉+ 0.71 | 도달  955 | 차단 2241
Ep 141 | Step 1000 | R   123.10 | 배송 15/50 | 미활동 0 | 2홉+ 0.72 | 도달  930 | 차단 1432
Ep 142 | Step 1000 | R   149.29 | 배송 18/50 | 미활동 0 | 2홉+ 0.72 | 도달  801 | 차단 1648
Ep 143 | Step 1000 | R   117.53 | 배송 16/50 | 미활동 0 | 2홉+ 0.72 | 도달  929 | 차단 1753
Ep 144 | Step 1000 | R   116.53 | 배송 16/50 | 미활동 0 | 2홉+ 0.72 | 도달 1066 | 차단 1343
Ep 145 | Step 1000 | R    85.39 | 배송 13/50 | 미활동 0 | 2홉+ 0.72 | 도달  990 | 차단 1767
Ep 146 | Step 1000 | R   125.85 | 배송 16/50 | 미활동 0 | 2홉+ 0.64 | 도달  849 | 차단 1367
Ep 147 | Step 1000 | R   157.83 | 배송 19/50 | 미활동 0 | 2홉+ 0.72 | 도달  873 | 차단 1171
Ep 148 | Step 1000 | R   140.35 | 배송 17/50 | 미활동 0 | 2홉+ 0.72 | 도달  962 | 차단 1695
Ep 149 | Step 1000 | R   121.83 | 배송 16/50 | 미활동 0 | 2홉+ 0.72 | 도달  914 | 차단 1940
Ep 150 | Step 1000 | R   127.22 | 배송 17/50 | 미활동 0 | 2홉+ 0.71 | 도달  831 | 차단 1919
  [홀드아웃] 배송 7.5±3.4 미활동 1.00 2홉+ 0.72 도달 676 | 최고 11.2@ep50 | 정체 2/15
Ep 151 | Step 1000 | R   167.75 | 배송 20/50 | 미활동 0 | 2홉+ 0.72 | 도달  905 | 차단 1146
Ep 152 | Step 1000 | R    95.19 | 배송 13/50 | 미활동 0 | 2홉+ 0.49 | 도달  861 | 차단 1966
Ep 153 | Step 1000 | R   153.79 | 배송 18/50 | 미활동 0 | 2홉+ 0.72 | 도달  909 | 차단  860
Ep 154 | Step 1000 | R   152.73 | 배송 19/50 | 미활동 0 | 2홉+ 0.71 | 도달  857 | 차단 1871
Ep 155 | Step 1000 | R   173.99 | 배송 19/50 | 미활동 0 | 2홉+ 0.71 | 도달  815 | 차단  510
Ep 156 | Step 1000 | R   131.31 | 배송 17/50 | 미활동 0 | 2홉+ 0.72 | 도달 1026 | 차단 1234
Ep 157 | Step 1000 | R    96.73 | 배송 14/50 | 미활동 0 | 2홉+ 0.71 | 도달  815 | 차단 1919
Ep 158 | Step 1000 | R    81.77 | 배송 12/50 | 미활동 1 | 2홉+ 0.71 | 도달  906 | 차단 1830
Ep 159 | Step 1000 | R   139.70 | 배송 17/50 | 미활동 0 | 2홉+ 0.72 | 도달  952 | 차단 1089
Ep 160 | Step 1000 | R   119.99 | 배송 16/50 | 미활동 0 | 2홉+ 0.72 | 도달  896 | 차단 1716
Ep 161 | Step 1000 | R   109.33 | 배송 14/50 | 미활동 0 | 2홉+ 0.73 | 도달 1074 | 차단 1556
Ep 162 | Step 1000 | R    71.86 | 배송 11/50 | 미활동 1 | 2홉+ 0.72 | 도달  633 | 차단 2082
Ep 163 | Step 1000 | R    97.84 | 배송 13/50 | 미활동 0 | 2홉+ 0.72 | 도달  974 | 차단 1019
Ep 164 | Step 1000 | R   137.47 | 배송 17/50 | 미활동 0 | 2홉+ 0.72 | 도달  868 | 차단 1379
Ep 165 | Step 1000 | R    68.02 | 배송 13/50 | 미활동 0 | 2홉+ 0.72 | 도달  705 | 차단 2764
Ep 166 | Step 1000 | R   106.16 | 배송 16/50 | 미활동 0 | 2홉+ 0.71 | 도달  913 | 차단 2508
Ep 167 | Step 1000 | R    99.95 | 배송 13/50 | 미활동 0 | 2홉+ 0.60 | 도달  766 | 차단 1520
Ep 168 | Step 1000 | R   123.05 | 배송 16/50 | 미활동 0 | 2홉+ 0.72 | 도달  970 | 차단 1287
Ep 169 | Step 1000 | R   167.34 | 배송 20/50 | 미활동 0 | 2홉+ 0.72 | 도달  921 | 차단 1377
Ep 170 | Step 1000 | R   147.24 | 배송 17/50 | 미활동 0 | 2홉+ 0.69 | 도달  848 | 차단  666
Ep 171 | Step 1000 | R   147.98 | 배송 18/50 | 미활동 0 | 2홉+ 0.72 | 도달  954 | 차단  827
Ep 172 | Step 1000 | R   143.32 | 배송 18/50 | 미활동 0 | 2홉+ 0.72 | 도달  911 | 차단 1600
Ep 173 | Step 1000 | R   133.23 | 배송 17/50 | 미활동 0 | 2홉+ 0.72 | 도달  960 | 차단  750
Ep 174 | Step 1000 | R   106.42 | 배송 16/50 | 미활동 0 | 2홉+ 0.72 | 도달  871 | 차단 1893
Ep 175 | Step 1000 | R   119.18 | 배송 15/50 | 미활동 0 | 2홉+ 0.72 | 도달  832 | 차단  874
Ep 176 | Step 1000 | R   108.46 | 배송 15/50 | 미활동 0 | 2홉+ 0.72 | 도달  648 | 차단 1858
Ep 177 | Step 1000 | R   102.83 | 배송 15/50 | 미활동 0 | 2홉+ 0.72 | 도달  861 | 차단 2129
Ep 178 | Step 1000 | R   141.48 | 배송 17/50 | 미활동 0 | 2홉+ 0.72 | 도달  861 | 차단  830
Ep 179 | Step 1000 | R   154.10 | 배송 18/50 | 미활동 0 | 2홉+ 0.69 | 도달  888 | 차단  767
Ep 180 | Step 1000 | R    95.93 | 배송 12/50 | 미활동 0 | 2홉+ 0.71 | 도달  745 | 차단 1086
Ep 181 | Step 1000 | R   145.91 | 배송 17/50 | 미활동 0 | 2홉+ 0.65 | 도달  803 | 차단 1308
Ep 182 | Step 1000 | R   137.89 | 배송 17/50 | 미활동 0 | 2홉+ 0.70 | 도달  825 | 차단 1086
Ep 183 | Step 1000 | R   124.82 | 배송 17/50 | 미활동 0 | 2홉+ 0.73 | 도달  737 | 차단 1539
Ep 184 | Step 1000 | R   138.85 | 배송 17/50 | 미활동 0 | 2홉+ 0.72 | 도달 1002 | 차단 1039
Ep 185 | Step 1000 | R   144.55 | 배송 18/50 | 미활동 0 | 2홉+ 0.72 | 도달  947 | 차단 1281
Ep 186 | Step 1000 | R   153.21 | 배송 17/50 | 미활동 0 | 2홉+ 0.72 | 도달  899 | 차단  415
Ep 187 | Step 1000 | R   128.69 | 배송 16/50 | 미활동 0 | 2홉+ 0.70 | 도달  921 | 차단 1048
Ep 188 | Step 1000 | R   100.45 | 배송 13/50 | 미활동 0 | 2홉+ 0.49 | 도달  585 | 차단 1254
Ep 189 | Step 1000 | R   119.78 | 배송 15/50 | 미활동 0 | 2홉+ 0.62 | 도달  833 | 차단 1207
Ep 190 | Step 1000 | R   145.03 | 배송 17/50 | 미활동 0 | 2홉+ 0.69 | 도달  809 | 차단 1443
Ep 191 | Step 1000 | R   122.91 | 배송 16/50 | 미활동 0 | 2홉+ 0.72 | 도달  768 | 차단 1053
Ep 192 | Step 1000 | R   133.14 | 배송 17/50 | 미활동 0 | 2홉+ 0.72 | 도달  942 | 차단 1123
Ep 193 | Step 1000 | R   112.55 | 배송 15/50 | 미활동 0 | 2홉+ 0.71 | 도달  998 | 차단 1249
Ep 194 | Step 1000 | R   113.47 | 배송 15/50 | 미활동 0 | 2홉+ 0.72 | 도달  951 | 차단 1306
Ep 195 | Step 1000 | R   129.37 | 배송 16/50 | 미활동 0 | 2홉+ 0.72 | 도달  814 | 차단  795
Ep 196 | Step 1000 | R   141.05 | 배송 17/50 | 미활동 0 | 2홉+ 0.72 | 도달  945 | 차단  882
Ep 197 | Step 1000 | R   126.02 | 배송 16/50 | 미활동 0 | 2홉+ 0.69 | 도달  890 | 차단 1480
Ep 198 | Step 1000 | R   143.53 | 배송 17/50 | 미활동 0 | 2홉+ 0.67 | 도달  667 | 차단  795
Ep 199 | Step 1000 | R   182.28 | 배송 20/50 | 미활동 0 | 2홉+ 0.67 | 도달  677 | 차단  331
Ep 200 | Step 1000 | R   145.53 | 배송 17/50 | 미활동 0 | 2홉+ 0.72 | 도달  738 | 차단 1195
  [홀드아웃] 배송 12.8±4.1 미활동 0.17 2홉+ 0.72 도달 857 | 최고 12.8@ep200 | 정체 0/15  ← 최고 갱신
Ep 201 | Step 1000 | R   157.01 | 배송 18/50 | 미활동 0 | 2홉+ 0.70 | 도달  845 | 차단  671
Ep 202 | Step 1000 | R   176.58 | 배송 20/50 | 미활동 0 | 2홉+ 0.56 | 도달  907 | 차단  877
Ep 203 | Step 1000 | R   157.60 | 배송 19/50 | 미활동 0 | 2홉+ 0.72 | 도달  993 | 차단 1097
Ep 204 | Step 1000 | R   151.98 | 배송 18/50 | 미활동 0 | 2홉+ 0.72 | 도달  992 | 차단 1080
Ep 205 | Step 1000 | R   136.20 | 배송 16/50 | 미활동 0 | 2홉+ 0.71 | 도달  829 | 차단  500
Ep 206 | Step 1000 | R   127.45 | 배송 16/50 | 미활동 0 | 2홉+ 0.71 | 도달  945 | 차단 1304
Ep 207 | Step 1000 | R   121.11 | 배송 16/50 | 미활동 0 | 2홉+ 0.70 | 도달  975 | 차단  992
Ep 208 | Step 1000 | R   139.84 | 배송 16/50 | 미활동 0 | 2홉+ 0.71 | 도달  684 | 차단  544
Ep 209 | Step 1000 | R   140.90 | 배송 17/50 | 미활동 0 | 2홉+ 0.72 | 도달  747 | 차단  836
Ep 210 | Step 1000 | R   161.67 | 배송 19/50 | 미활동 0 | 2홉+ 0.72 | 도달  710 | 차단 1054
Ep 211 | Step 1000 | R   144.95 | 배송 18/50 | 미활동 0 | 2홉+ 0.69 | 도달  733 | 차단  669
Ep 212 | Step 1000 | R   142.68 | 배송 17/50 | 미활동 0 | 2홉+ 0.61 | 도달  821 | 차단 1387
Ep 213 | Step 1000 | R   174.73 | 배송 19/50 | 미활동 0 | 2홉+ 0.70 | 도달  945 | 차단  384
Ep 214 | Step 1000 | R   147.07 | 배송 17/50 | 미활동 0 | 2홉+ 0.72 | 도달  729 | 차단 1077
Ep 215 | Step 1000 | R   137.45 | 배송 17/50 | 미활동 0 | 2홉+ 0.72 | 도달  879 | 차단 1234
Ep 216 | Step 1000 | R   138.03 | 배송 16/50 | 미활동 0 | 2홉+ 0.67 | 도달  712 | 차단  944
Ep 217 | Step 1000 | R    90.00 | 배송 13/50 | 미활동 0 | 2홉+ 0.73 | 도달  632 | 차단 2061
Ep 218 | Step 1000 | R   145.06 | 배송 17/50 | 미활동 0 | 2홉+ 0.72 | 도달 1011 | 차단  902
Ep 219 | Step 1000 | R   134.44 | 배송 16/50 | 미활동 0 | 2홉+ 0.72 | 도달  924 | 차단 1018
Ep 220 | Step 1000 | R   197.23 | 배송 19/50 | 미활동 0 | 2홉+ 0.62 | 도달  701 | 차단 1127
Ep 221 | Step 1000 | R   151.88 | 배송 18/50 | 미활동 0 | 2홉+ 0.52 | 도달  563 | 차단 1129
Ep 222 | Step 1000 | R   147.76 | 배송 17/50 | 미활동 0 | 2홉+ 0.52 | 도달  805 | 차단 1116
Ep 223 | Step 1000 | R   164.56 | 배송 18/50 | 미활동 0 | 2홉+ 0.66 | 도달  715 | 차단 1314
Ep 224 | Step 1000 | R   126.78 | 배송 15/50 | 미활동 0 | 2홉+ 0.64 | 도달  618 | 차단 1036
Ep 225 | Step 1000 | R   117.87 | 배송 17/50 | 미활동 0 | 2홉+ 0.72 | 도달  806 | 차단 1822
Ep 226 | Step 1000 | R   103.20 | 배송 13/50 | 미활동 0 | 2홉+ 0.72 | 도달  807 | 차단 1823
Ep 227 | Step 1000 | R   158.15 | 배송 19/50 | 미활동 0 | 2홉+ 0.60 | 도달  739 | 차단 1578
Ep 228 | Step 1000 | R   107.21 | 배송 13/50 | 미활동 0 | 2홉+ 0.50 | 도달  546 | 차단  805
Ep 229 | Step 1000 | R   145.74 | 배송 16/50 | 미활동 0 | 2홉+ 0.54 | 도달  643 | 차단  658
Ep 230 | Step 1000 | R   119.49 | 배송 14/50 | 미활동 0 | 2홉+ 0.45 | 도달  618 | 차단  794
Ep 231 | Step 1000 | R   109.61 | 배송 16/50 | 미활동 0 | 2홉+ 0.72 | 도달  928 | 차단 2275
Ep 232 | Step 1000 | R   135.71 | 배송 17/50 | 미활동 0 | 2홉+ 0.72 | 도달  921 | 차단 1380
Ep 233 | Step 1000 | R   186.44 | 배송 19/50 | 미활동 0 | 2홉+ 0.64 | 도달  818 | 차단 1364
Ep 234 | Step 1000 | R   166.37 | 배송 18/50 | 미활동 0 | 2홉+ 0.73 | 도달  897 | 차단  642
Ep 235 | Step 1000 | R   152.47 | 배송 18/50 | 미활동 0 | 2홉+ 0.64 | 도달  736 | 차단  891
Ep 236 | Step 1000 | R   126.22 | 배송 16/50 | 미활동 0 | 2홉+ 0.73 | 도달  975 | 차단 1067
Ep 237 | Step 1000 | R   156.06 | 배송 18/50 | 미활동 0 | 2홉+ 0.66 | 도달  860 | 차단 1093
Ep 238 | Step 1000 | R   161.15 | 배송 18/50 | 미활동 0 | 2홉+ 0.71 | 도달  788 | 차단  413
Ep 239 | Step 1000 | R   134.95 | 배송 17/50 | 미활동 0 | 2홉+ 0.55 | 도달  782 | 차단 1353
Ep 240 | Step 1000 | R   148.43 | 배송 18/50 | 미활동 0 | 2홉+ 0.72 | 도달  916 | 차단 1045
Ep 241 | Step 1000 | R   208.59 | 배송 20/50 | 미활동 0 | 2홉+ 0.55 | 도달  903 | 차단  888
Ep 242 | Step 1000 | R   130.05 | 배송 16/50 | 미활동 0 | 2홉+ 0.72 | 도달  981 | 차단 1500
Ep 243 | Step 1000 | R   131.27 | 배송 17/50 | 미활동 0 | 2홉+ 0.71 | 도달  614 | 차단 1724
Ep 244 | Step 1000 | R   186.12 | 배송 18/50 | 미활동 0 | 2홉+ 0.72 | 도달  759 | 차단 1324
Ep 245 | Step 1000 | R   151.87 | 배송 18/50 | 미활동 0 | 2홉+ 0.72 | 도달  859 | 차단  560
Ep 246 | Step 1000 | R    94.38 | 배송 13/50 | 미활동 0 | 2홉+ 0.70 | 도달  882 | 차단 1276
Ep 247 | Step 1000 | R   134.40 | 배송 16/50 | 미활동 0 | 2홉+ 0.56 | 도달  671 | 차단  622
Ep 248 | Step 1000 | R   226.39 | 배송 20/50 | 미활동 0 | 2홉+ 0.55 | 도달  594 | 차단  210
Ep 249 | Step 1000 | R   170.99 | 배송 19/50 | 미활동 0 | 2홉+ 0.72 | 도달  777 | 차단  932
Ep 250 | Step 1000 | R   147.67 | 배송 17/50 | 미활동 0 | 2홉+ 0.61 | 도달  624 | 차단  442
  [홀드아웃] 배송 9.7±5.4 미활동 0.83 2홉+ 0.61 도달 588 | 최고 12.8@ep200 | 정체 1/15
Ep 251 | Step 1000 | R   258.49 | 배송 20/50 | 미활동 0 | 2홉+ 0.53 | 도달  735 | 차단  334
Ep 252 | Step 1000 | R   219.33 | 배송 21/50 | 미활동 0 | 2홉+ 0.61 | 도달  765 | 차단  497
Ep 253 | Step 1000 | R   180.08 | 배송 17/50 | 미활동 0 | 2홉+ 0.63 | 도달  701 | 차단  799
Ep 254 | Step 1000 | R   107.94 | 배송 16/50 | 미활동 0 | 2홉+ 0.72 | 도달  607 | 차단 2133
Ep 255 | Step 1000 | R   148.89 | 배송 17/50 | 미활동 0 | 2홉+ 0.45 | 도달  589 | 차단  428
Ep 256 | Step 1000 | R   150.49 | 배송 19/50 | 미활동 0 | 2홉+ 0.72 | 도달  806 | 차단 1273
Ep 257 | Step 1000 | R   164.69 | 배송 16/50 | 미활동 0 | 2홉+ 0.62 | 도달  657 | 차단  774
Ep 258 | Step 1000 | R   134.83 | 배송 17/50 | 미활동 0 | 2홉+ 0.72 | 도달  830 | 차단 1470
Ep 259 | Step 1000 | R   181.30 | 배송 19/50 | 미활동 0 | 2홉+ 0.62 | 도달  732 | 차단  247
Ep 260 | Step 1000 | R   205.80 | 배송 18/50 | 미활동 0 | 2홉+ 0.50 | 도달  850 | 차단  454
Ep 261 | Step 1000 | R   168.99 | 배송 20/50 | 미활동 0 | 2홉+ 0.72 | 도달  755 | 차단 1122
Ep 262 | Step 1000 | R   206.26 | 배송 19/50 | 미활동 0 | 2홉+ 0.61 | 도달  875 | 차단  868
Ep 263 | Step 1000 | R   125.65 | 배송 15/50 | 미활동 0 | 2홉+ 0.55 | 도달  741 | 차단  738
Ep 264 | Step 1000 | R   120.41 | 배송 17/50 | 미활동 0 | 2홉+ 0.72 | 도달 1039 | 차단 1909
Ep 265 | Step 1000 | R   160.52 | 배송 18/50 | 미활동 0 | 2홉+ 0.51 | 도달  716 | 차단  430
Ep 266 | Step 1000 | R   111.48 | 배송 15/50 | 미활동 0 | 2홉+ 0.46 | 도달  583 | 차단 1954
Ep 267 | Step 1000 | R   161.67 | 배송 18/50 | 미활동 0 | 2홉+ 0.62 | 도달  695 | 차단  385
Ep 268 | Step 1000 | R   235.84 | 배송 22/50 | 미활동 0 | 2홉+ 0.64 | 도달  699 | 차단  748
Ep 269 | Step 1000 | R   111.31 | 배송 15/50 | 미활동 0 | 2홉+ 0.52 | 도달  717 | 차단 1461
Ep 270 | Step 1000 | R   139.65 | 배송 16/50 | 미활동 0 | 2홉+ 0.64 | 도달  802 | 차단 1206
Ep 271 | Step 1000 | R   186.23 | 배송 18/50 | 미활동 0 | 2홉+ 0.61 | 도달  692 | 차단  779
Ep 272 | Step 1000 | R   141.51 | 배송 17/50 | 미활동 0 | 2홉+ 0.72 | 도달  935 | 차단  928
Ep 273 | Step 1000 | R    95.69 | 배송 13/50 | 미활동 0 | 2홉+ 0.58 | 도달  525 | 차단 1132
Ep 274 | Step 1000 | R   137.18 | 배송 16/50 | 미활동 0 | 2홉+ 0.69 | 도달  666 | 차단  657
Ep 275 | Step 1000 | R   188.30 | 배송 17/50 | 미활동 0 | 2홉+ 0.45 | 도달  531 | 차단  382
Ep 276 | Step 1000 | R   118.33 | 배송 15/50 | 미활동 0 | 2홉+ 0.71 | 도달  681 | 차단 1690
Ep 277 | Step 1000 | R   180.32 | 배송 20/50 | 미활동 0 | 2홉+ 0.68 | 도달  829 | 차단  325
Ep 278 | Step 1000 | R   130.92 | 배송 17/50 | 미활동 0 | 2홉+ 0.65 | 도달  814 | 차단 1212
Ep 279 | Step 1000 | R   120.42 | 배송 16/50 | 미활동 0 | 2홉+ 0.72 | 도달  729 | 차단 1382
Ep 280 | Step 1000 | R   103.94 | 배송 13/50 | 미활동 0 | 2홉+ 0.71 | 도달  674 | 차단  672
Ep 281 | Step 1000 | R   168.81 | 배송 17/50 | 미활동 0 | 2홉+ 0.54 | 도달  687 | 차단  883
Ep 282 | Step 1000 | R   174.07 | 배송 19/50 | 미활동 0 | 2홉+ 0.46 | 도달  611 | 차단  224
Ep 283 | Step 1000 | R   122.87 | 배송 15/50 | 미활동 0 | 2홉+ 0.56 | 도달  617 | 차단  219
Ep 284 | Step 1000 | R   163.78 | 배송 19/50 | 미활동 0 | 2홉+ 0.72 | 도달  819 | 차단  819
Ep 285 | Step 1000 | R   171.86 | 배송 19/50 | 미활동 0 | 2홉+ 0.68 | 도달  622 | 차단  434
Ep 286 | Step 1000 | R   197.70 | 배송 18/50 | 미활동 0 | 2홉+ 0.60 | 도달  735 | 차단  393
Ep 287 | Step 1000 | R   143.91 | 배송 17/50 | 미활동 0 | 2홉+ 0.71 | 도달  680 | 차단  372
Ep 288 | Step 1000 | R   137.93 | 배송 16/50 | 미활동 0 | 2홉+ 0.54 | 도달  587 | 차단 1418
Ep 289 | Step 1000 | R   261.22 | 배송 20/50 | 미활동 0 | 2홉+ 0.48 | 도달  720 | 차단  230
Ep 290 | Step 1000 | R   146.35 | 배송 17/50 | 미활동 0 | 2홉+ 0.68 | 도달  775 | 차단  879
Ep 291 | Step 1000 | R   125.81 | 배송 14/50 | 미활동 0 | 2홉+ 0.71 | 도달  793 | 차단  478
Ep 292 | Step 1000 | R   141.90 | 배송 17/50 | 미활동 0 | 2홉+ 0.69 | 도달  715 | 차단 1050
Ep 293 | Step 1000 | R   186.06 | 배송 18/50 | 미활동 0 | 2홉+ 0.58 | 도달  695 | 차단  712
Ep 294 | Step 1000 | R   130.34 | 배송 15/50 | 미활동 0 | 2홉+ 0.64 | 도달  610 | 차단  458
Ep 295 | Step 1000 | R   182.11 | 배송 17/50 | 미활동 0 | 2홉+ 0.48 | 도달  706 | 차단  735
Ep 296 | Step 1000 | R   157.77 | 배송 18/50 | 미활동 0 | 2홉+ 0.60 | 도달  629 | 차단  723
Ep 297 | Step 1000 | R   214.29 | 배송 19/50 | 미활동 0 | 2홉+ 0.44 | 도달  653 | 차단  553
Ep 298 | Step 1000 | R   181.70 | 배송 20/50 | 미활동 0 | 2홉+ 0.64 | 도달  730 | 차단  636
Ep 299 | Step 1000 | R   211.50 | 배송 21/50 | 미활동 0 | 2홉+ 0.64 | 도달  714 | 차단 1078
Ep 300 | Step 1000 | R   186.54 | 배송 17/50 | 미활동 0 | 2홉+ 0.53 | 도달  611 | 차단  388
  [홀드아웃] 배송 8.7±3.9 미활동 0.50 2홉+ 0.54 도달 585 | 최고 12.8@ep200 | 정체 2/15
Ep 301 | Step 1000 | R   121.21 | 배송 14/50 | 미활동 0 | 2홉+ 0.69 | 도달  742 | 차단  651
Ep 302 | Step 1000 | R   175.15 | 배송 19/50 | 미활동 0 | 2홉+ 0.46 | 도달  596 | 차단  249
Ep 303 | Step 1000 | R   123.43 | 배송 14/50 | 미활동 0 | 2홉+ 0.43 | 도달  643 | 차단  551
Ep 304 | Step 1000 | R   122.45 | 배송 14/50 | 미활동 1 | 2홉+ 0.48 | 도달  715 | 차단  617
Ep 305 | Step 1000 | R   150.71 | 배송 17/50 | 미활동 0 | 2홉+ 0.63 | 도달  742 | 차단  237
Ep 306 | Step 1000 | R   164.49 | 배송 18/50 | 미활동 0 | 2홉+ 0.60 | 도달  766 | 차단  566
Ep 307 | Step 1000 | R   129.60 | 배송 17/50 | 미활동 0 | 2홉+ 0.71 | 도달  722 | 차단 1755
Ep 308 | Step 1000 | R   170.71 | 배송 19/50 | 미활동 0 | 2홉+ 0.54 | 도달  724 | 차단  716
Ep 309 | Step 1000 | R   126.26 | 배송 15/50 | 미활동 0 | 2홉+ 0.71 | 도달  783 | 차단  626
Ep 310 | Step 1000 | R   146.05 | 배송 17/50 | 미활동 0 | 2홉+ 0.39 | 도달  764 | 차단  619
Ep 311 | Step 1000 | R   169.08 | 배송 19/50 | 미활동 0 | 2홉+ 0.72 | 도달 1011 | 차단  884
Ep 312 | Step 1000 | R   163.01 | 배송 18/50 | 미활동 0 | 2홉+ 0.57 | 도달  727 | 차단  853
Ep 313 | Step 1000 | R   183.02 | 배송 17/50 | 미활동 0 | 2홉+ 0.56 | 도달  734 | 차단  886
Ep 314 | Step 1000 | R   116.53 | 배송 15/50 | 미활동 0 | 2홉+ 0.66 | 도달  636 | 차단  868
Ep 315 | Step 1000 | R   146.33 | 배송 17/50 | 미활동 0 | 2홉+ 0.58 | 도달  794 | 차단 1148
Ep 316 | Step 1000 | R   126.19 | 배송 16/50 | 미활동 0 | 2홉+ 0.71 | 도달  669 | 차단 1320
Ep 317 | Step 1000 | R   135.70 | 배송 16/50 | 미활동 0 | 2홉+ 0.54 | 도달  710 | 차단  849
Ep 318 | Step 1000 | R   130.71 | 배송 16/50 | 미활동 0 | 2홉+ 0.53 | 도달  601 | 차단 1187
Ep 319 | Step 1000 | R   137.94 | 배송 17/50 | 미활동 0 | 2홉+ 0.61 | 도달  697 | 차단 1043
Ep 320 | Step 1000 | R   166.60 | 배송 16/50 | 미활동 0 | 2홉+ 0.50 | 도달  658 | 차단  774
Ep 321 | Step 1000 | R   215.44 | 배송 20/50 | 미활동 0 | 2홉+ 0.53 | 도달  813 | 차단  513
Ep 322 | Step 1000 | R   236.56 | 배송 19/50 | 미활동 0 | 2홉+ 0.49 | 도달  571 | 차단  497
Ep 323 | Step 1000 | R   114.70 | 배송 16/50 | 미활동 0 | 2홉+ 0.65 | 도달  667 | 차단 2034
Ep 324 | Step 1000 | R   141.80 | 배송 18/50 | 미활동 0 | 2홉+ 0.58 | 도달  745 | 차단 1103
Ep 325 | Step 1000 | R   160.07 | 배송 15/50 | 미활동 0 | 2홉+ 0.55 | 도달  779 | 차단  731
Ep 326 | Step 1000 | R   182.46 | 배송 19/50 | 미활동 0 | 2홉+ 0.43 | 도달  695 | 차단   73
Ep 327 | Step 1000 | R   142.77 | 배송 16/50 | 미활동 0 | 2홉+ 0.67 | 도달  711 | 차단  874
Ep 328 | Step 1000 | R   136.72 | 배송 16/50 | 미활동 0 | 2홉+ 0.52 | 도달  573 | 차단  773
Ep 329 | Step 1000 | R   172.14 | 배송 16/50 | 미활동 0 | 2홉+ 0.41 | 도달  667 | 차단  666
Ep 330 | Step 1000 | R   170.55 | 배송 19/50 | 미활동 0 | 2홉+ 0.69 | 도달  664 | 차단  538
Ep 331 | Step 1000 | R   119.48 | 배송 15/50 | 미활동 0 | 2홉+ 0.61 | 도달  536 | 차단 1097
Ep 332 | Step 1000 | R   116.16 | 배송 15/50 | 미활동 0 | 2홉+ 0.55 | 도달  560 | 차단 1278
Ep 333 | Step 1000 | R   214.08 | 배송 20/50 | 미활동 0 | 2홉+ 0.59 | 도달  691 | 차단  439
Ep 334 | Step 1000 | R   124.15 | 배송 16/50 | 미활동 0 | 2홉+ 0.66 | 도달  587 | 차단 1558
Ep 335 | Step 1000 | R   189.95 | 배송 18/50 | 미활동 0 | 2홉+ 0.55 | 도달  799 | 차단  845
Ep 336 | Step 1000 | R   147.61 | 배송 18/50 | 미활동 0 | 2홉+ 0.72 | 도달  850 | 차단 1685
Ep 337 | Step 1000 | R   238.42 | 배송 19/50 | 미활동 0 | 2홉+ 0.60 | 도달  814 | 차단  402
Ep 338 | Step 1000 | R   182.77 | 배송 18/50 | 미활동 0 | 2홉+ 0.54 | 도달  765 | 차단  871
Ep 339 | Step 1000 | R   207.05 | 배송 19/50 | 미활동 0 | 2홉+ 0.67 | 도달  779 | 차단  613
Ep 340 | Step 1000 | R   105.18 | 배송 14/50 | 미활동 0 | 2홉+ 0.67 | 도달  756 | 차단 1237
Ep 341 | Step 1000 | R   121.29 | 배송 17/50 | 미활동 0 | 2홉+ 0.59 | 도달  760 | 차단 1730
Ep 342 | Step 1000 | R   169.15 | 배송 19/50 | 미활동 0 | 2홉+ 0.45 | 도달  634 | 차단  376
Ep 343 | Step 1000 | R   119.68 | 배송 16/50 | 미활동 0 | 2홉+ 0.64 | 도달  766 | 차단 1187
Ep 344 | Step 1000 | R   196.31 | 배송 18/50 | 미활동 0 | 2홉+ 0.59 | 도달  639 | 차단  679
Ep 345 | Step 1000 | R    71.78 | 배송 13/50 | 미활동 0 | 2홉+ 0.71 | 도달  719 | 차단 2328
Ep 346 | Step 1000 | R    74.29 | 배송 13/50 | 미활동 0 | 2홉+ 0.71 | 도달  728 | 차단 2408
Ep 347 | Step 1000 | R   161.40 | 배송 18/50 | 미활동 0 | 2홉+ 0.68 | 도달  665 | 차단  378
Ep 348 | Step 1000 | R   141.43 | 배송 18/50 | 미활동 0 | 2홉+ 0.71 | 도달  715 | 차단 1361
Ep 349 | Step 1000 | R   152.55 | 배송 17/50 | 미활동 0 | 2홉+ 0.64 | 도달  754 | 차단  773
Ep 350 | Step 1000 | R   164.23 | 배송 18/50 | 미활동 0 | 2홉+ 0.60 | 도달  738 | 차단  511
  [홀드아웃] 배송 6.5±2.5 미활동 0.67 2홉+ 0.64 도달 629 | 최고 12.8@ep200 | 정체 3/15
Ep 351 | Step 1000 | R   124.02 | 배송 14/50 | 미활동 0 | 2홉+ 0.39 | 도달  771 | 차단  135
Ep 352 | Step 1000 | R   258.31 | 배송 20/50 | 미활동 0 | 2홉+ 0.40 | 도달  757 | 차단  240
Ep 353 | Step 1000 | R   184.39 | 배송 17/50 | 미활동 0 | 2홉+ 0.43 | 도달  786 | 차단  557
Ep 354 | Step 1000 | R   147.52 | 배송 16/50 | 미활동 0 | 2홉+ 0.65 | 도달  724 | 차단  387
Ep 355 | Step 1000 | R   144.51 | 배송 14/50 | 미활동 0 | 2홉+ 0.45 | 도달  621 | 차단  717
Ep 356 | Step 1000 | R   163.63 | 배송 18/50 | 미활동 0 | 2홉+ 0.58 | 도달  590 | 차단  411
Ep 357 | Step 1000 | R   149.90 | 배송 16/50 | 미활동 0 | 2홉+ 0.36 | 도달  647 | 차단  323
Ep 358 | Step 1000 | R   213.67 | 배송 20/50 | 미활동 0 | 2홉+ 0.45 | 도달  817 | 차단  273
Ep 359 | Step 1000 | R   140.33 | 배송 16/50 | 미활동 0 | 2홉+ 0.49 | 도달  561 | 차단  335
Ep 360 | Step 1000 | R   129.03 | 배송 15/50 | 미활동 0 | 2홉+ 0.50 | 도달  589 | 차단  786
Ep 361 | Step 1000 | R   144.02 | 배송 16/50 | 미활동 0 | 2홉+ 0.47 | 도달  659 | 차단  485
Ep 362 | Step 1000 | R   146.46 | 배송 17/50 | 미활동 0 | 2홉+ 0.69 | 도달  663 | 차단  343
Ep 363 | Step 1000 | R   157.80 | 배송 17/50 | 미활동 0 | 2홉+ 0.59 | 도달  571 | 차단  144
Ep 364 | Step 1000 | R   149.68 | 배송 17/50 | 미활동 0 | 2홉+ 0.62 | 도달  705 | 차단  770
Ep 365 | Step 1000 | R   127.74 | 배송 15/50 | 미활동 0 | 2홉+ 0.53 | 도달  654 | 차단  211
Ep 366 | Step 1000 | R   106.34 | 배송 14/50 | 미활동 0 | 2홉+ 0.61 | 도달  635 | 차단  431
Ep 367 | Step 1000 | R   114.53 | 배송 15/50 | 미활동 0 | 2홉+ 0.59 | 도달  555 | 차단 1576
Ep 368 | Step 1000 | R   120.44 | 배송 16/50 | 미활동 0 | 2홉+ 0.68 | 도달  683 | 차단 1360
Ep 369 | Step 1000 | R    61.15 | 배송  9/50 | 미활동 0 | 2홉+ 0.61 | 도달  491 | 차단 1277
Ep 370 | Step 1000 | R   198.46 | 배송 18/50 | 미활동 0 | 2홉+ 0.38 | 도달  563 | 차단  417
Ep 371 | Step 1000 | R   101.62 | 배송 13/50 | 미활동 0 | 2홉+ 0.57 | 도달  643 | 차단  884
Ep 372 | Step 1000 | R   123.59 | 배송 15/50 | 미활동 0 | 2홉+ 0.50 | 도달  619 | 차단 1208
Ep 373 | Step 1000 | R   134.81 | 배송 16/50 | 미활동 0 | 2홉+ 0.38 | 도달  695 | 차단  629
Ep 374 | Step 1000 | R   127.53 | 배송 16/50 | 미활동 0 | 2홉+ 0.58 | 도달  633 | 차단  732
Ep 375 | Step 1000 | R   139.82 | 배송 16/50 | 미활동 0 | 2홉+ 0.65 | 도달  725 | 차단  565
Ep 376 | Step 1000 | R   138.96 | 배송 16/50 | 미활동 0 | 2홉+ 0.53 | 도달  656 | 차단  355
Ep 377 | Step 1000 | R   153.20 | 배송 14/50 | 미활동 0 | 2홉+ 0.42 | 도달  713 | 차단  804
Ep 378 | Step 1000 | R   141.68 | 배송 16/50 | 미활동 0 | 2홉+ 0.41 | 도달  583 | 차단  312
Ep 379 | Step 1000 | R   206.20 | 배송 19/50 | 미활동 0 | 2홉+ 0.52 | 도달  638 | 차단  365
Ep 380 | Step 1000 | R   109.44 | 배송 15/50 | 미활동 0 | 2홉+ 0.46 | 도달  663 | 차단 1390
Ep 381 | Step 1000 | R   142.91 | 배송 16/50 | 미활동 0 | 2홉+ 0.47 | 도달  632 | 차단  505
Ep 382 | Step 1000 | R   140.33 | 배송 16/50 | 미활동 0 | 2홉+ 0.51 | 도달  628 | 차단  759
Ep 383 | Step 1000 | R   119.87 | 배송 14/50 | 미활동 0 | 2홉+ 0.45 | 도달  570 | 차단  359
Ep 384 | Step 1000 | R    93.56 | 배송 12/50 | 미활동 0 | 2홉+ 0.47 | 도달  564 | 차단  859
Ep 385 | Step 1000 | R    18.04 | 배송  9/50 | 미활동 0 | 2홉+ 0.69 | 도달  524 | 차단 3113
Ep 386 | Step 1000 | R   143.63 | 배송 17/50 | 미활동 0 | 2홉+ 0.53 | 도달  770 | 차단 1105
Ep 387 | Step 1000 | R   111.14 | 배송 13/50 | 미활동 0 | 2홉+ 0.44 | 도달  640 | 차단  477
Ep 388 | Step 1000 | R   220.37 | 배송 17/50 | 미활동 0 | 2홉+ 0.50 | 도달  636 | 차단  511
Ep 389 | Step 1000 | R   130.20 | 배송 15/50 | 미활동 0 | 2홉+ 0.66 | 도달  676 | 차단  666
Ep 390 | Step 1000 | R   145.08 | 배송 16/50 | 미활동 0 | 2홉+ 0.47 | 도달  605 | 차단  398
Ep 391 | Step 1000 | R   143.96 | 배송 14/50 | 미활동 0 | 2홉+ 0.52 | 도달  601 | 차단  946
Ep 392 | Step 1000 | R   145.91 | 배송 16/50 | 미활동 0 | 2홉+ 0.47 | 도달  677 | 차단  450
Ep 393 | Step 1000 | R   195.28 | 배송 18/50 | 미활동 0 | 2홉+ 0.51 | 도달  641 | 차단  324
Ep 394 | Step 1000 | R   131.32 | 배송 15/50 | 미활동 0 | 2홉+ 0.52 | 도달  657 | 차단 1238
Ep 395 | Step 1000 | R   142.23 | 배송 16/50 | 미활동 0 | 2홉+ 0.66 | 도달  774 | 차단  455
Ep 396 | Step 1000 | R   151.69 | 배송 17/50 | 미활동 0 | 2홉+ 0.56 | 도달  765 | 차단  555
Ep 397 | Step 1000 | R   199.72 | 배송 17/50 | 미활동 0 | 2홉+ 0.52 | 도달  775 | 차단  237
Ep 398 | Step 1000 | R   194.01 | 배송 18/50 | 미활동 0 | 2홉+ 0.55 | 도달  717 | 차단  314
Ep 399 | Step 1000 | R   125.39 | 배송 15/50 | 미활동 0 | 2홉+ 0.56 | 도달  802 | 차단  774
Ep 400 | Step 1000 | R   165.67 | 배송 16/50 | 미활동 0 | 2홉+ 0.48 | 도달  602 | 차단 1042
  [홀드아웃] 배송 10.0±2.5 미활동 0.17 2홉+ 0.59 도달 707 | 최고 12.8@ep200 | 정체 4/15
Ep 401 | Step 1000 | R   143.85 | 배송 17/50 | 미활동 0 | 2홉+ 0.48 | 도달  709 | 차단 1099
Ep 402 | Step 1000 | R   202.05 | 배송 18/50 | 미활동 0 | 2홉+ 0.54 | 도달  632 | 차단  315
Ep 403 | Step 1000 | R   150.97 | 배송 18/50 | 미활동 0 | 2홉+ 0.44 | 도달  599 | 차단  924
Ep 404 | Step 1000 | R   165.08 | 배송 15/50 | 미활동 0 | 2홉+ 0.36 | 도달  558 | 차단  259
Ep 405 | Step 1000 | R   180.81 | 배송 17/50 | 미활동 0 | 2홉+ 0.54 | 도달  655 | 차단 1144
Ep 406 | Step 1000 | R   148.42 | 배송 16/50 | 미활동 0 | 2홉+ 0.42 | 도달  584 | 차단  309
Ep 407 | Step 1000 | R   220.28 | 배송 21/50 | 미활동 0 | 2홉+ 0.49 | 도달  656 | 차단  276
Ep 408 | Step 1000 | R   133.87 | 배송 16/50 | 미활동 0 | 2홉+ 0.62 | 도달  780 | 차단  994
Ep 409 | Step 1000 | R   143.48 | 배송 16/50 | 미활동 0 | 2홉+ 0.49 | 도달  560 | 차단  742
Ep 410 | Step 1000 | R   109.06 | 배송 13/50 | 미활동 0 | 2홉+ 0.31 | 도달  634 | 차단  239
Ep 411 | Step 1000 | R   175.88 | 배송 17/50 | 미활동 0 | 2홉+ 0.48 | 도달  738 | 차단  609
Ep 412 | Step 1000 | R   141.44 | 배송 13/50 | 미활동 0 | 2홉+ 0.51 | 도달  579 | 차단  523
Ep 413 | Step 1000 | R   124.91 | 배송 15/50 | 미활동 0 | 2홉+ 0.55 | 도달  641 | 차단  654
Ep 414 | Step 1000 | R   128.25 | 배송 15/50 | 미활동 0 | 2홉+ 0.51 | 도달  744 | 차단  407
Ep 415 | Step 1000 | R   184.22 | 배송 18/50 | 미활동 0 | 2홉+ 0.61 | 도달  755 | 차단  706
Ep 416 | Step 1000 | R   197.99 | 배송 19/50 | 미활동 0 | 2홉+ 0.64 | 도달  652 | 차단 1020
Ep 417 | Step 1000 | R   130.13 | 배송 16/50 | 미활동 0 | 2홉+ 0.60 | 도달  670 | 차단  872
Ep 418 | Step 1000 | R   259.21 | 배송 21/50 | 미활동 0 | 2홉+ 0.43 | 도달  712 | 차단  394
Ep 419 | Step 1000 | R   141.53 | 배송 16/50 | 미활동 0 | 2홉+ 0.40 | 도달  699 | 차단  329
Ep 420 | Step 1000 | R   142.32 | 배송 16/50 | 미활동 0 | 2홉+ 0.65 | 도달  788 | 차단  612
Ep 421 | Step 1000 | R   122.54 | 배송 15/50 | 미활동 0 | 2홉+ 0.60 | 도달  709 | 차단  983
Ep 422 | Step 1000 | R   272.44 | 배송 19/50 | 미활동 0 | 2홉+ 0.52 | 도달  783 | 차단  700
Ep 423 | Step 1000 | R   187.73 | 배송 17/50 | 미활동 0 | 2홉+ 0.32 | 도달  577 | 차단  772
Ep 424 | Step 1000 | R   110.41 | 배송 14/50 | 미활동 0 | 2홉+ 0.56 | 도달  666 | 차단  502
Ep 425 | Step 1000 | R   109.13 | 배송 13/50 | 미활동 0 | 2홉+ 0.38 | 도달  574 | 차단  474
Ep 426 | Step 1000 | R   133.79 | 배송 17/50 | 미활동 0 | 2홉+ 0.70 | 도달  781 | 차단  761
Ep 427 | Step 1000 | R    87.34 | 배송 12/50 | 미활동 1 | 2홉+ 0.50 | 도달  835 | 차단 1449
Ep 428 | Step 1000 | R   126.49 | 배송 15/50 | 미활동 0 | 2홉+ 0.53 | 도달  554 | 차단  974
Ep 429 | Step 1000 | R   141.04 | 배송 18/50 | 미활동 0 | 2홉+ 0.55 | 도달  816 | 차단 1440
Ep 430 | Step 1000 | R   114.45 | 배송 15/50 | 미활동 0 | 2홉+ 0.59 | 도달  547 | 차단 1305
Ep 431 | Step 1000 | R   172.74 | 배송 16/50 | 미활동 0 | 2홉+ 0.42 | 도달  592 | 차단  749
Ep 432 | Step 1000 | R   124.36 | 배송 15/50 | 미활동 0 | 2홉+ 0.44 | 도달  608 | 차단  834
Ep 433 | Step 1000 | R   136.30 | 배송 13/50 | 미활동 0 | 2홉+ 0.44 | 도달  707 | 차단 1011
Ep 434 | Step 1000 | R   189.93 | 배송 15/50 | 미활동 0 | 2홉+ 0.55 | 도달  589 | 차단 1230
Ep 435 | Step 1000 | R   196.39 | 배송 18/50 | 미활동 0 | 2홉+ 0.50 | 도달  707 | 차단  567
Ep 436 | Step 1000 | R   116.86 | 배송 14/50 | 미활동 0 | 2홉+ 0.53 | 도달  682 | 차단 1229
Ep 437 | Step 1000 | R   173.22 | 배송 18/50 | 미활동 0 | 2홉+ 0.50 | 도달  717 | 차단  261
Ep 438 | Step 1000 | R   144.78 | 배송 17/50 | 미활동 0 | 2홉+ 0.64 | 도달  662 | 차단  948
Ep 439 | Step 1000 | R   103.44 | 배송 13/50 | 미활동 0 | 2홉+ 0.62 | 도달  699 | 차단 1220
Ep 440 | Step 1000 | R   160.41 | 배송 16/50 | 미활동 0 | 2홉+ 0.61 | 도달  678 | 차단 1071
Ep 441 | Step 1000 | R   167.59 | 배송 16/50 | 미활동 0 | 2홉+ 0.60 | 도달  596 | 차단 1139
Ep 442 | Step 1000 | R   182.64 | 배송 17/50 | 미활동 0 | 2홉+ 0.58 | 도달  709 | 차단  731
Ep 443 | Step 1000 | R   168.07 | 배송 15/50 | 미활동 0 | 2홉+ 0.58 | 도달  597 | 차단  623
Ep 444 | Step 1000 | R   157.86 | 배송 15/50 | 미활동 0 | 2홉+ 0.59 | 도달  634 | 차단  740
Ep 445 | Step 1000 | R   138.72 | 배송 17/50 | 미활동 0 | 2홉+ 0.72 | 도달  890 | 차단  980
Ep 446 | Step 1000 | R   203.71 | 배송 16/50 | 미활동 0 | 2홉+ 0.53 | 도달  735 | 차단  635
Ep 447 | Step 1000 | R   214.18 | 배송 20/50 | 미활동 0 | 2홉+ 0.45 | 도달  783 | 차단  751
Ep 448 | Step 1000 | R   148.37 | 배송 17/50 | 미활동 0 | 2홉+ 0.61 | 도달  809 | 차단 1153
Ep 449 | Step 1000 | R   150.75 | 배송 17/50 | 미활동 0 | 2홉+ 0.48 | 도달  835 | 차단  778
Ep 450 | Step 1000 | R   157.71 | 배송 15/50 | 미활동 0 | 2홉+ 0.56 | 도달  742 | 차단  967
  [홀드아웃] 배송 9.8±4.8 미활동 0.17 2홉+ 0.68 도달 712 | 최고 12.8@ep200 | 정체 5/15
Ep 451 | Step 1000 | R   143.99 | 배송 17/50 | 미활동 0 | 2홉+ 0.69 | 도달  723 | 차단 1753
Ep 452 | Step 1000 | R   136.23 | 배송 18/50 | 미활동 0 | 2홉+ 0.68 | 도달  676 | 차단 1602
Ep 453 | Step 1000 | R   169.03 | 배송 16/50 | 미활동 0 | 2홉+ 0.60 | 도달  691 | 차단  537
Ep 454 | Step 1000 | R   143.97 | 배송 17/50 | 미활동 0 | 2홉+ 0.57 | 도달  728 | 차단  943
Ep 455 | Step 1000 | R   220.62 | 배송 18/50 | 미활동 0 | 2홉+ 0.48 | 도달  678 | 차단 1006
Ep 456 | Step 1000 | R   183.24 | 배송 18/50 | 미활동 0 | 2홉+ 0.65 | 도달  848 | 차단 1176
Ep 457 | Step 1000 | R   153.16 | 배송 18/50 | 미활동 0 | 2홉+ 0.65 | 도달  878 | 차단 1552
Ep 458 | Step 1000 | R    92.23 | 배송 13/50 | 미활동 0 | 2홉+ 0.61 | 도달  554 | 차단 1684
Ep 459 | Step 1000 | R   121.62 | 배송 16/50 | 미활동 0 | 2홉+ 0.64 | 도달  884 | 차단 1227
Ep 460 | Step 1000 | R    74.77 | 배송 13/50 | 미활동 0 | 2홉+ 0.52 | 도달  896 | 차단 2225
Ep 461 | Step 1000 | R   140.49 | 배송 14/50 | 미활동 1 | 2홉+ 0.41 | 도달  593 | 차단  920
Ep 462 | Step 1000 | R   172.31 | 배송 16/50 | 미활동 0 | 2홉+ 0.46 | 도달  725 | 차단 1107
Ep 463 | Step 1000 | R    44.90 | 배송  9/50 | 미활동 0 | 2홉+ 0.60 | 도달  823 | 차단 2624
Ep 464 | Step 1000 | R   218.53 | 배송 18/50 | 미활동 1 | 2홉+ 0.55 | 도달  861 | 차단 1067
Ep 465 | Step 1000 | R   114.79 | 배송 14/50 | 미활동 0 | 2홉+ 0.44 | 도달  756 | 차단 1176
Ep 466 | Step 1000 | R    96.23 | 배송 12/50 | 미활동 0 | 2홉+ 0.17 | 도달  658 | 차단  229
Ep 467 | Step 1000 | R   104.37 | 배송 13/50 | 미활동 0 | 2홉+ 0.64 | 도달  777 | 차단 1385
Ep 468 | Step 1000 | R    79.26 | 배송 13/50 | 미활동 0 | 2홉+ 0.69 | 도달  945 | 차단 2293
Ep 469 | Step 1000 | R   171.06 | 배송 16/50 | 미활동 0 | 2홉+ 0.53 | 도달  812 | 차단 1017
Ep 470 | Step 1000 | R   142.87 | 배송 17/50 | 미활동 0 | 2홉+ 0.61 | 도달  795 | 차단  573
Ep 471 | Step 1000 | R   135.53 | 배송 15/50 | 미활동 1 | 2홉+ 0.23 | 도달  588 | 차단   73
Ep 472 | Step 1000 | R   131.46 | 배송 16/50 | 미활동 0 | 2홉+ 0.53 | 도달  736 | 차단  917
Ep 473 | Step 1000 | R   128.37 | 배송 16/50 | 미활동 0 | 2홉+ 0.52 | 도달  613 | 차단 1516
Ep 474 | Step 1000 | R   192.01 | 배송 15/50 | 미활동 0 | 2홉+ 0.42 | 도달  594 | 차단  932
Ep 475 | Step 1000 | R    91.64 | 배송 12/50 | 미활동 1 | 2홉+ 0.66 | 도달  640 | 차단 1614
Ep 476 | Step 1000 | R    66.10 | 배송 11/50 | 미활동 1 | 2홉+ 0.71 | 도달  893 | 차단 1690
Ep 477 | Step 1000 | R   115.44 | 배송 14/50 | 미활동 0 | 2홉+ 0.55 | 도달  697 | 차단  986
Ep 478 | Step 1000 | R   142.32 | 배송 17/50 | 미활동 0 | 2홉+ 0.70 | 도달 1010 | 차단  832
Ep 479 | Step 1000 | R   196.65 | 배송 18/50 | 미활동 0 | 2홉+ 0.44 | 도달  716 | 차단  709
Ep 480 | Step 1000 | R   243.06 | 배송 19/50 | 미활동 0 | 2홉+ 0.41 | 도달  720 | 차단  443
Ep 481 | Step 1000 | R   214.42 | 배송 17/50 | 미활동 1 | 2홉+ 0.43 | 도달  773 | 차단  968
Ep 482 | Step 1000 | R   104.83 | 배송 14/50 | 미활동 0 | 2홉+ 0.72 | 도달  742 | 차단 1553
Ep 483 | Step 1000 | R   104.36 | 배송 13/50 | 미활동 1 | 2홉+ 0.48 | 도달  678 | 차단 1039
Ep 484 | Step 1000 | R   139.28 | 배송 17/50 | 미활동 0 | 2홉+ 0.71 | 도달  804 | 차단 1703
Ep 485 | Step 1000 | R    52.82 | 배송 11/50 | 미활동 1 | 2홉+ 0.70 | 도달  805 | 차단 2669
Ep 486 | Step 1000 | R   222.56 | 배송 18/50 | 미활동 0 | 2홉+ 0.40 | 도달  630 | 차단  591
Ep 487 | Step 1000 | R    71.13 | 배송 11/50 | 미활동 0 | 2홉+ 0.52 | 도달  835 | 차단 2018
Ep 488 | Step 1000 | R    80.89 | 배송 12/50 | 미활동 1 | 2홉+ 0.71 | 도달  609 | 차단 2113
Ep 489 | Step 1000 | R    97.88 | 배송 13/50 | 미활동 0 | 2홉+ 0.68 | 도달  816 | 차단 1754
Ep 490 | Step 1000 | R   105.95 | 배송 14/50 | 미활동 0 | 2홉+ 0.47 | 도달  568 | 차단 1100
Ep 491 | Step 1000 | R    39.93 | 배송  7/50 | 미활동 1 | 2홉+ 0.47 | 도달  502 | 차단 1608
Ep 492 | Step 1000 | R   132.00 | 배송 16/50 | 미활동 0 | 2홉+ 0.49 | 도달  796 | 차단  630
Ep 493 | Step 1000 | R   114.51 | 배송 12/50 | 미활동 1 | 2홉+ 0.57 | 도달  781 | 차단 1718
Ep 494 | Step 1000 | R   134.12 | 배송 16/50 | 미활동 0 | 2홉+ 0.51 | 도달  654 | 차단  968
Ep 495 | Step 1000 | R   144.64 | 배송 16/50 | 미활동 0 | 2홉+ 0.54 | 도달  660 | 차단  278
Ep 496 | Step 1000 | R   123.74 | 배송 16/50 | 미활동 0 | 2홉+ 0.72 | 도달  950 | 차단 1712
Ep 497 | Step 1000 | R   121.12 | 배송 15/50 | 미활동 0 | 2홉+ 0.69 | 도달  677 | 차단 1543
Ep 498 | Step 1000 | R   179.56 | 배송 16/50 | 미활동 0 | 2홉+ 0.48 | 도달  563 | 차단  188
Ep 499 | Step 1000 | R   130.85 | 배송 16/50 | 미활동 0 | 2홉+ 0.72 | 도달  852 | 차단 1519
Ep 500 | Step 1000 | R   112.33 | 배송 15/50 | 미활동 0 | 2홉+ 0.63 | 도달  762 | 차단 1366
  [홀드아웃] 배송 9.3±3.7 미활동 0.83 2홉+ 0.63 도달 669 | 최고 12.8@ep200 | 정체 6/15
Ep 501 | Step 1000 | R   113.07 | 배송 11/50 | 미활동 1 | 2홉+ 0.40 | 도달  631 | 차단  934
Ep 502 | Step 1000 | R   126.85 | 배송 17/50 | 미활동 0 | 2홉+ 0.67 | 도달 1021 | 차단 1275
Ep 503 | Step 1000 | R   115.50 | 배송 14/50 | 미활동 0 | 2홉+ 0.39 | 도달  753 | 차단 1325
Ep 504 | Step 1000 | R   126.90 | 배송 15/50 | 미활동 0 | 2홉+ 0.55 | 도달  740 | 차단  989
Ep 505 | Step 1000 | R    78.30 | 배송 11/50 | 미활동 0 | 2홉+ 0.49 | 도달  719 | 차단 1396
Ep 506 | Step 1000 | R   197.90 | 배송 18/50 | 미활동 1 | 2홉+ 0.45 | 도달  573 | 차단  296
Ep 507 | Step 1000 | R   127.40 | 배송 15/50 | 미활동 0 | 2홉+ 0.64 | 도달  709 | 차단  107
Ep 508 | Step 1000 | R   128.07 | 배송 15/50 | 미활동 0 | 2홉+ 0.44 | 도달  542 | 차단  642
Ep 509 | Step 1000 | R   125.18 | 배송 16/50 | 미활동 0 | 2홉+ 0.40 | 도달  760 | 차단  422
Ep 510 | Step 1000 | R   147.47 | 배송 17/50 | 미활동 0 | 2홉+ 0.65 | 도달  713 | 차단  518
Ep 511 | Step 1000 | R   184.82 | 배송 17/50 | 미활동 0 | 2홉+ 0.51 | 도달  645 | 차단  558
Ep 512 | Step 1000 | R   146.10 | 배송 16/50 | 미활동 0 | 2홉+ 0.41 | 도달  580 | 차단  369
Ep 513 | Step 1000 | R   133.38 | 배송 16/50 | 미활동 0 | 2홉+ 0.46 | 도달  752 | 차단  684
Ep 514 | Step 1000 | R    87.67 | 배송 12/50 | 미활동 0 | 2홉+ 0.67 | 도달  673 | 차단 2176
Ep 515 | Step 1000 | R   114.71 | 배송 15/50 | 미활동 0 | 2홉+ 0.72 | 도달  968 | 차단 1899
Ep 516 | Step 1000 | R   103.12 | 배송 15/50 | 미활동 0 | 2홉+ 0.69 | 도달  779 | 차단 2122
Ep 517 | Step 1000 | R   169.26 | 배송 16/50 | 미활동 0 | 2홉+ 0.58 | 도달  682 | 차단 1149
Ep 518 | Step 1000 | R   160.00 | 배송 15/50 | 미활동 0 | 2홉+ 0.59 | 도달  722 | 차단 1289
Ep 519 | Step 1000 | R   115.82 | 배송 15/50 | 미활동 0 | 2홉+ 0.72 | 도달  653 | 차단 1450
Ep 520 | Step 1000 | R   159.40 | 배송 15/50 | 미활동 0 | 2홉+ 0.44 | 도달  674 | 차단 1138
Ep 521 | Step 1000 | R   134.85 | 배송 16/50 | 미활동 0 | 2홉+ 0.48 | 도달  546 | 차단  569
Ep 522 | Step 1000 | R   167.02 | 배송 15/50 | 미활동 0 | 2홉+ 0.51 | 도달  829 | 차단  514
Ep 523 | Step 1000 | R   289.00 | 배송 21/50 | 미활동 0 | 2홉+ 0.36 | 도달  766 | 차단  747
Ep 524 | Step 1000 | R   154.60 | 배송 15/50 | 미활동 0 | 2홉+ 0.40 | 도달  643 | 차단 1042
Ep 525 | Step 1000 | R   210.47 | 배송 19/50 | 미활동 0 | 2홉+ 0.49 | 도달  660 | 차단  455
Ep 526 | Step 1000 | R   223.82 | 배송 18/50 | 미활동 0 | 2홉+ 0.41 | 도달  728 | 차단  641
Ep 527 | Step 1000 | R   144.41 | 배송 17/50 | 미활동 0 | 2홉+ 0.49 | 도달  746 | 차단 1066
Ep 528 | Step 1000 | R   136.90 | 배송 16/50 | 미활동 0 | 2홉+ 0.38 | 도달  709 | 차단  452
Ep 529 | Step 1000 | R    98.90 | 배송 12/50 | 미활동 1 | 2홉+ 0.30 | 도달  570 | 차단  336
Ep 530 | Step 1000 | R   181.91 | 배송 16/50 | 미활동 0 | 2홉+ 0.34 | 도달  579 | 차단  290
Ep 531 | Step 1000 | R   208.76 | 배송 16/50 | 미활동 0 | 2홉+ 0.60 | 도달  845 | 차단  847
Ep 532 | Step 1000 | R    99.07 | 배송 14/50 | 미활동 0 | 2홉+ 0.62 | 도달  805 | 차단 2079
Ep 533 | Step 1000 | R   132.93 | 배송 15/50 | 미활동 0 | 2홉+ 0.61 | 도달  802 | 차단  712
Ep 534 | Step 1000 | R   118.74 | 배송 14/50 | 미활동 0 | 2홉+ 0.49 | 도달  556 | 차단  375
Ep 535 | Step 1000 | R   119.34 | 배송 15/50 | 미활동 0 | 2홉+ 0.60 | 도달  723 | 차단 1407
Ep 536 | Step 1000 | R   155.85 | 배송 14/50 | 미활동 0 | 2홉+ 0.48 | 도달  577 | 차단  988
Ep 537 | Step 1000 | R   169.92 | 배송 16/50 | 미활동 0 | 2홉+ 0.50 | 도달  637 | 차단  890
Ep 538 | Step 1000 | R   175.75 | 배송 16/50 | 미활동 0 | 2홉+ 0.47 | 도달  788 | 차단  567
Ep 539 | Step 1000 | R   166.43 | 배송 16/50 | 미활동 0 | 2홉+ 0.55 | 도달  602 | 차단  478
Ep 540 | Step 1000 | R   141.88 | 배송 14/50 | 미활동 0 | 2홉+ 0.47 | 도달  610 | 차단  865
Ep 541 | Step 1000 | R   182.35 | 배송 17/50 | 미활동 0 | 2홉+ 0.42 | 도달  700 | 차단  242
Ep 542 | Step 1000 | R   166.70 | 배송 15/50 | 미활동 1 | 2홉+ 0.30 | 도달  654 | 차단  405
Ep 543 | Step 1000 | R   109.23 | 배송 14/50 | 미활동 0 | 2홉+ 0.30 | 도달  701 | 차단  276
Ep 544 | Step 1000 | R   162.24 | 배송 16/50 | 미활동 0 | 2홉+ 0.39 | 도달  730 | 차단  615
Ep 545 | Step 1000 | R    63.22 | 배송 11/50 | 미활동 1 | 2홉+ 0.71 | 도달  555 | 차단 2543
Ep 546 | Step 1000 | R   103.98 | 배송 12/50 | 미활동 0 | 2홉+ 0.35 | 도달  591 | 차단   89
Ep 547 | Step 1000 | R   130.50 | 배송 16/50 | 미활동 0 | 2홉+ 0.65 | 도달  648 | 차단 1567
Ep 548 | Step 1000 | R   120.56 | 배송 15/50 | 미활동 0 | 2홉+ 0.65 | 도달  812 | 차단  814
Ep 549 | Step 1000 | R   136.63 | 배송 13/50 | 미활동 0 | 2홉+ 0.29 | 도달  565 | 차단  855
Ep 550 | Step 1000 | R   156.45 | 배송 14/50 | 미활동 0 | 2홉+ 0.47 | 도달  648 | 차단  498
  [홀드아웃] 배송 9.0±3.1 미활동 0.33 2홉+ 0.56 도달 670 | 최고 12.8@ep200 | 정체 7/15
Ep 551 | Step 1000 | R   146.38 | 배송 17/50 | 미활동 0 | 2홉+ 0.43 | 도달  643 | 차단  417
Ep 552 | Step 1000 | R   174.58 | 배송 16/50 | 미활동 0 | 2홉+ 0.62 | 도달  631 | 차단  380
Ep 553 | Step 1000 | R   188.29 | 배송 18/50 | 미활동 0 | 2홉+ 0.45 | 도달  765 | 차단  676
Ep 554 | Step 1000 | R   125.45 | 배송 16/50 | 미활동 0 | 2홉+ 0.57 | 도달  689 | 차단 1657
Ep 555 | Step 1000 | R   162.05 | 배송 15/50 | 미활동 0 | 2홉+ 0.63 | 도달  699 | 차단  898
Ep 556 | Step 1000 | R   131.96 | 배송 16/50 | 미활동 0 | 2홉+ 0.69 | 도달  693 | 차단 1479
Ep 557 | Step 1000 | R   109.81 | 배송 12/50 | 미활동 0 | 2홉+ 0.54 | 도달  724 | 차단 1593
Ep 558 | Step 1000 | R    89.26 | 배송 11/50 | 미활동 0 | 2홉+ 0.72 | 도달  837 | 차단 1798
Ep 559 | Step 1000 | R   135.73 | 배송 16/50 | 미활동 0 | 2홉+ 0.69 | 도달  876 | 차단  903
Ep 560 | Step 1000 | R   174.48 | 배송 16/50 | 미활동 0 | 2홉+ 0.57 | 도달  705 | 차단  855
Ep 561 | Step 1000 | R   115.32 | 배송 15/50 | 미활동 0 | 2홉+ 0.71 | 도달  795 | 차단 1200
Ep 562 | Step 1000 | R   267.05 | 배송 22/50 | 미활동 0 | 2홉+ 0.40 | 도달  849 | 차단  686
Ep 563 | Step 1000 | R   108.28 | 배송 13/50 | 미활동 0 | 2홉+ 0.44 | 도달  612 | 차단  854
Ep 564 | Step 1000 | R   160.15 | 배송 18/50 | 미활동 0 | 2홉+ 0.54 | 도달  847 | 차단  698
Ep 565 | Step 1000 | R   198.63 | 배송 17/50 | 미활동 0 | 2홉+ 0.44 | 도달  650 | 차단  264
Ep 566 | Step 1000 | R   142.24 | 배송 17/50 | 미활동 0 | 2홉+ 0.71 | 도달  961 | 차단 1025
Ep 567 | Step 1000 | R   171.29 | 배송 19/50 | 미활동 0 | 2홉+ 0.70 | 도달  726 | 차단  624
Ep 568 | Step 1000 | R    50.80 | 배송 11/50 | 미활동 0 | 2홉+ 0.68 | 도달  775 | 차단 2703
Ep 569 | Step 1000 | R   175.62 | 배송 16/50 | 미활동 0 | 2홉+ 0.39 | 도달  728 | 차단  492
Ep 570 | Step 1000 | R   160.50 | 배송 17/50 | 미활동 0 | 2홉+ 0.55 | 도달  708 | 차단  460
Ep 571 | Step 1000 | R   175.05 | 배송 16/50 | 미활동 0 | 2홉+ 0.47 | 도달  650 | 차단  694
Ep 572 | Step 1000 | R   223.11 | 배송 20/50 | 미활동 0 | 2홉+ 0.64 | 도달  723 | 차단  285
Ep 573 | Step 1000 | R   111.82 | 배송 16/50 | 미활동 0 | 2홉+ 0.65 | 도달  819 | 차단 2134
Ep 574 | Step 1000 | R   145.32 | 배송 16/50 | 미활동 0 | 2홉+ 0.37 | 도달  663 | 차단  466
Ep 575 | Step 1000 | R   203.58 | 배송 17/50 | 미활동 0 | 2홉+ 0.51 | 도달  735 | 차단 1002
Ep 576 | Step 1000 | R   143.61 | 배송 17/50 | 미활동 0 | 2홉+ 0.57 | 도달  876 | 차단 1241
Ep 577 | Step 1000 | R   147.71 | 배송 17/50 | 미활동 0 | 2홉+ 0.56 | 도달  722 | 차단  972
Ep 578 | Step 1000 | R    94.27 | 배송 13/50 | 미활동 0 | 2홉+ 0.50 | 도달  744 | 차단  882
Ep 579 | Step 1000 | R   144.69 | 배송 16/50 | 미활동 0 | 2홉+ 0.47 | 도달  704 | 차단  384
Ep 580 | Step 1000 | R   122.44 | 배송 15/50 | 미활동 0 | 2홉+ 0.57 | 도달  690 | 차단 1255
Ep 581 | Step 1000 | R   215.73 | 배송 17/50 | 미활동 0 | 2홉+ 0.44 | 도달  702 | 차단  668
Ep 582 | Step 1000 | R   172.59 | 배송 19/50 | 미활동 0 | 2홉+ 0.53 | 도달  750 | 차단  970
Ep 583 | Step 1000 | R   181.10 | 배송 17/50 | 미활동 0 | 2홉+ 0.45 | 도달  880 | 차단  819
Ep 584 | Step 1000 | R   198.89 | 배송 18/50 | 미활동 0 | 2홉+ 0.39 | 도달  695 | 차단  446
Ep 585 | Step 1000 | R   106.53 | 배송 13/50 | 미활동 0 | 2홉+ 0.40 | 도달  573 | 차단  480
Ep 586 | Step 1000 | R   146.83 | 배송 15/50 | 미활동 0 | 2홉+ 0.61 | 도달  654 | 차단 1549
Ep 587 | Step 1000 | R   223.57 | 배송 17/50 | 미활동 0 | 2홉+ 0.51 | 도달  787 | 차단  564
Ep 588 | Step 1000 | R   171.06 | 배송 18/50 | 미활동 0 | 2홉+ 0.49 | 도달  701 | 차단  292
Ep 589 | Step 1000 | R   154.09 | 배송 17/50 | 미활동 0 | 2홉+ 0.61 | 도달  891 | 차단 1275
Ep 590 | Step 1000 | R   163.91 | 배송 16/50 | 미활동 0 | 2홉+ 0.37 | 도달  603 | 차단  109
Ep 591 | Step 1000 | R    65.68 | 배송 11/50 | 미활동 0 | 2홉+ 0.52 | 도달  597 | 차단 1294
Ep 592 | Step 1000 | R   180.82 | 배송 17/50 | 미활동 0 | 2홉+ 0.59 | 도달  700 | 차단 1099
Ep 593 | Step 1000 | R   109.82 | 배송 14/50 | 미활동 0 | 2홉+ 0.69 | 도달  847 | 차단 1018
Ep 594 | Step 1000 | R   276.77 | 배송 19/50 | 미활동 0 | 2홉+ 0.52 | 도달  880 | 차단  572
Ep 595 | Step 1000 | R   152.21 | 배송 17/50 | 미활동 0 | 2홉+ 0.46 | 도달  633 | 차단  596
Ep 596 | Step 1000 | R   151.73 | 배송 14/50 | 미활동 0 | 2홉+ 0.41 | 도달  746 | 차단  780
Ep 597 | Step 1000 | R   135.93 | 배송 16/50 | 미활동 0 | 2홉+ 0.49 | 도달  708 | 차단 1504
Ep 598 | Step 1000 | R    87.90 | 배송 12/50 | 미활동 0 | 2홉+ 0.49 | 도달  722 | 차단 1561
Ep 599 | Step 1000 | R   190.62 | 배송 17/50 | 미활동 0 | 2홉+ 0.35 | 도달  724 | 차단  325
Ep 600 | Step 1000 | R   217.26 | 배송 18/50 | 미활동 0 | 2홉+ 0.45 | 도달  796 | 차단 1092
  [홀드아웃] 배송 6.3±3.2 미활동 1.17 2홉+ 0.59 도달 625 | 최고 12.8@ep200 | 정체 8/15
Ep 601 | Step 1000 | R   199.22 | 배송 19/50 | 미활동 0 | 2홉+ 0.34 | 도달  619 | 차단  326
Ep 602 | Step 1000 | R   156.34 | 배송 14/50 | 미활동 0 | 2홉+ 0.37 | 도달  778 | 차단  475
Ep 603 | Step 1000 | R   162.05 | 배송 19/50 | 미활동 0 | 2홉+ 0.72 | 도달  663 | 차단 1282
Ep 604 | Step 1000 | R   132.22 | 배송 16/50 | 미활동 0 | 2홉+ 0.63 | 도달  763 | 차단 1313
Ep 605 | Step 1000 | R   293.65 | 배송 24/50 | 미활동 0 | 2홉+ 0.49 | 도달  735 | 차단  567
Ep 606 | Step 1000 | R   175.10 | 배송 16/50 | 미활동 0 | 2홉+ 0.49 | 도달  784 | 차단  741
Ep 607 | Step 1000 | R   161.43 | 배송 16/50 | 미활동 0 | 2홉+ 0.45 | 도달  724 | 차단 1012
Ep 608 | Step 1000 | R   257.95 | 배송 21/50 | 미활동 0 | 2홉+ 0.39 | 도달  780 | 차단  295
Ep 609 | Step 1000 | R   125.86 | 배송 15/50 | 미활동 0 | 2홉+ 0.39 | 도달  777 | 차단 1482
Ep 610 | Step 1000 | R   100.62 | 배송 15/50 | 미활동 0 | 2홉+ 0.53 | 도달  715 | 차단 1471
Ep 611 | Step 1000 | R   177.84 | 배송 16/50 | 미활동 1 | 2홉+ 0.43 | 도달  747 | 차단  680
Ep 612 | Step 1000 | R   126.30 | 배송 14/50 | 미활동 0 | 2홉+ 0.47 | 도달  571 | 차단  276
Ep 613 | Step 1000 | R   113.37 | 배송 14/50 | 미활동 0 | 2홉+ 0.54 | 도달  637 | 차단  724
Ep 614 | Step 1000 | R   111.54 | 배송 14/50 | 미활동 0 | 2홉+ 0.61 | 도달  754 | 차단 1572
Ep 615 | Step 1000 | R   135.12 | 배송 16/50 | 미활동 0 | 2홉+ 0.44 | 도달  697 | 차단  962
Ep 616 | Step 1000 | R   162.40 | 배송 17/50 | 미활동 0 | 2홉+ 0.67 | 도달  813 | 차단  661
Ep 617 | Step 1000 | R   172.56 | 배송 16/50 | 미활동 0 | 2홉+ 0.47 | 도달  588 | 차단  765
Ep 618 | Step 1000 | R   165.87 | 배송 16/50 | 미활동 0 | 2홉+ 0.44 | 도달  570 | 차단  748
Ep 619 | Step 1000 | R    98.18 | 배송 13/50 | 미활동 0 | 2홉+ 0.72 | 도달  608 | 차단 1374
Ep 620 | Step 1000 | R   184.58 | 배송 17/50 | 미활동 0 | 2홉+ 0.44 | 도달  746 | 차단  290
Ep 621 | Step 1000 | R    94.51 | 배송 12/50 | 미활동 1 | 2홉+ 0.39 | 도달  584 | 차단  919
Ep 622 | Step 1000 | R    85.44 | 배송 12/50 | 미활동 0 | 2홉+ 0.66 | 도달  605 | 차단 1602
Ep 623 | Step 1000 | R   183.95 | 배송 17/50 | 미활동 0 | 2홉+ 0.49 | 도달  714 | 차단  931
Ep 624 | Step 1000 | R   177.44 | 배송 16/50 | 미활동 0 | 2홉+ 0.50 | 도달  726 | 차단  539
Ep 625 | Step 1000 | R    71.00 | 배송 12/50 | 미활동 0 | 2홉+ 0.71 | 도달  677 | 차단 2495
Ep 626 | Step 1000 | R   150.59 | 배송 14/50 | 미활동 0 | 2홉+ 0.60 | 도달  685 | 차단  875
Ep 627 | Step 1000 | R   211.08 | 배송 16/50 | 미활동 0 | 2홉+ 0.30 | 도달  700 | 차단  504
Ep 628 | Step 1000 | R   128.53 | 배송 16/50 | 미활동 0 | 2홉+ 0.61 | 도달  721 | 차단 1487
Ep 629 | Step 1000 | R   151.69 | 배송 15/50 | 미활동 0 | 2홉+ 0.56 | 도달  681 | 차단  590
Ep 630 | Step 1000 | R   177.18 | 배송 16/50 | 미활동 0 | 2홉+ 0.37 | 도달  533 | 차단  673
Ep 631 | Step 1000 | R   163.68 | 배송 15/50 | 미활동 1 | 2홉+ 0.34 | 도달  612 | 차단  615
Ep 632 | Step 1000 | R   157.64 | 배송 15/50 | 미활동 0 | 2홉+ 0.44 | 도달  572 | 차단 1057
Ep 633 | Step 1000 | R   136.79 | 배송 17/50 | 미활동 0 | 2홉+ 0.69 | 도달  793 | 차단 1354
Ep 634 | Step 1000 | R    76.92 | 배송 12/50 | 미활동 0 | 2홉+ 0.71 | 도달  726 | 차단 3004
Ep 635 | Step 1000 | R   132.95 | 배송 13/50 | 미활동 1 | 2홉+ 0.48 | 도달  664 | 차단 1126
Ep 636 | Step 1000 | R   242.37 | 배송 20/50 | 미활동 0 | 2홉+ 0.41 | 도달  750 | 차단 1283
Ep 637 | Step 1000 | R   171.21 | 배송 16/50 | 미활동 0 | 2홉+ 0.56 | 도달  749 | 차단 1114
Ep 638 | Step 1000 | R   190.25 | 배송 18/50 | 미활동 0 | 2홉+ 0.53 | 도달  698 | 차단 1126
Ep 639 | Step 1000 | R   104.17 | 배송 15/50 | 미활동 1 | 2홉+ 0.53 | 도달  834 | 차단 1750
Ep 640 | Step 1000 | R   225.76 | 배송 18/50 | 미활동 0 | 2홉+ 0.44 | 도달  798 | 차단 1088
Ep 641 | Step 1000 | R    90.88 | 배송 13/50 | 미활동 1 | 2홉+ 0.42 | 도달  596 | 차단 1708
Ep 642 | Step 1000 | R    98.97 | 배송 12/50 | 미활동 1 | 2홉+ 0.46 | 도달  605 | 차단  952
Ep 643 | Step 1000 | R   109.37 | 배송 14/50 | 미활동 0 | 2홉+ 0.46 | 도달  716 | 차단  501
Ep 644 | Step 1000 | R   170.15 | 배송 16/50 | 미활동 0 | 2홉+ 0.38 | 도달  634 | 차단  586
Ep 645 | Step 1000 | R   183.27 | 배송 18/50 | 미활동 0 | 2홉+ 0.65 | 도달  747 | 차단 1478
Ep 646 | Step 1000 | R   144.99 | 배송 14/50 | 미활동 0 | 2홉+ 0.33 | 도달  648 | 차단  188
Ep 647 | Step 1000 | R   207.09 | 배송 16/50 | 미활동 0 | 2홉+ 0.51 | 도달  843 | 차단  635
Ep 648 | Step 1000 | R   227.41 | 배송 18/50 | 미활동 0 | 2홉+ 0.52 | 도달  852 | 차단  657
Ep 649 | Step 1000 | R   171.00 | 배송 17/50 | 미활동 0 | 2홉+ 0.63 | 도달  753 | 차단  236
Ep 650 | Step 1000 | R   246.67 | 배송 17/50 | 미활동 0 | 2홉+ 0.44 | 도달  696 | 차단  768
  [홀드아웃] 배송 7.0±2.9 미활동 0.67 2홉+ 0.63 도달 561 | 최고 12.8@ep200 | 정체 9/15
Ep 651 | Step 1000 | R   140.46 | 배송 15/50 | 미활동 0 | 2홉+ 0.39 | 도달  580 | 차단  217
Ep 652 | Step 1000 | R   160.75 | 배송 18/50 | 미활동 0 | 2홉+ 0.56 | 도달  729 | 차단 1347
Ep 653 | Step 1000 | R   238.39 | 배송 18/50 | 미활동 0 | 2홉+ 0.47 | 도달  731 | 차단  164
Ep 654 | Step 1000 | R   164.02 | 배송 16/50 | 미활동 0 | 2홉+ 0.66 | 도달  718 | 차단 1711
Ep 655 | Step 1000 | R   140.43 | 배송 17/50 | 미활동 0 | 2홉+ 0.72 | 도달  920 | 차단 1116
Ep 656 | Step 1000 | R   124.35 | 배송 13/50 | 미활동 0 | 2홉+ 0.43 | 도달  624 | 차단 1911
Ep 657 | Step 1000 | R   173.80 | 배송 16/50 | 미활동 0 | 2홉+ 0.54 | 도달  761 | 차단  770
Ep 658 | Step 1000 | R   133.28 | 배송 16/50 | 미활동 0 | 2홉+ 0.68 | 도달  762 | 차단 1328
Ep 659 | Step 1000 | R   147.58 | 배송 13/50 | 미활동 0 | 2홉+ 0.44 | 도달  601 | 차단  283
Ep 660 | Step 1000 | R   119.14 | 배송 14/50 | 미활동 0 | 2홉+ 0.50 | 도달  776 | 차단  728
Ep 661 | Step 1000 | R   105.56 | 배송 13/50 | 미활동 0 | 2홉+ 0.57 | 도달  646 | 차단  480
Ep 662 | Step 1000 | R   159.43 | 배송 15/50 | 미활동 0 | 2홉+ 0.63 | 도달  758 | 차단  538
Ep 663 | Step 1000 | R   118.60 | 배송 15/50 | 미활동 0 | 2홉+ 0.50 | 도달  695 | 차단  861
Ep 664 | Step 1000 | R   119.41 | 배송 14/50 | 미활동 0 | 2홉+ 0.44 | 도달  790 | 차단 1144
Ep 665 | Step 1000 | R   122.95 | 배송 15/50 | 미활동 0 | 2홉+ 0.33 | 도달  571 | 차단  334
Ep 666 | Step 1000 | R    96.07 | 배송 12/50 | 미활동 1 | 2홉+ 0.31 | 도달  588 | 차단  658
Ep 667 | Step 1000 | R    29.90 | 배송  8/50 | 미활동 0 | 2홉+ 0.52 | 도달  800 | 차단 2539
Ep 668 | Step 1000 | R   228.56 | 배송 18/50 | 미활동 0 | 2홉+ 0.50 | 도달  622 | 차단  860
Ep 669 | Step 1000 | R   133.85 | 배송 15/50 | 미활동 0 | 2홉+ 0.41 | 도달  635 | 차단  638
Ep 670 | Step 1000 | R    85.37 | 배송 11/50 | 미활동 1 | 2홉+ 0.45 | 도달  786 | 차단  726
Ep 671 | Step 1000 | R    86.74 | 배송 12/50 | 미활동 0 | 2홉+ 0.59 | 도달  678 | 차단 1640
Ep 672 | Step 1000 | R   119.80 | 배송 16/50 | 미활동 0 | 2홉+ 0.66 | 도달  786 | 차단 1586
Ep 673 | Step 1000 | R   200.61 | 배송 19/50 | 미활동 0 | 2홉+ 0.41 | 도달  685 | 차단  953
Ep 674 | Step 1000 | R   108.54 | 배송 13/50 | 미활동 0 | 2홉+ 0.49 | 도달  826 | 차단 1147
Ep 675 | Step 1000 | R   139.39 | 배송 14/50 | 미활동 0 | 2홉+ 0.43 | 도달  723 | 차단  719
Ep 676 | Step 1000 | R    72.91 | 배송 12/50 | 미활동 0 | 2홉+ 0.62 | 도달  652 | 차단 1990
Ep 677 | Step 1000 | R    87.70 | 배송  9/50 | 미활동 1 | 2홉+ 0.49 | 도달  789 | 차단 1945
Ep 678 | Step 1000 | R   105.89 | 배송 13/50 | 미활동 0 | 2홉+ 0.71 | 도달  770 | 차단  837
Ep 679 | Step 1000 | R    87.83 | 배송 12/50 | 미활동 0 | 2홉+ 0.59 | 도달  795 | 차단 1719
Ep 680 | Step 1000 | R   108.28 | 배송 14/50 | 미활동 0 | 2홉+ 0.48 | 도달  616 | 차단  897
Ep 681 | Step 1000 | R   117.23 | 배송 14/50 | 미활동 0 | 2홉+ 0.66 | 도달  758 | 차단 1200
Ep 682 | Step 1000 | R   114.78 | 배송 11/50 | 미활동 0 | 2홉+ 0.34 | 도달  567 | 차단  693
Ep 683 | Step 1000 | R   100.95 | 배송 13/50 | 미활동 0 | 2홉+ 0.61 | 도달  736 | 차단  908
Ep 684 | Step 1000 | R   118.27 | 배송 15/50 | 미활동 0 | 2홉+ 0.39 | 도달  588 | 차단 1003
Ep 685 | Step 1000 | R   224.56 | 배송 18/50 | 미활동 0 | 2홉+ 0.57 | 도달  765 | 차단  601
Ep 686 | Step 1000 | R   129.24 | 배송 15/50 | 미활동 0 | 2홉+ 0.61 | 도달  665 | 차단  644
Ep 687 | Step 1000 | R   132.32 | 배송 15/50 | 미활동 0 | 2홉+ 0.39 | 도달  782 | 차단  440
Ep 688 | Step 1000 | R   106.67 | 배송 13/50 | 미활동 0 | 2홉+ 0.55 | 도달  719 | 차단 1117
Ep 689 | Step 1000 | R   140.89 | 배송 17/50 | 미활동 0 | 2홉+ 0.64 | 도달  848 | 차단 1425
Ep 690 | Step 1000 | R   130.43 | 배송 16/50 | 미활동 0 | 2홉+ 0.68 | 도달  710 | 차단 1268
Ep 691 | Step 1000 | R   146.18 | 배송 14/50 | 미활동 0 | 2홉+ 0.38 | 도달  774 | 차단  773
Ep 692 | Step 1000 | R    61.36 | 배송 11/50 | 미활동 0 | 2홉+ 0.61 | 도달  802 | 차단 1925
Ep 693 | Step 1000 | R   116.92 | 배송 14/50 | 미활동 0 | 2홉+ 0.57 | 도달  635 | 차단  699
Ep 694 | Step 1000 | R   183.03 | 배송 16/50 | 미활동 0 | 2홉+ 0.57 | 도달  691 | 차단  377
Ep 695 | Step 1000 | R   190.36 | 배송 17/50 | 미활동 0 | 2홉+ 0.47 | 도달  728 | 차단  125
Ep 696 | Step 1000 | R   175.84 | 배송 16/50 | 미활동 0 | 2홉+ 0.46 | 도달  611 | 차단  410
Ep 697 | Step 1000 | R    99.05 | 배송 12/50 | 미활동 0 | 2홉+ 0.44 | 도달  618 | 차단  822
Ep 698 | Step 1000 | R   170.42 | 배송 16/50 | 미활동 0 | 2홉+ 0.63 | 도달  663 | 차단  581
Ep 699 | Step 1000 | R    67.98 | 배송 10/50 | 미활동 0 | 2홉+ 0.49 | 도달  590 | 차단 1416
Ep 700 | Step 1000 | R   119.56 | 배송 14/50 | 미활동 0 | 2홉+ 0.57 | 도달  631 | 차단  997
  [홀드아웃] 배송 9.2±4.3 미활동 0.67 2홉+ 0.47 도달 624 | 최고 12.8@ep200 | 정체 10/15
Ep 701 | Step 1000 | R   106.40 | 배송 14/50 | 미활동 0 | 2홉+ 0.51 | 도달  666 | 차단 1467
Ep 702 | Step 1000 | R    31.85 | 배송  7/50 | 미활동 0 | 2홉+ 0.64 | 도달  807 | 차단 1980
Ep 703 | Step 1000 | R   165.00 | 배송 15/50 | 미활동 0 | 2홉+ 0.46 | 도달  635 | 차단  546
Ep 704 | Step 1000 | R   161.33 | 배송 16/50 | 미활동 0 | 2홉+ 0.62 | 도달  661 | 차단 1229
Ep 705 | Step 1000 | R   137.44 | 배송 15/50 | 미활동 0 | 2홉+ 0.54 | 도달  731 | 차단  267
Ep 706 | Step 1000 | R   101.49 | 배송 13/50 | 미활동 0 | 2홉+ 0.49 | 도달  557 | 차단 1158
Ep 707 | Step 1000 | R   110.38 | 배송 14/50 | 미활동 0 | 2홉+ 0.61 | 도달  753 | 차단 1576
Ep 708 | Step 1000 | R   119.26 | 배송 14/50 | 미활동 0 | 2홉+ 0.53 | 도달  597 | 차단  369
Ep 709 | Step 1000 | R   109.94 | 배송 13/50 | 미활동 0 | 2홉+ 0.57 | 도달  612 | 차단  734
Ep 710 | Step 1000 | R    50.08 | 배송  9/50 | 미활동 1 | 2홉+ 0.66 | 도달  605 | 차단 1500
Ep 711 | Step 1000 | R   130.81 | 배송 15/50 | 미활동 0 | 2홉+ 0.63 | 도달  664 | 차단  557
Ep 712 | Step 1000 | R   121.33 | 배송 15/50 | 미활동 0 | 2홉+ 0.67 | 도달  738 | 차단 1407
Ep 713 | Step 1000 | R   118.67 | 배송 14/50 | 미활동 0 | 2홉+ 0.48 | 도달  681 | 차단  360
Ep 714 | Step 1000 | R   149.31 | 배송 14/50 | 미활동 0 | 2홉+ 0.41 | 도달  677 | 차단  488
Ep 715 | Step 1000 | R   225.38 | 배송 18/50 | 미활동 0 | 2홉+ 0.40 | 도달  652 | 차단  419
Ep 716 | Step 1000 | R   163.39 | 배송 16/50 | 미활동 0 | 2홉+ 0.60 | 도달  716 | 차단  856
Ep 717 | Step 1000 | R   200.46 | 배송 17/50 | 미활동 0 | 2홉+ 0.44 | 도달  698 | 차단  780
Ep 718 | Step 1000 | R   131.89 | 배송 16/50 | 미활동 0 | 2홉+ 0.61 | 도달  700 | 차단  797
Ep 719 | Step 1000 | R   185.14 | 배송 18/50 | 미활동 0 | 2홉+ 0.59 | 도달  642 | 차단 1122
Ep 720 | Step 1000 | R   205.61 | 배송 19/50 | 미활동 0 | 2홉+ 0.49 | 도달  617 | 차단  536
Ep 721 | Step 1000 | R   160.99 | 배송 15/50 | 미활동 0 | 2홉+ 0.61 | 도달  702 | 차단  869
Ep 722 | Step 1000 | R   232.62 | 배송 19/50 | 미활동 0 | 2홉+ 0.43 | 도달  690 | 차단  666
Ep 723 | Step 1000 | R   100.34 | 배송 12/50 | 미활동 1 | 2홉+ 0.69 | 도달  732 | 차단  856
Ep 724 | Step 1000 | R   154.04 | 배송 14/50 | 미활동 0 | 2홉+ 0.23 | 도달  738 | 차단   80
Ep 725 | Step 1000 | R    87.53 | 배송 12/50 | 미활동 0 | 2홉+ 0.41 | 도달  596 | 차단  600
Ep 726 | Step 1000 | R   106.91 | 배송 13/50 | 미활동 0 | 2홉+ 0.48 | 도달  602 | 차단  276
Ep 727 | Step 1000 | R   153.18 | 배송 15/50 | 미활동 0 | 2홉+ 0.56 | 도달  747 | 차단 1085
Ep 728 | Step 1000 | R   138.71 | 배송 15/50 | 미활동 0 | 2홉+ 0.39 | 도달  607 | 차단  200
Ep 729 | Step 1000 | R   240.90 | 배송 19/50 | 미활동 0 | 2홉+ 0.49 | 도달  699 | 차단  343
Ep 730 | Step 1000 | R   111.21 | 배송 14/50 | 미활동 0 | 2홉+ 0.52 | 도달  628 | 차단  960
Ep 731 | Step 1000 | R   201.89 | 배송 18/50 | 미활동 0 | 2홉+ 0.43 | 도달  799 | 차단  351
Ep 732 | Step 1000 | R   181.85 | 배송 17/50 | 미활동 0 | 2홉+ 0.37 | 도달  555 | 차단  353
Ep 733 | Step 1000 | R   187.92 | 배송 17/50 | 미활동 0 | 2홉+ 0.32 | 도달  667 | 차단   61
Ep 734 | Step 1000 | R    98.09 | 배송 13/50 | 미활동 0 | 2홉+ 0.35 | 도달  566 | 차단  885
Ep 735 | Step 1000 | R   128.80 | 배송 15/50 | 미활동 0 | 2홉+ 0.54 | 도달  752 | 차단  301
Ep 736 | Step 1000 | R   108.35 | 배송 13/50 | 미활동 0 | 2홉+ 0.53 | 도달  669 | 차단 1044
Ep 737 | Step 1000 | R   132.23 | 배송 16/50 | 미활동 0 | 2홉+ 0.68 | 도달  698 | 차단 1465
Ep 738 | Step 1000 | R    89.99 | 배송 12/50 | 미활동 0 | 2홉+ 0.49 | 도달  612 | 차단  919
Ep 739 | Step 1000 | R   171.05 | 배송 16/50 | 미활동 0 | 2홉+ 0.45 | 도달  616 | 차단  568
Ep 740 | Step 1000 | R    47.77 | 배송  9/50 | 미활동 0 | 2홉+ 0.73 | 도달  775 | 차단 2383
Ep 741 | Step 1000 | R   188.12 | 배송 18/50 | 미활동 0 | 2홉+ 0.51 | 도달  640 | 차단  525
Ep 742 | Step 1000 | R   136.14 | 배송 16/50 | 미활동 0 | 2홉+ 0.50 | 도달  606 | 차단  973
Ep 743 | Step 1000 | R    86.23 | 배송 11/50 | 미활동 1 | 2홉+ 0.54 | 도달  564 | 차단 1353
Ep 744 | Step 1000 | R   208.75 | 배송 18/50 | 미활동 0 | 2홉+ 0.33 | 도달  579 | 차단  452
Ep 745 | Step 1000 | R   167.14 | 배송 18/50 | 미활동 0 | 2홉+ 0.50 | 도달  615 | 차단  101
Ep 746 | Step 1000 | R   158.81 | 배송 16/50 | 미활동 0 | 2홉+ 0.58 | 도달  700 | 차단 1913
Ep 747 | Step 1000 | R    98.06 | 배송 14/50 | 미활동 0 | 2홉+ 0.69 | 도달  894 | 차단 1552
Ep 748 | Step 1000 | R   124.54 | 배송 15/50 | 미활동 0 | 2홉+ 0.50 | 도달  669 | 차단 1011
Ep 749 | Step 1000 | R   111.53 | 배송 15/50 | 미활동 0 | 2홉+ 0.72 | 도달  641 | 차단 1257
Ep 750 | Step 1000 | R   139.30 | 배송 16/50 | 미활동 0 | 2홉+ 0.47 | 도달  586 | 차단  996
  [홀드아웃] 배송 7.8±2.3 미활동 0.50 2홉+ 0.60 도달 630 | 최고 12.8@ep200 | 정체 11/15
Ep 751 | Step 1000 | R   160.70 | 배송 15/50 | 미활동 0 | 2홉+ 0.51 | 도달  698 | 차단  922
Ep 752 | Step 1000 | R   177.02 | 배송 16/50 | 미활동 0 | 2홉+ 0.56 | 도달  614 | 차단  533
Ep 753 | Step 1000 | R   160.86 | 배송 15/50 | 미활동 0 | 2홉+ 0.64 | 도달  690 | 차단  938
Ep 754 | Step 1000 | R   231.47 | 배송 18/50 | 미활동 0 | 2홉+ 0.46 | 도달  611 | 차단  165
Ep 755 | Step 1000 | R   127.12 | 배송 15/50 | 미활동 0 | 2홉+ 0.67 | 도달  658 | 차단  785
Ep 756 | Step 1000 | R   141.06 | 배송 16/50 | 미활동 0 | 2홉+ 0.46 | 도달  621 | 차단  767
Ep 757 | Step 1000 | R   174.38 | 배송 17/50 | 미활동 0 | 2홉+ 0.64 | 도달  859 | 차단  831
Ep 758 | Step 1000 | R   141.60 | 배송 17/50 | 미활동 0 | 2홉+ 0.68 | 도달  850 | 차단 1530
Ep 759 | Step 1000 | R   161.18 | 배송 15/50 | 미활동 0 | 2홉+ 0.55 | 도달  737 | 차단  238
Ep 760 | Step 1000 | R   187.65 | 배송 17/50 | 미활동 0 | 2홉+ 0.47 | 도달  654 | 차단  464
Ep 761 | Step 1000 | R   174.88 | 배송 17/50 | 미활동 0 | 2홉+ 0.55 | 도달  716 | 차단 1303
Ep 762 | Step 1000 | R   117.95 | 배송 14/50 | 미활동 0 | 2홉+ 0.51 | 도달  577 | 차단  262
Ep 763 | Step 1000 | R   206.32 | 배송 17/50 | 미활동 0 | 2홉+ 0.57 | 도달  636 | 차단 1374
Ep 764 | Step 1000 | R    72.53 | 배송 13/50 | 미활동 0 | 2홉+ 0.57 | 도달  696 | 차단 1955
Ep 765 | Step 1000 | R   172.72 | 배송 17/50 | 미활동 0 | 2홉+ 0.59 | 도달  739 | 차단  960
Ep 766 | Step 1000 | R   101.14 | 배송 13/50 | 미활동 0 | 2홉+ 0.59 | 도달  698 | 차단  994
Ep 767 | Step 1000 | R   219.55 | 배송 18/50 | 미활동 0 | 2홉+ 0.58 | 도달  956 | 차단  737
Ep 768 | Step 1000 | R   243.84 | 배송 20/50 | 미활동 0 | 2홉+ 0.64 | 도달  563 | 차단 1245
Ep 769 | Step 1000 | R   180.02 | 배송 17/50 | 미활동 0 | 2홉+ 0.40 | 도달  732 | 차단  485
Ep 770 | Step 1000 | R   139.26 | 배송 17/50 | 미활동 0 | 2홉+ 0.69 | 도달  684 | 차단  660
Ep 771 | Step 1000 | R   158.20 | 배송 15/50 | 미활동 0 | 2홉+ 0.48 | 도달  712 | 차단  703
Ep 772 | Step 1000 | R   179.38 | 배송 17/50 | 미활동 0 | 2홉+ 0.35 | 도달  634 | 차단  377
Ep 773 | Step 1000 | R   206.72 | 배송 19/50 | 미활동 0 | 2홉+ 0.47 | 도달  763 | 차단  496
Ep 774 | Step 1000 | R   145.93 | 배송 17/50 | 미활동 0 | 2홉+ 0.62 | 도달  849 | 차단  888
Ep 775 | Step 1000 | R   196.78 | 배송 18/50 | 미활동 1 | 2홉+ 0.47 | 도달  597 | 차단  396
Ep 776 | Step 1000 | R   181.11 | 배송 17/50 | 미활동 0 | 2홉+ 0.58 | 도달  677 | 차단  487
Ep 777 | Step 1000 | R   184.59 | 배송 15/50 | 미활동 0 | 2홉+ 0.49 | 도달  738 | 차단 1135
Ep 778 | Step 1000 | R   209.30 | 배송 19/50 | 미활동 0 | 2홉+ 0.53 | 도달  743 | 차단  158
Ep 779 | Step 1000 | R   187.14 | 배송 17/50 | 미활동 0 | 2홉+ 0.62 | 도달  776 | 차단 1044
Ep 780 | Step 1000 | R   159.64 | 배송 16/50 | 미활동 0 | 2홉+ 0.47 | 도달  585 | 차단 1230
Ep 781 | Step 1000 | R   114.12 | 배송 14/50 | 미활동 0 | 2홉+ 0.70 | 도달  767 | 차단  951
Ep 782 | Step 1000 | R   147.51 | 배송 17/50 | 미활동 0 | 2홉+ 0.58 | 도달  694 | 차단  853
Ep 783 | Step 1000 | R    92.66 | 배송 13/50 | 미활동 0 | 2홉+ 0.71 | 도달  712 | 차단 1647
Ep 784 | Step 1000 | R   178.56 | 배송 17/50 | 미활동 0 | 2홉+ 0.65 | 도달  612 | 차단  835
Ep 785 | Step 1000 | R   186.97 | 배송 16/50 | 미활동 0 | 2홉+ 0.58 | 도달  728 | 차단 1118
Ep 786 | Step 1000 | R   116.64 | 배송 15/50 | 미활동 0 | 2홉+ 0.52 | 도달  682 | 차단 1171
Ep 787 | Step 1000 | R   185.06 | 배송 18/50 | 미활동 0 | 2홉+ 0.46 | 도달  669 | 차단  603
Ep 788 | Step 1000 | R   235.36 | 배송 19/50 | 미활동 0 | 2홉+ 0.48 | 도달  769 | 차단  897
Ep 789 | Step 1000 | R   263.85 | 배송 19/50 | 미활동 0 | 2홉+ 0.31 | 도달  748 | 차단  286
Ep 790 | Step 1000 | R   152.14 | 배송 18/50 | 미활동 0 | 2홉+ 0.69 | 도달  750 | 차단  775
Ep 791 | Step 1000 | R   241.00 | 배송 20/50 | 미활동 0 | 2홉+ 0.38 | 도달  652 | 차단  621
Ep 792 | Step 1000 | R   149.04 | 배송 16/50 | 미활동 0 | 2홉+ 0.54 | 도달  542 | 차단  475
Ep 793 | Step 1000 | R   185.04 | 배송 17/50 | 미활동 0 | 2홉+ 0.56 | 도달  759 | 차단 1155
Ep 794 | Step 1000 | R   137.21 | 배송 17/50 | 미활동 0 | 2홉+ 0.72 | 도달  712 | 차단 1419
Ep 795 | Step 1000 | R   205.12 | 배송 16/50 | 미활동 0 | 2홉+ 0.55 | 도달  798 | 차단  928
Ep 796 | Step 1000 | R   108.56 | 배송 14/50 | 미활동 0 | 2홉+ 0.61 | 도달  668 | 차단  759
Ep 797 | Step 1000 | R   120.16 | 배송 16/50 | 미활동 0 | 2홉+ 0.60 | 도달  601 | 차단 1345
Ep 798 | Step 1000 | R   158.36 | 배송 17/50 | 미활동 0 | 2홉+ 0.56 | 도달  812 | 차단  399
Ep 799 | Step 1000 | R   179.59 | 배송 17/50 | 미활동 0 | 2홉+ 0.63 | 도달  956 | 차단 1151
Ep 800 | Step 1000 | R   176.00 | 배송 17/50 | 미활동 0 | 2홉+ 0.48 | 도달  715 | 차단  637
  [홀드아웃] 배송 10.7±3.7 미활동 0.50 2홉+ 0.58 도달 671 | 최고 12.8@ep200 | 정체 12/15
Ep 801 | Step 1000 | R   163.27 | 배송 18/50 | 미활동 0 | 2홉+ 0.46 | 도달  710 | 차단  811
Ep 802 | Step 1000 | R   117.73 | 배송 14/50 | 미활동 0 | 2홉+ 0.52 | 도달  788 | 차단  859
Ep 803 | Step 1000 | R   169.80 | 배송 16/50 | 미활동 0 | 2홉+ 0.45 | 도달  692 | 차단  566
Ep 804 | Step 1000 | R   115.47 | 배송 15/50 | 미활동 0 | 2홉+ 0.67 | 도달  880 | 차단 1332
Ep 805 | Step 1000 | R   185.41 | 배송 17/50 | 미활동 0 | 2홉+ 0.46 | 도달  735 | 차단  530
Ep 806 | Step 1000 | R   184.08 | 배송 17/50 | 미활동 0 | 2홉+ 0.54 | 도달  723 | 차단  588
Ep 807 | Step 1000 | R   220.72 | 배송 17/50 | 미활동 0 | 2홉+ 0.44 | 도달  593 | 차단  451
Ep 808 | Step 1000 | R    81.35 | 배송 12/50 | 미활동 0 | 2홉+ 0.63 | 도달  558 | 차단 1507
Ep 809 | Step 1000 | R   155.12 | 배송 14/50 | 미활동 0 | 2홉+ 0.37 | 도달  580 | 차단  413
Ep 810 | Step 1000 | R   148.96 | 배송 16/50 | 미활동 0 | 2홉+ 0.53 | 도달  617 | 차단  619
Ep 811 | Step 1000 | R   219.36 | 배송 17/50 | 미활동 0 | 2홉+ 0.47 | 도달  708 | 차단  666
Ep 812 | Step 1000 | R    48.40 | 배송  9/50 | 미활동 1 | 2홉+ 0.72 | 도달  758 | 차단 2749
Ep 813 | Step 1000 | R   230.17 | 배송 18/50 | 미활동 0 | 2홉+ 0.60 | 도달  724 | 차단  922
Ep 814 | Step 1000 | R   124.54 | 배송 15/50 | 미활동 0 | 2홉+ 0.55 | 도달  738 | 차단  640
Ep 815 | Step 1000 | R   170.29 | 배송 16/50 | 미활동 0 | 2홉+ 0.42 | 도달  631 | 차단  517
Ep 816 | Step 1000 | R   110.13 | 배송 14/50 | 미활동 0 | 2홉+ 0.51 | 도달  582 | 차단 1668
Ep 817 | Step 1000 | R   173.89 | 배송 16/50 | 미활동 0 | 2홉+ 0.34 | 도달  693 | 차단  484
Ep 818 | Step 1000 | R   175.61 | 배송 15/50 | 미활동 0 | 2홉+ 0.41 | 도달  706 | 차단 1570
Ep 819 | Step 1000 | R   173.16 | 배송 16/50 | 미활동 0 | 2홉+ 0.65 | 도달  780 | 차단  658
Ep 820 | Step 1000 | R   133.79 | 배송 15/50 | 미활동 0 | 2홉+ 0.56 | 도달  696 | 차단  593
Ep 821 | Step 1000 | R   192.24 | 배송 18/50 | 미활동 0 | 2홉+ 0.59 | 도달  942 | 차단  843
Ep 822 | Step 1000 | R   239.61 | 배송 19/50 | 미활동 0 | 2홉+ 0.43 | 도달  633 | 차단  202
Ep 823 | Step 1000 | R   114.86 | 배송 14/50 | 미활동 0 | 2홉+ 0.20 | 도달  661 | 차단  125
Ep 824 | Step 1000 | R   199.00 | 배송 18/50 | 미활동 0 | 2홉+ 0.49 | 도달  780 | 차단  389
Ep 825 | Step 1000 | R   100.29 | 배송 14/50 | 미활동 0 | 2홉+ 0.48 | 도달  694 | 차단 1092
Ep 826 | Step 1000 | R   184.77 | 배송 17/50 | 미활동 0 | 2홉+ 0.39 | 도달  732 | 차단  425
Ep 827 | Step 1000 | R   166.23 | 배송 16/50 | 미활동 0 | 2홉+ 0.58 | 도달  641 | 차단  904
Ep 828 | Step 1000 | R   197.87 | 배송 16/50 | 미활동 0 | 2홉+ 0.49 | 도달  683 | 차단  946
Ep 829 | Step 1000 | R   230.04 | 배송 18/50 | 미활동 0 | 2홉+ 0.61 | 도달  745 | 차단  768
Ep 830 | Step 1000 | R   159.64 | 배송 18/50 | 미활동 0 | 2홉+ 0.52 | 도달  733 | 차단  580
Ep 831 | Step 1000 | R   203.97 | 배송 17/50 | 미활동 0 | 2홉+ 0.54 | 도달  711 | 차단 1377
Ep 832 | Step 1000 | R   207.88 | 배송 19/50 | 미활동 0 | 2홉+ 0.39 | 도달  735 | 차단  222
Ep 833 | Step 1000 | R   170.39 | 배송 15/50 | 미활동 0 | 2홉+ 0.34 | 도달  695 | 차단  188
Ep 834 | Step 1000 | R   108.12 | 배송 15/50 | 미활동 0 | 2홉+ 0.68 | 도달  788 | 차단 2473
Ep 835 | Step 1000 | R   228.66 | 배송 18/50 | 미활동 0 | 2홉+ 0.43 | 도달  761 | 차단  863
Ep 836 | Step 1000 | R   217.47 | 배송 17/50 | 미활동 0 | 2홉+ 0.41 | 도달  678 | 차단  511
Ep 837 | Step 1000 | R   206.79 | 배송 19/50 | 미활동 0 | 2홉+ 0.49 | 도달  670 | 차단  455
Ep 838 | Step 1000 | R   190.35 | 배송 19/50 | 미활동 0 | 2홉+ 0.52 | 도달  646 | 차단  848
Ep 839 | Step 1000 | R   176.46 | 배송 17/50 | 미활동 0 | 2홉+ 0.50 | 도달  782 | 차단 1084
Ep 840 | Step 1000 | R   123.49 | 배송 15/50 | 미활동 0 | 2홉+ 0.68 | 도달  738 | 차단 1046
Ep 841 | Step 1000 | R   155.41 | 배송 16/50 | 미활동 0 | 2홉+ 0.34 | 도달  579 | 차단 1301
Ep 842 | Step 1000 | R   210.25 | 배송 16/50 | 미활동 0 | 2홉+ 0.41 | 도달  663 | 차단  587
Ep 843 | Step 1000 | R   158.05 | 배송 17/50 | 미활동 0 | 2홉+ 0.51 | 도달  633 | 차단  634
Ep 844 | Step 1000 | R   130.95 | 배송 15/50 | 미활동 0 | 2홉+ 0.61 | 도달  743 | 차단  463
Ep 845 | Step 1000 | R   146.42 | 배송 14/50 | 미활동 1 | 2홉+ 0.60 | 도달  651 | 차단  691
Ep 846 | Step 1000 | R   161.54 | 배송 16/50 | 미활동 0 | 2홉+ 0.44 | 도달  724 | 차단 1470
Ep 847 | Step 1000 | R   142.27 | 배송 14/50 | 미활동 1 | 2홉+ 0.35 | 도달  661 | 차단  925
Ep 848 | Step 1000 | R   208.97 | 배송 17/50 | 미활동 0 | 2홉+ 0.36 | 도달  609 | 차단 1030
Ep 849 | Step 1000 | R   158.74 | 배송 15/50 | 미활동 0 | 2홉+ 0.34 | 도달  602 | 차단  689
Ep 850 | Step 1000 | R    92.94 | 배송 12/50 | 미활동 1 | 2홉+ 0.48 | 도달  624 | 차단 1028
  [홀드아웃] 배송 10.5±1.9 미활동 0.17 2홉+ 0.60 도달 662 | 최고 12.8@ep200 | 정체 13/15
Ep 851 | Step 1000 | R   101.53 | 배송 13/50 | 미활동 0 | 2홉+ 0.48 | 도달  532 | 차단  581
Ep 852 | Step 1000 | R   130.11 | 배송 13/50 | 미활동 1 | 2홉+ 0.43 | 도달  633 | 차단 1437
Ep 853 | Step 1000 | R   157.90 | 배송 15/50 | 미활동 0 | 2홉+ 0.32 | 도달  600 | 차단  441
Ep 854 | Step 1000 | R   110.42 | 배송 13/50 | 미활동 0 | 2홉+ 0.66 | 도달  616 | 차단  938
Ep 855 | Step 1000 | R   214.94 | 배송 17/50 | 미활동 0 | 2홉+ 0.40 | 도달  611 | 차단  467
Ep 856 | Step 1000 | R   122.64 | 배송 14/50 | 미활동 0 | 2홉+ 0.47 | 도달  549 | 차단  814
Ep 857 | Step 1000 | R   207.96 | 배송 19/50 | 미활동 0 | 2홉+ 0.48 | 도달  651 | 차단  365
Ep 858 | Step 1000 | R   208.58 | 배송 16/50 | 미활동 0 | 2홉+ 0.41 | 도달  693 | 차단  340
Ep 859 | Step 1000 | R    86.62 | 배송 13/50 | 미활동 0 | 2홉+ 0.63 | 도달  660 | 차단 1330
Ep 860 | Step 1000 | R   169.54 | 배송 16/50 | 미활동 0 | 2홉+ 0.61 | 도달  637 | 차단  392
Ep 861 | Step 1000 | R   156.73 | 배송 15/50 | 미활동 0 | 2홉+ 0.44 | 도달  589 | 차단  910
Ep 862 | Step 1000 | R   150.38 | 배송 14/50 | 미활동 0 | 2홉+ 0.54 | 도달  672 | 차단  360
Ep 863 | Step 1000 | R   175.34 | 배송 16/50 | 미활동 0 | 2홉+ 0.40 | 도달  674 | 차단  369
Ep 864 | Step 1000 | R   167.99 | 배송 15/50 | 미활동 0 | 2홉+ 0.48 | 도달  542 | 차단  435
Ep 865 | Step 1000 | R   124.06 | 배송 15/50 | 미활동 0 | 2홉+ 0.66 | 도달  650 | 차단  346
Ep 866 | Step 1000 | R   200.90 | 배송 15/50 | 미활동 0 | 2홉+ 0.39 | 도달  631 | 차단  211
Ep 867 | Step 1000 | R   215.70 | 배송 17/50 | 미활동 0 | 2홉+ 0.26 | 도달  736 | 차단  130
Ep 868 | Step 1000 | R   145.43 | 배송 14/50 | 미활동 0 | 2홉+ 0.30 | 도달  700 | 차단  661
Ep 869 | Step 1000 | R   131.83 | 배송 15/50 | 미활동 0 | 2홉+ 0.61 | 도달  663 | 차단  192
Ep 870 | Step 1000 | R   134.34 | 배송 16/50 | 미활동 0 | 2홉+ 0.65 | 도달  773 | 차단 1066
Ep 871 | Step 1000 | R   145.73 | 배송 14/50 | 미활동 0 | 2홉+ 0.35 | 도달  645 | 차단  795
Ep 872 | Step 1000 | R   172.96 | 배송 16/50 | 미활동 0 | 2홉+ 0.41 | 도달  613 | 차단  481
Ep 873 | Step 1000 | R   130.24 | 배송 15/50 | 미활동 0 | 2홉+ 0.43 | 도달  647 | 차단  472
Ep 874 | Step 1000 | R    91.06 | 배송 12/50 | 미활동 0 | 2홉+ 0.49 | 도달  753 | 차단  247
Ep 875 | Step 1000 | R    67.73 | 배송 10/50 | 미활동 0 | 2홉+ 0.70 | 도달  554 | 차단 1184
Ep 876 | Step 1000 | R    80.97 | 배송 11/50 | 미활동 0 | 2홉+ 0.43 | 도달  587 | 차단  956
Ep 877 | Step 1000 | R   109.52 | 배송 14/50 | 미활동 1 | 2홉+ 0.58 | 도달  658 | 차단 1066
Ep 878 | Step 1000 | R    38.23 | 배송  8/50 | 미활동 1 | 2홉+ 0.56 | 도달  501 | 차단 2236
Ep 879 | Step 1000 | R   165.53 | 배송 15/50 | 미활동 0 | 2홉+ 0.36 | 도달  583 | 차단  759
Ep 880 | Step 1000 | R   109.84 | 배송 14/50 | 미활동 0 | 2홉+ 0.38 | 도달  599 | 차단  827
Ep 881 | Step 1000 | R    84.50 | 배송 12/50 | 미활동 0 | 2홉+ 0.55 | 도달  658 | 차단 1493
Ep 882 | Step 1000 | R   213.58 | 배송 16/50 | 미활동 0 | 2홉+ 0.49 | 도달  660 | 차단  163
Ep 883 | Step 1000 | R   181.82 | 배송 17/50 | 미활동 0 | 2홉+ 0.36 | 도달  630 | 차단  719
Ep 884 | Step 1000 | R   169.62 | 배송 16/50 | 미활동 0 | 2홉+ 0.44 | 도달  555 | 차단  734
Ep 885 | Step 1000 | R   135.23 | 배송 13/50 | 미활동 0 | 2홉+ 0.48 | 도달  588 | 차단 1378
Ep 886 | Step 1000 | R   175.64 | 배송 16/50 | 미활동 0 | 2홉+ 0.45 | 도달  585 | 차단   87
Ep 887 | Step 1000 | R   150.26 | 배송 14/50 | 미활동 0 | 2홉+ 0.44 | 도달  657 | 차단 1127
Ep 888 | Step 1000 | R   129.19 | 배송 13/50 | 미활동 0 | 2홉+ 0.42 | 도달  713 | 차단  957
Ep 889 | Step 1000 | R   112.62 | 배송 13/50 | 미활동 0 | 2홉+ 0.49 | 도달  736 | 차단  326
Ep 890 | Step 1000 | R   219.16 | 배송 17/50 | 미활동 0 | 2홉+ 0.44 | 도달  676 | 차단 1119
Ep 891 | Step 1000 | R   182.09 | 배송 16/50 | 미활동 0 | 2홉+ 0.27 | 도달  591 | 차단   89
Ep 892 | Step 1000 | R   245.30 | 배송 20/50 | 미활동 0 | 2홉+ 0.53 | 도달  664 | 차단  539
Ep 893 | Step 1000 | R   215.31 | 배송 17/50 | 미활동 0 | 2홉+ 0.47 | 도달  649 | 차단 1119
Ep 894 | Step 1000 | R    63.66 | 배송 11/50 | 미활동 0 | 2홉+ 0.44 | 도달  568 | 차단 1652
Ep 895 | Step 1000 | R   132.17 | 배송 16/50 | 미활동 0 | 2홉+ 0.52 | 도달  633 | 차단  659
Ep 896 | Step 1000 | R   163.29 | 배송 15/50 | 미활동 0 | 2홉+ 0.55 | 도달  784 | 차단  776
Ep 897 | Step 1000 | R   185.82 | 배송 17/50 | 미활동 0 | 2홉+ 0.48 | 도달  623 | 차단  203
Ep 898 | Step 1000 | R   117.38 | 배송 13/50 | 미활동 1 | 2홉+ 0.50 | 도달  553 | 차단  167
Ep 899 | Step 1000 | R   130.89 | 배송 15/50 | 미활동 0 | 2홉+ 0.41 | 도달  574 | 차단  229
Ep 900 | Step 1000 | R    77.62 | 배송 10/50 | 미활동 0 | 2홉+ 0.46 | 도달  562 | 차단  725
  [홀드아웃] 배송 9.3±3.1 미활동 0.33 2홉+ 0.69 도달 755 | 최고 12.8@ep200 | 정체 14/15
Ep 901 | Step 1000 | R   189.19 | 배송 17/50 | 미활동 0 | 2홉+ 0.51 | 도달  667 | 차단  443
Ep 902 | Step 1000 | R   128.23 | 배송 15/50 | 미활동 0 | 2홉+ 0.51 | 도달  556 | 차단  541
Ep 903 | Step 1000 | R   162.07 | 배송 15/50 | 미활동 0 | 2홉+ 0.43 | 도달  681 | 차단  918
Ep 904 | Step 1000 | R   112.94 | 배송 14/50 | 미활동 0 | 2홉+ 0.50 | 도달  639 | 차단  739
Ep 905 | Step 1000 | R    68.63 | 배송 10/50 | 미활동 1 | 2홉+ 0.48 | 도달  650 | 차단 1210
Ep 906 | Step 1000 | R   145.13 | 배송 17/50 | 미활동 0 | 2홉+ 0.51 | 도달  703 | 차단  781
Ep 907 | Step 1000 | R   181.51 | 배송 16/50 | 미활동 0 | 2홉+ 0.35 | 도달  674 | 차단  281
Ep 908 | Step 1000 | R   169.37 | 배송 16/50 | 미활동 0 | 2홉+ 0.46 | 도달  564 | 차단 1507
Ep 909 | Step 1000 | R   171.53 | 배송 16/50 | 미활동 0 | 2홉+ 0.55 | 도달  827 | 차단  905
Ep 910 | Step 1000 | R   238.69 | 배송 19/50 | 미활동 0 | 2홉+ 0.52 | 도달  733 | 차단  660
Ep 911 | Step 1000 | R   156.76 | 배송 15/50 | 미활동 0 | 2홉+ 0.60 | 도달  588 | 차단 1501
Ep 912 | Step 1000 | R   120.63 | 배송 15/50 | 미활동 0 | 2홉+ 0.65 | 도달  727 | 차단 1245
Ep 913 | Step 1000 | R   169.22 | 배송 16/50 | 미활동 0 | 2홉+ 0.53 | 도달  665 | 차단  309
Ep 914 | Step 1000 | R   202.76 | 배송 15/50 | 미활동 0 | 2홉+ 0.46 | 도달  613 | 차단  482
Ep 915 | Step 1000 | R   206.73 | 배송 16/50 | 미활동 0 | 2홉+ 0.41 | 도달  726 | 차단  714
Ep 916 | Step 1000 | R   100.01 | 배송 14/50 | 미활동 0 | 2홉+ 0.70 | 도달  780 | 차단 1968
Ep 917 | Step 1000 | R   175.29 | 배송 16/50 | 미활동 0 | 2홉+ 0.42 | 도달  597 | 차단  539
Ep 918 | Step 1000 | R    75.21 | 배송 11/50 | 미활동 0 | 2홉+ 0.43 | 도달  546 | 차단 1864
Ep 919 | Step 1000 | R   140.70 | 배송 13/50 | 미활동 0 | 2홉+ 0.48 | 도달  649 | 차단  640
Ep 920 | Step 1000 | R   170.47 | 배송 15/50 | 미활동 1 | 2홉+ 0.43 | 도달  794 | 차단  446
Ep 921 | Step 1000 | R   103.47 | 배송 13/50 | 미활동 0 | 2홉+ 0.61 | 도달  754 | 차단  986
Ep 922 | Step 1000 | R   183.94 | 배송 17/50 | 미활동 1 | 2홉+ 0.32 | 도달  642 | 차단  526
Ep 923 | Step 1000 | R   178.48 | 배송 16/50 | 미활동 1 | 2홉+ 0.53 | 도달  591 | 차단  819
Ep 924 | Step 1000 | R   164.25 | 배송 15/50 | 미활동 0 | 2홉+ 0.36 | 도달  612 | 차단  449
Ep 925 | Step 1000 | R    78.26 | 배송 11/50 | 미활동 1 | 2홉+ 0.31 | 도달  524 | 차단 1229
Ep 926 | Step 1000 | R   140.74 | 배송 14/50 | 미활동 0 | 2홉+ 0.55 | 도달  566 | 차단 1133
Ep 927 | Step 1000 | R   170.28 | 배송 16/50 | 미활동 0 | 2홉+ 0.48 | 도달  738 | 차단  538
Ep 928 | Step 1000 | R   143.06 | 배송 16/50 | 미활동 0 | 2홉+ 0.50 | 도달  589 | 차단  246
Ep 929 | Step 1000 | R   125.05 | 배송 15/50 | 미활동 0 | 2홉+ 0.60 | 도달  682 | 차단  589
Ep 930 | Step 1000 | R    66.34 | 배송 11/50 | 미활동 1 | 2홉+ 0.63 | 도달  553 | 차단 1520
Ep 931 | Step 1000 | R   130.79 | 배송 15/50 | 미활동 0 | 2홉+ 0.61 | 도달  583 | 차단  137
Ep 932 | Step 1000 | R   197.53 | 배송 15/50 | 미활동 0 | 2홉+ 0.32 | 도달  642 | 차단  322
Ep 933 | Step 1000 | R   179.00 | 배송 17/50 | 미활동 0 | 2홉+ 0.42 | 도달  599 | 차단  736
Ep 934 | Step 1000 | R   107.58 | 배송 13/50 | 미활동 1 | 2홉+ 0.52 | 도달  725 | 차단  938
Ep 935 | Step 1000 | R   117.68 | 배송 15/50 | 미활동 0 | 2홉+ 0.50 | 도달  678 | 차단 1369
Ep 936 | Step 1000 | R   180.47 | 배송 16/50 | 미활동 0 | 2홉+ 0.55 | 도달  727 | 차단  401
Ep 937 | Step 1000 | R    97.20 | 배송 12/50 | 미활동 0 | 2홉+ 0.35 | 도달  563 | 차단  303
Ep 938 | Step 1000 | R    89.06 | 배송 12/50 | 미활동 0 | 2홉+ 0.37 | 도달  562 | 차단 1013
Ep 939 | Step 1000 | R   150.05 | 배송 14/50 | 미활동 0 | 2홉+ 0.39 | 도달  671 | 차단  772
Ep 940 | Step 1000 | R   168.12 | 배송 15/50 | 미활동 0 | 2홉+ 0.37 | 도달  646 | 차단  619
Ep 941 | Step 1000 | R   123.24 | 배송 15/50 | 미활동 0 | 2홉+ 0.68 | 도달  764 | 차단 1235
Ep 942 | Step 1000 | R   190.41 | 배송 18/50 | 미활동 0 | 2홉+ 0.56 | 도달  717 | 차단  973
Ep 943 | Step 1000 | R   168.24 | 배송 15/50 | 미활동 0 | 2홉+ 0.47 | 도달  661 | 차단  196
Ep 944 | Step 1000 | R    85.19 | 배송 12/50 | 미활동 0 | 2홉+ 0.67 | 도달  577 | 차단 1438
Ep 945 | Step 1000 | R    92.51 | 배송 15/50 | 미활동 0 | 2홉+ 0.53 | 도달  574 | 차단   86
Ep 946 | Step 1000 | R    82.35 | 배송 11/50 | 미활동 0 | 2홉+ 0.34 | 도달  557 | 차단 1042
Ep 947 | Step 1000 | R   121.45 | 배송 14/50 | 미활동 0 | 2홉+ 0.40 | 도달  647 | 차단  504
Ep 948 | Step 1000 | R   186.94 | 배송 18/50 | 미활동 0 | 2홉+ 0.53 | 도달  727 | 차단  702
Ep 949 | Step 1000 | R   135.52 | 배송 13/50 | 미활동 0 | 2홉+ 0.55 | 도달  635 | 차단 1169
Ep 950 | Step 1000 | R    78.22 | 배송 10/50 | 미활동 0 | 2홉+ 0.47 | 도달  574 | 차단  688
  [홀드아웃] 배송 8.7±2.4 미활동 0.50 2홉+ 0.48 도달 510 | 최고 12.8@ep200 | 정체 15/15

조기 종료: 15회 연속 개선 없음. 최고 정책은 ep200 (홀드아웃 배송 12.8/50), /home/kopt/drone/weights/v2_26_08_25_14_c300_relay/best_actor.pth
Training finished. best=12.8 @ ep200
