/home/kopt/enter/envs/wsl_neuroMCTS/lib/python3.10/site-packages/pygame/pkgdata.py:25: UserWarning: pkg_resources is deprecated as an API. See https://setuptools.pypa.io/en/latest/pkg_resources.html. The pkg_resources package is slated for removal as early as 2025-11-30. Refrain from using this package or pin to Setuptools<81.
  from pkg_resources import resource_stream, resource_exists
pygame 2.6.1 (SDL 2.28.4, Python 3.10.19)
Hello from the pygame community. https://www.pygame.org/contribute.html
단계=manager 장치=cuda 반경=300.0 상위주기=20 시드=1 교착관측=True
상한=10000 교착한도=100 무배송한도=200 (초반 300ep까지 1000) gamma=0.997 미완료페널티=0.0
worker_obs=16 manager_obs=43 state=66 상위행동=7
하위 가중치 로드: weights/v3_26_09_07_17_w/best_worker.pth
Ep 1 |  5641스텝 | 배송 47/50 | 재적재  8 | 정지 0.22 교착최장 100 | deadlock
Ep 2 |  3489스텝 | 배송 43/50 | 재적재  7 | 정지 0.21 교착최장  26 | no_progress
Ep 3 |  1754스텝 | 배송 40/50 | 재적재  7 | 정지 0.14 교착최장 100 | deadlock
Ep 4 |  4209스텝 | 배송 44/50 | 재적재  7 | 정지 0.18 교착최장  15 | no_progress
Ep 5 |  3474스텝 | 배송 42/50 | 재적재  8 | 정지 0.18 교착최장  16 | no_progress
Ep 6 |  3466스텝 | 배송 43/50 | 재적재  7 | 정지 0.18 교착최장  19 | no_progress
Ep 7 |  3019스텝 | 배송 47/50 | 재적재  7 | 정지 0.15 교착최장  11 | no_progress
Ep 8 |  5134스텝 | 배송 44/50 | 재적재  7 | 정지 0.13 교착최장   7 | no_progress
Ep 9 |  3189스텝 | 배송 35/50 | 재적재  6 | 정지 0.16 교착최장  13 | no_progress
Ep 10 |  2986스텝 | 배송 37/50 | 재적재  7 | 정지 0.31 교착최장  39 | no_progress
Ep 11 |  4434스텝 | 배송 44/50 | 재적재  7 | 정지 0.16 교착최장  23 | no_progress
Ep 12 |  5812스텝 | 배송 46/50 | 재적재  8 | 정지 0.19 교착최장  23 | no_progress
Ep 13 |  3967스텝 | 배송 44/50 | 재적재  7 | 정지 0.21 교착최장  25 | no_progress
Ep 14 |  1878스텝 | 배송 24/50 | 재적재  2 | 정지 0.33 교착최장  16 | no_progress
Ep 15 |  3672스텝 | 배송 44/50 | 재적재  7 | 정지 0.14 교착최장  17 | no_progress
Ep 16 |  4963스텝 | 배송 45/50 | 재적재  7 | 정지 0.14 교착최장  14 | no_progress
Ep 17 |  4960스텝 | 배송 45/50 | 재적재  8 | 정지 0.20 교착최장  20 | no_progress
Ep 18 |  4571스텝 | 배송 45/50 | 재적재  7 | 정지 0.13 교착최장  11 | no_progress
Ep 19 |  4893스텝 | 배송 40/50 | 재적재  7 | 정지 0.19 교착최장  23 | no_progress
Ep 20 |  3066스텝 | 배송 32/50 | 재적재  4 | 정지 0.16 교착최장  14 | no_progress
Ep 21 |  5532스텝 | 배송 48/50 | 재적재  8 | 정지 0.13 교착최장  16 | no_progress
Ep 22 |  6008스텝 | 배송 43/50 | 재적재  8 | 정지 0.12 교착최장  11 | no_progress
Ep 23 |  6267스텝 | 배송 40/50 | 재적재  7 | 정지 0.14 교착최장  15 | no_progress
Ep 24 |  4329스텝 | 배송 43/50 | 재적재  7 | 정지 0.16 교착최장  10 | no_progress
Ep 25 |  6308스텝 | 배송 44/50 | 재적재  8 | 정지 0.17 교착최장  21 | no_progress
Ep 26 |  4376스텝 | 배송 36/50 | 재적재  5 | 정지 0.12 교착최장  11 | no_progress
Ep 27 |  4314스텝 | 배송 43/50 | 재적재  7 | 정지 0.19 교착최장  18 | no_progress
Ep 28 |  5158스텝 | 배송 44/50 | 재적재  8 | 정지 0.11 교착최장  16 | no_progress
Ep 29 |  6094스텝 | 배송 44/50 | 재적재  8 | 정지 0.10 교착최장  19 | no_progress
Ep 30 |  4006스텝 | 배송 40/50 | 재적재  7 | 정지 0.17 교착최장  14 | no_progress
Ep 31 |  5446스텝 | 배송 44/50 | 재적재  7 | 정지 0.18 교착최장  20 | no_progress
Ep 32 |  5318스텝 | 배송 40/50 | 재적재  8 | 정지 0.16 교착최장  16 | no_progress
Ep 33 |  4089스텝 | 배송 41/50 | 재적재  6 | 정지 0.17 교착최장  36 | no_progress
Ep 34 |  5604스텝 | 배송 46/50 | 재적재  7 | 정지 0.19 교착최장  51 | no_progress
Ep 35 |  2877스텝 | 배송 36/50 | 재적재  7 | 정지 0.13 교착최장   4 | no_progress
Ep 36 |  5496스텝 | 배송 37/50 | 재적재  6 | 정지 0.16 교착최장  23 | no_progress
Ep 37 |  2929스텝 | 배송 38/50 | 재적재  6 | 정지 0.13 교착최장   9 | no_progress
Ep 38 |  4093스텝 | 배송 43/50 | 재적재  7 | 정지 0.14 교착최장  17 | no_progress
Ep 39 |  5292스텝 | 배송 45/50 | 재적재  8 | 정지 0.14 교착최장  30 | no_progress
Ep 40 |  4834스텝 | 배송 44/50 | 재적재  7 | 정지 0.14 교착최장  22 | no_progress
Ep 41 |  4326스텝 | 배송 45/50 | 재적재  8 | 정지 0.14 교착최장  12 | no_progress
Ep 42 |  2809스텝 | 배송 37/50 | 재적재  6 | 정지 0.20 교착최장  15 | no_progress
Ep 43 |  3490스텝 | 배송 41/50 | 재적재  7 | 정지 0.18 교착최장  10 | no_progress
Ep 44 |  4910스텝 | 배송 44/50 | 재적재  7 | 정지 0.19 교착최장  12 | no_progress
Ep 45 |  3305스텝 | 배송 41/50 | 재적재  7 | 정지 0.16 교착최장  15 | no_progress
Ep 46 |  5817스텝 | 배송 44/50 | 재적재  7 | 정지 0.13 교착최장  16 | no_progress
Ep 47 |  5936스텝 | 배송 41/50 | 재적재  7 | 정지 0.13 교착최장  14 | no_progress
Ep 48 |  3953스텝 | 배송 40/50 | 재적재  7 | 정지 0.17 교착최장  13 | no_progress
Ep 49 |  3729스텝 | 배송 37/50 | 재적재  6 | 정지 0.17 교착최장   6 | no_progress
Ep 50 |  5367스텝 | 배송 41/50 | 재적재  6 | 정지 0.21 교착최장  12 | no_progress
  [홀드아웃] 배송 16.8±8.4 재적재 0.9 2홉+ 0.42 | 최고 16.8@ep50 정체 0/15  ← 갱신
Ep 51 |  2099스텝 | 배송 23/50 | 재적재  2 | 정지 0.14 교착최장  12 | no_progress
Ep 52 |  3892스텝 | 배송 43/50 | 재적재  6 | 정지 0.13 교착최장  17 | no_progress
Ep 53 |  2727스텝 | 배송 35/50 | 재적재  5 | 정지 0.36 교착최장 100 | deadlock
Ep 54 |  4883스텝 | 배송 46/50 | 재적재  7 | 정지 0.13 교착최장  14 | no_progress
Ep 55 |  5148스텝 | 배송 43/50 | 재적재  7 | 정지 0.13 교착최장  14 | no_progress
Ep 56 |  3806스텝 | 배송 41/50 | 재적재  5 | 정지 0.23 교착최장  15 | no_progress
Ep 57 |  3434스텝 | 배송 36/50 | 재적재  6 | 정지 0.19 교착최장  39 | no_progress
Ep 58 |  5580스텝 | 배송 44/50 | 재적재  7 | 정지 0.15 교착최장  14 | no_progress
Ep 59 |  5021스텝 | 배송 39/50 | 재적재  6 | 정지 0.19 교착최장  34 | no_progress
Ep 60 |  5668스텝 | 배송 47/50 | 재적재  8 | 정지 0.17 교착최장  18 | no_progress
Ep 61 |  3969스텝 | 배송 45/50 | 재적재  8 | 정지 0.14 교착최장  36 | no_progress
Ep 62 |  3633스텝 | 배송 38/50 | 재적재  6 | 정지 0.13 교착최장  10 | no_progress
Ep 63 |  5148스텝 | 배송 42/50 | 재적재  7 | 정지 0.14 교착최장  11 | no_progress
Ep 64 |  3087스텝 | 배송 38/50 | 재적재  6 | 정지 0.17 교착최장   8 | no_progress
Ep 65 |  4886스텝 | 배송 44/50 | 재적재  8 | 정지 0.15 교착최장  34 | no_progress
Ep 66 |  3242스텝 | 배송 40/50 | 재적재  7 | 정지 0.19 교착최장  23 | no_progress
Ep 67 |  3492스텝 | 배송 39/50 | 재적재  7 | 정지 0.15 교착최장  23 | no_progress
Ep 68 |  4655스텝 | 배송 44/50 | 재적재  8 | 정지 0.13 교착최장  45 | no_progress
Ep 69 |  4695스텝 | 배송 46/50 | 재적재  8 | 정지 0.12 교착최장  16 | no_progress
Ep 70 |  4434스텝 | 배송 45/50 | 재적재  8 | 정지 0.11 교착최장  18 | no_progress
Ep 71 |  5812스텝 | 배송 45/50 | 재적재  8 | 정지 0.08 교착최장  10 | no_progress
Ep 72 |  4945스텝 | 배송 47/50 | 재적재  8 | 정지 0.16 교착최장  16 | no_progress
Ep 73 |  4080스텝 | 배송 43/50 | 재적재  7 | 정지 0.14 교착최장  13 | no_progress
Ep 74 |  4112스텝 | 배송 42/50 | 재적재  8 | 정지 0.10 교착최장  13 | no_progress
Ep 75 |  3676스텝 | 배송 39/50 | 재적재  6 | 정지 0.12 교착최장  13 | no_progress
Ep 76 |  1848스텝 | 배송 11/50 | 재적재  0 | 정지 0.09 교착최장   3 | no_progress
Ep 77 |  4233스텝 | 배송 38/50 | 재적재  7 | 정지 0.14 교착최장  13 | no_progress
Ep 78 |  4775스텝 | 배송 44/50 | 재적재  8 | 정지 0.12 교착최장   6 | no_progress
Ep 79 |  7362스텝 | 배송 45/50 | 재적재  8 | 정지 0.19 교착최장  40 | no_progress
Ep 80 |  4901스텝 | 배송 44/50 | 재적재  7 | 정지 0.17 교착최장  14 | no_progress
Ep 81 |  5098스텝 | 배송 42/50 | 재적재  6 | 정지 0.20 교착최장  27 | no_progress
Ep 82 |  4155스텝 | 배송 40/50 | 재적재  7 | 정지 0.14 교착최장  17 | no_progress
Ep 83 |  4010스텝 | 배송 43/50 | 재적재  7 | 정지 0.14 교착최장  18 | no_progress
Ep 84 |  4890스텝 | 배송 47/50 | 재적재  8 | 정지 0.17 교착최장  51 | no_progress
Ep 85 |  4378스텝 | 배송 45/50 | 재적재  8 | 정지 0.12 교착최장  18 | no_progress
Ep 86 |  4648스텝 | 배송 42/50 | 재적재  6 | 정지 0.15 교착최장  57 | no_progress
Ep 87 |  4115스텝 | 배송 35/50 | 재적재  6 | 정지 0.14 교착최장  26 | no_progress
Ep 88 |  4677스텝 | 배송 44/50 | 재적재  8 | 정지 0.12 교착최장   9 | no_progress
Ep 89 |  5263스텝 | 배송 42/50 | 재적재  6 | 정지 0.14 교착최장  19 | no_progress
Ep 90 |  3393스텝 | 배송 31/50 | 재적재  5 | 정지 0.13 교착최장  11 | no_progress
Ep 91 |  6007스텝 | 배송 46/50 | 재적재  7 | 정지 0.16 교착최장  37 | no_progress
Ep 92 |  4228스텝 | 배송 37/50 | 재적재  5 | 정지 0.17 교착최장  17 | no_progress
Ep 93 |  2858스텝 | 배송 34/50 | 재적재  5 | 정지 0.16 교착최장  13 | no_progress
Ep 94 |  6197스텝 | 배송 43/50 | 재적재  7 | 정지 0.18 교착최장  18 | no_progress
Ep 95 |  4056스텝 | 배송 41/50 | 재적재  6 | 정지 0.15 교착최장  43 | no_progress
Ep 96 |  6435스텝 | 배송 43/50 | 재적재  8 | 정지 0.14 교착최장  26 | no_progress
Ep 97 |  4759스텝 | 배송 43/50 | 재적재  7 | 정지 0.15 교착최장  24 | no_progress
Ep 98 |  3820스텝 | 배송 40/50 | 재적재  7 | 정지 0.13 교착최장  14 | no_progress
Ep 99 |  5541스텝 | 배송 45/50 | 재적재  8 | 정지 0.16 교착최장  14 | no_progress
Ep 100 |  5314스텝 | 배송 44/50 | 재적재  7 | 정지 0.24 교착최장 100 | deadlock
  [홀드아웃] 배송 11.0±7.4 재적재 0.6 2홉+ 0.36 | 최고 16.8@ep50 정체 1/15
Ep 101 |  3776스텝 | 배송 33/50 | 재적재  5 | 정지 0.13 교착최장  15 | no_progress
Ep 102 |  5054스텝 | 배송 43/50 | 재적재  8 | 정지 0.09 교착최장  10 | no_progress
Ep 103 |  5371스텝 | 배송 43/50 | 재적재  7 | 정지 0.21 교착최장  47 | no_progress
Ep 104 |  5476스텝 | 배송 46/50 | 재적재  8 | 정지 0.15 교착최장  20 | no_progress
Ep 105 |  4198스텝 | 배송 34/50 | 재적재  6 | 정지 0.11 교착최장  11 | no_progress
Ep 106 |  4029스텝 | 배송 41/50 | 재적재  8 | 정지 0.20 교착최장  10 | no_progress
Ep 107 |  3609스텝 | 배송 33/50 | 재적재  5 | 정지 0.14 교착최장  17 | no_progress
Ep 108 |  4601스텝 | 배송 43/50 | 재적재  7 | 정지 0.20 교착최장  19 | no_progress
Ep 109 |  4840스텝 | 배송 44/50 | 재적재  8 | 정지 0.20 교착최장  36 | no_progress
Ep 110 |  3416스텝 | 배송 36/50 | 재적재  5 | 정지 0.12 교착최장   7 | no_progress
Ep 111 |  5471스텝 | 배송 42/50 | 재적재  8 | 정지 0.14 교착최장  10 | no_progress
Ep 112 |  5904스텝 | 배송 46/50 | 재적재  8 | 정지 0.22 교착최장  69 | no_progress
Ep 113 |  5376스텝 | 배송 43/50 | 재적재  8 | 정지 0.11 교착최장   9 | no_progress
Ep 114 |  4796스텝 | 배송 44/50 | 재적재  8 | 정지 0.16 교착최장  16 | no_progress
Ep 115 |  5267스텝 | 배송 43/50 | 재적재  7 | 정지 0.09 교착최장   8 | no_progress
Ep 116 |  2521스텝 | 배송 33/50 | 재적재  4 | 정지 0.15 교착최장  23 | no_progress
Ep 117 |  5112스텝 | 배송 42/50 | 재적재  8 | 정지 0.20 교착최장  24 | no_progress
Ep 118 |  3347스텝 | 배송 40/50 | 재적재  7 | 정지 0.14 교착최장   6 | no_progress
Ep 119 |  4726스텝 | 배송 44/50 | 재적재  8 | 정지 0.14 교착최장  15 | no_progress
Ep 120 |  3450스텝 | 배송 39/50 | 재적재  6 | 정지 0.17 교착최장   8 | no_progress
Ep 121 |  2937스텝 | 배송 32/50 | 재적재  5 | 정지 0.11 교착최장   8 | no_progress
Ep 122 |  6114스텝 | 배송 41/50 | 재적재  6 | 정지 0.24 교착최장  31 | no_progress
Ep 123 |  2961스텝 | 배송 34/50 | 재적재  6 | 정지 0.10 교착최장   5 | no_progress
Ep 124 |  5095스텝 | 배송 43/50 | 재적재  7 | 정지 0.16 교착최장  47 | no_progress
Ep 125 |  4800스텝 | 배송 37/50 | 재적재  5 | 정지 0.14 교착최장  13 | no_progress
Ep 126 |  5059스텝 | 배송 42/50 | 재적재  6 | 정지 0.20 교착최장  15 | no_progress
Ep 127 |  4673스텝 | 배송 43/50 | 재적재  7 | 정지 0.18 교착최장  15 | no_progress
Ep 128 |  3496스텝 | 배송 40/50 | 재적재  6 | 정지 0.13 교착최장  12 | no_progress
Ep 129 |  6571스텝 | 배송 44/50 | 재적재  7 | 정지 0.16 교착최장  20 | no_progress
Ep 130 |  2426스텝 | 배송 40/50 | 재적재  7 | 정지 0.17 교착최장  10 | no_progress
Ep 131 |  5855스텝 | 배송 46/50 | 재적재  8 | 정지 0.19 교착최장  23 | no_progress
Ep 132 |  5077스텝 | 배송 44/50 | 재적재  8 | 정지 0.12 교착최장   9 | no_progress
Ep 133 |  4508스텝 | 배송 44/50 | 재적재  8 | 정지 0.14 교착최장  11 | no_progress
Ep 134 |  4417스텝 | 배송 40/50 | 재적재  7 | 정지 0.14 교착최장  16 | no_progress
Ep 135 |  4116스텝 | 배송 38/50 | 재적재  6 | 정지 0.10 교착최장  16 | no_progress
Ep 136 |  5226스텝 | 배송 47/50 | 재적재  8 | 정지 0.18 교착최장  23 | no_progress
Ep 137 |  4330스텝 | 배송 42/50 | 재적재  5 | 정지 0.15 교착최장  10 | no_progress
Ep 138 |  4451스텝 | 배송 39/50 | 재적재  7 | 정지 0.12 교착최장   6 | no_progress
Ep 139 |  4567스텝 | 배송 39/50 | 재적재  7 | 정지 0.21 교착최장  30 | no_progress
Ep 140 |  3614스텝 | 배송 33/50 | 재적재  4 | 정지 0.09 교착최장  10 | no_progress
Ep 141 |  2748스텝 | 배송 35/50 | 재적재  4 | 정지 0.17 교착최장  11 | no_progress
Ep 142 |  5338스텝 | 배송 38/50 | 재적재  6 | 정지 0.15 교착최장  17 | no_progress
Ep 143 |  5557스텝 | 배송 42/50 | 재적재  7 | 정지 0.16 교착최장  25 | no_progress
Ep 144 |  3135스텝 | 배송 37/50 | 재적재  6 | 정지 0.12 교착최장  12 | no_progress
Ep 145 |  2596스텝 | 배송 35/50 | 재적재  5 | 정지 0.10 교착최장  16 | no_progress
Ep 146 |  4633스텝 | 배송 42/50 | 재적재  7 | 정지 0.20 교착최장  16 | no_progress
Ep 147 |  4476스텝 | 배송 43/50 | 재적재  7 | 정지 0.14 교착최장  10 | no_progress
Ep 148 |  4655스텝 | 배송 45/50 | 재적재  8 | 정지 0.12 교착최장   8 | no_progress
Ep 149 |  3832스텝 | 배송 37/50 | 재적재  5 | 정지 0.13 교착최장  11 | no_progress
Ep 150 |  4114스텝 | 배송 44/50 | 재적재  7 | 정지 0.26 교착최장  65 | no_progress
  [홀드아웃] 배송 15.4±7.0 재적재 0.8 2홉+ 0.46 | 최고 16.8@ep50 정체 2/15
Ep 151 |  4719스텝 | 배송 44/50 | 재적재  7 | 정지 0.20 교착최장  30 | no_progress
Ep 152 |  2892스텝 | 배송 41/50 | 재적재  7 | 정지 0.15 교착최장  11 | no_progress
Ep 153 |  6459스텝 | 배송 44/50 | 재적재  8 | 정지 0.13 교착최장  10 | no_progress
Ep 154 |  4137스텝 | 배송 40/50 | 재적재  5 | 정지 0.16 교착최장  29 | no_progress
Ep 155 |  3436스텝 | 배송 37/50 | 재적재  6 | 정지 0.10 교착최장   7 | no_progress
Ep 156 |  3749스텝 | 배송 38/50 | 재적재  6 | 정지 0.14 교착최장  11 | no_progress
Ep 157 |  4826스텝 | 배송 43/50 | 재적재  8 | 정지 0.13 교착최장   9 | no_progress
Ep 158 |  3888스텝 | 배송 33/50 | 재적재  6 | 정지 0.12 교착최장  10 | no_progress
Ep 159 |  4137스텝 | 배송 39/50 | 재적재  7 | 정지 0.08 교착최장  11 | no_progress
Ep 160 |  5853스텝 | 배송 38/50 | 재적재  5 | 정지 0.19 교착최장  21 | no_progress
Ep 161 |  6388스텝 | 배송 42/50 | 재적재  7 | 정지 0.24 교착최장  87 | no_progress
Ep 162 |  4205스텝 | 배송 39/50 | 재적재  6 | 정지 0.20 교착최장  31 | no_progress
Ep 163 |  3942스텝 | 배송 36/50 | 재적재  5 | 정지 0.13 교착최장  12 | no_progress
Ep 164 |  6084스텝 | 배송 43/50 | 재적재  7 | 정지 0.15 교착최장  30 | no_progress
Ep 165 |  3308스텝 | 배송 35/50 | 재적재  6 | 정지 0.13 교착최장  13 | no_progress
Ep 166 |  6517스텝 | 배송 42/50 | 재적재  7 | 정지 0.15 교착최장  10 | no_progress
Ep 167 |  5865스텝 | 배송 40/50 | 재적재  7 | 정지 0.19 교착최장  17 | no_progress
Ep 168 |  4296스텝 | 배송 45/50 | 재적재  8 | 정지 0.21 교착최장  16 | no_progress
Ep 169 |  3415스텝 | 배송 42/50 | 재적재  7 | 정지 0.13 교착최장 100 | deadlock
Ep 170 |  3544스텝 | 배송 41/50 | 재적재  5 | 정지 0.15 교착최장  20 | no_progress
Ep 171 |  4208스텝 | 배송 43/50 | 재적재  7 | 정지 0.13 교착최장   8 | no_progress
Ep 172 |  4580스텝 | 배송 39/50 | 재적재  6 | 정지 0.17 교착최장  12 | no_progress
Ep 173 |  6660스텝 | 배송 45/50 | 재적재  7 | 정지 0.18 교착최장  34 | no_progress
Ep 174 |  3329스텝 | 배송 34/50 | 재적재  6 | 정지 0.14 교착최장  15 | no_progress
Ep 175 |  5291스텝 | 배송 40/50 | 재적재  8 | 정지 0.13 교착최장  11 | no_progress
Ep 176 |  5258스텝 | 배송 45/50 | 재적재  8 | 정지 0.12 교착최장  28 | no_progress
Ep 177 |  3599스텝 | 배송 40/50 | 재적재  6 | 정지 0.11 교착최장   8 | no_progress
Ep 178 |  4425스텝 | 배송 41/50 | 재적재  8 | 정지 0.12 교착최장   8 | no_progress
Ep 179 |  5235스텝 | 배송 40/50 | 재적재  5 | 정지 0.20 교착최장  20 | no_progress
Ep 180 |  3656스텝 | 배송 29/50 | 재적재  4 | 정지 0.41 교착최장  96 | no_progress
Ep 181 |  5151스텝 | 배송 45/50 | 재적재  7 | 정지 0.21 교착최장  24 | no_progress
Ep 182 |  5338스텝 | 배송 40/50 | 재적재  8 | 정지 0.24 교착최장  47 | no_progress
Ep 183 |  3774스텝 | 배송 43/50 | 재적재  7 | 정지 0.15 교착최장  40 | no_progress
Ep 184 |  5676스텝 | 배송 44/50 | 재적재  7 | 정지 0.13 교착최장  17 | no_progress
Ep 185 |  3180스텝 | 배송 38/50 | 재적재  6 | 정지 0.17 교착최장  11 | no_progress
Ep 186 |  4028스텝 | 배송 42/50 | 재적재  6 | 정지 0.20 교착최장  13 | no_progress
Ep 187 |  4700스텝 | 배송 43/50 | 재적재  7 | 정지 0.16 교착최장  22 | no_progress
Ep 188 |  3620스텝 | 배송 38/50 | 재적재  6 | 정지 0.20 교착최장  32 | no_progress
Ep 189 |  3491스텝 | 배송 33/50 | 재적재  4 | 정지 0.20 교착최장   8 | no_progress
Ep 190 |  3834스텝 | 배송 40/50 | 재적재  7 | 정지 0.16 교착최장  10 | no_progress
Ep 191 |  3494스텝 | 배송 41/50 | 재적재  6 | 정지 0.15 교착최장  19 | no_progress
Ep 192 |  4116스텝 | 배송 46/50 | 재적재  7 | 정지 0.17 교착최장  17 | no_progress
Ep 193 |  3131스텝 | 배송 37/50 | 재적재  5 | 정지 0.15 교착최장  12 | no_progress
Ep 194 |  4262스텝 | 배송 39/50 | 재적재  6 | 정지 0.16 교착최장  16 | no_progress
Ep 195 |  4618스텝 | 배송 43/50 | 재적재  6 | 정지 0.16 교착최장  10 | no_progress
Ep 196 |  4756스텝 | 배송 46/50 | 재적재  8 | 정지 0.14 교착최장  11 | no_progress
Ep 197 |  3939스텝 | 배송 39/50 | 재적재  7 | 정지 0.12 교착최장  14 | no_progress
Ep 198 |  4043스텝 | 배송 40/50 | 재적재  7 | 정지 0.13 교착최장  12 | no_progress
Ep 199 |  2332스텝 | 배송 29/50 | 재적재  4 | 정지 0.17 교착최장  11 | no_progress
Ep 200 |  6448스텝 | 배송 42/50 | 재적재  7 | 정지 0.20 교착최장  40 | no_progress
  [홀드아웃] 배송 20.2±8.2 재적재 2.2 2홉+ 0.35 | 최고 20.2@ep200 정체 0/15  ← 갱신
Ep 201 |  5551스텝 | 배송 40/50 | 재적재  6 | 정지 0.19 교착최장  68 | no_progress
Ep 202 |  3775스텝 | 배송 33/50 | 재적재  4 | 정지 0.16 교착최장  13 | no_progress
Ep 203 |  4464스텝 | 배송 44/50 | 재적재  8 | 정지 0.13 교착최장  39 | no_progress
Ep 204 |  4533스텝 | 배송 41/50 | 재적재  6 | 정지 0.11 교착최장   9 | no_progress
Ep 205 |  2290스텝 | 배송 36/50 | 재적재  6 | 정지 0.21 교착최장   9 | no_progress
Ep 206 |  6044스텝 | 배송 40/50 | 재적재  6 | 정지 0.21 교착최장  21 | no_progress
Ep 207 |  5610스텝 | 배송 45/50 | 재적재  7 | 정지 0.13 교착최장  22 | no_progress
Ep 208 |  3261스텝 | 배송 36/50 | 재적재  4 | 정지 0.14 교착최장  14 | no_progress
Ep 209 |  4286스텝 | 배송 42/50 | 재적재  7 | 정지 0.15 교착최장  30 | no_progress
Ep 210 |  4490스텝 | 배송 35/50 | 재적재  5 | 정지 0.30 교착최장  79 | no_progress
Ep 211 |  4811스텝 | 배송 44/50 | 재적재  8 | 정지 0.14 교착최장  15 | no_progress
Ep 212 |  4978스텝 | 배송 43/50 | 재적재  7 | 정지 0.17 교착최장  37 | no_progress
Ep 213 |  2721스텝 | 배송 31/50 | 재적재  5 | 정지 0.13 교착최장  40 | no_progress
Ep 214 |  4003스텝 | 배송 39/50 | 재적재  6 | 정지 0.16 교착최장  29 | no_progress
Ep 215 |  6167스텝 | 배송 41/50 | 재적재  8 | 정지 0.14 교착최장  11 | no_progress
Ep 216 |  5332스텝 | 배송 39/50 | 재적재  5 | 정지 0.19 교착최장  17 | no_progress
Ep 217 |  4739스텝 | 배송 38/50 | 재적재  5 | 정지 0.17 교착최장  13 | no_progress
Ep 218 |  3726스텝 | 배송 40/50 | 재적재  7 | 정지 0.09 교착최장   6 | no_progress
Ep 219 |  4875스텝 | 배송 40/50 | 재적재  6 | 정지 0.13 교착최장  17 | no_progress
Ep 220 |  4914스텝 | 배송 43/50 | 재적재  7 | 정지 0.16 교착최장  16 | no_progress
Ep 221 |  5592스텝 | 배송 40/50 | 재적재  7 | 정지 0.21 교착최장  21 | no_progress
Ep 222 |  4109스텝 | 배송 41/50 | 재적재  7 | 정지 0.12 교착최장   7 | no_progress
Ep 223 |  2324스텝 | 배송 31/50 | 재적재  4 | 정지 0.12 교착최장   8 | no_progress
Ep 224 |  4774스텝 | 배송 42/50 | 재적재  5 | 정지 0.16 교착최장  27 | no_progress
Ep 225 |  3089스텝 | 배송 34/50 | 재적재  5 | 정지 0.15 교착최장   6 | no_progress
Ep 226 |  4727스텝 | 배송 42/50 | 재적재  6 | 정지 0.20 교착최장  22 | no_progress
Ep 227 |  6614스텝 | 배송 41/50 | 재적재  7 | 정지 0.15 교착최장  18 | no_progress
Ep 228 |  3123스텝 | 배송 31/50 | 재적재  4 | 정지 0.08 교착최장   8 | no_progress
Ep 229 |  4020스텝 | 배송 45/50 | 재적재  7 | 정지 0.12 교착최장  14 | no_progress
Ep 230 |  4748스텝 | 배송 41/50 | 재적재  6 | 정지 0.16 교착최장  36 | no_progress
Ep 231 |  4207스텝 | 배송 39/50 | 재적재  7 | 정지 0.11 교착최장  15 | no_progress
Ep 232 |  4088스텝 | 배송 41/50 | 재적재  7 | 정지 0.15 교착최장  10 | no_progress
Ep 233 |  6067스텝 | 배송 47/50 | 재적재  8 | 정지 0.13 교착최장  12 | no_progress
Ep 234 |  7189스텝 | 배송 42/50 | 재적재  8 | 정지 0.13 교착최장  17 | no_progress
Ep 235 |  3548스텝 | 배송 37/50 | 재적재  5 | 정지 0.10 교착최장  16 | no_progress
Ep 236 |  5846스텝 | 배송 45/50 | 재적재  8 | 정지 0.14 교착최장  28 | no_progress
Ep 237 |  5059스텝 | 배송 42/50 | 재적재  7 | 정지 0.22 교착최장  28 | no_progress
Ep 238 |  4194스텝 | 배송 38/50 | 재적재  7 | 정지 0.11 교착최장   9 | no_progress
Ep 239 |  4433스텝 | 배송 34/50 | 재적재  4 | 정지 0.15 교착최장  19 | no_progress
Ep 240 |  3734스텝 | 배송 40/50 | 재적재  7 | 정지 0.18 교착최장  12 | no_progress
Ep 241 |  4412스텝 | 배송 40/50 | 재적재  6 | 정지 0.14 교착최장  11 | no_progress
Ep 242 |  6724스텝 | 배송 43/50 | 재적재  8 | 정지 0.13 교착최장  21 | no_progress
Ep 243 |  3365스텝 | 배송 31/50 | 재적재  3 | 정지 0.07 교착최장   4 | no_progress
Ep 244 |  3764스텝 | 배송 41/50 | 재적재  8 | 정지 0.10 교착최장  10 | no_progress
Ep 245 |  6308스텝 | 배송 46/50 | 재적재  8 | 정지 0.16 교착최장  25 | no_progress
Ep 246 |  5927스텝 | 배송 46/50 | 재적재  8 | 정지 0.18 교착최장  42 | no_progress
Ep 247 |  3897스텝 | 배송 38/50 | 재적재  4 | 정지 0.09 교착최장   9 | no_progress
Ep 248 |  4229스텝 | 배송 39/50 | 재적재  6 | 정지 0.13 교착최장  12 | no_progress
Ep 249 |  4249스텝 | 배송 35/50 | 재적재  6 | 정지 0.13 교착최장  11 | no_progress
Ep 250 |  2885스텝 | 배송 33/50 | 재적재  6 | 정지 0.07 교착최장  15 | no_progress
  [홀드아웃] 배송 10.7±9.5 재적재 0.8 2홉+ 0.26 | 최고 20.2@ep200 정체 1/15
Ep 251 |  5623스텝 | 배송 43/50 | 재적재  6 | 정지 0.18 교착최장  59 | no_progress
Ep 252 |  3345스텝 | 배송 37/50 | 재적재  6 | 정지 0.15 교착최장  11 | no_progress
Ep 253 |  4473스텝 | 배송 38/50 | 재적재  6 | 정지 0.13 교착최장  25 | no_progress
Ep 254 |  3443스텝 | 배송 39/50 | 재적재  6 | 정지 0.10 교착최장   9 | no_progress
Ep 255 |  3188스텝 | 배송 40/50 | 재적재  6 | 정지 0.11 교착최장  11 | no_progress
Ep 256 |  4492스텝 | 배송 39/50 | 재적재  5 | 정지 0.11 교착최장  13 | no_progress
Ep 257 |  4072스텝 | 배송 43/50 | 재적재  8 | 정지 0.13 교착최장  14 | no_progress
Ep 258 |  5921스텝 | 배송 40/50 | 재적재  6 | 정지 0.21 교착최장  37 | no_progress
Ep 259 |  5129스텝 | 배송 45/50 | 재적재  7 | 정지 0.16 교착최장  23 | no_progress
Ep 260 |  3772스텝 | 배송 41/50 | 재적재  8 | 정지 0.15 교착최장  54 | no_progress
Ep 261 |  5259스텝 | 배송 41/50 | 재적재  8 | 정지 0.11 교착최장   8 | no_progress
Ep 262 |  2453스텝 | 배송 30/50 | 재적재  4 | 정지 0.14 교착최장  10 | no_progress
Ep 263 |  3399스텝 | 배송 32/50 | 재적재  4 | 정지 0.19 교착최장  18 | no_progress
Ep 264 |  2179스텝 | 배송 33/50 | 재적재  5 | 정지 0.13 교착최장  12 | no_progress
Ep 265 |  5024스텝 | 배송 44/50 | 재적재  7 | 정지 0.11 교착최장   6 | no_progress
Ep 266 |  4667스텝 | 배송 38/50 | 재적재  6 | 정지 0.12 교착최장  21 | no_progress
Ep 267 |  2589스텝 | 배송 34/50 | 재적재  6 | 정지 0.09 교착최장   5 | no_progress
Ep 268 |  3691스텝 | 배송 35/50 | 재적재  4 | 정지 0.11 교착최장  17 | no_progress
Ep 269 |  5779스텝 | 배송 41/50 | 재적재  5 | 정지 0.19 교착최장  21 | no_progress
Ep 270 |  5751스텝 | 배송 44/50 | 재적재  7 | 정지 0.15 교착최장  21 | no_progress
Ep 271 |  3250스텝 | 배송 34/50 | 재적재  5 | 정지 0.21 교착최장  20 | no_progress
Ep 272 |  5845스텝 | 배송 44/50 | 재적재  8 | 정지 0.08 교착최장  17 | no_progress
Ep 273 |  2985스텝 | 배송 35/50 | 재적재  5 | 정지 0.20 교착최장  10 | no_progress
Ep 274 |  4338스텝 | 배송 38/50 | 재적재  5 | 정지 0.13 교착최장   9 | no_progress
Ep 275 |  4279스텝 | 배송 42/50 | 재적재  7 | 정지 0.14 교착최장  31 | no_progress
Ep 276 |  2975스텝 | 배송 36/50 | 재적재  5 | 정지 0.11 교착최장  12 | no_progress
Ep 277 |  3696스텝 | 배송 34/50 | 재적재  4 | 정지 0.11 교착최장  11 | no_progress
Ep 278 |  5250스텝 | 배송 45/50 | 재적재  7 | 정지 0.20 교착최장  28 | no_progress
Ep 279 |  3260스텝 | 배송 32/50 | 재적재  4 | 정지 0.18 교착최장   8 | no_progress
Ep 280 |  2772스텝 | 배송 36/50 | 재적재  5 | 정지 0.07 교착최장  10 | no_progress
Ep 281 |  3183스텝 | 배송 37/50 | 재적재  5 | 정지 0.16 교착최장  14 | no_progress
Ep 282 |  4946스텝 | 배송 44/50 | 재적재  8 | 정지 0.13 교착최장  12 | no_progress
Ep 283 |  3493스텝 | 배송 37/50 | 재적재  6 | 정지 0.11 교착최장   9 | no_progress
Ep 284 |  2936스텝 | 배송 36/50 | 재적재  6 | 정지 0.09 교착최장   9 | no_progress
Ep 285 |  3633스텝 | 배송 42/50 | 재적재  7 | 정지 0.14 교착최장   9 | no_progress
Ep 286 |  5897스텝 | 배송 43/50 | 재적재  8 | 정지 0.16 교착최장  11 | no_progress
Ep 287 |  4879스텝 | 배송 41/50 | 재적재  8 | 정지 0.18 교착최장  18 | no_progress
Ep 288 |  5290스텝 | 배송 45/50 | 재적재  6 | 정지 0.19 교착최장  40 | no_progress
Ep 289 |  4133스텝 | 배송 42/50 | 재적재  7 | 정지 0.12 교착최장  12 | no_progress
Ep 290 |  3772스텝 | 배송 33/50 | 재적재  6 | 정지 0.14 교착최장   8 | no_progress
Ep 291 |  4743스텝 | 배송 42/50 | 재적재  7 | 정지 0.16 교착최장  20 | no_progress
Ep 292 |  5245스텝 | 배송 43/50 | 재적재  6 | 정지 0.21 교착최장  16 | no_progress
Ep 293 |  3201스텝 | 배송 37/50 | 재적재  5 | 정지 0.16 교착최장  13 | no_progress
Ep 294 |  4173스텝 | 배송 36/50 | 재적재  6 | 정지 0.21 교착최장  46 | no_progress
Ep 295 |  5054스텝 | 배송 41/50 | 재적재  6 | 정지 0.13 교착최장  24 | no_progress
Ep 296 |  5211스텝 | 배송 33/50 | 재적재  4 | 정지 0.13 교착최장  11 | no_progress
Ep 297 |  2720스텝 | 배송 33/50 | 재적재  5 | 정지 0.15 교착최장  12 | no_progress
Ep 298 |  2669스텝 | 배송 34/50 | 재적재  4 | 정지 0.09 교착최장   9 | no_progress
Ep 299 |  3262스텝 | 배송 30/50 | 재적재  4 | 정지 0.13 교착최장   7 | no_progress
Ep 300 |  3981스텝 | 배송 32/50 | 재적재  4 | 정지 0.16 교착최장  13 | no_progress
  [홀드아웃] 배송 17.2±5.9 재적재 1.5 2홉+ 0.38 | 최고 20.2@ep200 정체 2/15
Ep 301 |   294스텝 | 배송  5/50 | 재적재  0 | 정지 0.00 교착최장   0 | no_progress
Ep 302 |   947스텝 | 배송 24/50 | 재적재  3 | 정지 0.09 교착최장   8 | no_progress
Ep 303 |  1485스텝 | 배송 31/50 | 재적재  5 | 정지 0.17 교착최장   9 | no_progress
Ep 304 |  1316스텝 | 배송 26/50 | 재적재  4 | 정지 0.08 교착최장   3 | no_progress
Ep 305 |  2176스텝 | 배송 34/50 | 재적재  5 | 정지 0.13 교착최장  10 | no_progress
Ep 306 |   870스텝 | 배송 21/50 | 재적재  3 | 정지 0.07 교착최장   7 | no_progress
Ep 307 |   970스텝 | 배송 23/50 | 재적재  2 | 정지 0.28 교착최장  37 | no_progress
Ep 308 |  1194스텝 | 배송 23/50 | 재적재  3 | 정지 0.06 교착최장  10 | no_progress
Ep 309 |   862스텝 | 배송 24/50 | 재적재  3 | 정지 0.08 교착최장   5 | no_progress
Ep 310 |  1380스텝 | 배송 25/50 | 재적재  3 | 정지 0.15 교착최장  14 | no_progress
Ep 311 |   584스텝 | 배송 18/50 | 재적재  0 | 정지 0.11 교착최장   5 | no_progress
Ep 312 |  1303스텝 | 배송 33/50 | 재적재  4 | 정지 0.11 교착최장   7 | no_progress
Ep 313 |   535스텝 | 배송 18/50 | 재적재  1 | 정지 0.10 교착최장   6 | no_progress
Ep 314 |   856스텝 | 배송 21/50 | 재적재  3 | 정지 0.04 교착최장   2 | no_progress
Ep 315 |  1166스텝 | 배송 22/50 | 재적재  2 | 정지 0.05 교착최장   2 | no_progress
Ep 316 |  1195스텝 | 배송 27/50 | 재적재  4 | 정지 0.09 교착최장   5 | no_progress
Ep 317 |  1176스텝 | 배송 24/50 | 재적재  3 | 정지 0.12 교착최장  11 | no_progress
Ep 318 |  1111스텝 | 배송 21/50 | 재적재  2 | 정지 0.11 교착최장   8 | no_progress
Ep 319 |  1618스텝 | 배송 30/50 | 재적재  4 | 정지 0.09 교착최장   4 | no_progress
Ep 320 |   761스텝 | 배송 20/50 | 재적재  2 | 정지 0.04 교착최장   1 | no_progress
Ep 321 |  1620스텝 | 배송 36/50 | 재적재  5 | 정지 0.16 교착최장  19 | no_progress
Ep 322 |   884스텝 | 배송 19/50 | 재적재  2 | 정지 0.06 교착최장   3 | no_progress
Ep 323 |   596스텝 | 배송 17/50 | 재적재  2 | 정지 0.05 교착최장   3 | no_progress
Ep 324 |   917스텝 | 배송 22/50 | 재적재  3 | 정지 0.05 교착최장   4 | no_progress
Ep 325 |  1280스텝 | 배송 24/50 | 재적재  3 | 정지 0.07 교착최장   5 | no_progress
Ep 326 |   501스텝 | 배송 14/50 | 재적재  0 | 정지 0.11 교착최장   5 | no_progress
Ep 327 |   798스텝 | 배송 21/50 | 재적재  3 | 정지 0.04 교착최장   4 | no_progress
Ep 328 |  1015스텝 | 배송 25/50 | 재적재  3 | 정지 0.10 교착최장   7 | no_progress
Ep 329 |  1396스텝 | 배송 30/50 | 재적재  4 | 정지 0.10 교착최장   6 | no_progress
Ep 330 |   563스텝 | 배송 14/50 | 재적재  0 | 정지 0.14 교착최장   6 | no_progress
Ep 331 |  1622스텝 | 배송 35/50 | 재적재  5 | 정지 0.08 교착최장  10 | no_progress
Ep 332 |  1065스텝 | 배송 24/50 | 재적재  4 | 정지 0.05 교착최장   3 | no_progress
Ep 333 |   844스텝 | 배송 20/50 | 재적재  4 | 정지 0.06 교착최장   4 | no_progress
Ep 334 |   840스텝 | 배송 20/50 | 재적재  3 | 정지 0.05 교착최장   6 | no_progress
Ep 335 |   620스텝 | 배송 20/50 | 재적재  4 | 정지 0.04 교착최장   3 | no_progress
Ep 336 |  1285스텝 | 배송 24/50 | 재적재  3 | 정지 0.06 교착최장   6 | no_progress
Ep 337 |  1184스텝 | 배송 23/50 | 재적재  3 | 정지 0.05 교착최장   6 | no_progress
Ep 338 |   996스텝 | 배송 22/50 | 재적재  4 | 정지 0.09 교착최장   7 | no_progress
Ep 339 |  1534스텝 | 배송 28/50 | 재적재  4 | 정지 0.09 교착최장   4 | no_progress
Ep 340 |  1498스텝 | 배송 25/50 | 재적재  3 | 정지 0.12 교착최장  26 | no_progress
Ep 341 |   952스텝 | 배송 23/50 | 재적재  3 | 정지 0.04 교착최장   3 | no_progress
Ep 342 |  1660스텝 | 배송 31/50 | 재적재  5 | 정지 0.14 교착최장  10 | no_progress
Ep 343 |  1180스텝 | 배송 23/50 | 재적재  3 | 정지 0.05 교착최장   2 | no_progress
Ep 344 |   658스텝 | 배송 17/50 | 재적재  2 | 정지 0.01 교착최장   1 | no_progress
Ep 345 |   822스텝 | 배송 19/50 | 재적재  3 | 정지 0.06 교착최장   4 | no_progress
Ep 346 |  1328스텝 | 배송 23/50 | 재적재  4 | 정지 0.12 교착최장   8 | no_progress
Ep 347 |  1361스텝 | 배송 27/50 | 재적재  3 | 정지 0.08 교착최장   9 | no_progress
Ep 348 |   200스텝 | 배송  0/50 | 재적재  0 | 정지 0.00 교착최장   0 | no_progress
Ep 349 |   200스텝 | 배송  0/50 | 재적재  0 | 정지 0.00 교착최장   0 | no_progress
Ep 350 |  1012스텝 | 배송 21/50 | 재적재  2 | 정지 0.07 교착최장   4 | no_progress
  [홀드아웃] 배송 7.8±8.4 재적재 0.7 2홉+ 0.21 | 최고 20.2@ep200 정체 3/15
Ep 351 |   200스텝 | 배송  0/50 | 재적재  0 | 정지 0.00 교착최장   0 | no_progress
Ep 352 |   200스텝 | 배송  0/50 | 재적재  0 | 정지 0.00 교착최장   0 | no_progress
Ep 353 |   200스텝 | 배송  0/50 | 재적재  0 | 정지 0.00 교착최장   0 | no_progress
Ep 354 |   200스텝 | 배송  0/50 | 재적재  0 | 정지 0.00 교착최장   0 | no_progress
Ep 355 |   200스텝 | 배송  0/50 | 재적재  0 | 정지 0.00 교착최장   0 | no_progress
Ep 356 |   200스텝 | 배송  0/50 | 재적재  0 | 정지 0.00 교착최장   0 | no_progress
Ep 357 |   836스텝 | 배송 19/50 | 재적재  3 | 정지 0.07 교착최장   5 | no_progress
Ep 358 |   200스텝 | 배송  0/50 | 재적재  0 | 정지 0.00 교착최장   0 | no_progress
Ep 359 |  1051스텝 | 배송 23/50 | 재적재  4 | 정지 0.05 교착최장   6 | no_progress
Ep 360 |  1998스텝 | 배송 34/50 | 재적재  4 | 정지 0.11 교착최장  15 | no_progress
Ep 361 |  1472스텝 | 배송 29/50 | 재적재  4 | 정지 0.11 교착최장  10 | no_progress
Ep 362 |   696스텝 | 배송 15/50 | 재적재  1 | 정지 0.07 교착최장   6 | no_progress
Ep 363 |   687스텝 | 배송 18/50 | 재적재  1 | 정지 0.15 교착최장  13 | no_progress
Ep 364 |  1234스텝 | 배송 24/50 | 재적재  4 | 정지 0.09 교착최장  10 | no_progress
Ep 365 |   986스텝 | 배송 24/50 | 재적재  2 | 정지 0.07 교착최장   3 | no_progress
Ep 366 |   709스텝 | 배송 17/50 | 재적재  2 | 정지 0.07 교착최장   6 | no_progress
Ep 367 |  1060스텝 | 배송 25/50 | 재적재  2 | 정지 0.07 교착최장   5 | no_progress
Ep 368 |   531스텝 | 배송 17/50 | 재적재  0 | 정지 0.05 교착최장   4 | no_progress
Ep 369 |   757스텝 | 배송 20/50 | 재적재  3 | 정지 0.04 교착최장   9 | no_progress
Ep 370 |  1187스텝 | 배송 27/50 | 재적재  3 | 정지 0.11 교착최장  15 | no_progress
Ep 371 |  1357스텝 | 배송 24/50 | 재적재  3 | 정지 0.12 교착최장   9 | no_progress
Ep 372 |   718스텝 | 배송 20/50 | 재적재  2 | 정지 0.07 교착최장   8 | no_progress
Ep 373 |  1456스텝 | 배송 25/50 | 재적재  3 | 정지 0.22 교착최장  44 | no_progress
Ep 374 |  1151스텝 | 배송 20/50 | 재적재  2 | 정지 0.09 교착최장  10 | no_progress
Ep 375 |   749스텝 | 배송 17/50 | 재적재  0 | 정지 0.06 교착최장  10 | no_progress
Ep 376 |  1104스텝 | 배송 21/50 | 재적재  3 | 정지 0.04 교착최장   3 | no_progress
Ep 377 |  1280스텝 | 배송 26/50 | 재적재  4 | 정지 0.04 교착최장   3 | no_progress
Ep 378 |   870스텝 | 배송 22/50 | 재적재  2 | 정지 0.07 교착최장   4 | no_progress
Ep 379 |   452스텝 | 배송 13/50 | 재적재  0 | 정지 0.02 교착최장   0 | no_progress
Ep 380 |  1386스텝 | 배송 27/50 | 재적재  3 | 정지 0.10 교착최장  15 | no_progress
Ep 381 |   820스텝 | 배송 18/50 | 재적재  1 | 정지 0.05 교착최장   5 | no_progress
Ep 382 |  1557스텝 | 배송 27/50 | 재적재  4 | 정지 0.08 교착최장  18 | no_progress
Ep 383 |  1245스텝 | 배송 21/50 | 재적재  3 | 정지 0.10 교착최장   9 | no_progress
Ep 384 |   962스텝 | 배송 19/50 | 재적재  2 | 정지 0.02 교착최장   3 | no_progress
Ep 385 |  1036스텝 | 배송 27/50 | 재적재  2 | 정지 0.05 교착최장  10 | no_progress
Ep 386 |   997스텝 | 배송 25/50 | 재적재  4 | 정지 0.07 교착최장   3 | no_progress
Ep 387 |  1120스텝 | 배송 26/50 | 재적재  3 | 정지 0.10 교착최장   8 | no_progress
Ep 388 |   932스텝 | 배송 21/50 | 재적재  2 | 정지 0.04 교착최장   8 | no_progress
Ep 389 |   718스텝 | 배송 22/50 | 재적재  4 | 정지 0.05 교착최장   5 | no_progress
Ep 390 |  1358스텝 | 배송 22/50 | 재적재  2 | 정지 0.06 교착최장   7 | no_progress
Ep 391 |   964스텝 | 배송 22/50 | 재적재  3 | 정지 0.04 교착최장   7 | no_progress
Ep 392 |   785스텝 | 배송 16/50 | 재적재  0 | 정지 0.05 교착최장   4 | no_progress
Ep 393 |   937스텝 | 배송 23/50 | 재적재  2 | 정지 0.13 교착최장   5 | no_progress
Ep 394 |   844스텝 | 배송 22/50 | 재적재  4 | 정지 0.03 교착최장   1 | no_progress
Ep 395 |  1739스텝 | 배송 33/50 | 재적재  6 | 정지 0.14 교착최장   7 | no_progress
Ep 396 |   925스텝 | 배송 19/50 | 재적재  2 | 정지 0.03 교착최장   2 | no_progress
Ep 397 |  1052스텝 | 배송 24/50 | 재적재  2 | 정지 0.04 교착최장   7 | no_progress
Ep 398 |   598스텝 | 배송 18/50 | 재적재  0 | 정지 0.15 교착최장   7 | no_progress
Ep 399 |  1011스텝 | 배송 22/50 | 재적재  3 | 정지 0.03 교착최장   7 | no_progress
Ep 400 |   557스텝 | 배송 17/50 | 재적재  1 | 정지 0.05 교착최장   3 | no_progress
  [홀드아웃] 배송 18.3±5.0 재적재 1.5 2홉+ 0.51 | 최고 20.2@ep200 정체 4/15
Ep 401 |  1196스텝 | 배송 25/50 | 재적재  2 | 정지 0.09 교착최장   7 | no_progress
Ep 402 |   724스텝 | 배송 23/50 | 재적재  2 | 정지 0.07 교착최장   8 | no_progress
Ep 403 |   851스텝 | 배송 18/50 | 재적재  2 | 정지 0.06 교착최장   8 | no_progress
Ep 404 |  1288스텝 | 배송 29/50 | 재적재  4 | 정지 0.05 교착최장   3 | no_progress
Ep 405 |   799스텝 | 배송 19/50 | 재적재  2 | 정지 0.09 교착최장   8 | no_progress
Ep 406 |  1059스텝 | 배송 25/50 | 재적재  5 | 정지 0.05 교착최장   2 | no_progress
Ep 407 |  1541스텝 | 배송 32/50 | 재적재  4 | 정지 0.13 교착최장   8 | no_progress
Ep 408 |  1056스텝 | 배송 26/50 | 재적재  3 | 정지 0.15 교착최장  11 | no_progress
Ep 409 |   894스텝 | 배송 20/50 | 재적재  2 | 정지 0.09 교착최장   6 | no_progress
Ep 410 |   691스텝 | 배송 19/50 | 재적재  2 | 정지 0.07 교착최장   6 | no_progress
Ep 411 |  1280스텝 | 배송 23/50 | 재적재  3 | 정지 0.09 교착최장   5 | no_progress
Ep 412 |   571스텝 | 배송 17/50 | 재적재  1 | 정지 0.01 교착최장   2 | no_progress
Ep 413 |   704스텝 | 배송 16/50 | 재적재  0 | 정지 0.02 교착최장   2 | no_progress
Ep 414 |   776스텝 | 배송 18/50 | 재적재  1 | 정지 0.06 교착최장  11 | no_progress
Ep 415 |   592스텝 | 배송 16/50 | 재적재  1 | 정지 0.03 교착최장   2 | no_progress
Ep 416 |   520스텝 | 배송 17/50 | 재적재  0 | 정지 0.12 교착최장   3 | no_progress
Ep 417 |   742스텝 | 배송 17/50 | 재적재  0 | 정지 0.05 교착최장   8 | no_progress
Ep 418 |   698스텝 | 배송 15/50 | 재적재  1 | 정지 0.00 교착최장   0 | no_progress
Ep 419 |  1942스텝 | 배송 29/50 | 재적재  3 | 정지 0.14 교착최장  36 | no_progress
Ep 420 |  1281스텝 | 배송 29/50 | 재적재  4 | 정지 0.10 교착최장   7 | no_progress
Ep 421 |   840스텝 | 배송 19/50 | 재적재  3 | 정지 0.03 교착최장   4 | no_progress
Ep 422 |   876스텝 | 배송 19/50 | 재적재  3 | 정지 0.05 교착최장   3 | no_progress
Ep 423 |   541스텝 | 배송 17/50 | 재적재  1 | 정지 0.09 교착최장   3 | no_progress
Ep 424 |  1558스텝 | 배송 27/50 | 재적재  3 | 정지 0.10 교착최장  17 | no_progress
Ep 425 |  1042스텝 | 배송 26/50 | 재적재  3 | 정지 0.07 교착최장   7 | no_progress
Ep 426 |  1181스텝 | 배송 27/50 | 재적재  3 | 정지 0.16 교착최장  36 | no_progress
Ep 427 |   867스텝 | 배송 21/50 | 재적재  3 | 정지 0.07 교착최장   4 | no_progress
Ep 428 |   687스텝 | 배송 16/50 | 재적재  0 | 정지 0.07 교착최장   3 | no_progress
Ep 429 |  1362스텝 | 배송 22/50 | 재적재  2 | 정지 0.19 교착최장  19 | no_progress
Ep 430 |   980스텝 | 배송 24/50 | 재적재  3 | 정지 0.09 교착최장   5 | no_progress
Ep 431 |  1279스텝 | 배송 23/50 | 재적재  3 | 정지 0.09 교착최장   5 | no_progress
Ep 432 |   728스텝 | 배송 18/50 | 재적재  0 | 정지 0.03 교착최장   5 | no_progress
Ep 433 |   689스텝 | 배송 16/50 | 재적재  1 | 정지 0.10 교착최장   8 | no_progress
Ep 434 |   809스텝 | 배송 20/50 | 재적재  2 | 정지 0.11 교착최장   8 | no_progress
Ep 435 |   672스텝 | 배송 16/50 | 재적재  2 | 정지 0.04 교착최장   2 | no_progress
Ep 436 |   525스텝 | 배송 16/50 | 재적재  1 | 정지 0.01 교착최장   1 | no_progress
Ep 437 |   784스텝 | 배송 23/50 | 재적재  3 | 정지 0.23 교착최장   6 | no_progress
Ep 438 |  1445스텝 | 배송 24/50 | 재적재  3 | 정지 0.09 교착최장   5 | no_progress
Ep 439 |  1769스텝 | 배송 30/50 | 재적재  4 | 정지 0.06 교착최장   3 | no_progress
Ep 440 |  1285스텝 | 배송 26/50 | 재적재  3 | 정지 0.13 교착최장  13 | no_progress
Ep 441 |   610스텝 | 배송 18/50 | 재적재  1 | 정지 0.03 교착최장   2 | no_progress
Ep 442 |  1303스텝 | 배송 28/50 | 재적재  5 | 정지 0.11 교착최장   5 | no_progress
Ep 443 |   889스텝 | 배송 23/50 | 재적재  4 | 정지 0.09 교착최장   5 | no_progress
Ep 444 |  1495스텝 | 배송 36/50 | 재적재  5 | 정지 0.10 교착최장  14 | no_progress
Ep 445 |  1940스텝 | 배송 35/50 | 재적재  4 | 정지 0.12 교착최장  10 | no_progress
Ep 446 |  2112스텝 | 배송 39/50 | 재적재  6 | 정지 0.11 교착최장  10 | no_progress
Ep 447 |  1376스텝 | 배송 31/50 | 재적재  4 | 정지 0.11 교착최장   9 | no_progress
Ep 448 |   954스텝 | 배송 21/50 | 재적재  2 | 정지 0.11 교착최장   3 | no_progress
Ep 449 |   580스텝 | 배송 16/50 | 재적재  0 | 정지 0.24 교착최장  41 | no_progress
Ep 450 |   806스텝 | 배송 17/50 | 재적재  1 | 정지 0.11 교착최장   7 | no_progress
  [홀드아웃] 배송 14.8±6.4 재적재 0.9 2홉+ 0.37 | 최고 20.2@ep200 정체 5/15
Ep 451 |  1103스텝 | 배송 26/50 | 재적재  3 | 정지 0.08 교착최장   6 | no_progress
Ep 452 |   691스텝 | 배송 20/50 | 재적재  3 | 정지 0.05 교착최장   4 | no_progress
Ep 453 |  1617스텝 | 배송 30/50 | 재적재  3 | 정지 0.15 교착최장  17 | no_progress
Ep 454 |  1400스텝 | 배송 27/50 | 재적재  3 | 정지 0.05 교착최장   3 | no_progress
Ep 455 |   794스텝 | 배송 18/50 | 재적재  1 | 정지 0.09 교착최장  10 | no_progress
Ep 456 |   788스텝 | 배송 17/50 | 재적재  0 | 정지 0.06 교착최장   8 | no_progress
Ep 457 |   517스텝 | 배송 18/50 | 재적재  3 | 정지 0.02 교착최장   3 | no_progress
Ep 458 |  1018스텝 | 배송 24/50 | 재적재  4 | 정지 0.13 교착최장  20 | no_progress
Ep 459 |   752스텝 | 배송 17/50 | 재적재  0 | 정지 0.06 교착최장   2 | no_progress
Ep 460 |  1051스텝 | 배송 22/50 | 재적재  2 | 정지 0.13 교착최장   9 | no_progress
Ep 461 |  1195스텝 | 배송 24/50 | 재적재  4 | 정지 0.07 교착최장   5 | no_progress
Ep 462 |   567스텝 | 배송 15/50 | 재적재  2 | 정지 0.05 교착최장   3 | no_progress
Ep 463 |   615스텝 | 배송 17/50 | 재적재  1 | 정지 0.05 교착최장   6 | no_progress
Ep 464 |  1210스텝 | 배송 23/50 | 재적재  3 | 정지 0.07 교착최장   5 | no_progress
Ep 465 |  1331스텝 | 배송 25/50 | 재적재  3 | 정지 0.05 교착최장   8 | no_progress
Ep 466 |  1647스텝 | 배송 32/50 | 재적재  4 | 정지 0.09 교착최장   7 | no_progress
Ep 467 |   571스텝 | 배송 15/50 | 재적재  0 | 정지 0.07 교착최장   6 | no_progress
Ep 468 |   505스텝 | 배송 13/50 | 재적재  0 | 정지 0.13 교착최장   5 | no_progress
Ep 469 |   918스텝 | 배송 18/50 | 재적재  1 | 정지 0.04 교착최장   4 | no_progress
Ep 470 |  1044스텝 | 배송 25/50 | 재적재  4 | 정지 0.11 교착최장   7 | no_progress
Ep 471 |   466스텝 | 배송 15/50 | 재적재  1 | 정지 0.02 교착최장   4 | no_progress
Ep 472 |   959스텝 | 배송 25/50 | 재적재  4 | 정지 0.09 교착최장   4 | no_progress
Ep 473 |   640스텝 | 배송 15/50 | 재적재  0 | 정지 0.05 교착최장   7 | no_progress
Ep 474 |  1284스텝 | 배송 28/50 | 재적재  3 | 정지 0.09 교착최장   4 | no_progress
Ep 475 |   763스텝 | 배송 16/50 | 재적재  0 | 정지 0.11 교착최장   6 | no_progress
Ep 476 |   513스텝 | 배송 14/50 | 재적재  0 | 정지 0.01 교착최장   2 | no_progress
Ep 477 |   557스텝 | 배송 14/50 | 재적재  1 | 정지 0.07 교착최장   3 | no_progress
Ep 478 |  1216스텝 | 배송 27/50 | 재적재  5 | 정지 0.05 교착최장   4 | no_progress
Ep 479 |   844스텝 | 배송 22/50 | 재적재  3 | 정지 0.21 교착최장   9 | no_progress
Ep 480 |   888스텝 | 배송 21/50 | 재적재  2 | 정지 0.03 교착최장   2 | no_progress
Ep 481 |   492스텝 | 배송 16/50 | 재적재  0 | 정지 0.05 교착최장   2 | no_progress
Ep 482 |   516스텝 | 배송 19/50 | 재적재  3 | 정지 0.02 교착최장   1 | no_progress
Ep 483 |   707스텝 | 배송 19/50 | 재적재  2 | 정지 0.03 교착최장   3 | no_progress
Ep 484 |  1157스텝 | 배송 21/50 | 재적재  2 | 정지 0.07 교착최장   6 | no_progress
Ep 485 |   608스텝 | 배송 19/50 | 재적재  2 | 정지 0.05 교착최장   2 | no_progress
Ep 486 |   953스텝 | 배송 23/50 | 재적재  2 | 정지 0.12 교착최장   8 | no_progress
Ep 487 |  1795스텝 | 배송 34/50 | 재적재  6 | 정지 0.16 교착최장  69 | no_progress
Ep 488 |  1838스텝 | 배송 36/50 | 재적재  5 | 정지 0.08 교착최장   8 | no_progress
Ep 489 |   898스텝 | 배송 21/50 | 재적재  2 | 정지 0.07 교착최장   5 | no_progress
Ep 490 |   564스텝 | 배송 19/50 | 재적재  0 | 정지 0.10 교착최장   8 | no_progress
Ep 491 |   610스텝 | 배송 18/50 | 재적재  1 | 정지 0.13 교착최장   9 | no_progress
Ep 492 |   498스텝 | 배송 14/50 | 재적재  0 | 정지 0.03 교착최장   2 | no_progress
Ep 493 |  1123스텝 | 배송 24/50 | 재적재  3 | 정지 0.10 교착최장   4 | no_progress
Ep 494 |  1507스텝 | 배송 29/50 | 재적재  3 | 정지 0.12 교착최장   8 | no_progress
Ep 495 |   704스텝 | 배송 21/50 | 재적재  4 | 정지 0.07 교착최장   2 | no_progress
Ep 496 |   625스텝 | 배송 18/50 | 재적재  1 | 정지 0.05 교착최장   3 | no_progress
Ep 497 |   650스텝 | 배송 17/50 | 재적재  1 | 정지 0.05 교착최장   9 | no_progress
Ep 498 |  1114스텝 | 배송 25/50 | 재적재  3 | 정지 0.08 교착최장   5 | no_progress
Ep 499 |  1318스텝 | 배송 26/50 | 재적재  4 | 정지 0.07 교착최장   4 | no_progress
Ep 500 |   761스텝 | 배송 19/50 | 재적재  2 | 정지 0.05 교착최장   3 | no_progress
  [홀드아웃] 배송 15.4±3.3 재적재 0.4 2홉+ 0.52 | 최고 20.2@ep200 정체 6/15
Ep 501 |  1487스텝 | 배송 31/50 | 재적재  5 | 정지 0.10 교착최장  12 | no_progress
Ep 502 |   438스텝 | 배송 12/50 | 재적재  1 | 정지 0.02 교착최장   3 | no_progress
Ep 503 |   828스텝 | 배송 19/50 | 재적재  3 | 정지 0.07 교착최장   8 | no_progress
Ep 504 |  1092스텝 | 배송 29/50 | 재적재  3 | 정지 0.05 교착최장   6 | no_progress
Ep 505 |  1114스텝 | 배송 27/50 | 재적재  5 | 정지 0.09 교착최장   4 | no_progress
Ep 506 |   889스텝 | 배송 21/50 | 재적재  3 | 정지 0.06 교착최장   3 | no_progress
Ep 507 |   527스텝 | 배송 15/50 | 재적재  1 | 정지 0.04 교착최장   7 | no_progress
Ep 508 |  1059스텝 | 배송 27/50 | 재적재  4 | 정지 0.05 교착최장   4 | no_progress
Ep 509 |   861스텝 | 배송 24/50 | 재적재  4 | 정지 0.05 교착최장   4 | no_progress
Ep 510 |  1269스텝 | 배송 28/50 | 재적재  3 | 정지 0.07 교착최장   6 | no_progress
Ep 511 |  1411스텝 | 배송 30/50 | 재적재  4 | 정지 0.06 교착최장   4 | no_progress
Ep 512 |  1204스텝 | 배송 26/50 | 재적재  4 | 정지 0.09 교착최장   5 | no_progress
Ep 513 |   614스텝 | 배송 18/50 | 재적재  1 | 정지 0.20 교착최장  16 | no_progress
Ep 514 |  2304스텝 | 배송 38/50 | 재적재  5 | 정지 0.13 교착최장   8 | no_progress
Ep 515 |   823스텝 | 배송 22/50 | 재적재  3 | 정지 0.03 교착최장   4 | no_progress
Ep 516 |   620스텝 | 배송 18/50 | 재적재  3 | 정지 0.04 교착최장   4 | no_progress
Ep 517 |   739스텝 | 배송 18/50 | 재적재  1 | 정지 0.10 교착최장  10 | no_progress
Ep 518 |  1157스텝 | 배송 29/50 | 재적재  4 | 정지 0.08 교착최장   4 | no_progress
Ep 519 |   970스텝 | 배송 20/50 | 재적재  2 | 정지 0.07 교착최장   6 | no_progress
Ep 520 |   822스텝 | 배송 21/50 | 재적재  4 | 정지 0.06 교착최장   3 | no_progress
Ep 521 |   595스텝 | 배송 16/50 | 재적재  1 | 정지 0.07 교착최장   6 | no_progress
Ep 522 |  1767스텝 | 배송 37/50 | 재적재  6 | 정지 0.16 교착최장  15 | no_progress
Ep 523 |   733스텝 | 배송 18/50 | 재적재  3 | 정지 0.02 교착최장   3 | no_progress
Ep 524 |   852스텝 | 배송 21/50 | 재적재  2 | 정지 0.12 교착최장  22 | no_progress
Ep 525 |  1223스텝 | 배송 25/50 | 재적재  4 | 정지 0.09 교착최장  10 | no_progress
Ep 526 |  1046스텝 | 배송 26/50 | 재적재  2 | 정지 0.14 교착최장  10 | no_progress
Ep 527 |  1041스텝 | 배송 33/50 | 재적재  4 | 정지 0.12 교착최장   8 | no_progress
Ep 528 |   477스텝 | 배송 18/50 | 재적재  2 | 정지 0.02 교착최장   2 | no_progress
Ep 529 |  1623스텝 | 배송 37/50 | 재적재  5 | 정지 0.16 교착최장  10 | no_progress
Ep 530 |  1157스텝 | 배송 26/50 | 재적재  3 | 정지 0.15 교착최장  13 | no_progress
Ep 531 |   857스텝 | 배송 20/50 | 재적재  1 | 정지 0.07 교착최장  13 | no_progress
Ep 532 |   650스텝 | 배송 16/50 | 재적재  0 | 정지 0.03 교착최장   1 | no_progress
Ep 533 |   945스텝 | 배송 28/50 | 재적재  4 | 정지 0.06 교착최장   4 | no_progress
Ep 534 |   842스텝 | 배송 22/50 | 재적재  3 | 정지 0.16 교착최장  10 | no_progress
Ep 535 |   410스텝 | 배송 17/50 | 재적재  2 | 정지 0.08 교착최장   2 | no_progress
Ep 536 |  1718스텝 | 배송 34/50 | 재적재  5 | 정지 0.08 교착최장  16 | no_progress
Ep 537 |   570스텝 | 배송 17/50 | 재적재  1 | 정지 0.04 교착최장   4 | no_progress
Ep 538 |   969스텝 | 배송 23/50 | 재적재  3 | 정지 0.13 교착최장  10 | no_progress
Ep 539 |  1383스텝 | 배송 33/50 | 재적재  4 | 정지 0.08 교착최장  14 | no_progress
Ep 540 |   730스텝 | 배송 19/50 | 재적재  1 | 정지 0.06 교착최장   2 | no_progress
Ep 541 |  1174스텝 | 배송 21/50 | 재적재  2 | 정지 0.07 교착최장   8 | no_progress
Ep 542 |  1076스텝 | 배송 25/50 | 재적재  5 | 정지 0.09 교착최장   9 | no_progress
Ep 543 |   776스텝 | 배송 19/50 | 재적재  2 | 정지 0.04 교착최장   4 | no_progress
Ep 544 |   657스텝 | 배송 16/50 | 재적재  1 | 정지 0.05 교착최장   3 | no_progress
Ep 545 |   518스텝 | 배송 16/50 | 재적재  0 | 정지 0.09 교착최장   5 | no_progress
Ep 546 |  1069스텝 | 배송 23/50 | 재적재  3 | 정지 0.12 교착최장   6 | no_progress
Ep 547 |   968스텝 | 배송 25/50 | 재적재  3 | 정지 0.12 교착최장  10 | no_progress
Ep 548 |   558스텝 | 배송 16/50 | 재적재  0 | 정지 0.07 교착최장   5 | no_progress
Ep 549 |   789스텝 | 배송 22/50 | 재적재  3 | 정지 0.04 교착최장   2 | no_progress
Ep 550 |  1236스텝 | 배송 26/50 | 재적재  2 | 정지 0.10 교착최장   7 | no_progress
  [홀드아웃] 배송 19.8±5.9 재적재 1.9 2홉+ 0.42 | 최고 20.2@ep200 정체 7/15
Ep 551 |  1307스텝 | 배송 32/50 | 재적재  4 | 정지 0.11 교착최장   7 | no_progress
Ep 552 |   715스텝 | 배송 21/50 | 재적재  1 | 정지 0.04 교착최장   4 | no_progress
Ep 553 |   929스텝 | 배송 23/50 | 재적재  3 | 정지 0.08 교착최장   4 | no_progress
Ep 554 |   635스텝 | 배송 20/50 | 재적재  2 | 정지 0.06 교착최장   3 | no_progress
Ep 555 |   681스텝 | 배송 24/50 | 재적재  3 | 정지 0.04 교착최장   5 | no_progress
Ep 556 |   749스텝 | 배송 20/50 | 재적재  2 | 정지 0.03 교착최장   2 | no_progress
Ep 557 |   479스텝 | 배송 18/50 | 재적재  1 | 정지 0.02 교착최장   2 | no_progress
Ep 558 |   423스텝 | 배송 15/50 | 재적재  0 | 정지 0.04 교착최장   4 | no_progress
Ep 559 |  1546스텝 | 배송 30/50 | 재적재  4 | 정지 0.14 교착최장  10 | no_progress
Ep 560 |   788스텝 | 배송 18/50 | 재적재  2 | 정지 0.05 교착최장   5 | no_progress
Ep 561 |   442스텝 | 배송 15/50 | 재적재  0 | 정지 0.33 교착최장  18 | no_progress
Ep 562 |  1040스텝 | 배송 23/50 | 재적재  3 | 정지 0.16 교착최장   9 | no_progress
Ep 563 |   652스텝 | 배송 18/50 | 재적재  2 | 정지 0.06 교착최장   8 | no_progress
Ep 564 |   863스텝 | 배송 23/50 | 재적재  2 | 정지 0.06 교착최장   3 | no_progress
Ep 565 |  1537스텝 | 배송 30/50 | 재적재  4 | 정지 0.09 교착최장   9 | no_progress
Ep 566 |   896스텝 | 배송 23/50 | 재적재  2 | 정지 0.06 교착최장   4 | no_progress
Ep 567 |  1205스텝 | 배송 25/50 | 재적재  4 | 정지 0.09 교착최장   5 | no_progress
Ep 568 |  1469스텝 | 배송 33/50 | 재적재  5 | 정지 0.10 교착최장   8 | no_progress
Ep 569 |  1602스텝 | 배송 36/50 | 재적재  5 | 정지 0.14 교착최장  16 | no_progress
Ep 570 |  1045스텝 | 배송 22/50 | 재적재  3 | 정지 0.08 교착최장   6 | no_progress
Ep 571 |   641스텝 | 배송 18/50 | 재적재  2 | 정지 0.18 교착최장   6 | no_progress
Ep 572 |   525스텝 | 배송 16/50 | 재적재  2 | 정지 0.03 교착최장   2 | no_progress
Ep 573 |  1003스텝 | 배송 19/50 | 재적재  1 | 정지 0.06 교착최장   3 | no_progress
Ep 574 |  1075스텝 | 배송 25/50 | 재적재  4 | 정지 0.08 교착최장  10 | no_progress
Ep 575 |   459스텝 | 배송 12/50 | 재적재  0 | 정지 0.10 교착최장  19 | no_progress
Ep 576 |   719스텝 | 배송 17/50 | 재적재  2 | 정지 0.09 교착최장   3 | no_progress
Ep 577 |   892스텝 | 배송 18/50 | 재적재  1 | 정지 0.05 교착최장  13 | no_progress
Ep 578 |   998스텝 | 배송 22/50 | 재적재  3 | 정지 0.06 교착최장   3 | no_progress
Ep 579 |  1119스텝 | 배송 24/50 | 재적재  3 | 정지 0.10 교착최장   7 | no_progress
Ep 580 |   475스텝 | 배송 16/50 | 재적재  1 | 정지 0.05 교착최장   3 | no_progress
Ep 581 |   897스텝 | 배송 21/50 | 재적재  3 | 정지 0.12 교착최장  12 | no_progress
Ep 582 |  1277스텝 | 배송 30/50 | 재적재  3 | 정지 0.10 교착최장  19 | no_progress
Ep 583 |   780스텝 | 배송 19/50 | 재적재  2 | 정지 0.05 교착최장   2 | no_progress
Ep 584 |   733스텝 | 배송 19/50 | 재적재  1 | 정지 0.04 교착최장   4 | no_progress
Ep 585 |   494스텝 | 배송 16/50 | 재적재  2 | 정지 0.04 교착최장   3 | no_progress
Ep 586 |   399스텝 | 배송 12/50 | 재적재  1 | 정지 0.01 교착최장   1 | no_progress
Ep 587 |   488스텝 | 배송 18/50 | 재적재  2 | 정지 0.01 교착최장   2 | no_progress
Ep 588 |   860스텝 | 배송 22/50 | 재적재  2 | 정지 0.06 교착최장   4 | no_progress
Ep 589 |  1738스텝 | 배송 36/50 | 재적재  6 | 정지 0.09 교착최장  12 | no_progress
Ep 590 |   904스텝 | 배송 23/50 | 재적재  4 | 정지 0.12 교착최장  11 | no_progress
Ep 591 |   697스텝 | 배송 17/50 | 재적재  0 | 정지 0.10 교착최장   6 | no_progress
Ep 592 |   516스텝 | 배송 16/50 | 재적재  0 | 정지 0.09 교착최장   5 | no_progress
Ep 593 |   667스텝 | 배송 20/50 | 재적재  2 | 정지 0.11 교착최장   6 | no_progress
Ep 594 |  1781스텝 | 배송 34/50 | 재적재  5 | 정지 0.15 교착최장  14 | no_progress
Ep 595 |   990스텝 | 배송 20/50 | 재적재  1 | 정지 0.12 교착최장   4 | no_progress
Ep 596 |  1018스텝 | 배송 22/50 | 재적재  3 | 정지 0.05 교착최장   3 | no_progress
Ep 597 |   635스텝 | 배송 19/50 | 재적재  3 | 정지 0.06 교착최장   5 | no_progress
Ep 598 |   883스텝 | 배송 19/50 | 재적재  2 | 정지 0.05 교착최장   4 | no_progress
Ep 599 |   580스텝 | 배송 19/50 | 재적재  2 | 정지 0.11 교착최장  11 | no_progress
Ep 600 |   917스텝 | 배송 23/50 | 재적재  3 | 정지 0.05 교착최장   7 | no_progress
  [홀드아웃] 배송 16.7±5.5 재적재 0.8 2홉+ 0.42 | 최고 20.2@ep200 정체 8/15
Ep 601 |  1033스텝 | 배송 26/50 | 재적재  2 | 정지 0.13 교착최장  13 | no_progress
Ep 602 |  1330스텝 | 배송 23/50 | 재적재  3 | 정지 0.13 교착최장   8 | no_progress
Ep 603 |   619스텝 | 배송 16/50 | 재적재  1 | 정지 0.05 교착최장   2 | no_progress
Ep 604 |  1018스텝 | 배송 23/50 | 재적재  4 | 정지 0.13 교착최장   7 | no_progress
Ep 605 |   987스텝 | 배송 24/50 | 재적재  2 | 정지 0.12 교착최장   4 | no_progress
Ep 606 |   684스텝 | 배송 17/50 | 재적재  2 | 정지 0.02 교착최장   2 | no_progress
Ep 607 |  1382스텝 | 배송 30/50 | 재적재  4 | 정지 0.07 교착최장   6 | no_progress
Ep 608 |  1014스텝 | 배송 26/50 | 재적재  2 | 정지 0.08 교착최장  11 | no_progress
Ep 609 |   608스텝 | 배송 18/50 | 재적재  3 | 정지 0.06 교착최장   5 | no_progress
Ep 610 |  1688스텝 | 배송 32/50 | 재적재  5 | 정지 0.08 교착최장  12 | no_progress
Ep 611 |  1986스텝 | 배송 34/50 | 재적재  4 | 정지 0.15 교착최장  18 | no_progress
Ep 612 |   957스텝 | 배송 23/50 | 재적재  2 | 정지 0.08 교착최장   7 | no_progress
Ep 613 |   684스텝 | 배송 20/50 | 재적재  3 | 정지 0.04 교착최장   7 | no_progress
Ep 614 |   315스텝 | 배송  7/50 | 재적재  0 | 정지 0.00 교착최장   0 | no_progress
Ep 615 |  1040스텝 | 배송 21/50 | 재적재  1 | 정지 0.05 교착최장   7 | no_progress
Ep 616 |  1101스텝 | 배송 21/50 | 재적재  3 | 정지 0.08 교착최장   9 | no_progress
Ep 617 |  1030스텝 | 배송 25/50 | 재적재  3 | 정지 0.11 교착최장  13 | no_progress
Ep 618 |  1075스텝 | 배송 24/50 | 재적재  3 | 정지 0.09 교착최장   8 | no_progress
Ep 619 |   582스텝 | 배송 17/50 | 재적재  1 | 정지 0.06 교착최장   6 | no_progress
Ep 620 |  1228스텝 | 배송 27/50 | 재적재  5 | 정지 0.11 교착최장   9 | no_progress
Ep 621 |   748스텝 | 배송 23/50 | 재적재  2 | 정지 0.05 교착최장   3 | no_progress
Ep 622 |   755스텝 | 배송 22/50 | 재적재  2 | 정지 0.04 교착최장   4 | no_progress
Ep 623 |   703스텝 | 배송 21/50 | 재적재  3 | 정지 0.04 교착최장   5 | no_progress
Ep 624 |   985스텝 | 배송 21/50 | 재적재  3 | 정지 0.12 교착최장  28 | no_progress
Ep 625 |   918스텝 | 배송 18/50 | 재적재  2 | 정지 0.05 교착최장   3 | no_progress
Ep 626 |  1152스텝 | 배송 25/50 | 재적재  4 | 정지 0.09 교착최장   6 | no_progress
Ep 627 |  1572스텝 | 배송 35/50 | 재적재  4 | 정지 0.13 교착최장  11 | no_progress
Ep 628 |  1107스텝 | 배송 25/50 | 재적재  3 | 정지 0.11 교착최장   6 | no_progress
Ep 629 |   737스텝 | 배송 19/50 | 재적재  1 | 정지 0.15 교착최장   8 | no_progress
Ep 630 |  1087스텝 | 배송 29/50 | 재적재  3 | 정지 0.09 교착최장   3 | no_progress
Ep 631 |   586스텝 | 배송 16/50 | 재적재  0 | 정지 0.06 교착최장   1 | no_progress
Ep 632 |   990스텝 | 배송 23/50 | 재적재  2 | 정지 0.09 교착최장   8 | no_progress
Ep 633 |   871스텝 | 배송 21/50 | 재적재  2 | 정지 0.07 교착최장   4 | no_progress
Ep 634 |   618스텝 | 배송 22/50 | 재적재  4 | 정지 0.04 교착최장   2 | no_progress
Ep 635 |   985스텝 | 배송 21/50 | 재적재  2 | 정지 0.11 교착최장  14 | no_progress
Ep 636 |   959스텝 | 배송 21/50 | 재적재  2 | 정지 0.14 교착최장   8 | no_progress
Ep 637 |  1074스텝 | 배송 25/50 | 재적재  3 | 정지 0.06 교착최장   4 | no_progress
Ep 638 |   907스텝 | 배송 20/50 | 재적재  1 | 정지 0.10 교착최장   9 | no_progress
Ep 639 |  1574스텝 | 배송 28/50 | 재적재  3 | 정지 0.20 교착최장  17 | no_progress
Ep 640 |   568스텝 | 배송 19/50 | 재적재  2 | 정지 0.07 교착최장   3 | no_progress
Ep 641 |  1236스텝 | 배송 23/50 | 재적재  2 | 정지 0.12 교착최장   6 | no_progress
Ep 642 |   479스텝 | 배송 12/50 | 재적재  0 | 정지 0.11 교착최장   6 | no_progress
Ep 643 |  1712스텝 | 배송 31/50 | 재적재  4 | 정지 0.09 교착최장   5 | no_progress
Ep 644 |  1087스텝 | 배송 28/50 | 재적재  3 | 정지 0.07 교착최장   8 | no_progress
Ep 645 |  1050스텝 | 배송 22/50 | 재적재  3 | 정지 0.13 교착최장   9 | no_progress
Ep 646 |   739스텝 | 배송 20/50 | 재적재  3 | 정지 0.04 교착최장   7 | no_progress
Ep 647 |  1179스텝 | 배송 25/50 | 재적재  3 | 정지 0.08 교착최장   6 | no_progress
Ep 648 |   755스텝 | 배송 20/50 | 재적재  2 | 정지 0.01 교착최장   1 | no_progress
Ep 649 |   624스텝 | 배송 17/50 | 재적재  3 | 정지 0.01 교착최장   1 | no_progress
Ep 650 |   973스텝 | 배송 23/50 | 재적재  2 | 정지 0.07 교착최장   7 | no_progress
  [홀드아웃] 배송 16.0±5.1 재적재 0.8 2홉+ 0.45 | 최고 20.2@ep200 정체 9/15
Ep 651 |  1418스텝 | 배송 29/50 | 재적재  4 | 정지 0.16 교착최장   4 | no_progress
Ep 652 |   513스텝 | 배송 13/50 | 재적재  0 | 정지 0.08 교착최장   3 | no_progress
Ep 653 |  1541스텝 | 배송 31/50 | 재적재  4 | 정지 0.14 교착최장  19 | no_progress
Ep 654 |   585스텝 | 배송 16/50 | 재적재  0 | 정지 0.03 교착최장   7 | no_progress
Ep 655 |  1886스텝 | 배송 31/50 | 재적재  4 | 정지 0.18 교착최장   7 | no_progress
Ep 656 |   960스텝 | 배송 23/50 | 재적재  3 | 정지 0.08 교착최장  10 | no_progress
Ep 657 |  1419스텝 | 배송 36/50 | 재적재  5 | 정지 0.12 교착최장   4 | no_progress
Ep 658 |  1531스텝 | 배송 32/50 | 재적재  3 | 정지 0.08 교착최장   5 | no_progress
Ep 659 |  1125스텝 | 배송 27/50 | 재적재  4 | 정지 0.08 교착최장   7 | no_progress
Ep 660 |   430스텝 | 배송 15/50 | 재적재  2 | 정지 0.03 교착최장   4 | no_progress
Ep 661 |   732스텝 | 배송 19/50 | 재적재  2 | 정지 0.05 교착최장   2 | no_progress
Ep 662 |  1112스텝 | 배송 23/50 | 재적재  4 | 정지 0.18 교착최장  14 | no_progress
Ep 663 |   437스텝 | 배송 17/50 | 재적재  0 | 정지 0.03 교착최장   2 | no_progress
Ep 664 |   615스텝 | 배송 17/50 | 재적재  2 | 정지 0.07 교착최장   4 | no_progress
Ep 665 |   578스텝 | 배송 17/50 | 재적재  2 | 정지 0.04 교착최장   4 | no_progress
Ep 666 |  1459스텝 | 배송 29/50 | 재적재  4 | 정지 0.06 교착최장   3 | no_progress
Ep 667 |  1369스텝 | 배송 29/50 | 재적재  3 | 정지 0.09 교착최장   6 | no_progress
Ep 668 |  1656스텝 | 배송 28/50 | 재적재  4 | 정지 0.11 교착최장   7 | no_progress
Ep 669 |  1570스텝 | 배송 35/50 | 재적재  6 | 정지 0.12 교착최장  12 | no_progress
Ep 670 |  1057스텝 | 배송 22/50 | 재적재  3 | 정지 0.06 교착최장   4 | no_progress
Ep 671 |   873스텝 | 배송 20/50 | 재적재  1 | 정지 0.15 교착최장  12 | no_progress
Ep 672 |  1292스텝 | 배송 26/50 | 재적재  4 | 정지 0.13 교착최장  14 | no_progress
Ep 673 |  1272스텝 | 배송 23/50 | 재적재  2 | 정지 0.11 교착최장   5 | no_progress
Ep 674 |  1298스텝 | 배송 25/50 | 재적재  3 | 정지 0.11 교착최장   6 | no_progress
Ep 675 |   960스텝 | 배송 23/50 | 재적재  2 | 정지 0.08 교착최장   4 | no_progress
Ep 676 |   700스텝 | 배송 19/50 | 재적재  2 | 정지 0.05 교착최장   3 | no_progress
Ep 677 |  1507스텝 | 배송 33/50 | 재적재  4 | 정지 0.08 교착최장   9 | no_progress
Ep 678 |   933스텝 | 배송 21/50 | 재적재  3 | 정지 0.06 교착최장   4 | no_progress
Ep 679 |  1933스텝 | 배송 36/50 | 재적재  5 | 정지 0.14 교착최장  10 | no_progress
Ep 680 |  1115스텝 | 배송 26/50 | 재적재  4 | 정지 0.03 교착최장   7 | no_progress
Ep 681 |   768스텝 | 배송 20/50 | 재적재  2 | 정지 0.24 교착최장  16 | no_progress
Ep 682 |  1043스텝 | 배송 23/50 | 재적재  2 | 정지 0.09 교착최장   9 | no_progress
Ep 683 |   619스텝 | 배송 14/50 | 재적재  0 | 정지 0.07 교착최장   6 | no_progress
Ep 684 |   711스텝 | 배송 19/50 | 재적재  2 | 정지 0.06 교착최장   8 | no_progress
Ep 685 |   876스텝 | 배송 24/50 | 재적재  4 | 정지 0.05 교착최장   5 | no_progress
Ep 686 |   580스텝 | 배송 15/50 | 재적재  1 | 정지 0.14 교착최장   9 | no_progress
Ep 687 |   734스텝 | 배송 19/50 | 재적재  1 | 정지 0.09 교착최장   4 | no_progress
Ep 688 |  1080스텝 | 배송 25/50 | 재적재  4 | 정지 0.10 교착최장  10 | no_progress
Ep 689 |   688스텝 | 배송 20/50 | 재적재  1 | 정지 0.10 교착최장  20 | no_progress
Ep 690 |   934스텝 | 배송 26/50 | 재적재  4 | 정지 0.06 교착최장   6 | no_progress
Ep 691 |   529스텝 | 배송 17/50 | 재적재  2 | 정지 0.04 교착최장   3 | no_progress
Ep 692 |   413스텝 | 배송 15/50 | 재적재  1 | 정지 0.18 교착최장   7 | no_progress
Ep 693 |  1109스텝 | 배송 28/50 | 재적재  3 | 정지 0.28 교착최장  21 | no_progress
Ep 694 |  1174스텝 | 배송 31/50 | 재적재  4 | 정지 0.07 교착최장   6 | no_progress
Ep 695 |   611스텝 | 배송 16/50 | 재적재  1 | 정지 0.04 교착최장   1 | no_progress
Ep 696 |   763스텝 | 배송 19/50 | 재적재  3 | 정지 0.04 교착최장   3 | no_progress
Ep 697 |   725스텝 | 배송 19/50 | 재적재  2 | 정지 0.05 교착최장   3 | no_progress
Ep 698 |  1660스텝 | 배송 29/50 | 재적재  5 | 정지 0.06 교착최장   4 | no_progress
Ep 699 |   810스텝 | 배송 20/50 | 재적재  0 | 정지 0.28 교착최장  11 | no_progress
Ep 700 |   688스텝 | 배송 15/50 | 재적재  1 | 정지 0.02 교착최장   1 | no_progress
  [홀드아웃] 배송 14.2±4.8 재적재 0.4 2홉+ 0.48 | 최고 20.2@ep200 정체 10/15
Ep 701 |   726스텝 | 배송 21/50 | 재적재  3 | 정지 0.03 교착최장   4 | no_progress
Ep 702 |   940스텝 | 배송 24/50 | 재적재  3 | 정지 0.06 교착최장   5 | no_progress
Ep 703 |   840스텝 | 배송 20/50 | 재적재  3 | 정지 0.05 교착최장   7 | no_progress
Ep 704 |   482스텝 | 배송 16/50 | 재적재  1 | 정지 0.07 교착최장   8 | no_progress
Ep 705 |   901스텝 | 배송 22/50 | 재적재  2 | 정지 0.04 교착최장   4 | no_progress
Ep 706 |   957스텝 | 배송 18/50 | 재적재  2 | 정지 0.07 교착최장   3 | no_progress
Ep 707 |   399스텝 | 배송 12/50 | 재적재  1 | 정지 0.02 교착최장   0 | no_progress
Ep 708 |   657스텝 | 배송 18/50 | 재적재  2 | 정지 0.01 교착최장   1 | no_progress
Ep 709 |  1408스텝 | 배송 28/50 | 재적재  3 | 정지 0.08 교착최장   5 | no_progress
Ep 710 |   692스텝 | 배송 19/50 | 재적재  1 | 정지 0.10 교착최장   4 | no_progress
Ep 711 |   945스텝 | 배송 21/50 | 재적재  1 | 정지 0.06 교착최장  12 | no_progress
Ep 712 |  1174스텝 | 배송 28/50 | 재적재  4 | 정지 0.09 교착최장   8 | no_progress
Ep 713 |  1823스텝 | 배송 33/50 | 재적재  5 | 정지 0.14 교착최장  14 | no_progress
Ep 714 |   729스텝 | 배송 17/50 | 재적재  2 | 정지 0.03 교착최장   2 | no_progress
Ep 715 |   810스텝 | 배송 17/50 | 재적재  1 | 정지 0.04 교착최장   2 | no_progress
Ep 716 |  2111스텝 | 배송 36/50 | 재적재  5 | 정지 0.13 교착최장  10 | no_progress
Ep 717 |   769스텝 | 배송 22/50 | 재적재  4 | 정지 0.10 교착최장   6 | no_progress
Ep 718 |   824스텝 | 배송 20/50 | 재적재  3 | 정지 0.05 교착최장   4 | no_progress
Ep 719 |   728스텝 | 배송 19/50 | 재적재  2 | 정지 0.06 교착최장   3 | no_progress
Ep 720 |   954스텝 | 배송 25/50 | 재적재  4 | 정지 0.05 교착최장   7 | no_progress
Ep 721 |  1080스텝 | 배송 29/50 | 재적재  4 | 정지 0.17 교착최장   6 | no_progress
Ep 722 |   844스텝 | 배송 22/50 | 재적재  2 | 정지 0.12 교착최장   7 | no_progress
Ep 723 |   385스텝 | 배송 12/50 | 재적재  1 | 정지 0.02 교착최장   1 | no_progress
Ep 724 |  1152스텝 | 배송 26/50 | 재적재  3 | 정지 0.05 교착최장  11 | no_progress
Ep 725 |   698스텝 | 배송 17/50 | 재적재  0 | 정지 0.07 교착최장   4 | no_progress
Ep 726 |   689스텝 | 배송 18/50 | 재적재  2 | 정지 0.04 교착최장   2 | no_progress
Ep 727 |  1627스텝 | 배송 33/50 | 재적재  5 | 정지 0.12 교착최장  11 | no_progress
Ep 728 |  1477스텝 | 배송 23/50 | 재적재  3 | 정지 0.07 교착최장   6 | no_progress
Ep 729 |   647스텝 | 배송 20/50 | 재적재  2 | 정지 0.03 교착최장   5 | no_progress
Ep 730 |   890스텝 | 배송 20/50 | 재적재  3 | 정지 0.07 교착최장   3 | no_progress
Ep 731 |   854스텝 | 배송 20/50 | 재적재  1 | 정지 0.15 교착최장  10 | no_progress
Ep 732 |   934스텝 | 배송 22/50 | 재적재  2 | 정지 0.11 교착최장   4 | no_progress
Ep 733 |   632스텝 | 배송 19/50 | 재적재  2 | 정지 0.05 교착최장  10 | no_progress
Ep 734 |  1379스텝 | 배송 28/50 | 재적재  3 | 정지 0.06 교착최장   4 | no_progress
Ep 735 |   816스텝 | 배송 25/50 | 재적재  4 | 정지 0.08 교착최장   7 | no_progress
Ep 736 |   559스텝 | 배송 17/50 | 재적재  1 | 정지 0.05 교착최장   5 | no_progress
Ep 737 |   879스텝 | 배송 21/50 | 재적재  2 | 정지 0.16 교착최장  21 | no_progress
Ep 738 |  1322스텝 | 배송 29/50 | 재적재  5 | 정지 0.07 교착최장   8 | no_progress
Ep 739 |  1042스텝 | 배송 21/50 | 재적재  2 | 정지 0.09 교착최장   4 | no_progress
Ep 740 |  1352스텝 | 배송 30/50 | 재적재  4 | 정지 0.10 교착최장   9 | no_progress
Ep 741 |  1180스텝 | 배송 25/50 | 재적재  3 | 정지 0.07 교착최장   6 | no_progress
Ep 742 |  1308스텝 | 배송 22/50 | 재적재  2 | 정지 0.11 교착최장   5 | no_progress
Ep 743 |   793스텝 | 배송 21/50 | 재적재  2 | 정지 0.09 교착최장   4 | no_progress
Ep 744 |   913스텝 | 배송 24/50 | 재적재  2 | 정지 0.08 교착최장   4 | no_progress
Ep 745 |   585스텝 | 배송 18/50 | 재적재  1 | 정지 0.04 교착최장   3 | no_progress
Ep 746 |   632스텝 | 배송 17/50 | 재적재  1 | 정지 0.02 교착최장   1 | no_progress
Ep 747 |  1136스텝 | 배송 23/50 | 재적재  3 | 정지 0.13 교착최장  13 | no_progress
Ep 748 |  1219스텝 | 배송 27/50 | 재적재  3 | 정지 0.15 교착최장   5 | no_progress
Ep 749 |   480스텝 | 배송 14/50 | 재적재  0 | 정지 0.03 교착최장   1 | no_progress
Ep 750 |  1676스텝 | 배송 28/50 | 재적재  3 | 정지 0.09 교착최장   7 | no_progress
  [홀드아웃] 배송 19.1±5.1 재적재 1.7 2홉+ 0.49 | 최고 20.2@ep200 정체 11/15
Ep 751 |   742스텝 | 배송 21/50 | 재적재  2 | 정지 0.05 교착최장   3 | no_progress
Ep 752 |   413스텝 | 배송 12/50 | 재적재  0 | 정지 0.12 교착최장   1 | no_progress
Ep 753 |  1158스텝 | 배송 24/50 | 재적재  3 | 정지 0.09 교착최장   5 | no_progress
Ep 754 |   556스텝 | 배송 17/50 | 재적재  1 | 정지 0.02 교착최장   2 | no_progress
Ep 755 |  1226스텝 | 배송 27/50 | 재적재  3 | 정지 0.09 교착최장   9 | no_progress
Ep 756 |   703스텝 | 배송 17/50 | 재적재  3 | 정지 0.07 교착최장   4 | no_progress
Ep 757 |  1232스텝 | 배송 28/50 | 재적재  4 | 정지 0.06 교착최장   3 | no_progress
Ep 758 |   990스텝 | 배송 23/50 | 재적재  2 | 정지 0.07 교착최장   4 | no_progress
Ep 759 |  1619스텝 | 배송 30/50 | 재적재  5 | 정지 0.11 교착최장   8 | no_progress
Ep 760 |   819스텝 | 배송 20/50 | 재적재  2 | 정지 0.05 교착최장   2 | no_progress
Ep 761 |   520스텝 | 배송 15/50 | 재적재  1 | 정지 0.15 교착최장   8 | no_progress
Ep 762 |  1078스텝 | 배송 29/50 | 재적재  4 | 정지 0.09 교착최장   6 | no_progress
Ep 763 |   800스텝 | 배송 24/50 | 재적재  3 | 정지 0.05 교착최장   2 | no_progress
Ep 764 |  1131스텝 | 배송 25/50 | 재적재  3 | 정지 0.07 교착최장  11 | no_progress
Ep 765 |   805스텝 | 배송 21/50 | 재적재  2 | 정지 0.03 교착최장   6 | no_progress
Ep 766 |  1650스텝 | 배송 35/50 | 재적재  5 | 정지 0.09 교착최장   7 | no_progress
Ep 767 |   856스텝 | 배송 19/50 | 재적재  1 | 정지 0.07 교착최장   8 | no_progress
Ep 768 |   906스텝 | 배송 22/50 | 재적재  2 | 정지 0.08 교착최장   5 | no_progress
Ep 769 |   464스텝 | 배송 16/50 | 재적재  1 | 정지 0.06 교착최장   2 | no_progress
Ep 770 |   595스텝 | 배송 17/50 | 재적재  0 | 정지 0.06 교착최장   6 | no_progress
Ep 771 |  1293스텝 | 배송 28/50 | 재적재  5 | 정지 0.07 교착최장   5 | no_progress
Ep 772 |  1075스텝 | 배송 26/50 | 재적재  2 | 정지 0.12 교착최장   6 | no_progress
Ep 773 |   452스텝 | 배송 14/50 | 재적재  0 | 정지 0.11 교착최장   6 | no_progress
Ep 774 |   753스텝 | 배송 22/50 | 재적재  3 | 정지 0.06 교착최장   7 | no_progress
Ep 775 |   647스텝 | 배송 16/50 | 재적재  1 | 정지 0.15 교착최장   5 | no_progress
Ep 776 |  1406스텝 | 배송 24/50 | 재적재  2 | 정지 0.04 교착최장   6 | no_progress
Ep 777 |  1171스텝 | 배송 24/50 | 재적재  4 | 정지 0.06 교착최장   9 | no_progress
Ep 778 |   390스텝 | 배송 15/50 | 재적재  0 | 정지 0.27 교착최장  15 | no_progress
Ep 779 |  1182스텝 | 배송 25/50 | 재적재  3 | 정지 0.08 교착최장  21 | no_progress
Ep 780 |  1328스텝 | 배송 26/50 | 재적재  4 | 정지 0.13 교착최장  26 | no_progress
Ep 781 |  1060스텝 | 배송 24/50 | 재적재  3 | 정지 0.05 교착최장   5 | no_progress
Ep 782 |   450스텝 | 배송 13/50 | 재적재  0 | 정지 0.05 교착최장   2 | no_progress
Ep 783 |   472스텝 | 배송 15/50 | 재적재  1 | 정지 0.06 교착최장   6 | no_progress
Ep 784 |   921스텝 | 배송 21/50 | 재적재  2 | 정지 0.07 교착최장   5 | no_progress
Ep 785 |   940스텝 | 배송 25/50 | 재적재  3 | 정지 0.04 교착최장   3 | no_progress
Ep 786 |  1200스텝 | 배송 26/50 | 재적재  3 | 정지 0.14 교착최장   7 | no_progress
Ep 787 |   499스텝 | 배송 13/50 | 재적재  0 | 정지 0.11 교착최장   4 | no_progress
Ep 788 |   997스텝 | 배송 21/50 | 재적재  1 | 정지 0.15 교착최장   8 | no_progress
Ep 789 |   711스텝 | 배송 20/50 | 재적재  2 | 정지 0.07 교착최장   3 | no_progress
Ep 790 |  1344스텝 | 배송 29/50 | 재적재  4 | 정지 0.08 교착최장   5 | no_progress
Ep 791 |  1063스텝 | 배송 26/50 | 재적재  3 | 정지 0.09 교착최장   6 | no_progress
Ep 792 |  1117스텝 | 배송 23/50 | 재적재  2 | 정지 0.09 교착최장   9 | no_progress
Ep 793 |  1195스텝 | 배송 24/50 | 재적재  3 | 정지 0.15 교착최장   8 | no_progress
Ep 794 |   808스텝 | 배송 20/50 | 재적재  2 | 정지 0.18 교착최장   9 | no_progress
Ep 795 |   453스텝 | 배송 15/50 | 재적재  1 | 정지 0.01 교착최장   1 | no_progress
Ep 796 |  1015스텝 | 배송 19/50 | 재적재  1 | 정지 0.06 교착최장   3 | no_progress
Ep 797 |  1079스텝 | 배송 28/50 | 재적재  3 | 정지 0.17 교착최장  12 | no_progress
Ep 798 |   908스텝 | 배송 22/50 | 재적재  3 | 정지 0.09 교착최장  13 | no_progress
Ep 799 |   880스텝 | 배송 21/50 | 재적재  2 | 정지 0.05 교착최장   9 | no_progress
Ep 800 |   546스텝 | 배송 17/50 | 재적재  2 | 정지 0.04 교착최장   7 | no_progress
  [홀드아웃] 배송 19.0±7.0 재적재 1.5 2홉+ 0.46 | 최고 20.2@ep200 정체 12/15
Ep 801 |   480스텝 | 배송 12/50 | 재적재  1 | 정지 0.03 교착최장   2 | no_progress
Ep 802 |  1496스텝 | 배송 30/50 | 재적재  5 | 정지 0.11 교착최장   8 | no_progress
Ep 803 |   633스텝 | 배송 15/50 | 재적재  0 | 정지 0.17 교착최장  32 | no_progress
Ep 804 |  1308스텝 | 배송 29/50 | 재적재  5 | 정지 0.15 교착최장  13 | no_progress
Ep 805 |   825스텝 | 배송 22/50 | 재적재  3 | 정지 0.03 교착최장   2 | no_progress
Ep 806 |   854스텝 | 배송 23/50 | 재적재  4 | 정지 0.08 교착최장   9 | no_progress
Ep 807 |   678스텝 | 배송 18/50 | 재적재  1 | 정지 0.10 교착최장   8 | no_progress
Ep 808 |   667스텝 | 배송 19/50 | 재적재  1 | 정지 0.23 교착최장   8 | no_progress
Ep 809 |   798스텝 | 배송 20/50 | 재적재  2 | 정지 0.12 교착최장   6 | no_progress
Ep 810 |  1340스텝 | 배송 25/50 | 재적재  2 | 정지 0.19 교착최장  64 | no_progress
Ep 811 |   645스텝 | 배송 19/50 | 재적재  1 | 정지 0.05 교착최장   5 | no_progress
Ep 812 |   813스텝 | 배송 20/50 | 재적재  3 | 정지 0.06 교착최장   4 | no_progress
Ep 813 |  2449스텝 | 배송 45/50 | 재적재  6 | 정지 0.14 교착최장  39 | no_progress
Ep 814 |   979스텝 | 배송 22/50 | 재적재  2 | 정지 0.05 교착최장   2 | no_progress
Ep 815 |   762스텝 | 배송 19/50 | 재적재  2 | 정지 0.12 교착최장   5 | no_progress
Ep 816 |  1267스텝 | 배송 27/50 | 재적재  3 | 정지 0.15 교착최장  11 | no_progress
Ep 817 |   698스텝 | 배송 20/50 | 재적재  1 | 정지 0.05 교착최장   3 | no_progress
Ep 818 |  1019스텝 | 배송 27/50 | 재적재  3 | 정지 0.15 교착최장  10 | no_progress
Ep 819 |  1575스텝 | 배송 32/50 | 재적재  6 | 정지 0.10 교착최장  10 | no_progress
Ep 820 |   608스텝 | 배송 20/50 | 재적재  2 | 정지 0.05 교착최장   2 | no_progress
Ep 821 |  1033스텝 | 배송 23/50 | 재적재  3 | 정지 0.20 교착최장   8 | no_progress
Ep 822 |   988스텝 | 배송 20/50 | 재적재  2 | 정지 0.17 교착최장  12 | no_progress
Ep 823 |  1026스텝 | 배송 22/50 | 재적재  2 | 정지 0.13 교착최장  16 | no_progress
Ep 824 |  1757스텝 | 배송 29/50 | 재적재  4 | 정지 0.17 교착최장  19 | no_progress
Ep 825 |   594스텝 | 배송 16/50 | 재적재  0 | 정지 0.11 교착최장   6 | no_progress
Ep 826 |   891스텝 | 배송 21/50 | 재적재  3 | 정지 0.13 교착최장   6 | no_progress
Ep 827 |   444스텝 | 배송 12/50 | 재적재  0 | 정지 0.14 교착최장   9 | no_progress
Ep 828 |  1019스텝 | 배송 26/50 | 재적재  4 | 정지 0.12 교착최장   5 | no_progress
Ep 829 |   825스텝 | 배송 20/50 | 재적재  3 | 정지 0.10 교착최장  11 | no_progress
Ep 830 |   607스텝 | 배송 16/50 | 재적재  0 | 정지 0.09 교착최장   7 | no_progress
Ep 831 |   620스텝 | 배송 20/50 | 재적재  4 | 정지 0.05 교착최장   4 | no_progress
Ep 832 |   666스텝 | 배송 22/50 | 재적재  2 | 정지 0.04 교착최장   1 | no_progress
Ep 833 |   505스텝 | 배송 16/50 | 재적재  2 | 정지 0.03 교착최장   5 | no_progress
Ep 834 |   891스텝 | 배송 23/50 | 재적재  3 | 정지 0.11 교착최장  15 | no_progress
Ep 835 |   848스텝 | 배송 20/50 | 재적재  2 | 정지 0.16 교착최장  32 | no_progress
Ep 836 |  1539스텝 | 배송 32/50 | 재적재  5 | 정지 0.14 교착최장  30 | no_progress
Ep 837 |   949스텝 | 배송 18/50 | 재적재  1 | 정지 0.19 교착최장  13 | no_progress
Ep 838 |   423스텝 | 배송  8/50 | 재적재  0 | 정지 0.01 교착최장   1 | no_progress
Ep 839 |   598스텝 | 배송 18/50 | 재적재  0 | 정지 0.07 교착최장   9 | no_progress
Ep 840 |   595스텝 | 배송 20/50 | 재적재  3 | 정지 0.04 교착최장   1 | no_progress
Ep 841 |   487스텝 | 배송 18/50 | 재적재  2 | 정지 0.09 교착최장  11 | no_progress
Ep 842 |  1057스텝 | 배송 19/50 | 재적재  3 | 정지 0.05 교착최장  13 | no_progress
Ep 843 |   721스텝 | 배송 19/50 | 재적재  1 | 정지 0.03 교착최장   5 | no_progress
Ep 844 |  1234스텝 | 배송 24/50 | 재적재  3 | 정지 0.10 교착최장   4 | no_progress
Ep 845 |   351스텝 | 배송 12/50 | 재적재  1 | 정지 0.01 교착최장   1 | no_progress
Ep 846 |   809스텝 | 배송 20/50 | 재적재  2 | 정지 0.06 교착최장  10 | no_progress
Ep 847 |   709스텝 | 배송 17/50 | 재적재  3 | 정지 0.05 교착최장  10 | no_progress
Ep 848 |  1100스텝 | 배송 24/50 | 재적재  3 | 정지 0.08 교착최장   4 | no_progress
Ep 849 |   951스텝 | 배송 21/50 | 재적재  3 | 정지 0.13 교착최장   8 | no_progress
Ep 850 |   572스텝 | 배송 20/50 | 재적재  3 | 정지 0.04 교착최장   4 | no_progress
  [홀드아웃] 배송 16.6±5.2 재적재 1.0 2홉+ 0.47 | 최고 20.2@ep200 정체 13/15
Ep 851 |   595스텝 | 배송 14/50 | 재적재  1 | 정지 0.12 교착최장   7 | no_progress
Ep 852 |   658스텝 | 배송 19/50 | 재적재  3 | 정지 0.09 교착최장   8 | no_progress
Ep 853 |  1512스텝 | 배송 29/50 | 재적재  3 | 정지 0.14 교착최장  10 | no_progress
Ep 854 |   652스텝 | 배송 18/50 | 재적재  2 | 정지 0.06 교착최장   5 | no_progress
Ep 855 |   426스텝 | 배송 16/50 | 재적재  0 | 정지 0.06 교착최장   3 | no_progress
Ep 856 |  1259스텝 | 배송 26/50 | 재적재  3 | 정지 0.14 교착최장  13 | no_progress
Ep 857 |   982스텝 | 배송 22/50 | 재적재  2 | 정지 0.09 교착최장   4 | no_progress
Ep 858 |   605스텝 | 배송 19/50 | 재적재  2 | 정지 0.07 교착최장   9 | no_progress
Ep 859 |   969스텝 | 배송 21/50 | 재적재  1 | 정지 0.08 교착최장   2 | no_progress
Ep 860 |  1890스텝 | 배송 32/50 | 재적재  5 | 정지 0.10 교착최장   7 | no_progress
Ep 861 |   607스텝 | 배송 13/50 | 재적재  0 | 정지 0.10 교착최장   3 | no_progress
Ep 862 |  1117스텝 | 배송 22/50 | 재적재  2 | 정지 0.04 교착최장   4 | no_progress
Ep 863 |   780스텝 | 배송 21/50 | 재적재  3 | 정지 0.07 교착최장   6 | no_progress
Ep 864 |   596스텝 | 배송 17/50 | 재적재  1 | 정지 0.02 교착최장   3 | no_progress
Ep 865 |   544스텝 | 배송 17/50 | 재적재  1 | 정지 0.11 교착최장   6 | no_progress
Ep 866 |   447스텝 | 배송 16/50 | 재적재  0 | 정지 0.17 교착최장  10 | no_progress
Ep 867 |  1041스텝 | 배송 21/50 | 재적재  2 | 정지 0.09 교착최장   4 | no_progress
Ep 868 |   652스텝 | 배송 19/50 | 재적재  2 | 정지 0.12 교착최장  15 | no_progress
Ep 869 |   823스텝 | 배송 18/50 | 재적재  1 | 정지 0.07 교착최장  10 | no_progress
Ep 870 |   539스텝 | 배송 16/50 | 재적재  1 | 정지 0.11 교착최장  12 | no_progress
Ep 871 |  1405스텝 | 배송 25/50 | 재적재  2 | 정지 0.11 교착최장   8 | no_progress
Ep 872 |   880스텝 | 배송 19/50 | 재적재  1 | 정지 0.12 교착최장  10 | no_progress
Ep 873 |   697스텝 | 배송 18/50 | 재적재  2 | 정지 0.09 교착최장   8 | no_progress
Ep 874 |   617스텝 | 배송 18/50 | 재적재  1 | 정지 0.32 교착최장  44 | no_progress
Ep 875 |   571스텝 | 배송 18/50 | 재적재  2 | 정지 0.18 교착최장   8 | no_progress
Ep 876 |  1270스텝 | 배송 25/50 | 재적재  4 | 정지 0.05 교착최장  10 | no_progress
Ep 877 |   945스텝 | 배송 20/50 | 재적재  1 | 정지 0.11 교착최장   3 | no_progress
Ep 878 |   843스텝 | 배송 18/50 | 재적재  0 | 정지 0.10 교착최장   3 | no_progress
Ep 879 |   551스텝 | 배송 17/50 | 재적재  2 | 정지 0.05 교착최장   2 | no_progress
Ep 880 |  1295스텝 | 배송 25/50 | 재적재  3 | 정지 0.13 교착최장   7 | no_progress
Ep 881 |   898스텝 | 배송 22/50 | 재적재  3 | 정지 0.12 교착최장   8 | no_progress
Ep 882 |   728스텝 | 배송 18/50 | 재적재  2 | 정지 0.04 교착최장   3 | no_progress
Ep 883 |  1309스텝 | 배송 29/50 | 재적재  3 | 정지 0.08 교착최장   4 | no_progress
Ep 884 |   468스텝 | 배송 15/50 | 재적재  1 | 정지 0.03 교착최장   2 | no_progress
Ep 885 |   620스텝 | 배송 16/50 | 재적재  1 | 정지 0.08 교착최장   4 | no_progress
Ep 886 |  1242스텝 | 배송 26/50 | 재적재  4 | 정지 0.08 교착최장   5 | no_progress
Ep 887 |   635스텝 | 배송 17/50 | 재적재  2 | 정지 0.06 교착최장   3 | no_progress
Ep 888 |   565스텝 | 배송 17/50 | 재적재  1 | 정지 0.04 교착최장   2 | no_progress
Ep 889 |   718스텝 | 배송 20/50 | 재적재  3 | 정지 0.03 교착최장   2 | no_progress
Ep 890 |  1369스텝 | 배송 25/50 | 재적재  3 | 정지 0.05 교착최장   4 | no_progress
Ep 891 |   732스텝 | 배송 20/50 | 재적재  2 | 정지 0.06 교착최장   5 | no_progress
Ep 892 |   372스텝 | 배송 14/50 | 재적재  0 | 정지 0.03 교착최장   1 | no_progress
Ep 893 |   702스텝 | 배송 19/50 | 재적재  1 | 정지 0.09 교착최장   5 | no_progress
Ep 894 |  1203스텝 | 배송 27/50 | 재적재  3 | 정지 0.20 교착최장  53 | no_progress
Ep 895 |   729스텝 | 배송 21/50 | 재적재  2 | 정지 0.15 교착최장  16 | no_progress
Ep 896 |   611스텝 | 배송 15/50 | 재적재  2 | 정지 0.01 교착최장   2 | no_progress
Ep 897 |   536스텝 | 배송 17/50 | 재적재  0 | 정지 0.04 교착최장   3 | no_progress
Ep 898 |   797스텝 | 배송 18/50 | 재적재  1 | 정지 0.08 교착최장   6 | no_progress
Ep 899 |   939스텝 | 배송 23/50 | 재적재  2 | 정지 0.07 교착최장   7 | no_progress
Ep 900 |   382스텝 | 배송 16/50 | 재적재  1 | 정지 0.04 교착최장   6 | no_progress
  [홀드아웃] 배송 15.9±5.2 재적재 0.9 2홉+ 0.41 | 최고 20.2@ep200 정체 14/15
Ep 901 |   838스텝 | 배송 21/50 | 재적재  3 | 정지 0.05 교착최장  11 | no_progress
Ep 902 |  1079스텝 | 배송 23/50 | 재적재  3 | 정지 0.10 교착최장   3 | no_progress
Ep 903 |   870스텝 | 배송 20/50 | 재적재  1 | 정지 0.05 교착최장   8 | no_progress
Ep 904 |  1079스텝 | 배송 24/50 | 재적재  3 | 정지 0.08 교착최장   7 | no_progress
Ep 905 |   904스텝 | 배송 20/50 | 재적재  2 | 정지 0.06 교착최장   4 | no_progress
Ep 906 |  1535스텝 | 배송 38/50 | 재적재  6 | 정지 0.10 교착최장   6 | no_progress
Ep 907 |   863스텝 | 배송 18/50 | 재적재  2 | 정지 0.04 교착최장   2 | no_progress
Ep 908 |   798스텝 | 배송 19/50 | 재적재  2 | 정지 0.07 교착최장   5 | no_progress
Ep 909 |   624스텝 | 배송 18/50 | 재적재  1 | 정지 0.05 교착최장   2 | no_progress
Ep 910 |  1039스텝 | 배송 22/50 | 재적재  2 | 정지 0.18 교착최장  19 | no_progress
Ep 911 |   753스텝 | 배송 19/50 | 재적재  2 | 정지 0.04 교착최장   8 | no_progress
Ep 912 |  1096스텝 | 배송 22/50 | 재적재  2 | 정지 0.07 교착최장   6 | no_progress
Ep 913 |   936스텝 | 배송 20/50 | 재적재  2 | 정지 0.10 교착최장  12 | no_progress
Ep 914 |   784스텝 | 배송 19/50 | 재적재  2 | 정지 0.10 교착최장   5 | no_progress
Ep 915 |  1677스텝 | 배송 32/50 | 재적재  5 | 정지 0.11 교착최장  17 | no_progress
Ep 916 |   642스텝 | 배송 14/50 | 재적재  0 | 정지 0.04 교착최장   6 | no_progress
Ep 917 |  1587스텝 | 배송 31/50 | 재적재  4 | 정지 0.13 교착최장  10 | no_progress
Ep 918 |  1080스텝 | 배송 27/50 | 재적재  4 | 정지 0.08 교착최장   7 | no_progress
Ep 919 |   644스텝 | 배송 16/50 | 재적재  1 | 정지 0.05 교착최장   6 | no_progress
Ep 920 |  1177스텝 | 배송 27/50 | 재적재  3 | 정지 0.12 교착최장  11 | no_progress
Ep 921 |   646스텝 | 배송 19/50 | 재적재  2 | 정지 0.06 교착최장  10 | no_progress
Ep 922 |  1904스텝 | 배송 38/50 | 재적재  6 | 정지 0.16 교착최장  13 | no_progress
Ep 923 |  1729스텝 | 배송 31/50 | 재적재  4 | 정지 0.09 교착최장   9 | no_progress
Ep 924 |   719스텝 | 배송 17/50 | 재적재  2 | 정지 0.07 교착최장   3 | no_progress
Ep 925 |   849스텝 | 배송 20/50 | 재적재  3 | 정지 0.07 교착최장   6 | no_progress
Ep 926 |  1338스텝 | 배송 28/50 | 재적재  4 | 정지 0.12 교착최장   5 | no_progress
Ep 927 |   747스텝 | 배송 20/50 | 재적재  2 | 정지 0.16 교착최장  11 | no_progress
Ep 928 |   613스텝 | 배송 17/50 | 재적재  2 | 정지 0.03 교착최장   3 | no_progress
Ep 929 |   730스텝 | 배송 18/50 | 재적재  2 | 정지 0.07 교착최장   3 | no_progress
Ep 930 |  1433스텝 | 배송 29/50 | 재적재  2 | 정지 0.11 교착최장   7 | no_progress
Ep 931 |   560스텝 | 배송 17/50 | 재적재  1 | 정지 0.03 교착최장   1 | no_progress
Ep 932 |   498스텝 | 배송 16/50 | 재적재  2 | 정지 0.07 교착최장   3 | no_progress
Ep 933 |   458스텝 | 배송 16/50 | 재적재  3 | 정지 0.03 교착최장   3 | no_progress
Ep 934 |  1179스텝 | 배송 24/50 | 재적재  2 | 정지 0.16 교착최장  22 | no_progress
Ep 935 |   535스텝 | 배송 15/50 | 재적재  1 | 정지 0.03 교착최장   4 | no_progress
Ep 936 |  1219스텝 | 배송 20/50 | 재적재  2 | 정지 0.06 교착최장   4 | no_progress
Ep 937 |  1322스텝 | 배송 32/50 | 재적재  6 | 정지 0.10 교착최장  16 | no_progress
Ep 938 |  1267스텝 | 배송 24/50 | 재적재  3 | 정지 0.12 교착최장   6 | no_progress
Ep 939 |   919스텝 | 배송 23/50 | 재적재  2 | 정지 0.09 교착최장   5 | no_progress
Ep 940 |  1218스텝 | 배송 26/50 | 재적재  3 | 정지 0.10 교착최장   6 | no_progress
Ep 941 |  1399스텝 | 배송 29/50 | 재적재  4 | 정지 0.06 교착최장  11 | no_progress
Ep 942 |  1713스텝 | 배송 26/50 | 재적재  4 | 정지 0.14 교착최장  11 | no_progress
Ep 943 |   901스텝 | 배송 20/50 | 재적재  2 | 정지 0.08 교착최장   5 | no_progress
Ep 944 |   553스텝 | 배송 16/50 | 재적재  1 | 정지 0.10 교착최장   7 | no_progress
Ep 945 |   498스텝 | 배송 17/50 | 재적재  1 | 정지 0.10 교착최장   7 | no_progress
Ep 946 |  1038스텝 | 배송 23/50 | 재적재  2 | 정지 0.07 교착최장   4 | no_progress
Ep 947 |  1414스텝 | 배송 30/50 | 재적재  4 | 정지 0.07 교착최장   4 | no_progress
Ep 948 |   977스텝 | 배송 24/50 | 재적재  3 | 정지 0.07 교착최장   4 | no_progress
Ep 949 |   504스텝 | 배송 17/50 | 재적재  2 | 정지 0.04 교착최장   3 | no_progress
Ep 950 |  1325스텝 | 배송 27/50 | 재적재  4 | 정지 0.04 교착최장   6 | no_progress
  [홀드아웃] 배송 16.3±4.0 재적재 0.9 2홉+ 0.47 | 최고 20.2@ep200 정체 15/15

조기 종료. 최고 20.2@ep200
Training finished. best=20.2 @ ep200
