/home/kopt/enter/envs/wsl_neuroMCTS/lib/python3.10/site-packages/pygame/pkgdata.py:25: UserWarning: pkg_resources is deprecated as an API. See https://setuptools.pypa.io/en/latest/pkg_resources.html. The pkg_resources package is slated for removal as early as 2025-11-30. Refrain from using this package or pin to Setuptools<81.
  from pkg_resources import resource_stream, resource_exists
pygame 2.6.1 (SDL 2.28.4, Python 3.10.19)
Hello from the pygame community. https://www.pygame.org/contribute.html
단계=manager 장치=cuda 반경=300.0 상위주기=20 시드=1 교착관측=True
상한=10000 교착한도=100 무배송한도=2000 (초반 300ep까지 2000) gamma=0.99 미완료페널티=0.0
worker_obs=16 manager_obs=43 state=66 상위행동=7
하위 가중치 로드: weights/v3_26_09_07_17_w/best_worker.pth
Ep 1 |  7790스텝 | 배송 47/50 | 재적재  8 | 정지 0.17 교착최장  25 | no_progress
Ep 2 |  6352스텝 | 배송 45/50 | 재적재  8 | 정지 0.15 교착최장 100 | deadlock
Ep 3 |  8031스텝 | 배송 45/50 | 재적재  8 | 정지 0.24 교착최장  70 | no_progress
Ep 4 |  8926스텝 | 배송 47/50 | 재적재  7 | 정지 0.16 교착최장  49 | no_progress
Ep 5 |  5790스텝 | 배송 43/50 | 재적재  7 | 정지 0.13 교착최장  15 | no_progress
Ep 6 |  7097스텝 | 배송 43/50 | 재적재  6 | 정지 0.15 교착최장   9 | no_progress
Ep 7 |  6667스텝 | 배송 45/50 | 재적재  8 | 정지 0.19 교착최장  37 | no_progress
Ep 8 |  6000스텝 | 배송 47/50 | 재적재  8 | 정지 0.17 교착최장  21 | no_progress
Ep 9 |  5330스텝 | 배송 46/50 | 재적재  8 | 정지 0.12 교착최장  12 | no_progress
Ep 10 |  7263스텝 | 배송 45/50 | 재적재  8 | 정지 0.17 교착최장  20 | no_progress
Ep 11 |  6588스텝 | 배송 49/50 | 재적재  9 | 정지 0.10 교착최장  21 | no_progress
Ep 12 |  6617스텝 | 배송 45/50 | 재적재  8 | 정지 0.08 교착최장  13 | no_progress
Ep 13 |  1102스텝 | 배송 26/50 | 재적재  3 | 정지 0.26 교착최장 100 | deadlock
Ep 14 |  8716스텝 | 배송 44/50 | 재적재  8 | 정지 0.13 교착최장  20 | no_progress
Ep 15 |  6458스텝 | 배송 48/50 | 재적재  8 | 정지 0.18 교착최장  23 | no_progress
Ep 16 |  5257스텝 | 배송 39/50 | 재적재  6 | 정지 0.28 교착최장  58 | no_progress
Ep 17 |  8517스텝 | 배송 46/50 | 재적재  8 | 정지 0.17 교착최장  21 | no_progress
Ep 18 |  7349스텝 | 배송 44/50 | 재적재  8 | 정지 0.15 교착최장  25 | no_progress
Ep 19 |  6701스텝 | 배송 46/50 | 재적재  8 | 정지 0.13 교착최장  27 | no_progress
Ep 20 |  6488스텝 | 배송 46/50 | 재적재  6 | 정지 0.12 교착최장  18 | no_progress
Ep 21 |  5464스텝 | 배송 43/50 | 재적재  6 | 정지 0.18 교착최장  13 | no_progress
Ep 22 |  5663스텝 | 배송 44/50 | 재적재  8 | 정지 0.13 교착최장  10 | no_progress
Ep 23 |  8604스텝 | 배송 45/50 | 재적재  8 | 정지 0.15 교착최장  44 | no_progress
Ep 24 |  5542스텝 | 배송 42/50 | 재적재  6 | 정지 0.11 교착최장  28 | no_progress
Ep 25 |  7495스텝 | 배송 48/50 | 재적재  8 | 정지 0.12 교착최장  13 | no_progress
Ep 26 |  6385스텝 | 배송 47/50 | 재적재  9 | 정지 0.16 교착최장  24 | no_progress
Ep 27 |  5744스텝 | 배송 47/50 | 재적재  8 | 정지 0.14 교착최장  16 | no_progress
Ep 28 |  6660스텝 | 배송 47/50 | 재적재  8 | 정지 0.14 교착최장  10 | no_progress
Ep 29 |  8384스텝 | 배송 41/50 | 재적재  8 | 정지 0.17 교착최장  23 | no_progress
Ep 30 |  7451스텝 | 배송 46/50 | 재적재  8 | 정지 0.13 교착최장   9 | no_progress
Ep 31 |  6848스텝 | 배송 40/50 | 재적재  8 | 정지 0.13 교착최장  11 | no_progress
Ep 32 |  6320스텝 | 배송 46/50 | 재적재  7 | 정지 0.17 교착최장  10 | no_progress
Ep 33 | 10000스텝 | 배송 48/50 | 재적재  8 | 정지 0.20 교착최장  65 | step_limit
Ep 34 |  6525스텝 | 배송 44/50 | 재적재  7 | 정지 0.16 교착최장  13 | no_progress
Ep 35 |  9043스텝 | 배송 42/50 | 재적재  7 | 정지 0.13 교착최장  15 | no_progress
Ep 36 |  6465스텝 | 배송 40/50 | 재적재  8 | 정지 0.10 교착최장  12 | no_progress
Ep 37 |  5435스텝 | 배송 34/50 | 재적재  5 | 정지 0.22 교착최장  30 | no_progress
Ep 38 |  7574스텝 | 배송 39/50 | 재적재  7 | 정지 0.13 교착최장  17 | no_progress
Ep 39 |  8510스텝 | 배송 44/50 | 재적재  8 | 정지 0.14 교착최장  20 | no_progress
Ep 40 |  4289스텝 | 배송 42/50 | 재적재  5 | 정지 0.11 교착최장  15 | no_progress
Ep 41 |  9783스텝 | 배송 44/50 | 재적재  7 | 정지 0.20 교착최장  21 | no_progress
Ep 42 | 10000스텝 | 배송 46/50 | 재적재  7 | 정지 0.17 교착최장  22 | step_limit
Ep 43 |  8576스텝 | 배송 43/50 | 재적재  7 | 정지 0.18 교착최장  35 | no_progress
Ep 44 |  8231스텝 | 배송 43/50 | 재적재  7 | 정지 0.21 교착최장  19 | no_progress
Ep 45 |  4501스텝 | 배송 41/50 | 재적재  6 | 정지 0.23 교착최장 100 | deadlock
Ep 46 |  7670스텝 | 배송 44/50 | 재적재  8 | 정지 0.16 교착최장  27 | no_progress
Ep 47 |  5211스텝 | 배송 46/50 | 재적재  8 | 정지 0.11 교착최장  27 | no_progress
Ep 48 |  6727스텝 | 배송 45/50 | 재적재  8 | 정지 0.12 교착최장  60 | no_progress
Ep 49 |  7919스텝 | 배송 44/50 | 재적재  7 | 정지 0.19 교착최장  42 | no_progress
Ep 50 |  8119스텝 | 배송 45/50 | 재적재  7 | 정지 0.16 교착최장  40 | no_progress
  [홀드아웃] 배송 19.8±7.0 재적재 1.8 2홉+ 0.51 | 최고 19.8@ep50 정체 0/15  ← 갱신
Ep 51 |  7397스텝 | 배송 48/50 | 재적재  8 | 정지 0.20 교착최장  29 | no_progress
Ep 52 |  7299스텝 | 배송 46/50 | 재적재  9 | 정지 0.12 교착최장  31 | no_progress
Ep 53 |  1381스텝 | 배송 25/50 | 재적재  3 | 정지 0.29 교착최장 100 | deadlock
Ep 54 |  6639스텝 | 배송 46/50 | 재적재  9 | 정지 0.09 교착최장  26 | no_progress
Ep 55 |  9930스텝 | 배송 47/50 | 재적재  8 | 정지 0.17 교착최장  32 | no_progress
Ep 56 |  1970스텝 | 배송 30/50 | 재적재  4 | 정지 0.26 교착최장 100 | deadlock
Ep 57 |  6678스텝 | 배송 47/50 | 재적재  7 | 정지 0.13 교착최장  33 | no_progress
Ep 58 |  7838스텝 | 배송 44/50 | 재적재  8 | 정지 0.21 교착최장  44 | no_progress
Ep 59 |  7683스텝 | 배송 47/50 | 재적재  8 | 정지 0.17 교착최장  53 | no_progress
Ep 60 |  5392스텝 | 배송 44/50 | 재적재  8 | 정지 0.09 교착최장  22 | no_progress
Ep 61 |  6378스텝 | 배송 46/50 | 재적재  8 | 정지 0.15 교착최장  58 | no_progress
Ep 62 |  6761스텝 | 배송 42/50 | 재적재  7 | 정지 0.23 교착최장  33 | no_progress
Ep 63 |  4333스텝 | 배송 39/50 | 재적재  6 | 정지 0.14 교착최장   7 | no_progress
Ep 64 |  6799스텝 | 배송 42/50 | 재적재  6 | 정지 0.17 교착최장  13 | no_progress
Ep 65 |  6731스텝 | 배송 43/50 | 재적재  8 | 정지 0.12 교착최장  10 | no_progress
Ep 66 |  2657스텝 | 배송 21/50 | 재적재  1 | 정지 0.25 교착최장  12 | no_progress
Ep 67 |  9173스텝 | 배송 45/50 | 재적재  8 | 정지 0.22 교착최장  24 | no_progress
Ep 68 |  6157스텝 | 배송 48/50 | 재적재  7 | 정지 0.12 교착최장  19 | no_progress
Ep 69 |  7822스텝 | 배송 45/50 | 재적재  8 | 정지 0.19 교착최장  42 | no_progress
Ep 70 |  7077스텝 | 배송 48/50 | 재적재  8 | 정지 0.22 교착최장  70 | no_progress
Ep 71 |  6807스텝 | 배송 47/50 | 재적재  8 | 정지 0.11 교착최장  33 | no_progress
Ep 72 |  6095스텝 | 배송 46/50 | 재적재  8 | 정지 0.17 교착최장  35 | no_progress
Ep 73 |  4632스텝 | 배송 42/50 | 재적재  6 | 정지 0.12 교착최장  14 | no_progress
Ep 74 |  6644스텝 | 배송 46/50 | 재적재  8 | 정지 0.25 교착최장  38 | no_progress
Ep 75 |  3754스텝 | 배송 39/50 | 재적재  6 | 정지 0.21 교착최장  13 | no_progress
Ep 76 |  7412스텝 | 배송 44/50 | 재적재  7 | 정지 0.20 교착최장  17 | no_progress
Ep 77 |  6270스텝 | 배송 44/50 | 재적재  6 | 정지 0.15 교착최장  23 | no_progress
Ep 78 |  5488스텝 | 배송 46/50 | 재적재  7 | 정지 0.15 교착최장  22 | no_progress
Ep 79 |  7214스텝 | 배송 44/50 | 재적재  7 | 정지 0.18 교착최장  14 | no_progress
Ep 80 |  4546스텝 | 배송 42/50 | 재적재  8 | 정지 0.16 교착최장  16 | no_progress
Ep 81 |  9233스텝 | 배송 45/50 | 재적재  8 | 정지 0.21 교착최장  77 | no_progress
Ep 82 |  8588스텝 | 배송 47/50 | 재적재  8 | 정지 0.15 교착최장  27 | no_progress
Ep 83 |  8175스텝 | 배송 42/50 | 재적재  7 | 정지 0.19 교착최장  14 | no_progress
Ep 84 |  7265스텝 | 배송 47/50 | 재적재  8 | 정지 0.14 교착최장  22 | no_progress
Ep 85 |  6748스텝 | 배송 44/50 | 재적재  8 | 정지 0.13 교착최장  24 | no_progress
Ep 86 |  8792스텝 | 배송 44/50 | 재적재  8 | 정지 0.14 교착최장  13 | no_progress
Ep 87 |  9559스텝 | 배송 45/50 | 재적재  8 | 정지 0.15 교착최장  63 | no_progress
Ep 88 |  7653스텝 | 배송 45/50 | 재적재  8 | 정지 0.15 교착최장  25 | no_progress
Ep 89 |  6774스텝 | 배송 41/50 | 재적재  5 | 정지 0.16 교착최장  19 | no_progress
Ep 90 |  9312스텝 | 배송 45/50 | 재적재  8 | 정지 0.20 교착최장  62 | no_progress
Ep 91 |  6580스텝 | 배송 47/50 | 재적재  8 | 정지 0.13 교착최장  13 | no_progress
Ep 92 |  7001스텝 | 배송 45/50 | 재적재  8 | 정지 0.12 교착최장  31 | no_progress
Ep 93 |  5916스텝 | 배송 44/50 | 재적재  7 | 정지 0.13 교착최장  21 | no_progress
Ep 94 |  6552스텝 | 배송 45/50 | 재적재  7 | 정지 0.16 교착최장  27 | no_progress
Ep 95 |  9951스텝 | 배송 46/50 | 재적재  8 | 정지 0.21 교착최장 100 | deadlock
Ep 96 |  6558스텝 | 배송 40/50 | 재적재  6 | 정지 0.16 교착최장  15 | no_progress
Ep 97 |  6261스텝 | 배송 48/50 | 재적재  8 | 정지 0.15 교착최장  22 | no_progress
Ep 98 |  6408스텝 | 배송 43/50 | 재적재  5 | 정지 0.15 교착최장  15 | no_progress
Ep 99 |  7287스텝 | 배송 45/50 | 재적재  8 | 정지 0.15 교착최장  17 | no_progress
Ep 100 | 10000스텝 | 배송 42/50 | 재적재  8 | 정지 0.15 교착최장  11 | step_limit
  [홀드아웃] 배송 19.9±6.3 재적재 1.8 2홉+ 0.48 | 최고 19.9@ep100 정체 0/15  ← 갱신
Ep 101 |  7957스텝 | 배송 46/50 | 재적재  7 | 정지 0.18 교착최장  17 | no_progress
Ep 102 |  5869스텝 | 배송 38/50 | 재적재  6 | 정지 0.22 교착최장  38 | no_progress
Ep 103 |  6757스텝 | 배송 42/50 | 재적재  8 | 정지 0.17 교착최장  28 | no_progress
Ep 104 |  7868스텝 | 배송 45/50 | 재적재  7 | 정지 0.16 교착최장  15 | no_progress
Ep 105 |  7287스텝 | 배송 49/50 | 재적재  8 | 정지 0.14 교착최장  13 | no_progress
Ep 106 |  7294스텝 | 배송 44/50 | 재적재  7 | 정지 0.15 교착최장  15 | no_progress
Ep 107 |  6808스텝 | 배송 44/50 | 재적재  8 | 정지 0.11 교착최장  16 | no_progress
Ep 108 |  6368스텝 | 배송 44/50 | 재적재  7 | 정지 0.10 교착최장  17 | no_progress
Ep 109 |  9808스텝 | 배송 44/50 | 재적재  8 | 정지 0.10 교착최장  11 | no_progress
Ep 110 |  4404스텝 | 배송 45/50 | 재적재  8 | 정지 0.13 교착최장  21 | no_progress
Ep 111 |  8694스텝 | 배송 48/50 | 재적재  7 | 정지 0.18 교착최장  17 | no_progress
Ep 112 | 10000스텝 | 배송 45/50 | 재적재  8 | 정지 0.12 교착최장  13 | step_limit
Ep 113 |  8919스텝 | 배송 44/50 | 재적재  8 | 정지 0.19 교착최장  27 | no_progress
Ep 114 |  9998스텝 | 배송 47/50 | 재적재  8 | 정지 0.10 교착최장  16 | no_progress
Ep 115 |  7743스텝 | 배송 43/50 | 재적재  7 | 정지 0.12 교착최장  17 | no_progress
Ep 116 |  9000스텝 | 배송 44/50 | 재적재  7 | 정지 0.14 교착최장  19 | no_progress
Ep 117 |  9318스텝 | 배송 44/50 | 재적재  8 | 정지 0.13 교착최장  29 | no_progress
Ep 118 | 10000스텝 | 배송 46/50 | 재적재  7 | 정지 0.18 교착최장  29 | step_limit
Ep 119 | 10000스텝 | 배송 45/50 | 재적재  8 | 정지 0.15 교착최장  17 | step_limit
Ep 120 |  5379스텝 | 배송 43/50 | 재적재  6 | 정지 0.20 교착최장  11 | no_progress
Ep 121 |  5357스텝 | 배송 45/50 | 재적재  8 | 정지 0.11 교착최장   9 | no_progress
Ep 122 |  7001스텝 | 배송 43/50 | 재적재  7 | 정지 0.19 교착최장  65 | no_progress
Ep 123 |  6576스텝 | 배송 44/50 | 재적재  7 | 정지 0.13 교착최장  30 | no_progress
Ep 124 |  5820스텝 | 배송 43/50 | 재적재  7 | 정지 0.21 교착최장  27 | no_progress
Ep 125 |  7851스텝 | 배송 44/50 | 재적재  7 | 정지 0.18 교착최장  39 | no_progress
Ep 126 |  9698스텝 | 배송 44/50 | 재적재  8 | 정지 0.13 교착최장  20 | no_progress
Ep 127 |  4796스텝 | 배송 46/50 | 재적재  8 | 정지 0.15 교착최장 100 | deadlock
Ep 128 |  4265스텝 | 배송 41/50 | 재적재  6 | 정지 0.14 교착최장 100 | deadlock
Ep 129 |  8594스텝 | 배송 47/50 | 재적재  7 | 정지 0.17 교착최장 100 | deadlock
Ep 130 |  9230스텝 | 배송 45/50 | 재적재  8 | 정지 0.11 교착최장  24 | no_progress
Ep 131 |  4596스텝 | 배송 43/50 | 재적재  8 | 정지 0.13 교착최장  29 | no_progress
Ep 132 |  9047스텝 | 배송 44/50 | 재적재  8 | 정지 0.17 교착최장  17 | no_progress
Ep 133 |  5288스텝 | 배송 42/50 | 재적재  7 | 정지 0.13 교착최장  13 | no_progress
Ep 134 |  7372스텝 | 배송 49/50 | 재적재  8 | 정지 0.28 교착최장 100 | deadlock
Ep 135 |  9704스텝 | 배송 43/50 | 재적재  8 | 정지 0.17 교착최장  27 | no_progress
Ep 136 |  6443스텝 | 배송 47/50 | 재적재  7 | 정지 0.31 교착최장 100 | deadlock
Ep 137 |  6915스텝 | 배송 43/50 | 재적재  8 | 정지 0.13 교착최장  26 | no_progress
Ep 138 |  6043스텝 | 배송 39/50 | 재적재  7 | 정지 0.19 교착최장  14 | no_progress
Ep 139 |  1184스텝 | 배송 25/50 | 재적재  3 | 정지 0.23 교착최장 100 | deadlock
Ep 140 |  8000스텝 | 배송 43/50 | 재적재  7 | 정지 0.12 교착최장  14 | no_progress
Ep 141 |  4743스텝 | 배송 41/50 | 재적재  6 | 정지 0.10 교착최장  15 | no_progress
Ep 142 |  6221스텝 | 배송 44/50 | 재적재  7 | 정지 0.10 교착최장  13 | no_progress
Ep 143 |  8139스텝 | 배송 43/50 | 재적재  7 | 정지 0.12 교착최장   7 | no_progress
Ep 144 |  7480스텝 | 배송 46/50 | 재적재  8 | 정지 0.22 교착최장  45 | no_progress
Ep 145 |  6439스텝 | 배송 37/50 | 재적재  4 | 정지 0.15 교착최장  11 | no_progress
Ep 146 |  6571스텝 | 배송 47/50 | 재적재  7 | 정지 0.12 교착최장  14 | no_progress
Ep 147 |  6552스텝 | 배송 44/50 | 재적재  8 | 정지 0.11 교착최장  12 | no_progress
Ep 148 |  7808스텝 | 배송 44/50 | 재적재  7 | 정지 0.14 교착최장  26 | no_progress
Ep 149 |  7828스텝 | 배송 45/50 | 재적재  8 | 정지 0.14 교착최장  20 | no_progress
Ep 150 |  9125스텝 | 배송 44/50 | 재적재  7 | 정지 0.20 교착최장  18 | no_progress
  [홀드아웃] 배송 20.3±6.1 재적재 1.3 2홉+ 0.55 | 최고 20.3@ep150 정체 0/15  ← 갱신
Ep 151 |  7104스텝 | 배송 44/50 | 재적재  8 | 정지 0.10 교착최장  19 | no_progress
Ep 152 |  8106스텝 | 배송 45/50 | 재적재  7 | 정지 0.15 교착최장  17 | no_progress
Ep 153 |  2899스텝 | 배송 18/50 | 재적재  0 | 정지 0.10 교착최장   4 | no_progress
Ep 154 |  6342스텝 | 배송 45/50 | 재적재  8 | 정지 0.08 교착최장   8 | no_progress
Ep 155 |  7412스텝 | 배송 44/50 | 재적재  8 | 정지 0.16 교착최장  15 | no_progress
Ep 156 |  9683스텝 | 배송 45/50 | 재적재  7 | 정지 0.14 교착최장  15 | no_progress
Ep 157 |  9191스텝 | 배송 47/50 | 재적재  8 | 정지 0.18 교착최장  77 | no_progress
Ep 158 |  6874스텝 | 배송 44/50 | 재적재  8 | 정지 0.12 교착최장   7 | no_progress
Ep 159 |  6380스텝 | 배송 45/50 | 재적재  8 | 정지 0.19 교착최장  37 | no_progress
Ep 160 |  6278스텝 | 배송 44/50 | 재적재  7 | 정지 0.28 교착최장  68 | no_progress
Ep 161 |  5227스텝 | 배송 43/50 | 재적재  6 | 정지 0.20 교착최장  24 | no_progress
Ep 162 |  6430스텝 | 배송 39/50 | 재적재  7 | 정지 0.20 교착최장  17 | no_progress
Ep 163 |  6709스텝 | 배송 43/50 | 재적재  7 | 정지 0.13 교착최장  16 | no_progress
Ep 164 |  7906스텝 | 배송 45/50 | 재적재  8 | 정지 0.11 교착최장  11 | no_progress
Ep 165 |  5923스텝 | 배송 46/50 | 재적재  7 | 정지 0.12 교착최장   8 | no_progress
Ep 166 |  9142스텝 | 배송 46/50 | 재적재  8 | 정지 0.12 교착최장  17 | no_progress
Ep 167 |  6911스텝 | 배송 43/50 | 재적재  6 | 정지 0.12 교착최장  19 | no_progress
Ep 168 |  8983스텝 | 배송 47/50 | 재적재  8 | 정지 0.19 교착최장 100 | deadlock
Ep 169 |  5804스텝 | 배송 44/50 | 재적재  8 | 정지 0.15 교착최장 100 | deadlock
Ep 170 |  9026스텝 | 배송 45/50 | 재적재  8 | 정지 0.12 교착최장  13 | no_progress
Ep 171 |  7189스텝 | 배송 46/50 | 재적재  8 | 정지 0.14 교착최장  33 | no_progress
Ep 172 |  7198스텝 | 배송 42/50 | 재적재  6 | 정지 0.13 교착최장  15 | no_progress
Ep 173 |  5983스텝 | 배송 45/50 | 재적재  8 | 정지 0.08 교착최장  11 | no_progress
Ep 174 |  6140스텝 | 배송 42/50 | 재적재  6 | 정지 0.15 교착최장  16 | no_progress
Ep 175 |  4065스텝 | 배송 37/50 | 재적재  6 | 정지 0.12 교착최장  11 | no_progress
Ep 176 |  6800스텝 | 배송 44/50 | 재적재  7 | 정지 0.21 교착최장  21 | no_progress
Ep 177 |  6184스텝 | 배송 47/50 | 재적재  8 | 정지 0.15 교착최장 100 | deadlock
Ep 178 | 10000스텝 | 배송 44/50 | 재적재  7 | 정지 0.22 교착최장  94 | step_limit
Ep 179 |  5467스텝 | 배송 44/50 | 재적재  8 | 정지 0.12 교착최장   9 | no_progress
Ep 180 |  7379스텝 | 배송 46/50 | 재적재  7 | 정지 0.17 교착최장  46 | no_progress
Ep 181 |  2794스텝 | 배송 17/50 | 재적재  0 | 정지 0.09 교착최장   4 | no_progress
Ep 182 |  4889스텝 | 배송 43/50 | 재적재  6 | 정지 0.17 교착최장 100 | deadlock
Ep 183 | 10000스텝 | 배송 45/50 | 재적재  8 | 정지 0.15 교착최장  45 | step_limit
Ep 184 |  6479스텝 | 배송 47/50 | 재적재  8 | 정지 0.14 교착최장  23 | no_progress
Ep 185 |  6941스텝 | 배송 39/50 | 재적재  5 | 정지 0.17 교착최장  24 | no_progress
Ep 186 |  4554스텝 | 배송 39/50 | 재적재  7 | 정지 0.10 교착최장   8 | no_progress
Ep 187 |  8025스텝 | 배송 44/50 | 재적재  8 | 정지 0.16 교착최장  18 | no_progress
Ep 188 |  5970스텝 | 배송 41/50 | 재적재  7 | 정지 0.15 교착최장  29 | no_progress
Ep 189 | 10000스텝 | 배송 47/50 | 재적재  8 | 정지 0.23 교착최장  22 | step_limit
Ep 190 |  5681스텝 | 배송 44/50 | 재적재  7 | 정지 0.24 교착최장  47 | no_progress
Ep 191 |  6781스텝 | 배송 40/50 | 재적재  6 | 정지 0.21 교착최장  26 | no_progress
Ep 192 |  8313스텝 | 배송 44/50 | 재적재  8 | 정지 0.17 교착최장  32 | no_progress
Ep 193 |  7506스텝 | 배송 45/50 | 재적재  8 | 정지 0.16 교착최장  15 | no_progress
Ep 194 |  5318스텝 | 배송 45/50 | 재적재  8 | 정지 0.11 교착최장  12 | no_progress
Ep 195 |  5245스텝 | 배송 43/50 | 재적재  7 | 정지 0.18 교착최장 100 | deadlock
Ep 196 |  8446스텝 | 배송 44/50 | 재적재  8 | 정지 0.16 교착최장  36 | no_progress
Ep 197 |  6357스텝 | 배송 43/50 | 재적재  6 | 정지 0.17 교착최장  30 | no_progress
Ep 198 |  5388스텝 | 배송 42/50 | 재적재  7 | 정지 0.15 교착최장  25 | no_progress
Ep 199 |  9620스텝 | 배송 44/50 | 재적재  7 | 정지 0.17 교착최장  60 | no_progress
Ep 200 | 10000스텝 | 배송 45/50 | 재적재  7 | 정지 0.19 교착최장  34 | step_limit
  [홀드아웃] 배송 19.0±9.8 재적재 2.0 2홉+ 0.26 | 최고 20.3@ep150 정체 1/15
Ep 201 |  3403스텝 | 배송 34/50 | 재적재  6 | 정지 0.18 교착최장   8 | no_progress
Ep 202 |  5762스텝 | 배송 43/50 | 재적재  6 | 정지 0.16 교착최장  15 | no_progress
Ep 203 |  4675스텝 | 배송 43/50 | 재적재  8 | 정지 0.14 교착최장  15 | no_progress
Ep 204 |  9289스텝 | 배송 41/50 | 재적재  8 | 정지 0.13 교착최장  24 | no_progress
Ep 205 |  8926스텝 | 배송 47/50 | 재적재  8 | 정지 0.18 교착최장  65 | no_progress
Ep 206 |  7982스텝 | 배송 46/50 | 재적재  9 | 정지 0.24 교착최장  89 | no_progress
Ep 207 |  6103스텝 | 배송 40/50 | 재적재  7 | 정지 0.17 교착최장  12 | no_progress
Ep 208 |  6219스텝 | 배송 44/50 | 재적재  7 | 정지 0.18 교착최장 100 | deadlock
Ep 209 |  7218스텝 | 배송 46/50 | 재적재  8 | 정지 0.11 교착최장  20 | no_progress
Ep 210 |  7203스텝 | 배송 45/50 | 재적재  7 | 정지 0.18 교착최장  49 | no_progress
Ep 211 | 10000스텝 | 배송 44/50 | 재적재  7 | 정지 0.20 교착최장  24 | step_limit
Ep 212 |  5615스텝 | 배송 43/50 | 재적재  6 | 정지 0.20 교착최장  19 | no_progress
Ep 213 |  5795스텝 | 배송 43/50 | 재적재  6 | 정지 0.19 교착최장  24 | no_progress
Ep 214 |  9148스텝 | 배송 44/50 | 재적재  7 | 정지 0.33 교착최장  43 | no_progress
Ep 215 |  8082스텝 | 배송 44/50 | 재적재  7 | 정지 0.16 교착최장  15 | no_progress
Ep 216 |  5803스텝 | 배송 43/50 | 재적재  7 | 정지 0.19 교착최장  82 | no_progress
Ep 217 |  5423스텝 | 배송 44/50 | 재적재  7 | 정지 0.13 교착최장  13 | no_progress
Ep 218 |  8991스텝 | 배송 47/50 | 재적재  8 | 정지 0.23 교착최장  80 | no_progress
Ep 219 |  5453스텝 | 배송 45/50 | 재적재  7 | 정지 0.21 교착최장  29 | no_progress
Ep 220 |  9039스텝 | 배송 47/50 | 재적재  8 | 정지 0.23 교착최장  47 | no_progress
Ep 221 | 10000스텝 | 배송 46/50 | 재적재  8 | 정지 0.18 교착최장  30 | step_limit
Ep 222 |  9539스텝 | 배송 45/50 | 재적재  8 | 정지 0.18 교착최장  28 | no_progress
Ep 223 |  7360스텝 | 배송 43/50 | 재적재  6 | 정지 0.17 교착최장  18 | no_progress
Ep 224 |  6454스텝 | 배송 43/50 | 재적재  8 | 정지 0.13 교착최장  13 | no_progress
Ep 225 |  6165스텝 | 배송 45/50 | 재적재  6 | 정지 0.23 교착최장  15 | no_progress
Ep 226 |  9150스텝 | 배송 46/50 | 재적재  8 | 정지 0.29 교착최장  91 | no_progress
Ep 227 |  7582스텝 | 배송 46/50 | 재적재  8 | 정지 0.21 교착최장  31 | no_progress
Ep 228 |  8151스텝 | 배송 46/50 | 재적재  8 | 정지 0.13 교착최장  18 | no_progress
Ep 229 |  7254스텝 | 배송 43/50 | 재적재  7 | 정지 0.19 교착최장  19 | no_progress
Ep 230 |  7519스텝 | 배송 46/50 | 재적재  7 | 정지 0.24 교착최장  75 | no_progress
Ep 231 |  6715스텝 | 배송 45/50 | 재적재  7 | 정지 0.17 교착최장  25 | no_progress
Ep 232 |  7242스텝 | 배송 43/50 | 재적재  6 | 정지 0.15 교착최장  10 | no_progress
Ep 233 |  6221스텝 | 배송 44/50 | 재적재  8 | 정지 0.13 교착최장  11 | no_progress
Ep 234 |  5736스텝 | 배송 42/50 | 재적재  6 | 정지 0.13 교착최장  10 | no_progress
Ep 235 |  8046스텝 | 배송 44/50 | 재적재  6 | 정지 0.31 교착최장  85 | no_progress
Ep 236 |  7528스텝 | 배송 39/50 | 재적재  5 | 정지 0.12 교착최장  12 | no_progress
Ep 237 |  4809스텝 | 배송 41/50 | 재적재  8 | 정지 0.13 교착최장  42 | no_progress
Ep 238 |  7147스텝 | 배송 44/50 | 재적재  8 | 정지 0.11 교착최장  16 | no_progress
Ep 239 |  4942스텝 | 배송 40/50 | 재적재  6 | 정지 0.12 교착최장  12 | no_progress
Ep 240 |  6635스텝 | 배송 45/50 | 재적재  8 | 정지 0.17 교착최장  38 | no_progress
Ep 241 |  9775스텝 | 배송 48/50 | 재적재  9 | 정지 0.27 교착최장  63 | no_progress
Ep 242 |  6321스텝 | 배송 47/50 | 재적재  8 | 정지 0.21 교착최장  27 | no_progress
Ep 243 |  5353스텝 | 배송 31/50 | 재적재  5 | 정지 0.44 교착최장  66 | no_progress
Ep 244 |  5330스텝 | 배송 39/50 | 재적재  6 | 정지 0.26 교착최장  27 | no_progress
Ep 245 |  9591스텝 | 배송 45/50 | 재적재  7 | 정지 0.15 교착최장  38 | no_progress
Ep 246 |  7706스텝 | 배송 39/50 | 재적재  7 | 정지 0.20 교착최장  41 | no_progress
Ep 247 |  2217스텝 | 배송 12/50 | 재적재  0 | 정지 0.14 교착최장   4 | no_progress
Ep 248 |  7743스텝 | 배송 41/50 | 재적재  7 | 정지 0.23 교착최장  43 | no_progress
Ep 249 |  6671스텝 | 배송 45/50 | 재적재  8 | 정지 0.28 교착최장 100 | deadlock
Ep 250 |  7747스텝 | 배송 45/50 | 재적재  8 | 정지 0.17 교착최장  17 | no_progress
  [홀드아웃] 배송 25.9±7.2 재적재 3.2 2홉+ 0.46 | 최고 25.9@ep250 정체 0/15  ← 갱신
Ep 251 | 10000스텝 | 배송 42/50 | 재적재  7 | 정지 0.16 교착최장  15 | step_limit
Ep 252 |  9151스텝 | 배송 44/50 | 재적재  8 | 정지 0.14 교착최장  63 | no_progress
Ep 253 |  6294스텝 | 배송 41/50 | 재적재  6 | 정지 0.11 교착최장  22 | no_progress
Ep 254 |  5199스텝 | 배송 39/50 | 재적재  6 | 정지 0.28 교착최장  40 | no_progress
Ep 255 | 10000스텝 | 배송 43/50 | 재적재  7 | 정지 0.22 교착최장  95 | step_limit
Ep 256 |  7977스텝 | 배송 43/50 | 재적재  8 | 정지 0.14 교착최장  16 | no_progress
Ep 257 |  5468스텝 | 배송 41/50 | 재적재  7 | 정지 0.20 교착최장  16 | no_progress
Ep 258 |  6700스텝 | 배송 44/50 | 재적재  7 | 정지 0.24 교착최장  23 | no_progress
Ep 259 |  6445스텝 | 배송 44/50 | 재적재  8 | 정지 0.12 교착최장  24 | no_progress
Ep 260 |  4696스텝 | 배송 35/50 | 재적재  6 | 정지 0.33 교착최장  40 | no_progress
Ep 261 |  7552스텝 | 배송 45/50 | 재적재  6 | 정지 0.17 교착최장  43 | no_progress
Ep 262 |  5122스텝 | 배송 44/50 | 재적재  8 | 정지 0.23 교착최장 100 | deadlock
Ep 263 |  7429스텝 | 배송 45/50 | 재적재  8 | 정지 0.15 교착최장  25 | no_progress
Ep 264 |  4641스텝 | 배송 48/50 | 재적재  8 | 정지 0.23 교착최장 100 | deadlock
Ep 265 |  6982스텝 | 배송 46/50 | 재적재  7 | 정지 0.19 교착최장  18 | no_progress
Ep 266 |  6999스텝 | 배송 46/50 | 재적재  8 | 정지 0.17 교착최장  21 | no_progress
Ep 267 |  4377스텝 | 배송 42/50 | 재적재  7 | 정지 0.11 교착최장  10 | no_progress
Ep 268 |  6192스텝 | 배송 41/50 | 재적재  7 | 정지 0.14 교착최장  19 | no_progress
Ep 269 |  5311스텝 | 배송 40/50 | 재적재  8 | 정지 0.17 교착최장  16 | no_progress
Ep 270 |  9706스텝 | 배송 46/50 | 재적재  9 | 정지 0.13 교착최장  22 | no_progress
Ep 271 |  5096스텝 | 배송 43/50 | 재적재  7 | 정지 0.17 교착최장 100 | deadlock
Ep 272 |  4329스텝 | 배송 29/50 | 재적재  4 | 정지 0.26 교착최장  10 | no_progress
Ep 273 |  8721스텝 | 배송 41/50 | 재적재  6 | 정지 0.17 교착최장  19 | no_progress
Ep 274 |  4941스텝 | 배송 47/50 | 재적재  8 | 정지 0.23 교착최장 100 | deadlock
Ep 275 |  8234스텝 | 배송 46/50 | 재적재  8 | 정지 0.21 교착최장  51 | no_progress
Ep 276 |  6118스텝 | 배송 43/50 | 재적재  7 | 정지 0.14 교착최장  16 | no_progress
Ep 277 |  4797스텝 | 배송 41/50 | 재적재  6 | 정지 0.19 교착최장  14 | no_progress
Ep 278 |  8957스텝 | 배송 44/50 | 재적재  7 | 정지 0.25 교착최장  83 | no_progress
Ep 279 |  7500스텝 | 배송 45/50 | 재적재  8 | 정지 0.13 교착최장   8 | no_progress
Ep 280 |  3402스텝 | 배송 39/50 | 재적재  6 | 정지 0.36 교착최장 100 | deadlock
Ep 281 |  7659스텝 | 배송 47/50 | 재적재  8 | 정지 0.21 교착최장  30 | no_progress
Ep 282 |  9183스텝 | 배송 45/50 | 재적재  8 | 정지 0.18 교착최장  72 | no_progress
Ep 283 |  6715스텝 | 배송 45/50 | 재적재  8 | 정지 0.09 교착최장   9 | no_progress
Ep 284 |  1393스텝 | 배송 23/50 | 재적재  3 | 정지 0.29 교착최장 100 | deadlock
Ep 285 |  6085스텝 | 배송 45/50 | 재적재  8 | 정지 0.16 교착최장  34 | no_progress
Ep 286 |  7858스텝 | 배송 46/50 | 재적재  8 | 정지 0.14 교착최장  71 | no_progress
Ep 287 |  6916스텝 | 배송 45/50 | 재적재  9 | 정지 0.12 교착최장  15 | no_progress
Ep 288 |  5817스텝 | 배송 42/50 | 재적재  6 | 정지 0.13 교착최장  14 | no_progress
Ep 289 |  4485스텝 | 배송 46/50 | 재적재  8 | 정지 0.16 교착최장 100 | deadlock
Ep 290 |  3826스텝 | 배송 37/50 | 재적재  5 | 정지 0.20 교착최장  19 | no_progress
Ep 291 |  6193스텝 | 배송 38/50 | 재적재  6 | 정지 0.21 교착최장  13 | no_progress
Ep 292 |  5738스텝 | 배송 44/50 | 재적재  8 | 정지 0.17 교착최장  53 | no_progress
Ep 293 |  7480스텝 | 배송 43/50 | 재적재  8 | 정지 0.12 교착최장  12 | no_progress
Ep 294 |  7368스텝 | 배송 48/50 | 재적재  8 | 정지 0.14 교착최장  39 | no_progress
Ep 295 |  4751스텝 | 배송 40/50 | 재적재  8 | 정지 0.12 교착최장  10 | no_progress
Ep 296 |  7869스텝 | 배송 46/50 | 재적재  7 | 정지 0.11 교착최장  32 | no_progress
Ep 297 |  6362스텝 | 배송 44/50 | 재적재  7 | 정지 0.16 교착최장  15 | no_progress
Ep 298 |  5176스텝 | 배송 44/50 | 재적재  8 | 정지 0.12 교착최장  22 | no_progress
Ep 299 |  4996스텝 | 배송 43/50 | 재적재  6 | 정지 0.14 교착최장  17 | no_progress
Ep 300 |  7887스텝 | 배송 47/50 | 재적재  8 | 정지 0.17 교착최장  33 | no_progress
  [홀드아웃] 배송 24.2±7.2 재적재 3.1 2홉+ 0.35 | 최고 25.9@ep250 정체 1/15
Ep 301 |  4317스텝 | 배송 39/50 | 재적재  6 | 정지 0.22 교착최장  15 | no_progress
Ep 302 |  8114스텝 | 배송 43/50 | 재적재  7 | 정지 0.21 교착최장  23 | no_progress
Ep 303 |  8608스텝 | 배송 45/50 | 재적재  8 | 정지 0.20 교착최장  37 | no_progress
Ep 304 |  7360스텝 | 배송 43/50 | 재적재  7 | 정지 0.26 교착최장  47 | no_progress
Ep 305 |  5037스텝 | 배송 43/50 | 재적재  7 | 정지 0.18 교착최장  30 | no_progress
Ep 306 |  3502스텝 | 배송 46/50 | 재적재  7 | 정지 0.17 교착최장 100 | deadlock
Ep 307 |  7441스텝 | 배송 43/50 | 재적재  8 | 정지 0.08 교착최장  13 | no_progress
Ep 308 |  5279스텝 | 배송 43/50 | 재적재  7 | 정지 0.13 교착최장  13 | no_progress
Ep 309 |  4117스텝 | 배송 44/50 | 재적재  6 | 정지 0.19 교착최장 100 | deadlock
Ep 310 |  8100스텝 | 배송 40/50 | 재적재  7 | 정지 0.17 교착최장  14 | no_progress
Ep 311 |  5395스텝 | 배송 39/50 | 재적재  6 | 정지 0.20 교착최장  28 | no_progress
Ep 312 |  3397스텝 | 배송 46/50 | 재적재  8 | 정지 0.18 교착최장 100 | deadlock
Ep 313 |  7970스텝 | 배송 41/50 | 재적재  6 | 정지 0.17 교착최장  14 | no_progress
Ep 314 |  5819스텝 | 배송 39/50 | 재적재  7 | 정지 0.17 교착최장  33 | no_progress
Ep 315 |  7245스텝 | 배송 39/50 | 재적재  6 | 정지 0.17 교착최장  18 | no_progress
Ep 316 |  6537스텝 | 배송 42/50 | 재적재  8 | 정지 0.15 교착최장  12 | no_progress
Ep 317 |  6813스텝 | 배송 44/50 | 재적재  8 | 정지 0.23 교착최장  26 | no_progress
Ep 318 |  6857스텝 | 배송 41/50 | 재적재  7 | 정지 0.21 교착최장  11 | no_progress
Ep 319 |  5011스텝 | 배송 46/50 | 재적재  8 | 정지 0.23 교착최장  24 | no_progress
Ep 320 |  4240스텝 | 배송 42/50 | 재적재  6 | 정지 0.14 교착최장  30 | no_progress
Ep 321 |  7424스텝 | 배송 46/50 | 재적재  8 | 정지 0.22 교착최장  41 | no_progress
Ep 322 |  7460스텝 | 배송 43/50 | 재적재  7 | 정지 0.15 교착최장  15 | no_progress
Ep 323 |  8157스텝 | 배송 45/50 | 재적재  6 | 정지 0.17 교착최장  16 | no_progress
Ep 324 |  6275스텝 | 배송 44/50 | 재적재  7 | 정지 0.14 교착최장  15 | no_progress
Ep 325 |  7978스텝 | 배송 45/50 | 재적재  8 | 정지 0.12 교착최장  22 | no_progress
Ep 326 |  5121스텝 | 배송 44/50 | 재적재  7 | 정지 0.36 교착최장  77 | no_progress
Ep 327 |  6805스텝 | 배송 41/50 | 재적재  7 | 정지 0.17 교착최장  18 | no_progress
Ep 328 |  6976스텝 | 배송 44/50 | 재적재  7 | 정지 0.14 교착최장  21 | no_progress
Ep 329 |  8395스텝 | 배송 44/50 | 재적재  6 | 정지 0.17 교착최장  28 | no_progress
Ep 330 |  6130스텝 | 배송 42/50 | 재적재  7 | 정지 0.16 교착최장  18 | no_progress
Ep 331 |  5265스텝 | 배송 41/50 | 재적재  7 | 정지 0.13 교착최장  13 | no_progress
Ep 332 |  9177스텝 | 배송 46/50 | 재적재  8 | 정지 0.14 교착최장  23 | no_progress
Ep 333 |  6725스텝 | 배송 43/50 | 재적재  8 | 정지 0.16 교착최장  28 | no_progress
Ep 334 |  6799스텝 | 배송 42/50 | 재적재  6 | 정지 0.21 교착최장  29 | no_progress
Ep 335 |  8677스텝 | 배송 42/50 | 재적재  6 | 정지 0.21 교착최장  33 | no_progress
Ep 336 |  6599스텝 | 배송 44/50 | 재적재  8 | 정지 0.11 교착최장  21 | no_progress
Ep 337 |  7857스텝 | 배송 46/50 | 재적재  8 | 정지 0.31 교착최장  87 | no_progress
Ep 338 |  6335스텝 | 배송 44/50 | 재적재  7 | 정지 0.19 교착최장 100 | deadlock
Ep 339 |  7251스텝 | 배송 41/50 | 재적재  7 | 정지 0.24 교착최장 100 | deadlock
Ep 340 |  7274스텝 | 배송 43/50 | 재적재  6 | 정지 0.17 교착최장  33 | no_progress
Ep 341 |  8205스텝 | 배송 40/50 | 재적재  7 | 정지 0.15 교착최장  12 | no_progress
Ep 342 |  5711스텝 | 배송 42/50 | 재적재  5 | 정지 0.18 교착최장  26 | no_progress
Ep 343 |  4598스텝 | 배송 38/50 | 재적재  6 | 정지 0.32 교착최장  40 | no_progress
Ep 344 |  5045스텝 | 배송 40/50 | 재적재  7 | 정지 0.13 교착최장  58 | no_progress
Ep 345 |  4959스텝 | 배송 43/50 | 재적재  8 | 정지 0.13 교착최장  18 | no_progress
Ep 346 |  7780스텝 | 배송 44/50 | 재적재  8 | 정지 0.16 교착최장  24 | no_progress
Ep 347 |  8000스텝 | 배송 47/50 | 재적재  8 | 정지 0.14 교착최장  52 | no_progress
Ep 348 |  4309스텝 | 배송 43/50 | 재적재  7 | 정지 0.19 교착최장 100 | deadlock
Ep 349 |  4530스텝 | 배송 46/50 | 재적재  7 | 정지 0.17 교착최장 100 | deadlock
Ep 350 |  6041스텝 | 배송 39/50 | 재적재  7 | 정지 0.19 교착최장  19 | no_progress
  [홀드아웃] 배송 22.5±4.8 재적재 2.8 2홉+ 0.37 | 최고 25.9@ep250 정체 2/15
Ep 351 |  5492스텝 | 배송 41/50 | 재적재  6 | 정지 0.28 교착최장 100 | deadlock
Ep 352 |  5649스텝 | 배송 39/50 | 재적재  6 | 정지 0.21 교착최장  18 | no_progress
Ep 353 |  8723스텝 | 배송 44/50 | 재적재  7 | 정지 0.20 교착최장  29 | no_progress
Ep 354 |  5066스텝 | 배송 44/50 | 재적재  8 | 정지 0.11 교착최장   8 | no_progress
Ep 355 |  4852스텝 | 배송 44/50 | 재적재  7 | 정지 0.17 교착최장  40 | no_progress
Ep 356 |  3075스텝 | 배송 43/50 | 재적재  7 | 정지 0.27 교착최장 100 | deadlock
Ep 357 |  9426스텝 | 배송 46/50 | 재적재  7 | 정지 0.20 교착최장 100 | deadlock
Ep 358 |  3824스텝 | 배송 41/50 | 재적재  7 | 정지 0.38 교착최장 100 | deadlock
Ep 359 |  6169스텝 | 배송 40/50 | 재적재  6 | 정지 0.18 교착최장  36 | no_progress
Ep 360 |  7055스텝 | 배송 45/50 | 재적재  7 | 정지 0.18 교착최장  26 | no_progress
Ep 361 |  8313스텝 | 배송 45/50 | 재적재  7 | 정지 0.21 교착최장 100 | deadlock
Ep 362 |  6179스텝 | 배송 40/50 | 재적재  7 | 정지 0.37 교착최장  51 | no_progress
Ep 363 |  6039스텝 | 배송 44/50 | 재적재  8 | 정지 0.17 교착최장  31 | no_progress
Ep 364 |  4798스텝 | 배송 42/50 | 재적재  5 | 정지 0.15 교착최장  22 | no_progress
Ep 365 |  5097스텝 | 배송 43/50 | 재적재  8 | 정지 0.21 교착최장 100 | deadlock
Ep 366 |  8068스텝 | 배송 45/50 | 재적재  8 | 정지 0.18 교착최장  20 | no_progress
Ep 367 |  6503스텝 | 배송 46/50 | 재적재  7 | 정지 0.18 교착최장  61 | no_progress
Ep 368 | 10000스텝 | 배송 47/50 | 재적재  8 | 정지 0.20 교착최장  50 | step_limit
Ep 369 |  5610스텝 | 배송 46/50 | 재적재  8 | 정지 0.22 교착최장 100 | deadlock
Ep 370 |  5438스텝 | 배송 41/50 | 재적재  6 | 정지 0.16 교착최장  15 | no_progress
Ep 371 |  9507스텝 | 배송 45/50 | 재적재  8 | 정지 0.21 교착최장  86 | no_progress
Ep 372 |  8804스텝 | 배송 43/50 | 재적재  7 | 정지 0.15 교착최장  17 | no_progress
Ep 373 |  5697스텝 | 배송 44/50 | 재적재  8 | 정지 0.19 교착최장  20 | no_progress
Ep 374 |  7197스텝 | 배송 41/50 | 재적재  7 | 정지 0.15 교착최장  10 | no_progress
Ep 375 |  7393스텝 | 배송 44/50 | 재적재  8 | 정지 0.11 교착최장   7 | no_progress
Ep 376 |  7963스텝 | 배송 44/50 | 재적재  8 | 정지 0.12 교착최장  11 | no_progress
Ep 377 |  8937스텝 | 배송 45/50 | 재적재  8 | 정지 0.17 교착최장  25 | no_progress
Ep 378 |  5954스텝 | 배송 47/50 | 재적재  8 | 정지 0.14 교착최장  15 | no_progress
Ep 379 |  7230스텝 | 배송 42/50 | 재적재  7 | 정지 0.20 교착최장  24 | no_progress
Ep 380 |  5977스텝 | 배송 45/50 | 재적재  7 | 정지 0.14 교착최장  25 | no_progress
Ep 381 |  7518스텝 | 배송 48/50 | 재적재  9 | 정지 0.23 교착최장  29 | no_progress
Ep 382 |  6812스텝 | 배송 44/50 | 재적재  7 | 정지 0.14 교착최장  15 | no_progress
Ep 383 |  9754스텝 | 배송 48/50 | 재적재  7 | 정지 0.18 교착최장  40 | no_progress
Ep 384 |  4122스텝 | 배송 45/50 | 재적재  9 | 정지 0.06 교착최장  14 | no_progress
Ep 385 |  5858스텝 | 배송 47/50 | 재적재  8 | 정지 0.15 교착최장  39 | no_progress
Ep 386 |  6493스텝 | 배송 45/50 | 재적재  8 | 정지 0.17 교착최장 100 | deadlock
Ep 387 |  5382스텝 | 배송 41/50 | 재적재  8 | 정지 0.15 교착최장  12 | no_progress
Ep 388 |  7231스텝 | 배송 46/50 | 재적재  9 | 정지 0.22 교착최장  55 | no_progress
Ep 389 |  7244스텝 | 배송 42/50 | 재적재  6 | 정지 0.15 교착최장  23 | no_progress
Ep 390 |  8126스텝 | 배송 45/50 | 재적재  8 | 정지 0.23 교착최장  80 | no_progress
Ep 391 |  4355스텝 | 배송 44/50 | 재적재  7 | 정지 0.18 교착최장 100 | deadlock
Ep 392 |  4175스텝 | 배송 42/50 | 재적재  5 | 정지 0.13 교착최장  17 | no_progress
Ep 393 |  6397스텝 | 배송 44/50 | 재적재  8 | 정지 0.15 교착최장  26 | no_progress
Ep 394 |  7864스텝 | 배송 44/50 | 재적재  7 | 정지 0.12 교착최장  38 | no_progress
Ep 395 |  8927스텝 | 배송 46/50 | 재적재  7 | 정지 0.14 교착최장  25 | no_progress
Ep 396 |  7955스텝 | 배송 45/50 | 재적재  8 | 정지 0.23 교착최장  32 | no_progress
Ep 397 |  6955스텝 | 배송 44/50 | 재적재  7 | 정지 0.17 교착최장  15 | no_progress
Ep 398 |  7677스텝 | 배송 48/50 | 재적재  8 | 정지 0.20 교착최장  44 | no_progress
Ep 399 | 10000스텝 | 배송 44/50 | 재적재  8 | 정지 0.16 교착최장  22 | step_limit
Ep 400 |  8811스텝 | 배송 44/50 | 재적재  6 | 정지 0.22 교착최장  45 | no_progress
  [홀드아웃] 배송 20.4±2.9 재적재 2.4 2홉+ 0.33 | 최고 25.9@ep250 정체 3/15
Ep 401 |  8251스텝 | 배송 43/50 | 재적재  7 | 정지 0.26 교착최장  84 | no_progress
Ep 402 |  4767스텝 | 배송 39/50 | 재적재  6 | 정지 0.12 교착최장   9 | no_progress
Ep 403 |  8668스텝 | 배송 46/50 | 재적재  9 | 정지 0.13 교착최장  41 | no_progress
Ep 404 |  4919스텝 | 배송 43/50 | 재적재  7 | 정지 0.12 교착최장  33 | no_progress
Ep 405 |  9622스텝 | 배송 48/50 | 재적재  9 | 정지 0.24 교착최장 100 | deadlock
Ep 406 |  6734스텝 | 배송 44/50 | 재적재  7 | 정지 0.36 교착최장  33 | no_progress
Ep 407 | 10000스텝 | 배송 49/50 | 재적재  8 | 정지 0.22 교착최장  54 | step_limit
Ep 408 |  8116스텝 | 배송 42/50 | 재적재  6 | 정지 0.17 교착최장  27 | no_progress
Ep 409 |  5656스텝 | 배송 44/50 | 재적재  7 | 정지 0.11 교착최장  16 | no_progress
Ep 410 |  8077스텝 | 배송 45/50 | 재적재  7 | 정지 0.16 교착최장  18 | no_progress
Ep 411 |  6869스텝 | 배송 49/50 | 재적재  7 | 정지 0.30 교착최장  80 | no_progress
Ep 412 |  8538스텝 | 배송 43/50 | 재적재  7 | 정지 0.22 교착최장 100 | deadlock
Ep 413 |  4784스텝 | 배송 42/50 | 재적재  6 | 정지 0.18 교착최장  12 | no_progress
Ep 414 |  7320스텝 | 배송 44/50 | 재적재  7 | 정지 0.18 교착최장  21 | no_progress
Ep 415 |  2769스텝 | 배송 44/50 | 재적재  7 | 정지 0.24 교착최장 100 | deadlock
Ep 416 |  3920스텝 | 배송 42/50 | 재적재  5 | 정지 0.10 교착최장  11 | no_progress
Ep 417 |  3821스텝 | 배송 36/50 | 재적재  6 | 정지 0.13 교착최장  16 | no_progress
Ep 418 |  7537스텝 | 배송 44/50 | 재적재  8 | 정지 0.18 교착최장  30 | no_progress
Ep 419 |  6001스텝 | 배송 45/50 | 재적재  7 | 정지 0.25 교착최장 100 | deadlock
Ep 420 |  6126스텝 | 배송 42/50 | 재적재  6 | 정지 0.26 교착최장  24 | no_progress
Ep 421 |  7774스텝 | 배송 45/50 | 재적재  8 | 정지 0.14 교착최장  20 | no_progress
Ep 422 |  5052스텝 | 배송 44/50 | 재적재  8 | 정지 0.21 교착최장  11 | no_progress
Ep 423 |  7514스텝 | 배송 44/50 | 재적재  7 | 정지 0.14 교착최장  40 | no_progress
Ep 424 |  7332스텝 | 배송 44/50 | 재적재  7 | 정지 0.13 교착최장  17 | no_progress
Ep 425 |  6792스텝 | 배송 42/50 | 재적재  6 | 정지 0.21 교착최장  43 | no_progress
Ep 426 |  5978스텝 | 배송 39/50 | 재적재  6 | 정지 0.12 교착최장  27 | no_progress
Ep 427 |  3954스텝 | 배송 38/50 | 재적재  5 | 정지 0.14 교착최장  21 | no_progress
Ep 428 |  9725스텝 | 배송 44/50 | 재적재  7 | 정지 0.16 교착최장  38 | no_progress
Ep 429 |  6637스텝 | 배송 41/50 | 재적재  8 | 정지 0.09 교착최장   8 | no_progress
Ep 430 |  7650스텝 | 배송 41/50 | 재적재  6 | 정지 0.25 교착최장  36 | no_progress
Ep 431 |  8632스텝 | 배송 44/50 | 재적재  7 | 정지 0.12 교착최장  11 | no_progress
Ep 432 |  6196스텝 | 배송 41/50 | 재적재  8 | 정지 0.16 교착최장  16 | no_progress
Ep 433 |  6152스텝 | 배송 45/50 | 재적재  7 | 정지 0.12 교착최장  28 | no_progress
Ep 434 |  6291스텝 | 배송 40/50 | 재적재  7 | 정지 0.22 교착최장  14 | no_progress
Ep 435 |  4563스텝 | 배송 46/50 | 재적재  8 | 정지 0.14 교착최장  18 | no_progress
Ep 436 |  8598스텝 | 배송 41/50 | 재적재  8 | 정지 0.25 교착최장  33 | no_progress
Ep 437 |  4283스텝 | 배송 41/50 | 재적재  7 | 정지 0.20 교착최장 100 | deadlock
Ep 438 |  4210스텝 | 배송 43/50 | 재적재  6 | 정지 0.26 교착최장 100 | deadlock
Ep 439 |  8449스텝 | 배송 43/50 | 재적재  7 | 정지 0.14 교착최장  32 | no_progress
Ep 440 |  5378스텝 | 배송 40/50 | 재적재  6 | 정지 0.16 교착최장  16 | no_progress
Ep 441 |  5091스텝 | 배송 40/50 | 재적재  8 | 정지 0.19 교착최장  15 | no_progress
Ep 442 |  4731스텝 | 배송 40/50 | 재적재  7 | 정지 0.19 교착최장  44 | no_progress
Ep 443 |  8844스텝 | 배송 44/50 | 재적재  7 | 정지 0.15 교착최장  18 | no_progress
Ep 444 |  6798스텝 | 배송 42/50 | 재적재  8 | 정지 0.34 교착최장  73 | no_progress
Ep 445 |  5727스텝 | 배송 42/50 | 재적재  5 | 정지 0.14 교착최장  29 | no_progress
Ep 446 |  6193스텝 | 배송 43/50 | 재적재  7 | 정지 0.12 교착최장  29 | no_progress
Ep 447 |  6198스텝 | 배송 44/50 | 재적재  8 | 정지 0.23 교착최장 100 | deadlock
Ep 448 |  4916스텝 | 배송 37/50 | 재적재  5 | 정지 0.16 교착최장   9 | no_progress
Ep 449 |  5234스텝 | 배송 44/50 | 재적재  7 | 정지 0.17 교착최장  16 | no_progress
Ep 450 |  5123스텝 | 배송 37/50 | 재적재  6 | 정지 0.36 교착최장  92 | no_progress
  [홀드아웃] 배송 21.5±4.9 재적재 2.3 2홉+ 0.41 | 최고 25.9@ep250 정체 4/15
Ep 451 |  5411스텝 | 배송 42/50 | 재적재  7 | 정지 0.10 교착최장  21 | no_progress
Ep 452 |  5689스텝 | 배송 46/50 | 재적재  8 | 정지 0.16 교착최장 100 | deadlock
Ep 453 |  6583스텝 | 배송 46/50 | 재적재  7 | 정지 0.25 교착최장 100 | deadlock
Ep 454 |  5293스텝 | 배송 44/50 | 재적재  7 | 정지 0.19 교착최장  19 | no_progress
Ep 455 |  7856스텝 | 배송 42/50 | 재적재  8 | 정지 0.23 교착최장  21 | no_progress
Ep 456 |  8151스텝 | 배송 43/50 | 재적재  7 | 정지 0.16 교착최장  26 | no_progress
Ep 457 |  8757스텝 | 배송 44/50 | 재적재  7 | 정지 0.36 교착최장  80 | no_progress
Ep 458 |  3701스텝 | 배송 45/50 | 재적재  7 | 정지 0.21 교착최장 100 | deadlock
Ep 459 |  8080스텝 | 배송 46/50 | 재적재  8 | 정지 0.12 교착최장  26 | no_progress
Ep 460 |  6303스텝 | 배송 44/50 | 재적재  8 | 정지 0.17 교착최장  20 | no_progress
Ep 461 |  8380스텝 | 배송 40/50 | 재적재  6 | 정지 0.21 교착최장  53 | no_progress
Ep 462 |  8775스텝 | 배송 45/50 | 재적재  8 | 정지 0.17 교착최장  34 | no_progress
Ep 463 |  6445스텝 | 배송 44/50 | 재적재  8 | 정지 0.13 교착최장  15 | no_progress
Ep 464 |  4979스텝 | 배송 41/50 | 재적재  5 | 정지 0.30 교착최장  69 | no_progress
Ep 465 |  5392스텝 | 배송 46/50 | 재적재  7 | 정지 0.35 교착최장  79 | no_progress
Ep 466 |  7792스텝 | 배송 46/50 | 재적재  7 | 정지 0.15 교착최장  18 | no_progress
Ep 467 |  5475스텝 | 배송 44/50 | 재적재  7 | 정지 0.14 교착최장  48 | no_progress
Ep 468 |  6440스텝 | 배송 43/50 | 재적재  6 | 정지 0.26 교착최장  37 | no_progress
Ep 469 |  4996스텝 | 배송 44/50 | 재적재  8 | 정지 0.10 교착최장  12 | no_progress
Ep 470 |  6933스텝 | 배송 44/50 | 재적재  7 | 정지 0.27 교착최장  63 | no_progress
Ep 471 |  4905스텝 | 배송 40/50 | 재적재  8 | 정지 0.14 교착최장   9 | no_progress
Ep 472 |  7048스텝 | 배송 42/50 | 재적재  7 | 정지 0.18 교착최장  77 | no_progress
Ep 473 |  8968스텝 | 배송 46/50 | 재적재  9 | 정지 0.15 교착최장  22 | no_progress
Ep 474 |  8471스텝 | 배송 43/50 | 재적재  7 | 정지 0.18 교착최장  58 | no_progress
Ep 475 | 10000스텝 | 배송 44/50 | 재적재  7 | 정지 0.24 교착최장  44 | step_limit
Ep 476 |  8677스텝 | 배송 43/50 | 재적재  7 | 정지 0.17 교착최장  17 | no_progress
Ep 477 |  7326스텝 | 배송 41/50 | 재적재  6 | 정지 0.17 교착최장  12 | no_progress
Ep 478 |  6239스텝 | 배송 40/50 | 재적재  6 | 정지 0.35 교착최장  81 | no_progress
Ep 479 |  6382스텝 | 배송 43/50 | 재적재  7 | 정지 0.25 교착최장 100 | deadlock
Ep 480 |  8226스텝 | 배송 45/50 | 재적재  8 | 정지 0.13 교착최장  38 | no_progress
Ep 481 |   491스텝 | 배송 11/50 | 재적재  0 | 정지 0.39 교착최장 100 | deadlock
Ep 482 |  8372스텝 | 배송 45/50 | 재적재  8 | 정지 0.21 교착최장 100 | deadlock
Ep 483 |  7703스텝 | 배송 43/50 | 재적재  7 | 정지 0.22 교착최장 100 | deadlock
Ep 484 |  6491스텝 | 배송 40/50 | 재적재  7 | 정지 0.16 교착최장   9 | no_progress
Ep 485 | 10000스텝 | 배송 45/50 | 재적재  7 | 정지 0.23 교착최장  41 | step_limit
Ep 486 |  3895스텝 | 배송 38/50 | 재적재  7 | 정지 0.19 교착최장 100 | deadlock
Ep 487 |  5250스텝 | 배송 38/50 | 재적재  6 | 정지 0.15 교착최장   7 | no_progress
Ep 488 |  5481스텝 | 배송 41/50 | 재적재  7 | 정지 0.16 교착최장  16 | no_progress
Ep 489 |  6303스텝 | 배송 45/50 | 재적재  7 | 정지 0.11 교착최장  21 | no_progress
Ep 490 |  6730스텝 | 배송 41/50 | 재적재  7 | 정지 0.16 교착최장  30 | no_progress
Ep 491 |  4978스텝 | 배송 40/50 | 재적재  7 | 정지 0.23 교착최장  35 | no_progress
Ep 492 |  7874스텝 | 배송 43/50 | 재적재  7 | 정지 0.26 교착최장  23 | no_progress
Ep 493 |  5754스텝 | 배송 44/50 | 재적재  7 | 정지 0.15 교착최장  20 | no_progress
Ep 494 |  4147스텝 | 배송 36/50 | 재적재  6 | 정지 0.18 교착최장  14 | no_progress
Ep 495 |  6924스텝 | 배송 44/50 | 재적재  7 | 정지 0.14 교착최장  29 | no_progress
Ep 496 |  4352스텝 | 배송 42/50 | 재적재  8 | 정지 0.19 교착최장  17 | no_progress
Ep 497 |  4254스텝 | 배송 44/50 | 재적재  7 | 정지 0.15 교착최장 100 | deadlock
Ep 498 |  5791스텝 | 배송 39/50 | 재적재  6 | 정지 0.24 교착최장  88 | no_progress
Ep 499 |  4170스텝 | 배송 39/50 | 재적재  6 | 정지 0.29 교착최장  32 | no_progress
Ep 500 |  9838스텝 | 배송 44/50 | 재적재  8 | 정지 0.21 교착최장  36 | no_progress
  [홀드아웃] 배송 19.8±12.3 재적재 2.4 2홉+ 0.29 | 최고 25.9@ep250 정체 5/15
Ep 501 | 10000스텝 | 배송 45/50 | 재적재  8 | 정지 0.21 교착최장  43 | step_limit
Ep 502 |  6816스텝 | 배송 41/50 | 재적재  7 | 정지 0.13 교착최장  14 | no_progress
Ep 503 |  5517스텝 | 배송 43/50 | 재적재  8 | 정지 0.19 교착최장 100 | deadlock
Ep 504 |  4614스텝 | 배송 42/50 | 재적재  6 | 정지 0.13 교착최장  29 | no_progress
Ep 505 |  6165스텝 | 배송 46/50 | 재적재  8 | 정지 0.24 교착최장  43 | no_progress
Ep 506 |  4338스텝 | 배송 35/50 | 재적재  6 | 정지 0.16 교착최장  16 | no_progress
Ep 507 |  6945스텝 | 배송 46/50 | 재적재  8 | 정지 0.26 교착최장  63 | no_progress
Ep 508 |  7001스텝 | 배송 45/50 | 재적재  8 | 정지 0.23 교착최장 100 | deadlock
Ep 509 |  7240스텝 | 배송 46/50 | 재적재  8 | 정지 0.13 교착최장  12 | no_progress
Ep 510 |  2920스텝 | 배송 44/50 | 재적재  7 | 정지 0.16 교착최장 100 | deadlock
Ep 511 |  6382스텝 | 배송 42/50 | 재적재  7 | 정지 0.12 교착최장  18 | no_progress
Ep 512 |  7272스텝 | 배송 44/50 | 재적재  7 | 정지 0.16 교착최장  12 | no_progress
Ep 513 |  5706스텝 | 배송 45/50 | 재적재  8 | 정지 0.18 교착최장 100 | deadlock
Ep 514 |  6014스텝 | 배송 43/50 | 재적재  7 | 정지 0.31 교착최장  71 | no_progress
Ep 515 |  6646스텝 | 배송 45/50 | 재적재  8 | 정지 0.13 교착최장  15 | no_progress
Ep 516 |  7795스텝 | 배송 44/50 | 재적재  8 | 정지 0.11 교착최장  13 | no_progress
Ep 517 |  7615스텝 | 배송 42/50 | 재적재  6 | 정지 0.16 교착최장  28 | no_progress
Ep 518 |  6312스텝 | 배송 41/50 | 재적재  6 | 정지 0.28 교착최장  26 | no_progress
Ep 519 |  8099스텝 | 배송 41/50 | 재적재  7 | 정지 0.20 교착최장  38 | no_progress
Ep 520 |  6831스텝 | 배송 43/50 | 재적재  8 | 정지 0.18 교착최장  29 | no_progress
Ep 521 |  6355스텝 | 배송 42/50 | 재적재  6 | 정지 0.19 교착최장  39 | no_progress
Ep 522 |  6913스텝 | 배송 43/50 | 재적재  7 | 정지 0.11 교착최장  11 | no_progress
Ep 523 |  4535스텝 | 배송 38/50 | 재적재  5 | 정지 0.20 교착최장  15 | no_progress
Ep 524 |  8395스텝 | 배송 47/50 | 재적재  7 | 정지 0.23 교착최장 100 | deadlock
Ep 525 |  6083스텝 | 배송 44/50 | 재적재  7 | 정지 0.31 교착최장  50 | no_progress
Ep 526 |  7265스텝 | 배송 42/50 | 재적재  6 | 정지 0.19 교착최장  12 | no_progress
Ep 527 |  3990스텝 | 배송 41/50 | 재적재  6 | 정지 0.21 교착최장 100 | deadlock
Ep 528 |  5773스텝 | 배송 46/50 | 재적재  9 | 정지 0.10 교착최장  14 | no_progress
Ep 529 |  5887스텝 | 배송 44/50 | 재적재  7 | 정지 0.13 교착최장  28 | no_progress
Ep 530 |  6510스텝 | 배송 39/50 | 재적재  7 | 정지 0.21 교착최장  27 | no_progress
Ep 531 |  4901스텝 | 배송 41/50 | 재적재  8 | 정지 0.30 교착최장  24 | no_progress
Ep 532 |  6105스텝 | 배송 44/50 | 재적재  6 | 정지 0.23 교착최장  86 | no_progress
Ep 533 |  8174스텝 | 배송 45/50 | 재적재  8 | 정지 0.15 교착최장  14 | no_progress
Ep 534 |  7976스텝 | 배송 49/50 | 재적재  8 | 정지 0.17 교착최장 100 | deadlock
Ep 535 |  5785스텝 | 배송 45/50 | 재적재  7 | 정지 0.15 교착최장  16 | no_progress
Ep 536 |  8329스텝 | 배송 47/50 | 재적재  9 | 정지 0.22 교착최장  38 | no_progress
Ep 537 |  4435스텝 | 배송 44/50 | 재적재  7 | 정지 0.28 교착최장  49 | no_progress
Ep 538 |  7235스텝 | 배송 44/50 | 재적재  8 | 정지 0.18 교착최장 100 | deadlock
Ep 539 |  6777스텝 | 배송 45/50 | 재적재  6 | 정지 0.21 교착최장 100 | deadlock
Ep 540 |  8801스텝 | 배송 47/50 | 재적재  8 | 정지 0.18 교착최장  38 | no_progress
Ep 541 |  8847스텝 | 배송 47/50 | 재적재  8 | 정지 0.15 교착최장  24 | no_progress
Ep 542 |  5070스텝 | 배송 44/50 | 재적재  7 | 정지 0.26 교착최장 100 | deadlock
Ep 543 |  6947스텝 | 배송 43/50 | 재적재  7 | 정지 0.14 교착최장  37 | no_progress
Ep 544 |  6617스텝 | 배송 44/50 | 재적재  8 | 정지 0.22 교착최장  52 | no_progress
Ep 545 |  4975스텝 | 배송 43/50 | 재적재  7 | 정지 0.13 교착최장  19 | no_progress
Ep 546 | 10000스텝 | 배송 49/50 | 재적재  9 | 정지 0.15 교착최장  53 | step_limit
Ep 547 |  4876스텝 | 배송 43/50 | 재적재  8 | 정지 0.18 교착최장 100 | deadlock
Ep 548 |  5963스텝 | 배송 45/50 | 재적재  8 | 정지 0.13 교착최장  18 | no_progress
Ep 549 |  7204스텝 | 배송 40/50 | 재적재  6 | 정지 0.18 교착최장  23 | no_progress
Ep 550 |  5610스텝 | 배송 44/50 | 재적재  8 | 정지 0.10 교착최장  12 | no_progress
  [홀드아웃] 배송 21.8±3.7 재적재 2.7 2홉+ 0.29 | 최고 25.9@ep250 정체 6/15
Ep 551 |  4775스텝 | 배송 40/50 | 재적재  7 | 정지 0.15 교착최장   9 | no_progress
Ep 552 |  5198스텝 | 배송 44/50 | 재적재  8 | 정지 0.26 교착최장  30 | no_progress
Ep 553 |  8559스텝 | 배송 45/50 | 재적재  7 | 정지 0.17 교착최장  62 | no_progress
Ep 554 |  8716스텝 | 배송 46/50 | 재적재  8 | 정지 0.13 교착최장  17 | no_progress
Ep 555 |  3554스텝 | 배송 29/50 | 재적재  4 | 정지 0.21 교착최장   7 | no_progress
Ep 556 |  5070스텝 | 배송 38/50 | 재적재  6 | 정지 0.16 교착최장  12 | no_progress
Ep 557 |  8123스텝 | 배송 47/50 | 재적재  7 | 정지 0.21 교착최장  50 | no_progress
Ep 558 |  7667스텝 | 배송 43/50 | 재적재  7 | 정지 0.21 교착최장  75 | no_progress
Ep 559 |  6106스텝 | 배송 44/50 | 재적재  8 | 정지 0.21 교착최장 100 | deadlock
Ep 560 |  9113스텝 | 배송 46/50 | 재적재  8 | 정지 0.24 교착최장  71 | no_progress
Ep 561 |  5654스텝 | 배송 42/50 | 재적재  7 | 정지 0.19 교착최장  20 | no_progress
Ep 562 |  8711스텝 | 배송 45/50 | 재적재  7 | 정지 0.20 교착최장  54 | no_progress
Ep 563 |  6473스텝 | 배송 45/50 | 재적재  8 | 정지 0.18 교착최장  36 | no_progress
Ep 564 |  6045스텝 | 배송 47/50 | 재적재  8 | 정지 0.21 교착최장 100 | deadlock
Ep 565 |  6556스텝 | 배송 45/50 | 재적재  8 | 정지 0.12 교착최장  17 | no_progress
Ep 566 |  9555스텝 | 배송 43/50 | 재적재  7 | 정지 0.19 교착최장  30 | no_progress
Ep 567 |  4838스텝 | 배송 41/50 | 재적재  7 | 정지 0.26 교착최장 100 | deadlock
Ep 568 |  6177스텝 | 배송 43/50 | 재적재  7 | 정지 0.15 교착최장  11 | no_progress
Ep 569 |  4574스텝 | 배송 46/50 | 재적재  8 | 정지 0.25 교착최장 100 | deadlock
Ep 570 |  7984스텝 | 배송 44/50 | 재적재  8 | 정지 0.15 교착최장  13 | no_progress
Ep 571 |  6343스텝 | 배송 42/50 | 재적재  7 | 정지 0.19 교착최장  32 | no_progress
Ep 572 |  6568스텝 | 배송 41/50 | 재적재  8 | 정지 0.15 교착최장  21 | no_progress
Ep 573 |  8301스텝 | 배송 45/50 | 재적재  8 | 정지 0.25 교착최장 100 | deadlock
Ep 574 |  6263스텝 | 배송 42/50 | 재적재  7 | 정지 0.28 교착최장  78 | no_progress
Ep 575 | 10000스텝 | 배송 43/50 | 재적재  8 | 정지 0.14 교착최장  18 | step_limit
Ep 576 |  6044스텝 | 배송 39/50 | 재적재  6 | 정지 0.16 교착최장  19 | no_progress
Ep 577 |  8116스텝 | 배송 43/50 | 재적재  8 | 정지 0.18 교착최장  88 | no_progress
Ep 578 |  5193스텝 | 배송 43/50 | 재적재  7 | 정지 0.20 교착최장  28 | no_progress
Ep 579 |  4286스텝 | 배송 38/50 | 재적재  6 | 정지 0.18 교착최장  19 | no_progress
Ep 580 |  5776스텝 | 배송 46/50 | 재적재  7 | 정지 0.16 교착최장 100 | deadlock
Ep 581 |  6251스텝 | 배송 46/50 | 재적재  8 | 정지 0.13 교착최장  12 | no_progress
Ep 582 |  5580스텝 | 배송 46/50 | 재적재  8 | 정지 0.18 교착최장 100 | deadlock
Ep 583 |  2564스텝 | 배송 38/50 | 재적재  6 | 정지 0.17 교착최장 100 | deadlock
Ep 584 |  5186스텝 | 배송 43/50 | 재적재  7 | 정지 0.19 교착최장  38 | no_progress
Ep 585 |  4418스텝 | 배송 41/50 | 재적재  7 | 정지 0.22 교착최장 100 | deadlock
Ep 586 | 10000스텝 | 배송 43/50 | 재적재  6 | 정지 0.13 교착최장  22 | step_limit
Ep 587 | 10000스텝 | 배송 43/50 | 재적재  7 | 정지 0.19 교착최장  31 | step_limit
Ep 588 |  7537스텝 | 배송 40/50 | 재적재  7 | 정지 0.14 교착최장  20 | no_progress
Ep 589 |  5117스텝 | 배송 45/50 | 재적재  9 | 정지 0.10 교착최장  12 | no_progress
Ep 590 |  5714스텝 | 배송 41/50 | 재적재  5 | 정지 0.13 교착최장   8 | no_progress
Ep 591 |  6063스텝 | 배송 41/50 | 재적재  7 | 정지 0.30 교착최장  38 | no_progress
Ep 592 |  3664스텝 | 배송 34/50 | 재적재  6 | 정지 0.15 교착최장  10 | no_progress
Ep 593 |  5251스텝 | 배송 39/50 | 재적재  7 | 정지 0.15 교착최장  28 | no_progress
Ep 594 |  5930스텝 | 배송 44/50 | 재적재  7 | 정지 0.24 교착최장  64 | no_progress
Ep 595 |  9032스텝 | 배송 40/50 | 재적재  6 | 정지 0.16 교착최장  37 | no_progress
Ep 596 |  3132스텝 | 배송 43/50 | 재적재  7 | 정지 0.26 교착최장 100 | deadlock
Ep 597 |  8239스텝 | 배송 44/50 | 재적재  7 | 정지 0.26 교착최장  44 | no_progress
Ep 598 | 10000스텝 | 배송 44/50 | 재적재  8 | 정지 0.16 교착최장  22 | step_limit
Ep 599 |  6308스텝 | 배송 43/50 | 재적재  6 | 정지 0.20 교착최장  38 | no_progress
Ep 600 |  4821스텝 | 배송 39/50 | 재적재  6 | 정지 0.18 교착최장   8 | no_progress
  [홀드아웃] 배송 18.2±5.7 재적재 1.9 2홉+ 0.35 | 최고 25.9@ep250 정체 7/15
Ep 601 |  8466스텝 | 배송 46/50 | 재적재  7 | 정지 0.19 교착최장  61 | no_progress
Ep 602 |  6610스텝 | 배송 40/50 | 재적재  5 | 정지 0.19 교착최장  25 | no_progress
Ep 603 |  6302스텝 | 배송 44/50 | 재적재  6 | 정지 0.14 교착최장  22 | no_progress
Ep 604 |  7127스텝 | 배송 45/50 | 재적재  9 | 정지 0.19 교착최장  12 | no_progress
Ep 605 |  7677스텝 | 배송 43/50 | 재적재  7 | 정지 0.14 교착최장  20 | no_progress
Ep 606 |  6693스텝 | 배송 46/50 | 재적재  8 | 정지 0.21 교착최장 100 | deadlock
Ep 607 |  3593스텝 | 배송 42/50 | 재적재  7 | 정지 0.24 교착최장 100 | deadlock
Ep 608 |  5110스텝 | 배송 43/50 | 재적재  6 | 정지 0.18 교착최장  27 | no_progress
Ep 609 |  6057스텝 | 배송 46/50 | 재적재  8 | 정지 0.12 교착최장  14 | no_progress
Ep 610 |  6392스텝 | 배송 46/50 | 재적재  9 | 정지 0.15 교착최장  29 | no_progress
Ep 611 |  6004스텝 | 배송 47/50 | 재적재  7 | 정지 0.37 교착최장 100 | deadlock
Ep 612 |  6824스텝 | 배송 42/50 | 재적재  8 | 정지 0.16 교착최장  20 | no_progress
Ep 613 | 10000스텝 | 배송 46/50 | 재적재  7 | 정지 0.31 교착최장  94 | step_limit
Ep 614 |  4878스텝 | 배송 43/50 | 재적재  8 | 정지 0.22 교착최장  76 | no_progress
Ep 615 | 10000스텝 | 배송 46/50 | 재적재  8 | 정지 0.30 교착최장  94 | step_limit
Ep 616 | 10000스텝 | 배송 48/50 | 재적재  8 | 정지 0.22 교착최장  60 | step_limit
Ep 617 |  4440스텝 | 배송 42/50 | 재적재  6 | 정지 0.19 교착최장  23 | no_progress
Ep 618 |  3107스텝 | 배송 31/50 | 재적재  5 | 정지 0.16 교착최장   5 | no_progress
Ep 619 |  6774스텝 | 배송 46/50 | 재적재  8 | 정지 0.34 교착최장  18 | no_progress
Ep 620 |  7320스텝 | 배송 41/50 | 재적재  8 | 정지 0.15 교착최장  24 | no_progress
Ep 621 |  5275스텝 | 배송 42/50 | 재적재  7 | 정지 0.24 교착최장  17 | no_progress
Ep 622 |  5822스텝 | 배송 44/50 | 재적재  8 | 정지 0.10 교착최장  18 | no_progress
Ep 623 |  7584스텝 | 배송 47/50 | 재적재  8 | 정지 0.28 교착최장  31 | no_progress
Ep 624 |  6402스텝 | 배송 45/50 | 재적재  8 | 정지 0.20 교착최장 100 | deadlock
Ep 625 |  9794스텝 | 배송 43/50 | 재적재  7 | 정지 0.15 교착최장  15 | no_progress
Ep 626 |  8346스텝 | 배송 44/50 | 재적재  7 | 정지 0.17 교착최장  40 | no_progress
Ep 627 |  6343스텝 | 배송 45/50 | 재적재  8 | 정지 0.16 교착최장  20 | no_progress
Ep 628 |  6480스텝 | 배송 45/50 | 재적재  7 | 정지 0.16 교착최장  97 | no_progress
Ep 629 |  5245스텝 | 배송 44/50 | 재적재  8 | 정지 0.13 교착최장  13 | no_progress
Ep 630 |  6939스텝 | 배송 42/50 | 재적재  8 | 정지 0.15 교착최장  16 | no_progress
Ep 631 |  7218스텝 | 배송 45/50 | 재적재  7 | 정지 0.11 교착최장  16 | no_progress
Ep 632 |  5471스텝 | 배송 42/50 | 재적재  6 | 정지 0.17 교착최장  16 | no_progress
Ep 633 |  3739스텝 | 배송 39/50 | 재적재  7 | 정지 0.17 교착최장 100 | deadlock
Ep 634 |  7549스텝 | 배송 42/50 | 재적재  7 | 정지 0.16 교착최장  23 | no_progress
Ep 635 |  9343스텝 | 배송 46/50 | 재적재  8 | 정지 0.18 교착최장  67 | no_progress
Ep 636 |  7724스텝 | 배송 42/50 | 재적재  6 | 정지 0.16 교착최장  23 | no_progress
Ep 637 |  5387스텝 | 배송 40/50 | 재적재  6 | 정지 0.19 교착최장  22 | no_progress
Ep 638 |  7275스텝 | 배송 44/50 | 재적재  7 | 정지 0.12 교착최장  26 | no_progress
Ep 639 |  7895스텝 | 배송 45/50 | 재적재  8 | 정지 0.16 교착최장  31 | no_progress
Ep 640 |  9272스텝 | 배송 46/50 | 재적재  8 | 정지 0.19 교착최장  33 | no_progress
Ep 641 |  6253스텝 | 배송 43/50 | 재적재  8 | 정지 0.16 교착최장  24 | no_progress
Ep 642 |  4719스텝 | 배송 39/50 | 재적재  6 | 정지 0.21 교착최장  24 | no_progress
Ep 643 |  5356스텝 | 배송 39/50 | 재적재  6 | 정지 0.16 교착최장  18 | no_progress
Ep 644 |  8680스텝 | 배송 45/50 | 재적재  8 | 정지 0.14 교착최장  21 | no_progress
Ep 645 |  8260스텝 | 배송 41/50 | 재적재  6 | 정지 0.15 교착최장  31 | no_progress
Ep 646 |  5559스텝 | 배송 38/50 | 재적재  6 | 정지 0.19 교착최장  58 | no_progress
Ep 647 |  6524스텝 | 배송 40/50 | 재적재  5 | 정지 0.15 교착최장  18 | no_progress
Ep 648 |  6021스텝 | 배송 40/50 | 재적재  6 | 정지 0.19 교착최장 100 | deadlock
Ep 649 |  5369스텝 | 배송 37/50 | 재적재  7 | 정지 0.14 교착최장   8 | no_progress
Ep 650 |  5752스텝 | 배송 40/50 | 재적재  6 | 정지 0.19 교착최장  23 | no_progress
  [홀드아웃] 배송 21.8±6.2 재적재 2.7 2홉+ 0.40 | 최고 25.9@ep250 정체 8/15
Ep 651 |  3796스텝 | 배송 38/50 | 재적재  6 | 정지 0.13 교착최장  11 | no_progress
Ep 652 |  6073스텝 | 배송 40/50 | 재적재  6 | 정지 0.22 교착최장  82 | no_progress
Ep 653 |  8385스텝 | 배송 44/50 | 재적재  8 | 정지 0.19 교착최장  56 | no_progress
Ep 654 |  9272스텝 | 배송 44/50 | 재적재  8 | 정지 0.15 교착최장  33 | no_progress
Ep 655 |  5849스텝 | 배송 38/50 | 재적재  6 | 정지 0.19 교착최장  29 | no_progress
Ep 656 |  6560스텝 | 배송 40/50 | 재적재  6 | 정지 0.20 교착최장  48 | no_progress
Ep 657 |  6915스텝 | 배송 41/50 | 재적재  7 | 정지 0.16 교착최장  14 | no_progress
Ep 658 |  7455스텝 | 배송 40/50 | 재적재  6 | 정지 0.14 교착최장  12 | no_progress
Ep 659 |  6157스텝 | 배송 43/50 | 재적재  7 | 정지 0.15 교착최장  31 | no_progress
Ep 660 |  4620스텝 | 배송 40/50 | 재적재  7 | 정지 0.19 교착최장 100 | deadlock
Ep 661 |  5067스텝 | 배송 45/50 | 재적재  7 | 정지 0.24 교착최장 100 | deadlock
Ep 662 |  5159스텝 | 배송 39/50 | 재적재  7 | 정지 0.16 교착최장  23 | no_progress
Ep 663 |  7666스텝 | 배송 47/50 | 재적재  9 | 정지 0.24 교착최장 100 | deadlock
Ep 664 |  7749스텝 | 배송 40/50 | 재적재  7 | 정지 0.21 교착최장  27 | no_progress
Ep 665 |  8374스텝 | 배송 40/50 | 재적재  7 | 정지 0.20 교착최장  17 | no_progress
Ep 666 |  6920스텝 | 배송 44/50 | 재적재  8 | 정지 0.16 교착최장  24 | no_progress
Ep 667 |  8841스텝 | 배송 44/50 | 재적재  8 | 정지 0.21 교착최장  42 | no_progress
Ep 668 |  5612스텝 | 배송 39/50 | 재적재  6 | 정지 0.22 교착최장  16 | no_progress
Ep 669 |  7714스텝 | 배송 48/50 | 재적재  9 | 정지 0.17 교착최장 100 | deadlock
Ep 670 |  8756스텝 | 배송 44/50 | 재적재  8 | 정지 0.14 교착최장  24 | no_progress
Ep 671 |  6444스텝 | 배송 44/50 | 재적재  8 | 정지 0.15 교착최장  14 | no_progress
Ep 672 |  6440스텝 | 배송 46/50 | 재적재  8 | 정지 0.15 교착최장  37 | no_progress
Ep 673 |  3321스텝 | 배송 44/50 | 재적재  7 | 정지 0.31 교착최장 100 | deadlock
Ep 674 |  8769스텝 | 배송 45/50 | 재적재  8 | 정지 0.24 교착최장 100 | deadlock
Ep 675 |  7160스텝 | 배송 43/50 | 재적재  8 | 정지 0.13 교착최장  16 | no_progress
Ep 676 |  6984스텝 | 배송 44/50 | 재적재  8 | 정지 0.16 교착최장 100 | deadlock
Ep 677 |  5617스텝 | 배송 44/50 | 재적재  8 | 정지 0.31 교착최장  72 | no_progress
Ep 678 |  6458스텝 | 배송 39/50 | 재적재  6 | 정지 0.26 교착최장  60 | no_progress
Ep 679 |  6914스텝 | 배송 45/50 | 재적재  7 | 정지 0.17 교착최장  22 | no_progress
Ep 680 |  6998스텝 | 배송 44/50 | 재적재  8 | 정지 0.13 교착최장  17 | no_progress
Ep 681 |  6207스텝 | 배송 44/50 | 재적재  8 | 정지 0.11 교착최장  11 | no_progress
Ep 682 |  3273스텝 | 배송 44/50 | 재적재  7 | 정지 0.20 교착최장 100 | deadlock
Ep 683 |  5344스텝 | 배송 44/50 | 재적재  7 | 정지 0.23 교착최장  23 | no_progress
Ep 684 |  6082스텝 | 배송 45/50 | 재적재  9 | 정지 0.17 교착최장  50 | no_progress
Ep 685 |  5133스텝 | 배송 41/50 | 재적재  7 | 정지 0.14 교착최장  11 | no_progress
Ep 686 |  5356스텝 | 배송 41/50 | 재적재  7 | 정지 0.18 교착최장 100 | deadlock
Ep 687 |  5982스텝 | 배송 43/50 | 재적재  8 | 정지 0.12 교착최장  14 | no_progress
Ep 688 |  4210스텝 | 배송 39/50 | 재적재  7 | 정지 0.23 교착최장  13 | no_progress
Ep 689 |  6139스텝 | 배송 45/50 | 재적재  8 | 정지 0.15 교착최장  23 | no_progress
Ep 690 |  4727스텝 | 배송 43/50 | 재적재  7 | 정지 0.26 교착최장 100 | deadlock
Ep 691 |  5034스텝 | 배송 43/50 | 재적재  8 | 정지 0.14 교착최장  16 | no_progress
Ep 692 |  9314스텝 | 배송 43/50 | 재적재  8 | 정지 0.18 교착최장  59 | no_progress
Ep 693 |  6647스텝 | 배송 45/50 | 재적재  7 | 정지 0.18 교착최장  30 | no_progress
Ep 694 |  4845스텝 | 배송 44/50 | 재적재  7 | 정지 0.13 교착최장  14 | no_progress
Ep 695 |  3656스텝 | 배송 46/50 | 재적재  8 | 정지 0.24 교착최장 100 | deadlock
Ep 696 |  5345스텝 | 배송 43/50 | 재적재  7 | 정지 0.12 교착최장   9 | no_progress
Ep 697 |  8179스텝 | 배송 43/50 | 재적재  7 | 정지 0.17 교착최장 100 | deadlock
Ep 698 |  7115스텝 | 배송 44/50 | 재적재  7 | 정지 0.13 교착최장  29 | no_progress
Ep 699 |  8476스텝 | 배송 43/50 | 재적재  7 | 정지 0.22 교착최장  57 | no_progress
Ep 700 |  8535스텝 | 배송 47/50 | 재적재  7 | 정지 0.37 교착최장  48 | no_progress
  [홀드아웃] 배송 25.6±6.2 재적재 3.2 2홉+ 0.53 | 최고 25.9@ep250 정체 9/15
Ep 701 |  3762스텝 | 배송 41/50 | 재적재  7 | 정지 0.20 교착최장 100 | deadlock
Ep 702 |  3998스텝 | 배송 38/50 | 재적재  6 | 정지 0.15 교착최장   9 | no_progress
Ep 703 |  7357스텝 | 배송 44/50 | 재적재  6 | 정지 0.15 교착최장  14 | no_progress
Ep 704 |  6997스텝 | 배송 44/50 | 재적재  6 | 정지 0.13 교착최장  24 | no_progress
Ep 705 |  4614스텝 | 배송 42/50 | 재적재  8 | 정지 0.30 교착최장  47 | no_progress
Ep 706 |  7604스텝 | 배송 42/50 | 재적재  6 | 정지 0.15 교착최장  14 | no_progress
Ep 707 |  6806스텝 | 배송 45/50 | 재적재  9 | 정지 0.09 교착최장  18 | no_progress
Ep 708 |  9284스텝 | 배송 46/50 | 재적재  8 | 정지 0.30 교착최장  51 | no_progress
Ep 709 |  8841스텝 | 배송 44/50 | 재적재  7 | 정지 0.22 교착최장  57 | no_progress
Ep 710 |  5202스텝 | 배송 41/50 | 재적재  8 | 정지 0.16 교착최장  26 | no_progress
Ep 711 |  5582스텝 | 배송 45/50 | 재적재  8 | 정지 0.24 교착최장 100 | deadlock
Ep 712 |  8040스텝 | 배송 48/50 | 재적재  9 | 정지 0.27 교착최장  26 | no_progress
Ep 713 |  4804스텝 | 배송 44/50 | 재적재  8 | 정지 0.16 교착최장  22 | no_progress
Ep 714 |  6791스텝 | 배송 46/50 | 재적재  7 | 정지 0.18 교착최장  18 | no_progress
Ep 715 |  6145스텝 | 배송 44/50 | 재적재  8 | 정지 0.09 교착최장  11 | no_progress
Ep 716 |  6296스텝 | 배송 38/50 | 재적재  6 | 정지 0.16 교착최장  17 | no_progress
Ep 717 |  3816스텝 | 배송 43/50 | 재적재  7 | 정지 0.17 교착최장 100 | deadlock
Ep 718 |  8594스텝 | 배송 44/50 | 재적재  8 | 정지 0.13 교착최장  12 | no_progress
Ep 719 |  7935스텝 | 배송 46/50 | 재적재  8 | 정지 0.30 교착최장  61 | no_progress
Ep 720 |  6978스텝 | 배송 45/50 | 재적재  9 | 정지 0.26 교착최장  30 | no_progress
Ep 721 |  5680스텝 | 배송 42/50 | 재적재  7 | 정지 0.15 교착최장  12 | no_progress
Ep 722 |  6507스텝 | 배송 43/50 | 재적재  8 | 정지 0.14 교착최장  33 | no_progress
Ep 723 |  6586스텝 | 배송 44/50 | 재적재  7 | 정지 0.17 교착최장  13 | no_progress
Ep 724 |  8069스텝 | 배송 43/50 | 재적재  6 | 정지 0.18 교착최장  36 | no_progress
Ep 725 |  7264스텝 | 배송 41/50 | 재적재  7 | 정지 0.17 교착최장  18 | no_progress
Ep 726 |  5879스텝 | 배송 42/50 | 재적재  6 | 정지 0.16 교착최장  32 | no_progress
Ep 727 |  5709스텝 | 배송 43/50 | 재적재  7 | 정지 0.11 교착최장  11 | no_progress
Ep 728 |  3812스텝 | 배송 33/50 | 재적재  5 | 정지 0.19 교착최장  15 | no_progress
Ep 729 |  5696스텝 | 배송 44/50 | 재적재  8 | 정지 0.22 교착최장 100 | deadlock
Ep 730 |  4339스텝 | 배송 41/50 | 재적재  6 | 정지 0.12 교착최장  24 | no_progress
Ep 731 |  7170스텝 | 배송 41/50 | 재적재  7 | 정지 0.16 교착최장  15 | no_progress
Ep 732 |  5858스텝 | 배송 40/50 | 재적재  6 | 정지 0.17 교착최장  14 | no_progress
Ep 733 |  8415스텝 | 배송 41/50 | 재적재  7 | 정지 0.27 교착최장  89 | no_progress
Ep 734 |  5894스텝 | 배송 42/50 | 재적재  6 | 정지 0.16 교착최장  18 | no_progress
Ep 735 |  8314스텝 | 배송 46/50 | 재적재  7 | 정지 0.21 교착최장  52 | no_progress
Ep 736 |  6639스텝 | 배송 41/50 | 재적재  7 | 정지 0.17 교착최장  33 | no_progress
Ep 737 |  5806스텝 | 배송 40/50 | 재적재  6 | 정지 0.14 교착최장  12 | no_progress
Ep 738 |  3366스텝 | 배송 29/50 | 재적재  4 | 정지 0.10 교착최장  10 | no_progress
Ep 739 |  2505스텝 | 배송 32/50 | 재적재  5 | 정지 0.32 교착최장 100 | deadlock
Ep 740 |  5073스텝 | 배송 43/50 | 재적재  7 | 정지 0.16 교착최장 100 | deadlock
Ep 741 |  5605스텝 | 배송 39/50 | 재적재  7 | 정지 0.11 교착최장  11 | no_progress
Ep 742 |  5260스텝 | 배송 38/50 | 재적재  6 | 정지 0.09 교착최장   8 | no_progress
Ep 743 |  7373스텝 | 배송 40/50 | 재적재  6 | 정지 0.16 교착최장  55 | no_progress
Ep 744 |  3965스텝 | 배송 34/50 | 재적재  5 | 정지 0.14 교착최장  11 | no_progress
Ep 745 |  6748스텝 | 배송 40/50 | 재적재  7 | 정지 0.16 교착최장  12 | no_progress
Ep 746 |  6996스텝 | 배송 40/50 | 재적재  7 | 정지 0.12 교착최장  17 | no_progress
Ep 747 |  5191스텝 | 배송 42/50 | 재적재  6 | 정지 0.17 교착최장  38 | no_progress
Ep 748 |  8308스텝 | 배송 44/50 | 재적재  8 | 정지 0.20 교착최장  25 | no_progress
Ep 749 |  5305스텝 | 배송 38/50 | 재적재  5 | 정지 0.12 교착최장  39 | no_progress
Ep 750 |  6754스텝 | 배송 42/50 | 재적재  6 | 정지 0.15 교착최장  34 | no_progress
  [홀드아웃] 배송 20.1±5.5 재적재 1.7 2홉+ 0.57 | 최고 25.9@ep250 정체 10/15
Ep 751 |  5232스텝 | 배송 44/50 | 재적재  7 | 정지 0.19 교착최장  17 | no_progress
Ep 752 |  5767스텝 | 배송 44/50 | 재적재  7 | 정지 0.09 교착최장   7 | no_progress
Ep 753 |  6576스텝 | 배송 44/50 | 재적재  7 | 정지 0.18 교착최장  38 | no_progress
Ep 754 |  6713스텝 | 배송 44/50 | 재적재  8 | 정지 0.22 교착최장  28 | no_progress
Ep 755 |  5955스텝 | 배송 41/50 | 재적재  7 | 정지 0.21 교착최장  26 | no_progress
Ep 756 |  9256스텝 | 배송 43/50 | 재적재  6 | 정지 0.18 교착최장  55 | no_progress
Ep 757 |  9235스텝 | 배송 47/50 | 재적재  7 | 정지 0.18 교착최장  73 | no_progress
Ep 758 |  5171스텝 | 배송 42/50 | 재적재  6 | 정지 0.15 교착최장  12 | no_progress
Ep 759 |  6487스텝 | 배송 40/50 | 재적재  7 | 정지 0.20 교착최장  61 | no_progress
Ep 760 |  6998스텝 | 배송 44/50 | 재적재  7 | 정지 0.15 교착최장  22 | no_progress
Ep 761 |  6796스텝 | 배송 44/50 | 재적재  8 | 정지 0.16 교착최장  28 | no_progress
Ep 762 |  5578스텝 | 배송 40/50 | 재적재  7 | 정지 0.13 교착최장  14 | no_progress
Ep 763 |  6857스텝 | 배송 40/50 | 재적재  7 | 정지 0.22 교착최장 100 | deadlock
Ep 764 |  6419스텝 | 배송 43/50 | 재적재  6 | 정지 0.17 교착최장  18 | no_progress
Ep 765 |  6675스텝 | 배송 40/50 | 재적재  7 | 정지 0.20 교착최장  79 | no_progress
Ep 766 |  8266스텝 | 배송 44/50 | 재적재  7 | 정지 0.20 교착최장  53 | no_progress
Ep 767 |  7194스텝 | 배송 45/50 | 재적재  8 | 정지 0.15 교착최장  28 | no_progress
Ep 768 |  6126스텝 | 배송 37/50 | 재적재  5 | 정지 0.16 교착최장  25 | no_progress
Ep 769 |  6980스텝 | 배송 42/50 | 재적재  7 | 정지 0.18 교착최장  44 | no_progress
Ep 770 |  9822스텝 | 배송 45/50 | 재적재  7 | 정지 0.14 교착최장  19 | no_progress
Ep 771 |  6560스텝 | 배송 41/50 | 재적재  7 | 정지 0.23 교착최장  66 | no_progress
Ep 772 |  7902스텝 | 배송 41/50 | 재적재  7 | 정지 0.28 교착최장 100 | deadlock
Ep 773 |  8708스텝 | 배송 44/50 | 재적재  7 | 정지 0.21 교착최장  84 | no_progress
Ep 774 |  7132스텝 | 배송 40/50 | 재적재  7 | 정지 0.27 교착최장  35 | no_progress
Ep 775 |  3945스텝 | 배송 41/50 | 재적재  7 | 정지 0.21 교착최장 100 | deadlock
Ep 776 |  5018스텝 | 배송 44/50 | 재적재  7 | 정지 0.19 교착최장 100 | deadlock
Ep 777 |  5072스텝 | 배송 45/50 | 재적재  8 | 정지 0.20 교착최장 100 | deadlock
Ep 778 |  9241스텝 | 배송 48/50 | 재적재  7 | 정지 0.27 교착최장  38 | no_progress
Ep 779 |  5158스텝 | 배송 39/50 | 재적재  6 | 정지 0.22 교착최장  40 | no_progress
Ep 780 |  8449스텝 | 배송 45/50 | 재적재  7 | 정지 0.17 교착최장  15 | no_progress
Ep 781 |  6229스텝 | 배송 43/50 | 재적재  8 | 정지 0.10 교착최장  13 | no_progress
Ep 782 |  5895스텝 | 배송 45/50 | 재적재  7 | 정지 0.12 교착최장  18 | no_progress
Ep 783 |  5999스텝 | 배송 42/50 | 재적재  6 | 정지 0.16 교착최장  17 | no_progress
Ep 784 |  8643스텝 | 배송 42/50 | 재적재  7 | 정지 0.19 교착최장  10 | no_progress
Ep 785 |  5139스텝 | 배송 42/50 | 재적재  6 | 정지 0.17 교착최장  14 | no_progress
Ep 786 |  4755스텝 | 배송 41/50 | 재적재  7 | 정지 0.18 교착최장  18 | no_progress
Ep 787 |  4992스텝 | 배송 37/50 | 재적재  5 | 정지 0.13 교착최장  16 | no_progress
Ep 788 |  6782스텝 | 배송 45/50 | 재적재  7 | 정지 0.13 교착최장  13 | no_progress
Ep 789 |  7743스텝 | 배송 43/50 | 재적재  7 | 정지 0.23 교착최장  41 | no_progress
Ep 790 |  6380스텝 | 배송 44/50 | 재적재  8 | 정지 0.19 교착최장  65 | no_progress
Ep 791 |  4370스텝 | 배송 43/50 | 재적재  8 | 정지 0.20 교착최장 100 | deadlock
Ep 792 |  7967스텝 | 배송 45/50 | 재적재  8 | 정지 0.16 교착최장  22 | no_progress
Ep 793 |  5629스텝 | 배송 44/50 | 재적재  8 | 정지 0.30 교착최장  85 | no_progress
Ep 794 |  5719스텝 | 배송 45/50 | 재적재  8 | 정지 0.12 교착최장  16 | no_progress
Ep 795 |  8097스텝 | 배송 42/50 | 재적재  8 | 정지 0.19 교착최장  81 | no_progress
Ep 796 |  4413스텝 | 배송 44/50 | 재적재  8 | 정지 0.14 교착최장  15 | no_progress
Ep 797 |  6435스텝 | 배송 39/50 | 재적재  7 | 정지 0.18 교착최장  18 | no_progress
Ep 798 |  5701스텝 | 배송 40/50 | 재적재  8 | 정지 0.21 교착최장  35 | no_progress
Ep 799 |  6579스텝 | 배송 45/50 | 재적재  8 | 정지 0.12 교착최장  20 | no_progress
Ep 800 |  5242스텝 | 배송 44/50 | 재적재  8 | 정지 0.10 교착최장  10 | no_progress
  [홀드아웃] 배송 19.2±5.7 재적재 1.7 2홉+ 0.57 | 최고 25.9@ep250 정체 11/15
Ep 801 |  4670스텝 | 배송 43/50 | 재적재  7 | 정지 0.24 교착최장 100 | deadlock
Ep 802 |  7839스텝 | 배송 44/50 | 재적재  8 | 정지 0.17 교착최장  41 | no_progress
Ep 803 |  5945스텝 | 배송 40/50 | 재적재  7 | 정지 0.20 교착최장  23 | no_progress
Ep 804 |  3935스텝 | 배송 39/50 | 재적재  7 | 정지 0.19 교착최장  11 | no_progress
Ep 805 |  5390스텝 | 배송 40/50 | 재적재  6 | 정지 0.15 교착최장  12 | no_progress
Ep 806 |  5969스텝 | 배송 46/50 | 재적재  7 | 정지 0.19 교착최장 100 | deadlock
Ep 807 |  8125스텝 | 배송 46/50 | 재적재  8 | 정지 0.13 교착최장  11 | no_progress
Ep 808 |  6714스텝 | 배송 44/50 | 재적재  7 | 정지 0.20 교착최장  18 | no_progress
Ep 809 |  8831스텝 | 배송 47/50 | 재적재  8 | 정지 0.21 교착최장  31 | no_progress
Ep 810 |  7487스텝 | 배송 47/50 | 재적재  7 | 정지 0.24 교착최장  59 | no_progress
Ep 811 |  6746스텝 | 배송 45/50 | 재적재  7 | 정지 0.23 교착최장  39 | no_progress
Ep 812 |  7159스텝 | 배송 42/50 | 재적재  7 | 정지 0.27 교착최장  73 | no_progress
Ep 813 |  5936스텝 | 배송 45/50 | 재적재  7 | 정지 0.36 교착최장 100 | deadlock
Ep 814 |  6043스텝 | 배송 44/50 | 재적재  8 | 정지 0.13 교착최장  25 | no_progress
Ep 815 |  5176스텝 | 배송 38/50 | 재적재  7 | 정지 0.21 교착최장  27 | no_progress
Ep 816 |  6778스텝 | 배송 43/50 | 재적재  8 | 정지 0.22 교착최장 100 | deadlock
Ep 817 |  8852스텝 | 배송 42/50 | 재적재  7 | 정지 0.18 교착최장  35 | no_progress
Ep 818 |  5294스텝 | 배송 40/50 | 재적재  6 | 정지 0.19 교착최장  19 | no_progress
Ep 819 |  4527스텝 | 배송 38/50 | 재적재  5 | 정지 0.20 교착최장  17 | no_progress
Ep 820 |  7191스텝 | 배송 41/50 | 재적재  8 | 정지 0.19 교착최장  29 | no_progress
Ep 821 |  6898스텝 | 배송 43/50 | 재적재  7 | 정지 0.21 교착최장  15 | no_progress
Ep 822 |  4601스텝 | 배송 41/50 | 재적재  7 | 정지 0.14 교착최장  20 | no_progress
Ep 823 |  7809스텝 | 배송 43/50 | 재적재  8 | 정지 0.15 교착최장  14 | no_progress
Ep 824 |  8772스텝 | 배송 45/50 | 재적재  8 | 정지 0.19 교착최장  28 | no_progress
Ep 825 |  9224스텝 | 배송 46/50 | 재적재  8 | 정지 0.15 교착최장  16 | no_progress
Ep 826 |  5189스텝 | 배송 45/50 | 재적재  7 | 정지 0.17 교착최장  12 | no_progress
Ep 827 |  7003스텝 | 배송 44/50 | 재적재  8 | 정지 0.18 교착최장  12 | no_progress
Ep 828 |  3554스텝 | 배송 37/50 | 재적재  5 | 정지 0.13 교착최장  16 | no_progress
Ep 829 |  5247스텝 | 배송 41/50 | 재적재  7 | 정지 0.26 교착최장  39 | no_progress
Ep 830 |  5941스텝 | 배송 42/50 | 재적재  8 | 정지 0.16 교착최장   9 | no_progress
Ep 831 |  6706스텝 | 배송 44/50 | 재적재  7 | 정지 0.24 교착최장  48 | no_progress
Ep 832 |  6736스텝 | 배송 42/50 | 재적재  6 | 정지 0.20 교착최장  56 | no_progress
Ep 833 |  5595스텝 | 배송 45/50 | 재적재  8 | 정지 0.14 교착최장 100 | deadlock
Ep 834 |  9211스텝 | 배송 44/50 | 재적재  7 | 정지 0.14 교착최장  16 | no_progress
Ep 835 |  6075스텝 | 배송 45/50 | 재적재  8 | 정지 0.19 교착최장 100 | deadlock
Ep 836 |  4404스텝 | 배송 41/50 | 재적재  6 | 정지 0.18 교착최장  10 | no_progress
Ep 837 |  6732스텝 | 배송 44/50 | 재적재  7 | 정지 0.23 교착최장  40 | no_progress
Ep 838 |  7909스텝 | 배송 47/50 | 재적재  8 | 정지 0.15 교착최장  26 | no_progress
Ep 839 |  5599스텝 | 배송 45/50 | 재적재  7 | 정지 0.15 교착최장  33 | no_progress
Ep 840 |  4332스텝 | 배송 45/50 | 재적재  8 | 정지 0.19 교착최장 100 | deadlock
Ep 841 |  8284스텝 | 배송 46/50 | 재적재  9 | 정지 0.14 교착최장  20 | no_progress
Ep 842 |  6956스텝 | 배송 44/50 | 재적재  8 | 정지 0.19 교착최장  34 | no_progress
Ep 843 |  4487스텝 | 배송 44/50 | 재적재  8 | 정지 0.11 교착최장  21 | no_progress
Ep 844 |  6229스텝 | 배송 43/50 | 재적재  7 | 정지 0.17 교착최장  14 | no_progress
Ep 845 |  6372스텝 | 배송 46/50 | 재적재  9 | 정지 0.14 교착최장  28 | no_progress
Ep 846 |  4741스텝 | 배송 45/50 | 재적재  7 | 정지 0.08 교착최장  13 | no_progress
Ep 847 |  5078스텝 | 배송 43/50 | 재적재  8 | 정지 0.16 교착최장 100 | deadlock
Ep 848 |  7378스텝 | 배송 44/50 | 재적재  8 | 정지 0.16 교착최장  13 | no_progress
Ep 849 |  4814스텝 | 배송 42/50 | 재적재  7 | 정지 0.20 교착최장 100 | deadlock
Ep 850 |  5747스텝 | 배송 42/50 | 재적재  8 | 정지 0.26 교착최장 100 | deadlock
  [홀드아웃] 배송 20.2±7.9 재적재 2.1 2홉+ 0.46 | 최고 25.9@ep250 정체 12/15
Ep 851 |  4305스텝 | 배송 40/50 | 재적재  5 | 정지 0.12 교착최장  13 | no_progress
Ep 852 |  6477스텝 | 배송 46/50 | 재적재  9 | 정지 0.18 교착최장  14 | no_progress
Ep 853 |  6764스텝 | 배송 43/50 | 재적재  6 | 정지 0.14 교착최장  11 | no_progress
Ep 854 |  7304스텝 | 배송 47/50 | 재적재  9 | 정지 0.14 교착최장  23 | no_progress
Ep 855 |  3937스텝 | 배송 44/50 | 재적재  7 | 정지 0.23 교착최장 100 | deadlock
Ep 856 |  9746스텝 | 배송 44/50 | 재적재  8 | 정지 0.14 교착최장  28 | no_progress
Ep 857 |  8762스텝 | 배송 46/50 | 재적재  9 | 정지 0.15 교착최장  55 | no_progress
Ep 858 |  5647스텝 | 배송 39/50 | 재적재  6 | 정지 0.18 교착최장  20 | no_progress
Ep 859 |  6341스텝 | 배송 47/50 | 재적재  8 | 정지 0.15 교착최장  16 | no_progress
Ep 860 | 10000스텝 | 배송 45/50 | 재적재  8 | 정지 0.20 교착최장  34 | step_limit
Ep 861 |  6336스텝 | 배송 43/50 | 재적재  7 | 정지 0.19 교착최장  10 | no_progress
Ep 862 |  8682스텝 | 배송 44/50 | 재적재  8 | 정지 0.14 교착최장  39 | no_progress
Ep 863 | 10000스텝 | 배송 49/50 | 재적재  9 | 정지 0.16 교착최장  30 | step_limit
Ep 864 |  6794스텝 | 배송 43/50 | 재적재  7 | 정지 0.14 교착최장  11 | no_progress
Ep 865 |  7250스텝 | 배송 43/50 | 재적재  7 | 정지 0.22 교착최장 100 | deadlock
Ep 866 |  5319스텝 | 배송 42/50 | 재적재  8 | 정지 0.22 교착최장  37 | no_progress
Ep 867 |  6664스텝 | 배송 46/50 | 재적재  8 | 정지 0.15 교착최장  19 | no_progress
Ep 868 |  5564스텝 | 배송 46/50 | 재적재  8 | 정지 0.11 교착최장  16 | no_progress
Ep 869 |  7240스텝 | 배송 44/50 | 재적재  8 | 정지 0.16 교착최장  17 | no_progress
Ep 870 |  6935스텝 | 배송 46/50 | 재적재  7 | 정지 0.31 교착최장 100 | deadlock
Ep 871 |  6080스텝 | 배송 45/50 | 재적재  8 | 정지 0.16 교착최장  29 | no_progress
Ep 872 |  5069스텝 | 배송 42/50 | 재적재  7 | 정지 0.15 교착최장  13 | no_progress
Ep 873 |  5198스텝 | 배송 44/50 | 재적재  8 | 정지 0.17 교착최장  71 | no_progress
Ep 874 |  5717스텝 | 배송 41/50 | 재적재  7 | 정지 0.33 교착최장  27 | no_progress
Ep 875 |  5961스텝 | 배송 42/50 | 재적재  7 | 정지 0.12 교착최장  15 | no_progress
Ep 876 |  4560스텝 | 배송 43/50 | 재적재  7 | 정지 0.11 교착최장  22 | no_progress
Ep 877 |  6995스텝 | 배송 44/50 | 재적재  7 | 정지 0.13 교착최장  38 | no_progress
Ep 878 |  6206스텝 | 배송 45/50 | 재적재  8 | 정지 0.20 교착최장  25 | no_progress
Ep 879 |  6043스텝 | 배송 45/50 | 재적재  7 | 정지 0.15 교착최장  30 | no_progress
Ep 880 |  6482스텝 | 배송 43/50 | 재적재  8 | 정지 0.10 교착최장  15 | no_progress
Ep 881 |  6538스텝 | 배송 41/50 | 재적재  7 | 정지 0.14 교착최장  17 | no_progress
Ep 882 |  9192스텝 | 배송 46/50 | 재적재  7 | 정지 0.13 교착최장  21 | no_progress
Ep 883 |  8632스텝 | 배송 48/50 | 재적재  9 | 정지 0.09 교착최장  16 | no_progress
Ep 884 |  5859스텝 | 배송 42/50 | 재적재  8 | 정지 0.09 교착최장  27 | no_progress
Ep 885 |  7780스텝 | 배송 47/50 | 재적재  8 | 정지 0.21 교착최장  15 | no_progress
Ep 886 |  5415스텝 | 배송 43/50 | 재적재  8 | 정지 0.15 교착최장 100 | deadlock
Ep 887 |  9152스텝 | 배송 46/50 | 재적재  8 | 정지 0.14 교착최장  21 | no_progress
Ep 888 |  6235스텝 | 배송 44/50 | 재적재  8 | 정지 0.18 교착최장  64 | no_progress
Ep 889 |  4534스텝 | 배송 42/50 | 재적재  7 | 정지 0.15 교착최장  18 | no_progress
Ep 890 |  8964스텝 | 배송 49/50 | 재적재  8 | 정지 0.19 교착최장  36 | no_progress
Ep 891 |  8717스텝 | 배송 46/50 | 재적재  7 | 정지 0.14 교착최장  44 | no_progress
Ep 892 |  6574스텝 | 배송 42/50 | 재적재  6 | 정지 0.17 교착최장  32 | no_progress
Ep 893 |  6938스텝 | 배송 43/50 | 재적재  7 | 정지 0.17 교착최장  30 | no_progress
Ep 894 |  6118스텝 | 배송 37/50 | 재적재  5 | 정지 0.17 교착최장  30 | no_progress
Ep 895 |  7717스텝 | 배송 45/50 | 재적재  7 | 정지 0.16 교착최장  21 | no_progress
Ep 896 |  5675스텝 | 배송 40/50 | 재적재  8 | 정지 0.13 교착최장   9 | no_progress
Ep 897 |  7211스텝 | 배송 46/50 | 재적재  9 | 정지 0.11 교착최장  18 | no_progress
Ep 898 |  7292스텝 | 배송 44/50 | 재적재  7 | 정지 0.15 교착최장  32 | no_progress
Ep 899 |  4772스텝 | 배송 40/50 | 재적재  5 | 정지 0.19 교착최장  16 | no_progress
Ep 900 |  8858스텝 | 배송 42/50 | 재적재  6 | 정지 0.14 교착최장  18 | no_progress
  [홀드아웃] 배송 17.0±4.8 재적재 1.8 2홉+ 0.42 | 최고 25.9@ep250 정체 13/15
Ep 901 | 10000스텝 | 배송 43/50 | 재적재  6 | 정지 0.19 교착최장  38 | step_limit
Ep 902 |  5453스텝 | 배송 38/50 | 재적재  6 | 정지 0.19 교착최장  18 | no_progress
Ep 903 |  8307스텝 | 배송 37/50 | 재적재  4 | 정지 0.18 교착최장  15 | no_progress
Ep 904 |  5579스텝 | 배송 44/50 | 재적재  8 | 정지 0.25 교착최장  28 | no_progress
Ep 905 |  4757스텝 | 배송 39/50 | 재적재  6 | 정지 0.18 교착최장   7 | no_progress
Ep 906 |  7958스텝 | 배송 40/50 | 재적재  7 | 정지 0.19 교착최장  48 | no_progress
Ep 907 |  5700스텝 | 배송 43/50 | 재적재  6 | 정지 0.12 교착최장  14 | no_progress
Ep 908 |  8637스텝 | 배송 46/50 | 재적재  8 | 정지 0.15 교착최장  27 | no_progress
Ep 909 |  8382스텝 | 배송 42/50 | 재적재  6 | 정지 0.17 교착최장  34 | no_progress
Ep 910 |  4223스텝 | 배송 34/50 | 재적재  6 | 정지 0.17 교착최장  14 | no_progress
Ep 911 |  6602스텝 | 배송 41/50 | 재적재  7 | 정지 0.18 교착최장  26 | no_progress
Ep 912 |  5441스텝 | 배송 43/50 | 재적재  6 | 정지 0.17 교착최장 100 | deadlock
Ep 913 |  7381스텝 | 배송 46/50 | 재적재  8 | 정지 0.16 교착최장  52 | no_progress
Ep 914 |  5000스텝 | 배송 42/50 | 재적재  7 | 정지 0.14 교착최장 100 | deadlock
Ep 915 |  4182스텝 | 배송 35/50 | 재적재  5 | 정지 0.10 교착최장   7 | no_progress
Ep 916 |  4011스텝 | 배송 41/50 | 재적재  7 | 정지 0.18 교착최장 100 | deadlock
Ep 917 |  7474스텝 | 배송 41/50 | 재적재  7 | 정지 0.25 교착최장  61 | no_progress
Ep 918 |  5509스텝 | 배송 38/50 | 재적재  6 | 정지 0.24 교착최장  32 | no_progress
Ep 919 |  6316스텝 | 배송 43/50 | 재적재  8 | 정지 0.16 교착최장  23 | no_progress
Ep 920 |  4197스텝 | 배송 32/50 | 재적재  5 | 정지 0.12 교착최장  36 | no_progress
Ep 921 |  4443스텝 | 배송 45/50 | 재적재  7 | 정지 0.11 교착최장  12 | no_progress
Ep 922 |  7149스텝 | 배송 45/50 | 재적재  7 | 정지 0.11 교착최장  35 | no_progress
Ep 923 |  5272스텝 | 배송 40/50 | 재적재  7 | 정지 0.23 교착최장  54 | no_progress
Ep 924 |  5056스텝 | 배송 38/50 | 재적재  5 | 정지 0.13 교착최장  30 | no_progress
Ep 925 |  8911스텝 | 배송 44/50 | 재적재  8 | 정지 0.17 교착최장  19 | no_progress
Ep 926 |  3137스텝 | 배송 41/50 | 재적재  7 | 정지 0.18 교착최장 100 | deadlock
Ep 927 |  6591스텝 | 배송 40/50 | 재적재  8 | 정지 0.16 교착최장  48 | no_progress
Ep 928 |  8798스텝 | 배송 42/50 | 재적재  7 | 정지 0.17 교착최장  18 | no_progress
Ep 929 |  4985스텝 | 배송 43/50 | 재적재  8 | 정지 0.20 교착최장 100 | deadlock
Ep 930 |  5417스텝 | 배송 41/50 | 재적재  6 | 정지 0.15 교착최장  12 | no_progress
Ep 931 |  6358스텝 | 배송 39/50 | 재적재  7 | 정지 0.12 교착최장  20 | no_progress
Ep 932 |  5460스텝 | 배송 38/50 | 재적재  7 | 정지 0.14 교착최장   9 | no_progress
Ep 933 |  5321스텝 | 배송 41/50 | 재적재  7 | 정지 0.17 교착최장  20 | no_progress
Ep 934 |  6731스텝 | 배송 44/50 | 재적재  8 | 정지 0.22 교착최장 100 | deadlock
Ep 935 |  8263스텝 | 배송 43/50 | 재적재  7 | 정지 0.14 교착최장  20 | no_progress
Ep 936 |  8656스텝 | 배송 46/50 | 재적재  7 | 정지 0.19 교착최장  29 | no_progress
Ep 937 |  4155스텝 | 배송 38/50 | 재적재  6 | 정지 0.15 교착최장  20 | no_progress
Ep 938 |  8096스텝 | 배송 40/50 | 재적재  7 | 정지 0.16 교착최장  17 | no_progress
Ep 939 |  5624스텝 | 배송 39/50 | 재적재  7 | 정지 0.15 교착최장  23 | no_progress
Ep 940 |  7019스텝 | 배송 42/50 | 재적재  7 | 정지 0.15 교착최장 100 | deadlock
Ep 941 |  8344스텝 | 배송 44/50 | 재적재  7 | 정지 0.15 교착최장  22 | no_progress
Ep 942 |  6200스텝 | 배송 39/50 | 재적재  6 | 정지 0.22 교착최장 100 | deadlock
Ep 943 |  5595스텝 | 배송 35/50 | 재적재  5 | 정지 0.17 교착최장  38 | no_progress
Ep 944 |  5500스텝 | 배송 44/50 | 재적재  8 | 정지 0.15 교착최장   8 | no_progress
Ep 945 |  6892스텝 | 배송 44/50 | 재적재  8 | 정지 0.19 교착최장  58 | no_progress
Ep 946 |  8949스텝 | 배송 41/50 | 재적재  6 | 정지 0.15 교착최장  48 | no_progress
Ep 947 |  8287스텝 | 배송 42/50 | 재적재  7 | 정지 0.18 교착최장 100 | deadlock
Ep 948 |  6061스텝 | 배송 43/50 | 재적재  7 | 정지 0.14 교착최장   8 | no_progress
Ep 949 |  6752스텝 | 배송 46/50 | 재적재  7 | 정지 0.23 교착최장 100 | deadlock
Ep 950 |  7056스텝 | 배송 42/50 | 재적재  7 | 정지 0.12 교착최장  24 | no_progress
  [홀드아웃] 배송 23.8±5.7 재적재 3.0 2홉+ 0.52 | 최고 25.9@ep250 정체 14/15
Ep 951 |  5651스텝 | 배송 41/50 | 재적재  7 | 정지 0.10 교착최장  12 | no_progress
Ep 952 |  8050스텝 | 배송 43/50 | 재적재  8 | 정지 0.18 교착최장 100 | deadlock
Ep 953 |  6045스텝 | 배송 42/50 | 재적재  6 | 정지 0.23 교착최장  47 | no_progress
Ep 954 |  6113스텝 | 배송 44/50 | 재적재  7 | 정지 0.24 교착최장  46 | no_progress
Ep 955 |  3867스텝 | 배송 41/50 | 재적재  7 | 정지 0.16 교착최장 100 | deadlock
Ep 956 |  5141스텝 | 배송 39/50 | 재적재  7 | 정지 0.10 교착최장 100 | deadlock
Ep 957 |  6027스텝 | 배송 45/50 | 재적재  7 | 정지 0.29 교착최장 100 | deadlock
Ep 958 |  9822스텝 | 배송 45/50 | 재적재  7 | 정지 0.27 교착최장  91 | no_progress
Ep 959 |  6594스텝 | 배송 47/50 | 재적재  8 | 정지 0.23 교착최장  78 | no_progress
Ep 960 |  5649스텝 | 배송 44/50 | 재적재  7 | 정지 0.24 교착최장  50 | no_progress
Ep 961 |  5501스텝 | 배송 39/50 | 재적재  5 | 정지 0.15 교착최장  15 | no_progress
Ep 962 |  2880스텝 | 배송 25/50 | 재적재  4 | 정지 0.57 교착최장  80 | no_progress
Ep 963 |  7732스텝 | 배송 43/50 | 재적재  6 | 정지 0.13 교착최장  12 | no_progress
Ep 964 |  6706스텝 | 배송 46/50 | 재적재  9 | 정지 0.17 교착최장  71 | no_progress
Ep 965 |  7923스텝 | 배송 43/50 | 재적재  7 | 정지 0.20 교착최장  21 | no_progress
Ep 966 |  4783스텝 | 배송 44/50 | 재적재  8 | 정지 0.18 교착최장  38 | no_progress
Ep 967 |  6284스텝 | 배송 39/50 | 재적재  5 | 정지 0.19 교착최장  13 | no_progress
Ep 968 |  6980스텝 | 배송 43/50 | 재적재  8 | 정지 0.22 교착최장  17 | no_progress
Ep 969 |  7182스텝 | 배송 45/50 | 재적재  7 | 정지 0.13 교착최장  25 | no_progress
Ep 970 |  6907스텝 | 배송 42/50 | 재적재  7 | 정지 0.11 교착최장  16 | no_progress
Ep 971 |  6605스텝 | 배송 44/50 | 재적재  8 | 정지 0.12 교착최장  47 | no_progress
Ep 972 |  7669스텝 | 배송 46/50 | 재적재  8 | 정지 0.28 교착최장 100 | deadlock
Ep 973 |  6226스텝 | 배송 43/50 | 재적재  8 | 정지 0.19 교착최장 100 | deadlock
Ep 974 |  9586스텝 | 배송 43/50 | 재적재  6 | 정지 0.24 교착최장 100 | deadlock
Ep 975 |  3088스텝 | 배송 32/50 | 재적재  5 | 정지 0.11 교착최장  12 | no_progress
Ep 976 |  7360스텝 | 배송 45/50 | 재적재  7 | 정지 0.18 교착최장 100 | deadlock
Ep 977 |  6559스텝 | 배송 43/50 | 재적재  7 | 정지 0.22 교착최장  83 | no_progress
Ep 978 |  6259스텝 | 배송 45/50 | 재적재  8 | 정지 0.16 교착최장  19 | no_progress
Ep 979 |  5865스텝 | 배송 42/50 | 재적재  7 | 정지 0.27 교착최장 100 | deadlock
Ep 980 |  6616스텝 | 배송 45/50 | 재적재  8 | 정지 0.15 교착최장  21 | no_progress
Ep 981 |  7520스텝 | 배송 45/50 | 재적재  9 | 정지 0.19 교착최장  20 | no_progress
Ep 982 |  3794스텝 | 배송 41/50 | 재적재  6 | 정지 0.18 교착최장  10 | no_progress
Ep 983 |  4851스텝 | 배송 40/50 | 재적재  6 | 정지 0.13 교착최장  14 | no_progress
Ep 984 |  5556스텝 | 배송 39/50 | 재적재  6 | 정지 0.17 교착최장  10 | no_progress
Ep 985 |  7294스텝 | 배송 45/50 | 재적재  8 | 정지 0.21 교착최장  38 | no_progress
Ep 986 |  3791스텝 | 배송 35/50 | 재적재  6 | 정지 0.15 교착최장  15 | no_progress
Ep 987 |  4883스텝 | 배송 39/50 | 재적재  7 | 정지 0.13 교착최장  10 | no_progress
Ep 988 |  3676스텝 | 배송 38/50 | 재적재  6 | 정지 0.14 교착최장   6 | no_progress
Ep 989 |  6052스텝 | 배송 44/50 | 재적재  8 | 정지 0.13 교착최장  13 | no_progress
Ep 990 |  8444스텝 | 배송 42/50 | 재적재  6 | 정지 0.19 교착최장  17 | no_progress
Ep 991 |  9185스텝 | 배송 41/50 | 재적재  6 | 정지 0.19 교착최장  15 | no_progress
Ep 992 |  7325스텝 | 배송 44/50 | 재적재  8 | 정지 0.12 교착최장  23 | no_progress
Ep 993 |  6333스텝 | 배송 40/50 | 재적재  8 | 정지 0.16 교착최장  28 | no_progress
Ep 994 |  6406스텝 | 배송 42/50 | 재적재  7 | 정지 0.14 교착최장  10 | no_progress
Ep 995 |  6576스텝 | 배송 44/50 | 재적재  8 | 정지 0.17 교착최장  74 | no_progress
Ep 996 |  5438스텝 | 배송 44/50 | 재적재  8 | 정지 0.29 교착최장 100 | deadlock
Ep 997 |  9189스텝 | 배송 44/50 | 재적재  8 | 정지 0.16 교착최장  37 | no_progress
Ep 998 |  6609스텝 | 배송 41/50 | 재적재  7 | 정지 0.19 교착최장 100 | deadlock
Ep 999 |  7226스텝 | 배송 42/50 | 재적재  7 | 정지 0.22 교착최장  50 | no_progress
Ep 1000 |  5893스텝 | 배송 35/50 | 재적재  6 | 정지 0.16 교착최장  15 | no_progress
  [홀드아웃] 배송 20.4±4.4 재적재 2.2 2홉+ 0.23 | 최고 25.9@ep250 정체 15/15

조기 종료. 최고 25.9@ep250
Training finished. best=25.9 @ ep250
