/home/kopt/enter/envs/wsl_neuroMCTS/lib/python3.10/site-packages/pygame/pkgdata.py:25: UserWarning: pkg_resources is deprecated as an API. See https://setuptools.pypa.io/en/latest/pkg_resources.html. The pkg_resources package is slated for removal as early as 2025-11-30. Refrain from using this package or pin to Setuptools<81.
  from pkg_resources import resource_stream, resource_exists
pygame 2.6.1 (SDL 2.28.4, Python 3.10.19)
Hello from the pygame community. https://www.pygame.org/contribute.html
지도를 성공적으로 로드했습니다: /home/kopt/drone/proposed_src/util/disaster_map.npy
지도를 성공적으로 로드했습니다: /home/kopt/drone/proposed_src/util/disaster_map.npy
Using device: cuda  tag=v2_26_08_25_14_c300_both
설정: relay_w=2.0 alpha_min=0.0 relay_credit=True n_peers=2 comm_range=300.0
obs_dim=19, state_dim=66, total_act_dim=8
조기 종료: 50ep마다 홀드아웃 6개 평가, patience=15회
Ep 1 | Step 1000 | R   -41.26 | 배송  0/50 | 미활동 4 | 2홉+ 0.11 | 도달  372 | 차단    4
Ep 2 | Step 1000 | R   -42.73 | 배송  0/50 | 미활동 4 | 2홉+ 0.18 | 도달  457 | 차단   34
Ep 3 | Step 1000 | R   -42.39 | 배송  0/50 | 미활동 4 | 2홉+ 0.02 | 도달  318 | 차단   25
Ep 4 | Step 1000 | R   -42.04 | 배송  0/50 | 미활동 4 | 2홉+ 0.27 | 도달  502 | 차단   19
Ep 5 | Step 1000 | R   -38.35 | 배송  0/50 | 미활동 4 | 2홉+ 0.13 | 도달  467 | 차단   57
Ep 6 | Step 1000 | R   -19.96 | 배송  1/50 | 미활동 3 | 2홉+ 0.31 | 도달  508 | 차단  141
Ep 7 | Step 1000 | R    16.83 | 배송  4/50 | 미활동 2 | 2홉+ 0.44 | 도달  876 | 차단  254
Ep 8 | Step 1000 | R    -7.07 | 배송  3/50 | 미활동 2 | 2홉+ 0.67 | 도달  913 | 차단  705
Ep 9 | Step 1000 | R    41.59 | 배송  7/50 | 미활동 2 | 2홉+ 0.62 | 도달  922 | 차단 1197
Ep 10 | Step 1000 | R    67.23 | 배송 10/50 | 미활동 0 | 2홉+ 0.66 | 도달  829 | 차단 1274
Ep 11 | Step 1000 | R    53.72 | 배송  8/50 | 미활동 0 | 2홉+ 0.70 | 도달  854 | 차단 1011
Ep 12 | Step 1000 | R    61.13 | 배송  9/50 | 미활동 0 | 2홉+ 0.71 | 도달 1029 | 차단  949
Ep 13 | Step 1000 | R    83.59 | 배송 11/50 | 미활동 0 | 2홉+ 0.71 | 도달 1050 | 차단 1726
Ep 14 | Step 1000 | R    42.51 | 배송  7/50 | 미활동 2 | 2홉+ 0.71 | 도달  900 | 차단  943
Ep 15 | Step 1000 | R    45.48 | 배송  7/50 | 미활동 1 | 2홉+ 0.70 | 도달  766 | 차단  780
Ep 16 | Step 1000 | R    74.23 | 배송 10/50 | 미활동 0 | 2홉+ 0.71 | 도달 1074 | 차단 1465
Ep 17 | Step 1000 | R    31.30 | 배송  6/50 | 미활동 1 | 2홉+ 0.69 | 도달  660 | 차단  280
Ep 18 | Step 1000 | R    63.58 | 배송  8/50 | 미활동 0 | 2홉+ 0.70 | 도달  823 | 차단  782
Ep 19 | Step 1000 | R    81.67 | 배송 12/50 | 미활동 0 | 2홉+ 0.69 | 도달  711 | 차단  577
Ep 20 | Step 1000 | R    71.54 | 배송 11/50 | 미활동 0 | 2홉+ 0.67 | 도달  708 | 차단 1748
Ep 21 | Step 1000 | R    74.83 | 배송 11/50 | 미활동 1 | 2홉+ 0.68 | 도달  700 | 차단  862
Ep 22 | Step 1000 | R    83.20 | 배송 13/50 | 미활동 0 | 2홉+ 0.69 | 도달  736 | 차단  420
Ep 23 | Step 1000 | R    38.81 | 배송  9/50 | 미활동 1 | 2홉+ 0.69 | 도달  873 | 차단 1371
Ep 24 | Step 1000 | R    93.88 | 배송 14/50 | 미활동 1 | 2홉+ 0.69 | 도달  871 | 차단  951
Ep 25 | Step 1000 | R   112.07 | 배송 15/50 | 미활동 0 | 2홉+ 0.70 | 도달  735 | 차단 2174
Ep 26 | Step 1000 | R   110.03 | 배송 15/50 | 미활동 0 | 2홉+ 0.69 | 도달  973 | 차단 1354
Ep 27 | Step 1000 | R    84.55 | 배송 12/50 | 미활동 0 | 2홉+ 0.64 | 도달  927 | 차단 1572
Ep 28 | Step 1000 | R    62.03 | 배송 10/50 | 미활동 2 | 2홉+ 0.71 | 도달 1074 | 차단 2136
Ep 29 | Step 1000 | R    93.04 | 배송 14/50 | 미활동 0 | 2홉+ 0.67 | 도달  730 | 차단 2306
Ep 30 | Step 1000 | R    14.96 | 배송  7/50 | 미활동 2 | 2홉+ 0.70 | 도달 1074 | 차단 2319
Ep 31 | Step 1000 | R    49.81 | 배송 10/50 | 미활동 0 | 2홉+ 0.71 | 도달  821 | 차단 2278
Ep 32 | Step 1000 | R   106.86 | 배송 14/50 | 미활동 0 | 2홉+ 0.72 | 도달 1074 | 차단 1715
Ep 33 | Step 1000 | R    86.28 | 배송 12/50 | 미활동 0 | 2홉+ 0.69 | 도달  922 | 차단 1416
Ep 34 | Step 1000 | R    76.23 | 배송 12/50 | 미활동 0 | 2홉+ 0.71 | 도달  974 | 차단 1455
Ep 35 | Step 1000 | R    39.28 | 배송  9/50 | 미활동 1 | 2홉+ 0.66 | 도달 1058 | 차단 2032
Ep 36 | Step 1000 | R   124.59 | 배송 17/50 | 미활동 0 | 2홉+ 0.71 | 도달  920 | 차단 1732
Ep 37 | Step 1000 | R    48.17 | 배송  9/50 | 미활동 1 | 2홉+ 0.68 | 도달  906 | 차단 1206
Ep 38 | Step 1000 | R    51.24 | 배송 10/50 | 미활동 0 | 2홉+ 0.69 | 도달  773 | 차단 1817
Ep 39 | Step 1000 | R    98.32 | 배송 14/50 | 미활동 0 | 2홉+ 0.70 | 도달  914 | 차단 1952
Ep 40 | Step 1000 | R    77.92 | 배송 12/50 | 미활동 1 | 2홉+ 0.67 | 도달 1027 | 차단 2235
Ep 41 | Step 1000 | R   121.33 | 배송 15/50 | 미활동 0 | 2홉+ 0.69 | 도달  772 | 차단 1706
Ep 42 | Step 1000 | R    53.25 | 배송 10/50 | 미활동 0 | 2홉+ 0.66 | 도달  727 | 차단 2657
Ep 43 | Step 1000 | R    78.29 | 배송 11/50 | 미활동 1 | 2홉+ 0.69 | 도달  800 | 차단 2123
Ep 44 | Step 1000 | R    69.92 | 배송 11/50 | 미활동 1 | 2홉+ 0.68 | 도달  831 | 차단 1714
Ep 45 | Step 1000 | R   119.59 | 배송 14/50 | 미활동 0 | 2홉+ 0.71 | 도달 1033 | 차단  920
Ep 46 | Step 1000 | R    82.44 | 배송 11/50 | 미활동 1 | 2홉+ 0.72 | 도달  899 | 차단 1242
Ep 47 | Step 1000 | R    96.02 | 배송 12/50 | 미활동 0 | 2홉+ 0.71 | 도달 1063 | 차단 1111
Ep 48 | Step 1000 | R    47.56 | 배송  9/50 | 미활동 0 | 2홉+ 0.72 | 도달 1074 | 차단 1644
Ep 49 | Step 1000 | R    87.28 | 배송 13/50 | 미활동 0 | 2홉+ 0.72 | 도달  895 | 차단 2225
Ep 50 | Step 1000 | R    77.28 | 배송 13/50 | 미활동 0 | 2홉+ 0.71 | 도달 1074 | 차단 1486
  [홀드아웃] 배송 12.0±3.7 미활동 0.50 2홉+ 0.71 도달 829 | 최고 12.0@ep50 | 정체 0/15  ← 최고 갱신
Ep 51 | Step 1000 | R    61.25 | 배송 10/50 | 미활동 1 | 2홉+ 0.72 | 도달 1074 | 차단 1848
Ep 52 | Step 1000 | R   101.56 | 배송 13/50 | 미활동 1 | 2홉+ 0.72 | 도달  978 | 차단 1128
Ep 53 | Step 1000 | R   107.79 | 배송 15/50 | 미활동 0 | 2홉+ 0.71 | 도달  922 | 차단 2153
Ep 54 | Step 1000 | R    64.24 | 배송  9/50 | 미활동 1 | 2홉+ 0.72 | 도달 1003 | 차단 1256
Ep 55 | Step 1000 | R    95.38 | 배송 13/50 | 미활동 0 | 2홉+ 0.70 | 도달 1040 | 차단 1313
Ep 56 | Step 1000 | R   106.27 | 배송 15/50 | 미활동 0 | 2홉+ 0.70 | 도달 1023 | 차단 1626
Ep 57 | Step 1000 | R    68.33 | 배송 11/50 | 미활동 0 | 2홉+ 0.71 | 도달  924 | 차단 2655
Ep 58 | Step 1000 | R    71.07 | 배송 11/50 | 미활동 0 | 2홉+ 0.71 | 도달  684 | 차단 2295
Ep 59 | Step 1000 | R    81.79 | 배송 12/50 | 미활동 0 | 2홉+ 0.71 | 도달  812 | 차단 2120
Ep 60 | Step 1000 | R   141.82 | 배송 17/50 | 미활동 0 | 2홉+ 0.72 | 도달  830 | 차단 1320
Ep 61 | Step 1000 | R   112.19 | 배송 14/50 | 미활동 0 | 2홉+ 0.72 | 도달  866 | 차단 1953
Ep 62 | Step 1000 | R   107.19 | 배송 15/50 | 미활동 0 | 2홉+ 0.71 | 도달 1074 | 차단 1609
Ep 63 | Step 1000 | R    75.23 | 배송 13/50 | 미활동 1 | 2홉+ 0.71 | 도달  735 | 차단 2194
Ep 64 | Step 1000 | R    93.98 | 배송 13/50 | 미활동 0 | 2홉+ 0.71 | 도달  770 | 차단 1782
Ep 65 | Step 1000 | R   115.37 | 배송 16/50 | 미활동 0 | 2홉+ 0.71 | 도달 1030 | 차단 1725
Ep 66 | Step 1000 | R   139.36 | 배송 17/50 | 미활동 0 | 2홉+ 0.71 | 도달  606 | 차단 1966
Ep 67 | Step 1000 | R    76.11 | 배송 13/50 | 미활동 0 | 2홉+ 0.72 | 도달  660 | 차단 2618
Ep 68 | Step 1000 | R   101.01 | 배송 14/50 | 미활동 0 | 2홉+ 0.71 | 도달 1052 | 차단 1467
Ep 69 | Step 1000 | R    97.80 | 배송 16/50 | 미활동 0 | 2홉+ 0.71 | 도달  951 | 차단 2313
Ep 70 | Step 1000 | R   111.76 | 배송 15/50 | 미활동 0 | 2홉+ 0.71 | 도달  773 | 차단 1881
Ep 71 | Step 1000 | R    70.98 | 배송 12/50 | 미활동 0 | 2홉+ 0.71 | 도달  765 | 차단 2191
Ep 72 | Step 1000 | R    93.17 | 배송 12/50 | 미활동 0 | 2홉+ 0.72 | 도달  737 | 차단  959
Ep 73 | Step 1000 | R   144.54 | 배송 18/50 | 미활동 0 | 2홉+ 0.72 | 도달  895 | 차단 1705
Ep 74 | Step 1000 | R   181.26 | 배송 20/50 | 미활동 0 | 2홉+ 0.69 | 도달  996 | 차단  632
Ep 75 | Step 1000 | R   106.54 | 배송 15/50 | 미활동 0 | 2홉+ 0.66 | 도달  603 | 차단 2167
Ep 76 | Step 1000 | R    99.92 | 배송 14/50 | 미활동 1 | 2홉+ 0.70 | 도달  744 | 차단 2310
Ep 77 | Step 1000 | R   147.65 | 배송 17/50 | 미활동 0 | 2홉+ 0.70 | 도달  828 | 차단 2103
Ep 78 | Step 1000 | R   127.79 | 배송 16/50 | 미활동 0 | 2홉+ 0.59 | 도달  702 | 차단  988
Ep 79 | Step 1000 | R   161.71 | 배송 18/50 | 미활동 0 | 2홉+ 0.71 | 도달  662 | 차단 1217
Ep 80 | Step 1000 | R    62.78 | 배송 11/50 | 미활동 0 | 2홉+ 0.71 | 도달  822 | 차단 2030
Ep 81 | Step 1000 | R   107.94 | 배송 14/50 | 미활동 0 | 2홉+ 0.63 | 도달  815 | 차단 1763
Ep 82 | Step 1000 | R   128.27 | 배송 17/50 | 미활동 0 | 2홉+ 0.69 | 도달  946 | 차단 1802
Ep 83 | Step 1000 | R   114.57 | 배송 16/50 | 미활동 0 | 2홉+ 0.70 | 도달  835 | 차단 1159
Ep 84 | Step 1000 | R    98.03 | 배송 14/50 | 미활동 0 | 2홉+ 0.70 | 도달 1074 | 차단 1360
Ep 85 | Step 1000 | R   101.54 | 배송 14/50 | 미활동 0 | 2홉+ 0.71 | 도달  969 | 차단 1384
Ep 86 | Step 1000 | R   137.46 | 배송 18/50 | 미활동 0 | 2홉+ 0.69 | 도달  906 | 차단  819
Ep 87 | Step 1000 | R   109.78 | 배송 16/50 | 미활동 0 | 2홉+ 0.70 | 도달  951 | 차단 1577
Ep 88 | Step 1000 | R   131.45 | 배송 17/50 | 미활동 0 | 2홉+ 0.70 | 도달  964 | 차단 1422
Ep 89 | Step 1000 | R   110.20 | 배송 14/50 | 미활동 0 | 2홉+ 0.72 | 도달  951 | 차단 1014
Ep 90 | Step 1000 | R   110.37 | 배송 14/50 | 미활동 0 | 2홉+ 0.63 | 도달  830 | 차단 1389
Ep 91 | Step 1000 | R    97.97 | 배송 13/50 | 미활동 1 | 2홉+ 0.71 | 도달 1024 | 차단  968
Ep 92 | Step 1000 | R   145.83 | 배송 17/50 | 미활동 0 | 2홉+ 0.62 | 도달  744 | 차단 1249
Ep 93 | Step 1000 | R    60.95 | 배송  9/50 | 미활동 0 | 2홉+ 0.71 | 도달  895 | 차단 2379
Ep 94 | Step 1000 | R   130.11 | 배송 17/50 | 미활동 0 | 2홉+ 0.69 | 도달 1016 | 차단 1851
Ep 95 | Step 1000 | R    -2.99 | 배송  5/50 | 미활동 1 | 2홉+ 0.49 | 도달  599 | 차단 2592
Ep 96 | Step 1000 | R   114.02 | 배송 16/50 | 미활동 0 | 2홉+ 0.71 | 도달 1049 | 차단 1936
Ep 97 | Step 1000 | R    89.52 | 배송 12/50 | 미활동 0 | 2홉+ 0.72 | 도달  846 | 차단 2145
Ep 98 | Step 1000 | R    60.03 | 배송 12/50 | 미활동 0 | 2홉+ 0.70 | 도달  868 | 차단 2770
Ep 99 | Step 1000 | R   122.79 | 배송 16/50 | 미활동 0 | 2홉+ 0.71 | 도달  921 | 차단  854
Ep 100 | Step 1000 | R    53.25 | 배송  9/50 | 미활동 0 | 2홉+ 0.72 | 도달  706 | 차단 2179
  [홀드아웃] 배송 8.5±3.3 미활동 0.33 2홉+ 0.72 도달 742 | 최고 12.0@ep50 | 정체 1/15
Ep 101 | Step 1000 | R   156.04 | 배송 19/50 | 미활동 0 | 2홉+ 0.70 | 도달  972 | 차단  858
Ep 102 | Step 1000 | R   116.45 | 배송 16/50 | 미활동 0 | 2홉+ 0.71 | 도달  864 | 차단 1764
Ep 103 | Step 1000 | R    72.20 | 배송 12/50 | 미활동 0 | 2홉+ 0.71 | 도달  645 | 차단 2614
Ep 104 | Step 1000 | R   160.65 | 배송 18/50 | 미활동 0 | 2홉+ 0.71 | 도달  653 | 차단 1251
Ep 105 | Step 1000 | R    52.71 | 배송 11/50 | 미활동 1 | 2홉+ 0.71 | 도달  842 | 차단 2747
Ep 106 | Step 1000 | R   131.09 | 배송 17/50 | 미활동 0 | 2홉+ 0.72 | 도달  977 | 차단 1498
Ep 107 | Step 1000 | R    93.59 | 배송 13/50 | 미활동 1 | 2홉+ 0.71 | 도달  967 | 차단 1656
Ep 108 | Step 1000 | R   141.86 | 배송 17/50 | 미활동 0 | 2홉+ 0.72 | 도달 1070 | 차단  603
Ep 109 | Step 1000 | R   165.57 | 배송 20/50 | 미활동 0 | 2홉+ 0.72 | 도달  923 | 차단 1239
Ep 110 | Step 1000 | R    98.17 | 배송 14/50 | 미활동 0 | 2홉+ 0.71 | 도달  964 | 차단 1967
Ep 111 | Step 1000 | R    65.79 | 배송 12/50 | 미활동 0 | 2홉+ 0.71 | 도달  953 | 차단 2187
Ep 112 | Step 1000 | R   123.71 | 배송 15/50 | 미활동 0 | 2홉+ 0.72 | 도달  909 | 차단 1243
Ep 113 | Step 1000 | R   122.57 | 배송 16/50 | 미활동 0 | 2홉+ 0.70 | 도달 1069 | 차단  921
Ep 114 | Step 1000 | R   110.68 | 배송 15/50 | 미활동 0 | 2홉+ 0.71 | 도달  998 | 차단 1493
Ep 115 | Step 1000 | R    75.38 | 배송 11/50 | 미활동 1 | 2홉+ 0.72 | 도달  981 | 차단 1113
Ep 116 | Step 1000 | R   175.96 | 배송 16/50 | 미활동 0 | 2홉+ 0.66 | 도달  993 | 차단  744
Ep 117 | Step 1000 | R   131.40 | 배송 17/50 | 미활동 0 | 2홉+ 0.71 | 도달  978 | 차단 1180
Ep 118 | Step 1000 | R    83.81 | 배송 12/50 | 미활동 0 | 2홉+ 0.71 | 도달  869 | 차단 1776
Ep 119 | Step 1000 | R   142.04 | 배송 18/50 | 미활동 0 | 2홉+ 0.68 | 도달  848 | 차단 1646
Ep 120 | Step 1000 | R   108.11 | 배송 15/50 | 미활동 0 | 2홉+ 0.66 | 도달  920 | 차단 1612
Ep 121 | Step 1000 | R    91.19 | 배송 12/50 | 미활동 0 | 2홉+ 0.70 | 도달  799 | 차단 1335
Ep 122 | Step 1000 | R    95.03 | 배송 12/50 | 미활동 0 | 2홉+ 0.70 | 도달  751 | 차단 2099
Ep 123 | Step 1000 | R   141.67 | 배송 17/50 | 미활동 0 | 2홉+ 0.69 | 도달  995 | 차단 1258
Ep 124 | Step 1000 | R   122.87 | 배송 15/50 | 미활동 0 | 2홉+ 0.71 | 도달  810 | 차단 1573
Ep 125 | Step 1000 | R   130.37 | 배송 16/50 | 미활동 0 | 2홉+ 0.71 | 도달  835 | 차단 1454
Ep 126 | Step 1000 | R   103.06 | 배송 14/50 | 미활동 0 | 2홉+ 0.69 | 도달  897 | 차단 1460
Ep 127 | Step 1000 | R   132.16 | 배송 17/50 | 미활동 0 | 2홉+ 0.70 | 도달  952 | 차단  919
Ep 128 | Step 1000 | R   143.46 | 배송 18/50 | 미활동 0 | 2홉+ 0.70 | 도달  875 | 차단 1206
Ep 129 | Step 1000 | R   158.25 | 배송 17/50 | 미활동 0 | 2홉+ 0.70 | 도달  846 | 차단  652
Ep 130 | Step 1000 | R    76.58 | 배송 12/50 | 미활동 0 | 2홉+ 0.71 | 도달 1066 | 차단 1780
Ep 131 | Step 1000 | R     4.20 | 배송  4/50 | 미활동 1 | 2홉+ 0.71 | 도달  672 | 차단 1722
Ep 132 | Step 1000 | R    65.70 | 배송 13/50 | 미활동 0 | 2홉+ 0.71 | 도달  756 | 차단 2291
Ep 133 | Step 1000 | R   112.51 | 배송 15/50 | 미활동 0 | 2홉+ 0.70 | 도달  975 | 차단 1370
Ep 134 | Step 1000 | R   158.80 | 배송 19/50 | 미활동 0 | 2홉+ 0.71 | 도달  780 | 차단 1536
Ep 135 | Step 1000 | R   110.65 | 배송 15/50 | 미활동 0 | 2홉+ 0.64 | 도달  908 | 차단 1443
Ep 136 | Step 1000 | R   110.07 | 배송 14/50 | 미활동 0 | 2홉+ 0.64 | 도달  812 | 차단 1085
Ep 137 | Step 1000 | R   121.45 | 배송 15/50 | 미활동 0 | 2홉+ 0.70 | 도달  977 | 차단 1167
Ep 138 | Step 1000 | R    91.60 | 배송 13/50 | 미활동 1 | 2홉+ 0.70 | 도달  649 | 차단 2091
Ep 139 | Step 1000 | R   110.57 | 배송 15/50 | 미활동 0 | 2홉+ 0.71 | 도달  775 | 차단 1769
Ep 140 | Step 1000 | R   180.23 | 배송 20/50 | 미활동 0 | 2홉+ 0.68 | 도달  970 | 차단  664
Ep 141 | Step 1000 | R   155.21 | 배송 18/50 | 미활동 0 | 2홉+ 0.67 | 도달  894 | 차단 1380
Ep 142 | Step 1000 | R    47.15 | 배송 10/50 | 미활동 0 | 2홉+ 0.68 | 도달  659 | 차단 2815
Ep 143 | Step 1000 | R   137.50 | 배송 15/50 | 미활동 0 | 2홉+ 0.72 | 도달  815 | 차단  812
Ep 144 | Step 1000 | R    80.09 | 배송 11/50 | 미활동 0 | 2홉+ 0.70 | 도달  766 | 차단 1281
Ep 145 | Step 1000 | R    96.74 | 배송 14/50 | 미활동 0 | 2홉+ 0.70 | 도달  786 | 차단 1780
Ep 146 | Step 1000 | R   160.86 | 배송 18/50 | 미활동 0 | 2홉+ 0.67 | 도달  930 | 차단 1192
Ep 147 | Step 1000 | R    87.83 | 배송 12/50 | 미활동 0 | 2홉+ 0.71 | 도달  853 | 차단 1679
Ep 148 | Step 1000 | R   130.36 | 배송 15/50 | 미활동 0 | 2홉+ 0.70 | 도달  770 | 차단 1057
Ep 149 | Step 1000 | R   106.27 | 배송 14/50 | 미활동 0 | 2홉+ 0.70 | 도달  941 | 차단 1421
Ep 150 | Step 1000 | R    55.89 | 배송  9/50 | 미활동 1 | 2홉+ 0.69 | 도달  597 | 차단 1692
  [홀드아웃] 배송 7.8±3.3 미활동 1.17 2홉+ 0.58 도달 582 | 최고 12.0@ep50 | 정체 2/15
Ep 151 | Step 1000 | R   120.10 | 배송 15/50 | 미활동 0 | 2홉+ 0.65 | 도달  694 | 차단 1369
Ep 152 | Step 1000 | R   105.54 | 배송 14/50 | 미활동 0 | 2홉+ 0.71 | 도달  727 | 차단 1422
Ep 153 | Step 1000 | R   145.75 | 배송 16/50 | 미활동 0 | 2홉+ 0.68 | 도달  800 | 차단  633
Ep 154 | Step 1000 | R   145.97 | 배송 13/50 | 미활동 1 | 2홉+ 0.62 | 도달  710 | 차단  734
Ep 155 | Step 1000 | R   121.25 | 배송 16/50 | 미활동 0 | 2홉+ 0.70 | 도달  900 | 차단 1529
Ep 156 | Step 1000 | R   188.41 | 배송 20/50 | 미활동 0 | 2홉+ 0.69 | 도달  916 | 차단  558
Ep 157 | Step 1000 | R   189.11 | 배송 18/50 | 미활동 0 | 2홉+ 0.65 | 도달  800 | 차단 1038
Ep 158 | Step 1000 | R   107.09 | 배송 14/50 | 미활동 0 | 2홉+ 0.56 | 도달  649 | 차단 1911
Ep 159 | Step 1000 | R   176.75 | 배송 20/50 | 미활동 0 | 2홉+ 0.69 | 도달 1062 | 차단  701
Ep 160 | Step 1000 | R   133.66 | 배송 13/50 | 미활동 1 | 2홉+ 0.69 | 도달  601 | 차단 1628
Ep 161 | Step 1000 | R   131.52 | 배송 15/50 | 미활동 0 | 2홉+ 0.61 | 도달  690 | 차단  814
Ep 162 | Step 1000 | R    82.96 | 배송 13/50 | 미활동 0 | 2홉+ 0.70 | 도달  915 | 차단 1946
Ep 163 | Step 1000 | R   139.75 | 배송 17/50 | 미활동 0 | 2홉+ 0.56 | 도달  824 | 차단 1699
Ep 164 | Step 1000 | R   126.14 | 배송 16/50 | 미활동 0 | 2홉+ 0.66 | 도달  908 | 차단  611
Ep 165 | Step 1000 | R   149.84 | 배송 18/50 | 미활동 0 | 2홉+ 0.69 | 도달  770 | 차단 1575
Ep 166 | Step 1000 | R    71.39 | 배송 10/50 | 미활동 1 | 2홉+ 0.70 | 도달  680 | 차단 2089
Ep 167 | Step 1000 | R    89.44 | 배송 13/50 | 미활동 1 | 2홉+ 0.69 | 도달  575 | 차단 1742
Ep 168 | Step 1000 | R   100.49 | 배송 14/50 | 미활동 0 | 2홉+ 0.70 | 도달  714 | 차단 1865
Ep 169 | Step 1000 | R   133.99 | 배송 15/50 | 미활동 0 | 2홉+ 0.71 | 도달  969 | 차단  760
Ep 170 | Step 1000 | R   153.32 | 배송 18/50 | 미활동 0 | 2홉+ 0.68 | 도달  925 | 차단 1444
Ep 171 | Step 1000 | R   143.88 | 배송 16/50 | 미활동 0 | 2홉+ 0.71 | 도달  916 | 차단 1000
Ep 172 | Step 1000 | R   162.24 | 배송 18/50 | 미활동 0 | 2홉+ 0.64 | 도달  769 | 차단  521
Ep 173 | Step 1000 | R   166.24 | 배송 18/50 | 미활동 0 | 2홉+ 0.69 | 도달  738 | 차단  935
Ep 174 | Step 1000 | R   145.40 | 배송 16/50 | 미활동 0 | 2홉+ 0.59 | 도달  588 | 차단  470
Ep 175 | Step 1000 | R    67.58 | 배송  9/50 | 미활동 0 | 2홉+ 0.58 | 도달  734 | 차단 1559
Ep 176 | Step 1000 | R   144.27 | 배송 17/50 | 미활동 0 | 2홉+ 0.71 | 도달  972 | 차단 1078
Ep 177 | Step 1000 | R   127.78 | 배송 15/50 | 미활동 0 | 2홉+ 0.64 | 도달  699 | 차단  914
Ep 178 | Step 1000 | R   148.21 | 배송 18/50 | 미활동 0 | 2홉+ 0.69 | 도달  820 | 차단 1255
Ep 179 | Step 1000 | R   115.50 | 배송 15/50 | 미활동 0 | 2홉+ 0.66 | 도달  753 | 차단 1303
Ep 180 | Step 1000 | R   133.31 | 배송 15/50 | 미활동 0 | 2홉+ 0.66 | 도달  876 | 차단  410
Ep 181 | Step 1000 | R    90.11 | 배송 12/50 | 미활동 1 | 2홉+ 0.71 | 도달  769 | 차단 1048
Ep 182 | Step 1000 | R   123.26 | 배송 15/50 | 미활동 0 | 2홉+ 0.64 | 도달  709 | 차단  693
Ep 183 | Step 1000 | R    85.57 | 배송 11/50 | 미활동 0 | 2홉+ 0.66 | 도달  619 | 차단  630
Ep 184 | Step 1000 | R   157.72 | 배송 17/50 | 미활동 0 | 2홉+ 0.69 | 도달  754 | 차단  549
Ep 185 | Step 1000 | R   107.79 | 배송 14/50 | 미활동 0 | 2홉+ 0.66 | 도달  849 | 차단  729
Ep 186 | Step 1000 | R   130.26 | 배송 15/50 | 미활동 0 | 2홉+ 0.51 | 도달  699 | 차단  317
Ep 187 | Step 1000 | R   128.27 | 배송 15/50 | 미활동 0 | 2홉+ 0.70 | 도달  881 | 차단  345
Ep 188 | Step 1000 | R   116.86 | 배송 15/50 | 미활동 0 | 2홉+ 0.70 | 도달  986 | 차단  615
Ep 189 | Step 1000 | R   112.72 | 배송 15/50 | 미활동 0 | 2홉+ 0.70 | 도달  978 | 차단  875
Ep 190 | Step 1000 | R   138.68 | 배송 16/50 | 미활동 0 | 2홉+ 0.67 | 도달  832 | 차단  801
Ep 191 | Step 1000 | R   134.75 | 배송 16/50 | 미활동 0 | 2홉+ 0.69 | 도달  863 | 차단  923
Ep 192 | Step 1000 | R   130.82 | 배송 15/50 | 미활동 0 | 2홉+ 0.69 | 도달  767 | 차단  263
Ep 193 | Step 1000 | R   120.57 | 배송 16/50 | 미활동 0 | 2홉+ 0.69 | 도달 1011 | 차단 1990
Ep 194 | Step 1000 | R    97.51 | 배송 14/50 | 미활동 0 | 2홉+ 0.71 | 도달  953 | 차단 1884
Ep 195 | Step 1000 | R   150.47 | 배송 17/50 | 미활동 0 | 2홉+ 0.71 | 도달  799 | 차단  602
Ep 196 | Step 1000 | R   104.15 | 배송 14/50 | 미활동 0 | 2홉+ 0.71 | 도달  956 | 차단 1121
Ep 197 | Step 1000 | R   113.03 | 배송 15/50 | 미활동 0 | 2홉+ 0.71 | 도달  860 | 차단 1382
Ep 198 | Step 1000 | R   123.73 | 배송 15/50 | 미활동 0 | 2홉+ 0.71 | 도달  921 | 차단 1251
Ep 199 | Step 1000 | R   118.70 | 배송 15/50 | 미활동 0 | 2홉+ 0.70 | 도달  771 | 차단  865
Ep 200 | Step 1000 | R   122.37 | 배송 15/50 | 미활동 0 | 2홉+ 0.70 | 도달  934 | 차단  995
  [홀드아웃] 배송 7.7±2.2 미활동 0.50 2홉+ 0.72 도달 788 | 최고 12.0@ep50 | 정체 3/15
Ep 201 | Step 1000 | R    66.01 | 배송 12/50 | 미활동 0 | 2홉+ 0.69 | 도달  699 | 차단 2852
Ep 202 | Step 1000 | R   167.12 | 배송 18/50 | 미활동 0 | 2홉+ 0.71 | 도달  755 | 차단  449
Ep 203 | Step 1000 | R   108.32 | 배송 13/50 | 미활동 0 | 2홉+ 0.70 | 도달  795 | 차단  877
Ep 204 | Step 1000 | R   135.26 | 배송 16/50 | 미활동 0 | 2홉+ 0.67 | 도달  699 | 차단 1048
Ep 205 | Step 1000 | R   155.92 | 배송 18/50 | 미활동 0 | 2홉+ 0.70 | 도달  783 | 차단  957
Ep 206 | Step 1000 | R    95.18 | 배송 12/50 | 미활동 1 | 2홉+ 0.72 | 도달  949 | 차단 1506
Ep 207 | Step 1000 | R    98.05 | 배송 13/50 | 미활동 0 | 2홉+ 0.63 | 도달  630 | 차단 1514
Ep 208 | Step 1000 | R   100.72 | 배송 13/50 | 미활동 0 | 2홉+ 0.60 | 도달  914 | 차단  740
Ep 209 | Step 1000 | R    95.35 | 배송 12/50 | 미활동 0 | 2홉+ 0.70 | 도달  752 | 차단 1890
Ep 210 | Step 1000 | R   129.44 | 배송 15/50 | 미활동 0 | 2홉+ 0.70 | 도달  707 | 차단  496
Ep 211 | Step 1000 | R   154.96 | 배송 18/50 | 미활동 0 | 2홉+ 0.64 | 도달  886 | 차단  880
Ep 212 | Step 1000 | R   138.06 | 배송 17/50 | 미활동 0 | 2홉+ 0.71 | 도달  831 | 차단 1183
Ep 213 | Step 1000 | R   106.22 | 배송 14/50 | 미활동 0 | 2홉+ 0.70 | 도달  698 | 차단 1022
Ep 214 | Step 1000 | R    93.95 | 배송 13/50 | 미활동 0 | 2홉+ 0.60 | 도달  649 | 차단 1450
Ep 215 | Step 1000 | R   130.08 | 배송 15/50 | 미활동 0 | 2홉+ 0.63 | 도달  706 | 차단  915
Ep 216 | Step 1000 | R   129.22 | 배송 15/50 | 미활동 0 | 2홉+ 0.40 | 도달  600 | 차단 1089
Ep 217 | Step 1000 | R   147.21 | 배송 17/50 | 미활동 0 | 2홉+ 0.71 | 도달  653 | 차단  946
Ep 218 | Step 1000 | R    99.05 | 배송 13/50 | 미활동 0 | 2홉+ 0.64 | 도달  597 | 차단 1389
Ep 219 | Step 1000 | R   124.92 | 배송 15/50 | 미활동 0 | 2홉+ 0.71 | 도달  924 | 차단  696
Ep 220 | Step 1000 | R   163.87 | 배송 19/50 | 미활동 0 | 2홉+ 0.71 | 도달  832 | 차단 1139
Ep 221 | Step 1000 | R   131.25 | 배송 15/50 | 미활동 0 | 2홉+ 0.65 | 도달  742 | 차단  902
Ep 222 | Step 1000 | R    84.83 | 배송 12/50 | 미활동 0 | 2홉+ 0.71 | 도달  913 | 차단 1411
Ep 223 | Step 1000 | R    97.27 | 배송 13/50 | 미활동 0 | 2홉+ 0.58 | 도달  614 | 차단 1724
Ep 224 | Step 1000 | R   172.36 | 배송 19/50 | 미활동 0 | 2홉+ 0.72 | 도달  803 | 차단  888
Ep 225 | Step 1000 | R   109.90 | 배송 14/50 | 미활동 0 | 2홉+ 0.71 | 도달  779 | 차단 1556
Ep 226 | Step 1000 | R   165.32 | 배송 18/50 | 미활동 0 | 2홉+ 0.70 | 도달  734 | 차단  903
Ep 227 | Step 1000 | R    93.69 | 배송 13/50 | 미활동 0 | 2홉+ 0.71 | 도달  880 | 차단 1595
Ep 228 | Step 1000 | R   118.64 | 배송 16/50 | 미활동 0 | 2홉+ 0.71 | 도달 1015 | 차단 1319
Ep 229 | Step 1000 | R   144.43 | 배송 16/50 | 미활동 0 | 2홉+ 0.66 | 도달  687 | 차단  793
Ep 230 | Step 1000 | R   133.20 | 배송 16/50 | 미활동 0 | 2홉+ 0.58 | 도달  609 | 차단 1215
Ep 231 | Step 1000 | R   113.44 | 배송 15/50 | 미활동 0 | 2홉+ 0.71 | 도달  772 | 차단 1649
Ep 232 | Step 1000 | R   134.30 | 배송 16/50 | 미활동 0 | 2홉+ 0.69 | 도달  715 | 차단  335
Ep 233 | Step 1000 | R    98.91 | 배송 13/50 | 미활동 0 | 2홉+ 0.60 | 도달  801 | 차단  889
Ep 234 | Step 1000 | R   148.74 | 배송 18/50 | 미활동 0 | 2홉+ 0.70 | 도달  790 | 차단 1651
Ep 235 | Step 1000 | R   139.55 | 배송 16/50 | 미활동 0 | 2홉+ 0.68 | 도달  792 | 차단  467
Ep 236 | Step 1000 | R   111.08 | 배송 14/50 | 미활동 0 | 2홉+ 0.68 | 도달  822 | 차단  742
Ep 237 | Step 1000 | R   136.94 | 배송 16/50 | 미활동 0 | 2홉+ 0.71 | 도달  606 | 차단  921
Ep 238 | Step 1000 | R   124.23 | 배송 16/50 | 미활동 0 | 2홉+ 0.67 | 도달  825 | 차단  861
Ep 239 | Step 1000 | R   117.93 | 배송 15/50 | 미활동 0 | 2홉+ 0.70 | 도달  619 | 차단 1393
Ep 240 | Step 1000 | R   148.36 | 배송 17/50 | 미활동 0 | 2홉+ 0.70 | 도달  762 | 차단  469
Ep 241 | Step 1000 | R   142.01 | 배송 16/50 | 미활동 0 | 2홉+ 0.65 | 도달  647 | 차단  553
Ep 242 | Step 1000 | R   127.26 | 배송 15/50 | 미활동 0 | 2홉+ 0.69 | 도달  677 | 차단  757
Ep 243 | Step 1000 | R   107.83 | 배송 14/50 | 미활동 0 | 2홉+ 0.70 | 도달  628 | 차단 1469
Ep 244 | Step 1000 | R    74.28 | 배송 11/50 | 미활동 1 | 2홉+ 0.71 | 도달  624 | 차단 1445
Ep 245 | Step 1000 | R   130.41 | 배송 16/50 | 미활동 0 | 2홉+ 0.58 | 도달  794 | 차단 1083
Ep 246 | Step 1000 | R   135.36 | 배송 15/50 | 미활동 1 | 2홉+ 0.67 | 도달  740 | 차단  529
Ep 247 | Step 1000 | R   130.75 | 배송 15/50 | 미활동 0 | 2홉+ 0.69 | 도달  790 | 차단  619
Ep 248 | Step 1000 | R   132.07 | 배송 15/50 | 미활동 0 | 2홉+ 0.68 | 도달  550 | 차단  636
Ep 249 | Step 1000 | R    92.78 | 배송 12/50 | 미활동 0 | 2홉+ 0.70 | 도달  718 | 차단  893
Ep 250 | Step 1000 | R   169.20 | 배송 18/50 | 미활동 0 | 2홉+ 0.67 | 도달  660 | 차단  589
  [홀드아웃] 배송 12.7±4.4 미활동 0.33 2홉+ 0.64 도달 658 | 최고 12.7@ep250 | 정체 0/15  ← 최고 갱신
Ep 251 | Step 1000 | R   135.89 | 배송 16/50 | 미활동 0 | 2홉+ 0.42 | 도달  686 | 차단  573
Ep 252 | Step 1000 | R   158.70 | 배송 16/50 | 미활동 0 | 2홉+ 0.66 | 도달  797 | 차단 1573
Ep 253 | Step 1000 | R   136.20 | 배송 15/50 | 미활동 0 | 2홉+ 0.71 | 도달  726 | 차단  551
Ep 254 | Step 1000 | R    87.61 | 배송 11/50 | 미활동 0 | 2홉+ 0.71 | 도달  569 | 차단  721
Ep 255 | Step 1000 | R   123.78 | 배송 14/50 | 미활동 0 | 2홉+ 0.61 | 도달  667 | 차단  435
Ep 256 | Step 1000 | R   109.41 | 배송 15/50 | 미활동 0 | 2홉+ 0.71 | 도달  713 | 차단  681
Ep 257 | Step 1000 | R   159.04 | 배송 18/50 | 미활동 0 | 2홉+ 0.50 | 도달  721 | 차단  784
Ep 258 | Step 1000 | R   121.17 | 배송 14/50 | 미활동 0 | 2홉+ 0.52 | 도달  577 | 차단  983
Ep 259 | Step 1000 | R   149.48 | 배송 17/50 | 미활동 0 | 2홉+ 0.62 | 도달  679 | 차단  471
Ep 260 | Step 1000 | R   179.68 | 배송 19/50 | 미활동 0 | 2홉+ 0.65 | 도달  717 | 차단  579
Ep 261 | Step 1000 | R   115.14 | 배송 14/50 | 미활동 0 | 2홉+ 0.64 | 도달  697 | 차단  742
Ep 262 | Step 1000 | R   201.82 | 배송 18/50 | 미활동 0 | 2홉+ 0.51 | 도달  606 | 차단  128
Ep 263 | Step 1000 | R   170.14 | 배송 19/50 | 미활동 0 | 2홉+ 0.69 | 도달  628 | 차단 1150
Ep 264 | Step 1000 | R   114.98 | 배송 14/50 | 미활동 0 | 2홉+ 0.43 | 도달  641 | 차단  885
Ep 265 | Step 1000 | R    88.15 | 배송 11/50 | 미활동 0 | 2홉+ 0.54 | 도달  603 | 차단  517
Ep 266 | Step 1000 | R   159.34 | 배송 17/50 | 미활동 0 | 2홉+ 0.61 | 도달  646 | 차단  571
Ep 267 | Step 1000 | R   129.04 | 배송 15/50 | 미활동 0 | 2홉+ 0.69 | 도달  689 | 차단  880
Ep 268 | Step 1000 | R   156.01 | 배송 18/50 | 미활동 0 | 2홉+ 0.71 | 도달  955 | 차단  820
Ep 269 | Step 1000 | R   156.39 | 배송 17/50 | 미활동 0 | 2홉+ 0.61 | 도달  620 | 차단  290
Ep 270 | Step 1000 | R   152.59 | 배송 17/50 | 미활동 0 | 2홉+ 0.65 | 도달  810 | 차단 1177
Ep 271 | Step 1000 | R   135.97 | 배송 16/50 | 미활동 0 | 2홉+ 0.69 | 도달  889 | 차단  754
Ep 272 | Step 1000 | R   146.83 | 배송 17/50 | 미활동 0 | 2홉+ 0.70 | 도달  773 | 차단 1155
Ep 273 | Step 1000 | R   170.74 | 배송 18/50 | 미활동 0 | 2홉+ 0.71 | 도달  690 | 차단  746
Ep 274 | Step 1000 | R   149.85 | 배송 16/50 | 미활동 0 | 2홉+ 0.50 | 도달  569 | 차단  200
Ep 275 | Step 1000 | R   148.79 | 배송 17/50 | 미활동 0 | 2홉+ 0.71 | 도달  623 | 차단  764
Ep 276 | Step 1000 | R   132.93 | 배송 15/50 | 미활동 0 | 2홉+ 0.52 | 도달  611 | 차단  694
Ep 277 | Step 1000 | R   116.58 | 배송 14/50 | 미활동 0 | 2홉+ 0.57 | 도달  620 | 차단  860
Ep 278 | Step 1000 | R   124.56 | 배송 14/50 | 미활동 0 | 2홉+ 0.68 | 도달  730 | 차단  577
Ep 279 | Step 1000 | R   127.92 | 배송 16/50 | 미활동 0 | 2홉+ 0.71 | 도달  664 | 차단 1030
Ep 280 | Step 1000 | R   111.40 | 배송 13/50 | 미활동 0 | 2홉+ 0.65 | 도달  607 | 차단  448
Ep 281 | Step 1000 | R   148.33 | 배송 17/50 | 미활동 0 | 2홉+ 0.55 | 도달  650 | 차단  940
Ep 282 | Step 1000 | R   142.49 | 배송 16/50 | 미활동 0 | 2홉+ 0.69 | 도달  739 | 차단  844
Ep 283 | Step 1000 | R   133.73 | 배송 16/50 | 미활동 0 | 2홉+ 0.57 | 도달  569 | 차단  876
Ep 284 | Step 1000 | R   151.59 | 배송 18/50 | 미활동 0 | 2홉+ 0.59 | 도달  848 | 차단  369
Ep 285 | Step 1000 | R   124.68 | 배송 16/50 | 미활동 0 | 2홉+ 0.70 | 도달  596 | 차단 1652
Ep 286 | Step 1000 | R   118.62 | 배송 14/50 | 미활동 0 | 2홉+ 0.43 | 도달  558 | 차단  729
Ep 287 | Step 1000 | R   129.33 | 배송 15/50 | 미활동 0 | 2홉+ 0.64 | 도달  660 | 차단  740
Ep 288 | Step 1000 | R   131.63 | 배송 15/50 | 미활동 0 | 2홉+ 0.68 | 도달  801 | 차단  565
Ep 289 | Step 1000 | R   109.99 | 배송 15/50 | 미활동 0 | 2홉+ 0.51 | 도달  636 | 차단 1737
Ep 290 | Step 1000 | R   168.39 | 배송 18/50 | 미활동 0 | 2홉+ 0.66 | 도달  672 | 차단  395
Ep 291 | Step 1000 | R   153.62 | 배송 15/50 | 미활동 0 | 2홉+ 0.66 | 도달  601 | 차단  413
Ep 292 | Step 1000 | R   131.76 | 배송 15/50 | 미활동 0 | 2홉+ 0.70 | 도달  636 | 차단  539
Ep 293 | Step 1000 | R    83.86 | 배송 11/50 | 미활동 0 | 2홉+ 0.45 | 도달  643 | 차단  868
Ep 294 | Step 1000 | R   135.71 | 배송 14/50 | 미활동 0 | 2홉+ 0.42 | 도달  553 | 차단  236
Ep 295 | Step 1000 | R    52.83 | 배송  8/50 | 미활동 0 | 2홉+ 0.48 | 도달  502 | 차단  973
Ep 296 | Step 1000 | R   148.75 | 배송 17/50 | 미활동 0 | 2홉+ 0.70 | 도달  727 | 차단  718
Ep 297 | Step 1000 | R   157.40 | 배송 18/50 | 미활동 0 | 2홉+ 0.69 | 도달  653 | 차단  662
Ep 298 | Step 1000 | R    91.74 | 배송 12/50 | 미활동 0 | 2홉+ 0.69 | 도달  614 | 차단  301
Ep 299 | Step 1000 | R   147.51 | 배송 16/50 | 미활동 0 | 2홉+ 0.69 | 도달  816 | 차단  382
Ep 300 | Step 1000 | R   158.18 | 배송 17/50 | 미활동 0 | 2홉+ 0.67 | 도달  755 | 차단  348
  [홀드아웃] 배송 11.3±5.2 미활동 0.33 2홉+ 0.63 도달 680 | 최고 12.7@ep250 | 정체 1/15
Ep 301 | Step 1000 | R   146.32 | 배송 16/50 | 미활동 0 | 2홉+ 0.64 | 도달  880 | 차단  602
Ep 302 | Step 1000 | R   199.97 | 배송 18/50 | 미활동 0 | 2홉+ 0.63 | 도달  590 | 차단  313
Ep 303 | Step 1000 | R   143.16 | 배송 15/50 | 미활동 0 | 2홉+ 0.47 | 도달  735 | 차단  659
Ep 304 | Step 1000 | R   198.80 | 배송 18/50 | 미활동 0 | 2홉+ 0.63 | 도달  598 | 차단  454
Ep 305 | Step 1000 | R   121.04 | 배송 15/50 | 미활동 0 | 2홉+ 0.63 | 도달  756 | 차단  994
Ep 306 | Step 1000 | R   166.74 | 배송 18/50 | 미활동 0 | 2홉+ 0.69 | 도달  757 | 차단  278
Ep 307 | Step 1000 | R   176.56 | 배송 20/50 | 미활동 0 | 2홉+ 0.63 | 도달  841 | 차단  618
Ep 308 | Step 1000 | R   154.31 | 배송 17/50 | 미활동 0 | 2홉+ 0.51 | 도달  582 | 차단  682
Ep 309 | Step 1000 | R   104.97 | 배송 12/50 | 미활동 0 | 2홉+ 0.40 | 도달  530 | 차단  267
Ep 310 | Step 1000 | R   131.15 | 배송 15/50 | 미활동 0 | 2홉+ 0.62 | 도달  567 | 차단  465
Ep 311 | Step 1000 | R   172.80 | 배송 15/50 | 미활동 0 | 2홉+ 0.43 | 도달  572 | 차단  214
Ep 312 | Step 1000 | R   123.06 | 배송 16/50 | 미활동 0 | 2홉+ 0.57 | 도달  575 | 차단 1730
Ep 313 | Step 1000 | R   155.12 | 배송 18/50 | 미활동 0 | 2홉+ 0.65 | 도달  644 | 차단  308
Ep 314 | Step 1000 | R   147.90 | 배송 16/50 | 미활동 0 | 2홉+ 0.58 | 도달  556 | 차단  615
Ep 315 | Step 1000 | R   101.94 | 배송 12/50 | 미활동 0 | 2홉+ 0.37 | 도달  556 | 차단  747
Ep 316 | Step 1000 | R    94.50 | 배송 11/50 | 미활동 0 | 2홉+ 0.60 | 도달  596 | 차단  155
Ep 317 | Step 1000 | R   121.40 | 배송 14/50 | 미활동 0 | 2홉+ 0.65 | 도달  680 | 차단  189
Ep 318 | Step 1000 | R   125.59 | 배송 14/50 | 미활동 0 | 2홉+ 0.63 | 도달  595 | 차단  799
Ep 319 | Step 1000 | R   112.46 | 배송 13/50 | 미활동 0 | 2홉+ 0.62 | 도달  572 | 차단  293
Ep 320 | Step 1000 | R    90.22 | 배송 12/50 | 미활동 1 | 2홉+ 0.65 | 도달  707 | 차단  667
Ep 321 | Step 1000 | R   105.18 | 배송 13/50 | 미활동 0 | 2홉+ 0.65 | 도달  538 | 차단  353
Ep 322 | Step 1000 | R    98.71 | 배송 12/50 | 미활동 0 | 2홉+ 0.71 | 도달  658 | 차단  895
Ep 323 | Step 1000 | R   129.96 | 배송 15/50 | 미활동 0 | 2홉+ 0.71 | 도달  620 | 차단  210
Ep 324 | Step 1000 | R   120.51 | 배송 13/50 | 미활동 0 | 2홉+ 0.51 | 도달  539 | 차단   38
Ep 325 | Step 1000 | R   104.39 | 배송 12/50 | 미활동 0 | 2홉+ 0.54 | 도달  709 | 차단  225
Ep 326 | Step 1000 | R    99.70 | 배송 12/50 | 미활동 0 | 2홉+ 0.66 | 도달  685 | 차단  189
Ep 327 | Step 1000 | R   131.94 | 배송 15/50 | 미활동 0 | 2홉+ 0.66 | 도달  676 | 차단  191
Ep 328 | Step 1000 | R    90.64 | 배송 11/50 | 미활동 0 | 2홉+ 0.48 | 도달  750 | 차단  440
Ep 329 | Step 1000 | R   146.12 | 배송 16/50 | 미활동 0 | 2홉+ 0.70 | 도달  589 | 차단  537
Ep 330 | Step 1000 | R   145.54 | 배송 17/50 | 미활동 0 | 2홉+ 0.62 | 도달  702 | 차단  705
Ep 331 | Step 1000 | R   155.85 | 배송 17/50 | 미활동 0 | 2홉+ 0.58 | 도달  616 | 차단  174
Ep 332 | Step 1000 | R   101.48 | 배송 12/50 | 미활동 0 | 2홉+ 0.64 | 도달  589 | 차단  451
Ep 333 | Step 1000 | R    64.13 | 배송  9/50 | 미활동 0 | 2홉+ 0.60 | 도달  582 | 차단  268
Ep 334 | Step 1000 | R    70.94 | 배송  9/50 | 미활동 1 | 2홉+ 0.45 | 도달  531 | 차단  769
Ep 335 | Step 1000 | R    86.25 | 배송 11/50 | 미활동 1 | 2홉+ 0.48 | 도달  508 | 차단  923
Ep 336 | Step 1000 | R   105.43 | 배송 14/50 | 미활동 0 | 2홉+ 0.69 | 도달  562 | 차단  787
Ep 337 | Step 1000 | R   143.42 | 배송 16/50 | 미활동 0 | 2홉+ 0.57 | 도달  725 | 차단  200
Ep 338 | Step 1000 | R   151.41 | 배송 16/50 | 미활동 0 | 2홉+ 0.54 | 도달  569 | 차단  303
Ep 339 | Step 1000 | R    93.86 | 배송 12/50 | 미활동 0 | 2홉+ 0.61 | 도달  571 | 차단  419
Ep 340 | Step 1000 | R    99.84 | 배송 12/50 | 미활동 0 | 2홉+ 0.36 | 도달  569 | 차단  499
Ep 341 | Step 1000 | R   105.99 | 배송 12/50 | 미활동 0 | 2홉+ 0.67 | 도달  571 | 차단  183
Ep 342 | Step 1000 | R   177.56 | 배송 19/50 | 미활동 0 | 2홉+ 0.63 | 도달  573 | 차단  157
Ep 343 | Step 1000 | R   111.02 | 배송 13/50 | 미활동 0 | 2홉+ 0.56 | 도달  528 | 차단  531
Ep 344 | Step 1000 | R    97.49 | 배송 12/50 | 미활동 0 | 2홉+ 0.45 | 도달  623 | 차단  630
Ep 345 | Step 1000 | R   154.88 | 배송 18/50 | 미활동 0 | 2홉+ 0.58 | 도달  604 | 차단  245
Ep 346 | Step 1000 | R   122.29 | 배송 14/50 | 미활동 0 | 2홉+ 0.60 | 도달  554 | 차단  645
Ep 347 | Step 1000 | R   126.01 | 배송 14/50 | 미활동 0 | 2홉+ 0.65 | 도달  638 | 차단  518
Ep 348 | Step 1000 | R   115.77 | 배송 14/50 | 미활동 0 | 2홉+ 0.52 | 도달  694 | 차단  423
Ep 349 | Step 1000 | R   143.80 | 배송 17/50 | 미활동 0 | 2홉+ 0.70 | 도달  704 | 차단  364
Ep 350 | Step 1000 | R   125.25 | 배송 14/50 | 미활동 1 | 2홉+ 0.46 | 도달  785 | 차단  453
  [홀드아웃] 배송 8.8±2.0 미활동 0.83 2홉+ 0.49 도달 524 | 최고 12.7@ep250 | 정체 2/15
Ep 351 | Step 1000 | R   124.81 | 배송 14/50 | 미활동 0 | 2홉+ 0.62 | 도달  649 | 차단  391
Ep 352 | Step 1000 | R   101.66 | 배송 13/50 | 미활동 0 | 2홉+ 0.71 | 도달  624 | 차단  746
Ep 353 | Step 1000 | R    86.31 | 배송 11/50 | 미활동 0 | 2홉+ 0.45 | 도달  585 | 차단  638
Ep 354 | Step 1000 | R   112.22 | 배송 14/50 | 미활동 1 | 2홉+ 0.53 | 도달  550 | 차단 1362
Ep 355 | Step 1000 | R    77.45 | 배송 11/50 | 미활동 0 | 2홉+ 0.48 | 도달  553 | 차단 1485
Ep 356 | Step 1000 | R   139.94 | 배송 15/50 | 미활동 0 | 2홉+ 0.42 | 도달  570 | 차단   34
Ep 357 | Step 1000 | R   147.82 | 배송 17/50 | 미활동 0 | 2홉+ 0.53 | 도달  635 | 차단  788
Ep 358 | Step 1000 | R    98.60 | 배송 12/50 | 미활동 0 | 2홉+ 0.59 | 도달  714 | 차단  812
Ep 359 | Step 1000 | R    97.80 | 배송 12/50 | 미활동 0 | 2홉+ 0.40 | 도달  588 | 차단  459
Ep 360 | Step 1000 | R   129.75 | 배송 15/50 | 미활동 0 | 2홉+ 0.56 | 도달  601 | 차단  322
Ep 361 | Step 1000 | R    90.02 | 배송 12/50 | 미활동 0 | 2홉+ 0.48 | 도달  661 | 차단  991
Ep 362 | Step 1000 | R   182.27 | 배송 16/50 | 미활동 0 | 2홉+ 0.54 | 도달  621 | 차단  482
Ep 363 | Step 1000 | R   213.84 | 배송 19/50 | 미활동 0 | 2홉+ 0.66 | 도달  719 | 차단  278
Ep 364 | Step 1000 | R   139.65 | 배송 13/50 | 미활동 1 | 2홉+ 0.43 | 도달  661 | 차단  725
Ep 365 | Step 1000 | R   162.46 | 배송 17/50 | 미활동 0 | 2홉+ 0.61 | 도달  712 | 차단  498
Ep 366 | Step 1000 | R   119.93 | 배송 13/50 | 미활동 0 | 2홉+ 0.53 | 도달  591 | 차단  818
Ep 367 | Step 1000 | R    71.82 | 배송  9/50 | 미활동 0 | 2홉+ 0.71 | 도달  570 | 차단  428
Ep 368 | Step 1000 | R   126.96 | 배송 14/50 | 미활동 0 | 2홉+ 0.48 | 도달  595 | 차단  320
Ep 369 | Step 1000 | R   125.93 | 배송 15/50 | 미활동 0 | 2홉+ 0.44 | 도달  599 | 차단  400
Ep 370 | Step 1000 | R   157.95 | 배송 14/50 | 미활동 0 | 2홉+ 0.44 | 도달  526 | 차단  167
Ep 371 | Step 1000 | R    68.34 | 배송 10/50 | 미활동 0 | 2홉+ 0.48 | 도달  557 | 차단  329
Ep 372 | Step 1000 | R    72.85 | 배송 10/50 | 미활동 0 | 2홉+ 0.46 | 도달  526 | 차단 1369
Ep 373 | Step 1000 | R    67.91 | 배송 11/50 | 미활동 0 | 2홉+ 0.71 | 도달  716 | 차단 1570
Ep 374 | Step 1000 | R    82.26 | 배송 11/50 | 미활동 0 | 2홉+ 0.55 | 도달  655 | 차단 1251
Ep 375 | Step 1000 | R    58.01 | 배송  9/50 | 미활동 0 | 2홉+ 0.50 | 도달  602 | 차단  969
Ep 376 | Step 1000 | R    89.08 | 배송 11/50 | 미활동 0 | 2홉+ 0.58 | 도달  595 | 차단  153
Ep 377 | Step 1000 | R   113.77 | 배송 14/50 | 미활동 0 | 2홉+ 0.49 | 도달  714 | 차단  739
Ep 378 | Step 1000 | R   116.62 | 배송 14/50 | 미활동 0 | 2홉+ 0.62 | 도달  535 | 차단  100
Ep 379 | Step 1000 | R    86.89 | 배송 12/50 | 미활동 0 | 2홉+ 0.51 | 도달  532 | 차단  808
Ep 380 | Step 1000 | R   115.57 | 배송 14/50 | 미활동 0 | 2홉+ 0.46 | 도달  548 | 차단  484
Ep 381 | Step 1000 | R   159.38 | 배송 16/50 | 미활동 0 | 2홉+ 0.58 | 도달  598 | 차단 1344
Ep 382 | Step 1000 | R   150.81 | 배송 17/50 | 미활동 0 | 2홉+ 0.51 | 도달  697 | 차단  658
Ep 383 | Step 1000 | R   123.65 | 배송 14/50 | 미활동 0 | 2홉+ 0.62 | 도달  646 | 차단  858
Ep 384 | Step 1000 | R   125.04 | 배송 16/50 | 미활동 0 | 2홉+ 0.53 | 도달  585 | 차단 1211
Ep 385 | Step 1000 | R    93.09 | 배송 11/50 | 미활동 0 | 2홉+ 0.45 | 도달  502 | 차단  265
Ep 386 | Step 1000 | R    51.46 | 배송  7/50 | 미활동 1 | 2홉+ 0.71 | 도달  547 | 차단 1549
Ep 387 | Step 1000 | R   139.37 | 배송 16/50 | 미활동 0 | 2홉+ 0.39 | 도달  566 | 차단  674
Ep 388 | Step 1000 | R   127.63 | 배송 15/50 | 미활동 0 | 2홉+ 0.64 | 도달  569 | 차단  198
Ep 389 | Step 1000 | R    78.67 | 배송 10/50 | 미활동 0 | 2홉+ 0.39 | 도달  538 | 차단  736
Ep 390 | Step 1000 | R    81.38 | 배송 10/50 | 미활동 0 | 2홉+ 0.63 | 도달  576 | 차단  987
Ep 391 | Step 1000 | R   139.57 | 배송 16/50 | 미활동 0 | 2홉+ 0.53 | 도달  604 | 차단  565
Ep 392 | Step 1000 | R   127.11 | 배송 15/50 | 미활동 0 | 2홉+ 0.68 | 도달  655 | 차단  517
Ep 393 | Step 1000 | R   163.85 | 배송 15/50 | 미활동 0 | 2홉+ 0.38 | 도달  524 | 차단  433
Ep 394 | Step 1000 | R   104.61 | 배송 13/50 | 미활동 0 | 2홉+ 0.44 | 도달  519 | 차단  867
Ep 395 | Step 1000 | R    85.97 | 배송 11/50 | 미활동 0 | 2홉+ 0.62 | 도달  695 | 차단  693
Ep 396 | Step 1000 | R    96.21 | 배송 11/50 | 미활동 0 | 2홉+ 0.47 | 도달  532 | 차단  478
Ep 397 | Step 1000 | R    43.55 | 배송  7/50 | 미활동 0 | 2홉+ 0.42 | 도달  557 | 차단 1477
Ep 398 | Step 1000 | R   114.88 | 배송 13/50 | 미활동 0 | 2홉+ 0.46 | 도달  526 | 차단  310
Ep 399 | Step 1000 | R    93.11 | 배송 11/50 | 미활동 1 | 2홉+ 0.63 | 도달  610 | 차단  369
Ep 400 | Step 1000 | R   113.15 | 배송 13/50 | 미활동 0 | 2홉+ 0.53 | 도달  540 | 차단  613
  [홀드아웃] 배송 8.8±4.1 미활동 0.50 2홉+ 0.51 도달 566 | 최고 12.7@ep250 | 정체 3/15
Ep 401 | Step 1000 | R   188.99 | 배송 17/50 | 미활동 0 | 2홉+ 0.43 | 도달  604 | 차단  246
Ep 402 | Step 1000 | R   182.16 | 배송 17/50 | 미활동 0 | 2홉+ 0.47 | 도달  609 | 차단  437
Ep 403 | Step 1000 | R   108.51 | 배송 12/50 | 미활동 0 | 2홉+ 0.41 | 도달  525 | 차단  103
Ep 404 | Step 1000 | R   125.23 | 배송 14/50 | 미활동 0 | 2홉+ 0.35 | 도달  513 | 차단   82
Ep 405 | Step 1000 | R    96.95 | 배송 12/50 | 미활동 0 | 2홉+ 0.53 | 도달  568 | 차단  271
Ep 406 | Step 1000 | R   148.42 | 배송 16/50 | 미활동 0 | 2홉+ 0.65 | 도달  584 | 차단  289
Ep 407 | Step 1000 | R   128.75 | 배송 15/50 | 미활동 0 | 2홉+ 0.44 | 도달  565 | 차단  130
Ep 408 | Step 1000 | R   108.91 | 배송 13/50 | 미활동 0 | 2홉+ 0.61 | 도달  601 | 차단  531
Ep 409 | Step 1000 | R    93.49 | 배송 12/50 | 미활동 0 | 2홉+ 0.53 | 도달  604 | 차단 1079
Ep 410 | Step 1000 | R   149.19 | 배송 16/50 | 미활동 0 | 2홉+ 0.41 | 도달  604 | 차단  312
Ep 411 | Step 1000 | R    63.24 | 배송  9/50 | 미활동 0 | 2홉+ 0.46 | 도달  548 | 차단  473
Ep 412 | Step 1000 | R    77.89 | 배송 11/50 | 미활동 0 | 2홉+ 0.55 | 도달  693 | 차단  858
Ep 413 | Step 1000 | R   116.49 | 배송 13/50 | 미활동 0 | 2홉+ 0.53 | 도달  637 | 차단  419
Ep 414 | Step 1000 | R    96.65 | 배송 12/50 | 미활동 1 | 2홉+ 0.52 | 도달  601 | 차단  671
Ep 415 | Step 1000 | R   117.52 | 배송 14/50 | 미활동 0 | 2홉+ 0.47 | 도달  526 | 차단  649
Ep 416 | Step 1000 | R    95.28 | 배송 12/50 | 미활동 0 | 2홉+ 0.52 | 도달  581 | 차단  506
Ep 417 | Step 1000 | R   100.37 | 배송 12/50 | 미활동 0 | 2홉+ 0.49 | 도달  545 | 차단  227
Ep 418 | Step 1000 | R   155.35 | 배송 13/50 | 미활동 0 | 2홉+ 0.44 | 도달  587 | 차단  310
Ep 419 | Step 1000 | R    59.25 | 배송  8/50 | 미활동 1 | 2홉+ 0.65 | 도달  502 | 차단  744
Ep 420 | Step 1000 | R   107.20 | 배송 14/50 | 미활동 0 | 2홉+ 0.45 | 도달  520 | 차단  909
Ep 421 | Step 1000 | R   127.66 | 배송 15/50 | 미활동 0 | 2홉+ 0.51 | 도달  575 | 차단  756
Ep 422 | Step 1000 | R    73.34 | 배송 12/50 | 미활동 0 | 2홉+ 0.43 | 도달  548 | 차단 1411
Ep 423 | Step 1000 | R    57.19 | 배송  9/50 | 미활동 1 | 2홉+ 0.44 | 도달  534 | 차단  271
Ep 424 | Step 1000 | R    76.15 | 배송 10/50 | 미활동 0 | 2홉+ 0.45 | 도달  518 | 차단  660
Ep 425 | Step 1000 | R   100.62 | 배송 13/50 | 미활동 0 | 2홉+ 0.67 | 도달  577 | 차단  367
Ep 426 | Step 1000 | R   114.35 | 배송 10/50 | 미활동 1 | 2홉+ 0.38 | 도달  504 | 차단  696
Ep 427 | Step 1000 | R    62.93 | 배송 10/50 | 미활동 0 | 2홉+ 0.42 | 도달  502 | 차단  527
Ep 428 | Step 1000 | R    95.93 | 배송 12/50 | 미활동 0 | 2홉+ 0.56 | 도달  532 | 차단  512
Ep 429 | Step 1000 | R    77.13 | 배송 10/50 | 미활동 1 | 2홉+ 0.47 | 도달  535 | 차단  763
Ep 430 | Step 1000 | R   105.37 | 배송 13/50 | 미활동 0 | 2홉+ 0.62 | 도달  639 | 차단  559
Ep 431 | Step 1000 | R    80.68 | 배송 11/50 | 미활동 0 | 2홉+ 0.59 | 도달  645 | 차단 1073
Ep 432 | Step 1000 | R   109.67 | 배송 13/50 | 미활동 0 | 2홉+ 0.52 | 도달  544 | 차단  349
Ep 433 | Step 1000 | R    62.58 | 배송  8/50 | 미활동 0 | 2홉+ 0.24 | 도달  478 | 차단  312
Ep 434 | Step 1000 | R    55.95 | 배송  9/50 | 미활동 0 | 2홉+ 0.49 | 도달  502 | 차단 2314
Ep 435 | Step 1000 | R   102.64 | 배송 13/50 | 미활동 0 | 2홉+ 0.52 | 도달  549 | 차단  606
Ep 436 | Step 1000 | R    94.29 | 배송 12/50 | 미활동 0 | 2홉+ 0.56 | 도달  623 | 차단  443
Ep 437 | Step 1000 | R    73.98 | 배송 11/50 | 미활동 0 | 2홉+ 0.69 | 도달  563 | 차단 1385
Ep 438 | Step 1000 | R    64.32 | 배송  9/50 | 미활동 0 | 2홉+ 0.43 | 도달  506 | 차단 1362
Ep 439 | Step 1000 | R    87.50 | 배송 11/50 | 미활동 0 | 2홉+ 0.66 | 도달  540 | 차단  474
Ep 440 | Step 1000 | R    99.14 | 배송 12/50 | 미활동 0 | 2홉+ 0.39 | 도달  578 | 차단  261
Ep 441 | Step 1000 | R   136.83 | 배송 16/50 | 미활동 0 | 2홉+ 0.47 | 도달  578 | 차단  833
Ep 442 | Step 1000 | R    72.65 | 배송 10/50 | 미활동 0 | 2홉+ 0.36 | 도달  600 | 차단 1027
Ep 443 | Step 1000 | R    87.43 | 배송 12/50 | 미활동 0 | 2홉+ 0.44 | 도달  544 | 차단  990
Ep 444 | Step 1000 | R    82.85 | 배송 11/50 | 미활동 0 | 2홉+ 0.37 | 도달  558 | 차단  914
Ep 445 | Step 1000 | R    56.50 | 배송  9/50 | 미활동 0 | 2홉+ 0.46 | 도달  503 | 차단  967
Ep 446 | Step 1000 | R    78.34 | 배송 10/50 | 미활동 0 | 2홉+ 0.38 | 도달  551 | 차단  872
Ep 447 | Step 1000 | R    53.70 | 배송  8/50 | 미활동 1 | 2홉+ 0.65 | 도달  523 | 차단  442
Ep 448 | Step 1000 | R   119.49 | 배송 11/50 | 미활동 0 | 2홉+ 0.55 | 도달  540 | 차단  536
Ep 449 | Step 1000 | R    67.86 | 배송  9/50 | 미활동 0 | 2홉+ 0.42 | 도달  515 | 차단  529
Ep 450 | Step 1000 | R    68.71 | 배송  9/50 | 미활동 1 | 2홉+ 0.50 | 도달  508 | 차단  454
  [홀드아웃] 배송 6.5±2.6 미활동 1.00 2홉+ 0.54 도달 514 | 최고 12.7@ep250 | 정체 4/15
Ep 451 | Step 1000 | R    69.47 | 배송  9/50 | 미활동 0 | 2홉+ 0.36 | 도달  558 | 차단  912
Ep 452 | Step 1000 | R    90.06 | 배송 12/50 | 미활동 0 | 2홉+ 0.32 | 도달  502 | 차단  441
Ep 453 | Step 1000 | R    40.43 | 배송  9/50 | 미활동 1 | 2홉+ 0.61 | 도달  502 | 차단  469
Ep 454 | Step 1000 | R    49.56 | 배송  7/50 | 미활동 1 | 2홉+ 0.67 | 도달  609 | 차단  182
Ep 455 | Step 1000 | R    76.29 | 배송  9/50 | 미활동 1 | 2홉+ 0.38 | 도달  560 | 차단  527
Ep 456 | Step 1000 | R    87.09 | 배송  8/50 | 미활동 1 | 2홉+ 0.32 | 도달  531 | 차단  624
Ep 457 | Step 1000 | R    90.63 | 배송 11/50 | 미활동 0 | 2홉+ 0.58 | 도달  521 | 차단  677
Ep 458 | Step 1000 | R    29.98 | 배송  6/50 | 미활동 1 | 2홉+ 0.39 | 도달  502 | 차단 1151
Ep 459 | Step 1000 | R   109.14 | 배송 12/50 | 미활동 0 | 2홉+ 0.42 | 도달  547 | 차단  314
Ep 460 | Step 1000 | R    78.21 | 배송 12/50 | 미활동 0 | 2홉+ 0.53 | 도달  617 | 차단  373
Ep 461 | Step 1000 | R    66.79 | 배송  9/50 | 미활동 1 | 2홉+ 0.27 | 도달  516 | 차단   54
Ep 462 | Step 1000 | R    75.05 | 배송 11/50 | 미활동 0 | 2홉+ 0.33 | 도달  516 | 차단 1137
Ep 463 | Step 1000 | R   104.18 | 배송 11/50 | 미활동 0 | 2홉+ 0.30 | 도달  557 | 차단   31
Ep 464 | Step 1000 | R    48.96 | 배송  9/50 | 미활동 0 | 2홉+ 0.40 | 도달  502 | 차단  457
Ep 465 | Step 1000 | R    29.00 | 배송  6/50 | 미활동 2 | 2홉+ 0.61 | 도달  509 | 차단  794
Ep 466 | Step 1000 | R    63.03 | 배송  9/50 | 미활동 0 | 2홉+ 0.43 | 도달  502 | 차단  408
Ep 467 | Step 1000 | R    70.55 | 배송 10/50 | 미활동 0 | 2홉+ 0.44 | 도달  615 | 차단  506
Ep 468 | Step 1000 | R    74.07 | 배송 10/50 | 미활동 0 | 2홉+ 0.52 | 도달  610 | 차단  506
Ep 469 | Step 1000 | R    78.19 | 배송  9/50 | 미활동 0 | 2홉+ 0.44 | 도달  520 | 차단  108
Ep 470 | Step 1000 | R    95.92 | 배송 12/50 | 미활동 0 | 2홉+ 0.51 | 도달  631 | 차단  561
Ep 471 | Step 1000 | R    38.29 | 배송  6/50 | 미활동 2 | 2홉+ 0.48 | 도달  601 | 차단  758
Ep 472 | Step 1000 | R    90.84 | 배송 11/50 | 미활동 0 | 2홉+ 0.32 | 도달  582 | 차단  207
Ep 473 | Step 1000 | R   117.73 | 배송 11/50 | 미활동 0 | 2홉+ 0.42 | 도달  588 | 차단  404
Ep 474 | Step 1000 | R    83.13 | 배송 10/50 | 미활동 0 | 2홉+ 0.38 | 도달  504 | 차단   46
Ep 475 | Step 1000 | R    87.22 | 배송 11/50 | 미활동 0 | 2홉+ 0.48 | 도달  558 | 차단   31
Ep 476 | Step 1000 | R   184.23 | 배송 17/50 | 미활동 0 | 2홉+ 0.61 | 도달  577 | 차단  236
Ep 477 | Step 1000 | R   112.36 | 배송 13/50 | 미활동 0 | 2홉+ 0.54 | 도달  518 | 차단  299
Ep 478 | Step 1000 | R   105.41 | 배송 12/50 | 미활동 0 | 2홉+ 0.62 | 도달  647 | 차단  675
Ep 479 | Step 1000 | R   110.92 | 배송 13/50 | 미활동 0 | 2홉+ 0.43 | 도달  470 | 차단  752
Ep 480 | Step 1000 | R   113.67 | 배송 14/50 | 미활동 0 | 2홉+ 0.61 | 도달  574 | 차단  581
Ep 481 | Step 1000 | R    85.52 | 배송 11/50 | 미활동 0 | 2홉+ 0.42 | 도달  554 | 차단  604
Ep 482 | Step 1000 | R   147.50 | 배송 13/50 | 미활동 0 | 2홉+ 0.42 | 도달  611 | 차단  300
Ep 483 | Step 1000 | R    97.51 | 배송 11/50 | 미활동 0 | 2홉+ 0.32 | 도달  479 | 차단  143
Ep 484 | Step 1000 | R    80.57 | 배송 11/50 | 미활동 0 | 2홉+ 0.47 | 도달  571 | 차단  782
Ep 485 | Step 1000 | R    63.06 | 배송  9/50 | 미활동 0 | 2홉+ 0.39 | 도달  502 | 차단  722
Ep 486 | Step 1000 | R    48.20 | 배송  8/50 | 미활동 0 | 2홉+ 0.51 | 도달  514 | 차단  602
Ep 487 | Step 1000 | R    96.20 | 배송 12/50 | 미활동 0 | 2홉+ 0.38 | 도달  502 | 차단   76
Ep 488 | Step 1000 | R    78.69 | 배송  9/50 | 미활동 1 | 2홉+ 0.49 | 도달  634 | 차단   86
Ep 489 | Step 1000 | R   135.75 | 배송 12/50 | 미활동 0 | 2홉+ 0.42 | 도달  638 | 차단  893
Ep 490 | Step 1000 | R   114.82 | 배송 13/50 | 미활동 0 | 2홉+ 0.33 | 도달  585 | 차단  266
Ep 491 | Step 1000 | R    97.50 | 배송  8/50 | 미활동 1 | 2홉+ 0.21 | 도달  479 | 차단  156
Ep 492 | Step 1000 | R    63.14 | 배송 10/50 | 미활동 0 | 2홉+ 0.18 | 도달  522 | 차단  298
Ep 493 | Step 1000 | R    72.49 | 배송 10/50 | 미활동 0 | 2홉+ 0.42 | 도달  544 | 차단  790
Ep 494 | Step 1000 | R   116.77 | 배송 11/50 | 미활동 0 | 2홉+ 0.36 | 도달  518 | 차단 1130
Ep 495 | Step 1000 | R    64.83 | 배송  9/50 | 미활동 0 | 2홉+ 0.21 | 도달  492 | 차단  197
Ep 496 | Step 1000 | R    59.25 | 배송  8/50 | 미활동 0 | 2홉+ 0.31 | 도달  504 | 차단   61
Ep 497 | Step 1000 | R    57.81 | 배송  8/50 | 미활동 0 | 2홉+ 0.48 | 도달  547 | 차단  357
Ep 498 | Step 1000 | R    78.73 | 배송  9/50 | 미활동 0 | 2홉+ 0.31 | 도달  545 | 차단  188
Ep 499 | Step 1000 | R    67.42 | 배송  9/50 | 미활동 0 | 2홉+ 0.56 | 도달  560 | 차단  417
Ep 500 | Step 1000 | R    55.53 | 배송  8/50 | 미활동 1 | 2홉+ 0.54 | 도달  543 | 차단  124
  [홀드아웃] 배송 9.8±3.6 미활동 0.67 2홉+ 0.50 도달 581 | 최고 12.7@ep250 | 정체 5/15
Ep 501 | Step 1000 | R    60.68 | 배송  8/50 | 미활동 0 | 2홉+ 0.35 | 도달  498 | 차단  404
Ep 502 | Step 1000 | R    73.31 | 배송 11/50 | 미활동 0 | 2홉+ 0.23 | 도달  450 | 차단  169
Ep 503 | Step 1000 | R    45.99 | 배송  7/50 | 미활동 2 | 2홉+ 0.44 | 도달  502 | 차단   77
Ep 504 | Step 1000 | R    54.82 | 배송  8/50 | 미활동 2 | 2홉+ 0.40 | 도달  502 | 차단  133
Ep 505 | Step 1000 | R    91.92 | 배송 12/50 | 미활동 0 | 2홉+ 0.47 | 도달  680 | 차단  390
Ep 506 | Step 1000 | R    62.95 | 배송  8/50 | 미활동 2 | 2홉+ 0.21 | 도달  510 | 차단   18
Ep 507 | Step 1000 | R    71.67 | 배송 10/50 | 미활동 0 | 2홉+ 0.20 | 도달  476 | 차단  137
Ep 508 | Step 1000 | R    37.70 | 배송  7/50 | 미활동 0 | 2홉+ 0.38 | 도달  543 | 차단  935
Ep 509 | Step 1000 | R    76.60 | 배송 10/50 | 미활동 1 | 2홉+ 0.47 | 도달  588 | 차단  291
Ep 510 | Step 1000 | R    37.86 | 배송  7/50 | 미활동 0 | 2홉+ 0.53 | 도달  532 | 차단  231
Ep 511 | Step 1000 | R    77.95 | 배송 11/50 | 미활동 0 | 2홉+ 0.30 | 도달  513 | 차단  454
Ep 512 | Step 1000 | R    71.31 | 배송  9/50 | 미활동 0 | 2홉+ 0.34 | 도달  579 | 차단  177
Ep 513 | Step 1000 | R    72.00 | 배송  9/50 | 미활동 1 | 2홉+ 0.42 | 도달  523 | 차단  539
Ep 514 | Step 1000 | R    74.35 | 배송 10/50 | 미활동 0 | 2홉+ 0.46 | 도달  614 | 차단  524
Ep 515 | Step 1000 | R    65.09 | 배송  9/50 | 미활동 0 | 2홉+ 0.34 | 도달  463 | 차단  262
Ep 516 | Step 1000 | R    54.14 | 배송  8/50 | 미활동 0 | 2홉+ 0.29 | 도달  526 | 차단  359
Ep 517 | Step 1000 | R    71.83 | 배송  9/50 | 미활동 0 | 2홉+ 0.33 | 도달  490 | 차단  159
Ep 518 | Step 1000 | R    79.68 | 배송 10/50 | 미활동 0 | 2홉+ 0.22 | 도달  463 | 차단  336
Ep 519 | Step 1000 | R   142.52 | 배송 16/50 | 미활동 0 | 2홉+ 0.34 | 도달  568 | 차단  610
Ep 520 | Step 1000 | R    91.15 | 배송 11/50 | 미활동 0 | 2홉+ 0.55 | 도달  510 | 차단  207
Ep 521 | Step 1000 | R    53.44 | 배송  7/50 | 미활동 1 | 2홉+ 0.55 | 도달  592 | 차단  107
Ep 522 | Step 1000 | R    31.50 | 배송  7/50 | 미활동 0 | 2홉+ 0.62 | 도달  549 | 차단  137
Ep 523 | Step 1000 | R    76.49 | 배송  9/50 | 미활동 0 | 2홉+ 0.38 | 도달  609 | 차단  145
Ep 524 | Step 1000 | R    72.44 | 배송  9/50 | 미활동 1 | 2홉+ 0.35 | 도달  525 | 차단  326
Ep 525 | Step 1000 | R    47.54 | 배송  7/50 | 미활동 0 | 2홉+ 0.25 | 도달  505 | 차단  379
Ep 526 | Step 1000 | R    77.55 | 배송  9/50 | 미활동 0 | 2홉+ 0.52 | 도달  528 | 차단  307
Ep 527 | Step 1000 | R   103.64 | 배송 12/50 | 미활동 0 | 2홉+ 0.33 | 도달  537 | 차단  358
Ep 528 | Step 1000 | R   119.90 | 배송 10/50 | 미활동 0 | 2홉+ 0.23 | 도달  501 | 차단  201
Ep 529 | Step 1000 | R    56.93 | 배송  8/50 | 미활동 0 | 2홉+ 0.40 | 도달  591 | 차단  702
Ep 530 | Step 1000 | R    62.71 | 배송  9/50 | 미활동 0 | 2홉+ 0.24 | 도달  549 | 차단  305
Ep 531 | Step 1000 | R    68.73 | 배송 10/50 | 미활동 0 | 2홉+ 0.36 | 도달  585 | 차단  571
Ep 532 | Step 1000 | R    73.91 | 배송  9/50 | 미활동 0 | 2홉+ 0.27 | 도달  523 | 차단  293
Ep 533 | Step 1000 | R   109.16 | 배송 13/50 | 미활동 0 | 2홉+ 0.43 | 도달  579 | 차단  375
Ep 534 | Step 1000 | R    60.21 | 배송  9/50 | 미활동 0 | 2홉+ 0.32 | 도달  502 | 차단  204
Ep 535 | Step 1000 | R    49.96 | 배송  6/50 | 미활동 0 | 2홉+ 0.41 | 도달  559 | 차단  222
Ep 536 | Step 1000 | R    50.35 | 배송  7/50 | 미활동 1 | 2홉+ 0.34 | 도달  489 | 차단  623
Ep 537 | Step 1000 | R    44.16 | 배송  7/50 | 미활동 0 | 2홉+ 0.33 | 도달  502 | 차단  441
Ep 538 | Step 1000 | R    69.79 | 배송  9/50 | 미활동 1 | 2홉+ 0.16 | 도달  460 | 차단   61
Ep 539 | Step 1000 | R    60.08 | 배송  9/50 | 미활동 0 | 2홉+ 0.38 | 도달  453 | 차단  394
Ep 540 | Step 1000 | R    74.73 | 배송  9/50 | 미활동 0 | 2홉+ 0.15 | 도달  439 | 차단    9
Ep 541 | Step 1000 | R    15.17 | 배송  4/50 | 미활동 2 | 2홉+ 0.54 | 도달  558 | 차단  208
Ep 542 | Step 1000 | R    81.44 | 배송 11/50 | 미활동 1 | 2홉+ 0.40 | 도달  509 | 차단  976
Ep 543 | Step 1000 | R    79.96 | 배송 10/50 | 미활동 0 | 2홉+ 0.25 | 도달  509 | 차단  211
Ep 544 | Step 1000 | R    84.96 | 배송 11/50 | 미활동 0 | 2홉+ 0.32 | 도달  491 | 차단  663
Ep 545 | Step 1000 | R    83.68 | 배송 10/50 | 미활동 0 | 2홉+ 0.24 | 도달  503 | 차단  380
Ep 546 | Step 1000 | R    66.85 | 배송  9/50 | 미활동 0 | 2홉+ 0.27 | 도달  504 | 차단  479
Ep 547 | Step 1000 | R   105.89 | 배송 10/50 | 미활동 0 | 2홉+ 0.13 | 도달  429 | 차단    5
Ep 548 | Step 1000 | R    41.92 | 배송  6/50 | 미활동 1 | 2홉+ 0.25 | 도달  554 | 차단  110
Ep 549 | Step 1000 | R    66.67 | 배송 10/50 | 미활동 0 | 2홉+ 0.34 | 도달  516 | 차단   56
Ep 550 | Step 1000 | R    37.59 | 배송  7/50 | 미활동 1 | 2홉+ 0.28 | 도달  557 | 차단  302
  [홀드아웃] 배송 7.7±2.7 미활동 0.50 2홉+ 0.44 도달 484 | 최고 12.7@ep250 | 정체 6/15
Ep 551 | Step 1000 | R    56.67 | 배송  7/50 | 미활동 1 | 2홉+ 0.42 | 도달  512 | 차단   90
Ep 552 | Step 1000 | R    77.29 | 배송  9/50 | 미활동 1 | 2홉+ 0.11 | 도달  482 | 차단  110
Ep 553 | Step 1000 | R    80.51 | 배송 10/50 | 미활동 0 | 2홉+ 0.27 | 도달  555 | 차단  269
Ep 554 | Step 1000 | R    62.37 | 배송  8/50 | 미활동 0 | 2홉+ 0.33 | 도달  513 | 차단   43
Ep 555 | Step 1000 | R    45.07 | 배송  7/50 | 미활동 0 | 2홉+ 0.45 | 도달  521 | 차단 1024
Ep 556 | Step 1000 | R    69.38 | 배송  8/50 | 미활동 0 | 2홉+ 0.26 | 도달  478 | 차단  124
Ep 557 | Step 1000 | R    75.98 | 배송 10/50 | 미활동 0 | 2홉+ 0.38 | 도달  528 | 차단  313
Ep 558 | Step 1000 | R    56.08 | 배송  7/50 | 미활동 0 | 2홉+ 0.30 | 도달  502 | 차단  349
Ep 559 | Step 1000 | R    65.58 | 배송  8/50 | 미활동 0 | 2홉+ 0.29 | 도달  508 | 차단   93
Ep 560 | Step 1000 | R    99.03 | 배송 13/50 | 미활동 0 | 2홉+ 0.43 | 도달  611 | 차단 1347
Ep 561 | Step 1000 | R    16.77 | 배송  3/50 | 미활동 2 | 2홉+ 0.44 | 도달  596 | 차단  611
Ep 562 | Step 1000 | R    77.74 | 배송  9/50 | 미활동 0 | 2홉+ 0.21 | 도달  514 | 차단  211
Ep 563 | Step 1000 | R    35.44 | 배송  6/50 | 미활동 2 | 2홉+ 0.29 | 도달  502 | 차단  653
Ep 564 | Step 1000 | R    62.47 | 배송  8/50 | 미활동 1 | 2홉+ 0.27 | 도달  505 | 차단  391
Ep 565 | Step 1000 | R   147.58 | 배송 13/50 | 미활동 0 | 2홉+ 0.37 | 도달  543 | 차단  516
Ep 566 | Step 1000 | R    35.35 | 배송  7/50 | 미활동 0 | 2홉+ 0.45 | 도달  502 | 차단 1382
Ep 567 | Step 1000 | R    69.21 | 배송  9/50 | 미활동 0 | 2홉+ 0.43 | 도달  536 | 차단 1331
Ep 568 | Step 1000 | R    70.69 | 배송  9/50 | 미활동 0 | 2홉+ 0.43 | 도달  557 | 차단  419
Ep 569 | Step 1000 | R    77.91 | 배송 10/50 | 미활동 0 | 2홉+ 0.32 | 도달  503 | 차단   68
Ep 570 | Step 1000 | R    70.76 | 배송  9/50 | 미활동 0 | 2홉+ 0.44 | 도달  508 | 차단  476
Ep 571 | Step 1000 | R    56.78 | 배송  8/50 | 미활동 0 | 2홉+ 0.34 | 도달  529 | 차단  362
Ep 572 | Step 1000 | R    91.99 | 배송 11/50 | 미활동 0 | 2홉+ 0.24 | 도달  468 | 차단  330
Ep 573 | Step 1000 | R    58.97 | 배송  8/50 | 미활동 1 | 2홉+ 0.41 | 도달  524 | 차단  995
Ep 574 | Step 1000 | R    60.37 | 배송  9/50 | 미활동 1 | 2홉+ 0.52 | 도달  509 | 차단  280
Ep 575 | Step 1000 | R    67.22 | 배송  9/50 | 미활동 1 | 2홉+ 0.27 | 도달  502 | 차단  334
Ep 576 | Step 1000 | R    41.03 | 배송  7/50 | 미활동 1 | 2홉+ 0.48 | 도달  534 | 차단    0
Ep 577 | Step 1000 | R    74.04 | 배송  9/50 | 미활동 1 | 2홉+ 0.18 | 도달  505 | 차단  164
Ep 578 | Step 1000 | R    72.36 | 배송  8/50 | 미활동 0 | 2홉+ 0.28 | 도달  488 | 차단  296
Ep 579 | Step 1000 | R    61.91 | 배송  8/50 | 미활동 1 | 2홉+ 0.35 | 도달  478 | 차단  446
Ep 580 | Step 1000 | R    30.99 | 배송  6/50 | 미활동 2 | 2홉+ 0.43 | 도달  513 | 차단  570
Ep 581 | Step 1000 | R    83.00 | 배송 10/50 | 미활동 0 | 2홉+ 0.32 | 도달  503 | 차단  150
Ep 582 | Step 1000 | R    23.62 | 배송  5/50 | 미활동 1 | 2홉+ 0.55 | 도달  516 | 차단  260
Ep 583 | Step 1000 | R    14.02 | 배송  5/50 | 미활동 2 | 2홉+ 0.46 | 도달  505 | 차단  704
Ep 584 | Step 1000 | R    25.69 | 배송  5/50 | 미활동 1 | 2홉+ 0.35 | 도달  506 | 차단  239
Ep 585 | Step 1000 | R    47.24 | 배송  6/50 | 미활동 0 | 2홉+ 0.39 | 도달  517 | 차단  302
Ep 586 | Step 1000 | R    36.27 | 배송  6/50 | 미활동 0 | 2홉+ 0.40 | 도달  502 | 차단  847
Ep 587 | Step 1000 | R    80.57 | 배송  9/50 | 미활동 1 | 2홉+ 0.33 | 도달  534 | 차단   20
Ep 588 | Step 1000 | R    30.39 | 배송  5/50 | 미활동 1 | 2홉+ 0.25 | 도달  502 | 차단  156
Ep 589 | Step 1000 | R    72.99 | 배송  9/50 | 미활동 0 | 2홉+ 0.38 | 도달  502 | 차단   84
Ep 590 | Step 1000 | R    60.51 | 배송  8/50 | 미활동 1 | 2홉+ 0.39 | 도달  502 | 차단  135
Ep 591 | Step 1000 | R    63.65 | 배송  8/50 | 미활동 0 | 2홉+ 0.59 | 도달  611 | 차단  383
Ep 592 | Step 1000 | R    28.57 | 배송  6/50 | 미활동 0 | 2홉+ 0.40 | 도달  502 | 차단  911
Ep 593 | Step 1000 | R    51.86 | 배송  7/50 | 미활동 0 | 2홉+ 0.18 | 도달  501 | 차단  261
Ep 594 | Step 1000 | R    17.48 | 배송  5/50 | 미활동 1 | 2홉+ 0.39 | 도달  513 | 차단  462
Ep 595 | Step 1000 | R    58.07 | 배송  7/50 | 미활동 0 | 2홉+ 0.27 | 도달  529 | 차단  234
Ep 596 | Step 1000 | R    81.00 | 배송 10/50 | 미활동 0 | 2홉+ 0.34 | 도달  505 | 차단  327
Ep 597 | Step 1000 | R    40.75 | 배송  6/50 | 미활동 1 | 2홉+ 0.42 | 도달  502 | 차단   81
Ep 598 | Step 1000 | R    79.45 | 배송 10/50 | 미활동 0 | 2홉+ 0.36 | 도달  509 | 차단  591
Ep 599 | Step 1000 | R    52.53 | 배송  8/50 | 미활동 0 | 2홉+ 0.41 | 도달  502 | 차단  247
Ep 600 | Step 1000 | R    54.38 | 배송  8/50 | 미활동 0 | 2홉+ 0.23 | 도달  504 | 차단  516
  [홀드아웃] 배송 8.5±2.4 미활동 0.50 2홉+ 0.41 도달 514 | 최고 12.7@ep250 | 정체 7/15
Ep 601 | Step 1000 | R    58.00 | 배송  8/50 | 미활동 2 | 2홉+ 0.38 | 도달  528 | 차단  558
Ep 602 | Step 1000 | R    98.68 | 배송 11/50 | 미활동 0 | 2홉+ 0.27 | 도달  502 | 차단  132
Ep 603 | Step 1000 | R    53.76 | 배송  7/50 | 미활동 1 | 2홉+ 0.18 | 도달  501 | 차단  349
Ep 604 | Step 1000 | R    72.31 | 배송 10/50 | 미활동 0 | 2홉+ 0.08 | 도달  385 | 차단    8
Ep 605 | Step 1000 | R    77.20 | 배송 10/50 | 미활동 0 | 2홉+ 0.45 | 도달  569 | 차단  758
Ep 606 | Step 1000 | R   117.91 | 배송 11/50 | 미활동 0 | 2홉+ 0.13 | 도달  416 | 차단  193
Ep 607 | Step 1000 | R    35.07 | 배송  6/50 | 미활동 2 | 2홉+ 0.47 | 도달  517 | 차단   89
Ep 608 | Step 1000 | R    69.32 | 배송  9/50 | 미활동 1 | 2홉+ 0.26 | 도달  597 | 차단   70
Ep 609 | Step 1000 | R    48.47 | 배송  9/50 | 미활동 0 | 2홉+ 0.08 | 도달  374 | 차단   31
Ep 610 | Step 1000 | R    91.30 | 배송  8/50 | 미활동 0 | 2홉+ 0.40 | 도달  438 | 차단  840
Ep 611 | Step 1000 | R    63.78 | 배송  8/50 | 미활동 1 | 2홉+ 0.36 | 도달  555 | 차단   30
Ep 612 | Step 1000 | R    54.91 | 배송  8/50 | 미활동 0 | 2홉+ 0.32 | 도달  515 | 차단  305
Ep 613 | Step 1000 | R    61.55 | 배송  8/50 | 미활동 0 | 2홉+ 0.34 | 도달  502 | 차단  364
Ep 614 | Step 1000 | R    36.81 | 배송  6/50 | 미활동 2 | 2홉+ 0.41 | 도달  534 | 차단  206
Ep 615 | Step 1000 | R    82.15 | 배송 10/50 | 미활동 0 | 2홉+ 0.27 | 도달  521 | 차단  708
Ep 616 | Step 1000 | R    99.61 | 배송 11/50 | 미활동 0 | 2홉+ 0.34 | 도달  624 | 차단  126
Ep 617 | Step 1000 | R    39.36 | 배송  7/50 | 미활동 1 | 2홉+ 0.12 | 도달  427 | 차단  399
Ep 618 | Step 1000 | R    80.04 | 배송 10/50 | 미활동 0 | 2홉+ 0.29 | 도달  502 | 차단 1031
Ep 619 | Step 1000 | R    69.27 | 배송  9/50 | 미활동 0 | 2홉+ 0.33 | 도달  513 | 차단  718
Ep 620 | Step 1000 | R    41.83 | 배송  7/50 | 미활동 0 | 2홉+ 0.24 | 도달  429 | 차단  322
Ep 621 | Step 1000 | R    20.54 | 배송  6/50 | 미활동 0 | 2홉+ 0.52 | 도달  502 | 차단  151
Ep 622 | Step 1000 | R    72.47 | 배송 10/50 | 미활동 0 | 2홉+ 0.45 | 도달  506 | 차단  410
Ep 623 | Step 1000 | R    69.30 | 배송  9/50 | 미활동 0 | 2홉+ 0.04 | 도달  349 | 차단    1
Ep 624 | Step 1000 | R    26.51 | 배송  6/50 | 미활동 1 | 2홉+ 0.09 | 도달  430 | 차단  124
Ep 625 | Step 1000 | R    55.39 | 배송  8/50 | 미활동 1 | 2홉+ 0.37 | 도달  517 | 차단  237
Ep 626 | Step 1000 | R    60.85 | 배송  8/50 | 미활동 0 | 2홉+ 0.29 | 도달  502 | 차단  418
Ep 627 | Step 1000 | R   113.26 | 배송 10/50 | 미활동 1 | 2홉+ 0.20 | 도달  482 | 차단  563
Ep 628 | Step 1000 | R    39.51 | 배송  6/50 | 미활동 0 | 2홉+ 0.31 | 도달  505 | 차단  376
Ep 629 | Step 1000 | R    82.42 | 배송 10/50 | 미활동 1 | 2홉+ 0.28 | 도달  525 | 차단  465
Ep 630 | Step 1000 | R    79.06 | 배송 10/50 | 미활동 1 | 2홉+ 0.39 | 도달  502 | 차단  727
Ep 631 | Step 1000 | R    27.71 | 배송  7/50 | 미활동 1 | 2홉+ 0.49 | 도달  545 | 차단  247
Ep 632 | Step 1000 | R    71.62 | 배송  9/50 | 미활동 0 | 2홉+ 0.22 | 도달  502 | 차단  208
Ep 633 | Step 1000 | R    48.57 | 배송  7/50 | 미활동 1 | 2홉+ 0.33 | 도달  534 | 차단   93
Ep 634 | Step 1000 | R    66.75 | 배송  9/50 | 미활동 1 | 2홉+ 0.16 | 도달  471 | 차단  684
Ep 635 | Step 1000 | R    58.97 | 배송  8/50 | 미활동 2 | 2홉+ 0.37 | 도달  511 | 차단   68
Ep 636 | Step 1000 | R    30.60 | 배송  5/50 | 미활동 2 | 2홉+ 0.31 | 도달  504 | 차단  226
Ep 637 | Step 1000 | R    25.95 | 배송  5/50 | 미활동 0 | 2홉+ 0.36 | 도달  528 | 차단  251
Ep 638 | Step 1000 | R    54.46 | 배송  8/50 | 미활동 1 | 2홉+ 0.47 | 도달  502 | 차단  356
Ep 639 | Step 1000 | R    70.13 | 배송  7/50 | 미활동 2 | 2홉+ 0.19 | 도달  496 | 차단 1286
Ep 640 | Step 1000 | R    30.24 | 배송  7/50 | 미활동 2 | 2홉+ 0.11 | 도달  413 | 차단  598
Ep 641 | Step 1000 | R    75.65 | 배송  9/50 | 미활동 1 | 2홉+ 0.21 | 도달  502 | 차단  249
Ep 642 | Step 1000 | R    54.38 | 배송  7/50 | 미활동 1 | 2홉+ 0.34 | 도달  559 | 차단  184
Ep 643 | Step 1000 | R    71.81 | 배송  9/50 | 미활동 0 | 2홉+ 0.25 | 도달  507 | 차단  473
Ep 644 | Step 1000 | R    52.91 | 배송  8/50 | 미활동 0 | 2홉+ 0.27 | 도달  521 | 차단  143
Ep 645 | Step 1000 | R    74.49 | 배송  9/50 | 미활동 0 | 2홉+ 0.28 | 도달  494 | 차단  259
Ep 646 | Step 1000 | R    38.11 | 배송  6/50 | 미활동 1 | 2홉+ 0.41 | 도달  526 | 차단   90
Ep 647 | Step 1000 | R    72.15 | 배송 11/50 | 미활동 0 | 2홉+ 0.33 | 도달  551 | 차단  559
Ep 648 | Step 1000 | R    76.85 | 배송  9/50 | 미활동 1 | 2홉+ 0.27 | 도달  525 | 차단  183
Ep 649 | Step 1000 | R   104.38 | 배송 12/50 | 미활동 0 | 2홉+ 0.24 | 도달  490 | 차단   16
Ep 650 | Step 1000 | R    61.76 | 배송  8/50 | 미활동 1 | 2홉+ 0.29 | 도달  513 | 차단   37
  [홀드아웃] 배송 8.7±1.1 미활동 1.17 2홉+ 0.30 도달 490 | 최고 12.7@ep250 | 정체 8/15
Ep 651 | Step 1000 | R    52.33 | 배송  7/50 | 미활동 0 | 2홉+ 0.09 | 도달  344 | 차단  140
Ep 652 | Step 1000 | R    58.50 | 배송  8/50 | 미활동 1 | 2홉+ 0.34 | 도달  420 | 차단  306
Ep 653 | Step 1000 | R    44.12 | 배송  7/50 | 미활동 1 | 2홉+ 0.46 | 도달  524 | 차단  442
Ep 654 | Step 1000 | R    62.51 | 배송  8/50 | 미활동 0 | 2홉+ 0.26 | 도달  421 | 차단  248
Ep 655 | Step 1000 | R    82.03 | 배송 10/50 | 미활동 0 | 2홉+ 0.28 | 도달  544 | 차단  600
Ep 656 | Step 1000 | R    43.76 | 배송  8/50 | 미활동 1 | 2홉+ 0.42 | 도달  511 | 차단  300
Ep 657 | Step 1000 | R    60.26 | 배송 10/50 | 미활동 0 | 2홉+ 0.26 | 도달  483 | 차단 1051
Ep 658 | Step 1000 | R    47.04 | 배송  7/50 | 미활동 1 | 2홉+ 0.06 | 도달  407 | 차단   36
Ep 659 | Step 1000 | R    73.78 | 배송  9/50 | 미활동 1 | 2홉+ 0.23 | 도달  510 | 차단  131
Ep 660 | Step 1000 | R    18.36 | 배송  6/50 | 미활동 0 | 2홉+ 0.28 | 도달  519 | 차단 1298
Ep 661 | Step 1000 | R    51.47 | 배송  8/50 | 미활동 1 | 2홉+ 0.10 | 도달  359 | 차단   52
Ep 662 | Step 1000 | R    36.41 | 배송  7/50 | 미활동 1 | 2홉+ 0.43 | 도달  518 | 차단    7
Ep 663 | Step 1000 | R    44.59 | 배송  7/50 | 미활동 1 | 2홉+ 0.19 | 도달  503 | 차단  698
Ep 664 | Step 1000 | R    46.41 | 배송  8/50 | 미활동 1 | 2홉+ 0.15 | 도달  480 | 차단  125
Ep 665 | Step 1000 | R    53.88 | 배송  8/50 | 미활동 1 | 2홉+ 0.28 | 도달  502 | 차단  323
Ep 666 | Step 1000 | R    64.26 | 배송  8/50 | 미활동 1 | 2홉+ 0.19 | 도달  485 | 차단  113
Ep 667 | Step 1000 | R    59.25 | 배송  8/50 | 미활동 1 | 2홉+ 0.19 | 도달  527 | 차단   85
Ep 668 | Step 1000 | R    61.87 | 배송  8/50 | 미활동 1 | 2홉+ 0.33 | 도달  513 | 차단  223
Ep 669 | Step 1000 | R    34.66 | 배송  6/50 | 미활동 1 | 2홉+ 0.19 | 도달  501 | 차단  217
Ep 670 | Step 1000 | R    48.11 | 배송  7/50 | 미활동 0 | 2홉+ 0.12 | 도달  502 | 차단  108
Ep 671 | Step 1000 | R    63.40 | 배송  8/50 | 미활동 1 | 2홉+ 0.13 | 도달  390 | 차단   91
Ep 672 | Step 1000 | R    67.82 | 배송  9/50 | 미활동 1 | 2홉+ 0.19 | 도달  393 | 차단  106
Ep 673 | Step 1000 | R    95.80 | 배송  8/50 | 미활동 1 | 2홉+ 0.25 | 도달  502 | 차단  376
Ep 674 | Step 1000 | R    35.00 | 배송  7/50 | 미활동 1 | 2홉+ 0.13 | 도달  490 | 차단  234
Ep 675 | Step 1000 | R    56.79 | 배송  8/50 | 미활동 1 | 2홉+ 0.26 | 도달  559 | 차단  485
Ep 676 | Step 1000 | R    49.84 | 배송  7/50 | 미활동 1 | 2홉+ 0.09 | 도달  503 | 차단  316
Ep 677 | Step 1000 | R    24.39 | 배송  5/50 | 미활동 1 | 2홉+ 0.11 | 도달  455 | 차단    9
Ep 678 | Step 1000 | R    45.54 | 배송  7/50 | 미활동 0 | 2홉+ 0.32 | 도달  510 | 차단  606
Ep 679 | Step 1000 | R    50.58 | 배송  8/50 | 미활동 1 | 2홉+ 0.11 | 도달  456 | 차단  228
Ep 680 | Step 1000 | R    54.97 | 배송  8/50 | 미활동 1 | 2홉+ 0.27 | 도달  500 | 차단  371
Ep 681 | Step 1000 | R    60.16 | 배송  8/50 | 미활동 1 | 2홉+ 0.16 | 도달  494 | 차단   94
Ep 682 | Step 1000 | R    54.64 | 배송  8/50 | 미활동 1 | 2홉+ 0.16 | 도달  491 | 차단  240
Ep 683 | Step 1000 | R    37.26 | 배송  6/50 | 미활동 1 | 2홉+ 0.08 | 도달  382 | 차단    1
Ep 684 | Step 1000 | R    59.26 | 배송  7/50 | 미활동 1 | 2홉+ 0.29 | 도달  468 | 차단   90
Ep 685 | Step 1000 | R    53.45 | 배송  8/50 | 미활동 1 | 2홉+ 0.25 | 도달  502 | 차단  110
Ep 686 | Step 1000 | R    45.95 | 배송  8/50 | 미활동 1 | 2홉+ 0.20 | 도달  469 | 차단  369
Ep 687 | Step 1000 | R    90.83 | 배송  8/50 | 미활동 1 | 2홉+ 0.23 | 도달  502 | 차단   10
Ep 688 | Step 1000 | R    59.37 | 배송  8/50 | 미활동 1 | 2홉+ 0.28 | 도달  494 | 차단  165
Ep 689 | Step 1000 | R    61.94 | 배송  8/50 | 미활동 0 | 2홉+ 0.13 | 도달  429 | 차단   82
Ep 690 | Step 1000 | R    53.30 | 배송  8/50 | 미활동 1 | 2홉+ 0.31 | 도달  502 | 차단  304
Ep 691 | Step 1000 | R    35.93 | 배송  7/50 | 미활동 1 | 2홉+ 0.31 | 도달  513 | 차단  580
Ep 692 | Step 1000 | R    52.09 | 배송  7/50 | 미활동 2 | 2홉+ 0.41 | 도달  541 | 차단  338
Ep 693 | Step 1000 | R    22.98 | 배송  5/50 | 미활동 1 | 2홉+ 0.40 | 도달  505 | 차단 1112
Ep 694 | Step 1000 | R    53.72 | 배송  8/50 | 미활동 1 | 2홉+ 0.33 | 도달  512 | 차단  132
Ep 695 | Step 1000 | R    63.03 | 배송  8/50 | 미활동 1 | 2홉+ 0.34 | 도달  519 | 차단  365
Ep 696 | Step 1000 | R    44.94 | 배송  6/50 | 미활동 1 | 2홉+ 0.25 | 도달  448 | 차단    2
Ep 697 | Step 1000 | R    31.75 | 배송  6/50 | 미활동 0 | 2홉+ 0.42 | 도달  463 | 차단 1326
Ep 698 | Step 1000 | R    55.32 | 배송  7/50 | 미활동 1 | 2홉+ 0.21 | 도달  502 | 차단  279
Ep 699 | Step 1000 | R   124.59 | 배송 10/50 | 미활동 0 | 2홉+ 0.23 | 도달  502 | 차단  211
Ep 700 | Step 1000 | R    92.97 | 배송  8/50 | 미활동 1 | 2홉+ 0.11 | 도달  414 | 차단  121
  [홀드아웃] 배송 5.7±2.6 미활동 1.50 2홉+ 0.28 도달 470 | 최고 12.7@ep250 | 정체 9/15
Ep 701 | Step 1000 | R    49.60 | 배송  7/50 | 미활동 1 | 2홉+ 0.39 | 도달  512 | 차단  395
Ep 702 | Step 1000 | R   116.92 | 배송 10/50 | 미활동 1 | 2홉+ 0.12 | 도달  447 | 차단   22
Ep 703 | Step 1000 | R    52.27 | 배송  8/50 | 미활동 1 | 2홉+ 0.10 | 도달  436 | 차단   50
Ep 704 | Step 1000 | R    30.90 | 배송  6/50 | 미활동 2 | 2홉+ 0.21 | 도달  503 | 차단  296
Ep 705 | Step 1000 | R    20.61 | 배송  5/50 | 미활동 0 | 2홉+ 0.33 | 도달  502 | 차단  947
Ep 706 | Step 1000 | R    28.46 | 배송  6/50 | 미활동 1 | 2홉+ 0.34 | 도달  500 | 차단    5
Ep 707 | Step 1000 | R    50.07 | 배송  6/50 | 미활동 2 | 2홉+ 0.16 | 도달  418 | 차단  162
Ep 708 | Step 1000 | R    27.63 | 배송  5/50 | 미활동 2 | 2홉+ 0.17 | 도달  502 | 차단    0
Ep 709 | Step 1000 | R    43.47 | 배송  6/50 | 미활동 2 | 2홉+ 0.37 | 도달  502 | 차단  537
Ep 710 | Step 1000 | R    52.51 | 배송  7/50 | 미활동 1 | 2홉+ 0.29 | 도달  532 | 차단  308
Ep 711 | Step 1000 | R    43.82 | 배송  6/50 | 미활동 1 | 2홉+ 0.33 | 도달  508 | 차단  293
Ep 712 | Step 1000 | R    47.74 | 배송  7/50 | 미활동 1 | 2홉+ 0.07 | 도달  502 | 차단    6
Ep 713 | Step 1000 | R    36.31 | 배송  6/50 | 미활동 1 | 2홉+ 0.06 | 도달  409 | 차단   16
Ep 714 | Step 1000 | R    49.62 | 배송  7/50 | 미활동 1 | 2홉+ 0.33 | 도달  502 | 차단  119
Ep 715 | Step 1000 | R    40.27 | 배송  6/50 | 미활동 2 | 2홉+ 0.26 | 도달  509 | 차단  176
Ep 716 | Step 1000 | R    31.50 | 배송  6/50 | 미활동 1 | 2홉+ 0.23 | 도달  502 | 차단  468
Ep 717 | Step 1000 | R    36.66 | 배송  5/50 | 미활동 1 | 2홉+ 0.27 | 도달  507 | 차단  233
Ep 718 | Step 1000 | R    38.79 | 배송  6/50 | 미활동 1 | 2홉+ 0.27 | 도달  503 | 차단  202
Ep 719 | Step 1000 | R    51.73 | 배송  7/50 | 미활동 1 | 2홉+ 0.10 | 도달  363 | 차단   71
Ep 720 | Step 1000 | R    57.98 | 배송  7/50 | 미활동 1 | 2홉+ 0.13 | 도달  412 | 차단   51
Ep 721 | Step 1000 | R    43.10 | 배송  6/50 | 미활동 1 | 2홉+ 0.25 | 도달  513 | 차단  106
Ep 722 | Step 1000 | R    31.67 | 배송  6/50 | 미활동 1 | 2홉+ 0.34 | 도달  519 | 차단    3
Ep 723 | Step 1000 | R    24.32 | 배송  5/50 | 미활동 1 | 2홉+ 0.23 | 도달  502 | 차단  339
Ep 724 | Step 1000 | R    57.84 | 배송  7/50 | 미활동 1 | 2홉+ 0.13 | 도달  378 | 차단   89
Ep 725 | Step 1000 | R    49.54 | 배송  8/50 | 미활동 0 | 2홉+ 0.37 | 도달  503 | 차단  339
Ep 726 | Step 1000 | R    39.82 | 배송  7/50 | 미활동 0 | 2홉+ 0.26 | 도달  540 | 차단  635
Ep 727 | Step 1000 | R    46.73 | 배송  7/50 | 미활동 1 | 2홉+ 0.37 | 도달  550 | 차단  554
Ep 728 | Step 1000 | R     4.12 | 배송  4/50 | 미활동 2 | 2홉+ 0.27 | 도달  502 | 차단  459
Ep 729 | Step 1000 | R    53.57 | 배송  7/50 | 미활동 2 | 2홉+ 0.35 | 도달  505 | 차단  123
Ep 730 | Step 1000 | R    83.43 | 배송 10/50 | 미활동 1 | 2홉+ 0.40 | 도달  523 | 차단  278
Ep 731 | Step 1000 | R    14.39 | 배송  5/50 | 미활동 1 | 2홉+ 0.48 | 도달  534 | 차단  529
Ep 732 | Step 1000 | R    17.05 | 배송  5/50 | 미활동 2 | 2홉+ 0.38 | 도달  534 | 차단   12
Ep 733 | Step 1000 | R    44.19 | 배송  7/50 | 미활동 1 | 2홉+ 0.44 | 도달  502 | 차단  115
Ep 734 | Step 1000 | R     4.33 | 배송  4/50 | 미활동 2 | 2홉+ 0.21 | 도달  502 | 차단 1258
Ep 735 | Step 1000 | R    73.56 | 배송  7/50 | 미활동 1 | 2홉+ 0.16 | 도달  399 | 차단  169
Ep 736 | Step 1000 | R    52.31 | 배송  7/50 | 미활동 1 | 2홉+ 0.41 | 도달  502 | 차단    7
Ep 737 | Step 1000 | R    75.24 | 배송  7/50 | 미활동 1 | 2홉+ 0.10 | 도달  443 | 차단   10
Ep 738 | Step 1000 | R    55.51 | 배송  8/50 | 미활동 1 | 2홉+ 0.11 | 도달  392 | 차단  232
Ep 739 | Step 1000 | R    31.86 | 배송  6/50 | 미활동 1 | 2홉+ 0.19 | 도달  502 | 차단  132
Ep 740 | Step 1000 | R    58.26 | 배송  8/50 | 미활동 1 | 2홉+ 0.48 | 도달  518 | 차단   35
Ep 741 | Step 1000 | R    62.72 | 배송  8/50 | 미활동 1 | 2홉+ 0.19 | 도달  501 | 차단  130
Ep 742 | Step 1000 | R    39.58 | 배송  6/50 | 미활동 1 | 2홉+ 0.26 | 도달  500 | 차단  649
Ep 743 | Step 1000 | R    56.46 | 배송  7/50 | 미활동 2 | 2홉+ 0.34 | 도달  502 | 차단  112
Ep 744 | Step 1000 | R    56.82 | 배송  8/50 | 미활동 0 | 2홉+ 0.24 | 도달  502 | 차단  333
Ep 745 | Step 1000 | R    47.35 | 배송  7/50 | 미활동 0 | 2홉+ 0.12 | 도달  502 | 차단   41
Ep 746 | Step 1000 | R    49.82 | 배송  7/50 | 미활동 1 | 2홉+ 0.35 | 도달  502 | 차단  290
Ep 747 | Step 1000 | R    15.69 | 배송  4/50 | 미활동 2 | 2홉+ 0.35 | 도달  502 | 차단  556
Ep 748 | Step 1000 | R    73.75 | 배송  9/50 | 미활동 0 | 2홉+ 0.34 | 도달  518 | 차단  251
Ep 749 | Step 1000 | R    54.51 | 배송  7/50 | 미활동 2 | 2홉+ 0.20 | 도달  502 | 차단  239
Ep 750 | Step 1000 | R    79.12 | 배송  9/50 | 미활동 0 | 2홉+ 0.36 | 도달  467 | 차단  554
  [홀드아웃] 배송 6.0±2.7 미활동 1.50 2홉+ 0.22 도달 400 | 최고 12.7@ep250 | 정체 10/15
Ep 751 | Step 1000 | R    52.00 | 배송  8/50 | 미활동 1 | 2홉+ 0.36 | 도달  548 | 차단  751
Ep 752 | Step 1000 | R    23.36 | 배송  4/50 | 미활동 2 | 2홉+ 0.37 | 도달  485 | 차단  111
Ep 753 | Step 1000 | R    35.33 | 배송  6/50 | 미활동 2 | 2홉+ 0.33 | 도달  521 | 차단  541
Ep 754 | Step 1000 | R    38.48 | 배송  5/50 | 미활동 1 | 2홉+ 0.24 | 도달  508 | 차단    8
Ep 755 | Step 1000 | R    49.46 | 배송  6/50 | 미활동 2 | 2홉+ 0.36 | 도달  540 | 차단  209
Ep 756 | Step 1000 | R   125.48 | 배송 11/50 | 미활동 0 | 2홉+ 0.22 | 도달  503 | 차단  546
Ep 757 | Step 1000 | R    42.04 | 배송  6/50 | 미활동 2 | 2홉+ 0.16 | 도달  502 | 차단  201
Ep 758 | Step 1000 | R    50.30 | 배송  7/50 | 미활동 2 | 2홉+ 0.23 | 도달  473 | 차단  321
Ep 759 | Step 1000 | R    63.99 | 배송  8/50 | 미활동 1 | 2홉+ 0.07 | 도달  371 | 차단    1
Ep 760 | Step 1000 | R    49.36 | 배송  7/50 | 미활동 2 | 2홉+ 0.12 | 도달  410 | 차단  668
Ep 761 | Step 1000 | R    51.65 | 배송  7/50 | 미활동 1 | 2홉+ 0.36 | 도달  510 | 차단   56
Ep 762 | Step 1000 | R    57.71 | 배송  8/50 | 미활동 1 | 2홉+ 0.13 | 도달  501 | 차단  185
Ep 763 | Step 1000 | R    54.56 | 배송  7/50 | 미활동 1 | 2홉+ 0.24 | 도달  516 | 차단   77
Ep 764 | Step 1000 | R    76.64 | 배송  9/50 | 미활동 1 | 2홉+ 0.37 | 도달  513 | 차단  514
Ep 765 | Step 1000 | R    56.93 | 배송  8/50 | 미활동 0 | 2홉+ 0.29 | 도달  503 | 차단  250
Ep 766 | Step 1000 | R   111.53 | 배송  9/50 | 미활동 2 | 2홉+ 0.17 | 도달  502 | 차단  192
Ep 767 | Step 1000 | R    36.69 | 배송  7/50 | 미활동 1 | 2홉+ 0.22 | 도달  507 | 차단  349
Ep 768 | Step 1000 | R    70.68 | 배송 10/50 | 미활동 0 | 2홉+ 0.30 | 도달  502 | 차단  244
Ep 769 | Step 1000 | R    88.10 | 배송  7/50 | 미활동 2 | 2홉+ 0.09 | 도달  392 | 차단   61
Ep 770 | Step 1000 | R    28.82 | 배송  5/50 | 미활동 1 | 2홉+ 0.26 | 도달  451 | 차단  639
Ep 771 | Step 1000 | R    49.99 | 배송  6/50 | 미활동 2 | 2홉+ 0.19 | 도달  502 | 차단  212
Ep 772 | Step 1000 | R    51.51 | 배송  9/50 | 미활동 1 | 2홉+ 0.53 | 도달  502 | 차단  275
Ep 773 | Step 1000 | R    44.85 | 배송  6/50 | 미활동 1 | 2홉+ 0.20 | 도달  500 | 차단  129
Ep 774 | Step 1000 | R    51.48 | 배송  7/50 | 미활동 1 | 2홉+ 0.28 | 도달  502 | 차단  716
Ep 775 | Step 1000 | R    35.57 | 배송  8/50 | 미활동 2 | 2홉+ 0.04 | 도달  411 | 차단   54
Ep 776 | Step 1000 | R    36.80 | 배송  6/50 | 미활동 2 | 2홉+ 0.12 | 도달  487 | 차단  363
Ep 777 | Step 1000 | R    69.96 | 배송  7/50 | 미활동 1 | 2홉+ 0.15 | 도달  465 | 차단   57
Ep 778 | Step 1000 | R    40.68 | 배송  7/50 | 미활동 1 | 2홉+ 0.23 | 도달  502 | 차단  505
Ep 779 | Step 1000 | R    37.21 | 배송  6/50 | 미활동 1 | 2홉+ 0.32 | 도달  503 | 차단   92
Ep 780 | Step 1000 | R    -2.13 | 배송  4/50 | 미활동 2 | 2홉+ 0.35 | 도달  502 | 차단  173
Ep 781 | Step 1000 | R    26.51 | 배송  6/50 | 미활동 2 | 2홉+ 0.07 | 도달  500 | 차단    2
Ep 782 | Step 1000 | R    19.18 | 배송  5/50 | 미활동 1 | 2홉+ 0.42 | 도달  532 | 차단   99
Ep 783 | Step 1000 | R    71.09 | 배송  6/50 | 미활동 2 | 2홉+ 0.26 | 도달  521 | 차단  712
Ep 784 | Step 1000 | R    25.00 | 배송  6/50 | 미활동 2 | 2홉+ 0.00 | 도달  305 | 차단   91
Ep 785 | Step 1000 | R    30.95 | 배송  6/50 | 미활동 1 | 2홉+ 0.05 | 도달  362 | 차단  243
Ep 786 | Step 1000 | R    47.63 | 배송  7/50 | 미활동 2 | 2홉+ 0.22 | 도달  413 | 차단 1117
Ep 787 | Step 1000 | R    25.89 | 배송  6/50 | 미활동 2 | 2홉+ 0.26 | 도달  502 | 차단  286
Ep 788 | Step 1000 | R    35.81 | 배송  6/50 | 미활동 2 | 2홉+ 0.18 | 도달  414 | 차단  287
Ep 789 | Step 1000 | R    49.62 | 배송  7/50 | 미활동 1 | 2홉+ 0.11 | 도달  477 | 차단   35
Ep 790 | Step 1000 | R    27.69 | 배송  6/50 | 미활동 2 | 2홉+ 0.15 | 도달  430 | 차단  234
Ep 791 | Step 1000 | R    26.48 | 배송  5/50 | 미활동 3 | 2홉+ 0.23 | 도달  452 | 차단  624
Ep 792 | Step 1000 | R    52.52 | 배송  7/50 | 미활동 2 | 2홉+ 0.17 | 도달  503 | 차단  140
Ep 793 | Step 1000 | R    26.73 | 배송  5/50 | 미활동 2 | 2홉+ 0.20 | 도달  506 | 차단    0
Ep 794 | Step 1000 | R    30.62 | 배송  5/50 | 미활동 2 | 2홉+ 0.16 | 도달  476 | 차단   42
Ep 795 | Step 1000 | R    39.14 | 배송  6/50 | 미활동 1 | 2홉+ 0.09 | 도달  359 | 차단  282
Ep 796 | Step 1000 | R    30.28 | 배송  7/50 | 미활동 2 | 2홉+ 0.11 | 도달  502 | 차단  142
Ep 797 | Step 1000 | R    43.89 | 배송  7/50 | 미활동 2 | 2홉+ 0.15 | 도달  459 | 차단  156
Ep 798 | Step 1000 | R    64.17 | 배송  8/50 | 미활동 2 | 2홉+ 0.21 | 도달  486 | 차단    3
Ep 799 | Step 1000 | R    40.38 | 배송  6/50 | 미활동 2 | 2홉+ 0.24 | 도달  502 | 차단  210
Ep 800 | Step 1000 | R    40.98 | 배송  6/50 | 미활동 2 | 2홉+ 0.09 | 도달  400 | 차단   43
  [홀드아웃] 배송 5.7±2.6 미활동 1.83 2홉+ 0.39 도달 479 | 최고 12.7@ep250 | 정체 11/15
Ep 801 | Step 1000 | R    11.98 | 배송  3/50 | 미활동 2 | 2홉+ 0.34 | 도달  561 | 차단  615
Ep 802 | Step 1000 | R    35.62 | 배송  7/50 | 미활동 1 | 2홉+ 0.08 | 도달  364 | 차단   21
Ep 803 | Step 1000 | R    66.19 | 배송  9/50 | 미활동 1 | 2홉+ 0.26 | 도달  526 | 차단  270
Ep 804 | Step 1000 | R    51.57 | 배송  6/50 | 미활동 1 | 2홉+ 0.13 | 도달  502 | 차단   96
Ep 805 | Step 1000 | R    42.45 | 배송  7/50 | 미활동 1 | 2홉+ 0.28 | 도달  508 | 차단  634
Ep 806 | Step 1000 | R    18.76 | 배송  5/50 | 미활동 2 | 2홉+ 0.15 | 도달  516 | 차단   21
Ep 807 | Step 1000 | R    41.22 | 배송  7/50 | 미활동 1 | 2홉+ 0.16 | 도달  420 | 차단  157
Ep 808 | Step 1000 | R    20.92 | 배송  4/50 | 미활동 1 | 2홉+ 0.32 | 도달  507 | 차단  582
Ep 809 | Step 1000 | R    12.68 | 배송  3/50 | 미활동 2 | 2홉+ 0.43 | 도달  502 | 차단  890
Ep 810 | Step 1000 | R    39.81 | 배송  7/50 | 미활동 2 | 2홉+ 0.18 | 도달  485 | 차단  148
Ep 811 | Step 1000 | R    31.42 | 배송  5/50 | 미활동 2 | 2홉+ 0.27 | 도달  475 | 차단  187
Ep 812 | Step 1000 | R    29.76 | 배송  5/50 | 미활동 2 | 2홉+ 0.24 | 도달  502 | 차단  454
Ep 813 | Step 1000 | R    53.64 | 배송  7/50 | 미활동 1 | 2홉+ 0.21 | 도달  428 | 차단  208
Ep 814 | Step 1000 | R    69.08 | 배송  6/50 | 미활동 2 | 2홉+ 0.15 | 도달  519 | 차단  763
Ep 815 | Step 1000 | R    32.86 | 배송  6/50 | 미활동 2 | 2홉+ 0.07 | 도달  474 | 차단   84
Ep 816 | Step 1000 | R    55.03 | 배송  7/50 | 미활동 1 | 2홉+ 0.18 | 도달  524 | 차단  154
Ep 817 | Step 1000 | R    18.17 | 배송  5/50 | 미활동 2 | 2홉+ 0.15 | 도달  396 | 차단  252
Ep 818 | Step 1000 | R    62.07 | 배송  8/50 | 미활동 1 | 2홉+ 0.14 | 도달  453 | 차단  164
Ep 819 | Step 1000 | R    42.35 | 배송  7/50 | 미활동 2 | 2홉+ 0.11 | 도달  508 | 차단  103
Ep 820 | Step 1000 | R    51.15 | 배송  7/50 | 미활동 1 | 2홉+ 0.31 | 도달  468 | 차단  553
Ep 821 | Step 1000 | R    67.23 | 배송  8/50 | 미활동 2 | 2홉+ 0.21 | 도달  583 | 차단   62
Ep 822 | Step 1000 | R    51.55 | 배송  7/50 | 미활동 2 | 2홉+ 0.47 | 도달  508 | 차단   28
Ep 823 | Step 1000 | R    40.82 | 배송  6/50 | 미활동 1 | 2홉+ 0.25 | 도달  515 | 차단  188
Ep 824 | Step 1000 | R    15.05 | 배송  5/50 | 미활동 1 | 2홉+ 0.31 | 도달  505 | 차단  673
Ep 825 | Step 1000 | R    16.63 | 배송  5/50 | 미활동 2 | 2홉+ 0.21 | 도달  502 | 차단  388
Ep 826 | Step 1000 | R    51.27 | 배송  7/50 | 미활동 2 | 2홉+ 0.16 | 도달  510 | 차단   22
Ep 827 | Step 1000 | R    35.44 | 배송  6/50 | 미활동 2 | 2홉+ 0.43 | 도달  528 | 차단 1030
Ep 828 | Step 1000 | R    45.73 | 배송  7/50 | 미활동 2 | 2홉+ 0.35 | 도달  502 | 차단   42
Ep 829 | Step 1000 | R    47.41 | 배송  7/50 | 미활동 2 | 2홉+ 0.16 | 도달  517 | 차단   25
Ep 830 | Step 1000 | R    29.87 | 배송  6/50 | 미활동 2 | 2홉+ 0.10 | 도달  502 | 차단  105
Ep 831 | Step 1000 | R    52.88 | 배송  7/50 | 미활동 1 | 2홉+ 0.24 | 도달  498 | 차단  248
Ep 832 | Step 1000 | R    20.24 | 배송  6/50 | 미활동 2 | 2홉+ 0.25 | 도달  502 | 차단  876
Ep 833 | Step 1000 | R    69.03 | 배송  9/50 | 미활동 1 | 2홉+ 0.20 | 도달  529 | 차단   68
Ep 834 | Step 1000 | R    33.50 | 배송  6/50 | 미활동 2 | 2홉+ 0.35 | 도달  503 | 차단  966
Ep 835 | Step 1000 | R    22.37 | 배송  6/50 | 미활동 2 | 2홉+ 0.31 | 도달  500 | 차단 1491
Ep 836 | Step 1000 | R    -0.56 | 배송  4/50 | 미활동 2 | 2홉+ 0.18 | 도달  502 | 차단  353
Ep 837 | Step 1000 | R    90.74 | 배송  7/50 | 미활동 2 | 2홉+ 0.14 | 도달  464 | 차단  211
Ep 838 | Step 1000 | R    44.94 | 배송  7/50 | 미활동 2 | 2홉+ 0.32 | 도달  398 | 차단 1055
Ep 839 | Step 1000 | R    32.57 | 배송  5/50 | 미활동 2 | 2홉+ 0.20 | 도달  486 | 차단   26
Ep 840 | Step 1000 | R    27.14 | 배송  5/50 | 미활동 2 | 2홉+ 0.36 | 도달  522 | 차단   28
Ep 841 | Step 1000 | R    53.48 | 배송  7/50 | 미활동 2 | 2홉+ 0.31 | 도달  531 | 차단  189
Ep 842 | Step 1000 | R    38.73 | 배송  5/50 | 미활동 2 | 2홉+ 0.18 | 도달  492 | 차단    0
Ep 843 | Step 1000 | R    28.07 | 배송  5/50 | 미활동 2 | 2홉+ 0.08 | 도달  361 | 차단   51
Ep 844 | Step 1000 | R    50.86 | 배송  7/50 | 미활동 1 | 2홉+ 0.26 | 도달  557 | 차단  397
Ep 845 | Step 1000 | R    66.68 | 배송  8/50 | 미활동 1 | 2홉+ 0.30 | 도달  483 | 차단  209
Ep 846 | Step 1000 | R    84.39 | 배송  7/50 | 미활동 2 | 2홉+ 0.22 | 도달  556 | 차단   97
Ep 847 | Step 1000 | R    40.61 | 배송  7/50 | 미활동 2 | 2홉+ 0.14 | 도달  417 | 차단   92
Ep 848 | Step 1000 | R    79.56 | 배송  9/50 | 미활동 2 | 2홉+ 0.24 | 도달  440 | 차단   73
Ep 849 | Step 1000 | R    59.87 | 배송  8/50 | 미활동 2 | 2홉+ 0.19 | 도달  417 | 차단  116
Ep 850 | Step 1000 | R    16.29 | 배송  4/50 | 미활동 2 | 2홉+ 0.42 | 도달  502 | 차단   42
  [홀드아웃] 배송 5.5±1.9 미활동 1.83 2홉+ 0.26 도달 441 | 최고 12.7@ep250 | 정체 12/15
Ep 851 | Step 1000 | R    68.35 | 배송  9/50 | 미활동 2 | 2홉+ 0.14 | 도달  447 | 차단  342
Ep 852 | Step 1000 | R    48.96 | 배송  7/50 | 미활동 1 | 2홉+ 0.30 | 도달  502 | 차단  588
Ep 853 | Step 1000 | R    35.82 | 배송  6/50 | 미활동 2 | 2홉+ 0.34 | 도달  502 | 차단  256
Ep 854 | Step 1000 | R    47.00 | 배송  7/50 | 미활동 2 | 2홉+ 0.43 | 도달  502 | 차단   57
Ep 855 | Step 1000 | R    18.63 | 배송  5/50 | 미활동 2 | 2홉+ 0.47 | 도달  567 | 차단  132
Ep 856 | Step 1000 | R    45.99 | 배송  7/50 | 미활동 1 | 2홉+ 0.23 | 도달  495 | 차단  165
Ep 857 | Step 1000 | R    42.71 | 배송  7/50 | 미활동 2 | 2홉+ 0.17 | 도달  482 | 차단  394
Ep 858 | Step 1000 | R    30.37 | 배송  6/50 | 미활동 1 | 2홉+ 0.31 | 도달  502 | 차단 1227
Ep 859 | Step 1000 | R    39.49 | 배송  6/50 | 미활동 2 | 2홉+ 0.30 | 도달  502 | 차단   52
Ep 860 | Step 1000 | R    43.02 | 배송  6/50 | 미활동 2 | 2홉+ 0.45 | 도달  514 | 차단    0
Ep 861 | Step 1000 | R    41.09 | 배송  6/50 | 미활동 2 | 2홉+ 0.28 | 도달  539 | 차단   78
Ep 862 | Step 1000 | R    49.02 | 배송  6/50 | 미활동 2 | 2홉+ 0.17 | 도달  502 | 차단  111
Ep 863 | Step 1000 | R    48.40 | 배송  7/50 | 미활동 2 | 2홉+ 0.43 | 도달  502 | 차단  108
Ep 864 | Step 1000 | R    94.40 | 배송  8/50 | 미활동 2 | 2홉+ 0.37 | 도달  502 | 차단  258
Ep 865 | Step 1000 | R    51.03 | 배송  7/50 | 미활동 2 | 2홉+ 0.19 | 도달  517 | 차단   58
Ep 866 | Step 1000 | R    22.26 | 배송  5/50 | 미활동 2 | 2홉+ 0.46 | 도달  502 | 차단   34
Ep 867 | Step 1000 | R    57.54 | 배송  8/50 | 미활동 2 | 2홉+ 0.32 | 도달  462 | 차단  596
Ep 868 | Step 1000 | R    52.10 | 배송  8/50 | 미활동 2 | 2홉+ 0.23 | 도달  460 | 차단  551
Ep 869 | Step 1000 | R    49.37 | 배송  7/50 | 미활동 2 | 2홉+ 0.31 | 도달  502 | 차단  160
Ep 870 | Step 1000 | R    26.16 | 배송  6/50 | 미활동 1 | 2홉+ 0.35 | 도달  568 | 차단 1347
Ep 871 | Step 1000 | R    50.85 | 배송  7/50 | 미활동 0 | 2홉+ 0.17 | 도달  467 | 차단  552
Ep 872 | Step 1000 | R    46.95 | 배송  7/50 | 미활동 2 | 2홉+ 0.30 | 도달  507 | 차단  667
Ep 873 | Step 1000 | R    39.13 | 배송  6/50 | 미활동 1 | 2홉+ 0.35 | 도달  501 | 차단  708
Ep 874 | Step 1000 | R   111.30 | 배송 10/50 | 미활동 2 | 2홉+ 0.13 | 도달  471 | 차단  353
Ep 875 | Step 1000 | R    83.94 | 배송 10/50 | 미활동 1 | 2홉+ 0.52 | 도달  569 | 차단   66
Ep 876 | Step 1000 | R    14.80 | 배송  4/50 | 미활동 2 | 2홉+ 0.35 | 도달  518 | 차단  463
Ep 877 | Step 1000 | R    41.14 | 배송  7/50 | 미활동 2 | 2홉+ 0.35 | 도달  507 | 차단  195
Ep 878 | Step 1000 | R    51.94 | 배송  7/50 | 미활동 2 | 2홉+ 0.24 | 도달  468 | 차단  363
Ep 879 | Step 1000 | R    94.10 | 배송  9/50 | 미활동 2 | 2홉+ 0.32 | 도달  426 | 차단 1225
Ep 880 | Step 1000 | R   100.14 | 배송  8/50 | 미활동 2 | 2홉+ 0.17 | 도달  504 | 차단  275
Ep 881 | Step 1000 | R    28.58 | 배송  5/50 | 미활동 2 | 2홉+ 0.22 | 도달  505 | 차단  447
Ep 882 | Step 1000 | R    63.88 | 배송  8/50 | 미활동 2 | 2홉+ 0.35 | 도달  502 | 차단  326
Ep 883 | Step 1000 | R     7.75 | 배송  3/50 | 미활동 2 | 2홉+ 0.46 | 도달  486 | 차단  774
Ep 884 | Step 1000 | R    45.12 | 배송  6/50 | 미활동 2 | 2홉+ 0.19 | 도달  518 | 차단  343
Ep 885 | Step 1000 | R    40.94 | 배송  6/50 | 미활동 2 | 2홉+ 0.14 | 도달  450 | 차단  266
Ep 886 | Step 1000 | R    54.71 | 배송  7/50 | 미활동 2 | 2홉+ 0.16 | 도달  510 | 차단  166
Ep 887 | Step 1000 | R    48.37 | 배송  7/50 | 미활동 1 | 2홉+ 0.07 | 도달  347 | 차단   61
Ep 888 | Step 1000 | R    19.83 | 배송  4/50 | 미활동 2 | 2홉+ 0.37 | 도달  517 | 차단  138
Ep 889 | Step 1000 | R    48.54 | 배송  7/50 | 미활동 2 | 2홉+ 0.33 | 도달  524 | 차단  477
Ep 890 | Step 1000 | R    75.25 | 배송  7/50 | 미활동 1 | 2홉+ 0.28 | 도달  502 | 차단  198
Ep 891 | Step 1000 | R    40.30 | 배송  7/50 | 미활동 2 | 2홉+ 0.39 | 도달  502 | 차단  908
Ep 892 | Step 1000 | R    68.81 | 배송  6/50 | 미활동 2 | 2홉+ 0.31 | 도달  502 | 차단  445
Ep 893 | Step 1000 | R    50.55 | 배송  6/50 | 미활동 2 | 2홉+ 0.33 | 도달  503 | 차단    5
Ep 894 | Step 1000 | R    64.96 | 배송  9/50 | 미활동 0 | 2홉+ 0.16 | 도달  586 | 차단  228
Ep 895 | Step 1000 | R    64.72 | 배송  9/50 | 미활동 1 | 2홉+ 0.25 | 도달  510 | 차단  215
Ep 896 | Step 1000 | R    47.68 | 배송  8/50 | 미활동 2 | 2홉+ 0.43 | 도달  508 | 차단  264
Ep 897 | Step 1000 | R    38.42 | 배송  8/50 | 미활동 2 | 2홉+ 0.43 | 도달  502 | 차단  158
Ep 898 | Step 1000 | R    61.96 | 배송  9/50 | 미활동 1 | 2홉+ 0.26 | 도달  502 | 차단  253
Ep 899 | Step 1000 | R    13.62 | 배송  5/50 | 미활동 2 | 2홉+ 0.36 | 도달  506 | 차단  394
Ep 900 | Step 1000 | R    61.68 | 배송  8/50 | 미활동 1 | 2홉+ 0.10 | 도달  464 | 차단  146
  [홀드아웃] 배송 4.0±2.5 미활동 2.17 2홉+ 0.27 도달 383 | 최고 12.7@ep250 | 정체 13/15
Ep 901 | Step 1000 | R    41.21 | 배송  6/50 | 미활동 2 | 2홉+ 0.16 | 도달  432 | 차단  295
Ep 902 | Step 1000 | R    29.72 | 배송  6/50 | 미활동 1 | 2홉+ 0.35 | 도달  502 | 차단  832
Ep 903 | Step 1000 | R    59.47 | 배송  8/50 | 미활동 1 | 2홉+ 0.10 | 도달  534 | 차단   44
Ep 904 | Step 1000 | R    37.49 | 배송  8/50 | 미활동 2 | 2홉+ 0.30 | 도달  459 | 차단  311
Ep 905 | Step 1000 | R    44.10 | 배송  6/50 | 미활동 2 | 2홉+ 0.14 | 도달  353 | 차단  286
Ep 906 | Step 1000 | R    48.88 | 배송  7/50 | 미활동 1 | 2홉+ 0.35 | 도달  426 | 차단  454
Ep 907 | Step 1000 | R    82.72 | 배송  7/50 | 미활동 2 | 2홉+ 0.16 | 도달  500 | 차단    0
Ep 908 | Step 1000 | R    59.05 | 배송  8/50 | 미활동 1 | 2홉+ 0.30 | 도달  502 | 차단  437
Ep 909 | Step 1000 | R    49.87 | 배송  7/50 | 미활동 2 | 2홉+ 0.18 | 도달  502 | 차단  181
Ep 910 | Step 1000 | R    34.81 | 배송  6/50 | 미활동 2 | 2홉+ 0.29 | 도달  502 | 차단 1108
Ep 911 | Step 1000 | R    28.45 | 배송  6/50 | 미활동 2 | 2홉+ 0.22 | 도달  502 | 차단  202
Ep 912 | Step 1000 | R    37.81 | 배송  6/50 | 미활동 2 | 2홉+ 0.41 | 도달  507 | 차단  305
Ep 913 | Step 1000 | R    30.06 | 배송  6/50 | 미활동 1 | 2홉+ 0.18 | 도달  457 | 차단  141
Ep 914 | Step 1000 | R    28.85 | 배송  6/50 | 미활동 2 | 2홉+ 0.33 | 도달  394 | 차단 1535
Ep 915 | Step 1000 | R    14.58 | 배송  6/50 | 미활동 2 | 2홉+ 0.20 | 도달  453 | 차단  463
Ep 916 | Step 1000 | R    28.63 | 배송  5/50 | 미활동 2 | 2홉+ 0.15 | 도달  491 | 차단  120
Ep 917 | Step 1000 | R    26.33 | 배송  6/50 | 미활동 2 | 2홉+ 0.04 | 도달  384 | 차단   13
Ep 918 | Step 1000 | R     6.36 | 배송  3/50 | 미활동 3 | 2홉+ 0.24 | 도달  529 | 차단  469
Ep 919 | Step 1000 | R    41.33 | 배송  7/50 | 미활동 2 | 2홉+ 0.11 | 도달  431 | 차단  306
Ep 920 | Step 1000 | R    26.25 | 배송  5/50 | 미활동 2 | 2홉+ 0.43 | 도달  502 | 차단    2
Ep 921 | Step 1000 | R    82.71 | 배송  7/50 | 미활동 2 | 2홉+ 0.26 | 도달  502 | 차단   79
Ep 922 | Step 1000 | R    32.13 | 배송  6/50 | 미활동 2 | 2홉+ 0.24 | 도달  503 | 차단  145
Ep 923 | Step 1000 | R    51.97 | 배송  8/50 | 미활동 1 | 2홉+ 0.11 | 도달  380 | 차단  217
Ep 924 | Step 1000 | R    50.75 | 배송  7/50 | 미활동 2 | 2홉+ 0.28 | 도달  509 | 차단  430
Ep 925 | Step 1000 | R    53.13 | 배송  7/50 | 미활동 2 | 2홉+ 0.15 | 도달  520 | 차단   36
Ep 926 | Step 1000 | R    52.85 | 배송  7/50 | 미활동 2 | 2홉+ 0.19 | 도달  531 | 차단  213
Ep 927 | Step 1000 | R    46.83 | 배송  7/50 | 미활동 2 | 2홉+ 0.32 | 도달  504 | 차단   55
Ep 928 | Step 1000 | R    11.60 | 배송  5/50 | 미활동 2 | 2홉+ 0.13 | 도달  476 | 차단   95
Ep 929 | Step 1000 | R    26.53 | 배송  5/50 | 미활동 2 | 2홉+ 0.24 | 도달  457 | 차단  183
Ep 930 | Step 1000 | R    37.79 | 배송  6/50 | 미활동 2 | 2홉+ 0.22 | 도달  548 | 차단  158
Ep 931 | Step 1000 | R    47.24 | 배송  7/50 | 미활동 2 | 2홉+ 0.28 | 도달  529 | 차단  280
Ep 932 | Step 1000 | R    35.87 | 배송  7/50 | 미활동 1 | 2홉+ 0.10 | 도달  463 | 차단    0
Ep 933 | Step 1000 | R   -38.59 | 배송  2/50 | 미활동 3 | 2홉+ 0.12 | 도달  472 | 차단   58
Ep 934 | Step 1000 | R    57.06 | 배송  8/50 | 미활동 1 | 2홉+ 0.14 | 도달  494 | 차단  461
Ep 935 | Step 1000 | R    42.23 | 배송  6/50 | 미활동 2 | 2홉+ 0.29 | 도달  509 | 차단  207
Ep 936 | Step 1000 | R    42.37 | 배송  6/50 | 미활동 2 | 2홉+ 0.32 | 도달  502 | 차단    0
Ep 937 | Step 1000 | R    32.82 | 배송  6/50 | 미활동 2 | 2홉+ 0.28 | 도달  509 | 차단  321
Ep 938 | Step 1000 | R    35.91 | 배송  6/50 | 미활동 2 | 2홉+ 0.25 | 도달  475 | 차단  441
Ep 939 | Step 1000 | R    36.57 | 배송  7/50 | 미활동 2 | 2홉+ 0.35 | 도달  505 | 차단   14
Ep 940 | Step 1000 | R    45.94 | 배송  6/50 | 미활동 2 | 2홉+ 0.11 | 도달  431 | 차단  447
Ep 941 | Step 1000 | R    17.13 | 배송  4/50 | 미활동 2 | 2홉+ 0.30 | 도달  505 | 차단  459
Ep 942 | Step 1000 | R    33.73 | 배송  7/50 | 미활동 2 | 2홉+ 0.14 | 도달  431 | 차단  580
Ep 943 | Step 1000 | R    39.07 | 배송  7/50 | 미활동 2 | 2홉+ 0.28 | 도달  454 | 차단  899
Ep 944 | Step 1000 | R    63.50 | 배송  8/50 | 미활동 2 | 2홉+ 0.34 | 도달  502 | 차단  596
Ep 945 | Step 1000 | R    76.23 | 배송  7/50 | 미활동 2 | 2홉+ 0.08 | 도달  500 | 차단   75
Ep 946 | Step 1000 | R    18.13 | 배송  4/50 | 미활동 1 | 2홉+ 0.24 | 도달  491 | 차단  675
Ep 947 | Step 1000 | R    32.91 | 배송  6/50 | 미활동 2 | 2홉+ 0.12 | 도달  502 | 차단  134
Ep 948 | Step 1000 | R    19.48 | 배송  4/50 | 미활동 3 | 2홉+ 0.27 | 도달  502 | 차단  946
Ep 949 | Step 1000 | R     4.27 | 배송  4/50 | 미활동 2 | 2홉+ 0.29 | 도달  467 | 차단    8
Ep 950 | Step 1000 | R    44.02 | 배송  6/50 | 미활동 2 | 2홉+ 0.17 | 도달  438 | 차단  356
  [홀드아웃] 배송 6.2±2.9 미활동 1.83 2홉+ 0.30 도달 466 | 최고 12.7@ep250 | 정체 14/15
Ep 951 | Step 1000 | R    37.30 | 배송  6/50 | 미활동 2 | 2홉+ 0.34 | 도달  502 | 차단  989
Ep 952 | Step 1000 | R    19.48 | 배송  5/50 | 미활동 2 | 2홉+ 0.19 | 도달  502 | 차단  386
Ep 953 | Step 1000 | R    41.11 | 배송  7/50 | 미활동 1 | 2홉+ 0.23 | 도달  477 | 차단  354
Ep 954 | Step 1000 | R    62.75 | 배송  8/50 | 미활동 2 | 2홉+ 0.37 | 도달  502 | 차단  331
Ep 955 | Step 1000 | R     6.37 | 배송  4/50 | 미활동 1 | 2홉+ 0.40 | 도달  512 | 차단   23
Ep 956 | Step 1000 | R    24.45 | 배송  5/50 | 미활동 2 | 2홉+ 0.11 | 도달  456 | 차단  130
Ep 957 | Step 1000 | R    32.79 | 배송  6/50 | 미활동 2 | 2홉+ 0.14 | 도달  501 | 차단   99
Ep 958 | Step 1000 | R    56.88 | 배송  8/50 | 미활동 1 | 2홉+ 0.15 | 도달  502 | 차단  223
Ep 959 | Step 1000 | R    32.46 | 배송  5/50 | 미활동 2 | 2홉+ 0.20 | 도달  502 | 차단   23
Ep 960 | Step 1000 | R    22.24 | 배송  5/50 | 미활동 2 | 2홉+ 0.23 | 도달  501 | 차단    0
Ep 961 | Step 1000 | R    38.94 | 배송  6/50 | 미활동 2 | 2홉+ 0.33 | 도달  532 | 차단  677
Ep 962 | Step 1000 | R    40.54 | 배송  7/50 | 미활동 2 | 2홉+ 0.22 | 도달  452 | 차단  481
Ep 963 | Step 1000 | R    28.86 | 배송  5/50 | 미활동 2 | 2홉+ 0.15 | 도달  359 | 차단  160
Ep 964 | Step 1000 | R    84.04 | 배송  7/50 | 미활동 2 | 2홉+ 0.20 | 도달  502 | 차단  102
Ep 965 | Step 1000 | R    39.37 | 배송  6/50 | 미활동 1 | 2홉+ 0.17 | 도달  477 | 차단   70
Ep 966 | Step 1000 | R    22.17 | 배송  5/50 | 미활동 2 | 2홉+ 0.02 | 도달  365 | 차단   70
Ep 967 | Step 1000 | R    40.81 | 배송  6/50 | 미활동 2 | 2홉+ 0.26 | 도달  470 | 차단  317
Ep 968 | Step 1000 | R    19.42 | 배송  5/50 | 미활동 2 | 2홉+ 0.27 | 도달  496 | 차단  184
Ep 969 | Step 1000 | R    30.19 | 배송  6/50 | 미활동 2 | 2홉+ 0.13 | 도달  457 | 차단  100
Ep 970 | Step 1000 | R    47.24 | 배송  7/50 | 미활동 2 | 2홉+ 0.24 | 도달  524 | 차단  492
Ep 971 | Step 1000 | R    11.91 | 배송  4/50 | 미활동 2 | 2홉+ 0.13 | 도달  480 | 차단  203
Ep 972 | Step 1000 | R    45.35 | 배송  6/50 | 미활동 2 | 2홉+ 0.20 | 도달  497 | 차단  177
Ep 973 | Step 1000 | R    33.59 | 배송  6/50 | 미활동 2 | 2홉+ 0.15 | 도달  414 | 차단   63
Ep 974 | Step 1000 | R    53.94 | 배송  7/50 | 미활동 2 | 2홉+ 0.21 | 도달  502 | 차단   47
Ep 975 | Step 1000 | R    16.81 | 배송  3/50 | 미활동 2 | 2홉+ 0.39 | 도달  520 | 차단  511
Ep 976 | Step 1000 | R    25.07 | 배송  5/50 | 미활동 3 | 2홉+ 0.17 | 도달  502 | 차단  421
Ep 977 | Step 1000 | R    17.69 | 배송  4/50 | 미활동 2 | 2홉+ 0.15 | 도달  508 | 차단  430
Ep 978 | Step 1000 | R    38.23 | 배송  6/50 | 미활동 2 | 2홉+ 0.21 | 도달  502 | 차단  272
Ep 979 | Step 1000 | R    43.32 | 배송  8/50 | 미활동 2 | 2홉+ 0.13 | 도달  502 | 차단  388
Ep 980 | Step 1000 | R    40.25 | 배송  6/50 | 미활동 2 | 2홉+ 0.06 | 도달  456 | 차단    2
Ep 981 | Step 1000 | R    35.33 | 배송  7/50 | 미활동 2 | 2홉+ 0.16 | 도달  386 | 차단  599
Ep 982 | Step 1000 | R    44.01 | 배송  7/50 | 미활동 2 | 2홉+ 0.27 | 도달  554 | 차단  782
Ep 983 | Step 1000 | R    41.11 | 배송  6/50 | 미활동 2 | 2홉+ 0.04 | 도달  327 | 차단   48
Ep 984 | Step 1000 | R    32.48 | 배송  6/50 | 미활동 2 | 2홉+ 0.08 | 도달  483 | 차단   50
Ep 985 | Step 1000 | R    54.03 | 배송  7/50 | 미활동 2 | 2홉+ 0.20 | 도달  464 | 차단  258
Ep 986 | Step 1000 | R    54.49 | 배송  7/50 | 미활동 1 | 2홉+ 0.24 | 도달  509 | 차단  259
Ep 987 | Step 1000 | R    26.17 | 배송  6/50 | 미활동 2 | 2홉+ 0.15 | 도달  513 | 차단  340
Ep 988 | Step 1000 | R    34.31 | 배송  5/50 | 미활동 2 | 2홉+ 0.21 | 도달  499 | 차단   82
Ep 989 | Step 1000 | R    48.45 | 배송  7/50 | 미활동 1 | 2홉+ 0.16 | 도달  451 | 차단  264
Ep 990 | Step 1000 | R    31.86 | 배송  5/50 | 미활동 2 | 2홉+ 0.28 | 도달  502 | 차단  784
Ep 991 | Step 1000 | R    52.54 | 배송  7/50 | 미활동 2 | 2홉+ 0.20 | 도달  502 | 차단    1
Ep 992 | Step 1000 | R    23.83 | 배송  6/50 | 미활동 2 | 2홉+ 0.12 | 도달  502 | 차단  377
Ep 993 | Step 1000 | R    25.54 | 배송  5/50 | 미활동 2 | 2홉+ 0.20 | 도달  450 | 차단  108
Ep 994 | Step 1000 | R    28.09 | 배송  6/50 | 미활동 1 | 2홉+ 0.33 | 도달  502 | 차단 1114
Ep 995 | Step 1000 | R    50.71 | 배송  7/50 | 미활동 2 | 2홉+ 0.29 | 도달  502 | 차단  223
Ep 996 | Step 1000 | R    46.09 | 배송  6/50 | 미활동 2 | 2홉+ 0.21 | 도달  509 | 차단  148
Ep 997 | Step 1000 | R    37.43 | 배송  6/50 | 미활동 2 | 2홉+ 0.17 | 도달  450 | 차단  269
Ep 998 | Step 1000 | R    46.39 | 배송  6/50 | 미활동 2 | 2홉+ 0.14 | 도달  500 | 차단   48
Ep 999 | Step 1000 | R    34.20 | 배송  6/50 | 미활동 2 | 2홉+ 0.07 | 도달  458 | 차단   92
Ep 1000 | Step 1000 | R    16.96 | 배송  5/50 | 미활동 2 | 2홉+ 0.15 | 도달  502 | 차단    0
  [홀드아웃] 배송 5.7±3.3 미활동 1.50 2홉+ 0.25 도달 452 | 최고 12.7@ep250 | 정체 15/15

조기 종료: 15회 연속 개선 없음. 최고 정책은 ep250 (홀드아웃 배송 12.7/50), /home/kopt/drone/weights/v2_26_08_25_14_c300_both/best_actor.pth
Training finished. best=12.7 @ ep250
