/home/kopt/enter/envs/wsl_neuroMCTS/lib/python3.10/site-packages/pygame/pkgdata.py:25: UserWarning: pkg_resources is deprecated as an API. See https://setuptools.pypa.io/en/latest/pkg_resources.html. The pkg_resources package is slated for removal as early as 2025-11-30. Refrain from using this package or pin to Setuptools<81.
  from pkg_resources import resource_stream, resource_exists
pygame 2.6.1 (SDL 2.28.4, Python 3.10.19)
Hello from the pygame community. https://www.pygame.org/contribute.html
단계=manager 장치=cuda 반경=300.0 상위주기=20 시드=3
worker_obs=16 manager_obs=40 state=66 상위행동=7
하위 가중치 로드: weights/v3_26_08_31_19_w_nocl/best_worker.pth
Ep 1 | 배송 28/50 | 재적재 3 | 도착  12 | 2홉+ 0.64 | 도달  836 | 차단  472
Ep 2 | 배송 28/50 | 재적재 4 | 도착  15 | 2홉+ 0.55 | 도달  910 | 차단  677
Ep 3 | 배송 30/50 | 재적재 3 | 도착  20 | 2홉+ 0.61 | 도달  781 | 차단  539
Ep 4 | 배송 26/50 | 재적재 3 | 도착  17 | 2홉+ 0.63 | 도달  828 | 차단  713
Ep 5 | 배송 29/50 | 재적재 4 | 도착  18 | 2홉+ 0.62 | 도달  975 | 차단  496
Ep 6 | 배송 26/50 | 재적재 3 | 도착  18 | 2홉+ 0.50 | 도달  737 | 차단  514
Ep 7 | 배송 30/50 | 재적재 5 | 도착  27 | 2홉+ 0.59 | 도달  812 | 차단  370
Ep 8 | 배송 33/50 | 재적재 3 | 도착  19 | 2홉+ 0.62 | 도달  841 | 차단  787
Ep 9 | 배송 22/50 | 재적재 2 | 도착  12 | 2홉+ 0.50 | 도달  704 | 차단  467
Ep 10 | 배송 20/50 | 재적재 1 | 도착  32 | 2홉+ 0.50 | 도달  682 | 차단  812
Ep 11 | 배송 29/50 | 재적재 3 | 도착  13 | 2홉+ 0.63 | 도달  891 | 차단  518
Ep 12 | 배송 30/50 | 재적재 4 | 도착  15 | 2홉+ 0.59 | 도달  896 | 차단  654
Ep 13 | 배송 25/50 | 재적재 3 | 도착  15 | 2홉+ 0.51 | 도달  680 | 차단  488
Ep 14 | 배송 31/50 | 재적재 5 | 도착  17 | 2홉+ 0.60 | 도달  896 | 차단  751
Ep 15 | 배송 34/50 | 재적재 4 | 도착  22 | 2홉+ 0.58 | 도달  850 | 차단  443
Ep 16 | 배송 28/50 | 재적재 4 | 도착  27 | 2홉+ 0.57 | 도달  853 | 차단  212
Ep 17 | 배송 32/50 | 재적재 5 | 도착  14 | 2홉+ 0.59 | 도달  825 | 차단  518
Ep 18 | 배송 26/50 | 재적재 3 | 도착  17 | 2홉+ 0.58 | 도달  879 | 차단  499
Ep 19 | 배송 25/50 | 재적재 3 | 도착  12 | 2홉+ 0.58 | 도달  754 | 차단  417
Ep 20 | 배송 33/50 | 재적재 5 | 도착  22 | 2홉+ 0.60 | 도달  843 | 차단  446
Ep 21 | 배송 29/50 | 재적재 5 | 도착  25 | 2홉+ 0.55 | 도달  703 | 차단  283
Ep 22 | 배송 28/50 | 재적재 3 | 도착  19 | 2홉+ 0.59 | 도달  752 | 차단  556
Ep 23 | 배송 33/50 | 재적재 5 | 도착  19 | 2홉+ 0.59 | 도달  853 | 차단  572
Ep 24 | 배송 36/50 | 재적재 4 | 도착  24 | 2홉+ 0.62 | 도달 1016 | 차단  539
Ep 25 | 배송 31/50 | 재적재 3 | 도착  18 | 2홉+ 0.58 | 도달  911 | 차단  701
Ep 26 | 배송 33/50 | 재적재 4 | 도착  23 | 2홉+ 0.63 | 도달  904 | 차단  504
Ep 27 | 배송 31/50 | 재적재 5 | 도착  20 | 2홉+ 0.55 | 도달  882 | 차단  459
Ep 28 | 배송 31/50 | 재적재 3 | 도착  17 | 2홉+ 0.64 | 도달 1054 | 차단  844
Ep 29 | 배송 26/50 | 재적재 2 | 도착  17 | 2홉+ 0.61 | 도달  726 | 차단  484
Ep 30 | 배송 27/50 | 재적재 3 | 도착  12 | 2홉+ 0.65 | 도달  856 | 차단  553
Ep 31 | 배송 31/50 | 재적재 5 | 도착  17 | 2홉+ 0.62 | 도달  957 | 차단  447
Ep 32 | 배송 32/50 | 재적재 3 | 도착  19 | 2홉+ 0.61 | 도달  761 | 차단  564
Ep 33 | 배송 31/50 | 재적재 3 | 도착  14 | 2홉+ 0.65 | 도달  853 | 차단  864
Ep 34 | 배송 25/50 | 재적재 4 | 도착  19 | 2홉+ 0.47 | 도달  664 | 차단  457
Ep 35 | 배송 32/50 | 재적재 4 | 도착  28 | 2홉+ 0.58 | 도달  941 | 차단  405
Ep 36 | 배송 23/50 | 재적재 3 | 도착  17 | 2홉+ 0.48 | 도달  822 | 차단  497
Ep 37 | 배송 30/50 | 재적재 3 | 도착  16 | 2홉+ 0.66 | 도달  854 | 차단  437
Ep 38 | 배송 30/50 | 재적재 5 | 도착  22 | 2홉+ 0.60 | 도달  795 | 차단  398
Ep 39 | 배송 31/50 | 재적재 5 | 도착  19 | 2홉+ 0.60 | 도달  893 | 차단  580
Ep 40 | 배송 36/50 | 재적재 4 | 도착  24 | 2홉+ 0.60 | 도달  899 | 차단  465
Ep 41 | 배송 30/50 | 재적재 4 | 도착  18 | 2홉+ 0.60 | 도달  783 | 차단  445
Ep 42 | 배송 29/50 | 재적재 4 | 도착  17 | 2홉+ 0.64 | 도달  962 | 차단  443
Ep 43 | 배송 28/50 | 재적재 4 | 도착  20 | 2홉+ 0.65 | 도달  843 | 차단  445
Ep 44 | 배송 28/50 | 재적재 3 | 도착  16 | 2홉+ 0.60 | 도달  718 | 차단  381
Ep 45 | 배송 30/50 | 재적재 4 | 도착  16 | 2홉+ 0.61 | 도달  779 | 차단  374
Ep 46 | 배송 26/50 | 재적재 3 | 도착  15 | 2홉+ 0.61 | 도달  736 | 차단  470
Ep 47 | 배송 32/50 | 재적재 4 | 도착  20 | 2홉+ 0.63 | 도달  805 | 차단  568
Ep 48 | 배송 26/50 | 재적재 3 | 도착  12 | 2홉+ 0.63 | 도달  761 | 차단  566
Ep 49 | 배송 28/50 | 재적재 3 | 도착  21 | 2홉+ 0.61 | 도달 1013 | 차단  823
Ep 50 | 배송 28/50 | 재적재 3 | 도착  15 | 2홉+ 0.61 | 도달  828 | 차단  551
  [홀드아웃] 배송 27.1±5.3 재적재 3.2 2홉+ 0.56 | 최고 27.1@ep50 정체 0/15  ← 갱신
Ep 51 | 배송 26/50 | 재적재 4 | 도착  15 | 2홉+ 0.63 | 도달  827 | 차단  405
Ep 52 | 배송 32/50 | 재적재 4 | 도착  19 | 2홉+ 0.60 | 도달  711 | 차단  376
Ep 53 | 배송 28/50 | 재적재 4 | 도착  16 | 2홉+ 0.60 | 도달  851 | 차단  391
Ep 54 | 배송 24/50 | 재적재 3 | 도착  15 | 2홉+ 0.57 | 도달  974 | 차단  687
Ep 55 | 배송 32/50 | 재적재 4 | 도착  15 | 2홉+ 0.64 | 도달  784 | 차단  432
Ep 56 | 배송 31/50 | 재적재 3 | 도착  16 | 2홉+ 0.64 | 도달 1043 | 차단 1019
Ep 57 | 배송 31/50 | 재적재 5 | 도착  24 | 2홉+ 0.54 | 도달  999 | 차단  313
Ep 58 | 배송 27/50 | 재적재 4 | 도착  18 | 2홉+ 0.59 | 도달  734 | 차단  376
Ep 59 | 배송 27/50 | 재적재 2 | 도착  12 | 2홉+ 0.65 | 도달  720 | 차단  348
Ep 60 | 배송 34/50 | 재적재 3 | 도착  23 | 2홉+ 0.58 | 도달  860 | 차단  454
Ep 61 | 배송 27/50 | 재적재 5 | 도착  16 | 2홉+ 0.59 | 도달  741 | 차단  395
Ep 62 | 배송 28/50 | 재적재 4 | 도착  15 | 2홉+ 0.60 | 도달  825 | 차단  249
Ep 63 | 배송 25/50 | 재적재 3 | 도착  13 | 2홉+ 0.59 | 도달  823 | 차단  879
Ep 64 | 배송 26/50 | 재적재 3 | 도착  18 | 2홉+ 0.59 | 도달  685 | 차단  317
Ep 65 | 배송 33/50 | 재적재 4 | 도착  16 | 2홉+ 0.63 | 도달  794 | 차단  616
Ep 66 | 배송 30/50 | 재적재 3 | 도착  18 | 2홉+ 0.58 | 도달  946 | 차단  253
Ep 67 | 배송 29/50 | 재적재 4 | 도착  16 | 2홉+ 0.59 | 도달  798 | 차단  241
Ep 68 | 배송 25/50 | 재적재 3 | 도착  14 | 2홉+ 0.60 | 도달  697 | 차단  224
Ep 69 | 배송 28/50 | 재적재 4 | 도착  16 | 2홉+ 0.60 | 도달  767 | 차단  746
Ep 70 | 배송 27/50 | 재적재 3 | 도착  15 | 2홉+ 0.55 | 도달  797 | 차단  290
Ep 71 | 배송 31/50 | 재적재 5 | 도착  18 | 2홉+ 0.55 | 도달  873 | 차단  298
Ep 72 | 배송 31/50 | 재적재 5 | 도착  13 | 2홉+ 0.57 | 도달  766 | 차단  425
Ep 73 | 배송 25/50 | 재적재 2 | 도착  12 | 2홉+ 0.58 | 도달  710 | 차단  436
Ep 74 | 배송 30/50 | 재적재 4 | 도착  15 | 2홉+ 0.57 | 도달  902 | 차단  554
Ep 75 | 배송 28/50 | 재적재 4 | 도착  18 | 2홉+ 0.56 | 도달  703 | 차단  308
Ep 76 | 배송 26/50 | 재적재 2 | 도착  12 | 2홉+ 0.63 | 도달  851 | 차단  520
Ep 77 | 배송 33/50 | 재적재 4 | 도착  21 | 2홉+ 0.63 | 도달  891 | 차단  638
Ep 78 | 배송 28/50 | 재적재 3 | 도착  12 | 2홉+ 0.65 | 도달  919 | 차단  709
Ep 79 | 배송 23/50 | 재적재 2 | 도착  13 | 2홉+ 0.67 | 도달 1035 | 차단 1579
Ep 80 | 배송 25/50 | 재적재 3 | 도착  16 | 2홉+ 0.59 | 도달  743 | 차단  255
Ep 81 | 배송 28/50 | 재적재 5 | 도착  16 | 2홉+ 0.56 | 도달  912 | 차단  438
Ep 82 | 배송 28/50 | 재적재 3 | 도착  12 | 2홉+ 0.65 | 도달 1054 | 차단  933
Ep 83 | 배송 27/50 | 재적재 4 | 도착  17 | 2홉+ 0.59 | 도달  752 | 차단  292
Ep 84 | 배송 26/50 | 재적재 2 | 도착  15 | 2홉+ 0.63 | 도달  865 | 차단  672
Ep 85 | 배송 25/50 | 재적재 3 | 도착  12 | 2홉+ 0.63 | 도달  742 | 차단  693
Ep 86 | 배송 23/50 | 재적재 3 | 도착  12 | 2홉+ 0.58 | 도달  753 | 차단  276
Ep 87 | 배송 22/50 | 재적재 2 | 도착  13 | 2홉+ 0.61 | 도달  937 | 차단  496
Ep 88 | 배송 25/50 | 재적재 4 | 도착  15 | 2홉+ 0.59 | 도달  726 | 차단  543
Ep 89 | 배송 27/50 | 재적재 4 | 도착  11 | 2홉+ 0.55 | 도달  778 | 차단  432
Ep 90 | 배송 23/50 | 재적재 2 | 도착  13 | 2홉+ 0.57 | 도달  726 | 차단  395
Ep 91 | 배송 25/50 | 재적재 2 | 도착  14 | 2홉+ 0.64 | 도달  726 | 차단  677
Ep 92 | 배송 25/50 | 재적재 2 | 도착  15 | 2홉+ 0.65 | 도달  729 | 차단  478
Ep 93 | 배송 32/50 | 재적재 3 | 도착  13 | 2홉+ 0.62 | 도달  897 | 차단  398
Ep 94 | 배송 32/50 | 재적재 3 | 도착  15 | 2홉+ 0.63 | 도달  875 | 차단  814
Ep 95 | 배송 29/50 | 재적재 3 | 도착  15 | 2홉+ 0.63 | 도달  941 | 차단  954
Ep 96 | 배송 32/50 | 재적재 5 | 도착  16 | 2홉+ 0.65 | 도달  877 | 차단  599
Ep 97 | 배송 27/50 | 재적재 3 | 도착  11 | 2홉+ 0.61 | 도달  726 | 차단  366
Ep 98 | 배송 30/50 | 재적재 3 | 도착  14 | 2홉+ 0.63 | 도달  843 | 차단  588
Ep 99 | 배송 25/50 | 재적재 2 | 도착   8 | 2홉+ 0.62 | 도달  733 | 차단  592
Ep 100 | 배송 27/50 | 재적재 5 | 도착  19 | 2홉+ 0.59 | 도달  794 | 차단  354
  [홀드아웃] 배송 22.0±6.4 재적재 1.6 2홉+ 0.61 | 최고 27.1@ep50 정체 1/15
Ep 101 | 배송 27/50 | 재적재 4 | 도착  20 | 2홉+ 0.57 | 도달  782 | 차단  304
Ep 102 | 배송 26/50 | 재적재 2 | 도착  10 | 2홉+ 0.61 | 도달  971 | 차단 1047
Ep 103 | 배송 24/50 | 재적재 4 | 도착  16 | 2홉+ 0.59 | 도달  753 | 차단  429
Ep 104 | 배송 32/50 | 재적재 3 | 도착  12 | 2홉+ 0.63 | 도달  951 | 차단  588
Ep 105 | 배송 25/50 | 재적재 4 | 도착  16 | 2홉+ 0.55 | 도달  726 | 차단  348
Ep 106 | 배송 28/50 | 재적재 4 | 도착  17 | 2홉+ 0.66 | 도달  814 | 차단  419
Ep 107 | 배송 25/50 | 재적재 4 | 도착  15 | 2홉+ 0.60 | 도달  784 | 차단  478
Ep 108 | 배송 24/50 | 재적재 3 | 도착  11 | 2홉+ 0.61 | 도달  848 | 차단  650
Ep 109 | 배송 28/50 | 재적재 2 | 도착  12 | 2홉+ 0.62 | 도달 1020 | 차단  533
Ep 110 | 배송 25/50 | 재적재 3 | 도착  11 | 2홉+ 0.63 | 도달  750 | 차단  410
Ep 111 | 배송 32/50 | 재적재 4 | 도착  22 | 2홉+ 0.63 | 도달  972 | 차단  433
Ep 112 | 배송 17/50 | 재적재 0 | 도착   6 | 2홉+ 0.71 | 도달 1019 | 차단 2029
Ep 113 | 배송 28/50 | 재적재 4 | 도착   8 | 2홉+ 0.58 | 도달  939 | 차단  504
Ep 114 | 배송 28/50 | 재적재 4 | 도착  18 | 2홉+ 0.61 | 도달  911 | 차단  538
Ep 115 | 배송 29/50 | 재적재 5 | 도착  12 | 2홉+ 0.60 | 도달  933 | 차단  627
Ep 116 | 배송 30/50 | 재적재 4 | 도착  13 | 2홉+ 0.60 | 도달  872 | 차단  600
Ep 117 | 배송 29/50 | 재적재 3 | 도착  17 | 2홉+ 0.63 | 도달  773 | 차단  621
Ep 118 | 배송 32/50 | 재적재 4 | 도착  19 | 2홉+ 0.59 | 도달  807 | 차단  414
Ep 119 | 배송 27/50 | 재적재 3 | 도착  14 | 2홉+ 0.62 | 도달  905 | 차단  374
Ep 120 | 배송 39/50 | 재적재 5 | 도착  19 | 2홉+ 0.60 | 도달  998 | 차단  372
Ep 121 | 배송 32/50 | 재적재 3 | 도착  12 | 2홉+ 0.61 | 도달  960 | 차단  440
Ep 122 | 배송 24/50 | 재적재 2 | 도착   9 | 2홉+ 0.63 | 도달  788 | 차단  284
Ep 123 | 배송 26/50 | 재적재 4 | 도착  14 | 2홉+ 0.53 | 도달  748 | 차단  307
Ep 124 | 배송 27/50 | 재적재 3 | 도착  20 | 2홉+ 0.61 | 도달  754 | 차단  583
Ep 125 | 배송 28/50 | 재적재 3 | 도착  19 | 2홉+ 0.54 | 도달  888 | 차단  230
Ep 126 | 배송 24/50 | 재적재 2 | 도착  11 | 2홉+ 0.60 | 도달  768 | 차단  513
Ep 127 | 배송 24/50 | 재적재 3 | 도착  14 | 2홉+ 0.66 | 도달  774 | 차단  741
Ep 128 | 배송 32/50 | 재적재 6 | 도착  23 | 2홉+ 0.58 | 도달  860 | 차단  358
Ep 129 | 배송 29/50 | 재적재 3 | 도착  10 | 2홉+ 0.64 | 도달 1044 | 차단  645
Ep 130 | 배송 27/50 | 재적재 2 | 도착   9 | 2홉+ 0.63 | 도달  810 | 차단  699
Ep 131 | 배송 36/50 | 재적재 5 | 도착  22 | 2홉+ 0.59 | 도달 1001 | 차단  720
Ep 132 | 배송 29/50 | 재적재 4 | 도착  17 | 2홉+ 0.60 | 도달  793 | 차단  403
Ep 133 | 배송 29/50 | 재적재 4 | 도착  16 | 2홉+ 0.63 | 도달  985 | 차단  548
Ep 134 | 배송 25/50 | 재적재 4 | 도착  11 | 2홉+ 0.59 | 도달  748 | 차단  490
Ep 135 | 배송 27/50 | 재적재 2 | 도착  17 | 2홉+ 0.60 | 도달  799 | 차단  472
Ep 136 | 배송 26/50 | 재적재 3 | 도착  17 | 2홉+ 0.58 | 도달  710 | 차단  447
Ep 137 | 배송 27/50 | 재적재 3 | 도착  17 | 2홉+ 0.66 | 도달  833 | 차단  947
Ep 138 | 배송 28/50 | 재적재 4 | 도착  15 | 2홉+ 0.56 | 도달  783 | 차단  380
Ep 139 | 배송 28/50 | 재적재 3 | 도착  13 | 2홉+ 0.65 | 도달  757 | 차단  564
Ep 140 | 배송 28/50 | 재적재 4 | 도착  18 | 2홉+ 0.53 | 도달  830 | 차단  313
Ep 141 | 배송 27/50 | 재적재 4 | 도착  16 | 2홉+ 0.56 | 도달  781 | 차단  633
Ep 142 | 배송 30/50 | 재적재 3 | 도착  12 | 2홉+ 0.61 | 도달  798 | 차단  398
Ep 143 | 배송 32/50 | 재적재 3 | 도착  15 | 2홉+ 0.65 | 도달  814 | 차단  519
Ep 144 | 배송 27/50 | 재적재 4 | 도착  13 | 2홉+ 0.58 | 도달  846 | 차단  516
Ep 145 | 배송 30/50 | 재적재 3 | 도착  18 | 2홉+ 0.62 | 도달  793 | 차단  265
Ep 146 | 배송 27/50 | 재적재 4 | 도착  11 | 2홉+ 0.59 | 도달  738 | 차단  538
Ep 147 | 배송 26/50 | 재적재 4 | 도착  13 | 2홉+ 0.62 | 도달  730 | 차단  427
Ep 148 | 배송 34/50 | 재적재 3 | 도착  14 | 2홉+ 0.64 | 도달  842 | 차단  358
Ep 149 | 배송 31/50 | 재적재 4 | 도착  17 | 2홉+ 0.63 | 도달  813 | 차단  568
Ep 150 | 배송 28/50 | 재적재 3 | 도착  15 | 2홉+ 0.61 | 도달  995 | 차단 1056
  [홀드아웃] 배송 18.2±7.2 재적재 0.9 2홉+ 0.66 | 최고 27.1@ep50 정체 2/15
Ep 151 | 배송 31/50 | 재적재 4 | 도착  16 | 2홉+ 0.62 | 도달  925 | 차단  603
Ep 152 | 배송 30/50 | 재적재 3 | 도착  18 | 2홉+ 0.58 | 도달  774 | 차단  306
Ep 153 | 배송 27/50 | 재적재 2 | 도착  13 | 2홉+ 0.65 | 도달 1001 | 차단 1095
Ep 154 | 배송 27/50 | 재적재 3 | 도착  12 | 2홉+ 0.59 | 도달  758 | 차단  336
Ep 155 | 배송 33/50 | 재적재 4 | 도착  16 | 2홉+ 0.59 | 도달  909 | 차단  651
Ep 156 | 배송 31/50 | 재적재 4 | 도착  14 | 2홉+ 0.60 | 도달  756 | 차단  432
Ep 157 | 배송 25/50 | 재적재 3 | 도착  10 | 2홉+ 0.55 | 도달  706 | 차단  388
Ep 158 | 배송 29/50 | 재적재 3 | 도착  17 | 2홉+ 0.66 | 도달  795 | 차단  796
Ep 159 | 배송 28/50 | 재적재 4 | 도착  15 | 2홉+ 0.56 | 도달  783 | 차단  360
Ep 160 | 배송 28/50 | 재적재 4 | 도착  16 | 2홉+ 0.55 | 도달  822 | 차단  544
Ep 161 | 배송 30/50 | 재적재 4 | 도착  15 | 2홉+ 0.56 | 도달  799 | 차단  502
Ep 162 | 배송 29/50 | 재적재 4 | 도착  22 | 2홉+ 0.59 | 도달  868 | 차단  234
Ep 163 | 배송 34/50 | 재적재 5 | 도착  16 | 2홉+ 0.59 | 도달 1005 | 차단  523
Ep 164 | 배송 27/50 | 재적재 3 | 도착  11 | 2홉+ 0.57 | 도달  775 | 차단  218
Ep 165 | 배송 31/50 | 재적재 3 | 도착  10 | 2홉+ 0.60 | 도달  949 | 차단  241
Ep 166 | 배송 26/50 | 재적재 3 | 도착  12 | 2홉+ 0.61 | 도달  952 | 차단  381
Ep 167 | 배송 29/50 | 재적재 4 | 도착  16 | 2홉+ 0.60 | 도달  740 | 차단  271
Ep 168 | 배송 29/50 | 재적재 4 | 도착  12 | 2홉+ 0.64 | 도달 1032 | 차단 1135
Ep 169 | 배송 28/50 | 재적재 4 | 도착  12 | 2홉+ 0.62 | 도달  845 | 차단  575
Ep 170 | 배송 29/50 | 재적재 2 | 도착  15 | 2홉+ 0.56 | 도달  740 | 차단  502
Ep 171 | 배송 28/50 | 재적재 3 | 도착  13 | 2홉+ 0.63 | 도달  752 | 차단  120
Ep 172 | 배송 25/50 | 재적재 3 | 도착  12 | 2홉+ 0.64 | 도달  728 | 차단  355
Ep 173 | 배송 32/50 | 재적재 4 | 도착  12 | 2홉+ 0.63 | 도달  958 | 차단  643
Ep 174 | 배송 29/50 | 재적재 3 | 도착   9 | 2홉+ 0.62 | 도달  797 | 차단  574
Ep 175 | 배송 31/50 | 재적재 3 | 도착  12 | 2홉+ 0.59 | 도달  978 | 차단  651
Ep 176 | 배송 25/50 | 재적재 3 | 도착   9 | 2홉+ 0.59 | 도달  735 | 차단  452
Ep 177 | 배송 25/50 | 재적재 3 | 도착  13 | 2홉+ 0.66 | 도달  975 | 차단  930
Ep 178 | 배송 27/50 | 재적재 2 | 도착   8 | 2홉+ 0.65 | 도달 1048 | 차단  856
Ep 179 | 배송 20/50 | 재적재 0 | 도착  10 | 2홉+ 0.71 | 도달 1028 | 차단 2124
Ep 180 | 배송 28/50 | 재적재 3 | 도착  13 | 2홉+ 0.64 | 도달  760 | 차단  644
Ep 181 | 배송 31/50 | 재적재 4 | 도착  17 | 2홉+ 0.61 | 도달  953 | 차단  274
Ep 182 | 배송 27/50 | 재적재 5 | 도착  16 | 2홉+ 0.61 | 도달  740 | 차단  576
Ep 183 | 배송 21/50 | 재적재 3 | 도착  12 | 2홉+ 0.54 | 도달  767 | 차단  272
Ep 184 | 배송 29/50 | 재적재 3 | 도착  15 | 2홉+ 0.62 | 도달  798 | 차단  506
Ep 185 | 배송 25/50 | 재적재 3 | 도착  12 | 2홉+ 0.53 | 도달  787 | 차단  282
Ep 186 | 배송 31/50 | 재적재 4 | 도착  15 | 2홉+ 0.60 | 도달  797 | 차단  505
Ep 187 | 배송 25/50 | 재적재 3 | 도착  15 | 2홉+ 0.60 | 도달  740 | 차단  443
Ep 188 | 배송 26/50 | 재적재 3 | 도착  16 | 2홉+ 0.60 | 도달  749 | 차단  514
Ep 189 | 배송 18/50 | 재적재 2 | 도착  10 | 2홉+ 0.63 | 도달  692 | 차단  244
Ep 190 | 배송 27/50 | 재적재 3 | 도착  14 | 2홉+ 0.61 | 도달  770 | 차단  324
Ep 191 | 배송 25/50 | 재적재 2 | 도착  19 | 2홉+ 0.60 | 도달  724 | 차단  592
Ep 192 | 배송 33/50 | 재적재 6 | 도착  20 | 2홉+ 0.57 | 도달  850 | 차단  420
Ep 193 | 배송 30/50 | 재적재 4 | 도착  13 | 2홉+ 0.62 | 도달  753 | 차단  401
Ep 194 | 배송 26/50 | 재적재 3 | 도착  13 | 2홉+ 0.58 | 도달  864 | 차단  405
Ep 195 | 배송 27/50 | 재적재 4 | 도착  10 | 2홉+ 0.62 | 도달  669 | 차단  389
Ep 196 | 배송 32/50 | 재적재 4 | 도착  21 | 2홉+ 0.61 | 도달 1074 | 차단  735
Ep 197 | 배송 25/50 | 재적재 3 | 도착  14 | 2홉+ 0.63 | 도달  814 | 차단  723
Ep 198 | 배송 30/50 | 재적재 5 | 도착  17 | 2홉+ 0.57 | 도달  990 | 차단  429
Ep 199 | 배송 29/50 | 재적재 4 | 도착  16 | 2홉+ 0.62 | 도달  978 | 차단  530
Ep 200 | 배송 26/50 | 재적재 3 | 도착  10 | 2홉+ 0.62 | 도달  734 | 차단  516
  [홀드아웃] 배송 23.2±6.7 재적재 2.1 2홉+ 0.64 | 최고 27.1@ep50 정체 3/15
Ep 201 | 배송 25/50 | 재적재 3 | 도착  20 | 2홉+ 0.62 | 도달  816 | 차단  573
Ep 202 | 배송 32/50 | 재적재 5 | 도착  16 | 2홉+ 0.55 | 도달  816 | 차단  310
Ep 203 | 배송 28/50 | 재적재 3 | 도착  14 | 2홉+ 0.65 | 도달 1045 | 차단  691
Ep 204 | 배송 30/50 | 재적재 3 | 도착  25 | 2홉+ 0.61 | 도달  969 | 차단  754
Ep 205 | 배송 32/50 | 재적재 5 | 도착  22 | 2홉+ 0.59 | 도달  880 | 차단  454
Ep 206 | 배송 25/50 | 재적재 1 | 도착  12 | 2홉+ 0.51 | 도달  655 | 차단  171
Ep 207 | 배송 28/50 | 재적재 4 | 도착  16 | 2홉+ 0.61 | 도달  821 | 차단  421
Ep 208 | 배송 29/50 | 재적재 4 | 도착  12 | 2홉+ 0.54 | 도달  785 | 차단  483
Ep 209 | 배송 27/50 | 재적재 2 | 도착  10 | 2홉+ 0.57 | 도달  790 | 차단  267
Ep 210 | 배송 31/50 | 재적재 5 | 도착  16 | 2홉+ 0.59 | 도달  862 | 차단  543
Ep 211 | 배송 29/50 | 재적재 3 | 도착  15 | 2홉+ 0.63 | 도달  864 | 차단  363
Ep 212 | 배송 27/50 | 재적재 3 | 도착  14 | 2홉+ 0.59 | 도달  784 | 차단  484
Ep 213 | 배송 29/50 | 재적재 2 | 도착  12 | 2홉+ 0.65 | 도달  806 | 차단  584
Ep 214 | 배송 26/50 | 재적재 2 | 도착  11 | 2홉+ 0.59 | 도달  693 | 차단  337
Ep 215 | 배송 24/50 | 재적재 3 | 도착  13 | 2홉+ 0.62 | 도달  741 | 차단 1048
Ep 216 | 배송 26/50 | 재적재 2 | 도착  13 | 2홉+ 0.62 | 도달  884 | 차단  623
Ep 217 | 배송 33/50 | 재적재 4 | 도착  21 | 2홉+ 0.56 | 도달  817 | 차단  401
Ep 218 | 배송 28/50 | 재적재 3 | 도착  15 | 2홉+ 0.62 | 도달  741 | 차단  317
Ep 219 | 배송 32/50 | 재적재 4 | 도착  13 | 2홉+ 0.62 | 도달  842 | 차단  593
Ep 220 | 배송 23/50 | 재적재 3 | 도착  13 | 2홉+ 0.59 | 도달  959 | 차단  356
Ep 221 | 배송 32/50 | 재적재 3 | 도착  15 | 2홉+ 0.61 | 도달  838 | 차단  373
Ep 222 | 배송 30/50 | 재적재 3 | 도착  18 | 2홉+ 0.59 | 도달  957 | 차단  546
Ep 223 | 배송 27/50 | 재적재 3 | 도착  18 | 2홉+ 0.61 | 도달  780 | 차단  271
Ep 224 | 배송 27/50 | 재적재 4 | 도착  18 | 2홉+ 0.61 | 도달  801 | 차단  342
Ep 225 | 배송 26/50 | 재적재 3 | 도착  17 | 2홉+ 0.57 | 도달  734 | 차단  798
Ep 226 | 배송 34/50 | 재적재 5 | 도착  18 | 2홉+ 0.58 | 도달  799 | 차단  328
Ep 227 | 배송 27/50 | 재적재 4 | 도착  13 | 2홉+ 0.61 | 도달  746 | 차단  353
Ep 228 | 배송 28/50 | 재적재 3 | 도착  15 | 2홉+ 0.62 | 도달  756 | 차단  328
Ep 229 | 배송 28/50 | 재적재 5 | 도착  14 | 2홉+ 0.61 | 도달  827 | 차단  442
Ep 230 | 배송 29/50 | 재적재 3 | 도착  17 | 2홉+ 0.61 | 도달  722 | 차단  471
Ep 231 | 배송 27/50 | 재적재 4 | 도착  11 | 2홉+ 0.60 | 도달  798 | 차단  468
Ep 232 | 배송 29/50 | 재적재 3 | 도착  18 | 2홉+ 0.65 | 도달  716 | 차단  330
Ep 233 | 배송 30/50 | 재적재 4 | 도착  21 | 2홉+ 0.61 | 도달  760 | 차단  438
Ep 234 | 배송 27/50 | 재적재 5 | 도착  20 | 2홉+ 0.58 | 도달  822 | 차단  499
Ep 235 | 배송 26/50 | 재적재 3 | 도착  18 | 2홉+ 0.58 | 도달  747 | 차단  258
Ep 236 | 배송 29/50 | 재적재 3 | 도착  14 | 2홉+ 0.59 | 도달  952 | 차단  523
Ep 237 | 배송 29/50 | 재적재 2 | 도착  12 | 2홉+ 0.65 | 도달  915 | 차단  508
Ep 238 | 배송 32/50 | 재적재 5 | 도착  17 | 2홉+ 0.60 | 도달  824 | 차단  395
Ep 239 | 배송 26/50 | 재적재 4 | 도착  16 | 2홉+ 0.62 | 도달  863 | 차단  417
Ep 240 | 배송 30/50 | 재적재 3 | 도착  15 | 2홉+ 0.63 | 도달  756 | 차단  631
Ep 241 | 배송 29/50 | 재적재 3 | 도착  17 | 2홉+ 0.57 | 도달  777 | 차단  348
Ep 242 | 배송 26/50 | 재적재 3 | 도착  17 | 2홉+ 0.63 | 도달  783 | 차단  224
Ep 243 | 배송 31/50 | 재적재 3 | 도착  14 | 2홉+ 0.64 | 도달  758 | 차단  459
Ep 244 | 배송 32/50 | 재적재 4 | 도착  21 | 2홉+ 0.62 | 도달  864 | 차단  388
Ep 245 | 배송 30/50 | 재적재 5 | 도착  18 | 2홉+ 0.57 | 도달  805 | 차단  291
Ep 246 | 배송 33/50 | 재적재 3 | 도착  17 | 2홉+ 0.57 | 도달  825 | 차단  542
Ep 247 | 배송 33/50 | 재적재 5 | 도착  16 | 2홉+ 0.63 | 도달  892 | 차단  513
Ep 248 | 배송 32/50 | 재적재 5 | 도착  19 | 2홉+ 0.60 | 도달  982 | 차단  591
Ep 249 | 배송 27/50 | 재적재 3 | 도착  15 | 2홉+ 0.59 | 도달  756 | 차단  470
Ep 250 | 배송 32/50 | 재적재 3 | 도착  16 | 2홉+ 0.63 | 도달  820 | 차단  516
  [홀드아웃] 배송 20.4±5.6 재적재 1.7 2홉+ 0.64 | 최고 27.1@ep50 정체 4/15
Ep 251 | 배송 31/50 | 재적재 5 | 도착  23 | 2홉+ 0.63 | 도달  885 | 차단  510
Ep 252 | 배송 25/50 | 재적재 2 | 도착  13 | 2홉+ 0.58 | 도달  816 | 차단  292
Ep 253 | 배송 24/50 | 재적재 3 | 도착  15 | 2홉+ 0.58 | 도달  734 | 차단  594
Ep 254 | 배송 31/50 | 재적재 4 | 도착  18 | 2홉+ 0.60 | 도달  952 | 차단  461
Ep 255 | 배송 31/50 | 재적재 5 | 도착  12 | 2홉+ 0.56 | 도달  798 | 차단  573
Ep 256 | 배송 30/50 | 재적재 3 | 도착  20 | 2홉+ 0.58 | 도달 1029 | 차단  510
Ep 257 | 배송 31/50 | 재적재 4 | 도착  15 | 2홉+ 0.60 | 도달  824 | 차단  537
Ep 258 | 배송 32/50 | 재적재 5 | 도착  18 | 2홉+ 0.53 | 도달  875 | 차단  400
Ep 259 | 배송 27/50 | 재적재 2 | 도착  11 | 2홉+ 0.61 | 도달  950 | 차단  438
Ep 260 | 배송 24/50 | 재적재 3 | 도착  11 | 2홉+ 0.59 | 도달  980 | 차단  788
Ep 261 | 배송 20/50 | 재적재 0 | 도착   6 | 2홉+ 0.68 | 도달  898 | 차단 1174
Ep 262 | 배송 23/50 | 재적재 3 | 도착  10 | 2홉+ 0.54 | 도달  773 | 차단  295
Ep 263 | 배송 29/50 | 재적재 3 | 도착  13 | 2홉+ 0.63 | 도달 1055 | 차단  783
Ep 264 | 배송 31/50 | 재적재 3 | 도착  14 | 2홉+ 0.60 | 도달  803 | 차단  537
Ep 265 | 배송 30/50 | 재적재 5 | 도착  17 | 2홉+ 0.59 | 도달  869 | 차단  569
Ep 266 | 배송 22/50 | 재적재 3 | 도착  10 | 2홉+ 0.63 | 도달  706 | 차단  218
Ep 267 | 배송 25/50 | 재적재 4 | 도착  10 | 2홉+ 0.58 | 도달  968 | 차단  645
Ep 268 | 배송 32/50 | 재적재 3 | 도착  16 | 2홉+ 0.60 | 도달  854 | 차단  610
Ep 269 | 배송 25/50 | 재적재 3 | 도착  10 | 2홉+ 0.60 | 도달  745 | 차단  529
Ep 270 | 배송 31/50 | 재적재 4 | 도착  12 | 2홉+ 0.63 | 도달  803 | 차단  781
Ep 271 | 배송 15/50 | 재적재 0 | 도착   5 | 2홉+ 0.70 | 도달  990 | 차단 2151
Ep 272 | 배송 26/50 | 재적재 3 | 도착  12 | 2홉+ 0.60 | 도달  737 | 차단  361
Ep 273 | 배송 21/50 | 재적재 3 | 도착  11 | 2홉+ 0.57 | 도달  738 | 차단  574
Ep 274 | 배송 28/50 | 재적재 3 | 도착  18 | 2홉+ 0.63 | 도달  784 | 차단  370
Ep 275 | 배송 31/50 | 재적재 4 | 도착  18 | 2홉+ 0.58 | 도달  864 | 차단  390
Ep 276 | 배송 28/50 | 재적재 3 | 도착  14 | 2홉+ 0.61 | 도달  918 | 차단  433
Ep 277 | 배송 30/50 | 재적재 4 | 도착  13 | 2홉+ 0.61 | 도달  803 | 차단  475
Ep 278 | 배송 24/50 | 재적재 2 | 도착  11 | 2홉+ 0.59 | 도달  792 | 차단  109
Ep 279 | 배송 34/50 | 재적재 4 | 도착  18 | 2홉+ 0.58 | 도달  954 | 차단  466
Ep 280 | 배송 18/50 | 재적재 0 | 도착   9 | 2홉+ 0.69 | 도달 1017 | 차단 1847
Ep 281 | 배송 22/50 | 재적재 3 | 도착  10 | 2홉+ 0.60 | 도달  696 | 차단  347
Ep 282 | 배송 26/50 | 재적재 3 | 도착  17 | 2홉+ 0.62 | 도달  694 | 차단  453
Ep 283 | 배송 26/50 | 재적재 3 | 도착  16 | 2홉+ 0.60 | 도달  804 | 차단  353
Ep 284 | 배송 28/50 | 재적재 5 | 도착  18 | 2홉+ 0.59 | 도달  864 | 차단  392
Ep 285 | 배송 23/50 | 재적재 1 | 도착  12 | 2홉+ 0.63 | 도달  967 | 차단  793
Ep 286 | 배송 25/50 | 재적재 3 | 도착  12 | 2홉+ 0.57 | 도달  731 | 차단  341
Ep 287 | 배송 26/50 | 재적재 3 | 도착  11 | 2홉+ 0.61 | 도달  745 | 차단  613
Ep 288 | 배송 29/50 | 재적재 4 | 도착  13 | 2홉+ 0.64 | 도달  846 | 차단  597
Ep 289 | 배송 27/50 | 재적재 5 | 도착   7 | 2홉+ 0.56 | 도달  850 | 차단  402
Ep 290 | 배송 29/50 | 재적재 4 | 도착  18 | 2홉+ 0.62 | 도달  982 | 차단  667
Ep 291 | 배송 20/50 | 재적재 4 | 도착  14 | 2홉+ 0.64 | 도달  977 | 차단  667
Ep 292 | 배송 30/50 | 재적재 6 | 도착  10 | 2홉+ 0.62 | 도달 1038 | 차단  823
Ep 293 | 배송 30/50 | 재적재 3 | 도착  12 | 2홉+ 0.65 | 도달  859 | 차단  680
Ep 294 | 배송 28/50 | 재적재 3 | 도착  12 | 2홉+ 0.65 | 도달  879 | 차단  729
Ep 295 | 배송 18/50 | 재적재 1 | 도착   7 | 2홉+ 0.60 | 도달  773 | 차단  521
Ep 296 | 배송 23/50 | 재적재 3 | 도착  14 | 2홉+ 0.63 | 도달  713 | 차단  242
Ep 297 | 배송 34/50 | 재적재 5 | 도착  21 | 2홉+ 0.62 | 도달  894 | 차단  531
Ep 298 | 배송 17/50 | 재적재 0 | 도착   4 | 2홉+ 0.71 | 도달 1074 | 차단 2077
Ep 299 | 배송 25/50 | 재적재 3 | 도착  11 | 2홉+ 0.61 | 도달  747 | 차단  585
Ep 300 | 배송 30/50 | 재적재 3 | 도착  21 | 2홉+ 0.60 | 도달  844 | 차단  441
  [홀드아웃] 배송 15.1±4.5 재적재 0.6 2홉+ 0.64 | 최고 27.1@ep50 정체 5/15
Ep 301 | 배송 30/50 | 재적재 3 | 도착  14 | 2홉+ 0.61 | 도달  985 | 차단  610
Ep 302 | 배송 28/50 | 재적재 5 | 도착  15 | 2홉+ 0.58 | 도달  855 | 차단  505
Ep 303 | 배송 26/50 | 재적재 3 | 도착   9 | 2홉+ 0.66 | 도달  774 | 차단  587
Ep 304 | 배송 32/50 | 재적재 4 | 도착  20 | 2홉+ 0.57 | 도달  924 | 차단  546
Ep 305 | 배송 27/50 | 재적재 3 | 도착  15 | 2홉+ 0.59 | 도달  752 | 차단  354
Ep 306 | 배송 24/50 | 재적재 3 | 도착  15 | 2홉+ 0.57 | 도달  746 | 차단  309
Ep 307 | 배송 32/50 | 재적재 5 | 도착  15 | 2홉+ 0.63 | 도달  904 | 차단  477
Ep 308 | 배송 31/50 | 재적재 4 | 도착  14 | 2홉+ 0.63 | 도달  856 | 차단  411
Ep 309 | 배송 29/50 | 재적재 3 | 도착  13 | 2홉+ 0.65 | 도달  839 | 차단  293
Ep 310 | 배송 26/50 | 재적재 3 | 도착  13 | 2홉+ 0.62 | 도달  717 | 차단  479
Ep 311 | 배송 33/50 | 재적재 3 | 도착  14 | 2홉+ 0.58 | 도달  937 | 차단  508
Ep 312 | 배송 30/50 | 재적재 4 | 도착  13 | 2홉+ 0.54 | 도달  757 | 차단  444
Ep 313 | 배송 26/50 | 재적재 4 | 도착  13 | 2홉+ 0.54 | 도달  794 | 차단  385
Ep 314 | 배송 27/50 | 재적재 3 | 도착   8 | 2홉+ 0.54 | 도달  761 | 차단  117
Ep 315 | 배송 29/50 | 재적재 3 | 도착  14 | 2홉+ 0.62 | 도달  839 | 차단  350
Ep 316 | 배송 27/50 | 재적재 3 | 도착  11 | 2홉+ 0.60 | 도달  799 | 차단  566
Ep 317 | 배송 22/50 | 재적재 3 | 도착  12 | 2홉+ 0.61 | 도달  857 | 차단  524
Ep 318 | 배송 28/50 | 재적재 2 | 도착  16 | 2홉+ 0.60 | 도달  714 | 차단  198
Ep 319 | 배송 27/50 | 재적재 4 | 도착  18 | 2홉+ 0.62 | 도달  750 | 차단  495
Ep 320 | 배송 30/50 | 재적재 3 | 도착  16 | 2홉+ 0.60 | 도달  941 | 차단  602
Ep 321 | 배송 30/50 | 재적재 4 | 도착  14 | 2홉+ 0.60 | 도달  956 | 차단  667
Ep 322 | 배송 25/50 | 재적재 2 | 도착  18 | 2홉+ 0.56 | 도달  707 | 차단  301
Ep 323 | 배송 20/50 | 재적재 2 | 도착  12 | 2홉+ 0.62 | 도달  657 | 차단  223
Ep 324 | 배송 28/50 | 재적재 4 | 도착  17 | 2홉+ 0.51 | 도달  758 | 차단  330
Ep 325 | 배송 27/50 | 재적재 3 | 도착  10 | 2홉+ 0.56 | 도달  758 | 차단  483
Ep 326 | 배송 29/50 | 재적재 3 | 도착  15 | 2홉+ 0.63 | 도달  841 | 차단  643
Ep 327 | 배송 32/50 | 재적재 4 | 도착  14 | 2홉+ 0.66 | 도달  855 | 차단  484
Ep 328 | 배송 30/50 | 재적재 4 | 도착  18 | 2홉+ 0.58 | 도달  853 | 차단  457
Ep 329 | 배송 26/50 | 재적재 4 | 도착  11 | 2홉+ 0.54 | 도달  737 | 차단  282
Ep 330 | 배송 29/50 | 재적재 4 | 도착  13 | 2홉+ 0.57 | 도달  851 | 차단  454
Ep 331 | 배송 31/50 | 재적재 5 | 도착  17 | 2홉+ 0.59 | 도달  805 | 차단  461
Ep 332 | 배송 30/50 | 재적재 4 | 도착  23 | 2홉+ 0.62 | 도달  973 | 차단  494
Ep 333 | 배송 26/50 | 재적재 4 | 도착  15 | 2홉+ 0.55 | 도달  680 | 차단  206
Ep 334 | 배송 26/50 | 재적재 3 | 도착  13 | 2홉+ 0.60 | 도달  803 | 차단  356
Ep 335 | 배송 29/50 | 재적재 4 | 도착  18 | 2홉+ 0.62 | 도달  816 | 차단  365
Ep 336 | 배송 25/50 | 재적재 3 | 도착  21 | 2홉+ 0.57 | 도달  796 | 차단  466
Ep 337 | 배송 23/50 | 재적재 2 | 도착  14 | 2홉+ 0.60 | 도달  777 | 차단  155
Ep 338 | 배송 24/50 | 재적재 2 | 도착  12 | 2홉+ 0.58 | 도달  720 | 차단  309
Ep 339 | 배송 30/50 | 재적재 3 | 도착  16 | 2홉+ 0.53 | 도달  878 | 차단  358
Ep 340 | 배송 32/50 | 재적재 3 | 도착  14 | 2홉+ 0.56 | 도달  877 | 차단  394
Ep 341 | 배송 26/50 | 재적재 4 | 도착  13 | 2홉+ 0.56 | 도달  764 | 차단  452
Ep 342 | 배송 24/50 | 재적재 3 | 도착  10 | 2홉+ 0.59 | 도달  760 | 차단  366
Ep 343 | 배송 31/50 | 재적재 3 | 도착  17 | 2홉+ 0.61 | 도달  855 | 차단  398
Ep 344 | 배송 22/50 | 재적재 3 | 도착  14 | 2홉+ 0.56 | 도달  715 | 차단  236
Ep 345 | 배송 29/50 | 재적재 4 | 도착  11 | 2홉+ 0.55 | 도달 1020 | 차단  637
Ep 346 | 배송 26/50 | 재적재 3 | 도착  10 | 2홉+ 0.66 | 도달  985 | 차단  880
Ep 347 | 배송 31/50 | 재적재 4 | 도착  20 | 2홉+ 0.60 | 도달  784 | 차단  459
Ep 348 | 배송 26/50 | 재적재 4 | 도착  15 | 2홉+ 0.56 | 도달  840 | 차단  629
Ep 349 | 배송 29/50 | 재적재 4 | 도착  15 | 2홉+ 0.61 | 도달  794 | 차단  418
Ep 350 | 배송 25/50 | 재적재 2 | 도착  16 | 2홉+ 0.58 | 도달  740 | 차단  139
  [홀드아웃] 배송 19.5±5.2 재적재 1.6 2홉+ 0.62 | 최고 27.1@ep50 정체 6/15
Ep 351 | 배송 30/50 | 재적재 4 | 도착  16 | 2홉+ 0.62 | 도달  733 | 차단  468
Ep 352 | 배송 26/50 | 재적재 3 | 도착  12 | 2홉+ 0.62 | 도달  803 | 차단  485
Ep 353 | 배송 27/50 | 재적재 3 | 도착  14 | 2홉+ 0.63 | 도달  807 | 차단  524
Ep 354 | 배송 31/50 | 재적재 4 | 도착  19 | 2홉+ 0.57 | 도달  763 | 차단  432
Ep 355 | 배송 28/50 | 재적재 2 | 도착  11 | 2홉+ 0.62 | 도달  871 | 차단  497
Ep 356 | 배송 24/50 | 재적재 3 | 도착  11 | 2홉+ 0.56 | 도달  700 | 차단  308
Ep 357 | 배송 20/50 | 재적재 3 | 도착  13 | 2홉+ 0.66 | 도달 1027 | 차단 1995
Ep 358 | 배송 25/50 | 재적재 4 | 도착  13 | 2홉+ 0.63 | 도달  753 | 차단  380
Ep 359 | 배송 23/50 | 재적재 3 | 도착  11 | 2홉+ 0.61 | 도달  991 | 차단  632
Ep 360 | 배송 31/50 | 재적재 5 | 도착  16 | 2홉+ 0.55 | 도달  762 | 차단  388
Ep 361 | 배송 28/50 | 재적재 3 | 도착  10 | 2홉+ 0.59 | 도달  791 | 차단  678
Ep 362 | 배송 28/50 | 재적재 4 | 도착  15 | 2홉+ 0.59 | 도달  729 | 차단  470
Ep 363 | 배송 28/50 | 재적재 5 | 도착  14 | 2홉+ 0.62 | 도달  841 | 차단  498
Ep 364 | 배송 29/50 | 재적재 4 | 도착  18 | 2홉+ 0.61 | 도달  947 | 차단  576
Ep 365 | 배송 26/50 | 재적재 3 | 도착  17 | 2홉+ 0.60 | 도달  696 | 차단  454
Ep 366 | 배송 30/50 | 재적재 4 | 도착  14 | 2홉+ 0.62 | 도달  772 | 차단  386
Ep 367 | 배송 25/50 | 재적재 2 | 도착   8 | 2홉+ 0.63 | 도달  820 | 차단  617
Ep 368 | 배송 28/50 | 재적재 3 | 도착  15 | 2홉+ 0.63 | 도달  741 | 차단  647
Ep 369 | 배송 24/50 | 재적재 2 | 도착  13 | 2홉+ 0.56 | 도달  709 | 차단  224
Ep 370 | 배송 28/50 | 재적재 4 | 도착  12 | 2홉+ 0.62 | 도달  799 | 차단  424
Ep 371 | 배송 29/50 | 재적재 3 | 도착  16 | 2홉+ 0.65 | 도달  878 | 차단  433
Ep 372 | 배송 23/50 | 재적재 4 | 도착  25 | 2홉+ 0.52 | 도달  949 | 차단  647
Ep 373 | 배송 27/50 | 재적재 3 | 도착  17 | 2홉+ 0.62 | 도달  854 | 차단  587
Ep 374 | 배송 18/50 | 재적재 0 | 도착   4 | 2홉+ 0.71 | 도달 1021 | 차단 2372
Ep 375 | 배송 24/50 | 재적재 3 | 도착  15 | 2홉+ 0.64 | 도달  763 | 차단  863
Ep 376 | 배송 27/50 | 재적재 3 | 도착  15 | 2홉+ 0.64 | 도달  761 | 차단  573
Ep 377 | 배송 24/50 | 재적재 4 | 도착  13 | 2홉+ 0.63 | 도달 1000 | 차단  512
Ep 378 | 배송 24/50 | 재적재 3 | 도착  17 | 2홉+ 0.66 | 도달  885 | 차단  873
Ep 379 | 배송 26/50 | 재적재 2 | 도착  14 | 2홉+ 0.64 | 도달  853 | 차단  265
Ep 380 | 배송 32/50 | 재적재 3 | 도착  15 | 2홉+ 0.64 | 도달  838 | 차단  433
Ep 381 | 배송 30/50 | 재적재 3 | 도착  21 | 2홉+ 0.63 | 도달  761 | 차단  469
Ep 382 | 배송 28/50 | 재적재 3 | 도착   8 | 2홉+ 0.64 | 도달  919 | 차단  734
Ep 383 | 배송 26/50 | 재적재 3 | 도착  17 | 2홉+ 0.61 | 도달  758 | 차단  470
Ep 384 | 배송 29/50 | 재적재 4 | 도착  18 | 2홉+ 0.62 | 도달  887 | 차단  687
Ep 385 | 배송 33/50 | 재적재 4 | 도착  18 | 2홉+ 0.63 | 도달 1006 | 차단  643
Ep 386 | 배송 30/50 | 재적재 4 | 도착  19 | 2홉+ 0.63 | 도달  944 | 차단  485
Ep 387 | 배송 24/50 | 재적재 3 | 도착  14 | 2홉+ 0.60 | 도달  859 | 차단  517
Ep 388 | 배송 31/50 | 재적재 5 | 도착  16 | 2홉+ 0.56 | 도달  811 | 차단  625
Ep 389 | 배송 25/50 | 재적재 2 | 도착  13 | 2홉+ 0.61 | 도달  772 | 차단  336
Ep 390 | 배송 24/50 | 재적재 3 | 도착  17 | 2홉+ 0.65 | 도달 1015 | 차단  529
Ep 391 | 배송 32/50 | 재적재 3 | 도착  22 | 2홉+ 0.59 | 도달  748 | 차단  314
Ep 392 | 배송 30/50 | 재적재 3 | 도착  12 | 2홉+ 0.66 | 도달  867 | 차단  568
Ep 393 | 배송 27/50 | 재적재 3 | 도착  14 | 2홉+ 0.59 | 도달  987 | 차단  996
Ep 394 | 배송 29/50 | 재적재 3 | 도착  17 | 2홉+ 0.65 | 도달  824 | 차단  509
Ep 395 | 배송 29/50 | 재적재 4 | 도착  15 | 2홉+ 0.60 | 도달 1040 | 차단  712
Ep 396 | 배송 24/50 | 재적재 1 | 도착  13 | 2홉+ 0.65 | 도달  996 | 차단  464
Ep 397 | 배송 26/50 | 재적재 3 | 도착  13 | 2홉+ 0.58 | 도달  784 | 차단  285
Ep 398 | 배송 29/50 | 재적재 3 | 도착  13 | 2홉+ 0.57 | 도달  980 | 차단  666
Ep 399 | 배송 25/50 | 재적재 2 | 도착  11 | 2홉+ 0.57 | 도달  692 | 차단  198
Ep 400 | 배송 24/50 | 재적재 3 | 도착  13 | 2홉+ 0.60 | 도달  992 | 차단  663
  [홀드아웃] 배송 17.9±6.7 재적재 0.9 2홉+ 0.63 | 최고 27.1@ep50 정체 7/15
Ep 401 | 배송 28/50 | 재적재 4 | 도착  16 | 2홉+ 0.57 | 도달  736 | 차단  366
Ep 402 | 배송 30/50 | 재적재 3 | 도착  17 | 2홉+ 0.63 | 도달  787 | 차단  402
Ep 403 | 배송 28/50 | 재적재 2 | 도착  15 | 2홉+ 0.64 | 도달  940 | 차단  771
Ep 404 | 배송 29/50 | 재적재 5 | 도착  19 | 2홉+ 0.59 | 도달  991 | 차단  292
Ep 405 | 배송 33/50 | 재적재 5 | 도착  20 | 2홉+ 0.57 | 도달  954 | 차단  509
Ep 406 | 배송 31/50 | 재적재 3 | 도착  17 | 2홉+ 0.63 | 도달  874 | 차단  660
Ep 407 | 배송 34/50 | 재적재 6 | 도착  16 | 2홉+ 0.59 | 도달  993 | 차단  640
Ep 408 | 배송 26/50 | 재적재 2 | 도착  16 | 2홉+ 0.63 | 도달  759 | 차단  507
Ep 409 | 배송 24/50 | 재적재 3 | 도착  13 | 2홉+ 0.58 | 도달  783 | 차단  463
Ep 410 | 배송 16/50 | 재적재 0 | 도착   5 | 2홉+ 0.69 | 도달 1074 | 차단 1975
Ep 411 | 배송 28/50 | 재적재 3 | 도착  17 | 2홉+ 0.61 | 도달  953 | 차단  565
Ep 412 | 배송 30/50 | 재적재 5 | 도착  20 | 2홉+ 0.57 | 도달  801 | 차단  389
Ep 413 | 배송 26/50 | 재적재 2 | 도착  10 | 2홉+ 0.57 | 도달  839 | 차단  331
Ep 414 | 배송 24/50 | 재적재 3 | 도착  11 | 2홉+ 0.53 | 도달  776 | 차단  406
Ep 415 | 배송 27/50 | 재적재 4 | 도착  12 | 2홉+ 0.62 | 도달  882 | 차단  399
Ep 416 | 배송 26/50 | 재적재 4 | 도착  15 | 2홉+ 0.60 | 도달  724 | 차단  263
Ep 417 | 배송 27/50 | 재적재 4 | 도착  21 | 2홉+ 0.59 | 도달  708 | 차단  291
Ep 418 | 배송 15/50 | 재적재 0 | 도착   4 | 2홉+ 0.65 | 도달 1013 | 차단 1328
Ep 419 | 배송 27/50 | 재적재 3 | 도착  17 | 2홉+ 0.54 | 도달  771 | 차단  623
Ep 420 | 배송 19/50 | 재적재 3 | 도착  10 | 2홉+ 0.66 | 도달  962 | 차단 1743
Ep 421 | 배송 29/50 | 재적재 5 | 도착  20 | 2홉+ 0.59 | 도달  926 | 차단  593
Ep 422 | 배송 26/50 | 재적재 3 | 도착  13 | 2홉+ 0.64 | 도달  797 | 차단  413
Ep 423 | 배송 28/50 | 재적재 4 | 도착  19 | 2홉+ 0.58 | 도달  714 | 차단  372
Ep 424 | 배송 25/50 | 재적재 3 | 도착  15 | 2홉+ 0.60 | 도달 1012 | 차단  501
Ep 425 | 배송 31/50 | 재적재 4 | 도착  14 | 2홉+ 0.63 | 도달  969 | 차단  566
Ep 426 | 배송 26/50 | 재적재 3 | 도착  14 | 2홉+ 0.66 | 도달 1026 | 차단  985
Ep 427 | 배송 28/50 | 재적재 3 | 도착  13 | 2홉+ 0.56 | 도달  904 | 차단  361
Ep 428 | 배송 27/50 | 재적재 4 | 도착  21 | 2홉+ 0.60 | 도달  733 | 차단  443
Ep 429 | 배송 32/50 | 재적재 5 | 도착  20 | 2홉+ 0.62 | 도달  805 | 차단  527
Ep 430 | 배송 24/50 | 재적재 3 | 도착  11 | 2홉+ 0.64 | 도달  843 | 차단  495
Ep 431 | 배송 25/50 | 재적재 3 | 도착  17 | 2홉+ 0.65 | 도달  780 | 차단  399
Ep 432 | 배송 27/50 | 재적재 3 | 도착  10 | 2홉+ 0.64 | 도달  964 | 차단  456
Ep 433 | 배송 30/50 | 재적재 3 | 도착  13 | 2홉+ 0.60 | 도달  955 | 차단  583
Ep 434 | 배송 32/50 | 재적재 6 | 도착  22 | 2홉+ 0.54 | 도달  914 | 차단  660
Ep 435 | 배송 30/50 | 재적재 3 | 도착  14 | 2홉+ 0.65 | 도달 1055 | 차단 1291
Ep 436 | 배송 28/50 | 재적재 4 | 도착  13 | 2홉+ 0.59 | 도달  884 | 차단  489
Ep 437 | 배송 30/50 | 재적재 4 | 도착  15 | 2홉+ 0.61 | 도달  739 | 차단  437
Ep 438 | 배송 24/50 | 재적재 3 | 도착  12 | 2홉+ 0.63 | 도달  968 | 차단 1133
Ep 439 | 배송 29/50 | 재적재 3 | 도착  14 | 2홉+ 0.62 | 도달  953 | 차단  462
Ep 440 | 배송 25/50 | 재적재 3 | 도착  16 | 2홉+ 0.63 | 도달  769 | 차단  424
Ep 441 | 배송 18/50 | 재적재 2 | 도착  11 | 2홉+ 0.64 | 도달 1074 | 차단 1495
Ep 442 | 배송 29/50 | 재적재 2 | 도착  16 | 2홉+ 0.57 | 도달  737 | 차단  285
Ep 443 | 배송 27/50 | 재적재 5 | 도착  20 | 2홉+ 0.64 | 도달 1064 | 차단 1180
Ep 444 | 배송 28/50 | 재적재 3 | 도착  13 | 2홉+ 0.67 | 도달  893 | 차단  565
Ep 445 | 배송 28/50 | 재적재 4 | 도착  17 | 2홉+ 0.64 | 도달  785 | 차단  313
Ep 446 | 배송 31/50 | 재적재 5 | 도착  22 | 2홉+ 0.59 | 도달  792 | 차단  312
Ep 447 | 배송 31/50 | 재적재 5 | 도착  18 | 2홉+ 0.59 | 도달  832 | 차단  651
Ep 448 | 배송 19/50 | 재적재 3 | 도착  12 | 2홉+ 0.64 | 도달 1013 | 차단  763
Ep 449 | 배송 28/50 | 재적재 3 | 도착  17 | 2홉+ 0.54 | 도달  813 | 차단  433
Ep 450 | 배송 30/50 | 재적재 3 | 도착  16 | 2홉+ 0.65 | 도달 1022 | 차단  806
  [홀드아웃] 배송 17.7±5.6 재적재 1.2 2홉+ 0.67 | 최고 27.1@ep50 정체 8/15
Ep 451 | 배송 32/50 | 재적재 6 | 도착  19 | 2홉+ 0.62 | 도달  763 | 차단  474
Ep 452 | 배송 30/50 | 재적재 4 | 도착  18 | 2홉+ 0.63 | 도달  786 | 차단  389
Ep 453 | 배송 28/50 | 재적재 4 | 도착  17 | 2홉+ 0.60 | 도달  805 | 차단  332
Ep 454 | 배송 24/50 | 재적재 4 | 도착  18 | 2홉+ 0.55 | 도달  808 | 차단  187
Ep 455 | 배송 26/50 | 재적재 3 | 도착  13 | 2홉+ 0.61 | 도달  717 | 차단  341
Ep 456 | 배송 33/50 | 재적재 4 | 도착  17 | 2홉+ 0.66 | 도달  900 | 차단  597
Ep 457 | 배송 28/50 | 재적재 4 | 도착  17 | 2홉+ 0.58 | 도달  843 | 차단  727
Ep 458 | 배송 26/50 | 재적재 3 | 도착  15 | 2홉+ 0.63 | 도달  834 | 차단  514
Ep 459 | 배송 25/50 | 재적재 4 | 도착  15 | 2홉+ 0.61 | 도달  754 | 차단  905
Ep 460 | 배송 17/50 | 재적재 1 | 도착   6 | 2홉+ 0.65 | 도달  838 | 차단  790
Ep 461 | 배송 23/50 | 재적재 2 | 도착  16 | 2홉+ 0.56 | 도달  871 | 차단  418
Ep 462 | 배송 30/50 | 재적재 4 | 도착  17 | 2홉+ 0.57 | 도달  794 | 차단  399
Ep 463 | 배송 30/50 | 재적재 4 | 도착  20 | 2홉+ 0.58 | 도달  836 | 차단  487
Ep 464 | 배송 24/50 | 재적재 3 | 도착  10 | 2홉+ 0.63 | 도달  788 | 차단  442
Ep 465 | 배송 27/50 | 재적재 3 | 도착  16 | 2홉+ 0.64 | 도달  741 | 차단  352
Ep 466 | 배송 29/50 | 재적재 3 | 도착  15 | 2홉+ 0.63 | 도달 1044 | 차단  618
Ep 467 | 배송 27/50 | 재적재 3 | 도착  18 | 2홉+ 0.64 | 도달 1045 | 차단  880
Ep 468 | 배송 28/50 | 재적재 4 | 도착  12 | 2홉+ 0.50 | 도달  955 | 차단  471
Ep 469 | 배송 28/50 | 재적재 3 | 도착  19 | 2홉+ 0.61 | 도달  718 | 차단  247
Ep 470 | 배송 28/50 | 재적재 4 | 도착  20 | 2홉+ 0.63 | 도달 1074 | 차단  472
Ep 471 | 배송 27/50 | 재적재 3 | 도착  15 | 2홉+ 0.64 | 도달  809 | 차단  499
Ep 472 | 배송 27/50 | 재적재 2 | 도착  12 | 2홉+ 0.65 | 도달  993 | 차단 1087
Ep 473 | 배송 29/50 | 재적재 5 | 도착  19 | 2홉+ 0.65 | 도달  907 | 차단  438
Ep 474 | 배송 26/50 | 재적재 3 | 도착  13 | 2홉+ 0.65 | 도달  841 | 차단  422
Ep 475 | 배송 29/50 | 재적재 3 | 도착  18 | 2홉+ 0.62 | 도달  910 | 차단  358
Ep 476 | 배송 30/50 | 재적재 3 | 도착  16 | 2홉+ 0.61 | 도달  900 | 차단  589
Ep 477 | 배송 26/50 | 재적재 4 | 도착  14 | 2홉+ 0.57 | 도달  782 | 차단  433
Ep 478 | 배송 30/50 | 재적재 5 | 도착  14 | 2홉+ 0.61 | 도달  805 | 차단  608
Ep 479 | 배송 30/50 | 재적재 5 | 도착  22 | 2홉+ 0.61 | 도달  870 | 차단  389
Ep 480 | 배송 27/50 | 재적재 4 | 도착  16 | 2홉+ 0.61 | 도달  751 | 차단  350
Ep 481 | 배송 30/50 | 재적재 4 | 도착  11 | 2홉+ 0.62 | 도달  885 | 차단  489
Ep 482 | 배송 33/50 | 재적재 5 | 도착  16 | 2홉+ 0.59 | 도달  902 | 차단  423
Ep 483 | 배송 27/50 | 재적재 3 | 도착  12 | 2홉+ 0.60 | 도달  867 | 차단  474
Ep 484 | 배송 32/50 | 재적재 5 | 도착  23 | 2홉+ 0.57 | 도달  953 | 차단  444
Ep 485 | 배송 28/50 | 재적재 2 | 도착  14 | 2홉+ 0.61 | 도달  744 | 차단  406
Ep 486 | 배송 27/50 | 재적재 3 | 도착  12 | 2홉+ 0.65 | 도달  761 | 차단  343
Ep 487 | 배송 26/50 | 재적재 2 | 도착  13 | 2홉+ 0.67 | 도달 1024 | 차단 1332
Ep 488 | 배송 26/50 | 재적재 3 | 도착  15 | 2홉+ 0.64 | 도달  943 | 차단  631
Ep 489 | 배송 30/50 | 재적재 4 | 도착  19 | 2홉+ 0.56 | 도달  831 | 차단  456
Ep 490 | 배송 27/50 | 재적재 4 | 도착  22 | 2홉+ 0.64 | 도달  801 | 차단  339
Ep 491 | 배송 31/50 | 재적재 4 | 도착  21 | 2홉+ 0.61 | 도달  814 | 차단  453
Ep 492 | 배송 26/50 | 재적재 3 | 도착  12 | 2홉+ 0.59 | 도달  730 | 차단  430
Ep 493 | 배송 23/50 | 재적재 3 | 도착  15 | 2홉+ 0.58 | 도달  713 | 차단  195
Ep 494 | 배송 26/50 | 재적재 3 | 도착  12 | 2홉+ 0.62 | 도달  984 | 차단  644
Ep 495 | 배송 27/50 | 재적재 3 | 도착  17 | 2홉+ 0.53 | 도달  719 | 차단  299
Ep 496 | 배송 16/50 | 재적재 1 | 도착   8 | 2홉+ 0.63 | 도달  831 | 차단 1067
Ep 497 | 배송 17/50 | 재적재 2 | 도착  11 | 2홉+ 0.63 | 도달 1074 | 차단 1429
Ep 498 | 배송 27/50 | 재적재 3 | 도착  13 | 2홉+ 0.59 | 도달  803 | 차단  377
Ep 499 | 배송 23/50 | 재적재 3 | 도착  14 | 2홉+ 0.50 | 도달  682 | 차단  884
Ep 500 | 배송 29/50 | 재적재 4 | 도착  13 | 2홉+ 0.60 | 도달  812 | 차단  387
  [홀드아웃] 배송 17.0±6.5 재적재 0.8 2홉+ 0.68 | 최고 27.1@ep50 정체 9/15
Ep 501 | 배송 28/50 | 재적재 4 | 도착   9 | 2홉+ 0.60 | 도달  873 | 차단  424
Ep 502 | 배송 29/50 | 재적재 4 | 도착  15 | 2홉+ 0.55 | 도달  877 | 차단  508
Ep 503 | 배송 26/50 | 재적재 4 | 도착  14 | 2홉+ 0.57 | 도달  808 | 차단  320
Ep 504 | 배송 31/50 | 재적재 3 | 도착  21 | 2홉+ 0.64 | 도달  753 | 차단  294
Ep 505 | 배송 29/50 | 재적재 4 | 도착  18 | 2홉+ 0.64 | 도달  845 | 차단  379
Ep 506 | 배송 30/50 | 재적재 3 | 도착  15 | 2홉+ 0.65 | 도달  820 | 차단  465
Ep 507 | 배송 25/50 | 재적재 3 | 도착  12 | 2홉+ 0.64 | 도달  717 | 차단  488
Ep 508 | 배송 33/50 | 재적재 4 | 도착  21 | 2홉+ 0.63 | 도달  794 | 차단  465
Ep 509 | 배송 32/50 | 재적재 5 | 도착  19 | 2홉+ 0.64 | 도달  807 | 차단  460
Ep 510 | 배송 33/50 | 재적재 6 | 도착  19 | 2홉+ 0.59 | 도달  847 | 차단  587
Ep 511 | 배송 25/50 | 재적재 4 | 도착  16 | 2홉+ 0.56 | 도달  779 | 차단  505
Ep 512 | 배송 28/50 | 재적재 3 | 도착  15 | 2홉+ 0.64 | 도달  749 | 차단  502
Ep 513 | 배송 26/50 | 재적재 3 | 도착  15 | 2홉+ 0.59 | 도달  855 | 차단  512
Ep 514 | 배송 29/50 | 재적재 3 | 도착  17 | 2홉+ 0.65 | 도달  865 | 차단  648
Ep 515 | 배송 29/50 | 재적재 3 | 도착  14 | 2홉+ 0.63 | 도달  825 | 차단  583
Ep 516 | 배송 28/50 | 재적재 4 | 도착  14 | 2홉+ 0.64 | 도달 1049 | 차단  696
Ep 517 | 배송 33/50 | 재적재 3 | 도착  15 | 2홉+ 0.64 | 도달 1074 | 차단  616
Ep 518 | 배송 25/50 | 재적재 3 | 도착  16 | 2홉+ 0.62 | 도달  956 | 차단  632
Ep 519 | 배송 33/50 | 재적재 5 | 도착  20 | 2홉+ 0.56 | 도달  980 | 차단  466
Ep 520 | 배송 33/50 | 재적재 5 | 도착  15 | 2홉+ 0.59 | 도달  810 | 차단  408
Ep 521 | 배송 28/50 | 재적재 3 | 도착  19 | 2홉+ 0.58 | 도달  773 | 차단  467
Ep 522 | 배송 26/50 | 재적재 4 | 도착  19 | 2홉+ 0.53 | 도달  882 | 차단  690
Ep 523 | 배송 24/50 | 재적재 3 | 도착  14 | 2홉+ 0.60 | 도달  709 | 차단  161
Ep 524 | 배송 27/50 | 재적재 3 | 도착  13 | 2홉+ 0.63 | 도달  749 | 차단  373
Ep 525 | 배송 26/50 | 재적재 4 | 도착  17 | 2홉+ 0.63 | 도달  920 | 차단  413
Ep 526 | 배송 28/50 | 재적재 2 | 도착   7 | 2홉+ 0.61 | 도달 1032 | 차단 1184
Ep 527 | 배송 28/50 | 재적재 3 | 도착  14 | 2홉+ 0.57 | 도달  699 | 차단  523
Ep 528 | 배송 30/50 | 재적재 5 | 도착  17 | 2홉+ 0.58 | 도달  762 | 차단  603
Ep 529 | 배송 22/50 | 재적재 1 | 도착  10 | 2홉+ 0.62 | 도달  805 | 차단  590
Ep 530 | 배송 28/50 | 재적재 4 | 도착  27 | 2홉+ 0.55 | 도달 1002 | 차단  569
Ep 531 | 배송 27/50 | 재적재 4 | 도착  11 | 2홉+ 0.64 | 도달  891 | 차단  330
Ep 532 | 배송 24/50 | 재적재 2 | 도착  10 | 2홉+ 0.60 | 도달  774 | 차단  440
Ep 533 | 배송 28/50 | 재적재 3 | 도착  14 | 2홉+ 0.65 | 도달  794 | 차단  350
Ep 534 | 배송 32/50 | 재적재 5 | 도착  16 | 2홉+ 0.57 | 도달  865 | 차단  327
Ep 535 | 배송 29/50 | 재적재 3 | 도착  17 | 2홉+ 0.57 | 도달  785 | 차단  689
Ep 536 | 배송 31/50 | 재적재 6 | 도착  15 | 2홉+ 0.55 | 도달  882 | 차단  453
Ep 537 | 배송 25/50 | 재적재 3 | 도착  16 | 2홉+ 0.59 | 도달  868 | 차단  703
Ep 538 | 배송 26/50 | 재적재 3 | 도착  14 | 2홉+ 0.63 | 도달  737 | 차단  426
Ep 539 | 배송 30/50 | 재적재 5 | 도착  17 | 2홉+ 0.59 | 도달  721 | 차단  358
Ep 540 | 배송 27/50 | 재적재 3 | 도착  13 | 2홉+ 0.60 | 도달  774 | 차단  356
Ep 541 | 배송 25/50 | 재적재 2 | 도착  12 | 2홉+ 0.54 | 도달  677 | 차단  677
Ep 542 | 배송 33/50 | 재적재 4 | 도착  17 | 2홉+ 0.60 | 도달  858 | 차단  627
Ep 543 | 배송 30/50 | 재적재 4 | 도착  12 | 2홉+ 0.60 | 도달  846 | 차단  289
Ep 544 | 배송 29/50 | 재적재 4 | 도착  14 | 2홉+ 0.63 | 도달 1013 | 차단  876
Ep 545 | 배송 24/50 | 재적재 3 | 도착   9 | 2홉+ 0.61 | 도달  902 | 차단  515
Ep 546 | 배송 32/50 | 재적재 5 | 도착  18 | 2홉+ 0.59 | 도달  857 | 차단  556
Ep 547 | 배송 27/50 | 재적재 2 | 도착  15 | 2홉+ 0.61 | 도달  794 | 차단  424
Ep 548 | 배송 27/50 | 재적재 3 | 도착  10 | 2홉+ 0.62 | 도달  882 | 차단  718
Ep 549 | 배송 32/50 | 재적재 5 | 도착  16 | 2홉+ 0.62 | 도달  972 | 차단  743
Ep 550 | 배송 26/50 | 재적재 4 | 도착  15 | 2홉+ 0.60 | 도달  764 | 차단  511
  [홀드아웃] 배송 16.2±6.5 재적재 0.8 2홉+ 0.69 | 최고 27.1@ep50 정체 10/15
Ep 551 | 배송 31/50 | 재적재 5 | 도착  15 | 2홉+ 0.60 | 도달  968 | 차단  405
Ep 552 | 배송 26/50 | 재적재 4 | 도착  14 | 2홉+ 0.54 | 도달  771 | 차단  569
Ep 553 | 배송 29/50 | 재적재 3 | 도착  13 | 2홉+ 0.64 | 도달  968 | 차단  428
Ep 554 | 배송 29/50 | 재적재 4 | 도착  14 | 2홉+ 0.57 | 도달  909 | 차단  504
Ep 555 | 배송 26/50 | 재적재 4 | 도착  16 | 2홉+ 0.58 | 도달  858 | 차단  508
Ep 556 | 배송 25/50 | 재적재 3 | 도착  16 | 2홉+ 0.58 | 도달  726 | 차단  343
Ep 557 | 배송 30/50 | 재적재 3 | 도착  15 | 2홉+ 0.55 | 도달  911 | 차단  683
Ep 558 | 배송 28/50 | 재적재 4 | 도착  13 | 2홉+ 0.59 | 도달  802 | 차단  492
Ep 559 | 배송 21/50 | 재적재 2 | 도착  12 | 2홉+ 0.48 | 도달  776 | 차단  285
Ep 560 | 배송 26/50 | 재적재 3 | 도착  12 | 2홉+ 0.60 | 도달  854 | 차단  537
Ep 561 | 배송 29/50 | 재적재 2 | 도착  13 | 2홉+ 0.61 | 도달  767 | 차단  409
Ep 562 | 배송 27/50 | 재적재 4 | 도착  17 | 2홉+ 0.60 | 도달  805 | 차단  365
Ep 563 | 배송 29/50 | 재적재 5 | 도착  17 | 2홉+ 0.60 | 도달  859 | 차단  296
Ep 564 | 배송 27/50 | 재적재 3 | 도착  17 | 2홉+ 0.60 | 도달  974 | 차단  360
Ep 565 | 배송 31/50 | 재적재 4 | 도착  19 | 2홉+ 0.61 | 도달  720 | 차단  411
Ep 566 | 배송 33/50 | 재적재 5 | 도착  18 | 2홉+ 0.58 | 도달  968 | 차단  631
Ep 567 | 배송 26/50 | 재적재 3 | 도착  12 | 2홉+ 0.61 | 도달  710 | 차단  316
Ep 568 | 배송 31/50 | 재적재 3 | 도착  16 | 2홉+ 0.65 | 도달  782 | 차단  666
Ep 569 | 배송 27/50 | 재적재 3 | 도착  10 | 2홉+ 0.52 | 도달  764 | 차단  341
Ep 570 | 배송 26/50 | 재적재 3 | 도착  15 | 2홉+ 0.61 | 도달  737 | 차단  216
Ep 571 | 배송 25/50 | 재적재 2 | 도착  14 | 2홉+ 0.65 | 도달 1071 | 차단  737
Ep 572 | 배송 30/50 | 재적재 3 | 도착  25 | 2홉+ 0.62 | 도달  867 | 차단  361
Ep 573 | 배송 28/50 | 재적재 2 | 도착  10 | 2홉+ 0.63 | 도달 1004 | 차단  630
Ep 574 | 배송 30/50 | 재적재 3 | 도착  14 | 2홉+ 0.64 | 도달  824 | 차단  547
Ep 575 | 배송 30/50 | 재적재 4 | 도착  14 | 2홉+ 0.63 | 도달  816 | 차단  491
Ep 576 | 배송 27/50 | 재적재 3 | 도착  23 | 2홉+ 0.58 | 도달  974 | 차단  715
Ep 577 | 배송 21/50 | 재적재 3 | 도착  13 | 2홉+ 0.63 | 도달  798 | 차단  912
Ep 578 | 배송 30/50 | 재적재 4 | 도착  17 | 2홉+ 0.64 | 도달  746 | 차단  566
Ep 579 | 배송 24/50 | 재적재 3 | 도착  12 | 2홉+ 0.61 | 도달  754 | 차단  343
Ep 580 | 배송 28/50 | 재적재 3 | 도착  15 | 2홉+ 0.60 | 도달 1009 | 차단  723
Ep 581 | 배송 29/50 | 재적재 3 | 도착  14 | 2홉+ 0.63 | 도달  820 | 차단  414
Ep 582 | 배송 22/50 | 재적재 3 | 도착  29 | 2홉+ 0.55 | 도달  617 | 차단  461
Ep 583 | 배송 25/50 | 재적재 2 | 도착  12 | 2홉+ 0.49 | 도달  709 | 차단  214
Ep 584 | 배송 26/50 | 재적재 4 | 도착  17 | 2홉+ 0.61 | 도달  848 | 차단  545
Ep 585 | 배송 34/50 | 재적재 4 | 도착  15 | 2홉+ 0.62 | 도달  985 | 차단  587
Ep 586 | 배송 26/50 | 재적재 4 | 도착  12 | 2홉+ 0.58 | 도달  812 | 차단  400
Ep 587 | 배송 26/50 | 재적재 3 | 도착  14 | 2홉+ 0.62 | 도달  794 | 차단  416
Ep 588 | 배송 33/50 | 재적재 4 | 도착  18 | 2홉+ 0.61 | 도달  976 | 차단  530
Ep 589 | 배송 28/50 | 재적재 3 | 도착  15 | 2홉+ 0.63 | 도달  800 | 차단  381
Ep 590 | 배송 27/50 | 재적재 3 | 도착  12 | 2홉+ 0.64 | 도달  969 | 차단  703
Ep 591 | 배송 26/50 | 재적재 3 | 도착  18 | 2홉+ 0.61 | 도달 1003 | 차단  806
Ep 592 | 배송 29/50 | 재적재 4 | 도착  17 | 2홉+ 0.61 | 도달  785 | 차단  518
Ep 593 | 배송 23/50 | 재적재 3 | 도착  16 | 2홉+ 0.65 | 도달  960 | 차단  630
Ep 594 | 배송 24/50 | 재적재 4 | 도착  17 | 2홉+ 0.60 | 도달  684 | 차단  709
Ep 595 | 배송 25/50 | 재적재 3 | 도착  23 | 2홉+ 0.60 | 도달  671 | 차단  396
Ep 596 | 배송 30/50 | 재적재 3 | 도착  17 | 2홉+ 0.63 | 도달  966 | 차단  665
Ep 597 | 배송 28/50 | 재적재 3 | 도착   9 | 2홉+ 0.61 | 도달  860 | 차단  390
Ep 598 | 배송 28/50 | 재적재 3 | 도착  14 | 2홉+ 0.63 | 도달  997 | 차단  896
Ep 599 | 배송 24/50 | 재적재 3 | 도착  12 | 2홉+ 0.55 | 도달  725 | 차단  182
Ep 600 | 배송 27/50 | 재적재 4 | 도착  18 | 2홉+ 0.57 | 도달  740 | 차단  540
  [홀드아웃] 배송 15.7±3.2 재적재 0.8 2홉+ 0.65 | 최고 27.1@ep50 정체 11/15
Ep 601 | 배송 31/50 | 재적재 4 | 도착  17 | 2홉+ 0.63 | 도달 1037 | 차단  822
Ep 602 | 배송 26/50 | 재적재 3 | 도착  17 | 2홉+ 0.58 | 도달  686 | 차단  475
Ep 603 | 배송 29/50 | 재적재 3 | 도착  17 | 2홉+ 0.62 | 도달  840 | 차단  531
Ep 604 | 배송 28/50 | 재적재 2 | 도착  15 | 2홉+ 0.63 | 도달  867 | 차단  365
Ep 605 | 배송 22/50 | 재적재 2 | 도착  11 | 2홉+ 0.59 | 도달  799 | 차단  522
Ep 606 | 배송 28/50 | 재적재 4 | 도착  21 | 2홉+ 0.61 | 도달  952 | 차단  509
Ep 607 | 배송 30/50 | 재적재 5 | 도착  15 | 2홉+ 0.61 | 도달  936 | 차단  780
Ep 608 | 배송 34/50 | 재적재 5 | 도착  23 | 2홉+ 0.61 | 도달  858 | 차단  440
Ep 609 | 배송 31/50 | 재적재 4 | 도착  16 | 2홉+ 0.63 | 도달  775 | 차단  368
Ep 610 | 배송 27/50 | 재적재 3 | 도착   9 | 2홉+ 0.65 | 도달  986 | 차단 1063
Ep 611 | 배송 31/50 | 재적재 4 | 도착  13 | 2홉+ 0.58 | 도달  759 | 차단  391
Ep 612 | 배송 30/50 | 재적재 5 | 도착  17 | 2홉+ 0.59 | 도달  785 | 차단  388
Ep 613 | 배송 30/50 | 재적재 3 | 도착  17 | 2홉+ 0.64 | 도달  956 | 차단  913
Ep 614 | 배송 30/50 | 재적재 3 | 도착   9 | 2홉+ 0.66 | 도달  883 | 차단  525
Ep 615 | 배송 27/50 | 재적재 3 | 도착  16 | 2홉+ 0.61 | 도달  738 | 차단  273
Ep 616 | 배송 28/50 | 재적재 4 | 도착  15 | 2홉+ 0.64 | 도달  775 | 차단  576
Ep 617 | 배송 29/50 | 재적재 4 | 도착  14 | 2홉+ 0.61 | 도달  919 | 차단  459
Ep 618 | 배송 29/50 | 재적재 3 | 도착  13 | 2홉+ 0.61 | 도달  856 | 차단  618
Ep 619 | 배송 22/50 | 재적재 2 | 도착   8 | 2홉+ 0.55 | 도달  740 | 차단  417
Ep 620 | 배송 32/50 | 재적재 3 | 도착  16 | 2홉+ 0.63 | 도달 1037 | 차단 1158
Ep 621 | 배송 26/50 | 재적재 3 | 도착  12 | 2홉+ 0.65 | 도달 1051 | 차단  866
Ep 622 | 배송 25/50 | 재적재 3 | 도착  13 | 2홉+ 0.62 | 도달  833 | 차단  484
Ep 623 | 배송 29/50 | 재적재 4 | 도착  10 | 2홉+ 0.62 | 도달  990 | 차단  648
Ep 624 | 배송 29/50 | 재적재 3 | 도착  13 | 2홉+ 0.63 | 도달  783 | 차단  669
Ep 625 | 배송 28/50 | 재적재 4 | 도착  16 | 2홉+ 0.62 | 도달  785 | 차단  594
Ep 626 | 배송 35/50 | 재적재 5 | 도착  16 | 2홉+ 0.61 | 도달  850 | 차단  492
Ep 627 | 배송 29/50 | 재적재 2 | 도착  13 | 2홉+ 0.64 | 도달  877 | 차단  456
Ep 628 | 배송 28/50 | 재적재 4 | 도착  13 | 2홉+ 0.63 | 도달  801 | 차단  506
Ep 629 | 배송 27/50 | 재적재 4 | 도착  12 | 2홉+ 0.61 | 도달  844 | 차단  541
Ep 630 | 배송 21/50 | 재적재 3 | 도착  12 | 2홉+ 0.65 | 도달  975 | 차단  741
Ep 631 | 배송 28/50 | 재적재 3 | 도착  16 | 2홉+ 0.61 | 도달  756 | 차단  205
Ep 632 | 배송 26/50 | 재적재 4 | 도착  11 | 2홉+ 0.63 | 도달 1040 | 차단 1109
Ep 633 | 배송 34/50 | 재적재 3 | 도착  10 | 2홉+ 0.64 | 도달  815 | 차단  512
Ep 634 | 배송 29/50 | 재적재 4 | 도착  15 | 2홉+ 0.56 | 도달  698 | 차단  302
Ep 635 | 배송 30/50 | 재적재 4 | 도착  16 | 2홉+ 0.64 | 도달  830 | 차단  420
Ep 636 | 배송 23/50 | 재적재 3 | 도착  11 | 2홉+ 0.57 | 도달  820 | 차단  478
Ep 637 | 배송 28/50 | 재적재 3 | 도착  12 | 2홉+ 0.59 | 도달  758 | 차단  374
Ep 638 | 배송 30/50 | 재적재 5 | 도착  19 | 2홉+ 0.60 | 도달  838 | 차단  425
Ep 639 | 배송 27/50 | 재적재 3 | 도착  12 | 2홉+ 0.61 | 도달  761 | 차단  274
Ep 640 | 배송 30/50 | 재적재 3 | 도착  17 | 2홉+ 0.61 | 도달  914 | 차단  498
Ep 641 | 배송 23/50 | 재적재 2 | 도착   9 | 2홉+ 0.62 | 도달 1000 | 차단 1494
Ep 642 | 배송 27/50 | 재적재 4 | 도착  17 | 2홉+ 0.60 | 도달  794 | 차단  442
Ep 643 | 배송 24/50 | 재적재 3 | 도착  12 | 2홉+ 0.53 | 도달  715 | 차단  346
Ep 644 | 배송 28/50 | 재적재 4 | 도착  12 | 2홉+ 0.56 | 도달  867 | 차단  360
Ep 645 | 배송 30/50 | 재적재 4 | 도착  12 | 2홉+ 0.65 | 도달  920 | 차단  884
Ep 646 | 배송 29/50 | 재적재 4 | 도착  11 | 2홉+ 0.63 | 도달  787 | 차단  422
Ep 647 | 배송 28/50 | 재적재 4 | 도착  14 | 2홉+ 0.59 | 도달  815 | 차단  313
Ep 648 | 배송 25/50 | 재적재 3 | 도착  14 | 2홉+ 0.59 | 도달  743 | 차단  775
Ep 649 | 배송 30/50 | 재적재 3 | 도착  15 | 2홉+ 0.62 | 도달  852 | 차단  458
Ep 650 | 배송 28/50 | 재적재 2 | 도착  16 | 2홉+ 0.62 | 도달  780 | 차단  364
  [홀드아웃] 배송 19.4±4.8 재적재 1.2 2홉+ 0.64 | 최고 27.1@ep50 정체 12/15
Ep 651 | 배송 25/50 | 재적재 4 | 도착  17 | 2홉+ 0.57 | 도달  822 | 차단  443
Ep 652 | 배송 27/50 | 재적재 3 | 도착  13 | 2홉+ 0.64 | 도달  998 | 차단  751
Ep 653 | 배송 29/50 | 재적재 4 | 도착  10 | 2홉+ 0.64 | 도달  885 | 차단  373
Ep 654 | 배송 24/50 | 재적재 3 | 도착  18 | 2홉+ 0.63 | 도달  740 | 차단  324
Ep 655 | 배송 29/50 | 재적재 4 | 도착  16 | 2홉+ 0.61 | 도달  892 | 차단  281
Ep 656 | 배송 27/50 | 재적재 2 | 도착  13 | 2홉+ 0.67 | 도달  994 | 차단  865
Ep 657 | 배송 26/50 | 재적재 3 | 도착  21 | 2홉+ 0.60 | 도달 1017 | 차단  690
Ep 658 | 배송 28/50 | 재적재 3 | 도착  21 | 2홉+ 0.57 | 도달  836 | 차단  500
Ep 659 | 배송 30/50 | 재적재 3 | 도착  14 | 2홉+ 0.57 | 도달  826 | 차단  329
Ep 660 | 배송 31/50 | 재적재 3 | 도착  16 | 2홉+ 0.64 | 도달  886 | 차단  538
Ep 661 | 배송 31/50 | 재적재 4 | 도착  20 | 2홉+ 0.56 | 도달  763 | 차단  425
Ep 662 | 배송 27/50 | 재적재 4 | 도착  13 | 2홉+ 0.58 | 도달  964 | 차단  726
Ep 663 | 배송 30/50 | 재적재 3 | 도착  18 | 2홉+ 0.63 | 도달 1003 | 차단 1427
Ep 664 | 배송 31/50 | 재적재 3 | 도착  11 | 2홉+ 0.58 | 도달  816 | 차단  536
Ep 665 | 배송 34/50 | 재적재 3 | 도착  10 | 2홉+ 0.64 | 도달 1013 | 차단  741
Ep 666 | 배송 30/50 | 재적재 4 | 도착  20 | 2홉+ 0.59 | 도달  910 | 차단  402
Ep 667 | 배송 23/50 | 재적재 3 | 도착  14 | 2홉+ 0.66 | 도달  855 | 차단  556
Ep 668 | 배송 28/50 | 재적재 5 | 도착  17 | 2홉+ 0.63 | 도달  868 | 차단  540
Ep 669 | 배송 29/50 | 재적재 3 | 도착  12 | 2홉+ 0.51 | 도달  798 | 차단  393
Ep 670 | 배송 26/50 | 재적재 2 | 도착  15 | 2홉+ 0.63 | 도달  818 | 차단  655
Ep 671 | 배송 28/50 | 재적재 5 | 도착  18 | 2홉+ 0.60 | 도달  753 | 차단  639
Ep 672 | 배송 22/50 | 재적재 2 | 도착  14 | 2홉+ 0.62 | 도달  892 | 차단  603
Ep 673 | 배송 31/50 | 재적재 4 | 도착  14 | 2홉+ 0.58 | 도달  850 | 차단  342
Ep 674 | 배송 28/50 | 재적재 5 | 도착  22 | 2홉+ 0.62 | 도달  692 | 차단  158
Ep 675 | 배송 36/50 | 재적재 4 | 도착  17 | 2홉+ 0.62 | 도달  881 | 차단  573
Ep 676 | 배송 27/50 | 재적재 3 | 도착  12 | 2홉+ 0.59 | 도달  760 | 차단  257
Ep 677 | 배송 27/50 | 재적재 2 | 도착  13 | 2홉+ 0.61 | 도달  784 | 차단  407
Ep 678 | 배송 26/50 | 재적재 3 | 도착  17 | 2홉+ 0.60 | 도달  727 | 차단  276
Ep 679 | 배송 23/50 | 재적재 3 | 도착  15 | 2홉+ 0.56 | 도달  989 | 차단  785
Ep 680 | 배송 27/50 | 재적재 3 | 도착  12 | 2홉+ 0.56 | 도달  825 | 차단  309
Ep 681 | 배송 28/50 | 재적재 3 | 도착  15 | 2홉+ 0.61 | 도달  877 | 차단  553
Ep 682 | 배송 29/50 | 재적재 4 | 도착  16 | 2홉+ 0.61 | 도달  874 | 차단  551
Ep 683 | 배송 33/50 | 재적재 5 | 도착  13 | 2홉+ 0.60 | 도달  874 | 차단  573
Ep 684 | 배송 27/50 | 재적재 4 | 도착  14 | 2홉+ 0.53 | 도달  934 | 차단  538
Ep 685 | 배송 30/50 | 재적재 3 | 도착  24 | 2홉+ 0.58 | 도달  813 | 차단  388
Ep 686 | 배송 31/50 | 재적재 3 | 도착  18 | 2홉+ 0.62 | 도달  752 | 차단  279
Ep 687 | 배송 31/50 | 재적재 3 | 도착  17 | 2홉+ 0.63 | 도달  941 | 차단  477
Ep 688 | 배송 27/50 | 재적재 4 | 도착  16 | 2홉+ 0.52 | 도달  828 | 차단  400
Ep 689 | 배송 31/50 | 재적재 5 | 도착  12 | 2홉+ 0.63 | 도달  885 | 차단  681
Ep 690 | 배송 22/50 | 재적재 3 | 도착   8 | 2홉+ 0.60 | 도달  719 | 차단  152
Ep 691 | 배송 25/50 | 재적재 2 | 도착  11 | 2홉+ 0.64 | 도달 1067 | 차단  796
Ep 692 | 배송 29/50 | 재적재 4 | 도착  12 | 2홉+ 0.57 | 도달  736 | 차단  482
Ep 693 | 배송 17/50 | 재적재 1 | 도착  10 | 2홉+ 0.56 | 도달  771 | 차단  518
Ep 694 | 배송 13/50 | 재적재 0 | 도착   2 | 2홉+ 0.70 | 도달 1047 | 차단 2479
Ep 695 | 배송 27/50 | 재적재 3 | 도착  12 | 2홉+ 0.55 | 도달  826 | 차단  346
Ep 696 | 배송 24/50 | 재적재 2 | 도착  11 | 2홉+ 0.64 | 도달  756 | 차단  363
Ep 697 | 배송 27/50 | 재적재 3 | 도착  13 | 2홉+ 0.65 | 도달  772 | 차단  564
Ep 698 | 배송 29/50 | 재적재 3 | 도착  13 | 2홉+ 0.62 | 도달  785 | 차단  481
Ep 699 | 배송 30/50 | 재적재 4 | 도착  12 | 2홉+ 0.57 | 도달  907 | 차단  559
Ep 700 | 배송 25/50 | 재적재 2 | 도착  14 | 2홉+ 0.62 | 도달  862 | 차단  707
  [홀드아웃] 배송 15.1±3.8 재적재 0.2 2홉+ 0.71 | 최고 27.1@ep50 정체 13/15
Ep 701 | 배송 29/50 | 재적재 4 | 도착  16 | 2홉+ 0.62 | 도달  881 | 차단  697
Ep 702 | 배송 30/50 | 재적재 3 | 도착  14 | 2홉+ 0.60 | 도달  869 | 차단  760
Ep 703 | 배송 30/50 | 재적재 4 | 도착  18 | 2홉+ 0.59 | 도달  806 | 차단  440
Ep 704 | 배송 26/50 | 재적재 4 | 도착  10 | 2홉+ 0.62 | 도달  799 | 차단  569
Ep 705 | 배송 24/50 | 재적재 4 | 도착   9 | 2홉+ 0.64 | 도달  802 | 차단  964
Ep 706 | 배송 29/50 | 재적재 3 | 도착  14 | 2홉+ 0.62 | 도달  944 | 차단  360
Ep 707 | 배송 31/50 | 재적재 5 | 도착  19 | 2홉+ 0.55 | 도달  798 | 차단  315
Ep 708 | 배송 28/50 | 재적재 3 | 도착  15 | 2홉+ 0.64 | 도달  702 | 차단  630
Ep 709 | 배송 31/50 | 재적재 3 | 도착  14 | 2홉+ 0.63 | 도달  970 | 차단  762
Ep 710 | 배송 24/50 | 재적재 2 | 도착  23 | 2홉+ 0.58 | 도달  860 | 차단  276
Ep 711 | 배송 26/50 | 재적재 4 | 도착  16 | 2홉+ 0.62 | 도달  814 | 차단  623
Ep 712 | 배송 26/50 | 재적재 3 | 도착  14 | 2홉+ 0.61 | 도달  715 | 차단  305
Ep 713 | 배송 28/50 | 재적재 3 | 도착  16 | 2홉+ 0.63 | 도달  846 | 차단  739
Ep 714 | 배송 26/50 | 재적재 3 | 도착  16 | 2홉+ 0.58 | 도달  743 | 차단  198
Ep 715 | 배송 32/50 | 재적재 4 | 도착  15 | 2홉+ 0.61 | 도달  907 | 차단  723
Ep 716 | 배송 32/50 | 재적재 3 | 도착  15 | 2홉+ 0.63 | 도달  963 | 차단  605
Ep 717 | 배송 28/50 | 재적재 3 | 도착  19 | 2홉+ 0.62 | 도달  722 | 차단  412
Ep 718 | 배송 30/50 | 재적재 3 | 도착  12 | 2홉+ 0.65 | 도달  825 | 차단  590
Ep 719 | 배송 22/50 | 재적재 2 | 도착  13 | 2홉+ 0.53 | 도달  617 | 차단  635
Ep 720 | 배송 17/50 | 재적재 0 | 도착   6 | 2홉+ 0.65 | 도달 1063 | 차단 1389
Ep 721 | 배송 27/50 | 재적재 3 | 도착  10 | 2홉+ 0.61 | 도달  882 | 차단  480
Ep 722 | 배송 31/50 | 재적재 5 | 도착  12 | 2홉+ 0.60 | 도달  984 | 차단  634
Ep 723 | 배송 20/50 | 재적재 1 | 도착   6 | 2홉+ 0.66 | 도달 1074 | 차단 1789
Ep 724 | 배송 33/50 | 재적재 4 | 도착  22 | 2홉+ 0.56 | 도달  916 | 차단  386
Ep 725 | 배송 25/50 | 재적재 2 | 도착  10 | 2홉+ 0.54 | 도달  842 | 차단  571
Ep 726 | 배송 22/50 | 재적재 3 | 도착  11 | 2홉+ 0.63 | 도달  765 | 차단  312
Ep 727 | 배송 30/50 | 재적재 3 | 도착  16 | 2홉+ 0.62 | 도달  766 | 차단  255
Ep 728 | 배송 29/50 | 재적재 3 | 도착  14 | 2홉+ 0.59 | 도달  796 | 차단  254
Ep 729 | 배송 27/50 | 재적재 5 | 도착  16 | 2홉+ 0.52 | 도달  756 | 차단  368
Ep 730 | 배송 23/50 | 재적재 1 | 도착  10 | 2홉+ 0.65 | 도달  773 | 차단  344
Ep 731 | 배송 24/50 | 재적재 4 | 도착  15 | 2홉+ 0.57 | 도달  673 | 차단  345
Ep 732 | 배송 32/50 | 재적재 5 | 도착  13 | 2홉+ 0.63 | 도달  868 | 차단  693
Ep 733 | 배송 28/50 | 재적재 4 | 도착  13 | 2홉+ 0.64 | 도달  874 | 차단  637
Ep 734 | 배송 27/50 | 재적재 5 | 도착  16 | 2홉+ 0.58 | 도달  718 | 차단  453
Ep 735 | 배송 31/50 | 재적재 4 | 도착  15 | 2홉+ 0.66 | 도달  820 | 차단  927
Ep 736 | 배송 28/50 | 재적재 3 | 도착  18 | 2홉+ 0.63 | 도달  916 | 차단  566
Ep 737 | 배송 27/50 | 재적재 3 | 도착  22 | 2홉+ 0.66 | 도달  861 | 차단  636
Ep 738 | 배송 28/50 | 재적재 4 | 도착  16 | 2홉+ 0.57 | 도달  821 | 차단  253
Ep 739 | 배송 33/50 | 재적재 5 | 도착  17 | 2홉+ 0.64 | 도달  845 | 차단  798
Ep 740 | 배송 28/50 | 재적재 4 | 도착  18 | 2홉+ 0.63 | 도달  859 | 차단  258
Ep 741 | 배송 27/50 | 재적재 4 | 도착  18 | 2홉+ 0.64 | 도달  834 | 차단  577
Ep 742 | 배송 25/50 | 재적재 3 | 도착  12 | 2홉+ 0.58 | 도달 1074 | 차단  810
Ep 743 | 배송 30/50 | 재적재 5 | 도착  18 | 2홉+ 0.55 | 도달  740 | 차단  292
Ep 744 | 배송 25/50 | 재적재 2 | 도착  16 | 2홉+ 0.65 | 도달  854 | 차단  577
Ep 745 | 배송 29/50 | 재적재 4 | 도착  18 | 2홉+ 0.56 | 도달  807 | 차단  797
Ep 746 | 배송 28/50 | 재적재 5 | 도착  17 | 2홉+ 0.63 | 도달 1021 | 차단 1116
Ep 747 | 배송 27/50 | 재적재 3 | 도착  19 | 2홉+ 0.64 | 도달  706 | 차단  292
Ep 748 | 배송 27/50 | 재적재 3 | 도착  13 | 2홉+ 0.65 | 도달  661 | 차단  548
Ep 749 | 배송 31/50 | 재적재 3 | 도착  16 | 2홉+ 0.66 | 도달  879 | 차단  897
Ep 750 | 배송 25/50 | 재적재 2 | 도착   9 | 2홉+ 0.57 | 도달  898 | 차단  418
  [홀드아웃] 배송 18.3±5.2 재적재 1.1 2홉+ 0.65 | 최고 27.1@ep50 정체 14/15
Ep 751 | 배송 26/50 | 재적재 3 | 도착  15 | 2홉+ 0.60 | 도달 1013 | 차단  539
Ep 752 | 배송 24/50 | 재적재 3 | 도착  16 | 2홉+ 0.52 | 도달  933 | 차단  389
Ep 753 | 배송 31/50 | 재적재 6 | 도착  21 | 2홉+ 0.61 | 도달  891 | 차단  527
Ep 754 | 배송 31/50 | 재적재 5 | 도착  15 | 2홉+ 0.61 | 도달  773 | 차단  552
Ep 755 | 배송 24/50 | 재적재 3 | 도착  13 | 2홉+ 0.60 | 도달  853 | 차단  783
Ep 756 | 배송 30/50 | 재적재 4 | 도착  15 | 2홉+ 0.64 | 도달  834 | 차단  340
Ep 757 | 배송 31/50 | 재적재 4 | 도착  16 | 2홉+ 0.57 | 도달  776 | 차단  451
Ep 758 | 배송 29/50 | 재적재 4 | 도착  12 | 2홉+ 0.63 | 도달  794 | 차단  454
Ep 759 | 배송 26/50 | 재적재 3 | 도착  11 | 2홉+ 0.64 | 도달  959 | 차단  571
Ep 760 | 배송 26/50 | 재적재 3 | 도착  12 | 2홉+ 0.66 | 도달  884 | 차단  453
Ep 761 | 배송 28/50 | 재적재 5 | 도착  21 | 2홉+ 0.56 | 도달  723 | 차단  426
Ep 762 | 배송 27/50 | 재적재 4 | 도착  17 | 2홉+ 0.59 | 도달  801 | 차단  303
Ep 763 | 배송 27/50 | 재적재 3 | 도착  13 | 2홉+ 0.64 | 도달  831 | 차단  402
Ep 764 | 배송 17/50 | 재적재 0 | 도착   6 | 2홉+ 0.68 | 도달  956 | 차단 1523
Ep 765 | 배송 29/50 | 재적재 4 | 도착  20 | 2홉+ 0.65 | 도달  858 | 차단  399
Ep 766 | 배송 24/50 | 재적재 3 | 도착  11 | 2홉+ 0.57 | 도달  750 | 차단  427
Ep 767 | 배송 27/50 | 재적재 4 | 도착  13 | 2홉+ 0.56 | 도달  689 | 차단  290
Ep 768 | 배송 26/50 | 재적재 3 | 도착  13 | 2홉+ 0.60 | 도달  796 | 차단  697
Ep 769 | 배송 30/50 | 재적재 3 | 도착  13 | 2홉+ 0.65 | 도달 1009 | 차단 1058
Ep 770 | 배송 29/50 | 재적재 3 | 도착  20 | 2홉+ 0.60 | 도달  871 | 차단  448
Ep 771 | 배송 29/50 | 재적재 4 | 도착   9 | 2홉+ 0.62 | 도달  902 | 차단  425
Ep 772 | 배송 28/50 | 재적재 3 | 도착  20 | 2홉+ 0.64 | 도달  956 | 차단  732
Ep 773 | 배송 27/50 | 재적재 3 | 도착  16 | 2홉+ 0.59 | 도달  786 | 차단  355
Ep 774 | 배송 28/50 | 재적재 3 | 도착  18 | 2홉+ 0.61 | 도달  686 | 차단  401
Ep 775 | 배송 31/50 | 재적재 4 | 도착  17 | 2홉+ 0.63 | 도달  905 | 차단  452
Ep 776 | 배송 29/50 | 재적재 4 | 도착  14 | 2홉+ 0.61 | 도달  815 | 차단  531
Ep 777 | 배송 32/50 | 재적재 4 | 도착  13 | 2홉+ 0.64 | 도달  910 | 차단  468
Ep 778 | 배송 22/50 | 재적재 4 | 도착  16 | 2홉+ 0.62 | 도달  868 | 차단  231
Ep 779 | 배송 16/50 | 재적재 0 | 도착  10 | 2홉+ 0.71 | 도달  978 | 차단 1977
Ep 780 | 배송 33/50 | 재적재 5 | 도착  22 | 2홉+ 0.56 | 도달  885 | 차단  421
Ep 781 | 배송 27/50 | 재적재 5 | 도착  18 | 2홉+ 0.55 | 도달  756 | 차단  324
Ep 782 | 배송 30/50 | 재적재 4 | 도착  20 | 2홉+ 0.61 | 도달  905 | 차단  551
Ep 783 | 배송 31/50 | 재적재 5 | 도착  19 | 2홉+ 0.60 | 도달  806 | 차단  484
Ep 784 | 배송 26/50 | 재적재 3 | 도착  18 | 2홉+ 0.62 | 도달  820 | 차단  357
Ep 785 | 배송 26/50 | 재적재 2 | 도착  21 | 2홉+ 0.63 | 도달  716 | 차단  511
Ep 786 | 배송 25/50 | 재적재 3 | 도착  17 | 2홉+ 0.61 | 도달  720 | 차단  393
Ep 787 | 배송 25/50 | 재적재 3 | 도착  12 | 2홉+ 0.61 | 도달  725 | 차단  474
Ep 788 | 배송 24/50 | 재적재 2 | 도착  15 | 2홉+ 0.64 | 도달  799 | 차단  388
Ep 789 | 배송 25/50 | 재적재 3 | 도착  12 | 2홉+ 0.64 | 도달  757 | 차단  374
Ep 790 | 배송 28/50 | 재적재 5 | 도착  15 | 2홉+ 0.64 | 도달 1017 | 차단  552
Ep 791 | 배송 32/50 | 재적재 6 | 도착  22 | 2홉+ 0.56 | 도달  796 | 차단  308
Ep 792 | 배송 27/50 | 재적재 4 | 도착  12 | 2홉+ 0.63 | 도달  836 | 차단  543
Ep 793 | 배송 28/50 | 재적재 3 | 도착  15 | 2홉+ 0.65 | 도달  889 | 차단  734
Ep 794 | 배송 28/50 | 재적재 3 | 도착  15 | 2홉+ 0.63 | 도달  761 | 차단  251
Ep 795 | 배송 24/50 | 재적재 2 | 도착  12 | 2홉+ 0.55 | 도달  687 | 차단  248
Ep 796 | 배송 31/50 | 재적재 4 | 도착  11 | 2홉+ 0.60 | 도달  719 | 차단  433
Ep 797 | 배송 28/50 | 재적재 4 | 도착  12 | 2홉+ 0.60 | 도달  793 | 차단  378
Ep 798 | 배송 24/50 | 재적재 3 | 도착  16 | 2홉+ 0.66 | 도달  831 | 차단  528
Ep 799 | 배송 27/50 | 재적재 3 | 도착  14 | 2홉+ 0.61 | 도달  859 | 차단  582
Ep 800 | 배송 28/50 | 재적재 4 | 도착  13 | 2홉+ 0.57 | 도달  719 | 차단  331
  [홀드아웃] 배송 16.9±3.7 재적재 0.8 2홉+ 0.68 | 최고 27.1@ep50 정체 15/15

조기 종료. 최고 27.1@ep50
Training finished. best=27.1 @ ep50
