/home/kopt/enter/envs/wsl_neuroMCTS/lib/python3.10/site-packages/pygame/pkgdata.py:25: UserWarning: pkg_resources is deprecated as an API. See https://setuptools.pypa.io/en/latest/pkg_resources.html. The pkg_resources package is slated for removal as early as 2025-11-30. Refrain from using this package or pin to Setuptools<81.
  from pkg_resources import resource_stream, resource_exists
pygame 2.6.1 (SDL 2.28.4, Python 3.10.19)
Hello from the pygame community. https://www.pygame.org/contribute.html
단계=worker 장치=cuda 반경=300.0 상위주기=20 시드=1 교착관측=True
worker_obs=16 manager_obs=43 state=66 상위행동=7
Ep 1 | 배송  0/50 | 재적재 0 | 도착   0 | 2홉+ 0.21 | 도달  430 | 차단   16 | 정지 0.00 최장   0
Ep 2 | 배송  1/50 | 재적재 0 | 도착   1 | 2홉+ 0.22 | 도달  528 | 차단  228 | 정지 0.01 최장   2
Ep 3 | 배송  0/50 | 재적재 0 | 도착   0 | 2홉+ 0.23 | 도달  472 | 차단    0 | 정지 0.00 최장   0
Ep 4 | 배송  0/50 | 재적재 0 | 도착   0 | 2홉+ 0.20 | 도달  499 | 차단    5 | 정지 0.00 최장   0
Ep 5 | 배송  0/50 | 재적재 0 | 도착   0 | 2홉+ 0.18 | 도달  502 | 차단    7 | 정지 0.00 최장   0
Ep 6 | 배송 18/50 | 재적재 0 | 도착  16 | 2홉+ 0.48 | 도달  728 | 차단  271 | 정지 0.17 최장   3
Ep 7 | 배송 16/50 | 재적재 0 | 도착  16 | 2홉+ 0.51 | 도달  662 | 차단  271 | 정지 0.30 최장   1
Ep 8 | 배송 19/50 | 재적재 0 | 도착  19 | 2홉+ 0.57 | 도달  739 | 차단  279 | 정지 0.12 최장   2
Ep 9 | 배송 21/50 | 재적재 2 | 도착  21 | 2홉+ 0.40 | 도달  606 | 차단  220 | 정지 0.02 최장   1
Ep 10 | 배송 23/50 | 재적재 2 | 도착  23 | 2홉+ 0.50 | 도달  782 | 차단  171 | 정지 0.07 최장   1
Ep 11 | 배송 22/50 | 재적재 3 | 도착  23 | 2홉+ 0.55 | 도달  773 | 차단  487 | 정지 0.05 최장   3
Ep 12 | 배송 24/50 | 재적재 3 | 도착  27 | 2홉+ 0.48 | 도달  712 | 차단  318 | 정지 0.28 최장   1
Ep 13 | 배송 27/50 | 재적재 4 | 도착  29 | 2홉+ 0.50 | 도달  736 | 차단  334 | 정지 0.31 최장   1
Ep 14 | 배송 21/50 | 재적재 3 | 도착  23 | 2홉+ 0.61 | 도달  684 | 차단  995 | 정지 0.23 최장   4
Ep 15 | 배송 24/50 | 재적재 4 | 도착  27 | 2홉+ 0.59 | 도달  647 | 차단  933 | 정지 0.22 최장   3
Ep 16 | 배송 22/50 | 재적재 2 | 도착  22 | 2홉+ 0.49 | 도달  685 | 차단  883 | 정지 0.34 최장   2
Ep 17 | 배송 27/50 | 재적재 3 | 도착  30 | 2홉+ 0.61 | 도달  795 | 차단 1101 | 정지 0.25 최장   3
Ep 18 | 배송 23/50 | 재적재 2 | 도착  26 | 2홉+ 0.58 | 도달  746 | 차단 1421 | 정지 0.45 최장   4
Ep 19 | 배송 31/50 | 재적재 5 | 도착  34 | 2홉+ 0.63 | 도달  795 | 차단  949 | 정지 0.30 최장   3
Ep 20 | 배송 31/50 | 재적재 5 | 도착  35 | 2홉+ 0.64 | 도달  761 | 차단 1162 | 정지 0.41 최장   2
Ep 21 | 배송 32/50 | 재적재 6 | 도착  36 | 2홉+ 0.54 | 도달  715 | 차단 1024 | 정지 0.59 최장   9
Ep 22 | 배송 31/50 | 재적재 4 | 도착  35 | 2홉+ 0.59 | 도달  865 | 차단 1733 | 정지 0.18 최장   6
Ep 23 | 배송 33/50 | 재적재 5 | 도착  36 | 2홉+ 0.62 | 도달  831 | 차단 1344 | 정지 0.55 최장   5
Ep 24 | 배송 27/50 | 재적재 4 | 도착  33 | 2홉+ 0.62 | 도달  704 | 차단 1912 | 정지 0.47 최장   7
Ep 25 | 배송 32/50 | 재적재 4 | 도착  34 | 2홉+ 0.64 | 도달  879 | 차단 1277 | 정지 0.31 최장   8
Ep 26 | 배송 25/50 | 재적재 3 | 도착  29 | 2홉+ 0.62 | 도달  754 | 차단 1829 | 정지 0.96 최장  44
Ep 27 | 배송 32/50 | 재적재 6 | 도착  39 | 2홉+ 0.66 | 도달  816 | 차단 1131 | 정지 0.58 최장   4
Ep 28 | 배송 34/50 | 재적재 5 | 도착  38 | 2홉+ 0.61 | 도달  870 | 차단 1281 | 정지 0.57 최장   5
Ep 29 | 배송 23/50 | 재적재 1 | 도착  25 | 2홉+ 0.61 | 도달  757 | 차단 2280 | 정지 0.42 최장  10
Ep 30 | 배송 27/50 | 재적재 3 | 도착  32 | 2홉+ 0.59 | 도달  712 | 차단 1867 | 정지 0.65 최장  35
Ep 31 | 배송 28/50 | 재적재 4 | 도착  32 | 2홉+ 0.60 | 도달  710 | 차단 1805 | 정지 0.82 최장   4
Ep 32 | 배송 23/50 | 재적재 3 | 도착  28 | 2홉+ 0.68 | 도달  643 | 차단 2644 | 정지 0.83 최장  31
Ep 33 | 배송 29/50 | 재적재 3 | 도착  30 | 2홉+ 0.67 | 도달  737 | 차단 1847 | 정지 0.13 최장  10
Ep 34 | 배송 30/50 | 재적재 4 | 도착  36 | 2홉+ 0.64 | 도달  837 | 차단 1220 | 정지 0.08 최장   5
Ep 35 | 배송 22/50 | 재적재 2 | 도착  23 | 2홉+ 0.68 | 도달  739 | 차단 2196 | 정지 0.74 최장  28
Ep 36 | 배송 27/50 | 재적재 4 | 도착  29 | 2홉+ 0.53 | 도달  793 | 차단 1549 | 정지 0.88 최장  10
Ep 37 | 배송 30/50 | 재적재 4 | 도착  37 | 2홉+ 0.61 | 도달  745 | 차단 1192 | 정지 0.42 최장   4
Ep 38 | 배송 23/50 | 재적재 1 | 도착  25 | 2홉+ 0.64 | 도달  640 | 차단 2333 | 정지 0.75 최장  16
Ep 39 | 배송 23/50 | 재적재 4 | 도착  25 | 2홉+ 0.67 | 도달  692 | 차단 1865 | 정지 0.21 최장  11
Ep 40 | 배송 21/50 | 재적재 2 | 도착  24 | 2홉+ 0.52 | 도달  582 | 차단 1475 | 정지 0.11 최장   5
Ep 41 | 배송 27/50 | 재적재 4 | 도착  31 | 2홉+ 0.53 | 도달  825 | 차단 1370 | 정지 0.06 최장  27
Ep 42 | 배송 22/50 | 재적재 3 | 도착  28 | 2홉+ 0.62 | 도달  640 | 차단 1324 | 정지 0.41 최장   6
Ep 43 | 배송 24/50 | 재적재 2 | 도착  26 | 2홉+ 0.56 | 도달  757 | 차단 1936 | 정지 0.32 최장  10
Ep 44 | 배송 30/50 | 재적재 4 | 도착  34 | 2홉+ 0.53 | 도달  728 | 차단 1323 | 정지 0.31 최장   8
Ep 45 | 배송 21/50 | 재적재 3 | 도착  23 | 2홉+ 0.60 | 도달  867 | 차단 2229 | 정지 0.86 최장  25
Ep 46 | 배송 20/50 | 재적재 2 | 도착  22 | 2홉+ 0.50 | 도달  633 | 차단 1666 | 정지 0.33 최장   5
Ep 47 | 배송 27/50 | 재적재 4 | 도착  29 | 2홉+ 0.58 | 도달  741 | 차단 1394 | 정지 0.59 최장   4
Ep 48 | 배송 29/50 | 재적재 4 | 도착  36 | 2홉+ 0.68 | 도달  769 | 차단 2097 | 정지 0.18 최장  58
Ep 49 | 배송 22/50 | 재적재 3 | 도착  31 | 2홉+ 0.49 | 도달  681 | 차단  971 | 정지 0.42 최장   5
Ep 50 | 배송 31/50 | 재적재 5 | 도착  35 | 2홉+ 0.60 | 도달  751 | 차단  860 | 정지 0.17 최장   4
  [홀드아웃] 배송 14.8±5.7 재적재 0.8 2홉+ 0.67 | 최고 14.8@ep50 정체 0/15  ← 갱신
Ep 51 | 배송 38/50 | 재적재 6 | 도착  42 | 2홉+ 0.64 | 도달  800 | 차단 1232 | 정지 0.27 최장  10
Ep 52 | 배송 36/50 | 재적재 7 | 도착  44 | 2홉+ 0.64 | 도달  817 | 차단 1287 | 정지 0.31 최장  51
Ep 53 | 배송 33/50 | 재적재 5 | 도착  39 | 2홉+ 0.61 | 도달  764 | 차단 1282 | 정지 0.08 최장   4
Ep 54 | 배송 36/50 | 재적재 5 | 도착  40 | 2홉+ 0.64 | 도달  824 | 차단  925 | 정지 0.76 최장  11
Ep 55 | 배송 28/50 | 재적재 3 | 도착  34 | 2홉+ 0.59 | 도달  691 | 차단 1484 | 정지 0.06 최장   7
Ep 56 | 배송 21/50 | 재적재 2 | 도착  23 | 2홉+ 0.55 | 도달  613 | 차단 2188 | 정지 0.51 최장  12
Ep 57 | 배송 29/50 | 재적재 4 | 도착  36 | 2홉+ 0.62 | 도달  727 | 차단 1694 | 정지 0.13 최장   4
Ep 58 | 배송 33/50 | 재적재 5 | 도착  40 | 2홉+ 0.63 | 도달  895 | 차단 1025 | 정지 0.82 최장   4
Ep 59 | 배송 35/50 | 재적재 4 | 도착  41 | 2홉+ 0.66 | 도달  802 | 차단 1430 | 정지 0.27 최장  11
Ep 60 | 배송 32/50 | 재적재 4 | 도착  36 | 2홉+ 0.67 | 도달  836 | 차단 1626 | 정지 0.22 최장  57
Ep 61 | 배송 34/50 | 재적재 5 | 도착  41 | 2홉+ 0.60 | 도달  846 | 차단 1208 | 정지 0.47 최장   7
Ep 62 | 배송 31/50 | 재적재 4 | 도착  36 | 2홉+ 0.66 | 도달  856 | 차단 1830 | 정지 0.89 최장  19
Ep 63 | 배송 28/50 | 재적재 4 | 도착  36 | 2홉+ 0.63 | 도달  748 | 차단 1614 | 정지 0.52 최장  17
Ep 64 | 배송 26/50 | 재적재 3 | 도착  31 | 2홉+ 0.58 | 도달  680 | 차단 1706 | 정지 0.76 최장   7
Ep 65 | 배송 29/50 | 재적재 4 | 도착  34 | 2홉+ 0.58 | 도달  774 | 차단 1306 | 정지 0.36 최장   8
Ep 66 | 배송 27/50 | 재적재 3 | 도착  32 | 2홉+ 0.65 | 도달  798 | 차단 1706 | 정지 0.23 최장   9
Ep 67 | 배송 26/50 | 재적재 4 | 도착  30 | 2홉+ 0.54 | 도달  700 | 차단 1770 | 정지 0.19 최장   7
Ep 68 | 배송 31/50 | 재적재 4 | 도착  35 | 2홉+ 0.62 | 도달  845 | 차단 1257 | 정지 0.27 최장   7
Ep 69 | 배송 36/50 | 재적재 4 | 도착  42 | 2홉+ 0.68 | 도달  833 | 차단 1153 | 정지 0.70 최장   2
Ep 70 | 배송 37/50 | 재적재 6 | 도착  43 | 2홉+ 0.62 | 도달  890 | 차단 1396 | 정지 0.65 최장  10
Ep 71 | 배송 27/50 | 재적재 3 | 도착  35 | 2홉+ 0.51 | 도달  720 | 차단  875 | 정지 0.26 최장   4
Ep 72 | 배송 26/50 | 재적재 3 | 도착  29 | 2홉+ 0.66 | 도달  757 | 차단 1468 | 정지 0.60 최장  13
Ep 73 | 배송 29/50 | 재적재 3 | 도착  32 | 2홉+ 0.62 | 도달  814 | 차단 2037 | 정지 0.92 최장  16
Ep 74 | 배송 19/50 | 재적재 2 | 도착  23 | 2홉+ 0.49 | 도달  653 | 차단 2043 | 정지 0.57 최장  12
Ep 75 | 배송 22/50 | 재적재 3 | 도착  23 | 2홉+ 0.60 | 도달  687 | 차단 1630 | 정지 0.12 최장   8
Ep 76 | 배송 35/50 | 재적재 5 | 도착  39 | 2홉+ 0.62 | 도달  843 | 차단 1164 | 정지 0.58 최장   5
Ep 77 | 배송 20/50 | 재적재 1 | 도착  21 | 2홉+ 0.41 | 도달  677 | 차단  918 | 정지 0.05 최장   3
Ep 78 | 배송 23/50 | 재적재 3 | 도착  26 | 2홉+ 0.57 | 도달  744 | 차단 2461 | 정지 0.85 최장  17
Ep 79 | 배송 37/50 | 재적재 7 | 도착  43 | 2홉+ 0.63 | 도달  804 | 차단  793 | 정지 0.13 최장  10
Ep 80 | 배송 29/50 | 재적재 3 | 도착  30 | 2홉+ 0.67 | 도달  758 | 차단 1210 | 정지 0.44 최장   6
Ep 81 | 배송 27/50 | 재적재 3 | 도착  29 | 2홉+ 0.55 | 도달  758 | 차단  553 | 정지 0.48 최장   3
Ep 82 | 배송 28/50 | 재적재 3 | 도착  29 | 2홉+ 0.68 | 도달  729 | 차단 1937 | 정지 0.56 최장   9
Ep 83 | 배송 31/50 | 재적재 4 | 도착  37 | 2홉+ 0.62 | 도달  759 | 차단 1490 | 정지 0.41 최장   9
Ep 84 | 배송 28/50 | 재적재 3 | 도착  31 | 2홉+ 0.63 | 도달  860 | 차단 1382 | 정지 0.70 최장  12
Ep 85 | 배송 25/50 | 재적재 5 | 도착  34 | 2홉+ 0.56 | 도달  674 | 차단 1797 | 정지 0.41 최장   7
Ep 86 | 배송 27/50 | 재적재 4 | 도착  33 | 2홉+ 0.66 | 도달  730 | 차단 1665 | 정지 0.61 최장   4
Ep 87 | 배송 37/50 | 재적재 7 | 도착  47 | 2홉+ 0.64 | 도달  949 | 차단  839 | 정지 0.28 최장   3
Ep 88 | 배송 25/50 | 재적재 3 | 도착  29 | 2홉+ 0.48 | 도달  714 | 차단 1168 | 정지 0.25 최장   6
Ep 89 | 배송 30/50 | 재적재 4 | 도착  31 | 2홉+ 0.60 | 도달  944 | 차단  667 | 정지 0.04 최장   3
Ep 90 | 배송 32/50 | 재적재 4 | 도착  37 | 2홉+ 0.57 | 도달  802 | 차단  965 | 정지 0.06 최장   3
Ep 91 | 배송 31/50 | 재적재 3 | 도착  36 | 2홉+ 0.66 | 도달  870 | 차단  934 | 정지 0.13 최장   6
Ep 92 | 배송 26/50 | 재적재 3 | 도착  30 | 2홉+ 0.65 | 도달  753 | 차단 2386 | 정지 0.61 최장 153
Ep 93 | 배송 37/50 | 재적재 5 | 도착  44 | 2홉+ 0.58 | 도달  803 | 차단  763 | 정지 0.25 최장   6
Ep 94 | 배송 28/50 | 재적재 3 | 도착  31 | 2홉+ 0.61 | 도달  716 | 차단 1735 | 정지 0.88 최장   7
Ep 95 | 배송 24/50 | 재적재 3 | 도착  28 | 2홉+ 0.62 | 도달  860 | 차단 1922 | 정지 0.95 최장  43
Ep 96 | 배송 26/50 | 재적재 3 | 도착  29 | 2홉+ 0.65 | 도달  730 | 차단 1883 | 정지 0.31 최장   4
Ep 97 | 배송 38/50 | 재적재 4 | 도착  42 | 2홉+ 0.63 | 도달  866 | 차단 1150 | 정지 0.40 최장   4
Ep 98 | 배송 32/50 | 재적재 4 | 도착  36 | 2홉+ 0.60 | 도달  828 | 차단  877 | 정지 0.40 최장   2
Ep 99 | 배송 23/50 | 재적재 4 | 도착  30 | 2홉+ 0.62 | 도달  656 | 차단 1832 | 정지 0.81 최장   8
Ep 100 | 배송 35/50 | 재적재 4 | 도착  39 | 2홉+ 0.61 | 도달  760 | 차단 1114 | 정지 0.23 최장   6
  [홀드아웃] 배송 22.3±8.1 재적재 2.3 2홉+ 0.55 | 최고 22.3@ep100 정체 0/15  ← 갱신
Ep 101 | 배송 37/50 | 재적재 6 | 도착  44 | 2홉+ 0.62 | 도달  867 | 차단  901 | 정지 0.97 최장  32
Ep 102 | 배송 27/50 | 재적재 3 | 도착  28 | 2홉+ 0.68 | 도달  770 | 차단 2051 | 정지 0.91 최장  60
Ep 103 | 배송 27/50 | 재적재 3 | 도착  29 | 2홉+ 0.54 | 도달  719 | 차단 1269 | 정지 0.58 최장   4
Ep 104 | 배송 38/50 | 재적재 6 | 도착  44 | 2홉+ 0.62 | 도달  852 | 차단  682 | 정지 0.44 최장   2
Ep 105 | 배송 34/50 | 재적재 6 | 도착  41 | 2홉+ 0.59 | 도달  836 | 차단 1152 | 정지 0.68 최장  20
Ep 106 | 배송 34/50 | 재적재 4 | 도착  37 | 2홉+ 0.66 | 도달  796 | 차단 1326 | 정지 0.38 최장   4
Ep 107 | 배송 40/50 | 재적재 7 | 도착  48 | 2홉+ 0.59 | 도달 1016 | 차단  574 | 정지 0.24 최장   4
Ep 108 | 배송 31/50 | 재적재 4 | 도착  35 | 2홉+ 0.59 | 도달  759 | 차단  995 | 정지 0.30 최장  26
Ep 109 | 배송 29/50 | 재적재 5 | 도착  32 | 2홉+ 0.52 | 도달  738 | 차단  707 | 정지 0.17 최장   2
Ep 110 | 배송 21/50 | 재적재 3 | 도착  25 | 2홉+ 0.44 | 도달  570 | 차단  882 | 정지 0.32 최장   2
Ep 111 | 배송 35/50 | 재적재 4 | 도착  39 | 2홉+ 0.66 | 도달  853 | 차단 1256 | 정지 0.65 최장   4
Ep 112 | 배송 29/50 | 재적재 5 | 도착  34 | 2홉+ 0.56 | 도달  732 | 차단 1170 | 정지 0.15 최장   7
Ep 113 | 배송 39/50 | 재적재 6 | 도착  47 | 2홉+ 0.64 | 도달  901 | 차단 1117 | 정지 0.83 최장  10
Ep 114 | 배송 30/50 | 재적재 3 | 도착  34 | 2홉+ 0.67 | 도달  751 | 차단 1435 | 정지 0.65 최장   4
Ep 115 | 배송 35/50 | 재적재 6 | 도착  40 | 2홉+ 0.56 | 도달  760 | 차단  818 | 정지 0.17 최장   6
Ep 116 | 배송 33/50 | 재적재 4 | 도착  38 | 2홉+ 0.65 | 도달  817 | 차단 1035 | 정지 0.21 최장   8
Ep 117 | 배송 37/50 | 재적재 5 | 도착  42 | 2홉+ 0.59 | 도달  880 | 차단  624 | 정지 0.45 최장   3
Ep 118 | 배송 33/50 | 재적재 4 | 도착  38 | 2홉+ 0.61 | 도달  881 | 차단 1225 | 정지 0.81 최장   4
Ep 119 | 배송 24/50 | 재적재 3 | 도착  27 | 2홉+ 0.60 | 도달  636 | 차단 1132 | 정지 0.70 최장   3
Ep 120 | 배송 31/50 | 재적재 4 | 도착  38 | 2홉+ 0.65 | 도달  788 | 차단  725 | 정지 0.13 최장   6
Ep 121 | 배송 32/50 | 재적재 4 | 도착  37 | 2홉+ 0.63 | 도달  830 | 차단 1069 | 정지 0.41 최장   3
Ep 122 | 배송 39/50 | 재적재 6 | 도착  46 | 2홉+ 0.63 | 도달  884 | 차단  810 | 정지 0.40 최장   8
Ep 123 | 배송 34/50 | 재적재 6 | 도착  40 | 2홉+ 0.56 | 도달  802 | 차단 1080 | 정지 0.69 최장   8
Ep 124 | 배송 40/50 | 재적재 7 | 도착  48 | 2홉+ 0.62 | 도달  842 | 차단  595 | 정지 0.29 최장   4
Ep 125 | 배송 32/50 | 재적재 4 | 도착  34 | 2홉+ 0.67 | 도달  864 | 차단 1705 | 정지 0.26 최장  25
Ep 126 | 배송 29/50 | 재적재 4 | 도착  33 | 2홉+ 0.58 | 도달  827 | 차단 1471 | 정지 0.49 최장   7
Ep 127 | 배송 39/50 | 재적재 5 | 도착  46 | 2홉+ 0.63 | 도달  912 | 차단  935 | 정지 0.68 최장   6
Ep 128 | 배송 31/50 | 재적재 4 | 도착  36 | 2홉+ 0.59 | 도달  749 | 차단 1197 | 정지 0.51 최장   4
Ep 129 | 배송 27/50 | 재적재 4 | 도착  32 | 2홉+ 0.49 | 도달  684 | 차단 1584 | 정지 0.63 최장  12
Ep 130 | 배송 35/50 | 재적재 5 | 도착  40 | 2홉+ 0.54 | 도달  840 | 차단  953 | 정지 0.79 최장   7
Ep 131 | 배송 35/50 | 재적재 4 | 도착  39 | 2홉+ 0.66 | 도달  771 | 차단 1003 | 정지 0.11 최장   6
Ep 132 | 배송 28/50 | 재적재 5 | 도착  33 | 2홉+ 0.49 | 도달  701 | 차단  832 | 정지 0.00 최장   7
Ep 133 | 배송 37/50 | 재적재 5 | 도착  42 | 2홉+ 0.55 | 도달  825 | 차단  688 | 정지 0.47 최장   2
Ep 134 | 배송 35/50 | 재적재 6 | 도착  41 | 2홉+ 0.63 | 도달  853 | 차단  706 | 정지 0.04 최장   4
Ep 135 | 배송 33/50 | 재적재 5 | 도착  36 | 2홉+ 0.60 | 도달  837 | 차단  965 | 정지 0.23 최장   3
Ep 136 | 배송 31/50 | 재적재 5 | 도착  37 | 2홉+ 0.54 | 도달  898 | 차단  859 | 정지 0.35 최장   3
Ep 137 | 배송 34/50 | 재적재 4 | 도착  37 | 2홉+ 0.64 | 도달  909 | 차단 1351 | 정지 0.14 최장  25
Ep 138 | 배송 33/50 | 재적재 4 | 도착  37 | 2홉+ 0.53 | 도달  841 | 차단  742 | 정지 0.67 최장   6
Ep 139 | 배송 26/50 | 재적재 3 | 도착  28 | 2홉+ 0.69 | 도달  979 | 차단 2372 | 정지 0.93 최장  53
Ep 140 | 배송 26/50 | 재적재 4 | 도착  30 | 2홉+ 0.55 | 도달  833 | 차단 1374 | 정지 0.50 최장   6
Ep 141 | 배송 31/50 | 재적재 5 | 도착  37 | 2홉+ 0.62 | 도달  749 | 차단  988 | 정지 0.31 최장   3
Ep 142 | 배송 36/50 | 재적재 5 | 도착  38 | 2홉+ 0.61 | 도달  833 | 차단 1100 | 정지 0.10 최장  10
Ep 143 | 배송 36/50 | 재적재 7 | 도착  42 | 2홉+ 0.64 | 도달  805 | 차단  820 | 정지 0.03 최장   3
Ep 144 | 배송 37/50 | 재적재 5 | 도착  43 | 2홉+ 0.59 | 도달  862 | 차단  946 | 정지 0.21 최장   3
Ep 145 | 배송 40/50 | 재적재 6 | 도착  44 | 2홉+ 0.61 | 도달  884 | 차단  842 | 정지 0.07 최장   5
Ep 146 | 배송 40/50 | 재적재 6 | 도착  46 | 2홉+ 0.60 | 도달  968 | 차단  763 | 정지 0.31 최장   5
Ep 147 | 배송 40/50 | 재적재 7 | 도착  49 | 2홉+ 0.64 | 도달  915 | 차단  530 | 정지 0.04 최장   2
Ep 148 | 배송 38/50 | 재적재 6 | 도착  44 | 2홉+ 0.60 | 도달  875 | 차단 1001 | 정지 0.24 최장   5
Ep 149 | 배송 39/50 | 재적재 5 | 도착  44 | 2홉+ 0.61 | 도달  804 | 차단  976 | 정지 0.49 최장   7
Ep 150 | 배송 39/50 | 재적재 6 | 도착  47 | 2홉+ 0.60 | 도달  971 | 차단  584 | 정지 0.02 최장   2
  [홀드아웃] 배송 22.2±9.3 재적재 2.5 2홉+ 0.54 | 최고 22.3@ep100 정체 1/15
Ep 151 | 배송 37/50 | 재적재 5 | 도착  44 | 2홉+ 0.62 | 도달  937 | 차단 1026 | 정지 0.41 최장   6
Ep 152 | 배송 34/50 | 재적재 5 | 도착  38 | 2홉+ 0.59 | 도달  737 | 차단  700 | 정지 0.11 최장   2
Ep 153 | 배송 35/50 | 재적재 5 | 도착  39 | 2홉+ 0.63 | 도달  861 | 차단 1254 | 정지 0.47 최장   3
Ep 154 | 배송 30/50 | 재적재 4 | 도착  34 | 2홉+ 0.54 | 도달  773 | 차단 1156 | 정지 0.17 최장   7
Ep 155 | 배송 33/50 | 재적재 4 | 도착  38 | 2홉+ 0.67 | 도달  811 | 차단 1374 | 정지 0.97 최장  20
Ep 156 | 배송 40/50 | 재적재 6 | 도착  48 | 2홉+ 0.62 | 도달  863 | 차단  752 | 정지 0.01 최장   3
Ep 157 | 배송 32/50 | 재적재 5 | 도착  37 | 2홉+ 0.61 | 도달  757 | 차단  865 | 정지 0.02 최장  15
Ep 158 | 배송 29/50 | 재적재 4 | 도착  34 | 2홉+ 0.67 | 도달  924 | 차단  995 | 정지 0.54 최장   5
Ep 159 | 배송 25/50 | 재적재 2 | 도착  27 | 2홉+ 0.70 | 도달  890 | 차단 1745 | 정지 0.67 최장   9
Ep 160 | 배송 35/50 | 재적재 5 | 도착  38 | 2홉+ 0.64 | 도달  783 | 차단 1011 | 정지 0.45 최장   6
Ep 161 | 배송 34/50 | 재적재 4 | 도착  39 | 2홉+ 0.67 | 도달  791 | 차단 1251 | 정지 0.68 최장   5
Ep 162 | 배송 28/50 | 재적재 4 | 도착  34 | 2홉+ 0.60 | 도달  762 | 차단 1263 | 정지 0.14 최장  37
Ep 163 | 배송 32/50 | 재적재 5 | 도착  36 | 2홉+ 0.60 | 도달  786 | 차단 1279 | 정지 0.59 최장  12
Ep 164 | 배송 34/50 | 재적재 4 | 도착  41 | 2홉+ 0.65 | 도달  782 | 차단 1064 | 정지 0.05 최장   5
Ep 165 | 배송 28/50 | 재적재 4 | 도착  31 | 2홉+ 0.47 | 도달  677 | 차단  698 | 정지 0.40 최장   4
Ep 166 | 배송 35/50 | 재적재 5 | 도착  42 | 2홉+ 0.64 | 도달  777 | 차단  629 | 정지 0.08 최장   8
Ep 167 | 배송 35/50 | 재적재 4 | 도착  41 | 2홉+ 0.61 | 도달  839 | 차단  878 | 정지 0.69 최장   4
Ep 168 | 배송 34/50 | 재적재 5 | 도착  39 | 2홉+ 0.61 | 도달  779 | 차단  931 | 정지 0.34 최장   9
Ep 169 | 배송 38/50 | 재적재 5 | 도착  44 | 2홉+ 0.60 | 도달  929 | 차단  788 | 정지 0.73 최장   3
Ep 170 | 배송 27/50 | 재적재 4 | 도착  30 | 2홉+ 0.59 | 도달  758 | 차단 1629 | 정지 0.60 최장   8
Ep 171 | 배송 35/50 | 재적재 4 | 도착  38 | 2홉+ 0.67 | 도달 1056 | 차단 1567 | 정지 0.73 최장   7
Ep 172 | 배송 35/50 | 재적재 5 | 도착  38 | 2홉+ 0.63 | 도달  907 | 차단 1286 | 정지 0.64 최장   4
Ep 173 | 배송 29/50 | 재적재 3 | 도착  34 | 2홉+ 0.66 | 도달  764 | 차단 1740 | 정지 0.30 최장  13
Ep 174 | 배송 33/50 | 재적재 6 | 도착  40 | 2홉+ 0.64 | 도달  830 | 차단  758 | 정지 0.58 최장   3
Ep 175 | 배송 38/50 | 재적재 6 | 도착  45 | 2홉+ 0.64 | 도달  997 | 차단  995 | 정지 0.74 최장  34
Ep 176 | 배송 27/50 | 재적재 3 | 도착  30 | 2홉+ 0.61 | 도달  857 | 차단 1713 | 정지 0.84 최장  20
Ep 177 | 배송 33/50 | 재적재 6 | 도착  39 | 2홉+ 0.64 | 도달  763 | 차단 1138 | 정지 0.19 최장   3
Ep 178 | 배송 31/50 | 재적재 5 | 도착  36 | 2홉+ 0.59 | 도달  784 | 차단 1278 | 정지 0.34 최장   6
Ep 179 | 배송 27/50 | 재적재 3 | 도착  29 | 2홉+ 0.66 | 도달  993 | 차단 1569 | 정지 0.94 최장  17
Ep 180 | 배송 21/50 | 재적재 3 | 도착  24 | 2홉+ 0.66 | 도달  733 | 차단 1015 | 정지 0.65 최장   2
Ep 181 | 배송 39/50 | 재적재 6 | 도착  43 | 2홉+ 0.65 | 도달  929 | 차단  931 | 정지 0.45 최장   4
Ep 182 | 배송 36/50 | 재적재 6 | 도착  39 | 2홉+ 0.63 | 도달  844 | 차단  781 | 정지 0.15 최장  11
Ep 183 | 배송 39/50 | 재적재 6 | 도착  45 | 2홉+ 0.59 | 도달  872 | 차단  770 | 정지 0.48 최장   5
Ep 184 | 배송 35/50 | 재적재 5 | 도착  38 | 2홉+ 0.62 | 도달  745 | 차단  687 | 정지 0.20 최장   6
Ep 185 | 배송 31/50 | 재적재 4 | 도착  35 | 2홉+ 0.62 | 도달 1046 | 차단 1421 | 정지 0.73 최장   7
Ep 186 | 배송 33/50 | 재적재 4 | 도착  37 | 2홉+ 0.64 | 도달  940 | 차단 1011 | 정지 0.44 최장   3
Ep 187 | 배송 34/50 | 재적재 4 | 도착  39 | 2홉+ 0.57 | 도달  782 | 차단  703 | 정지 0.71 최장   3
Ep 188 | 배송 40/50 | 재적재 6 | 도착  48 | 2홉+ 0.64 | 도달  921 | 차단  770 | 정지 0.15 최장   7
Ep 189 | 배송 39/50 | 재적재 5 | 도착  47 | 2홉+ 0.62 | 도달  832 | 차단  663 | 정지 0.27 최장   5
Ep 190 | 배송 32/50 | 재적재 4 | 도착  34 | 2홉+ 0.63 | 도달 1050 | 차단 1745 | 정지 0.98 최장  42
Ep 191 | 배송 40/50 | 재적재 7 | 도착  48 | 2홉+ 0.62 | 도달  856 | 차단  892 | 정지 0.01 최장   3
Ep 192 | 배송 32/50 | 재적재 5 | 도착  35 | 2홉+ 0.66 | 도달  769 | 차단 1092 | 정지 0.78 최장   4
Ep 193 | 배송 39/50 | 재적재 6 | 도착  42 | 2홉+ 0.64 | 도달  993 | 차단  753 | 정지 0.52 최장   7
Ep 194 | 배송 30/50 | 재적재 4 | 도착  31 | 2홉+ 0.63 | 도달  920 | 차단 1235 | 정지 0.43 최장   4
Ep 195 | 배송 33/50 | 재적재 4 | 도착  39 | 2홉+ 0.57 | 도달  948 | 차단  982 | 정지 0.61 최장   5
Ep 196 | 배송 32/50 | 재적재 4 | 도착  34 | 2홉+ 0.63 | 도달  894 | 차단 1588 | 정지 0.15 최장  33
Ep 197 | 배송 34/50 | 재적재 4 | 도착  39 | 2홉+ 0.59 | 도달  864 | 차단  746 | 정지 0.36 최장   3
Ep 198 | 배송 32/50 | 재적재 4 | 도착  36 | 2홉+ 0.66 | 도달  845 | 차단 1454 | 정지 0.11 최장   7
Ep 199 | 배송 35/50 | 재적재 4 | 도착  40 | 2홉+ 0.64 | 도달  899 | 차단 1059 | 정지 0.01 최장   9
Ep 200 | 배송 39/50 | 재적재 6 | 도착  45 | 2홉+ 0.63 | 도달  960 | 차단  695 | 정지 0.46 최장  10
  [홀드아웃] 배송 19.3±7.8 재적재 1.8 2홉+ 0.56 | 최고 22.3@ep100 정체 2/15
Ep 201 | 배송 36/50 | 재적재 6 | 도착  38 | 2홉+ 0.63 | 도달  876 | 차단  790 | 정지 0.27 최장   5
Ep 202 | 배송 40/50 | 재적재 5 | 도착  45 | 2홉+ 0.64 | 도달  926 | 차단  953 | 정지 0.52 최장   6
Ep 203 | 배송 28/50 | 재적재 4 | 도착  34 | 2홉+ 0.56 | 도달  805 | 차단  774 | 정지 0.25 최장  10
Ep 204 | 배송 32/50 | 재적재 4 | 도착  33 | 2홉+ 0.64 | 도달 1001 | 차단  580 | 정지 0.09 최장   4
Ep 205 | 배송 38/50 | 재적재 5 | 도착  42 | 2홉+ 0.62 | 도달  885 | 차단  835 | 정지 0.69 최장   8
Ep 206 | 배송 37/50 | 재적재 5 | 도착  41 | 2홉+ 0.64 | 도달  985 | 차단 1121 | 정지 0.63 최장   6
Ep 207 | 배송 28/50 | 재적재 4 | 도착  29 | 2홉+ 0.68 | 도달  850 | 차단 1215 | 정지 0.46 최장   3
Ep 208 | 배송 32/50 | 재적재 4 | 도착  31 | 2홉+ 0.60 | 도달 1002 | 차단 1188 | 정지 0.27 최장   4
Ep 209 | 배송 21/50 | 재적재 2 | 도착  22 | 2홉+ 0.64 | 도달  656 | 차단 2147 | 정지 0.54 최장  64
Ep 210 | 배송 29/50 | 재적재 3 | 도착  32 | 2홉+ 0.58 | 도달  707 | 차단 1250 | 정지 0.07 최장   6
Ep 211 | 배송 19/50 | 재적재 0 | 도착  19 | 2홉+ 0.38 | 도달  667 | 차단  176 | 정지 0.16 최장   1
Ep 212 | 배송 34/50 | 재적재 4 | 도착  36 | 2홉+ 0.57 | 도달  828 | 차단  781 | 정지 0.41 최장   3
Ep 213 | 배송 27/50 | 재적재 3 | 도착  31 | 2홉+ 0.55 | 도달  870 | 차단 1714 | 정지 0.79 최장   4
Ep 214 | 배송 31/50 | 재적재 4 | 도착  36 | 2홉+ 0.52 | 도달  946 | 차단 1210 | 정지 0.14 최장   6
Ep 215 | 배송 38/50 | 재적재 5 | 도착  43 | 2홉+ 0.63 | 도달  848 | 차단  850 | 정지 0.23 최장   3
Ep 216 | 배송 36/50 | 재적재 4 | 도착  39 | 2홉+ 0.62 | 도달  863 | 차단  743 | 정지 0.70 최장   5
Ep 217 | 배송 25/50 | 재적재 3 | 도착  28 | 2홉+ 0.49 | 도달  639 | 차단  277 | 정지 0.04 최장   3
Ep 218 | 배송 35/50 | 재적재 5 | 도착  39 | 2홉+ 0.62 | 도달  852 | 차단  599 | 정지 0.20 최장   6
Ep 219 | 배송 36/50 | 재적재 5 | 도착  37 | 2홉+ 0.61 | 도달  854 | 차단  864 | 정지 0.83 최장   3
Ep 220 | 배송 39/50 | 재적재 6 | 도착  45 | 2홉+ 0.62 | 도달  920 | 차단  898 | 정지 0.49 최장   9
Ep 221 | 배송 30/50 | 재적재 4 | 도착  33 | 2홉+ 0.67 | 도달  878 | 차단  731 | 정지 0.20 최장   3
Ep 222 | 배송 26/50 | 재적재 3 | 도착  29 | 2홉+ 0.66 | 도달  903 | 차단 1477 | 정지 0.44 최장   4
Ep 223 | 배송 38/50 | 재적재 6 | 도착  42 | 2홉+ 0.60 | 도달  819 | 차단  838 | 정지 0.56 최장   6
Ep 224 | 배송 30/50 | 재적재 5 | 도착  34 | 2홉+ 0.48 | 도달  765 | 차단  565 | 정지 0.32 최장   7
Ep 225 | 배송 33/50 | 재적재 5 | 도착  41 | 2홉+ 0.61 | 도달  829 | 차단  742 | 정지 0.30 최장   4
Ep 226 | 배송 34/50 | 재적재 5 | 도착  41 | 2홉+ 0.56 | 도달  763 | 차단  938 | 정지 0.72 최장   8
Ep 227 | 배송 34/50 | 재적재 4 | 도착  36 | 2홉+ 0.63 | 도달  848 | 차단  842 | 정지 0.31 최장  10
Ep 228 | 배송 32/50 | 재적재 4 | 도착  35 | 2홉+ 0.59 | 도달  876 | 차단 1048 | 정지 0.22 최장   3
Ep 229 | 배송 39/50 | 재적재 5 | 도착  45 | 2홉+ 0.59 | 도달  873 | 차단  910 | 정지 0.21 최장   3
Ep 230 | 배송 36/50 | 재적재 5 | 도착  39 | 2홉+ 0.59 | 도달  798 | 차단  640 | 정지 0.05 최장   2
Ep 231 | 배송 39/50 | 재적재 5 | 도착  42 | 2홉+ 0.62 | 도달  868 | 차단  724 | 정지 0.55 최장   3
Ep 232 | 배송 20/50 | 재적재 1 | 도착  21 | 2홉+ 0.33 | 도달  628 | 차단  263 | 정지 0.05 최장   2
Ep 233 | 배송 36/50 | 재적재 5 | 도착  36 | 2홉+ 0.57 | 도달  936 | 차단  917 | 정지 0.19 최장  10
Ep 234 | 배송 31/50 | 재적재 5 | 도착  35 | 2홉+ 0.62 | 도달  827 | 차단 1007 | 정지 0.22 최장   4
Ep 235 | 배송 34/50 | 재적재 5 | 도착  37 | 2홉+ 0.54 | 도달  790 | 차단 1099 | 정지 0.03 최장   8
Ep 236 | 배송 35/50 | 재적재 5 | 도착  40 | 2홉+ 0.64 | 도달  867 | 차단  679 | 정지 0.14 최장   2
Ep 237 | 배송 33/50 | 재적재 6 | 도착  41 | 2홉+ 0.56 | 도달  733 | 차단  578 | 정지 0.14 최장   2
Ep 238 | 배송 33/50 | 재적재 5 | 도착  39 | 2홉+ 0.62 | 도달  950 | 차단 1138 | 정지 0.06 최장   8
Ep 239 | 배송 33/50 | 재적재 5 | 도착  38 | 2홉+ 0.62 | 도달  844 | 차단  926 | 정지 0.51 최장   6
Ep 240 | 배송 36/50 | 재적재 6 | 도착  44 | 2홉+ 0.56 | 도달  791 | 차단  654 | 정지 0.14 최장   6
Ep 241 | 배송 34/50 | 재적재 4 | 도착  37 | 2홉+ 0.57 | 도달  808 | 차단 1012 | 정지 0.36 최장  10
Ep 242 | 배송 39/50 | 재적재 5 | 도착  43 | 2홉+ 0.62 | 도달  889 | 차단  487 | 정지 0.12 최장   2
Ep 243 | 배송 37/50 | 재적재 6 | 도착  42 | 2홉+ 0.59 | 도달  761 | 차단  505 | 정지 0.08 최장   9
Ep 244 | 배송 33/50 | 재적재 4 | 도착  37 | 2홉+ 0.60 | 도달  802 | 차단  627 | 정지 0.53 최장   2
Ep 245 | 배송 38/50 | 재적재 7 | 도착  49 | 2홉+ 0.61 | 도달  796 | 차단  699 | 정지 0.11 최장   5
Ep 246 | 배송 36/50 | 재적재 4 | 도착  40 | 2홉+ 0.64 | 도달  908 | 차단  589 | 정지 0.52 최장   5
Ep 247 | 배송 37/50 | 재적재 5 | 도착  42 | 2홉+ 0.60 | 도달  850 | 차단  788 | 정지 0.20 최장   3
Ep 248 | 배송 34/50 | 재적재 6 | 도착  41 | 2홉+ 0.61 | 도달  781 | 차단  765 | 정지 0.03 최장   3
Ep 249 | 배송 34/50 | 재적재 4 | 도착  38 | 2홉+ 0.63 | 도달  908 | 차단 1109 | 정지 0.24 최장   3
Ep 250 | 배송 31/50 | 재적재 4 | 도착  36 | 2홉+ 0.61 | 도달  707 | 차단  692 | 정지 0.19 최장   2
  [홀드아웃] 배송 17.7±8.5 재적재 1.4 2홉+ 0.59 | 최고 22.3@ep100 정체 3/15
Ep 251 | 배송 33/50 | 재적재 4 | 도착  37 | 2홉+ 0.62 | 도달  821 | 차단  696 | 정지 0.47 최장   3
Ep 252 | 배송 34/50 | 재적재 5 | 도착  39 | 2홉+ 0.63 | 도달  852 | 차단  623 | 정지 0.00 최장   3
Ep 253 | 배송 31/50 | 재적재 4 | 도착  35 | 2홉+ 0.62 | 도달  798 | 차단  881 | 정지 0.29 최장   3
Ep 254 | 배송 36/50 | 재적재 5 | 도착  39 | 2홉+ 0.63 | 도달  762 | 차단  787 | 정지 0.67 최장   3
Ep 255 | 배송 29/50 | 재적재 5 | 도착  35 | 2홉+ 0.63 | 도달  717 | 차단  602 | 정지 0.28 최장   7
Ep 256 | 배송 35/50 | 재적재 6 | 도착  40 | 2홉+ 0.59 | 도달  736 | 차단  574 | 정지 0.25 최장   5
Ep 257 | 배송 35/50 | 재적재 4 | 도착  40 | 2홉+ 0.65 | 도달  896 | 차단  612 | 정지 0.02 최장   4
Ep 258 | 배송 34/50 | 재적재 4 | 도착  39 | 2홉+ 0.61 | 도달  862 | 차단  437 | 정지 0.02 최장   2
Ep 259 | 배송 34/50 | 재적재 6 | 도착  38 | 2홉+ 0.63 | 도달  810 | 차단  491 | 정지 0.02 최장   6
Ep 260 | 배송 34/50 | 재적재 4 | 도착  36 | 2홉+ 0.64 | 도달  998 | 차단  775 | 정지 0.04 최장   4
Ep 261 | 배송 34/50 | 재적재 5 | 도착  37 | 2홉+ 0.62 | 도달  812 | 차단  779 | 정지 0.21 최장   2
Ep 262 | 배송 36/50 | 재적재 5 | 도착  44 | 2홉+ 0.63 | 도달  811 | 차단  822 | 정지 0.14 최장   6
Ep 263 | 배송 33/50 | 재적재 5 | 도착  34 | 2홉+ 0.57 | 도달  823 | 차단  739 | 정지 0.04 최장   6
Ep 264 | 배송 35/50 | 재적재 6 | 도착  40 | 2홉+ 0.57 | 도달  877 | 차단  632 | 정지 0.42 최장   3
Ep 265 | 배송 32/50 | 재적재 4 | 도착  36 | 2홉+ 0.59 | 도달  711 | 차단  659 | 정지 0.49 최장   4
Ep 266 | 배송 32/50 | 재적재 6 | 도착  39 | 2홉+ 0.53 | 도달  760 | 차단  594 | 정지 0.19 최장   2
Ep 267 | 배송 36/50 | 재적재 6 | 도착  42 | 2홉+ 0.60 | 도달  823 | 차단  555 | 정지 0.47 최장   8
Ep 268 | 배송 37/50 | 재적재 4 | 도착  42 | 2홉+ 0.61 | 도달  786 | 차단  921 | 정지 0.06 최장  17
Ep 269 | 배송 35/50 | 재적재 5 | 도착  41 | 2홉+ 0.56 | 도달  819 | 차단  682 | 정지 0.18 최장   4
Ep 270 | 배송 31/50 | 재적재 4 | 도착  34 | 2홉+ 0.59 | 도달  768 | 차단  926 | 정지 0.69 최장  10
Ep 271 | 배송 24/50 | 재적재 2 | 도착  26 | 2홉+ 0.58 | 도달  670 | 차단 1092 | 정지 0.37 최장   3
Ep 272 | 배송 34/50 | 재적재 5 | 도착  40 | 2홉+ 0.60 | 도달  872 | 차단  556 | 정지 0.11 최장   3
Ep 273 | 배송 35/50 | 재적재 4 | 도착  39 | 2홉+ 0.59 | 도달  804 | 차단  404 | 정지 0.21 최장   3
Ep 274 | 배송 25/50 | 재적재 3 | 도착  30 | 2홉+ 0.66 | 도달 1074 | 차단 1577 | 정지 0.11 최장   6
Ep 275 | 배송 36/50 | 재적재 6 | 도착  44 | 2홉+ 0.63 | 도달  911 | 차단  529 | 정지 0.31 최장   3
Ep 276 | 배송 37/50 | 재적재 4 | 도착  40 | 2홉+ 0.62 | 도달  787 | 차단  628 | 정지 0.35 최장   2
Ep 277 | 배송 31/50 | 재적재 5 | 도착  37 | 2홉+ 0.59 | 도달  764 | 차단  803 | 정지 0.53 최장   3
Ep 278 | 배송 39/50 | 재적재 5 | 도착  44 | 2홉+ 0.59 | 도달  857 | 차단  554 | 정지 0.58 최장   3
Ep 279 | 배송 34/50 | 재적재 5 | 도착  39 | 2홉+ 0.55 | 도달  836 | 차단  568 | 정지 0.39 최장   5
Ep 280 | 배송 34/50 | 재적재 4 | 도착  37 | 2홉+ 0.61 | 도달  822 | 차단  977 | 정지 0.06 최장  10
Ep 281 | 배송 33/50 | 재적재 5 | 도착  39 | 2홉+ 0.55 | 도달  892 | 차단  950 | 정지 0.16 최장   7
Ep 282 | 배송 37/50 | 재적재 6 | 도착  46 | 2홉+ 0.56 | 도달  814 | 차단  601 | 정지 0.23 최장   5
Ep 283 | 배송 31/50 | 재적재 4 | 도착  34 | 2홉+ 0.54 | 도달  785 | 차단  516 | 정지 0.33 최장   3
Ep 284 | 배송 28/50 | 재적재 5 | 도착  34 | 2홉+ 0.57 | 도달  766 | 차단  856 | 정지 0.39 최장   6
Ep 285 | 배송 17/50 | 재적재 0 | 도착  16 | 2홉+ 0.41 | 도달  740 | 차단 1315 | 정지 0.26 최장   5
Ep 286 | 배송 22/50 | 재적재 3 | 도착  25 | 2홉+ 0.49 | 도달  662 | 차단 1635 | 정지 0.84 최장   3
Ep 287 | 배송 33/50 | 재적재 5 | 도착  35 | 2홉+ 0.60 | 도달  755 | 차단  427 | 정지 0.28 최장   3
Ep 288 | 배송 28/50 | 재적재 3 | 도착  31 | 2홉+ 0.65 | 도달  800 | 차단  773 | 정지 0.33 최장   3
Ep 289 | 배송 36/50 | 재적재 6 | 도착  41 | 2홉+ 0.60 | 도달  863 | 차단  792 | 정지 0.39 최장   3
Ep 290 | 배송 36/50 | 재적재 5 | 도착  39 | 2홉+ 0.63 | 도달  823 | 차단  670 | 정지 0.13 최장   8
Ep 291 | 배송 37/50 | 재적재 6 | 도착  43 | 2홉+ 0.59 | 도달  850 | 차단  662 | 정지 0.01 최장   3
Ep 292 | 배송 33/50 | 재적재 5 | 도착  40 | 2홉+ 0.59 | 도달  790 | 차단  518 | 정지 0.42 최장   2
Ep 293 | 배송 33/50 | 재적재 4 | 도착  33 | 2홉+ 0.61 | 도달  713 | 차단  896 | 정지 0.17 최장   4
Ep 294 | 배송 34/50 | 재적재 5 | 도착  40 | 2홉+ 0.61 | 도달  778 | 차단  574 | 정지 0.02 최장   7
Ep 295 | 배송 37/50 | 재적재 6 | 도착  45 | 2홉+ 0.62 | 도달  883 | 차단  993 | 정지 0.97 최장  31
Ep 296 | 배송 39/50 | 재적재 6 | 도착  43 | 2홉+ 0.63 | 도달  790 | 차단  726 | 정지 0.28 최장   4
Ep 297 | 배송 32/50 | 재적재 4 | 도착  38 | 2홉+ 0.56 | 도달  880 | 차단 1110 | 정지 0.91 최장   9
Ep 298 | 배송 33/50 | 재적재 5 | 도착  40 | 2홉+ 0.62 | 도달  755 | 차단  592 | 정지 0.32 최장   3
Ep 299 | 배송 35/50 | 재적재 4 | 도착  37 | 2홉+ 0.61 | 도달  915 | 차단  711 | 정지 0.07 최장  10
Ep 300 | 배송 39/50 | 재적재 7 | 도착  41 | 2홉+ 0.58 | 도달  872 | 차단  344 | 정지 0.35 최장   2
  [홀드아웃] 배송 23.4±8.6 재적재 2.2 2홉+ 0.62 | 최고 23.4@ep300 정체 0/15  ← 갱신
Ep 301 | 배송 30/50 | 재적재 4 | 도착  33 | 2홉+ 0.66 | 도달  885 | 차단 1388 | 정지 0.17 최장  10
Ep 302 | 배송 35/50 | 재적재 6 | 도착  41 | 2홉+ 0.60 | 도달  848 | 차단  561 | 정지 0.00 최장  10
Ep 303 | 배송 37/50 | 재적재 6 | 도착  44 | 2홉+ 0.60 | 도달  821 | 차단  597 | 정지 0.32 최장   4
Ep 304 | 배송 34/50 | 재적재 5 | 도착  41 | 2홉+ 0.59 | 도달 1049 | 차단  720 | 정지 0.38 최장   4
Ep 305 | 배송 33/50 | 재적재 5 | 도착  38 | 2홉+ 0.63 | 도달  872 | 차단  576 | 정지 0.01 최장  17
Ep 306 | 배송 37/50 | 재적재 5 | 도착  45 | 2홉+ 0.61 | 도달  889 | 차단  841 | 정지 0.29 최장   8
Ep 307 | 배송 38/50 | 재적재 5 | 도착  43 | 2홉+ 0.62 | 도달 1002 | 차단  774 | 정지 0.58 최장   3
Ep 308 | 배송 34/50 | 재적재 5 | 도착  40 | 2홉+ 0.63 | 도달  774 | 차단  812 | 정지 0.61 최장   2
Ep 309 | 배송 39/50 | 재적재 6 | 도착  46 | 2홉+ 0.62 | 도달  870 | 차단  733 | 정지 0.34 최장   6
Ep 310 | 배송 30/50 | 재적재 5 | 도착  37 | 2홉+ 0.62 | 도달  740 | 차단 1104 | 정지 0.01 최장   3
Ep 311 | 배송 36/50 | 재적재 5 | 도착  42 | 2홉+ 0.61 | 도달  816 | 차단  719 | 정지 0.31 최장   3
Ep 312 | 배송 35/50 | 재적재 5 | 도착  38 | 2홉+ 0.65 | 도달  846 | 차단  583 | 정지 0.29 최장   9
Ep 313 | 배송 29/50 | 재적재 3 | 도착  29 | 2홉+ 0.56 | 도달  654 | 차단  724 | 정지 0.29 최장   2
Ep 314 | 배송 41/50 | 재적재 6 | 도착  49 | 2홉+ 0.61 | 도달  886 | 차단  720 | 정지 0.11 최장   4
Ep 315 | 배송 30/50 | 재적재 3 | 도착  33 | 2홉+ 0.66 | 도달  896 | 차단  822 | 정지 0.01 최장   5
Ep 316 | 배송 35/50 | 재적재 5 | 도착  40 | 2홉+ 0.62 | 도달  785 | 차단  529 | 정지 0.06 최장   4
Ep 317 | 배송 34/50 | 재적재 6 | 도착  38 | 2홉+ 0.60 | 도달  789 | 차단  646 | 정지 0.39 최장   3
Ep 318 | 배송 37/50 | 재적재 5 | 도착  44 | 2홉+ 0.54 | 도달  862 | 차단  548 | 정지 0.58 최장   2
Ep 319 | 배송 36/50 | 재적재 5 | 도착  42 | 2홉+ 0.58 | 도달  891 | 차단 1042 | 정지 0.07 최장   3
Ep 320 | 배송 33/50 | 재적재 5 | 도착  39 | 2홉+ 0.61 | 도달  794 | 차단  645 | 정지 0.57 최장   1
Ep 321 | 배송 32/50 | 재적재 4 | 도착  37 | 2홉+ 0.60 | 도달  742 | 차단  844 | 정지 0.01 최장   8
Ep 322 | 배송 35/50 | 재적재 4 | 도착  39 | 2홉+ 0.64 | 도달  796 | 차단  845 | 정지 0.07 최장   7
Ep 323 | 배송 33/50 | 재적재 5 | 도착  41 | 2홉+ 0.61 | 도달  851 | 차단 1383 | 정지 0.99 최장 128
Ep 324 | 배송 35/50 | 재적재 5 | 도착  39 | 2홉+ 0.63 | 도달  825 | 차단  386 | 정지 0.00 최장   2
Ep 325 | 배송 30/50 | 재적재 5 | 도착  33 | 2홉+ 0.62 | 도달  845 | 차단  850 | 정지 0.04 최장   7
Ep 326 | 배송 29/50 | 재적재 4 | 도착  34 | 2홉+ 0.64 | 도달  778 | 차단  708 | 정지 0.01 최장   5
Ep 327 | 배송 33/50 | 재적재 4 | 도착  36 | 2홉+ 0.64 | 도달  769 | 차단  758 | 정지 0.04 최장   3
Ep 328 | 배송 28/50 | 재적재 4 | 도착  32 | 2홉+ 0.66 | 도달  936 | 차단 1074 | 정지 0.23 최장  10
Ep 329 | 배송 35/50 | 재적재 4 | 도착  38 | 2홉+ 0.61 | 도달  834 | 차단  872 | 정지 0.21 최장   3
Ep 330 | 배송 36/50 | 재적재 5 | 도착  44 | 2홉+ 0.63 | 도달  954 | 차단 1114 | 정지 0.56 최장   4
Ep 331 | 배송 38/50 | 재적재 7 | 도착  42 | 2홉+ 0.60 | 도달  965 | 차단  852 | 정지 0.12 최장   9
Ep 332 | 배송 36/50 | 재적재 5 | 도착  41 | 2홉+ 0.61 | 도달  771 | 차단  557 | 정지 0.05 최장   3
Ep 333 | 배송 36/50 | 재적재 6 | 도착  43 | 2홉+ 0.60 | 도달  914 | 차단  679 | 정지 0.80 최장   4
Ep 334 | 배송 35/50 | 재적재 5 | 도착  42 | 2홉+ 0.61 | 도달  793 | 차단  696 | 정지 0.61 최장   6
Ep 335 | 배송 41/50 | 재적재 6 | 도착  47 | 2홉+ 0.60 | 도달  893 | 차단  371 | 정지 0.19 최장   4
Ep 336 | 배송 34/50 | 재적재 5 | 도착  37 | 2홉+ 0.63 | 도달  893 | 차단  858 | 정지 0.03 최장   6
Ep 337 | 배송 39/50 | 재적재 7 | 도착  48 | 2홉+ 0.59 | 도달  906 | 차단  588 | 정지 0.35 최장   3
Ep 338 | 배송 33/50 | 재적재 4 | 도착  37 | 2홉+ 0.57 | 도달  976 | 차단 1156 | 정지 0.71 최장  10
Ep 339 | 배송 30/50 | 재적재 3 | 도착  34 | 2홉+ 0.67 | 도달  932 | 차단 1723 | 정지 0.42 최장   5
Ep 340 | 배송 36/50 | 재적재 5 | 도착  42 | 2홉+ 0.64 | 도달  844 | 차단  740 | 정지 0.32 최장  10
Ep 341 | 배송 35/50 | 재적재 5 | 도착  41 | 2홉+ 0.60 | 도달  769 | 차단  720 | 정지 0.24 최장   2
Ep 342 | 배송 30/50 | 재적재 4 | 도착  34 | 2홉+ 0.65 | 도달  816 | 차단 1195 | 정지 0.24 최장   1
Ep 343 | 배송 21/50 | 재적재 3 | 도착  24 | 2홉+ 0.52 | 도달  687 | 차단 1390 | 정지 0.17 최장  25
Ep 344 | 배송 37/50 | 재적재 5 | 도착  41 | 2홉+ 0.57 | 도달  784 | 차단  655 | 정지 0.19 최장   2
Ep 345 | 배송 38/50 | 재적재 6 | 도착  43 | 2홉+ 0.63 | 도달 1005 | 차단  725 | 정지 0.66 최장   7
Ep 346 | 배송 36/50 | 재적재 6 | 도착  41 | 2홉+ 0.62 | 도달  851 | 차단  761 | 정지 0.17 최장   3
Ep 347 | 배송 40/50 | 재적재 7 | 도착  46 | 2홉+ 0.62 | 도달  856 | 차단  668 | 정지 0.32 최장   1
Ep 348 | 배송 30/50 | 재적재 4 | 도착  37 | 2홉+ 0.63 | 도달  714 | 차단  751 | 정지 0.17 최장   5
Ep 349 | 배송 42/50 | 재적재 7 | 도착  49 | 2홉+ 0.58 | 도달  885 | 차단  488 | 정지 0.02 최장   4
Ep 350 | 배송 38/50 | 재적재 6 | 도착  45 | 2홉+ 0.61 | 도달  855 | 차단  734 | 정지 0.63 최장   8
  [홀드아웃] 배송 23.2±8.7 재적재 2.4 2홉+ 0.61 | 최고 23.4@ep300 정체 1/15
Ep 351 | 배송 35/50 | 재적재 5 | 도착  41 | 2홉+ 0.60 | 도달 1027 | 차단 1082 | 정지 0.82 최장   4
Ep 352 | 배송 39/50 | 재적재 6 | 도착  43 | 2홉+ 0.59 | 도달  804 | 차단  499 | 정지 0.43 최장   3
Ep 353 | 배송 41/50 | 재적재 6 | 도착  46 | 2홉+ 0.58 | 도달  992 | 차단  648 | 정지 0.18 최장   3
Ep 354 | 배송 35/50 | 재적재 4 | 도착  42 | 2홉+ 0.56 | 도달  790 | 차단 1056 | 정지 0.13 최장   2
Ep 355 | 배송 37/50 | 재적재 6 | 도착  42 | 2홉+ 0.62 | 도달  838 | 차단  757 | 정지 0.03 최장   3
Ep 356 | 배송 39/50 | 재적재 6 | 도착  45 | 2홉+ 0.61 | 도달  987 | 차단  963 | 정지 0.30 최장   5
Ep 357 | 배송 36/50 | 재적재 4 | 도착  40 | 2홉+ 0.57 | 도달  870 | 차단  664 | 정지 0.43 최장   2
Ep 358 | 배송 36/50 | 재적재 4 | 도착  42 | 2홉+ 0.60 | 도달  938 | 차단  381 | 정지 0.60 최장   2
Ep 359 | 배송 36/50 | 재적재 5 | 도착  41 | 2홉+ 0.64 | 도달  769 | 차단  532 | 정지 0.01 최장   4
Ep 360 | 배송 36/50 | 재적재 5 | 도착  39 | 2홉+ 0.61 | 도달  888 | 차단  719 | 정지 0.55 최장   3
Ep 361 | 배송 29/50 | 재적재 4 | 도착  34 | 2홉+ 0.61 | 도달  943 | 차단  655 | 정지 0.03 최장   6
Ep 362 | 배송 35/50 | 재적재 4 | 도착  37 | 2홉+ 0.63 | 도달  808 | 차단  747 | 정지 0.61 최장   6
Ep 363 | 배송 34/50 | 재적재 6 | 도착  39 | 2홉+ 0.61 | 도달  861 | 차단  610 | 정지 0.56 최장   2
Ep 364 | 배송 28/50 | 재적재 3 | 도착  31 | 2홉+ 0.64 | 도달  821 | 차단 1148 | 정지 0.84 최장   6
Ep 365 | 배송 36/50 | 재적재 4 | 도착  39 | 2홉+ 0.63 | 도달  875 | 차단  684 | 정지 0.51 최장   8
Ep 366 | 배송 38/50 | 재적재 5 | 도착  42 | 2홉+ 0.62 | 도달  905 | 차단  669 | 정지 0.39 최장   1
Ep 367 | 배송 32/50 | 재적재 4 | 도착  38 | 2홉+ 0.61 | 도달  727 | 차단  753 | 정지 0.01 최장   2
Ep 368 | 배송 30/50 | 재적재 3 | 도착  32 | 2홉+ 0.63 | 도달  868 | 차단  600 | 정지 0.05 최장   2
Ep 369 | 배송 35/50 | 재적재 6 | 도착  43 | 2홉+ 0.60 | 도달  828 | 차단  453 | 정지 0.13 최장   4
Ep 370 | 배송 32/50 | 재적재 5 | 도착  36 | 2홉+ 0.53 | 도달  873 | 차단  574 | 정지 0.25 최장   2
Ep 371 | 배송 26/50 | 재적재 3 | 도착  26 | 2홉+ 0.61 | 도달  751 | 차단  874 | 정지 0.01 최장   4
Ep 372 | 배송 37/50 | 재적재 6 | 도착  42 | 2홉+ 0.60 | 도달  822 | 차단  828 | 정지 0.01 최장   7
Ep 373 | 배송 32/50 | 재적재 4 | 도착  39 | 2홉+ 0.61 | 도달  972 | 차단 1223 | 정지 0.16 최장  10
Ep 374 | 배송 35/50 | 재적재 4 | 도착  39 | 2홉+ 0.66 | 도달  785 | 차단 1139 | 정지 0.06 최장   6
Ep 375 | 배송 32/50 | 재적재 4 | 도착  36 | 2홉+ 0.54 | 도달  887 | 차단  541 | 정지 0.19 최장   4
Ep 376 | 배송 38/50 | 재적재 6 | 도착  47 | 2홉+ 0.55 | 도달  782 | 차단  413 | 정지 0.37 최장   2
Ep 377 | 배송 33/50 | 재적재 4 | 도착  35 | 2홉+ 0.62 | 도달  912 | 차단  908 | 정지 0.74 최장   5
Ep 378 | 배송 30/50 | 재적재 4 | 도착  40 | 2홉+ 0.55 | 도달  863 | 차단  772 | 정지 0.65 최장   2
Ep 379 | 배송 25/50 | 재적재 3 | 도착  30 | 2홉+ 0.63 | 도달  838 | 차단 1088 | 정지 0.59 최장   1
Ep 380 | 배송 33/50 | 재적재 4 | 도착  38 | 2홉+ 0.64 | 도달  894 | 차단  535 | 정지 0.52 최장   3
Ep 381 | 배송 37/50 | 재적재 5 | 도착  43 | 2홉+ 0.60 | 도달 1047 | 차단  422 | 정지 0.00 최장   3
Ep 382 | 배송 39/50 | 재적재 6 | 도착  45 | 2홉+ 0.63 | 도달  824 | 차단  548 | 정지 0.03 최장   8
Ep 383 | 배송 33/50 | 재적재 5 | 도착  37 | 2홉+ 0.58 | 도달  817 | 차단  792 | 정지 0.73 최장   3
Ep 384 | 배송 35/50 | 재적재 6 | 도착  43 | 2홉+ 0.55 | 도달  788 | 차단  795 | 정지 0.05 최장   3
Ep 385 | 배송 22/50 | 재적재 4 | 도착  24 | 2홉+ 0.56 | 도달  784 | 차단  802 | 정지 0.23 최장  10
Ep 386 | 배송 32/50 | 재적재 3 | 도착  35 | 2홉+ 0.61 | 도달  940 | 차단 1931 | 정지 0.99 최장 225
Ep 387 | 배송 27/50 | 재적재 5 | 도착  30 | 2홉+ 0.55 | 도달  650 | 차단  776 | 정지 0.10 최장  12
Ep 388 | 배송 35/50 | 재적재 5 | 도착  41 | 2홉+ 0.62 | 도달  845 | 차단  495 | 정지 0.50 최장   4
Ep 389 | 배송 35/50 | 재적재 6 | 도착  42 | 2홉+ 0.57 | 도달  775 | 차단  459 | 정지 0.03 최장   3
Ep 390 | 배송 32/50 | 재적재 4 | 도착  39 | 2홉+ 0.63 | 도달  783 | 차단  844 | 정지 0.00 최장   2
Ep 391 | 배송 27/50 | 재적재 3 | 도착  27 | 2홉+ 0.54 | 도달  728 | 차단  790 | 정지 0.03 최장   7
Ep 392 | 배송 33/50 | 재적재 4 | 도착  35 | 2홉+ 0.57 | 도달  779 | 차단  431 | 정지 0.14 최장   1
Ep 393 | 배송 37/50 | 재적재 5 | 도착  42 | 2홉+ 0.63 | 도달  864 | 차단  604 | 정지 0.36 최장   6
Ep 394 | 배송 37/50 | 재적재 7 | 도착  46 | 2홉+ 0.57 | 도달  855 | 차단  294 | 정지 0.09 최장   2
Ep 395 | 배송 33/50 | 재적재 5 | 도착  38 | 2홉+ 0.58 | 도달  791 | 차단  526 | 정지 0.26 최장   1
Ep 396 | 배송 36/50 | 재적재 6 | 도착  42 | 2홉+ 0.58 | 도달  860 | 차단  715 | 정지 0.33 최장   3
Ep 397 | 배송 34/50 | 재적재 4 | 도착  40 | 2홉+ 0.61 | 도달  810 | 차단  792 | 정지 0.78 최장  11
Ep 398 | 배송 37/50 | 재적재 6 | 도착  44 | 2홉+ 0.61 | 도달  826 | 차단  624 | 정지 0.27 최장   4
Ep 399 | 배송 39/50 | 재적재 6 | 도착  44 | 2홉+ 0.57 | 도달  889 | 차단  521 | 정지 0.18 최장   2
Ep 400 | 배송 36/50 | 재적재 7 | 도착  44 | 2홉+ 0.55 | 도달  814 | 차단  349 | 정지 0.00 최장   2
  [홀드아웃] 배송 14.5±7.0 재적재 0.9 2홉+ 0.58 | 최고 23.4@ep300 정체 2/15
Ep 401 | 배송 31/50 | 재적재 5 | 도착  37 | 2홉+ 0.60 | 도달  794 | 차단  744 | 정지 0.58 최장   5
Ep 402 | 배송 28/50 | 재적재 3 | 도착  32 | 2홉+ 0.64 | 도달  964 | 차단 1357 | 정지 0.58 최장   7
Ep 403 | 배송 31/50 | 재적재 5 | 도착  35 | 2홉+ 0.62 | 도달  789 | 차단  591 | 정지 0.17 최장   1
Ep 404 | 배송 37/50 | 재적재 6 | 도착  40 | 2홉+ 0.58 | 도달  927 | 차단  604 | 정지 0.64 최장   4
Ep 405 | 배송 39/50 | 재적재 6 | 도착  45 | 2홉+ 0.60 | 도달  824 | 차단  551 | 정지 0.31 최장   4
Ep 406 | 배송 30/50 | 재적재 3 | 도착  34 | 2홉+ 0.66 | 도달  953 | 차단 1196 | 정지 0.02 최장   7
Ep 407 | 배송 32/50 | 재적재 4 | 도착  35 | 2홉+ 0.58 | 도달  757 | 차단  537 | 정지 0.01 최장   2
Ep 408 | 배송 34/50 | 재적재 4 | 도착  37 | 2홉+ 0.63 | 도달  766 | 차단  425 | 정지 0.02 최장   2
Ep 409 | 배송 36/50 | 재적재 4 | 도착  39 | 2홉+ 0.59 | 도달  882 | 차단  496 | 정지 0.09 최장   4
Ep 410 | 배송 37/50 | 재적재 6 | 도착  43 | 2홉+ 0.61 | 도달  875 | 차단  534 | 정지 0.09 최장   4
Ep 411 | 배송 33/50 | 재적재 4 | 도착  37 | 2홉+ 0.55 | 도달  909 | 차단  672 | 정지 0.03 최장   5
Ep 412 | 배송 31/50 | 재적재 5 | 도착  37 | 2홉+ 0.58 | 도달  812 | 차단  723 | 정지 0.29 최장   3
Ep 413 | 배송 30/50 | 재적재 5 | 도착  37 | 2홉+ 0.61 | 도달  704 | 차단  700 | 정지 0.02 최장   3
Ep 414 | 배송 36/50 | 재적재 5 | 도착  43 | 2홉+ 0.58 | 도달  786 | 차단  763 | 정지 0.32 최장   8
Ep 415 | 배송 31/50 | 재적재 4 | 도착  33 | 2홉+ 0.57 | 도달  735 | 차단  348 | 정지 0.45 최장   1
Ep 416 | 배송 31/50 | 재적재 3 | 도착  35 | 2홉+ 0.60 | 도달  832 | 차단  543 | 정지 0.27 최장   3
Ep 417 | 배송 33/50 | 재적재 4 | 도착  39 | 2홉+ 0.60 | 도달  967 | 차단  536 | 정지 0.07 최장   8
Ep 418 | 배송 33/50 | 재적재 6 | 도착  38 | 2홉+ 0.59 | 도달  956 | 차단  464 | 정지 0.04 최장   4
Ep 419 | 배송 27/50 | 재적재 4 | 도착  31 | 2홉+ 0.53 | 도달  739 | 차단  377 | 정지 0.00 최장   3
Ep 420 | 배송 22/50 | 재적재 2 | 도착  24 | 2홉+ 0.65 | 도달  704 | 차단  232 | 정지 0.09 최장   1
Ep 421 | 배송 26/50 | 재적재 3 | 도착  28 | 2홉+ 0.55 | 도달  701 | 차단  531 | 정지 0.25 최장   1
Ep 422 | 배송 39/50 | 재적재 7 | 도착  47 | 2홉+ 0.59 | 도달  807 | 차단  511 | 정지 0.18 최장   4
Ep 423 | 배송 26/50 | 재적재 2 | 도착  30 | 2홉+ 0.63 | 도달  950 | 차단 1858 | 정지 0.81 최장   6
Ep 424 | 배송 30/50 | 재적재 3 | 도착  33 | 2홉+ 0.66 | 도달  844 | 차단 1128 | 정지 0.61 최장   3
Ep 425 | 배송 30/50 | 재적재 4 | 도착  33 | 2홉+ 0.53 | 도달  677 | 차단  793 | 정지 0.16 최장   3
Ep 426 | 배송 32/50 | 재적재 6 | 도착  41 | 2홉+ 0.60 | 도달  738 | 차단  456 | 정지 0.12 최장   3
Ep 427 | 배송 35/50 | 재적재 7 | 도착  39 | 2홉+ 0.58 | 도달  902 | 차단  510 | 정지 0.00 최장   2
Ep 428 | 배송 36/50 | 재적재 4 | 도착  41 | 2홉+ 0.60 | 도달  784 | 차단  473 | 정지 0.25 최장   4
Ep 429 | 배송 32/50 | 재적재 4 | 도착  36 | 2홉+ 0.60 | 도달  772 | 차단 1018 | 정지 0.27 최장   3
Ep 430 | 배송 29/50 | 재적재 3 | 도착  32 | 2홉+ 0.52 | 도달  750 | 차단  320 | 정지 0.02 최장   2
Ep 431 | 배송 36/50 | 재적재 5 | 도착  38 | 2홉+ 0.58 | 도달  785 | 차단  494 | 정지 0.00 최장   2
Ep 432 | 배송 34/50 | 재적재 5 | 도착  38 | 2홉+ 0.61 | 도달  888 | 차단  858 | 정지 0.76 최장   4
Ep 433 | 배송 36/50 | 재적재 7 | 도착  42 | 2홉+ 0.58 | 도달  852 | 차단  471 | 정지 0.12 최장   2
Ep 434 | 배송 30/50 | 재적재 5 | 도착  38 | 2홉+ 0.54 | 도달  764 | 차단  585 | 정지 0.14 최장   6
Ep 435 | 배송 29/50 | 재적재 3 | 도착  31 | 2홉+ 0.63 | 도달  729 | 차단  510 | 정지 0.30 최장   2
Ep 436 | 배송 35/50 | 재적재 5 | 도착  35 | 2홉+ 0.60 | 도달  789 | 차단  538 | 정지 0.06 최장  11
Ep 437 | 배송 32/50 | 재적재 6 | 도착  37 | 2홉+ 0.59 | 도달  754 | 차단  637 | 정지 0.27 최장   7
Ep 438 | 배송 28/50 | 재적재 4 | 도착  33 | 2홉+ 0.61 | 도달  687 | 차단  727 | 정지 0.12 최장   3
Ep 439 | 배송 27/50 | 재적재 3 | 도착  31 | 2홉+ 0.56 | 도달  845 | 차단  665 | 정지 0.55 최장   9
Ep 440 | 배송 30/50 | 재적재 3 | 도착  33 | 2홉+ 0.48 | 도달  770 | 차단  369 | 정지 0.00 최장   3
Ep 441 | 배송 33/50 | 재적재 5 | 도착  39 | 2홉+ 0.59 | 도달  785 | 차단  433 | 정지 0.08 최장   3
Ep 442 | 배송 30/50 | 재적재 4 | 도착  35 | 2홉+ 0.62 | 도달  890 | 차단  844 | 정지 0.20 최장   7
Ep 443 | 배송 35/50 | 재적재 5 | 도착  43 | 2홉+ 0.61 | 도달  866 | 차단  647 | 정지 0.60 최장   3
Ep 444 | 배송 30/50 | 재적재 5 | 도착  35 | 2홉+ 0.61 | 도달  724 | 차단  461 | 정지 0.15 최장   4
Ep 445 | 배송 29/50 | 재적재 4 | 도착  36 | 2홉+ 0.57 | 도달  808 | 차단  237 | 정지 0.17 최장   2
Ep 446 | 배송 39/50 | 재적재 6 | 도착  49 | 2홉+ 0.59 | 도달  851 | 차단  512 | 정지 0.29 최장   1
Ep 447 | 배송 37/50 | 재적재 5 | 도착  43 | 2홉+ 0.59 | 도달  888 | 차단  368 | 정지 0.14 최장   3
Ep 448 | 배송 32/50 | 재적재 4 | 도착  38 | 2홉+ 0.61 | 도달  935 | 차단  676 | 정지 0.68 최장   2
Ep 449 | 배송 37/50 | 재적재 6 | 도착  40 | 2홉+ 0.54 | 도달  857 | 차단  613 | 정지 0.01 최장   3
Ep 450 | 배송 37/50 | 재적재 5 | 도착  40 | 2홉+ 0.61 | 도달  882 | 차단  516 | 정지 0.36 최장   3
  [홀드아웃] 배송 21.8±10.9 재적재 2.1 2홉+ 0.59 | 최고 23.4@ep300 정체 3/15
Ep 451 | 배송 27/50 | 재적재 3 | 도착  31 | 2홉+ 0.59 | 도달  774 | 차단  872 | 정지 0.03 최장   8
Ep 452 | 배송 28/50 | 재적재 3 | 도착  33 | 2홉+ 0.65 | 도달  800 | 차단  583 | 정지 0.00 최장   6
Ep 453 | 배송 30/50 | 재적재 5 | 도착  35 | 2홉+ 0.62 | 도달  769 | 차단  732 | 정지 0.12 최장   3
Ep 454 | 배송 34/50 | 재적재 5 | 도착  40 | 2홉+ 0.59 | 도달  803 | 차단  429 | 정지 0.29 최장   2
Ep 455 | 배송 32/50 | 재적재 6 | 도착  39 | 2홉+ 0.55 | 도달  788 | 차단  391 | 정지 0.06 최장   2
Ep 456 | 배송 35/50 | 재적재 5 | 도착  43 | 2홉+ 0.61 | 도달  855 | 차단  390 | 정지 0.09 최장   3
Ep 457 | 배송 34/50 | 재적재 5 | 도착  35 | 2홉+ 0.59 | 도달  799 | 차단  589 | 정지 0.16 최장   3
Ep 458 | 배송 31/50 | 재적재 4 | 도착  35 | 2홉+ 0.62 | 도달  781 | 차단  498 | 정지 0.20 최장   4
Ep 459 | 배송 32/50 | 재적재 4 | 도착  39 | 2홉+ 0.62 | 도달  799 | 차단  769 | 정지 0.26 최장   3
Ep 460 | 배송 25/50 | 재적재 3 | 도착  28 | 2홉+ 0.54 | 도달  843 | 차단  276 | 정지 0.03 최장   1
Ep 461 | 배송 34/50 | 재적재 5 | 도착  40 | 2홉+ 0.60 | 도달  829 | 차단  243 | 정지 0.00 최장   2
Ep 462 | 배송 25/50 | 재적재 3 | 도착  27 | 2홉+ 0.65 | 도달  804 | 차단  916 | 정지 0.31 최장   6
Ep 463 | 배송 28/50 | 재적재 3 | 도착  32 | 2홉+ 0.63 | 도달  716 | 차단  699 | 정지 0.29 최장   2
Ep 464 | 배송 28/50 | 재적재 4 | 도착  35 | 2홉+ 0.55 | 도달  671 | 차단  254 | 정지 0.15 최장   1
Ep 465 | 배송 25/50 | 재적재 2 | 도착  26 | 2홉+ 0.61 | 도달  804 | 차단  805 | 정지 0.02 최장   3
Ep 466 | 배송 33/50 | 재적재 5 | 도착  39 | 2홉+ 0.58 | 도달  771 | 차단  547 | 정지 0.10 최장   3
Ep 467 | 배송 29/50 | 재적재 3 | 도착  30 | 2홉+ 0.60 | 도달  793 | 차단  681 | 정지 0.00 최장   4
Ep 468 | 배송 27/50 | 재적재 4 | 도착  32 | 2홉+ 0.57 | 도달  766 | 차단 1057 | 정지 0.14 최장   3
Ep 469 | 배송 32/50 | 재적재 3 | 도착  33 | 2홉+ 0.57 | 도달  852 | 차단  381 | 정지 0.01 최장   7
Ep 470 | 배송 23/50 | 재적재 4 | 도착  28 | 2홉+ 0.58 | 도달  758 | 차단  504 | 정지 0.40 최장   8
Ep 471 | 배송 26/50 | 재적재 4 | 도착  33 | 2홉+ 0.56 | 도달  698 | 차단  448 | 정지 0.19 최장   1
Ep 472 | 배송 33/50 | 재적재 5 | 도착  38 | 2홉+ 0.59 | 도달  726 | 차단  516 | 정지 0.22 최장   3
Ep 473 | 배송 27/50 | 재적재 3 | 도착  27 | 2홉+ 0.52 | 도달  760 | 차단 1460 | 정지 0.06 최장  15
Ep 474 | 배송 26/50 | 재적재 3 | 도착  27 | 2홉+ 0.59 | 도달  762 | 차단  593 | 정지 0.24 최장   3
Ep 475 | 배송 36/50 | 재적재 4 | 도착  42 | 2홉+ 0.62 | 도달  775 | 차단  417 | 정지 0.00 최장   3
Ep 476 | 배송 36/50 | 재적재 5 | 도착  40 | 2홉+ 0.62 | 도달  802 | 차단  331 | 정지 0.10 최장   3
Ep 477 | 배송 30/50 | 재적재 3 | 도착  32 | 2홉+ 0.59 | 도달  799 | 차단  361 | 정지 0.19 최장   3
Ep 478 | 배송 34/50 | 재적재 6 | 도착  40 | 2홉+ 0.60 | 도달  835 | 차단  314 | 정지 0.39 최장   2
Ep 479 | 배송 31/50 | 재적재 5 | 도착  33 | 2홉+ 0.63 | 도달  898 | 차단 1020 | 정지 0.09 최장  15
Ep 480 | 배송 31/50 | 재적재 5 | 도착  34 | 2홉+ 0.61 | 도달  716 | 차단  379 | 정지 0.07 최장   3
Ep 481 | 배송 30/50 | 재적재 5 | 도착  36 | 2홉+ 0.56 | 도달  794 | 차단  552 | 정지 0.05 최장   4
Ep 482 | 배송 32/50 | 재적재 5 | 도착  37 | 2홉+ 0.63 | 도달  753 | 차단  465 | 정지 0.09 최장   2
Ep 483 | 배송 31/50 | 재적재 3 | 도착  34 | 2홉+ 0.60 | 도달  762 | 차단 1067 | 정지 0.24 최장  11
Ep 484 | 배송 26/50 | 재적재 3 | 도착  31 | 2홉+ 0.66 | 도달  815 | 차단 1530 | 정지 0.82 최장   8
Ep 485 | 배송 27/50 | 재적재 2 | 도착  28 | 2홉+ 0.62 | 도달  704 | 차단  322 | 정지 0.01 최장   0
Ep 486 | 배송 31/50 | 재적재 3 | 도착  34 | 2홉+ 0.64 | 도달  868 | 차단  690 | 정지 0.34 최장   3
Ep 487 | 배송 32/50 | 재적재 6 | 도착  39 | 2홉+ 0.63 | 도달  806 | 차단  466 | 정지 0.01 최장   1
Ep 488 | 배송 28/50 | 재적재 4 | 도착  32 | 2홉+ 0.49 | 도달  797 | 차단  659 | 정지 0.00 최장   4
Ep 489 | 배송 34/50 | 재적재 5 | 도착  38 | 2홉+ 0.62 | 도달  806 | 차단  357 | 정지 0.03 최장   2
Ep 490 | 배송 34/50 | 재적재 6 | 도착  39 | 2홉+ 0.61 | 도달  849 | 차단  774 | 정지 0.28 최장   4
Ep 491 | 배송 26/50 | 재적재 4 | 도착  29 | 2홉+ 0.59 | 도달  971 | 차단  814 | 정지 0.19 최장  25
Ep 492 | 배송 27/50 | 재적재 3 | 도착  31 | 2홉+ 0.66 | 도달  832 | 차단  794 | 정지 0.17 최장   3
Ep 493 | 배송 30/50 | 재적재 3 | 도착  30 | 2홉+ 0.66 | 도달  791 | 차단  553 | 정지 0.47 최장   2
Ep 494 | 배송 30/50 | 재적재 5 | 도착  37 | 2홉+ 0.61 | 도달  790 | 차단  525 | 정지 0.02 최장   3
Ep 495 | 배송 32/50 | 재적재 6 | 도착  36 | 2홉+ 0.61 | 도달 1067 | 차단  707 | 정지 0.68 최장   3
Ep 496 | 배송 28/50 | 재적재 5 | 도착  32 | 2홉+ 0.60 | 도달  826 | 차단  353 | 정지 0.07 최장   2
Ep 497 | 배송 35/50 | 재적재 5 | 도착  43 | 2홉+ 0.62 | 도달  863 | 차단  726 | 정지 0.51 최장   8
Ep 498 | 배송 29/50 | 재적재 4 | 도착  32 | 2홉+ 0.56 | 도달  785 | 차단  347 | 정지 0.10 최장   8
Ep 499 | 배송 27/50 | 재적재 3 | 도착  28 | 2홉+ 0.64 | 도달  694 | 차단  640 | 정지 0.20 최장   8
Ep 500 | 배송 26/50 | 재적재 2 | 도착  27 | 2홉+ 0.47 | 도달  608 | 차단  243 | 정지 0.30 최장   2
  [홀드아웃] 배송 16.6±6.4 재적재 1.3 2홉+ 0.60 | 최고 23.4@ep300 정체 4/15
Ep 501 | 배송 30/50 | 재적재 4 | 도착  32 | 2홉+ 0.62 | 도달  707 | 차단  449 | 정지 0.47 최장   3
Ep 502 | 배송 24/50 | 재적재 3 | 도착  26 | 2홉+ 0.58 | 도달  774 | 차단  810 | 정지 0.44 최장   2
Ep 503 | 배송 30/50 | 재적재 4 | 도착  32 | 2홉+ 0.55 | 도달  744 | 차단  533 | 정지 0.25 최장   2
Ep 504 | 배송 32/50 | 재적재 5 | 도착  36 | 2홉+ 0.65 | 도달  794 | 차단  692 | 정지 0.02 최장   3
Ep 505 | 배송 30/50 | 재적재 4 | 도착  34 | 2홉+ 0.58 | 도달  803 | 차단  497 | 정지 0.12 최장   3
Ep 506 | 배송 31/50 | 재적재 6 | 도착  38 | 2홉+ 0.60 | 도달  793 | 차단  613 | 정지 0.28 최장   8
Ep 507 | 배송 31/50 | 재적재 5 | 도착  36 | 2홉+ 0.57 | 도달  737 | 차단  600 | 정지 0.05 최장   3
Ep 508 | 배송 23/50 | 재적재 4 | 도착  25 | 2홉+ 0.58 | 도달  650 | 차단  465 | 정지 0.04 최장   4
Ep 509 | 배송 26/50 | 재적재 2 | 도착  27 | 2홉+ 0.62 | 도달  740 | 차단  703 | 정지 0.20 최장   3
Ep 510 | 배송 30/50 | 재적재 5 | 도착  34 | 2홉+ 0.53 | 도달  785 | 차단  383 | 정지 0.01 최장   9
Ep 511 | 배송 32/50 | 재적재 5 | 도착  35 | 2홉+ 0.62 | 도달  881 | 차단  413 | 정지 0.05 최장   2
Ep 512 | 배송 32/50 | 재적재 4 | 도착  36 | 2홉+ 0.62 | 도달  748 | 차단  387 | 정지 0.01 최장   1
Ep 513 | 배송 28/50 | 재적재 3 | 도착  31 | 2홉+ 0.63 | 도달  950 | 차단  748 | 정지 0.49 최장  10
Ep 514 | 배송 28/50 | 재적재 4 | 도착  33 | 2홉+ 0.63 | 도달  720 | 차단  437 | 정지 0.21 최장   2
Ep 515 | 배송 29/50 | 재적재 4 | 도착  33 | 2홉+ 0.60 | 도달  758 | 차단  720 | 정지 0.24 최장   6
Ep 516 | 배송 30/50 | 재적재 3 | 도착  30 | 2홉+ 0.66 | 도달  829 | 차단  546 | 정지 0.06 최장   0
Ep 517 | 배송 29/50 | 재적재 4 | 도착  34 | 2홉+ 0.65 | 도달  895 | 차단 1101 | 정지 0.13 최장  33
Ep 518 | 배송 26/50 | 재적재 3 | 도착  30 | 2홉+ 0.63 | 도달  844 | 차단  591 | 정지 0.36 최장   1
Ep 519 | 배송 31/50 | 재적재 4 | 도착  34 | 2홉+ 0.60 | 도달  805 | 차단  465 | 정지 0.03 최장   2
Ep 520 | 배송 24/50 | 재적재 3 | 도착  29 | 2홉+ 0.63 | 도달  702 | 차단  365 | 정지 0.22 최장   2
Ep 521 | 배송 28/50 | 재적재 2 | 도착  30 | 2홉+ 0.64 | 도달  701 | 차단  617 | 정지 0.28 최장   2
Ep 522 | 배송 26/50 | 재적재 4 | 도착  30 | 2홉+ 0.63 | 도달  747 | 차단  441 | 정지 0.21 최장   1
Ep 523 | 배송 27/50 | 재적재 3 | 도착  31 | 2홉+ 0.62 | 도달  753 | 차단  820 | 정지 0.80 최장  11
Ep 524 | 배송 26/50 | 재적재 2 | 도착  26 | 2홉+ 0.65 | 도달  808 | 차단  640 | 정지 0.22 최장   3
Ep 525 | 배송 28/50 | 재적재 3 | 도착  29 | 2홉+ 0.60 | 도달  746 | 차단  583 | 정지 0.09 최장   4
Ep 526 | 배송 18/50 | 재적재 0 | 도착  17 | 2홉+ 0.66 | 도달  578 | 차단  320 | 정지 0.00 최장   3
Ep 527 | 배송 31/50 | 재적재 3 | 도착  38 | 2홉+ 0.62 | 도달  816 | 차단  648 | 정지 0.09 최장   3
Ep 528 | 배송 28/50 | 재적재 3 | 도착  34 | 2홉+ 0.59 | 도달  753 | 차단  511 | 정지 0.33 최장   2
Ep 529 | 배송 31/50 | 재적재 3 | 도착  36 | 2홉+ 0.64 | 도달  722 | 차단  577 | 정지 0.26 최장   1
Ep 530 | 배송 32/50 | 재적재 3 | 도착  33 | 2홉+ 0.57 | 도달  860 | 차단  462 | 정지 0.00 최장   5
Ep 531 | 배송 21/50 | 재적재 3 | 도착  23 | 2홉+ 0.42 | 도달  654 | 차단  146 | 정지 0.00 최장   2
Ep 532 | 배송 25/50 | 재적재 3 | 도착  30 | 2홉+ 0.62 | 도달  746 | 차단 1641 | 정지 0.53 최장  67
Ep 533 | 배송 20/50 | 재적재 2 | 도착  22 | 2홉+ 0.55 | 도달  608 | 차단  354 | 정지 0.24 최장   3
Ep 534 | 배송 21/50 | 재적재 3 | 도착  22 | 2홉+ 0.48 | 도달  704 | 차단  438 | 정지 0.27 최장   2
Ep 535 | 배송 19/50 | 재적재 1 | 도착  17 | 2홉+ 0.61 | 도달  674 | 차단  458 | 정지 0.00 최장   2
Ep 536 | 배송 27/50 | 재적재 3 | 도착  30 | 2홉+ 0.63 | 도달  759 | 차단  571 | 정지 0.38 최장   5
Ep 537 | 배송 16/50 | 재적재 1 | 도착  20 | 2홉+ 0.68 | 도달  593 | 차단  552 | 정지 0.00 최장   1
Ep 538 | 배송 26/50 | 재적재 3 | 도착  30 | 2홉+ 0.61 | 도달  894 | 차단  396 | 정지 0.38 최장   1
Ep 539 | 배송 27/50 | 재적재 3 | 도착  30 | 2홉+ 0.63 | 도달  758 | 차단  721 | 정지 0.09 최장  10
Ep 540 | 배송 20/50 | 재적재 1 | 도착  17 | 2홉+ 0.63 | 도달  715 | 차단  787 | 정지 0.21 최장   9
Ep 541 | 배송 22/50 | 재적재 2 | 도착  28 | 2홉+ 0.66 | 도달  621 | 차단  551 | 정지 0.27 최장   3
Ep 542 | 배송 22/50 | 재적재 2 | 도착  23 | 2홉+ 0.59 | 도달  701 | 차단  224 | 정지 0.20 최장   2
Ep 543 | 배송 18/50 | 재적재 3 | 도착  23 | 2홉+ 0.66 | 도달  582 | 차단  387 | 정지 0.00 최장   2
Ep 544 | 배송 25/50 | 재적재 4 | 도착  27 | 2홉+ 0.56 | 도달  712 | 차단  260 | 정지 0.26 최장   3
Ep 545 | 배송 23/50 | 재적재 4 | 도착  30 | 2홉+ 0.55 | 도달  585 | 차단  289 | 정지 0.00 최장   4
Ep 546 | 배송 24/50 | 재적재 4 | 도착  29 | 2홉+ 0.55 | 도달  645 | 차단  264 | 정지 0.03 최장   1
Ep 547 | 배송 18/50 | 재적재 0 | 도착  18 | 2홉+ 0.70 | 도달  603 | 차단  275 | 정지 0.04 최장   1
Ep 548 | 배송 30/50 | 재적재 4 | 도착  38 | 2홉+ 0.63 | 도달  862 | 차단 1354 | 정지 0.84 최장  31
Ep 549 | 배송 24/50 | 재적재 3 | 도착  31 | 2홉+ 0.61 | 도달  791 | 차단  708 | 정지 0.28 최장   2
Ep 550 | 배송 15/50 | 재적재 0 | 도착  13 | 2홉+ 0.68 | 도달  595 | 차단  137 | 정지 0.00 최장   0
  [홀드아웃] 배송 14.7±8.3 재적재 0.8 2홉+ 0.48 | 최고 23.4@ep300 정체 5/15
Ep 551 | 배송 24/50 | 재적재 2 | 도착  27 | 2홉+ 0.58 | 도달  875 | 차단  898 | 정지 0.39 최장   6
Ep 552 | 배송 31/50 | 재적재 4 | 도착  35 | 2홉+ 0.57 | 도달  820 | 차단  530 | 정지 0.01 최장   6
Ep 553 | 배송 28/50 | 재적재 5 | 도착  31 | 2홉+ 0.52 | 도달  787 | 차단  680 | 정지 0.00 최장   3
Ep 554 | 배송 19/50 | 재적재 1 | 도착  21 | 2홉+ 0.51 | 도달  676 | 차단  821 | 정지 0.50 최장   1
Ep 555 | 배송 16/50 | 재적재 0 | 도착  16 | 2홉+ 0.67 | 도달  640 | 차단  136 | 정지 0.03 최장   1
Ep 556 | 배송 18/50 | 재적재 1 | 도착  19 | 2홉+ 0.64 | 도달  569 | 차단  737 | 정지 0.46 최장   4
Ep 557 | 배송 17/50 | 재적재 2 | 도착  18 | 2홉+ 0.64 | 도달  709 | 차단 2131 | 정지 0.86 최장  68
Ep 558 | 배송 27/50 | 재적재 4 | 도착  26 | 2홉+ 0.53 | 도달  958 | 차단 1130 | 정지 0.00 최장  68
Ep 559 | 배송 17/50 | 재적재 2 | 도착  21 | 2홉+ 0.47 | 도달  931 | 차단  989 | 정지 0.00 최장   3
Ep 560 | 배송 27/50 | 재적재 3 | 도착  34 | 2홉+ 0.62 | 도달  846 | 차단 1086 | 정지 0.61 최장  10
Ep 561 | 배송 27/50 | 재적재 3 | 도착  31 | 2홉+ 0.64 | 도달  737 | 차단  419 | 정지 0.30 최장   2
Ep 562 | 배송 18/50 | 재적재 1 | 도착  23 | 2홉+ 0.60 | 도달  791 | 차단  419 | 정지 0.15 최장   1
Ep 563 | 배송 17/50 | 재적재 2 | 도착  25 | 2홉+ 0.58 | 도달  741 | 차단  478 | 정지 0.42 최장   4
Ep 564 | 배송 22/50 | 재적재 3 | 도착  27 | 2홉+ 0.63 | 도달  756 | 차단 1183 | 정지 0.11 최장   9
Ep 565 | 배송 29/50 | 재적재 5 | 도착  36 | 2홉+ 0.58 | 도달  761 | 차단  283 | 정지 0.00 최장   2
Ep 566 | 배송 16/50 | 재적재 1 | 도착  12 | 2홉+ 0.67 | 도달  694 | 차단  384 | 정지 0.04 최장   1
Ep 567 | 배송 12/50 | 재적재 0 | 도착  15 | 2홉+ 0.66 | 도달  483 | 차단  455 | 정지 0.00 최장   4
Ep 568 | 배송 16/50 | 재적재 1 | 도착  18 | 2홉+ 0.53 | 도달  765 | 차단  447 | 정지 0.00 최장   2
Ep 569 | 배송 22/50 | 재적재 2 | 도착  25 | 2홉+ 0.51 | 도달  673 | 차단  791 | 정지 0.30 최장   3
Ep 570 | 배송 11/50 | 재적재 0 | 도착  14 | 2홉+ 0.70 | 도달  505 | 차단  483 | 정지 0.23 최장   1
Ep 571 | 배송 24/50 | 재적재 3 | 도착  26 | 2홉+ 0.56 | 도달  752 | 차단  766 | 정지 0.51 최장   6
Ep 572 | 배송 14/50 | 재적재 0 | 도착  16 | 2홉+ 0.43 | 도달  543 | 차단  361 | 정지 0.26 최장   3
Ep 573 | 배송 24/50 | 재적재 3 | 도착  30 | 2홉+ 0.64 | 도달  740 | 차단  871 | 정지 0.22 최장   3
Ep 574 | 배송 24/50 | 재적재 4 | 도착  31 | 2홉+ 0.54 | 도달  845 | 차단  873 | 정지 0.19 최장   3
Ep 575 | 배송 13/50 | 재적재 0 | 도착  15 | 2홉+ 0.69 | 도달  565 | 차단  525 | 정지 0.00 최장   5
Ep 576 | 배송 28/50 | 재적재 2 | 도착  34 | 2홉+ 0.58 | 도달  841 | 차단  747 | 정지 0.03 최장   3
Ep 577 | 배송 30/50 | 재적재 3 | 도착  27 | 2홉+ 0.60 | 도달  815 | 차단  521 | 정지 0.18 최장   3
Ep 578 | 배송 22/50 | 재적재 3 | 도착  30 | 2홉+ 0.58 | 도달  676 | 차단 1139 | 정지 0.32 최장   3
Ep 579 | 배송 27/50 | 재적재 4 | 도착  30 | 2홉+ 0.56 | 도달  762 | 차단  336 | 정지 0.00 최장   3
Ep 580 | 배송 25/50 | 재적재 4 | 도착  34 | 2홉+ 0.56 | 도달  728 | 차단  863 | 정지 0.04 최장   6
Ep 581 | 배송 18/50 | 재적재 0 | 도착  18 | 2홉+ 0.51 | 도달  641 | 차단 1514 | 정지 0.00 최장  41
Ep 582 | 배송 26/50 | 재적재 3 | 도착  29 | 2홉+ 0.57 | 도달  952 | 차단 1120 | 정지 0.87 최장   6
Ep 583 | 배송 24/50 | 재적재 2 | 도착  29 | 2홉+ 0.67 | 도달  843 | 차단  576 | 정지 0.21 최장   4
Ep 584 | 배송 28/50 | 재적재 5 | 도착  30 | 2홉+ 0.56 | 도달  953 | 차단  792 | 정지 0.23 최장   4
Ep 585 | 배송 10/50 | 재적재 0 | 도착  13 | 2홉+ 0.70 | 도달  466 | 차단  610 | 정지 0.28 최장   2
Ep 586 | 배송 26/50 | 재적재 3 | 도착  28 | 2홉+ 0.62 | 도달  791 | 차단  858 | 정지 0.14 최장   4
Ep 587 | 배송 10/50 | 재적재 0 | 도착  13 | 2홉+ 0.70 | 도달  467 | 차단  633 | 정지 0.24 최장   2
Ep 588 | 배송 10/50 | 재적재 0 | 도착  12 | 2홉+ 0.71 | 도달  460 | 차단  460 | 정지 0.14 최장   4
Ep 589 | 배송 23/50 | 재적재 2 | 도착  23 | 2홉+ 0.53 | 도달  755 | 차단  914 | 정지 0.24 최장   9
Ep 590 | 배송 10/50 | 재적재 0 | 도착  13 | 2홉+ 0.69 | 도달  445 | 차단  569 | 정지 0.15 최장   2
Ep 591 | 배송 24/50 | 재적재 2 | 도착  27 | 2홉+ 0.54 | 도달  863 | 차단 1118 | 정지 0.06 최장  26
Ep 592 | 배송 22/50 | 재적재 1 | 도착  22 | 2홉+ 0.59 | 도달  794 | 차단  715 | 정지 0.47 최장   4
Ep 593 | 배송 27/50 | 재적재 4 | 도착  27 | 2홉+ 0.58 | 도달  840 | 차단  644 | 정지 0.04 최장   5
Ep 594 | 배송 19/50 | 재적재 1 | 도착  20 | 2홉+ 0.65 | 도달  762 | 차단 1215 | 정지 0.00 최장   5
Ep 595 | 배송 24/50 | 재적재 3 | 도착  25 | 2홉+ 0.57 | 도달  851 | 차단 1010 | 정지 0.59 최장   6
Ep 596 | 배송 23/50 | 재적재 4 | 도착  28 | 2홉+ 0.53 | 도달  886 | 차단  825 | 정지 0.04 최장   9
Ep 597 | 배송 22/50 | 재적재 4 | 도착  26 | 2홉+ 0.53 | 도달  811 | 차단 1234 | 정지 0.34 최장   4
Ep 598 | 배송 15/50 | 재적재 1 | 도착  14 | 2홉+ 0.63 | 도달  602 | 차단 1433 | 정지 0.40 최장  14
Ep 599 | 배송 20/50 | 재적재 3 | 도착  23 | 2홉+ 0.37 | 도달  761 | 차단 1036 | 정지 0.65 최장   4
Ep 600 | 배송 17/50 | 재적재 1 | 도착  21 | 2홉+ 0.33 | 도달  674 | 차단  404 | 정지 0.12 최장   4
  [홀드아웃] 배송 8.6±3.7 재적재 0.2 2홉+ 0.57 | 최고 23.4@ep300 정체 6/15
Ep 601 | 배송 12/50 | 재적재 0 | 도착  15 | 2홉+ 0.17 | 도달  613 | 차단  286 | 정지 0.03 최장   4
Ep 602 | 배송 17/50 | 재적재 2 | 도착  21 | 2홉+ 0.37 | 도달  664 | 차단 1026 | 정지 0.03 최장  33
Ep 603 | 배송 24/50 | 재적재 4 | 도착  26 | 2홉+ 0.50 | 도달  709 | 차단  247 | 정지 0.00 최장   4
Ep 604 | 배송 11/50 | 재적재 0 | 도착  11 | 2홉+ 0.15 | 도달  621 | 차단  325 | 정지 0.66 최장   4
Ep 605 | 배송 17/50 | 재적재 1 | 도착  17 | 2홉+ 0.45 | 도달  670 | 차단  291 | 정지 0.06 최장   4
Ep 606 | 배송 25/50 | 재적재 4 | 도착  29 | 2홉+ 0.52 | 도달  797 | 차단  507 | 정지 0.55 최장   4
Ep 607 | 배송 29/50 | 재적재 3 | 도착  30 | 2홉+ 0.56 | 도달  887 | 차단  583 | 정지 0.32 최장   5
Ep 608 | 배송 18/50 | 재적재 3 | 도착  21 | 2홉+ 0.39 | 도달  792 | 차단  735 | 정지 0.04 최장   9
Ep 609 | 배송 23/50 | 재적재 3 | 도착  23 | 2홉+ 0.54 | 도달  859 | 차단  660 | 정지 0.01 최장   5
Ep 610 | 배송 14/50 | 재적재 1 | 도착  19 | 2홉+ 0.43 | 도달  550 | 차단  371 | 정지 0.04 최장   3
Ep 611 | 배송 22/50 | 재적재 3 | 도착  23 | 2홉+ 0.43 | 도달  894 | 차단 1169 | 정지 0.58 최장   6
Ep 612 | 배송 22/50 | 재적재 4 | 도착  26 | 2홉+ 0.39 | 도달  595 | 차단  182 | 정지 0.00 최장   4
Ep 613 | 배송 19/50 | 재적재 2 | 도착  26 | 2홉+ 0.45 | 도달  633 | 차단  840 | 정지 0.68 최장   5
Ep 614 | 배송 20/50 | 재적재 3 | 도착  23 | 2홉+ 0.43 | 도달  610 | 차단 1024 | 정지 0.38 최장   3
Ep 615 | 배송 16/50 | 재적재 0 | 도착  14 | 2홉+ 0.66 | 도달  764 | 차단 1827 | 정지 0.54 최장   5
Ep 616 | 배송 15/50 | 재적재 1 | 도착  18 | 2홉+ 0.48 | 도달  706 | 차단  407 | 정지 0.10 최장   4
Ep 617 | 배송 18/50 | 재적재 0 | 도착  18 | 2홉+ 0.51 | 도달  575 | 차단  301 | 정지 0.25 최장   3
Ep 618 | 배송 18/50 | 재적재 2 | 도착  20 | 2홉+ 0.37 | 도달  595 | 차단  557 | 정지 0.37 최장   3
Ep 619 | 배송  9/50 | 재적재 0 | 도착  12 | 2홉+ 0.36 | 도달  543 | 차단 1803 | 정지 0.57 최장   3
Ep 620 | 배송 27/50 | 재적재 3 | 도착  26 | 2홉+ 0.46 | 도달  715 | 차단  619 | 정지 0.20 최장   3
Ep 621 | 배송 18/50 | 재적재 3 | 도착  23 | 2홉+ 0.39 | 도달  785 | 차단  865 | 정지 0.39 최장   3
Ep 622 | 배송 17/50 | 재적재 1 | 도착  13 | 2홉+ 0.42 | 도달  683 | 차단  634 | 정지 0.26 최장   3
Ep 623 | 배송 18/50 | 재적재 3 | 도착  23 | 2홉+ 0.53 | 도달  857 | 차단 1053 | 정지 0.03 최장  12
Ep 624 | 배송 15/50 | 재적재 1 | 도착  14 | 2홉+ 0.39 | 도달  594 | 차단  407 | 정지 0.49 최장   2
Ep 625 | 배송 20/50 | 재적재 3 | 도착  22 | 2홉+ 0.48 | 도달  693 | 차단  651 | 정지 0.00 최장   6
Ep 626 | 배송 23/50 | 재적재 4 | 도착  26 | 2홉+ 0.55 | 도달  898 | 차단  745 | 정지 0.30 최장   5
Ep 627 | 배송 19/50 | 재적재 3 | 도착  23 | 2홉+ 0.55 | 도달  665 | 차단  272 | 정지 0.25 최장   2
Ep 628 | 배송 14/50 | 재적재 0 | 도착  14 | 2홉+ 0.39 | 도달  708 | 차단 1006 | 정지 0.55 최장   4
Ep 629 | 배송 17/50 | 재적재 2 | 도착  13 | 2홉+ 0.42 | 도달  586 | 차단  475 | 정지 0.05 최장   2
Ep 630 | 배송 17/50 | 재적재 1 | 도착  17 | 2홉+ 0.40 | 도달  625 | 차단  817 | 정지 0.74 최장   5
Ep 631 | 배송 19/50 | 재적재 3 | 도착  19 | 2홉+ 0.46 | 도달  595 | 차단 1013 | 정지 0.00 최장  18
Ep 632 | 배송 15/50 | 재적재 1 | 도착  15 | 2홉+ 0.49 | 도달  590 | 차단  800 | 정지 0.12 최장   2
Ep 633 | 배송 18/50 | 재적재 2 | 도착  18 | 2홉+ 0.48 | 도달  600 | 차단  471 | 정지 0.00 최장   4
Ep 634 | 배송  9/50 | 재적재 1 | 도착  10 | 2홉+ 0.30 | 도달  523 | 차단  447 | 정지 0.28 최장   1
Ep 635 | 배송 15/50 | 재적재 1 | 도착  14 | 2홉+ 0.36 | 도달  600 | 차단  545 | 정지 0.12 최장   3
Ep 636 | 배송 13/50 | 재적재 1 | 도착  12 | 2홉+ 0.44 | 도달  583 | 차단  758 | 정지 0.32 최장   2
Ep 637 | 배송 18/50 | 재적재 1 | 도착  18 | 2홉+ 0.31 | 도달  648 | 차단  538 | 정지 0.25 최장   2
Ep 638 | 배송 14/50 | 재적재 1 | 도착  15 | 2홉+ 0.34 | 도달  596 | 차단  246 | 정지 0.55 최장   2
Ep 639 | 배송 10/50 | 재적재 0 | 도착  12 | 2홉+ 0.28 | 도달  502 | 차단  833 | 정지 0.33 최장   4
Ep 640 | 배송 11/50 | 재적재 1 | 도착  12 | 2홉+ 0.49 | 도달  540 | 차단 1315 | 정지 0.00 최장   8
Ep 641 | 배송 12/50 | 재적재 0 | 도착  12 | 2홉+ 0.18 | 도달  547 | 차단   53 | 정지 0.20 최장   1
Ep 642 | 배송 14/50 | 재적재 2 | 도착  11 | 2홉+ 0.37 | 도달  597 | 차단  588 | 정지 0.27 최장   2
Ep 643 | 배송 19/50 | 재적재 3 | 도착  22 | 2홉+ 0.49 | 도달  711 | 차단 1098 | 정지 0.03 최장   2
Ep 644 | 배송 16/50 | 재적재 3 | 도착  16 | 2홉+ 0.44 | 도달  619 | 차단  680 | 정지 0.45 최장   1
Ep 645 | 배송 18/50 | 재적재 1 | 도착  16 | 2홉+ 0.48 | 도달  674 | 차단  481 | 정지 0.23 최장   2
Ep 646 | 배송 20/50 | 재적재 2 | 도착  22 | 2홉+ 0.54 | 도달  750 | 차단  323 | 정지 0.00 최장   2
Ep 647 | 배송 20/50 | 재적재 3 | 도착  28 | 2홉+ 0.56 | 도달  750 | 차단  898 | 정지 0.62 최장   9
Ep 648 | 배송 20/50 | 재적재 2 | 도착  21 | 2홉+ 0.50 | 도달  733 | 차단  595 | 정지 0.00 최장   4
Ep 649 | 배송 17/50 | 재적재 1 | 도착  18 | 2홉+ 0.52 | 도달  627 | 차단  272 | 정지 0.02 최장   3
Ep 650 | 배송 18/50 | 재적재 3 | 도착  19 | 2홉+ 0.45 | 도달  606 | 차단  341 | 정지 0.00 최장   5
  [홀드아웃] 배송 12.2±5.9 재적재 0.5 2홉+ 0.59 | 최고 23.4@ep300 정체 7/15
Ep 651 | 배송 11/50 | 재적재 1 | 도착  13 | 2홉+ 0.50 | 도달  555 | 차단  582 | 정지 0.00 최장   3
Ep 652 | 배송 20/50 | 재적재 2 | 도착  20 | 2홉+ 0.55 | 도달  658 | 차단  574 | 정지 0.20 최장   4
Ep 653 | 배송 20/50 | 재적재 2 | 도착  21 | 2홉+ 0.46 | 도달  662 | 차단  377 | 정지 0.14 최장   4
Ep 654 | 배송 12/50 | 재적재 0 | 도착  14 | 2홉+ 0.41 | 도달  643 | 차단 1236 | 정지 0.01 최장   5
Ep 655 | 배송 22/50 | 재적재 2 | 도착  26 | 2홉+ 0.57 | 도달  779 | 차단  550 | 정지 0.55 최장   2
Ep 656 | 배송 22/50 | 재적재 3 | 도착  24 | 2홉+ 0.46 | 도달  883 | 차단  611 | 정지 0.14 최장   3
Ep 657 | 배송 16/50 | 재적재 0 | 도착  17 | 2홉+ 0.56 | 도달  821 | 차단 1296 | 정지 0.37 최장   8
Ep 658 | 배송 16/50 | 재적재 1 | 도착  15 | 2홉+ 0.51 | 도달  650 | 차단 1566 | 정지 0.81 최장   4
Ep 659 | 배송 17/50 | 재적재 1 | 도착  17 | 2홉+ 0.56 | 도달  614 | 차단  940 | 정지 0.31 최장   2
Ep 660 | 배송 16/50 | 재적재 1 | 도착  16 | 2홉+ 0.38 | 도달  651 | 차단  372 | 정지 0.53 최장   3
Ep 661 | 배송 20/50 | 재적재 2 | 도착  23 | 2홉+ 0.59 | 도달  670 | 차단  851 | 정지 0.28 최장   9
Ep 662 | 배송 18/50 | 재적재 2 | 도착  21 | 2홉+ 0.54 | 도달  684 | 차단  504 | 정지 0.11 최장   4
Ep 663 | 배송 18/50 | 재적재 1 | 도착  23 | 2홉+ 0.48 | 도달  621 | 차단  451 | 정지 0.04 최장   3
Ep 664 | 배송 18/50 | 재적재 2 | 도착  22 | 2홉+ 0.41 | 도달  659 | 차단  239 | 정지 0.02 최장   4
Ep 665 | 배송 20/50 | 재적재 1 | 도착  22 | 2홉+ 0.63 | 도달  806 | 차단 1441 | 정지 0.19 최장   8
Ep 666 | 배송 17/50 | 재적재 1 | 도착  20 | 2홉+ 0.45 | 도달  783 | 차단  733 | 정지 0.01 최장   3
Ep 667 | 배송 15/50 | 재적재 1 | 도착  16 | 2홉+ 0.64 | 도달  681 | 차단 1372 | 정지 0.00 최장 103
Ep 668 | 배송 15/50 | 재적재 1 | 도착  16 | 2홉+ 0.36 | 도달  623 | 차단   97 | 정지 0.00 최장   2
Ep 669 | 배송 10/50 | 재적재 0 | 도착  12 | 2홉+ 0.62 | 도달  487 | 차단  365 | 정지 0.03 최장   0
Ep 670 | 배송 24/50 | 재적재 2 | 도착  27 | 2홉+ 0.46 | 도달  763 | 차단 1147 | 정지 0.26 최장   5
Ep 671 | 배송 17/50 | 재적재 2 | 도착  21 | 2홉+ 0.38 | 도달  720 | 차단 1199 | 정지 0.71 최장   4
Ep 672 | 배송 15/50 | 재적재 2 | 도착  20 | 2홉+ 0.50 | 도달  741 | 차단 1447 | 정지 0.75 최장  11
Ep 673 | 배송 15/50 | 재적재 2 | 도착  16 | 2홉+ 0.33 | 도달  582 | 차단 1216 | 정지 0.69 최장   3
Ep 674 | 배송 15/50 | 재적재 1 | 도착  21 | 2홉+ 0.49 | 도달  602 | 차단  227 | 정지 0.20 최장   3
Ep 675 | 배송 19/50 | 재적재 1 | 도착  18 | 2홉+ 0.41 | 도달  702 | 차단  572 | 정지 0.39 최장   3
Ep 676 | 배송 16/50 | 재적재 1 | 도착  17 | 2홉+ 0.46 | 도달  682 | 차단 1197 | 정지 0.16 최장   9
Ep 677 | 배송 20/50 | 재적재 0 | 도착  23 | 2홉+ 0.54 | 도달  692 | 차단  630 | 정지 0.04 최장   3
Ep 678 | 배송 18/50 | 재적재 3 | 도착  24 | 2홉+ 0.56 | 도달  693 | 차단  778 | 정지 0.30 최장   9
Ep 679 | 배송 19/50 | 재적재 3 | 도착  24 | 2홉+ 0.47 | 도달  605 | 차단  198 | 정지 0.20 최장   2
Ep 680 | 배송 17/50 | 재적재 2 | 도착  19 | 2홉+ 0.60 | 도달  635 | 차단 1388 | 정지 0.00 최장  13
Ep 681 | 배송 12/50 | 재적재 0 | 도착  14 | 2홉+ 0.27 | 도달  672 | 차단  526 | 정지 0.56 최장   4
Ep 682 | 배송 20/50 | 재적재 1 | 도착  22 | 2홉+ 0.58 | 도달  780 | 차단 1246 | 정지 0.06 최장   4
Ep 683 | 배송 18/50 | 재적재 0 | 도착  21 | 2홉+ 0.46 | 도달  932 | 차단  720 | 정지 0.41 최장   3
Ep 684 | 배송 20/50 | 재적재 2 | 도착  23 | 2홉+ 0.42 | 도달  703 | 차단  650 | 정지 0.00 최장   3
Ep 685 | 배송 15/50 | 재적재 0 | 도착  20 | 2홉+ 0.34 | 도달  927 | 차단  843 | 정지 0.96 최장  22
Ep 686 | 배송 14/50 | 재적재 0 | 도착  20 | 2홉+ 0.60 | 도달  779 | 차단 2122 | 정지 0.99 최장  25
Ep 687 | 배송 22/50 | 재적재 3 | 도착  25 | 2홉+ 0.41 | 도달  631 | 차단  446 | 정지 0.09 최장   3
Ep 688 | 배송 18/50 | 재적재 0 | 도착  21 | 2홉+ 0.62 | 도달  750 | 차단 2041 | 정지 0.79 최장  13
Ep 689 | 배송  4/50 | 재적재 0 | 도착   8 | 2홉+ 0.00 | 도달  277 | 차단    0 | 정지 0.00 최장   2
Ep 690 | 배송 11/50 | 재적재 0 | 도착  14 | 2홉+ 0.31 | 도달  486 | 차단  548 | 정지 0.02 최장   2
Ep 691 | 배송 14/50 | 재적재 0 | 도착  17 | 2홉+ 0.43 | 도달  623 | 차단 1405 | 정지 0.49 최장   4
Ep 692 | 배송 19/50 | 재적재 3 | 도착  23 | 2홉+ 0.44 | 도달  589 | 차단  590 | 정지 0.03 최장   4
Ep 693 | 배송  7/50 | 재적재 0 | 도착  10 | 2홉+ 0.03 | 도달  456 | 차단    9 | 정지 0.09 최장   2
Ep 694 | 배송  7/50 | 재적재 0 | 도착   7 | 2홉+ 0.09 | 도달  393 | 차단   13 | 정지 0.03 최장   0
Ep 695 | 배송  5/50 | 재적재 0 | 도착   9 | 2홉+ 0.01 | 도달  367 | 차단    1 | 정지 0.00 최장   0
Ep 696 | 배송 10/50 | 재적재 0 | 도착  10 | 2홉+ 0.12 | 도달  701 | 차단   89 | 정지 0.35 최장   1
Ep 697 | 배송  4/50 | 재적재 0 | 도착   7 | 2홉+ 0.00 | 도달  264 | 차단    0 | 정지 0.00 최장   0
Ep 698 | 배송  4/50 | 재적재 0 | 도착   8 | 2홉+ 0.00 | 도달  257 | 차단    0 | 정지 0.00 최장   0
Ep 699 | 배송  4/50 | 재적재 0 | 도착   6 | 2홉+ 0.00 | 도달  250 | 차단    0 | 정지 0.00 최장   2
Ep 700 | 배송  4/50 | 재적재 0 | 도착   9 | 2홉+ 0.00 | 도달  247 | 차단    0 | 정지 0.00 최장   1
  [홀드아웃] 배송 8.2±4.1 재적재 0.1 2홉+ 0.53 | 최고 23.4@ep300 정체 8/15
Ep 701 | 배송  4/50 | 재적재 0 | 도착   6 | 2홉+ 0.00 | 도달  270 | 차단    0 | 정지 0.00 최장   1
Ep 702 | 배송  4/50 | 재적재 0 | 도착   6 | 2홉+ 0.00 | 도달  250 | 차단    0 | 정지 0.00 최장   1
Ep 703 | 배송  4/50 | 재적재 0 | 도착   8 | 2홉+ 0.00 | 도달  268 | 차단    0 | 정지 0.00 최장   0
Ep 704 | 배송  4/50 | 재적재 0 | 도착   7 | 2홉+ 0.00 | 도달  268 | 차단    0 | 정지 0.00 최장   0
Ep 705 | 배송  4/50 | 재적재 0 | 도착   4 | 2홉+ 0.00 | 도달  264 | 차단    0 | 정지 0.00 최장   0
Ep 706 | 배송  4/50 | 재적재 0 | 도착   7 | 2홉+ 0.00 | 도달  290 | 차단    0 | 정지 0.00 최장   0
Ep 707 | 배송  4/50 | 재적재 0 | 도착   7 | 2홉+ 0.00 | 도달  275 | 차단    0 | 정지 0.00 최장   1
Ep 708 | 배송  4/50 | 재적재 0 | 도착   9 | 2홉+ 0.00 | 도달  289 | 차단    0 | 정지 0.00 최장   0
Ep 709 | 배송  4/50 | 재적재 0 | 도착   8 | 2홉+ 0.00 | 도달  283 | 차단    0 | 정지 0.00 최장   0
Ep 710 | 배송  4/50 | 재적재 0 | 도착   6 | 2홉+ 0.00 | 도달  271 | 차단    0 | 정지 0.00 최장   0
Ep 711 | 배송  4/50 | 재적재 0 | 도착   6 | 2홉+ 0.00 | 도달  283 | 차단    0 | 정지 0.00 최장   0
Ep 712 | 배송  4/50 | 재적재 0 | 도착   5 | 2홉+ 0.00 | 도달  287 | 차단    0 | 정지 0.00 최장   0
Ep 713 | 배송  4/50 | 재적재 0 | 도착   6 | 2홉+ 0.00 | 도달  288 | 차단    0 | 정지 0.00 최장   0
Ep 714 | 배송  4/50 | 재적재 0 | 도착   4 | 2홉+ 0.00 | 도달  293 | 차단    0 | 정지 0.00 최장   0
Ep 715 | 배송 17/50 | 재적재 2 | 도착  17 | 2홉+ 0.34 | 도달  596 | 차단  358 | 정지 0.01 최장   9
Ep 716 | 배송  4/50 | 재적재 0 | 도착   6 | 2홉+ 0.00 | 도달  292 | 차단    0 | 정지 0.00 최장   0
Ep 717 | 배송  4/50 | 재적재 0 | 도착   5 | 2홉+ 0.00 | 도달  255 | 차단    0 | 정지 0.00 최장   0
Ep 718 | 배송  4/50 | 재적재 0 | 도착   6 | 2홉+ 0.00 | 도달  285 | 차단    0 | 정지 0.00 최장   0
Ep 719 | 배송  4/50 | 재적재 0 | 도착   7 | 2홉+ 0.00 | 도달  246 | 차단    0 | 정지 0.00 최장   0
Ep 720 | 배송  4/50 | 재적재 0 | 도착   4 | 2홉+ 0.00 | 도달  282 | 차단    0 | 정지 0.00 최장   0
Ep 721 | 배송  4/50 | 재적재 0 | 도착   5 | 2홉+ 0.00 | 도달  290 | 차단    0 | 정지 0.00 최장   0
Ep 722 | 배송  4/50 | 재적재 0 | 도착   7 | 2홉+ 0.00 | 도달  272 | 차단    0 | 정지 0.00 최장   0
Ep 723 | 배송  4/50 | 재적재 0 | 도착   6 | 2홉+ 0.00 | 도달  291 | 차단    0 | 정지 0.00 최장   0
Ep 724 | 배송 18/50 | 재적재 2 | 도착  19 | 2홉+ 0.37 | 도달  651 | 차단  706 | 정지 0.86 최장   5
Ep 725 | 배송  5/50 | 재적재 0 | 도착   8 | 2홉+ 0.00 | 도달  312 | 차단    0 | 정지 0.00 최장   0
Ep 726 | 배송  4/50 | 재적재 0 | 도착   6 | 2홉+ 0.00 | 도달  296 | 차단    0 | 정지 0.00 최장   0
Ep 727 | 배송  4/50 | 재적재 0 | 도착   7 | 2홉+ 0.00 | 도달  268 | 차단    0 | 정지 0.00 최장   0
Ep 728 | 배송  4/50 | 재적재 0 | 도착   6 | 2홉+ 0.00 | 도달  281 | 차단    0 | 정지 0.00 최장   0
Ep 729 | 배송  4/50 | 재적재 0 | 도착   4 | 2홉+ 0.00 | 도달  260 | 차단    0 | 정지 0.00 최장   0
Ep 730 | 배송  4/50 | 재적재 0 | 도착   5 | 2홉+ 0.00 | 도달  253 | 차단    0 | 정지 0.00 최장   0
Ep 731 | 배송  4/50 | 재적재 0 | 도착   6 | 2홉+ 0.00 | 도달  284 | 차단    0 | 정지 0.00 최장   0
Ep 732 | 배송  4/50 | 재적재 0 | 도착   5 | 2홉+ 0.00 | 도달  247 | 차단    0 | 정지 0.00 최장   0
Ep 733 | 배송  4/50 | 재적재 0 | 도착   5 | 2홉+ 0.00 | 도달  259 | 차단    0 | 정지 0.00 최장   0
Ep 734 | 배송  4/50 | 재적재 0 | 도착   8 | 2홉+ 0.00 | 도달  253 | 차단    0 | 정지 0.00 최장   0
Ep 735 | 배송  4/50 | 재적재 0 | 도착   6 | 2홉+ 0.00 | 도달  247 | 차단    0 | 정지 0.00 최장   1
Ep 736 | 배송  4/50 | 재적재 0 | 도착   6 | 2홉+ 0.00 | 도달  252 | 차단    0 | 정지 0.00 최장   0
Ep 737 | 배송  4/50 | 재적재 0 | 도착   5 | 2홉+ 0.00 | 도달  273 | 차단    0 | 정지 0.00 최장   1
Ep 738 | 배송  4/50 | 재적재 0 | 도착   6 | 2홉+ 0.00 | 도달  257 | 차단    0 | 정지 0.00 최장   0
Ep 739 | 배송  4/50 | 재적재 0 | 도착   4 | 2홉+ 0.00 | 도달  284 | 차단    0 | 정지 0.00 최장   0
Ep 740 | 배송  4/50 | 재적재 0 | 도착   5 | 2홉+ 0.00 | 도달  288 | 차단    0 | 정지 0.00 최장   0
Ep 741 | 배송  4/50 | 재적재 0 | 도착   5 | 2홉+ 0.00 | 도달  266 | 차단    0 | 정지 0.00 최장   0
Ep 742 | 배송  4/50 | 재적재 0 | 도착   5 | 2홉+ 0.00 | 도달  261 | 차단    0 | 정지 0.00 최장   0
Ep 743 | 배송  4/50 | 재적재 0 | 도착   5 | 2홉+ 0.00 | 도달  249 | 차단    0 | 정지 0.00 최장   0
Ep 744 | 배송  4/50 | 재적재 0 | 도착   8 | 2홉+ 0.00 | 도달  255 | 차단    0 | 정지 0.00 최장   0
Ep 745 | 배송  4/50 | 재적재 0 | 도착   6 | 2홉+ 0.00 | 도달  263 | 차단    0 | 정지 0.00 최장   0
Ep 746 | 배송  4/50 | 재적재 0 | 도착   6 | 2홉+ 0.00 | 도달  260 | 차단    0 | 정지 0.00 최장   0
Ep 747 | 배송  4/50 | 재적재 0 | 도착   7 | 2홉+ 0.00 | 도달  257 | 차단    0 | 정지 0.00 최장   2
Ep 748 | 배송  4/50 | 재적재 0 | 도착   6 | 2홉+ 0.00 | 도달  259 | 차단    0 | 정지 0.00 최장   0
Ep 749 | 배송  4/50 | 재적재 0 | 도착   5 | 2홉+ 0.00 | 도달  246 | 차단    0 | 정지 0.00 최장   0
Ep 750 | 배송  4/50 | 재적재 0 | 도착   7 | 2홉+ 0.00 | 도달  280 | 차단    0 | 정지 0.00 최장   1
  [홀드아웃] 배송 5.8±4.8 재적재 0.1 2홉+ 0.25 | 최고 23.4@ep300 정체 9/15
Ep 751 | 배송  8/50 | 재적재 0 | 도착   7 | 2홉+ 0.03 | 도달  450 | 차단    0 | 정지 0.00 최장   0
Ep 752 | 배송  8/50 | 재적재 0 | 도착   8 | 2홉+ 0.03 | 도달  393 | 차단    0 | 정지 0.00 최장   0
Ep 753 | 배송  4/50 | 재적재 0 | 도착   4 | 2홉+ 0.00 | 도달  259 | 차단    0 | 정지 0.00 최장   0
Ep 754 | 배송 12/50 | 재적재 0 | 도착  13 | 2홉+ 0.44 | 도달  593 | 차단  243 | 정지 0.12 최장   1
Ep 755 | 배송  4/50 | 재적재 0 | 도착   6 | 2홉+ 0.00 | 도달  247 | 차단    0 | 정지 0.00 최장   0
Ep 756 | 배송  9/50 | 재적재 1 | 도착  10 | 2홉+ 0.15 | 도달  502 | 차단  129 | 정지 0.04 최장   2
Ep 757 | 배송  7/50 | 재적재 0 | 도착   7 | 2홉+ 0.48 | 도달  507 | 차단  151 | 정지 0.00 최장   0
Ep 758 | 배송  8/50 | 재적재 0 | 도착   8 | 2홉+ 0.43 | 도달  507 | 차단  385 | 정지 0.20 최장   2
Ep 759 | 배송 12/50 | 재적재 0 | 도착  10 | 2홉+ 0.24 | 도달  551 | 차단  668 | 정지 0.02 최장   5
Ep 760 | 배송  4/50 | 재적재 0 | 도착   4 | 2홉+ 0.00 | 도달  248 | 차단    0 | 정지 0.00 최장   1
Ep 761 | 배송  8/50 | 재적재 0 | 도착   9 | 2홉+ 0.30 | 도달  616 | 차단  405 | 정지 0.28 최장   0
Ep 762 | 배송  4/50 | 재적재 0 | 도착   5 | 2홉+ 0.00 | 도달  242 | 차단    0 | 정지 0.00 최장   0
Ep 763 | 배송  4/50 | 재적재 0 | 도착   6 | 2홉+ 0.00 | 도달  250 | 차단    0 | 정지 0.00 최장   0
Ep 764 | 배송 10/50 | 재적재 0 | 도착  12 | 2홉+ 0.33 | 도달  584 | 차단  283 | 정지 0.19 최장   4
Ep 765 | 배송  9/50 | 재적재 0 | 도착  10 | 2홉+ 0.16 | 도달  659 | 차단  238 | 정지 0.03 최장   1
Ep 766 | 배송  7/50 | 재적재 0 | 도착   7 | 2홉+ 0.01 | 도달  429 | 차단    0 | 정지 0.00 최장   0
Ep 767 | 배송 12/50 | 재적재 1 | 도착  17 | 2홉+ 0.22 | 도달  517 | 차단 1272 | 정지 0.10 최장   6
Ep 768 | 배송 14/50 | 재적재 1 | 도착  19 | 2홉+ 0.35 | 도달  722 | 차단  876 | 정지 0.76 최장   4
Ep 769 | 배송 11/50 | 재적재 1 | 도착  16 | 2홉+ 0.47 | 도달  511 | 차단 1952 | 정지 1.00 최장 171
Ep 770 | 배송 17/50 | 재적재 1 | 도착  15 | 2홉+ 0.71 | 도달  895 | 차단 1995 | 정지 0.32 최장 196
Ep 771 | 배송 10/50 | 재적재 0 | 도착  11 | 2홉+ 0.71 | 도달 1074 | 차단 2449 | 정지 1.00 최장  83
Ep 772 | 배송 16/50 | 재적재 1 | 도착  20 | 2홉+ 0.60 | 도달  785 | 차단 2680 | 정지 1.00 최장 396
Ep 773 | 배송 13/50 | 재적재 0 | 도착  15 | 2홉+ 0.67 | 도달  934 | 차단 2663 | 정지 0.92 최장  93
Ep 774 | 배송 16/50 | 재적재 0 | 도착  19 | 2홉+ 0.62 | 도달 1069 | 차단 1875 | 정지 0.01 최장   7
Ep 775 | 배송 18/50 | 재적재 2 | 도착  21 | 2홉+ 0.54 | 도달  804 | 차단 1351 | 정지 0.17 최장  12
Ep 776 | 배송 15/50 | 재적재 0 | 도착  11 | 2홉+ 0.51 | 도달  916 | 차단 2525 | 정지 0.71 최장   6
Ep 777 | 배송 18/50 | 재적재 2 | 도착  19 | 2홉+ 0.38 | 도달  756 | 차단  845 | 정지 0.16 최장   6
Ep 778 | 배송 18/50 | 재적재 1 | 도착  18 | 2홉+ 0.58 | 도달  812 | 차단  735 | 정지 0.04 최장   3
Ep 779 | 배송 13/50 | 재적재 0 | 도착  13 | 2홉+ 0.55 | 도달  565 | 차단 1866 | 정지 0.07 최장 183
Ep 780 | 배송 18/50 | 재적재 3 | 도착  19 | 2홉+ 0.51 | 도달  944 | 차단  956 | 정지 0.11 최장   3
Ep 781 | 배송 13/50 | 재적재 0 | 도착  14 | 2홉+ 0.61 | 도달  691 | 차단  943 | 정지 0.52 최장   4
Ep 782 | 배송 14/50 | 재적재 1 | 도착  16 | 2홉+ 0.51 | 도달  612 | 차단 1480 | 정지 0.75 최장  22
Ep 783 | 배송  9/50 | 재적재 0 | 도착  11 | 2홉+ 0.58 | 도달  609 | 차단  538 | 정지 0.00 최장   2
Ep 784 | 배송 22/50 | 재적재 2 | 도착  20 | 2홉+ 0.54 | 도달  767 | 차단  897 | 정지 0.17 최장   5
Ep 785 | 배송 16/50 | 재적재 1 | 도착  17 | 2홉+ 0.56 | 도달  632 | 차단  715 | 정지 0.69 최장   2
Ep 786 | 배송 22/50 | 재적재 1 | 도착  23 | 2홉+ 0.66 | 도달  698 | 차단  976 | 정지 0.29 최장   2
Ep 787 | 배송 20/50 | 재적재 1 | 도착  18 | 2홉+ 0.49 | 도달  856 | 차단 1236 | 정지 0.37 최장  18
Ep 788 | 배송 11/50 | 재적재 0 | 도착  12 | 2홉+ 0.40 | 도달  809 | 차단 1152 | 정지 0.90 최장  13
Ep 789 | 배송 13/50 | 재적재 2 | 도착  17 | 2홉+ 0.40 | 도달  609 | 차단  728 | 정지 0.73 최장   4
Ep 790 | 배송 19/50 | 재적재 0 | 도착  18 | 2홉+ 0.70 | 도달 1049 | 차단 1917 | 정지 0.09 최장  97
Ep 791 | 배송 11/50 | 재적재 0 | 도착  13 | 2홉+ 0.34 | 도달  903 | 차단 1179 | 정지 1.00 최장 176
Ep 792 | 배송  5/50 | 재적재 0 | 도착   8 | 2홉+ 0.02 | 도달  333 | 차단    0 | 정지 0.00 최장   1
Ep 793 | 배송  5/50 | 재적재 0 | 도착   8 | 2홉+ 0.04 | 도달  375 | 차단   25 | 정지 0.00 최장   3
Ep 794 | 배송 20/50 | 재적재 1 | 도착  19 | 2홉+ 0.68 | 도달  875 | 차단 1430 | 정지 0.80 최장  21
Ep 795 | 배송 16/50 | 재적재 0 | 도착  21 | 2홉+ 0.52 | 도달  975 | 차단 1849 | 정지 1.00 최장  68
Ep 796 | 배송 16/50 | 재적재 0 | 도착  18 | 2홉+ 0.58 | 도달  686 | 차단  354 | 정지 0.01 최장   2
Ep 797 | 배송 16/50 | 재적재 0 | 도착  15 | 2홉+ 0.27 | 도달  698 | 차단  153 | 정지 0.05 최장   2
Ep 798 | 배송  5/50 | 재적재 0 | 도착   8 | 2홉+ 0.00 | 도달  278 | 차단    0 | 정지 0.00 최장   1
Ep 799 | 배송  5/50 | 재적재 0 | 도착  10 | 2홉+ 0.00 | 도달  283 | 차단    0 | 정지 0.00 최장   1
Ep 800 | 배송 11/50 | 재적재 1 | 도착  14 | 2홉+ 0.22 | 도달  557 | 차단  651 | 정지 0.00 최장  19
  [홀드아웃] 배송 6.6±4.5 재적재 0.1 2홉+ 0.25 | 최고 23.4@ep300 정체 10/15
Ep 801 | 배송 18/50 | 재적재 2 | 도착  23 | 2홉+ 0.38 | 도달  656 | 차단  765 | 정지 0.84 최장   5
Ep 802 | 배송  6/50 | 재적재 0 | 도착  10 | 2홉+ 0.04 | 도달  446 | 차단    8 | 정지 0.00 최장   2
Ep 803 | 배송 11/50 | 재적재 0 | 도착  13 | 2홉+ 0.29 | 도달  463 | 차단  611 | 정지 0.00 최장   2
Ep 804 | 배송  7/50 | 재적재 0 | 도착   8 | 2홉+ 0.07 | 도달  467 | 차단  151 | 정지 0.00 최장   0
Ep 805 | 배송 12/50 | 재적재 0 | 도착  11 | 2홉+ 0.19 | 도달  579 | 차단   91 | 정지 0.11 최장   1
Ep 806 | 배송 17/50 | 재적재 1 | 도착  19 | 2홉+ 0.51 | 도달  646 | 차단  469 | 정지 0.33 최장   1
Ep 807 | 배송 15/50 | 재적재 0 | 도착  15 | 2홉+ 0.23 | 도달  696 | 차단  201 | 정지 0.26 최장   1
Ep 808 | 배송 19/50 | 재적재 2 | 도착  22 | 2홉+ 0.52 | 도달  648 | 차단  765 | 정지 0.94 최장   8
Ep 809 | 배송  5/50 | 재적재 0 | 도착  10 | 2홉+ 0.00 | 도달  279 | 차단    0 | 정지 0.00 최장   2
Ep 810 | 배송  5/50 | 재적재 0 | 도착   7 | 2홉+ 0.00 | 도달  270 | 차단    0 | 정지 0.00 최장   2
Ep 811 | 배송 11/50 | 재적재 0 | 도착  13 | 2홉+ 0.18 | 도달  529 | 차단  256 | 정지 0.29 최장   0
Ep 812 | 배송  6/50 | 재적재 0 | 도착   7 | 2홉+ 0.02 | 도달  348 | 차단   69 | 정지 0.13 최장   0
Ep 813 | 배송  4/50 | 재적재 0 | 도착   5 | 2홉+ 0.00 | 도달  222 | 차단    0 | 정지 0.00 최장   2
Ep 814 | 배송  4/50 | 재적재 0 | 도착   7 | 2홉+ 0.00 | 도달  223 | 차단    0 | 정지 0.00 최장   1
Ep 815 | 배송  4/50 | 재적재 0 | 도착   8 | 2홉+ 0.00 | 도달  230 | 차단    0 | 정지 0.00 최장   3
Ep 816 | 배송  4/50 | 재적재 0 | 도착   7 | 2홉+ 0.00 | 도달  231 | 차단    0 | 정지 0.00 최장   1
Ep 817 | 배송  4/50 | 재적재 0 | 도착   7 | 2홉+ 0.00 | 도달  227 | 차단    0 | 정지 0.00 최장   2
Ep 818 | 배송  4/50 | 재적재 0 | 도착   6 | 2홉+ 0.00 | 도달  227 | 차단    0 | 정지 0.00 최장   3
Ep 819 | 배송  4/50 | 재적재 0 | 도착   5 | 2홉+ 0.00 | 도달  235 | 차단    0 | 정지 0.00 최장   0
Ep 820 | 배송  4/50 | 재적재 0 | 도착   5 | 2홉+ 0.00 | 도달  227 | 차단    0 | 정지 0.00 최장   0
Ep 821 | 배송  4/50 | 재적재 0 | 도착   5 | 2홉+ 0.00 | 도달  248 | 차단    0 | 정지 0.00 최장   0
Ep 822 | 배송  4/50 | 재적재 0 | 도착   5 | 2홉+ 0.00 | 도달  231 | 차단    0 | 정지 0.00 최장   2
Ep 823 | 배송  6/50 | 재적재 0 | 도착   7 | 2홉+ 0.02 | 도달  400 | 차단   28 | 정지 0.17 최장   1
Ep 824 | 배송  4/50 | 재적재 0 | 도착   5 | 2홉+ 0.00 | 도달  248 | 차단    0 | 정지 0.00 최장   1
Ep 825 | 배송  4/50 | 재적재 0 | 도착   4 | 2홉+ 0.00 | 도달  231 | 차단    0 | 정지 0.00 최장   0
Ep 826 | 배송  4/50 | 재적재 0 | 도착   8 | 2홉+ 0.00 | 도달  239 | 차단    0 | 정지 0.00 최장   3
Ep 827 | 배송  4/50 | 재적재 0 | 도착   5 | 2홉+ 0.00 | 도달  240 | 차단    0 | 정지 0.00 최장   0
Ep 828 | 배송  4/50 | 재적재 0 | 도착   6 | 2홉+ 0.00 | 도달  231 | 차단    0 | 정지 0.00 최장   1
Ep 829 | 배송  4/50 | 재적재 0 | 도착   7 | 2홉+ 0.00 | 도달  232 | 차단    0 | 정지 0.00 최장   0
Ep 830 | 배송  4/50 | 재적재 0 | 도착   6 | 2홉+ 0.00 | 도달  235 | 차단    0 | 정지 0.00 최장   0
Ep 831 | 배송  4/50 | 재적재 0 | 도착   8 | 2홉+ 0.00 | 도달  230 | 차단    0 | 정지 0.00 최장   3
Ep 832 | 배송 11/50 | 재적재 0 | 도착  13 | 2홉+ 0.32 | 도달  853 | 차단  819 | 정지 0.99 최장  25
Ep 833 | 배송 13/50 | 재적재 2 | 도착  16 | 2홉+ 0.36 | 도달  559 | 차단 1175 | 정지 0.53 최장   5
Ep 834 | 배송  4/50 | 재적재 0 | 도착   6 | 2홉+ 0.00 | 도달  248 | 차단    0 | 정지 0.00 최장   1
Ep 835 | 배송  4/50 | 재적재 0 | 도착   3 | 2홉+ 0.00 | 도달  279 | 차단    0 | 정지 0.00 최장   1
Ep 836 | 배송  4/50 | 재적재 0 | 도착   3 | 2홉+ 0.00 | 도달  266 | 차단    0 | 정지 0.00 최장   0
Ep 837 | 배송 10/50 | 재적재 0 | 도착  10 | 2홉+ 0.07 | 도달  409 | 차단   13 | 정지 0.00 최장   0
Ep 838 | 배송  4/50 | 재적재 0 | 도착   3 | 2홉+ 0.00 | 도달  243 | 차단    0 | 정지 0.00 최장   0
Ep 839 | 배송  4/50 | 재적재 0 | 도착   7 | 2홉+ 0.00 | 도달  241 | 차단    0 | 정지 0.00 최장   0
Ep 840 | 배송 15/50 | 재적재 1 | 도착  19 | 2홉+ 0.35 | 도달  526 | 차단 1073 | 정지 0.00 최장   7
Ep 841 | 배송 18/50 | 재적재 0 | 도착  16 | 2홉+ 0.52 | 도달  711 | 차단 2143 | 정지 1.00 최장 196
Ep 842 | 배송 15/50 | 재적재 0 | 도착  17 | 2홉+ 0.27 | 도달  641 | 차단  301 | 정지 0.21 최장   2
Ep 843 | 배송  4/50 | 재적재 0 | 도착   4 | 2홉+ 0.00 | 도달  257 | 차단    0 | 정지 0.00 최장   1
Ep 844 | 배송  4/50 | 재적재 0 | 도착   4 | 2홉+ 0.00 | 도달  240 | 차단    0 | 정지 0.00 최장   0
Ep 845 | 배송  4/50 | 재적재 0 | 도착   4 | 2홉+ 0.00 | 도달  234 | 차단    0 | 정지 0.00 최장   0
Ep 846 | 배송 10/50 | 재적재 0 | 도착   9 | 2홉+ 0.08 | 도달  449 | 차단   84 | 정지 0.17 최장   0
Ep 847 | 배송 18/50 | 재적재 3 | 도착  16 | 2홉+ 0.54 | 도달  905 | 차단 1596 | 정지 0.00 최장  37
Ep 848 | 배송  4/50 | 재적재 0 | 도착   5 | 2홉+ 0.00 | 도달  244 | 차단    0 | 정지 0.00 최장   1
Ep 849 | 배송 14/50 | 재적재 2 | 도착  15 | 2홉+ 0.50 | 도달  702 | 차단  480 | 정지 0.05 최장   2
Ep 850 | 배송 10/50 | 재적재 0 | 도착  11 | 2홉+ 0.23 | 도달  512 | 차단  421 | 정지 0.00 최장   1
  [홀드아웃] 배송 5.8±5.1 재적재 0.1 2홉+ 0.24 | 최고 23.4@ep300 정체 11/15
Ep 851 | 배송 10/50 | 재적재 0 | 도착   8 | 2홉+ 0.38 | 도달  590 | 차단 1112 | 정지 0.74 최장   5
Ep 852 | 배송 11/50 | 재적재 1 | 도착  14 | 2홉+ 0.34 | 도달  529 | 차단 1216 | 정지 0.99 최장  63
Ep 853 | 배송 13/50 | 재적재 1 | 도착  12 | 2홉+ 0.33 | 도달  575 | 차단  497 | 정지 0.00 최장   2
Ep 854 | 배송 14/50 | 재적재 0 | 도착  11 | 2홉+ 0.47 | 도달  674 | 차단  890 | 정지 0.65 최장   3
Ep 855 | 배송 12/50 | 재적재 0 | 도착  13 | 2홉+ 0.48 | 도달  637 | 차단  949 | 정지 0.00 최장  48
Ep 856 | 배송 13/50 | 재적재 0 | 도착  11 | 2홉+ 0.52 | 도달  990 | 차단 2168 | 정지 0.80 최장   4
Ep 857 | 배송 14/50 | 재적재 0 | 도착  13 | 2홉+ 0.63 | 도달  713 | 차단 1624 | 정지 0.73 최장   7
Ep 858 | 배송 13/50 | 재적재 1 | 도착  11 | 2홉+ 0.49 | 도달  701 | 차단 1742 | 정지 0.87 최장   5
Ep 859 | 배송 15/50 | 재적재 0 | 도착  14 | 2홉+ 0.50 | 도달  816 | 차단 1532 | 정지 0.87 최장  16
Ep 860 | 배송 15/50 | 재적재 0 | 도착  16 | 2홉+ 0.38 | 도달  657 | 차단  610 | 정지 0.52 최장  10
Ep 861 | 배송 10/50 | 재적재 1 | 도착  10 | 2홉+ 0.35 | 도달  502 | 차단  940 | 정지 0.62 최장   2
Ep 862 | 배송 14/50 | 재적재 0 | 도착  13 | 2홉+ 0.63 | 도달  780 | 차단 1461 | 정지 0.47 최장  10
Ep 863 | 배송 10/50 | 재적재 0 | 도착  11 | 2홉+ 0.38 | 도달  678 | 차단  987 | 정지 0.04 최장   5
Ep 864 | 배송 10/50 | 재적재 0 | 도착   9 | 2홉+ 0.20 | 도달  515 | 차단  244 | 정지 0.01 최장   1
Ep 865 | 배송 12/50 | 재적재 1 | 도착  14 | 2홉+ 0.42 | 도달  477 | 차단  165 | 정지 0.03 최장   0
Ep 866 | 배송  4/50 | 재적재 0 | 도착   4 | 2홉+ 0.00 | 도달  238 | 차단    0 | 정지 0.00 최장   0
Ep 867 | 배송 19/50 | 재적재 2 | 도착  20 | 2홉+ 0.32 | 도달  674 | 차단  500 | 정지 0.46 최장   3
Ep 868 | 배송  4/50 | 재적재 0 | 도착   4 | 2홉+ 0.00 | 도달  231 | 차단    0 | 정지 0.00 최장   0
Ep 869 | 배송 14/50 | 재적재 1 | 도착  13 | 2홉+ 0.43 | 도달  546 | 차단 1143 | 정지 0.91 최장   7
Ep 870 | 배송 10/50 | 재적재 0 | 도착  10 | 2홉+ 0.40 | 도달  533 | 차단  368 | 정지 0.28 최장   2
Ep 871 | 배송  4/50 | 재적재 0 | 도착   5 | 2홉+ 0.00 | 도달  237 | 차단    0 | 정지 0.00 최장   6
Ep 872 | 배송  4/50 | 재적재 0 | 도착   6 | 2홉+ 0.00 | 도달  238 | 차단    0 | 정지 0.00 최장   1
Ep 873 | 배송  5/50 | 재적재 0 | 도착   6 | 2홉+ 0.00 | 도달  330 | 차단    0 | 정지 0.00 최장   3
Ep 874 | 배송  4/50 | 재적재 0 | 도착   6 | 2홉+ 0.00 | 도달  242 | 차단    0 | 정지 0.00 최장   2
Ep 875 | 배송  4/50 | 재적재 0 | 도착   6 | 2홉+ 0.00 | 도달  236 | 차단    0 | 정지 0.00 최장   4
Ep 876 | 배송  4/50 | 재적재 0 | 도착   6 | 2홉+ 0.00 | 도달  231 | 차단    0 | 정지 0.00 최장   3
Ep 877 | 배송  4/50 | 재적재 0 | 도착   6 | 2홉+ 0.00 | 도달  230 | 차단    0 | 정지 0.00 최장   3
Ep 878 | 배송  4/50 | 재적재 0 | 도착   6 | 2홉+ 0.00 | 도달  227 | 차단    0 | 정지 0.00 최장   3
Ep 879 | 배송  4/50 | 재적재 0 | 도착   5 | 2홉+ 0.00 | 도달  235 | 차단    0 | 정지 0.00 최장   4
Ep 880 | 배송 13/50 | 재적재 0 | 도착  12 | 2홉+ 0.22 | 도달  575 | 차단  205 | 정지 0.05 최장   4
Ep 881 | 배송 10/50 | 재적재 0 | 도착   7 | 2홉+ 0.17 | 도달  504 | 차단   49 | 정지 0.01 최장   5
Ep 882 | 배송  4/50 | 재적재 0 | 도착   6 | 2홉+ 0.00 | 도달  240 | 차단    0 | 정지 0.00 최장   4
Ep 883 | 배송  4/50 | 재적재 0 | 도착   6 | 2홉+ 0.00 | 도달  257 | 차단    0 | 정지 0.00 최장   2
Ep 884 | 배송 11/50 | 재적재 0 | 도착  15 | 2홉+ 0.04 | 도달  519 | 차단   44 | 정지 0.38 최장   4
Ep 885 | 배송 17/50 | 재적재 1 | 도착  20 | 2홉+ 0.29 | 도달  650 | 차단  545 | 정지 0.05 최장   3
Ep 886 | 배송  4/50 | 재적재 0 | 도착   8 | 2홉+ 0.00 | 도달  261 | 차단    0 | 정지 0.00 최장   3
Ep 887 | 배송 11/50 | 재적재 1 | 도착  14 | 2홉+ 0.42 | 도달  561 | 차단  848 | 정지 0.38 최장  15
Ep 888 | 배송  4/50 | 재적재 0 | 도착   9 | 2홉+ 0.00 | 도달  259 | 차단    0 | 정지 0.00 최장   3
Ep 889 | 배송 11/50 | 재적재 0 | 도착  11 | 2홉+ 0.06 | 도달  538 | 차단   99 | 정지 0.17 최장   3
Ep 890 | 배송 10/50 | 재적재 0 | 도착   9 | 2홉+ 0.42 | 도달  556 | 차단 1890 | 정지 0.93 최장  26
Ep 891 | 배송  4/50 | 재적재 0 | 도착   6 | 2홉+ 0.00 | 도달  226 | 차단    0 | 정지 0.00 최장   2
Ep 892 | 배송 12/50 | 재적재 1 | 도착  17 | 2홉+ 0.46 | 도달  577 | 차단 1193 | 정지 0.57 최장  23
Ep 893 | 배송  4/50 | 재적재 0 | 도착   5 | 2홉+ 0.00 | 도달  232 | 차단    0 | 정지 0.00 최장   4
Ep 894 | 배송  4/50 | 재적재 0 | 도착   6 | 2홉+ 0.00 | 도달  228 | 차단    0 | 정지 0.00 최장   3
Ep 895 | 배송  4/50 | 재적재 0 | 도착   8 | 2홉+ 0.00 | 도달  235 | 차단    0 | 정지 0.00 최장   1
Ep 896 | 배송  4/50 | 재적재 0 | 도착   8 | 2홉+ 0.00 | 도달  231 | 차단    0 | 정지 0.00 최장   2
Ep 897 | 배송  4/50 | 재적재 0 | 도착   8 | 2홉+ 0.00 | 도달  238 | 차단    0 | 정지 0.00 최장   2
Ep 898 | 배송  4/50 | 재적재 0 | 도착   7 | 2홉+ 0.00 | 도달  229 | 차단    0 | 정지 0.00 최장   1
Ep 899 | 배송  5/50 | 재적재 0 | 도착   6 | 2홉+ 0.03 | 도달  369 | 차단    0 | 정지 0.00 최장   0
Ep 900 | 배송  4/50 | 재적재 0 | 도착   5 | 2홉+ 0.00 | 도달  222 | 차단    0 | 정지 0.00 최장   1
  [홀드아웃] 배송 8.8±4.9 재적재 0.0 2홉+ 0.48 | 최고 23.4@ep300 정체 12/15
Ep 901 | 배송  4/50 | 재적재 0 | 도착   8 | 2홉+ 0.00 | 도달  233 | 차단    0 | 정지 0.00 최장   0
Ep 902 | 배송 17/50 | 재적재 1 | 도착  22 | 2홉+ 0.61 | 도달  638 | 차단  775 | 정지 0.00 최장   3
Ep 903 | 배송 17/50 | 재적재 1 | 도착  20 | 2홉+ 0.64 | 도달  687 | 차단 1040 | 정지 0.36 최장   3
Ep 904 | 배송 14/50 | 재적재 0 | 도착  13 | 2홉+ 0.64 | 도달  682 | 차단 1199 | 정지 0.62 최장   3
Ep 905 | 배송 16/50 | 재적재 0 | 도착  12 | 2홉+ 0.50 | 도달  658 | 차단  846 | 정지 0.49 최장   2
Ep 906 | 배송 13/50 | 재적재 0 | 도착  12 | 2홉+ 0.50 | 도달  677 | 차단 1448 | 정지 0.66 최장   6
Ep 907 | 배송 16/50 | 재적재 1 | 도착  15 | 2홉+ 0.57 | 도달  814 | 차단  908 | 정지 0.10 최장   3
Ep 908 | 배송 15/50 | 재적재 1 | 도착  15 | 2홉+ 0.47 | 도달  598 | 차단 1245 | 정지 0.66 최장   4
Ep 909 | 배송 15/50 | 재적재 1 | 도착  15 | 2홉+ 0.51 | 도달  780 | 차단  885 | 정지 0.71 최장   4
Ep 910 | 배송 15/50 | 재적재 0 | 도착  15 | 2홉+ 0.38 | 도달  564 | 차단  839 | 정지 0.00 최장   3
Ep 911 | 배송 16/50 | 재적재 0 | 도착  16 | 2홉+ 0.46 | 도달  682 | 차단 1279 | 정지 0.45 최장  29
Ep 912 | 배송 12/50 | 재적재 1 | 도착  16 | 2홉+ 0.36 | 도달  494 | 차단  981 | 정지 0.05 최장   9
Ep 913 | 배송  9/50 | 재적재 0 | 도착   9 | 2홉+ 0.09 | 도달  456 | 차단   81 | 정지 0.00 최장   1
Ep 914 | 배송  4/50 | 재적재 0 | 도착   5 | 2홉+ 0.00 | 도달  236 | 차단    0 | 정지 0.00 최장   1
Ep 915 | 배송  4/50 | 재적재 0 | 도착   6 | 2홉+ 0.00 | 도달  247 | 차단    0 | 정지 0.00 최장   0
Ep 916 | 배송  4/50 | 재적재 0 | 도착   7 | 2홉+ 0.00 | 도달  236 | 차단    0 | 정지 0.00 최장   2
Ep 917 | 배송  4/50 | 재적재 0 | 도착   4 | 2홉+ 0.00 | 도달  231 | 차단    0 | 정지 0.00 최장   0
Ep 918 | 배송  4/50 | 재적재 0 | 도착   4 | 2홉+ 0.00 | 도달  229 | 차단    0 | 정지 0.00 최장   1
Ep 919 | 배송  8/50 | 재적재 0 | 도착  10 | 2홉+ 0.13 | 도달  708 | 차단  301 | 정지 0.87 최장   4
Ep 920 | 배송  4/50 | 재적재 0 | 도착   6 | 2홉+ 0.00 | 도달  233 | 차단    0 | 정지 0.00 최장   3
Ep 921 | 배송  4/50 | 재적재 0 | 도착   8 | 2홉+ 0.00 | 도달  230 | 차단    0 | 정지 0.00 최장   3
Ep 922 | 배송  9/50 | 재적재 0 | 도착  10 | 2홉+ 0.05 | 도달  469 | 차단   21 | 정지 0.04 최장   4
Ep 923 | 배송  4/50 | 재적재 0 | 도착   5 | 2홉+ 0.00 | 도달  230 | 차단    0 | 정지 0.00 최장   3
Ep 924 | 배송 11/50 | 재적재 1 | 도착  11 | 2홉+ 0.39 | 도달  555 | 차단 1043 | 정지 0.26 최장  70
Ep 925 | 배송  9/50 | 재적재 0 | 도착  11 | 2홉+ 0.41 | 도달  490 | 차단  326 | 정지 0.37 최장   4
Ep 926 | 배송 11/50 | 재적재 0 | 도착  14 | 2홉+ 0.20 | 도달  607 | 차단  329 | 정지 0.59 최장   3
Ep 927 | 배송  4/50 | 재적재 0 | 도착   7 | 2홉+ 0.00 | 도달  233 | 차단    0 | 정지 0.00 최장   3
Ep 928 | 배송  4/50 | 재적재 0 | 도착   8 | 2홉+ 0.00 | 도달  240 | 차단    0 | 정지 0.00 최장   3
Ep 929 | 배송 12/50 | 재적재 1 | 도착  14 | 2홉+ 0.23 | 도달  570 | 차단  618 | 정지 0.60 최장   5
Ep 930 | 배송  5/50 | 재적재 0 | 도착  10 | 2홉+ 0.00 | 도달  234 | 차단    0 | 정지 0.00 최장   3
Ep 931 | 배송  4/50 | 재적재 0 | 도착   9 | 2홉+ 0.00 | 도달  262 | 차단    0 | 정지 0.00 최장   2
Ep 932 | 배송 10/50 | 재적재 0 | 도착  13 | 2홉+ 0.48 | 도달  535 | 차단 1856 | 정지 0.29 최장 217
Ep 933 | 배송 15/50 | 재적재 0 | 도착  16 | 2홉+ 0.36 | 도달  631 | 차단  180 | 정지 0.50 최장   3
Ep 934 | 배송 12/50 | 재적재 0 | 도착  14 | 2홉+ 0.42 | 도달  621 | 차단 1229 | 정지 0.40 최장   3
Ep 935 | 배송  4/50 | 재적재 0 | 도착   7 | 2홉+ 0.00 | 도달  237 | 차단    0 | 정지 0.00 최장   2
Ep 936 | 배송  6/50 | 재적재 0 | 도착   8 | 2홉+ 0.01 | 도달  365 | 차단    0 | 정지 0.00 최장   2
Ep 937 | 배송  4/50 | 재적재 0 | 도착   8 | 2홉+ 0.00 | 도달  242 | 차단    0 | 정지 0.00 최장   3
Ep 938 | 배송  4/50 | 재적재 0 | 도착   9 | 2홉+ 0.00 | 도달  240 | 차단    0 | 정지 0.00 최장   2
Ep 939 | 배송  8/50 | 재적재 0 | 도착  11 | 2홉+ 0.05 | 도달  437 | 차단    2 | 정지 0.02 최장   2
Ep 940 | 배송  4/50 | 재적재 0 | 도착  10 | 2홉+ 0.00 | 도달  239 | 차단    0 | 정지 0.00 최장   2
Ep 941 | 배송  4/50 | 재적재 0 | 도착   6 | 2홉+ 0.00 | 도달  225 | 차단    0 | 정지 0.00 최장   0
Ep 942 | 배송  4/50 | 재적재 0 | 도착   9 | 2홉+ 0.00 | 도달  233 | 차단    0 | 정지 0.00 최장   0
Ep 943 | 배송  4/50 | 재적재 0 | 도착   6 | 2홉+ 0.00 | 도달  239 | 차단    0 | 정지 0.00 최장   2
Ep 944 | 배송  4/50 | 재적재 0 | 도착   6 | 2홉+ 0.00 | 도달  233 | 차단    0 | 정지 0.00 최장   0
Ep 945 | 배송 13/50 | 재적재 1 | 도착  17 | 2홉+ 0.43 | 도달  585 | 차단  896 | 정지 0.02 최장   4
Ep 946 | 배송 16/50 | 재적재 0 | 도착  15 | 2홉+ 0.29 | 도달  658 | 차단  169 | 정지 0.15 최장   1
Ep 947 | 배송  8/50 | 재적재 0 | 도착  10 | 2홉+ 0.07 | 도달  520 | 차단    1 | 정지 0.00 최장   0
Ep 948 | 배송 16/50 | 재적재 1 | 도착  20 | 2홉+ 0.20 | 도달  641 | 차단  121 | 정지 0.08 최장   5
Ep 949 | 배송 16/50 | 재적재 0 | 도착  18 | 2홉+ 0.41 | 도달  590 | 차단  539 | 정지 0.47 최장   3
Ep 950 | 배송 12/50 | 재적재 0 | 도착  14 | 2홉+ 0.16 | 도달  547 | 차단   27 | 정지 0.03 최장   1
  [홀드아웃] 배송 11.9±5.7 재적재 0.4 2홉+ 0.49 | 최고 23.4@ep300 정체 13/15
Ep 951 | 배송 17/50 | 재적재 3 | 도착  18 | 2홉+ 0.49 | 도달  657 | 차단  975 | 정지 0.61 최장  11
Ep 952 | 배송 13/50 | 재적재 1 | 도착  15 | 2홉+ 0.42 | 도달  670 | 차단 1118 | 정지 0.59 최장   2
Ep 953 | 배송 11/50 | 재적재 0 | 도착  12 | 2홉+ 0.24 | 도달  727 | 차단  537 | 정지 0.03 최장   3
Ep 954 | 배송 14/50 | 재적재 2 | 도착  18 | 2홉+ 0.38 | 도달  565 | 차단 1372 | 정지 0.85 최장  10
Ep 955 | 배송 17/50 | 재적재 1 | 도착  16 | 2홉+ 0.48 | 도달  574 | 차단 1171 | 정지 0.00 최장   8
Ep 956 | 배송 12/50 | 재적재 0 | 도착  11 | 2홉+ 0.63 | 도달  957 | 차단 1904 | 정지 0.81 최장  24
Ep 957 | 배송  9/50 | 재적재 0 | 도착   8 | 2홉+ 0.47 | 도달  507 | 차단 1054 | 정지 0.52 최장   6
Ep 958 | 배송 16/50 | 재적재 0 | 도착  18 | 2홉+ 0.38 | 도달  567 | 차단  842 | 정지 0.00 최장   3
Ep 959 | 배송 18/50 | 재적재 0 | 도착  15 | 2홉+ 0.54 | 도달  684 | 차단  432 | 정지 0.13 최장   2
Ep 960 | 배송 13/50 | 재적재 1 | 도착  10 | 2홉+ 0.47 | 도달  550 | 차단  326 | 정지 0.00 최장   3
Ep 961 | 배송 12/50 | 재적재 1 | 도착  11 | 2홉+ 0.45 | 도달  541 | 차단  356 | 정지 0.28 최장   1
Ep 962 | 배송 10/50 | 재적재 0 | 도착  11 | 2홉+ 0.16 | 도달  651 | 차단  169 | 정지 0.20 최장   5
Ep 963 | 배송  4/50 | 재적재 0 | 도착   4 | 2홉+ 0.00 | 도달  234 | 차단    0 | 정지 0.00 최장   0
Ep 964 | 배송  4/50 | 재적재 0 | 도착   4 | 2홉+ 0.00 | 도달  234 | 차단    0 | 정지 0.00 최장   0
Ep 965 | 배송 12/50 | 재적재 1 | 도착  11 | 2홉+ 0.41 | 도달  731 | 차단 1304 | 정지 0.01 최장  10
Ep 966 | 배송  4/50 | 재적재 0 | 도착   5 | 2홉+ 0.00 | 도달  230 | 차단    0 | 정지 0.00 최장   2
Ep 967 | 배송 13/50 | 재적재 0 | 도착  13 | 2홉+ 0.49 | 도달  715 | 차단 1849 | 정지 0.41 최장  24
Ep 968 | 배송 16/50 | 재적재 1 | 도착  15 | 2홉+ 0.38 | 도달  606 | 차단  833 | 정지 0.08 최장   4
Ep 969 | 배송 15/50 | 재적재 1 | 도착  18 | 2홉+ 0.52 | 도달  860 | 차단 1973 | 정지 0.99 최장  99
Ep 970 | 배송  4/50 | 재적재 0 | 도착   8 | 2홉+ 0.00 | 도달  226 | 차단    0 | 정지 0.00 최장   2
Ep 971 | 배송 14/50 | 재적재 0 | 도착  14 | 2홉+ 0.55 | 도달  724 | 차단 1744 | 정지 0.97 최장  93
Ep 972 | 배송 10/50 | 재적재 0 | 도착  10 | 2홉+ 0.26 | 도달  526 | 차단  374 | 정지 0.19 최장   2
Ep 973 | 배송 14/50 | 재적재 1 | 도착  15 | 2홉+ 0.34 | 도달  621 | 차단  196 | 정지 0.15 최장   2
Ep 974 | 배송 16/50 | 재적재 1 | 도착  14 | 2홉+ 0.47 | 도달  567 | 차단 1398 | 정지 0.52 최장  26
Ep 975 | 배송 13/50 | 재적재 0 | 도착  16 | 2홉+ 0.41 | 도달  607 | 차단  184 | 정지 0.31 최장   2
Ep 976 | 배송 14/50 | 재적재 0 | 도착  17 | 2홉+ 0.56 | 도달  636 | 차단 1134 | 정지 0.39 최장   3
Ep 977 | 배송 13/50 | 재적재 1 | 도착  19 | 2홉+ 0.47 | 도달  692 | 차단 1122 | 정지 0.18 최장   5
Ep 978 | 배송 16/50 | 재적재 0 | 도착  15 | 2홉+ 0.62 | 도달  756 | 차단 1782 | 정지 0.42 최장   6
Ep 979 | 배송 14/50 | 재적재 1 | 도착  15 | 2홉+ 0.45 | 도달  566 | 차단  703 | 정지 0.15 최장   3
Ep 980 | 배송 13/50 | 재적재 2 | 도착  16 | 2홉+ 0.51 | 도달  665 | 차단  655 | 정지 0.10 최장   6
Ep 981 | 배송 13/50 | 재적재 1 | 도착  14 | 2홉+ 0.41 | 도달  642 | 차단  809 | 정지 0.08 최장   3
Ep 982 | 배송 12/50 | 재적재 1 | 도착  13 | 2홉+ 0.56 | 도달  606 | 차단 1002 | 정지 0.46 최장   3
Ep 983 | 배송 13/50 | 재적재 1 | 도착  14 | 2홉+ 0.63 | 도달  684 | 차단  371 | 정지 0.50 최장   3
Ep 984 | 배송 10/50 | 재적재 1 | 도착  10 | 2홉+ 0.45 | 도달  706 | 차단  317 | 정지 0.18 최장   1
Ep 985 | 배송 12/50 | 재적재 0 | 도착  13 | 2홉+ 0.35 | 도달  754 | 차단  246 | 정지 0.51 최장   4
Ep 986 | 배송 12/50 | 재적재 0 | 도착  12 | 2홉+ 0.47 | 도달  540 | 차단  489 | 정지 0.06 최장   2
Ep 987 | 배송 12/50 | 재적재 0 | 도착   9 | 2홉+ 0.40 | 도달  606 | 차단  302 | 정지 0.01 최장   2
Ep 988 | 배송 13/50 | 재적재 0 | 도착  11 | 2홉+ 0.41 | 도달  603 | 차단 1000 | 정지 0.62 최장   4
Ep 989 | 배송 14/50 | 재적재 0 | 도착  15 | 2홉+ 0.57 | 도달  769 | 차단  354 | 정지 0.46 최장   4
Ep 990 | 배송 14/50 | 재적재 1 | 도착  14 | 2홉+ 0.56 | 도달  791 | 차단  769 | 정지 0.82 최장   4
Ep 991 | 배송 14/50 | 재적재 1 | 도착  17 | 2홉+ 0.33 | 도달  596 | 차단  156 | 정지 0.00 최장   3
Ep 992 | 배송 13/50 | 재적재 0 | 도착  13 | 2홉+ 0.31 | 도달  512 | 차단  156 | 정지 0.00 최장   4
Ep 993 | 배송 13/50 | 재적재 0 | 도착  13 | 2홉+ 0.51 | 도달  604 | 차단  987 | 정지 0.05 최장   7
Ep 994 | 배송 15/50 | 재적재 1 | 도착  11 | 2홉+ 0.43 | 도달  592 | 차단 1022 | 정지 0.36 최장   3
Ep 995 | 배송 15/50 | 재적재 1 | 도착  14 | 2홉+ 0.52 | 도달  653 | 차단  199 | 정지 0.06 최장   3
Ep 996 | 배송 12/50 | 재적재 0 | 도착  13 | 2홉+ 0.46 | 도달  583 | 차단  363 | 정지 0.00 최장   2
Ep 997 | 배송  8/50 | 재적재 0 | 도착   9 | 2홉+ 0.41 | 도달  515 | 차단   18 | 정지 0.00 최장   1
Ep 998 | 배송 17/50 | 재적재 0 | 도착  14 | 2홉+ 0.51 | 도달  595 | 차단 1101 | 정지 0.02 최장   5
Ep 999 | 배송 10/50 | 재적재 0 | 도착  11 | 2홉+ 0.36 | 도달  534 | 차단   64 | 정지 0.01 최장   2
Ep 1000 | 배송 15/50 | 재적재 1 | 도착  15 | 2홉+ 0.56 | 도달  664 | 차단  882 | 정지 0.08 최장   2
  [홀드아웃] 배송 9.4±4.0 재적재 0.1 2홉+ 0.42 | 최고 23.4@ep300 정체 14/15
Ep 1001 | 배송 16/50 | 재적재 1 | 도착  15 | 2홉+ 0.41 | 도달  644 | 차단  551 | 정지 0.25 최장   5
Ep 1002 | 배송 11/50 | 재적재 0 | 도착  13 | 2홉+ 0.20 | 도달  596 | 차단   67 | 정지 0.39 최장   0
Ep 1003 | 배송 15/50 | 재적재 0 | 도착  12 | 2홉+ 0.32 | 도달  603 | 차단  572 | 정지 0.18 최장   4
Ep 1004 | 배송 14/50 | 재적재 1 | 도착  13 | 2홉+ 0.37 | 도달  542 | 차단   20 | 정지 0.00 최장   0
Ep 1005 | 배송 16/50 | 재적재 3 | 도착  16 | 2홉+ 0.32 | 도달  747 | 차단  743 | 정지 0.00 최장   4
Ep 1006 | 배송 12/50 | 재적재 0 | 도착   9 | 2홉+ 0.19 | 도달  503 | 차단  115 | 정지 0.13 최장   1
Ep 1007 | 배송 13/50 | 재적재 1 | 도착  15 | 2홉+ 0.43 | 도달  615 | 차단  352 | 정지 0.61 최장   1
Ep 1008 | 배송 11/50 | 재적재 0 | 도착  10 | 2홉+ 0.28 | 도달  491 | 차단 1622 | 정지 0.33 최장   6
Ep 1009 | 배송  5/50 | 재적재 0 | 도착   8 | 2홉+ 0.00 | 도달  313 | 차단    0 | 정지 0.00 최장   2
Ep 1010 | 배송  7/50 | 재적재 0 | 도착  10 | 2홉+ 0.11 | 도달  459 | 차단   50 | 정지 0.00 최장   2
Ep 1011 | 배송  5/50 | 재적재 0 | 도착   8 | 2홉+ 0.00 | 도달  282 | 차단    0 | 정지 0.00 최장   3
Ep 1012 | 배송 14/50 | 재적재 0 | 도착  12 | 2홉+ 0.41 | 도달  761 | 차단  638 | 정지 0.87 최장  19
Ep 1013 | 배송  5/50 | 재적재 0 | 도착   6 | 2홉+ 0.00 | 도달  267 | 차단    0 | 정지 0.00 최장   0
Ep 1014 | 배송 13/50 | 재적재 0 | 도착  12 | 2홉+ 0.39 | 도달  555 | 차단  181 | 정지 0.03 최장   1
Ep 1015 | 배송  5/50 | 재적재 0 | 도착   8 | 2홉+ 0.00 | 도달  271 | 차단    0 | 정지 0.00 최장   0
Ep 1016 | 배송 12/50 | 재적재 0 | 도착  11 | 2홉+ 0.61 | 도달  579 | 차단  384 | 정지 0.24 최장   1
Ep 1017 | 배송  5/50 | 재적재 0 | 도착   8 | 2홉+ 0.00 | 도달  259 | 차단    0 | 정지 0.00 최장   3
Ep 1018 | 배송  7/50 | 재적재 0 | 도착   9 | 2홉+ 0.07 | 도달  418 | 차단    0 | 정지 0.00 최장   1
Ep 1019 | 배송  5/50 | 재적재 0 | 도착   9 | 2홉+ 0.00 | 도달  279 | 차단    0 | 정지 0.00 최장   3
Ep 1020 | 배송  5/50 | 재적재 0 | 도착   8 | 2홉+ 0.03 | 도달  390 | 차단    0 | 정지 0.00 최장   2
Ep 1021 | 배송  5/50 | 재적재 0 | 도착   6 | 2홉+ 0.00 | 도달  262 | 차단    0 | 정지 0.00 최장   3
Ep 1022 | 배송  5/50 | 재적재 0 | 도착   6 | 2홉+ 0.00 | 도달  276 | 차단    0 | 정지 0.00 최장   2
Ep 1023 | 배송  5/50 | 재적재 0 | 도착   8 | 2홉+ 0.00 | 도달  304 | 차단    0 | 정지 0.00 최장   1
Ep 1024 | 배송  9/50 | 재적재 0 | 도착   8 | 2홉+ 0.07 | 도달  385 | 차단   76 | 정지 0.23 최장   2
Ep 1025 | 배송  5/50 | 재적재 0 | 도착   8 | 2홉+ 0.00 | 도달  272 | 차단    0 | 정지 0.00 최장   3
Ep 1026 | 배송 11/50 | 재적재 0 | 도착  14 | 2홉+ 0.38 | 도달  586 | 차단  504 | 정지 0.01 최장   2
Ep 1027 | 배송 13/50 | 재적재 1 | 도착  13 | 2홉+ 0.39 | 도달  602 | 차단  194 | 정지 0.07 최장   2
Ep 1028 | 배송 14/50 | 재적재 1 | 도착  17 | 2홉+ 0.28 | 도달  590 | 차단  512 | 정지 0.12 최장   3
Ep 1029 | 배송 15/50 | 재적재 1 | 도착  13 | 2홉+ 0.26 | 도달  544 | 차단  254 | 정지 0.00 최장   2
Ep 1030 | 배송 14/50 | 재적재 1 | 도착  13 | 2홉+ 0.34 | 도달  557 | 차단  441 | 정지 0.01 최장   3
Ep 1031 | 배송 11/50 | 재적재 0 | 도착  13 | 2홉+ 0.20 | 도달  567 | 차단  604 | 정지 0.10 최장   2
Ep 1032 | 배송 12/50 | 재적재 1 | 도착  12 | 2홉+ 0.36 | 도달  595 | 차단   76 | 정지 0.10 최장   2
Ep 1033 | 배송 12/50 | 재적재 0 | 도착  10 | 2홉+ 0.28 | 도달  493 | 차단   24 | 정지 0.07 최장   0
Ep 1034 | 배송  7/50 | 재적재 0 | 도착   8 | 2홉+ 0.35 | 도달  530 | 차단  125 | 정지 0.06 최장   3
Ep 1035 | 배송 13/50 | 재적재 0 | 도착  11 | 2홉+ 0.34 | 도달  574 | 차단  166 | 정지 0.33 최장   0
Ep 1036 | 배송  8/50 | 재적재 0 | 도착   7 | 2홉+ 0.07 | 도달  426 | 차단   34 | 정지 0.00 최장   1
Ep 1037 | 배송 13/50 | 재적재 1 | 도착  13 | 2홉+ 0.42 | 도달  597 | 차단  376 | 정지 0.02 최장   4
Ep 1038 | 배송  9/50 | 재적재 0 | 도착   8 | 2홉+ 0.22 | 도달  544 | 차단   53 | 정지 0.00 최장   1
Ep 1039 | 배송  9/50 | 재적재 0 | 도착  11 | 2홉+ 0.17 | 도달  465 | 차단   66 | 정지 0.00 최장   2
Ep 1040 | 배송  4/50 | 재적재 0 | 도착   4 | 2홉+ 0.00 | 도달  238 | 차단    0 | 정지 0.00 최장   0
Ep 1041 | 배송  4/50 | 재적재 0 | 도착   4 | 2홉+ 0.00 | 도달  241 | 차단    0 | 정지 0.00 최장   0
Ep 1042 | 배송  6/50 | 재적재 0 | 도착   6 | 2홉+ 0.02 | 도달  423 | 차단    0 | 정지 0.00 최장   0
Ep 1043 | 배송  4/50 | 재적재 0 | 도착   4 | 2홉+ 0.00 | 도달  246 | 차단    0 | 정지 0.00 최장   0
Ep 1044 | 배송  4/50 | 재적재 0 | 도착   4 | 2홉+ 0.00 | 도달  242 | 차단    0 | 정지 0.00 최장   0
Ep 1045 | 배송  9/50 | 재적재 0 | 도착   8 | 2홉+ 0.13 | 도달  436 | 차단   42 | 정지 0.07 최장   2
Ep 1046 | 배송 12/50 | 재적재 0 | 도착   9 | 2홉+ 0.59 | 도달  544 | 차단  501 | 정지 0.74 최장   3
Ep 1047 | 배송 11/50 | 재적재 1 | 도착  10 | 2홉+ 0.19 | 도달  532 | 차단  119 | 정지 0.22 최장   2
Ep 1048 | 배송  9/50 | 재적재 0 | 도착   5 | 2홉+ 0.51 | 도달  589 | 차단  332 | 정지 0.00 최장   1
Ep 1049 | 배송 11/50 | 재적재 0 | 도착   8 | 2홉+ 0.24 | 도달  507 | 차단  289 | 정지 0.03 최장   2
Ep 1050 | 배송  4/50 | 재적재 0 | 도착   5 | 2홉+ 0.00 | 도달  234 | 차단    0 | 정지 0.00 최장   1
  [홀드아웃] 배송 5.0±3.4 재적재 0.0 2홉+ 0.32 | 최고 23.4@ep300 정체 15/15

조기 종료. 최고 23.4@ep300
Training finished. best=23.4 @ ep300
