/home/kopt/enter/envs/wsl_neuroMCTS/lib/python3.10/site-packages/pygame/pkgdata.py:25: UserWarning: pkg_resources is deprecated as an API. See https://setuptools.pypa.io/en/latest/pkg_resources.html. The pkg_resources package is slated for removal as early as 2025-11-30. Refrain from using this package or pin to Setuptools<81.
  from pkg_resources import resource_stream, resource_exists
pygame 2.6.1 (SDL 2.28.4, Python 3.10.19)
Hello from the pygame community. https://www.pygame.org/contribute.html
단계=worker 장치=cuda 반경=300.0 상위주기=20 시드=1 교착관측=True
상한=10000 교착한도=100 무배송한도=200 (초반 300ep까지 1000) gamma=0.997 미완료페널티=0.0
worker_obs=16 manager_obs=43 state=66 상위행동=7
Ep 1 |  1000스텝 | 배송  0/50 | 재적재  0 | 정지 0.00 교착최장   0 | no_progress
Ep 2 |  1672스텝 | 배송  2/50 | 재적재  0 | 정지 0.03 교착최장   3 | no_progress
Ep 3 |  1000스텝 | 배송  0/50 | 재적재  0 | 정지 0.00 교착최장   1 | no_progress
Ep 4 |  1123스텝 | 배송  1/50 | 재적재  0 | 정지 0.01 교착최장   1 | no_progress
Ep 5 |  8337스텝 | 배송 50/50 | 재적재  8 | 정지 0.13 교착최장  14 | complete
Ep 6 |  2841스텝 | 배송 28/50 | 재적재  3 | 정지 0.21 교착최장   5 | no_progress
Ep 7 |  4365스텝 | 배송 50/50 | 재적재  9 | 정지 0.28 교착최장   9 | complete
Ep 8 |  5093스텝 | 배송 50/50 | 재적재  8 | 정지 0.47 교착최장  70 | complete
Ep 9 |  2782스텝 | 배송 50/50 | 재적재  8 | 정지 0.47 교착최장  57 | complete
Ep 10 |  3263스텝 | 배송 50/50 | 재적재  9 | 정지 0.48 교착최장  79 | complete
Ep 11 |  4046스텝 | 배송 37/50 | 재적재  6 | 정지 0.36 교착최장 100 | deadlock
Ep 12 |  2138스텝 | 배송 34/50 | 재적재  4 | 정지 0.48 교착최장 100 | deadlock
Ep 13 |  3156스텝 | 배송 31/50 | 재적재  3 | 정지 0.40 교착최장  34 | no_progress
Ep 14 |  2670스텝 | 배송 31/50 | 재적재  4 | 정지 0.52 교착최장  46 | no_progress
Ep 15 |  3763스텝 | 배송 50/50 | 재적재  8 | 정지 0.42 교착최장  40 | complete
Ep 16 |  1407스텝 | 배송 26/50 | 재적재  3 | 정지 0.36 교착최장  15 | no_progress
Ep 17 |  3744스텝 | 배송 48/50 | 재적재  6 | 정지 0.46 교착최장  42 | no_progress
Ep 18 |   391스텝 | 배송 17/50 | 재적재  1 | 정지 0.40 교착최장 100 | deadlock
Ep 19 |  2876스텝 | 배송 33/50 | 재적재  5 | 정지 0.51 교착최장 100 | deadlock
Ep 20 |  4398스텝 | 배송 43/50 | 재적재  8 | 정지 0.52 교착최장  79 | no_progress
Ep 21 |  2223스텝 | 배송 30/50 | 재적재  3 | 정지 0.35 교착최장 100 | deadlock
Ep 22 |  2027스텝 | 배송 35/50 | 재적재  6 | 정지 0.35 교착최장 100 | deadlock
Ep 23 |  1333스텝 | 배송 18/50 | 재적재  1 | 정지 0.17 교착최장   8 | no_progress
Ep 24 |  1658스텝 | 배송 25/50 | 재적재  3 | 정지 0.44 교착최장 100 | deadlock
Ep 25 |  5058스텝 | 배송 45/50 | 재적재  8 | 정지 0.39 교착최장  70 | no_progress
Ep 26 |  1815스텝 | 배송 30/50 | 재적재  5 | 정지 0.33 교착최장 100 | deadlock
Ep 27 |  2210스텝 | 배송 35/50 | 재적재  6 | 정지 0.31 교착최장  19 | no_progress
Ep 28 |   843스텝 | 배송 25/50 | 재적재  3 | 정지 0.26 교착최장 100 | deadlock
Ep 29 |  3691스텝 | 배송 47/50 | 재적재  8 | 정지 0.42 교착최장 100 | deadlock
Ep 30 |  4290스텝 | 배송 49/50 | 재적재  8 | 정지 0.33 교착최장 100 | deadlock
Ep 31 |  4634스텝 | 배송 50/50 | 재적재  8 | 정지 0.28 교착최장  68 | complete
Ep 32 |  2293스텝 | 배송 30/50 | 재적재  6 | 정지 0.29 교착최장 100 | deadlock
Ep 33 |  4422스텝 | 배송 44/50 | 재적재  7 | 정지 0.31 교착최장  39 | no_progress
Ep 34 |  2782스텝 | 배송 35/50 | 재적재  5 | 정지 0.34 교착최장  29 | no_progress
Ep 35 |  3168스텝 | 배송 50/50 | 재적재  8 | 정지 0.34 교착최장  97 | complete
Ep 36 |  1665스텝 | 배송 27/50 | 재적재  5 | 정지 0.33 교착최장  48 | no_progress
Ep 37 |  1194스텝 | 배송 31/50 | 재적재  4 | 정지 0.24 교착최장 100 | deadlock
Ep 38 |  4615스텝 | 배송 50/50 | 재적재  9 | 정지 0.24 교착최장  63 | complete
Ep 39 |  3179스텝 | 배송 39/50 | 재적재  7 | 정지 0.17 교착최장  18 | no_progress
Ep 40 |  4739스텝 | 배송 44/50 | 재적재  8 | 정지 0.25 교착최장  27 | no_progress
Ep 41 |  4975스텝 | 배송 50/50 | 재적재  8 | 정지 0.24 교착최장  26 | complete
Ep 42 |  3006스텝 | 배송 33/50 | 재적재  4 | 정지 0.43 교착최장  85 | no_progress
Ep 43 |  4285스텝 | 배송 46/50 | 재적재  8 | 정지 0.34 교착최장  18 | no_progress
Ep 44 |  1922스텝 | 배송 43/50 | 재적재  7 | 정지 0.32 교착최장 100 | deadlock
Ep 45 |  3941스텝 | 배송 41/50 | 재적재  7 | 정지 0.21 교착최장  11 | no_progress
Ep 46 |  4429스텝 | 배송 50/50 | 재적재  9 | 정지 0.26 교착최장  41 | complete
Ep 47 |  1571스텝 | 배송 24/50 | 재적재  3 | 정지 0.49 교착최장  50 | no_progress
Ep 48 |  1894스텝 | 배송 21/50 | 재적재  3 | 정지 0.49 교착최장 100 | deadlock
Ep 49 |  2095스텝 | 배송 28/50 | 재적재  4 | 정지 0.45 교착최장 100 | deadlock
Ep 50 |  3223스텝 | 배송 40/50 | 재적재  8 | 정지 0.21 교착최장  11 | no_progress
  [홀드아웃] 배송 23.8±8.6 재적재 2.7 2홉+ 0.46 | 최고 23.8@ep50 정체 0/15  ← 갱신
Ep 51 |  2288스텝 | 배송 30/50 | 재적재  4 | 정지 0.31 교착최장  34 | no_progress
Ep 52 |  3813스텝 | 배송 49/50 | 재적재  9 | 정지 0.27 교착최장 100 | deadlock
Ep 53 |  5118스텝 | 배송 46/50 | 재적재  8 | 정지 0.33 교착최장  26 | no_progress
Ep 54 |  1638스텝 | 배송 43/50 | 재적재  7 | 정지 0.28 교착최장 100 | deadlock
Ep 55 |  2832스텝 | 배송 42/50 | 재적재  8 | 정지 0.35 교착최장  70 | no_progress
Ep 56 |  2044스텝 | 배송 48/50 | 재적재  9 | 정지 0.38 교착최장 100 | deadlock
Ep 57 |  2856스텝 | 배송 46/50 | 재적재  9 | 정지 0.20 교착최장  29 | no_progress
Ep 58 |  3118스텝 | 배송 47/50 | 재적재  9 | 정지 0.27 교착최장  77 | no_progress
Ep 59 |  3073스텝 | 배송 45/50 | 재적재  8 | 정지 0.25 교착최장  11 | no_progress
Ep 60 |  2290스텝 | 배송 50/50 | 재적재  9 | 정지 0.25 교착최장  27 | complete
Ep 61 |  3553스텝 | 배송 47/50 | 재적재  9 | 정지 0.22 교착최장  13 | no_progress
Ep 62 |  2553스텝 | 배송 48/50 | 재적재  9 | 정지 0.27 교착최장 100 | deadlock
Ep 63 |  2121스텝 | 배송 38/50 | 재적재  6 | 정지 0.43 교착최장 100 | deadlock
Ep 64 |  1529스텝 | 배송 29/50 | 재적재  4 | 정지 0.26 교착최장 100 | deadlock
Ep 65 |  3842스텝 | 배송 44/50 | 재적재  8 | 정지 0.31 교착최장  50 | no_progress
Ep 66 |  2385스텝 | 배송 50/50 | 재적재  9 | 정지 0.27 교착최장  39 | complete
Ep 67 |  2652스텝 | 배송 37/50 | 재적재  7 | 정지 0.32 교착최장 100 | deadlock
Ep 68 |  3903스텝 | 배송 45/50 | 재적재  8 | 정지 0.28 교착최장  47 | no_progress
Ep 69 |  1874스텝 | 배송 42/50 | 재적재  7 | 정지 0.21 교착최장 100 | deadlock
Ep 70 |  2598스텝 | 배송 40/50 | 재적재  8 | 정지 0.32 교착최장 100 | deadlock
Ep 71 |  5584스텝 | 배송 50/50 | 재적재  9 | 정지 0.36 교착최장  91 | complete
Ep 72 |  3561스텝 | 배송 50/50 | 재적재  9 | 정지 0.22 교착최장  34 | complete
Ep 73 |  1561스텝 | 배송 37/50 | 재적재  6 | 정지 0.23 교착최장 100 | deadlock
Ep 74 |  3414스텝 | 배송 44/50 | 재적재  8 | 정지 0.42 교착최장  83 | no_progress
Ep 75 |  4334스텝 | 배송 45/50 | 재적재  9 | 정지 0.26 교착최장  70 | no_progress
Ep 76 |  3422스텝 | 배송 48/50 | 재적재  9 | 정지 0.19 교착최장  15 | no_progress
Ep 77 |  4607스텝 | 배송 44/50 | 재적재  8 | 정지 0.30 교착최장  31 | no_progress
Ep 78 |  1180스텝 | 배송 25/50 | 재적재  3 | 정지 0.35 교착최장 100 | deadlock
Ep 79 |  2964스텝 | 배송 41/50 | 재적재  8 | 정지 0.21 교착최장  93 | no_progress
Ep 80 |  1733스텝 | 배송 43/50 | 재적재  7 | 정지 0.29 교착최장 100 | deadlock
Ep 81 |  1150스텝 | 배송 23/50 | 재적재  3 | 정지 0.39 교착최장 100 | deadlock
Ep 82 |  3528스텝 | 배송 49/50 | 재적재  8 | 정지 0.36 교착최장  76 | no_progress
Ep 83 |   666스텝 | 배송 27/50 | 재적재  3 | 정지 0.32 교착최장 100 | deadlock
Ep 84 |  1769스텝 | 배송 37/50 | 재적재  6 | 정지 0.19 교착최장 100 | deadlock
Ep 85 |  2557스텝 | 배송 45/50 | 재적재  8 | 정지 0.29 교착최장 100 | deadlock
Ep 86 |  4272스텝 | 배송 44/50 | 재적재  8 | 정지 0.22 교착최장  20 | no_progress
Ep 87 |  2976스텝 | 배송 44/50 | 재적재  8 | 정지 0.18 교착최장  38 | no_progress
Ep 88 |  3131스텝 | 배송 43/50 | 재적재  6 | 정지 0.32 교착최장  33 | no_progress
Ep 89 |  3578스텝 | 배송 41/50 | 재적재  8 | 정지 0.19 교착최장  28 | no_progress
Ep 90 |  5036스텝 | 배송 47/50 | 재적재  9 | 정지 0.17 교착최장  68 | no_progress
Ep 91 |  2704스텝 | 배송 42/50 | 재적재  8 | 정지 0.16 교착최장  24 | no_progress
Ep 92 |  1900스텝 | 배송 34/50 | 재적재  5 | 정지 0.34 교착최장 100 | deadlock
Ep 93 |  3106스텝 | 배송 40/50 | 재적재  7 | 정지 0.23 교착최장 100 | deadlock
Ep 94 |  2823스텝 | 배송 40/50 | 재적재  7 | 정지 0.28 교착최장  28 | no_progress
Ep 95 |  3774스텝 | 배송 40/50 | 재적재  7 | 정지 0.23 교착최장 100 | deadlock
Ep 96 |  4620스텝 | 배송 44/50 | 재적재  8 | 정지 0.21 교착최장  60 | no_progress
Ep 97 |  2326스텝 | 배송 43/50 | 재적재  7 | 정지 0.18 교착최장 100 | deadlock
Ep 98 |  4256스텝 | 배송 41/50 | 재적재  8 | 정지 0.10 교착최장  19 | no_progress
Ep 99 |  2134스텝 | 배송 35/50 | 재적재  7 | 정지 0.09 교착최장  10 | no_progress
Ep 100 |  3336스텝 | 배송 45/50 | 재적재  9 | 정지 0.11 교착최장  16 | no_progress
  [홀드아웃] 배송 19.8±7.5 재적재 1.8 2홉+ 0.52 | 최고 23.8@ep50 정체 1/15
Ep 101 |  2599스텝 | 배송 38/50 | 재적재  7 | 정지 0.06 교착최장  28 | no_progress
Ep 102 |  4096스텝 | 배송 47/50 | 재적재  7 | 정지 0.25 교착최장  24 | no_progress
Ep 103 |  2683스텝 | 배송 42/50 | 재적재  7 | 정지 0.36 교착최장 100 | deadlock
Ep 104 |  3502스텝 | 배송 42/50 | 재적재  8 | 정지 0.33 교착최장  87 | no_progress
Ep 105 |  2553스텝 | 배송 37/50 | 재적재  7 | 정지 0.14 교착최장  49 | no_progress
Ep 106 |  4010스텝 | 배송 45/50 | 재적재  8 | 정지 0.26 교착최장  55 | no_progress
Ep 107 |  1904스텝 | 배송 27/50 | 재적재  4 | 정지 0.27 교착최장  14 | no_progress
Ep 108 |  2748스텝 | 배송 35/50 | 재적재  7 | 정지 0.14 교착최장  16 | no_progress
Ep 109 |  3570스텝 | 배송 32/50 | 재적재  6 | 정지 0.12 교착최장  14 | no_progress
Ep 110 |  3390스텝 | 배송 38/50 | 재적재  7 | 정지 0.11 교착최장  60 | no_progress
Ep 111 |   435스텝 | 배송 17/50 | 재적재  0 | 정지 0.56 교착최장 100 | deadlock
Ep 112 |  3788스텝 | 배송 37/50 | 재적재  7 | 정지 0.23 교착최장  40 | no_progress
Ep 113 |  1791스텝 | 배송 40/50 | 재적재  6 | 정지 0.23 교착최장 100 | deadlock
Ep 114 |  1268스텝 | 배송 34/50 | 재적재  3 | 정지 0.27 교착최장 100 | deadlock
Ep 115 |  1204스텝 | 배송 28/50 | 재적재  5 | 정지 0.24 교착최장 100 | deadlock
Ep 116 |  3931스텝 | 배송 41/50 | 재적재  7 | 정지 0.29 교착최장  54 | no_progress
Ep 117 |  2592스텝 | 배송 39/50 | 재적재  7 | 정지 0.17 교착최장 100 | deadlock
Ep 118 |  3783스텝 | 배송 42/50 | 재적재  8 | 정지 0.15 교착최장  99 | no_progress
Ep 119 |  3647스텝 | 배송 40/50 | 재적재  7 | 정지 0.23 교착최장  68 | no_progress
Ep 120 |  4940스텝 | 배송 44/50 | 재적재  7 | 정지 0.33 교착최장 100 | deadlock
Ep 121 |  3751스텝 | 배송 35/50 | 재적재  7 | 정지 0.13 교착최장  20 | no_progress
Ep 122 |  3089스텝 | 배송 44/50 | 재적재  8 | 정지 0.30 교착최장  68 | no_progress
Ep 123 |  2231스텝 | 배송 39/50 | 재적재  6 | 정지 0.25 교착최장 100 | deadlock
Ep 124 |  2136스텝 | 배송 34/50 | 재적재  5 | 정지 0.26 교착최장 100 | deadlock
Ep 125 |  2175스텝 | 배송 35/50 | 재적재  6 | 정지 0.28 교착최장 100 | deadlock
Ep 126 |  1229스텝 | 배송 20/50 | 재적재  3 | 정지 0.23 교착최장 100 | deadlock
Ep 127 |  2871스텝 | 배송 37/50 | 재적재  6 | 정지 0.24 교착최장  41 | no_progress
Ep 128 |  2573스텝 | 배송 40/50 | 재적재  6 | 정지 0.17 교착최장 100 | deadlock
Ep 129 |  1001스텝 | 배송 23/50 | 재적재  2 | 정지 0.26 교착최장 100 | deadlock
Ep 130 |  1594스텝 | 배송 28/50 | 재적재  3 | 정지 0.45 교착최장 100 | deadlock
Ep 131 |  1526스텝 | 배송 30/50 | 재적재  4 | 정지 0.36 교착최장 100 | deadlock
Ep 132 |  4834스텝 | 배송 48/50 | 재적재  7 | 정지 0.35 교착최장 100 | deadlock
Ep 133 |  4268스텝 | 배송 43/50 | 재적재  8 | 정지 0.21 교착최장  88 | no_progress
Ep 134 |  3271스텝 | 배송 35/50 | 재적재  7 | 정지 0.09 교착최장   9 | no_progress
Ep 135 |  3077스텝 | 배송 39/50 | 재적재  5 | 정지 0.18 교착최장 100 | deadlock
Ep 136 |  4318스텝 | 배송 43/50 | 재적재  8 | 정지 0.27 교착최장  99 | no_progress
Ep 137 |  1550스텝 | 배송 30/50 | 재적재  5 | 정지 0.13 교착최장 100 | deadlock
Ep 138 |  4408스텝 | 배송 42/50 | 재적재  6 | 정지 0.25 교착최장 100 | deadlock
Ep 139 |  1567스텝 | 배송 28/50 | 재적재  4 | 정지 0.20 교착최장 100 | deadlock
Ep 140 |  5581스텝 | 배송 43/50 | 재적재  7 | 정지 0.27 교착최장  80 | no_progress
Ep 141 |  5369스텝 | 배송 43/50 | 재적재  8 | 정지 0.16 교착최장  31 | no_progress
Ep 142 |   640스텝 | 배송 23/50 | 재적재  2 | 정지 0.22 교착최장 100 | deadlock
Ep 143 |  3558스텝 | 배송 41/50 | 재적재  7 | 정지 0.34 교착최장 100 | deadlock
Ep 144 |  5845스텝 | 배송 45/50 | 재적재  9 | 정지 0.20 교착최장  58 | no_progress
Ep 145 |  4501스텝 | 배송 39/50 | 재적재  7 | 정지 0.18 교착최장  93 | no_progress
Ep 146 |  5558스텝 | 배송 39/50 | 재적재  7 | 정지 0.10 교착최장  14 | no_progress
Ep 147 |  3251스텝 | 배송 32/50 | 재적재  6 | 정지 0.21 교착최장  17 | no_progress
Ep 148 |  6749스텝 | 배송 44/50 | 재적재  8 | 정지 0.24 교착최장  71 | no_progress
Ep 149 |  3028스텝 | 배송 29/50 | 재적재  5 | 정지 0.15 교착최장  90 | no_progress
Ep 150 |  4602스텝 | 배송 37/50 | 재적재  7 | 정지 0.15 교착최장  28 | no_progress
  [홀드아웃] 배송 1.9±5.5 재적재 0.2 2홉+ 0.04 | 최고 23.8@ep50 정체 2/15
Ep 151 |  5913스텝 | 배송 44/50 | 재적재  7 | 정지 0.18 교착최장 100 | deadlock
Ep 152 |  1632스텝 | 배송 30/50 | 재적재  4 | 정지 0.16 교착최장 100 | deadlock
Ep 153 |  3291스텝 | 배송 28/50 | 재적재  5 | 정지 0.07 교착최장   8 | no_progress
Ep 154 |  1300스텝 | 배송 24/50 | 재적재  3 | 정지 0.29 교착최장 100 | deadlock
Ep 155 |  2814스텝 | 배송 34/50 | 재적재  6 | 정지 0.10 교착최장  11 | no_progress
Ep 156 |  2211스텝 | 배송 22/50 | 재적재  3 | 정지 0.18 교착최장  22 | no_progress
Ep 157 |  2383스텝 | 배송 35/50 | 재적재  5 | 정지 0.25 교착최장 100 | deadlock
Ep 158 |  3672스텝 | 배송 30/50 | 재적재  6 | 정지 0.06 교착최장   7 | no_progress
Ep 159 |  3256스텝 | 배송 32/50 | 재적재  4 | 정지 0.14 교착최장 100 | deadlock
Ep 160 |  3646스텝 | 배송 34/50 | 재적재  5 | 정지 0.23 교착최장  31 | no_progress
Ep 161 |  4023스텝 | 배송 34/50 | 재적재  6 | 정지 0.12 교착최장   9 | no_progress
Ep 162 |  4298스텝 | 배송 34/50 | 재적재  6 | 정지 0.14 교착최장  36 | no_progress
Ep 163 |  3373스텝 | 배송 30/50 | 재적재  6 | 정지 0.10 교착최장  11 | no_progress
Ep 164 |  3618스텝 | 배송 32/50 | 재적재  6 | 정지 0.09 교착최장  18 | no_progress
Ep 165 |  2155스텝 | 배송 20/50 | 재적재  4 | 정지 0.02 교착최장   2 | no_progress
Ep 166 |  4299스텝 | 배송 29/50 | 재적재  4 | 정지 0.21 교착최장 100 | deadlock
Ep 167 |  4125스텝 | 배송 30/50 | 재적재  6 | 정지 0.21 교착최장  45 | no_progress
Ep 168 |  3254스텝 | 배송 33/50 | 재적재  6 | 정지 0.24 교착최장  53 | no_progress
Ep 169 |  2208스텝 | 배송 26/50 | 재적재  5 | 정지 0.05 교착최장   6 | no_progress
Ep 170 |  1468스텝 | 배송  8/50 | 재적재  0 | 정지 0.00 교착최장   0 | no_progress
Ep 171 |  3594스텝 | 배송 37/50 | 재적재  6 | 정지 0.23 교착최장 100 | deadlock
Ep 172 |  3081스텝 | 배송 30/50 | 재적재  6 | 정지 0.15 교착최장  37 | no_progress
Ep 173 |  5139스텝 | 배송 36/50 | 재적재  6 | 정지 0.14 교착최장  34 | no_progress
Ep 174 |  1166스텝 | 배송  6/50 | 재적재  0 | 정지 0.06 교착최장   2 | no_progress
Ep 175 |  4566스텝 | 배송 27/50 | 재적재  5 | 정지 0.22 교착최장 100 | deadlock
Ep 176 |  1039스텝 | 배송  4/50 | 재적재  0 | 정지 0.00 교착최장   0 | no_progress
Ep 177 |  1042스텝 | 배송  4/50 | 재적재  0 | 정지 0.00 교착최장   0 | no_progress
Ep 178 |  1064스텝 | 배송  4/50 | 재적재  0 | 정지 0.00 교착최장   0 | no_progress
Ep 179 |  1141스텝 | 배송  4/50 | 재적재  0 | 정지 0.00 교착최장   0 | no_progress
Ep 180 |  1160스텝 | 배송  4/50 | 재적재  0 | 정지 0.00 교착최장   0 | no_progress
Ep 181 |  1041스텝 | 배송  4/50 | 재적재  0 | 정지 0.00 교착최장   0 | no_progress
Ep 182 |  2265스텝 | 배송 27/50 | 재적재  4 | 정지 0.21 교착최장 100 | deadlock
Ep 183 |  4420스텝 | 배송 42/50 | 재적재  6 | 정지 0.21 교착최장 100 | deadlock
Ep 184 |  4565스텝 | 배송 43/50 | 재적재  8 | 정지 0.23 교착최장  14 | no_progress
Ep 185 |  3211스텝 | 배송 33/50 | 재적재  6 | 정지 0.27 교착최장 100 | deadlock
Ep 186 |  2578스텝 | 배송 29/50 | 재적재  5 | 정지 0.13 교착최장 100 | deadlock
Ep 187 |  2141스텝 | 배송 27/50 | 재적재  3 | 정지 0.36 교착최장 100 | deadlock
Ep 188 |  4086스텝 | 배송 30/50 | 재적재  5 | 정지 0.26 교착최장 100 | deadlock
Ep 189 |  1002스텝 | 배송 16/50 | 재적재  3 | 정지 0.21 교착최장 100 | deadlock
Ep 190 |  4365스텝 | 배송 43/50 | 재적재  7 | 정지 0.29 교착최장  60 | no_progress
Ep 191 |  4489스텝 | 배송 39/50 | 재적재  7 | 정지 0.23 교착최장  84 | no_progress
Ep 192 |  3373스텝 | 배송 37/50 | 재적재  5 | 정지 0.19 교착최장 100 | deadlock
Ep 193 |  7320스텝 | 배송 39/50 | 재적재  7 | 정지 0.22 교착최장  27 | no_progress
Ep 194 |  3098스텝 | 배송 30/50 | 재적재  6 | 정지 0.07 교착최장   5 | no_progress
Ep 195 |  1215스텝 | 배송 18/50 | 재적재  1 | 정지 0.28 교착최장 100 | deadlock
Ep 196 |  3107스텝 | 배송 36/50 | 재적재  6 | 정지 0.33 교착최장  67 | no_progress
Ep 197 |  4050스텝 | 배송 40/50 | 재적재  6 | 정지 0.18 교착최장 100 | deadlock
Ep 198 |  3895스텝 | 배송 35/50 | 재적재  5 | 정지 0.29 교착최장 100 | deadlock
Ep 199 |  4638스텝 | 배송 40/50 | 재적재  6 | 정지 0.30 교착최장 100 | deadlock
Ep 200 |  2945스텝 | 배송 24/50 | 재적재  3 | 정지 0.16 교착최장  18 | no_progress
  [홀드아웃] 배송 4.4±3.8 재적재 0.2 2홉+ 0.14 | 최고 23.8@ep50 정체 3/15
Ep 201 |  4532스텝 | 배송 40/50 | 재적재  6 | 정지 0.32 교착최장 100 | deadlock
Ep 202 |  1406스텝 | 배송 22/50 | 재적재  1 | 정지 0.42 교착최장 100 | deadlock
Ep 203 |  5082스텝 | 배송 35/50 | 재적재  6 | 정지 0.23 교착최장  86 | no_progress
Ep 204 |  3997스텝 | 배송 30/50 | 재적재  5 | 정지 0.30 교착최장  34 | no_progress
Ep 205 |  4483스텝 | 배송 31/50 | 재적재  5 | 정지 0.20 교착최장  62 | no_progress
Ep 206 |  2812스텝 | 배송 22/50 | 재적재  4 | 정지 0.27 교착최장  51 | no_progress
Ep 207 |  4932스텝 | 배송 35/50 | 재적재  6 | 정지 0.21 교착최장  92 | no_progress
Ep 208 |  1046스텝 | 배송  4/50 | 재적재  0 | 정지 0.00 교착최장   0 | no_progress
Ep 209 |  2565스텝 | 배송  7/50 | 재적재  0 | 정지 0.01 교착최장   2 | no_progress
Ep 210 |  1107스텝 | 배송  4/50 | 재적재  0 | 정지 0.00 교착최장   0 | no_progress
Ep 211 |  2900스텝 | 배송 14/50 | 재적재  0 | 정지 0.09 교착최장 100 | deadlock
Ep 212 |  1078스텝 | 배송  4/50 | 재적재  0 | 정지 0.00 교착최장   0 | no_progress
Ep 213 |  1048스텝 | 배송  4/50 | 재적재  0 | 정지 0.00 교착최장   0 | no_progress
Ep 214 |  1147스텝 | 배송  4/50 | 재적재  0 | 정지 0.00 교착최장   0 | no_progress
Ep 215 |  1043스텝 | 배송  4/50 | 재적재  0 | 정지 0.00 교착최장   0 | no_progress
Ep 216 |  1661스텝 | 배송  5/50 | 재적재  0 | 정지 0.00 교착최장   0 | no_progress
Ep 217 |  1184스텝 | 배송  5/50 | 재적재  0 | 정지 0.00 교착최장   0 | no_progress
Ep 218 |  1073스텝 | 배송  4/50 | 재적재  0 | 정지 0.00 교착최장   0 | no_progress
Ep 219 |  1125스텝 | 배송  5/50 | 재적재  0 | 정지 0.00 교착최장   0 | no_progress
Ep 220 |  1049스텝 | 배송  4/50 | 재적재  0 | 정지 0.00 교착최장   0 | no_progress
Ep 221 |  2516스텝 | 배송 18/50 | 재적재  3 | 정지 0.06 교착최장   4 | no_progress
Ep 222 |  1060스텝 | 배송  4/50 | 재적재  0 | 정지 0.00 교착최장   0 | no_progress
Ep 223 |  1071스텝 | 배송  4/50 | 재적재  0 | 정지 0.00 교착최장   0 | no_progress
Ep 224 |  4145스텝 | 배송 30/50 | 재적재  4 | 정지 0.24 교착최장 100 | deadlock
Ep 225 |  3816스텝 | 배송 29/50 | 재적재  4 | 정지 0.24 교착최장 100 | deadlock
Ep 226 |  2538스텝 | 배송 19/50 | 재적재  3 | 정지 0.19 교착최장  13 | no_progress
Ep 227 |  2715스텝 | 배송 19/50 | 재적재  2 | 정지 0.10 교착최장   8 | no_progress
Ep 228 |  1930스텝 | 배송  8/50 | 재적재  1 | 정지 0.02 교착최장   0 | no_progress
Ep 229 |  2253스텝 | 배송 14/50 | 재적재  2 | 정지 0.04 교착최장   9 | no_progress
Ep 230 |  2254스텝 | 배송 17/50 | 재적재  3 | 정지 0.19 교착최장  45 | no_progress
Ep 231 |  4109스텝 | 배송 29/50 | 재적재  5 | 정지 0.16 교착최장  38 | no_progress
Ep 232 |  1259스텝 | 배송  8/50 | 재적재  1 | 정지 0.00 교착최장   0 | no_progress
Ep 233 |  4510스텝 | 배송 35/50 | 재적재  6 | 정지 0.24 교착최장  85 | no_progress
Ep 234 |  1155스텝 | 배송  4/50 | 재적재  0 | 정지 0.00 교착최장   0 | no_progress
Ep 235 |  1033스텝 | 배송  4/50 | 재적재  0 | 정지 0.00 교착최장   0 | no_progress
Ep 236 |  1038스텝 | 배송  4/50 | 재적재  0 | 정지 0.00 교착최장   0 | no_progress
Ep 237 |  3443스텝 | 배송 30/50 | 재적재  6 | 정지 0.18 교착최장  88 | no_progress
Ep 238 |  4589스텝 | 배송 31/50 | 재적재  5 | 정지 0.27 교착최장  62 | no_progress
Ep 239 |  1167스텝 | 배송  4/50 | 재적재  0 | 정지 0.00 교착최장   0 | no_progress
Ep 240 |  3023스텝 | 배송 29/50 | 재적재  4 | 정지 0.20 교착최장 100 | deadlock
Ep 241 |  2426스텝 | 배송 25/50 | 재적재  4 | 정지 0.21 교착최장 100 | deadlock
Ep 242 |  3598스텝 | 배송 30/50 | 재적재  6 | 정지 0.15 교착최장  13 | no_progress
Ep 243 |  1094스텝 | 배송  4/50 | 재적재  0 | 정지 0.00 교착최장   0 | no_progress
Ep 244 |  2590스텝 | 배송 25/50 | 재적재  3 | 정지 0.15 교착최장  14 | no_progress
Ep 245 |  1038스텝 | 배송  4/50 | 재적재  0 | 정지 0.00 교착최장   0 | no_progress
Ep 246 |  2473스텝 | 배송 27/50 | 재적재  4 | 정지 0.27 교착최장 100 | deadlock
Ep 247 |  3978스텝 | 배송 36/50 | 재적재  5 | 정지 0.27 교착최장 100 | deadlock
Ep 248 |  3327스텝 | 배송 19/50 | 재적재  3 | 정지 0.09 교착최장   8 | no_progress
Ep 249 |  3517스텝 | 배송 24/50 | 재적재  3 | 정지 0.20 교착최장 100 | deadlock
Ep 250 |  1054스텝 | 배송  4/50 | 재적재  0 | 정지 0.00 교착최장   0 | no_progress
  [홀드아웃] 배송 11.2±4.6 재적재 0.1 2홉+ 0.45 | 최고 23.8@ep50 정체 4/15
Ep 251 |  4962스텝 | 배송 25/50 | 재적재  3 | 정지 0.19 교착최장  97 | no_progress
Ep 252 |  3436스텝 | 배송 27/50 | 재적재  4 | 정지 0.23 교착최장 100 | deadlock
Ep 253 |  1037스텝 | 배송  4/50 | 재적재  0 | 정지 0.00 교착최장   0 | no_progress
Ep 254 |  1024스텝 | 배송  4/50 | 재적재  0 | 정지 0.00 교착최장   0 | no_progress
Ep 255 |  1028스텝 | 배송  4/50 | 재적재  0 | 정지 0.00 교착최장   0 | no_progress
Ep 256 |  1028스텝 | 배송  4/50 | 재적재  0 | 정지 0.00 교착최장   0 | no_progress
Ep 257 |  1300스텝 | 배송 11/50 | 재적재  0 | 정지 0.16 교착최장   4 | no_progress
Ep 258 |   582스텝 | 배송  9/50 | 재적재  0 | 정지 0.21 교착최장 100 | deadlock
Ep 259 |  4633스텝 | 배송 28/50 | 재적재  4 | 정지 0.24 교착최장  80 | no_progress
Ep 260 |  4308스텝 | 배송 32/50 | 재적재  6 | 정지 0.23 교착최장  85 | no_progress
Ep 261 |  1866스텝 | 배송 20/50 | 재적재  3 | 정지 0.25 교착최장 100 | deadlock
Ep 262 |  2931스텝 | 배송 22/50 | 재적재  3 | 정지 0.19 교착최장 100 | deadlock
Ep 263 |  1568스텝 | 배송  5/50 | 재적재  0 | 정지 0.27 교착최장   7 | no_progress
Ep 264 |  4228스텝 | 배송 28/50 | 재적재  5 | 정지 0.27 교착최장  21 | no_progress
Ep 265 |   692스텝 | 배송 12/50 | 재적재  0 | 정지 0.17 교착최장 100 | deadlock
Ep 266 |  2083스텝 | 배송 21/50 | 재적재  3 | 정지 0.17 교착최장 100 | deadlock
Ep 267 |  1969스텝 | 배송 15/50 | 재적재  0 | 정지 0.06 교착최장   3 | no_progress
Ep 268 |  1983스텝 | 배송 16/50 | 재적재  2 | 정지 0.17 교착최장  14 | no_progress
Ep 269 |  2352스텝 | 배송 17/50 | 재적재  1 | 정지 0.14 교착최장  10 | no_progress
Ep 270 |  4005스텝 | 배송 28/50 | 재적재  2 | 정지 0.25 교착최장  49 | no_progress
Ep 271 |  1000스텝 | 배송  0/50 | 재적재  0 | 정지 0.00 교착최장   0 | no_progress
Ep 272 |  1000스텝 | 배송  0/50 | 재적재  0 | 정지 0.00 교착최장   0 | no_progress
Ep 273 |  4645스텝 | 배송 23/50 | 재적재  3 | 정지 0.24 교착최장  96 | no_progress
Ep 274 |  4922스텝 | 배송 30/50 | 재적재  5 | 정지 0.24 교착최장  69 | no_progress
Ep 275 |  4827스텝 | 배송 33/50 | 재적재  6 | 정지 0.26 교착최장  82 | no_progress
Ep 276 |  2841스텝 | 배송 25/50 | 재적재  2 | 정지 0.31 교착최장 100 | deadlock
Ep 277 |  3707스텝 | 배송 29/50 | 재적재  3 | 정지 0.15 교착최장  69 | no_progress
Ep 278 |   754스텝 | 배송 15/50 | 재적재  1 | 정지 0.17 교착최장 100 | deadlock
Ep 279 |  3608스텝 | 배송 17/50 | 재적재  1 | 정지 0.12 교착최장 100 | deadlock
Ep 280 |  4475스텝 | 배송 26/50 | 재적재  4 | 정지 0.14 교착최장  13 | no_progress
Ep 281 |  1737스텝 | 배송 13/50 | 재적재  2 | 정지 0.15 교착최장  10 | no_progress
Ep 282 |  1150스텝 | 배송 14/50 | 재적재  0 | 정지 0.31 교착최장 100 | deadlock
Ep 283 |  3422스텝 | 배송 17/50 | 재적재  3 | 정지 0.24 교착최장  67 | no_progress
Ep 284 |  1045스텝 | 배송  5/50 | 재적재  0 | 정지 0.00 교착최장   0 | no_progress
Ep 285 |  1067스텝 | 배송  5/50 | 재적재  0 | 정지 0.00 교착최장   0 | no_progress
Ep 286 |  1061스텝 | 배송  5/50 | 재적재  0 | 정지 0.00 교착최장   0 | no_progress
Ep 287 |  1045스텝 | 배송  5/50 | 재적재  0 | 정지 0.00 교착최장   0 | no_progress
Ep 288 |  1231스텝 | 배송  5/50 | 재적재  0 | 정지 0.00 교착최장   0 | no_progress
Ep 289 |  1056스텝 | 배송  5/50 | 재적재  0 | 정지 0.00 교착최장   0 | no_progress
Ep 290 |  1091스텝 | 배송  5/50 | 재적재  0 | 정지 0.00 교착최장   0 | no_progress
Ep 291 |  1049스텝 | 배송  5/50 | 재적재  0 | 정지 0.00 교착최장   0 | no_progress
Ep 292 |  1091스텝 | 배송  5/50 | 재적재  0 | 정지 0.00 교착최장   0 | no_progress
Ep 293 |  1071스텝 | 배송  5/50 | 재적재  0 | 정지 0.00 교착최장   0 | no_progress
Ep 294 |  1081스텝 | 배송  5/50 | 재적재  0 | 정지 0.00 교착최장   0 | no_progress
Ep 295 |  1089스텝 | 배송  5/50 | 재적재  0 | 정지 0.00 교착최장   0 | no_progress
Ep 296 |  1120스텝 | 배송  5/50 | 재적재  0 | 정지 0.00 교착최장   0 | no_progress
Ep 297 |  1067스텝 | 배송  5/50 | 재적재  0 | 정지 0.00 교착최장   0 | no_progress
Ep 298 |  1079스텝 | 배송  5/50 | 재적재  0 | 정지 0.00 교착최장   0 | no_progress
Ep 299 |  1100스텝 | 배송  5/50 | 재적재  0 | 정지 0.00 교착최장   0 | no_progress
Ep 300 |  1208스텝 | 배송  5/50 | 재적재  0 | 정지 0.00 교착최장   0 | no_progress
  [홀드아웃] 배송 2.9±3.0 재적재 0.0 2홉+ 0.05 | 최고 23.8@ep50 정체 5/15
Ep 301 |   270스텝 | 배송  5/50 | 재적재  0 | 정지 0.00 교착최장   0 | no_progress
Ep 302 |   263스텝 | 배송  5/50 | 재적재  0 | 정지 0.00 교착최장   0 | no_progress
Ep 303 |   266스텝 | 배송  5/50 | 재적재  0 | 정지 0.00 교착최장   0 | no_progress
Ep 304 |   324스텝 | 배송  5/50 | 재적재  0 | 정지 0.00 교착최장   0 | no_progress
Ep 305 |   304스텝 | 배송  5/50 | 재적재  0 | 정지 0.00 교착최장   0 | no_progress
Ep 306 |   349스텝 | 배송  5/50 | 재적재  0 | 정지 0.00 교착최장   0 | no_progress
Ep 307 |   246스텝 | 배송  5/50 | 재적재  0 | 정지 0.00 교착최장   0 | no_progress
Ep 308 |   256스텝 | 배송  5/50 | 재적재  0 | 정지 0.00 교착최장   0 | no_progress
Ep 309 |   238스텝 | 배송  5/50 | 재적재  0 | 정지 0.00 교착최장   0 | no_progress
Ep 310 |   339스텝 | 배송  5/50 | 재적재  0 | 정지 0.00 교착최장   0 | no_progress
Ep 311 |   223스텝 | 배송  4/50 | 재적재  0 | 정지 0.00 교착최장   0 | no_progress
Ep 312 |   310스텝 | 배송  5/50 | 재적재  0 | 정지 0.00 교착최장   0 | no_progress
Ep 313 |   355스텝 | 배송  5/50 | 재적재  0 | 정지 0.00 교착최장   0 | no_progress
Ep 314 |   228스텝 | 배송  4/50 | 재적재  0 | 정지 0.00 교착최장   0 | no_progress
Ep 315 |   353스텝 | 배송  5/50 | 재적재  0 | 정지 0.00 교착최장   0 | no_progress
Ep 316 |   353스텝 | 배송  5/50 | 재적재  0 | 정지 0.00 교착최장   0 | no_progress
Ep 317 |   250스텝 | 배송  5/50 | 재적재  0 | 정지 0.00 교착최장   0 | no_progress
Ep 318 |   222스텝 | 배송  4/50 | 재적재  0 | 정지 0.00 교착최장   0 | no_progress
Ep 319 |   370스텝 | 배송  5/50 | 재적재  0 | 정지 0.00 교착최장   0 | no_progress
Ep 320 |   246스텝 | 배송  5/50 | 재적재  0 | 정지 0.00 교착최장   0 | no_progress
Ep 321 |   252스텝 | 배송  5/50 | 재적재  0 | 정지 0.00 교착최장   0 | no_progress
Ep 322 |   301스텝 | 배송  5/50 | 재적재  0 | 정지 0.00 교착최장   0 | no_progress
Ep 323 |   292스텝 | 배송  5/50 | 재적재  0 | 정지 0.00 교착최장   0 | no_progress
Ep 324 |   348스텝 | 배송  5/50 | 재적재  0 | 정지 0.00 교착최장   0 | no_progress
Ep 325 |   286스텝 | 배송  5/50 | 재적재  0 | 정지 0.00 교착최장   0 | no_progress
Ep 326 |   297스텝 | 배송  5/50 | 재적재  0 | 정지 0.00 교착최장   0 | no_progress
Ep 327 |   301스텝 | 배송  5/50 | 재적재  0 | 정지 0.00 교착최장   0 | no_progress
Ep 328 |   254스텝 | 배송  5/50 | 재적재  0 | 정지 0.00 교착최장   0 | no_progress
Ep 329 |   373스텝 | 배송  5/50 | 재적재  0 | 정지 0.00 교착최장   0 | no_progress
Ep 330 |   250스텝 | 배송  5/50 | 재적재  0 | 정지 0.00 교착최장   0 | no_progress
Ep 331 |   270스텝 | 배송  5/50 | 재적재  0 | 정지 0.00 교착최장   0 | no_progress
Ep 332 |   274스텝 | 배송  5/50 | 재적재  0 | 정지 0.00 교착최장   0 | no_progress
Ep 333 |   243스텝 | 배송  5/50 | 재적재  0 | 정지 0.00 교착최장   0 | no_progress
Ep 334 |   248스텝 | 배송  5/50 | 재적재  0 | 정지 0.00 교착최장   0 | no_progress
Ep 335 |   283스텝 | 배송  5/50 | 재적재  0 | 정지 0.00 교착최장   0 | no_progress
Ep 336 |   241스텝 | 배송  5/50 | 재적재  0 | 정지 0.00 교착최장   0 | no_progress
Ep 337 |   272스텝 | 배송  5/50 | 재적재  0 | 정지 0.00 교착최장   0 | no_progress
Ep 338 |   255스텝 | 배송  5/50 | 재적재  0 | 정지 0.00 교착최장   0 | no_progress
Ep 339 |   316스텝 | 배송  5/50 | 재적재  0 | 정지 0.00 교착최장   0 | no_progress
Ep 340 |   240스텝 | 배송  5/50 | 재적재  0 | 정지 0.00 교착최장   0 | no_progress
Ep 341 |   282스텝 | 배송  5/50 | 재적재  0 | 정지 0.00 교착최장   0 | no_progress
Ep 342 |   247스텝 | 배송  5/50 | 재적재  0 | 정지 0.00 교착최장   0 | no_progress
Ep 343 |   290스텝 | 배송  5/50 | 재적재  0 | 정지 0.00 교착최장   0 | no_progress
Ep 344 |   250스텝 | 배송  5/50 | 재적재  0 | 정지 0.00 교착최장   0 | no_progress
Ep 345 |   578스텝 | 배송 10/50 | 재적재  0 | 정지 0.02 교착최장   1 | no_progress
Ep 346 |   314스텝 | 배송  5/50 | 재적재  0 | 정지 0.00 교착최장   0 | no_progress
Ep 347 |   259스텝 | 배송  5/50 | 재적재  0 | 정지 0.00 교착최장   0 | no_progress
Ep 348 |   272스텝 | 배송  5/50 | 재적재  0 | 정지 0.00 교착최장   0 | no_progress
Ep 349 |   268스텝 | 배송  5/50 | 재적재  0 | 정지 0.00 교착최장   0 | no_progress
Ep 350 |   265스텝 | 배송  5/50 | 재적재  0 | 정지 0.00 교착최장   0 | no_progress
  [홀드아웃] 배송 2.8±3.3 재적재 0.0 2홉+ 0.03 | 최고 23.8@ep50 정체 6/15
Ep 351 |   284스텝 | 배송  5/50 | 재적재  0 | 정지 0.00 교착최장   0 | no_progress
Ep 352 |   349스텝 | 배송  5/50 | 재적재  0 | 정지 0.00 교착최장   0 | no_progress
Ep 353 |   300스텝 | 배송  5/50 | 재적재  0 | 정지 0.00 교착최장   0 | no_progress
Ep 354 |   340스텝 | 배송  8/50 | 재적재  0 | 정지 0.19 교착최장   3 | no_progress
Ep 355 |   257스텝 | 배송  5/50 | 재적재  0 | 정지 0.00 교착최장   0 | no_progress
Ep 356 |   275스텝 | 배송  5/50 | 재적재  0 | 정지 0.00 교착최장   0 | no_progress
Ep 357 |   272스텝 | 배송  5/50 | 재적재  0 | 정지 0.00 교착최장   0 | no_progress
Ep 358 |   611스텝 | 배송 14/50 | 재적재  1 | 정지 0.04 교착최장   2 | no_progress
Ep 359 |   289스텝 | 배송  5/50 | 재적재  0 | 정지 0.00 교착최장   0 | no_progress
Ep 360 |   760스텝 | 배송 12/50 | 재적재  0 | 정지 0.07 교착최장   4 | no_progress
Ep 361 |   279스텝 | 배송  5/50 | 재적재  0 | 정지 0.00 교착최장   0 | no_progress
Ep 362 |   277스텝 | 배송  5/50 | 재적재  0 | 정지 0.00 교착최장   0 | no_progress
Ep 363 |   261스텝 | 배송  5/50 | 재적재  0 | 정지 0.00 교착최장   0 | no_progress
Ep 364 |   254스텝 | 배송  5/50 | 재적재  0 | 정지 0.00 교착최장   0 | no_progress
Ep 365 |   266스텝 | 배송  5/50 | 재적재  0 | 정지 0.00 교착최장   0 | no_progress
Ep 366 |   619스텝 | 배송 10/50 | 재적재  1 | 정지 0.01 교착최장   0 | no_progress
Ep 367 |   233스텝 | 배송  3/50 | 재적재  0 | 정지 0.00 교착최장   0 | no_progress
Ep 368 |   225스텝 | 배송  4/50 | 재적재  0 | 정지 0.00 교착최장   0 | no_progress
Ep 369 |   419스텝 | 배송  5/50 | 재적재  0 | 정지 0.00 교착최장   0 | no_progress
Ep 370 |  1159스텝 | 배송 15/50 | 재적재  0 | 정지 0.22 교착최장  51 | no_progress
Ep 371 |   538스텝 | 배송 11/50 | 재적재  0 | 정지 0.02 교착최장   0 | no_progress
Ep 372 |   326스텝 | 배송  5/50 | 재적재  0 | 정지 0.00 교착최장   0 | no_progress
Ep 373 |   350스텝 | 배송  5/50 | 재적재  0 | 정지 0.00 교착최장   0 | no_progress
Ep 374 |   888스텝 | 배송 15/50 | 재적재  0 | 정지 0.08 교착최장  10 | no_progress
Ep 375 |   268스텝 | 배송  5/50 | 재적재  0 | 정지 0.00 교착최장   0 | no_progress
Ep 376 |   329스텝 | 배송  5/50 | 재적재  0 | 정지 0.00 교착최장   0 | no_progress
Ep 377 |   834스텝 | 배송  9/50 | 재적재  0 | 정지 0.04 교착최장   2 | no_progress
Ep 378 |   262스텝 | 배송  5/50 | 재적재  0 | 정지 0.00 교착최장   0 | no_progress
Ep 379 |   510스텝 | 배송  7/50 | 재적재  0 | 정지 0.06 교착최장   5 | no_progress
Ep 380 |   284스텝 | 배송  5/50 | 재적재  0 | 정지 0.00 교착최장   0 | no_progress
Ep 381 |   268스텝 | 배송  5/50 | 재적재  0 | 정지 0.00 교착최장   0 | no_progress
Ep 382 |   588스텝 | 배송  8/50 | 재적재  0 | 정지 0.00 교착최장   0 | no_progress
Ep 383 |   978스텝 | 배송 15/50 | 재적재  0 | 정지 0.17 교착최장  17 | no_progress
Ep 384 |   329스텝 | 배송  5/50 | 재적재  0 | 정지 0.00 교착최장   0 | no_progress
Ep 385 |   816스텝 | 배송 18/50 | 재적재  0 | 정지 0.15 교착최장  26 | no_progress
Ep 386 |   242스텝 | 배송  5/50 | 재적재  0 | 정지 0.00 교착최장   0 | no_progress
Ep 387 |  1196스텝 | 배송 12/50 | 재적재  0 | 정지 0.08 교착최장   7 | no_progress
Ep 388 |   530스텝 | 배송 12/50 | 재적재  0 | 정지 0.28 교착최장  81 | no_progress
Ep 389 |   220스텝 | 배송  4/50 | 재적재  0 | 정지 0.00 교착최장   0 | no_progress
Ep 390 |   362스텝 | 배송  5/50 | 재적재  0 | 정지 0.00 교착최장   0 | no_progress
Ep 391 |   319스텝 | 배송  5/50 | 재적재  0 | 정지 0.00 교착최장   0 | no_progress
Ep 392 |   842스텝 | 배송 16/50 | 재적재  0 | 정지 0.08 교착최장   4 | no_progress
Ep 393 |   229스텝 | 배송  4/50 | 재적재  0 | 정지 0.00 교착최장   0 | no_progress
Ep 394 |   401스텝 | 배송  5/50 | 재적재  0 | 정지 0.00 교착최장   0 | no_progress
Ep 395 |   253스텝 | 배송  4/50 | 재적재  0 | 정지 0.00 교착최장   0 | no_progress
Ep 396 |   499스텝 | 배송  8/50 | 재적재  0 | 정지 0.07 교착최장   4 | no_progress
Ep 397 |   240스텝 | 배송  4/50 | 재적재  0 | 정지 0.00 교착최장   0 | no_progress
Ep 398 |   509스텝 | 배송 11/50 | 재적재  0 | 정지 0.30 교착최장 100 | deadlock
Ep 399 |   297스텝 | 배송  5/50 | 재적재  0 | 정지 0.00 교착최장   0 | no_progress
Ep 400 |   334스텝 | 배송  5/50 | 재적재  0 | 정지 0.00 교착최장   0 | no_progress
  [홀드아웃] 배송 3.3±3.2 재적재 0.0 2홉+ 0.13 | 최고 23.8@ep50 정체 7/15
Ep 401 |   421스텝 | 배송  5/50 | 재적재  0 | 정지 0.00 교착최장   0 | no_progress
Ep 402 |   277스텝 | 배송  5/50 | 재적재  0 | 정지 0.00 교착최장   0 | no_progress
Ep 403 |   444스텝 | 배송  6/50 | 재적재  0 | 정지 0.00 교착최장   0 | no_progress
Ep 404 |   230스텝 | 배송  4/50 | 재적재  0 | 정지 0.00 교착최장   0 | no_progress
Ep 405 |   808스텝 | 배송 16/50 | 재적재  1 | 정지 0.08 교착최장  11 | no_progress
Ep 406 |   727스텝 | 배송 16/50 | 재적재  0 | 정지 0.22 교착최장  29 | no_progress
Ep 407 |  1016스텝 | 배송 17/50 | 재적재  0 | 정지 0.20 교착최장  35 | no_progress
Ep 408 |   234스텝 | 배송  4/50 | 재적재  0 | 정지 0.00 교착최장   0 | no_progress
Ep 409 |   367스텝 | 배송  5/50 | 재적재  0 | 정지 0.00 교착최장   0 | no_progress
Ep 410 |   245스텝 | 배송  5/50 | 재적재  0 | 정지 0.00 교착최장   0 | no_progress
Ep 411 |   282스텝 | 배송  5/50 | 재적재  0 | 정지 0.00 교착최장   0 | no_progress
Ep 412 |   253스텝 | 배송  5/50 | 재적재  0 | 정지 0.00 교착최장   0 | no_progress
Ep 413 |   248스텝 | 배송  5/50 | 재적재  0 | 정지 0.00 교착최장   0 | no_progress
Ep 414 |   222스텝 | 배송  4/50 | 재적재  0 | 정지 0.00 교착최장   0 | no_progress
Ep 415 |   671스텝 | 배송 13/50 | 재적재  1 | 정지 0.21 교착최장  11 | no_progress
Ep 416 |   307스텝 | 배송  5/50 | 재적재  0 | 정지 0.00 교착최장   0 | no_progress
Ep 417 |   913스텝 | 배송 17/50 | 재적재  0 | 정지 0.16 교착최장  26 | no_progress
Ep 418 |   515스텝 | 배송 12/50 | 재적재  1 | 정지 0.24 교착최장  86 | no_progress
Ep 419 |   232스텝 | 배송  4/50 | 재적재  0 | 정지 0.00 교착최장   0 | no_progress
Ep 420 |   394스텝 | 배송  5/50 | 재적재  0 | 정지 0.00 교착최장   0 | no_progress
Ep 421 |   231스텝 | 배송  4/50 | 재적재  0 | 정지 0.00 교착최장   0 | no_progress
Ep 422 |   289스텝 | 배송  5/50 | 재적재  0 | 정지 0.00 교착최장   0 | no_progress
Ep 423 |   705스텝 | 배송 16/50 | 재적재  0 | 정지 0.15 교착최장  10 | no_progress
Ep 424 |  1208스텝 | 배송 17/50 | 재적재  0 | 정지 0.20 교착최장  54 | no_progress
Ep 425 |   369스텝 | 배송  5/50 | 재적재  0 | 정지 0.00 교착최장   0 | no_progress
Ep 426 |   259스텝 | 배송  5/50 | 재적재  0 | 정지 0.00 교착최장   0 | no_progress
Ep 427 |   287스텝 | 배송  5/50 | 재적재  0 | 정지 0.00 교착최장   0 | no_progress
Ep 428 |   255스텝 | 배송  5/50 | 재적재  0 | 정지 0.00 교착최장   0 | no_progress
Ep 429 |   228스텝 | 배송  4/50 | 재적재  0 | 정지 0.00 교착최장   0 | no_progress
Ep 430 |   338스텝 | 배송  5/50 | 재적재  0 | 정지 0.00 교착최장   0 | no_progress
Ep 431 |   239스텝 | 배송  4/50 | 재적재  0 | 정지 0.00 교착최장   0 | no_progress
Ep 432 |   425스텝 | 배송  5/50 | 재적재  0 | 정지 0.00 교착최장   0 | no_progress
Ep 433 |   226스텝 | 배송  4/50 | 재적재  0 | 정지 0.00 교착최장   0 | no_progress
Ep 434 |   333스텝 | 배송  5/50 | 재적재  0 | 정지 0.00 교착최장   0 | no_progress
Ep 435 |   378스텝 | 배송  5/50 | 재적재  0 | 정지 0.00 교착최장   0 | no_progress
Ep 436 |   619스텝 | 배송 13/50 | 재적재  0 | 정지 0.22 교착최장  37 | no_progress
Ep 437 |   316스텝 | 배송  5/50 | 재적재  0 | 정지 0.00 교착최장   0 | no_progress
Ep 438 |   328스텝 | 배송  5/50 | 재적재  0 | 정지 0.00 교착최장   0 | no_progress
Ep 439 |   275스텝 | 배송  5/50 | 재적재  0 | 정지 0.00 교착최장   0 | no_progress
Ep 440 |   814스텝 | 배송 14/50 | 재적재  0 | 정지 0.34 교착최장  84 | no_progress
Ep 441 |   256스텝 | 배송  5/50 | 재적재  0 | 정지 0.00 교착최장   0 | no_progress
Ep 442 |   366스텝 | 배송  5/50 | 재적재  0 | 정지 0.00 교착최장   0 | no_progress
Ep 443 |   618스텝 | 배송 15/50 | 재적재  0 | 정지 0.13 교착최장   6 | no_progress
Ep 444 |   200스텝 | 배송  0/50 | 재적재  0 | 정지 0.00 교착최장   0 | no_progress
Ep 445 |   413스텝 | 배송  5/50 | 재적재  0 | 정지 0.00 교착최장   0 | no_progress
Ep 446 |   337스텝 | 배송  5/50 | 재적재  0 | 정지 0.00 교착최장   0 | no_progress
Ep 447 |   328스텝 | 배송  4/50 | 재적재  0 | 정지 0.00 교착최장   0 | no_progress
Ep 448 |   435스텝 | 배송  8/50 | 재적재  0 | 정지 0.21 교착최장   4 | no_progress
Ep 449 |   319스텝 | 배송  5/50 | 재적재  0 | 정지 0.00 교착최장   0 | no_progress
Ep 450 |   412스텝 | 배송  5/50 | 재적재  0 | 정지 0.00 교착최장   0 | no_progress
  [홀드아웃] 배송 5.1±3.5 재적재 0.1 2홉+ 0.21 | 최고 23.8@ep50 정체 8/15
Ep 451 |   223스텝 | 배송  4/50 | 재적재  0 | 정지 0.00 교착최장   0 | no_progress
Ep 452 |  1015스텝 | 배송 12/50 | 재적재  1 | 정지 0.12 교착최장  14 | no_progress
Ep 453 |   868스텝 | 배송 17/50 | 재적재  0 | 정지 0.24 교착최장  31 | no_progress
Ep 454 |   968스텝 | 배송 19/50 | 재적재  0 | 정지 0.43 교착최장  92 | no_progress
Ep 455 |   317스텝 | 배송  5/50 | 재적재  0 | 정지 0.00 교착최장   0 | no_progress
Ep 456 |   671스텝 | 배송  9/50 | 재적재  0 | 정지 0.11 교착최장   4 | no_progress
Ep 457 |   222스텝 | 배송  4/50 | 재적재  0 | 정지 0.00 교착최장   0 | no_progress
Ep 458 |   246스텝 | 배송  5/50 | 재적재  0 | 정지 0.00 교착최장   0 | no_progress
Ep 459 |   679스텝 | 배송  9/50 | 재적재  0 | 정지 0.00 교착최장   0 | no_progress
Ep 460 |   447스텝 | 배송  7/50 | 재적재  0 | 정지 0.00 교착최장   0 | no_progress
Ep 461 |   342스텝 | 배송  5/50 | 재적재  0 | 정지 0.00 교착최장   0 | no_progress
Ep 462 |   262스텝 | 배송  5/50 | 재적재  0 | 정지 0.00 교착최장   0 | no_progress
Ep 463 |   249스텝 | 배송  5/50 | 재적재  0 | 정지 0.00 교착최장   0 | no_progress
Ep 464 |   243스텝 | 배송  5/50 | 재적재  0 | 정지 0.00 교착최장   0 | no_progress
Ep 465 |   289스텝 | 배송  5/50 | 재적재  0 | 정지 0.00 교착최장   0 | no_progress
Ep 466 |   268스텝 | 배송  5/50 | 재적재  0 | 정지 0.00 교착최장   0 | no_progress
Ep 467 |   489스텝 | 배송  8/50 | 재적재  0 | 정지 0.00 교착최장   0 | no_progress
Ep 468 |   342스텝 | 배송  5/50 | 재적재  0 | 정지 0.00 교착최장   0 | no_progress
Ep 469 |   295스텝 | 배송  5/50 | 재적재  0 | 정지 0.00 교착최장   0 | no_progress
Ep 470 |   228스텝 | 배송  4/50 | 재적재  0 | 정지 0.00 교착최장   0 | no_progress
Ep 471 |   345스텝 | 배송  5/50 | 재적재  0 | 정지 0.00 교착최장   0 | no_progress
Ep 472 |   368스텝 | 배송  5/50 | 재적재  0 | 정지 0.00 교착최장   0 | no_progress
Ep 473 |   332스텝 | 배송  5/50 | 재적재  0 | 정지 0.00 교착최장   0 | no_progress
Ep 474 |   262스텝 | 배송  5/50 | 재적재  0 | 정지 0.00 교착최장   0 | no_progress
Ep 475 |   679스텝 | 배송 11/50 | 재적재  0 | 정지 0.12 교착최장  15 | no_progress
Ep 476 |   275스텝 | 배송  5/50 | 재적재  0 | 정지 0.00 교착최장   0 | no_progress
Ep 477 |   228스텝 | 배송  4/50 | 재적재  0 | 정지 0.00 교착최장   0 | no_progress
Ep 478 |   376스텝 | 배송  5/50 | 재적재  0 | 정지 0.00 교착최장   0 | no_progress
Ep 479 |   305스텝 | 배송  5/50 | 재적재  0 | 정지 0.00 교착최장   0 | no_progress
Ep 480 |   374스텝 | 배송  5/50 | 재적재  0 | 정지 0.00 교착최장   0 | no_progress
Ep 481 |   520스텝 | 배송  7/50 | 재적재  0 | 정지 0.00 교착최장   0 | no_progress
Ep 482 |   319스텝 | 배송  5/50 | 재적재  0 | 정지 0.00 교착최장   0 | no_progress
Ep 483 |   270스텝 | 배송  4/50 | 재적재  0 | 정지 0.00 교착최장   0 | no_progress
Ep 484 |   346스텝 | 배송  4/50 | 재적재  0 | 정지 0.00 교착최장   0 | no_progress
Ep 485 |   279스텝 | 배송  4/50 | 재적재  0 | 정지 0.00 교착최장   0 | no_progress
Ep 486 |   261스텝 | 배송  5/50 | 재적재  0 | 정지 0.00 교착최장   0 | no_progress
Ep 487 |   351스텝 | 배송  5/50 | 재적재  0 | 정지 0.00 교착최장   0 | no_progress
Ep 488 |   307스텝 | 배송  6/50 | 재적재  0 | 정지 0.00 교착최장   0 | no_progress
Ep 489 |   228스텝 | 배송  3/50 | 재적재  0 | 정지 0.00 교착최장   0 | no_progress
Ep 490 |   287스텝 | 배송  4/50 | 재적재  0 | 정지 0.00 교착최장   0 | no_progress
Ep 491 |   223스텝 | 배송  4/50 | 재적재  0 | 정지 0.00 교착최장   0 | no_progress
Ep 492 |   372스텝 | 배송  5/50 | 재적재  0 | 정지 0.00 교착최장   0 | no_progress
Ep 493 |   595스텝 | 배송  7/50 | 재적재  0 | 정지 0.13 교착최장   5 | no_progress
Ep 494 |   624스텝 | 배송 14/50 | 재적재  0 | 정지 0.10 교착최장  10 | no_progress
Ep 495 |   250스텝 | 배송  4/50 | 재적재  0 | 정지 0.00 교착최장   0 | no_progress
Ep 496 |   280스텝 | 배송  5/50 | 재적재  0 | 정지 0.00 교착최장   0 | no_progress
Ep 497 |   385스텝 | 배송  4/50 | 재적재  0 | 정지 0.00 교착최장   0 | no_progress
Ep 498 |   399스텝 | 배송  5/50 | 재적재  0 | 정지 0.00 교착최장   0 | no_progress
Ep 499 |   268스텝 | 배송  5/50 | 재적재  0 | 정지 0.00 교착최장   0 | no_progress
Ep 500 |   319스텝 | 배송  5/50 | 재적재  0 | 정지 0.00 교착최장   0 | no_progress
  [홀드아웃] 배송 3.7±3.7 재적재 0.0 2홉+ 0.12 | 최고 23.8@ep50 정체 9/15
Ep 501 |   260스텝 | 배송  4/50 | 재적재  0 | 정지 0.00 교착최장   0 | no_progress
Ep 502 |   409스텝 | 배송  5/50 | 재적재  0 | 정지 0.00 교착최장   0 | no_progress
Ep 503 |   261스텝 | 배송  5/50 | 재적재  0 | 정지 0.00 교착최장   0 | no_progress
Ep 504 |   367스텝 | 배송  5/50 | 재적재  0 | 정지 0.00 교착최장   0 | no_progress
Ep 505 |   346스텝 | 배송  5/50 | 재적재  0 | 정지 0.00 교착최장   0 | no_progress
Ep 506 |   422스텝 | 배송  5/50 | 재적재  0 | 정지 0.00 교착최장   0 | no_progress
Ep 507 |   298스텝 | 배송  5/50 | 재적재  0 | 정지 0.00 교착최장   0 | no_progress
Ep 508 |   390스텝 | 배송  5/50 | 재적재  0 | 정지 0.00 교착최장   0 | no_progress
Ep 509 |   300스텝 | 배송  5/50 | 재적재  0 | 정지 0.00 교착최장   0 | no_progress
Ep 510 |   226스텝 | 배송  4/50 | 재적재  0 | 정지 0.00 교착최장   0 | no_progress
Ep 511 |   260스텝 | 배송  5/50 | 재적재  0 | 정지 0.00 교착최장   0 | no_progress
Ep 512 |   968스텝 | 배송 10/50 | 재적재  0 | 정지 0.13 교착최장   8 | no_progress
Ep 513 |   348스텝 | 배송  5/50 | 재적재  0 | 정지 0.00 교착최장   0 | no_progress
Ep 514 |   283스텝 | 배송  4/50 | 재적재  0 | 정지 0.00 교착최장   0 | no_progress
Ep 515 |   232스텝 | 배송  4/50 | 재적재  0 | 정지 0.00 교착최장   0 | no_progress
Ep 516 |   236스텝 | 배송  4/50 | 재적재  0 | 정지 0.00 교착최장   0 | no_progress
Ep 517 |   323스텝 | 배송  5/50 | 재적재  0 | 정지 0.00 교착최장   0 | no_progress
Ep 518 |   397스텝 | 배송  5/50 | 재적재  0 | 정지 0.00 교착최장   0 | no_progress
Ep 519 |   290스텝 | 배송  4/50 | 재적재  0 | 정지 0.00 교착최장   0 | no_progress
Ep 520 |   265스텝 | 배송  4/50 | 재적재  0 | 정지 0.00 교착최장   0 | no_progress
Ep 521 |   339스텝 | 배송  4/50 | 재적재  0 | 정지 0.00 교착최장   0 | no_progress
Ep 522 |   379스텝 | 배송  5/50 | 재적재  0 | 정지 0.00 교착최장   0 | no_progress
Ep 523 |   241스텝 | 배송  4/50 | 재적재  0 | 정지 0.00 교착최장   0 | no_progress
Ep 524 |   267스텝 | 배송  5/50 | 재적재  0 | 정지 0.00 교착최장   0 | no_progress
Ep 525 |   223스텝 | 배송  3/50 | 재적재  0 | 정지 0.00 교착최장   0 | no_progress
Ep 526 |   979스텝 | 배송  9/50 | 재적재  0 | 정지 0.23 교착최장   6 | no_progress
Ep 527 |   384스텝 | 배송  5/50 | 재적재  0 | 정지 0.00 교착최장   0 | no_progress
Ep 528 |   441스텝 | 배송  5/50 | 재적재  0 | 정지 0.00 교착최장   0 | no_progress
Ep 529 |   405스텝 | 배송  5/50 | 재적재  0 | 정지 0.00 교착최장   0 | no_progress
Ep 530 |   428스텝 | 배송  7/50 | 재적재  0 | 정지 0.21 교착최장   4 | no_progress
Ep 531 |   240스텝 | 배송  4/50 | 재적재  0 | 정지 0.00 교착최장   0 | no_progress
Ep 532 |   226스텝 | 배송  4/50 | 재적재  0 | 정지 0.00 교착최장   0 | no_progress
Ep 533 |   225스텝 | 배송  4/50 | 재적재  0 | 정지 0.00 교착최장   0 | no_progress
Ep 534 |   247스텝 | 배송  4/50 | 재적재  0 | 정지 0.00 교착최장   0 | no_progress
Ep 535 |   404스텝 | 배송  5/50 | 재적재  0 | 정지 0.00 교착최장   0 | no_progress
Ep 536 |   297스텝 | 배송  5/50 | 재적재  0 | 정지 0.00 교착최장   0 | no_progress
Ep 537 |   393스텝 | 배송  5/50 | 재적재  0 | 정지 0.00 교착최장   0 | no_progress
Ep 538 |   301스텝 | 배송  6/50 | 재적재  0 | 정지 0.00 교착최장   0 | no_progress
Ep 539 |   252스텝 | 배송  5/50 | 재적재  0 | 정지 0.00 교착최장   0 | no_progress
Ep 540 |   230스텝 | 배송  4/50 | 재적재  0 | 정지 0.00 교착최장   0 | no_progress
Ep 541 |   362스텝 | 배송  5/50 | 재적재  0 | 정지 0.00 교착최장   0 | no_progress
Ep 542 |   721스텝 | 배송  6/50 | 재적재  0 | 정지 0.01 교착최장   0 | no_progress
Ep 543 |   632스텝 | 배송 10/50 | 재적재  0 | 정지 0.22 교착최장 100 | deadlock
Ep 544 |   722스텝 | 배송  8/50 | 재적재  0 | 정지 0.22 교착최장   7 | no_progress
Ep 545 |   645스텝 | 배송 12/50 | 재적재  1 | 정지 0.22 교착최장   7 | no_progress
Ep 546 |   224스텝 | 배송  4/50 | 재적재  0 | 정지 0.00 교착최장   0 | no_progress
Ep 547 |   200스텝 | 배송  0/50 | 재적재  0 | 정지 0.16 교착최장   0 | no_progress
Ep 548 |   281스텝 | 배송  4/50 | 재적재  0 | 정지 0.00 교착최장   0 | no_progress
Ep 549 |   226스텝 | 배송  3/50 | 재적재  0 | 정지 0.00 교착최장   0 | no_progress
Ep 550 |   301스텝 | 배송  4/50 | 재적재  0 | 정지 0.00 교착최장   0 | no_progress
  [홀드아웃] 배송 3.9±3.1 재적재 0.0 2홉+ 0.06 | 최고 23.8@ep50 정체 10/15
Ep 551 |   386스텝 | 배송  5/50 | 재적재  0 | 정지 0.00 교착최장   0 | no_progress
Ep 552 |   447스텝 | 배송  4/50 | 재적재  0 | 정지 0.00 교착최장   0 | no_progress
Ep 553 |   225스텝 | 배송  4/50 | 재적재  0 | 정지 0.00 교착최장   0 | no_progress
Ep 554 |   265스텝 | 배송  4/50 | 재적재  0 | 정지 0.00 교착최장   0 | no_progress
Ep 555 |   352스텝 | 배송  4/50 | 재적재  0 | 정지 0.00 교착최장   0 | no_progress
Ep 556 |   451스텝 | 배송  4/50 | 재적재  0 | 정지 0.00 교착최장   0 | no_progress
Ep 557 |   277스텝 | 배송  5/50 | 재적재  0 | 정지 0.00 교착최장   0 | no_progress
Ep 558 |   334스텝 | 배송  5/50 | 재적재  0 | 정지 0.00 교착최장   0 | no_progress
Ep 559 |   299스텝 | 배송  4/50 | 재적재  0 | 정지 0.00 교착최장   0 | no_progress
Ep 560 |   321스텝 | 배송  5/50 | 재적재  0 | 정지 0.00 교착최장   0 | no_progress
Ep 561 |   239스텝 | 배송  4/50 | 재적재  0 | 정지 0.00 교착최장   0 | no_progress
Ep 562 |   229스텝 | 배송  4/50 | 재적재  0 | 정지 0.00 교착최장   0 | no_progress
Ep 563 |   422스텝 | 배송 10/50 | 재적재  0 | 정지 0.37 교착최장 100 | deadlock
Ep 564 |   662스텝 | 배송 13/50 | 재적재  0 | 정지 0.26 교착최장  24 | no_progress
Ep 565 |   626스텝 | 배송 17/50 | 재적재  0 | 정지 0.30 교착최장 100 | deadlock
Ep 566 |   693스텝 | 배송 17/50 | 재적재  0 | 정지 0.23 교착최장  25 | no_progress
Ep 567 |   281스텝 | 배송  4/50 | 재적재  0 | 정지 0.00 교착최장   0 | no_progress
Ep 568 |   622스텝 | 배송 15/50 | 재적재  0 | 정지 0.15 교착최장  14 | no_progress
Ep 569 |   252스텝 | 배송  4/50 | 재적재  0 | 정지 0.00 교착최장   0 | no_progress
Ep 570 |   241스텝 | 배송  3/50 | 재적재  0 | 정지 0.00 교착최장   0 | no_progress
Ep 571 |   456스텝 | 배송  9/50 | 재적재  0 | 정지 0.23 교착최장  58 | no_progress
Ep 572 |   268스텝 | 배송  2/50 | 재적재  0 | 정지 0.13 교착최장   0 | no_progress
Ep 573 |   282스텝 | 배송  2/50 | 재적재  0 | 정지 0.00 교착최장   0 | no_progress
Ep 574 |   276스텝 | 배송  4/50 | 재적재  0 | 정지 0.00 교착최장   0 | no_progress
Ep 575 |   429스텝 | 배송  4/50 | 재적재  0 | 정지 0.00 교착최장   0 | no_progress
Ep 576 |   557스텝 | 배송 15/50 | 재적재  0 | 정지 0.28 교착최장  35 | no_progress
Ep 577 |   376스텝 | 배송  5/50 | 재적재  0 | 정지 0.00 교착최장   0 | no_progress
Ep 578 |   243스텝 | 배송  4/50 | 재적재  0 | 정지 0.00 교착최장   0 | no_progress
Ep 579 |   255스텝 | 배송  4/50 | 재적재  0 | 정지 0.00 교착최장   0 | no_progress
Ep 580 |   240스텝 | 배송  4/50 | 재적재  0 | 정지 0.00 교착최장   0 | no_progress
Ep 581 |   691스텝 | 배송 16/50 | 재적재  0 | 정지 0.30 교착최장 100 | deadlock
Ep 582 |   370스텝 | 배송  6/50 | 재적재  0 | 정지 0.00 교착최장   0 | no_progress
Ep 583 |   603스텝 | 배송 17/50 | 재적재  1 | 정지 0.23 교착최장  19 | no_progress
Ep 584 |   953스텝 | 배송 13/50 | 재적재  1 | 정지 0.08 교착최장  12 | no_progress
Ep 585 |   349스텝 | 배송  5/50 | 재적재  0 | 정지 0.00 교착최장   0 | no_progress
Ep 586 |   285스텝 | 배송  4/50 | 재적재  0 | 정지 0.00 교착최장   0 | no_progress
Ep 587 |   708스텝 | 배송 11/50 | 재적재  0 | 정지 0.25 교착최장  87 | no_progress
Ep 588 |   264스텝 | 배송  4/50 | 재적재  0 | 정지 0.00 교착최장   0 | no_progress
Ep 589 |   760스텝 | 배송 17/50 | 재적재  1 | 정지 0.23 교착최장  81 | no_progress
Ep 590 |   281스텝 | 배송  4/50 | 재적재  0 | 정지 0.00 교착최장   0 | no_progress
Ep 591 |   200스텝 | 배송  0/50 | 재적재  0 | 정지 0.00 교착최장   0 | no_progress
Ep 592 |   200스텝 | 배송  0/50 | 재적재  0 | 정지 0.00 교착최장   0 | no_progress
Ep 593 |   495스텝 | 배송  8/50 | 재적재  0 | 정지 0.00 교착최장   0 | no_progress
Ep 594 |   826스텝 | 배송 17/50 | 재적재  1 | 정지 0.18 교착최장   9 | no_progress
Ep 595 |   695스텝 | 배송  9/50 | 재적재  0 | 정지 0.24 교착최장 100 | deadlock
Ep 596 |   679스텝 | 배송 12/50 | 재적재  0 | 정지 0.20 교착최장  93 | no_progress
Ep 597 |   882스텝 | 배송 14/50 | 재적재  1 | 정지 0.14 교착최장  72 | no_progress
Ep 598 |   328스텝 | 배송  1/50 | 재적재  0 | 정지 0.00 교착최장   0 | no_progress
Ep 599 |   200스텝 | 배송  0/50 | 재적재  0 | 정지 0.00 교착최장   0 | no_progress
Ep 600 |   200스텝 | 배송  0/50 | 재적재  0 | 정지 0.00 교착최장   0 | no_progress
  [홀드아웃] 배송 7.2±5.5 재적재 0.0 2홉+ 0.28 | 최고 23.8@ep50 정체 11/15
Ep 601 |   318스텝 | 배송  4/50 | 재적재  0 | 정지 0.00 교착최장   0 | no_progress
Ep 602 |   200스텝 | 배송  0/50 | 재적재  0 | 정지 0.00 교착최장   0 | no_progress
Ep 603 |   200스텝 | 배송  0/50 | 재적재  0 | 정지 0.00 교착최장   0 | no_progress
Ep 604 |   200스텝 | 배송  0/50 | 재적재  0 | 정지 0.00 교착최장   0 | no_progress
Ep 605 |   200스텝 | 배송  0/50 | 재적재  0 | 정지 0.00 교착최장   0 | no_progress
Ep 606 |   200스텝 | 배송  0/50 | 재적재  0 | 정지 0.00 교착최장   0 | no_progress
Ep 607 |   805스텝 | 배송 12/50 | 재적재  0 | 정지 0.26 교착최장 100 | deadlock
Ep 608 |   200스텝 | 배송  0/50 | 재적재  0 | 정지 0.00 교착최장   0 | no_progress
Ep 609 |  1334스텝 | 배송 18/50 | 재적재  1 | 정지 0.17 교착최장  28 | no_progress
Ep 610 |   305스텝 | 배송  4/50 | 재적재  0 | 정지 0.00 교착최장   0 | no_progress
Ep 611 |  1241스텝 | 배송 17/50 | 재적재  0 | 정지 0.23 교착최장  77 | no_progress
Ep 612 |   683스텝 | 배송 13/50 | 재적재  0 | 정지 0.15 교착최장  13 | no_progress
Ep 613 |  1351스텝 | 배송 15/50 | 재적재  1 | 정지 0.13 교착최장   7 | no_progress
Ep 614 |   321스텝 | 배송  4/50 | 재적재  0 | 정지 0.00 교착최장   0 | no_progress
Ep 615 |   290스텝 | 배송  1/50 | 재적재  0 | 정지 0.00 교착최장   0 | no_progress
Ep 616 |   512스텝 | 배송 11/50 | 재적재  0 | 정지 0.11 교착최장   5 | no_progress
Ep 617 |   704스텝 | 배송 14/50 | 재적재  0 | 정지 0.47 교착최장  77 | no_progress
Ep 618 |   683스텝 | 배송 11/50 | 재적재  0 | 정지 0.28 교착최장 100 | deadlock
Ep 619 |   559스텝 | 배송 14/50 | 재적재  0 | 정지 0.08 교착최장   7 | no_progress
Ep 620 |   689스텝 | 배송 12/50 | 재적재  0 | 정지 0.08 교착최장   4 | no_progress
Ep 621 |   200스텝 | 배송  0/50 | 재적재  0 | 정지 0.00 교착최장   0 | no_progress
Ep 622 |   612스텝 | 배송 13/50 | 재적재  0 | 정지 0.34 교착최장 100 | deadlock
Ep 623 |   673스텝 | 배송 17/50 | 재적재  0 | 정지 0.10 교착최장   4 | no_progress
Ep 624 |  1122스텝 | 배송 18/50 | 재적재  2 | 정지 0.25 교착최장 100 | deadlock
Ep 625 |   715스텝 | 배송 14/50 | 재적재  0 | 정지 0.13 교착최장   4 | no_progress
Ep 626 |   597스텝 | 배송  7/50 | 재적재  0 | 정지 0.32 교착최장  14 | no_progress
Ep 627 |   886스텝 | 배송 15/50 | 재적재  0 | 정지 0.17 교착최장  15 | no_progress
Ep 628 |   470스텝 | 배송  7/50 | 재적재  0 | 정지 0.16 교착최장   6 | no_progress
Ep 629 |   647스텝 | 배송 15/50 | 재적재  0 | 정지 0.14 교착최장   0 | no_progress
Ep 630 |   688스텝 | 배송 14/50 | 재적재  0 | 정지 0.27 교착최장  58 | no_progress
Ep 631 |   659스텝 | 배송 14/50 | 재적재  0 | 정지 0.09 교착최장   6 | no_progress
Ep 632 |   475스텝 | 배송 11/50 | 재적재  0 | 정지 0.12 교착최장  53 | no_progress
Ep 633 |   283스텝 | 배송  5/50 | 재적재  0 | 정지 0.00 교착최장   0 | no_progress
Ep 634 |   524스텝 | 배송 12/50 | 재적재  0 | 정지 0.01 교착최장   0 | no_progress
Ep 635 |   464스텝 | 배송 13/50 | 재적재  0 | 정지 0.30 교착최장 100 | deadlock
Ep 636 |   926스텝 | 배송 20/50 | 재적재  1 | 정지 0.29 교착최장  49 | no_progress
Ep 637 |   513스텝 | 배송 10/50 | 재적재  0 | 정지 0.03 교착최장   6 | no_progress
Ep 638 |   366스텝 | 배송  8/50 | 재적재  0 | 정지 0.03 교착최장   2 | no_progress
Ep 639 |   461스텝 | 배송  6/50 | 재적재  0 | 정지 0.00 교착최장   0 | no_progress
Ep 640 |   799스텝 | 배송 23/50 | 재적재  2 | 정지 0.22 교착최장 100 | deadlock
Ep 641 |   614스텝 | 배송 16/50 | 재적재  0 | 정지 0.16 교착최장  53 | no_progress
Ep 642 |   408스텝 | 배송  9/50 | 재적재  0 | 정지 0.09 교착최장   4 | no_progress
Ep 643 |   526스텝 | 배송 10/50 | 재적재  0 | 정지 0.10 교착최장   6 | no_progress
Ep 644 |   761스텝 | 배송 13/50 | 재적재  0 | 정지 0.09 교착최장  14 | no_progress
Ep 645 |   254스텝 | 배송  3/50 | 재적재  0 | 정지 0.00 교착최장   0 | no_progress
Ep 646 |   637스텝 | 배송 12/50 | 재적재  0 | 정지 0.30 교착최장  60 | no_progress
Ep 647 |   606스텝 | 배송  9/50 | 재적재  0 | 정지 0.14 교착최장   6 | no_progress
Ep 648 |   480스텝 | 배송  5/50 | 재적재  0 | 정지 0.00 교착최장   0 | no_progress
Ep 649 |   366스텝 | 배송  5/50 | 재적재  0 | 정지 0.00 교착최장   0 | no_progress
Ep 650 |   463스텝 | 배송 11/50 | 재적재  0 | 정지 0.03 교착최장   3 | no_progress
  [홀드아웃] 배송 6.2±4.9 재적재 0.0 2홉+ 0.30 | 최고 23.8@ep50 정체 12/15
Ep 651 |   427스텝 | 배송  7/50 | 재적재  0 | 정지 0.00 교착최장   0 | no_progress
Ep 652 |   683스텝 | 배송 11/50 | 재적재  0 | 정지 0.20 교착최장   6 | no_progress
Ep 653 |   870스텝 | 배송 11/50 | 재적재  0 | 정지 0.10 교착최장   6 | no_progress
Ep 654 |   270스텝 | 배송  2/50 | 재적재  0 | 정지 0.00 교착최장   0 | no_progress
Ep 655 |   302스텝 | 배송  2/50 | 재적재  0 | 정지 0.00 교착최장   0 | no_progress
Ep 656 |   640스텝 | 배송  8/50 | 재적재  0 | 정지 0.22 교착최장  36 | no_progress
Ep 657 |   271스텝 | 배송  4/50 | 재적재  0 | 정지 0.00 교착최장   0 | no_progress
Ep 658 |   446스텝 | 배송  4/50 | 재적재  0 | 정지 0.00 교착최장   0 | no_progress
Ep 659 |   281스텝 | 배송  4/50 | 재적재  0 | 정지 0.00 교착최장   0 | no_progress
Ep 660 |   752스텝 | 배송  5/50 | 재적재  0 | 정지 0.00 교착최장   0 | no_progress
Ep 661 |   279스텝 | 배송  6/50 | 재적재  0 | 정지 0.00 교착최장   0 | no_progress
Ep 662 |   260스텝 | 배송  3/50 | 재적재  0 | 정지 0.00 교착최장   0 | no_progress
Ep 663 |  1220스텝 | 배송 15/50 | 재적재  1 | 정지 0.14 교착최장  17 | no_progress
Ep 664 |   470스텝 | 배송  4/50 | 재적재  0 | 정지 0.00 교착최장   0 | no_progress
Ep 665 |   744스텝 | 배송  9/50 | 재적재  0 | 정지 0.16 교착최장   8 | no_progress
Ep 666 |   342스텝 | 배송  7/50 | 재적재  0 | 정지 0.00 교착최장   0 | no_progress
Ep 667 |   567스텝 | 배송  7/50 | 재적재  0 | 정지 0.03 교착최장   1 | no_progress
Ep 668 |   244스텝 | 배송  2/50 | 재적재  0 | 정지 0.00 교착최장   0 | no_progress
Ep 669 |   300스텝 | 배송  3/50 | 재적재  0 | 정지 0.00 교착최장   0 | no_progress
Ep 670 |   306스텝 | 배송  4/50 | 재적재  0 | 정지 0.00 교착최장   0 | no_progress
Ep 671 |   377스텝 | 배송  2/50 | 재적재  0 | 정지 0.00 교착최장   0 | no_progress
Ep 672 |   417스텝 | 배송  2/50 | 재적재  0 | 정지 0.00 교착최장   0 | no_progress
Ep 673 |   259스텝 | 배송  2/50 | 재적재  0 | 정지 0.00 교착최장   0 | no_progress
Ep 674 |   813스텝 | 배송  9/50 | 재적재  0 | 정지 0.01 교착최장   3 | no_progress
Ep 675 |   322스텝 | 배송  3/50 | 재적재  0 | 정지 0.00 교착최장   0 | no_progress
Ep 676 |   632스텝 | 배송 12/50 | 재적재  0 | 정지 0.09 교착최장  17 | no_progress
Ep 677 |   254스텝 | 배송  2/50 | 재적재  0 | 정지 0.00 교착최장   0 | no_progress
Ep 678 |   375스텝 | 배송  2/50 | 재적재  0 | 정지 0.00 교착최장   0 | no_progress
Ep 679 |   357스텝 | 배송  2/50 | 재적재  0 | 정지 0.00 교착최장   0 | no_progress
Ep 680 |   946스텝 | 배송 11/50 | 재적재  0 | 정지 0.06 교착최장   9 | no_progress
Ep 681 |   343스텝 | 배송  2/50 | 재적재  0 | 정지 0.00 교착최장   0 | no_progress
Ep 682 |   200스텝 | 배송  0/50 | 재적재  0 | 정지 0.00 교착최장   0 | no_progress
Ep 683 |   627스텝 | 배송  8/50 | 재적재  1 | 정지 0.00 교착최장   0 | no_progress
Ep 684 |   331스텝 | 배송  2/50 | 재적재  0 | 정지 0.00 교착최장   0 | no_progress
Ep 685 |   348스텝 | 배송  2/50 | 재적재  0 | 정지 0.00 교착최장   0 | no_progress
Ep 686 |   200스텝 | 배송  0/50 | 재적재  0 | 정지 0.00 교착최장   0 | no_progress
Ep 687 |   200스텝 | 배송  0/50 | 재적재  0 | 정지 0.00 교착최장   0 | no_progress
Ep 688 |   261스텝 | 배송  2/50 | 재적재  0 | 정지 0.00 교착최장   0 | no_progress
Ep 689 |   406스텝 | 배송  2/50 | 재적재  0 | 정지 0.00 교착최장   0 | no_progress
Ep 690 |   352스텝 | 배송  2/50 | 재적재  0 | 정지 0.00 교착최장   0 | no_progress
Ep 691 |   200스텝 | 배송  0/50 | 재적재  0 | 정지 0.00 교착최장   0 | no_progress
Ep 692 |   353스텝 | 배송  2/50 | 재적재  0 | 정지 0.00 교착최장   0 | no_progress
Ep 693 |   200스텝 | 배송  0/50 | 재적재  0 | 정지 0.00 교착최장   0 | no_progress
Ep 694 |   300스텝 | 배송  3/50 | 재적재  0 | 정지 0.00 교착최장   0 | no_progress
Ep 695 |   200스텝 | 배송  0/50 | 재적재  0 | 정지 0.00 교착최장   0 | no_progress
Ep 696 |   200스텝 | 배송  0/50 | 재적재  0 | 정지 0.00 교착최장   0 | no_progress
Ep 697 |   200스텝 | 배송  0/50 | 재적재  0 | 정지 0.00 교착최장   0 | no_progress
Ep 698 |   469스텝 | 배송  4/50 | 재적재  0 | 정지 0.00 교착최장   0 | no_progress
Ep 699 |   369스텝 | 배송  6/50 | 재적재  0 | 정지 0.00 교착최장   0 | no_progress
Ep 700 |   340스텝 | 배송  3/50 | 재적재  0 | 정지 0.00 교착최장   0 | no_progress
  [홀드아웃] 배송 0.8±1.1 재적재 0.0 2홉+ 0.01 | 최고 23.8@ep50 정체 13/15
Ep 701 |   200스텝 | 배송  0/50 | 재적재  0 | 정지 0.00 교착최장   0 | no_progress
Ep 702 |   200스텝 | 배송  0/50 | 재적재  0 | 정지 0.00 교착최장   0 | no_progress
Ep 703 |   691스텝 | 배송  6/50 | 재적재  0 | 정지 0.00 교착최장   0 | no_progress
Ep 704 |   200스텝 | 배송  0/50 | 재적재  0 | 정지 0.00 교착최장   0 | no_progress
Ep 705 |   200스텝 | 배송  0/50 | 재적재  0 | 정지 0.00 교착최장   0 | no_progress
Ep 706 |   200스텝 | 배송  0/50 | 재적재  0 | 정지 0.00 교착최장   0 | no_progress
Ep 707 |   267스텝 | 배송  2/50 | 재적재  0 | 정지 0.00 교착최장   0 | no_progress
Ep 708 |   200스텝 | 배송  0/50 | 재적재  0 | 정지 0.00 교착최장   0 | no_progress
Ep 709 |   849스텝 | 배송 13/50 | 재적재  2 | 정지 0.12 교착최장  25 | no_progress
Ep 710 |   200스텝 | 배송  0/50 | 재적재  0 | 정지 0.00 교착최장   0 | no_progress
Ep 711 |   976스텝 | 배송 12/50 | 재적재  1 | 정지 0.05 교착최장   2 | no_progress
Ep 712 |   200스텝 | 배송  0/50 | 재적재  0 | 정지 0.00 교착최장   0 | no_progress
Ep 713 |   200스텝 | 배송  0/50 | 재적재  0 | 정지 0.00 교착최장   0 | no_progress
Ep 714 |   200스텝 | 배송  0/50 | 재적재  0 | 정지 0.00 교착최장   0 | no_progress
Ep 715 |   200스텝 | 배송  0/50 | 재적재  0 | 정지 0.00 교착최장   0 | no_progress
Ep 716 |   200스텝 | 배송  0/50 | 재적재  0 | 정지 0.00 교착최장   0 | no_progress
Ep 717 |   200스텝 | 배송  0/50 | 재적재  0 | 정지 0.00 교착최장   0 | no_progress
Ep 718 |   200스텝 | 배송  0/50 | 재적재  0 | 정지 0.00 교착최장   0 | no_progress
Ep 719 |   200스텝 | 배송  0/50 | 재적재  0 | 정지 0.00 교착최장   0 | no_progress
Ep 720 |   200스텝 | 배송  0/50 | 재적재  0 | 정지 0.00 교착최장   0 | no_progress
Ep 721 |   200스텝 | 배송  0/50 | 재적재  0 | 정지 0.00 교착최장   0 | no_progress
Ep 722 |   200스텝 | 배송  0/50 | 재적재  0 | 정지 0.00 교착최장   0 | no_progress
Ep 723 |   200스텝 | 배송  0/50 | 재적재  0 | 정지 0.00 교착최장   0 | no_progress
Ep 724 |   365스텝 | 배송  1/50 | 재적재  0 | 정지 0.00 교착최장   0 | no_progress
Ep 725 |   264스텝 | 배송  1/50 | 재적재  0 | 정지 0.00 교착최장   0 | no_progress
Ep 726 |   200스텝 | 배송  0/50 | 재적재  0 | 정지 0.00 교착최장   0 | no_progress
Ep 727 |   200스텝 | 배송  0/50 | 재적재  0 | 정지 0.00 교착최장   0 | no_progress
Ep 728 |   200스텝 | 배송  0/50 | 재적재  0 | 정지 0.00 교착최장   0 | no_progress
Ep 729 |   200스텝 | 배송  0/50 | 재적재  0 | 정지 0.00 교착최장   0 | no_progress
Ep 730 |   200스텝 | 배송  0/50 | 재적재  0 | 정지 0.00 교착최장   0 | no_progress
Ep 731 |   200스텝 | 배송  0/50 | 재적재  0 | 정지 0.00 교착최장   0 | no_progress
Ep 732 |   200스텝 | 배송  0/50 | 재적재  0 | 정지 0.00 교착최장   0 | no_progress
Ep 733 |   200스텝 | 배송  0/50 | 재적재  0 | 정지 0.00 교착최장   0 | no_progress
Ep 734 |   475스텝 | 배송  2/50 | 재적재  0 | 정지 0.00 교착최장   0 | no_progress
Ep 735 |   348스텝 | 배송  1/50 | 재적재  0 | 정지 0.00 교착최장   0 | no_progress
Ep 736 |   200스텝 | 배송  0/50 | 재적재  0 | 정지 0.00 교착최장   0 | no_progress
Ep 737 |   268스텝 | 배송  1/50 | 재적재  0 | 정지 0.00 교착최장   0 | no_progress
Ep 738 |   200스텝 | 배송  0/50 | 재적재  0 | 정지 0.00 교착최장   0 | no_progress
Ep 739 |   200스텝 | 배송  0/50 | 재적재  0 | 정지 0.00 교착최장   0 | no_progress
Ep 740 |   277스텝 | 배송  1/50 | 재적재  0 | 정지 0.00 교착최장   0 | no_progress
Ep 741 |   292스텝 | 배송  1/50 | 재적재  0 | 정지 0.00 교착최장   0 | no_progress
Ep 742 |   262스텝 | 배송  1/50 | 재적재  0 | 정지 0.00 교착최장   0 | no_progress
Ep 743 |   250스텝 | 배송  1/50 | 재적재  0 | 정지 0.00 교착최장   0 | no_progress
Ep 744 |   232스텝 | 배송  1/50 | 재적재  0 | 정지 0.00 교착최장   0 | no_progress
Ep 745 |   842스텝 | 배송 11/50 | 재적재  0 | 정지 0.20 교착최장  63 | no_progress
Ep 746 |   200스텝 | 배송  0/50 | 재적재  0 | 정지 0.00 교착최장   0 | no_progress
Ep 747 |   200스텝 | 배송  0/50 | 재적재  0 | 정지 0.00 교착최장   0 | no_progress
Ep 748 |   200스텝 | 배송  0/50 | 재적재  0 | 정지 0.00 교착최장   0 | no_progress
Ep 749 |   200스텝 | 배송  0/50 | 재적재  0 | 정지 0.00 교착최장   0 | no_progress
Ep 750 |   784스텝 | 배송  9/50 | 재적재  0 | 정지 0.01 교착최장   0 | no_progress
  [홀드아웃] 배송 0.9±3.0 재적재 0.0 2홉+ 0.04 | 최고 23.8@ep50 정체 14/15
Ep 751 |   200스텝 | 배송  0/50 | 재적재  0 | 정지 0.00 교착최장   0 | no_progress
Ep 752 |   200스텝 | 배송  0/50 | 재적재  0 | 정지 0.00 교착최장   0 | no_progress
Ep 753 |   334스텝 | 배송  1/50 | 재적재  0 | 정지 0.00 교착최장   0 | no_progress
Ep 754 |   200스텝 | 배송  0/50 | 재적재  0 | 정지 0.00 교착최장   0 | no_progress
Ep 755 |   200스텝 | 배송  0/50 | 재적재  0 | 정지 0.00 교착최장   0 | no_progress
Ep 756 |   262스텝 | 배송  1/50 | 재적재  0 | 정지 0.00 교착최장   0 | no_progress
Ep 757 |   200스텝 | 배송  0/50 | 재적재  0 | 정지 0.00 교착최장   0 | no_progress
Ep 758 |   200스텝 | 배송  0/50 | 재적재  0 | 정지 0.00 교착최장   0 | no_progress
Ep 759 |   200스텝 | 배송  0/50 | 재적재  0 | 정지 0.00 교착최장   0 | no_progress
Ep 760 |   942스텝 | 배송 10/50 | 재적재  0 | 정지 0.11 교착최장   7 | no_progress
Ep 761 |   200스텝 | 배송  0/50 | 재적재  0 | 정지 0.00 교착최장   0 | no_progress
Ep 762 |   200스텝 | 배송  0/50 | 재적재  0 | 정지 0.00 교착최장   0 | no_progress
Ep 763 |   360스텝 | 배송  1/50 | 재적재  0 | 정지 0.00 교착최장   0 | no_progress
Ep 764 |   363스텝 | 배송  1/50 | 재적재  0 | 정지 0.00 교착최장   0 | no_progress
Ep 765 |   295스텝 | 배송  1/50 | 재적재  0 | 정지 0.00 교착최장   0 | no_progress
Ep 766 |   317스텝 | 배송  1/50 | 재적재  0 | 정지 0.00 교착최장   0 | no_progress
Ep 767 |   200스텝 | 배송  0/50 | 재적재  0 | 정지 0.00 교착최장   0 | no_progress
Ep 768 |  1352스텝 | 배송 22/50 | 재적재  1 | 정지 0.21 교착최장 100 | deadlock
Ep 769 |   247스텝 | 배송  1/50 | 재적재  0 | 정지 0.00 교착최장   0 | no_progress
Ep 770 |   200스텝 | 배송  0/50 | 재적재  0 | 정지 0.00 교착최장   0 | no_progress
Ep 771 |   200스텝 | 배송  0/50 | 재적재  0 | 정지 0.00 교착최장   0 | no_progress
Ep 772 |   200스텝 | 배송  0/50 | 재적재  0 | 정지 0.00 교착최장   0 | no_progress
Ep 773 |   200스텝 | 배송  0/50 | 재적재  0 | 정지 0.00 교착최장   0 | no_progress
Ep 774 |   249스텝 | 배송  1/50 | 재적재  0 | 정지 0.00 교착최장   0 | no_progress
Ep 775 |   243스텝 | 배송  1/50 | 재적재  0 | 정지 0.00 교착최장   0 | no_progress
Ep 776 |  1002스텝 | 배송 14/50 | 재적재  0 | 정지 0.25 교착최장  51 | no_progress
Ep 777 |   200스텝 | 배송  0/50 | 재적재  0 | 정지 0.00 교착최장   0 | no_progress
Ep 778 |   200스텝 | 배송  0/50 | 재적재  0 | 정지 0.00 교착최장   0 | no_progress
Ep 779 |   200스텝 | 배송  0/50 | 재적재  0 | 정지 0.00 교착최장   0 | no_progress
Ep 780 |   301스텝 | 배송  1/50 | 재적재  0 | 정지 0.00 교착최장   0 | no_progress
Ep 781 |   200스텝 | 배송  0/50 | 재적재  0 | 정지 0.09 교착최장   0 | no_progress
Ep 782 |   200스텝 | 배송  0/50 | 재적재  0 | 정지 0.00 교착최장   0 | no_progress
Ep 783 |   689스텝 | 배송 11/50 | 재적재  0 | 정지 0.17 교착최장 100 | deadlock
Ep 784 |   899스텝 | 배송 18/50 | 재적재  0 | 정지 0.36 교착최장 100 | deadlock
Ep 785 |   322스텝 | 배송  1/50 | 재적재  0 | 정지 0.00 교착최장   0 | no_progress
Ep 786 |   417스텝 | 배송  4/50 | 재적재  0 | 정지 0.00 교착최장   0 | no_progress
Ep 787 |   839스텝 | 배송 13/50 | 재적재  0 | 정지 0.11 교착최장   3 | no_progress
Ep 788 |   298스텝 | 배송  1/50 | 재적재  0 | 정지 0.00 교착최장   0 | no_progress
Ep 789 |   237스텝 | 배송  1/50 | 재적재  0 | 정지 0.00 교착최장   0 | no_progress
Ep 790 |   228스텝 | 배송  1/50 | 재적재  0 | 정지 0.00 교착최장   0 | no_progress
Ep 791 |   532스텝 | 배송  4/50 | 재적재  0 | 정지 0.00 교착최장   0 | no_progress
Ep 792 |   407스텝 | 배송  4/50 | 재적재  0 | 정지 0.00 교착최장   0 | no_progress
Ep 793 |   852스텝 | 배송 13/50 | 재적재  0 | 정지 0.18 교착최장  14 | no_progress
Ep 794 |   564스텝 | 배송 10/50 | 재적재  0 | 정지 0.18 교착최장   9 | no_progress
Ep 795 |   200스텝 | 배송  0/50 | 재적재  0 | 정지 0.00 교착최장   0 | no_progress
Ep 796 |   337스텝 | 배송  4/50 | 재적재  0 | 정지 0.00 교착최장   0 | no_progress
Ep 797 |   481스텝 | 배송  8/50 | 재적재  0 | 정지 0.00 교착최장   0 | no_progress
Ep 798 |   404스텝 | 배송  8/50 | 재적재  0 | 정지 0.00 교착최장   0 | no_progress
Ep 799 |   270스텝 | 배송  4/50 | 재적재  0 | 정지 0.00 교착최장   0 | no_progress
Ep 800 |   432스텝 | 배송  7/50 | 재적재  0 | 정지 0.03 교착최장   0 | no_progress
  [홀드아웃] 배송 2.7±5.2 재적재 0.0 2홉+ 0.06 | 최고 23.8@ep50 정체 15/15

조기 종료. 최고 23.8@ep50
Training finished. best=23.8 @ ep50
