/home/kopt/enter/envs/wsl_neuroMCTS/lib/python3.10/site-packages/pygame/pkgdata.py:25: UserWarning: pkg_resources is deprecated as an API. See https://setuptools.pypa.io/en/latest/pkg_resources.html. The pkg_resources package is slated for removal as early as 2025-11-30. Refrain from using this package or pin to Setuptools<81.
  from pkg_resources import resource_stream, resource_exists
pygame 2.6.1 (SDL 2.28.4, Python 3.10.19)
Hello from the pygame community. https://www.pygame.org/contribute.html
지도를 성공적으로 로드했습니다: /home/kopt/drone/proposed_src/util/disaster_map.npy
지도를 성공적으로 로드했습니다: /home/kopt/drone/proposed_src/util/disaster_map.npy
Using device: cuda  tag=v2_26_08_25_14_c300v_relay
설정: relay_w=0.0 alpha_min=0.0 relay_credit=True n_peers=2 comm_range=300.0 action_mode=vector
obs_dim=19, state_dim=66, total_act_dim=8
조기 종료: 50ep마다 홀드아웃 6개 평가, patience=15회
Ep 1 | Step 1000 | R    12.75 | 배송  8/50 | 미활동 0 | 2홉+ 0.22 | 도달  615 | 차단  196
Ep 2 | Step 1000 | R    18.69 | 배송  7/50 | 미활동 2 | 2홉+ 0.19 | 도달  593 | 차단  396
Ep 3 | Step 1000 | R    82.66 | 배송 11/50 | 미활동 1 | 2홉+ 0.43 | 도달  853 | 차단  372
Ep 4 | Step 1000 | R    66.93 | 배송 11/50 | 미활동 0 | 2홉+ 0.39 | 도달  956 | 차단  246
Ep 5 | Step 1000 | R    -0.66 | 배송  6/50 | 미활동 1 | 2홉+ 0.16 | 도달  578 | 차단   29
Ep 6 | Step 1000 | R   131.25 | 배송 17/50 | 미활동 0 | 2홉+ 0.64 | 도달 1074 | 차단 1160
Ep 7 | Step 1000 | R    65.19 | 배송 11/50 | 미활동 1 | 2홉+ 0.47 | 도달  747 | 차단 1909
Ep 8 | Step 1000 | R    10.03 | 배송  7/50 | 미활동 1 | 2홉+ 0.49 | 도달  572 | 차단 2229
Ep 9 | Step 1000 | R   104.49 | 배송 16/50 | 미활동 0 | 2홉+ 0.70 | 도달  826 | 차단 2269
Ep 10 | Step 1000 | R   139.31 | 배송 16/50 | 미활동 0 | 2홉+ 0.56 | 도달  853 | 차단 1278
Ep 11 | Step 1000 | R    85.79 | 배송 15/50 | 미활동 0 | 2홉+ 0.63 | 도달  957 | 차단 2706
Ep 12 | Step 1000 | R   146.73 | 배송 19/50 | 미활동 0 | 2홉+ 0.60 | 도달  719 | 차단 1173
Ep 13 | Step 1000 | R   161.05 | 배송 18/50 | 미활동 0 | 2홉+ 0.69 | 도달  806 | 차단  903
Ep 14 | Step 1000 | R   167.37 | 배송 20/50 | 미활동 0 | 2홉+ 0.65 | 도달  848 | 차단 1153
Ep 15 | Step 1000 | R    85.01 | 배송 14/50 | 미활동 1 | 2홉+ 0.71 | 도달  997 | 차단 2254
Ep 16 | Step 1000 | R   157.54 | 배송 19/50 | 미활동 0 | 2홉+ 0.70 | 도달  959 | 차단 1224
Ep 17 | Step 1000 | R   134.71 | 배송 16/50 | 미활동 0 | 2홉+ 0.63 | 도달  846 | 차단  797
Ep 18 | Step 1000 | R   166.81 | 배송 20/50 | 미활동 0 | 2홉+ 0.71 | 도달  870 | 차단 1240
Ep 19 | Step 1000 | R   130.71 | 배송 17/50 | 미활동 0 | 2홉+ 0.71 | 도달  821 | 차단  886
Ep 20 | Step 1000 | R   106.33 | 배송 14/50 | 미활동 0 | 2홉+ 0.70 | 도달  804 | 차단 1041
Ep 21 | Step 1000 | R   147.21 | 배송 19/50 | 미활동 0 | 2홉+ 0.71 | 도달  956 | 차단 1956
Ep 22 | Step 1000 | R   147.79 | 배송 18/50 | 미활동 0 | 2홉+ 0.63 | 도달  760 | 차단 1331
Ep 23 | Step 1000 | R   129.87 | 배송 17/50 | 미활동 0 | 2홉+ 0.71 | 도달  802 | 차단 1658
Ep 24 | Step 1000 | R   170.40 | 배송 20/50 | 미활동 0 | 2홉+ 0.59 | 도달  935 | 차단 1284
Ep 25 | Step 1000 | R    92.15 | 배송 14/50 | 미활동 0 | 2홉+ 0.72 | 도달 1042 | 차단 1661
Ep 26 | Step 1000 | R    94.36 | 배송 15/50 | 미활동 0 | 2홉+ 0.71 | 도달 1018 | 차단 2144
Ep 27 | Step 1000 | R    49.43 | 배송 13/50 | 미활동 1 | 2홉+ 0.70 | 도달 1020 | 차단 2890
Ep 28 | Step 1000 | R   120.19 | 배송 17/50 | 미활동 0 | 2홉+ 0.70 | 도달  827 | 차단 2248
Ep 29 | Step 1000 | R   142.15 | 배송 17/50 | 미활동 0 | 2홉+ 0.71 | 도달  904 | 차단 1022
Ep 30 | Step 1000 | R   119.92 | 배송 15/50 | 미활동 0 | 2홉+ 0.53 | 도달  732 | 차단 1117
Ep 31 | Step 1000 | R   101.87 | 배송 14/50 | 미활동 0 | 2홉+ 0.47 | 도달  807 | 차단 1523
Ep 32 | Step 1000 | R    71.38 | 배송 12/50 | 미활동 1 | 2홉+ 0.48 | 도달  796 | 차단 2099
Ep 33 | Step 1000 | R    69.80 | 배송 13/50 | 미활동 1 | 2홉+ 0.64 | 도달  893 | 차단 2145
Ep 34 | Step 1000 | R    33.81 | 배송 11/50 | 미활동 0 | 2홉+ 0.72 | 도달  773 | 차단 3102
Ep 35 | Step 1000 | R    90.75 | 배송 15/50 | 미활동 0 | 2홉+ 0.73 | 도달 1037 | 차단 2440
Ep 36 | Step 1000 | R   112.30 | 배송 18/50 | 미활동 0 | 2홉+ 0.73 | 도달  957 | 차단 2866
Ep 37 | Step 1000 | R   102.52 | 배송 15/50 | 미활동 0 | 2홉+ 0.73 | 도달 1054 | 차단 1870
Ep 38 | Step 1000 | R   106.01 | 배송 18/50 | 미활동 0 | 2홉+ 0.73 | 도달  975 | 차단 2975
Ep 39 | Step 1000 | R   -15.32 | 배송  8/50 | 미활동 0 | 2홉+ 0.72 | 도달  709 | 차단 3554
Ep 40 | Step 1000 | R    83.17 | 배송 16/50 | 미활동 0 | 2홉+ 0.73 | 도달  879 | 차단 2961
Ep 41 | Step 1000 | R   109.17 | 배송 17/50 | 미활동 0 | 2홉+ 0.69 | 도달  881 | 차단 2382
Ep 42 | Step 1000 | R   106.03 | 배송 17/50 | 미활동 0 | 2홉+ 0.73 | 도달  952 | 차단 2717
Ep 43 | Step 1000 | R   122.25 | 배송 17/50 | 미활동 0 | 2홉+ 0.72 | 도달  958 | 차단 1493
Ep 44 | Step 1000 | R    28.76 | 배송 12/50 | 미활동 0 | 2홉+ 0.72 | 도달 1072 | 차단 3263
Ep 45 | Step 1000 | R   134.00 | 배송 18/50 | 미활동 0 | 2홉+ 0.73 | 도달  997 | 차단 1755
Ep 46 | Step 1000 | R    18.90 | 배송 11/50 | 미활동 1 | 2홉+ 0.72 | 도달  999 | 차단 3303
Ep 47 | Step 1000 | R   100.46 | 배송 18/50 | 미활동 0 | 2홉+ 0.72 | 도달  919 | 차단 3024
Ep 48 | Step 1000 | R   110.26 | 배송 16/50 | 미활동 0 | 2홉+ 0.72 | 도달 1074 | 차단 1829
Ep 49 | Step 1000 | R   132.42 | 배송 19/50 | 미활동 0 | 2홉+ 0.72 | 도달  886 | 차단 2185
Ep 50 | Step 1000 | R    36.31 | 배송 11/50 | 미활동 0 | 2홉+ 0.72 | 도달  735 | 차단 2792
  [홀드아웃] 배송 8.7±2.6 미활동 0.50 2홉+ 0.72 도달 729 | 최고 8.7@ep50 | 정체 0/15  ← 최고 갱신
Ep 51 | Step 1000 | R    91.30 | 배송 17/50 | 미활동 0 | 2홉+ 0.72 | 도달 1014 | 차단 2852
Ep 52 | Step 1000 | R    77.41 | 배송 14/50 | 미활동 0 | 2홉+ 0.72 | 도달 1074 | 차단 2260
Ep 53 | Step 1000 | R    65.12 | 배송 15/50 | 미활동 0 | 2홉+ 0.72 | 도달 1074 | 차단 3114
Ep 54 | Step 1000 | R   105.20 | 배송 16/50 | 미활동 0 | 2홉+ 0.72 | 도달  987 | 차단 2455
Ep 55 | Step 1000 | R    56.80 | 배송 12/50 | 미활동 1 | 2홉+ 0.72 | 도달 1074 | 차단 2439
Ep 56 | Step 1000 | R    29.52 | 배송 11/50 | 미활동 0 | 2홉+ 0.73 | 도달  714 | 차단 3093
Ep 57 | Step 1000 | R    44.58 | 배송 12/50 | 미활동 0 | 2홉+ 0.72 | 도달  711 | 차단 3182
Ep 58 | Step 1000 | R    67.82 | 배송 14/50 | 미활동 1 | 2홉+ 0.71 | 도달  916 | 차단 2775
Ep 59 | Step 1000 | R   150.95 | 배송 20/50 | 미활동 0 | 2홉+ 0.73 | 도달 1064 | 차단 1914
Ep 60 | Step 1000 | R   134.33 | 배송 19/50 | 미활동 0 | 2홉+ 0.73 | 도달  748 | 차단 2117
Ep 61 | Step 1000 | R   103.25 | 배송 17/50 | 미활동 0 | 2홉+ 0.73 | 도달  691 | 차단 2759
Ep 62 | Step 1000 | R    59.34 | 배송 13/50 | 미활동 1 | 2홉+ 0.73 | 도달  781 | 차단 2704
Ep 63 | Step 1000 | R   101.19 | 배송 16/50 | 미활동 0 | 2홉+ 0.73 | 도달  996 | 차단 2295
Ep 64 | Step 1000 | R     3.42 | 배송  9/50 | 미활동 0 | 2홉+ 0.73 | 도달  804 | 차단 3313
Ep 65 | Step 1000 | R    14.41 | 배송  9/50 | 미활동 1 | 2홉+ 0.73 | 도달  785 | 차단 3112
Ep 66 | Step 1000 | R    77.89 | 배송 14/50 | 미활동 0 | 2홉+ 0.73 | 도달  808 | 차단 2610
Ep 67 | Step 1000 | R    18.08 | 배송 11/50 | 미활동 1 | 2홉+ 0.73 | 도달  834 | 차단 3481
Ep 68 | Step 1000 | R    64.86 | 배송 14/50 | 미활동 0 | 2홉+ 0.73 | 도달  827 | 차단 2980
Ep 69 | Step 1000 | R   103.19 | 배송 17/50 | 미활동 0 | 2홉+ 0.73 | 도달  930 | 차단 2633
Ep 70 | Step 1000 | R    49.35 | 배송 13/50 | 미활동 0 | 2홉+ 0.73 | 도달 1060 | 차단 3048
Ep 71 | Step 1000 | R   -10.70 | 배송  8/50 | 미활동 1 | 2홉+ 0.73 | 도달  598 | 차단 3630
Ep 72 | Step 1000 | R   -13.93 | 배송  7/50 | 미활동 1 | 2홉+ 0.73 | 도달  656 | 차단 3220
Ep 73 | Step 1000 | R    -3.93 | 배송  6/50 | 미활동 1 | 2홉+ 0.73 | 도달  596 | 차단 2294
Ep 74 | Step 1000 | R    45.41 | 배송 11/50 | 미활동 1 | 2홉+ 0.73 | 도달  882 | 차단 2409
Ep 75 | Step 1000 | R     6.47 | 배송  9/50 | 미활동 1 | 2홉+ 0.73 | 도달  830 | 차단 3367
Ep 76 | Step 1000 | R    50.34 | 배송 13/50 | 미활동 0 | 2홉+ 0.73 | 도달  781 | 차단 3093
Ep 77 | Step 1000 | R    48.49 | 배송 12/50 | 미활동 1 | 2홉+ 0.72 | 도달  841 | 차단 2802
Ep 78 | Step 1000 | R    70.47 | 배송 13/50 | 미활동 1 | 2홉+ 0.73 | 도달  824 | 차단 2577
Ep 79 | Step 1000 | R    75.37 | 배송 13/50 | 미활동 1 | 2홉+ 0.73 | 도달  905 | 차단 2220
Ep 80 | Step 1000 | R   -26.54 | 배송  5/50 | 미활동 2 | 2홉+ 0.73 | 도달  603 | 차단 3130
Ep 81 | Step 1000 | R    67.67 | 배송 13/50 | 미활동 0 | 2홉+ 0.73 | 도달 1074 | 차단 2463
Ep 82 | Step 1000 | R    14.80 | 배송 10/50 | 미활동 0 | 2홉+ 0.73 | 도달  779 | 차단 3318
Ep 83 | Step 1000 | R    16.48 | 배송 11/50 | 미활동 0 | 2홉+ 0.73 | 도달  809 | 차단 3429
Ep 84 | Step 1000 | R   142.00 | 배송 19/50 | 미활동 0 | 2홉+ 0.73 | 도달 1042 | 차단 1840
Ep 85 | Step 1000 | R    49.96 | 배송 13/50 | 미활동 0 | 2홉+ 0.73 | 도달 1015 | 차단 3081
Ep 86 | Step 1000 | R   146.55 | 배송 20/50 | 미활동 0 | 2홉+ 0.70 | 도달  981 | 차단 2105
Ep 87 | Step 1000 | R     0.31 | 배송  8/50 | 미활동 0 | 2홉+ 0.73 | 도달  849 | 차단 2923
Ep 88 | Step 1000 | R    83.38 | 배송 15/50 | 미활동 0 | 2홉+ 0.72 | 도달 1053 | 차단 2730
Ep 89 | Step 1000 | R    87.18 | 배송 15/50 | 미활동 0 | 2홉+ 0.71 | 도달 1064 | 차단 2456
Ep 90 | Step 1000 | R    99.04 | 배송 16/50 | 미활동 0 | 2홉+ 0.73 | 도달 1051 | 차단 2421
Ep 91 | Step 1000 | R    73.34 | 배송 14/50 | 미활동 0 | 2홉+ 0.73 | 도달 1051 | 차단 2748
Ep 92 | Step 1000 | R    78.44 | 배송 14/50 | 미활동 0 | 2홉+ 0.73 | 도달 1008 | 차단 2319
Ep 93 | Step 1000 | R    41.75 | 배송 11/50 | 미활동 0 | 2홉+ 0.73 | 도달  989 | 차단 2570
Ep 94 | Step 1000 | R    40.46 | 배송 11/50 | 미활동 0 | 2홉+ 0.72 | 도달  911 | 차단 2547
Ep 95 | Step 1000 | R   143.85 | 배송 19/50 | 미활동 0 | 2홉+ 0.73 | 도달  986 | 차단 1913
Ep 96 | Step 1000 | R   141.61 | 배송 18/50 | 미활동 0 | 2홉+ 0.72 | 도달  938 | 차단 1783
Ep 97 | Step 1000 | R    65.74 | 배송 14/50 | 미활동 0 | 2홉+ 0.72 | 도달  994 | 차단 2937
Ep 98 | Step 1000 | R   200.82 | 배송 20/50 | 미활동 0 | 2홉+ 0.64 | 도달  912 | 차단 1425
Ep 99 | Step 1000 | R    95.84 | 배송 13/50 | 미활동 0 | 2홉+ 0.73 | 도달  998 | 차단 1220
Ep 100 | Step 1000 | R   154.89 | 배송 20/50 | 미활동 0 | 2홉+ 0.62 | 도달  889 | 차단 1652
  [홀드아웃] 배송 7.3±3.6 미활동 0.83 2홉+ 0.65 도달 652 | 최고 8.7@ep50 | 정체 1/15
Ep 101 | Step 1000 | R    12.97 | 배송  8/50 | 미활동 1 | 2홉+ 0.72 | 도달 1074 | 차단 2350
Ep 102 | Step 1000 | R   153.12 | 배송 20/50 | 미활동 0 | 2홉+ 0.66 | 도달  932 | 차단 1617
Ep 103 | Step 1000 | R    74.62 | 배송 14/50 | 미활동 1 | 2홉+ 0.72 | 도달  962 | 차단 2737
Ep 104 | Step 1000 | R   121.42 | 배송 18/50 | 미활동 0 | 2홉+ 0.73 | 도달  952 | 차단 2387
Ep 105 | Step 1000 | R   144.77 | 배송 19/50 | 미활동 0 | 2홉+ 0.71 | 도달  818 | 차단 1976
Ep 106 | Step 1000 | R   156.19 | 배송 20/50 | 미활동 0 | 2홉+ 0.68 | 도달  903 | 차단 1834
Ep 107 | Step 1000 | R    67.79 | 배송 14/50 | 미활동 0 | 2홉+ 0.73 | 도달  854 | 차단 3026
Ep 108 | Step 1000 | R    45.45 | 배송 10/50 | 미활동 0 | 2홉+ 0.55 | 도달  531 | 차단 2016
Ep 109 | Step 1000 | R    26.88 | 배송 11/50 | 미활동 0 | 2홉+ 0.72 | 도달  969 | 차단 2709
Ep 110 | Step 1000 | R   149.58 | 배송 19/50 | 미활동 0 | 2홉+ 0.69 | 도달 1043 | 차단 1515
Ep 111 | Step 1000 | R   174.42 | 배송 20/50 | 미활동 0 | 2홉+ 0.72 | 도달  856 | 차단  981
Ep 112 | Step 1000 | R    62.98 | 배송 13/50 | 미활동 0 | 2홉+ 0.73 | 도달 1014 | 차단 2421
Ep 113 | Step 1000 | R    82.78 | 배송 14/50 | 미활동 1 | 2홉+ 0.73 | 도달 1074 | 차단 2092
Ep 114 | Step 1000 | R   170.93 | 배송 20/50 | 미활동 0 | 2홉+ 0.64 | 도달  897 | 차단 1098
Ep 115 | Step 1000 | R    88.71 | 배송 15/50 | 미활동 0 | 2홉+ 0.63 | 도달  865 | 차단 2600
Ep 116 | Step 1000 | R    -9.60 | 배송  6/50 | 미활동 1 | 2홉+ 0.73 | 도달  805 | 차단 2570
Ep 117 | Step 1000 | R    49.17 | 배송 11/50 | 미활동 0 | 2홉+ 0.71 | 도달 1074 | 차단 2106
Ep 118 | Step 1000 | R    58.44 | 배송 11/50 | 미활동 0 | 2홉+ 0.71 | 도달 1045 | 차단 1946
Ep 119 | Step 1000 | R    36.09 | 배송 11/50 | 미활동 1 | 2홉+ 0.72 | 도달  971 | 차단 2927
Ep 120 | Step 1000 | R   113.89 | 배송 17/50 | 미활동 0 | 2홉+ 0.71 | 도달  881 | 차단 2374
Ep 121 | Step 1000 | R    99.61 | 배송 15/50 | 미활동 0 | 2홉+ 0.72 | 도달  979 | 차단 2073
Ep 122 | Step 1000 | R    41.17 | 배송 13/50 | 미활동 1 | 2홉+ 0.71 | 도달  932 | 차단 3250
Ep 123 | Step 1000 | R    80.94 | 배송 14/50 | 미활동 1 | 2홉+ 0.71 | 도달  927 | 차단 2310
Ep 124 | Step 1000 | R    92.83 | 배송 17/50 | 미활동 0 | 2홉+ 0.71 | 도달  915 | 차단 2869
Ep 125 | Step 1000 | R   201.29 | 배송 20/50 | 미활동 0 | 2홉+ 0.69 | 도달  904 | 차단 1173
Ep 126 | Step 1000 | R    80.80 | 배송 13/50 | 미활동 0 | 2홉+ 0.72 | 도달  983 | 차단 1740
Ep 127 | Step 1000 | R    74.02 | 배송 13/50 | 미활동 0 | 2홉+ 0.71 | 도달 1013 | 차단 2106
Ep 128 | Step 1000 | R    22.79 | 배송  9/50 | 미활동 1 | 2홉+ 0.72 | 도달  942 | 차단 2424
Ep 129 | Step 1000 | R    39.47 | 배송 10/50 | 미활동 0 | 2홉+ 0.66 | 도달  965 | 차단 2143
Ep 130 | Step 1000 | R   -12.81 | 배송  5/50 | 미활동 2 | 2홉+ 0.45 | 도달  599 | 차단 2087
Ep 131 | Step 1000 | R     8.29 | 배송  7/50 | 미활동 0 | 2홉+ 0.54 | 도달  595 | 차단 2425
Ep 132 | Step 1000 | R    55.26 | 배송 12/50 | 미활동 1 | 2홉+ 0.60 | 도달  953 | 차단 2437
Ep 133 | Step 1000 | R    60.12 | 배송 12/50 | 미활동 0 | 2홉+ 0.62 | 도달  704 | 차단 2286
Ep 134 | Step 1000 | R   104.90 | 배송 16/50 | 미활동 0 | 2홉+ 0.72 | 도달  953 | 차단 1976
Ep 135 | Step 1000 | R    54.28 | 배송 12/50 | 미활동 1 | 2홉+ 0.51 | 도달  610 | 차단 2859
Ep 136 | Step 1000 | R    65.44 | 배송 13/50 | 미활동 0 | 2홉+ 0.69 | 도달  950 | 차단 2094
Ep 137 | Step 1000 | R    92.39 | 배송 14/50 | 미활동 0 | 2홉+ 0.69 | 도달  855 | 차단 1808
Ep 138 | Step 1000 | R    97.45 | 배송 15/50 | 미활동 0 | 2홉+ 0.72 | 도달  881 | 차단 2012
Ep 139 | Step 1000 | R    52.69 | 배송 12/50 | 미활동 0 | 2홉+ 0.73 | 도달  897 | 차단 2766
Ep 140 | Step 1000 | R    84.28 | 배송 14/50 | 미활동 0 | 2홉+ 0.72 | 도달  889 | 차단 2296
Ep 141 | Step 1000 | R   103.59 | 배송 17/50 | 미활동 0 | 2홉+ 0.72 | 도달  982 | 차단 2660
Ep 142 | Step 1000 | R    92.36 | 배송 16/50 | 미활동 0 | 2홉+ 0.60 | 도달  933 | 차단 2453
Ep 143 | Step 1000 | R   151.66 | 배송 17/50 | 미활동 0 | 2홉+ 0.68 | 도달  949 | 차단 1048
Ep 144 | Step 1000 | R    81.19 | 배송 14/50 | 미활동 0 | 2홉+ 0.72 | 도달 1074 | 차단 2286
Ep 145 | Step 1000 | R   117.50 | 배송 17/50 | 미활동 0 | 2홉+ 0.72 | 도달  936 | 차단 2160
Ep 146 | Step 1000 | R    56.24 | 배송 13/50 | 미활동 0 | 2홉+ 0.73 | 도달  807 | 차단 2888
Ep 147 | Step 1000 | R   124.82 | 배송 17/50 | 미활동 0 | 2홉+ 0.72 | 도달  966 | 차단 1948
Ep 148 | Step 1000 | R     7.81 | 배송 10/50 | 미활동 1 | 2홉+ 0.72 | 도달  697 | 차단 3446
Ep 149 | Step 1000 | R   155.06 | 배송 19/50 | 미활동 0 | 2홉+ 0.71 | 도달 1058 | 차단 1589
Ep 150 | Step 1000 | R   110.45 | 배송 17/50 | 미활동 0 | 2홉+ 0.72 | 도달 1074 | 차단 2470
  [홀드아웃] 배송 3.2±2.2 미활동 1.83 2홉+ 0.49 도달 679 | 최고 8.7@ep50 | 정체 2/15
Ep 151 | Step 1000 | R    75.27 | 배송 15/50 | 미활동 0 | 2홉+ 0.69 | 도달  868 | 차단 2860
Ep 152 | Step 1000 | R   130.74 | 배송 19/50 | 미활동 0 | 2홉+ 0.71 | 도달 1003 | 차단 2112
Ep 153 | Step 1000 | R   104.27 | 배송 16/50 | 미활동 0 | 2홉+ 0.70 | 도달  847 | 차단 2516
Ep 154 | Step 1000 | R    84.47 | 배송 15/50 | 미활동 0 | 2홉+ 0.72 | 도달  850 | 차단 2348
Ep 155 | Step 1000 | R   146.32 | 배송 17/50 | 미활동 0 | 2홉+ 0.69 | 도달  776 | 차단 2166
Ep 156 | Step 1000 | R    81.79 | 배송 14/50 | 미활동 0 | 2홉+ 0.70 | 도달  761 | 차단 2371
Ep 157 | Step 1000 | R    91.13 | 배송 16/50 | 미활동 0 | 2홉+ 0.69 | 도달  842 | 차단 2738
Ep 158 | Step 1000 | R    66.12 | 배송 13/50 | 미활동 0 | 2홉+ 0.70 | 도달 1011 | 차단 2583
Ep 159 | Step 1000 | R   106.26 | 배송 17/50 | 미활동 0 | 2홉+ 0.55 | 도달  899 | 차단 2335
Ep 160 | Step 1000 | R    95.37 | 배송 15/50 | 미활동 0 | 2홉+ 0.71 | 도달  878 | 차단 2151
Ep 161 | Step 1000 | R    92.30 | 배송 15/50 | 미활동 0 | 2홉+ 0.63 | 도달  882 | 차단 2024
Ep 162 | Step 1000 | R   123.69 | 배송 17/50 | 미활동 0 | 2홉+ 0.72 | 도달 1028 | 차단 1661
Ep 163 | Step 1000 | R    70.32 | 배송 13/50 | 미활동 0 | 2홉+ 0.72 | 도달  800 | 차단 2450
Ep 164 | Step 1000 | R   142.98 | 배송 17/50 | 미활동 0 | 2홉+ 0.72 | 도달  985 | 차단 1355
Ep 165 | Step 1000 | R   126.93 | 배송 17/50 | 미활동 0 | 2홉+ 0.63 | 도달  963 | 차단 2104
Ep 166 | Step 1000 | R    11.75 | 배송  9/50 | 미활동 1 | 2홉+ 0.71 | 도달  670 | 차단 3026
Ep 167 | Step 1000 | R   223.19 | 배송 23/50 | 미활동 0 | 2홉+ 0.68 | 도달  894 | 차단 1785
Ep 168 | Step 1000 | R   109.08 | 배송 15/50 | 미활동 0 | 2홉+ 0.70 | 도달  959 | 차단 1732
Ep 169 | Step 1000 | R    86.04 | 배송 15/50 | 미활동 0 | 2홉+ 0.70 | 도달  695 | 차단 2610
Ep 170 | Step 1000 | R   164.68 | 배송 20/50 | 미활동 0 | 2홉+ 0.67 | 도달  843 | 차단 1190
Ep 171 | Step 1000 | R   264.31 | 배송 22/50 | 미활동 0 | 2홉+ 0.62 | 도달  847 | 차단 1319
Ep 172 | Step 1000 | R    71.97 | 배송 14/50 | 미활동 0 | 2홉+ 0.69 | 도달  793 | 차단 2779
Ep 173 | Step 1000 | R   302.55 | 배송 22/50 | 미활동 0 | 2홉+ 0.61 | 도달  906 | 차단 1409
Ep 174 | Step 1000 | R   173.55 | 배송 20/50 | 미활동 0 | 2홉+ 0.70 | 도달  908 | 차단  988
Ep 175 | Step 1000 | R   177.19 | 배송 18/50 | 미활동 0 | 2홉+ 0.65 | 도달  914 | 차단 1854
Ep 176 | Step 1000 | R   159.49 | 배송 16/50 | 미활동 0 | 2홉+ 0.68 | 도달  962 | 차단 1837
Ep 177 | Step 1000 | R   223.22 | 배송 21/50 | 미활동 0 | 2홉+ 0.59 | 도달  924 | 차단 1227
Ep 178 | Step 1000 | R   180.06 | 배송 17/50 | 미활동 0 | 2홉+ 0.43 | 도달  787 | 차단  934
Ep 179 | Step 1000 | R   192.10 | 배송 19/50 | 미활동 0 | 2홉+ 0.55 | 도달  882 | 차단 1333
Ep 180 | Step 1000 | R   275.19 | 배송 24/50 | 미활동 0 | 2홉+ 0.54 | 도달  874 | 차단 1386
Ep 181 | Step 1000 | R   265.96 | 배송 22/50 | 미활동 0 | 2홉+ 0.54 | 도달  773 | 차단 1339
Ep 182 | Step 1000 | R   181.71 | 배송 19/50 | 미활동 0 | 2홉+ 0.58 | 도달  852 | 차단 1322
Ep 183 | Step 1000 | R   277.66 | 배송 21/50 | 미활동 0 | 2홉+ 0.54 | 도달  869 | 차단 1451
Ep 184 | Step 1000 | R   312.23 | 배송 24/50 | 미활동 0 | 2홉+ 0.65 | 도달 1050 | 차단 1496
Ep 185 | Step 1000 | R   345.11 | 배송 24/50 | 미활동 0 | 2홉+ 0.66 | 도달  935 | 차단 1452
Ep 186 | Step 1000 | R   243.90 | 배송 22/50 | 미활동 0 | 2홉+ 0.58 | 도달  833 | 차단 1735
Ep 187 | Step 1000 | R   325.84 | 배송 26/50 | 미활동 0 | 2홉+ 0.68 | 도달  870 | 차단 1612
Ep 188 | Step 1000 | R    97.72 | 배송 16/50 | 미활동 0 | 2홉+ 0.72 | 도달 1074 | 차단 2138
Ep 189 | Step 1000 | R    55.77 | 배송 12/50 | 미활동 1 | 2홉+ 0.72 | 도달 1037 | 차단 2451
Ep 190 | Step 1000 | R   248.55 | 배송 23/50 | 미활동 0 | 2홉+ 0.60 | 도달  732 | 차단 1953
Ep 191 | Step 1000 | R   259.17 | 배송 19/50 | 미활동 0 | 2홉+ 0.57 | 도달  837 | 차단 1483
Ep 192 | Step 1000 | R   433.49 | 배송 31/50 | 미활동 0 | 2홉+ 0.63 | 도달  861 | 차단 1175
Ep 193 | Step 1000 | R    64.31 | 배송 13/50 | 미활동 1 | 2홉+ 0.72 | 도달 1074 | 차단 2432
Ep 194 | Step 1000 | R   343.07 | 배송 27/50 | 미활동 0 | 2홉+ 0.62 | 도달  880 | 차단 1611
Ep 195 | Step 1000 | R    38.72 | 배송 13/50 | 미활동 0 | 2홉+ 0.72 | 도달 1001 | 차단 3258
Ep 196 | Step 1000 | R   312.10 | 배송 24/50 | 미활동 0 | 2홉+ 0.62 | 도달  899 | 차단 1287
Ep 197 | Step 1000 | R   201.49 | 배송 15/50 | 미활동 1 | 2홉+ 0.70 | 도달 1060 | 차단 2455
Ep 198 | Step 1000 | R   385.05 | 배송 27/50 | 미활동 0 | 2홉+ 0.64 | 도달  903 | 차단 1181
Ep 199 | Step 1000 | R   297.99 | 배송 23/50 | 미활동 0 | 2홉+ 0.65 | 도달 1035 | 차단 1628
Ep 200 | Step 1000 | R   297.31 | 배송 23/50 | 미활동 0 | 2홉+ 0.57 | 도달  926 | 차단 1822
  [홀드아웃] 배송 13.2±4.4 미활동 0.17 2홉+ 0.71 도달 796 | 최고 13.2@ep200 | 정체 0/15  ← 최고 갱신
Ep 201 | Step 1000 | R   258.33 | 배송 23/50 | 미활동 0 | 2홉+ 0.70 | 도달  817 | 차단 1703
Ep 202 | Step 1000 | R   150.48 | 배송 16/50 | 미활동 0 | 2홉+ 0.68 | 도달  958 | 차단 1973
Ep 203 | Step 1000 | R   181.69 | 배송 20/50 | 미활동 0 | 2홉+ 0.68 | 도달  930 | 차단 2155
Ep 204 | Step 1000 | R   341.55 | 배송 26/50 | 미활동 0 | 2홉+ 0.68 | 도달  896 | 차단 1071
Ep 205 | Step 1000 | R    59.67 | 배송 14/50 | 미활동 0 | 2홉+ 0.72 | 도달  950 | 차단 3015
Ep 206 | Step 1000 | R   264.18 | 배송 23/50 | 미활동 0 | 2홉+ 0.59 | 도달  951 | 차단 1571
Ep 207 | Step 1000 | R   254.05 | 배송 20/50 | 미활동 0 | 2홉+ 0.66 | 도달  818 | 차단 1931
Ep 208 | Step 1000 | R   112.33 | 배송 15/50 | 미활동 1 | 2홉+ 0.67 | 도달  990 | 차단 1829
Ep 209 | Step 1000 | R   203.12 | 배송 19/50 | 미활동 0 | 2홉+ 0.60 | 도달  821 | 차단 2352
Ep 210 | Step 1000 | R   147.60 | 배송 18/50 | 미활동 0 | 2홉+ 0.66 | 도달  851 | 차단 2790
Ep 211 | Step 1000 | R   180.80 | 배송 19/50 | 미활동 0 | 2홉+ 0.70 | 도달  911 | 차단 1772
Ep 212 | Step 1000 | R   279.53 | 배송 22/50 | 미활동 0 | 2홉+ 0.66 | 도달  986 | 차단 2023
Ep 213 | Step 1000 | R    74.73 | 배송 14/50 | 미활동 0 | 2홉+ 0.73 | 도달 1003 | 차단 2633
Ep 214 | Step 1000 | R    85.94 | 배송 14/50 | 미활동 0 | 2홉+ 0.59 | 도달  887 | 차단 2291
Ep 215 | Step 1000 | R   227.78 | 배송 20/50 | 미활동 0 | 2홉+ 0.51 | 도달  749 | 차단 1550
Ep 216 | Step 1000 | R   180.59 | 배송 19/50 | 미활동 0 | 2홉+ 0.60 | 도달  887 | 차단 1973
Ep 217 | Step 1000 | R   131.50 | 배송 15/50 | 미활동 0 | 2홉+ 0.72 | 도달  767 | 차단 2086
Ep 218 | Step 1000 | R    59.86 | 배송 14/50 | 미활동 0 | 2홉+ 0.73 | 도달 1050 | 차단 2829
Ep 219 | Step 1000 | R    16.14 | 배송 11/50 | 미활동 0 | 2홉+ 0.72 | 도달  714 | 차단 3456
Ep 220 | Step 1000 | R   370.09 | 배송 26/50 | 미활동 0 | 2홉+ 0.65 | 도달 1011 | 차단 1700
Ep 221 | Step 1000 | R   257.84 | 배송 22/50 | 미활동 0 | 2홉+ 0.54 | 도달  972 | 차단 1643
Ep 222 | Step 1000 | R   316.64 | 배송 25/50 | 미활동 0 | 2홉+ 0.58 | 도달  751 | 차단 1099
Ep 223 | Step 1000 | R   293.05 | 배송 23/50 | 미활동 0 | 2홉+ 0.66 | 도달  916 | 차단 1932
Ep 224 | Step 1000 | R   165.77 | 배송 18/50 | 미활동 0 | 2홉+ 0.52 | 도달  867 | 차단 2035
Ep 225 | Step 1000 | R   184.25 | 배송 16/50 | 미활동 1 | 2홉+ 0.35 | 도달  527 | 차단  976
Ep 226 | Step 1000 | R   313.18 | 배송 26/50 | 미활동 0 | 2홉+ 0.62 | 도달  804 | 차단  659
Ep 227 | Step 1000 | R   269.70 | 배송 21/50 | 미활동 0 | 2홉+ 0.56 | 도달  791 | 차단 1835
Ep 228 | Step 1000 | R   215.13 | 배송 19/50 | 미활동 0 | 2홉+ 0.67 | 도달  739 | 차단 1773
Ep 229 | Step 1000 | R   328.97 | 배송 29/50 | 미활동 0 | 2홉+ 0.59 | 도달  960 | 차단 1559
Ep 230 | Step 1000 | R   303.08 | 배송 26/50 | 미활동 0 | 2홉+ 0.61 | 도달  886 | 차단 1279
Ep 231 | Step 1000 | R   222.73 | 배송 19/50 | 미활동 0 | 2홉+ 0.51 | 도달  789 | 차단 1591
Ep 232 | Step 1000 | R   277.00 | 배송 21/50 | 미활동 0 | 2홉+ 0.62 | 도달 1061 | 차단 1462
Ep 233 | Step 1000 | R   260.64 | 배송 23/50 | 미활동 0 | 2홉+ 0.60 | 도달  733 | 차단 1619
Ep 234 | Step 1000 | R   224.09 | 배송 19/50 | 미활동 0 | 2홉+ 0.47 | 도달  881 | 차단 1214
Ep 235 | Step 1000 | R   188.88 | 배송 20/50 | 미활동 0 | 2홉+ 0.63 | 도달  855 | 차단 1482
Ep 236 | Step 1000 | R   329.07 | 배송 25/50 | 미활동 0 | 2홉+ 0.57 | 도달  870 | 차단 1138
Ep 237 | Step 1000 | R   238.68 | 배송 22/50 | 미활동 0 | 2홉+ 0.64 | 도달 1029 | 차단 1986
Ep 238 | Step 1000 | R   217.14 | 배송 19/50 | 미활동 0 | 2홉+ 0.66 | 도달 1074 | 차단 1779
Ep 239 | Step 1000 | R   164.57 | 배송 17/50 | 미활동 0 | 2홉+ 0.69 | 도달  683 | 차단 1579
Ep 240 | Step 1000 | R   252.77 | 배송 22/50 | 미활동 0 | 2홉+ 0.50 | 도달  905 | 차단 1725
Ep 241 | Step 1000 | R   320.28 | 배송 25/50 | 미활동 0 | 2홉+ 0.65 | 도달  911 | 차단 1813
Ep 242 | Step 1000 | R   288.78 | 배송 24/50 | 미활동 0 | 2홉+ 0.49 | 도달  814 | 차단  645
Ep 243 | Step 1000 | R   168.69 | 배송 19/50 | 미활동 0 | 2홉+ 0.66 | 도달  703 | 차단 2065
Ep 244 | Step 1000 | R    72.79 | 배송 15/50 | 미활동 0 | 2홉+ 0.72 | 도달  855 | 차단 2882
Ep 245 | Step 1000 | R   101.61 | 배송 16/50 | 미활동 0 | 2홉+ 0.69 | 도달 1048 | 차단 2170
Ep 246 | Step 1000 | R    83.10 | 배송 14/50 | 미활동 0 | 2홉+ 0.69 | 도달  999 | 차단 2112
Ep 247 | Step 1000 | R   186.28 | 배송 18/50 | 미활동 0 | 2홉+ 0.47 | 도달  711 | 차단 1257
Ep 248 | Step 1000 | R   150.17 | 배송 15/50 | 미활동 0 | 2홉+ 0.42 | 도달  669 | 차단  808
Ep 249 | Step 1000 | R    93.73 | 배송 16/50 | 미활동 0 | 2홉+ 0.60 | 도달  883 | 차단 2821
Ep 250 | Step 1000 | R   223.84 | 배송 22/50 | 미활동 0 | 2홉+ 0.65 | 도달  910 | 차단 1118
  [홀드아웃] 배송 14.7±3.8 미활동 0.17 2홉+ 0.63 도달 724 | 최고 14.7@ep250 | 정체 0/15  ← 최고 갱신
Ep 251 | Step 1000 | R   171.57 | 배송 19/50 | 미활동 0 | 2홉+ 0.71 | 도달  887 | 차단 2231
Ep 252 | Step 1000 | R   138.25 | 배송 16/50 | 미활동 0 | 2홉+ 0.63 | 도달  777 | 차단 2324
Ep 253 | Step 1000 | R   331.52 | 배송 26/50 | 미활동 0 | 2홉+ 0.60 | 도달  760 | 차단 1231
Ep 254 | Step 1000 | R   181.50 | 배송 20/50 | 미활동 0 | 2홉+ 0.69 | 도달  731 | 차단 2070
Ep 255 | Step 1000 | R   188.07 | 배송 21/50 | 미활동 0 | 2홉+ 0.72 | 도달 1008 | 차단 2357
Ep 256 | Step 1000 | R   198.16 | 배송 18/50 | 미활동 0 | 2홉+ 0.63 | 도달 1034 | 차단 2372
Ep 257 | Step 1000 | R   186.97 | 배송 18/50 | 미활동 0 | 2홉+ 0.55 | 도달  884 | 차단 1706
Ep 258 | Step 1000 | R   234.21 | 배송 20/50 | 미활동 0 | 2홉+ 0.59 | 도달  761 | 차단 1244
Ep 259 | Step 1000 | R   251.31 | 배송 22/50 | 미활동 0 | 2홉+ 0.56 | 도달  825 | 차단 1747
Ep 260 | Step 1000 | R   291.46 | 배송 23/50 | 미활동 0 | 2홉+ 0.60 | 도달  663 | 차단 1569
Ep 261 | Step 1000 | R   334.75 | 배송 26/50 | 미활동 0 | 2홉+ 0.60 | 도달  821 | 차단 1104
Ep 262 | Step 1000 | R   320.33 | 배송 26/50 | 미활동 0 | 2홉+ 0.48 | 도달  823 | 차단 1868
Ep 263 | Step 1000 | R   244.79 | 배송 23/50 | 미활동 0 | 2홉+ 0.57 | 도달  765 | 차단  909
Ep 264 | Step 1000 | R   113.42 | 배송 17/50 | 미활동 0 | 2홉+ 0.69 | 도달  742 | 차단 2241
Ep 265 | Step 1000 | R   334.87 | 배송 26/50 | 미활동 0 | 2홉+ 0.62 | 도달  808 | 차단 1012
Ep 266 | Step 1000 | R   313.81 | 배송 25/50 | 미활동 0 | 2홉+ 0.68 | 도달  919 | 차단 1731
Ep 267 | Step 1000 | R   254.30 | 배송 24/50 | 미활동 0 | 2홉+ 0.67 | 도달  888 | 차단 2085
Ep 268 | Step 1000 | R   274.03 | 배송 24/50 | 미활동 0 | 2홉+ 0.62 | 도달  770 | 차단 1313
Ep 269 | Step 1000 | R   187.75 | 배송 20/50 | 미활동 0 | 2홉+ 0.65 | 도달  865 | 차단 1833
Ep 270 | Step 1000 | R   239.65 | 배송 20/50 | 미활동 0 | 2홉+ 0.55 | 도달  752 | 차단 1417
Ep 271 | Step 1000 | R   117.27 | 배송 17/50 | 미활동 0 | 2홉+ 0.72 | 도달 1074 | 차단 1902
Ep 272 | Step 1000 | R   328.31 | 배송 27/50 | 미활동 0 | 2홉+ 0.67 | 도달  961 | 차단 1975
Ep 273 | Step 1000 | R   193.04 | 배송 20/50 | 미활동 0 | 2홉+ 0.68 | 도달  750 | 차단 1338
Ep 274 | Step 1000 | R    54.91 | 배송 12/50 | 미활동 0 | 2홉+ 0.72 | 도달 1005 | 차단 2280
Ep 275 | Step 1000 | R   265.68 | 배송 21/50 | 미활동 0 | 2홉+ 0.63 | 도달  794 | 차단 1968
Ep 276 | Step 1000 | R   190.26 | 배송 20/50 | 미활동 0 | 2홉+ 0.66 | 도달  973 | 차단 1701
Ep 277 | Step 1000 | R   380.88 | 배송 28/50 | 미활동 0 | 2홉+ 0.65 | 도달  790 | 차단 1132
Ep 278 | Step 1000 | R   325.72 | 배송 23/50 | 미활동 0 | 2홉+ 0.62 | 도달 1029 | 차단 1669
Ep 279 | Step 1000 | R   292.25 | 배송 25/50 | 미활동 0 | 2홉+ 0.60 | 도달  830 | 차단 1139
Ep 280 | Step 1000 | R    87.74 | 배송 14/50 | 미활동 0 | 2홉+ 0.56 | 도달  890 | 차단 2265
Ep 281 | Step 1000 | R   150.99 | 배송 17/50 | 미활동 0 | 2홉+ 0.67 | 도달  761 | 차단 1896
Ep 282 | Step 1000 | R   248.21 | 배송 18/50 | 미활동 0 | 2홉+ 0.59 | 도달  677 | 차단 1031
Ep 283 | Step 1000 | R   255.43 | 배송 23/50 | 미활동 0 | 2홉+ 0.53 | 도달  828 | 차단 2006
Ep 284 | Step 1000 | R    33.19 | 배송 11/50 | 미활동 0 | 2홉+ 0.72 | 도달  767 | 차단 2916
Ep 285 | Step 1000 | R   232.98 | 배송 20/50 | 미활동 0 | 2홉+ 0.59 | 도달  778 | 차단 1923
Ep 286 | Step 1000 | R   288.96 | 배송 22/50 | 미활동 0 | 2홉+ 0.61 | 도달  806 | 차단 1553
Ep 287 | Step 1000 | R   262.11 | 배송 23/50 | 미활동 0 | 2홉+ 0.53 | 도달  724 | 차단 1611
Ep 288 | Step 1000 | R   340.90 | 배송 27/50 | 미활동 0 | 2홉+ 0.55 | 도달  926 | 차단  992
Ep 289 | Step 1000 | R   200.74 | 배송 21/50 | 미활동 0 | 2홉+ 0.61 | 도달  676 | 차단 1231
Ep 290 | Step 1000 | R   223.92 | 배송 20/50 | 미활동 0 | 2홉+ 0.50 | 도달  766 | 차단 1728
Ep 291 | Step 1000 | R   239.02 | 배송 21/50 | 미활동 0 | 2홉+ 0.53 | 도달  760 | 차단 1512
Ep 292 | Step 1000 | R   246.47 | 배송 22/50 | 미활동 0 | 2홉+ 0.70 | 도달  957 | 차단 2071
Ep 293 | Step 1000 | R   258.15 | 배송 22/50 | 미활동 0 | 2홉+ 0.68 | 도달  811 | 차단 1515
Ep 294 | Step 1000 | R   361.13 | 배송 26/50 | 미활동 0 | 2홉+ 0.62 | 도달  744 | 차단 1452
Ep 295 | Step 1000 | R   369.16 | 배송 26/50 | 미활동 0 | 2홉+ 0.57 | 도달  874 | 차단 1400
Ep 296 | Step 1000 | R   304.76 | 배송 24/50 | 미활동 0 | 2홉+ 0.63 | 도달  809 | 차단 1621
Ep 297 | Step 1000 | R   438.00 | 배송 32/50 | 미활동 0 | 2홉+ 0.62 | 도달  886 | 차단 1537
Ep 298 | Step 1000 | R   312.30 | 배송 24/50 | 미활동 0 | 2홉+ 0.59 | 도달  809 | 차단 1433
Ep 299 | Step 1000 | R   245.62 | 배송 22/50 | 미활동 0 | 2홉+ 0.59 | 도달  780 | 차단 1525
Ep 300 | Step 1000 | R   170.46 | 배송 18/50 | 미활동 0 | 2홉+ 0.63 | 도달  663 | 차단 1842
  [홀드아웃] 배송 10.2±1.9 미활동 0.00 2홉+ 0.65 도달 803 | 최고 14.7@ep250 | 정체 1/15
Ep 301 | Step 1000 | R   317.38 | 배송 26/50 | 미활동 0 | 2홉+ 0.59 | 도달 1033 | 차단 1298
Ep 302 | Step 1000 | R   269.55 | 배송 24/50 | 미활동 0 | 2홉+ 0.66 | 도달  743 | 차단 1526
Ep 303 | Step 1000 | R   249.57 | 배송 21/50 | 미활동 0 | 2홉+ 0.44 | 도달  590 | 차단 1064
Ep 304 | Step 1000 | R   310.40 | 배송 23/50 | 미활동 0 | 2홉+ 0.49 | 도달  743 | 차단  786
Ep 305 | Step 1000 | R   353.87 | 배송 28/50 | 미활동 0 | 2홉+ 0.65 | 도달  926 | 차단 1156
Ep 306 | Step 1000 | R   319.55 | 배송 25/50 | 미활동 0 | 2홉+ 0.62 | 도달  921 | 차단 1367
Ep 307 | Step 1000 | R   269.51 | 배송 22/50 | 미활동 0 | 2홉+ 0.53 | 도달  716 | 차단 1273
Ep 308 | Step 1000 | R   200.59 | 배송 20/50 | 미활동 0 | 2홉+ 0.54 | 도달  708 | 차단 1297
Ep 309 | Step 1000 | R   309.81 | 배송 27/50 | 미활동 0 | 2홉+ 0.57 | 도달  790 | 차단 1426
Ep 310 | Step 1000 | R   319.21 | 배송 25/50 | 미활동 0 | 2홉+ 0.54 | 도달  839 | 차단 1317
Ep 311 | Step 1000 | R   219.99 | 배송 20/50 | 미활동 0 | 2홉+ 0.68 | 도달  938 | 차단 2440
Ep 312 | Step 1000 | R   168.02 | 배송 19/50 | 미활동 0 | 2홉+ 0.54 | 도달  687 | 차단 2308
Ep 313 | Step 1000 | R   337.41 | 배송 27/50 | 미활동 0 | 2홉+ 0.65 | 도달  752 | 차단 1675
Ep 314 | Step 1000 | R   251.77 | 배송 22/50 | 미활동 0 | 2홉+ 0.66 | 도달  737 | 차단 1558
Ep 315 | Step 1000 | R   178.08 | 배송 19/50 | 미활동 0 | 2홉+ 0.50 | 도달  796 | 차단  537
Ep 316 | Step 1000 | R   316.04 | 배송 23/50 | 미활동 0 | 2홉+ 0.52 | 도달  776 | 차단 1912
Ep 317 | Step 1000 | R   364.21 | 배송 29/50 | 미활동 0 | 2홉+ 0.65 | 도달  808 | 차단 1054
Ep 318 | Step 1000 | R   237.99 | 배송 21/50 | 미활동 0 | 2홉+ 0.54 | 도달  802 | 차단 1533
Ep 319 | Step 1000 | R   287.39 | 배송 24/50 | 미활동 0 | 2홉+ 0.53 | 도달  790 | 차단  872
Ep 320 | Step 1000 | R   383.08 | 배송 30/50 | 미활동 0 | 2홉+ 0.65 | 도달  982 | 차단 1118
Ep 321 | Step 1000 | R   330.17 | 배송 26/50 | 미활동 0 | 2홉+ 0.51 | 도달  720 | 차단 1573
Ep 322 | Step 1000 | R   211.64 | 배송 21/50 | 미활동 0 | 2홉+ 0.51 | 도달  692 | 차단 1113
Ep 323 | Step 1000 | R   179.84 | 배송 20/50 | 미활동 0 | 2홉+ 0.55 | 도달  938 | 차단 2062
Ep 324 | Step 1000 | R   341.03 | 배송 28/50 | 미활동 0 | 2홉+ 0.67 | 도달  966 | 차단 1646
Ep 325 | Step 1000 | R   336.30 | 배송 27/50 | 미활동 0 | 2홉+ 0.63 | 도달  850 | 차단 1501
Ep 326 | Step 1000 | R   282.39 | 배송 22/50 | 미활동 0 | 2홉+ 0.68 | 도달  779 | 차단 1553
Ep 327 | Step 1000 | R   289.51 | 배송 22/50 | 미활동 0 | 2홉+ 0.47 | 도달  842 | 차단 1282
Ep 328 | Step 1000 | R   268.78 | 배송 23/50 | 미활동 0 | 2홉+ 0.54 | 도달  764 | 차단 1169
Ep 329 | Step 1000 | R   263.40 | 배송 20/50 | 미활동 0 | 2홉+ 0.64 | 도달  821 | 차단 1555
Ep 330 | Step 1000 | R   428.90 | 배송 32/50 | 미활동 0 | 2홉+ 0.65 | 도달  846 | 차단 1222
Ep 331 | Step 1000 | R   307.20 | 배송 24/50 | 미활동 0 | 2홉+ 0.64 | 도달 1028 | 차단 1581
Ep 332 | Step 1000 | R   244.93 | 배송 21/50 | 미활동 0 | 2홉+ 0.61 | 도달  881 | 차단 1373
Ep 333 | Step 1000 | R   288.27 | 배송 25/50 | 미활동 0 | 2홉+ 0.55 | 도달 1020 | 차단 1676
Ep 334 | Step 1000 | R   314.28 | 배송 24/50 | 미활동 0 | 2홉+ 0.61 | 도달  809 | 차단 1172
Ep 335 | Step 1000 | R   307.75 | 배송 24/50 | 미활동 0 | 2홉+ 0.63 | 도달  815 | 차단 1421
Ep 336 | Step 1000 | R   373.87 | 배송 29/50 | 미활동 0 | 2홉+ 0.56 | 도달  861 | 차단  541
Ep 337 | Step 1000 | R   189.00 | 배송 20/50 | 미활동 0 | 2홉+ 0.68 | 도달  702 | 차단 1737
Ep 338 | Step 1000 | R   273.57 | 배송 22/50 | 미활동 0 | 2홉+ 0.62 | 도달  750 | 차단 1878
Ep 339 | Step 1000 | R   264.97 | 배송 23/50 | 미활동 0 | 2홉+ 0.65 | 도달  823 | 차단 1586
Ep 340 | Step 1000 | R   285.68 | 배송 25/50 | 미활동 0 | 2홉+ 0.68 | 도달  899 | 차단 1516
Ep 341 | Step 1000 | R   236.38 | 배송 21/50 | 미활동 0 | 2홉+ 0.63 | 도달  827 | 차단 1832
Ep 342 | Step 1000 | R   246.85 | 배송 22/50 | 미활동 0 | 2홉+ 0.61 | 도달  755 | 차단 1666
Ep 343 | Step 1000 | R   205.62 | 배송 19/50 | 미활동 0 | 2홉+ 0.70 | 도달 1005 | 차단 2114
Ep 344 | Step 1000 | R    90.22 | 배송 14/50 | 미활동 0 | 2홉+ 0.52 | 도달  853 | 차단 2182
Ep 345 | Step 1000 | R   246.28 | 배송 21/50 | 미활동 0 | 2홉+ 0.67 | 도달  884 | 차단 1613
Ep 346 | Step 1000 | R   214.15 | 배송 23/50 | 미활동 0 | 2홉+ 0.68 | 도달 1071 | 차단 1505
Ep 347 | Step 1000 | R   191.69 | 배송 18/50 | 미활동 0 | 2홉+ 0.66 | 도달  967 | 차단 2425
Ep 348 | Step 1000 | R   440.69 | 배송 29/50 | 미활동 0 | 2홉+ 0.58 | 도달  998 | 차단  736
Ep 349 | Step 1000 | R   359.59 | 배송 28/50 | 미활동 0 | 2홉+ 0.52 | 도달  759 | 차단 1029
Ep 350 | Step 1000 | R   264.66 | 배송 23/50 | 미활동 0 | 2홉+ 0.66 | 도달  900 | 차단 1622
  [홀드아웃] 배송 10.3±4.7 미활동 0.17 2홉+ 0.66 도달 839 | 최고 14.7@ep250 | 정체 2/15
Ep 351 | Step 1000 | R   262.82 | 배송 20/50 | 미활동 0 | 2홉+ 0.64 | 도달  726 | 차단 1647
Ep 352 | Step 1000 | R   258.59 | 배송 23/50 | 미활동 0 | 2홉+ 0.47 | 도달  740 | 차단 1445
Ep 353 | Step 1000 | R   260.95 | 배송 23/50 | 미활동 0 | 2홉+ 0.61 | 도달  938 | 차단 1788
Ep 354 | Step 1000 | R   211.06 | 배송 19/50 | 미활동 0 | 2홉+ 0.60 | 도달  762 | 차단 1967
Ep 355 | Step 1000 | R   185.88 | 배송 19/50 | 미활동 0 | 2홉+ 0.50 | 도달  902 | 차단 1457
Ep 356 | Step 1000 | R   261.25 | 배송 23/50 | 미활동 0 | 2홉+ 0.48 | 도달  735 | 차단 1361
Ep 357 | Step 1000 | R   261.07 | 배송 22/50 | 미활동 0 | 2홉+ 0.49 | 도달  855 | 차단 1171
Ep 358 | Step 1000 | R   266.28 | 배송 23/50 | 미활동 0 | 2홉+ 0.65 | 도달  982 | 차단 1429
Ep 359 | Step 1000 | R   231.10 | 배송 21/50 | 미활동 0 | 2홉+ 0.69 | 도달  899 | 차단 2360
Ep 360 | Step 1000 | R   322.11 | 배송 25/50 | 미활동 0 | 2홉+ 0.60 | 도달  810 | 차단 1495
Ep 361 | Step 1000 | R   426.26 | 배송 29/50 | 미활동 0 | 2홉+ 0.56 | 도달  824 | 차단 1617
Ep 362 | Step 1000 | R   278.50 | 배송 24/50 | 미활동 0 | 2홉+ 0.62 | 도달  883 | 차단 1294
Ep 363 | Step 1000 | R   241.47 | 배송 21/50 | 미활동 0 | 2홉+ 0.55 | 도달  782 | 차단 1890
Ep 364 | Step 1000 | R   111.01 | 배송 17/50 | 미활동 0 | 2홉+ 0.72 | 도달 1021 | 차단 2553
Ep 365 | Step 1000 | R   239.46 | 배송 22/50 | 미활동 0 | 2홉+ 0.65 | 도달  962 | 차단 1792
Ep 366 | Step 1000 | R   316.89 | 배송 25/50 | 미활동 0 | 2홉+ 0.60 | 도달  757 | 차단 1723
Ep 367 | Step 1000 | R   409.09 | 배송 30/50 | 미활동 0 | 2홉+ 0.67 | 도달  777 | 차단 1410
Ep 368 | Step 1000 | R   222.01 | 배송 20/50 | 미활동 0 | 2홉+ 0.63 | 도달  729 | 차단 1790
Ep 369 | Step 1000 | R   143.66 | 배송 18/50 | 미활동 0 | 2홉+ 0.71 | 도달  903 | 차단 2658
Ep 370 | Step 1000 | R   401.83 | 배송 29/50 | 미활동 0 | 2홉+ 0.65 | 도달  847 | 차단 1194
Ep 371 | Step 1000 | R   298.55 | 배송 25/50 | 미활동 0 | 2홉+ 0.70 | 도달  857 | 차단  666
Ep 372 | Step 1000 | R   273.49 | 배송 22/50 | 미활동 0 | 2홉+ 0.67 | 도달  829 | 차단 2032
Ep 373 | Step 1000 | R   243.66 | 배송 22/50 | 미활동 0 | 2홉+ 0.69 | 도달  945 | 차단 2168
Ep 374 | Step 1000 | R   220.63 | 배송 20/50 | 미활동 0 | 2홉+ 0.68 | 도달  853 | 차단 2097
Ep 375 | Step 1000 | R   280.86 | 배송 24/50 | 미활동 0 | 2홉+ 0.58 | 도달  895 | 차단 1244
Ep 376 | Step 1000 | R   225.50 | 배송 22/50 | 미활동 0 | 2홉+ 0.68 | 도달  880 | 차단 2373
Ep 377 | Step 1000 | R   275.12 | 배송 21/50 | 미활동 0 | 2홉+ 0.58 | 도달  892 | 차단 1561
Ep 378 | Step 1000 | R   234.38 | 배송 22/50 | 미활동 0 | 2홉+ 0.63 | 도달  969 | 차단 2099
Ep 379 | Step 1000 | R   234.36 | 배송 20/50 | 미활동 0 | 2홉+ 0.60 | 도달  660 | 차단 1255
Ep 380 | Step 1000 | R   335.08 | 배송 27/50 | 미활동 0 | 2홉+ 0.61 | 도달  849 | 차단 1792
Ep 381 | Step 1000 | R   253.07 | 배송 23/50 | 미활동 0 | 2홉+ 0.68 | 도달  893 | 차단 1858
Ep 382 | Step 1000 | R   352.31 | 배송 28/50 | 미활동 0 | 2홉+ 0.63 | 도달  746 | 차단 1485
Ep 383 | Step 1000 | R   153.60 | 배송 17/50 | 미활동 0 | 2홉+ 0.66 | 도달  692 | 차단 1992
Ep 384 | Step 1000 | R   245.97 | 배송 23/50 | 미활동 0 | 2홉+ 0.67 | 도달  687 | 차단 1920
Ep 385 | Step 1000 | R   345.75 | 배송 24/50 | 미활동 0 | 2홉+ 0.47 | 도달  722 | 차단 1331
Ep 386 | Step 1000 | R   248.51 | 배송 20/50 | 미활동 0 | 2홉+ 0.67 | 도달  980 | 차단 2425
Ep 387 | Step 1000 | R    54.09 | 배송 14/50 | 미활동 0 | 2홉+ 0.72 | 도달 1017 | 차단 3147
Ep 388 | Step 1000 | R   335.79 | 배송 26/50 | 미활동 0 | 2홉+ 0.60 | 도달  929 | 차단 1511
Ep 389 | Step 1000 | R   288.40 | 배송 24/50 | 미활동 0 | 2홉+ 0.56 | 도달  974 | 차단 1036
Ep 390 | Step 1000 | R   112.37 | 배송 18/50 | 미활동 0 | 2홉+ 0.62 | 도달  873 | 차단 2683
Ep 391 | Step 1000 | R   143.49 | 배송 20/50 | 미활동 0 | 2홉+ 0.72 | 도달 1033 | 차단 2047
Ep 392 | Step 1000 | R   203.60 | 배송 19/50 | 미활동 0 | 2홉+ 0.64 | 도달  946 | 차단 1901
Ep 393 | Step 1000 | R   225.47 | 배송 20/50 | 미활동 0 | 2홉+ 0.63 | 도달  797 | 차단 1867
Ep 394 | Step 1000 | R   424.18 | 배송 28/50 | 미활동 0 | 2홉+ 0.57 | 도달  864 | 차단 1398
Ep 395 | Step 1000 | R    10.32 | 배송 10/50 | 미활동 0 | 2홉+ 0.72 | 도달  954 | 차단 3383
Ep 396 | Step 1000 | R   379.68 | 배송 28/50 | 미활동 0 | 2홉+ 0.69 | 도달  930 | 차단 1421
Ep 397 | Step 1000 | R   315.46 | 배송 24/50 | 미활동 0 | 2홉+ 0.66 | 도달  936 | 차단 1203
Ep 398 | Step 1000 | R   203.89 | 배송 20/50 | 미활동 0 | 2홉+ 0.70 | 도달  852 | 차단 2316
Ep 399 | Step 1000 | R   220.36 | 배송 20/50 | 미활동 0 | 2홉+ 0.57 | 도달  919 | 차단 1844
Ep 400 | Step 1000 | R   333.33 | 배송 26/50 | 미활동 0 | 2홉+ 0.52 | 도달  792 | 차단  972
  [홀드아웃] 배송 7.7±3.1 미활동 0.67 2홉+ 0.73 도달 826 | 최고 14.7@ep250 | 정체 3/15
Ep 401 | Step 1000 | R   217.12 | 배송 20/50 | 미활동 0 | 2홉+ 0.68 | 도달  790 | 차단 1628
Ep 402 | Step 1000 | R   335.16 | 배송 27/50 | 미활동 0 | 2홉+ 0.65 | 도달 1056 | 차단 1190
Ep 403 | Step 1000 | R   234.68 | 배송 21/50 | 미활동 0 | 2홉+ 0.48 | 도달  696 | 차단 1313
Ep 404 | Step 1000 | R   287.84 | 배송 25/50 | 미활동 0 | 2홉+ 0.50 | 도달  718 | 차단 1073
Ep 405 | Step 1000 | R   435.21 | 배송 29/50 | 미활동 0 | 2홉+ 0.54 | 도달  789 | 차단  998
Ep 406 | Step 1000 | R   333.02 | 배송 25/50 | 미활동 0 | 2홉+ 0.65 | 도달  865 | 차단 1091
Ep 407 | Step 1000 | R   365.55 | 배송 26/50 | 미활동 0 | 2홉+ 0.60 | 도달  754 | 차단 1182
Ep 408 | Step 1000 | R   258.98 | 배송 20/50 | 미활동 0 | 2홉+ 0.52 | 도달  725 | 차단 1603
Ep 409 | Step 1000 | R   275.75 | 배송 21/50 | 미활동 0 | 2홉+ 0.42 | 도달  733 | 차단 1572
Ep 410 | Step 1000 | R   148.88 | 배송 18/50 | 미활동 0 | 2홉+ 0.42 | 도달  743 | 차단  524
Ep 411 | Step 1000 | R   299.57 | 배송 25/50 | 미활동 0 | 2홉+ 0.56 | 도달  925 | 차단 1606
Ep 412 | Step 1000 | R   355.92 | 배송 29/50 | 미활동 0 | 2홉+ 0.66 | 도달  879 | 차단 1686
Ep 413 | Step 1000 | R   230.56 | 배송 21/50 | 미활동 0 | 2홉+ 0.68 | 도달  846 | 차단 2121
Ep 414 | Step 1000 | R   430.62 | 배송 28/50 | 미활동 0 | 2홉+ 0.63 | 도달  838 | 차단 1049
Ep 415 | Step 1000 | R   325.21 | 배송 27/50 | 미활동 0 | 2홉+ 0.66 | 도달  868 | 차단 1795
Ep 416 | Step 1000 | R   124.09 | 배송 16/50 | 미활동 0 | 2홉+ 0.19 | 도달  556 | 차단  133
Ep 417 | Step 1000 | R   262.47 | 배송 23/50 | 미활동 0 | 2홉+ 0.58 | 도달  867 | 차단 1548
Ep 418 | Step 1000 | R   409.25 | 배송 30/50 | 미활동 0 | 2홉+ 0.60 | 도달  933 | 차단 1418
Ep 419 | Step 1000 | R   316.60 | 배송 26/50 | 미활동 0 | 2홉+ 0.56 | 도달  795 | 차단 1890
Ep 420 | Step 1000 | R   321.47 | 배송 26/50 | 미활동 0 | 2홉+ 0.68 | 도달  956 | 차단 1491
Ep 421 | Step 1000 | R   259.06 | 배송 24/50 | 미활동 0 | 2홉+ 0.66 | 도달  885 | 차단 1807
Ep 422 | Step 1000 | R    56.83 | 배송 13/50 | 미활동 1 | 2홉+ 0.73 | 도달 1074 | 차단 2842
Ep 423 | Step 1000 | R   263.93 | 배송 21/50 | 미활동 0 | 2홉+ 0.65 | 도달  963 | 차단 2028
Ep 424 | Step 1000 | R   390.11 | 배송 31/50 | 미활동 0 | 2홉+ 0.59 | 도달  783 | 차단  897
Ep 425 | Step 1000 | R   362.05 | 배송 27/50 | 미활동 0 | 2홉+ 0.66 | 도달  887 | 차단 1772
Ep 426 | Step 1000 | R   195.59 | 배송 19/50 | 미활동 0 | 2홉+ 0.48 | 도달  710 | 차단  752
Ep 427 | Step 1000 | R    60.09 | 배송 14/50 | 미활동 0 | 2홉+ 0.72 | 도달  865 | 차단 2997
Ep 428 | Step 1000 | R   251.39 | 배송 21/50 | 미활동 0 | 2홉+ 0.68 | 도달  831 | 차단 2522
Ep 429 | Step 1000 | R   258.15 | 배송 23/50 | 미활동 0 | 2홉+ 0.67 | 도달  691 | 차단 1674
Ep 430 | Step 1000 | R   174.85 | 배송 19/50 | 미활동 0 | 2홉+ 0.65 | 도달  891 | 차단 1810
Ep 431 | Step 1000 | R   261.53 | 배송 23/50 | 미활동 0 | 2홉+ 0.57 | 도달  832 | 차단 1550
Ep 432 | Step 1000 | R   281.84 | 배송 22/50 | 미활동 0 | 2홉+ 0.57 | 도달  940 | 차단 1567
Ep 433 | Step 1000 | R   260.34 | 배송 21/50 | 미활동 0 | 2홉+ 0.52 | 도달  885 | 차단 2173
Ep 434 | Step 1000 | R   253.29 | 배송 22/50 | 미활동 0 | 2홉+ 0.55 | 도달  734 | 차단 1133
Ep 435 | Step 1000 | R   343.14 | 배송 29/50 | 미활동 0 | 2홉+ 0.66 | 도달  874 | 차단 2000
Ep 436 | Step 1000 | R   404.93 | 배송 30/50 | 미활동 0 | 2홉+ 0.66 | 도달  889 | 차단 1609
Ep 437 | Step 1000 | R   333.85 | 배송 26/50 | 미활동 0 | 2홉+ 0.52 | 도달  762 | 차단 1372
Ep 438 | Step 1000 | R   302.80 | 배송 26/50 | 미활동 0 | 2홉+ 0.64 | 도달  870 | 차단 1085
Ep 439 | Step 1000 | R   334.21 | 배송 27/50 | 미활동 0 | 2홉+ 0.67 | 도달  903 | 차단 1658
Ep 440 | Step 1000 | R   174.39 | 배송 19/50 | 미활동 0 | 2홉+ 0.70 | 도달  827 | 차단 2257
Ep 441 | Step 1000 | R    93.96 | 배송 14/50 | 미활동 0 | 2홉+ 0.63 | 도달  856 | 차단 2897
Ep 442 | Step 1000 | R   294.84 | 배송 23/50 | 미활동 0 | 2홉+ 0.46 | 도달  775 | 차단 1129
Ep 443 | Step 1000 | R   254.97 | 배송 21/50 | 미활동 0 | 2홉+ 0.58 | 도달  695 | 차단  693
Ep 444 | Step 1000 | R   223.90 | 배송 21/50 | 미활동 0 | 2홉+ 0.52 | 도달  876 | 차단 1882
Ep 445 | Step 1000 | R   268.81 | 배송 24/50 | 미활동 0 | 2홉+ 0.54 | 도달  746 | 차단 1249
Ep 446 | Step 1000 | R   258.40 | 배송 23/50 | 미활동 0 | 2홉+ 0.62 | 도달  905 | 차단 1777
Ep 447 | Step 1000 | R   329.25 | 배송 27/50 | 미활동 0 | 2홉+ 0.66 | 도달  910 | 차단 1733
Ep 448 | Step 1000 | R   270.29 | 배송 23/50 | 미활동 0 | 2홉+ 0.48 | 도달  691 | 차단  914
Ep 449 | Step 1000 | R   185.91 | 배송 20/50 | 미활동 0 | 2홉+ 0.62 | 도달  745 | 차단 2160
Ep 450 | Step 1000 | R    71.29 | 배송 14/50 | 미활동 0 | 2홉+ 0.55 | 도달  832 | 차단 2827
  [홀드아웃] 배송 12.0±1.9 미활동 0.17 2홉+ 0.71 도달 754 | 최고 14.7@ep250 | 정체 4/15
Ep 451 | Step 1000 | R   292.84 | 배송 25/50 | 미활동 0 | 2홉+ 0.66 | 도달  857 | 차단 1089
Ep 452 | Step 1000 | R   379.02 | 배송 30/50 | 미활동 0 | 2홉+ 0.65 | 도달  933 | 차단 1205
Ep 453 | Step 1000 | R   294.68 | 배송 22/50 | 미활동 0 | 2홉+ 0.58 | 도달  859 | 차단 1106
Ep 454 | Step 1000 | R   205.34 | 배송 18/50 | 미활동 0 | 2홉+ 0.57 | 도달  805 | 차단 1662
Ep 455 | Step 1000 | R   369.87 | 배송 27/50 | 미활동 0 | 2홉+ 0.54 | 도달  830 | 차단 1278
Ep 456 | Step 1000 | R   395.58 | 배송 29/50 | 미활동 0 | 2홉+ 0.59 | 도달  771 | 차단 1226
Ep 457 | Step 1000 | R   312.26 | 배송 24/50 | 미활동 0 | 2홉+ 0.53 | 도달  713 | 차단 1164
Ep 458 | Step 1000 | R   332.89 | 배송 23/50 | 미활동 0 | 2홉+ 0.54 | 도달  762 | 차단 1293
Ep 459 | Step 1000 | R   160.88 | 배송 18/50 | 미활동 0 | 2홉+ 0.61 | 도달  909 | 차단 2274
Ep 460 | Step 1000 | R   206.21 | 배송 21/50 | 미활동 0 | 2홉+ 0.56 | 도달  753 | 차단 1436
Ep 461 | Step 1000 | R   267.16 | 배송 25/50 | 미활동 0 | 2홉+ 0.67 | 도달  967 | 차단 1872
Ep 462 | Step 1000 | R   356.98 | 배송 26/50 | 미활동 0 | 2홉+ 0.61 | 도달  891 | 차단 1764
Ep 463 | Step 1000 | R   328.77 | 배송 26/50 | 미활동 0 | 2홉+ 0.66 | 도달 1047 | 차단 1452
Ep 464 | Step 1000 | R   358.98 | 배송 30/50 | 미활동 0 | 2홉+ 0.62 | 도달  782 | 차단 1544
Ep 465 | Step 1000 | R   110.85 | 배송 16/50 | 미활동 0 | 2홉+ 0.65 | 도달  949 | 차단 1954
Ep 466 | Step 1000 | R   220.54 | 배송 22/50 | 미활동 0 | 2홉+ 0.62 | 도달  820 | 차단  323
Ep 467 | Step 1000 | R   148.87 | 배송 18/50 | 미활동 0 | 2홉+ 0.72 | 도달 1011 | 차단 2699
Ep 468 | Step 1000 | R   290.95 | 배송 25/50 | 미활동 0 | 2홉+ 0.56 | 도달  904 | 차단 1477
Ep 469 | Step 1000 | R   214.87 | 배송 22/50 | 미활동 0 | 2홉+ 0.56 | 도달  829 | 차단 1574
Ep 470 | Step 1000 | R   216.81 | 배송 17/50 | 미활동 0 | 2홉+ 0.59 | 도달  831 | 차단 2239
Ep 471 | Step 1000 | R   286.13 | 배송 23/50 | 미활동 0 | 2홉+ 0.63 | 도달  748 | 차단 1933
Ep 472 | Step 1000 | R   394.72 | 배송 28/50 | 미활동 0 | 2홉+ 0.63 | 도달  794 | 차단  971
Ep 473 | Step 1000 | R   233.01 | 배송 22/50 | 미활동 0 | 2홉+ 0.64 | 도달  803 | 차단 2096
Ep 474 | Step 1000 | R   305.98 | 배송 27/50 | 미활동 0 | 2홉+ 0.66 | 도달  960 | 차단 1714
Ep 475 | Step 1000 | R   201.37 | 배송 20/50 | 미활동 0 | 2홉+ 0.53 | 도달  698 | 차단 1362
Ep 476 | Step 1000 | R   308.11 | 배송 24/50 | 미활동 0 | 2홉+ 0.62 | 도달  880 | 차단 1788
Ep 477 | Step 1000 | R   322.16 | 배송 26/50 | 미활동 0 | 2홉+ 0.55 | 도달  871 | 차단 1600
Ep 478 | Step 1000 | R   333.10 | 배송 26/50 | 미활동 0 | 2홉+ 0.55 | 도달  806 | 차단 1367
Ep 479 | Step 1000 | R   305.73 | 배송 24/50 | 미활동 0 | 2홉+ 0.67 | 도달 1074 | 차단 1886
Ep 480 | Step 1000 | R   219.07 | 배송 19/50 | 미활동 0 | 2홉+ 0.50 | 도달  674 | 차단 1307
Ep 481 | Step 1000 | R   190.05 | 배송 17/50 | 미활동 0 | 2홉+ 0.60 | 도달  658 | 차단 1771
Ep 482 | Step 1000 | R   337.51 | 배송 27/50 | 미활동 0 | 2홉+ 0.66 | 도달  852 | 차단 1547
Ep 483 | Step 1000 | R   298.65 | 배송 27/50 | 미활동 0 | 2홉+ 0.65 | 도달  946 | 차단 1613
Ep 484 | Step 1000 | R   263.98 | 배송 20/50 | 미활동 0 | 2홉+ 0.63 | 도달  841 | 차단 1868
Ep 485 | Step 1000 | R   320.53 | 배송 25/50 | 미활동 0 | 2홉+ 0.46 | 도달  891 | 차단 1170
Ep 486 | Step 1000 | R   171.55 | 배송 17/50 | 미활동 0 | 2홉+ 0.55 | 도달  720 | 차단 1294
Ep 487 | Step 1000 | R   273.39 | 배송 24/50 | 미활동 0 | 2홉+ 0.44 | 도달  756 | 차단  814
Ep 488 | Step 1000 | R   321.97 | 배송 27/50 | 미활동 0 | 2홉+ 0.67 | 도달  965 | 차단 2193
Ep 489 | Step 1000 | R   212.39 | 배송 21/50 | 미활동 0 | 2홉+ 0.69 | 도달  860 | 차단  803
Ep 490 | Step 1000 | R   103.96 | 배송 16/50 | 미활동 0 | 2홉+ 0.61 | 도달  684 | 차단 1828
Ep 491 | Step 1000 | R   335.50 | 배송 26/50 | 미활동 0 | 2홉+ 0.54 | 도달  798 | 차단 1375
Ep 492 | Step 1000 | R   250.67 | 배송 20/50 | 미활동 0 | 2홉+ 0.52 | 도달  761 | 차단 1822
Ep 493 | Step 1000 | R   246.47 | 배송 22/50 | 미활동 0 | 2홉+ 0.63 | 도달  974 | 차단 1713
Ep 494 | Step 1000 | R   123.09 | 배송 18/50 | 미활동 0 | 2홉+ 0.65 | 도달  705 | 차단 2361
Ep 495 | Step 1000 | R   203.06 | 배송 20/50 | 미활동 0 | 2홉+ 0.68 | 도달 1001 | 차단 2684
Ep 496 | Step 1000 | R   205.33 | 배송 19/50 | 미활동 0 | 2홉+ 0.63 | 도달  872 | 차단 2325
Ep 497 | Step 1000 | R   365.10 | 배송 26/50 | 미활동 0 | 2홉+ 0.66 | 도달  877 | 차단 1373
Ep 498 | Step 1000 | R   278.84 | 배송 22/50 | 미활동 0 | 2홉+ 0.65 | 도달  789 | 차단 1460
Ep 499 | Step 1000 | R   265.47 | 배송 25/50 | 미활동 0 | 2홉+ 0.70 | 도달  777 | 차단 1991
Ep 500 | Step 1000 | R   462.98 | 배송 31/50 | 미활동 0 | 2홉+ 0.61 | 도달  849 | 차단 1079
  [홀드아웃] 배송 10.2±2.0 미활동 0.83 2홉+ 0.69 도달 796 | 최고 14.7@ep250 | 정체 5/15
Ep 501 | Step 1000 | R   261.15 | 배송 25/50 | 미활동 0 | 2홉+ 0.70 | 도달  885 | 차단 2262
Ep 502 | Step 1000 | R   358.03 | 배송 25/50 | 미활동 0 | 2홉+ 0.55 | 도달  811 | 차단 1707
Ep 503 | Step 1000 | R   239.21 | 배송 22/50 | 미활동 0 | 2홉+ 0.65 | 도달 1044 | 차단 2028
Ep 504 | Step 1000 | R   314.14 | 배송 26/50 | 미활동 0 | 2홉+ 0.68 | 도달  948 | 차단 2028
Ep 505 | Step 1000 | R   317.18 | 배송 25/50 | 미활동 0 | 2홉+ 0.58 | 도달  753 | 차단 1617
Ep 506 | Step 1000 | R   290.31 | 배송 23/50 | 미활동 0 | 2홉+ 0.67 | 도달  890 | 차단 1734
Ep 507 | Step 1000 | R   170.16 | 배송 18/50 | 미활동 0 | 2홉+ 0.69 | 도달  811 | 차단 1746
Ep 508 | Step 1000 | R   219.62 | 배송 20/50 | 미활동 0 | 2홉+ 0.58 | 도달  615 | 차단 1653
Ep 509 | Step 1000 | R   298.87 | 배송 24/50 | 미활동 0 | 2홉+ 0.55 | 도달  770 | 차단 1792
Ep 510 | Step 1000 | R   367.62 | 배송 29/50 | 미활동 0 | 2홉+ 0.56 | 도달  802 | 차단 1209
Ep 511 | Step 1000 | R   315.04 | 배송 26/50 | 미활동 0 | 2홉+ 0.58 | 도달  931 | 차단 1840
Ep 512 | Step 1000 | R   310.32 | 배송 25/50 | 미활동 0 | 2홉+ 0.58 | 도달  782 | 차단 1476
Ep 513 | Step 1000 | R   272.39 | 배송 24/50 | 미활동 0 | 2홉+ 0.61 | 도달  996 | 차단 1373
Ep 514 | Step 1000 | R   304.18 | 배송 25/50 | 미활동 0 | 2홉+ 0.66 | 도달  747 | 차단 1889
Ep 515 | Step 1000 | R   258.43 | 배송 23/50 | 미활동 0 | 2홉+ 0.49 | 도달  762 | 차단 1798
Ep 516 | Step 1000 | R    83.18 | 배송 17/50 | 미활동 0 | 2홉+ 0.72 | 도달  999 | 차단 2991
Ep 517 | Step 1000 | R    57.88 | 배송 15/50 | 미활동 0 | 2홉+ 0.72 | 도달  868 | 차단 3309
Ep 518 | Step 1000 | R   317.20 | 배송 25/50 | 미활동 0 | 2홉+ 0.59 | 도달  742 | 차단 1225
Ep 519 | Step 1000 | R   202.93 | 배송 19/50 | 미활동 0 | 2홉+ 0.40 | 도달  685 | 차단  972
Ep 520 | Step 1000 | R   282.87 | 배송 24/50 | 미활동 0 | 2홉+ 0.52 | 도달  848 | 차단 1201
Ep 521 | Step 1000 | R   260.64 | 배송 23/50 | 미활동 0 | 2홉+ 0.61 | 도달  890 | 차단 1647
Ep 522 | Step 1000 | R   199.09 | 배송 18/50 | 미활동 0 | 2홉+ 0.58 | 도달  846 | 차단 2081
Ep 523 | Step 1000 | R   224.12 | 배송 20/50 | 미활동 0 | 2홉+ 0.49 | 도달  623 | 차단 1741
Ep 524 | Step 1000 | R   194.59 | 배송 21/50 | 미활동 0 | 2홉+ 0.48 | 도달  705 | 차단 2070
Ep 525 | Step 1000 | R   236.81 | 배송 21/50 | 미활동 0 | 2홉+ 0.58 | 도달  795 | 차단 1716
Ep 526 | Step 1000 | R   267.65 | 배송 25/50 | 미활동 0 | 2홉+ 0.68 | 도달  880 | 차단 1873
Ep 527 | Step 1000 | R   358.52 | 배송 29/50 | 미활동 0 | 2홉+ 0.58 | 도달  803 | 차단 1548
Ep 528 | Step 1000 | R   177.05 | 배송 19/50 | 미활동 0 | 2홉+ 0.38 | 도달  765 | 차단 1543
Ep 529 | Step 1000 | R   297.03 | 배송 22/50 | 미활동 0 | 2홉+ 0.43 | 도달  853 | 차단  996
Ep 530 | Step 1000 | R   163.50 | 배송 17/50 | 미활동 0 | 2홉+ 0.33 | 도달  709 | 차단  801
Ep 531 | Step 1000 | R   312.93 | 배송 25/50 | 미활동 0 | 2홉+ 0.48 | 도달  780 | 차단 1298
Ep 532 | Step 1000 | R   173.75 | 배송 18/50 | 미활동 0 | 2홉+ 0.51 | 도달  812 | 차단 1494
Ep 533 | Step 1000 | R   100.90 | 배송 15/50 | 미활동 0 | 2홉+ 0.66 | 도달  726 | 차단 1744
Ep 534 | Step 1000 | R   287.58 | 배송 25/50 | 미활동 0 | 2홉+ 0.53 | 도달  708 | 차단 1213
Ep 535 | Step 1000 | R   236.64 | 배송 21/50 | 미활동 0 | 2홉+ 0.58 | 도달  719 | 차단 1384
Ep 536 | Step 1000 | R   303.43 | 배송 23/50 | 미활동 0 | 2홉+ 0.56 | 도달  964 | 차단 1082
Ep 537 | Step 1000 | R   334.13 | 배송 24/50 | 미활동 0 | 2홉+ 0.57 | 도달  794 | 차단 1469
Ep 538 | Step 1000 | R   163.29 | 배송 19/50 | 미활동 0 | 2홉+ 0.40 | 도달  833 | 차단  787
Ep 539 | Step 1000 | R   231.67 | 배송 20/50 | 미활동 0 | 2홉+ 0.46 | 도달  740 | 차단 1686
Ep 540 | Step 1000 | R   310.98 | 배송 27/50 | 미활동 0 | 2홉+ 0.60 | 도달  979 | 차단 1048
Ep 541 | Step 1000 | R   370.63 | 배송 25/50 | 미활동 0 | 2홉+ 0.51 | 도달  841 | 차단 1019
Ep 542 | Step 1000 | R   204.62 | 배송 20/50 | 미활동 0 | 2홉+ 0.40 | 도달  904 | 차단  933
Ep 543 | Step 1000 | R   259.27 | 배송 23/50 | 미활동 0 | 2홉+ 0.68 | 도달  725 | 차단 1608
Ep 544 | Step 1000 | R   310.41 | 배송 24/50 | 미활동 0 | 2홉+ 0.53 | 도달  825 | 차단 1400
Ep 545 | Step 1000 | R   212.87 | 배송 19/50 | 미활동 0 | 2홉+ 0.54 | 도달  740 | 차단 1865
Ep 546 | Step 1000 | R   167.23 | 배송 17/50 | 미활동 0 | 2홉+ 0.40 | 도달  674 | 차단  899
Ep 547 | Step 1000 | R   292.12 | 배송 23/50 | 미활동 0 | 2홉+ 0.59 | 도달  914 | 차단 1662
Ep 548 | Step 1000 | R   208.80 | 배송 20/50 | 미활동 0 | 2홉+ 0.55 | 도달  679 | 차단 2118
Ep 549 | Step 1000 | R   222.48 | 배송 20/50 | 미활동 0 | 2홉+ 0.45 | 도달  761 | 차단 2051
Ep 550 | Step 1000 | R   301.51 | 배송 23/50 | 미활동 0 | 2홉+ 0.59 | 도달 1023 | 차단  993
  [홀드아웃] 배송 10.8±2.1 미활동 0.17 2홉+ 0.72 도달 711 | 최고 14.7@ep250 | 정체 6/15
Ep 551 | Step 1000 | R   119.53 | 배송 16/50 | 미활동 0 | 2홉+ 0.70 | 도달  851 | 차단 2731
Ep 552 | Step 1000 | R   373.59 | 배송 30/50 | 미활동 0 | 2홉+ 0.66 | 도달  940 | 차단 1395
Ep 553 | Step 1000 | R   302.31 | 배송 24/50 | 미활동 0 | 2홉+ 0.64 | 도달  915 | 차단 1717
Ep 554 | Step 1000 | R   298.37 | 배송 24/50 | 미활동 0 | 2홉+ 0.60 | 도달  890 | 차단 1649
Ep 555 | Step 1000 | R   382.11 | 배송 30/50 | 미활동 0 | 2홉+ 0.68 | 도달  859 | 차단 1051
Ep 556 | Step 1000 | R   159.92 | 배송 18/50 | 미활동 0 | 2홉+ 0.54 | 도달  822 | 차단 2304
Ep 557 | Step 1000 | R   194.81 | 배송 21/50 | 미활동 0 | 2홉+ 0.59 | 도달  871 | 차단 1842
Ep 558 | Step 1000 | R   316.77 | 배송 25/50 | 미활동 0 | 2홉+ 0.64 | 도달  801 | 차단 1435
Ep 559 | Step 1000 | R   303.14 | 배송 23/50 | 미활동 0 | 2홉+ 0.58 | 도달  678 | 차단 1359
Ep 560 | Step 1000 | R   259.70 | 배송 24/50 | 미활동 0 | 2홉+ 0.47 | 도달  734 | 차단 2164
Ep 561 | Step 1000 | R    99.38 | 배송 15/50 | 미활동 0 | 2홉+ 0.44 | 도달  692 | 차단 1762
Ep 562 | Step 1000 | R   161.86 | 배송 17/50 | 미활동 0 | 2홉+ 0.41 | 도달  593 | 차단 1515
Ep 563 | Step 1000 | R   190.48 | 배송 20/50 | 미활동 0 | 2홉+ 0.69 | 도달  743 | 차단 1845
Ep 564 | Step 1000 | R   227.26 | 배송 20/50 | 미활동 0 | 2홉+ 0.60 | 도달  710 | 차단 1859
Ep 565 | Step 1000 | R   281.91 | 배송 23/50 | 미활동 0 | 2홉+ 0.59 | 도달  766 | 차단 1724
Ep 566 | Step 1000 | R   155.09 | 배송 18/50 | 미활동 0 | 2홉+ 0.54 | 도달  650 | 차단  893
Ep 567 | Step 1000 | R   258.97 | 배송 23/50 | 미활동 0 | 2홉+ 0.60 | 도달  802 | 차단 1662
Ep 568 | Step 1000 | R   202.25 | 배송 20/50 | 미활동 0 | 2홉+ 0.48 | 도달  695 | 차단  970
Ep 569 | Step 1000 | R   299.02 | 배송 23/50 | 미활동 0 | 2홉+ 0.56 | 도달  890 | 차단 1447
Ep 570 | Step 1000 | R   247.29 | 배송 20/50 | 미활동 0 | 2홉+ 0.41 | 도달  647 | 차단  550
Ep 571 | Step 1000 | R   214.66 | 배송 19/50 | 미활동 0 | 2홉+ 0.58 | 도달  677 | 차단 1793
Ep 572 | Step 1000 | R   123.96 | 배송 16/50 | 미활동 0 | 2홉+ 0.35 | 도달  558 | 차단 1095
Ep 573 | Step 1000 | R   171.46 | 배송 18/50 | 미활동 0 | 2홉+ 0.55 | 도달  637 | 차단 1464
Ep 574 | Step 1000 | R   227.76 | 배송 22/50 | 미활동 0 | 2홉+ 0.69 | 도달  715 | 차단 2559
Ep 575 | Step 1000 | R   270.24 | 배송 22/50 | 미활동 0 | 2홉+ 0.51 | 도달  933 | 차단 1838
Ep 576 | Step 1000 | R   188.76 | 배송 19/50 | 미활동 0 | 2홉+ 0.54 | 도달  619 | 차단 1829
Ep 577 | Step 1000 | R   232.79 | 배송 21/50 | 미활동 0 | 2홉+ 0.67 | 도달  773 | 차단 1908
Ep 578 | Step 1000 | R   200.21 | 배송 20/50 | 미활동 0 | 2홉+ 0.57 | 도달  753 | 차단 1274
Ep 579 | Step 1000 | R   129.05 | 배송 18/50 | 미활동 0 | 2홉+ 0.71 | 도달 1074 | 차단 1688
Ep 580 | Step 1000 | R   141.76 | 배송 18/50 | 미활동 0 | 2홉+ 0.54 | 도달  680 | 차단 1960
Ep 581 | Step 1000 | R   266.96 | 배송 21/50 | 미활동 0 | 2홉+ 0.51 | 도달  750 | 차단 1702
Ep 582 | Step 1000 | R   288.67 | 배송 26/50 | 미활동 0 | 2홉+ 0.59 | 도달  878 | 차단 1668
Ep 583 | Step 1000 | R   378.37 | 배송 27/50 | 미활동 0 | 2홉+ 0.61 | 도달 1015 | 차단 1394
Ep 584 | Step 1000 | R   260.07 | 배송 23/50 | 미활동 0 | 2홉+ 0.56 | 도달  679 | 차단 1443
Ep 585 | Step 1000 | R    83.99 | 배송 15/50 | 미활동 0 | 2홉+ 0.64 | 도달  687 | 차단 2575
Ep 586 | Step 1000 | R   200.78 | 배송 20/50 | 미활동 0 | 2홉+ 0.70 | 도달  754 | 차단 2558
Ep 587 | Step 1000 | R   242.43 | 배송 21/50 | 미활동 0 | 2홉+ 0.52 | 도달  817 | 차단 1105
Ep 588 | Step 1000 | R   154.62 | 배송 18/50 | 미활동 0 | 2홉+ 0.46 | 도달  953 | 차단 1079
Ep 589 | Step 1000 | R   169.89 | 배송 18/50 | 미활동 0 | 2홉+ 0.57 | 도달  747 | 차단 1356
Ep 590 | Step 1000 | R    43.39 | 배송 12/50 | 미활동 0 | 2홉+ 0.72 | 도달  859 | 차단 3206
Ep 591 | Step 1000 | R   236.25 | 배송 21/50 | 미활동 0 | 2홉+ 0.65 | 도달  678 | 차단 1541
Ep 592 | Step 1000 | R   244.09 | 배송 21/50 | 미활동 0 | 2홉+ 0.63 | 도달  786 | 차단 1354
Ep 593 | Step 1000 | R   246.60 | 배송 22/50 | 미활동 0 | 2홉+ 0.67 | 도달  637 | 차단 1513
Ep 594 | Step 1000 | R   330.43 | 배송 26/50 | 미활동 0 | 2홉+ 0.52 | 도달  746 | 차단 1147
Ep 595 | Step 1000 | R   130.05 | 배송 17/50 | 미활동 0 | 2홉+ 0.46 | 도달  723 | 차단 1439
Ep 596 | Step 1000 | R   345.11 | 배송 27/50 | 미활동 0 | 2홉+ 0.65 | 도달  970 | 차단 1090
Ep 597 | Step 1000 | R   335.38 | 배송 27/50 | 미활동 0 | 2홉+ 0.61 | 도달 1074 | 차단 1525
Ep 598 | Step 1000 | R   259.56 | 배송 23/50 | 미활동 0 | 2홉+ 0.69 | 도달  845 | 차단 1628
Ep 599 | Step 1000 | R   265.96 | 배송 24/50 | 미활동 0 | 2홉+ 0.59 | 도달  743 | 차단 1580
Ep 600 | Step 1000 | R   353.99 | 배송 29/50 | 미활동 0 | 2홉+ 0.58 | 도달  980 | 차단 1446
  [홀드아웃] 배송 12.7±3.8 미활동 0.17 2홉+ 0.72 도달 772 | 최고 14.7@ep250 | 정체 7/15
Ep 601 | Step 1000 | R   328.77 | 배송 26/50 | 미활동 0 | 2홉+ 0.64 | 도달  827 | 차단 1245
Ep 602 | Step 1000 | R   265.90 | 배송 22/50 | 미활동 0 | 2홉+ 0.47 | 도달  684 | 차단  865
Ep 603 | Step 1000 | R   234.73 | 배송 21/50 | 미활동 0 | 2홉+ 0.54 | 도달  696 | 차단 1511
Ep 604 | Step 1000 | R   289.63 | 배송 26/50 | 미활동 0 | 2홉+ 0.68 | 도달  859 | 차단 1414
Ep 605 | Step 1000 | R   302.00 | 배송 25/50 | 미활동 0 | 2홉+ 0.65 | 도달 1010 | 차단 2142
Ep 606 | Step 1000 | R   226.88 | 배송 22/50 | 미활동 0 | 2홉+ 0.43 | 도달  719 | 차단  907
Ep 607 | Step 1000 | R   280.24 | 배송 24/50 | 미활동 0 | 2홉+ 0.55 | 도달  681 | 차단 1371
Ep 608 | Step 1000 | R   307.03 | 배송 25/50 | 미활동 0 | 2홉+ 0.64 | 도달  763 | 차단 1812
Ep 609 | Step 1000 | R   165.69 | 배송 17/50 | 미활동 0 | 2홉+ 0.50 | 도달  890 | 차단 1510
Ep 610 | Step 1000 | R   332.43 | 배송 26/50 | 미활동 0 | 2홉+ 0.57 | 도달  757 | 차단 1253
Ep 611 | Step 1000 | R   209.47 | 배송 19/50 | 미활동 0 | 2홉+ 0.53 | 도달  737 | 차단 1781
Ep 612 | Step 1000 | R   305.59 | 배송 26/50 | 미활동 0 | 2홉+ 0.63 | 도달  916 | 차단  778
Ep 613 | Step 1000 | R   242.42 | 배송 20/50 | 미활동 0 | 2홉+ 0.51 | 도달  686 | 차단  843
Ep 614 | Step 1000 | R   131.36 | 배송 16/50 | 미활동 0 | 2홉+ 0.51 | 도달  662 | 차단 2621
Ep 615 | Step 1000 | R   216.89 | 배송 21/50 | 미활동 0 | 2홉+ 0.40 | 도달  673 | 차단 1172
Ep 616 | Step 1000 | R   240.05 | 배송 22/50 | 미활동 0 | 2홉+ 0.66 | 도달  759 | 차단 2038
Ep 617 | Step 1000 | R   230.09 | 배송 23/50 | 미활동 0 | 2홉+ 0.65 | 도달  787 | 차단 1128
Ep 618 | Step 1000 | R   249.61 | 배송 22/50 | 미활동 0 | 2홉+ 0.64 | 도달  764 | 차단 1348
Ep 619 | Step 1000 | R   258.55 | 배송 23/50 | 미활동 0 | 2홉+ 0.66 | 도달  885 | 차단 1892
Ep 620 | Step 1000 | R   243.47 | 배송 22/50 | 미활동 0 | 2홉+ 0.59 | 도달 1037 | 차단 1376
Ep 621 | Step 1000 | R   360.93 | 배송 26/50 | 미활동 0 | 2홉+ 0.64 | 도달  767 | 차단 1393
Ep 622 | Step 1000 | R   244.05 | 배송 21/50 | 미활동 0 | 2홉+ 0.53 | 도달  797 | 차단 1388
Ep 623 | Step 1000 | R   240.96 | 배송 22/50 | 미활동 0 | 2홉+ 0.59 | 도달  820 | 차단 1961
Ep 624 | Step 1000 | R   328.54 | 배송 27/50 | 미활동 0 | 2홉+ 0.64 | 도달  765 | 차단 2081
Ep 625 | Step 1000 | R   295.89 | 배송 26/50 | 미활동 0 | 2홉+ 0.63 | 도달  836 | 차단 1637
Ep 626 | Step 1000 | R   275.67 | 배송 25/50 | 미활동 0 | 2홉+ 0.69 | 도달  775 | 차단 1710
Ep 627 | Step 1000 | R   261.36 | 배송 24/50 | 미활동 0 | 2홉+ 0.48 | 도달  799 | 차단 1576
Ep 628 | Step 1000 | R   316.23 | 배송 24/50 | 미활동 0 | 2홉+ 0.62 | 도달  801 | 차단  936
Ep 629 | Step 1000 | R   184.45 | 배송 19/50 | 미활동 0 | 2홉+ 0.53 | 도달  704 | 차단 1544
Ep 630 | Step 1000 | R   234.66 | 배송 21/50 | 미활동 0 | 2홉+ 0.56 | 도달  704 | 차단 1619
Ep 631 | Step 1000 | R   195.80 | 배송 21/50 | 미활동 0 | 2홉+ 0.64 | 도달  988 | 차단 1682
Ep 632 | Step 1000 | R    78.27 | 배송 14/50 | 미활동 0 | 2홉+ 0.66 | 도달  896 | 차단 2660
Ep 633 | Step 1000 | R   255.78 | 배송 20/50 | 미활동 0 | 2홉+ 0.56 | 도달  711 | 차단 1712
Ep 634 | Step 1000 | R   197.68 | 배송 18/50 | 미활동 0 | 2홉+ 0.47 | 도달  594 | 차단 2143
Ep 635 | Step 1000 | R   292.10 | 배송 26/50 | 미활동 0 | 2홉+ 0.66 | 도달  830 | 차단 1422
Ep 636 | Step 1000 | R   343.55 | 배송 28/50 | 미활동 0 | 2홉+ 0.64 | 도달  802 | 차단 1257
Ep 637 | Step 1000 | R   233.59 | 배송 21/50 | 미활동 0 | 2홉+ 0.66 | 도달  707 | 차단 1918
Ep 638 | Step 1000 | R   353.75 | 배송 28/50 | 미활동 0 | 2홉+ 0.60 | 도달  893 | 차단  978
Ep 639 | Step 1000 | R   187.25 | 배송 20/50 | 미활동 0 | 2홉+ 0.62 | 도달  712 | 차단 2202
Ep 640 | Step 1000 | R   272.72 | 배송 20/50 | 미활동 0 | 2홉+ 0.60 | 도달  772 | 차단  936
Ep 641 | Step 1000 | R   323.88 | 배송 25/50 | 미활동 0 | 2홉+ 0.54 | 도달  701 | 차단 1410
Ep 642 | Step 1000 | R   269.82 | 배송 20/50 | 미활동 0 | 2홉+ 0.55 | 도달  785 | 차단 1116
Ep 643 | Step 1000 | R   171.48 | 배송 17/50 | 미활동 0 | 2홉+ 0.67 | 도달  820 | 차단 2459
Ep 644 | Step 1000 | R   158.14 | 배송 19/50 | 미활동 0 | 2홉+ 0.45 | 도달  733 | 차단 2088
Ep 645 | Step 1000 | R    96.52 | 배송 16/50 | 미활동 0 | 2홉+ 0.72 | 도달  975 | 차단 2553
Ep 646 | Step 1000 | R   295.79 | 배송 25/50 | 미활동 0 | 2홉+ 0.59 | 도달  865 | 차단 1151
Ep 647 | Step 1000 | R   229.18 | 배송 20/50 | 미활동 0 | 2홉+ 0.53 | 도달  685 | 차단 1465
Ep 648 | Step 1000 | R   249.97 | 배송 22/50 | 미활동 0 | 2홉+ 0.41 | 도달  708 | 차단 1629
Ep 649 | Step 1000 | R   148.98 | 배송 19/50 | 미활동 0 | 2홉+ 0.39 | 도달  792 | 차단 1056
Ep 650 | Step 1000 | R   200.12 | 배송 20/50 | 미활동 0 | 2홉+ 0.56 | 도달  898 | 차단 1544
  [홀드아웃] 배송 10.0±3.4 미활동 0.17 2홉+ 0.72 도달 723 | 최고 14.7@ep250 | 정체 8/15
Ep 651 | Step 1000 | R   235.07 | 배송 21/50 | 미활동 0 | 2홉+ 0.50 | 도달  704 | 차단 1656
Ep 652 | Step 1000 | R   289.24 | 배송 23/50 | 미활동 0 | 2홉+ 0.49 | 도달  951 | 차단 1376
Ep 653 | Step 1000 | R   187.42 | 배송 19/50 | 미활동 0 | 2홉+ 0.70 | 도달  869 | 차단 1454
Ep 654 | Step 1000 | R   283.70 | 배송 23/50 | 미활동 0 | 2홉+ 0.48 | 도달  825 | 차단  754
Ep 655 | Step 1000 | R   185.75 | 배송 19/50 | 미활동 0 | 2홉+ 0.38 | 도달  650 | 차단 1518
Ep 656 | Step 1000 | R   270.41 | 배송 23/50 | 미활동 0 | 2홉+ 0.62 | 도달  965 | 차단 2253
Ep 657 | Step 1000 | R   190.93 | 배송 20/50 | 미활동 0 | 2홉+ 0.63 | 도달  769 | 차단 1950
Ep 658 | Step 1000 | R   294.64 | 배송 22/50 | 미활동 0 | 2홉+ 0.53 | 도달  731 | 차단 1237
Ep 659 | Step 1000 | R   301.74 | 배송 26/50 | 미활동 0 | 2홉+ 0.57 | 도달  733 | 차단 1276
Ep 660 | Step 1000 | R   368.98 | 배송 27/50 | 미활동 0 | 2홉+ 0.61 | 도달  916 | 차단 1975
Ep 661 | Step 1000 | R   272.15 | 배송 21/50 | 미활동 0 | 2홉+ 0.50 | 도달  741 | 차단 1359
Ep 662 | Step 1000 | R   331.82 | 배송 27/50 | 미활동 0 | 2홉+ 0.62 | 도달  833 | 차단 1660
Ep 663 | Step 1000 | R   255.25 | 배송 20/50 | 미활동 0 | 2홉+ 0.47 | 도달  844 | 차단 1878
Ep 664 | Step 1000 | R   230.82 | 배송 22/50 | 미활동 0 | 2홉+ 0.51 | 도달  710 | 차단  978
Ep 665 | Step 1000 | R   292.66 | 배송 24/50 | 미활동 0 | 2홉+ 0.63 | 도달  936 | 차단 1984
Ep 666 | Step 1000 | R   306.76 | 배송 24/50 | 미활동 0 | 2홉+ 0.55 | 도달  923 | 차단 1324
Ep 667 | Step 1000 | R   280.07 | 배송 21/50 | 미활동 0 | 2홉+ 0.45 | 도달  851 | 차단 1152
Ep 668 | Step 1000 | R   254.15 | 배송 22/50 | 미활동 0 | 2홉+ 0.57 | 도달  747 | 차단  953
Ep 669 | Step 1000 | R   218.55 | 배송 18/50 | 미활동 0 | 2홉+ 0.54 | 도달  807 | 차단 1022
Ep 670 | Step 1000 | R   263.48 | 배송 23/50 | 미활동 0 | 2홉+ 0.60 | 도달  700 | 차단 1443
Ep 671 | Step 1000 | R   237.02 | 배송 21/50 | 미활동 0 | 2홉+ 0.51 | 도달  811 | 차단 1964
Ep 672 | Step 1000 | R   309.52 | 배송 25/50 | 미활동 0 | 2홉+ 0.66 | 도달  979 | 차단 1680
Ep 673 | Step 1000 | R   305.52 | 배송 23/50 | 미활동 0 | 2홉+ 0.57 | 도달  804 | 차단  783
Ep 674 | Step 1000 | R   281.61 | 배송 25/50 | 미활동 0 | 2홉+ 0.60 | 도달  789 | 차단 1284
Ep 675 | Step 1000 | R   221.88 | 배송 23/50 | 미활동 0 | 2홉+ 0.64 | 도달  811 | 차단  857
Ep 676 | Step 1000 | R   267.59 | 배송 24/50 | 미활동 0 | 2홉+ 0.64 | 도달 1074 | 차단 1393
Ep 677 | Step 1000 | R   253.52 | 배송 22/50 | 미활동 0 | 2홉+ 0.59 | 도달  981 | 차단 1547
Ep 678 | Step 1000 | R   233.85 | 배송 21/50 | 미활동 0 | 2홉+ 0.69 | 도달  969 | 차단 1725
Ep 679 | Step 1000 | R   320.28 | 배송 26/50 | 미활동 0 | 2홉+ 0.56 | 도달 1010 | 차단 1542
Ep 680 | Step 1000 | R   138.21 | 배송 18/50 | 미활동 0 | 2홉+ 0.62 | 도달  966 | 차단 1789
Ep 681 | Step 1000 | R   217.24 | 배송 22/50 | 미활동 0 | 2홉+ 0.64 | 도달  777 | 차단 1410
Ep 682 | Step 1000 | R   397.41 | 배송 26/50 | 미활동 0 | 2홉+ 0.54 | 도달  885 | 차단 1384
Ep 683 | Step 1000 | R   304.90 | 배송 25/50 | 미활동 0 | 2홉+ 0.66 | 도달  960 | 차단 1798
Ep 684 | Step 1000 | R   161.44 | 배송 18/50 | 미활동 0 | 2홉+ 0.69 | 도달  710 | 차단 1926
Ep 685 | Step 1000 | R   282.55 | 배송 24/50 | 미활동 0 | 2홉+ 0.67 | 도달  970 | 차단 2505
Ep 686 | Step 1000 | R   233.67 | 배송 21/50 | 미활동 0 | 2홉+ 0.69 | 도달  881 | 차단 1766
Ep 687 | Step 1000 | R   213.84 | 배송 19/50 | 미활동 0 | 2홉+ 0.53 | 도달  840 | 차단 2015
Ep 688 | Step 1000 | R    66.10 | 배송 14/50 | 미활동 0 | 2홉+ 0.72 | 도달 1074 | 차단 2862
Ep 689 | Step 1000 | R   191.45 | 배송 19/50 | 미활동 0 | 2홉+ 0.68 | 도달  834 | 차단 2717
Ep 690 | Step 1000 | R   331.88 | 배송 27/50 | 미활동 0 | 2홉+ 0.67 | 도달 1001 | 차단 1556
Ep 691 | Step 1000 | R   276.87 | 배송 25/50 | 미활동 0 | 2홉+ 0.50 | 도달  881 | 차단 1342
Ep 692 | Step 1000 | R   181.31 | 배송 19/50 | 미활동 0 | 2홉+ 0.48 | 도달  844 | 차단 2059
Ep 693 | Step 1000 | R   215.51 | 배송 22/50 | 미활동 0 | 2홉+ 0.59 | 도달  727 | 차단 1237
Ep 694 | Step 1000 | R   188.04 | 배송 19/50 | 미활동 0 | 2홉+ 0.53 | 도달  697 | 차단 1520
Ep 695 | Step 1000 | R   356.54 | 배송 27/50 | 미활동 0 | 2홉+ 0.46 | 도달  697 | 차단  663
Ep 696 | Step 1000 | R   238.04 | 배송 21/50 | 미활동 0 | 2홉+ 0.54 | 도달  793 | 차단 1810
Ep 697 | Step 1000 | R   269.48 | 배송 25/50 | 미활동 0 | 2홉+ 0.65 | 도달  958 | 차단 1797
Ep 698 | Step 1000 | R   247.08 | 배송 23/50 | 미활동 0 | 2홉+ 0.68 | 도달  984 | 차단 2298
Ep 699 | Step 1000 | R   441.33 | 배송 29/50 | 미활동 0 | 2홉+ 0.55 | 도달  902 | 차단  962
Ep 700 | Step 1000 | R   191.56 | 배송 17/50 | 미활동 0 | 2홉+ 0.68 | 도달  788 | 차단 1906
  [홀드아웃] 배송 12.0±3.6 미활동 0.00 2홉+ 0.66 도달 725 | 최고 14.7@ep250 | 정체 9/15
Ep 701 | Step 1000 | R   127.64 | 배송 18/50 | 미활동 0 | 2홉+ 0.64 | 도달  895 | 차단 2051
Ep 702 | Step 1000 | R   333.84 | 배송 27/50 | 미활동 0 | 2홉+ 0.69 | 도달  893 | 차단 1806
Ep 703 | Step 1000 | R   265.26 | 배송 24/50 | 미활동 0 | 2홉+ 0.70 | 도달  958 | 차단 1959
Ep 704 | Step 1000 | R   243.50 | 배송 22/50 | 미활동 0 | 2홉+ 0.55 | 도달  961 | 차단 1393
Ep 705 | Step 1000 | R   284.00 | 배송 23/50 | 미활동 0 | 2홉+ 0.69 | 도달  954 | 차단 1943
Ep 706 | Step 1000 | R   410.29 | 배송 29/50 | 미활동 0 | 2홉+ 0.51 | 도달  883 | 차단  777
Ep 707 | Step 1000 | R   374.60 | 배송 27/50 | 미활동 0 | 2홉+ 0.59 | 도달  912 | 차단 1342
Ep 708 | Step 1000 | R   246.76 | 배송 21/50 | 미활동 0 | 2홉+ 0.57 | 도달  722 | 차단 1216
Ep 709 | Step 1000 | R   266.07 | 배송 24/50 | 미활동 0 | 2홉+ 0.57 | 도달  711 | 차단 1402
Ep 710 | Step 1000 | R   171.84 | 배송 19/50 | 미활동 0 | 2홉+ 0.54 | 도달  702 | 차단 2220
Ep 711 | Step 1000 | R   270.99 | 배송 23/50 | 미활동 0 | 2홉+ 0.50 | 도달  813 | 차단  987
Ep 712 | Step 1000 | R   120.21 | 배송 18/50 | 미활동 0 | 2홉+ 0.71 | 도달  929 | 차단 2212
Ep 713 | Step 1000 | R   250.40 | 배송 23/50 | 미활동 0 | 2홉+ 0.56 | 도달  800 | 차단 2034
Ep 714 | Step 1000 | R   296.66 | 배송 23/50 | 미활동 0 | 2홉+ 0.56 | 도달  829 | 차단 1265
Ep 715 | Step 1000 | R   375.12 | 배송 28/50 | 미활동 0 | 2홉+ 0.62 | 도달  747 | 차단 1599
Ep 716 | Step 1000 | R   322.86 | 배송 24/50 | 미활동 0 | 2홉+ 0.42 | 도달  793 | 차단  665
Ep 717 | Step 1000 | R   304.89 | 배송 25/50 | 미활동 0 | 2홉+ 0.68 | 도달  858 | 차단 1954
Ep 718 | Step 1000 | R   312.05 | 배송 24/50 | 미활동 0 | 2홉+ 0.53 | 도달  758 | 차단 1027
Ep 719 | Step 1000 | R   263.27 | 배송 23/50 | 미활동 0 | 2홉+ 0.52 | 도달  772 | 차단 1719
Ep 720 | Step 1000 | R   197.36 | 배송 19/50 | 미활동 0 | 2홉+ 0.55 | 도달  709 | 차단 1369
Ep 721 | Step 1000 | R   428.84 | 배송 29/50 | 미활동 0 | 2홉+ 0.59 | 도달  704 | 차단 1642
Ep 722 | Step 1000 | R   209.38 | 배송 21/50 | 미활동 0 | 2홉+ 0.64 | 도달  748 | 차단 1444
Ep 723 | Step 1000 | R   315.31 | 배송 26/50 | 미활동 0 | 2홉+ 0.63 | 도달  801 | 차단 2158
Ep 724 | Step 1000 | R   386.69 | 배송 31/50 | 미활동 0 | 2홉+ 0.65 | 도달  945 | 차단 1176
Ep 725 | Step 1000 | R   262.92 | 배송 24/50 | 미활동 0 | 2홉+ 0.63 | 도달  848 | 차단 1696
Ep 726 | Step 1000 | R   256.04 | 배송 22/50 | 미활동 0 | 2홉+ 0.58 | 도달  728 | 차단 1252
Ep 727 | Step 1000 | R   245.50 | 배송 21/50 | 미활동 0 | 2홉+ 0.49 | 도달  754 | 차단  702
Ep 728 | Step 1000 | R   400.64 | 배송 30/50 | 미활동 0 | 2홉+ 0.67 | 도달  950 | 차단 1423
Ep 729 | Step 1000 | R   253.89 | 배송 22/50 | 미활동 0 | 2홉+ 0.60 | 도달  806 | 차단 1446
Ep 730 | Step 1000 | R   204.67 | 배송 21/50 | 미활동 0 | 2홉+ 0.49 | 도달  717 | 차단 1570
Ep 731 | Step 1000 | R   226.01 | 배송 19/50 | 미활동 0 | 2홉+ 0.44 | 도달  587 | 차단 1262
Ep 732 | Step 1000 | R   285.15 | 배송 22/50 | 미활동 0 | 2홉+ 0.63 | 도달  654 | 차단 1603
Ep 733 | Step 1000 | R   183.12 | 배송 19/50 | 미활동 0 | 2홉+ 0.57 | 도달  760 | 차단 1507
Ep 734 | Step 1000 | R   172.98 | 배송 18/50 | 미활동 0 | 2홉+ 0.53 | 도달  701 | 차단 1766
Ep 735 | Step 1000 | R   260.87 | 배송 23/50 | 미활동 0 | 2홉+ 0.68 | 도달  766 | 차단 1537
Ep 736 | Step 1000 | R   190.61 | 배송 18/50 | 미활동 0 | 2홉+ 0.53 | 도달  761 | 차단 1165
Ep 737 | Step 1000 | R   312.40 | 배송 25/50 | 미활동 0 | 2홉+ 0.56 | 도달  662 | 차단 1698
Ep 738 | Step 1000 | R   201.84 | 배송 19/50 | 미활동 0 | 2홉+ 0.65 | 도달  756 | 차단 2322
Ep 739 | Step 1000 | R   222.97 | 배송 20/50 | 미활동 0 | 2홉+ 0.63 | 도달  848 | 차단 1941
Ep 740 | Step 1000 | R   325.03 | 배송 24/50 | 미활동 0 | 2홉+ 0.68 | 도달  693 | 차단  549
Ep 741 | Step 1000 | R   171.24 | 배송 18/50 | 미활동 0 | 2홉+ 0.55 | 도달  777 | 차단 1469
Ep 742 | Step 1000 | R   276.55 | 배송 22/50 | 미활동 0 | 2홉+ 0.56 | 도달  757 | 차단 1933
Ep 743 | Step 1000 | R   407.47 | 배송 30/50 | 미활동 0 | 2홉+ 0.62 | 도달  749 | 차단 1096
Ep 744 | Step 1000 | R   184.95 | 배송 21/50 | 미활동 0 | 2홉+ 0.63 | 도달  763 | 차단 2475
Ep 745 | Step 1000 | R   291.93 | 배송 24/50 | 미활동 0 | 2홉+ 0.69 | 도달  868 | 차단 1935
Ep 746 | Step 1000 | R   297.76 | 배송 24/50 | 미활동 0 | 2홉+ 0.59 | 도달  740 | 차단 1801
Ep 747 | Step 1000 | R   196.57 | 배송 19/50 | 미활동 0 | 2홉+ 0.68 | 도달  865 | 차단 2293
Ep 748 | Step 1000 | R   203.28 | 배송 22/50 | 미활동 0 | 2홉+ 0.55 | 도달  690 | 차단 1599
Ep 749 | Step 1000 | R   333.02 | 배송 28/50 | 미활동 0 | 2홉+ 0.68 | 도달  854 | 차단 2168
Ep 750 | Step 1000 | R   254.20 | 배송 22/50 | 미활동 0 | 2홉+ 0.66 | 도달  882 | 차단 1518
  [홀드아웃] 배송 10.3±3.4 미활동 0.33 2홉+ 0.72 도달 689 | 최고 14.7@ep250 | 정체 10/15
Ep 751 | Step 1000 | R   380.37 | 배송 28/50 | 미활동 0 | 2홉+ 0.54 | 도달  805 | 차단 1710
Ep 752 | Step 1000 | R   336.31 | 배송 27/50 | 미활동 0 | 2홉+ 0.62 | 도달  973 | 차단 1550
Ep 753 | Step 1000 | R   315.78 | 배송 28/50 | 미활동 0 | 2홉+ 0.57 | 도달  926 | 차단 1224
Ep 754 | Step 1000 | R   302.81 | 배송 24/50 | 미활동 0 | 2홉+ 0.62 | 도달  888 | 차단 1848
Ep 755 | Step 1000 | R   203.84 | 배송 20/50 | 미활동 0 | 2홉+ 0.67 | 도달  912 | 차단 2299
Ep 756 | Step 1000 | R   219.95 | 배송 19/50 | 미활동 0 | 2홉+ 0.68 | 도달  865 | 차단 2849
Ep 757 | Step 1000 | R   254.71 | 배송 23/50 | 미활동 0 | 2홉+ 0.68 | 도달  744 | 차단 1655
Ep 758 | Step 1000 | R   196.87 | 배송 21/50 | 미활동 0 | 2홉+ 0.55 | 도달  718 | 차단 1707
Ep 759 | Step 1000 | R   154.59 | 배송 18/50 | 미활동 0 | 2홉+ 0.56 | 도달  696 | 차단  896
Ep 760 | Step 1000 | R   263.47 | 배송 23/50 | 미활동 0 | 2홉+ 0.54 | 도달  884 | 차단 1491
Ep 761 | Step 1000 | R   233.41 | 배송 22/50 | 미활동 0 | 2홉+ 0.62 | 도달  801 | 차단 2256
Ep 762 | Step 1000 | R   171.51 | 배송 18/50 | 미활동 0 | 2홉+ 0.60 | 도달  693 | 차단 1823
Ep 763 | Step 1000 | R   348.22 | 배송 28/50 | 미활동 0 | 2홉+ 0.64 | 도달  860 | 차단 1453
Ep 764 | Step 1000 | R   303.92 | 배송 24/50 | 미활동 0 | 2홉+ 0.70 | 도달  878 | 차단 1638
Ep 765 | Step 1000 | R   284.10 | 배송 23/50 | 미활동 0 | 2홉+ 0.65 | 도달  854 | 차단 1866
Ep 766 | Step 1000 | R   332.08 | 배송 26/50 | 미활동 0 | 2홉+ 0.67 | 도달  813 | 차단 1265
Ep 767 | Step 1000 | R   327.35 | 배송 26/50 | 미활동 0 | 2홉+ 0.61 | 도달  924 | 차단 1346
Ep 768 | Step 1000 | R   290.44 | 배송 25/50 | 미활동 0 | 2홉+ 0.51 | 도달  760 | 차단 1011
Ep 769 | Step 1000 | R   327.06 | 배송 27/50 | 미활동 0 | 2홉+ 0.64 | 도달  917 | 차단 1766
Ep 770 | Step 1000 | R   138.73 | 배송 17/50 | 미활동 0 | 2홉+ 0.71 | 도달  783 | 차단 2474
Ep 771 | Step 1000 | R   266.84 | 배송 24/50 | 미활동 0 | 2홉+ 0.62 | 도달  838 | 차단 1479
Ep 772 | Step 1000 | R   356.35 | 배송 26/50 | 미활동 0 | 2홉+ 0.62 | 도달  801 | 차단 1462
Ep 773 | Step 1000 | R   271.42 | 배송 24/50 | 미활동 0 | 2홉+ 0.59 | 도달  764 | 차단 1892
Ep 774 | Step 1000 | R   213.33 | 배송 19/50 | 미활동 0 | 2홉+ 0.54 | 도달  653 | 차단 1910
Ep 775 | Step 1000 | R   141.82 | 배송 16/50 | 미활동 0 | 2홉+ 0.61 | 도달  636 | 차단 1688
Ep 776 | Step 1000 | R   139.62 | 배송 16/50 | 미활동 0 | 2홉+ 0.46 | 도달  667 | 차단 2061
Ep 777 | Step 1000 | R   139.08 | 배송 17/50 | 미활동 0 | 2홉+ 0.53 | 도달  772 | 차단 1235
Ep 778 | Step 1000 | R   241.13 | 배송 19/50 | 미활동 0 | 2홉+ 0.69 | 도달  754 | 차단 1973
Ep 779 | Step 1000 | R   226.58 | 배송 22/50 | 미활동 0 | 2홉+ 0.50 | 도달  775 | 차단 1253
Ep 780 | Step 1000 | R   249.95 | 배송 23/50 | 미활동 0 | 2홉+ 0.62 | 도달  861 | 차단 1833
Ep 781 | Step 1000 | R   304.42 | 배송 24/50 | 미활동 0 | 2홉+ 0.55 | 도달  882 | 차단 1441
Ep 782 | Step 1000 | R   233.70 | 배송 20/50 | 미활동 0 | 2홉+ 0.60 | 도달  720 | 차단 1335
Ep 783 | Step 1000 | R    88.20 | 배송 14/50 | 미활동 0 | 2홉+ 0.72 | 도달  828 | 차단 1554
Ep 784 | Step 1000 | R   212.49 | 배송 19/50 | 미활동 0 | 2홉+ 0.64 | 도달  725 | 차단 1779
Ep 785 | Step 1000 | R   198.27 | 배송 20/50 | 미활동 0 | 2홉+ 0.49 | 도달  798 | 차단 1385
Ep 786 | Step 1000 | R   287.21 | 배송 23/50 | 미활동 0 | 2홉+ 0.58 | 도달  790 | 차단 1609
Ep 787 | Step 1000 | R   326.66 | 배송 25/50 | 미활동 0 | 2홉+ 0.53 | 도달  734 | 차단 1409
Ep 788 | Step 1000 | R   191.65 | 배송 19/50 | 미활동 0 | 2홉+ 0.57 | 도달  664 | 차단 1717
Ep 789 | Step 1000 | R   214.23 | 배송 18/50 | 미활동 0 | 2홉+ 0.38 | 도달  751 | 차단 1355
Ep 790 | Step 1000 | R   351.89 | 배송 25/50 | 미활동 0 | 2홉+ 0.64 | 도달  875 | 차단 1496
Ep 791 | Step 1000 | R   167.20 | 배송 18/50 | 미활동 0 | 2홉+ 0.45 | 도달  635 | 차단 1787
Ep 792 | Step 1000 | R   171.65 | 배송 19/50 | 미활동 0 | 2홉+ 0.54 | 도달  669 | 차단 2371
Ep 793 | Step 1000 | R   236.10 | 배송 22/50 | 미활동 0 | 2홉+ 0.64 | 도달  717 | 차단 2110
Ep 794 | Step 1000 | R   308.03 | 배송 23/50 | 미활동 0 | 2홉+ 0.62 | 도달  862 | 차단 1033
Ep 795 | Step 1000 | R   290.90 | 배송 25/50 | 미활동 0 | 2홉+ 0.54 | 도달  731 | 차단 1360
Ep 796 | Step 1000 | R   249.10 | 배송 23/50 | 미활동 0 | 2홉+ 0.61 | 도달  776 | 차단 1951
Ep 797 | Step 1000 | R   303.04 | 배송 23/50 | 미활동 0 | 2홉+ 0.48 | 도달  791 | 차단  838
Ep 798 | Step 1000 | R   200.29 | 배송 20/50 | 미활동 0 | 2홉+ 0.45 | 도달  716 | 차단 1409
Ep 799 | Step 1000 | R   314.48 | 배송 22/50 | 미활동 0 | 2홉+ 0.55 | 도달  852 | 차단 1687
Ep 800 | Step 1000 | R   234.65 | 배송 21/50 | 미활동 0 | 2홉+ 0.57 | 도달  681 | 차단 1865
  [홀드아웃] 배송 7.8±3.0 미활동 0.33 2홉+ 0.73 도달 702 | 최고 14.7@ep250 | 정체 11/15
Ep 801 | Step 1000 | R   152.16 | 배송 18/50 | 미활동 0 | 2홉+ 0.54 | 도달  770 | 차단 2685
Ep 802 | Step 1000 | R   266.99 | 배송 23/50 | 미활동 0 | 2홉+ 0.54 | 도달  754 | 차단 1225
Ep 803 | Step 1000 | R   222.48 | 배송 21/50 | 미활동 0 | 2홉+ 0.47 | 도달  755 | 차단  779
Ep 804 | Step 1000 | R   389.80 | 배송 32/50 | 미활동 0 | 2홉+ 0.66 | 도달  879 | 차단 1600
Ep 805 | Step 1000 | R   167.06 | 배송 19/50 | 미활동 0 | 2홉+ 0.60 | 도달  775 | 차단 2095
Ep 806 | Step 1000 | R   379.07 | 배송 27/50 | 미활동 0 | 2홉+ 0.61 | 도달  833 | 차단 1201
Ep 807 | Step 1000 | R   186.08 | 배송 21/50 | 미활동 0 | 2홉+ 0.64 | 도달  658 | 차단 2233
Ep 808 | Step 1000 | R   276.63 | 배송 24/50 | 미활동 0 | 2홉+ 0.59 | 도달  763 | 차단 1374
Ep 809 | Step 1000 | R   288.15 | 배송 23/50 | 미활동 0 | 2홉+ 0.60 | 도달  843 | 차단 1658
Ep 810 | Step 1000 | R   213.26 | 배송 20/50 | 미활동 0 | 2홉+ 0.49 | 도달  630 | 차단 2177
Ep 811 | Step 1000 | R   232.10 | 배송 21/50 | 미활동 0 | 2홉+ 0.56 | 도달  874 | 차단 1687
Ep 812 | Step 1000 | R   360.67 | 배송 29/50 | 미활동 0 | 2홉+ 0.67 | 도달  982 | 차단 1470
Ep 813 | Step 1000 | R   231.91 | 배송 22/50 | 미활동 0 | 2홉+ 0.46 | 도달  721 | 차단  679
Ep 814 | Step 1000 | R   259.46 | 배송 21/50 | 미활동 0 | 2홉+ 0.55 | 도달  792 | 차단 1662
Ep 815 | Step 1000 | R   319.55 | 배송 25/50 | 미활동 0 | 2홉+ 0.55 | 도달  797 | 차단 1400
Ep 816 | Step 1000 | R   286.68 | 배송 23/50 | 미활동 0 | 2홉+ 0.63 | 도달  812 | 차단 1893
Ep 817 | Step 1000 | R   350.60 | 배송 29/50 | 미활동 0 | 2홉+ 0.68 | 도달  880 | 차단 1708
Ep 818 | Step 1000 | R   187.64 | 배송 19/50 | 미활동 0 | 2홉+ 0.50 | 도달  736 | 차단 1563
Ep 819 | Step 1000 | R   190.31 | 배송 18/50 | 미활동 0 | 2홉+ 0.69 | 도달  645 | 차단 2180
Ep 820 | Step 1000 | R   179.81 | 배송 20/50 | 미활동 0 | 2홉+ 0.68 | 도달  867 | 차단 2443
Ep 821 | Step 1000 | R   183.11 | 배송 19/50 | 미활동 0 | 2홉+ 0.64 | 도달  671 | 차단 1646
Ep 822 | Step 1000 | R   301.69 | 배송 26/50 | 미활동 0 | 2홉+ 0.57 | 도달  810 | 차단  997
Ep 823 | Step 1000 | R   254.19 | 배송 21/50 | 미활동 0 | 2홉+ 0.59 | 도달  847 | 차단 2132
Ep 824 | Step 1000 | R   236.75 | 배송 22/50 | 미활동 0 | 2홉+ 0.62 | 도달  892 | 차단 1916
Ep 825 | Step 1000 | R   320.56 | 배송 25/50 | 미활동 0 | 2홉+ 0.58 | 도달  762 | 차단 1304
Ep 826 | Step 1000 | R   185.41 | 배송 19/50 | 미활동 0 | 2홉+ 0.71 | 도달  895 | 차단 1229
Ep 827 | Step 1000 | R   158.52 | 배송 18/50 | 미활동 0 | 2홉+ 0.60 | 도달  800 | 차단 1993
Ep 828 | Step 1000 | R   278.06 | 배송 23/50 | 미활동 0 | 2홉+ 0.40 | 도달  725 | 차단  293
Ep 829 | Step 1000 | R   199.06 | 배송 19/50 | 미활동 0 | 2홉+ 0.61 | 도달  985 | 차단 1370
Ep 830 | Step 1000 | R   200.66 | 배송 17/50 | 미활동 0 | 2홉+ 0.56 | 도달  756 | 차단 1232
Ep 831 | Step 1000 | R   335.66 | 배송 26/50 | 미활동 0 | 2홉+ 0.54 | 도달  851 | 차단 1255
Ep 832 | Step 1000 | R   316.02 | 배송 27/50 | 미활동 0 | 2홉+ 0.64 | 도달  882 | 차단 1148
Ep 833 | Step 1000 | R   364.28 | 배송 29/50 | 미활동 0 | 2홉+ 0.52 | 도달  814 | 차단 1124
Ep 834 | Step 1000 | R    88.35 | 배송 15/50 | 미활동 0 | 2홉+ 0.60 | 도달  828 | 차단 2286
Ep 835 | Step 1000 | R   368.93 | 배송 27/50 | 미활동 0 | 2홉+ 0.61 | 도달  761 | 차단 1633
Ep 836 | Step 1000 | R   321.52 | 배송 24/50 | 미활동 0 | 2홉+ 0.52 | 도달  732 | 차단  996
Ep 837 | Step 1000 | R   142.70 | 배송 18/50 | 미활동 0 | 2홉+ 0.67 | 도달  722 | 차단  652
Ep 838 | Step 1000 | R   316.17 | 배송 26/50 | 미활동 0 | 2홉+ 0.58 | 도달  952 | 차단 1550
Ep 839 | Step 1000 | R   245.34 | 배송 21/50 | 미활동 0 | 2홉+ 0.40 | 도달  731 | 차단  652
Ep 840 | Step 1000 | R   343.43 | 배송 24/50 | 미활동 0 | 2홉+ 0.49 | 도달  920 | 차단 1115
Ep 841 | Step 1000 | R   234.20 | 배송 20/50 | 미활동 0 | 2홉+ 0.62 | 도달  839 | 차단 1393
Ep 842 | Step 1000 | R   375.30 | 배송 27/50 | 미활동 0 | 2홉+ 0.57 | 도달  823 | 차단  893
Ep 843 | Step 1000 | R   256.84 | 배송 21/50 | 미활동 0 | 2홉+ 0.66 | 도달  786 | 차단 1890
Ep 844 | Step 1000 | R    73.37 | 배송 13/50 | 미활동 0 | 2홉+ 0.51 | 도달  659 | 차단 2207
Ep 845 | Step 1000 | R   232.62 | 배송 20/50 | 미활동 0 | 2홉+ 0.61 | 도달  885 | 차단 1416
Ep 846 | Step 1000 | R   222.78 | 배송 19/50 | 미활동 0 | 2홉+ 0.48 | 도달  681 | 차단 1420
Ep 847 | Step 1000 | R   265.68 | 배송 21/50 | 미활동 0 | 2홉+ 0.62 | 도달  754 | 차단 1689
Ep 848 | Step 1000 | R   286.81 | 배송 22/50 | 미활동 0 | 2홉+ 0.65 | 도달  767 | 차단 1445
Ep 849 | Step 1000 | R   157.52 | 배송 18/50 | 미활동 0 | 2홉+ 0.47 | 도달  773 | 차단  818
Ep 850 | Step 1000 | R   219.58 | 배송 21/50 | 미활동 0 | 2홉+ 0.63 | 도달  655 | 차단 1042
  [홀드아웃] 배송 13.3±3.4 미활동 0.17 2홉+ 0.55 도달 660 | 최고 14.7@ep250 | 정체 12/15
Ep 851 | Step 1000 | R   354.67 | 배송 27/50 | 미활동 0 | 2홉+ 0.59 | 도달  820 | 차단  734
Ep 852 | Step 1000 | R   358.33 | 배송 27/50 | 미활동 0 | 2홉+ 0.56 | 도달  688 | 차단  685
Ep 853 | Step 1000 | R   229.55 | 배송 21/50 | 미활동 0 | 2홉+ 0.67 | 도달  799 | 차단 2128
Ep 854 | Step 1000 | R   245.27 | 배송 22/50 | 미활동 0 | 2홉+ 0.65 | 도달  859 | 차단 1236
Ep 855 | Step 1000 | R   326.97 | 배송 24/50 | 미활동 0 | 2홉+ 0.44 | 도달  761 | 차단  852
Ep 856 | Step 1000 | R   195.04 | 배송 20/50 | 미활동 0 | 2홉+ 0.51 | 도달  876 | 차단 1557
Ep 857 | Step 1000 | R   304.50 | 배송 25/50 | 미활동 0 | 2홉+ 0.64 | 도달  756 | 차단 1978
Ep 858 | Step 1000 | R   356.86 | 배송 25/50 | 미활동 0 | 2홉+ 0.58 | 도달  815 | 차단 1418
Ep 859 | Step 1000 | R   230.58 | 배송 22/50 | 미활동 0 | 2홉+ 0.44 | 도달  710 | 차단  948
Ep 860 | Step 1000 | R   201.96 | 배송 21/50 | 미활동 0 | 2홉+ 0.47 | 도달  590 | 차단 1599
Ep 861 | Step 1000 | R   397.61 | 배송 28/50 | 미활동 0 | 2홉+ 0.49 | 도달  855 | 차단  880
Ep 862 | Step 1000 | R   268.41 | 배송 23/50 | 미활동 0 | 2홉+ 0.43 | 도달  699 | 차단  760
Ep 863 | Step 1000 | R   166.91 | 배송 17/50 | 미활동 0 | 2홉+ 0.34 | 도달  629 | 차단 1129
Ep 864 | Step 1000 | R   265.00 | 배송 22/50 | 미활동 0 | 2홉+ 0.45 | 도달  765 | 차단  696
Ep 865 | Step 1000 | R   288.83 | 배송 25/50 | 미활동 0 | 2홉+ 0.61 | 도달  741 | 차단 1034
Ep 866 | Step 1000 | R   226.07 | 배송 23/50 | 미활동 0 | 2홉+ 0.55 | 도달  867 | 차단 1523
Ep 867 | Step 1000 | R   242.82 | 배송 22/50 | 미활동 0 | 2홉+ 0.57 | 도달  924 | 차단 1695
Ep 868 | Step 1000 | R   274.42 | 배송 25/50 | 미활동 0 | 2홉+ 0.62 | 도달  961 | 차단 1795
Ep 869 | Step 1000 | R   366.55 | 배송 26/50 | 미활동 0 | 2홉+ 0.67 | 도달  769 | 차단 1228
Ep 870 | Step 1000 | R   244.37 | 배송 21/50 | 미활동 0 | 2홉+ 0.51 | 도달  690 | 차단 1115
Ep 871 | Step 1000 | R   192.94 | 배송 20/50 | 미활동 0 | 2홉+ 0.45 | 도달  717 | 차단 1554
Ep 872 | Step 1000 | R    36.36 | 배송 12/50 | 미활동 0 | 2홉+ 0.72 | 도달 1049 | 차단 2963
Ep 873 | Step 1000 | R   190.82 | 배송 20/50 | 미활동 0 | 2홉+ 0.47 | 도달  659 | 차단 1592
Ep 874 | Step 1000 | R   177.54 | 배송 20/50 | 미활동 0 | 2홉+ 0.52 | 도달  675 | 차단 2009
Ep 875 | Step 1000 | R   179.77 | 배송 20/50 | 미활동 0 | 2홉+ 0.56 | 도달  612 | 차단 1962
Ep 876 | Step 1000 | R   199.71 | 배송 19/50 | 미활동 0 | 2홉+ 0.54 | 도달  675 | 차단 2281
Ep 877 | Step 1000 | R   294.97 | 배송 23/50 | 미활동 0 | 2홉+ 0.52 | 도달  633 | 차단 1513
Ep 878 | Step 1000 | R   171.79 | 배송 19/50 | 미활동 0 | 2홉+ 0.65 | 도달  717 | 차단 1954
Ep 879 | Step 1000 | R   188.67 | 배송 20/50 | 미활동 0 | 2홉+ 0.50 | 도달  698 | 차단 1679
Ep 880 | Step 1000 | R   261.45 | 배송 23/50 | 미활동 0 | 2홉+ 0.61 | 도달  867 | 차단 1458
Ep 881 | Step 1000 | R   220.74 | 배송 19/50 | 미활동 0 | 2홉+ 0.52 | 도달  692 | 차단 1471
Ep 882 | Step 1000 | R   284.35 | 배송 22/50 | 미활동 0 | 2홉+ 0.60 | 도달  669 | 차단 1503
Ep 883 | Step 1000 | R   291.00 | 배송 26/50 | 미활동 0 | 2홉+ 0.66 | 도달  693 | 차단 1477
Ep 884 | Step 1000 | R   210.49 | 배송 18/50 | 미활동 0 | 2홉+ 0.60 | 도달  588 | 차단 1247
Ep 885 | Step 1000 | R   187.08 | 배송 20/50 | 미활동 0 | 2홉+ 0.44 | 도달  773 | 차단 1573
Ep 886 | Step 1000 | R   204.21 | 배송 20/50 | 미활동 0 | 2홉+ 0.69 | 도달  700 | 차단 2572
Ep 887 | Step 1000 | R   207.03 | 배송 18/50 | 미활동 0 | 2홉+ 0.62 | 도달  665 | 차단 1594
Ep 888 | Step 1000 | R   235.70 | 배송 20/50 | 미활동 0 | 2홉+ 0.60 | 도달  788 | 차단 1106
Ep 889 | Step 1000 | R   110.93 | 배송 17/50 | 미활동 0 | 2홉+ 0.60 | 도달  716 | 차단 2009
Ep 890 | Step 1000 | R   206.98 | 배송 20/50 | 미활동 0 | 2홉+ 0.69 | 도달  814 | 차단 2205
Ep 891 | Step 1000 | R   270.20 | 배송 23/50 | 미활동 0 | 2홉+ 0.66 | 도달  860 | 차단 1087
Ep 892 | Step 1000 | R   162.72 | 배송 18/50 | 미활동 0 | 2홉+ 0.67 | 도달  852 | 차단 1741
Ep 893 | Step 1000 | R   111.04 | 배송 18/50 | 미활동 0 | 2홉+ 0.52 | 도달  657 | 차단 2729
Ep 894 | Step 1000 | R   274.47 | 배송 24/50 | 미활동 0 | 2홉+ 0.65 | 도달  787 | 차단 1462
Ep 895 | Step 1000 | R   273.45 | 배송 24/50 | 미활동 0 | 2홉+ 0.58 | 도달  672 | 차단 1411
Ep 896 | Step 1000 | R   264.96 | 배송 25/50 | 미활동 0 | 2홉+ 0.45 | 도달  721 | 차단 1179
Ep 897 | Step 1000 | R   156.98 | 배송 19/50 | 미활동 0 | 2홉+ 0.68 | 도달  857 | 차단 2687
Ep 898 | Step 1000 | R   294.92 | 배송 24/50 | 미활동 0 | 2홉+ 0.59 | 도달  740 | 차단 1998
Ep 899 | Step 1000 | R   162.55 | 배송 19/50 | 미활동 0 | 2홉+ 0.62 | 도달  811 | 차단 2502
Ep 900 | Step 1000 | R   298.63 | 배송 27/50 | 미활동 0 | 2홉+ 0.66 | 도달  731 | 차단 1574
  [홀드아웃] 배송 11.2±4.9 미활동 0.17 2홉+ 0.66 도달 644 | 최고 14.7@ep250 | 정체 13/15
Ep 901 | Step 1000 | R   358.62 | 배송 27/50 | 미활동 0 | 2홉+ 0.65 | 도달  845 | 차단 1825
Ep 902 | Step 1000 | R   419.84 | 배송 31/50 | 미활동 0 | 2홉+ 0.64 | 도달  798 | 차단 1063
Ep 903 | Step 1000 | R   262.75 | 배송 23/50 | 미활동 0 | 2홉+ 0.65 | 도달  739 | 차단 1417
Ep 904 | Step 1000 | R   305.30 | 배송 23/50 | 미활동 0 | 2홉+ 0.49 | 도달  632 | 차단  867
Ep 905 | Step 1000 | R   228.59 | 배송 21/50 | 미활동 0 | 2홉+ 0.54 | 도달  801 | 차단 1993
Ep 906 | Step 1000 | R    50.13 | 배송 11/50 | 미활동 0 | 2홉+ 0.71 | 도달  963 | 차단 1759
Ep 907 | Step 1000 | R   407.96 | 배송 30/50 | 미활동 0 | 2홉+ 0.64 | 도달  806 | 차단 1314
Ep 908 | Step 1000 | R   300.13 | 배송 27/50 | 미활동 0 | 2홉+ 0.66 | 도달  939 | 차단 1351
Ep 909 | Step 1000 | R   326.51 | 배송 27/50 | 미활동 0 | 2홉+ 0.66 | 도달  748 | 차단 1628
Ep 910 | Step 1000 | R   219.81 | 배송 18/50 | 미활동 0 | 2홉+ 0.43 | 도달  697 | 차단 1003
Ep 911 | Step 1000 | R   335.15 | 배송 27/50 | 미활동 0 | 2홉+ 0.60 | 도달  812 | 차단 1311
Ep 912 | Step 1000 | R   218.10 | 배송 20/50 | 미활동 0 | 2홉+ 0.54 | 도달  688 | 차단 1959
Ep 913 | Step 1000 | R   207.84 | 배송 19/50 | 미활동 0 | 2홉+ 0.41 | 도달  809 | 차단  933
Ep 914 | Step 1000 | R   288.40 | 배송 23/50 | 미활동 0 | 2홉+ 0.59 | 도달  951 | 차단 1548
Ep 915 | Step 1000 | R   262.47 | 배송 21/50 | 미활동 0 | 2홉+ 0.64 | 도달  616 | 차단 1862
Ep 916 | Step 1000 | R   235.39 | 배송 20/50 | 미활동 0 | 2홉+ 0.55 | 도달  802 | 차단 1257
Ep 917 | Step 1000 | R   280.22 | 배송 22/50 | 미활동 0 | 2홉+ 0.64 | 도달  668 | 차단 1537
Ep 918 | Step 1000 | R   311.10 | 배송 24/50 | 미활동 0 | 2홉+ 0.48 | 도달  805 | 차단 1028
Ep 919 | Step 1000 | R   174.46 | 배송 17/50 | 미활동 0 | 2홉+ 0.65 | 도달  784 | 차단 2434
Ep 920 | Step 1000 | R   215.85 | 배송 21/50 | 미활동 0 | 2홉+ 0.57 | 도달  742 | 차단 1009
Ep 921 | Step 1000 | R   108.96 | 배송 16/50 | 미활동 0 | 2홉+ 0.71 | 도달  749 | 차단 1937
Ep 922 | Step 1000 | R   224.90 | 배송 21/50 | 미활동 0 | 2홉+ 0.62 | 도달  726 | 차단 2095
Ep 923 | Step 1000 | R   323.07 | 배송 26/50 | 미활동 0 | 2홉+ 0.66 | 도달  757 | 차단 1776
Ep 924 | Step 1000 | R   315.26 | 배송 25/50 | 미활동 0 | 2홉+ 0.58 | 도달  892 | 차단 1598
Ep 925 | Step 1000 | R   243.32 | 배송 20/50 | 미활동 0 | 2홉+ 0.64 | 도달  720 | 차단 2156
Ep 926 | Step 1000 | R   316.53 | 배송 25/50 | 미활동 0 | 2홉+ 0.59 | 도달  824 | 차단 1262
Ep 927 | Step 1000 | R   170.45 | 배송 17/50 | 미활동 0 | 2홉+ 0.40 | 도달  712 | 차단 1419
Ep 928 | Step 1000 | R   291.86 | 배송 25/50 | 미활동 0 | 2홉+ 0.52 | 도달  823 | 차단 1106
Ep 929 | Step 1000 | R   230.36 | 배송 21/50 | 미활동 0 | 2홉+ 0.57 | 도달  780 | 차단 1918
Ep 930 | Step 1000 | R   355.52 | 배송 28/50 | 미활동 0 | 2홉+ 0.45 | 도달  904 | 차단 1086
Ep 931 | Step 1000 | R   314.19 | 배송 25/50 | 미활동 0 | 2홉+ 0.52 | 도달  862 | 차단 1250
Ep 932 | Step 1000 | R    98.94 | 배송 16/50 | 미활동 0 | 2홉+ 0.68 | 도달  868 | 차단 2400
Ep 933 | Step 1000 | R   212.23 | 배송 19/50 | 미활동 0 | 2홉+ 0.62 | 도달  841 | 차단 1712
Ep 934 | Step 1000 | R   398.12 | 배송 29/50 | 미활동 0 | 2홉+ 0.61 | 도달  818 | 차단 1073
Ep 935 | Step 1000 | R   242.39 | 배송 22/50 | 미활동 0 | 2홉+ 0.60 | 도달  923 | 차단 1956
Ep 936 | Step 1000 | R   252.37 | 배송 22/50 | 미활동 0 | 2홉+ 0.44 | 도달  884 | 차단 1499
Ep 937 | Step 1000 | R   356.76 | 배송 26/50 | 미활동 0 | 2홉+ 0.65 | 도달  774 | 차단 1693
Ep 938 | Step 1000 | R   205.33 | 배송 20/50 | 미활동 0 | 2홉+ 0.67 | 도달  702 | 차단 2518
Ep 939 | Step 1000 | R   182.60 | 배송 20/50 | 미활동 0 | 2홉+ 0.71 | 도달 1070 | 차단 2184
Ep 940 | Step 1000 | R   227.03 | 배송 19/50 | 미활동 0 | 2홉+ 0.49 | 도달  620 | 차단 1180
Ep 941 | Step 1000 | R   273.09 | 배송 24/50 | 미활동 0 | 2홉+ 0.48 | 도달 1016 | 차단 1185
Ep 942 | Step 1000 | R   308.86 | 배송 25/50 | 미활동 0 | 2홉+ 0.44 | 도달  895 | 차단 1571
Ep 943 | Step 1000 | R   171.33 | 배송 18/50 | 미활동 0 | 2홉+ 0.61 | 도달  773 | 차단 1692
Ep 944 | Step 1000 | R   305.79 | 배송 27/50 | 미활동 0 | 2홉+ 0.42 | 도달  769 | 차단  676
Ep 945 | Step 1000 | R   153.38 | 배송 18/50 | 미활동 0 | 2홉+ 0.70 | 도달  789 | 차단 2226
Ep 946 | Step 1000 | R   329.69 | 배송 27/50 | 미활동 0 | 2홉+ 0.67 | 도달 1002 | 차단 1603
Ep 947 | Step 1000 | R   317.46 | 배송 26/50 | 미활동 0 | 2홉+ 0.63 | 도달  952 | 차단 1603
Ep 948 | Step 1000 | R   409.26 | 배송 30/50 | 미활동 0 | 2홉+ 0.50 | 도달  825 | 차단 1117
Ep 949 | Step 1000 | R   328.20 | 배송 27/50 | 미활동 0 | 2홉+ 0.65 | 도달  995 | 차단 1809
Ep 950 | Step 1000 | R   376.33 | 배송 30/50 | 미활동 0 | 2홉+ 0.61 | 도달  993 | 차단 1426
  [홀드아웃] 배송 11.3±4.9 미활동 0.33 2홉+ 0.72 도달 740 | 최고 14.7@ep250 | 정체 14/15
Ep 951 | Step 1000 | R   325.40 | 배송 26/50 | 미활동 0 | 2홉+ 0.50 | 도달  849 | 차단 1437
Ep 952 | Step 1000 | R   174.61 | 배송 20/50 | 미활동 0 | 2홉+ 0.61 | 도달  803 | 차단 2391
Ep 953 | Step 1000 | R   252.77 | 배송 23/50 | 미활동 0 | 2홉+ 0.63 | 도달  816 | 차단 1701
Ep 954 | Step 1000 | R   307.59 | 배송 26/50 | 미활동 0 | 2홉+ 0.63 | 도달  858 | 차단 1265
Ep 955 | Step 1000 | R   266.46 | 배송 23/50 | 미활동 0 | 2홉+ 0.59 | 도달  735 | 차단 1346
Ep 956 | Step 1000 | R   336.92 | 배송 27/50 | 미활동 0 | 2홉+ 0.70 | 도달 1046 | 차단 1541
Ep 957 | Step 1000 | R   321.30 | 배송 25/50 | 미활동 0 | 2홉+ 0.56 | 도달  790 | 차단 1307
Ep 958 | Step 1000 | R   213.17 | 배송 22/50 | 미활동 0 | 2홉+ 0.50 | 도달  813 | 차단 1669
Ep 959 | Step 1000 | R   298.51 | 배송 23/50 | 미활동 0 | 2홉+ 0.64 | 도달  856 | 차단 1495
Ep 960 | Step 1000 | R   283.12 | 배송 21/50 | 미활동 0 | 2홉+ 0.55 | 도달  764 | 차단 1083
Ep 961 | Step 1000 | R    44.52 | 배송 12/50 | 미활동 0 | 2홉+ 0.50 | 도달  612 | 차단 2898
Ep 962 | Step 1000 | R   356.64 | 배송 28/50 | 미활동 0 | 2홉+ 0.60 | 도달  943 | 차단  939
Ep 963 | Step 1000 | R    36.33 | 배송 12/50 | 미활동 0 | 2홉+ 0.71 | 도달  847 | 차단 3378
Ep 964 | Step 1000 | R   221.89 | 배송 20/50 | 미활동 0 | 2홉+ 0.56 | 도달  708 | 차단 2213
Ep 965 | Step 1000 | R   253.25 | 배송 20/50 | 미활동 0 | 2홉+ 0.58 | 도달  952 | 차단 2052
Ep 966 | Step 1000 | R   258.31 | 배송 22/50 | 미활동 0 | 2홉+ 0.50 | 도달 1016 | 차단 1059
Ep 967 | Step 1000 | R   295.39 | 배송 25/50 | 미활동 0 | 2홉+ 0.66 | 도달  745 | 차단 2112
Ep 968 | Step 1000 | R   330.07 | 배송 27/50 | 미활동 0 | 2홉+ 0.55 | 도달  842 | 차단 1608
Ep 969 | Step 1000 | R   274.99 | 배송 24/50 | 미활동 0 | 2홉+ 0.62 | 도달  803 | 차단 1503
Ep 970 | Step 1000 | R   249.01 | 배송 21/50 | 미활동 0 | 2홉+ 0.57 | 도달  671 | 차단 1088
Ep 971 | Step 1000 | R   272.41 | 배송 22/50 | 미활동 0 | 2홉+ 0.64 | 도달  795 | 차단 2196
Ep 972 | Step 1000 | R   259.51 | 배송 21/50 | 미활동 0 | 2홉+ 0.65 | 도달  799 | 차단 1804
Ep 973 | Step 1000 | R   209.34 | 배송 22/50 | 미활동 0 | 2홉+ 0.55 | 도달  755 | 차단 1882
Ep 974 | Step 1000 | R   216.47 | 배송 19/50 | 미활동 0 | 2홉+ 0.56 | 도달  712 | 차단 1587
Ep 975 | Step 1000 | R   254.64 | 배송 23/50 | 미활동 0 | 2홉+ 0.64 | 도달  909 | 차단 1622
Ep 976 | Step 1000 | R   356.85 | 배송 25/50 | 미활동 0 | 2홉+ 0.55 | 도달  828 | 차단 1410
Ep 977 | Step 1000 | R    79.04 | 배송 15/50 | 미활동 0 | 2홉+ 0.72 | 도달 1074 | 차단 2512
Ep 978 | Step 1000 | R   124.29 | 배송 16/50 | 미활동 0 | 2홉+ 0.60 | 도달  611 | 차단 2065
Ep 979 | Step 1000 | R   269.56 | 배송 21/50 | 미활동 0 | 2홉+ 0.52 | 도달  699 | 차단 1475
Ep 980 | Step 1000 | R   193.69 | 배송 20/50 | 미활동 0 | 2홉+ 0.69 | 도달  756 | 차단 1475
Ep 981 | Step 1000 | R   230.71 | 배송 21/50 | 미활동 0 | 2홉+ 0.62 | 도달  801 | 차단 1879
Ep 982 | Step 1000 | R   364.68 | 배송 25/50 | 미활동 0 | 2홉+ 0.53 | 도달  998 | 차단  765
Ep 983 | Step 1000 | R   277.04 | 배송 23/50 | 미활동 0 | 2홉+ 0.40 | 도달  785 | 차단  586
Ep 984 | Step 1000 | R   279.25 | 배송 24/50 | 미활동 0 | 2홉+ 0.61 | 도달  733 | 차단  815
Ep 985 | Step 1000 | R   240.43 | 배송 21/50 | 미활동 0 | 2홉+ 0.59 | 도달  791 | 차단 1465
Ep 986 | Step 1000 | R   232.88 | 배송 20/50 | 미활동 0 | 2홉+ 0.65 | 도달  723 | 차단 1165
Ep 987 | Step 1000 | R   338.59 | 배송 27/50 | 미활동 0 | 2홉+ 0.57 | 도달  862 | 차단 1304
Ep 988 | Step 1000 | R   387.47 | 배송 28/50 | 미활동 0 | 2홉+ 0.57 | 도달  774 | 차단  889
Ep 989 | Step 1000 | R   346.29 | 배송 28/50 | 미활동 0 | 2홉+ 0.57 | 도달  789 | 차단 1382
Ep 990 | Step 1000 | R   396.42 | 배송 28/50 | 미활동 0 | 2홉+ 0.54 | 도달  981 | 차단 1105
Ep 991 | Step 1000 | R   366.64 | 배송 25/50 | 미활동 0 | 2홉+ 0.42 | 도달  803 | 차단  811
Ep 992 | Step 1000 | R   300.44 | 배송 25/50 | 미활동 0 | 2홉+ 0.63 | 도달  751 | 차단 2124
Ep 993 | Step 1000 | R   350.96 | 배송 28/50 | 미활동 0 | 2홉+ 0.63 | 도달  888 | 차단 1336
Ep 994 | Step 1000 | R   360.36 | 배송 26/50 | 미활동 0 | 2홉+ 0.56 | 도달  717 | 차단 1257
Ep 995 | Step 1000 | R   352.84 | 배송 28/50 | 미활동 0 | 2홉+ 0.65 | 도달  814 | 차단 1201
Ep 996 | Step 1000 | R   284.54 | 배송 25/50 | 미활동 0 | 2홉+ 0.65 | 도달  924 | 차단 1757
Ep 997 | Step 1000 | R   234.27 | 배송 22/50 | 미활동 0 | 2홉+ 0.54 | 도달  758 | 차단 1902
Ep 998 | Step 1000 | R   238.48 | 배송 23/50 | 미활동 0 | 2홉+ 0.67 | 도달  879 | 차단 2448
Ep 999 | Step 1000 | R   190.08 | 배송 19/50 | 미활동 0 | 2홉+ 0.60 | 도달  680 | 차단 2710
Ep 1000 | Step 1000 | R   230.06 | 배송 19/50 | 미활동 0 | 2홉+ 0.42 | 도달  638 | 차단  674
  [홀드아웃] 배송 8.8±3.5 미활동 0.50 2홉+ 0.72 도달 612 | 최고 14.7@ep250 | 정체 15/15

조기 종료: 15회 연속 개선 없음. 최고 정책은 ep250 (홀드아웃 배송 14.7/50), /home/kopt/drone/weights/v2_26_08_25_14_c300v_relay/best_actor.pth
Training finished. best=14.7 @ ep250
