/home/kopt/enter/envs/wsl_neuroMCTS/lib/python3.10/site-packages/pygame/pkgdata.py:25: UserWarning: pkg_resources is deprecated as an API. See https://setuptools.pypa.io/en/latest/pkg_resources.html. The pkg_resources package is slated for removal as early as 2025-11-30. Refrain from using this package or pin to Setuptools<81.
  from pkg_resources import resource_stream, resource_exists
pygame 2.6.1 (SDL 2.28.4, Python 3.10.19)
Hello from the pygame community. https://www.pygame.org/contribute.html
단계=manager 장치=cuda 반경=300.0 상위주기=20 시드=1 교착관측=True
상한=1000 교착한도=1000000000 무배송한도=1000000000 (초반 300ep까지 1000000000) gamma=0.997 미완료페널티=0.0 도달보너스=매스텝 중계정박=0.05
worker_obs=16 manager_obs=49 state=66 상위행동=7
하위 가중치 로드: weights/v4_26_09_14_03_w/best_worker.pth
Ep 1 |  1000스텝 | 배송 34/50 | 재적재  4 | 정지 0.47 교착최장  37 | step_limit
Ep 2 |  1000스텝 | 배송 41/50 | 재적재  6 | 정지 0.44 교착최장  46 | step_limit
Ep 3 |  1000스텝 | 배송 34/50 | 재적재  3 | 정지 0.46 교착최장  35 | step_limit
Ep 4 |  1000스텝 | 배송 37/50 | 재적재  5 | 정지 0.40 교착최장  47 | step_limit
Ep 5 |  1000스텝 | 배송 41/50 | 재적재  6 | 정지 0.30 교착최장  41 | step_limit
Ep 6 |  1000스텝 | 배송 21/50 | 재적재  3 | 정지 0.67 교착최장 559 | step_limit
Ep 7 |  1000스텝 | 배송 27/50 | 재적재  4 | 정지 0.75 교착최장 449 | step_limit
Ep 8 |  1000스텝 | 배송 36/50 | 재적재  5 | 정지 0.75 교착최장 485 | step_limit
Ep 9 |  1000스텝 | 배송 42/50 | 재적재  7 | 정지 0.41 교착최장  34 | step_limit
Ep 10 |  1000스텝 | 배송 12/50 | 재적재  0 | 정지 0.85 교착최장 838 | step_limit
Ep 11 |  1000스텝 | 배송 22/50 | 재적재  2 | 정지 0.82 교착최장 669 | step_limit
Ep 12 |  1000스텝 | 배송 20/50 | 재적재  2 | 정지 0.81 교착최장 719 | step_limit
Ep 13 |  1000스텝 | 배송 43/50 | 재적재  7 | 정지 0.44 교착최장  29 | step_limit
Ep 14 |  1000스텝 | 배송 26/50 | 재적재  3 | 정지 0.55 교착최장  86 | step_limit
Ep 15 |  1000스텝 | 배송 29/50 | 재적재  4 | 정지 0.60 교착최장 329 | step_limit
Ep 16 |  1000스텝 | 배송 38/50 | 재적재  6 | 정지 0.63 교착최장 300 | step_limit
Ep 17 |  1000스텝 | 배송 31/50 | 재적재  5 | 정지 0.62 교착최장 220 | step_limit
Ep 18 |  1000스텝 | 배송 42/50 | 재적재  6 | 정지 0.49 교착최장 105 | step_limit
Ep 19 |  1000스텝 | 배송 31/50 | 재적재  4 | 정지 0.60 교착최장 226 | step_limit
Ep 20 |  1000스텝 | 배송 23/50 | 재적재  2 | 정지 0.70 교착최장 258 | step_limit
Ep 21 |  1000스텝 | 배송 43/50 | 재적재  7 | 정지 0.44 교착최장  39 | step_limit
Ep 22 |  1000스텝 | 배송 33/50 | 재적재  5 | 정지 0.62 교착최장 254 | step_limit
Ep 23 |  1000스텝 | 배송 38/50 | 재적재  6 | 정지 0.45 교착최장  46 | step_limit
Ep 24 |  1000스텝 | 배송 42/50 | 재적재  6 | 정지 0.54 교착최장  89 | step_limit
Ep 25 |  1000스텝 | 배송 28/50 | 재적재  2 | 정지 0.68 교착최장 278 | step_limit
Ep 26 |  1000스텝 | 배송 22/50 | 재적재  2 | 정지 0.80 교착최장 300 | step_limit
Ep 27 |  1000스텝 | 배송 33/50 | 재적재  6 | 정지 0.55 교착최장 131 | step_limit
Ep 28 |  1000스텝 | 배송 37/50 | 재적재  5 | 정지 0.57 교착최장 160 | step_limit
Ep 29 |  1000스텝 | 배송 38/50 | 재적재  7 | 정지 0.48 교착최장  79 | step_limit
Ep 30 |  1000스텝 | 배송 34/50 | 재적재  3 | 정지 0.62 교착최장  65 | step_limit
Ep 31 |  1000스텝 | 배송 32/50 | 재적재  4 | 정지 0.62 교착최장 182 | step_limit
Ep 32 |  1000스텝 | 배송 43/50 | 재적재  6 | 정지 0.50 교착최장 124 | step_limit
Ep 33 |  1000스텝 | 배송 28/50 | 재적재  3 | 정지 0.77 교착최장 292 | step_limit
Ep 34 |  1000스텝 | 배송 34/50 | 재적재  5 | 정지 0.57 교착최장  41 | step_limit
Ep 35 |  1000스텝 | 배송 41/50 | 재적재  5 | 정지 0.54 교착최장  77 | step_limit
Ep 36 |  1000스텝 | 배송 41/50 | 재적재  6 | 정지 0.47 교착최장  54 | step_limit
Ep 37 |  1000스텝 | 배송 40/50 | 재적재  6 | 정지 0.50 교착최장  65 | step_limit
Ep 38 |  1000스텝 | 배송 33/50 | 재적재  5 | 정지 0.58 교착최장  53 | step_limit
Ep 39 |  1000스텝 | 배송 42/50 | 재적재  7 | 정지 0.49 교착최장  58 | step_limit
Ep 40 |  1000스텝 | 배송 39/50 | 재적재  6 | 정지 0.50 교착최장  99 | step_limit
Ep 41 |  1000스텝 | 배송 31/50 | 재적재  6 | 정지 0.68 교착최장 166 | step_limit
Ep 42 |  1000스텝 | 배송 37/50 | 재적재  5 | 정지 0.53 교착최장 126 | step_limit
Ep 43 |  1000스텝 | 배송 35/50 | 재적재  4 | 정지 0.60 교착최장  77 | step_limit
Ep 44 |  1000스텝 | 배송 34/50 | 재적재  5 | 정지 0.50 교착최장  43 | step_limit
Ep 45 |  1000스텝 | 배송 41/50 | 재적재  6 | 정지 0.53 교착최장  78 | step_limit
Ep 46 |  1000스텝 | 배송 30/50 | 재적재  4 | 정지 0.69 교착최장 117 | step_limit
Ep 47 |  1000스텝 | 배송 47/50 | 재적재  7 | 정지 0.46 교착최장  60 | step_limit
Ep 48 |  1000스텝 | 배송 30/50 | 재적재  3 | 정지 0.71 교착최장 199 | step_limit
Ep 49 |  1000스텝 | 배송 39/50 | 재적재  6 | 정지 0.55 교착최장  56 | step_limit
Ep 50 |  1000스텝 | 배송 36/50 | 재적재  5 | 정지 0.55 교착최장 138 | step_limit
  [홀드아웃] 배송 39.8±6.2 재적재 5.9 2홉+ 0.63 | 최고 39.8@ep50 정체 0/15  ← 갱신
Ep 51 |  1000스텝 | 배송 39/50 | 재적재  7 | 정지 0.41 교착최장  34 | step_limit
Ep 52 |  1000스텝 | 배송 36/50 | 재적재  5 | 정지 0.59 교착최장 134 | step_limit
Ep 53 |  1000스텝 | 배송 36/50 | 재적재  4 | 정지 0.46 교착최장  25 | step_limit
Ep 54 |  1000스텝 | 배송 34/50 | 재적재  5 | 정지 0.52 교착최장  99 | step_limit
Ep 55 |  1000스텝 | 배송 25/50 | 재적재  4 | 정지 0.68 교착최장 179 | step_limit
Ep 56 |  1000스텝 | 배송 35/50 | 재적재  6 | 정지 0.44 교착최장  56 | step_limit
Ep 57 |  1000스텝 | 배송 40/50 | 재적재  5 | 정지 0.40 교착최장  48 | step_limit
Ep 58 |  1000스텝 | 배송 43/50 | 재적재  7 | 정지 0.38 교착최장  71 | step_limit
Ep 59 |  1000스텝 | 배송 40/50 | 재적재  7 | 정지 0.50 교착최장  38 | step_limit
Ep 60 |  1000스텝 | 배송 36/50 | 재적재  5 | 정지 0.41 교착최장  31 | step_limit
Ep 61 |  1000스텝 | 배송 35/50 | 재적재  6 | 정지 0.51 교착최장  75 | step_limit
Ep 62 |  1000스텝 | 배송 42/50 | 재적재  6 | 정지 0.44 교착최장  68 | step_limit
Ep 63 |  1000스텝 | 배송 27/50 | 재적재  4 | 정지 0.59 교착최장  98 | step_limit
Ep 64 |  1000스텝 | 배송 37/50 | 재적재  5 | 정지 0.50 교착최장  73 | step_limit
Ep 65 |  1000스텝 | 배송 27/50 | 재적재  4 | 정지 0.62 교착최장 137 | step_limit
Ep 66 |  1000스텝 | 배송 38/50 | 재적재  7 | 정지 0.45 교착최장  64 | step_limit
Ep 67 |  1000스텝 | 배송 34/50 | 재적재  4 | 정지 0.57 교착최장  81 | step_limit
Ep 68 |  1000스텝 | 배송 38/50 | 재적재  5 | 정지 0.37 교착최장  30 | step_limit
Ep 69 |  1000스텝 | 배송 41/50 | 재적재  7 | 정지 0.34 교착최장  38 | step_limit
Ep 70 |  1000스텝 | 배송 38/50 | 재적재  5 | 정지 0.40 교착최장  37 | step_limit
Ep 71 |  1000스텝 | 배송 41/50 | 재적재  7 | 정지 0.45 교착최장  38 | step_limit
Ep 72 |  1000스텝 | 배송 33/50 | 재적재  5 | 정지 0.45 교착최장  54 | step_limit
Ep 73 |  1000스텝 | 배송 39/50 | 재적재  6 | 정지 0.32 교착최장  38 | step_limit
Ep 74 |  1000스텝 | 배송 31/50 | 재적재  5 | 정지 0.45 교착최장  24 | step_limit
Ep 75 |  1000스텝 | 배송 33/50 | 재적재  4 | 정지 0.47 교착최장 133 | step_limit
Ep 76 |  1000스텝 | 배송 37/50 | 재적재  5 | 정지 0.37 교착최장  32 | step_limit
Ep 77 |  1000스텝 | 배송 35/50 | 재적재  5 | 정지 0.41 교착최장  57 | step_limit
Ep 78 |  1000스텝 | 배송 35/50 | 재적재  5 | 정지 0.39 교착최장  69 | step_limit
Ep 79 |  1000스텝 | 배송 40/50 | 재적재  6 | 정지 0.36 교착최장  30 | step_limit
Ep 80 |  1000스텝 | 배송 35/50 | 재적재  5 | 정지 0.37 교착최장  43 | step_limit
Ep 81 |  1000스텝 | 배송 35/50 | 재적재  5 | 정지 0.45 교착최장  58 | step_limit
Ep 82 |  1000스텝 | 배송 36/50 | 재적재  6 | 정지 0.42 교착최장  34 | step_limit
Ep 83 |  1000스텝 | 배송 38/50 | 재적재  6 | 정지 0.25 교착최장  21 | step_limit
Ep 84 |  1000스텝 | 배송 35/50 | 재적재  4 | 정지 0.46 교착최장  18 | step_limit
Ep 85 |  1000스텝 | 배송 32/50 | 재적재  5 | 정지 0.35 교착최장  43 | step_limit
Ep 86 |  1000스텝 | 배송 34/50 | 재적재  5 | 정지 0.31 교착최장  17 | step_limit
Ep 87 |  1000스텝 | 배송 36/50 | 재적재  6 | 정지 0.35 교착최장  76 | step_limit
Ep 88 |  1000스텝 | 배송 33/50 | 재적재  5 | 정지 0.46 교착최장 179 | step_limit
Ep 89 |  1000스텝 | 배송 38/50 | 재적재  6 | 정지 0.43 교착최장  29 | step_limit
Ep 90 |  1000스텝 | 배송 31/50 | 재적재  5 | 정지 0.29 교착최장  22 | step_limit
Ep 91 |  1000스텝 | 배송 34/50 | 재적재  5 | 정지 0.28 교착최장  32 | step_limit
Ep 92 |  1000스텝 | 배송 35/50 | 재적재  5 | 정지 0.31 교착최장  20 | step_limit
Ep 93 |  1000스텝 | 배송 34/50 | 재적재  6 | 정지 0.19 교착최장  54 | step_limit
Ep 94 |  1000스텝 | 배송 38/50 | 재적재  6 | 정지 0.34 교착최장  37 | step_limit
Ep 95 |  1000스텝 | 배송 37/50 | 재적재  5 | 정지 0.31 교착최장  29 | step_limit
Ep 96 |  1000스텝 | 배송 31/50 | 재적재  4 | 정지 0.39 교착최장  26 | step_limit
Ep 97 |  1000스텝 | 배송 34/50 | 재적재  5 | 정지 0.29 교착최장  16 | step_limit
Ep 98 |  1000스텝 | 배송 34/50 | 재적재  5 | 정지 0.30 교착최장  36 | step_limit
Ep 99 |  1000스텝 | 배송 42/50 | 재적재  6 | 정지 0.29 교착최장  20 | step_limit
Ep 100 |  1000스텝 | 배송 32/50 | 재적재  5 | 정지 0.32 교착최장  29 | step_limit
  [홀드아웃] 배송 35.8±3.7 재적재 5.3 2홉+ 0.54 | 최고 39.8@ep50 정체 1/15
Ep 101 |  1000스텝 | 배송 34/50 | 재적재  5 | 정지 0.36 교착최장  35 | step_limit
Ep 102 |  1000스텝 | 배송 32/50 | 재적재  4 | 정지 0.41 교착최장  37 | step_limit
Ep 103 |  1000스텝 | 배송 32/50 | 재적재  3 | 정지 0.33 교착최장  70 | step_limit
Ep 104 |  1000스텝 | 배송 24/50 | 재적재  3 | 정지 0.40 교착최장  62 | step_limit
Ep 105 |  1000스텝 | 배송 30/50 | 재적재  5 | 정지 0.47 교착최장  36 | step_limit
Ep 106 |  1000스텝 | 배송 33/50 | 재적재  4 | 정지 0.28 교착최장  21 | step_limit
Ep 107 |  1000스텝 | 배송 39/50 | 재적재  6 | 정지 0.27 교착최장  32 | step_limit
Ep 108 |  1000스텝 | 배송 28/50 | 재적재  4 | 정지 0.36 교착최장  47 | step_limit
Ep 109 |  1000스텝 | 배송 34/50 | 재적재  5 | 정지 0.52 교착최장  95 | step_limit
Ep 110 |  1000스텝 | 배송 38/50 | 재적재  5 | 정지 0.33 교착최장  21 | step_limit
Ep 111 |  1000스텝 | 배송 32/50 | 재적재  6 | 정지 0.51 교착최장  80 | step_limit
Ep 112 |  1000스텝 | 배송 29/50 | 재적재  4 | 정지 0.37 교착최장  36 | step_limit
Ep 113 |  1000스텝 | 배송 33/50 | 재적재  5 | 정지 0.22 교착최장  16 | step_limit
Ep 114 |  1000스텝 | 배송 37/50 | 재적재  6 | 정지 0.23 교착최장  47 | step_limit
Ep 115 |  1000스텝 | 배송 31/50 | 재적재  5 | 정지 0.27 교착최장  26 | step_limit
Ep 116 |  1000스텝 | 배송 33/50 | 재적재  4 | 정지 0.30 교착최장  16 | step_limit
Ep 117 |  1000스텝 | 배송 35/50 | 재적재  4 | 정지 0.27 교착최장  30 | step_limit
Ep 118 |  1000스텝 | 배송 32/50 | 재적재  5 | 정지 0.38 교착최장  61 | step_limit
Ep 119 |  1000스텝 | 배송 32/50 | 재적재  5 | 정지 0.32 교착최장  37 | step_limit
Ep 120 |  1000스텝 | 배송 33/50 | 재적재  4 | 정지 0.35 교착최장  29 | step_limit
Ep 121 |  1000스텝 | 배송 33/50 | 재적재  5 | 정지 0.26 교착최장  19 | step_limit
Ep 122 |  1000스텝 | 배송 31/50 | 재적재  4 | 정지 0.28 교착최장  28 | step_limit
Ep 123 |  1000스텝 | 배송 29/50 | 재적재  4 | 정지 0.26 교착최장  36 | step_limit
Ep 124 |  1000스텝 | 배송 31/50 | 재적재  5 | 정지 0.22 교착최장  24 | step_limit
Ep 125 |  1000스텝 | 배송 28/50 | 재적재  5 | 정지 0.18 교착최장  26 | step_limit
Ep 126 |  1000스텝 | 배송 26/50 | 재적재  3 | 정지 0.32 교착최장  63 | step_limit
Ep 127 |  1000스텝 | 배송 35/50 | 재적재  5 | 정지 0.26 교착최장  18 | step_limit
Ep 128 |  1000스텝 | 배송 28/50 | 재적재  4 | 정지 0.29 교착최장  35 | step_limit
Ep 129 |  1000스텝 | 배송 30/50 | 재적재  5 | 정지 0.22 교착최장  10 | step_limit
Ep 130 |  1000스텝 | 배송 28/50 | 재적재  4 | 정지 0.37 교착최장 157 | step_limit
Ep 131 |  1000스텝 | 배송 27/50 | 재적재  3 | 정지 0.29 교착최장  42 | step_limit
Ep 132 |  1000스텝 | 배송 24/50 | 재적재  3 | 정지 0.15 교착최장  10 | step_limit
Ep 133 |  1000스텝 | 배송 31/50 | 재적재  3 | 정지 0.30 교착최장  59 | step_limit
Ep 134 |  1000스텝 | 배송 27/50 | 재적재  3 | 정지 0.22 교착최장  21 | step_limit
Ep 135 |  1000스텝 | 배송 32/50 | 재적재  4 | 정지 0.23 교착최장  44 | step_limit
Ep 136 |  1000스텝 | 배송 28/50 | 재적재  3 | 정지 0.18 교착최장  13 | step_limit
Ep 137 |  1000스텝 | 배송 28/50 | 재적재  4 | 정지 0.12 교착최장   9 | step_limit
Ep 138 |  1000스텝 | 배송 29/50 | 재적재  4 | 정지 0.40 교착최장  37 | step_limit
Ep 139 |  1000스텝 | 배송 29/50 | 재적재  5 | 정지 0.18 교착최장  12 | step_limit
Ep 140 |  1000스텝 | 배송 33/50 | 재적재  5 | 정지 0.20 교착최장  19 | step_limit
Ep 141 |  1000스텝 | 배송 26/50 | 재적재  3 | 정지 0.20 교착최장  17 | step_limit
Ep 142 |  1000스텝 | 배송 28/50 | 재적재  4 | 정지 0.23 교착최장  12 | step_limit
Ep 143 |  1000스텝 | 배송 24/50 | 재적재  3 | 정지 0.17 교착최장  29 | step_limit
Ep 144 |  1000스텝 | 배송 23/50 | 재적재  3 | 정지 0.15 교착최장   8 | step_limit
Ep 145 |  1000스텝 | 배송 25/50 | 재적재  4 | 정지 0.18 교착최장  55 | step_limit
Ep 146 |  1000스텝 | 배송 26/50 | 재적재  4 | 정지 0.12 교착최장  29 | step_limit
Ep 147 |  1000스텝 | 배송 29/50 | 재적재  4 | 정지 0.24 교착최장  22 | step_limit
Ep 148 |  1000스텝 | 배송 25/50 | 재적재  4 | 정지 0.16 교착최장  18 | step_limit
Ep 149 |  1000스텝 | 배송  0/50 | 재적재  0 | 정지 0.00 교착최장   0 | step_limit
Ep 150 |  1000스텝 | 배송  0/50 | 재적재  0 | 정지 0.00 교착최장   0 | step_limit
  [홀드아웃] 배송 26.5±4.7 재적재 3.5 2홉+ 0.28 | 최고 39.8@ep50 정체 2/15
Ep 151 |  1000스텝 | 배송 30/50 | 재적재  5 | 정지 0.15 교착최장  14 | step_limit
Ep 152 |  1000스텝 | 배송 22/50 | 재적재  2 | 정지 0.15 교착최장  15 | step_limit
Ep 153 |  1000스텝 | 배송 24/50 | 재적재  3 | 정지 0.18 교착최장  10 | step_limit
Ep 154 |  1000스텝 | 배송 26/50 | 재적재  3 | 정지 0.21 교착최장  32 | step_limit
Ep 155 |  1000스텝 | 배송 28/50 | 재적재  3 | 정지 0.25 교착최장  17 | step_limit
Ep 156 |  1000스텝 | 배송 26/50 | 재적재  4 | 정지 0.29 교착최장  72 | step_limit
Ep 157 |  1000스텝 | 배송 29/50 | 재적재  4 | 정지 0.22 교착최장  13 | step_limit
Ep 158 |  1000스텝 | 배송 32/50 | 재적재  5 | 정지 0.21 교착최장  19 | step_limit
Ep 159 |  1000스텝 | 배송 26/50 | 재적재  3 | 정지 0.20 교착최장  12 | step_limit
Ep 160 |  1000스텝 | 배송 29/50 | 재적재  5 | 정지 0.25 교착최장  17 | step_limit
Ep 161 |  1000스텝 | 배송 24/50 | 재적재  3 | 정지 0.32 교착최장  21 | step_limit
Ep 162 |  1000스텝 | 배송 25/50 | 재적재  3 | 정지 0.24 교착최장  18 | step_limit
Ep 163 |  1000스텝 | 배송 26/50 | 재적재  3 | 정지 0.13 교착최장  15 | step_limit
Ep 164 |  1000스텝 | 배송 26/50 | 재적재  4 | 정지 0.25 교착최장  14 | step_limit
Ep 165 |  1000스텝 | 배송 31/50 | 재적재  5 | 정지 0.11 교착최장  11 | step_limit
Ep 166 |  1000스텝 | 배송 25/50 | 재적재  3 | 정지 0.11 교착최장  12 | step_limit
Ep 167 |  1000스텝 | 배송 28/50 | 재적재  3 | 정지 0.17 교착최장  20 | step_limit
Ep 168 |  1000스텝 | 배송 25/50 | 재적재  3 | 정지 0.26 교착최장  25 | step_limit
Ep 169 |  1000스텝 | 배송 23/50 | 재적재  2 | 정지 0.33 교착최장  32 | step_limit
Ep 170 |  1000스텝 | 배송 28/50 | 재적재  4 | 정지 0.12 교착최장  15 | step_limit
Ep 171 |  1000스텝 | 배송 25/50 | 재적재  3 | 정지 0.19 교착최장  20 | step_limit
Ep 172 |  1000스텝 | 배송 21/50 | 재적재  3 | 정지 0.32 교착최장  10 | step_limit
Ep 173 |  1000스텝 | 배송 18/50 | 재적재  2 | 정지 0.24 교착최장  17 | step_limit
Ep 174 |  1000스텝 | 배송 23/50 | 재적재  3 | 정지 0.08 교착최장   6 | step_limit
Ep 175 |  1000스텝 | 배송 23/50 | 재적재  3 | 정지 0.12 교착최장  12 | step_limit
Ep 176 |  1000스텝 | 배송 20/50 | 재적재  2 | 정지 0.22 교착최장  15 | step_limit
Ep 177 |  1000스텝 | 배송 18/50 | 재적재  2 | 정지 0.05 교착최장   7 | step_limit
Ep 178 |  1000스텝 | 배송 20/50 | 재적재  2 | 정지 0.24 교착최장  48 | step_limit
Ep 179 |  1000스텝 | 배송 27/50 | 재적재  4 | 정지 0.12 교착최장   9 | step_limit
Ep 180 |  1000스텝 | 배송 29/50 | 재적재  4 | 정지 0.22 교착최장  14 | step_limit
Ep 181 |  1000스텝 | 배송 24/50 | 재적재  2 | 정지 0.09 교착최장  10 | step_limit
Ep 182 |  1000스텝 | 배송 31/50 | 재적재  4 | 정지 0.18 교착최장  23 | step_limit
Ep 183 |  1000스텝 | 배송 23/50 | 재적재  3 | 정지 0.26 교착최장  17 | step_limit
Ep 184 |  1000스텝 | 배송 25/50 | 재적재  3 | 정지 0.27 교착최장  26 | step_limit
Ep 185 |  1000스텝 | 배송 21/50 | 재적재  2 | 정지 0.09 교착최장  15 | step_limit
Ep 186 |  1000스텝 | 배송 26/50 | 재적재  4 | 정지 0.24 교착최장  23 | step_limit
Ep 187 |  1000스텝 | 배송 30/50 | 재적재  4 | 정지 0.14 교착최장   9 | step_limit
Ep 188 |  1000스텝 | 배송 25/50 | 재적재  3 | 정지 0.22 교착최장  15 | step_limit
Ep 189 |  1000스텝 | 배송 25/50 | 재적재  3 | 정지 0.21 교착최장  16 | step_limit
Ep 190 |  1000스텝 | 배송 29/50 | 재적재  4 | 정지 0.18 교착최장  13 | step_limit
Ep 191 |  1000스텝 | 배송 23/50 | 재적재  2 | 정지 0.13 교착최장  36 | step_limit
Ep 192 |  1000스텝 | 배송 26/50 | 재적재  3 | 정지 0.17 교착최장  12 | step_limit
Ep 193 |  1000스텝 | 배송 23/50 | 재적재  3 | 정지 0.15 교착최장  17 | step_limit
Ep 194 |  1000스텝 | 배송 23/50 | 재적재  3 | 정지 0.22 교착최장  13 | step_limit
Ep 195 |  1000스텝 | 배송 26/50 | 재적재  4 | 정지 0.15 교착최장  13 | step_limit
Ep 196 |  1000스텝 | 배송 26/50 | 재적재  4 | 정지 0.17 교착최장   7 | step_limit
Ep 197 |  1000스텝 | 배송 27/50 | 재적재  4 | 정지 0.18 교착최장   8 | step_limit
Ep 198 |  1000스텝 | 배송 22/50 | 재적재  2 | 정지 0.12 교착최장  11 | step_limit
Ep 199 |  1000스텝 | 배송 23/50 | 재적재  2 | 정지 0.13 교착최장  21 | step_limit
Ep 200 |  1000스텝 | 배송 22/50 | 재적재  2 | 정지 0.11 교착최장  15 | step_limit
  [홀드아웃] 배송 23.0±5.5 재적재 3.1 2홉+ 0.24 | 최고 39.8@ep50 정체 3/15
Ep 201 |  1000스텝 | 배송 26/50 | 재적재  3 | 정지 0.11 교착최장   9 | step_limit
Ep 202 |  1000스텝 | 배송 30/50 | 재적재  3 | 정지 0.13 교착최장  27 | step_limit
Ep 203 |  1000스텝 | 배송 14/50 | 재적재  0 | 정지 0.02 교착최장   3 | step_limit
Ep 204 |  1000스텝 | 배송 14/50 | 재적재  0 | 정지 0.03 교착최장   5 | step_limit
Ep 205 |  1000스텝 | 배송 22/50 | 재적재  2 | 정지 0.19 교착최장  19 | step_limit
Ep 206 |  1000스텝 | 배송 24/50 | 재적재  3 | 정지 0.12 교착최장   9 | step_limit
Ep 207 |  1000스텝 | 배송 26/50 | 재적재  4 | 정지 0.13 교착최장  38 | step_limit
Ep 208 |  1000스텝 | 배송 17/50 | 재적재  2 | 정지 0.04 교착최장  12 | step_limit
Ep 209 |  1000스텝 | 배송 27/50 | 재적재  4 | 정지 0.10 교착최장   9 | step_limit
Ep 210 |  1000스텝 | 배송 27/50 | 재적재  3 | 정지 0.18 교착최장  25 | step_limit
Ep 211 |  1000스텝 | 배송 20/50 | 재적재  3 | 정지 0.17 교착최장  51 | step_limit
Ep 212 |  1000스텝 | 배송 25/50 | 재적재  3 | 정지 0.20 교착최장  34 | step_limit
Ep 213 |  1000스텝 | 배송 24/50 | 재적재  3 | 정지 0.14 교착최장  15 | step_limit
Ep 214 |  1000스텝 | 배송 28/50 | 재적재  4 | 정지 0.19 교착최장  17 | step_limit
Ep 215 |  1000스텝 | 배송 27/50 | 재적재  3 | 정지 0.30 교착최장  23 | step_limit
Ep 216 |  1000스텝 | 배송 21/50 | 재적재  3 | 정지 0.20 교착최장  13 | step_limit
Ep 217 |  1000스텝 | 배송 23/50 | 재적재  3 | 정지 0.10 교착최장   9 | step_limit
Ep 218 |  1000스텝 | 배송 27/50 | 재적재  3 | 정지 0.24 교착최장  19 | step_limit
Ep 219 |  1000스텝 | 배송 21/50 | 재적재  2 | 정지 0.20 교착최장  16 | step_limit
Ep 220 |  1000스텝 | 배송 22/50 | 재적재  2 | 정지 0.12 교착최장   4 | step_limit
Ep 221 |  1000스텝 | 배송 22/50 | 재적재  2 | 정지 0.17 교착최장  15 | step_limit
Ep 222 |  1000스텝 | 배송 21/50 | 재적재  2 | 정지 0.19 교착최장  58 | step_limit
Ep 223 |  1000스텝 | 배송 23/50 | 재적재  3 | 정지 0.17 교착최장  18 | step_limit
Ep 224 |  1000스텝 | 배송 25/50 | 재적재  2 | 정지 0.08 교착최장   8 | step_limit
Ep 225 |  1000스텝 | 배송 24/50 | 재적재  3 | 정지 0.13 교착최장  20 | step_limit
Ep 226 |  1000스텝 | 배송 23/50 | 재적재  2 | 정지 0.10 교착최장  10 | step_limit
Ep 227 |  1000스텝 | 배송 23/50 | 재적재  3 | 정지 0.26 교착최장  25 | step_limit
Ep 228 |  1000스텝 | 배송 28/50 | 재적재  3 | 정지 0.18 교착최장  51 | step_limit
Ep 229 |  1000스텝 | 배송 22/50 | 재적재  2 | 정지 0.21 교착최장  26 | step_limit
Ep 230 |  1000스텝 | 배송 25/50 | 재적재  2 | 정지 0.12 교착최장  12 | step_limit
Ep 231 |  1000스텝 | 배송 21/50 | 재적재  3 | 정지 0.24 교착최장   9 | step_limit
Ep 232 |  1000스텝 | 배송 30/50 | 재적재  5 | 정지 0.18 교착최장  10 | step_limit
Ep 233 |  1000스텝 | 배송 25/50 | 재적재  3 | 정지 0.21 교착최장  17 | step_limit
Ep 234 |  1000스텝 | 배송 28/50 | 재적재  3 | 정지 0.25 교착최장  35 | step_limit
Ep 235 |  1000스텝 | 배송 27/50 | 재적재  4 | 정지 0.18 교착최장  15 | step_limit
Ep 236 |  1000스텝 | 배송 26/50 | 재적재  3 | 정지 0.14 교착최장  10 | step_limit
Ep 237 |  1000스텝 | 배송 25/50 | 재적재  3 | 정지 0.26 교착최장  77 | step_limit
Ep 238 |  1000스텝 | 배송 26/50 | 재적재  3 | 정지 0.20 교착최장  31 | step_limit
Ep 239 |  1000스텝 | 배송 25/50 | 재적재  4 | 정지 0.34 교착최장  35 | step_limit
Ep 240 |  1000스텝 | 배송 26/50 | 재적재  3 | 정지 0.35 교착최장  52 | step_limit
Ep 241 |  1000스텝 | 배송 25/50 | 재적재  3 | 정지 0.19 교착최장  36 | step_limit
Ep 242 |  1000스텝 | 배송 25/50 | 재적재  4 | 정지 0.22 교착최장  31 | step_limit
Ep 243 |  1000스텝 | 배송 24/50 | 재적재  3 | 정지 0.20 교착최장  15 | step_limit
Ep 244 |  1000스텝 | 배송 22/50 | 재적재  2 | 정지 0.25 교착최장  13 | step_limit
Ep 245 |  1000스텝 | 배송 26/50 | 재적재  3 | 정지 0.13 교착최장  37 | step_limit
Ep 246 |  1000스텝 | 배송 26/50 | 재적재  4 | 정지 0.16 교착최장  12 | step_limit
Ep 247 |  1000스텝 | 배송 28/50 | 재적재  4 | 정지 0.20 교착최장  16 | step_limit
Ep 248 |  1000스텝 | 배송 24/50 | 재적재  3 | 정지 0.09 교착최장   9 | step_limit
Ep 249 |  1000스텝 | 배송 24/50 | 재적재  3 | 정지 0.18 교착최장  49 | step_limit
Ep 250 |  1000스텝 | 배송 23/50 | 재적재  3 | 정지 0.18 교착최장   8 | step_limit
  [홀드아웃] 배송 26.8±8.9 재적재 3.8 2홉+ 0.34 | 최고 39.8@ep50 정체 4/15
Ep 251 |  1000스텝 | 배송 25/50 | 재적재  3 | 정지 0.16 교착최장  25 | step_limit
Ep 252 |  1000스텝 | 배송 21/50 | 재적재  2 | 정지 0.11 교착최장  10 | step_limit
Ep 253 |  1000스텝 | 배송 24/50 | 재적재  3 | 정지 0.23 교착최장  25 | step_limit
Ep 254 |  1000스텝 | 배송 25/50 | 재적재  3 | 정지 0.31 교착최장  37 | step_limit
Ep 255 |  1000스텝 | 배송 25/50 | 재적재  3 | 정지 0.12 교착최장   8 | step_limit
Ep 256 |  1000스텝 | 배송 27/50 | 재적재  4 | 정지 0.16 교착최장  16 | step_limit
Ep 257 |  1000스텝 | 배송 22/50 | 재적재  4 | 정지 0.48 교착최장 218 | step_limit
Ep 258 |  1000스텝 | 배송 25/50 | 재적재  4 | 정지 0.22 교착최장  19 | step_limit
Ep 259 |  1000스텝 | 배송 27/50 | 재적재  4 | 정지 0.12 교착최장  13 | step_limit
Ep 260 |  1000스텝 | 배송 22/50 | 재적재  2 | 정지 0.19 교착최장  11 | step_limit
Ep 261 |  1000스텝 | 배송 28/50 | 재적재  3 | 정지 0.18 교착최장  13 | step_limit
Ep 262 |  1000스텝 | 배송 23/50 | 재적재  2 | 정지 0.15 교착최장   6 | step_limit
Ep 263 |  1000스텝 | 배송 24/50 | 재적재  2 | 정지 0.16 교착최장  29 | step_limit
Ep 264 |  1000스텝 | 배송 24/50 | 재적재  4 | 정지 0.23 교착최장  26 | step_limit
Ep 265 |  1000스텝 | 배송 27/50 | 재적재  4 | 정지 0.21 교착최장   8 | step_limit
Ep 266 |  1000스텝 | 배송 27/50 | 재적재  3 | 정지 0.07 교착최장   6 | step_limit
Ep 267 |  1000스텝 | 배송 28/50 | 재적재  3 | 정지 0.19 교착최장  10 | step_limit
Ep 268 |  1000스텝 | 배송 23/50 | 재적재  2 | 정지 0.25 교착최장  30 | step_limit
Ep 269 |  1000스텝 | 배송 20/50 | 재적재  2 | 정지 0.18 교착최장  15 | step_limit
Ep 270 |  1000스텝 | 배송 27/50 | 재적재  4 | 정지 0.28 교착최장  19 | step_limit
Ep 271 |  1000스텝 | 배송 28/50 | 재적재  3 | 정지 0.23 교착최장  24 | step_limit
Ep 272 |  1000스텝 | 배송 24/50 | 재적재  3 | 정지 0.16 교착최장  23 | step_limit
Ep 273 |  1000스텝 | 배송 23/50 | 재적재  3 | 정지 0.27 교착최장  13 | step_limit
Ep 274 |  1000스텝 | 배송 32/50 | 재적재  5 | 정지 0.33 교착최장  60 | step_limit
Ep 275 |  1000스텝 | 배송 28/50 | 재적재  4 | 정지 0.18 교착최장   9 | step_limit
Ep 276 |  1000스텝 | 배송 27/50 | 재적재  4 | 정지 0.15 교착최장  11 | step_limit
Ep 277 |  1000스텝 | 배송 27/50 | 재적재  3 | 정지 0.26 교착최장  49 | step_limit
Ep 278 |  1000스텝 | 배송 23/50 | 재적재  3 | 정지 0.13 교착최장  15 | step_limit
Ep 279 |  1000스텝 | 배송 30/50 | 재적재  4 | 정지 0.21 교착최장  29 | step_limit
Ep 280 |  1000스텝 | 배송 24/50 | 재적재  3 | 정지 0.24 교착최장  16 | step_limit
Ep 281 |  1000스텝 | 배송 25/50 | 재적재  3 | 정지 0.19 교착최장  15 | step_limit
Ep 282 |  1000스텝 | 배송 27/50 | 재적재  4 | 정지 0.20 교착최장  15 | step_limit
Ep 283 |  1000스텝 | 배송 29/50 | 재적재  4 | 정지 0.14 교착최장   6 | step_limit
Ep 284 |  1000스텝 | 배송 29/50 | 재적재  4 | 정지 0.17 교착최장  11 | step_limit
Ep 285 |  1000스텝 | 배송 27/50 | 재적재  4 | 정지 0.21 교착최장  15 | step_limit
Ep 286 |  1000스텝 | 배송 32/50 | 재적재  5 | 정지 0.22 교착최장  11 | step_limit
Ep 287 |  1000스텝 | 배송 29/50 | 재적재  4 | 정지 0.16 교착최장  15 | step_limit
Ep 288 |  1000스텝 | 배송 23/50 | 재적재  3 | 정지 0.22 교착최장  22 | step_limit
Ep 289 |  1000스텝 | 배송 26/50 | 재적재  3 | 정지 0.25 교착최장  11 | step_limit
Ep 290 |  1000스텝 | 배송 22/50 | 재적재  3 | 정지 0.16 교착최장  15 | step_limit
Ep 291 |  1000스텝 | 배송 28/50 | 재적재  3 | 정지 0.15 교착최장  30 | step_limit
Ep 292 |  1000스텝 | 배송 22/50 | 재적재  4 | 정지 0.23 교착최장  12 | step_limit
Ep 293 |  1000스텝 | 배송 25/50 | 재적재  3 | 정지 0.18 교착최장  16 | step_limit
Ep 294 |  1000스텝 | 배송 25/50 | 재적재  3 | 정지 0.12 교착최장  12 | step_limit
Ep 295 |  1000스텝 | 배송 27/50 | 재적재  4 | 정지 0.24 교착최장  23 | step_limit
Ep 296 |  1000스텝 | 배송 25/50 | 재적재  4 | 정지 0.22 교착최장  18 | step_limit
Ep 297 |  1000스텝 | 배송 24/50 | 재적재  3 | 정지 0.16 교착최장  26 | step_limit
Ep 298 |  1000스텝 | 배송 30/50 | 재적재  4 | 정지 0.17 교착최장   8 | step_limit
Ep 299 |  1000스텝 | 배송 28/50 | 재적재  3 | 정지 0.16 교착최장   7 | step_limit
Ep 300 |  1000스텝 | 배송 27/50 | 재적재  3 | 정지 0.22 교착최장  13 | step_limit
  [홀드아웃] 배송 21.3±11.4 재적재 3.0 2홉+ 0.25 | 최고 39.8@ep50 정체 5/15
Ep 301 |  1000스텝 | 배송 31/50 | 재적재  5 | 정지 0.21 교착최장  13 | step_limit
Ep 302 |  1000스텝 | 배송 22/50 | 재적재  2 | 정지 0.26 교착최장  28 | step_limit
Ep 303 |  1000스텝 | 배송 32/50 | 재적재  4 | 정지 0.12 교착최장  33 | step_limit
Ep 304 |  1000스텝 | 배송 24/50 | 재적재  2 | 정지 0.21 교착최장  29 | step_limit
Ep 305 |  1000스텝 | 배송 28/50 | 재적재  4 | 정지 0.20 교착최장  12 | step_limit
Ep 306 |  1000스텝 | 배송 30/50 | 재적재  5 | 정지 0.15 교착최장   9 | step_limit
Ep 307 |  1000스텝 | 배송 27/50 | 재적재  4 | 정지 0.17 교착최장  14 | step_limit
Ep 308 |  1000스텝 | 배송 26/50 | 재적재  4 | 정지 0.10 교착최장   8 | step_limit
Ep 309 |  1000스텝 | 배송 24/50 | 재적재  3 | 정지 0.13 교착최장  20 | step_limit
Ep 310 |  1000스텝 | 배송 28/50 | 재적재  3 | 정지 0.12 교착최장   9 | step_limit
Ep 311 |  1000스텝 | 배송 27/50 | 재적재  4 | 정지 0.33 교착최장  66 | step_limit
Ep 312 |  1000스텝 | 배송 27/50 | 재적재  4 | 정지 0.17 교착최장  12 | step_limit
Ep 313 |  1000스텝 | 배송 28/50 | 재적재  4 | 정지 0.19 교착최장  21 | step_limit
Ep 314 |  1000스텝 | 배송 25/50 | 재적재  4 | 정지 0.13 교착최장  14 | step_limit
Ep 315 |  1000스텝 | 배송 25/50 | 재적재  3 | 정지 0.15 교착최장  12 | step_limit
Ep 316 |  1000스텝 | 배송 22/50 | 재적재  2 | 정지 0.26 교착최장  17 | step_limit
Ep 317 |  1000스텝 | 배송 23/50 | 재적재  3 | 정지 0.17 교착최장  10 | step_limit
Ep 318 |  1000스텝 | 배송 21/50 | 재적재  3 | 정지 0.12 교착최장   6 | step_limit
Ep 319 |  1000스텝 | 배송 24/50 | 재적재  4 | 정지 0.16 교착최장  14 | step_limit
Ep 320 |  1000스텝 | 배송 25/50 | 재적재  4 | 정지 0.23 교착최장  11 | step_limit
Ep 321 |  1000스텝 | 배송 27/50 | 재적재  4 | 정지 0.13 교착최장  12 | step_limit
Ep 322 |  1000스텝 | 배송 24/50 | 재적재  3 | 정지 0.09 교착최장  18 | step_limit
Ep 323 |  1000스텝 | 배송 27/50 | 재적재  3 | 정지 0.12 교착최장  37 | step_limit
Ep 324 |  1000스텝 | 배송 27/50 | 재적재  3 | 정지 0.20 교착최장  14 | step_limit
Ep 325 |  1000스텝 | 배송 21/50 | 재적재  2 | 정지 0.15 교착최장  11 | step_limit
Ep 326 |  1000스텝 | 배송 26/50 | 재적재  3 | 정지 0.18 교착최장  33 | step_limit
Ep 327 |  1000스텝 | 배송 25/50 | 재적재  4 | 정지 0.06 교착최장   7 | step_limit
Ep 328 |  1000스텝 | 배송 30/50 | 재적재  5 | 정지 0.10 교착최장  11 | step_limit
Ep 329 |  1000스텝 | 배송 27/50 | 재적재  3 | 정지 0.26 교착최장  28 | step_limit
Ep 330 |  1000스텝 | 배송 22/50 | 재적재  2 | 정지 0.13 교착최장   9 | step_limit
Ep 331 |  1000스텝 | 배송 27/50 | 재적재  3 | 정지 0.16 교착최장  13 | step_limit
Ep 332 |  1000스텝 | 배송 26/50 | 재적재  3 | 정지 0.20 교착최장  15 | step_limit
Ep 333 |  1000스텝 | 배송 24/50 | 재적재  2 | 정지 0.13 교착최장   5 | step_limit
Ep 334 |  1000스텝 | 배송 31/50 | 재적재  5 | 정지 0.19 교착최장   8 | step_limit
Ep 335 |  1000스텝 | 배송 25/50 | 재적재  3 | 정지 0.15 교착최장  10 | step_limit
Ep 336 |  1000스텝 | 배송 29/50 | 재적재  4 | 정지 0.32 교착최장  35 | step_limit
Ep 337 |  1000스텝 | 배송 23/50 | 재적재  4 | 정지 0.10 교착최장  10 | step_limit
Ep 338 |  1000스텝 | 배송 23/50 | 재적재  3 | 정지 0.15 교착최장   9 | step_limit
Ep 339 |  1000스텝 | 배송 21/50 | 재적재  2 | 정지 0.15 교착최장  21 | step_limit
Ep 340 |  1000스텝 | 배송 18/50 | 재적재  3 | 정지 0.06 교착최장  15 | step_limit
Ep 341 |  1000스텝 | 배송 25/50 | 재적재  4 | 정지 0.16 교착최장  10 | step_limit
Ep 342 |  1000스텝 | 배송 32/50 | 재적재  5 | 정지 0.15 교착최장   6 | step_limit
Ep 343 |  1000스텝 | 배송 26/50 | 재적재  4 | 정지 0.10 교착최장   5 | step_limit
Ep 344 |  1000스텝 | 배송 24/50 | 재적재  3 | 정지 0.17 교착최장  22 | step_limit
Ep 345 |  1000스텝 | 배송 26/50 | 재적재  4 | 정지 0.15 교착최장  18 | step_limit
Ep 346 |  1000스텝 | 배송 29/50 | 재적재  4 | 정지 0.21 교착최장  18 | step_limit
Ep 347 |  1000스텝 | 배송 22/50 | 재적재  2 | 정지 0.20 교착최장  11 | step_limit
Ep 348 |  1000스텝 | 배송 31/50 | 재적재  4 | 정지 0.21 교착최장  13 | step_limit
Ep 349 |  1000스텝 | 배송 29/50 | 재적재  4 | 정지 0.18 교착최장   7 | step_limit
Ep 350 |  1000스텝 | 배송 24/50 | 재적재  3 | 정지 0.20 교착최장  14 | step_limit
  [홀드아웃] 배송 28.2±4.2 재적재 3.6 2홉+ 0.36 | 최고 39.8@ep50 정체 6/15
Ep 351 |  1000스텝 | 배송 24/50 | 재적재  3 | 정지 0.11 교착최장  11 | step_limit
Ep 352 |  1000스텝 | 배송 27/50 | 재적재  3 | 정지 0.35 교착최장  51 | step_limit
Ep 353 |  1000스텝 | 배송 25/50 | 재적재  3 | 정지 0.10 교착최장  14 | step_limit
Ep 354 |  1000스텝 | 배송 20/50 | 재적재  2 | 정지 0.09 교착최장   4 | step_limit
Ep 355 |  1000스텝 | 배송 24/50 | 재적재  3 | 정지 0.14 교착최장  22 | step_limit
Ep 356 |  1000스텝 | 배송 22/50 | 재적재  3 | 정지 0.14 교착최장  23 | step_limit
Ep 357 |  1000스텝 | 배송 23/50 | 재적재  4 | 정지 0.25 교착최장  24 | step_limit
Ep 358 |  1000스텝 | 배송 23/50 | 재적재  3 | 정지 0.27 교착최장  14 | step_limit
Ep 359 |  1000스텝 | 배송 24/50 | 재적재  3 | 정지 0.16 교착최장  20 | step_limit
Ep 360 |  1000스텝 | 배송 26/50 | 재적재  3 | 정지 0.19 교착최장  31 | step_limit
Ep 361 |  1000스텝 | 배송 21/50 | 재적재  2 | 정지 0.16 교착최장   9 | step_limit
Ep 362 |  1000스텝 | 배송 23/50 | 재적재  3 | 정지 0.20 교착최장  17 | step_limit
Ep 363 |  1000스텝 | 배송 23/50 | 재적재  3 | 정지 0.17 교착최장  13 | step_limit
Ep 364 |  1000스텝 | 배송 26/50 | 재적재  3 | 정지 0.16 교착최장  10 | step_limit
Ep 365 |  1000스텝 | 배송 24/50 | 재적재  4 | 정지 0.16 교착최장   8 | step_limit
Ep 366 |  1000스텝 | 배송 28/50 | 재적재  3 | 정지 0.19 교착최장  13 | step_limit
Ep 367 |  1000스텝 | 배송 26/50 | 재적재  3 | 정지 0.15 교착최장  12 | step_limit
Ep 368 |  1000스텝 | 배송 13/50 | 재적재  0 | 정지 0.03 교착최장   3 | step_limit
Ep 369 |  1000스텝 | 배송 24/50 | 재적재  3 | 정지 0.10 교착최장   4 | step_limit
Ep 370 |  1000스텝 | 배송 27/50 | 재적재  3 | 정지 0.19 교착최장  12 | step_limit
Ep 371 |  1000스텝 | 배송 23/50 | 재적재  3 | 정지 0.19 교착최장  17 | step_limit
Ep 372 |  1000스텝 | 배송 26/50 | 재적재  3 | 정지 0.20 교착최장  14 | step_limit
Ep 373 |  1000스텝 | 배송 26/50 | 재적재  4 | 정지 0.25 교착최장  16 | step_limit
Ep 374 |  1000스텝 | 배송 28/50 | 재적재  4 | 정지 0.19 교착최장  14 | step_limit
Ep 375 |  1000스텝 | 배송 24/50 | 재적재  3 | 정지 0.16 교착최장  15 | step_limit
Ep 376 |  1000스텝 | 배송 31/50 | 재적재  5 | 정지 0.18 교착최장  13 | step_limit
Ep 377 |  1000스텝 | 배송 25/50 | 재적재  3 | 정지 0.24 교착최장  22 | step_limit
Ep 378 |  1000스텝 | 배송 28/50 | 재적재  4 | 정지 0.35 교착최장  36 | step_limit
Ep 379 |  1000스텝 | 배송 23/50 | 재적재  3 | 정지 0.25 교착최장  53 | step_limit
Ep 380 |  1000스텝 | 배송 21/50 | 재적재  2 | 정지 0.11 교착최장   9 | step_limit
Ep 381 |  1000스텝 | 배송 23/50 | 재적재  4 | 정지 0.24 교착최장  11 | step_limit
Ep 382 |  1000스텝 | 배송 29/50 | 재적재  4 | 정지 0.20 교착최장  31 | step_limit
Ep 383 |  1000스텝 | 배송 24/50 | 재적재  3 | 정지 0.11 교착최장   5 | step_limit
Ep 384 |  1000스텝 | 배송 27/50 | 재적재  4 | 정지 0.18 교착최장  22 | step_limit
Ep 385 |  1000스텝 | 배송 25/50 | 재적재  4 | 정지 0.12 교착최장  15 | step_limit
Ep 386 |  1000스텝 | 배송 26/50 | 재적재  4 | 정지 0.16 교착최장  15 | step_limit
Ep 387 |  1000스텝 | 배송 24/50 | 재적재  2 | 정지 0.18 교착최장  27 | step_limit
Ep 388 |  1000스텝 | 배송 24/50 | 재적재  3 | 정지 0.13 교착최장   9 | step_limit
Ep 389 |  1000스텝 | 배송 27/50 | 재적재  4 | 정지 0.12 교착최장   9 | step_limit
Ep 390 |  1000스텝 | 배송 24/50 | 재적재  3 | 정지 0.24 교착최장  19 | step_limit
Ep 391 |  1000스텝 | 배송 28/50 | 재적재  4 | 정지 0.16 교착최장  16 | step_limit
Ep 392 |  1000스텝 | 배송 27/50 | 재적재  4 | 정지 0.12 교착최장   8 | step_limit
Ep 393 |  1000스텝 | 배송 23/50 | 재적재  3 | 정지 0.16 교착최장  10 | step_limit
Ep 394 |  1000스텝 | 배송 30/50 | 재적재  5 | 정지 0.08 교착최장   9 | step_limit
Ep 395 |  1000스텝 | 배송 23/50 | 재적재  3 | 정지 0.17 교착최장  30 | step_limit
Ep 396 |  1000스텝 | 배송 24/50 | 재적재  4 | 정지 0.22 교착최장  28 | step_limit
Ep 397 |  1000스텝 | 배송 25/50 | 재적재  4 | 정지 0.19 교착최장  20 | step_limit
Ep 398 |  1000스텝 | 배송 23/50 | 재적재  2 | 정지 0.16 교착최장  21 | step_limit
Ep 399 |  1000스텝 | 배송 26/50 | 재적재  3 | 정지 0.20 교착최장  16 | step_limit
Ep 400 |  1000스텝 | 배송 23/50 | 재적재  2 | 정지 0.06 교착최장   8 | step_limit
  [홀드아웃] 배송 26.5±4.2 재적재 3.5 2홉+ 0.31 | 최고 39.8@ep50 정체 7/15
Ep 401 |  1000스텝 | 배송 26/50 | 재적재  4 | 정지 0.15 교착최장  23 | step_limit
Ep 402 |  1000스텝 | 배송 25/50 | 재적재  2 | 정지 0.19 교착최장  17 | step_limit
Ep 403 |  1000스텝 | 배송 28/50 | 재적재  5 | 정지 0.21 교착최장  30 | step_limit
Ep 404 |  1000스텝 | 배송 21/50 | 재적재  2 | 정지 0.26 교착최장  52 | step_limit
Ep 405 |  1000스텝 | 배송 21/50 | 재적재  2 | 정지 0.27 교착최장  22 | step_limit
Ep 406 |  1000스텝 | 배송 27/50 | 재적재  4 | 정지 0.13 교착최장  10 | step_limit
Ep 407 |  1000스텝 | 배송 23/50 | 재적재  2 | 정지 0.08 교착최장  13 | step_limit
Ep 408 |  1000스텝 | 배송 24/50 | 재적재  3 | 정지 0.17 교착최장  10 | step_limit
Ep 409 |  1000스텝 | 배송 24/50 | 재적재  3 | 정지 0.19 교착최장  23 | step_limit
Ep 410 |  1000스텝 | 배송 30/50 | 재적재  4 | 정지 0.27 교착최장  25 | step_limit
Ep 411 |  1000스텝 | 배송 22/50 | 재적재  3 | 정지 0.21 교착최장  20 | step_limit
Ep 412 |  1000스텝 | 배송 23/50 | 재적재  3 | 정지 0.22 교착최장   9 | step_limit
Ep 413 |  1000스텝 | 배송  1/50 | 재적재  0 | 정지 0.00 교착최장   0 | step_limit
Ep 414 |  1000스텝 | 배송 25/50 | 재적재  4 | 정지 0.12 교착최장  10 | step_limit
Ep 415 |  1000스텝 | 배송 14/50 | 재적재  1 | 정지 0.06 교착최장   8 | step_limit
Ep 416 |  1000스텝 | 배송 19/50 | 재적재  2 | 정지 0.08 교착최장   6 | step_limit
Ep 417 |  1000스텝 | 배송 22/50 | 재적재  2 | 정지 0.12 교착최장  14 | step_limit
Ep 418 |  1000스텝 | 배송 23/50 | 재적재  3 | 정지 0.20 교착최장  11 | step_limit
Ep 419 |  1000스텝 | 배송 26/50 | 재적재  3 | 정지 0.17 교착최장  18 | step_limit
Ep 420 |  1000스텝 | 배송 23/50 | 재적재  3 | 정지 0.12 교착최장  16 | step_limit
Ep 421 |  1000스텝 | 배송 31/50 | 재적재  6 | 정지 0.18 교착최장  12 | step_limit
Ep 422 |  1000스텝 | 배송 32/50 | 재적재  4 | 정지 0.23 교착최장  27 | step_limit
Ep 423 |  1000스텝 | 배송 25/50 | 재적재  3 | 정지 0.17 교착최장  22 | step_limit
Ep 424 |  1000스텝 | 배송 23/50 | 재적재  3 | 정지 0.20 교착최장  11 | step_limit
Ep 425 |  1000스텝 | 배송 22/50 | 재적재  2 | 정지 0.18 교착최장  17 | step_limit
Ep 426 |  1000스텝 | 배송 24/50 | 재적재  3 | 정지 0.14 교착최장   8 | step_limit
Ep 427 |  1000스텝 | 배송 20/50 | 재적재  2 | 정지 0.13 교착최장  17 | step_limit
Ep 428 |  1000스텝 | 배송 24/50 | 재적재  4 | 정지 0.23 교착최장  11 | step_limit
Ep 429 |  1000스텝 | 배송 27/50 | 재적재  4 | 정지 0.14 교착최장  12 | step_limit
Ep 430 |  1000스텝 | 배송 22/50 | 재적재  2 | 정지 0.14 교착최장  12 | step_limit
Ep 431 |  1000스텝 | 배송 20/50 | 재적재  2 | 정지 0.18 교착최장   7 | step_limit
Ep 432 |  1000스텝 | 배송 23/50 | 재적재  4 | 정지 0.22 교착최장  13 | step_limit
Ep 433 |  1000스텝 | 배송 23/50 | 재적재  3 | 정지 0.12 교착최장  15 | step_limit
Ep 434 |  1000스텝 | 배송 20/50 | 재적재  3 | 정지 0.13 교착최장  12 | step_limit
Ep 435 |  1000스텝 | 배송 21/50 | 재적재  3 | 정지 0.16 교착최장   8 | step_limit
Ep 436 |  1000스텝 | 배송 27/50 | 재적재  3 | 정지 0.28 교착최장  34 | step_limit
Ep 437 |  1000스텝 | 배송 23/50 | 재적재  2 | 정지 0.14 교착최장  14 | step_limit
Ep 438 |  1000스텝 | 배송 23/50 | 재적재  3 | 정지 0.20 교착최장  18 | step_limit
Ep 439 |  1000스텝 | 배송 26/50 | 재적재  4 | 정지 0.20 교착최장  11 | step_limit
Ep 440 |  1000스텝 | 배송 25/50 | 재적재  3 | 정지 0.23 교착최장   9 | step_limit
Ep 441 |  1000스텝 | 배송 21/50 | 재적재  2 | 정지 0.18 교착최장  13 | step_limit
Ep 442 |  1000스텝 | 배송 27/50 | 재적재  4 | 정지 0.15 교착최장  16 | step_limit
Ep 443 |  1000스텝 | 배송 21/50 | 재적재  2 | 정지 0.14 교착최장  15 | step_limit
Ep 444 |  1000스텝 | 배송 20/50 | 재적재  1 | 정지 0.13 교착최장  14 | step_limit
Ep 445 |  1000스텝 | 배송 20/50 | 재적재  2 | 정지 0.08 교착최장  15 | step_limit
Ep 446 |  1000스텝 | 배송 20/50 | 재적재  2 | 정지 0.09 교착최장  12 | step_limit
Ep 447 |  1000스텝 | 배송 18/50 | 재적재  1 | 정지 0.15 교착최장  28 | step_limit
Ep 448 |  1000스텝 | 배송 25/50 | 재적재  3 | 정지 0.18 교착최장  12 | step_limit
Ep 449 |  1000스텝 | 배송 24/50 | 재적재  3 | 정지 0.15 교착최장  35 | step_limit
Ep 450 |  1000스텝 | 배송 24/50 | 재적재  3 | 정지 0.16 교착최장  18 | step_limit
  [홀드아웃] 배송 13.2±10.9 재적재 1.5 2홉+ 0.12 | 최고 39.8@ep50 정체 8/15
Ep 451 |  1000스텝 | 배송 23/50 | 재적재  3 | 정지 0.10 교착최장  13 | step_limit
Ep 452 |  1000스텝 | 배송 22/50 | 재적재  3 | 정지 0.21 교착최장  16 | step_limit
Ep 453 |  1000스텝 | 배송 25/50 | 재적재  3 | 정지 0.15 교착최장  29 | step_limit
Ep 454 |  1000스텝 | 배송 22/50 | 재적재  2 | 정지 0.09 교착최장   6 | step_limit
Ep 455 |  1000스텝 | 배송 25/50 | 재적재  2 | 정지 0.21 교착최장  41 | step_limit
Ep 456 |  1000스텝 | 배송 21/50 | 재적재  3 | 정지 0.14 교착최장  14 | step_limit
Ep 457 |  1000스텝 | 배송 23/50 | 재적재  3 | 정지 0.11 교착최장  10 | step_limit
Ep 458 |  1000스텝 | 배송 21/50 | 재적재  2 | 정지 0.16 교착최장  29 | step_limit
Ep 459 |  1000스텝 | 배송 24/50 | 재적재  3 | 정지 0.16 교착최장  22 | step_limit
Ep 460 |  1000스텝 | 배송 25/50 | 재적재  3 | 정지 0.19 교착최장  18 | step_limit
Ep 461 |  1000스텝 | 배송 24/50 | 재적재  4 | 정지 0.15 교착최장   8 | step_limit
Ep 462 |  1000스텝 | 배송 24/50 | 재적재  3 | 정지 0.13 교착최장  26 | step_limit
Ep 463 |  1000스텝 | 배송 24/50 | 재적재  3 | 정지 0.12 교착최장   6 | step_limit
Ep 464 |  1000스텝 | 배송 20/50 | 재적재  2 | 정지 0.06 교착최장   6 | step_limit
Ep 465 |  1000스텝 | 배송 29/50 | 재적재  4 | 정지 0.23 교착최장  54 | step_limit
Ep 466 |  1000스텝 | 배송 25/50 | 재적재  3 | 정지 0.15 교착최장  18 | step_limit
Ep 467 |  1000스텝 | 배송 27/50 | 재적재  4 | 정지 0.19 교착최장  22 | step_limit
Ep 468 |  1000스텝 | 배송 25/50 | 재적재  3 | 정지 0.19 교착최장  17 | step_limit
Ep 469 |  1000스텝 | 배송 21/50 | 재적재  3 | 정지 0.21 교착최장  15 | step_limit
Ep 470 |  1000스텝 | 배송 31/50 | 재적재  3 | 정지 0.17 교착최장  35 | step_limit
Ep 471 |  1000스텝 | 배송 26/50 | 재적재  4 | 정지 0.09 교착최장   7 | step_limit
Ep 472 |  1000스텝 | 배송 24/50 | 재적재  3 | 정지 0.16 교착최장  29 | step_limit
Ep 473 |  1000스텝 | 배송 26/50 | 재적재  4 | 정지 0.18 교착최장   8 | step_limit
Ep 474 |  1000스텝 | 배송 21/50 | 재적재  3 | 정지 0.12 교착최장   8 | step_limit
Ep 475 |  1000스텝 | 배송 20/50 | 재적재  2 | 정지 0.32 교착최장  35 | step_limit
Ep 476 |  1000스텝 | 배송 28/50 | 재적재  5 | 정지 0.15 교착최장   5 | step_limit
Ep 477 |  1000스텝 | 배송 26/50 | 재적재  4 | 정지 0.14 교착최장  15 | step_limit
Ep 478 |  1000스텝 | 배송 23/50 | 재적재  4 | 정지 0.17 교착최장  20 | step_limit
Ep 479 |  1000스텝 | 배송 25/50 | 재적재  3 | 정지 0.11 교착최장   7 | step_limit
Ep 480 |  1000스텝 | 배송 26/50 | 재적재  4 | 정지 0.09 교착최장  15 | step_limit
Ep 481 |  1000스텝 | 배송 28/50 | 재적재  3 | 정지 0.09 교착최장  16 | step_limit
Ep 482 |  1000스텝 | 배송 36/50 | 재적재  5 | 정지 0.16 교착최장  13 | step_limit
Ep 483 |  1000스텝 | 배송 25/50 | 재적재  3 | 정지 0.21 교착최장  18 | step_limit
Ep 484 |  1000스텝 | 배송 24/50 | 재적재  4 | 정지 0.15 교착최장   8 | step_limit
Ep 485 |  1000스텝 | 배송 23/50 | 재적재  3 | 정지 0.15 교착최장  13 | step_limit
Ep 486 |  1000스텝 | 배송 25/50 | 재적재  3 | 정지 0.15 교착최장  11 | step_limit
Ep 487 |  1000스텝 | 배송 19/50 | 재적재  1 | 정지 0.10 교착최장   6 | step_limit
Ep 488 |  1000스텝 | 배송 23/50 | 재적재  3 | 정지 0.11 교착최장  10 | step_limit
Ep 489 |  1000스텝 | 배송 25/50 | 재적재  3 | 정지 0.13 교착최장  17 | step_limit
Ep 490 |  1000스텝 | 배송 19/50 | 재적재  2 | 정지 0.13 교착최장  16 | step_limit
Ep 491 |  1000스텝 | 배송 25/50 | 재적재  3 | 정지 0.09 교착최장   4 | step_limit
Ep 492 |  1000스텝 | 배송 26/50 | 재적재  4 | 정지 0.17 교착최장  13 | step_limit
Ep 493 |  1000스텝 | 배송 22/50 | 재적재  3 | 정지 0.13 교착최장  14 | step_limit
Ep 494 |  1000스텝 | 배송 29/50 | 재적재  4 | 정지 0.19 교착최장  31 | step_limit
Ep 495 |  1000스텝 | 배송 25/50 | 재적재  4 | 정지 0.26 교착최장  47 | step_limit
Ep 496 |  1000스텝 | 배송 29/50 | 재적재  4 | 정지 0.15 교착최장  18 | step_limit
Ep 497 |  1000스텝 | 배송 18/50 | 재적재  2 | 정지 0.13 교착최장   7 | step_limit
Ep 498 |  1000스텝 | 배송 28/50 | 재적재  4 | 정지 0.16 교착최장  14 | step_limit
Ep 499 |  1000스텝 | 배송 24/50 | 재적재  3 | 정지 0.18 교착최장  16 | step_limit
Ep 500 |  1000스텝 | 배송 27/50 | 재적재  4 | 정지 0.08 교착최장   9 | step_limit
  [홀드아웃] 배송 14.7±9.8 재적재 1.8 2홉+ 0.12 | 최고 39.8@ep50 정체 9/15
Ep 501 |  1000스텝 | 배송 23/50 | 재적재  3 | 정지 0.13 교착최장  12 | step_limit
Ep 502 |  1000스텝 | 배송 25/50 | 재적재  4 | 정지 0.19 교착최장  12 | step_limit
Ep 503 |  1000스텝 | 배송 23/50 | 재적재  3 | 정지 0.18 교착최장   9 | step_limit
Ep 504 |  1000스텝 | 배송 25/50 | 재적재  3 | 정지 0.12 교착최장  14 | step_limit
Ep 505 |  1000스텝 | 배송 21/50 | 재적재  2 | 정지 0.08 교착최장  10 | step_limit
Ep 506 |  1000스텝 | 배송 22/50 | 재적재  2 | 정지 0.19 교착최장  16 | step_limit
Ep 507 |  1000스텝 | 배송 24/50 | 재적재  3 | 정지 0.11 교착최장   7 | step_limit
Ep 508 |  1000스텝 | 배송 21/50 | 재적재  3 | 정지 0.12 교착최장  14 | step_limit
Ep 509 |  1000스텝 | 배송 21/50 | 재적재  3 | 정지 0.17 교착최장  10 | step_limit
Ep 510 |  1000스텝 | 배송 21/50 | 재적재  2 | 정지 0.06 교착최장  10 | step_limit
Ep 511 |  1000스텝 | 배송 22/50 | 재적재  3 | 정지 0.13 교착최장  11 | step_limit
Ep 512 |  1000스텝 | 배송 24/50 | 재적재  4 | 정지 0.12 교착최장  13 | step_limit
Ep 513 |  1000스텝 | 배송 23/50 | 재적재  3 | 정지 0.17 교착최장  18 | step_limit
Ep 514 |  1000스텝 | 배송 26/50 | 재적재  4 | 정지 0.12 교착최장  10 | step_limit
Ep 515 |  1000스텝 | 배송 20/50 | 재적재  2 | 정지 0.14 교착최장   9 | step_limit
Ep 516 |  1000스텝 | 배송 21/50 | 재적재  3 | 정지 0.10 교착최장  13 | step_limit
Ep 517 |  1000스텝 | 배송 20/50 | 재적재  2 | 정지 0.18 교착최장  11 | step_limit
Ep 518 |  1000스텝 | 배송 27/50 | 재적재  4 | 정지 0.13 교착최장  19 | step_limit
Ep 519 |  1000스텝 | 배송 26/50 | 재적재  3 | 정지 0.16 교착최장  17 | step_limit
Ep 520 |  1000스텝 | 배송 27/50 | 재적재  4 | 정지 0.19 교착최장  13 | step_limit
Ep 521 |  1000스텝 | 배송 25/50 | 재적재  3 | 정지 0.17 교착최장   9 | step_limit
Ep 522 |  1000스텝 | 배송 19/50 | 재적재  2 | 정지 0.11 교착최장   7 | step_limit
Ep 523 |  1000스텝 | 배송 22/50 | 재적재  3 | 정지 0.12 교착최장  25 | step_limit
Ep 524 |  1000스텝 | 배송 30/50 | 재적재  4 | 정지 0.19 교착최장  16 | step_limit
Ep 525 |  1000스텝 | 배송 23/50 | 재적재  3 | 정지 0.20 교착최장  15 | step_limit
Ep 526 |  1000스텝 | 배송 26/50 | 재적재  3 | 정지 0.15 교착최장  12 | step_limit
Ep 527 |  1000스텝 | 배송 30/50 | 재적재  4 | 정지 0.13 교착최장  25 | step_limit
Ep 528 |  1000스텝 | 배송 22/50 | 재적재  3 | 정지 0.13 교착최장  17 | step_limit
Ep 529 |  1000스텝 | 배송 21/50 | 재적재  2 | 정지 0.12 교착최장   8 | step_limit
Ep 530 |  1000스텝 | 배송 24/50 | 재적재  3 | 정지 0.18 교착최장  11 | step_limit
Ep 531 |  1000스텝 | 배송 26/50 | 재적재  3 | 정지 0.10 교착최장   9 | step_limit
Ep 532 |  1000스텝 | 배송 23/50 | 재적재  4 | 정지 0.07 교착최장  16 | step_limit
Ep 533 |  1000스텝 | 배송 26/50 | 재적재  4 | 정지 0.16 교착최장   7 | step_limit
Ep 534 |  1000스텝 | 배송 22/50 | 재적재  2 | 정지 0.12 교착최장  10 | step_limit
Ep 535 |  1000스텝 | 배송 30/50 | 재적재  4 | 정지 0.12 교착최장  24 | step_limit
Ep 536 |  1000스텝 | 배송 21/50 | 재적재  2 | 정지 0.07 교착최장  30 | step_limit
Ep 537 |  1000스텝 | 배송 18/50 | 재적재  1 | 정지 0.07 교착최장   6 | step_limit
Ep 538 |  1000스텝 | 배송 27/50 | 재적재  3 | 정지 0.11 교착최장   9 | step_limit
Ep 539 |  1000스텝 | 배송 22/50 | 재적재  4 | 정지 0.10 교착최장   8 | step_limit
Ep 540 |  1000스텝 | 배송 28/50 | 재적재  3 | 정지 0.18 교착최장  20 | step_limit
Ep 541 |  1000스텝 | 배송 27/50 | 재적재  5 | 정지 0.12 교착최장  14 | step_limit
Ep 542 |  1000스텝 | 배송 24/50 | 재적재  2 | 정지 0.16 교착최장   8 | step_limit
Ep 543 |  1000스텝 | 배송 21/50 | 재적재  2 | 정지 0.10 교착최장   7 | step_limit
Ep 544 |  1000스텝 | 배송 24/50 | 재적재  4 | 정지 0.10 교착최장  15 | step_limit
Ep 545 |  1000스텝 | 배송 24/50 | 재적재  3 | 정지 0.14 교착최장  14 | step_limit
Ep 546 |  1000스텝 | 배송 21/50 | 재적재  2 | 정지 0.21 교착최장  15 | step_limit
Ep 547 |  1000스텝 | 배송 20/50 | 재적재  2 | 정지 0.15 교착최장   9 | step_limit
Ep 548 |  1000스텝 | 배송 20/50 | 재적재  2 | 정지 0.11 교착최장   7 | step_limit
Ep 549 |  1000스텝 | 배송 19/50 | 재적재  3 | 정지 0.19 교착최장  13 | step_limit
Ep 550 |  1000스텝 | 배송 19/50 | 재적재  3 | 정지 0.27 교착최장  19 | step_limit
  [홀드아웃] 배송 22.6±3.3 재적재 2.9 2홉+ 0.23 | 최고 39.8@ep50 정체 10/15
Ep 551 |  1000스텝 | 배송 22/50 | 재적재  2 | 정지 0.21 교착최장  52 | step_limit
Ep 552 |  1000스텝 | 배송 21/50 | 재적재  3 | 정지 0.12 교착최장   7 | step_limit
Ep 553 |  1000스텝 | 배송 28/50 | 재적재  3 | 정지 0.23 교착최장  58 | step_limit
Ep 554 |  1000스텝 | 배송 29/50 | 재적재  4 | 정지 0.22 교착최장  86 | step_limit
Ep 555 |  1000스텝 | 배송 26/50 | 재적재  3 | 정지 0.21 교착최장  12 | step_limit
Ep 556 |  1000스텝 | 배송 24/50 | 재적재  4 | 정지 0.19 교착최장  18 | step_limit
Ep 557 |  1000스텝 | 배송 26/50 | 재적재  4 | 정지 0.18 교착최장  51 | step_limit
Ep 558 |  1000스텝 | 배송 20/50 | 재적재  3 | 정지 0.17 교착최장  27 | step_limit
Ep 559 |  1000스텝 | 배송 23/50 | 재적재  3 | 정지 0.24 교착최장  23 | step_limit
Ep 560 |  1000스텝 | 배송 21/50 | 재적재  2 | 정지 0.32 교착최장 106 | step_limit
Ep 561 |  1000스텝 | 배송 22/50 | 재적재  3 | 정지 0.25 교착최장  11 | step_limit
Ep 562 |  1000스텝 | 배송 24/50 | 재적재  3 | 정지 0.10 교착최장   8 | step_limit
Ep 563 |  1000스텝 | 배송 19/50 | 재적재  2 | 정지 0.21 교착최장  36 | step_limit
Ep 564 |  1000스텝 | 배송 28/50 | 재적재  4 | 정지 0.15 교착최장  29 | step_limit
Ep 565 |  1000스텝 | 배송 21/50 | 재적재  3 | 정지 0.12 교착최장  16 | step_limit
Ep 566 |  1000스텝 | 배송 24/50 | 재적재  3 | 정지 0.21 교착최장  34 | step_limit
Ep 567 |  1000스텝 | 배송 24/50 | 재적재  3 | 정지 0.25 교착최장  15 | step_limit
Ep 568 |  1000스텝 | 배송 21/50 | 재적재  3 | 정지 0.20 교착최장  22 | step_limit
Ep 569 |  1000스텝 | 배송 24/50 | 재적재  4 | 정지 0.17 교착최장  13 | step_limit
Ep 570 |  1000스텝 | 배송 27/50 | 재적재  4 | 정지 0.22 교착최장  20 | step_limit
Ep 571 |  1000스텝 | 배송 22/50 | 재적재  2 | 정지 0.08 교착최장  18 | step_limit
Ep 572 |  1000스텝 | 배송 29/50 | 재적재  4 | 정지 0.28 교착최장  24 | step_limit
Ep 573 |  1000스텝 | 배송 22/50 | 재적재  3 | 정지 0.14 교착최장  11 | step_limit
Ep 574 |  1000스텝 | 배송 31/50 | 재적재  4 | 정지 0.16 교착최장  18 | step_limit
Ep 575 |  1000스텝 | 배송 25/50 | 재적재  4 | 정지 0.17 교착최장  12 | step_limit
Ep 576 |  1000스텝 | 배송 25/50 | 재적재  3 | 정지 0.17 교착최장  14 | step_limit
Ep 577 |  1000스텝 | 배송 22/50 | 재적재  4 | 정지 0.10 교착최장  10 | step_limit
Ep 578 |  1000스텝 | 배송 21/50 | 재적재  3 | 정지 0.16 교착최장   5 | step_limit
Ep 579 |  1000스텝 | 배송 26/50 | 재적재  4 | 정지 0.17 교착최장  14 | step_limit
Ep 580 |  1000스텝 | 배송 27/50 | 재적재  4 | 정지 0.22 교착최장  30 | step_limit
Ep 581 |  1000스텝 | 배송 26/50 | 재적재  4 | 정지 0.20 교착최장  15 | step_limit
Ep 582 |  1000스텝 | 배송 19/50 | 재적재  2 | 정지 0.19 교착최장   9 | step_limit
Ep 583 |  1000스텝 | 배송 22/50 | 재적재  3 | 정지 0.23 교착최장  12 | step_limit
Ep 584 |  1000스텝 | 배송 24/50 | 재적재  4 | 정지 0.20 교착최장  16 | step_limit
Ep 585 |  1000스텝 | 배송 23/50 | 재적재  3 | 정지 0.09 교착최장   8 | step_limit
Ep 586 |  1000스텝 | 배송 21/50 | 재적재  3 | 정지 0.09 교착최장   9 | step_limit
Ep 587 |  1000스텝 | 배송 20/50 | 재적재  2 | 정지 0.17 교착최장  30 | step_limit
Ep 588 |  1000스텝 | 배송 27/50 | 재적재  4 | 정지 0.13 교착최장   6 | step_limit
Ep 589 |  1000스텝 | 배송 27/50 | 재적재  3 | 정지 0.22 교착최장  25 | step_limit
Ep 590 |  1000스텝 | 배송 22/50 | 재적재  3 | 정지 0.14 교착최장  12 | step_limit
Ep 591 |  1000스텝 | 배송 22/50 | 재적재  3 | 정지 0.12 교착최장   6 | step_limit
Ep 592 |  1000스텝 | 배송 23/50 | 재적재  3 | 정지 0.09 교착최장  33 | step_limit
Ep 593 |  1000스텝 | 배송 27/50 | 재적재  4 | 정지 0.16 교착최장  12 | step_limit
Ep 594 |  1000스텝 | 배송 25/50 | 재적재  3 | 정지 0.17 교착최장  10 | step_limit
Ep 595 |  1000스텝 | 배송 27/50 | 재적재  4 | 정지 0.27 교착최장  18 | step_limit
Ep 596 |  1000스텝 | 배송 24/50 | 재적재  2 | 정지 0.17 교착최장  10 | step_limit
Ep 597 |  1000스텝 | 배송 26/50 | 재적재  4 | 정지 0.21 교착최장  14 | step_limit
Ep 598 |  1000스텝 | 배송 26/50 | 재적재  3 | 정지 0.10 교착최장  11 | step_limit
Ep 599 |  1000스텝 | 배송 26/50 | 재적재  3 | 정지 0.17 교착최장  17 | step_limit
Ep 600 |  1000스텝 | 배송 24/50 | 재적재  4 | 정지 0.09 교착최장   6 | step_limit
  [홀드아웃] 배송 13.7±7.8 재적재 1.3 2홉+ 0.10 | 최고 39.8@ep50 정체 11/15
Ep 601 |  1000스텝 | 배송 26/50 | 재적재  3 | 정지 0.19 교착최장  23 | step_limit
Ep 602 |  1000스텝 | 배송 27/50 | 재적재  4 | 정지 0.06 교착최장   6 | step_limit
Ep 603 |  1000스텝 | 배송 22/50 | 재적재  4 | 정지 0.09 교착최장  13 | step_limit
Ep 604 |  1000스텝 | 배송 28/50 | 재적재  3 | 정지 0.16 교착최장  10 | step_limit
Ep 605 |  1000스텝 | 배송 18/50 | 재적재  2 | 정지 0.15 교착최장  10 | step_limit
Ep 606 |  1000스텝 | 배송 22/50 | 재적재  3 | 정지 0.12 교착최장  10 | step_limit
Ep 607 |  1000스텝 | 배송 21/50 | 재적재  3 | 정지 0.17 교착최장  14 | step_limit
Ep 608 |  1000스텝 | 배송 23/50 | 재적재  3 | 정지 0.11 교착최장   8 | step_limit
Ep 609 |  1000스텝 | 배송 25/50 | 재적재  4 | 정지 0.16 교착최장  33 | step_limit
Ep 610 |  1000스텝 | 배송 23/50 | 재적재  3 | 정지 0.18 교착최장  14 | step_limit
Ep 611 |  1000스텝 | 배송 25/50 | 재적재  3 | 정지 0.11 교착최장  20 | step_limit
Ep 612 |  1000스텝 | 배송 21/50 | 재적재  2 | 정지 0.20 교착최장  18 | step_limit
Ep 613 |  1000스텝 | 배송 25/50 | 재적재  4 | 정지 0.19 교착최장  11 | step_limit
Ep 614 |  1000스텝 | 배송 24/50 | 재적재  3 | 정지 0.22 교착최장  18 | step_limit
Ep 615 |  1000스텝 | 배송 17/50 | 재적재  2 | 정지 0.24 교착최장  12 | step_limit
Ep 616 |  1000스텝 | 배송 24/50 | 재적재  2 | 정지 0.11 교착최장  10 | step_limit
Ep 617 |  1000스텝 | 배송 22/50 | 재적재  3 | 정지 0.13 교착최장  13 | step_limit
Ep 618 |  1000스텝 | 배송 24/50 | 재적재  4 | 정지 0.17 교착최장  16 | step_limit
Ep 619 |  1000스텝 | 배송 31/50 | 재적재  3 | 정지 0.10 교착최장  11 | step_limit
Ep 620 |  1000스텝 | 배송 23/50 | 재적재  3 | 정지 0.14 교착최장   9 | step_limit
Ep 621 |  1000스텝 | 배송 22/50 | 재적재  3 | 정지 0.14 교착최장  10 | step_limit
Ep 622 |  1000스텝 | 배송 19/50 | 재적재  3 | 정지 0.16 교착최장  10 | step_limit
Ep 623 |  1000스텝 | 배송 22/50 | 재적재  3 | 정지 0.15 교착최장  12 | step_limit
Ep 624 |  1000스텝 | 배송 16/50 | 재적재  1 | 정지 0.15 교착최장  23 | step_limit
Ep 625 |  1000스텝 | 배송 21/50 | 재적재  3 | 정지 0.24 교착최장  17 | step_limit
Ep 626 |  1000스텝 | 배송 16/50 | 재적재  2 | 정지 0.07 교착최장  13 | step_limit
Ep 627 |  1000스텝 | 배송 24/50 | 재적재  3 | 정지 0.22 교착최장  12 | step_limit
Ep 628 |  1000스텝 | 배송 22/50 | 재적재  4 | 정지 0.21 교착최장  39 | step_limit
Ep 629 |  1000스텝 | 배송 25/50 | 재적재  3 | 정지 0.10 교착최장  28 | step_limit
Ep 630 |  1000스텝 | 배송 17/50 | 재적재  1 | 정지 0.22 교착최장  47 | step_limit
Ep 631 |  1000스텝 | 배송 22/50 | 재적재  3 | 정지 0.04 교착최장   4 | step_limit
Ep 632 |  1000스텝 | 배송 27/50 | 재적재  4 | 정지 0.15 교착최장  11 | step_limit
Ep 633 |  1000스텝 | 배송 24/50 | 재적재  4 | 정지 0.19 교착최장  39 | step_limit
Ep 634 |  1000스텝 | 배송  8/50 | 재적재  0 | 정지 0.00 교착최장   1 | step_limit
Ep 635 |  1000스텝 | 배송 21/50 | 재적재  1 | 정지 0.18 교착최장  27 | step_limit
Ep 636 |  1000스텝 | 배송 18/50 | 재적재  3 | 정지 0.32 교착최장  44 | step_limit
Ep 637 |  1000스텝 | 배송 19/50 | 재적재  3 | 정지 0.11 교착최장  18 | step_limit
Ep 638 |  1000스텝 | 배송 21/50 | 재적재  4 | 정지 0.20 교착최장  13 | step_limit
Ep 639 |  1000스텝 | 배송 17/50 | 재적재  1 | 정지 0.08 교착최장   7 | step_limit
Ep 640 |  1000스텝 | 배송 23/50 | 재적재  3 | 정지 0.16 교착최장  12 | step_limit
Ep 641 |  1000스텝 | 배송 21/50 | 재적재  2 | 정지 0.10 교착최장  10 | step_limit
Ep 642 |  1000스텝 | 배송 20/50 | 재적재  3 | 정지 0.13 교착최장  16 | step_limit
Ep 643 |  1000스텝 | 배송 24/50 | 재적재  2 | 정지 0.27 교착최장  14 | step_limit
Ep 644 |  1000스텝 | 배송 27/50 | 재적재  3 | 정지 0.15 교착최장   9 | step_limit
Ep 645 |  1000스텝 | 배송 20/50 | 재적재  1 | 정지 0.09 교착최장  10 | step_limit
Ep 646 |  1000스텝 | 배송 26/50 | 재적재  3 | 정지 0.08 교착최장   6 | step_limit
Ep 647 |  1000스텝 | 배송 25/50 | 재적재  3 | 정지 0.09 교착최장  10 | step_limit
Ep 648 |  1000스텝 | 배송 21/50 | 재적재  2 | 정지 0.13 교착최장  12 | step_limit
Ep 649 |  1000스텝 | 배송 27/50 | 재적재  4 | 정지 0.12 교착최장  15 | step_limit
Ep 650 |  1000스텝 | 배송 16/50 | 재적재  2 | 정지 0.12 교착최장  37 | step_limit
  [홀드아웃] 배송 12.7±10.4 재적재 1.6 2홉+ 0.12 | 최고 39.8@ep50 정체 12/15
Ep 651 |  1000스텝 | 배송 28/50 | 재적재  5 | 정지 0.10 교착최장   9 | step_limit
Ep 652 |  1000스텝 | 배송 21/50 | 재적재  3 | 정지 0.09 교착최장  15 | step_limit
Ep 653 |  1000스텝 | 배송 24/50 | 재적재  2 | 정지 0.15 교착최장  12 | step_limit
Ep 654 |  1000스텝 | 배송 26/50 | 재적재  3 | 정지 0.20 교착최장  33 | step_limit
Ep 655 |  1000스텝 | 배송 23/50 | 재적재  2 | 정지 0.19 교착최장  97 | step_limit
Ep 656 |  1000스텝 | 배송 20/50 | 재적재  2 | 정지 0.16 교착최장  16 | step_limit
Ep 657 |  1000스텝 | 배송 30/50 | 재적재  4 | 정지 0.17 교착최장  28 | step_limit
Ep 658 |  1000스텝 | 배송 20/50 | 재적재  3 | 정지 0.15 교착최장  12 | step_limit
Ep 659 |  1000스텝 | 배송 20/50 | 재적재  2 | 정지 0.23 교착최장  42 | step_limit
Ep 660 |  1000스텝 | 배송 25/50 | 재적재  3 | 정지 0.18 교착최장  11 | step_limit
Ep 661 |  1000스텝 | 배송 25/50 | 재적재  3 | 정지 0.10 교착최장  33 | step_limit
Ep 662 |  1000스텝 | 배송 19/50 | 재적재  3 | 정지 0.08 교착최장   7 | step_limit
Ep 663 |  1000스텝 | 배송 19/50 | 재적재  2 | 정지 0.08 교착최장  14 | step_limit
Ep 664 |  1000스텝 | 배송 18/50 | 재적재  2 | 정지 0.12 교착최장   9 | step_limit
Ep 665 |  1000스텝 | 배송 26/50 | 재적재  3 | 정지 0.15 교착최장  14 | step_limit
Ep 666 |  1000스텝 | 배송 24/50 | 재적재  3 | 정지 0.12 교착최장   4 | step_limit
Ep 667 |  1000스텝 | 배송 22/50 | 재적재  2 | 정지 0.11 교착최장  18 | step_limit
Ep 668 |  1000스텝 | 배송 27/50 | 재적재  3 | 정지 0.17 교착최장   8 | step_limit
Ep 669 |  1000스텝 | 배송 27/50 | 재적재  4 | 정지 0.15 교착최장  21 | step_limit
Ep 670 |  1000스텝 | 배송 22/50 | 재적재  3 | 정지 0.12 교착최장   9 | step_limit
Ep 671 |  1000스텝 | 배송 19/50 | 재적재  3 | 정지 0.07 교착최장  11 | step_limit
Ep 672 |  1000스텝 | 배송 17/50 | 재적재  2 | 정지 0.06 교착최장   5 | step_limit
Ep 673 |  1000스텝 | 배송 20/50 | 재적재  2 | 정지 0.10 교착최장  19 | step_limit
Ep 674 |  1000스텝 | 배송 28/50 | 재적재  3 | 정지 0.17 교착최장  25 | step_limit
Ep 675 |  1000스텝 | 배송 34/50 | 재적재  4 | 정지 0.14 교착최장  10 | step_limit
Ep 676 |  1000스텝 | 배송 24/50 | 재적재  3 | 정지 0.14 교착최장  17 | step_limit
Ep 677 |  1000스텝 | 배송 20/50 | 재적재  2 | 정지 0.15 교착최장  11 | step_limit
Ep 678 |  1000스텝 | 배송 19/50 | 재적재  2 | 정지 0.17 교착최장  32 | step_limit
Ep 679 |  1000스텝 | 배송 20/50 | 재적재  2 | 정지 0.09 교착최장  10 | step_limit
Ep 680 |  1000스텝 | 배송 20/50 | 재적재  2 | 정지 0.06 교착최장  19 | step_limit
Ep 681 |  1000스텝 | 배송 21/50 | 재적재  2 | 정지 0.16 교착최장  11 | step_limit
Ep 682 |  1000스텝 | 배송 24/50 | 재적재  3 | 정지 0.13 교착최장  15 | step_limit
Ep 683 |  1000스텝 | 배송 23/50 | 재적재  3 | 정지 0.12 교착최장  11 | step_limit
Ep 684 |  1000스텝 | 배송 28/50 | 재적재  4 | 정지 0.18 교착최장  13 | step_limit
Ep 685 |  1000스텝 | 배송 23/50 | 재적재  3 | 정지 0.16 교착최장  18 | step_limit
Ep 686 |  1000스텝 | 배송 23/50 | 재적재  3 | 정지 0.11 교착최장  15 | step_limit
Ep 687 |  1000스텝 | 배송 27/50 | 재적재  3 | 정지 0.20 교착최장  13 | step_limit
Ep 688 |  1000스텝 | 배송 24/50 | 재적재  2 | 정지 0.13 교착최장  13 | step_limit
Ep 689 |  1000스텝 | 배송 21/50 | 재적재  4 | 정지 0.15 교착최장  26 | step_limit
Ep 690 |  1000스텝 | 배송 24/50 | 재적재  3 | 정지 0.17 교착최장  14 | step_limit
Ep 691 |  1000스텝 | 배송 21/50 | 재적재  3 | 정지 0.14 교착최장  13 | step_limit
Ep 692 |  1000스텝 | 배송 21/50 | 재적재  3 | 정지 0.17 교착최장  12 | step_limit
Ep 693 |  1000스텝 | 배송 21/50 | 재적재  3 | 정지 0.15 교착최장  11 | step_limit
Ep 694 |  1000스텝 | 배송 22/50 | 재적재  4 | 정지 0.06 교착최장   6 | step_limit
Ep 695 |  1000스텝 | 배송 23/50 | 재적재  2 | 정지 0.15 교착최장  11 | step_limit
Ep 696 |  1000스텝 | 배송 22/50 | 재적재  3 | 정지 0.14 교착최장  19 | step_limit
Ep 697 |  1000스텝 | 배송 22/50 | 재적재  2 | 정지 0.17 교착최장  10 | step_limit
Ep 698 |  1000스텝 | 배송 21/50 | 재적재  3 | 정지 0.09 교착최장  14 | step_limit
Ep 699 |  1000스텝 | 배송 22/50 | 재적재  2 | 정지 0.27 교착최장 161 | step_limit
Ep 700 |  1000스텝 | 배송 19/50 | 재적재  2 | 정지 0.09 교착최장  17 | step_limit
  [홀드아웃] 배송 7.7±10.4 재적재 1.0 2홉+ 0.06 | 최고 39.8@ep50 정체 13/15
Ep 701 |  1000스텝 | 배송 23/50 | 재적재  3 | 정지 0.20 교착최장  19 | step_limit
Ep 702 |  1000스텝 | 배송 22/50 | 재적재  3 | 정지 0.09 교착최장  15 | step_limit
Ep 703 |  1000스텝 | 배송 28/50 | 재적재  3 | 정지 0.13 교착최장  11 | step_limit
Ep 704 |  1000스텝 | 배송 29/50 | 재적재  3 | 정지 0.19 교착최장  38 | step_limit
Ep 705 |  1000스텝 | 배송 27/50 | 재적재  2 | 정지 0.14 교착최장   7 | step_limit
Ep 706 |  1000스텝 | 배송 20/50 | 재적재  3 | 정지 0.10 교착최장   8 | step_limit
Ep 707 |  1000스텝 | 배송 20/50 | 재적재  3 | 정지 0.05 교착최장   7 | step_limit
Ep 708 |  1000스텝 | 배송 27/50 | 재적재  4 | 정지 0.16 교착최장  24 | step_limit
Ep 709 |  1000스텝 | 배송 19/50 | 재적재  3 | 정지 0.09 교착최장  18 | step_limit
Ep 710 |  1000스텝 | 배송 22/50 | 재적재  4 | 정지 0.08 교착최장   6 | step_limit
Ep 711 |  1000스텝 | 배송 19/50 | 재적재  2 | 정지 0.08 교착최장   9 | step_limit
Ep 712 |  1000스텝 | 배송 27/50 | 재적재  4 | 정지 0.13 교착최장  17 | step_limit
Ep 713 |  1000스텝 | 배송 22/50 | 재적재  2 | 정지 0.16 교착최장  16 | step_limit
Ep 714 |  1000스텝 | 배송 20/50 | 재적재  2 | 정지 0.11 교착최장  10 | step_limit
Ep 715 |  1000스텝 | 배송 32/50 | 재적재  5 | 정지 0.15 교착최장  26 | step_limit
Ep 716 |  1000스텝 | 배송 19/50 | 재적재  2 | 정지 0.10 교착최장  13 | step_limit
Ep 717 |  1000스텝 | 배송 19/50 | 재적재  2 | 정지 0.14 교착최장  10 | step_limit
Ep 718 |  1000스텝 | 배송 19/50 | 재적재  2 | 정지 0.10 교착최장   6 | step_limit
Ep 719 |  1000스텝 | 배송 29/50 | 재적재  5 | 정지 0.17 교착최장  10 | step_limit
Ep 720 |  1000스텝 | 배송 20/50 | 재적재  2 | 정지 0.15 교착최장  10 | step_limit
