/home/kopt/enter/envs/wsl_neuroMCTS/lib/python3.10/site-packages/pygame/pkgdata.py:25: UserWarning: pkg_resources is deprecated as an API. See https://setuptools.pypa.io/en/latest/pkg_resources.html. The pkg_resources package is slated for removal as early as 2025-11-30. Refrain from using this package or pin to Setuptools<81.
  from pkg_resources import resource_stream, resource_exists
pygame 2.6.1 (SDL 2.28.4, Python 3.10.19)
Hello from the pygame community. https://www.pygame.org/contribute.html
지도를 성공적으로 로드했습니다: /home/kopt/drone/proposed_src/util/disaster_map.npy
지도를 성공적으로 로드했습니다: /home/kopt/drone/proposed_src/util/disaster_map.npy
Using device: cuda  tag=v2_26_08_25_14_e1_alpha
설정: relay_w=0.0 alpha_min=0.05 relay_credit=False n_peers=2
obs_dim=19, state_dim=66, total_act_dim=8
조기 종료: 50ep마다 홀드아웃 6개 평가, patience=15회
Ep 1 | Step 1000 | R  -114.60 | 배송  0/50 | 미활동 4 | 2홉+ 0.01 | 도달  502 | 차단    0
Ep 2 | Step 1000 | R   -83.17 | 배송  0/50 | 미활동 4 | 2홉+ 0.05 | 도달  502 | 차단    0
Ep 3 | Step 1000 | R   -79.43 | 배송  0/50 | 미활동 4 | 2홉+ 0.03 | 도달  502 | 차단    0
Ep 4 | Step 1000 | R   -58.33 | 배송  0/50 | 미활동 4 | 2홉+ 0.06 | 도달  502 | 차단    0
Ep 5 | Step 1000 | R   -83.46 | 배송  0/50 | 미활동 4 | 2홉+ 0.03 | 도달  502 | 차단    0
Ep 6 | Step 1000 | R   -29.20 | 배송  6/50 | 미활동 1 | 2홉+ 0.55 | 도달 1074 | 차단  348
Ep 7 | Step 1000 | R   101.07 | 배송 15/50 | 미활동 0 | 2홉+ 0.46 | 도달 1072 | 차단  351
Ep 8 | Step 1000 | R    95.87 | 배송 14/50 | 미활동 0 | 2홉+ 0.56 | 도달 1074 | 차단  577
Ep 9 | Step 1000 | R    89.23 | 배송 13/50 | 미활동 0 | 2홉+ 0.61 | 도달 1053 | 차단 1198
Ep 10 | Step 1000 | R    77.20 | 배송 13/50 | 미활동 0 | 2홉+ 0.67 | 도달 1048 | 차단  585
Ep 11 | Step 1000 | R   108.44 | 배송 16/50 | 미활동 0 | 2홉+ 0.66 | 도달 1074 | 차단 1309
Ep 12 | Step 1000 | R    97.17 | 배송 14/50 | 미활동 1 | 2홉+ 0.66 | 도달 1074 | 차단 1505
Ep 13 | Step 1000 | R   126.66 | 배송 15/50 | 미활동 0 | 2홉+ 0.67 | 도달 1046 | 차단  530
Ep 14 | Step 1000 | R    34.04 | 배송 10/50 | 미활동 1 | 2홉+ 0.68 | 도달 1026 | 차단 1932
Ep 15 | Step 1000 | R    54.73 | 배송 11/50 | 미활동 1 | 2홉+ 0.66 | 도달 1074 | 차단 1144
Ep 16 | Step 1000 | R   117.60 | 배송 17/50 | 미활동 0 | 2홉+ 0.66 | 도달 1074 | 차단 1438
Ep 17 | Step 1000 | R    96.08 | 배송 14/50 | 미활동 0 | 2홉+ 0.66 | 도달 1074 | 차단  739
Ep 18 | Step 1000 | R   120.13 | 배송 16/50 | 미활동 0 | 2홉+ 0.66 | 도달 1065 | 차단 1236
Ep 19 | Step 1000 | R   101.59 | 배송 15/50 | 미활동 0 | 2홉+ 0.68 | 도달 1064 | 차단  977
Ep 20 | Step 1000 | R   116.72 | 배송 17/50 | 미활동 0 | 2홉+ 0.66 | 도달 1074 | 차단 1727
Ep 21 | Step 1000 | R   148.62 | 배송 20/50 | 미활동 0 | 2홉+ 0.44 | 도달 1074 | 차단 1480
Ep 22 | Step 1000 | R    96.02 | 배송 15/50 | 미활동 0 | 2홉+ 0.65 | 도달  997 | 차단 2325
Ep 23 | Step 1000 | R   112.01 | 배송 15/50 | 미활동 0 | 2홉+ 0.68 | 도달  997 | 차단 1142
Ep 24 | Step 1000 | R    95.07 | 배송 13/50 | 미활동 0 | 2홉+ 0.68 | 도달 1069 | 차단 1500
Ep 25 | Step 1000 | R   155.34 | 배송 18/50 | 미활동 0 | 2홉+ 0.56 | 도달 1003 | 차단 1007
Ep 26 | Step 1000 | R   127.49 | 배송 16/50 | 미활동 0 | 2홉+ 0.57 | 도달 1074 | 차단  781
Ep 27 | Step 1000 | R    96.24 | 배송 15/50 | 미활동 0 | 2홉+ 0.66 | 도달 1074 | 차단 2155
Ep 28 | Step 1000 | R    98.41 | 배송 14/50 | 미활동 0 | 2홉+ 0.64 | 도달 1074 | 차단 1001
Ep 29 | Step 1000 | R   105.06 | 배송 14/50 | 미활동 0 | 2홉+ 0.65 | 도달 1074 | 차단  953
Ep 30 | Step 1000 | R   141.00 | 배송 17/50 | 미활동 0 | 2홉+ 0.62 | 도달 1074 | 차단  995
Ep 31 | Step 1000 | R   103.98 | 배송 15/50 | 미활동 0 | 2홉+ 0.56 | 도달 1074 | 차단 1380
Ep 32 | Step 1000 | R   137.44 | 배송 17/50 | 미활동 0 | 2홉+ 0.65 | 도달  987 | 차단 1398
Ep 33 | Step 1000 | R   123.73 | 배송 15/50 | 미활동 1 | 2홉+ 0.46 | 도달 1007 | 차단  516
Ep 34 | Step 1000 | R   159.52 | 배송 19/50 | 미활동 0 | 2홉+ 0.62 | 도달 1074 | 차단  719
Ep 35 | Step 1000 | R   123.93 | 배송 16/50 | 미활동 0 | 2홉+ 0.60 | 도달  996 | 차단  787
Ep 36 | Step 1000 | R   136.61 | 배송 17/50 | 미활동 0 | 2홉+ 0.49 | 도달 1070 | 차단  265
Ep 37 | Step 1000 | R   232.33 | 배송 21/50 | 미활동 0 | 2홉+ 0.58 | 도달 1004 | 차단  216
Ep 38 | Step 1000 | R   209.25 | 배송 19/50 | 미활동 0 | 2홉+ 0.52 | 도달 1063 | 차단  325
Ep 39 | Step 1000 | R   146.19 | 배송 18/50 | 미활동 0 | 2홉+ 0.66 | 도달 1070 | 차단  959
Ep 40 | Step 1000 | R   168.43 | 배송 19/50 | 미활동 0 | 2홉+ 0.57 | 도달 1013 | 차단  288
Ep 41 | Step 1000 | R    89.33 | 배송 14/50 | 미활동 0 | 2홉+ 0.64 | 도달  947 | 차단 2291
Ep 42 | Step 1000 | R   125.59 | 배송 16/50 | 미활동 0 | 2홉+ 0.67 | 도달  984 | 차단  645
Ep 43 | Step 1000 | R   129.26 | 배송 17/50 | 미활동 0 | 2홉+ 0.64 | 도달  999 | 차단 1474
Ep 44 | Step 1000 | R   125.37 | 배송 17/50 | 미활동 0 | 2홉+ 0.65 | 도달  969 | 차단 1409
Ep 45 | Step 1000 | R   154.10 | 배송 19/50 | 미활동 0 | 2홉+ 0.60 | 도달  965 | 차단  529
Ep 46 | Step 1000 | R   122.85 | 배송 15/50 | 미활동 0 | 2홉+ 0.56 | 도달  816 | 차단  609
Ep 47 | Step 1000 | R   155.06 | 배송 18/50 | 미활동 0 | 2홉+ 0.68 | 도달 1018 | 차단  517
Ep 48 | Step 1000 | R   163.75 | 배송 20/50 | 미활동 0 | 2홉+ 0.67 | 도달 1050 | 차단  600
Ep 49 | Step 1000 | R   119.67 | 배송 15/50 | 미활동 0 | 2홉+ 0.68 | 도달 1069 | 차단  287
Ep 50 | Step 1000 | R   143.08 | 배송 18/50 | 미활동 0 | 2홉+ 0.66 | 도달 1037 | 차단 1072
  [홀드아웃] 배송 15.8±2.2 미활동 0.00 2홉+ 0.63 도달 985 | 최고 15.8@ep50 | 정체 0/15  ← 최고 갱신
Ep 51 | Step 1000 | R   121.09 | 배송 15/50 | 미활동 0 | 2홉+ 0.67 | 도달 1051 | 차단  307
Ep 52 | Step 1000 | R   153.74 | 배송 18/50 | 미활동 0 | 2홉+ 0.68 | 도달 1074 | 차단   70
Ep 53 | Step 1000 | R   128.86 | 배송 17/50 | 미활동 0 | 2홉+ 0.67 | 도달 1070 | 차단  267
Ep 54 | Step 1000 | R   164.82 | 배송 19/50 | 미활동 0 | 2홉+ 0.58 | 도달 1074 | 차단  816
Ep 55 | Step 1000 | R   143.34 | 배송 18/50 | 미활동 0 | 2홉+ 0.64 | 도달  967 | 차단  809
Ep 56 | Step 1000 | R   169.70 | 배송 19/50 | 미활동 0 | 2홉+ 0.69 | 도달  871 | 차단  323
Ep 57 | Step 1000 | R   125.35 | 배송 16/50 | 미활동 0 | 2홉+ 0.66 | 도달 1056 | 차단  157
Ep 58 | Step 1000 | R   125.17 | 배송 15/50 | 미활동 0 | 2홉+ 0.65 | 도달  992 | 차단  624
Ep 59 | Step 1000 | R   160.93 | 배송 20/50 | 미활동 0 | 2홉+ 0.65 | 도달  910 | 차단  617
Ep 60 | Step 1000 | R   180.12 | 배송 20/50 | 미활동 0 | 2홉+ 0.53 | 도달  984 | 차단  172
Ep 61 | Step 1000 | R   156.96 | 배송 19/50 | 미활동 0 | 2홉+ 0.51 | 도달  965 | 차단  567
Ep 62 | Step 1000 | R   158.85 | 배송 20/50 | 미활동 0 | 2홉+ 0.67 | 도달  848 | 차단  976
Ep 63 | Step 1000 | R   181.20 | 배송 20/50 | 미활동 0 | 2홉+ 0.62 | 도달 1074 | 차단  491
Ep 64 | Step 1000 | R   177.11 | 배송 20/50 | 미활동 0 | 2홉+ 0.48 | 도달  894 | 차단  585
Ep 65 | Step 1000 | R   133.39 | 배송 16/50 | 미활동 0 | 2홉+ 0.62 | 도달 1054 | 차단  331
Ep 66 | Step 1000 | R   141.23 | 배송 17/50 | 미활동 0 | 2홉+ 0.68 | 도달  954 | 차단  694
Ep 67 | Step 1000 | R   175.41 | 배송 20/50 | 미활동 0 | 2홉+ 0.58 | 도달  999 | 차단  127
Ep 68 | Step 1000 | R   184.26 | 배송 20/50 | 미활동 0 | 2홉+ 0.56 | 도달 1022 | 차단   94
Ep 69 | Step 1000 | R   171.35 | 배송 18/50 | 미활동 0 | 2홉+ 0.57 | 도달 1001 | 차단   66
Ep 70 | Step 1000 | R   151.98 | 배송 18/50 | 미활동 0 | 2홉+ 0.63 | 도달  984 | 차단  539
Ep 71 | Step 1000 | R   144.26 | 배송 17/50 | 미활동 0 | 2홉+ 0.64 | 도달  964 | 차단  441
Ep 72 | Step 1000 | R   145.28 | 배송 16/50 | 미활동 0 | 2홉+ 0.65 | 도달  970 | 차단  297
Ep 73 | Step 1000 | R   137.68 | 배송 17/50 | 미활동 0 | 2홉+ 0.66 | 도달  981 | 차단  346
Ep 74 | Step 1000 | R   154.74 | 배송 18/50 | 미활동 0 | 2홉+ 0.50 | 도달  929 | 차단  719
Ep 75 | Step 1000 | R   170.23 | 배송 18/50 | 미활동 0 | 2홉+ 0.66 | 도달 1074 | 차단  127
Ep 76 | Step 1000 | R   162.74 | 배송 19/50 | 미활동 0 | 2홉+ 0.62 | 도달  833 | 차단  523
Ep 77 | Step 1000 | R   146.11 | 배송 17/50 | 미활동 0 | 2홉+ 0.56 | 도달 1054 | 차단  481
Ep 78 | Step 1000 | R   136.67 | 배송 17/50 | 미활동 0 | 2홉+ 0.67 | 도달 1010 | 차단  262
Ep 79 | Step 1000 | R   183.21 | 배송 20/50 | 미활동 0 | 2홉+ 0.67 | 도달 1022 | 차단  207
Ep 80 | Step 1000 | R   172.78 | 배송 20/50 | 미활동 0 | 2홉+ 0.66 | 도달 1050 | 차단   64
Ep 81 | Step 1000 | R   177.93 | 배송 20/50 | 미활동 0 | 2홉+ 0.63 | 도달 1046 | 차단  318
Ep 82 | Step 1000 | R   173.35 | 배송 19/50 | 미활동 0 | 2홉+ 0.63 | 도달 1000 | 차단  198
Ep 83 | Step 1000 | R   163.29 | 배송 18/50 | 미활동 0 | 2홉+ 0.54 | 도달 1013 | 차단  209
Ep 84 | Step 1000 | R   105.69 | 배송 14/50 | 미활동 0 | 2홉+ 0.54 | 도달 1074 | 차단  270
Ep 85 | Step 1000 | R   101.94 | 배송 13/50 | 미활동 0 | 2홉+ 0.69 | 도달 1038 | 차단  107
Ep 86 | Step 1000 | R   156.92 | 배송 17/50 | 미활동 0 | 2홉+ 0.64 | 도달 1032 | 차단   93
Ep 87 | Step 1000 | R    98.36 | 배송 14/50 | 미활동 0 | 2홉+ 0.67 | 도달  966 | 차단  257
Ep 88 | Step 1000 | R   183.70 | 배송 20/50 | 미활동 0 | 2홉+ 0.68 | 도달  856 | 차단  129
Ep 89 | Step 1000 | R   106.01 | 배송 14/50 | 미활동 0 | 2홉+ 0.68 | 도달  842 | 차단  386
Ep 90 | Step 1000 | R   118.45 | 배송 14/50 | 미활동 0 | 2홉+ 0.66 | 도달  829 | 차단  565
Ep 91 | Step 1000 | R   128.42 | 배송 16/50 | 미활동 0 | 2홉+ 0.66 | 도달  992 | 차단  152
Ep 92 | Step 1000 | R   137.79 | 배송 16/50 | 미활동 0 | 2홉+ 0.67 | 도달  905 | 차단  205
Ep 93 | Step 1000 | R   145.60 | 배송 16/50 | 미활동 0 | 2홉+ 0.67 | 도달  941 | 차단  244
Ep 94 | Step 1000 | R   133.24 | 배송 15/50 | 미활동 1 | 2홉+ 0.67 | 도달  843 | 차단  228
Ep 95 | Step 1000 | R   164.74 | 배송 18/50 | 미활동 0 | 2홉+ 0.65 | 도달  805 | 차단  178
Ep 96 | Step 1000 | R   158.66 | 배송 18/50 | 미활동 0 | 2홉+ 0.55 | 도달 1059 | 차단  275
Ep 97 | Step 1000 | R   182.70 | 배송 20/50 | 미활동 0 | 2홉+ 0.68 | 도달 1074 | 차단  362
Ep 98 | Step 1000 | R   171.85 | 배송 18/50 | 미활동 0 | 2홉+ 0.51 | 도달 1042 | 차단   34
Ep 99 | Step 1000 | R   140.73 | 배송 16/50 | 미활동 0 | 2홉+ 0.61 | 도달  976 | 차단  278
Ep 100 | Step 1000 | R   159.64 | 배송 17/50 | 미활동 0 | 2홉+ 0.68 | 도달 1013 | 차단  166
  [홀드아웃] 배송 11.5±2.8 미활동 0.00 2홉+ 0.69 도달 995 | 최고 15.8@ep50 | 정체 1/15
Ep 101 | Step 1000 | R   169.04 | 배송 18/50 | 미활동 0 | 2홉+ 0.62 | 도달  963 | 차단  288
Ep 102 | Step 1000 | R   160.67 | 배송 18/50 | 미활동 0 | 2홉+ 0.70 | 도달 1074 | 차단    2
Ep 103 | Step 1000 | R   165.20 | 배송 19/50 | 미활동 0 | 2홉+ 0.66 | 도달  917 | 차단  295
Ep 104 | Step 1000 | R   158.55 | 배송 18/50 | 미활동 0 | 2홉+ 0.65 | 도달  955 | 차단  109
Ep 105 | Step 1000 | R   161.56 | 배송 18/50 | 미활동 0 | 2홉+ 0.42 | 도달  921 | 차단  178
Ep 106 | Step 1000 | R   141.96 | 배송 16/50 | 미활동 0 | 2홉+ 0.50 | 도달  980 | 차단  215
Ep 107 | Step 1000 | R   158.22 | 배송 18/50 | 미활동 0 | 2홉+ 0.67 | 도달  922 | 차단  170
Ep 108 | Step 1000 | R   121.95 | 배송 14/50 | 미활동 0 | 2홉+ 0.68 | 도달  961 | 차단  476
Ep 109 | Step 1000 | R   137.82 | 배송 16/50 | 미활동 0 | 2홉+ 0.45 | 도달  917 | 차단  526
Ep 110 | Step 1000 | R   158.59 | 배송 18/50 | 미활동 0 | 2홉+ 0.63 | 도달  909 | 차단  535
Ep 111 | Step 1000 | R   155.88 | 배송 18/50 | 미활동 0 | 2홉+ 0.61 | 도달  972 | 차단  429
Ep 112 | Step 1000 | R   180.35 | 배송 19/50 | 미활동 0 | 2홉+ 0.64 | 도달 1031 | 차단  232
Ep 113 | Step 1000 | R   150.46 | 배송 17/50 | 미활동 0 | 2홉+ 0.54 | 도달  842 | 차단  170
Ep 114 | Step 1000 | R   165.36 | 배송 19/50 | 미활동 0 | 2홉+ 0.66 | 도달  970 | 차단  422
Ep 115 | Step 1000 | R   171.76 | 배송 18/50 | 미활동 0 | 2홉+ 0.61 | 도달  956 | 차단   86
Ep 116 | Step 1000 | R   180.17 | 배송 20/50 | 미활동 0 | 2홉+ 0.67 | 도달  915 | 차단  166
Ep 117 | Step 1000 | R   153.24 | 배송 18/50 | 미활동 0 | 2홉+ 0.57 | 도달 1043 | 차단  331
Ep 118 | Step 1000 | R   190.29 | 배송 20/50 | 미활동 0 | 2홉+ 0.66 | 도달  934 | 차단   45
Ep 119 | Step 1000 | R   133.07 | 배송 15/50 | 미활동 0 | 2홉+ 0.67 | 도달  970 | 차단  133
Ep 120 | Step 1000 | R   166.32 | 배송 18/50 | 미활동 0 | 2홉+ 0.68 | 도달  972 | 차단  254
Ep 121 | Step 1000 | R   162.10 | 배송 18/50 | 미활동 0 | 2홉+ 0.60 | 도달 1055 | 차단  303
Ep 122 | Step 1000 | R   163.97 | 배송 18/50 | 미활동 0 | 2홉+ 0.52 | 도달 1005 | 차단  302
Ep 123 | Step 1000 | R   120.49 | 배송 14/50 | 미활동 1 | 2홉+ 0.68 | 도달  906 | 차단  457
Ep 124 | Step 1000 | R   179.86 | 배송 20/50 | 미활동 0 | 2홉+ 0.48 | 도달  809 | 차단  147
Ep 125 | Step 1000 | R   153.18 | 배송 18/50 | 미활동 0 | 2홉+ 0.59 | 도달 1074 | 차단  719
Ep 126 | Step 1000 | R   151.99 | 배송 17/50 | 미활동 0 | 2홉+ 0.66 | 도달 1059 | 차단  335
Ep 127 | Step 1000 | R   120.01 | 배송 14/50 | 미활동 0 | 2홉+ 0.66 | 도달  923 | 차단  687
Ep 128 | Step 1000 | R   154.04 | 배송 18/50 | 미활동 0 | 2홉+ 0.53 | 도달  998 | 차단  505
Ep 129 | Step 1000 | R   153.72 | 배송 18/50 | 미활동 0 | 2홉+ 0.49 | 도달 1042 | 차단  609
Ep 130 | Step 1000 | R   169.96 | 배송 19/50 | 미활동 0 | 2홉+ 0.67 | 도달  953 | 차단  197
Ep 131 | Step 1000 | R   162.74 | 배송 18/50 | 미활동 0 | 2홉+ 0.66 | 도달  960 | 차단  433
Ep 132 | Step 1000 | R   142.98 | 배송 16/50 | 미활동 0 | 2홉+ 0.48 | 도달  855 | 차단  164
Ep 133 | Step 1000 | R   172.45 | 배송 18/50 | 미활동 0 | 2홉+ 0.56 | 도달 1063 | 차단   75
Ep 134 | Step 1000 | R   171.78 | 배송 19/50 | 미활동 0 | 2홉+ 0.53 | 도달  932 | 차단    0
Ep 135 | Step 1000 | R   143.32 | 배송 16/50 | 미활동 0 | 2홉+ 0.59 | 도달  961 | 차단  305
Ep 136 | Step 1000 | R   169.45 | 배송 18/50 | 미활동 0 | 2홉+ 0.58 | 도달 1006 | 차단  161
Ep 137 | Step 1000 | R   136.70 | 배송 15/50 | 미활동 0 | 2홉+ 0.59 | 도달 1052 | 차단   66
Ep 138 | Step 1000 | R   146.28 | 배송 16/50 | 미활동 0 | 2홉+ 0.67 | 도달 1019 | 차단  193
Ep 139 | Step 1000 | R   149.23 | 배송 17/50 | 미활동 0 | 2홉+ 0.68 | 도달 1028 | 차단  117
Ep 140 | Step 1000 | R   186.35 | 배송 20/50 | 미활동 0 | 2홉+ 0.68 | 도달  948 | 차단   88
Ep 141 | Step 1000 | R   171.75 | 배송 19/50 | 미활동 0 | 2홉+ 0.47 | 도달  978 | 차단  232
Ep 142 | Step 1000 | R   136.94 | 배송 16/50 | 미활동 0 | 2홉+ 0.65 | 도달 1014 | 차단  519
Ep 143 | Step 1000 | R   189.78 | 배송 20/50 | 미활동 0 | 2홉+ 0.64 | 도달  999 | 차단   80
Ep 144 | Step 1000 | R   154.69 | 배송 17/50 | 미활동 0 | 2홉+ 0.53 | 도달 1074 | 차단   70
Ep 145 | Step 1000 | R   153.44 | 배송 17/50 | 미활동 0 | 2홉+ 0.49 | 도달  955 | 차단   31
Ep 146 | Step 1000 | R   148.19 | 배송 17/50 | 미활동 0 | 2홉+ 0.68 | 도달 1026 | 차단  239
Ep 147 | Step 1000 | R   157.28 | 배송 17/50 | 미활동 0 | 2홉+ 0.67 | 도달  941 | 차단  192
Ep 148 | Step 1000 | R   173.33 | 배송 19/50 | 미활동 0 | 2홉+ 0.67 | 도달 1026 | 차단  193
Ep 149 | Step 1000 | R   174.67 | 배송 19/50 | 미활동 0 | 2홉+ 0.68 | 도달 1074 | 차단  347
Ep 150 | Step 1000 | R   175.20 | 배송 20/50 | 미활동 0 | 2홉+ 0.65 | 도달  902 | 차단  153
  [홀드아웃] 배송 13.8±2.7 미활동 0.17 2홉+ 0.65 도달 1026 | 최고 15.8@ep50 | 정체 2/15
Ep 151 | Step 1000 | R   157.49 | 배송 17/50 | 미활동 0 | 2홉+ 0.48 | 도달  997 | 차단  197
Ep 152 | Step 1000 | R   150.46 | 배송 17/50 | 미활동 0 | 2홉+ 0.67 | 도달 1074 | 차단  269
Ep 153 | Step 1000 | R   172.09 | 배송 20/50 | 미활동 0 | 2홉+ 0.64 | 도달  834 | 차단   95
Ep 154 | Step 1000 | R   182.66 | 배송 19/50 | 미활동 0 | 2홉+ 0.64 | 도달 1074 | 차단  207
Ep 155 | Step 1000 | R   180.96 | 배송 20/50 | 미활동 0 | 2홉+ 0.67 | 도달 1013 | 차단  241
Ep 156 | Step 1000 | R   127.95 | 배송 16/50 | 미활동 0 | 2홉+ 0.38 | 도달  836 | 차단  108
Ep 157 | Step 1000 | R   151.81 | 배송 17/50 | 미활동 0 | 2홉+ 0.65 | 도달 1071 | 차단  154
Ep 158 | Step 1000 | R   173.54 | 배송 19/50 | 미활동 0 | 2홉+ 0.69 | 도달  846 | 차단   81
Ep 159 | Step 1000 | R   144.67 | 배송 17/50 | 미활동 0 | 2홉+ 0.51 | 도달 1061 | 차단  259
Ep 160 | Step 1000 | R   175.30 | 배송 19/50 | 미활동 0 | 2홉+ 0.59 | 도달  957 | 차단   63
Ep 161 | Step 1000 | R   173.54 | 배송 20/50 | 미활동 0 | 2홉+ 0.65 | 도달  997 | 차단  455
Ep 162 | Step 1000 | R   161.54 | 배송 19/50 | 미활동 0 | 2홉+ 0.61 | 도달 1019 | 차단  138
Ep 163 | Step 1000 | R   175.20 | 배송 20/50 | 미활동 0 | 2홉+ 0.62 | 도달  867 | 차단   66
Ep 164 | Step 1000 | R   196.60 | 배송 20/50 | 미활동 0 | 2홉+ 0.63 | 도달 1054 | 차단   92
Ep 165 | Step 1000 | R   112.89 | 배송 15/50 | 미활동 0 | 2홉+ 0.66 | 도달 1007 | 차단  414
Ep 166 | Step 1000 | R   169.18 | 배송 19/50 | 미활동 0 | 2홉+ 0.62 | 도달 1032 | 차단  219
Ep 167 | Step 1000 | R   183.75 | 배송 17/50 | 미활동 0 | 2홉+ 0.59 | 도달 1039 | 차단  103
Ep 168 | Step 1000 | R   153.80 | 배송 17/50 | 미활동 0 | 2홉+ 0.64 | 도달 1047 | 차단  112
Ep 169 | Step 1000 | R   175.72 | 배송 20/50 | 미활동 0 | 2홉+ 0.63 | 도달 1001 | 차단  114
Ep 170 | Step 1000 | R   180.59 | 배송 20/50 | 미활동 0 | 2홉+ 0.65 | 도달  902 | 차단   48
Ep 171 | Step 1000 | R   184.85 | 배송 20/50 | 미활동 0 | 2홉+ 0.64 | 도달  967 | 차단   15
Ep 172 | Step 1000 | R   207.79 | 배송 19/50 | 미활동 0 | 2홉+ 0.56 | 도달 1020 | 차단  182
Ep 173 | Step 1000 | R   169.84 | 배송 19/50 | 미활동 0 | 2홉+ 0.62 | 도달  976 | 차단   56
Ep 174 | Step 1000 | R   165.60 | 배송 19/50 | 미활동 0 | 2홉+ 0.55 | 도달 1004 | 차단   24
Ep 175 | Step 1000 | R   161.46 | 배송 18/50 | 미활동 0 | 2홉+ 0.68 | 도달 1074 | 차단   72
Ep 176 | Step 1000 | R   161.66 | 배송 18/50 | 미활동 0 | 2홉+ 0.43 | 도달  956 | 차단  279
Ep 177 | Step 1000 | R   157.35 | 배송 18/50 | 미활동 0 | 2홉+ 0.61 | 도달  834 | 차단  342
Ep 178 | Step 1000 | R   165.64 | 배송 20/50 | 미활동 0 | 2홉+ 0.57 | 도달  900 | 차단   93
Ep 179 | Step 1000 | R   184.22 | 배송 20/50 | 미활동 0 | 2홉+ 0.62 | 도달  965 | 차단  106
Ep 180 | Step 1000 | R   185.01 | 배송 20/50 | 미활동 0 | 2홉+ 0.45 | 도달  901 | 차단  191
Ep 181 | Step 1000 | R   158.89 | 배송 18/50 | 미활동 0 | 2홉+ 0.50 | 도달  990 | 차단  236
Ep 182 | Step 1000 | R   152.98 | 배송 18/50 | 미활동 0 | 2홉+ 0.37 | 도달 1074 | 차단  341
Ep 183 | Step 1000 | R   154.21 | 배송 19/50 | 미활동 0 | 2홉+ 0.62 | 도달  964 | 차단  212
Ep 184 | Step 1000 | R   165.32 | 배송 20/50 | 미활동 0 | 2홉+ 0.46 | 도달  815 | 차단   88
Ep 185 | Step 1000 | R   172.82 | 배송 20/50 | 미활동 0 | 2홉+ 0.58 | 도달  821 | 차단  114
Ep 186 | Step 1000 | R   172.48 | 배송 19/50 | 미활동 0 | 2홉+ 0.47 | 도달  893 | 차단  108
Ep 187 | Step 1000 | R   162.62 | 배송 19/50 | 미활동 0 | 2홉+ 0.68 | 도달  845 | 차단  489
Ep 188 | Step 1000 | R   137.47 | 배송 16/50 | 미활동 0 | 2홉+ 0.46 | 도달  976 | 차단  179
Ep 189 | Step 1000 | R   175.33 | 배송 20/50 | 미활동 0 | 2홉+ 0.66 | 도달  949 | 차단  292
Ep 190 | Step 1000 | R   181.53 | 배송 20/50 | 미활동 0 | 2홉+ 0.49 | 도달  813 | 차단  149
Ep 191 | Step 1000 | R   186.34 | 배송 20/50 | 미활동 0 | 2홉+ 0.68 | 도달  966 | 차단  208
Ep 192 | Step 1000 | R   179.72 | 배송 20/50 | 미활동 0 | 2홉+ 0.64 | 도달  974 | 차단  149
Ep 193 | Step 1000 | R   179.30 | 배송 20/50 | 미활동 0 | 2홉+ 0.65 | 도달 1019 | 차단  271
Ep 194 | Step 1000 | R   145.01 | 배송 18/50 | 미활동 0 | 2홉+ 0.61 | 도달 1069 | 차단  146
Ep 195 | Step 1000 | R   160.22 | 배송 19/50 | 미활동 0 | 2홉+ 0.65 | 도달  987 | 차단  264
Ep 196 | Step 1000 | R   188.64 | 배송 20/50 | 미활동 0 | 2홉+ 0.55 | 도달  948 | 차단  115
Ep 197 | Step 1000 | R   172.42 | 배송 19/50 | 미활동 0 | 2홉+ 0.59 | 도달  811 | 차단  317
Ep 198 | Step 1000 | R   174.19 | 배송 19/50 | 미활동 0 | 2홉+ 0.57 | 도달  954 | 차단   19
Ep 199 | Step 1000 | R   189.88 | 배송 20/50 | 미활동 0 | 2홉+ 0.57 | 도달  965 | 차단  171
Ep 200 | Step 1000 | R   174.22 | 배송 19/50 | 미활동 0 | 2홉+ 0.62 | 도달  967 | 차단  147
  [홀드아웃] 배송 12.3±2.2 미활동 0.00 2홉+ 0.70 도달 1005 | 최고 15.8@ep50 | 정체 3/15
Ep 201 | Step 1000 | R   171.76 | 배송 20/50 | 미활동 0 | 2홉+ 0.65 | 도달 1008 | 차단  124
Ep 202 | Step 1000 | R   178.49 | 배송 20/50 | 미활동 0 | 2홉+ 0.57 | 도달  952 | 차단  216
Ep 203 | Step 1000 | R   101.96 | 배송 13/50 | 미활동 0 | 2홉+ 0.68 | 도달  978 | 차단  380
Ep 204 | Step 1000 | R   176.97 | 배송 20/50 | 미활동 0 | 2홉+ 0.65 | 도달  911 | 차단   76
Ep 205 | Step 1000 | R   167.60 | 배송 18/50 | 미활동 0 | 2홉+ 0.61 | 도달  943 | 차단  114
Ep 206 | Step 1000 | R   172.97 | 배송 19/50 | 미활동 0 | 2홉+ 0.54 | 도달 1001 | 차단  181
Ep 207 | Step 1000 | R   190.46 | 배송 20/50 | 미활동 0 | 2홉+ 0.54 | 도달  837 | 차단   33
Ep 208 | Step 1000 | R   192.56 | 배송 20/50 | 미활동 0 | 2홉+ 0.54 | 도달  887 | 차단    7
Ep 209 | Step 1000 | R   180.95 | 배송 20/50 | 미활동 0 | 2홉+ 0.55 | 도달  873 | 차단  186
Ep 210 | Step 1000 | R   175.31 | 배송 19/50 | 미활동 0 | 2홉+ 0.69 | 도달  953 | 차단  290
Ep 211 | Step 1000 | R   184.67 | 배송 20/50 | 미활동 0 | 2홉+ 0.65 | 도달  955 | 차단  248
Ep 212 | Step 1000 | R   156.32 | 배송 19/50 | 미활동 0 | 2홉+ 0.67 | 도달  981 | 차단  128
Ep 213 | Step 1000 | R   182.72 | 배송 20/50 | 미활동 0 | 2홉+ 0.51 | 도달  824 | 차단   28
Ep 214 | Step 1000 | R   185.11 | 배송 20/50 | 미활동 0 | 2홉+ 0.69 | 도달  974 | 차단  279
Ep 215 | Step 1000 | R   119.84 | 배송 15/50 | 미활동 0 | 2홉+ 0.67 | 도달 1074 | 차단  451
Ep 216 | Step 1000 | R   118.59 | 배송 16/50 | 미활동 0 | 2홉+ 0.66 | 도달 1047 | 차단  919
Ep 217 | Step 1000 | R   105.13 | 배송 14/50 | 미활동 0 | 2홉+ 0.65 | 도달 1019 | 차단  437
Ep 218 | Step 1000 | R   179.52 | 배송 20/50 | 미활동 0 | 2홉+ 0.66 | 도달 1060 | 차단  402
Ep 219 | Step 1000 | R   116.61 | 배송 14/50 | 미활동 0 | 2홉+ 0.68 | 도달 1062 | 차단  687
Ep 220 | Step 1000 | R   143.88 | 배송 18/50 | 미활동 0 | 2홉+ 0.60 | 도달  985 | 차단  249
Ep 221 | Step 1000 | R   212.64 | 배송 19/50 | 미활동 0 | 2홉+ 0.48 | 도달 1017 | 차단   57
Ep 222 | Step 1000 | R   252.70 | 배송 23/50 | 미활동 0 | 2홉+ 0.43 | 도달  865 | 차단    9
Ep 223 | Step 1000 | R   172.08 | 배송 19/50 | 미활동 0 | 2홉+ 0.62 | 도달  970 | 차단  142
Ep 224 | Step 1000 | R   192.72 | 배송 20/50 | 미활동 0 | 2홉+ 0.61 | 도달  892 | 차단   37
Ep 225 | Step 1000 | R   229.67 | 배송 21/50 | 미활동 0 | 2홉+ 0.58 | 도달 1049 | 차단  186
Ep 226 | Step 1000 | R   141.06 | 배송 16/50 | 미활동 0 | 2홉+ 0.67 | 도달  986 | 차단  278
Ep 227 | Step 1000 | R   134.77 | 배송 15/50 | 미활동 0 | 2홉+ 0.68 | 도달 1028 | 차단  138
Ep 228 | Step 1000 | R   190.61 | 배송 20/50 | 미활동 0 | 2홉+ 0.58 | 도달  924 | 차단  277
Ep 229 | Step 1000 | R   140.95 | 배송 16/50 | 미활동 0 | 2홉+ 0.69 | 도달  989 | 차단   96
Ep 230 | Step 1000 | R   155.34 | 배송 17/50 | 미활동 0 | 2홉+ 0.66 | 도달 1074 | 차단  357
Ep 231 | Step 1000 | R   191.45 | 배송 19/50 | 미활동 0 | 2홉+ 0.60 | 도달 1031 | 차단  198
Ep 232 | Step 1000 | R   151.44 | 배송 18/50 | 미활동 0 | 2홉+ 0.68 | 도달 1074 | 차단  380
Ep 233 | Step 1000 | R   199.36 | 배송 20/50 | 미활동 0 | 2홉+ 0.34 | 도달  889 | 차단   49
Ep 234 | Step 1000 | R   156.25 | 배송 17/50 | 미활동 0 | 2홉+ 0.70 | 도달 1026 | 차단  188
Ep 235 | Step 1000 | R   188.13 | 배송 20/50 | 미활동 0 | 2홉+ 0.41 | 도달  977 | 차단  132
Ep 236 | Step 1000 | R   195.11 | 배송 20/50 | 미활동 0 | 2홉+ 0.44 | 도달  842 | 차단  165
Ep 237 | Step 1000 | R    87.67 | 배송 13/50 | 미활동 0 | 2홉+ 0.69 | 도달 1074 | 차단  429
Ep 238 | Step 1000 | R   175.35 | 배송 19/50 | 미활동 0 | 2홉+ 0.62 | 도달  990 | 차단  221
Ep 239 | Step 1000 | R   186.35 | 배송 20/50 | 미활동 0 | 2홉+ 0.40 | 도달 1013 | 차단  101
Ep 240 | Step 1000 | R   143.69 | 배송 17/50 | 미활동 0 | 2홉+ 0.62 | 도달  971 | 차단   85
Ep 241 | Step 1000 | R   124.58 | 배송 16/50 | 미활동 0 | 2홉+ 0.69 | 도달 1060 | 차단  391
Ep 242 | Step 1000 | R   185.52 | 배송 20/50 | 미활동 0 | 2홉+ 0.52 | 도달  834 | 차단  129
Ep 243 | Step 1000 | R   233.50 | 배송 21/50 | 미활동 0 | 2홉+ 0.56 | 도달 1018 | 차단  114
Ep 244 | Step 1000 | R   130.64 | 배송 17/50 | 미활동 0 | 2홉+ 0.68 | 도달 1074 | 차단  167
Ep 245 | Step 1000 | R   137.71 | 배송 15/50 | 미활동 1 | 2홉+ 0.54 | 도달 1013 | 차단  376
Ep 246 | Step 1000 | R   184.04 | 배송 20/50 | 미활동 0 | 2홉+ 0.47 | 도달  951 | 차단   97
Ep 247 | Step 1000 | R   168.52 | 배송 19/50 | 미활동 0 | 2홉+ 0.68 | 도달 1073 | 차단  312
Ep 248 | Step 1000 | R   186.14 | 배송 20/50 | 미활동 0 | 2홉+ 0.68 | 도달  959 | 차단  376
Ep 249 | Step 1000 | R   265.86 | 배송 20/50 | 미활동 0 | 2홉+ 0.60 | 도달 1037 | 차단  123
Ep 250 | Step 1000 | R   164.54 | 배송 18/50 | 미활동 0 | 2홉+ 0.67 | 도달 1061 | 차단  219
  [홀드아웃] 배송 12.5±1.4 미활동 0.17 2홉+ 0.71 도달 1000 | 최고 15.8@ep50 | 정체 4/15
Ep 251 | Step 1000 | R   281.13 | 배송 24/50 | 미활동 0 | 2홉+ 0.44 | 도달  998 | 차단   75
Ep 252 | Step 1000 | R   188.67 | 배송 20/50 | 미활동 0 | 2홉+ 0.52 | 도달  879 | 차단  144
Ep 253 | Step 1000 | R   142.80 | 배송 16/50 | 미활동 0 | 2홉+ 0.52 | 도달 1009 | 차단   69
Ep 254 | Step 1000 | R   155.58 | 배송 18/50 | 미활동 0 | 2홉+ 0.68 | 도달 1031 | 차단  627
Ep 255 | Step 1000 | R   246.73 | 배송 22/50 | 미활동 0 | 2홉+ 0.37 | 도달 1028 | 차단   88
Ep 256 | Step 1000 | R   173.23 | 배송 20/50 | 미활동 0 | 2홉+ 0.60 | 도달  991 | 차단  215
Ep 257 | Step 1000 | R   151.41 | 배송 18/50 | 미활동 0 | 2홉+ 0.68 | 도달 1003 | 차단  375
Ep 258 | Step 1000 | R   283.00 | 배송 22/50 | 미활동 0 | 2홉+ 0.51 | 도달  968 | 차단   93
Ep 259 | Step 1000 | R   159.05 | 배송 17/50 | 미활동 0 | 2홉+ 0.55 | 도달  991 | 차단  133
Ep 260 | Step 1000 | R   103.29 | 배송 14/50 | 미활동 0 | 2홉+ 0.69 | 도달 1042 | 차단  641
Ep 261 | Step 1000 | R   194.77 | 배송 20/50 | 미활동 0 | 2홉+ 0.55 | 도달  897 | 차단   70
Ep 262 | Step 1000 | R   181.66 | 배송 17/50 | 미활동 0 | 2홉+ 0.40 | 도달  722 | 차단  149
Ep 263 | Step 1000 | R   101.46 | 배송 14/50 | 미활동 0 | 2홉+ 0.68 | 도달 1019 | 차단  366
Ep 264 | Step 1000 | R   190.66 | 배송 20/50 | 미활동 0 | 2홉+ 0.50 | 도달  902 | 차단   98
Ep 265 | Step 1000 | R   122.76 | 배송 14/50 | 미활동 0 | 2홉+ 0.67 | 도달 1042 | 차단  339
Ep 266 | Step 1000 | R   138.00 | 배송 15/50 | 미활동 1 | 2홉+ 0.63 | 도달 1071 | 차단  340
Ep 267 | Step 1000 | R   164.15 | 배송 18/50 | 미활동 0 | 2홉+ 0.55 | 도달  959 | 차단   64
Ep 268 | Step 1000 | R   132.03 | 배송 15/50 | 미활동 0 | 2홉+ 0.68 | 도달 1074 | 차단  157
Ep 269 | Step 1000 | R   252.90 | 배송 22/50 | 미활동 0 | 2홉+ 0.46 | 도달  961 | 차단  138
Ep 270 | Step 1000 | R   178.25 | 배송 20/50 | 미활동 0 | 2홉+ 0.66 | 도달  901 | 차단  242
Ep 271 | Step 1000 | R    92.96 | 배송 12/50 | 미활동 0 | 2홉+ 0.69 | 도달 1074 | 차단  747
Ep 272 | Step 1000 | R   150.13 | 배송 18/50 | 미활동 0 | 2홉+ 0.67 | 도달 1036 | 차단  360
Ep 273 | Step 1000 | R   142.46 | 배송 17/50 | 미활동 0 | 2홉+ 0.67 | 도달 1074 | 차단  471
Ep 274 | Step 1000 | R   145.29 | 배송 17/50 | 미활동 0 | 2홉+ 0.67 | 도달  995 | 차단  367
Ep 275 | Step 1000 | R   321.00 | 배송 23/50 | 미활동 0 | 2홉+ 0.50 | 도달  979 | 차단  269
Ep 276 | Step 1000 | R   220.42 | 배송 20/50 | 미활동 0 | 2홉+ 0.32 | 도달  875 | 차단   44
Ep 277 | Step 1000 | R   178.75 | 배송 19/50 | 미활동 0 | 2홉+ 0.56 | 도달  914 | 차단  135
Ep 278 | Step 1000 | R   101.41 | 배송 13/50 | 미활동 0 | 2홉+ 0.69 | 도달 1037 | 차단  380
Ep 279 | Step 1000 | R   140.51 | 배송 18/50 | 미활동 0 | 2홉+ 0.67 | 도달  963 | 차단  423
Ep 280 | Step 1000 | R   245.37 | 배송 20/50 | 미활동 0 | 2홉+ 0.46 | 도달  970 | 차단  213
Ep 281 | Step 1000 | R   136.38 | 배송 16/50 | 미활동 0 | 2홉+ 0.68 | 도달 1010 | 차단  313
Ep 282 | Step 1000 | R   187.23 | 배송 20/50 | 미활동 0 | 2홉+ 0.50 | 도달  880 | 차단  216
Ep 283 | Step 1000 | R   202.48 | 배송 20/50 | 미활동 0 | 2홉+ 0.37 | 도달  759 | 차단  215
Ep 284 | Step 1000 | R    99.74 | 배송 14/50 | 미활동 0 | 2홉+ 0.69 | 도달 1021 | 차단 1204
Ep 285 | Step 1000 | R   179.46 | 배송 20/50 | 미활동 0 | 2홉+ 0.46 | 도달  976 | 차단  162
Ep 286 | Step 1000 | R   221.96 | 배송 20/50 | 미활동 0 | 2홉+ 0.40 | 도달  982 | 차단   64
Ep 287 | Step 1000 | R   256.43 | 배송 23/50 | 미활동 0 | 2홉+ 0.43 | 도달  930 | 차단   14
Ep 288 | Step 1000 | R   169.50 | 배송 19/50 | 미활동 0 | 2홉+ 0.67 | 도달  848 | 차단  176
Ep 289 | Step 1000 | R   157.52 | 배송 17/50 | 미활동 0 | 2홉+ 0.63 | 도달 1074 | 차단  268
Ep 290 | Step 1000 | R   196.91 | 배송 18/50 | 미활동 0 | 2홉+ 0.33 | 도달 1045 | 차단  131
Ep 291 | Step 1000 | R   161.36 | 배송 18/50 | 미활동 0 | 2홉+ 0.63 | 도달 1074 | 차단  391
Ep 292 | Step 1000 | R   162.07 | 배송 18/50 | 미활동 0 | 2홉+ 0.62 | 도달  958 | 차단  358
Ep 293 | Step 1000 | R   220.96 | 배송 20/50 | 미활동 0 | 2홉+ 0.33 | 도달  964 | 차단   70
Ep 294 | Step 1000 | R   161.11 | 배송 17/50 | 미활동 0 | 2홉+ 0.58 | 도달 1011 | 차단  173
Ep 295 | Step 1000 | R   230.63 | 배송 20/50 | 미활동 0 | 2홉+ 0.41 | 도달  817 | 차단  166
Ep 296 | Step 1000 | R   226.44 | 배송 20/50 | 미활동 0 | 2홉+ 0.56 | 도달 1074 | 차단  298
Ep 297 | Step 1000 | R   228.49 | 배송 20/50 | 미활동 0 | 2홉+ 0.48 | 도달  848 | 차단  237
Ep 298 | Step 1000 | R   291.62 | 배송 20/50 | 미활동 0 | 2홉+ 0.36 | 도달  959 | 차단  157
Ep 299 | Step 1000 | R   250.68 | 배송 19/50 | 미활동 0 | 2홉+ 0.54 | 도달 1011 | 차단  110
Ep 300 | Step 1000 | R   249.79 | 배송 19/50 | 미활동 0 | 2홉+ 0.48 | 도달 1057 | 차단  246
  [홀드아웃] 배송 5.5±2.1 미활동 0.83 2홉+ 0.71 도달 1041 | 최고 15.8@ep50 | 정체 5/15
Ep 301 | Step 1000 | R   225.46 | 배송 20/50 | 미활동 0 | 2홉+ 0.43 | 도달  807 | 차단  117
Ep 302 | Step 1000 | R   266.21 | 배송 20/50 | 미활동 0 | 2홉+ 0.44 | 도달 1074 | 차단   29
Ep 303 | Step 1000 | R   212.11 | 배송 19/50 | 미활동 0 | 2홉+ 0.38 | 도달 1005 | 차단  103
Ep 304 | Step 1000 | R   156.87 | 배송 17/50 | 미활동 0 | 2홉+ 0.63 | 도달 1048 | 차단  113
Ep 305 | Step 1000 | R   201.30 | 배송 19/50 | 미활동 0 | 2홉+ 0.56 | 도달  866 | 차단   98
Ep 306 | Step 1000 | R   319.32 | 배송 22/50 | 미활동 0 | 2홉+ 0.39 | 도달  994 | 차단  103
Ep 307 | Step 1000 | R   172.79 | 배송 19/50 | 미활동 0 | 2홉+ 0.47 | 도달  956 | 차단  204
Ep 308 | Step 1000 | R   140.27 | 배송 18/50 | 미활동 0 | 2홉+ 0.41 | 도달  759 | 차단  129
Ep 309 | Step 1000 | R   255.71 | 배송 20/50 | 미활동 0 | 2홉+ 0.23 | 도달  787 | 차단   39
Ep 310 | Step 1000 | R   174.08 | 배송 18/50 | 미활동 0 | 2홉+ 0.43 | 도달  918 | 차단   26
Ep 311 | Step 1000 | R   280.22 | 배송 21/50 | 미활동 0 | 2홉+ 0.48 | 도달  894 | 차단  125
Ep 312 | Step 1000 | R   134.25 | 배송 16/50 | 미활동 0 | 2홉+ 0.52 | 도달 1074 | 차단  496
Ep 313 | Step 1000 | R   281.73 | 배송 24/50 | 미활동 0 | 2홉+ 0.48 | 도달  971 | 차단  146
Ep 314 | Step 1000 | R   259.03 | 배송 21/50 | 미활동 0 | 2홉+ 0.36 | 도달  841 | 차단  149
Ep 315 | Step 1000 | R   228.83 | 배송 20/50 | 미활동 0 | 2홉+ 0.45 | 도달  953 | 차단  195
Ep 316 | Step 1000 | R   287.06 | 배송 20/50 | 미활동 0 | 2홉+ 0.39 | 도달  882 | 차단  124
Ep 317 | Step 1000 | R   290.48 | 배송 20/50 | 미활동 0 | 2홉+ 0.37 | 도달  858 | 차단  151
Ep 318 | Step 1000 | R   209.85 | 배송 18/50 | 미활동 0 | 2홉+ 0.43 | 도달  901 | 차단   17
Ep 319 | Step 1000 | R   167.56 | 배송 18/50 | 미활동 0 | 2홉+ 0.29 | 도달  857 | 차단   66
Ep 320 | Step 1000 | R   388.82 | 배송 29/50 | 미활동 0 | 2홉+ 0.33 | 도달  920 | 차단  123
Ep 321 | Step 1000 | R   153.49 | 배송 17/50 | 미활동 0 | 2홉+ 0.69 | 도달 1002 | 차단  319
Ep 322 | Step 1000 | R   232.03 | 배송 21/50 | 미활동 0 | 2홉+ 0.27 | 도달  910 | 차단   44
Ep 323 | Step 1000 | R   221.60 | 배송 19/50 | 미활동 0 | 2홉+ 0.41 | 도달 1065 | 차단  169
Ep 324 | Step 1000 | R   196.88 | 배송 17/50 | 미활동 0 | 2홉+ 0.51 | 도달  972 | 차단  122
Ep 325 | Step 1000 | R   228.96 | 배송 20/50 | 미활동 0 | 2홉+ 0.58 | 도달 1005 | 차단  131
Ep 326 | Step 1000 | R   293.26 | 배송 21/50 | 미활동 0 | 2홉+ 0.35 | 도달  833 | 차단   97
Ep 327 | Step 1000 | R   223.22 | 배송 20/50 | 미활동 0 | 2홉+ 0.36 | 도달  875 | 차단   57
Ep 328 | Step 1000 | R   201.38 | 배송 20/50 | 미활동 0 | 2홉+ 0.59 | 도달 1040 | 차단   67
Ep 329 | Step 1000 | R   268.26 | 배송 19/50 | 미활동 0 | 2홉+ 0.40 | 도달  877 | 차단  144
Ep 330 | Step 1000 | R   245.01 | 배송 19/50 | 미활동 0 | 2홉+ 0.44 | 도달 1017 | 차단  114
Ep 331 | Step 1000 | R   291.65 | 배송 23/50 | 미활동 0 | 2홉+ 0.36 | 도달  851 | 차단   51
Ep 332 | Step 1000 | R   170.15 | 배송 20/50 | 미활동 0 | 2홉+ 0.23 | 도달  866 | 차단   78
Ep 333 | Step 1000 | R   171.02 | 배송 19/50 | 미활동 0 | 2홉+ 0.64 | 도달 1074 | 차단  346
Ep 334 | Step 1000 | R   311.92 | 배송 25/50 | 미활동 0 | 2홉+ 0.52 | 도달 1000 | 차단  188
Ep 335 | Step 1000 | R    73.32 | 배송 13/50 | 미활동 0 | 2홉+ 0.68 | 도달 1068 | 차단  265
Ep 336 | Step 1000 | R   257.54 | 배송 19/50 | 미활동 0 | 2홉+ 0.46 | 도달  955 | 차단  121
Ep 337 | Step 1000 | R   232.72 | 배송 18/50 | 미활동 0 | 2홉+ 0.34 | 도달 1018 | 차단  227
Ep 338 | Step 1000 | R   126.31 | 배송 15/50 | 미활동 0 | 2홉+ 0.66 | 도달 1074 | 차단  601
Ep 339 | Step 1000 | R   109.22 | 배송 13/50 | 미활동 0 | 2홉+ 0.69 | 도달 1074 | 차단  129
Ep 340 | Step 1000 | R   279.37 | 배송 22/50 | 미활동 0 | 2홉+ 0.39 | 도달  952 | 차단   71
Ep 341 | Step 1000 | R   236.03 | 배송 21/50 | 미활동 0 | 2홉+ 0.29 | 도달  940 | 차단   41
Ep 342 | Step 1000 | R   169.70 | 배송 18/50 | 미활동 0 | 2홉+ 0.48 | 도달  993 | 차단  109
Ep 343 | Step 1000 | R   188.30 | 배송 20/50 | 미활동 0 | 2홉+ 0.33 | 도달  918 | 차단  107
Ep 344 | Step 1000 | R   275.91 | 배송 22/50 | 미활동 0 | 2홉+ 0.32 | 도달  930 | 차단   44
Ep 345 | Step 1000 | R   338.54 | 배송 24/50 | 미활동 0 | 2홉+ 0.35 | 도달  826 | 차단   15
Ep 346 | Step 1000 | R   232.50 | 배송 21/50 | 미활동 0 | 2홉+ 0.40 | 도달 1041 | 차단  136
Ep 347 | Step 1000 | R   284.43 | 배송 22/50 | 미활동 0 | 2홉+ 0.42 | 도달  795 | 차단  122
Ep 348 | Step 1000 | R   322.17 | 배송 25/50 | 미활동 0 | 2홉+ 0.50 | 도달  988 | 차단   45
Ep 349 | Step 1000 | R    87.61 | 배송 11/50 | 미활동 0 | 2홉+ 0.66 | 도달 1074 | 차단  251
Ep 350 | Step 1000 | R   101.65 | 배송 12/50 | 미활동 0 | 2홉+ 0.65 | 도달 1074 | 차단  245
  [홀드아웃] 배송 11.5±4.4 미활동 0.33 2홉+ 0.71 도달 990 | 최고 15.8@ep50 | 정체 6/15
Ep 351 | Step 1000 | R   266.32 | 배송 20/50 | 미활동 0 | 2홉+ 0.35 | 도달  966 | 차단   82
Ep 352 | Step 1000 | R   245.36 | 배송 19/50 | 미활동 0 | 2홉+ 0.53 | 도달  858 | 차단  181
Ep 353 | Step 1000 | R   280.25 | 배송 23/50 | 미활동 0 | 2홉+ 0.25 | 도달  766 | 차단   20
Ep 354 | Step 1000 | R   285.87 | 배송 22/50 | 미활동 0 | 2홉+ 0.30 | 도달  998 | 차단   25
Ep 355 | Step 1000 | R   214.15 | 배송 19/50 | 미활동 0 | 2홉+ 0.47 | 도달  960 | 차단  128
Ep 356 | Step 1000 | R   300.82 | 배송 21/50 | 미활동 0 | 2홉+ 0.45 | 도달  941 | 차단   71
Ep 357 | Step 1000 | R   403.57 | 배송 29/50 | 미활동 0 | 2홉+ 0.39 | 도달  982 | 차단    9
Ep 358 | Step 1000 | R   272.95 | 배송 21/50 | 미활동 0 | 2홉+ 0.38 | 도달  973 | 차단   15
Ep 359 | Step 1000 | R   361.75 | 배송 27/50 | 미활동 0 | 2홉+ 0.30 | 도달  859 | 차단  118
Ep 360 | Step 1000 | R   328.25 | 배송 22/50 | 미활동 0 | 2홉+ 0.29 | 도달  951 | 차단  148
Ep 361 | Step 1000 | R   113.63 | 배송 15/50 | 미활동 0 | 2홉+ 0.70 | 도달 1051 | 차단  388
Ep 362 | Step 1000 | R   216.05 | 배송 19/50 | 미활동 0 | 2홉+ 0.33 | 도달  976 | 차단   40
Ep 363 | Step 1000 | R   397.00 | 배송 27/50 | 미활동 0 | 2홉+ 0.37 | 도달  790 | 차단   87
Ep 364 | Step 1000 | R   273.36 | 배송 21/50 | 미활동 0 | 2홉+ 0.34 | 도달  894 | 차단   75
Ep 365 | Step 1000 | R   256.57 | 배송 20/50 | 미활동 0 | 2홉+ 0.23 | 도달  954 | 차단   68
Ep 366 | Step 1000 | R   276.46 | 배송 21/50 | 미활동 0 | 2홉+ 0.44 | 도달  991 | 차단   12
Ep 367 | Step 1000 | R   147.99 | 배송 17/50 | 미활동 0 | 2홉+ 0.42 | 도달  908 | 차단  184
Ep 368 | Step 1000 | R   191.78 | 배송 18/50 | 미활동 0 | 2홉+ 0.53 | 도달 1027 | 차단  140
Ep 369 | Step 1000 | R   258.95 | 배송 20/50 | 미활동 0 | 2홉+ 0.36 | 도달  973 | 차단   10
Ep 370 | Step 1000 | R   212.72 | 배송 20/50 | 미활동 0 | 2홉+ 0.19 | 도달  812 | 차단   20
Ep 371 | Step 1000 | R   200.51 | 배송 20/50 | 미활동 0 | 2홉+ 0.43 | 도달 1062 | 차단  263
Ep 372 | Step 1000 | R   222.78 | 배송 20/50 | 미활동 0 | 2홉+ 0.35 | 도달  988 | 차단   99
Ep 373 | Step 1000 | R   200.52 | 배송 20/50 | 미활동 0 | 2홉+ 0.51 | 도달  997 | 차단  116
Ep 374 | Step 1000 | R   310.88 | 배송 23/50 | 미활동 0 | 2홉+ 0.28 | 도달  900 | 차단   70
Ep 375 | Step 1000 | R   273.07 | 배송 20/50 | 미활동 0 | 2홉+ 0.35 | 도달  882 | 차단  139
Ep 376 | Step 1000 | R   214.32 | 배송 19/50 | 미활동 0 | 2홉+ 0.42 | 도달  851 | 차단    7
Ep 377 | Step 1000 | R   271.32 | 배송 21/50 | 미활동 0 | 2홉+ 0.45 | 도달  833 | 차단  131
Ep 378 | Step 1000 | R   317.11 | 배송 23/50 | 미활동 0 | 2홉+ 0.30 | 도달 1024 | 차단   25
Ep 379 | Step 1000 | R   214.24 | 배송 19/50 | 미활동 0 | 2홉+ 0.43 | 도달 1043 | 차단  165
Ep 380 | Step 1000 | R   217.35 | 배송 20/50 | 미활동 0 | 2홉+ 0.28 | 도달  750 | 차단   73
Ep 381 | Step 1000 | R   252.84 | 배송 20/50 | 미활동 0 | 2홉+ 0.37 | 도달  952 | 차단  100
Ep 382 | Step 1000 | R   148.28 | 배송 17/50 | 미활동 0 | 2홉+ 0.44 | 도달  997 | 차단  235
Ep 383 | Step 1000 | R   297.59 | 배송 22/50 | 미활동 0 | 2홉+ 0.37 | 도달  919 | 차단   81
Ep 384 | Step 1000 | R   202.37 | 배송 18/50 | 미활동 0 | 2홉+ 0.35 | 도달  887 | 차단   10
Ep 385 | Step 1000 | R   323.00 | 배송 23/50 | 미활동 0 | 2홉+ 0.25 | 도달  888 | 차단   63
Ep 386 | Step 1000 | R   260.96 | 배송 22/50 | 미활동 0 | 2홉+ 0.38 | 도달  772 | 차단   96
Ep 387 | Step 1000 | R   258.98 | 배송 22/50 | 미활동 0 | 2홉+ 0.55 | 도달  989 | 차단  122
Ep 388 | Step 1000 | R   288.42 | 배송 21/50 | 미활동 0 | 2홉+ 0.33 | 도달  918 | 차단   53
Ep 389 | Step 1000 | R   268.50 | 배송 21/50 | 미활동 0 | 2홉+ 0.55 | 도달  951 | 차단  128
Ep 390 | Step 1000 | R   299.71 | 배송 24/50 | 미활동 0 | 2홉+ 0.29 | 도달  941 | 차단   90
Ep 391 | Step 1000 | R   236.73 | 배송 18/50 | 미활동 0 | 2홉+ 0.37 | 도달  929 | 차단  104
Ep 392 | Step 1000 | R   254.91 | 배송 20/50 | 미활동 0 | 2홉+ 0.41 | 도달 1007 | 차단   33
Ep 393 | Step 1000 | R   141.81 | 배송 17/50 | 미활동 0 | 2홉+ 0.47 | 도달 1056 | 차단  395
Ep 394 | Step 1000 | R   218.56 | 배송 20/50 | 미활동 0 | 2홉+ 0.37 | 도달  886 | 차단   94
Ep 395 | Step 1000 | R   279.40 | 배송 19/50 | 미활동 0 | 2홉+ 0.29 | 도달  895 | 차단   24
Ep 396 | Step 1000 | R   253.66 | 배송 20/50 | 미활동 0 | 2홉+ 0.28 | 도달  848 | 차단  119
Ep 397 | Step 1000 | R   236.74 | 배송 20/50 | 미활동 0 | 2홉+ 0.48 | 도달  961 | 차단   69
Ep 398 | Step 1000 | R   209.84 | 배송 19/50 | 미활동 0 | 2홉+ 0.43 | 도달  886 | 차단   61
Ep 399 | Step 1000 | R   298.81 | 배송 21/50 | 미활동 0 | 2홉+ 0.36 | 도달  915 | 차단   77
Ep 400 | Step 1000 | R   342.90 | 배송 25/50 | 미활동 0 | 2홉+ 0.25 | 도달  826 | 차단    0
  [홀드아웃] 배송 12.8±3.1 미활동 0.50 2홉+ 0.71 도달 1070 | 최고 15.8@ep50 | 정체 7/15
Ep 401 | Step 1000 | R   332.44 | 배송 24/50 | 미활동 0 | 2홉+ 0.41 | 도달  856 | 차단   60
Ep 402 | Step 1000 | R   293.22 | 배송 24/50 | 미활동 0 | 2홉+ 0.31 | 도달  882 | 차단   56
Ep 403 | Step 1000 | R   247.47 | 배송 23/50 | 미활동 0 | 2홉+ 0.23 | 도달  775 | 차단   77
Ep 404 | Step 1000 | R   178.38 | 배송 19/50 | 미활동 0 | 2홉+ 0.28 | 도달  869 | 차단   43
Ep 405 | Step 1000 | R   281.21 | 배송 23/50 | 미활동 0 | 2홉+ 0.23 | 도달  815 | 차단   12
Ep 406 | Step 1000 | R   305.27 | 배송 22/50 | 미활동 0 | 2홉+ 0.52 | 도달  924 | 차단  187
Ep 407 | Step 1000 | R   295.07 | 배송 24/50 | 미활동 0 | 2홉+ 0.35 | 도달  941 | 차단   34
Ep 408 | Step 1000 | R   251.59 | 배송 19/50 | 미활동 0 | 2홉+ 0.37 | 도달  788 | 차단   86
Ep 409 | Step 1000 | R   176.49 | 배송 18/50 | 미활동 0 | 2홉+ 0.51 | 도달 1012 | 차단  244
Ep 410 | Step 1000 | R   247.22 | 배송 22/50 | 미활동 0 | 2홉+ 0.46 | 도달  896 | 차단  141
Ep 411 | Step 1000 | R   197.83 | 배송 19/50 | 미활동 0 | 2홉+ 0.29 | 도달  883 | 차단    9
Ep 412 | Step 1000 | R   356.53 | 배송 27/50 | 미활동 0 | 2홉+ 0.35 | 도달  954 | 차단  114
Ep 413 | Step 1000 | R   251.38 | 배송 21/50 | 미활동 0 | 2홉+ 0.36 | 도달  895 | 차단   68
Ep 414 | Step 1000 | R   277.55 | 배송 20/50 | 미활동 0 | 2홉+ 0.29 | 도달 1002 | 차단   19
Ep 415 | Step 1000 | R   199.04 | 배송 15/50 | 미활동 0 | 2홉+ 0.43 | 도달  965 | 차단   76
Ep 416 | Step 1000 | R   290.99 | 배송 20/50 | 미활동 0 | 2홉+ 0.20 | 도달  850 | 차단   22
Ep 417 | Step 1000 | R   276.09 | 배송 23/50 | 미활동 0 | 2홉+ 0.30 | 도달  768 | 차단   45
Ep 418 | Step 1000 | R   268.73 | 배송 22/50 | 미활동 0 | 2홉+ 0.23 | 도달  768 | 차단   15
Ep 419 | Step 1000 | R   332.42 | 배송 24/50 | 미활동 0 | 2홉+ 0.38 | 도달  862 | 차단   31
Ep 420 | Step 1000 | R   241.82 | 배송 22/50 | 미활동 0 | 2홉+ 0.37 | 도달  952 | 차단  160
Ep 421 | Step 1000 | R   262.72 | 배송 18/50 | 미활동 0 | 2홉+ 0.41 | 도달  895 | 차단  172
Ep 422 | Step 1000 | R   260.36 | 배송 20/50 | 미활동 0 | 2홉+ 0.32 | 도달  919 | 차단  109
Ep 423 | Step 1000 | R   353.40 | 배송 26/50 | 미활동 0 | 2홉+ 0.34 | 도달  915 | 차단   28
Ep 424 | Step 1000 | R   285.85 | 배송 23/50 | 미활동 0 | 2홉+ 0.32 | 도달  821 | 차단   61
Ep 425 | Step 1000 | R   303.26 | 배송 22/50 | 미활동 0 | 2홉+ 0.30 | 도달  871 | 차단   58
Ep 426 | Step 1000 | R   363.90 | 배송 25/50 | 미활동 0 | 2홉+ 0.32 | 도달  866 | 차단   80
Ep 427 | Step 1000 | R   253.76 | 배송 20/50 | 미활동 0 | 2홉+ 0.45 | 도달  844 | 차단  198
Ep 428 | Step 1000 | R   303.53 | 배송 22/50 | 미활동 0 | 2홉+ 0.43 | 도달  935 | 차단  142
Ep 429 | Step 1000 | R   306.43 | 배송 22/50 | 미활동 0 | 2홉+ 0.34 | 도달 1049 | 차단   72
Ep 430 | Step 1000 | R   294.24 | 배송 22/50 | 미활동 0 | 2홉+ 0.40 | 도달  721 | 차단  134
Ep 431 | Step 1000 | R   296.01 | 배송 21/50 | 미활동 0 | 2홉+ 0.30 | 도달  894 | 차단  109
Ep 432 | Step 1000 | R   251.73 | 배송 21/50 | 미활동 0 | 2홉+ 0.26 | 도달  774 | 차단  131
Ep 433 | Step 1000 | R   345.02 | 배송 26/50 | 미활동 0 | 2홉+ 0.30 | 도달  793 | 차단    0
Ep 434 | Step 1000 | R   293.59 | 배송 21/50 | 미활동 0 | 2홉+ 0.22 | 도달  871 | 차단   57
Ep 435 | Step 1000 | R   335.95 | 배송 25/50 | 미활동 0 | 2홉+ 0.24 | 도달  885 | 차단   16
Ep 436 | Step 1000 | R   243.39 | 배송 20/50 | 미활동 0 | 2홉+ 0.26 | 도달  916 | 차단  111
Ep 437 | Step 1000 | R   250.25 | 배송 20/50 | 미활동 0 | 2홉+ 0.20 | 도달  777 | 차단  162
Ep 438 | Step 1000 | R   332.44 | 배송 24/50 | 미활동 0 | 2홉+ 0.32 | 도달  896 | 차단  148
Ep 439 | Step 1000 | R   307.51 | 배송 23/50 | 미활동 0 | 2홉+ 0.30 | 도달  729 | 차단  153
Ep 440 | Step 1000 | R   244.86 | 배송 20/50 | 미활동 0 | 2홉+ 0.37 | 도달  765 | 차단   84
Ep 441 | Step 1000 | R   239.11 | 배송 19/50 | 미활동 0 | 2홉+ 0.29 | 도달  886 | 차단   34
Ep 442 | Step 1000 | R   303.10 | 배송 22/50 | 미활동 0 | 2홉+ 0.24 | 도달  796 | 차단   28
Ep 443 | Step 1000 | R   309.17 | 배송 23/50 | 미활동 0 | 2홉+ 0.26 | 도달  852 | 차단   38
Ep 444 | Step 1000 | R   221.85 | 배송 20/50 | 미활동 0 | 2홉+ 0.17 | 도달  940 | 차단   33
Ep 445 | Step 1000 | R   289.91 | 배송 21/50 | 미활동 0 | 2홉+ 0.31 | 도달  759 | 차단   77
Ep 446 | Step 1000 | R   174.69 | 배송 17/50 | 미활동 0 | 2홉+ 0.39 | 도달  908 | 차단  211
Ep 447 | Step 1000 | R   241.11 | 배송 22/50 | 미활동 0 | 2홉+ 0.27 | 도달  809 | 차단   25
Ep 448 | Step 1000 | R   305.52 | 배송 23/50 | 미활동 0 | 2홉+ 0.31 | 도달  861 | 차단   69
Ep 449 | Step 1000 | R   342.85 | 배송 26/50 | 미활동 0 | 2홉+ 0.27 | 도달  980 | 차단  143
Ep 450 | Step 1000 | R   306.97 | 배송 23/50 | 미활동 0 | 2홉+ 0.30 | 도달  823 | 차단   71
  [홀드아웃] 배송 10.2±3.7 미활동 0.33 2홉+ 0.67 도달 1052 | 최고 15.8@ep50 | 정체 8/15
Ep 451 | Step 1000 | R   260.79 | 배송 21/50 | 미활동 0 | 2홉+ 0.20 | 도달  820 | 차단   24
Ep 452 | Step 1000 | R   385.74 | 배송 27/50 | 미활동 0 | 2홉+ 0.31 | 도달  789 | 차단   90
Ep 453 | Step 1000 | R   218.33 | 배송 18/50 | 미활동 0 | 2홉+ 0.16 | 도달  727 | 차단   58
Ep 454 | Step 1000 | R   262.70 | 배송 22/50 | 미활동 0 | 2홉+ 0.26 | 도달  739 | 차단  101
Ep 455 | Step 1000 | R   340.08 | 배송 25/50 | 미활동 0 | 2홉+ 0.34 | 도달  877 | 차단   62
Ep 456 | Step 1000 | R   256.68 | 배송 20/50 | 미활동 0 | 2홉+ 0.32 | 도달  912 | 차단   65
Ep 457 | Step 1000 | R   310.72 | 배송 21/50 | 미활동 0 | 2홉+ 0.32 | 도달  948 | 차단   68
Ep 458 | Step 1000 | R   294.18 | 배송 23/50 | 미활동 0 | 2홉+ 0.30 | 도달  789 | 차단    3
Ep 459 | Step 1000 | R   198.84 | 배송 20/50 | 미활동 0 | 2홉+ 0.23 | 도달  828 | 차단  119
Ep 460 | Step 1000 | R   271.65 | 배송 22/50 | 미활동 0 | 2홉+ 0.32 | 도달  824 | 차단   53
Ep 461 | Step 1000 | R   443.33 | 배송 32/50 | 미활동 0 | 2홉+ 0.43 | 도달  968 | 차단  165
Ep 462 | Step 1000 | R   200.10 | 배송 18/50 | 미활동 0 | 2홉+ 0.33 | 도달  797 | 차단   95
Ep 463 | Step 1000 | R   400.77 | 배송 29/50 | 미활동 0 | 2홉+ 0.35 | 도달  724 | 차단  179
Ep 464 | Step 1000 | R   300.78 | 배송 24/50 | 미활동 0 | 2홉+ 0.44 | 도달  990 | 차단   36
Ep 465 | Step 1000 | R   353.56 | 배송 26/50 | 미활동 0 | 2홉+ 0.34 | 도달  884 | 차단  166
Ep 466 | Step 1000 | R   277.70 | 배송 23/50 | 미활동 0 | 2홉+ 0.34 | 도달  878 | 차단    0
Ep 467 | Step 1000 | R   259.35 | 배송 21/50 | 미활동 0 | 2홉+ 0.26 | 도달  782 | 차단    2
Ep 468 | Step 1000 | R   218.62 | 배송 20/50 | 미활동 0 | 2홉+ 0.36 | 도달  915 | 차단   38
Ep 469 | Step 1000 | R   174.68 | 배송 17/50 | 미활동 0 | 2홉+ 0.17 | 도달  810 | 차단  144
Ep 470 | Step 1000 | R   172.48 | 배송 18/50 | 미활동 0 | 2홉+ 0.27 | 도달  758 | 차단   29
Ep 471 | Step 1000 | R   347.56 | 배송 26/50 | 미활동 0 | 2홉+ 0.24 | 도달  850 | 차단   10
Ep 472 | Step 1000 | R   271.51 | 배송 22/50 | 미활동 0 | 2홉+ 0.50 | 도달  802 | 차단  186
Ep 473 | Step 1000 | R   345.48 | 배송 23/50 | 미활동 0 | 2홉+ 0.39 | 도달  961 | 차단  139
Ep 474 | Step 1000 | R   324.87 | 배송 24/50 | 미활동 0 | 2홉+ 0.33 | 도달  897 | 차단   27
Ep 475 | Step 1000 | R   223.14 | 배송 20/50 | 미활동 0 | 2홉+ 0.28 | 도달  877 | 차단  125
Ep 476 | Step 1000 | R   301.31 | 배송 22/50 | 미활동 0 | 2홉+ 0.25 | 도달  700 | 차단   31
Ep 477 | Step 1000 | R   238.72 | 배송 19/50 | 미활동 0 | 2홉+ 0.47 | 도달  926 | 차단  417
Ep 478 | Step 1000 | R   298.75 | 배송 25/50 | 미활동 0 | 2홉+ 0.40 | 도달  888 | 차단   12
Ep 479 | Step 1000 | R   210.23 | 배송 19/50 | 미활동 0 | 2홉+ 0.43 | 도달  905 | 차단  149
Ep 480 | Step 1000 | R   325.54 | 배송 24/50 | 미활동 0 | 2홉+ 0.37 | 도달  988 | 차단    0
Ep 481 | Step 1000 | R   297.38 | 배송 24/50 | 미활동 0 | 2홉+ 0.31 | 도달  892 | 차단  106
Ep 482 | Step 1000 | R   229.48 | 배송 22/50 | 미활동 0 | 2홉+ 0.19 | 도달  743 | 차단  113
Ep 483 | Step 1000 | R   276.71 | 배송 21/50 | 미활동 0 | 2홉+ 0.45 | 도달  779 | 차단  591
Ep 484 | Step 1000 | R   126.51 | 배송 15/50 | 미활동 0 | 2홉+ 0.40 | 도달  913 | 차단  176
Ep 485 | Step 1000 | R   254.03 | 배송 20/50 | 미활동 0 | 2홉+ 0.27 | 도달  874 | 차단   79
Ep 486 | Step 1000 | R   327.12 | 배송 24/50 | 미활동 0 | 2홉+ 0.37 | 도달  827 | 차단   41
Ep 487 | Step 1000 | R   297.54 | 배송 25/50 | 미활동 0 | 2홉+ 0.27 | 도달  841 | 차단   81
Ep 488 | Step 1000 | R   188.05 | 배송 17/50 | 미활동 0 | 2홉+ 0.41 | 도달  835 | 차단  208
Ep 489 | Step 1000 | R   262.49 | 배송 22/50 | 미활동 0 | 2홉+ 0.27 | 도달  752 | 차단   41
Ep 490 | Step 1000 | R   220.71 | 배송 20/50 | 미활동 0 | 2홉+ 0.35 | 도달  780 | 차단  258
Ep 491 | Step 1000 | R   178.75 | 배송 18/50 | 미활동 0 | 2홉+ 0.19 | 도달  737 | 차단  102
Ep 492 | Step 1000 | R   303.36 | 배송 22/50 | 미활동 0 | 2홉+ 0.34 | 도달  878 | 차단  152
Ep 493 | Step 1000 | R   273.74 | 배송 22/50 | 미활동 0 | 2홉+ 0.26 | 도달  763 | 차단   38
Ep 494 | Step 1000 | R   327.34 | 배송 24/50 | 미활동 0 | 2홉+ 0.41 | 도달 1018 | 차단   87
Ep 495 | Step 1000 | R   280.48 | 배송 23/50 | 미활동 0 | 2홉+ 0.41 | 도달  991 | 차단  123
Ep 496 | Step 1000 | R   265.30 | 배송 21/50 | 미활동 0 | 2홉+ 0.31 | 도달  865 | 차단   83
Ep 497 | Step 1000 | R   245.74 | 배송 21/50 | 미활동 0 | 2홉+ 0.42 | 도달  932 | 차단  417
Ep 498 | Step 1000 | R   235.43 | 배송 19/50 | 미활동 0 | 2홉+ 0.36 | 도달  763 | 차단  206
Ep 499 | Step 1000 | R   294.54 | 배송 21/50 | 미활동 0 | 2홉+ 0.35 | 도달  772 | 차단  180
Ep 500 | Step 1000 | R   253.18 | 배송 20/50 | 미활동 0 | 2홉+ 0.46 | 도달  986 | 차단   94
  [홀드아웃] 배송 12.2±4.5 미활동 0.33 2홉+ 0.71 도달 1005 | 최고 15.8@ep50 | 정체 9/15
Ep 501 | Step 1000 | R   278.43 | 배송 19/50 | 미활동 0 | 2홉+ 0.37 | 도달 1006 | 차단  228
Ep 502 | Step 1000 | R   368.55 | 배송 28/50 | 미활동 0 | 2홉+ 0.51 | 도달  948 | 차단  318
Ep 503 | Step 1000 | R   358.87 | 배송 24/50 | 미활동 0 | 2홉+ 0.37 | 도달  955 | 차단  116
Ep 504 | Step 1000 | R   245.76 | 배송 20/50 | 미활동 0 | 2홉+ 0.31 | 도달  654 | 차단   27
Ep 505 | Step 1000 | R   359.31 | 배송 25/50 | 미활동 0 | 2홉+ 0.35 | 도달  849 | 차단  348
Ep 506 | Step 1000 | R   346.97 | 배송 26/50 | 미활동 0 | 2홉+ 0.32 | 도달  922 | 차단   69
Ep 507 | Step 1000 | R   274.72 | 배송 21/50 | 미활동 0 | 2홉+ 0.25 | 도달  815 | 차단  101
Ep 508 | Step 1000 | R   218.93 | 배송 20/50 | 미활동 0 | 2홉+ 0.26 | 도달  848 | 차단  263
Ep 509 | Step 1000 | R   317.56 | 배송 23/50 | 미활동 0 | 2홉+ 0.36 | 도달  927 | 차단   90
Ep 510 | Step 1000 | R   258.83 | 배송 21/50 | 미활동 0 | 2홉+ 0.31 | 도달  830 | 차단   78
Ep 511 | Step 1000 | R   267.10 | 배송 22/50 | 미활동 0 | 2홉+ 0.41 | 도달  785 | 차단  290
Ep 512 | Step 1000 | R   261.99 | 배송 21/50 | 미활동 0 | 2홉+ 0.39 | 도달  852 | 차단   66
Ep 513 | Step 1000 | R   269.03 | 배송 22/50 | 미활동 0 | 2홉+ 0.26 | 도달  753 | 차단   44
Ep 514 | Step 1000 | R   261.29 | 배송 21/50 | 미활동 0 | 2홉+ 0.24 | 도달  899 | 차단   40
Ep 515 | Step 1000 | R   266.94 | 배송 21/50 | 미활동 0 | 2홉+ 0.42 | 도달  833 | 차단   44
Ep 516 | Step 1000 | R   190.95 | 배송 17/50 | 미활동 0 | 2홉+ 0.50 | 도달 1074 | 차단  169
Ep 517 | Step 1000 | R   289.26 | 배송 21/50 | 미활동 0 | 2홉+ 0.24 | 도달  830 | 차단   58
Ep 518 | Step 1000 | R   315.96 | 배송 24/50 | 미활동 0 | 2홉+ 0.24 | 도달  851 | 차단  102
Ep 519 | Step 1000 | R   106.50 | 배송 13/50 | 미활동 0 | 2홉+ 0.41 | 도달  960 | 차단  484
Ep 520 | Step 1000 | R   279.85 | 배송 23/50 | 미활동 0 | 2홉+ 0.37 | 도달  938 | 차단  126
Ep 521 | Step 1000 | R   220.98 | 배송 18/50 | 미활동 0 | 2홉+ 0.20 | 도달  740 | 차단   11
Ep 522 | Step 1000 | R   316.82 | 배송 24/50 | 미활동 0 | 2홉+ 0.33 | 도달  743 | 차단  147
Ep 523 | Step 1000 | R   242.37 | 배송 19/50 | 미활동 0 | 2홉+ 0.25 | 도달  869 | 차단  116
Ep 524 | Step 1000 | R   190.42 | 배송 17/50 | 미활동 0 | 2홉+ 0.44 | 도달 1049 | 차단  121
Ep 525 | Step 1000 | R   228.08 | 배송 19/50 | 미활동 0 | 2홉+ 0.29 | 도달  787 | 차단   13
Ep 526 | Step 1000 | R   384.64 | 배송 28/50 | 미활동 0 | 2홉+ 0.38 | 도달  988 | 차단  187
Ep 527 | Step 1000 | R   243.69 | 배송 20/50 | 미활동 0 | 2홉+ 0.16 | 도달  730 | 차단   88
Ep 528 | Step 1000 | R   314.09 | 배송 25/50 | 미활동 0 | 2홉+ 0.58 | 도달  982 | 차단  163
Ep 529 | Step 1000 | R   213.90 | 배송 19/50 | 미활동 0 | 2홉+ 0.35 | 도달  942 | 차단   34
Ep 530 | Step 1000 | R   294.18 | 배송 21/50 | 미활동 0 | 2홉+ 0.35 | 도달  802 | 차단    4
Ep 531 | Step 1000 | R   282.79 | 배송 24/50 | 미활동 0 | 2홉+ 0.37 | 도달  819 | 차단   97
Ep 532 | Step 1000 | R   191.48 | 배송 18/50 | 미활동 0 | 2홉+ 0.18 | 도달  814 | 차단   33
Ep 533 | Step 1000 | R   293.15 | 배송 21/50 | 미활동 0 | 2홉+ 0.39 | 도달  947 | 차단   98
Ep 534 | Step 1000 | R   236.75 | 배송 22/50 | 미활동 0 | 2홉+ 0.14 | 도달  737 | 차단   13
Ep 535 | Step 1000 | R   228.47 | 배송 17/50 | 미활동 0 | 2홉+ 0.37 | 도달  872 | 차단  189
Ep 536 | Step 1000 | R   282.89 | 배송 23/50 | 미활동 0 | 2홉+ 0.27 | 도달  797 | 차단   29
Ep 537 | Step 1000 | R   246.68 | 배송 21/50 | 미활동 0 | 2홉+ 0.29 | 도달  860 | 차단   88
Ep 538 | Step 1000 | R   281.95 | 배송 21/50 | 미활동 0 | 2홉+ 0.33 | 도달  953 | 차단  127
Ep 539 | Step 1000 | R   224.01 | 배송 19/50 | 미활동 0 | 2홉+ 0.32 | 도달  831 | 차단  109
Ep 540 | Step 1000 | R   218.90 | 배송 21/50 | 미활동 0 | 2홉+ 0.22 | 도달  708 | 차단  122
Ep 541 | Step 1000 | R   220.20 | 배송 20/50 | 미활동 0 | 2홉+ 0.25 | 도달 1002 | 차단   58
Ep 542 | Step 1000 | R   266.04 | 배송 23/50 | 미활동 0 | 2홉+ 0.26 | 도달  756 | 차단  174
Ep 543 | Step 1000 | R   319.29 | 배송 24/50 | 미활동 0 | 2홉+ 0.55 | 도달  966 | 차단  189
Ep 544 | Step 1000 | R   260.27 | 배송 21/50 | 미활동 0 | 2홉+ 0.29 | 도달  884 | 차단   98
Ep 545 | Step 1000 | R   288.45 | 배송 24/50 | 미활동 0 | 2홉+ 0.36 | 도달  820 | 차단   71
Ep 546 | Step 1000 | R   288.50 | 배송 25/50 | 미활동 0 | 2홉+ 0.33 | 도달 1043 | 차단  122
Ep 547 | Step 1000 | R   223.61 | 배송 20/50 | 미활동 0 | 2홉+ 0.53 | 도달  907 | 차단  149
Ep 548 | Step 1000 | R   171.45 | 배송 18/50 | 미활동 0 | 2홉+ 0.23 | 도달  706 | 차단  111
Ep 549 | Step 1000 | R   280.33 | 배송 19/50 | 미활동 0 | 2홉+ 0.29 | 도달  821 | 차단   69
Ep 550 | Step 1000 | R   272.83 | 배송 23/50 | 미활동 0 | 2홉+ 0.27 | 도달  821 | 차단   83
  [홀드아웃] 배송 12.8±5.8 미활동 0.33 2홉+ 0.68 도달 1009 | 최고 15.8@ep50 | 정체 10/15
Ep 551 | Step 1000 | R   162.05 | 배송 18/50 | 미활동 0 | 2홉+ 0.28 | 도달  922 | 차단  105
Ep 552 | Step 1000 | R   312.25 | 배송 25/50 | 미활동 0 | 2홉+ 0.23 | 도달  858 | 차단    4
Ep 553 | Step 1000 | R   198.70 | 배송 19/50 | 미활동 0 | 2홉+ 0.29 | 도달  781 | 차단  624
Ep 554 | Step 1000 | R   371.34 | 배송 28/50 | 미활동 0 | 2홉+ 0.34 | 도달  809 | 차단  106
Ep 555 | Step 1000 | R   291.32 | 배송 21/50 | 미활동 0 | 2홉+ 0.34 | 도달  914 | 차단  229
Ep 556 | Step 1000 | R   237.52 | 배송 19/50 | 미활동 0 | 2홉+ 0.24 | 도달  820 | 차단   18
Ep 557 | Step 1000 | R   272.69 | 배송 19/50 | 미활동 0 | 2홉+ 0.35 | 도달  818 | 차단   94
Ep 558 | Step 1000 | R   241.18 | 배송 20/50 | 미활동 0 | 2홉+ 0.16 | 도달  951 | 차단   17
Ep 559 | Step 1000 | R   339.48 | 배송 26/50 | 미활동 0 | 2홉+ 0.35 | 도달  926 | 차단  203
Ep 560 | Step 1000 | R   195.72 | 배송 19/50 | 미활동 0 | 2홉+ 0.14 | 도달  822 | 차단   14
Ep 561 | Step 1000 | R   250.43 | 배송 21/50 | 미활동 0 | 2홉+ 0.39 | 도달  799 | 차단  203
Ep 562 | Step 1000 | R   326.98 | 배송 24/50 | 미활동 0 | 2홉+ 0.28 | 도달  804 | 차단   87
Ep 563 | Step 1000 | R   313.21 | 배송 24/50 | 미활동 0 | 2홉+ 0.37 | 도달  715 | 차단  349
Ep 564 | Step 1000 | R   172.26 | 배송 18/50 | 미활동 0 | 2홉+ 0.58 | 도달 1069 | 차단  363
Ep 565 | Step 1000 | R   194.57 | 배송 18/50 | 미활동 0 | 2홉+ 0.44 | 도달  885 | 차단   40
Ep 566 | Step 1000 | R   252.30 | 배송 20/50 | 미활동 0 | 2홉+ 0.23 | 도달  919 | 차단   42
Ep 567 | Step 1000 | R   322.25 | 배송 25/50 | 미활동 0 | 2홉+ 0.28 | 도달  873 | 차단  114
Ep 568 | Step 1000 | R   308.59 | 배송 23/50 | 미활동 0 | 2홉+ 0.29 | 도달  918 | 차단  116
Ep 569 | Step 1000 | R   216.27 | 배송 21/50 | 미활동 0 | 2홉+ 0.27 | 도달  781 | 차단   68
Ep 570 | Step 1000 | R   225.65 | 배송 18/50 | 미활동 0 | 2홉+ 0.32 | 도달  999 | 차단  528
Ep 571 | Step 1000 | R   238.81 | 배송 22/50 | 미활동 0 | 2홉+ 0.32 | 도달  844 | 차단    0
Ep 572 | Step 1000 | R   236.30 | 배송 19/50 | 미활동 0 | 2홉+ 0.45 | 도달  803 | 차단  205
Ep 573 | Step 1000 | R   182.51 | 배송 18/50 | 미활동 0 | 2홉+ 0.39 | 도달  918 | 차단  507
Ep 574 | Step 1000 | R   160.09 | 배송 16/50 | 미활동 0 | 2홉+ 0.30 | 도달  785 | 차단   39
Ep 575 | Step 1000 | R   252.64 | 배송 20/50 | 미활동 0 | 2홉+ 0.37 | 도달  751 | 차단   10
Ep 576 | Step 1000 | R   223.74 | 배송 20/50 | 미활동 0 | 2홉+ 0.51 | 도달  952 | 차단  244
Ep 577 | Step 1000 | R   199.90 | 배송 19/50 | 미활동 0 | 2홉+ 0.12 | 도달  749 | 차단    0
Ep 578 | Step 1000 | R   234.16 | 배송 19/50 | 미활동 0 | 2홉+ 0.31 | 도달  954 | 차단  120
Ep 579 | Step 1000 | R   174.87 | 배송 17/50 | 미활동 0 | 2홉+ 0.21 | 도달  894 | 차단    6
Ep 580 | Step 1000 | R   227.00 | 배송 21/50 | 미활동 0 | 2홉+ 0.20 | 도달  846 | 차단   42
Ep 581 | Step 1000 | R   226.31 | 배송 19/50 | 미활동 0 | 2홉+ 0.20 | 도달  751 | 차단   31
Ep 582 | Step 1000 | R   175.79 | 배송 16/50 | 미활동 0 | 2홉+ 0.27 | 도달  751 | 차단   11
Ep 583 | Step 1000 | R   182.21 | 배송 18/50 | 미활동 0 | 2홉+ 0.32 | 도달  919 | 차단   54
Ep 584 | Step 1000 | R   188.58 | 배송 19/50 | 미활동 0 | 2홉+ 0.32 | 도달  675 | 차단   76
Ep 585 | Step 1000 | R   224.32 | 배송 20/50 | 미활동 0 | 2홉+ 0.39 | 도달 1041 | 차단  141
Ep 586 | Step 1000 | R   328.94 | 배송 21/50 | 미활동 0 | 2홉+ 0.31 | 도달 1030 | 차단  210
Ep 587 | Step 1000 | R   217.01 | 배송 20/50 | 미활동 0 | 2홉+ 0.27 | 도달  775 | 차단  133
Ep 588 | Step 1000 | R   259.06 | 배송 21/50 | 미활동 0 | 2홉+ 0.35 | 도달  875 | 차단   84
Ep 589 | Step 1000 | R   207.83 | 배송 19/50 | 미활동 0 | 2홉+ 0.21 | 도달  754 | 차단   66
Ep 590 | Step 1000 | R   352.04 | 배송 27/50 | 미활동 0 | 2홉+ 0.32 | 도달  845 | 차단   54
Ep 591 | Step 1000 | R   155.97 | 배송 18/50 | 미활동 0 | 2홉+ 0.15 | 도달  772 | 차단    0
Ep 592 | Step 1000 | R   280.06 | 배송 22/50 | 미활동 0 | 2홉+ 0.27 | 도달  780 | 차단   51
Ep 593 | Step 1000 | R   375.31 | 배송 26/50 | 미활동 0 | 2홉+ 0.42 | 도달 1064 | 차단  188
Ep 594 | Step 1000 | R   251.25 | 배송 22/50 | 미활동 0 | 2홉+ 0.28 | 도달  824 | 차단   37
Ep 595 | Step 1000 | R   187.98 | 배송 18/50 | 미활동 0 | 2홉+ 0.37 | 도달  918 | 차단  408
Ep 596 | Step 1000 | R   346.54 | 배송 23/50 | 미활동 0 | 2홉+ 0.43 | 도달  977 | 차단  110
Ep 597 | Step 1000 | R   216.33 | 배송 18/50 | 미활동 0 | 2홉+ 0.20 | 도달  832 | 차단   86
Ep 598 | Step 1000 | R   271.21 | 배송 22/50 | 미활동 0 | 2홉+ 0.30 | 도달  781 | 차단  100
Ep 599 | Step 1000 | R   234.68 | 배송 22/50 | 미활동 0 | 2홉+ 0.26 | 도달  836 | 차단  102
Ep 600 | Step 1000 | R   183.17 | 배송 18/50 | 미활동 0 | 2홉+ 0.30 | 도달  755 | 차단   41
  [홀드아웃] 배송 13.7±3.1 미활동 0.00 2홉+ 0.70 도달 1033 | 최고 15.8@ep50 | 정체 11/15
Ep 601 | Step 1000 | R   206.83 | 배송 19/50 | 미활동 0 | 2홉+ 0.22 | 도달  746 | 차단  135
Ep 602 | Step 1000 | R   234.21 | 배송 22/50 | 미활동 0 | 2홉+ 0.19 | 도달  843 | 차단   28
Ep 603 | Step 1000 | R   382.14 | 배송 26/50 | 미활동 0 | 2홉+ 0.33 | 도달  796 | 차단   81
Ep 604 | Step 1000 | R   253.31 | 배송 20/50 | 미활동 0 | 2홉+ 0.35 | 도달  953 | 차단  229
Ep 605 | Step 1000 | R   253.43 | 배송 21/50 | 미활동 0 | 2홉+ 0.30 | 도달 1061 | 차단  149
Ep 606 | Step 1000 | R   268.44 | 배송 22/50 | 미활동 0 | 2홉+ 0.26 | 도달  726 | 차단    8
Ep 607 | Step 1000 | R   168.60 | 배송 17/50 | 미활동 0 | 2홉+ 0.36 | 도달 1020 | 차단  311
Ep 608 | Step 1000 | R   253.32 | 배송 20/50 | 미활동 0 | 2홉+ 0.43 | 도달  959 | 차단  313
Ep 609 | Step 1000 | R   257.54 | 배송 20/50 | 미활동 0 | 2홉+ 0.44 | 도달  936 | 차단   36
Ep 610 | Step 1000 | R   282.08 | 배송 20/50 | 미활동 0 | 2홉+ 0.28 | 도달  835 | 차단  144
Ep 611 | Step 1000 | R   236.53 | 배송 19/50 | 미활동 0 | 2홉+ 0.28 | 도달  967 | 차단   85
Ep 612 | Step 1000 | R   218.79 | 배송 21/50 | 미활동 0 | 2홉+ 0.37 | 도달  778 | 차단  183
Ep 613 | Step 1000 | R   248.83 | 배송 20/50 | 미활동 0 | 2홉+ 0.31 | 도달  988 | 차단  106
Ep 614 | Step 1000 | R   275.44 | 배송 22/50 | 미활동 0 | 2홉+ 0.27 | 도달  847 | 차단   82
Ep 615 | Step 1000 | R   247.21 | 배송 22/50 | 미활동 0 | 2홉+ 0.34 | 도달  976 | 차단   63
Ep 616 | Step 1000 | R   322.59 | 배송 24/50 | 미활동 0 | 2홉+ 0.22 | 도달  779 | 차단   75
Ep 617 | Step 1000 | R   184.34 | 배송 18/50 | 미활동 0 | 2홉+ 0.16 | 도달  800 | 차단  118
Ep 618 | Step 1000 | R   232.64 | 배송 21/50 | 미활동 0 | 2홉+ 0.36 | 도달  987 | 차단  149
Ep 619 | Step 1000 | R   153.44 | 배송 14/50 | 미활동 0 | 2홉+ 0.43 | 도달  716 | 차단  188
Ep 620 | Step 1000 | R   224.06 | 배송 20/50 | 미활동 0 | 2홉+ 0.36 | 도달  799 | 차단   57
Ep 621 | Step 1000 | R   258.38 | 배송 21/50 | 미활동 0 | 2홉+ 0.21 | 도달  700 | 차단   28
Ep 622 | Step 1000 | R   191.11 | 배송 17/50 | 미활동 0 | 2홉+ 0.28 | 도달 1002 | 차단   54
Ep 623 | Step 1000 | R   284.82 | 배송 24/50 | 미활동 0 | 2홉+ 0.35 | 도달  861 | 차단   76
Ep 624 | Step 1000 | R   241.21 | 배송 19/50 | 미활동 0 | 2홉+ 0.17 | 도달  706 | 차단   59
Ep 625 | Step 1000 | R   198.27 | 배송 19/50 | 미활동 0 | 2홉+ 0.21 | 도달  776 | 차단    2
Ep 626 | Step 1000 | R   299.82 | 배송 22/50 | 미활동 0 | 2홉+ 0.25 | 도달  771 | 차단   58
Ep 627 | Step 1000 | R   235.48 | 배송 19/50 | 미활동 0 | 2홉+ 0.44 | 도달  775 | 차단  227
Ep 628 | Step 1000 | R   227.62 | 배송 21/50 | 미활동 0 | 2홉+ 0.40 | 도달  802 | 차단   57
Ep 629 | Step 1000 | R   266.75 | 배송 19/50 | 미활동 0 | 2홉+ 0.28 | 도달  970 | 차단  183
Ep 630 | Step 1000 | R   206.64 | 배송 19/50 | 미활동 0 | 2홉+ 0.29 | 도달  758 | 차단  180
Ep 631 | Step 1000 | R   233.61 | 배송 18/50 | 미활동 0 | 2홉+ 0.26 | 도달  959 | 차단  130
Ep 632 | Step 1000 | R   236.55 | 배송 19/50 | 미활동 0 | 2홉+ 0.32 | 도달  918 | 차단  188
Ep 633 | Step 1000 | R   246.17 | 배송 22/50 | 미활동 0 | 2홉+ 0.39 | 도달  991 | 차단  127
Ep 634 | Step 1000 | R   197.68 | 배송 18/50 | 미활동 0 | 2홉+ 0.36 | 도달 1008 | 차단  256
Ep 635 | Step 1000 | R   336.72 | 배송 25/50 | 미활동 0 | 2홉+ 0.27 | 도달  927 | 차단   60
Ep 636 | Step 1000 | R   191.72 | 배송 18/50 | 미활동 0 | 2홉+ 0.20 | 도달  719 | 차단    6
Ep 637 | Step 1000 | R   150.25 | 배송 17/50 | 미활동 0 | 2홉+ 0.40 | 도달  990 | 차단  279
Ep 638 | Step 1000 | R   257.20 | 배송 20/50 | 미활동 0 | 2홉+ 0.30 | 도달  860 | 차단   10
Ep 639 | Step 1000 | R   390.32 | 배송 27/50 | 미활동 0 | 2홉+ 0.35 | 도달  891 | 차단  108
Ep 640 | Step 1000 | R   194.93 | 배송 18/50 | 미활동 0 | 2홉+ 0.25 | 도달  962 | 차단   64
Ep 641 | Step 1000 | R   148.33 | 배송 17/50 | 미활동 0 | 2홉+ 0.45 | 도달  959 | 차단  254
Ep 642 | Step 1000 | R   255.31 | 배송 20/50 | 미활동 0 | 2홉+ 0.26 | 도달  907 | 차단   67
Ep 643 | Step 1000 | R   198.87 | 배송 19/50 | 미활동 0 | 2홉+ 0.28 | 도달  885 | 차단  310
Ep 644 | Step 1000 | R   231.71 | 배송 20/50 | 미활동 0 | 2홉+ 0.44 | 도달 1068 | 차단   33
Ep 645 | Step 1000 | R   313.53 | 배송 22/50 | 미활동 0 | 2홉+ 0.40 | 도달 1008 | 차단  213
Ep 646 | Step 1000 | R   247.37 | 배송 19/50 | 미활동 0 | 2홉+ 0.44 | 도달 1035 | 차단  158
Ep 647 | Step 1000 | R   251.05 | 배송 20/50 | 미활동 0 | 2홉+ 0.29 | 도달  775 | 차단   92
Ep 648 | Step 1000 | R   206.78 | 배송 18/50 | 미활동 0 | 2홉+ 0.34 | 도달 1000 | 차단  151
Ep 649 | Step 1000 | R   206.36 | 배송 20/50 | 미활동 0 | 2홉+ 0.31 | 도달  854 | 차단   71
Ep 650 | Step 1000 | R   221.37 | 배송 17/50 | 미활동 0 | 2홉+ 0.33 | 도달  766 | 차단  146
  [홀드아웃] 배송 13.0±4.2 미활동 0.00 2홉+ 0.70 도달 987 | 최고 15.8@ep50 | 정체 12/15
Ep 651 | Step 1000 | R   332.43 | 배송 22/50 | 미활동 0 | 2홉+ 0.36 | 도달  761 | 차단   43
Ep 652 | Step 1000 | R   255.42 | 배송 20/50 | 미활동 0 | 2홉+ 0.22 | 도달  785 | 차단    4
Ep 653 | Step 1000 | R   285.62 | 배송 20/50 | 미활동 0 | 2홉+ 0.44 | 도달  835 | 차단   93
Ep 654 | Step 1000 | R   183.29 | 배송 17/50 | 미활동 0 | 2홉+ 0.34 | 도달  738 | 차단   91
Ep 655 | Step 1000 | R   312.52 | 배송 23/50 | 미활동 0 | 2홉+ 0.29 | 도달  814 | 차단  143
Ep 656 | Step 1000 | R   150.81 | 배송 18/50 | 미활동 0 | 2홉+ 0.23 | 도달  710 | 차단    3
Ep 657 | Step 1000 | R   258.78 | 배송 23/50 | 미활동 0 | 2홉+ 0.27 | 도달  780 | 차단   27
Ep 658 | Step 1000 | R   190.57 | 배송 18/50 | 미활동 0 | 2홉+ 0.22 | 도달  850 | 차단  108
Ep 659 | Step 1000 | R   179.51 | 배송 20/50 | 미활동 0 | 2홉+ 0.33 | 도달  765 | 차단   71
Ep 660 | Step 1000 | R   271.87 | 배송 23/50 | 미활동 0 | 2홉+ 0.34 | 도달  749 | 차단  108
Ep 661 | Step 1000 | R   269.60 | 배송 19/50 | 미활동 0 | 2홉+ 0.18 | 도달  737 | 차단  124
Ep 662 | Step 1000 | R   291.10 | 배송 24/50 | 미활동 0 | 2홉+ 0.29 | 도달  914 | 차단    6
Ep 663 | Step 1000 | R   198.26 | 배송 19/50 | 미활동 0 | 2홉+ 0.16 | 도달  993 | 차단    8
Ep 664 | Step 1000 | R   316.15 | 배송 24/50 | 미활동 0 | 2홉+ 0.28 | 도달  915 | 차단   76
Ep 665 | Step 1000 | R   235.28 | 배송 19/50 | 미활동 0 | 2홉+ 0.27 | 도달  731 | 차단  171
Ep 666 | Step 1000 | R   277.11 | 배송 20/50 | 미활동 0 | 2홉+ 0.30 | 도달  823 | 차단  101
Ep 667 | Step 1000 | R   264.71 | 배송 21/50 | 미활동 0 | 2홉+ 0.26 | 도달  804 | 차단  106
Ep 668 | Step 1000 | R   262.61 | 배송 21/50 | 미활동 0 | 2홉+ 0.49 | 도달  846 | 차단  135
Ep 669 | Step 1000 | R   384.73 | 배송 29/50 | 미활동 0 | 2홉+ 0.30 | 도달  935 | 차단   94
Ep 670 | Step 1000 | R   239.89 | 배송 19/50 | 미활동 0 | 2홉+ 0.32 | 도달  887 | 차단  169
Ep 671 | Step 1000 | R   215.75 | 배송 20/50 | 미활동 0 | 2홉+ 0.36 | 도달  819 | 차단   85
Ep 672 | Step 1000 | R   241.31 | 배송 20/50 | 미활동 0 | 2홉+ 0.27 | 도달  778 | 차단   56
Ep 673 | Step 1000 | R   241.45 | 배송 23/50 | 미활동 0 | 2홉+ 0.30 | 도달  776 | 차단   49
Ep 674 | Step 1000 | R   278.32 | 배송 21/50 | 미활동 0 | 2홉+ 0.27 | 도달  795 | 차단  374
Ep 675 | Step 1000 | R   195.10 | 배송 18/50 | 미활동 0 | 2홉+ 0.38 | 도달  764 | 차단   42
Ep 676 | Step 1000 | R   247.92 | 배송 22/50 | 미활동 0 | 2홉+ 0.30 | 도달  896 | 차단  102
Ep 677 | Step 1000 | R   259.10 | 배송 22/50 | 미활동 0 | 2홉+ 0.21 | 도달  748 | 차단   38
Ep 678 | Step 1000 | R   221.62 | 배송 20/50 | 미활동 0 | 2홉+ 0.50 | 도달  976 | 차단  476
Ep 679 | Step 1000 | R   200.94 | 배송 19/50 | 미활동 0 | 2홉+ 0.26 | 도달  777 | 차단  103
Ep 680 | Step 1000 | R   302.83 | 배송 22/50 | 미활동 0 | 2홉+ 0.42 | 도달 1038 | 차단  175
Ep 681 | Step 1000 | R   166.04 | 배송 17/50 | 미활동 0 | 2홉+ 0.36 | 도달 1035 | 차단   74
Ep 682 | Step 1000 | R   247.51 | 배송 19/50 | 미활동 0 | 2홉+ 0.31 | 도달  834 | 차단  156
Ep 683 | Step 1000 | R   198.44 | 배송 20/50 | 미활동 0 | 2홉+ 0.43 | 도달  757 | 차단   44
Ep 684 | Step 1000 | R   153.45 | 배송 14/50 | 미활동 0 | 2홉+ 0.39 | 도달  970 | 차단   29
Ep 685 | Step 1000 | R   229.59 | 배송 18/50 | 미활동 0 | 2홉+ 0.28 | 도달  973 | 차단  200
Ep 686 | Step 1000 | R   374.35 | 배송 27/50 | 미활동 0 | 2홉+ 0.41 | 도달  942 | 차단  128
Ep 687 | Step 1000 | R   121.69 | 배송 18/50 | 미활동 0 | 2홉+ 0.17 | 도달  727 | 차단   26
Ep 688 | Step 1000 | R   263.09 | 배송 21/50 | 미활동 0 | 2홉+ 0.31 | 도달  942 | 차단   84
Ep 689 | Step 1000 | R   174.45 | 배송 18/50 | 미활동 0 | 2홉+ 0.37 | 도달  767 | 차단   72
Ep 690 | Step 1000 | R   248.74 | 배송 20/50 | 미활동 0 | 2홉+ 0.33 | 도달  802 | 차단   69
Ep 691 | Step 1000 | R   257.01 | 배송 20/50 | 미활동 0 | 2홉+ 0.42 | 도달  901 | 차단  122
Ep 692 | Step 1000 | R   194.31 | 배송 19/50 | 미활동 0 | 2홉+ 0.20 | 도달  687 | 차단   74
Ep 693 | Step 1000 | R   254.67 | 배송 22/50 | 미활동 0 | 2홉+ 0.29 | 도달  768 | 차단    0
Ep 694 | Step 1000 | R   169.42 | 배송 17/50 | 미활동 0 | 2홉+ 0.12 | 도달  829 | 차단   98
Ep 695 | Step 1000 | R   286.27 | 배송 21/50 | 미활동 0 | 2홉+ 0.16 | 도달  693 | 차단    4
Ep 696 | Step 1000 | R   290.53 | 배송 21/50 | 미활동 0 | 2홉+ 0.32 | 도달  936 | 차단  130
Ep 697 | Step 1000 | R   296.53 | 배송 22/50 | 미활동 0 | 2홉+ 0.37 | 도달  973 | 차단  321
Ep 698 | Step 1000 | R   181.06 | 배송 17/50 | 미활동 0 | 2홉+ 0.22 | 도달  971 | 차단   29
Ep 699 | Step 1000 | R   253.06 | 배송 21/50 | 미활동 0 | 2홉+ 0.25 | 도달  988 | 차단  104
Ep 700 | Step 1000 | R   136.32 | 배송 17/50 | 미활동 0 | 2홉+ 0.38 | 도달  708 | 차단  241
  [홀드아웃] 배송 11.3±3.9 미활동 0.33 2홉+ 0.69 도달 1053 | 최고 15.8@ep50 | 정체 13/15
Ep 701 | Step 1000 | R   290.24 | 배송 21/50 | 미활동 0 | 2홉+ 0.26 | 도달  886 | 차단   18
Ep 702 | Step 1000 | R   217.94 | 배송 20/50 | 미활동 0 | 2홉+ 0.24 | 도달  884 | 차단   27
Ep 703 | Step 1000 | R   120.83 | 배송 15/50 | 미활동 0 | 2홉+ 0.15 | 도달  755 | 차단    8
Ep 704 | Step 1000 | R   241.69 | 배송 19/50 | 미활동 0 | 2홉+ 0.24 | 도달  843 | 차단   20
Ep 705 | Step 1000 | R   139.96 | 배송 17/50 | 미활동 0 | 2홉+ 0.47 | 도달  916 | 차단  131
Ep 706 | Step 1000 | R   204.61 | 배송 19/50 | 미활동 0 | 2홉+ 0.45 | 도달  991 | 차단  179
Ep 707 | Step 1000 | R   141.33 | 배송 16/50 | 미활동 0 | 2홉+ 0.47 | 도달  932 | 차단  170
Ep 708 | Step 1000 | R   314.68 | 배송 23/50 | 미활동 0 | 2홉+ 0.16 | 도달  821 | 차단    6
Ep 709 | Step 1000 | R   167.45 | 배송 18/50 | 미활동 0 | 2홉+ 0.45 | 도달  867 | 차단   41
Ep 710 | Step 1000 | R   162.06 | 배송 18/50 | 미활동 0 | 2홉+ 0.58 | 도달 1074 | 차단  517
Ep 711 | Step 1000 | R   165.74 | 배송 19/50 | 미활동 0 | 2홉+ 0.31 | 도달  927 | 차단   85
Ep 712 | Step 1000 | R   221.78 | 배송 21/50 | 미활동 0 | 2홉+ 0.35 | 도달  887 | 차단  152
Ep 713 | Step 1000 | R   216.29 | 배송 20/50 | 미활동 0 | 2홉+ 0.30 | 도달  910 | 차단   37
Ep 714 | Step 1000 | R   101.71 | 배송 15/50 | 미활동 0 | 2홉+ 0.16 | 도달  682 | 차단    8
Ep 715 | Step 1000 | R   358.83 | 배송 25/50 | 미활동 0 | 2홉+ 0.39 | 도달  786 | 차단   87
Ep 716 | Step 1000 | R   149.83 | 배송 13/50 | 미활동 0 | 2홉+ 0.50 | 도달  817 | 차단  183
Ep 717 | Step 1000 | R   243.71 | 배송 23/50 | 미활동 0 | 2홉+ 0.31 | 도달  883 | 차단    0
Ep 718 | Step 1000 | R   288.98 | 배송 20/50 | 미활동 0 | 2홉+ 0.20 | 도달  738 | 차단   35
Ep 719 | Step 1000 | R   108.39 | 배송 15/50 | 미활동 0 | 2홉+ 0.29 | 도달  859 | 차단    8
Ep 720 | Step 1000 | R   187.72 | 배송 17/50 | 미활동 0 | 2홉+ 0.35 | 도달  982 | 차단  113
Ep 721 | Step 1000 | R   248.69 | 배송 20/50 | 미활동 0 | 2홉+ 0.37 | 도달  961 | 차단   88
Ep 722 | Step 1000 | R   150.13 | 배송 16/50 | 미활동 0 | 2홉+ 0.13 | 도달  625 | 차단    0
Ep 723 | Step 1000 | R   152.47 | 배송 15/50 | 미활동 0 | 2홉+ 0.13 | 도달  753 | 차단    0
Ep 724 | Step 1000 | R   208.41 | 배송 21/50 | 미활동 0 | 2홉+ 0.27 | 도달  737 | 차단   24
Ep 725 | Step 1000 | R   193.06 | 배송 18/50 | 미활동 0 | 2홉+ 0.10 | 도달  744 | 차단   40
Ep 726 | Step 1000 | R   261.68 | 배송 21/50 | 미활동 0 | 2홉+ 0.31 | 도달  821 | 차단   96
Ep 727 | Step 1000 | R   235.46 | 배송 19/50 | 미활동 0 | 2홉+ 0.23 | 도달  688 | 차단   12
Ep 728 | Step 1000 | R   223.38 | 배송 22/50 | 미활동 0 | 2홉+ 0.29 | 도달  774 | 차단  150
Ep 729 | Step 1000 | R   273.09 | 배송 23/50 | 미활동 0 | 2홉+ 0.33 | 도달  697 | 차단   19
Ep 730 | Step 1000 | R   160.15 | 배송 16/50 | 미활동 0 | 2홉+ 0.23 | 도달  747 | 차단   21
Ep 731 | Step 1000 | R   216.78 | 배송 21/50 | 미활동 0 | 2홉+ 0.18 | 도달  779 | 차단    5
Ep 732 | Step 1000 | R   229.31 | 배송 19/50 | 미활동 0 | 2홉+ 0.22 | 도달  670 | 차단   64
Ep 733 | Step 1000 | R   206.21 | 배송 20/50 | 미활동 0 | 2홉+ 0.13 | 도달  610 | 차단    0
Ep 734 | Step 1000 | R   212.06 | 배송 18/50 | 미활동 0 | 2홉+ 0.31 | 도달 1050 | 차단  158
Ep 735 | Step 1000 | R   200.19 | 배송 19/50 | 미활동 0 | 2홉+ 0.21 | 도달  873 | 차단    6
Ep 736 | Step 1000 | R   131.98 | 배송 17/50 | 미활동 0 | 2홉+ 0.10 | 도달  844 | 차단   36
Ep 737 | Step 1000 | R   273.20 | 배송 22/50 | 미활동 0 | 2홉+ 0.38 | 도달  808 | 차단  139
Ep 738 | Step 1000 | R   292.37 | 배송 23/50 | 미활동 0 | 2홉+ 0.24 | 도달  646 | 차단    0
Ep 739 | Step 1000 | R   243.65 | 배송 19/50 | 미활동 0 | 2홉+ 0.23 | 도달  860 | 차단   16
Ep 740 | Step 1000 | R   281.42 | 배송 24/50 | 미활동 0 | 2홉+ 0.36 | 도달 1019 | 차단   83
Ep 741 | Step 1000 | R   241.26 | 배송 20/50 | 미활동 0 | 2홉+ 0.08 | 도달  762 | 차단    0
Ep 742 | Step 1000 | R   236.75 | 배송 18/50 | 미활동 0 | 2홉+ 0.23 | 도달  749 | 차단    6
Ep 743 | Step 1000 | R   199.20 | 배송 19/50 | 미활동 0 | 2홉+ 0.16 | 도달  902 | 차단    9
Ep 744 | Step 1000 | R   162.37 | 배송 15/50 | 미활동 0 | 2홉+ 0.29 | 도달  905 | 차단  293
Ep 745 | Step 1000 | R   242.09 | 배송 19/50 | 미활동 0 | 2홉+ 0.20 | 도달  878 | 차단   54
Ep 746 | Step 1000 | R   246.88 | 배송 21/50 | 미활동 0 | 2홉+ 0.33 | 도달  810 | 차단  127
Ep 747 | Step 1000 | R   227.69 | 배송 18/50 | 미활동 0 | 2홉+ 0.07 | 도달  635 | 차단    0
Ep 748 | Step 1000 | R   156.87 | 배송 17/50 | 미활동 0 | 2홉+ 0.16 | 도달  767 | 차단   39
Ep 749 | Step 1000 | R   257.47 | 배송 22/50 | 미활동 0 | 2홉+ 0.19 | 도달  757 | 차단    5
Ep 750 | Step 1000 | R   170.21 | 배송 16/50 | 미활동 0 | 2홉+ 0.28 | 도달  975 | 차단   61
  [홀드아웃] 배송 12.7±2.6 미활동 0.17 2홉+ 0.66 도달 1032 | 최고 15.8@ep50 | 정체 14/15
Ep 751 | Step 1000 | R   185.74 | 배송 18/50 | 미활동 0 | 2홉+ 0.51 | 도달  927 | 차단  382
Ep 752 | Step 1000 | R   218.50 | 배송 17/50 | 미활동 0 | 2홉+ 0.31 | 도달  911 | 차단   18
Ep 753 | Step 1000 | R   185.32 | 배송 18/50 | 미활동 0 | 2홉+ 0.15 | 도달  779 | 차단   13
Ep 754 | Step 1000 | R   193.53 | 배송 18/50 | 미활동 0 | 2홉+ 0.19 | 도달  882 | 차단    2
Ep 755 | Step 1000 | R   213.50 | 배송 20/50 | 미활동 0 | 2홉+ 0.28 | 도달  701 | 차단    0
Ep 756 | Step 1000 | R   190.98 | 배송 19/50 | 미활동 0 | 2홉+ 0.17 | 도달  692 | 차단   12
Ep 757 | Step 1000 | R   203.63 | 배송 20/50 | 미활동 0 | 2홉+ 0.16 | 도달  714 | 차단   22
Ep 758 | Step 1000 | R   201.74 | 배송 17/50 | 미활동 0 | 2홉+ 0.20 | 도달  875 | 차단    6
Ep 759 | Step 1000 | R   310.05 | 배송 23/50 | 미활동 0 | 2홉+ 0.24 | 도달  899 | 차단   54
Ep 760 | Step 1000 | R   223.97 | 배송 18/50 | 미활동 0 | 2홉+ 0.09 | 도달  662 | 차단    0
Ep 761 | Step 1000 | R   327.43 | 배송 24/50 | 미활동 0 | 2홉+ 0.31 | 도달  802 | 차단   24
Ep 762 | Step 1000 | R   315.46 | 배송 26/50 | 미활동 0 | 2홉+ 0.36 | 도달  885 | 차단   64
Ep 763 | Step 1000 | R   195.76 | 배송 19/50 | 미활동 0 | 2홉+ 0.18 | 도달  780 | 차단   16
Ep 764 | Step 1000 | R   196.86 | 배송 19/50 | 미활동 0 | 2홉+ 0.29 | 도달  882 | 차단   12
Ep 765 | Step 1000 | R   232.34 | 배송 19/50 | 미활동 0 | 2홉+ 0.27 | 도달  863 | 차단  174
Ep 766 | Step 1000 | R   232.94 | 배송 19/50 | 미활동 0 | 2홉+ 0.30 | 도달  742 | 차단    1
Ep 767 | Step 1000 | R   197.39 | 배송 18/50 | 미활동 0 | 2홉+ 0.08 | 도달  740 | 차단    0
Ep 768 | Step 1000 | R   258.50 | 배송 22/50 | 미활동 0 | 2홉+ 0.21 | 도달  753 | 차단   57
Ep 769 | Step 1000 | R   288.62 | 배송 20/50 | 미활동 0 | 2홉+ 0.20 | 도달  822 | 차단   91
Ep 770 | Step 1000 | R   270.71 | 배송 21/50 | 미활동 0 | 2홉+ 0.28 | 도달  788 | 차단   15
Ep 771 | Step 1000 | R   282.68 | 배송 20/50 | 미활동 0 | 2홉+ 0.31 | 도달  878 | 차단   31
Ep 772 | Step 1000 | R   227.18 | 배송 18/50 | 미활동 0 | 2홉+ 0.25 | 도달  800 | 차단   19
Ep 773 | Step 1000 | R   206.71 | 배송 20/50 | 미활동 0 | 2홉+ 0.16 | 도달  808 | 차단   62
Ep 774 | Step 1000 | R   167.92 | 배송 16/50 | 미활동 0 | 2홉+ 0.24 | 도달  875 | 차단  144
Ep 775 | Step 1000 | R   267.95 | 배송 19/50 | 미활동 0 | 2홉+ 0.32 | 도달  922 | 차단   52
Ep 776 | Step 1000 | R   266.43 | 배송 22/50 | 미활동 0 | 2홉+ 0.25 | 도달  739 | 차단   37
Ep 777 | Step 1000 | R   329.06 | 배송 24/50 | 미활동 0 | 2홉+ 0.34 | 도달  811 | 차단   42
Ep 778 | Step 1000 | R   330.34 | 배송 25/50 | 미활동 0 | 2홉+ 0.33 | 도달  765 | 차단  148
Ep 779 | Step 1000 | R   274.05 | 배송 23/50 | 미활동 0 | 2홉+ 0.29 | 도달  866 | 차단  160
Ep 780 | Step 1000 | R   176.52 | 배송 18/50 | 미활동 0 | 2홉+ 0.26 | 도달  783 | 차단   84
Ep 781 | Step 1000 | R   248.82 | 배송 20/50 | 미활동 0 | 2홉+ 0.26 | 도달  779 | 차단   39
Ep 782 | Step 1000 | R   216.91 | 배송 19/50 | 미활동 0 | 2홉+ 0.43 | 도달  939 | 차단   64
Ep 783 | Step 1000 | R   300.29 | 배송 22/50 | 미활동 0 | 2홉+ 0.42 | 도달 1040 | 차단  112
Ep 784 | Step 1000 | R   252.29 | 배송 22/50 | 미활동 0 | 2홉+ 0.26 | 도달  889 | 차단   33
Ep 785 | Step 1000 | R   268.84 | 배송 21/50 | 미활동 0 | 2홉+ 0.28 | 도달  860 | 차단   12
Ep 786 | Step 1000 | R   229.99 | 배송 18/50 | 미활동 0 | 2홉+ 0.33 | 도달  828 | 차단    2
Ep 787 | Step 1000 | R   280.65 | 배송 23/50 | 미활동 0 | 2홉+ 0.21 | 도달  818 | 차단    0
Ep 788 | Step 1000 | R   176.27 | 배송 17/50 | 미활동 0 | 2홉+ 0.27 | 도달  716 | 차단   22
Ep 789 | Step 1000 | R   216.38 | 배송 20/50 | 미활동 0 | 2홉+ 0.27 | 도달  714 | 차단  122
Ep 790 | Step 1000 | R   195.90 | 배송 20/50 | 미활동 0 | 2홉+ 0.22 | 도달  743 | 차단   58
Ep 791 | Step 1000 | R   338.11 | 배송 25/50 | 미활동 0 | 2홉+ 0.25 | 도달  920 | 차단  378
Ep 792 | Step 1000 | R   232.56 | 배송 20/50 | 미활동 0 | 2홉+ 0.23 | 도달  764 | 차단   10
Ep 793 | Step 1000 | R    93.10 | 배송 13/50 | 미활동 0 | 2홉+ 0.27 | 도달  795 | 차단   41
Ep 794 | Step 1000 | R   184.07 | 배송 17/50 | 미활동 0 | 2홉+ 0.28 | 도달  749 | 차단    3
Ep 795 | Step 1000 | R   199.31 | 배송 18/50 | 미활동 0 | 2홉+ 0.19 | 도달  649 | 차단    0
Ep 796 | Step 1000 | R   226.24 | 배송 20/50 | 미활동 0 | 2홉+ 0.15 | 도달  779 | 차단   22
Ep 797 | Step 1000 | R   236.47 | 배송 19/50 | 미활동 0 | 2홉+ 0.27 | 도달  792 | 차단  111
Ep 798 | Step 1000 | R   263.43 | 배송 19/50 | 미활동 0 | 2홉+ 0.21 | 도달  718 | 차단    0
Ep 799 | Step 1000 | R   341.17 | 배송 23/50 | 미활동 0 | 2홉+ 0.21 | 도달  795 | 차단   71
Ep 800 | Step 1000 | R   192.43 | 배송 17/50 | 미활동 0 | 2홉+ 0.38 | 도달  929 | 차단   77
  [홀드아웃] 배송 12.7±2.6 미활동 0.00 2홉+ 0.66 도달 1000 | 최고 15.8@ep50 | 정체 15/15

조기 종료: 15회 연속 개선 없음. 최고 정책은 ep50 (홀드아웃 배송 15.8/50), /home/kopt/drone/weights/v2_26_08_25_14_e1_alpha/best_actor.pth
Training finished. best=15.8 @ ep50
