/home/kopt/enter/envs/wsl_neuroMCTS/lib/python3.10/site-packages/pygame/pkgdata.py:25: UserWarning: pkg_resources is deprecated as an API. See https://setuptools.pypa.io/en/latest/pkg_resources.html. The pkg_resources package is slated for removal as early as 2025-11-30. Refrain from using this package or pin to Setuptools<81.
  from pkg_resources import resource_stream, resource_exists
pygame 2.6.1 (SDL 2.28.4, Python 3.10.19)
Hello from the pygame community. https://www.pygame.org/contribute.html
지도를 성공적으로 로드했습니다: /home/kopt/drone/proposed_src/util/disaster_map.npy
지도를 성공적으로 로드했습니다: /home/kopt/drone/proposed_src/util/disaster_map.npy
Using device: cuda  tag=v2_26_08_25_14_c300s_vec
설정: relay_w=0.0 alpha_min=0.0 relay_credit=False n_peers=2 comm_range=300.0 action_mode=vector projection=scale
obs_dim=19, state_dim=66, total_act_dim=8
조기 종료: 50ep마다 홀드아웃 6개 평가, patience=15회
Ep 1 | Step 1000 | R   -43.52 | 배송  1/50 | 미활동 3 | 2홉+ 0.71 | 도달  583 | 차단  723
Ep 2 | Step 1000 | R     2.45 | 배송  4/50 | 미활동 2 | 2홉+ 0.69 | 도달  615 | 차단  414
Ep 3 | Step 1000 | R   -23.90 | 배송  1/50 | 미활동 3 | 2홉+ 0.71 | 도달  754 | 차단  790
Ep 4 | Step 1000 | R   -27.71 | 배송  2/50 | 미활동 3 | 2홉+ 0.71 | 도달  632 | 차단  606
Ep 5 | Step 1000 | R   -42.07 | 배송  1/50 | 미활동 3 | 2홉+ 0.70 | 도달  598 | 차단  785
Ep 6 | Step 1000 | R   173.30 | 배송 15/50 | 미활동 0 | 2홉+ 0.58 | 도달  740 | 차단 1062
Ep 7 | Step 1000 | R    49.15 | 배송  9/50 | 미활동 1 | 2홉+ 0.55 | 도달  789 | 차단 1634
Ep 8 | Step 1000 | R   114.07 | 배송 12/50 | 미활동 0 | 2홉+ 0.35 | 도달  579 | 차단 1487
Ep 9 | Step 1000 | R    73.46 | 배송 12/50 | 미활동 0 | 2홉+ 0.63 | 도달  622 | 차단 1438
Ep 10 | Step 1000 | R   118.41 | 배송 15/50 | 미활동 0 | 2홉+ 0.57 | 도달  843 | 차단 1495
Ep 11 | Step 1000 | R    41.27 | 배송  9/50 | 미활동 0 | 2홉+ 0.43 | 도달  550 | 차단 2046
Ep 12 | Step 1000 | R    26.50 | 배송  6/50 | 미활동 2 | 2홉+ 0.41 | 도달  533 | 차단 1572
Ep 13 | Step 1000 | R    54.77 | 배송 10/50 | 미활동 0 | 2홉+ 0.45 | 도달  625 | 차단 1719
Ep 14 | Step 1000 | R    88.23 | 배송 13/50 | 미활동 0 | 2홉+ 0.46 | 도달  669 | 차단 1796
Ep 15 | Step 1000 | R    65.74 | 배송 12/50 | 미활동 0 | 2홉+ 0.41 | 도달  585 | 차단 1981
Ep 16 | Step 1000 | R   123.97 | 배송 16/50 | 미활동 0 | 2홉+ 0.59 | 도달  938 | 차단 1344
Ep 17 | Step 1000 | R    69.86 | 배송 13/50 | 미활동 0 | 2홉+ 0.68 | 도달 1049 | 차단 2222
Ep 18 | Step 1000 | R   127.44 | 배송 16/50 | 미활동 0 | 2홉+ 0.64 | 도달  709 | 차단 1324
Ep 19 | Step 1000 | R    28.71 | 배송  7/50 | 미활동 1 | 2홉+ 0.41 | 도달  642 | 차단 1564
Ep 20 | Step 1000 | R    77.38 | 배송 12/50 | 미활동 1 | 2홉+ 0.44 | 도달  575 | 차단 1299
Ep 21 | Step 1000 | R    86.04 | 배송 14/50 | 미활동 0 | 2홉+ 0.40 | 도달  710 | 차단 1725
Ep 22 | Step 1000 | R    -1.92 | 배송  9/50 | 미활동 0 | 2홉+ 0.71 | 도달  625 | 차단 3541
Ep 23 | Step 1000 | R    60.43 | 배송 14/50 | 미활동 0 | 2홉+ 0.71 | 도달  937 | 차단 3224
Ep 24 | Step 1000 | R    91.59 | 배송 16/50 | 미활동 0 | 2홉+ 0.69 | 도달  828 | 차단 2723
Ep 25 | Step 1000 | R    26.87 | 배송 10/50 | 미활동 0 | 2홉+ 0.72 | 도달 1040 | 차단 2958
Ep 26 | Step 1000 | R    -7.94 | 배송  6/50 | 미활동 2 | 2홉+ 0.70 | 도달  717 | 차단 2881
Ep 27 | Step 1000 | R    47.87 | 배송 10/50 | 미활동 0 | 2홉+ 0.62 | 도달 1005 | 차단 2393
Ep 28 | Step 1000 | R    18.44 | 배송  8/50 | 미활동 1 | 2홉+ 0.71 | 도달  732 | 차단 2581
Ep 29 | Step 1000 | R    95.22 | 배송 16/50 | 미활동 0 | 2홉+ 0.71 | 도달 1074 | 차단 2201
Ep 30 | Step 1000 | R   137.18 | 배송 17/50 | 미활동 0 | 2홉+ 0.72 | 도달  808 | 차단 1030
Ep 31 | Step 1000 | R   126.77 | 배송 18/50 | 미활동 0 | 2홉+ 0.70 | 도달  827 | 차단 2445
Ep 32 | Step 1000 | R   111.51 | 배송 17/50 | 미활동 0 | 2홉+ 0.63 | 도달 1074 | 차단 2221
Ep 33 | Step 1000 | R    63.18 | 배송 12/50 | 미활동 0 | 2홉+ 0.70 | 도달  831 | 차단 2241
Ep 34 | Step 1000 | R    94.36 | 배송 16/50 | 미활동 0 | 2홉+ 0.72 | 도달  959 | 차단 2249
Ep 35 | Step 1000 | R    60.70 | 배송 14/50 | 미활동 0 | 2홉+ 0.71 | 도달 1022 | 차단 2878
Ep 36 | Step 1000 | R    66.78 | 배송 13/50 | 미활동 0 | 2홉+ 0.70 | 도달 1025 | 차단 2191
Ep 37 | Step 1000 | R    88.01 | 배송 16/50 | 미활동 0 | 2홉+ 0.71 | 도달 1009 | 차단 2443
Ep 38 | Step 1000 | R    84.78 | 배송 15/50 | 미활동 0 | 2홉+ 0.70 | 도달  888 | 차단 2264
Ep 39 | Step 1000 | R   120.86 | 배송 17/50 | 미활동 0 | 2홉+ 0.72 | 도달  974 | 차단 1979
Ep 40 | Step 1000 | R    79.22 | 배송 13/50 | 미활동 0 | 2홉+ 0.72 | 도달 1005 | 차단 1304
Ep 41 | Step 1000 | R    69.17 | 배송 13/50 | 미활동 1 | 2홉+ 0.70 | 도달  954 | 차단 2572
Ep 42 | Step 1000 | R   123.22 | 배송 17/50 | 미활동 0 | 2홉+ 0.70 | 도달 1034 | 차단 1877
Ep 43 | Step 1000 | R   125.09 | 배송 17/50 | 미활동 0 | 2홉+ 0.71 | 도달  978 | 차단 1587
Ep 44 | Step 1000 | R   104.80 | 배송 15/50 | 미활동 0 | 2홉+ 0.71 | 도달 1001 | 차단 1916
Ep 45 | Step 1000 | R    70.21 | 배송 13/50 | 미활동 0 | 2홉+ 0.71 | 도달 1059 | 차단 2331
Ep 46 | Step 1000 | R   131.51 | 배송 18/50 | 미활동 0 | 2홉+ 0.71 | 도달  960 | 차단 1891
Ep 47 | Step 1000 | R   101.86 | 배송 16/50 | 미활동 0 | 2홉+ 0.72 | 도달  932 | 차단 2483
Ep 48 | Step 1000 | R    99.04 | 배송 16/50 | 미활동 0 | 2홉+ 0.70 | 도달 1074 | 차단 2087
Ep 49 | Step 1000 | R    99.87 | 배송 15/50 | 미활동 0 | 2홉+ 0.71 | 도달 1010 | 차단 2152
Ep 50 | Step 1000 | R    71.39 | 배송 14/50 | 미활동 0 | 2홉+ 0.71 | 도달  820 | 차단 2670
  [홀드아웃] 배송 6.8±3.3 미활동 1.17 2홉+ 0.59 도달 704 | 최고 6.8@ep50 | 정체 0/15  ← 최고 갱신
Ep 51 | Step 1000 | R    83.01 | 배송 15/50 | 미활동 1 | 2홉+ 0.72 | 도달 1041 | 차단 2517
Ep 52 | Step 1000 | R   110.38 | 배송 17/50 | 미활동 0 | 2홉+ 0.70 | 도달 1074 | 차단 2123
Ep 53 | Step 1000 | R    79.60 | 배송 13/50 | 미활동 0 | 2홉+ 0.71 | 도달 1008 | 차단 1574
Ep 54 | Step 1000 | R   112.63 | 배송 16/50 | 미활동 0 | 2홉+ 0.72 | 도달 1069 | 차단 1734
Ep 55 | Step 1000 | R   110.50 | 배송 15/50 | 미활동 0 | 2홉+ 0.70 | 도달  876 | 차단 1510
Ep 56 | Step 1000 | R   107.26 | 배송 14/50 | 미활동 0 | 2홉+ 0.70 | 도달 1074 | 차단 1004
Ep 57 | Step 1000 | R    61.23 | 배송 12/50 | 미활동 1 | 2홉+ 0.71 | 도달 1074 | 차단 2398
Ep 58 | Step 1000 | R    52.22 | 배송 12/50 | 미활동 0 | 2홉+ 0.56 | 도달  964 | 차단 2271
Ep 59 | Step 1000 | R   105.48 | 배송 17/50 | 미활동 0 | 2홉+ 0.71 | 도달 1044 | 차단 2475
Ep 60 | Step 1000 | R    97.86 | 배송 15/50 | 미활동 0 | 2홉+ 0.72 | 도달  936 | 차단 2017
Ep 61 | Step 1000 | R    83.65 | 배송 15/50 | 미활동 0 | 2홉+ 0.71 | 도달 1050 | 차단 2356
Ep 62 | Step 1000 | R   108.31 | 배송 17/50 | 미활동 0 | 2홉+ 0.72 | 도달 1074 | 차단 2566
Ep 63 | Step 1000 | R    16.22 | 배송  9/50 | 미활동 1 | 2홉+ 0.73 | 도달 1048 | 차단 3279
Ep 64 | Step 1000 | R    77.62 | 배송 14/50 | 미활동 1 | 2홉+ 0.68 | 도달  826 | 차단 2572
Ep 65 | Step 1000 | R    78.98 | 배송 15/50 | 미활동 0 | 2홉+ 0.70 | 도달 1009 | 차단 2707
Ep 66 | Step 1000 | R   -30.60 | 배송  6/50 | 미활동 0 | 2홉+ 0.49 | 도달  790 | 차단 3480
Ep 67 | Step 1000 | R   -36.33 | 배송  5/50 | 미활동 1 | 2홉+ 0.49 | 도달  704 | 차단 3547
Ep 68 | Step 1000 | R     1.15 | 배송  9/50 | 미활동 0 | 2홉+ 0.49 | 도달  772 | 차단 3434
Ep 69 | Step 1000 | R   -18.45 | 배송  6/50 | 미활동 2 | 2홉+ 0.49 | 도달  876 | 차단 2807
Ep 70 | Step 1000 | R   -31.48 | 배송  6/50 | 미활동 2 | 2홉+ 0.49 | 도달  722 | 차단 3531
Ep 71 | Step 1000 | R   -35.35 | 배송  6/50 | 미활동 1 | 2홉+ 0.49 | 도달  771 | 차단 3620
Ep 72 | Step 1000 | R    -3.49 | 배송  7/50 | 미활동 1 | 2홉+ 0.49 | 도달  894 | 차단 2900
Ep 73 | Step 1000 | R    14.98 | 배송  9/50 | 미활동 1 | 2홉+ 0.58 | 도달  865 | 차단 2911
Ep 74 | Step 1000 | R    -4.54 | 배송  7/50 | 미활동 1 | 2홉+ 0.54 | 도달  854 | 차단 2715
Ep 75 | Step 1000 | R    -5.32 | 배송  6/50 | 미활동 2 | 2홉+ 0.49 | 도달  862 | 차단 2732
Ep 76 | Step 1000 | R    24.56 | 배송  8/50 | 미활동 0 | 2홉+ 0.62 | 도달  892 | 차단 2479
Ep 77 | Step 1000 | R    58.84 | 배송 13/50 | 미활동 0 | 2홉+ 0.65 | 도달  778 | 차단 2969
Ep 78 | Step 1000 | R   138.14 | 배송 18/50 | 미활동 0 | 2홉+ 0.73 | 도달  860 | 차단 1683
Ep 79 | Step 1000 | R    31.53 | 배송 11/50 | 미활동 0 | 2홉+ 0.71 | 도달  955 | 차단 3173
Ep 80 | Step 1000 | R   121.93 | 배송 14/50 | 미활동 0 | 2홉+ 0.53 | 도달  880 | 차단 2320
Ep 81 | Step 1000 | R    61.57 | 배송 13/50 | 미활동 0 | 2홉+ 0.70 | 도달  951 | 차단 2668
Ep 82 | Step 1000 | R    60.37 | 배송 13/50 | 미활동 0 | 2홉+ 0.54 | 도달  754 | 차단 2853
Ep 83 | Step 1000 | R     7.98 | 배송  8/50 | 미활동 1 | 2홉+ 0.71 | 도달  574 | 차단 3055
Ep 84 | Step 1000 | R   -31.96 | 배송  6/50 | 미활동 0 | 2홉+ 0.72 | 도달  535 | 차단 3644
Ep 85 | Step 1000 | R   101.50 | 배송 15/50 | 미활동 1 | 2홉+ 0.49 | 도달  773 | 차단 1900
Ep 86 | Step 1000 | R    -4.86 | 배송  8/50 | 미활동 1 | 2홉+ 0.48 | 도달  712 | 차단 2664
Ep 87 | Step 1000 | R    47.26 | 배송 12/50 | 미활동 1 | 2홉+ 0.53 | 도달  897 | 차단 2832
Ep 88 | Step 1000 | R   -10.53 | 배송  6/50 | 미활동 0 | 2홉+ 0.49 | 도달  800 | 차단 2683
Ep 89 | Step 1000 | R    41.29 | 배송 11/50 | 미활동 1 | 2홉+ 0.71 | 도달  939 | 차단 2610
Ep 90 | Step 1000 | R    22.33 | 배송 10/50 | 미활동 0 | 2홉+ 0.59 | 도달  778 | 차단 3059
Ep 91 | Step 1000 | R    40.21 | 배송 11/50 | 미활동 0 | 2홉+ 0.70 | 도달  923 | 차단 2832
Ep 92 | Step 1000 | R    56.42 | 배송 13/50 | 미활동 0 | 2홉+ 0.64 | 도달  891 | 차단 2989
Ep 93 | Step 1000 | R    -4.13 | 배송  7/50 | 미활동 1 | 2홉+ 0.66 | 도달  687 | 차단 2851
Ep 94 | Step 1000 | R    47.36 | 배송 10/50 | 미활동 0 | 2홉+ 0.72 | 도달  986 | 차단 2365
Ep 95 | Step 1000 | R    22.76 | 배송  9/50 | 미활동 1 | 2홉+ 0.73 | 도달  958 | 차단 2943
Ep 96 | Step 1000 | R     8.71 | 배송  9/50 | 미활동 0 | 2홉+ 0.57 | 도달  840 | 차단 3220
Ep 97 | Step 1000 | R     6.93 | 배송  9/50 | 미활동 0 | 2홉+ 0.73 | 도달  686 | 차단 3344
Ep 98 | Step 1000 | R    14.40 | 배송  8/50 | 미활동 2 | 2홉+ 0.49 | 도달  847 | 차단 2610
Ep 99 | Step 1000 | R    13.19 | 배송  9/50 | 미활동 0 | 2홉+ 0.63 | 도달  872 | 차단 2973
Ep 100 | Step 1000 | R   -18.82 | 배송  5/50 | 미활동 2 | 2홉+ 0.49 | 도달  759 | 차단 2973
  [홀드아웃] 배송 5.2±2.9 미활동 0.83 2홉+ 0.57 도달 616 | 최고 6.8@ep50 | 정체 1/15
Ep 101 | Step 1000 | R     4.06 | 배송  9/50 | 미활동 1 | 2홉+ 0.67 | 도달  993 | 차단 3289
Ep 102 | Step 1000 | R     8.96 | 배송  7/50 | 미활동 2 | 2홉+ 0.49 | 도달  722 | 차단 2940
Ep 103 | Step 1000 | R   123.56 | 배송 15/50 | 미활동 0 | 2홉+ 0.59 | 도달  924 | 차단 2374
Ep 104 | Step 1000 | R   -35.61 | 배송  3/50 | 미활동 2 | 2홉+ 0.49 | 도달  732 | 차단 2807
Ep 105 | Step 1000 | R    40.58 | 배송  8/50 | 미활동 2 | 2홉+ 0.47 | 도달  801 | 차단 1617
Ep 106 | Step 1000 | R    19.40 | 배송  9/50 | 미활동 1 | 2홉+ 0.49 | 도달  816 | 차단 3105
Ep 107 | Step 1000 | R    38.84 | 배송  9/50 | 미활동 0 | 2홉+ 0.72 | 도달  982 | 차단 2252
Ep 108 | Step 1000 | R     1.24 | 배송  8/50 | 미활동 0 | 2홉+ 0.73 | 도달  997 | 차단 3187
Ep 109 | Step 1000 | R    48.84 | 배송 11/50 | 미활동 1 | 2홉+ 0.73 | 도달  768 | 차단 2468
Ep 110 | Step 1000 | R    32.00 | 배송 10/50 | 미활동 1 | 2홉+ 0.73 | 도달 1045 | 차단 2719
Ep 111 | Step 1000 | R   138.11 | 배송 20/50 | 미활동 0 | 2홉+ 0.62 | 도달  984 | 차단 2076
Ep 112 | Step 1000 | R    42.51 | 배송 11/50 | 미활동 0 | 2홉+ 0.73 | 도달  847 | 차단 2782
Ep 113 | Step 1000 | R   111.97 | 배송 17/50 | 미활동 0 | 2홉+ 0.73 | 도달  956 | 차단 2338
Ep 114 | Step 1000 | R    24.67 | 배송 10/50 | 미활동 0 | 2홉+ 0.60 | 도달  831 | 차단 2999
Ep 115 | Step 1000 | R    12.35 | 배송  7/50 | 미활동 0 | 2홉+ 0.73 | 도달  992 | 차단 2376
Ep 116 | Step 1000 | R    98.68 | 배송 14/50 | 미활동 1 | 2홉+ 0.67 | 도달  823 | 차단 2050
Ep 117 | Step 1000 | R    51.21 | 배송 13/50 | 미활동 0 | 2홉+ 0.69 | 도달  800 | 차단 3114
Ep 118 | Step 1000 | R    55.51 | 배송 12/50 | 미활동 0 | 2홉+ 0.70 | 도달  830 | 차단 2723
Ep 119 | Step 1000 | R    50.81 | 배송 12/50 | 미활동 0 | 2홉+ 0.64 | 도달  836 | 차단 2835
Ep 120 | Step 1000 | R    62.71 | 배송 13/50 | 미활동 0 | 2홉+ 0.72 | 도달  878 | 차단 2687
Ep 121 | Step 1000 | R    -8.40 | 배송  7/50 | 미활동 1 | 2홉+ 0.38 | 도달  599 | 차단 3231
Ep 122 | Step 1000 | R    62.04 | 배송 12/50 | 미활동 0 | 2홉+ 0.70 | 도달 1014 | 차단 2004
Ep 123 | Step 1000 | R    25.84 | 배송  7/50 | 미활동 1 | 2홉+ 0.70 | 도달  967 | 차단 1924
Ep 124 | Step 1000 | R   107.71 | 배송 16/50 | 미활동 0 | 2홉+ 0.68 | 도달 1000 | 차단 2239
Ep 125 | Step 1000 | R   124.25 | 배송 17/50 | 미활동 0 | 2홉+ 0.72 | 도달  987 | 차단 1992
Ep 126 | Step 1000 | R     5.07 | 배송  7/50 | 미활동 2 | 2홉+ 0.73 | 도달  966 | 차단 2834
Ep 127 | Step 1000 | R   108.93 | 배송 17/50 | 미활동 0 | 2홉+ 0.66 | 도달  848 | 차단 2133
Ep 128 | Step 1000 | R   108.35 | 배송 15/50 | 미활동 0 | 2홉+ 0.69 | 도달  955 | 차단 1835
Ep 129 | Step 1000 | R    27.74 | 배송 10/50 | 미활동 0 | 2홉+ 0.71 | 도달  999 | 차단 2770
Ep 130 | Step 1000 | R   161.42 | 배송 20/50 | 미활동 0 | 2홉+ 0.68 | 도달  880 | 차단 1850
Ep 131 | Step 1000 | R    -5.37 | 배송  8/50 | 미활동 0 | 2홉+ 0.48 | 도달  600 | 차단 3312
Ep 132 | Step 1000 | R    77.17 | 배송 14/50 | 미활동 0 | 2홉+ 0.71 | 도달 1014 | 차단 2512
Ep 133 | Step 1000 | R   108.69 | 배송 17/50 | 미활동 0 | 2홉+ 0.71 | 도달  927 | 차단 2491
Ep 134 | Step 1000 | R   112.89 | 배송 16/50 | 미활동 0 | 2홉+ 0.57 | 도달  811 | 차단 1797
Ep 135 | Step 1000 | R    64.50 | 배송 11/50 | 미활동 0 | 2홉+ 0.55 | 도달  675 | 차단 1769
Ep 136 | Step 1000 | R    60.42 | 배송 13/50 | 미활동 0 | 2홉+ 0.61 | 도달  721 | 차단 2818
Ep 137 | Step 1000 | R    86.67 | 배송 14/50 | 미활동 0 | 2홉+ 0.57 | 도달  847 | 차단 2245
Ep 138 | Step 1000 | R   122.86 | 배송 16/50 | 미활동 0 | 2홉+ 0.50 | 도달  670 | 차단 1620
Ep 139 | Step 1000 | R   136.57 | 배송 18/50 | 미활동 0 | 2홉+ 0.60 | 도달  769 | 차단 1892
Ep 140 | Step 1000 | R   103.14 | 배송 17/50 | 미활동 0 | 2홉+ 0.70 | 도달  958 | 차단 2837
Ep 141 | Step 1000 | R    53.49 | 배송 13/50 | 미활동 0 | 2홉+ 0.66 | 도달  855 | 차단 3120
Ep 142 | Step 1000 | R   193.57 | 배송 19/50 | 미활동 0 | 2홉+ 0.70 | 도달  905 | 차단 1620
Ep 143 | Step 1000 | R   138.48 | 배송 17/50 | 미활동 0 | 2홉+ 0.64 | 도달  809 | 차단 1663
Ep 144 | Step 1000 | R   158.08 | 배송 18/50 | 미활동 0 | 2홉+ 0.61 | 도달  732 | 차단 2368
Ep 145 | Step 1000 | R   139.55 | 배송 18/50 | 미활동 0 | 2홉+ 0.71 | 도달  882 | 차단 1879
Ep 146 | Step 1000 | R   162.03 | 배송 17/50 | 미활동 0 | 2홉+ 0.46 | 도달  707 | 차단 1726
Ep 147 | Step 1000 | R   150.50 | 배송 19/50 | 미활동 0 | 2홉+ 0.72 | 도달  814 | 차단 1747
Ep 148 | Step 1000 | R   228.00 | 배송 23/50 | 미활동 0 | 2홉+ 0.65 | 도달  773 | 차단 1440
Ep 149 | Step 1000 | R   121.28 | 배송 18/50 | 미활동 0 | 2홉+ 0.62 | 도달  991 | 차단 2395
Ep 150 | Step 1000 | R   189.59 | 배송 19/50 | 미활동 0 | 2홉+ 0.70 | 도달  933 | 차단 1604
  [홀드아웃] 배송 4.8±2.2 미활동 1.50 2홉+ 0.57 도달 601 | 최고 6.8@ep50 | 정체 2/15
Ep 151 | Step 1000 | R   330.98 | 배송 26/50 | 미활동 0 | 2홉+ 0.65 | 도달  793 | 차단 1296
Ep 152 | Step 1000 | R   200.41 | 배송 20/50 | 미활동 0 | 2홉+ 0.62 | 도달  824 | 차단 1388
Ep 153 | Step 1000 | R   163.90 | 배송 20/50 | 미활동 0 | 2홉+ 0.71 | 도달  940 | 차단 1784
Ep 154 | Step 1000 | R   318.80 | 배송 24/50 | 미활동 0 | 2홉+ 0.61 | 도달  821 | 차단 1180
Ep 155 | Step 1000 | R   120.96 | 배송 18/50 | 미활동 0 | 2홉+ 0.69 | 도달  829 | 차단 2709
Ep 156 | Step 1000 | R   203.17 | 배송 20/50 | 미활동 0 | 2홉+ 0.58 | 도달  852 | 차단 1386
Ep 157 | Step 1000 | R   108.99 | 배송 16/50 | 미활동 0 | 2홉+ 0.59 | 도달  868 | 차단 1915
Ep 158 | Step 1000 | R   287.03 | 배송 22/50 | 미활동 0 | 2홉+ 0.62 | 도달  898 | 차단 1448
Ep 159 | Step 1000 | R    26.23 | 배송  9/50 | 미활동 0 | 2홉+ 0.51 | 도달  605 | 차단 2849
Ep 160 | Step 1000 | R   269.86 | 배송 20/50 | 미활동 0 | 2홉+ 0.62 | 도달  788 | 차단 1634
Ep 161 | Step 1000 | R    54.09 | 배송 12/50 | 미활동 0 | 2홉+ 0.69 | 도달  591 | 차단 2499
Ep 162 | Step 1000 | R    68.17 | 배송 14/50 | 미활동 1 | 2홉+ 0.72 | 도달  812 | 차단 3115
Ep 163 | Step 1000 | R    99.00 | 배송 17/50 | 미활동 0 | 2홉+ 0.73 | 도달  966 | 차단 2711
Ep 164 | Step 1000 | R     9.95 | 배송  7/50 | 미활동 1 | 2홉+ 0.49 | 도달  794 | 차단 2274
Ep 165 | Step 1000 | R   131.16 | 배송 19/50 | 미활동 0 | 2홉+ 0.69 | 도달  881 | 차단 2345
Ep 166 | Step 1000 | R   128.55 | 배송 20/50 | 미활동 0 | 2홉+ 0.70 | 도달 1018 | 차단 2166
Ep 167 | Step 1000 | R   140.22 | 배송 15/50 | 미활동 0 | 2홉+ 0.53 | 도달  851 | 차단 2078
Ep 168 | Step 1000 | R   180.75 | 배송 19/50 | 미활동 0 | 2홉+ 0.60 | 도달  955 | 차단 2029
Ep 169 | Step 1000 | R   102.76 | 배송 16/50 | 미활동 0 | 2홉+ 0.71 | 도달  959 | 차단 1938
Ep 170 | Step 1000 | R   241.57 | 배송 20/50 | 미활동 0 | 2홉+ 0.53 | 도달  866 | 차단 1327
Ep 171 | Step 1000 | R   270.54 | 배송 22/50 | 미활동 0 | 2홉+ 0.63 | 도달  779 | 차단 1078
Ep 172 | Step 1000 | R   169.12 | 배송 18/50 | 미활동 0 | 2홉+ 0.47 | 도달  725 | 차단 2058
Ep 173 | Step 1000 | R   157.29 | 배송 19/50 | 미활동 0 | 2홉+ 0.65 | 도달 1058 | 차단 1794
Ep 174 | Step 1000 | R   110.91 | 배송 14/50 | 미활동 0 | 2홉+ 0.66 | 도달  687 | 차단 2549
Ep 175 | Step 1000 | R   292.28 | 배송 22/50 | 미활동 0 | 2홉+ 0.54 | 도달  784 | 차단 1207
Ep 176 | Step 1000 | R    85.50 | 배송 14/50 | 미활동 0 | 2홉+ 0.56 | 도달  738 | 차단 2392
Ep 177 | Step 1000 | R   151.76 | 배송 17/50 | 미활동 0 | 2홉+ 0.71 | 도달  925 | 차단 2126
Ep 178 | Step 1000 | R   128.48 | 배송 15/50 | 미활동 0 | 2홉+ 0.66 | 도달  855 | 차단 2307
Ep 179 | Step 1000 | R   306.60 | 배송 23/50 | 미활동 0 | 2홉+ 0.59 | 도달  873 | 차단 1369
Ep 180 | Step 1000 | R   264.15 | 배송 23/50 | 미활동 0 | 2홉+ 0.62 | 도달  908 | 차단 1533
Ep 181 | Step 1000 | R   260.38 | 배송 22/50 | 미활동 0 | 2홉+ 0.53 | 도달  833 | 차단 1452
Ep 182 | Step 1000 | R   242.06 | 배송 20/50 | 미활동 0 | 2홉+ 0.57 | 도달  834 | 차단 1001
Ep 183 | Step 1000 | R   352.41 | 배송 29/50 | 미활동 0 | 2홉+ 0.64 | 도달  893 | 차단 1607
Ep 184 | Step 1000 | R   108.65 | 배송 16/50 | 미활동 0 | 2홉+ 0.71 | 도달  807 | 차단 2069
Ep 185 | Step 1000 | R   181.26 | 배송 19/50 | 미활동 0 | 2홉+ 0.59 | 도달  780 | 차단 1625
Ep 186 | Step 1000 | R   357.44 | 배송 24/50 | 미활동 0 | 2홉+ 0.46 | 도달  874 | 차단 1002
Ep 187 | Step 1000 | R   270.23 | 배송 20/50 | 미활동 0 | 2홉+ 0.60 | 도달  758 | 차단 1527
Ep 188 | Step 1000 | R   339.95 | 배송 23/50 | 미활동 0 | 2홉+ 0.54 | 도달  871 | 차단  910
Ep 189 | Step 1000 | R   316.01 | 배송 25/50 | 미활동 0 | 2홉+ 0.66 | 도달  818 | 차단 1510
Ep 190 | Step 1000 | R    93.34 | 배송 15/50 | 미활동 0 | 2홉+ 0.71 | 도달 1005 | 차단 2282
Ep 191 | Step 1000 | R   310.54 | 배송 23/50 | 미활동 0 | 2홉+ 0.57 | 도달  696 | 차단  941
Ep 192 | Step 1000 | R   257.81 | 배송 21/50 | 미활동 0 | 2홉+ 0.63 | 도달  762 | 차단 1149
Ep 193 | Step 1000 | R   134.99 | 배송 17/50 | 미활동 0 | 2홉+ 0.70 | 도달  947 | 차단 1538
Ep 194 | Step 1000 | R   244.51 | 배송 22/50 | 미활동 0 | 2홉+ 0.69 | 도달  940 | 차단 2144
Ep 195 | Step 1000 | R   231.15 | 배송 21/50 | 미활동 0 | 2홉+ 0.65 | 도달  977 | 차단 2125
Ep 196 | Step 1000 | R   298.68 | 배송 22/50 | 미활동 0 | 2홉+ 0.56 | 도달  657 | 차단 1172
Ep 197 | Step 1000 | R   259.49 | 배송 22/50 | 미활동 0 | 2홉+ 0.66 | 도달  854 | 차단  983
Ep 198 | Step 1000 | R   359.46 | 배송 25/50 | 미활동 0 | 2홉+ 0.53 | 도달  861 | 차단 1500
Ep 199 | Step 1000 | R   316.22 | 배송 24/50 | 미활동 0 | 2홉+ 0.61 | 도달  896 | 차단 1456
Ep 200 | Step 1000 | R   120.46 | 배송 18/50 | 미활동 0 | 2홉+ 0.72 | 도달  943 | 차단 2501
  [홀드아웃] 배송 7.3±2.4 미활동 0.83 2홉+ 0.55 도달 666 | 최고 7.3@ep200 | 정체 0/15  ← 최고 갱신
Ep 201 | Step 1000 | R   276.44 | 배송 20/50 | 미활동 0 | 2홉+ 0.37 | 도달  654 | 차단  912
Ep 202 | Step 1000 | R   280.07 | 배송 20/50 | 미활동 0 | 2홉+ 0.51 | 도달  926 | 차단  741
Ep 203 | Step 1000 | R   104.35 | 배송 17/50 | 미활동 0 | 2홉+ 0.72 | 도달  959 | 차단 2729
Ep 204 | Step 1000 | R    68.71 | 배송 13/50 | 미활동 0 | 2홉+ 0.72 | 도달 1066 | 차단 2395
Ep 205 | Step 1000 | R   276.40 | 배송 24/50 | 미활동 0 | 2홉+ 0.61 | 도달  914 | 차단 1721
Ep 206 | Step 1000 | R    50.45 | 배송 12/50 | 미활동 0 | 2홉+ 0.72 | 도달 1072 | 차단 2379
Ep 207 | Step 1000 | R    62.12 | 배송 14/50 | 미활동 0 | 2홉+ 0.72 | 도달 1061 | 차단 2810
Ep 208 | Step 1000 | R   116.31 | 배송 17/50 | 미활동 0 | 2홉+ 0.64 | 도달  872 | 차단 2341
Ep 209 | Step 1000 | R   276.90 | 배송 22/50 | 미활동 0 | 2홉+ 0.67 | 도달  810 | 차단 1866
Ep 210 | Step 1000 | R   218.53 | 배송 19/50 | 미활동 0 | 2홉+ 0.61 | 도달  886 | 차단 2118
Ep 211 | Step 1000 | R   313.46 | 배송 25/50 | 미활동 0 | 2홉+ 0.60 | 도달 1052 | 차단 1781
Ep 212 | Step 1000 | R   177.12 | 배송 19/50 | 미활동 0 | 2홉+ 0.52 | 도달  787 | 차단 2071
Ep 213 | Step 1000 | R   232.97 | 배송 19/50 | 미활동 0 | 2홉+ 0.42 | 도달  719 | 차단  844
Ep 214 | Step 1000 | R   386.73 | 배송 27/50 | 미활동 0 | 2홉+ 0.59 | 도달  883 | 차단 1025
Ep 215 | Step 1000 | R   218.26 | 배송 18/50 | 미활동 0 | 2홉+ 0.64 | 도달  973 | 차단 2235
Ep 216 | Step 1000 | R   281.75 | 배송 24/50 | 미활동 0 | 2홉+ 0.50 | 도달  748 | 차단  958
Ep 217 | Step 1000 | R   109.77 | 배송 16/50 | 미활동 0 | 2홉+ 0.59 | 도달  698 | 차단 1853
Ep 218 | Step 1000 | R   139.27 | 배송 15/50 | 미활동 0 | 2홉+ 0.55 | 도달  793 | 차단 1954
Ep 219 | Step 1000 | R   172.52 | 배송 19/50 | 미활동 0 | 2홉+ 0.66 | 도달  659 | 차단 2299
Ep 220 | Step 1000 | R   343.91 | 배송 27/50 | 미활동 0 | 2홉+ 0.50 | 도달  926 | 차단 1170
Ep 221 | Step 1000 | R   232.51 | 배송 20/50 | 미활동 0 | 2홉+ 0.50 | 도달  898 | 차단 1198
Ep 222 | Step 1000 | R   123.52 | 배송 16/50 | 미활동 0 | 2홉+ 0.64 | 도달  743 | 차단 2805
Ep 223 | Step 1000 | R   272.85 | 배송 24/50 | 미활동 0 | 2홉+ 0.54 | 도달  806 | 차단 1578
Ep 224 | Step 1000 | R   320.18 | 배송 25/50 | 미활동 0 | 2홉+ 0.58 | 도달  997 | 차단 1512
Ep 225 | Step 1000 | R   380.22 | 배송 28/50 | 미활동 0 | 2홉+ 0.60 | 도달  864 | 차단 2025
Ep 226 | Step 1000 | R    93.22 | 배송 16/50 | 미활동 0 | 2홉+ 0.69 | 도달  730 | 차단 2731
Ep 227 | Step 1000 | R   297.26 | 배송 23/50 | 미활동 0 | 2홉+ 0.62 | 도달  976 | 차단 1839
Ep 228 | Step 1000 | R   279.80 | 배송 22/50 | 미활동 0 | 2홉+ 0.53 | 도달  675 | 차단 1827
Ep 229 | Step 1000 | R   422.85 | 배송 31/50 | 미활동 0 | 2홉+ 0.55 | 도달  883 | 차단 1163
Ep 230 | Step 1000 | R   384.31 | 배송 28/50 | 미활동 0 | 2홉+ 0.61 | 도달  897 | 차단 1675
Ep 231 | Step 1000 | R   216.40 | 배송 20/50 | 미활동 0 | 2홉+ 0.62 | 도달  953 | 차단 2219
Ep 232 | Step 1000 | R   256.33 | 배송 23/50 | 미활동 0 | 2홉+ 0.69 | 도달  896 | 차단 1687
Ep 233 | Step 1000 | R   389.02 | 배송 28/50 | 미활동 0 | 2홉+ 0.56 | 도달  870 | 차단 1408
Ep 234 | Step 1000 | R   262.31 | 배송 21/50 | 미활동 0 | 2홉+ 0.63 | 도달  874 | 차단 2161
Ep 235 | Step 1000 | R    21.55 | 배송 10/50 | 미활동 0 | 2홉+ 0.72 | 도달 1065 | 차단 3172
Ep 236 | Step 1000 | R   309.42 | 배송 24/50 | 미활동 0 | 2홉+ 0.59 | 도달  891 | 차단 1357
Ep 237 | Step 1000 | R   277.14 | 배송 20/50 | 미활동 0 | 2홉+ 0.59 | 도달  907 | 차단 1334
Ep 238 | Step 1000 | R    65.13 | 배송 14/50 | 미활동 0 | 2홉+ 0.73 | 도달  998 | 차단 2757
Ep 239 | Step 1000 | R   393.85 | 배송 30/50 | 미활동 0 | 2홉+ 0.67 | 도달  963 | 차단 1514
Ep 240 | Step 1000 | R   328.62 | 배송 26/50 | 미활동 0 | 2홉+ 0.59 | 도달  931 | 차단 1672
Ep 241 | Step 1000 | R   240.97 | 배송 22/50 | 미활동 0 | 2홉+ 0.67 | 도달  921 | 차단 1593
Ep 242 | Step 1000 | R   302.33 | 배송 25/50 | 미활동 0 | 2홉+ 0.52 | 도달  871 | 차단 1901
Ep 243 | Step 1000 | R   383.15 | 배송 27/50 | 미활동 0 | 2홉+ 0.58 | 도달  821 | 차단  887
Ep 244 | Step 1000 | R   335.70 | 배송 25/50 | 미활동 0 | 2홉+ 0.56 | 도달  771 | 차단  750
Ep 245 | Step 1000 | R   282.05 | 배송 22/50 | 미활동 0 | 2홉+ 0.62 | 도달 1009 | 차단 1667
Ep 246 | Step 1000 | R   336.55 | 배송 27/50 | 미활동 0 | 2홉+ 0.64 | 도달  935 | 차단 1558
Ep 247 | Step 1000 | R   350.78 | 배송 27/50 | 미활동 0 | 2홉+ 0.59 | 도달  803 | 차단  908
Ep 248 | Step 1000 | R   267.28 | 배송 20/50 | 미활동 0 | 2홉+ 0.58 | 도달  879 | 차단 1677
Ep 249 | Step 1000 | R   280.30 | 배송 23/50 | 미활동 0 | 2홉+ 0.40 | 도달  665 | 차단  556
Ep 250 | Step 1000 | R   339.18 | 배송 24/50 | 미활동 0 | 2홉+ 0.56 | 도달  913 | 차단 1711
  [홀드아웃] 배송 12.8±3.6 미활동 0.17 2홉+ 0.72 도달 763 | 최고 12.8@ep250 | 정체 0/15  ← 최고 갱신
Ep 251 | Step 1000 | R   410.88 | 배송 29/50 | 미활동 0 | 2홉+ 0.54 | 도달  862 | 차단  734
Ep 252 | Step 1000 | R   192.78 | 배송 18/50 | 미활동 0 | 2홉+ 0.64 | 도달  932 | 차단 2216
Ep 253 | Step 1000 | R   358.15 | 배송 27/50 | 미활동 0 | 2홉+ 0.63 | 도달  955 | 차단  525
Ep 254 | Step 1000 | R   371.33 | 배송 26/50 | 미활동 0 | 2홉+ 0.60 | 도달  958 | 차단 1301
Ep 255 | Step 1000 | R   233.97 | 배송 21/50 | 미활동 0 | 2홉+ 0.52 | 도달  717 | 차단 2030
Ep 256 | Step 1000 | R   312.66 | 배송 25/50 | 미활동 0 | 2홉+ 0.67 | 도달 1074 | 차단 1795
Ep 257 | Step 1000 | R   374.68 | 배송 30/50 | 미활동 0 | 2홉+ 0.63 | 도달  991 | 차단 1499
Ep 258 | Step 1000 | R   271.81 | 배송 24/50 | 미활동 0 | 2홉+ 0.56 | 도달  858 | 차단 1464
Ep 259 | Step 1000 | R   301.49 | 배송 24/50 | 미활동 0 | 2홉+ 0.63 | 도달 1036 | 차단 1829
Ep 260 | Step 1000 | R   240.64 | 배송 22/50 | 미활동 0 | 2홉+ 0.62 | 도달  848 | 차단 1935
Ep 261 | Step 1000 | R   229.83 | 배송 20/50 | 미활동 0 | 2홉+ 0.57 | 도달  779 | 차단 1260
Ep 262 | Step 1000 | R   267.16 | 배송 23/50 | 미활동 0 | 2홉+ 0.54 | 도달  788 | 차단 1468
Ep 263 | Step 1000 | R   356.53 | 배송 29/50 | 미활동 0 | 2홉+ 0.55 | 도달  929 | 차단 1775
Ep 264 | Step 1000 | R   388.45 | 배송 31/50 | 미활동 0 | 2홉+ 0.65 | 도달  928 | 차단 1358
Ep 265 | Step 1000 | R   329.57 | 배송 22/50 | 미활동 0 | 2홉+ 0.57 | 도달  971 | 차단 1397
Ep 266 | Step 1000 | R   226.71 | 배송 21/50 | 미활동 0 | 2홉+ 0.49 | 도달  773 | 차단 2123
Ep 267 | Step 1000 | R   336.12 | 배송 26/50 | 미활동 0 | 2홉+ 0.54 | 도달  784 | 차단 1051
Ep 268 | Step 1000 | R   237.86 | 배송 20/50 | 미활동 0 | 2홉+ 0.42 | 도달  707 | 차단 1610
Ep 269 | Step 1000 | R   296.08 | 배송 23/50 | 미활동 0 | 2홉+ 0.56 | 도달  807 | 차단 1913
Ep 270 | Step 1000 | R   424.52 | 배송 31/50 | 미활동 0 | 2홉+ 0.53 | 도달  886 | 차단 1168
Ep 271 | Step 1000 | R   281.67 | 배송 22/50 | 미활동 0 | 2홉+ 0.67 | 도달  940 | 차단 1807
Ep 272 | Step 1000 | R   266.73 | 배송 25/50 | 미활동 0 | 2홉+ 0.67 | 도달  844 | 차단 2267
Ep 273 | Step 1000 | R   361.65 | 배송 29/50 | 미활동 0 | 2홉+ 0.60 | 도달  879 | 차단 1243
Ep 274 | Step 1000 | R   326.15 | 배송 26/50 | 미활동 0 | 2홉+ 0.56 | 도달  889 | 차단 1385
Ep 275 | Step 1000 | R   207.09 | 배송 21/50 | 미활동 0 | 2홉+ 0.48 | 도달  852 | 차단 1475
Ep 276 | Step 1000 | R   290.30 | 배송 23/50 | 미활동 0 | 2홉+ 0.63 | 도달  827 | 차단 1933
Ep 277 | Step 1000 | R   326.98 | 배송 25/50 | 미활동 0 | 2홉+ 0.59 | 도달  847 | 차단 1012
Ep 278 | Step 1000 | R   193.92 | 배송 20/50 | 미활동 0 | 2홉+ 0.52 | 도달  847 | 차단 1307
Ep 279 | Step 1000 | R   214.33 | 배송 20/50 | 미활동 0 | 2홉+ 0.59 | 도달  885 | 차단 2372
Ep 280 | Step 1000 | R   327.05 | 배송 26/50 | 미활동 0 | 2홉+ 0.57 | 도달  714 | 차단 1434
Ep 281 | Step 1000 | R   239.05 | 배송 23/50 | 미활동 0 | 2홉+ 0.36 | 도달  802 | 차단  349
Ep 282 | Step 1000 | R   160.41 | 배송 19/50 | 미활동 0 | 2홉+ 0.53 | 도달  637 | 차단 2370
Ep 283 | Step 1000 | R   378.74 | 배송 28/50 | 미활동 0 | 2홉+ 0.61 | 도달  811 | 차단 1659
Ep 284 | Step 1000 | R   350.58 | 배송 28/50 | 미활동 0 | 2홉+ 0.67 | 도달  906 | 차단 1493
Ep 285 | Step 1000 | R   359.22 | 배송 28/50 | 미활동 0 | 2홉+ 0.67 | 도달  993 | 차단 1235
Ep 286 | Step 1000 | R   296.65 | 배송 27/50 | 미활동 0 | 2홉+ 0.61 | 도달  840 | 차단 1658
Ep 287 | Step 1000 | R   164.62 | 배송 18/50 | 미활동 0 | 2홉+ 0.60 | 도달  689 | 차단 1980
Ep 288 | Step 1000 | R   413.24 | 배송 30/50 | 미활동 0 | 2홉+ 0.56 | 도달  885 | 차단  925
Ep 289 | Step 1000 | R   253.55 | 배송 21/50 | 미활동 0 | 2홉+ 0.55 | 도달  754 | 차단 1054
Ep 290 | Step 1000 | R   278.03 | 배송 21/50 | 미활동 0 | 2홉+ 0.51 | 도달  865 | 차단 1792
Ep 291 | Step 1000 | R   284.18 | 배송 23/50 | 미활동 0 | 2홉+ 0.66 | 도달  877 | 차단 2196
Ep 292 | Step 1000 | R   283.51 | 배송 24/50 | 미활동 0 | 2홉+ 0.45 | 도달  756 | 차단  918
Ep 293 | Step 1000 | R   282.68 | 배송 23/50 | 미활동 0 | 2홉+ 0.48 | 도달  696 | 차단 1965
Ep 294 | Step 1000 | R   383.81 | 배송 28/50 | 미활동 0 | 2홉+ 0.61 | 도달 1016 | 차단 1399
Ep 295 | Step 1000 | R   255.08 | 배송 22/50 | 미활동 0 | 2홉+ 0.56 | 도달  763 | 차단 1370
Ep 296 | Step 1000 | R   287.01 | 배송 25/50 | 미활동 0 | 2홉+ 0.59 | 도달  735 | 차단 1189
Ep 297 | Step 1000 | R   171.69 | 배송 19/50 | 미활동 0 | 2홉+ 0.58 | 도달  841 | 차단 2048
Ep 298 | Step 1000 | R   402.22 | 배송 29/50 | 미활동 0 | 2홉+ 0.62 | 도달  888 | 차단 1160
Ep 299 | Step 1000 | R   181.82 | 배송 17/50 | 미활동 0 | 2홉+ 0.52 | 도달  738 | 차단 2037
Ep 300 | Step 1000 | R   292.70 | 배송 24/50 | 미활동 0 | 2홉+ 0.65 | 도달  777 | 차단 1907
  [홀드아웃] 배송 11.2±3.6 미활동 0.67 2홉+ 0.57 도달 663 | 최고 12.8@ep250 | 정체 1/15
Ep 301 | Step 1000 | R   183.37 | 배송 21/50 | 미활동 0 | 2홉+ 0.63 | 도달  820 | 차단 2403
Ep 302 | Step 1000 | R   211.19 | 배송 20/50 | 미활동 0 | 2홉+ 0.51 | 도달  708 | 차단 2433
Ep 303 | Step 1000 | R   285.68 | 배송 26/50 | 미활동 0 | 2홉+ 0.65 | 도달 1010 | 차단 1600
Ep 304 | Step 1000 | R   274.79 | 배송 22/50 | 미활동 0 | 2홉+ 0.60 | 도달  766 | 차단 1886
Ep 305 | Step 1000 | R   332.03 | 배송 26/50 | 미활동 0 | 2홉+ 0.56 | 도달  796 | 차단 1388
Ep 306 | Step 1000 | R   257.83 | 배송 23/50 | 미활동 0 | 2홉+ 0.60 | 도달  747 | 차단 1621
Ep 307 | Step 1000 | R   248.03 | 배송 22/50 | 미활동 0 | 2홉+ 0.53 | 도달  741 | 차단 1589
Ep 308 | Step 1000 | R   187.60 | 배송 16/50 | 미활동 0 | 2홉+ 0.53 | 도달  715 | 차단 1167
Ep 309 | Step 1000 | R   253.51 | 배송 23/50 | 미활동 0 | 2홉+ 0.65 | 도달  973 | 차단 1899
Ep 310 | Step 1000 | R   201.69 | 배송 20/50 | 미활동 0 | 2홉+ 0.40 | 도달  790 | 차단  988
Ep 311 | Step 1000 | R   296.90 | 배송 23/50 | 미활동 0 | 2홉+ 0.57 | 도달  868 | 차단 1631
Ep 312 | Step 1000 | R   294.89 | 배송 25/50 | 미활동 0 | 2홉+ 0.45 | 도달  788 | 차단 1025
Ep 313 | Step 1000 | R   340.68 | 배송 27/50 | 미활동 0 | 2홉+ 0.63 | 도달  921 | 차단 1264
Ep 314 | Step 1000 | R   171.57 | 배송 17/50 | 미활동 0 | 2홉+ 0.47 | 도달  552 | 차단 1073
Ep 315 | Step 1000 | R   187.77 | 배송 19/50 | 미활동 0 | 2홉+ 0.48 | 도달  593 | 차단 1287
Ep 316 | Step 1000 | R   309.80 | 배송 24/50 | 미활동 0 | 2홉+ 0.58 | 도달  780 | 차단 1128
Ep 317 | Step 1000 | R   266.91 | 배송 23/50 | 미활동 0 | 2홉+ 0.53 | 도달  686 | 차단  984
Ep 318 | Step 1000 | R   277.14 | 배송 20/50 | 미활동 0 | 2홉+ 0.39 | 도달  777 | 차단 1214
Ep 319 | Step 1000 | R   213.31 | 배송 19/50 | 미활동 0 | 2홉+ 0.52 | 도달  741 | 차단 1437
Ep 320 | Step 1000 | R   193.87 | 배송 18/50 | 미활동 0 | 2홉+ 0.29 | 도달  575 | 차단  665
Ep 321 | Step 1000 | R   213.87 | 배송 19/50 | 미활동 0 | 2홉+ 0.48 | 도달  675 | 차단 1757
Ep 322 | Step 1000 | R   104.39 | 배송 16/50 | 미활동 0 | 2홉+ 0.72 | 도달  957 | 차단 2112
Ep 323 | Step 1000 | R   303.12 | 배송 23/50 | 미활동 0 | 2홉+ 0.40 | 도달  823 | 차단  835
Ep 324 | Step 1000 | R   311.67 | 배송 24/50 | 미활동 0 | 2홉+ 0.66 | 도달  819 | 차단 1517
Ep 325 | Step 1000 | R   281.06 | 배송 25/50 | 미활동 0 | 2홉+ 0.69 | 도달  783 | 차단 1720
Ep 326 | Step 1000 | R   189.12 | 배송 19/50 | 미활동 0 | 2홉+ 0.43 | 도달  669 | 차단 1293
Ep 327 | Step 1000 | R   278.79 | 배송 22/50 | 미활동 0 | 2홉+ 0.63 | 도달  809 | 차단 1773
Ep 328 | Step 1000 | R   283.62 | 배송 22/50 | 미활동 0 | 2홉+ 0.50 | 도달  831 | 차단 1385
Ep 329 | Step 1000 | R   386.15 | 배송 28/50 | 미활동 0 | 2홉+ 0.61 | 도달  837 | 차단 1276
Ep 330 | Step 1000 | R   213.67 | 배송 20/50 | 미활동 0 | 2홉+ 0.67 | 도달  682 | 차단 2194
Ep 331 | Step 1000 | R   308.16 | 배송 24/50 | 미활동 0 | 2홉+ 0.59 | 도달  792 | 차단 1378
Ep 332 | Step 1000 | R   368.02 | 배송 26/50 | 미활동 0 | 2홉+ 0.66 | 도달  834 | 차단 1380
Ep 333 | Step 1000 | R   268.66 | 배송 22/50 | 미활동 0 | 2홉+ 0.49 | 도달  753 | 차단  587
Ep 334 | Step 1000 | R   375.68 | 배송 27/50 | 미활동 0 | 2홉+ 0.56 | 도달  780 | 차단 1498
Ep 335 | Step 1000 | R   200.25 | 배송 22/50 | 미활동 0 | 2홉+ 0.70 | 도달 1070 | 차단 2361
Ep 336 | Step 1000 | R   250.62 | 배송 22/50 | 미활동 0 | 2홉+ 0.63 | 도달  712 | 차단 1521
Ep 337 | Step 1000 | R   265.37 | 배송 24/50 | 미활동 0 | 2홉+ 0.56 | 도달  927 | 차단 1573
Ep 338 | Step 1000 | R   298.76 | 배송 23/50 | 미활동 0 | 2홉+ 0.62 | 도달  732 | 차단 1367
Ep 339 | Step 1000 | R   252.32 | 배송 22/50 | 미활동 0 | 2홉+ 0.64 | 도달  803 | 차단 2101
Ep 340 | Step 1000 | R   303.75 | 배송 24/50 | 미활동 0 | 2홉+ 0.63 | 도달  827 | 차단 1739
Ep 341 | Step 1000 | R   188.49 | 배송 21/50 | 미활동 0 | 2홉+ 0.61 | 도달  838 | 차단 2303
Ep 342 | Step 1000 | R   248.36 | 배송 24/50 | 미활동 0 | 2홉+ 0.49 | 도달  906 | 차단 1135
Ep 343 | Step 1000 | R   260.37 | 배송 23/50 | 미활동 0 | 2홉+ 0.61 | 도달  921 | 차단 1705
Ep 344 | Step 1000 | R   265.18 | 배송 21/50 | 미활동 0 | 2홉+ 0.68 | 도달  770 | 차단 2286
Ep 345 | Step 1000 | R   389.11 | 배송 28/50 | 미활동 0 | 2홉+ 0.56 | 도달  797 | 차단 1523
Ep 346 | Step 1000 | R   264.33 | 배송 21/50 | 미활동 0 | 2홉+ 0.65 | 도달  804 | 차단 1989
Ep 347 | Step 1000 | R   225.19 | 배송 21/50 | 미활동 0 | 2홉+ 0.70 | 도달  951 | 차단 2187
Ep 348 | Step 1000 | R   134.56 | 배송 16/50 | 미활동 0 | 2홉+ 0.63 | 도달  783 | 차단 2161
Ep 349 | Step 1000 | R   324.92 | 배송 23/50 | 미활동 0 | 2홉+ 0.66 | 도달  976 | 차단 1706
Ep 350 | Step 1000 | R   391.35 | 배송 28/50 | 미활동 0 | 2홉+ 0.54 | 도달  776 | 차단 1314
  [홀드아웃] 배송 11.2±4.2 미활동 0.33 2홉+ 0.63 도달 639 | 최고 12.8@ep250 | 정체 2/15
Ep 351 | Step 1000 | R   259.31 | 배송 24/50 | 미활동 0 | 2홉+ 0.65 | 도달  795 | 차단 1881
Ep 352 | Step 1000 | R   283.53 | 배송 24/50 | 미활동 0 | 2홉+ 0.66 | 도달  904 | 차단 2357
Ep 353 | Step 1000 | R   326.76 | 배송 25/50 | 미활동 0 | 2홉+ 0.48 | 도달  778 | 차단 1398
Ep 354 | Step 1000 | R   253.90 | 배송 23/50 | 미활동 0 | 2홉+ 0.64 | 도달  924 | 차단 2034
Ep 355 | Step 1000 | R   317.55 | 배송 23/50 | 미활동 0 | 2홉+ 0.67 | 도달  847 | 차단 1874
Ep 356 | Step 1000 | R   352.23 | 배송 28/50 | 미활동 0 | 2홉+ 0.52 | 도달 1026 | 차단 1116
Ep 357 | Step 1000 | R   340.28 | 배송 26/50 | 미활동 0 | 2홉+ 0.47 | 도달  724 | 차단 1230
Ep 358 | Step 1000 | R   176.09 | 배송 18/50 | 미활동 0 | 2홉+ 0.53 | 도달  742 | 차단 1587
Ep 359 | Step 1000 | R   298.89 | 배송 24/50 | 미활동 0 | 2홉+ 0.45 | 도달  786 | 차단  717
Ep 360 | Step 1000 | R   332.53 | 배송 25/50 | 미활동 0 | 2홉+ 0.60 | 도달  874 | 차단  966
Ep 361 | Step 1000 | R   298.86 | 배송 24/50 | 미활동 0 | 2홉+ 0.53 | 도달  748 | 차단 2026
Ep 362 | Step 1000 | R   142.01 | 배송 16/50 | 미활동 0 | 2홉+ 0.44 | 도달  750 | 차단 1591
Ep 363 | Step 1000 | R   394.79 | 배송 28/50 | 미활동 0 | 2홉+ 0.59 | 도달  811 | 차단  994
Ep 364 | Step 1000 | R   334.81 | 배송 26/50 | 미활동 0 | 2홉+ 0.64 | 도달  861 | 차단  816
Ep 365 | Step 1000 | R   205.74 | 배송 21/50 | 미활동 0 | 2홉+ 0.40 | 도달  812 | 차단 1292
Ep 366 | Step 1000 | R   112.20 | 배송 18/50 | 미활동 0 | 2홉+ 0.51 | 도달  668 | 차단 2579
Ep 367 | Step 1000 | R   333.56 | 배송 26/50 | 미활동 0 | 2홉+ 0.56 | 도달  767 | 차단 1281
Ep 368 | Step 1000 | R   311.67 | 배송 22/50 | 미활동 0 | 2홉+ 0.65 | 도달  944 | 차단 1952
Ep 369 | Step 1000 | R   350.40 | 배송 25/50 | 미활동 0 | 2홉+ 0.62 | 도달  829 | 차단 1331
Ep 370 | Step 1000 | R   234.59 | 배송 22/50 | 미활동 0 | 2홉+ 0.63 | 도달  987 | 차단 2013
Ep 371 | Step 1000 | R   284.84 | 배송 22/50 | 미활동 0 | 2홉+ 0.54 | 도달  811 | 차단 1907
Ep 372 | Step 1000 | R   414.08 | 배송 30/50 | 미활동 0 | 2홉+ 0.58 | 도달  932 | 차단 1209
Ep 373 | Step 1000 | R   172.18 | 배송 20/50 | 미활동 0 | 2홉+ 0.57 | 도달  651 | 차단 2488
Ep 374 | Step 1000 | R   300.66 | 배송 24/50 | 미활동 0 | 2홉+ 0.55 | 도달  767 | 차단 1555
Ep 375 | Step 1000 | R   337.99 | 배송 24/50 | 미활동 0 | 2홉+ 0.51 | 도달  825 | 차단 1666
Ep 376 | Step 1000 | R   224.60 | 배송 20/50 | 미활동 0 | 2홉+ 0.65 | 도달  756 | 차단 1983
Ep 377 | Step 1000 | R   347.09 | 배송 28/50 | 미활동 0 | 2홉+ 0.61 | 도달  848 | 차단 1683
Ep 378 | Step 1000 | R   234.98 | 배송 22/50 | 미활동 0 | 2홉+ 0.69 | 도달  867 | 차단 2169
Ep 379 | Step 1000 | R   202.36 | 배송 22/50 | 미활동 0 | 2홉+ 0.59 | 도달  952 | 차단 2236
Ep 380 | Step 1000 | R   319.27 | 배송 28/50 | 미활동 0 | 2홉+ 0.49 | 도달  886 | 차단 1478
Ep 381 | Step 1000 | R   235.88 | 배송 21/50 | 미활동 0 | 2홉+ 0.49 | 도달  715 | 차단 2008
Ep 382 | Step 1000 | R   191.18 | 배송 18/50 | 미활동 0 | 2홉+ 0.54 | 도달  699 | 차단  962
Ep 383 | Step 1000 | R   193.29 | 배송 18/50 | 미활동 0 | 2홉+ 0.46 | 도달  816 | 차단 2006
Ep 384 | Step 1000 | R   258.19 | 배송 22/50 | 미활동 0 | 2홉+ 0.54 | 도달  814 | 차단 1268
Ep 385 | Step 1000 | R   343.43 | 배송 27/50 | 미활동 0 | 2홉+ 0.57 | 도달  853 | 차단 1214
Ep 386 | Step 1000 | R   194.86 | 배송 21/50 | 미활동 0 | 2홉+ 0.57 | 도달  820 | 차단 2097
Ep 387 | Step 1000 | R   260.82 | 배송 22/50 | 미활동 0 | 2홉+ 0.55 | 도달  825 | 차단 1187
Ep 388 | Step 1000 | R   330.42 | 배송 26/50 | 미활동 0 | 2홉+ 0.69 | 도달  943 | 차단 1234
Ep 389 | Step 1000 | R   276.48 | 배송 23/50 | 미활동 0 | 2홉+ 0.49 | 도달  777 | 차단  954
Ep 390 | Step 1000 | R   333.46 | 배송 26/50 | 미활동 0 | 2홉+ 0.49 | 도달  799 | 차단 1157
Ep 391 | Step 1000 | R   302.44 | 배송 25/50 | 미활동 0 | 2홉+ 0.66 | 도달  900 | 차단 2242
Ep 392 | Step 1000 | R   251.73 | 배송 21/50 | 미활동 0 | 2홉+ 0.52 | 도달  738 | 차단 1169
Ep 393 | Step 1000 | R   372.65 | 배송 28/50 | 미활동 0 | 2홉+ 0.60 | 도달  972 | 차단 1732
Ep 394 | Step 1000 | R   192.00 | 배송 19/50 | 미활동 0 | 2홉+ 0.45 | 도달  633 | 차단 1419
Ep 395 | Step 1000 | R   324.83 | 배송 25/50 | 미활동 0 | 2홉+ 0.61 | 도달  897 | 차단 1508
Ep 396 | Step 1000 | R   316.51 | 배송 25/50 | 미활동 0 | 2홉+ 0.48 | 도달  799 | 차단 1231
Ep 397 | Step 1000 | R   439.60 | 배송 30/50 | 미활동 0 | 2홉+ 0.57 | 도달  801 | 차단 1598
Ep 398 | Step 1000 | R   179.99 | 배송 19/50 | 미활동 0 | 2홉+ 0.60 | 도달  999 | 차단 1830
Ep 399 | Step 1000 | R   182.42 | 배송 18/50 | 미활동 0 | 2홉+ 0.67 | 도달  890 | 차단 2415
Ep 400 | Step 1000 | R   136.39 | 배송 17/50 | 미활동 0 | 2홉+ 0.53 | 도달  870 | 차단 2765
  [홀드아웃] 배송 7.8±2.7 미활동 0.50 2홉+ 0.72 도달 711 | 최고 12.8@ep250 | 정체 3/15
Ep 401 | Step 1000 | R   286.62 | 배송 25/50 | 미활동 0 | 2홉+ 0.52 | 도달  730 | 차단 1318
Ep 402 | Step 1000 | R   289.04 | 배송 24/50 | 미활동 0 | 2홉+ 0.60 | 도달  962 | 차단 2044
Ep 403 | Step 1000 | R   186.48 | 배송 19/50 | 미활동 0 | 2홉+ 0.35 | 도달  706 | 차단 1741
Ep 404 | Step 1000 | R   214.32 | 배송 18/50 | 미활동 0 | 2홉+ 0.44 | 도달  695 | 차단 1520
Ep 405 | Step 1000 | R   160.65 | 배송 18/50 | 미활동 0 | 2홉+ 0.54 | 도달  752 | 차단 2027
Ep 406 | Step 1000 | R   266.16 | 배송 24/50 | 미활동 0 | 2홉+ 0.51 | 도달  752 | 차단 1787
Ep 407 | Step 1000 | R   255.18 | 배송 21/50 | 미활동 0 | 2홉+ 0.40 | 도달  673 | 차단  552
Ep 408 | Step 1000 | R   175.30 | 배송 19/50 | 미활동 0 | 2홉+ 0.54 | 도달  840 | 차단 1860
Ep 409 | Step 1000 | R   329.53 | 배송 26/50 | 미활동 0 | 2홉+ 0.45 | 도달  873 | 차단 1346
Ep 410 | Step 1000 | R   309.09 | 배송 24/50 | 미활동 0 | 2홉+ 0.45 | 도달  780 | 차단 1220
Ep 411 | Step 1000 | R   268.51 | 배송 24/50 | 미활동 0 | 2홉+ 0.46 | 도달  735 | 차단 1384
Ep 412 | Step 1000 | R   267.95 | 배송 24/50 | 미활동 0 | 2홉+ 0.47 | 도달  713 | 차단 1629
Ep 413 | Step 1000 | R   250.90 | 배송 21/50 | 미활동 0 | 2홉+ 0.50 | 도달  817 | 차단 1171
Ep 414 | Step 1000 | R   221.69 | 배송 23/50 | 미활동 0 | 2홉+ 0.49 | 도달  730 | 차단 1842
Ep 415 | Step 1000 | R   219.01 | 배송 21/50 | 미활동 0 | 2홉+ 0.56 | 도달  680 | 차단  718
Ep 416 | Step 1000 | R   365.44 | 배송 29/50 | 미활동 0 | 2홉+ 0.63 | 도달  855 | 차단 1182
Ep 417 | Step 1000 | R   292.36 | 배송 24/50 | 미활동 0 | 2홉+ 0.43 | 도달  814 | 차단  693
Ep 418 | Step 1000 | R   227.14 | 배송 21/50 | 미활동 0 | 2홉+ 0.36 | 도달  597 | 차단  732
Ep 419 | Step 1000 | R   267.37 | 배송 23/50 | 미활동 0 | 2홉+ 0.58 | 도달  728 | 차단 1256
Ep 420 | Step 1000 | R   274.68 | 배송 23/50 | 미활동 0 | 2홉+ 0.49 | 도달  840 | 차단 1154
Ep 421 | Step 1000 | R   233.84 | 배송 20/50 | 미활동 0 | 2홉+ 0.39 | 도달  822 | 차단  973
Ep 422 | Step 1000 | R   297.63 | 배송 24/50 | 미활동 0 | 2홉+ 0.65 | 도달  863 | 차단 1809
Ep 423 | Step 1000 | R   252.12 | 배송 22/50 | 미활동 0 | 2홉+ 0.58 | 도달  899 | 차단 1512
Ep 424 | Step 1000 | R   264.40 | 배송 24/50 | 미활동 0 | 2홉+ 0.60 | 도달  689 | 차단 1896
Ep 425 | Step 1000 | R   278.05 | 배송 23/50 | 미활동 0 | 2홉+ 0.48 | 도달  798 | 차단  716
Ep 426 | Step 1000 | R   308.14 | 배송 25/50 | 미활동 0 | 2홉+ 0.66 | 도달  734 | 차단 2185
Ep 427 | Step 1000 | R   151.57 | 배송 17/50 | 미활동 0 | 2홉+ 0.36 | 도달  653 | 차단 2011
Ep 428 | Step 1000 | R   190.50 | 배송 19/50 | 미활동 0 | 2홉+ 0.36 | 도달  682 | 차단 1596
Ep 429 | Step 1000 | R   327.32 | 배송 25/50 | 미활동 0 | 2홉+ 0.58 | 도달  871 | 차단  994
Ep 430 | Step 1000 | R   298.09 | 배송 22/50 | 미활동 0 | 2홉+ 0.50 | 도달  693 | 차단 1121
Ep 431 | Step 1000 | R   304.44 | 배송 24/50 | 미활동 0 | 2홉+ 0.63 | 도달  834 | 차단 1465
Ep 432 | Step 1000 | R   196.28 | 배송 20/50 | 미활동 0 | 2홉+ 0.47 | 도달  668 | 차단 1505
Ep 433 | Step 1000 | R   331.71 | 배송 27/50 | 미활동 0 | 2홉+ 0.65 | 도달  979 | 차단 1712
Ep 434 | Step 1000 | R   408.75 | 배송 30/50 | 미활동 0 | 2홉+ 0.66 | 도달  858 | 차단 1802
Ep 435 | Step 1000 | R   407.71 | 배송 30/50 | 미활동 0 | 2홉+ 0.67 | 도달  857 | 차단 1448
Ep 436 | Step 1000 | R   153.12 | 배송 17/50 | 미활동 0 | 2홉+ 0.48 | 도달  867 | 차단 1883
Ep 437 | Step 1000 | R   192.27 | 배송 20/50 | 미활동 0 | 2홉+ 0.58 | 도달  756 | 차단 1993
Ep 438 | Step 1000 | R   294.32 | 배송 22/50 | 미활동 0 | 2홉+ 0.58 | 도달  777 | 차단 1533
Ep 439 | Step 1000 | R   249.54 | 배송 22/50 | 미활동 0 | 2홉+ 0.63 | 도달  933 | 차단 1555
Ep 440 | Step 1000 | R   334.37 | 배송 24/50 | 미활동 0 | 2홉+ 0.64 | 도달  925 | 차단 1936
Ep 441 | Step 1000 | R   229.01 | 배송 20/50 | 미활동 0 | 2홉+ 0.57 | 도달  914 | 차단 1934
Ep 442 | Step 1000 | R   251.06 | 배송 22/50 | 미활동 0 | 2홉+ 0.47 | 도달  709 | 차단 1144
Ep 443 | Step 1000 | R   213.14 | 배송 21/50 | 미활동 0 | 2홉+ 0.51 | 도달  661 | 차단 1775
Ep 444 | Step 1000 | R   383.68 | 배송 27/50 | 미활동 0 | 2홉+ 0.47 | 도달  750 | 차단  940
Ep 445 | Step 1000 | R   195.42 | 배송 18/50 | 미활동 0 | 2홉+ 0.63 | 도달  744 | 차단 2288
Ep 446 | Step 1000 | R   204.13 | 배송 18/50 | 미활동 0 | 2홉+ 0.60 | 도달  911 | 차단 1749
Ep 447 | Step 1000 | R   321.26 | 배송 24/50 | 미활동 0 | 2홉+ 0.55 | 도달  658 | 차단  855
Ep 448 | Step 1000 | R   325.07 | 배송 26/50 | 미활동 0 | 2홉+ 0.62 | 도달  895 | 차단 1900
Ep 449 | Step 1000 | R   342.24 | 배송 28/50 | 미활동 0 | 2홉+ 0.53 | 도달  829 | 차단 1596
Ep 450 | Step 1000 | R   304.69 | 배송 27/50 | 미활동 0 | 2홉+ 0.67 | 도달  964 | 차단 1501
  [홀드아웃] 배송 9.5±6.6 미활동 1.00 2홉+ 0.72 도달 794 | 최고 12.8@ep250 | 정체 4/15
Ep 451 | Step 1000 | R   341.15 | 배송 27/50 | 미활동 0 | 2홉+ 0.67 | 도달  919 | 차단 1617
Ep 452 | Step 1000 | R   349.55 | 배송 28/50 | 미활동 0 | 2홉+ 0.53 | 도달  868 | 차단 1801
Ep 453 | Step 1000 | R   403.64 | 배송 29/50 | 미활동 0 | 2홉+ 0.58 | 도달  830 | 차단 1180
Ep 454 | Step 1000 | R   375.44 | 배송 26/50 | 미활동 0 | 2홉+ 0.67 | 도달 1006 | 차단 1429
Ep 455 | Step 1000 | R   154.29 | 배송 18/50 | 미활동 0 | 2홉+ 0.67 | 도달  963 | 차단 2728
Ep 456 | Step 1000 | R   189.59 | 배송 21/50 | 미활동 0 | 2홉+ 0.55 | 도달  833 | 차단 2139
Ep 457 | Step 1000 | R   388.67 | 배송 28/50 | 미활동 0 | 2홉+ 0.59 | 도달  826 | 차단 1471
Ep 458 | Step 1000 | R   187.67 | 배송 21/50 | 미활동 0 | 2홉+ 0.66 | 도달  746 | 차단 2345
Ep 459 | Step 1000 | R   200.36 | 배송 20/50 | 미활동 0 | 2홉+ 0.48 | 도달  748 | 차단 1547
Ep 460 | Step 1000 | R   337.45 | 배송 27/50 | 미활동 0 | 2홉+ 0.58 | 도달  949 | 차단 1991
Ep 461 | Step 1000 | R   204.21 | 배송 21/50 | 미활동 0 | 2홉+ 0.62 | 도달  771 | 차단 2076
Ep 462 | Step 1000 | R   144.66 | 배송 18/50 | 미활동 0 | 2홉+ 0.55 | 도달  719 | 차단 1563
Ep 463 | Step 1000 | R   335.91 | 배송 24/50 | 미활동 0 | 2홉+ 0.60 | 도달  872 | 차단 1861
Ep 464 | Step 1000 | R   331.70 | 배송 26/50 | 미활동 0 | 2홉+ 0.55 | 도달  713 | 차단 1212
Ep 465 | Step 1000 | R   203.61 | 배송 20/50 | 미활동 0 | 2홉+ 0.48 | 도달  818 | 차단 1492
Ep 466 | Step 1000 | R   406.87 | 배송 30/50 | 미활동 0 | 2홉+ 0.67 | 도달  930 | 차단 1168
Ep 467 | Step 1000 | R   366.02 | 배송 29/50 | 미활동 0 | 2홉+ 0.57 | 도달  993 | 차단 1185
Ep 468 | Step 1000 | R   330.15 | 배송 27/50 | 미활동 0 | 2홉+ 0.65 | 도달  906 | 차단 1766
Ep 469 | Step 1000 | R    70.79 | 배송 14/50 | 미활동 0 | 2홉+ 0.64 | 도달  855 | 차단 3031
Ep 470 | Step 1000 | R   284.96 | 배송 25/50 | 미활동 0 | 2홉+ 0.52 | 도달  751 | 차단 1301
Ep 471 | Step 1000 | R   305.74 | 배송 26/50 | 미활동 0 | 2홉+ 0.44 | 도달  749 | 차단  503
Ep 472 | Step 1000 | R   268.27 | 배송 24/50 | 미활동 0 | 2홉+ 0.64 | 도달  826 | 차단 1330
Ep 473 | Step 1000 | R   297.42 | 배송 23/50 | 미활동 0 | 2홉+ 0.47 | 도달  700 | 차단 1260
Ep 474 | Step 1000 | R   377.08 | 배송 28/50 | 미활동 0 | 2홉+ 0.69 | 도달  827 | 차단 1659
Ep 475 | Step 1000 | R   354.44 | 배송 28/50 | 미활동 0 | 2홉+ 0.69 | 도달  898 | 차단 1525
Ep 476 | Step 1000 | R   323.03 | 배송 26/50 | 미활동 0 | 2홉+ 0.52 | 도달  812 | 차단 1621
Ep 477 | Step 1000 | R   298.47 | 배송 26/50 | 미활동 0 | 2홉+ 0.39 | 도달  780 | 차단 1417
Ep 478 | Step 1000 | R   331.71 | 배송 29/50 | 미활동 0 | 2홉+ 0.63 | 도달  848 | 차단 1460
Ep 479 | Step 1000 | R   391.04 | 배송 29/50 | 미활동 0 | 2홉+ 0.65 | 도달  796 | 차단 1628
Ep 480 | Step 1000 | R   237.74 | 배송 22/50 | 미활동 0 | 2홉+ 0.61 | 도달  787 | 차단 1762
Ep 481 | Step 1000 | R   162.06 | 배송 18/50 | 미활동 0 | 2홉+ 0.42 | 도달  831 | 차단 1727
Ep 482 | Step 1000 | R   394.13 | 배송 31/50 | 미활동 0 | 2홉+ 0.47 | 도달  907 | 차단  868
Ep 483 | Step 1000 | R   347.51 | 배송 27/50 | 미활동 0 | 2홉+ 0.49 | 도달  811 | 차단  698
Ep 484 | Step 1000 | R   327.20 | 배송 26/50 | 미활동 0 | 2홉+ 0.57 | 도달  939 | 차단 1494
Ep 485 | Step 1000 | R   344.48 | 배송 27/50 | 미활동 0 | 2홉+ 0.59 | 도달  969 | 차단 1108
Ep 486 | Step 1000 | R   370.46 | 배송 30/50 | 미활동 0 | 2홉+ 0.60 | 도달  911 | 차단 1169
Ep 487 | Step 1000 | R   287.41 | 배송 25/50 | 미활동 0 | 2홉+ 0.66 | 도달  934 | 차단 1390
Ep 488 | Step 1000 | R   390.50 | 배송 27/50 | 미활동 0 | 2홉+ 0.47 | 도달  869 | 차단  771
Ep 489 | Step 1000 | R   337.41 | 배송 27/50 | 미활동 0 | 2홉+ 0.56 | 도달  706 | 차단 1546
Ep 490 | Step 1000 | R   382.07 | 배송 30/50 | 미활동 0 | 2홉+ 0.65 | 도달  844 | 차단 2215
Ep 491 | Step 1000 | R   252.44 | 배송 22/50 | 미활동 0 | 2홉+ 0.66 | 도달  923 | 차단 1119
Ep 492 | Step 1000 | R   217.59 | 배송 19/50 | 미활동 0 | 2홉+ 0.53 | 도달  687 | 차단 1820
Ep 493 | Step 1000 | R   257.44 | 배송 21/50 | 미활동 0 | 2홉+ 0.65 | 도달  932 | 차단 2343
Ep 494 | Step 1000 | R   299.57 | 배송 26/50 | 미활동 0 | 2홉+ 0.48 | 도달  760 | 차단 1235
Ep 495 | Step 1000 | R   239.45 | 배송 21/50 | 미활동 0 | 2홉+ 0.67 | 도달  903 | 차단 1502
Ep 496 | Step 1000 | R   230.75 | 배송 23/50 | 미활동 0 | 2홉+ 0.62 | 도달  797 | 차단 1070
Ep 497 | Step 1000 | R   224.21 | 배송 20/50 | 미활동 0 | 2홉+ 0.48 | 도달  592 | 차단 1562
Ep 498 | Step 1000 | R   132.93 | 배송 18/50 | 미활동 0 | 2홉+ 0.50 | 도달  746 | 차단 2205
Ep 499 | Step 1000 | R   328.78 | 배송 25/50 | 미활동 0 | 2홉+ 0.59 | 도달  921 | 차단 1490
Ep 500 | Step 1000 | R   173.79 | 배송 18/50 | 미활동 0 | 2홉+ 0.52 | 도달  780 | 차단 1509
  [홀드아웃] 배송 10.8±2.7 미활동 0.50 2홉+ 0.61 도달 677 | 최고 12.8@ep250 | 정체 5/15
Ep 501 | Step 1000 | R   296.47 | 배송 23/50 | 미활동 0 | 2홉+ 0.49 | 도달  834 | 차단 1455
Ep 502 | Step 1000 | R   231.80 | 배송 23/50 | 미활동 0 | 2홉+ 0.45 | 도달  885 | 차단 1416
Ep 503 | Step 1000 | R   220.55 | 배송 19/50 | 미활동 0 | 2홉+ 0.58 | 도달  673 | 차단 1316
Ep 504 | Step 1000 | R   181.50 | 배송 19/50 | 미활동 0 | 2홉+ 0.34 | 도달  577 | 차단 1380
Ep 505 | Step 1000 | R   320.31 | 배송 25/50 | 미활동 0 | 2홉+ 0.47 | 도달  648 | 차단 1063
Ep 506 | Step 1000 | R   230.55 | 배송 22/50 | 미활동 0 | 2홉+ 0.70 | 도달  742 | 차단 2289
Ep 507 | Step 1000 | R   193.75 | 배송 20/50 | 미활동 0 | 2홉+ 0.61 | 도달  785 | 차단 1749
Ep 508 | Step 1000 | R   251.54 | 배송 22/50 | 미활동 0 | 2홉+ 0.44 | 도달  745 | 차단 1499
Ep 509 | Step 1000 | R   310.45 | 배송 24/50 | 미활동 0 | 2홉+ 0.58 | 도달  951 | 차단 1268
Ep 510 | Step 1000 | R   309.86 | 배송 25/50 | 미활동 0 | 2홉+ 0.59 | 도달  872 | 차단 1505
Ep 511 | Step 1000 | R   299.85 | 배송 25/50 | 미활동 0 | 2홉+ 0.62 | 도달  999 | 차단 2091
Ep 512 | Step 1000 | R   107.50 | 배송 16/50 | 미활동 0 | 2홉+ 0.54 | 도달  612 | 차단 1693
Ep 513 | Step 1000 | R   156.36 | 배송 17/50 | 미활동 0 | 2홉+ 0.48 | 도달  706 | 차단 1840
Ep 514 | Step 1000 | R   199.96 | 배송 16/50 | 미활동 0 | 2홉+ 0.61 | 도달  869 | 차단 2326
Ep 515 | Step 1000 | R   165.62 | 배송 17/50 | 미활동 0 | 2홉+ 0.58 | 도달  646 | 차단 1391
Ep 516 | Step 1000 | R   240.83 | 배송 21/50 | 미활동 0 | 2홉+ 0.53 | 도달  841 | 차단 1493
Ep 517 | Step 1000 | R   355.57 | 배송 29/50 | 미활동 0 | 2홉+ 0.66 | 도달  961 | 차단 1732
Ep 518 | Step 1000 | R   304.36 | 배송 25/50 | 미활동 0 | 2홉+ 0.65 | 도달  747 | 차단 2005
Ep 519 | Step 1000 | R   152.21 | 배송 15/50 | 미활동 0 | 2홉+ 0.53 | 도달  639 | 차단 2330
Ep 520 | Step 1000 | R   333.24 | 배송 26/50 | 미활동 0 | 2홉+ 0.54 | 도달  646 | 차단  980
Ep 521 | Step 1000 | R   239.96 | 배송 21/50 | 미활동 0 | 2홉+ 0.62 | 도달  814 | 차단 1738
Ep 522 | Step 1000 | R   222.65 | 배송 20/50 | 미활동 0 | 2홉+ 0.46 | 도달  787 | 차단 1999
Ep 523 | Step 1000 | R    64.08 | 배송 14/50 | 미활동 0 | 2홉+ 0.72 | 도달  940 | 차단 3012
Ep 524 | Step 1000 | R   204.50 | 배송 19/50 | 미활동 0 | 2홉+ 0.66 | 도달  812 | 차단 1911
Ep 525 | Step 1000 | R   221.66 | 배송 21/50 | 미활동 0 | 2홉+ 0.59 | 도달  754 | 차단 1912
Ep 526 | Step 1000 | R   220.46 | 배송 19/50 | 미활동 0 | 2홉+ 0.53 | 도달  810 | 차단 1767
Ep 527 | Step 1000 | R   234.43 | 배송 21/50 | 미활동 0 | 2홉+ 0.61 | 도달  782 | 차단 1589
Ep 528 | Step 1000 | R   294.85 | 배송 23/50 | 미활동 0 | 2홉+ 0.60 | 도달  825 | 차단 1807
Ep 529 | Step 1000 | R   269.61 | 배송 23/50 | 미활동 0 | 2홉+ 0.44 | 도달  784 | 차단  938
Ep 530 | Step 1000 | R   107.82 | 배송 17/50 | 미활동 0 | 2홉+ 0.59 | 도달  674 | 차단 2386
Ep 531 | Step 1000 | R   176.34 | 배송 18/50 | 미활동 0 | 2홉+ 0.51 | 도달  733 | 차단 1116
Ep 532 | Step 1000 | R   178.57 | 배송 20/50 | 미활동 0 | 2홉+ 0.68 | 도달  657 | 차단  795
Ep 533 | Step 1000 | R   265.04 | 배송 23/50 | 미활동 0 | 2홉+ 0.52 | 도달  767 | 차단 1664
Ep 534 | Step 1000 | R   174.43 | 배송 19/50 | 미활동 0 | 2홉+ 0.54 | 도달  863 | 차단 2104
Ep 535 | Step 1000 | R   347.72 | 배송 29/50 | 미활동 0 | 2홉+ 0.64 | 도달  867 | 차단 1857
Ep 536 | Step 1000 | R   212.67 | 배송 19/50 | 미활동 0 | 2홉+ 0.60 | 도달  819 | 차단 1867
Ep 537 | Step 1000 | R   242.02 | 배송 23/50 | 미활동 0 | 2홉+ 0.54 | 도달  828 | 차단 2169
Ep 538 | Step 1000 | R   300.54 | 배송 25/50 | 미활동 0 | 2홉+ 0.63 | 도달  953 | 차단 1965
Ep 539 | Step 1000 | R   152.73 | 배송 18/50 | 미활동 0 | 2홉+ 0.56 | 도달  746 | 차단 2413
Ep 540 | Step 1000 | R   182.16 | 배송 19/50 | 미활동 0 | 2홉+ 0.48 | 도달  647 | 차단 1874
Ep 541 | Step 1000 | R   288.13 | 배송 24/50 | 미활동 0 | 2홉+ 0.66 | 도달  795 | 차단 2247
Ep 542 | Step 1000 | R   316.91 | 배송 26/50 | 미활동 0 | 2홉+ 0.67 | 도달  904 | 차단 1807
Ep 543 | Step 1000 | R   179.75 | 배송 20/50 | 미활동 0 | 2홉+ 0.62 | 도달  613 | 차단 2060
Ep 544 | Step 1000 | R   237.75 | 배송 22/50 | 미활동 0 | 2홉+ 0.54 | 도달  792 | 차단 1935
Ep 545 | Step 1000 | R   318.47 | 배송 25/50 | 미활동 0 | 2홉+ 0.56 | 도달  839 | 차단 1555
Ep 546 | Step 1000 | R   248.85 | 배송 21/50 | 미활동 0 | 2홉+ 0.58 | 도달  710 | 차단 1040
Ep 547 | Step 1000 | R   104.87 | 배송 17/50 | 미활동 0 | 2홉+ 0.73 | 도달  932 | 차단 2603
Ep 548 | Step 1000 | R   158.47 | 배송 17/50 | 미활동 0 | 2홉+ 0.60 | 도달  847 | 차단 1661
Ep 549 | Step 1000 | R   245.02 | 배송 21/50 | 미활동 0 | 2홉+ 0.54 | 도달  711 | 차단  859
Ep 550 | Step 1000 | R   307.44 | 배송 26/50 | 미활동 0 | 2홉+ 0.61 | 도달  780 | 차단 1856
  [홀드아웃] 배송 7.3±2.6 미활동 0.83 2홉+ 0.68 도달 701 | 최고 12.8@ep250 | 정체 6/15
Ep 551 | Step 1000 | R   215.31 | 배송 20/50 | 미활동 0 | 2홉+ 0.61 | 도달  739 | 차단 2040
Ep 552 | Step 1000 | R   185.82 | 배송 18/50 | 미활동 0 | 2홉+ 0.64 | 도달  703 | 차단 1254
Ep 553 | Step 1000 | R   152.59 | 배송 17/50 | 미활동 0 | 2홉+ 0.52 | 도달  585 | 차단 1903
Ep 554 | Step 1000 | R    91.67 | 배송 15/50 | 미활동 0 | 2홉+ 0.62 | 도달  749 | 차단 2201
Ep 555 | Step 1000 | R   162.76 | 배송 18/50 | 미활동 0 | 2홉+ 0.49 | 도달  727 | 차단 1977
Ep 556 | Step 1000 | R   185.32 | 배송 19/50 | 미활동 0 | 2홉+ 0.55 | 도달  679 | 차단 1623
Ep 557 | Step 1000 | R   152.99 | 배송 18/50 | 미활동 0 | 2홉+ 0.52 | 도달  729 | 차단 2575
Ep 558 | Step 1000 | R   134.32 | 배송 17/50 | 미활동 0 | 2홉+ 0.62 | 도달  630 | 차단 1342
Ep 559 | Step 1000 | R   242.82 | 배송 22/50 | 미활동 0 | 2홉+ 0.64 | 도달  801 | 차단 1550
Ep 560 | Step 1000 | R   305.40 | 배송 23/50 | 미활동 0 | 2홉+ 0.57 | 도달  904 | 차단 1304
Ep 561 | Step 1000 | R   185.98 | 배송 19/50 | 미활동 0 | 2홉+ 0.43 | 도달  750 | 차단 1684
Ep 562 | Step 1000 | R   258.02 | 배송 22/50 | 미활동 0 | 2홉+ 0.52 | 도달  828 | 차단 1238
Ep 563 | Step 1000 | R   158.51 | 배송 18/50 | 미활동 0 | 2홉+ 0.56 | 도달  763 | 차단 1971
Ep 564 | Step 1000 | R   268.02 | 배송 24/50 | 미활동 0 | 2홉+ 0.54 | 도달  827 | 차단 1790
Ep 565 | Step 1000 | R   295.92 | 배송 26/50 | 미활동 0 | 2홉+ 0.62 | 도달  974 | 차단 1517
Ep 566 | Step 1000 | R   217.25 | 배송 21/50 | 미활동 0 | 2홉+ 0.48 | 도달  641 | 차단  729
Ep 567 | Step 1000 | R   329.22 | 배송 27/50 | 미활동 0 | 2홉+ 0.62 | 도달  754 | 차단 1761
Ep 568 | Step 1000 | R   310.53 | 배송 25/50 | 미활동 0 | 2홉+ 0.60 | 도달 1051 | 차단 1848
Ep 569 | Step 1000 | R   243.65 | 배송 22/50 | 미활동 0 | 2홉+ 0.51 | 도달  769 | 차단 1508
Ep 570 | Step 1000 | R   255.90 | 배송 21/50 | 미활동 0 | 2홉+ 0.45 | 도달  651 | 차단  401
Ep 571 | Step 1000 | R   102.88 | 배송 13/50 | 미활동 0 | 2홉+ 0.32 | 도달  605 | 차단 2404
Ep 572 | Step 1000 | R   127.08 | 배송 15/50 | 미활동 0 | 2홉+ 0.45 | 도달  653 | 차단 2183
Ep 573 | Step 1000 | R   197.04 | 배송 20/50 | 미활동 0 | 2홉+ 0.55 | 도달  672 | 차단 1545
Ep 574 | Step 1000 | R   234.80 | 배송 22/50 | 미활동 0 | 2홉+ 0.58 | 도달  686 | 차단 2105
Ep 575 | Step 1000 | R   198.22 | 배송 17/50 | 미활동 0 | 2홉+ 0.40 | 도달  696 | 차단 1290
Ep 576 | Step 1000 | R   132.40 | 배송 15/50 | 미활동 0 | 2홉+ 0.44 | 도달  674 | 차단 2140
Ep 577 | Step 1000 | R   243.96 | 배송 21/50 | 미활동 0 | 2홉+ 0.64 | 도달  662 | 차단 1348
Ep 578 | Step 1000 | R   252.14 | 배송 22/50 | 미활동 0 | 2홉+ 0.54 | 도달  728 | 차단 1554
Ep 579 | Step 1000 | R   282.67 | 배송 25/50 | 미활동 0 | 2홉+ 0.60 | 도달  826 | 차단 1481
Ep 580 | Step 1000 | R    91.25 | 배송 16/50 | 미활동 0 | 2홉+ 0.72 | 도달  853 | 차단 2669
Ep 581 | Step 1000 | R   169.60 | 배송 17/50 | 미활동 0 | 2홉+ 0.47 | 도달  663 | 차단 1298
Ep 582 | Step 1000 | R   249.36 | 배송 22/50 | 미활동 0 | 2홉+ 0.50 | 도달  637 | 차단 1420
Ep 583 | Step 1000 | R   140.73 | 배송 17/50 | 미활동 0 | 2홉+ 0.43 | 도달  617 | 차단 1185
Ep 584 | Step 1000 | R   130.99 | 배송 16/50 | 미활동 0 | 2홉+ 0.32 | 도달  634 | 차단  487
Ep 585 | Step 1000 | R   115.66 | 배송 16/50 | 미활동 0 | 2홉+ 0.37 | 도달  630 | 차단  941
Ep 586 | Step 1000 | R   221.18 | 배송 19/50 | 미활동 0 | 2홉+ 0.48 | 도달  747 | 차단 1159
Ep 587 | Step 1000 | R   293.09 | 배송 23/50 | 미활동 0 | 2홉+ 0.57 | 도달  953 | 차단 1566
Ep 588 | Step 1000 | R   194.68 | 배송 20/50 | 미활동 0 | 2홉+ 0.60 | 도달  707 | 차단 1380
Ep 589 | Step 1000 | R   216.93 | 배송 18/50 | 미활동 0 | 2홉+ 0.56 | 도달  656 | 차단 1174
Ep 590 | Step 1000 | R   152.39 | 배송 16/50 | 미활동 0 | 2홉+ 0.43 | 도달  642 | 차단 1451
Ep 591 | Step 1000 | R   119.14 | 배송 16/50 | 미활동 0 | 2홉+ 0.68 | 도달  727 | 차단 3022
Ep 592 | Step 1000 | R   438.64 | 배송 28/50 | 미활동 0 | 2홉+ 0.54 | 도달  906 | 차단  867
Ep 593 | Step 1000 | R   253.56 | 배송 23/50 | 미활동 0 | 2홉+ 0.60 | 도달  805 | 차단 1630
Ep 594 | Step 1000 | R    91.38 | 배송 14/50 | 미활동 0 | 2홉+ 0.61 | 도달  772 | 차단 2181
Ep 595 | Step 1000 | R   250.43 | 배송 22/50 | 미활동 0 | 2홉+ 0.56 | 도달  726 | 차단 1476
Ep 596 | Step 1000 | R   142.96 | 배송 18/50 | 미활동 0 | 2홉+ 0.50 | 도달  925 | 차단 1741
Ep 597 | Step 1000 | R   242.93 | 배송 21/50 | 미활동 0 | 2홉+ 0.40 | 도달  595 | 차단  538
Ep 598 | Step 1000 | R   121.17 | 배송 16/50 | 미활동 0 | 2홉+ 0.36 | 도달  602 | 차단  450
Ep 599 | Step 1000 | R   256.68 | 배송 23/50 | 미활동 0 | 2홉+ 0.66 | 도달  701 | 차단 1654
Ep 600 | Step 1000 | R   217.03 | 배송 19/50 | 미활동 0 | 2홉+ 0.53 | 도달  721 | 차단 1761
  [홀드아웃] 배송 5.2±2.9 미활동 1.67 2홉+ 0.59 도달 566 | 최고 12.8@ep250 | 정체 7/15
Ep 601 | Step 1000 | R   164.77 | 배송 18/50 | 미활동 0 | 2홉+ 0.45 | 도달  583 | 차단 2034
Ep 602 | Step 1000 | R   253.56 | 배송 23/50 | 미활동 0 | 2홉+ 0.68 | 도달  741 | 차단 1800
Ep 603 | Step 1000 | R   216.94 | 배송 20/50 | 미활동 0 | 2홉+ 0.52 | 도달  709 | 차단 2024
Ep 604 | Step 1000 | R   264.25 | 배송 22/50 | 미활동 0 | 2홉+ 0.47 | 도달  757 | 차단  886
Ep 605 | Step 1000 | R   110.03 | 배송 16/50 | 미활동 0 | 2홉+ 0.55 | 도달  861 | 차단 1871
Ep 606 | Step 1000 | R   225.49 | 배송 20/50 | 미활동 0 | 2홉+ 0.45 | 도달  806 | 차단 1501
Ep 607 | Step 1000 | R   274.12 | 배송 21/50 | 미활동 0 | 2홉+ 0.53 | 도달  708 | 차단 1899
Ep 608 | Step 1000 | R   299.63 | 배송 26/50 | 미활동 0 | 2홉+ 0.49 | 도달  840 | 차단 1173
Ep 609 | Step 1000 | R   177.88 | 배송 19/50 | 미활동 0 | 2홉+ 0.34 | 도달  645 | 차단 1207
Ep 610 | Step 1000 | R   274.14 | 배송 20/50 | 미활동 0 | 2홉+ 0.67 | 도달  871 | 차단 1110
Ep 611 | Step 1000 | R   177.14 | 배송 17/50 | 미활동 0 | 2홉+ 0.36 | 도달  695 | 차단  480
Ep 612 | Step 1000 | R   177.62 | 배송 19/50 | 미활동 0 | 2홉+ 0.50 | 도달  777 | 차단 1828
Ep 613 | Step 1000 | R   251.28 | 배송 21/50 | 미활동 0 | 2홉+ 0.35 | 도달  681 | 차단  938
Ep 614 | Step 1000 | R   160.97 | 배송 17/50 | 미활동 0 | 2홉+ 0.51 | 도달  693 | 차단 1723
Ep 615 | Step 1000 | R   174.85 | 배송 18/50 | 미활동 0 | 2홉+ 0.53 | 도달  782 | 차단 1618
Ep 616 | Step 1000 | R   314.56 | 배송 24/50 | 미활동 0 | 2홉+ 0.56 | 도달 1021 | 차단 1330
Ep 617 | Step 1000 | R   134.96 | 배송 16/50 | 미활동 0 | 2홉+ 0.45 | 도달  784 | 차단 2126
Ep 618 | Step 1000 | R   311.33 | 배송 27/50 | 미활동 0 | 2홉+ 0.61 | 도달  739 | 차단 1415
Ep 619 | Step 1000 | R   161.43 | 배송 16/50 | 미활동 0 | 2홉+ 0.42 | 도달  601 | 차단  875
Ep 620 | Step 1000 | R   174.45 | 배송 18/50 | 미활동 0 | 2홉+ 0.35 | 도달  704 | 차단 1506
Ep 621 | Step 1000 | R   296.00 | 배송 24/50 | 미활동 0 | 2홉+ 0.50 | 도달  860 | 차단 1715
Ep 622 | Step 1000 | R   125.85 | 배송 16/50 | 미활동 0 | 2홉+ 0.36 | 도달  578 | 차단  914
Ep 623 | Step 1000 | R   277.11 | 배송 24/50 | 미활동 0 | 2홉+ 0.66 | 도달  973 | 차단 1463
Ep 624 | Step 1000 | R   353.46 | 배송 28/50 | 미활동 0 | 2홉+ 0.57 | 도달  906 | 차단 1240
Ep 625 | Step 1000 | R   208.97 | 배송 19/50 | 미활동 0 | 2홉+ 0.58 | 도달  740 | 차단 1847
Ep 626 | Step 1000 | R   225.97 | 배송 22/50 | 미활동 0 | 2홉+ 0.55 | 도달  712 | 차단 1314
Ep 627 | Step 1000 | R   128.79 | 배송 16/50 | 미활동 0 | 2홉+ 0.48 | 도달  636 | 차단 2462
Ep 628 | Step 1000 | R   237.88 | 배송 21/50 | 미활동 0 | 2홉+ 0.49 | 도달  793 | 차단 1455
Ep 629 | Step 1000 | R   205.19 | 배송 19/50 | 미활동 0 | 2홉+ 0.58 | 도달  868 | 차단 2180
Ep 630 | Step 1000 | R   243.48 | 배송 21/50 | 미활동 0 | 2홉+ 0.46 | 도달  653 | 차단 1407
Ep 631 | Step 1000 | R   152.18 | 배송 18/50 | 미활동 0 | 2홉+ 0.53 | 도달  774 | 차단 2393
Ep 632 | Step 1000 | R   117.02 | 배송 15/50 | 미활동 0 | 2홉+ 0.45 | 도달  562 | 차단  748
Ep 633 | Step 1000 | R   191.20 | 배송 20/50 | 미활동 0 | 2홉+ 0.51 | 도달  714 | 차단 1841
Ep 634 | Step 1000 | R   206.80 | 배송 21/50 | 미활동 0 | 2홉+ 0.37 | 도달  621 | 차단 1438
Ep 635 | Step 1000 | R   277.85 | 배송 23/50 | 미활동 0 | 2홉+ 0.66 | 도달  827 | 차단 1690
Ep 636 | Step 1000 | R   132.45 | 배송 16/50 | 미활동 0 | 2홉+ 0.62 | 도달  645 | 차단 2546
Ep 637 | Step 1000 | R   174.52 | 배송 19/50 | 미활동 0 | 2홉+ 0.59 | 도달  756 | 차단 1790
Ep 638 | Step 1000 | R   258.13 | 배송 23/50 | 미활동 0 | 2홉+ 0.55 | 도달  790 | 차단 1580
Ep 639 | Step 1000 | R   134.61 | 배송 15/50 | 미활동 0 | 2홉+ 0.64 | 도달  679 | 차단 1822
Ep 640 | Step 1000 | R   164.29 | 배송 17/50 | 미활동 0 | 2홉+ 0.63 | 도달  774 | 차단 1545
Ep 641 | Step 1000 | R   280.47 | 배송 23/50 | 미활동 0 | 2홉+ 0.59 | 도달  891 | 차단 2131
Ep 642 | Step 1000 | R   243.47 | 배송 21/50 | 미활동 0 | 2홉+ 0.59 | 도달  693 | 차단 1173
Ep 643 | Step 1000 | R   281.91 | 배송 22/50 | 미활동 0 | 2홉+ 0.62 | 도달 1074 | 차단 1681
Ep 644 | Step 1000 | R   239.78 | 배송 23/50 | 미활동 0 | 2홉+ 0.38 | 도달  640 | 차단 1360
Ep 645 | Step 1000 | R   331.48 | 배송 27/50 | 미활동 0 | 2홉+ 0.57 | 도달  959 | 차단 1717
Ep 646 | Step 1000 | R   277.51 | 배송 23/50 | 미활동 0 | 2홉+ 0.59 | 도달  961 | 차단 2172
Ep 647 | Step 1000 | R   232.29 | 배송 21/50 | 미활동 0 | 2홉+ 0.67 | 도달  710 | 차단 1636
Ep 648 | Step 1000 | R   228.01 | 배송 21/50 | 미활동 0 | 2홉+ 0.58 | 도달 1028 | 차단 1990
Ep 649 | Step 1000 | R   222.86 | 배송 20/50 | 미활동 0 | 2홉+ 0.68 | 도달  861 | 차단 1778
Ep 650 | Step 1000 | R   279.69 | 배송 24/50 | 미활동 0 | 2홉+ 0.53 | 도달  706 | 차단 1202
  [홀드아웃] 배송 8.7±3.9 미활동 0.33 2홉+ 0.69 도달 814 | 최고 12.8@ep250 | 정체 8/15
Ep 651 | Step 1000 | R   219.01 | 배송 20/50 | 미활동 0 | 2홉+ 0.66 | 도달  889 | 차단 1958
Ep 652 | Step 1000 | R   339.40 | 배송 27/50 | 미활동 0 | 2홉+ 0.51 | 도달  818 | 차단 1415
Ep 653 | Step 1000 | R   242.70 | 배송 19/50 | 미활동 0 | 2홉+ 0.61 | 도달  692 | 차단 2114
Ep 654 | Step 1000 | R   242.38 | 배송 21/50 | 미활동 0 | 2홉+ 0.46 | 도달  808 | 차단 1685
Ep 655 | Step 1000 | R   228.87 | 배송 21/50 | 미활동 0 | 2홉+ 0.65 | 도달  823 | 차단 1900
Ep 656 | Step 1000 | R   120.27 | 배송 17/50 | 미활동 0 | 2홉+ 0.35 | 도달  595 | 차단 2137
Ep 657 | Step 1000 | R   251.73 | 배송 22/50 | 미활동 0 | 2홉+ 0.56 | 도달  983 | 차단 1361
Ep 658 | Step 1000 | R   117.04 | 배송 18/50 | 미활동 0 | 2홉+ 0.72 | 도달  892 | 차단 2691
Ep 659 | Step 1000 | R   309.55 | 배송 24/50 | 미활동 0 | 2홉+ 0.67 | 도달  760 | 차단 1704
Ep 660 | Step 1000 | R   147.93 | 배송 16/50 | 미활동 0 | 2홉+ 0.57 | 도달  799 | 차단 2098
Ep 661 | Step 1000 | R   163.62 | 배송 18/50 | 미활동 0 | 2홉+ 0.56 | 도달  791 | 차단 2308
Ep 662 | Step 1000 | R   108.68 | 배송 17/50 | 미활동 0 | 2홉+ 0.69 | 도달 1044 | 차단 2527
Ep 663 | Step 1000 | R   234.81 | 배송 22/50 | 미활동 0 | 2홉+ 0.52 | 도달  854 | 차단 2139
Ep 664 | Step 1000 | R   152.10 | 배송 19/50 | 미활동 0 | 2홉+ 0.55 | 도달  872 | 차단 1316
Ep 665 | Step 1000 | R   243.34 | 배송 22/50 | 미활동 0 | 2홉+ 0.59 | 도달  725 | 차단 1821
Ep 666 | Step 1000 | R   121.72 | 배송 18/50 | 미활동 0 | 2홉+ 0.51 | 도달  571 | 차단 2120
Ep 667 | Step 1000 | R   183.38 | 배송 19/50 | 미활동 0 | 2홉+ 0.31 | 도달  728 | 차단 1238
Ep 668 | Step 1000 | R   263.85 | 배송 22/50 | 미활동 0 | 2홉+ 0.65 | 도달  987 | 차단 2311
Ep 669 | Step 1000 | R   225.57 | 배송 18/50 | 미활동 0 | 2홉+ 0.49 | 도달  607 | 차단  959
Ep 670 | Step 1000 | R   263.28 | 배송 23/50 | 미활동 0 | 2홉+ 0.41 | 도달  784 | 차단 1305
Ep 671 | Step 1000 | R   300.17 | 배송 26/50 | 미활동 0 | 2홉+ 0.64 | 도달  782 | 차단 1041
Ep 672 | Step 1000 | R   177.35 | 배송 19/50 | 미활동 0 | 2홉+ 0.57 | 도달  645 | 차단 2018
Ep 673 | Step 1000 | R   228.91 | 배송 21/50 | 미활동 0 | 2홉+ 0.57 | 도달  856 | 차단 2218
Ep 674 | Step 1000 | R   104.96 | 배송 16/50 | 미활동 0 | 2홉+ 0.69 | 도달  928 | 차단 2178
Ep 675 | Step 1000 | R   217.04 | 배송 22/50 | 미활동 0 | 2홉+ 0.54 | 도달  706 | 차단 1389
Ep 676 | Step 1000 | R   159.40 | 배송 18/50 | 미활동 0 | 2홉+ 0.52 | 도달  665 | 차단 1099
Ep 677 | Step 1000 | R   248.35 | 배송 21/50 | 미활동 0 | 2홉+ 0.49 | 도달  660 | 차단  898
Ep 678 | Step 1000 | R   298.19 | 배송 23/50 | 미활동 0 | 2홉+ 0.56 | 도달  716 | 차단 1592
Ep 679 | Step 1000 | R   253.06 | 배송 23/50 | 미활동 0 | 2홉+ 0.65 | 도달  754 | 차단 2101
Ep 680 | Step 1000 | R   167.37 | 배송 18/50 | 미활동 0 | 2홉+ 0.35 | 도달  750 | 차단 1704
Ep 681 | Step 1000 | R   294.33 | 배송 23/50 | 미활동 0 | 2홉+ 0.62 | 도달  721 | 차단 1213
Ep 682 | Step 1000 | R   273.99 | 배송 23/50 | 미활동 0 | 2홉+ 0.49 | 도달  772 | 차단  991
Ep 683 | Step 1000 | R   284.76 | 배송 22/50 | 미활동 0 | 2홉+ 0.50 | 도달 1002 | 차단 1697
Ep 684 | Step 1000 | R   185.17 | 배송 20/50 | 미활동 0 | 2홉+ 0.49 | 도달  741 | 차단 2184
Ep 685 | Step 1000 | R   252.96 | 배송 22/50 | 미활동 0 | 2홉+ 0.48 | 도달  847 | 차단 1502
Ep 686 | Step 1000 | R    76.20 | 배송 16/50 | 미활동 0 | 2홉+ 0.73 | 도달  922 | 차단 3185
Ep 687 | Step 1000 | R   318.15 | 배송 23/50 | 미활동 0 | 2홉+ 0.32 | 도달  733 | 차단  622
Ep 688 | Step 1000 | R   273.88 | 배송 24/50 | 미활동 0 | 2홉+ 0.55 | 도달  803 | 차단 1438
Ep 689 | Step 1000 | R   226.88 | 배송 22/50 | 미활동 0 | 2홉+ 0.68 | 도달  911 | 차단 2186
Ep 690 | Step 1000 | R   318.79 | 배송 26/50 | 미활동 0 | 2홉+ 0.69 | 도달 1066 | 차단 2033
Ep 691 | Step 1000 | R   187.41 | 배송 20/50 | 미활동 0 | 2홉+ 0.60 | 도달 1074 | 차단 2053
Ep 692 | Step 1000 | R   271.48 | 배송 22/50 | 미활동 0 | 2홉+ 0.70 | 도달  780 | 차단 1988
Ep 693 | Step 1000 | R    93.24 | 배송 17/50 | 미활동 0 | 2홉+ 0.73 | 도달  953 | 차단 3120
Ep 694 | Step 1000 | R   194.63 | 배송 20/50 | 미활동 0 | 2홉+ 0.40 | 도달  660 | 차단 2010
Ep 695 | Step 1000 | R   169.45 | 배송 18/50 | 미활동 0 | 2홉+ 0.46 | 도달  762 | 차단 1621
Ep 696 | Step 1000 | R    68.50 | 배송 14/50 | 미활동 0 | 2홉+ 0.68 | 도달  757 | 차단 2842
Ep 697 | Step 1000 | R   269.97 | 배송 24/50 | 미활동 0 | 2홉+ 0.68 | 도달 1026 | 차단 1636
Ep 698 | Step 1000 | R   337.34 | 배송 27/50 | 미활동 0 | 2홉+ 0.62 | 도달  971 | 차단 1711
Ep 699 | Step 1000 | R   362.80 | 배송 29/50 | 미활동 0 | 2홉+ 0.55 | 도달  862 | 차단 1425
Ep 700 | Step 1000 | R   154.07 | 배송 17/50 | 미활동 0 | 2홉+ 0.58 | 도달  700 | 차단 1827
  [홀드아웃] 배송 10.0±2.4 미활동 0.50 2홉+ 0.73 도달 754 | 최고 12.8@ep250 | 정체 9/15
Ep 701 | Step 1000 | R   253.18 | 배송 20/50 | 미활동 0 | 2홉+ 0.61 | 도달  917 | 차단 2148
Ep 702 | Step 1000 | R   315.43 | 배송 25/50 | 미활동 0 | 2홉+ 0.53 | 도달  925 | 차단 1307
Ep 703 | Step 1000 | R   248.71 | 배송 23/50 | 미활동 0 | 2홉+ 0.66 | 도달  890 | 차단 2266
Ep 704 | Step 1000 | R   239.53 | 배송 24/50 | 미활동 0 | 2홉+ 0.52 | 도달  879 | 차단 1856
Ep 705 | Step 1000 | R   187.72 | 배송 18/50 | 미활동 0 | 2홉+ 0.67 | 도달  682 | 차단 1425
Ep 706 | Step 1000 | R   234.81 | 배송 21/50 | 미활동 0 | 2홉+ 0.55 | 도달  698 | 차단 1967
Ep 707 | Step 1000 | R   148.00 | 배송 18/50 | 미활동 0 | 2홉+ 0.36 | 도달  712 | 차단 1192
Ep 708 | Step 1000 | R   288.18 | 배송 23/50 | 미활동 0 | 2홉+ 0.62 | 도달  870 | 차단 1836
Ep 709 | Step 1000 | R   174.13 | 배송 18/50 | 미활동 0 | 2홉+ 0.54 | 도달  699 | 차단 1463
Ep 710 | Step 1000 | R   244.87 | 배송 21/50 | 미활동 0 | 2홉+ 0.59 | 도달  744 | 차단 1494
Ep 711 | Step 1000 | R   215.78 | 배송 19/50 | 미활동 0 | 2홉+ 0.66 | 도달  965 | 차단 1835
Ep 712 | Step 1000 | R   329.68 | 배송 26/50 | 미활동 0 | 2홉+ 0.59 | 도달  780 | 차단 1709
Ep 713 | Step 1000 | R   229.37 | 배송 20/50 | 미활동 0 | 2홉+ 0.43 | 도달  809 | 차단 1363
Ep 714 | Step 1000 | R   296.10 | 배송 22/50 | 미활동 0 | 2홉+ 0.48 | 도달  831 | 차단 1086
Ep 715 | Step 1000 | R   178.27 | 배송 17/50 | 미활동 0 | 2홉+ 0.50 | 도달  704 | 차단  974
Ep 716 | Step 1000 | R   241.23 | 배송 22/50 | 미활동 0 | 2홉+ 0.48 | 도달  778 | 차단 1792
Ep 717 | Step 1000 | R   249.23 | 배송 22/50 | 미활동 0 | 2홉+ 0.52 | 도달  968 | 차단 1745
Ep 718 | Step 1000 | R   234.41 | 배송 21/50 | 미활동 0 | 2홉+ 0.66 | 도달  906 | 차단 2006
Ep 719 | Step 1000 | R   203.60 | 배송 20/50 | 미활동 0 | 2홉+ 0.42 | 도달  702 | 차단 1449
Ep 720 | Step 1000 | R   286.19 | 배송 22/50 | 미활동 0 | 2홉+ 0.52 | 도달  802 | 차단 1505
Ep 721 | Step 1000 | R   245.39 | 배송 21/50 | 미활동 0 | 2홉+ 0.47 | 도달  641 | 차단 1140
Ep 722 | Step 1000 | R   209.16 | 배송 20/50 | 미활동 0 | 2홉+ 0.67 | 도달  922 | 차단 2222
Ep 723 | Step 1000 | R   252.89 | 배송 23/50 | 미활동 0 | 2홉+ 0.58 | 도달  790 | 차단 1672
Ep 724 | Step 1000 | R   253.14 | 배송 22/50 | 미활동 0 | 2홉+ 0.54 | 도달  695 | 차단 1249
Ep 725 | Step 1000 | R   222.54 | 배송 20/50 | 미활동 0 | 2홉+ 0.67 | 도달  839 | 차단 1923
Ep 726 | Step 1000 | R   167.15 | 배송 18/50 | 미활동 0 | 2홉+ 0.59 | 도달  853 | 차단 1886
Ep 727 | Step 1000 | R   282.89 | 배송 22/50 | 미활동 0 | 2홉+ 0.44 | 도달  727 | 차단 1245
Ep 728 | Step 1000 | R   336.66 | 배송 25/50 | 미활동 0 | 2홉+ 0.65 | 도달  860 | 차단 1827
Ep 729 | Step 1000 | R   177.22 | 배송 18/50 | 미활동 0 | 2홉+ 0.50 | 도달  732 | 차단 1672
Ep 730 | Step 1000 | R    61.98 | 배송 14/50 | 미활동 0 | 2홉+ 0.73 | 도달  960 | 차단 3083
Ep 731 | Step 1000 | R   208.80 | 배송 18/50 | 미활동 0 | 2홉+ 0.47 | 도달  761 | 차단 1739
Ep 732 | Step 1000 | R   231.58 | 배송 21/50 | 미활동 0 | 2홉+ 0.71 | 도달  809 | 차단 1768
Ep 733 | Step 1000 | R   287.27 | 배송 23/50 | 미활동 0 | 2홉+ 0.64 | 도달  673 | 차단 2034
Ep 734 | Step 1000 | R   252.81 | 배송 23/50 | 미활동 0 | 2홉+ 0.56 | 도달  790 | 차단 1900
Ep 735 | Step 1000 | R   258.67 | 배송 22/50 | 미활동 0 | 2홉+ 0.61 | 도달  717 | 차단 1203
Ep 736 | Step 1000 | R   346.40 | 배송 25/50 | 미활동 0 | 2홉+ 0.54 | 도달 1040 | 차단 1579
Ep 737 | Step 1000 | R   183.14 | 배송 19/50 | 미활동 0 | 2홉+ 0.58 | 도달  707 | 차단 1924
Ep 738 | Step 1000 | R    39.96 | 배송 12/50 | 미활동 0 | 2홉+ 0.73 | 도달 1054 | 차단 3007
Ep 739 | Step 1000 | R   273.02 | 배송 24/50 | 미활동 0 | 2홉+ 0.50 | 도달  756 | 차단 1504
Ep 740 | Step 1000 | R   274.34 | 배송 23/50 | 미활동 0 | 2홉+ 0.33 | 도달  796 | 차단  659
Ep 741 | Step 1000 | R   254.27 | 배송 22/50 | 미활동 0 | 2홉+ 0.46 | 도달  701 | 차단 1063
Ep 742 | Step 1000 | R   314.48 | 배송 28/50 | 미활동 0 | 2홉+ 0.60 | 도달  790 | 차단 1422
Ep 743 | Step 1000 | R   204.55 | 배송 18/50 | 미활동 0 | 2홉+ 0.67 | 도달  606 | 차단 1220
Ep 744 | Step 1000 | R   265.75 | 배송 23/50 | 미활동 0 | 2홉+ 0.66 | 도달  764 | 차단 1171
Ep 745 | Step 1000 | R   258.39 | 배송 24/50 | 미활동 0 | 2홉+ 0.69 | 도달  958 | 차단 2086
Ep 746 | Step 1000 | R   258.61 | 배송 22/50 | 미활동 0 | 2홉+ 0.48 | 도달  842 | 차단  874
Ep 747 | Step 1000 | R   198.46 | 배송 20/50 | 미활동 0 | 2홉+ 0.57 | 도달  690 | 차단  869
Ep 748 | Step 1000 | R   246.93 | 배송 22/50 | 미활동 0 | 2홉+ 0.59 | 도달  890 | 차단 1747
Ep 749 | Step 1000 | R   211.34 | 배송 18/50 | 미활동 0 | 2홉+ 0.37 | 도달  685 | 차단 1104
Ep 750 | Step 1000 | R   324.52 | 배송 26/50 | 미활동 0 | 2홉+ 0.56 | 도달  942 | 차단 1517
  [홀드아웃] 배송 10.7±2.5 미활동 0.00 2홉+ 0.62 도달 826 | 최고 12.8@ep250 | 정체 10/15
Ep 751 | Step 1000 | R   213.01 | 배송 19/50 | 미활동 0 | 2홉+ 0.43 | 도달  587 | 차단 1716
Ep 752 | Step 1000 | R   296.07 | 배송 24/50 | 미활동 0 | 2홉+ 0.64 | 도달  814 | 차단 1640
Ep 753 | Step 1000 | R   315.70 | 배송 26/50 | 미활동 0 | 2홉+ 0.66 | 도달  982 | 차단 1965
Ep 754 | Step 1000 | R   279.10 | 배송 23/50 | 미활동 0 | 2홉+ 0.39 | 도달  813 | 차단  761
Ep 755 | Step 1000 | R   246.04 | 배송 22/50 | 미활동 0 | 2홉+ 0.66 | 도달  865 | 차단 1840
Ep 756 | Step 1000 | R   227.54 | 배송 20/50 | 미활동 0 | 2홉+ 0.61 | 도달  706 | 차단 1673
Ep 757 | Step 1000 | R   235.24 | 배송 20/50 | 미활동 0 | 2홉+ 0.42 | 도달  650 | 차단 1008
Ep 758 | Step 1000 | R   248.46 | 배송 23/50 | 미활동 0 | 2홉+ 0.65 | 도달  682 | 차단 1858
Ep 759 | Step 1000 | R   116.88 | 배송 16/50 | 미활동 0 | 2홉+ 0.50 | 도달  610 | 차단 1730
Ep 760 | Step 1000 | R   244.55 | 배송 23/50 | 미활동 0 | 2홉+ 0.71 | 도달  954 | 차단 2210
Ep 761 | Step 1000 | R   282.35 | 배송 23/50 | 미활동 0 | 2홉+ 0.54 | 도달  709 | 차단  799
Ep 762 | Step 1000 | R   242.81 | 배송 22/50 | 미활동 0 | 2홉+ 0.67 | 도달  946 | 차단 1880
Ep 763 | Step 1000 | R   123.43 | 배송 15/50 | 미활동 0 | 2홉+ 0.29 | 도달  543 | 차단  431
Ep 764 | Step 1000 | R   231.44 | 배송 21/50 | 미활동 0 | 2홉+ 0.65 | 도달  769 | 차단 1777
Ep 765 | Step 1000 | R   203.15 | 배송 19/50 | 미활동 0 | 2홉+ 0.59 | 도달  703 | 차단  720
Ep 766 | Step 1000 | R    71.11 | 배송 15/50 | 미활동 0 | 2홉+ 0.72 | 도달  733 | 차단 2981
Ep 767 | Step 1000 | R   239.01 | 배송 21/50 | 미활동 0 | 2홉+ 0.41 | 도달  618 | 차단 1389
Ep 768 | Step 1000 | R   275.35 | 배송 25/50 | 미활동 0 | 2홉+ 0.50 | 도달  731 | 차단 1645
Ep 769 | Step 1000 | R   246.16 | 배송 23/50 | 미활동 0 | 2홉+ 0.71 | 도달  915 | 차단 2277
Ep 770 | Step 1000 | R   167.69 | 배송 18/50 | 미활동 0 | 2홉+ 0.63 | 도달  873 | 차단 1685
Ep 771 | Step 1000 | R   287.88 | 배송 22/50 | 미활동 0 | 2홉+ 0.53 | 도달  618 | 차단 1366
Ep 772 | Step 1000 | R   171.68 | 배송 17/50 | 미활동 0 | 2홉+ 0.41 | 도달  584 | 차단 1172
Ep 773 | Step 1000 | R   248.77 | 배송 19/50 | 미활동 0 | 2홉+ 0.47 | 도달  746 | 차단  377
Ep 774 | Step 1000 | R   284.22 | 배송 25/50 | 미활동 0 | 2홉+ 0.60 | 도달  746 | 차단 1477
Ep 775 | Step 1000 | R   249.26 | 배송 22/50 | 미활동 0 | 2홉+ 0.61 | 도달 1074 | 차단 1623
Ep 776 | Step 1000 | R   131.18 | 배송 16/50 | 미활동 0 | 2홉+ 0.39 | 도달  579 | 차단 1012
Ep 777 | Step 1000 | R   121.05 | 배송 14/50 | 미활동 0 | 2홉+ 0.67 | 도달  985 | 차단 2141
Ep 778 | Step 1000 | R   265.23 | 배송 24/50 | 미활동 0 | 2홉+ 0.58 | 도달  803 | 차단 1690
Ep 779 | Step 1000 | R   274.05 | 배송 25/50 | 미활동 0 | 2홉+ 0.63 | 도달  796 | 차단 1974
Ep 780 | Step 1000 | R   245.74 | 배송 23/50 | 미활동 0 | 2홉+ 0.68 | 도달 1013 | 차단 2242
Ep 781 | Step 1000 | R   187.00 | 배송 18/50 | 미활동 0 | 2홉+ 0.70 | 도달  645 | 차단 2414
Ep 782 | Step 1000 | R   243.06 | 배송 21/50 | 미활동 0 | 2홉+ 0.49 | 도달  713 | 차단 1362
Ep 783 | Step 1000 | R   253.44 | 배송 22/50 | 미활동 0 | 2홉+ 0.45 | 도달  655 | 차단 1559
Ep 784 | Step 1000 | R   293.33 | 배송 25/50 | 미활동 0 | 2홉+ 0.59 | 도달  832 | 차단 1125
Ep 785 | Step 1000 | R   244.82 | 배송 24/50 | 미활동 0 | 2홉+ 0.69 | 도달  865 | 차단 2440
Ep 786 | Step 1000 | R   200.78 | 배송 20/50 | 미활동 0 | 2홉+ 0.48 | 도달  695 | 차단  792
Ep 787 | Step 1000 | R   113.82 | 배송 15/50 | 미활동 0 | 2홉+ 0.55 | 도달  738 | 차단 2744
Ep 788 | Step 1000 | R   311.58 | 배송 27/50 | 미활동 0 | 2홉+ 0.52 | 도달  917 | 차단 1737
Ep 789 | Step 1000 | R   187.73 | 배송 18/50 | 미활동 0 | 2홉+ 0.65 | 도달  640 | 차단 2464
Ep 790 | Step 1000 | R   270.72 | 배송 23/50 | 미활동 0 | 2홉+ 0.45 | 도달  667 | 차단  828
Ep 791 | Step 1000 | R   205.85 | 배송 20/50 | 미활동 0 | 2홉+ 0.42 | 도달  724 | 차단 1253
Ep 792 | Step 1000 | R   246.58 | 배송 24/50 | 미활동 0 | 2홉+ 0.65 | 도달  932 | 차단 2393
Ep 793 | Step 1000 | R   270.53 | 배송 23/50 | 미활동 0 | 2홉+ 0.52 | 도달  677 | 차단 1289
Ep 794 | Step 1000 | R   205.79 | 배송 20/50 | 미활동 0 | 2홉+ 0.53 | 도달  782 | 차단 1364
Ep 795 | Step 1000 | R   357.57 | 배송 28/50 | 미활동 0 | 2홉+ 0.58 | 도달  897 | 차단 1569
Ep 796 | Step 1000 | R   205.15 | 배송 21/50 | 미활동 0 | 2홉+ 0.46 | 도달  704 | 차단 1363
Ep 797 | Step 1000 | R    70.60 | 배송 14/50 | 미활동 0 | 2홉+ 0.54 | 도달  864 | 차단 2321
Ep 798 | Step 1000 | R   202.04 | 배송 20/50 | 미활동 0 | 2홉+ 0.52 | 도달  867 | 차단  956
Ep 799 | Step 1000 | R   165.29 | 배송 17/50 | 미활동 0 | 2홉+ 0.36 | 도달  645 | 차단 1380
Ep 800 | Step 1000 | R   206.07 | 배송 20/50 | 미활동 0 | 2홉+ 0.44 | 도달  730 | 차단 1188
  [홀드아웃] 배송 10.8±5.2 미활동 0.50 2홉+ 0.64 도달 705 | 최고 12.8@ep250 | 정체 11/15
Ep 801 | Step 1000 | R   193.28 | 배송 19/50 | 미활동 0 | 2홉+ 0.45 | 도달  610 | 차단 1264
Ep 802 | Step 1000 | R   258.42 | 배송 23/50 | 미활동 0 | 2홉+ 0.61 | 도달  719 | 차단 1405
Ep 803 | Step 1000 | R   222.37 | 배송 19/50 | 미활동 0 | 2홉+ 0.39 | 도달  693 | 차단 1130
Ep 804 | Step 1000 | R   266.39 | 배송 24/50 | 미활동 0 | 2홉+ 0.66 | 도달  725 | 차단 1683
Ep 805 | Step 1000 | R   268.04 | 배송 22/50 | 미활동 0 | 2홉+ 0.62 | 도달  880 | 차단 2199
Ep 806 | Step 1000 | R   241.84 | 배송 22/50 | 미활동 0 | 2홉+ 0.61 | 도달  654 | 차단 1837
Ep 807 | Step 1000 | R   165.54 | 배송 18/50 | 미활동 0 | 2홉+ 0.56 | 도달  661 | 차단 1904
Ep 808 | Step 1000 | R   323.91 | 배송 25/50 | 미활동 0 | 2홉+ 0.67 | 도달  745 | 차단  926
Ep 809 | Step 1000 | R   201.04 | 배송 19/50 | 미활동 0 | 2홉+ 0.69 | 도달  724 | 차단 2420
Ep 810 | Step 1000 | R   265.39 | 배송 23/50 | 미활동 0 | 2홉+ 0.49 | 도달  707 | 차단 1414
Ep 811 | Step 1000 | R   330.15 | 배송 27/50 | 미활동 0 | 2홉+ 0.69 | 도달 1074 | 차단 1987
Ep 812 | Step 1000 | R   242.94 | 배송 21/50 | 미활동 0 | 2홉+ 0.46 | 도달  728 | 차단 1394
Ep 813 | Step 1000 | R   224.51 | 배송 21/50 | 미활동 0 | 2홉+ 0.64 | 도달  746 | 차단 2265
Ep 814 | Step 1000 | R   205.76 | 배송 20/50 | 미활동 0 | 2홉+ 0.47 | 도달  649 | 차단 1247
Ep 815 | Step 1000 | R   173.75 | 배송 18/50 | 미활동 0 | 2홉+ 0.50 | 도달  713 | 차단 1732
Ep 816 | Step 1000 | R   311.19 | 배송 25/50 | 미활동 0 | 2홉+ 0.65 | 도달  869 | 차단 1827
Ep 817 | Step 1000 | R   266.17 | 배송 22/50 | 미활동 0 | 2홉+ 0.49 | 도달  866 | 차단  685
Ep 818 | Step 1000 | R   232.58 | 배송 20/50 | 미활동 0 | 2홉+ 0.35 | 도달  622 | 차단 1084
Ep 819 | Step 1000 | R   330.02 | 배송 26/50 | 미활동 0 | 2홉+ 0.65 | 도달  938 | 차단 1318
Ep 820 | Step 1000 | R   129.38 | 배송 16/50 | 미활동 0 | 2홉+ 0.52 | 도달  707 | 차단 2675
Ep 821 | Step 1000 | R   256.65 | 배송 23/50 | 미활동 0 | 2홉+ 0.67 | 도달  891 | 차단 1863
Ep 822 | Step 1000 | R   258.49 | 배송 24/50 | 미활동 0 | 2홉+ 0.65 | 도달  889 | 차단 2420
Ep 823 | Step 1000 | R   338.77 | 배송 27/50 | 미활동 0 | 2홉+ 0.64 | 도달  867 | 차단 1235
Ep 824 | Step 1000 | R   222.53 | 배송 19/50 | 미활동 0 | 2홉+ 0.48 | 도달  686 | 차단 1268
Ep 825 | Step 1000 | R   184.94 | 배송 20/50 | 미활동 0 | 2홉+ 0.70 | 도달  981 | 차단 2250
Ep 826 | Step 1000 | R   278.01 | 배송 21/50 | 미활동 0 | 2홉+ 0.50 | 도달  577 | 차단 1295
Ep 827 | Step 1000 | R   234.92 | 배송 22/50 | 미활동 0 | 2홉+ 0.64 | 도달  909 | 차단 2047
Ep 828 | Step 1000 | R   203.89 | 배송 21/50 | 미활동 0 | 2홉+ 0.51 | 도달  650 | 차단 1367
Ep 829 | Step 1000 | R   150.51 | 배송 17/50 | 미활동 0 | 2홉+ 0.56 | 도달  831 | 차단 1997
Ep 830 | Step 1000 | R   271.81 | 배송 21/50 | 미활동 0 | 2홉+ 0.47 | 도달  704 | 차단 1988
Ep 831 | Step 1000 | R   339.07 | 배송 24/50 | 미활동 0 | 2홉+ 0.62 | 도달  872 | 차단 1558
Ep 832 | Step 1000 | R   197.69 | 배송 21/50 | 미활동 0 | 2홉+ 0.59 | 도달  875 | 차단 2158
Ep 833 | Step 1000 | R   387.68 | 배송 28/50 | 미활동 0 | 2홉+ 0.63 | 도달  891 | 차단 1479
Ep 834 | Step 1000 | R   223.47 | 배송 22/50 | 미활동 0 | 2홉+ 0.52 | 도달  797 | 차단 1069
Ep 835 | Step 1000 | R   221.69 | 배송 20/50 | 미활동 0 | 2홉+ 0.62 | 도달  815 | 차단 1606
Ep 836 | Step 1000 | R   217.68 | 배송 20/50 | 미활동 0 | 2홉+ 0.65 | 도달  900 | 차단 2173
Ep 837 | Step 1000 | R   365.96 | 배송 26/50 | 미활동 0 | 2홉+ 0.56 | 도달  798 | 차단 1358
Ep 838 | Step 1000 | R   308.13 | 배송 24/50 | 미활동 0 | 2홉+ 0.56 | 도달  686 | 차단 1446
Ep 839 | Step 1000 | R   285.43 | 배송 21/50 | 미활동 0 | 2홉+ 0.47 | 도달  689 | 차단  946
Ep 840 | Step 1000 | R   250.77 | 배송 22/50 | 미활동 0 | 2홉+ 0.51 | 도달  818 | 차단 1774
Ep 841 | Step 1000 | R   165.07 | 배송 20/50 | 미활동 0 | 2홉+ 0.40 | 도달  809 | 차단 1335
Ep 842 | Step 1000 | R   329.03 | 배송 26/50 | 미활동 0 | 2홉+ 0.59 | 도달  953 | 차단 1707
Ep 843 | Step 1000 | R   294.56 | 배송 23/50 | 미활동 0 | 2홉+ 0.65 | 도달  820 | 차단 1495
Ep 844 | Step 1000 | R   258.34 | 배송 22/50 | 미활동 0 | 2홉+ 0.56 | 도달  811 | 차단 1615
Ep 845 | Step 1000 | R   263.99 | 배송 23/50 | 미활동 0 | 2홉+ 0.57 | 도달  687 | 차단 1794
Ep 846 | Step 1000 | R   297.24 | 배송 26/50 | 미활동 0 | 2홉+ 0.59 | 도달  722 | 차단 1313
Ep 847 | Step 1000 | R   225.29 | 배송 22/50 | 미활동 0 | 2홉+ 0.57 | 도달  824 | 차단 1269
Ep 848 | Step 1000 | R   251.86 | 배송 22/50 | 미활동 0 | 2홉+ 0.61 | 도달  837 | 차단 1723
Ep 849 | Step 1000 | R   322.63 | 배송 25/50 | 미활동 0 | 2홉+ 0.65 | 도달  824 | 차단 1621
Ep 850 | Step 1000 | R   281.31 | 배송 21/50 | 미활동 0 | 2홉+ 0.51 | 도달  714 | 차단 1243
  [홀드아웃] 배송 12.8±4.8 미활동 0.17 2홉+ 0.63 도달 772 | 최고 12.8@ep250 | 정체 12/15
Ep 851 | Step 1000 | R   291.47 | 배송 23/50 | 미활동 0 | 2홉+ 0.67 | 도달  879 | 차단 2095
Ep 852 | Step 1000 | R   232.41 | 배송 21/50 | 미활동 0 | 2홉+ 0.68 | 도달  833 | 차단 2380
Ep 853 | Step 1000 | R   309.45 | 배송 25/50 | 미활동 0 | 2홉+ 0.68 | 도달  817 | 차단 1904
Ep 854 | Step 1000 | R   244.05 | 배송 21/50 | 미활동 0 | 2홉+ 0.47 | 도달  706 | 차단 1423
Ep 855 | Step 1000 | R   322.46 | 배송 23/50 | 미활동 0 | 2홉+ 0.67 | 도달  848 | 차단 1443
Ep 856 | Step 1000 | R   247.18 | 배송 21/50 | 미활동 0 | 2홉+ 0.61 | 도달  723 | 차단 1494
Ep 857 | Step 1000 | R   195.43 | 배송 20/50 | 미활동 0 | 2홉+ 0.52 | 도달  713 | 차단 1896
Ep 858 | Step 1000 | R   250.28 | 배송 22/50 | 미활동 0 | 2홉+ 0.57 | 도달  812 | 차단 1398
Ep 859 | Step 1000 | R   251.40 | 배송 21/50 | 미활동 0 | 2홉+ 0.50 | 도달  633 | 차단 1295
Ep 860 | Step 1000 | R   366.83 | 배송 30/50 | 미활동 0 | 2홉+ 0.65 | 도달 1074 | 차단 1722
Ep 861 | Step 1000 | R    48.74 | 배송 14/50 | 미활동 0 | 2홉+ 0.73 | 도달  807 | 차단 3379
Ep 862 | Step 1000 | R   360.36 | 배송 28/50 | 미활동 0 | 2홉+ 0.63 | 도달  928 | 차단 1309
Ep 863 | Step 1000 | R   254.36 | 배송 24/50 | 미활동 0 | 2홉+ 0.67 | 도달  899 | 차단 2074
Ep 864 | Step 1000 | R   344.65 | 배송 27/50 | 미활동 0 | 2홉+ 0.59 | 도달  842 | 차단 1362
Ep 865 | Step 1000 | R   180.67 | 배송 19/50 | 미활동 0 | 2홉+ 0.48 | 도달  768 | 차단 1931
Ep 866 | Step 1000 | R   271.37 | 배송 23/50 | 미활동 0 | 2홉+ 0.48 | 도달  725 | 차단  788
Ep 867 | Step 1000 | R   335.66 | 배송 25/50 | 미활동 0 | 2홉+ 0.66 | 도달  993 | 차단 2010
Ep 868 | Step 1000 | R   222.90 | 배송 20/50 | 미활동 0 | 2홉+ 0.59 | 도달  955 | 차단 1624
Ep 869 | Step 1000 | R   264.07 | 배송 22/50 | 미활동 0 | 2홉+ 0.52 | 도달  724 | 차단 1314
Ep 870 | Step 1000 | R   177.86 | 배송 17/50 | 미활동 0 | 2홉+ 0.63 | 도달  598 | 차단 2327
Ep 871 | Step 1000 | R   183.51 | 배송 20/50 | 미활동 0 | 2홉+ 0.40 | 도달  636 | 차단 1958
Ep 872 | Step 1000 | R   150.84 | 배송 18/50 | 미활동 0 | 2홉+ 0.42 | 도달  698 | 차단 1441
Ep 873 | Step 1000 | R   304.58 | 배송 24/50 | 미활동 0 | 2홉+ 0.61 | 도달  797 | 차단 1527
Ep 874 | Step 1000 | R   244.58 | 배송 22/50 | 미활동 0 | 2홉+ 0.54 | 도달  730 | 차단 1212
Ep 875 | Step 1000 | R   267.12 | 배송 20/50 | 미활동 0 | 2홉+ 0.46 | 도달  833 | 차단 1269
Ep 876 | Step 1000 | R   206.23 | 배송 20/50 | 미활동 0 | 2홉+ 0.67 | 도달  817 | 차단 2275
Ep 877 | Step 1000 | R   166.88 | 배송 18/50 | 미활동 0 | 2홉+ 0.38 | 도달  774 | 차단  335
Ep 878 | Step 1000 | R   251.18 | 배송 23/50 | 미활동 0 | 2홉+ 0.57 | 도달  901 | 차단 1869
Ep 879 | Step 1000 | R   201.03 | 배송 19/50 | 미활동 0 | 2홉+ 0.48 | 도달  777 | 차단 1943
Ep 880 | Step 1000 | R   212.67 | 배송 21/50 | 미활동 0 | 2홉+ 0.59 | 도달  772 | 차단 1442
Ep 881 | Step 1000 | R   249.63 | 배송 23/50 | 미활동 0 | 2홉+ 0.69 | 도달  868 | 차단 2327
Ep 882 | Step 1000 | R   369.85 | 배송 26/50 | 미활동 0 | 2홉+ 0.52 | 도달  903 | 차단  933
Ep 883 | Step 1000 | R   251.87 | 배송 21/50 | 미활동 0 | 2홉+ 0.30 | 도달  576 | 차단 1176
Ep 884 | Step 1000 | R   185.45 | 배송 18/50 | 미활동 0 | 2홉+ 0.41 | 도달  638 | 차단  905
Ep 885 | Step 1000 | R   198.43 | 배송 21/50 | 미활동 0 | 2홉+ 0.51 | 도달  686 | 차단 2297
Ep 886 | Step 1000 | R   280.66 | 배송 23/50 | 미활동 0 | 2홉+ 0.66 | 도달  851 | 차단 1962
Ep 887 | Step 1000 | R   268.67 | 배송 25/50 | 미활동 0 | 2홉+ 0.68 | 도달  999 | 차단 2162
Ep 888 | Step 1000 | R   173.71 | 배송 19/50 | 미활동 0 | 2홉+ 0.52 | 도달  825 | 차단 1732
Ep 889 | Step 1000 | R   291.83 | 배송 25/50 | 미활동 0 | 2홉+ 0.68 | 도달  979 | 차단 1487
Ep 890 | Step 1000 | R   245.42 | 배송 22/50 | 미활동 0 | 2홉+ 0.63 | 도달  898 | 차단 1867
Ep 891 | Step 1000 | R   146.45 | 배송 17/50 | 미활동 0 | 2홉+ 0.61 | 도달  698 | 차단 2642
Ep 892 | Step 1000 | R   303.60 | 배송 25/50 | 미활동 0 | 2홉+ 0.67 | 도달 1074 | 차단 2221
Ep 893 | Step 1000 | R   436.09 | 배송 29/50 | 미활동 0 | 2홉+ 0.62 | 도달  889 | 차단 1507
Ep 894 | Step 1000 | R   240.95 | 배송 21/50 | 미활동 0 | 2홉+ 0.60 | 도달 1074 | 차단 1651
Ep 895 | Step 1000 | R   264.17 | 배송 23/50 | 미활동 0 | 2홉+ 0.54 | 도달  736 | 차단 1484
Ep 896 | Step 1000 | R   262.98 | 배송 23/50 | 미활동 0 | 2홉+ 0.41 | 도달  743 | 차단 1029
Ep 897 | Step 1000 | R   235.24 | 배송 22/50 | 미활동 0 | 2홉+ 0.68 | 도달  860 | 차단 2374
Ep 898 | Step 1000 | R   206.01 | 배송 18/50 | 미활동 0 | 2홉+ 0.57 | 도달  643 | 차단 1393
Ep 899 | Step 1000 | R   160.66 | 배송 18/50 | 미활동 0 | 2홉+ 0.63 | 도달  705 | 차단 2203
Ep 900 | Step 1000 | R   174.39 | 배송 18/50 | 미활동 0 | 2홉+ 0.50 | 도달  564 | 차단 1752
  [홀드아웃] 배송 7.5±4.4 미활동 0.83 2홉+ 0.56 도달 669 | 최고 12.8@ep250 | 정체 13/15
Ep 901 | Step 1000 | R   315.37 | 배송 25/50 | 미활동 0 | 2홉+ 0.64 | 도달 1033 | 차단 1394
Ep 902 | Step 1000 | R   278.83 | 배송 25/50 | 미활동 0 | 2홉+ 0.66 | 도달  794 | 차단 1816
Ep 903 | Step 1000 | R   177.54 | 배송 19/50 | 미활동 0 | 2홉+ 0.62 | 도달  886 | 차단 1920
Ep 904 | Step 1000 | R   233.64 | 배송 21/50 | 미활동 0 | 2홉+ 0.67 | 도달  782 | 차단 1507
Ep 905 | Step 1000 | R   335.52 | 배송 24/50 | 미활동 0 | 2홉+ 0.56 | 도달  919 | 차단 2066
Ep 906 | Step 1000 | R   310.85 | 배송 25/50 | 미활동 0 | 2홉+ 0.66 | 도달  848 | 차단 1809
Ep 907 | Step 1000 | R   274.55 | 배송 23/50 | 미활동 0 | 2홉+ 0.46 | 도달  707 | 차단 1187
Ep 908 | Step 1000 | R   274.95 | 배송 22/50 | 미활동 0 | 2홉+ 0.60 | 도달  785 | 차단 1991
Ep 909 | Step 1000 | R   286.78 | 배송 26/50 | 미활동 0 | 2홉+ 0.64 | 도달 1022 | 차단 2011
Ep 910 | Step 1000 | R   218.95 | 배송 19/50 | 미활동 0 | 2홉+ 0.53 | 도달  645 | 차단 1881
Ep 911 | Step 1000 | R   353.78 | 배송 25/50 | 미활동 0 | 2홉+ 0.57 | 도달  896 | 차단 1407
Ep 912 | Step 1000 | R   248.55 | 배송 22/50 | 미활동 0 | 2홉+ 0.56 | 도달  737 | 차단 1643
Ep 913 | Step 1000 | R   319.58 | 배송 26/50 | 미활동 0 | 2홉+ 0.60 | 도달  955 | 차단 1838
Ep 914 | Step 1000 | R   243.95 | 배송 22/50 | 미활동 0 | 2홉+ 0.48 | 도달  831 | 차단 1638
Ep 915 | Step 1000 | R   324.03 | 배송 26/50 | 미활동 0 | 2홉+ 0.65 | 도달  867 | 차단 1682
Ep 916 | Step 1000 | R   338.25 | 배송 27/50 | 미활동 0 | 2홉+ 0.45 | 도달  838 | 차단 1585
Ep 917 | Step 1000 | R   234.53 | 배송 21/50 | 미활동 0 | 2홉+ 0.59 | 도달  752 | 차단 1937
Ep 918 | Step 1000 | R   294.32 | 배송 23/50 | 미활동 0 | 2홉+ 0.58 | 도달  933 | 차단 2069
Ep 919 | Step 1000 | R   337.15 | 배송 24/50 | 미활동 0 | 2홉+ 0.51 | 도달  747 | 차단 1688
Ep 920 | Step 1000 | R   361.66 | 배송 29/50 | 미활동 0 | 2홉+ 0.66 | 도달  882 | 차단 1605
Ep 921 | Step 1000 | R   389.15 | 배송 28/50 | 미활동 0 | 2홉+ 0.59 | 도달  857 | 차단 1746
Ep 922 | Step 1000 | R   171.95 | 배송 19/50 | 미활동 0 | 2홉+ 0.70 | 도달  783 | 차단 2597
Ep 923 | Step 1000 | R   149.03 | 배송 18/50 | 미활동 0 | 2홉+ 0.69 | 도달  902 | 차단 2464
Ep 924 | Step 1000 | R   268.78 | 배송 22/50 | 미활동 0 | 2홉+ 0.62 | 도달  716 | 차단  676
Ep 925 | Step 1000 | R   288.77 | 배송 25/50 | 미활동 0 | 2홉+ 0.57 | 도달  832 | 차단 1449
Ep 926 | Step 1000 | R   244.89 | 배송 22/50 | 미활동 0 | 2홉+ 0.58 | 도달  862 | 차단 1424
Ep 927 | Step 1000 | R    98.77 | 배송 17/50 | 미활동 0 | 2홉+ 0.59 | 도달  882 | 차단 2710
Ep 928 | Step 1000 | R   113.57 | 배송 17/50 | 미활동 0 | 2홉+ 0.52 | 도달  646 | 차단 2665
Ep 929 | Step 1000 | R   203.57 | 배송 21/50 | 미활동 0 | 2홉+ 0.46 | 도달  806 | 차단 1684
Ep 930 | Step 1000 | R   148.91 | 배송 17/50 | 미활동 0 | 2홉+ 0.68 | 도달  806 | 차단 2278
Ep 931 | Step 1000 | R   273.38 | 배송 22/50 | 미활동 0 | 2홉+ 0.60 | 도달  814 | 차단 2162
Ep 932 | Step 1000 | R   243.35 | 배송 23/50 | 미활동 0 | 2홉+ 0.67 | 도달  832 | 차단 1494
Ep 933 | Step 1000 | R   257.74 | 배송 24/50 | 미활동 0 | 2홉+ 0.65 | 도달  872 | 차단 2063
Ep 934 | Step 1000 | R   391.02 | 배송 28/50 | 미활동 0 | 2홉+ 0.58 | 도달  809 | 차단 1417
Ep 935 | Step 1000 | R   260.06 | 배송 24/50 | 미활동 0 | 2홉+ 0.68 | 도달 1026 | 차단 2174
Ep 936 | Step 1000 | R   281.48 | 배송 24/50 | 미활동 0 | 2홉+ 0.59 | 도달  805 | 차단 1605
Ep 937 | Step 1000 | R   259.88 | 배송 19/50 | 미활동 0 | 2홉+ 0.49 | 도달  685 | 차단 1493
Ep 938 | Step 1000 | R   329.53 | 배송 25/50 | 미활동 0 | 2홉+ 0.59 | 도달  932 | 차단 1529
Ep 939 | Step 1000 | R    82.20 | 배송 16/50 | 미활동 0 | 2홉+ 0.72 | 도달  866 | 차단 3059
Ep 940 | Step 1000 | R   342.94 | 배송 27/50 | 미활동 0 | 2홉+ 0.61 | 도달  708 | 차단 1378
Ep 941 | Step 1000 | R   307.44 | 배송 25/50 | 미활동 0 | 2홉+ 0.67 | 도달  978 | 차단 2007
Ep 942 | Step 1000 | R   176.57 | 배송 19/50 | 미활동 0 | 2홉+ 0.56 | 도달  784 | 차단 2078
Ep 943 | Step 1000 | R    99.58 | 배송 19/50 | 미활동 0 | 2홉+ 0.66 | 도달  632 | 차단 2772
Ep 944 | Step 1000 | R   240.28 | 배송 19/50 | 미활동 0 | 2홉+ 0.63 | 도달  732 | 차단 2220
Ep 945 | Step 1000 | R   293.12 | 배송 24/50 | 미활동 0 | 2홉+ 0.54 | 도달  776 | 차단  642
Ep 946 | Step 1000 | R   285.77 | 배송 22/50 | 미활동 0 | 2홉+ 0.44 | 도달  753 | 차단 1414
Ep 947 | Step 1000 | R   164.94 | 배송 18/50 | 미활동 0 | 2홉+ 0.40 | 도달  579 | 차단 2358
Ep 948 | Step 1000 | R   379.60 | 배송 27/50 | 미활동 0 | 2홉+ 0.47 | 도달  865 | 차단 1224
Ep 949 | Step 1000 | R   301.04 | 배송 27/50 | 미활동 0 | 2홉+ 0.58 | 도달  841 | 차단 1631
Ep 950 | Step 1000 | R   221.88 | 배송 18/50 | 미활동 0 | 2홉+ 0.42 | 도달  669 | 차단 1211
  [홀드아웃] 배송 12.0±7.2 미활동 0.33 2홉+ 0.65 도달 711 | 최고 12.8@ep250 | 정체 14/15
Ep 951 | Step 1000 | R   274.78 | 배송 24/50 | 미활동 0 | 2홉+ 0.60 | 도달  775 | 차단 1674
Ep 952 | Step 1000 | R   228.97 | 배송 20/50 | 미활동 0 | 2홉+ 0.63 | 도달  726 | 차단 2069
Ep 953 | Step 1000 | R   280.87 | 배송 25/50 | 미활동 0 | 2홉+ 0.70 | 도달 1008 | 차단 1787
Ep 954 | Step 1000 | R   198.05 | 배송 19/50 | 미활동 0 | 2홉+ 0.41 | 도달  663 | 차단 1141
Ep 955 | Step 1000 | R   367.01 | 배송 30/50 | 미활동 0 | 2홉+ 0.68 | 도달  899 | 차단 1693
Ep 956 | Step 1000 | R    46.42 | 배송 12/50 | 미활동 0 | 2홉+ 0.56 | 도달  830 | 차단 3052
Ep 957 | Step 1000 | R   144.22 | 배송 18/50 | 미활동 0 | 2홉+ 0.50 | 도달  639 | 차단 2876
Ep 958 | Step 1000 | R   355.50 | 배송 26/50 | 미활동 0 | 2홉+ 0.65 | 도달  970 | 차단 1893
Ep 959 | Step 1000 | R   202.54 | 배송 22/50 | 미활동 0 | 2홉+ 0.68 | 도달  792 | 차단 2528
Ep 960 | Step 1000 | R   347.59 | 배송 27/50 | 미활동 0 | 2홉+ 0.68 | 도달  921 | 차단 1610
Ep 961 | Step 1000 | R   227.43 | 배송 21/50 | 미활동 0 | 2홉+ 0.65 | 도달  884 | 차단 2393
Ep 962 | Step 1000 | R   293.09 | 배송 25/50 | 미활동 0 | 2홉+ 0.66 | 도달  921 | 차단 1799
Ep 963 | Step 1000 | R   260.31 | 배송 21/50 | 미활동 0 | 2홉+ 0.69 | 도달  874 | 차단 2203
Ep 964 | Step 1000 | R   236.73 | 배송 21/50 | 미활동 0 | 2홉+ 0.57 | 도달  818 | 차단 2103
Ep 965 | Step 1000 | R   332.75 | 배송 26/50 | 미활동 0 | 2홉+ 0.64 | 도달  754 | 차단 1454
Ep 966 | Step 1000 | R   439.86 | 배송 29/50 | 미활동 0 | 2홉+ 0.55 | 도달  825 | 차단 1099
Ep 967 | Step 1000 | R   249.85 | 배송 20/50 | 미활동 0 | 2홉+ 0.69 | 도달  976 | 차단 2241
Ep 968 | Step 1000 | R   273.56 | 배송 24/50 | 미활동 0 | 2홉+ 0.67 | 도달  953 | 차단 1698
Ep 969 | Step 1000 | R   264.62 | 배송 24/50 | 미활동 0 | 2홉+ 0.45 | 도달  740 | 차단 1706
Ep 970 | Step 1000 | R   182.64 | 배송 21/50 | 미활동 0 | 2홉+ 0.55 | 도달  782 | 차단 2030
Ep 971 | Step 1000 | R   245.80 | 배송 20/50 | 미활동 0 | 2홉+ 0.65 | 도달  887 | 차단 2364
Ep 972 | Step 1000 | R   246.42 | 배송 21/50 | 미활동 0 | 2홉+ 0.45 | 도달  823 | 차단 1330
Ep 973 | Step 1000 | R   192.10 | 배송 20/50 | 미활동 0 | 2홉+ 0.61 | 도달  982 | 차단 2141
Ep 974 | Step 1000 | R   227.08 | 배송 20/50 | 미활동 0 | 2홉+ 0.69 | 도달  805 | 차단 1567
Ep 975 | Step 1000 | R   351.80 | 배송 26/50 | 미활동 0 | 2홉+ 0.68 | 도달  943 | 차단 2018
Ep 976 | Step 1000 | R   315.88 | 배송 25/50 | 미활동 0 | 2홉+ 0.63 | 도달  901 | 차단 1699
Ep 977 | Step 1000 | R   273.50 | 배송 22/50 | 미활동 0 | 2홉+ 0.60 | 도달  807 | 차단 2215
Ep 978 | Step 1000 | R   340.15 | 배송 26/50 | 미활동 0 | 2홉+ 0.47 | 도달  728 | 차단 1198
Ep 979 | Step 1000 | R   324.85 | 배송 26/50 | 미활동 0 | 2홉+ 0.61 | 도달  830 | 차단 1566
Ep 980 | Step 1000 | R   157.65 | 배송 18/50 | 미활동 0 | 2홉+ 0.58 | 도달  712 | 차단 2187
Ep 981 | Step 1000 | R   211.67 | 배송 19/50 | 미활동 0 | 2홉+ 0.54 | 도달  826 | 차단 1865
Ep 982 | Step 1000 | R   324.53 | 배송 24/50 | 미활동 0 | 2홉+ 0.53 | 도달  739 | 차단  837
Ep 983 | Step 1000 | R   229.00 | 배송 22/50 | 미활동 0 | 2홉+ 0.67 | 도달  879 | 차단 2479
Ep 984 | Step 1000 | R   259.18 | 배송 24/50 | 미활동 0 | 2홉+ 0.72 | 도달  884 | 차단 2230
Ep 985 | Step 1000 | R   272.34 | 배송 24/50 | 미활동 0 | 2홉+ 0.43 | 도달  837 | 차단 1379
Ep 986 | Step 1000 | R   244.23 | 배송 21/50 | 미활동 0 | 2홉+ 0.50 | 도달  755 | 차단 1729
Ep 987 | Step 1000 | R   224.64 | 배송 21/50 | 미활동 0 | 2홉+ 0.67 | 도달  779 | 차단 2295
Ep 988 | Step 1000 | R   232.95 | 배송 21/50 | 미활동 0 | 2홉+ 0.53 | 도달  814 | 차단 2224
Ep 989 | Step 1000 | R   276.11 | 배송 23/50 | 미활동 0 | 2홉+ 0.64 | 도달  913 | 차단 2448
Ep 990 | Step 1000 | R   268.33 | 배송 22/50 | 미활동 0 | 2홉+ 0.50 | 도달  729 | 차단  841
Ep 991 | Step 1000 | R   338.99 | 배송 27/50 | 미활동 0 | 2홉+ 0.59 | 도달  791 | 차단 1598
Ep 992 | Step 1000 | R   180.17 | 배송 18/50 | 미활동 0 | 2홉+ 0.50 | 도달  651 | 차단 1153
Ep 993 | Step 1000 | R   411.93 | 배송 27/50 | 미활동 0 | 2홉+ 0.56 | 도달  739 | 차단 1627
Ep 994 | Step 1000 | R   279.43 | 배송 24/50 | 미활동 0 | 2홉+ 0.48 | 도달  798 | 차단 1894
Ep 995 | Step 1000 | R   384.16 | 배송 27/50 | 미활동 0 | 2홉+ 0.66 | 도달  718 | 차단 1450
Ep 996 | Step 1000 | R   181.38 | 배송 18/50 | 미활동 0 | 2홉+ 0.63 | 도달  661 | 차단  836
Ep 997 | Step 1000 | R   311.80 | 배송 25/50 | 미활동 0 | 2홉+ 0.54 | 도달  805 | 차단 1681
Ep 998 | Step 1000 | R   160.76 | 배송 19/50 | 미활동 0 | 2홉+ 0.67 | 도달  884 | 차단 2737
Ep 999 | Step 1000 | R   424.20 | 배송 30/50 | 미활동 0 | 2홉+ 0.59 | 도달  979 | 차단 1189
Ep 1000 | Step 1000 | R   214.11 | 배송 20/50 | 미활동 0 | 2홉+ 0.62 | 도달  857 | 차단 2243
  [홀드아웃] 배송 8.8±4.2 미활동 0.50 2홉+ 0.68 도달 707 | 최고 12.8@ep250 | 정체 15/15

조기 종료: 15회 연속 개선 없음. 최고 정책은 ep250 (홀드아웃 배송 12.8/50), /home/kopt/drone/weights/v2_26_08_25_14_c300s_vec/best_actor.pth
Training finished. best=12.8 @ ep250
