/home/kopt/enter/envs/wsl_neuroMCTS/lib/python3.10/site-packages/pygame/pkgdata.py:25: UserWarning: pkg_resources is deprecated as an API. See https://setuptools.pypa.io/en/latest/pkg_resources.html. The pkg_resources package is slated for removal as early as 2025-11-30. Refrain from using this package or pin to Setuptools<81.
  from pkg_resources import resource_stream, resource_exists
pygame 2.6.1 (SDL 2.28.4, Python 3.10.19)
Hello from the pygame community. https://www.pygame.org/contribute.html
단계=manager 장치=cuda 반경=300.0 상위주기=10
worker_obs=16 manager_obs=40 state=66 상위행동=7
하위 가중치 로드: weights/v3_26_08_31_19_w_nocl/best_worker.pth
Ep 1 | 배송 20/50 | 재적재 0 | 도착  12 | 2홉+ 0.69 | 도달  707 | 차단  517
Ep 2 | 배송 20/50 | 재적재 0 | 도착   5 | 2홉+ 0.49 | 도달  702 | 차단  166
Ep 3 | 배송 23/50 | 재적재 1 | 도착   7 | 2홉+ 0.62 | 도달  697 | 차단  421
Ep 4 | 배송 20/50 | 재적재 0 | 도착   9 | 2홉+ 0.56 | 도달  731 | 차단  314
Ep 5 | 배송 20/50 | 재적재 0 | 도착   9 | 2홉+ 0.63 | 도달  969 | 차단  700
Ep 6 | 배송 30/50 | 재적재 3 | 도착  22 | 2홉+ 0.62 | 도달  893 | 차단  452
Ep 7 | 배송 20/50 | 재적재 0 | 도착  12 | 2홉+ 0.60 | 도달  667 | 차단  285
Ep 8 | 배송 23/50 | 재적재 2 | 도착  19 | 2홉+ 0.63 | 도달 1074 | 차단 1731
Ep 9 | 배송 29/50 | 재적재 4 | 도착  28 | 2홉+ 0.56 | 도달  691 | 차단  288
Ep 10 | 배송 32/50 | 재적재 5 | 도착  31 | 2홉+ 0.63 | 도달  792 | 차단  530
Ep 11 | 배송 26/50 | 재적재 2 | 도착  25 | 2홉+ 0.62 | 도달  797 | 차단  556
Ep 12 | 배송 23/50 | 재적재 3 | 도착  19 | 2홉+ 0.49 | 도달  689 | 차단  208
Ep 13 | 배송 29/50 | 재적재 4 | 도착  22 | 2홉+ 0.58 | 도달  788 | 차단  541
Ep 14 | 배송 30/50 | 재적재 4 | 도착  24 | 2홉+ 0.58 | 도달  751 | 차단  284
Ep 15 | 배송 28/50 | 재적재 3 | 도착  20 | 2홉+ 0.53 | 도달  766 | 차단  390
Ep 16 | 배송 33/50 | 재적재 4 | 도착  19 | 2홉+ 0.63 | 도달  800 | 차단  853
Ep 17 | 배송 26/50 | 재적재 3 | 도착  24 | 2홉+ 0.58 | 도달  732 | 차단  442
Ep 18 | 배송 21/50 | 재적재 1 | 도착  11 | 2홉+ 0.62 | 도달  774 | 차단  433
Ep 19 | 배송 32/50 | 재적재 4 | 도착  21 | 2홉+ 0.64 | 도달  725 | 차단  383
Ep 20 | 배송 25/50 | 재적재 3 | 도착  15 | 2홉+ 0.64 | 도달  657 | 차단  258
Ep 21 | 배송 27/50 | 재적재 3 | 도착  27 | 2홉+ 0.64 | 도달  774 | 차단  496
Ep 22 | 배송 29/50 | 재적재 3 | 도착  15 | 2홉+ 0.59 | 도달  791 | 차단  260
Ep 23 | 배송 25/50 | 재적재 3 | 도착  13 | 2홉+ 0.67 | 도달 1028 | 차단  634
Ep 24 | 배송 26/50 | 재적재 3 | 도착  14 | 2홉+ 0.65 | 도달  785 | 차단  528
Ep 25 | 배송 27/50 | 재적재 5 | 도착  14 | 2홉+ 0.61 | 도달  897 | 차단  464
Ep 26 | 배송 30/50 | 재적재 5 | 도착  20 | 2홉+ 0.58 | 도달  976 | 차단  334
Ep 27 | 배송 28/50 | 재적재 5 | 도착  15 | 2홉+ 0.60 | 도달  777 | 차단  592
Ep 28 | 배송 32/50 | 재적재 3 | 도착  17 | 2홉+ 0.59 | 도달  873 | 차단  344
Ep 29 | 배송 24/50 | 재적재 2 | 도착  14 | 2홉+ 0.61 | 도달 1007 | 차단  494
Ep 30 | 배송 29/50 | 재적재 3 | 도착  14 | 2홉+ 0.66 | 도달  833 | 차단  405
Ep 31 | 배송 27/50 | 재적재 2 | 도착  17 | 2홉+ 0.62 | 도달  771 | 차단  337
Ep 32 | 배송 27/50 | 재적재 5 | 도착  22 | 2홉+ 0.59 | 도달  986 | 차단  473
Ep 33 | 배송 25/50 | 재적재 4 | 도착  14 | 2홉+ 0.62 | 도달  721 | 차단  423
Ep 34 | 배송 25/50 | 재적재 1 | 도착  10 | 2홉+ 0.67 | 도달 1064 | 차단 1372
Ep 35 | 배송 30/50 | 재적재 2 | 도착  14 | 2홉+ 0.65 | 도달  909 | 차단  382
Ep 36 | 배송 27/50 | 재적재 2 | 도착  14 | 2홉+ 0.59 | 도달  889 | 차단  518
Ep 37 | 배송 25/50 | 재적재 3 | 도착  11 | 2홉+ 0.58 | 도달  796 | 차단  383
Ep 38 | 배송 23/50 | 재적재 1 | 도착  11 | 2홉+ 0.58 | 도달  959 | 차단  283
Ep 39 | 배송 24/50 | 재적재 3 | 도착  12 | 2홉+ 0.60 | 도달  729 | 차단  394
Ep 40 | 배송 25/50 | 재적재 3 | 도착  12 | 2홉+ 0.61 | 도달  729 | 차단  150
Ep 41 | 배송 30/50 | 재적재 5 | 도착  15 | 2홉+ 0.60 | 도달  764 | 차단  394
Ep 42 | 배송 27/50 | 재적재 4 | 도착  14 | 2홉+ 0.61 | 도달  801 | 차단  326
Ep 43 | 배송 32/50 | 재적재 4 | 도착  28 | 2홉+ 0.57 | 도달  970 | 차단  567
Ep 44 | 배송 29/50 | 재적재 3 | 도착  15 | 2홉+ 0.63 | 도달  817 | 차단  408
Ep 45 | 배송 27/50 | 재적재 4 | 도착  17 | 2홉+ 0.62 | 도달  732 | 차단  339
Ep 46 | 배송 24/50 | 재적재 2 | 도착  14 | 2홉+ 0.63 | 도달  916 | 차단  492
Ep 47 | 배송 34/50 | 재적재 5 | 도착  17 | 2홉+ 0.62 | 도달  766 | 차단  382
Ep 48 | 배송 26/50 | 재적재 3 | 도착  13 | 2홉+ 0.58 | 도달  886 | 차단  453
Ep 49 | 배송 29/50 | 재적재 2 | 도착  13 | 2홉+ 0.62 | 도달  817 | 차단  479
Ep 50 | 배송 30/50 | 재적재 3 | 도착  15 | 2홉+ 0.63 | 도달  910 | 차단  527
  [홀드아웃] 배송 22.5±5.3 재적재 1.6 2홉+ 0.58 | 최고 22.5@ep50 정체 0/15  ← 갱신
Ep 51 | 배송 30/50 | 재적재 3 | 도착  17 | 2홉+ 0.66 | 도달  920 | 차단  401
Ep 52 | 배송 16/50 | 재적재 0 | 도착   7 | 2홉+ 0.71 | 도달  989 | 차단 1677
Ep 53 | 배송 27/50 | 재적재 3 | 도착  21 | 2홉+ 0.56 | 도달  795 | 차단  363
Ep 54 | 배송 19/50 | 재적재 0 | 도착   9 | 2홉+ 0.60 | 도달  747 | 차단  602
Ep 55 | 배송 30/50 | 재적재 3 | 도착  14 | 2홉+ 0.64 | 도달 1065 | 차단 1029
Ep 56 | 배송 28/50 | 재적재 3 | 도착  12 | 2홉+ 0.58 | 도달  786 | 차단  439
Ep 57 | 배송 27/50 | 재적재 3 | 도착  12 | 2홉+ 0.63 | 도달  759 | 차단  724
Ep 58 | 배송 31/50 | 재적재 4 | 도착  21 | 2홉+ 0.64 | 도달  961 | 차단  563
Ep 59 | 배송 30/50 | 재적재 4 | 도착  22 | 2홉+ 0.66 | 도달  890 | 차단  556
Ep 60 | 배송 28/50 | 재적재 2 | 도착  13 | 2홉+ 0.59 | 도달  812 | 차단  374
Ep 61 | 배송 26/50 | 재적재 3 | 도착  13 | 2홉+ 0.58 | 도달  706 | 차단  529
Ep 62 | 배송 31/50 | 재적재 5 | 도착  13 | 2홉+ 0.63 | 도달  773 | 차단  442
Ep 63 | 배송 28/50 | 재적재 2 | 도착   9 | 2홉+ 0.66 | 도달  798 | 차단  352
Ep 64 | 배송 30/50 | 재적재 5 | 도착  14 | 2홉+ 0.63 | 도달  897 | 차단  378
Ep 65 | 배송 31/50 | 재적재 4 | 도착  33 | 2홉+ 0.57 | 도달  780 | 차단  426
Ep 66 | 배송 27/50 | 재적재 3 | 도착  16 | 2홉+ 0.65 | 도달  996 | 차단  457
Ep 67 | 배송 25/50 | 재적재 3 | 도착  16 | 2홉+ 0.66 | 도달  755 | 차단  391
Ep 68 | 배송 22/50 | 재적재 3 | 도착  19 | 2홉+ 0.53 | 도달  752 | 차단  417
Ep 69 | 배송 28/50 | 재적재 4 | 도착  16 | 2홉+ 0.52 | 도달  831 | 차단  383
Ep 70 | 배송 30/50 | 재적재 5 | 도착  22 | 2홉+ 0.60 | 도달  743 | 차단  293
Ep 71 | 배송 24/50 | 재적재 3 | 도착  13 | 2홉+ 0.58 | 도달  620 | 차단  238
Ep 72 | 배송 27/50 | 재적재 4 | 도착  17 | 2홉+ 0.55 | 도달  927 | 차단  259
Ep 73 | 배송 27/50 | 재적재 2 | 도착  13 | 2홉+ 0.58 | 도달  754 | 차단  262
Ep 74 | 배송 25/50 | 재적재 2 | 도착  11 | 2홉+ 0.59 | 도달  678 | 차단  499
Ep 75 | 배송 27/50 | 재적재 3 | 도착  12 | 2홉+ 0.62 | 도달  951 | 차단  674
Ep 76 | 배송 28/50 | 재적재 3 | 도착  17 | 2홉+ 0.58 | 도달  798 | 차단  443
Ep 77 | 배송 29/50 | 재적재 3 | 도착  12 | 2홉+ 0.64 | 도달  853 | 차단  585
Ep 78 | 배송 27/50 | 재적재 3 | 도착  22 | 2홉+ 0.53 | 도달  770 | 차단  434
Ep 79 | 배송 27/50 | 재적재 3 | 도착  11 | 2홉+ 0.53 | 도달  779 | 차단  261
Ep 80 | 배송 24/50 | 재적재 2 | 도착  10 | 2홉+ 0.55 | 도달  737 | 차단  157
Ep 81 | 배송 28/50 | 재적재 2 | 도착   8 | 2홉+ 0.61 | 도달  960 | 차단  787
Ep 82 | 배송 23/50 | 재적재 2 | 도착   8 | 2홉+ 0.57 | 도달  742 | 차단  231
Ep 83 | 배송 20/50 | 재적재 2 | 도착  12 | 2홉+ 0.67 | 도달 1052 | 차단 1130
Ep 84 | 배송 25/50 | 재적재 3 | 도착  12 | 2홉+ 0.54 | 도달  816 | 차단  350
Ep 85 | 배송 29/50 | 재적재 3 | 도착  10 | 2홉+ 0.64 | 도달  868 | 차단  323
Ep 86 | 배송 21/50 | 재적재 3 | 도착  12 | 2홉+ 0.60 | 도달  718 | 차단  318
Ep 87 | 배송 27/50 | 재적재 4 | 도착  14 | 2홉+ 0.53 | 도달  860 | 차단  301
Ep 88 | 배송 20/50 | 재적재 0 | 도착   9 | 2홉+ 0.64 | 도달  771 | 차단  437
Ep 89 | 배송 31/50 | 재적재 3 | 도착  15 | 2홉+ 0.65 | 도달  874 | 차단  313
Ep 90 | 배송 25/50 | 재적재 2 | 도착  10 | 2홉+ 0.61 | 도달  723 | 차단  505
Ep 91 | 배송 27/50 | 재적재 3 | 도착  13 | 2홉+ 0.64 | 도달  861 | 차단  443
Ep 92 | 배송 27/50 | 재적재 4 | 도착  14 | 2홉+ 0.59 | 도달  664 | 차단  212
Ep 93 | 배송 29/50 | 재적재 4 | 도착  11 | 2홉+ 0.57 | 도달  818 | 차단  266
Ep 94 | 배송 30/50 | 재적재 3 | 도착  11 | 2홉+ 0.60 | 도달  767 | 차단  380
Ep 95 | 배송 33/50 | 재적재 4 | 도착  15 | 2홉+ 0.64 | 도달 1012 | 차단 1071
Ep 96 | 배송 28/50 | 재적재 4 | 도착   9 | 2홉+ 0.62 | 도달  828 | 차단  219
Ep 97 | 배송 27/50 | 재적재 3 | 도착   7 | 2홉+ 0.61 | 도달  762 | 차단  335
Ep 98 | 배송 25/50 | 재적재 3 | 도착  15 | 2홉+ 0.60 | 도달  718 | 차단  317
Ep 99 | 배송 25/50 | 재적재 3 | 도착  11 | 2홉+ 0.60 | 도달  781 | 차단  250
Ep 100 | 배송 19/50 | 재적재 2 | 도착   8 | 2홉+ 0.55 | 도달  713 | 차단  393
  [홀드아웃] 배송 24.0±5.7 재적재 2.3 2홉+ 0.59 | 최고 24.0@ep100 정체 0/15  ← 갱신
Ep 101 | 배송 29/50 | 재적재 3 | 도착  14 | 2홉+ 0.62 | 도달  846 | 차단  421
Ep 102 | 배송 29/50 | 재적재 4 | 도착  17 | 2홉+ 0.62 | 도달  795 | 차단  507
Ep 103 | 배송 30/50 | 재적재 4 | 도착  15 | 2홉+ 0.61 | 도달  754 | 차단  439
Ep 104 | 배송 27/50 | 재적재 3 | 도착  11 | 2홉+ 0.60 | 도달  788 | 차단  252
Ep 105 | 배송 20/50 | 재적재 0 | 도착   7 | 2홉+ 0.65 | 도달  721 | 차단  505
Ep 106 | 배송 24/50 | 재적재 2 | 도착  11 | 2홉+ 0.57 | 도달  762 | 차단  534
Ep 107 | 배송 28/50 | 재적재 4 | 도착  12 | 2홉+ 0.61 | 도달  732 | 차단  315
Ep 108 | 배송 36/50 | 재적재 4 | 도착  17 | 2홉+ 0.63 | 도달  963 | 차단  532
Ep 109 | 배송 30/50 | 재적재 3 | 도착  13 | 2홉+ 0.64 | 도달  900 | 차단  683
Ep 110 | 배송 28/50 | 재적재 4 | 도착  12 | 2홉+ 0.63 | 도달  786 | 차단  506
Ep 111 | 배송 28/50 | 재적재 3 | 도착  14 | 2홉+ 0.64 | 도달  968 | 차단  431
Ep 112 | 배송 27/50 | 재적재 3 | 도착   8 | 2홉+ 0.60 | 도달  941 | 차단  533
Ep 113 | 배송 31/50 | 재적재 4 | 도착  14 | 2홉+ 0.64 | 도달  854 | 차단  306
Ep 114 | 배송 27/50 | 재적재 3 | 도착  11 | 2홉+ 0.60 | 도달  782 | 차단  265
Ep 115 | 배송 25/50 | 재적재 2 | 도착  10 | 2홉+ 0.64 | 도달  794 | 차단  429
Ep 116 | 배송 24/50 | 재적재 3 | 도착  12 | 2홉+ 0.60 | 도달  762 | 차단  391
Ep 117 | 배송 30/50 | 재적재 5 | 도착  10 | 2홉+ 0.61 | 도달  970 | 차단  518
Ep 118 | 배송 27/50 | 재적재 2 | 도착  12 | 2홉+ 0.68 | 도달 1074 | 차단  975
Ep 119 | 배송 24/50 | 재적재 2 | 도착  12 | 2홉+ 0.61 | 도달 1023 | 차단  663
Ep 120 | 배송 23/50 | 재적재 3 | 도착   8 | 2홉+ 0.53 | 도달  651 | 차단  344
Ep 121 | 배송 22/50 | 재적재 4 | 도착  13 | 2홉+ 0.61 | 도달  821 | 차단  552
Ep 122 | 배송 28/50 | 재적재 3 | 도착  13 | 2홉+ 0.63 | 도달  820 | 차단  372
Ep 123 | 배송 30/50 | 재적재 4 | 도착  10 | 2홉+ 0.57 | 도달  878 | 차단  446
Ep 124 | 배송 29/50 | 재적재 4 | 도착  14 | 2홉+ 0.64 | 도달  729 | 차단  486
Ep 125 | 배송 29/50 | 재적재 4 | 도착  13 | 2홉+ 0.60 | 도달  899 | 차단  428
Ep 126 | 배송 25/50 | 재적재 3 | 도착  12 | 2홉+ 0.57 | 도달  673 | 차단  276
Ep 127 | 배송 17/50 | 재적재 0 | 도착   7 | 2홉+ 0.71 | 도달 1041 | 차단 2687
Ep 128 | 배송 22/50 | 재적재 2 | 도착  11 | 2홉+ 0.56 | 도달  743 | 차단  117
Ep 129 | 배송 27/50 | 재적재 3 | 도착  12 | 2홉+ 0.61 | 도달  767 | 차단  444
Ep 130 | 배송 31/50 | 재적재 4 | 도착  17 | 2홉+ 0.61 | 도달  869 | 차단  436
Ep 131 | 배송 32/50 | 재적재 4 | 도착  16 | 2홉+ 0.61 | 도달  740 | 차단  378
Ep 132 | 배송 27/50 | 재적재 3 | 도착  15 | 2홉+ 0.64 | 도달  941 | 차단  690
Ep 133 | 배송 30/50 | 재적재 4 | 도착   9 | 2홉+ 0.61 | 도달  852 | 차단  388
Ep 134 | 배송 26/50 | 재적재 2 | 도착  14 | 2홉+ 0.64 | 도달  824 | 차단  611
Ep 135 | 배송 30/50 | 재적재 4 | 도착  14 | 2홉+ 0.64 | 도달  869 | 차단  320
Ep 136 | 배송 34/50 | 재적재 4 | 도착  14 | 2홉+ 0.58 | 도달  850 | 차단  410
Ep 137 | 배송 30/50 | 재적재 5 | 도착  17 | 2홉+ 0.58 | 도달  821 | 차단  389
Ep 138 | 배송 30/50 | 재적재 4 | 도착  18 | 2홉+ 0.65 | 도달  867 | 차단  670
Ep 139 | 배송 28/50 | 재적재 3 | 도착  12 | 2홉+ 0.55 | 도달  964 | 차단  559
Ep 140 | 배송 24/50 | 재적재 3 | 도착  12 | 2홉+ 0.58 | 도달  703 | 차단  277
Ep 141 | 배송 28/50 | 재적재 4 | 도착  13 | 2홉+ 0.58 | 도달  845 | 차단  209
Ep 142 | 배송 29/50 | 재적재 3 | 도착  12 | 2홉+ 0.62 | 도달  838 | 차단  567
Ep 143 | 배송 25/50 | 재적재 2 | 도착   7 | 2홉+ 0.61 | 도달  633 | 차단  339
Ep 144 | 배송 14/50 | 재적재 0 | 도착   3 | 2홉+ 0.71 | 도달  952 | 차단 2086
Ep 145 | 배송 29/50 | 재적재 3 | 도착  17 | 2홉+ 0.60 | 도달  903 | 차단  477
Ep 146 | 배송 31/50 | 재적재 5 | 도착  17 | 2홉+ 0.61 | 도달  853 | 차단  438
Ep 147 | 배송 28/50 | 재적재 3 | 도착  11 | 2홉+ 0.63 | 도달 1015 | 차단  791
Ep 148 | 배송 21/50 | 재적재 3 | 도착   9 | 2홉+ 0.62 | 도달  983 | 차단  794
Ep 149 | 배송 28/50 | 재적재 2 | 도착   7 | 2홉+ 0.65 | 도달  835 | 차단  424
Ep 150 | 배송 25/50 | 재적재 4 | 도착  11 | 2홉+ 0.63 | 도달  787 | 차단  632
  [홀드아웃] 배송 18.4±8.1 재적재 1.7 2홉+ 0.66 | 최고 24.0@ep100 정체 1/15
Ep 151 | 배송 23/50 | 재적재 2 | 도착   8 | 2홉+ 0.66 | 도달  758 | 차단  792
Ep 152 | 배송 27/50 | 재적재 2 | 도착   5 | 2홉+ 0.62 | 도달  961 | 차단  787
Ep 153 | 배송 28/50 | 재적재 4 | 도착   6 | 2홉+ 0.60 | 도달  800 | 차단  337
Ep 154 | 배송 29/50 | 재적재 3 | 도착  14 | 2홉+ 0.56 | 도달  986 | 차단  523
Ep 155 | 배송 27/50 | 재적재 3 | 도착  13 | 2홉+ 0.59 | 도달  879 | 차단  291
Ep 156 | 배송 34/50 | 재적재 4 | 도착  15 | 2홉+ 0.62 | 도달  824 | 차단  536
Ep 157 | 배송 32/50 | 재적재 4 | 도착  11 | 2홉+ 0.65 | 도달  923 | 차단  690
Ep 158 | 배송 28/50 | 재적재 4 | 도착  12 | 2홉+ 0.64 | 도달  846 | 차단  490
Ep 159 | 배송 25/50 | 재적재 4 | 도착   9 | 2홉+ 0.58 | 도달  815 | 차단  352
Ep 160 | 배송 28/50 | 재적재 3 | 도착  11 | 2홉+ 0.63 | 도달  860 | 차단  527
Ep 161 | 배송 33/50 | 재적재 5 | 도착  15 | 2홉+ 0.63 | 도달  810 | 차단  418
Ep 162 | 배송 23/50 | 재적재 2 | 도착   6 | 2홉+ 0.58 | 도달  756 | 차단  281
Ep 163 | 배송 25/50 | 재적재 3 | 도착  13 | 2홉+ 0.55 | 도달  694 | 차단  256
Ep 164 | 배송 23/50 | 재적재 2 | 도착   7 | 2홉+ 0.64 | 도달 1011 | 차단  906
Ep 165 | 배송 28/50 | 재적재 2 | 도착   7 | 2홉+ 0.62 | 도달  804 | 차단  367
Ep 166 | 배송 26/50 | 재적재 3 | 도착   9 | 2홉+ 0.61 | 도달  776 | 차단  232
Ep 167 | 배송 28/50 | 재적재 4 | 도착  11 | 2홉+ 0.56 | 도달  772 | 차단  396
Ep 168 | 배송 26/50 | 재적재 4 | 도착  10 | 2홉+ 0.60 | 도달  958 | 차단  685
Ep 169 | 배송 26/50 | 재적재 3 | 도착  12 | 2홉+ 0.53 | 도달  756 | 차단  275
Ep 170 | 배송 29/50 | 재적재 4 | 도착  12 | 2홉+ 0.66 | 도달  793 | 차단  617
Ep 171 | 배송 25/50 | 재적재 3 | 도착  14 | 2홉+ 0.64 | 도달  735 | 차단  431
Ep 172 | 배송 27/50 | 재적재 3 | 도착  10 | 2홉+ 0.66 | 도달 1038 | 차단  930
Ep 173 | 배송 28/50 | 재적재 3 | 도착   8 | 2홉+ 0.63 | 도달  974 | 차단  382
Ep 174 | 배송 27/50 | 재적재 3 | 도착  11 | 2홉+ 0.51 | 도달  871 | 차단  382
Ep 175 | 배송 28/50 | 재적재 5 | 도착  12 | 2홉+ 0.60 | 도달  724 | 차단  264
Ep 176 | 배송 29/50 | 재적재 4 | 도착  12 | 2홉+ 0.57 | 도달  828 | 차단  435
Ep 177 | 배송 25/50 | 재적재 3 | 도착  11 | 2홉+ 0.66 | 도달 1021 | 차단  587
Ep 178 | 배송 24/50 | 재적재 3 | 도착  13 | 2홉+ 0.57 | 도달  714 | 차단  120
Ep 179 | 배송 33/50 | 재적재 5 | 도착  17 | 2홉+ 0.57 | 도달  853 | 차단  604
Ep 180 | 배송 28/50 | 재적재 3 | 도착  11 | 2홉+ 0.55 | 도달  738 | 차단  340
Ep 181 | 배송 26/50 | 재적재 3 | 도착  14 | 2홉+ 0.57 | 도달  702 | 차단  275
Ep 182 | 배송 27/50 | 재적재 2 | 도착  13 | 2홉+ 0.63 | 도달  943 | 차단  702
Ep 183 | 배송 25/50 | 재적재 3 | 도착  12 | 2홉+ 0.64 | 도달  724 | 차단  750
Ep 184 | 배송 27/50 | 재적재 3 | 도착  12 | 2홉+ 0.61 | 도달  893 | 차단  344
Ep 185 | 배송 27/50 | 재적재 4 | 도착   7 | 2홉+ 0.60 | 도달  720 | 차단  316
Ep 186 | 배송 27/50 | 재적재 3 | 도착  13 | 2홉+ 0.61 | 도달  809 | 차단  493
Ep 187 | 배송 17/50 | 재적재 3 | 도착   6 | 2홉+ 0.62 | 도달  761 | 차단  668
Ep 188 | 배송 25/50 | 재적재 3 | 도착  12 | 2홉+ 0.56 | 도달  710 | 차단  352
Ep 189 | 배송 34/50 | 재적재 5 | 도착  14 | 2홉+ 0.62 | 도달 1074 | 차단  450
Ep 190 | 배송 25/50 | 재적재 2 | 도착  10 | 2홉+ 0.58 | 도달  829 | 차단  497
Ep 191 | 배송 30/50 | 재적재 4 | 도착  10 | 2홉+ 0.61 | 도달  806 | 차단  370
Ep 192 | 배송 27/50 | 재적재 3 | 도착  11 | 2홉+ 0.69 | 도달  728 | 차단  357
Ep 193 | 배송 24/50 | 재적재 3 | 도착  10 | 2홉+ 0.57 | 도달  695 | 차단  595
Ep 194 | 배송 26/50 | 재적재 4 | 도착  10 | 2홉+ 0.59 | 도달  779 | 차단  298
Ep 195 | 배송 24/50 | 재적재 2 | 도착   9 | 2홉+ 0.53 | 도달  801 | 차단  438
Ep 196 | 배송 28/50 | 재적재 4 | 도착  11 | 2홉+ 0.54 | 도달  846 | 차단  266
Ep 197 | 배송 27/50 | 재적재 4 | 도착   9 | 2홉+ 0.60 | 도달  976 | 차단  515
Ep 198 | 배송 29/50 | 재적재 4 | 도착  12 | 2홉+ 0.58 | 도달  813 | 차단  284
Ep 199 | 배송 29/50 | 재적재 4 | 도착  12 | 2홉+ 0.56 | 도달  787 | 차단  406
Ep 200 | 배송 30/50 | 재적재 3 | 도착  13 | 2홉+ 0.63 | 도달  901 | 차단  380
  [홀드아웃] 배송 23.1±5.6 재적재 1.8 2홉+ 0.60 | 최고 24.0@ep100 정체 2/15
Ep 201 | 배송 30/50 | 재적재 4 | 도착  15 | 2홉+ 0.60 | 도달  913 | 차단  398
Ep 202 | 배송 29/50 | 재적재 4 | 도착  12 | 2홉+ 0.64 | 도달  790 | 차단  211
Ep 203 | 배송 18/50 | 재적재 0 | 도착   5 | 2홉+ 0.70 | 도달 1025 | 차단 1268
Ep 204 | 배송 29/50 | 재적재 5 | 도착  15 | 2홉+ 0.53 | 도달  861 | 차단  393
Ep 205 | 배송 27/50 | 재적재 4 | 도착  10 | 2홉+ 0.60 | 도달  710 | 차단  210
Ep 206 | 배송 28/50 | 재적재 5 | 도착  18 | 2홉+ 0.62 | 도달  743 | 차단  462
Ep 207 | 배송 30/50 | 재적재 3 | 도착  15 | 2홉+ 0.63 | 도달  967 | 차단  648
Ep 208 | 배송 27/50 | 재적재 3 | 도착  11 | 2홉+ 0.58 | 도달  756 | 차단  737
Ep 209 | 배송 35/50 | 재적재 5 | 도착  17 | 2홉+ 0.61 | 도달  875 | 차단  553
Ep 210 | 배송 31/50 | 재적재 3 | 도착  10 | 2홉+ 0.65 | 도달  787 | 차단  252
Ep 211 | 배송 29/50 | 재적재 4 | 도착  17 | 2홉+ 0.56 | 도달  766 | 차단  575
Ep 212 | 배송 30/50 | 재적재 4 | 도착  15 | 2홉+ 0.65 | 도달  958 | 차단  744
Ep 213 | 배송 30/50 | 재적재 3 | 도착  15 | 2홉+ 0.63 | 도달  840 | 차단  631
Ep 214 | 배송 27/50 | 재적재 2 | 도착   9 | 2홉+ 0.67 | 도달 1062 | 차단 1326
Ep 215 | 배송 28/50 | 재적재 5 | 도착  12 | 2홉+ 0.55 | 도달  871 | 차단  386
Ep 216 | 배송 27/50 | 재적재 4 | 도착  10 | 2홉+ 0.63 | 도달  780 | 차단  458
Ep 217 | 배송 27/50 | 재적재 3 | 도착  15 | 2홉+ 0.61 | 도달  761 | 차단  373
Ep 218 | 배송 28/50 | 재적재 3 | 도착  11 | 2홉+ 0.60 | 도달  764 | 차단  461
Ep 219 | 배송 29/50 | 재적재 5 | 도착  14 | 2홉+ 0.58 | 도달  863 | 차단  250
Ep 220 | 배송 31/50 | 재적재 3 | 도착  10 | 2홉+ 0.64 | 도달  914 | 차단  433
Ep 221 | 배송 27/50 | 재적재 3 | 도착  11 | 2홉+ 0.64 | 도달  734 | 차단  410
Ep 222 | 배송 23/50 | 재적재 3 | 도착   8 | 2홉+ 0.61 | 도달  814 | 차단  545
Ep 223 | 배송 25/50 | 재적재 3 | 도착  11 | 2홉+ 0.64 | 도달  738 | 차단  350
Ep 224 | 배송 27/50 | 재적재 3 | 도착  17 | 2홉+ 0.55 | 도달  813 | 차단  379
Ep 225 | 배송 30/50 | 재적재 4 | 도착  18 | 2홉+ 0.56 | 도달  803 | 차단  401
Ep 226 | 배송 29/50 | 재적재 3 | 도착  12 | 2홉+ 0.63 | 도달  813 | 차단  410
Ep 227 | 배송 28/50 | 재적재 3 | 도착  11 | 2홉+ 0.65 | 도달  734 | 차단  371
Ep 228 | 배송 23/50 | 재적재 2 | 도착   9 | 2홉+ 0.65 | 도달  838 | 차단  251
Ep 229 | 배송 33/50 | 재적재 4 | 도착  13 | 2홉+ 0.61 | 도달  912 | 차단  380
Ep 230 | 배송 30/50 | 재적재 4 | 도착  15 | 2홉+ 0.60 | 도달  815 | 차단  317
Ep 231 | 배송 31/50 | 재적재 3 | 도착  12 | 2홉+ 0.63 | 도달  867 | 차단  499
Ep 232 | 배송 31/50 | 재적재 3 | 도착  18 | 2홉+ 0.66 | 도달  895 | 차단  519
Ep 233 | 배송 28/50 | 재적재 5 | 도착  17 | 2홉+ 0.55 | 도달  748 | 차단  238
Ep 234 | 배송 24/50 | 재적재 2 | 도착   9 | 2홉+ 0.62 | 도달  888 | 차단  439
Ep 235 | 배송 27/50 | 재적재 3 | 도착   9 | 2홉+ 0.65 | 도달  832 | 차단  305
Ep 236 | 배송 28/50 | 재적재 3 | 도착  13 | 2홉+ 0.58 | 도달  778 | 차단  258
Ep 237 | 배송 30/50 | 재적재 5 | 도착  15 | 2홉+ 0.56 | 도달  830 | 차단  326
Ep 238 | 배송 28/50 | 재적재 3 | 도착  14 | 2홉+ 0.63 | 도달  843 | 차단  391
Ep 239 | 배송 27/50 | 재적재 2 | 도착  11 | 2홉+ 0.64 | 도달 1003 | 차단  518
Ep 240 | 배송 20/50 | 재적재 0 | 도착   7 | 2홉+ 0.68 | 도달  954 | 차단 1219
Ep 241 | 배송 26/50 | 재적재 3 | 도착  13 | 2홉+ 0.64 | 도달 1025 | 차단  714
Ep 242 | 배송 33/50 | 재적재 4 | 도착  15 | 2홉+ 0.63 | 도달  925 | 차단  641
Ep 243 | 배송 30/50 | 재적재 5 | 도착  19 | 2홉+ 0.63 | 도달  788 | 차단  460
Ep 244 | 배송 30/50 | 재적재 4 | 도착  11 | 2홉+ 0.62 | 도달  800 | 차단  486
Ep 245 | 배송 16/50 | 재적재 0 | 도착   6 | 2홉+ 0.71 | 도달 1011 | 차단 2365
Ep 246 | 배송 30/50 | 재적재 4 | 도착  13 | 2홉+ 0.60 | 도달  936 | 차단  376
Ep 247 | 배송 34/50 | 재적재 5 | 도착  16 | 2홉+ 0.60 | 도달  846 | 차단  418
Ep 248 | 배송 25/50 | 재적재 3 | 도착  19 | 2홉+ 0.62 | 도달  713 | 차단  479
Ep 249 | 배송 27/50 | 재적재 4 | 도착  17 | 2홉+ 0.61 | 도달  964 | 차단  403
Ep 250 | 배송 27/50 | 재적재 4 | 도착  13 | 2홉+ 0.62 | 도달  772 | 차단  293
  [홀드아웃] 배송 20.3±7.7 재적재 1.8 2홉+ 0.63 | 최고 24.0@ep100 정체 3/15
Ep 251 | 배송 29/50 | 재적재 3 | 도착  12 | 2홉+ 0.65 | 도달  776 | 차단  505
Ep 252 | 배송 20/50 | 재적재 2 | 도착   9 | 2홉+ 0.64 | 도달  943 | 차단  558
Ep 253 | 배송 23/50 | 재적재 3 | 도착  14 | 2홉+ 0.62 | 도달  924 | 차단  325
Ep 254 | 배송 26/50 | 재적재 4 | 도착  16 | 2홉+ 0.62 | 도달  847 | 차단  331
Ep 255 | 배송 26/50 | 재적재 3 | 도착  14 | 2홉+ 0.63 | 도달  741 | 차단  426
Ep 256 | 배송 25/50 | 재적재 3 | 도착  13 | 2홉+ 0.60 | 도달  713 | 차단  442
Ep 257 | 배송 26/50 | 재적재 3 | 도착   9 | 2홉+ 0.60 | 도달  922 | 차단  491
Ep 258 | 배송 31/50 | 재적재 4 | 도착  12 | 2홉+ 0.63 | 도달  896 | 차단  196
Ep 259 | 배송 27/50 | 재적재 4 | 도착  20 | 2홉+ 0.61 | 도달  731 | 차단  307
Ep 260 | 배송 26/50 | 재적재 3 | 도착  15 | 2홉+ 0.59 | 도달  754 | 차단  494
Ep 261 | 배송 28/50 | 재적재 4 | 도착  12 | 2홉+ 0.61 | 도달  841 | 차단  465
Ep 262 | 배송 24/50 | 재적재 3 | 도착  12 | 2홉+ 0.62 | 도달  822 | 차단  604
Ep 263 | 배송 12/50 | 재적재 0 | 도착  10 | 2홉+ 0.69 | 도달 1067 | 차단 1415
Ep 264 | 배송 27/50 | 재적재 3 | 도착  13 | 2홉+ 0.66 | 도달  750 | 차단  335
Ep 265 | 배송 26/50 | 재적재 3 | 도착   7 | 2홉+ 0.61 | 도달  750 | 차단  489
Ep 266 | 배송 29/50 | 재적재 5 | 도착  15 | 2홉+ 0.54 | 도달  782 | 차단  278
Ep 267 | 배송 23/50 | 재적재 3 | 도착   8 | 2홉+ 0.66 | 도달 1040 | 차단  660
Ep 268 | 배송 25/50 | 재적재 3 | 도착  10 | 2홉+ 0.61 | 도달 1022 | 차단  561
Ep 269 | 배송 24/50 | 재적재 3 | 도착   8 | 2홉+ 0.66 | 도달  858 | 차단  527
Ep 270 | 배송 29/50 | 재적재 3 | 도착  12 | 2홉+ 0.65 | 도달  855 | 차단  404
Ep 271 | 배송 32/50 | 재적재 5 | 도착  13 | 2홉+ 0.64 | 도달  992 | 차단  357
Ep 272 | 배송 29/50 | 재적재 4 | 도착  12 | 2홉+ 0.62 | 도달  903 | 차단  364
Ep 273 | 배송 30/50 | 재적재 3 | 도착   9 | 2홉+ 0.64 | 도달  811 | 차단  662
Ep 274 | 배송 29/50 | 재적재 5 | 도착  14 | 2홉+ 0.60 | 도달  912 | 차단  631
Ep 275 | 배송 25/50 | 재적재 2 | 도착  14 | 2홉+ 0.62 | 도달  731 | 차단  342
Ep 276 | 배송 29/50 | 재적재 3 | 도착  15 | 2홉+ 0.63 | 도달  980 | 차단  605
Ep 277 | 배송 22/50 | 재적재 2 | 도착   5 | 2홉+ 0.60 | 도달  757 | 차단  429
Ep 278 | 배송 29/50 | 재적재 4 | 도착   9 | 2홉+ 0.61 | 도달  719 | 차단  306
Ep 279 | 배송 31/50 | 재적재 3 | 도착  11 | 2홉+ 0.65 | 도달  849 | 차단  364
Ep 280 | 배송 25/50 | 재적재 3 | 도착  19 | 2홉+ 0.62 | 도달  752 | 차단  218
Ep 281 | 배송 26/50 | 재적재 3 | 도착  13 | 2홉+ 0.61 | 도달  748 | 차단  471
Ep 282 | 배송 25/50 | 재적재 3 | 도착  11 | 2홉+ 0.64 | 도달  706 | 차단  329
Ep 283 | 배송 28/50 | 재적재 4 | 도착  12 | 2홉+ 0.62 | 도달  784 | 차단  411
Ep 284 | 배송 26/50 | 재적재 3 | 도착   7 | 2홉+ 0.64 | 도달  682 | 차단  289
Ep 285 | 배송 21/50 | 재적재 3 | 도착   7 | 2홉+ 0.61 | 도달  762 | 차단  188
Ep 286 | 배송 26/50 | 재적재 2 | 도착  14 | 2홉+ 0.64 | 도달  857 | 차단  342
Ep 287 | 배송 24/50 | 재적재 3 | 도착  13 | 2홉+ 0.62 | 도달  925 | 차단  578
Ep 288 | 배송 28/50 | 재적재 3 | 도착  14 | 2홉+ 0.61 | 도달  881 | 차단  329
Ep 289 | 배송 17/50 | 재적재 0 | 도착   8 | 2홉+ 0.64 | 도달  641 | 차단  487
Ep 290 | 배송 27/50 | 재적재 3 | 도착  12 | 2홉+ 0.63 | 도달  755 | 차단  341
Ep 291 | 배송 28/50 | 재적재 3 | 도착  13 | 2홉+ 0.63 | 도달  738 | 차단  357
Ep 292 | 배송 25/50 | 재적재 3 | 도착   9 | 2홉+ 0.63 | 도달  896 | 차단  573
Ep 293 | 배송 27/50 | 재적재 4 | 도착  12 | 2홉+ 0.62 | 도달  737 | 차단  592
Ep 294 | 배송 28/50 | 재적재 4 | 도착  15 | 2홉+ 0.61 | 도달  908 | 차단  240
Ep 295 | 배송 15/50 | 재적재 0 | 도착   6 | 2홉+ 0.69 | 도달  969 | 차단 1875
Ep 296 | 배송 26/50 | 재적재 3 | 도착   9 | 2홉+ 0.61 | 도달  965 | 차단  588
Ep 297 | 배송 25/50 | 재적재 4 | 도착  11 | 2홉+ 0.57 | 도달  710 | 차단  196
Ep 298 | 배송 31/50 | 재적재 4 | 도착  18 | 2홉+ 0.62 | 도달  868 | 차단  496
Ep 299 | 배송 25/50 | 재적재 3 | 도착   9 | 2홉+ 0.58 | 도달  827 | 차단  292
Ep 300 | 배송 28/50 | 재적재 4 | 도착  10 | 2홉+ 0.60 | 도달  934 | 차단  358
  [홀드아웃] 배송 21.2±7.0 재적재 1.8 2홉+ 0.64 | 최고 24.0@ep100 정체 4/15
Ep 301 | 배송 29/50 | 재적재 4 | 도착  15 | 2홉+ 0.61 | 도달  800 | 차단  548
Ep 302 | 배송 28/50 | 재적재 4 | 도착  14 | 2홉+ 0.62 | 도달  866 | 차단  610
Ep 303 | 배송 25/50 | 재적재 3 | 도착  11 | 2홉+ 0.64 | 도달  735 | 차단  412
Ep 304 | 배송 32/50 | 재적재 3 | 도착  10 | 2홉+ 0.62 | 도달  868 | 차단  494
Ep 305 | 배송 28/50 | 재적재 4 | 도착  12 | 2홉+ 0.62 | 도달  897 | 차단  516
Ep 306 | 배송 26/50 | 재적재 4 | 도착  10 | 2홉+ 0.61 | 도달  887 | 차단  350
Ep 307 | 배송 23/50 | 재적재 4 | 도착  11 | 2홉+ 0.57 | 도달  771 | 차단  476
Ep 308 | 배송 23/50 | 재적재 2 | 도착  10 | 2홉+ 0.64 | 도달 1005 | 차단  758
Ep 309 | 배송 25/50 | 재적재 3 | 도착  13 | 2홉+ 0.61 | 도달  967 | 차단  838
Ep 310 | 배송 27/50 | 재적재 3 | 도착  11 | 2홉+ 0.61 | 도달  974 | 차단  464
Ep 311 | 배송 32/50 | 재적재 4 | 도착  16 | 2홉+ 0.63 | 도달  863 | 차단  425
Ep 312 | 배송 32/50 | 재적재 4 | 도착  21 | 2홉+ 0.63 | 도달  887 | 차단  325
Ep 313 | 배송 31/50 | 재적재 3 | 도착  11 | 2홉+ 0.65 | 도달  773 | 차단  340
Ep 314 | 배송 19/50 | 재적재 2 | 도착   8 | 2홉+ 0.63 | 도달 1035 | 차단 1187
Ep 315 | 배송 28/50 | 재적재 4 | 도착  16 | 2홉+ 0.62 | 도달  751 | 차단  310
Ep 316 | 배송 26/50 | 재적재 3 | 도착  14 | 2홉+ 0.64 | 도달  759 | 차단  321
Ep 317 | 배송 24/50 | 재적재 2 | 도착  10 | 2홉+ 0.55 | 도달  711 | 차단  407
Ep 318 | 배송 31/50 | 재적재 4 | 도착  13 | 2홉+ 0.64 | 도달  853 | 차단  445
Ep 319 | 배송 26/50 | 재적재 3 | 도착   8 | 2홉+ 0.63 | 도달  940 | 차단  562
Ep 320 | 배송 29/50 | 재적재 4 | 도착  12 | 2홉+ 0.57 | 도달  884 | 차단  502
Ep 321 | 배송 27/50 | 재적재 3 | 도착   9 | 2홉+ 0.63 | 도달  800 | 차단  352
Ep 322 | 배송 26/50 | 재적재 4 | 도착   9 | 2홉+ 0.59 | 도달  814 | 차단  338
Ep 323 | 배송 30/50 | 재적재 3 | 도착  15 | 2홉+ 0.64 | 도달 1012 | 차단 1156
Ep 324 | 배송 27/50 | 재적재 4 | 도착  14 | 2홉+ 0.62 | 도달  755 | 차단  457
Ep 325 | 배송 23/50 | 재적재 3 | 도착   7 | 2홉+ 0.64 | 도달  778 | 차단  224
Ep 326 | 배송 31/50 | 재적재 3 | 도착  11 | 2홉+ 0.57 | 도달  994 | 차단  383
Ep 327 | 배송 27/50 | 재적재 3 | 도착  10 | 2홉+ 0.62 | 도달  740 | 차단  391
Ep 328 | 배송 32/50 | 재적재 3 | 도착  12 | 2홉+ 0.63 | 도달  956 | 차단  532
Ep 329 | 배송 27/50 | 재적재 3 | 도착  13 | 2홉+ 0.65 | 도달  728 | 차단  433
Ep 330 | 배송 32/50 | 재적재 5 | 도착  18 | 2홉+ 0.57 | 도달  944 | 차단  431
Ep 331 | 배송 22/50 | 재적재 2 | 도착  11 | 2홉+ 0.65 | 도달 1007 | 차단 1038
Ep 332 | 배송 26/50 | 재적재 4 | 도착  17 | 2홉+ 0.62 | 도달  798 | 차단  389
Ep 333 | 배송 31/50 | 재적재 4 | 도착  12 | 2홉+ 0.63 | 도달  807 | 차단  413
Ep 334 | 배송 29/50 | 재적재 3 | 도착  11 | 2홉+ 0.61 | 도달  850 | 차단  610
Ep 335 | 배송 25/50 | 재적재 2 | 도착  13 | 2홉+ 0.57 | 도달  797 | 차단  331
Ep 336 | 배송 27/50 | 재적재 2 | 도착  12 | 2홉+ 0.61 | 도달  918 | 차단  472
Ep 337 | 배송 24/50 | 재적재 2 | 도착  12 | 2홉+ 0.62 | 도달  776 | 차단  553
Ep 338 | 배송 18/50 | 재적재 0 | 도착   4 | 2홉+ 0.70 | 도달 1042 | 차단 1808
Ep 339 | 배송 30/50 | 재적재 4 | 도착   9 | 2홉+ 0.61 | 도달  902 | 차단  534
Ep 340 | 배송 28/50 | 재적재 2 | 도착  15 | 2홉+ 0.60 | 도달  815 | 차단  312
Ep 341 | 배송 26/50 | 재적재 3 | 도착   9 | 2홉+ 0.63 | 도달  738 | 차단  361
Ep 342 | 배송 30/50 | 재적재 2 | 도착  11 | 2홉+ 0.63 | 도달  950 | 차단  535
Ep 343 | 배송 26/50 | 재적재 3 | 도착   9 | 2홉+ 0.64 | 도달  893 | 차단  440
Ep 344 | 배송 24/50 | 재적재 2 | 도착   5 | 2홉+ 0.67 | 도달  793 | 차단  582
Ep 345 | 배송 31/50 | 재적재 4 | 도착  11 | 2홉+ 0.61 | 도달  827 | 차단  482
Ep 346 | 배송 26/50 | 재적재 2 | 도착   8 | 2홉+ 0.63 | 도달  843 | 차단  446
Ep 347 | 배송 26/50 | 재적재 3 | 도착  11 | 2홉+ 0.63 | 도달  860 | 차단  445
Ep 348 | 배송 23/50 | 재적재 2 | 도착   8 | 2홉+ 0.62 | 도달  726 | 차단  317
Ep 349 | 배송 29/50 | 재적재 3 | 도착  10 | 2홉+ 0.64 | 도달  794 | 차단  453
Ep 350 | 배송 27/50 | 재적재 3 | 도착  12 | 2홉+ 0.61 | 도달  823 | 차단  550
  [홀드아웃] 배송 15.5±5.9 재적재 0.9 2홉+ 0.64 | 최고 24.0@ep100 정체 5/15
Ep 351 | 배송 25/50 | 재적재 3 | 도착  12 | 2홉+ 0.62 | 도달  747 | 차단  364
Ep 352 | 배송 29/50 | 재적재 3 | 도착  12 | 2홉+ 0.63 | 도달  856 | 차단  488
Ep 353 | 배송 26/50 | 재적재 4 | 도착  14 | 2홉+ 0.57 | 도달  844 | 차단  283
Ep 354 | 배송 24/50 | 재적재 2 | 도착   9 | 2홉+ 0.60 | 도달  809 | 차단  493
Ep 355 | 배송 29/50 | 재적재 4 | 도착  10 | 2홉+ 0.62 | 도달  989 | 차단  516
Ep 356 | 배송 18/50 | 재적재 0 | 도착   4 | 2홉+ 0.70 | 도달 1056 | 차단 1862
Ep 357 | 배송 27/50 | 재적재 4 | 도착  16 | 2홉+ 0.62 | 도달  812 | 차단  358
Ep 358 | 배송 30/50 | 재적재 3 | 도착  16 | 2홉+ 0.65 | 도달  757 | 차단  456
Ep 359 | 배송 22/50 | 재적재 2 | 도착   9 | 2홉+ 0.62 | 도달  837 | 차단  443
Ep 360 | 배송 21/50 | 재적재 2 | 도착   7 | 2홉+ 0.66 | 도달  809 | 차단  813
Ep 361 | 배송 23/50 | 재적재 1 | 도착  10 | 2홉+ 0.56 | 도달  814 | 차단  474
Ep 362 | 배송 31/50 | 재적재 4 | 도착  12 | 2홉+ 0.61 | 도달  861 | 차단  432
Ep 363 | 배송 27/50 | 재적재 2 | 도착   5 | 2홉+ 0.63 | 도달  844 | 차단  945
Ep 364 | 배송 27/50 | 재적재 3 | 도착   9 | 2홉+ 0.65 | 도달  870 | 차단  389
Ep 365 | 배송 27/50 | 재적재 5 | 도착  22 | 2홉+ 0.57 | 도달 1039 | 차단  385
Ep 366 | 배송 27/50 | 재적재 3 | 도착  12 | 2홉+ 0.61 | 도달  895 | 차단  320
Ep 367 | 배송 26/50 | 재적재 2 | 도착  10 | 2홉+ 0.65 | 도달  843 | 차단  630
Ep 368 | 배송 26/50 | 재적재 4 | 도착  12 | 2홉+ 0.60 | 도달  763 | 차단  438
Ep 369 | 배송 25/50 | 재적재 4 | 도착  12 | 2홉+ 0.61 | 도달  809 | 차단  429
Ep 370 | 배송 23/50 | 재적재 4 | 도착  14 | 2홉+ 0.59 | 도달  750 | 차단  365
Ep 371 | 배송 28/50 | 재적재 3 | 도착  17 | 2홉+ 0.64 | 도달  993 | 차단  483
Ep 372 | 배송 25/50 | 재적재 3 | 도착  11 | 2홉+ 0.65 | 도달  709 | 차단  367
Ep 373 | 배송 25/50 | 재적재 3 | 도착   7 | 2홉+ 0.66 | 도달 1074 | 차단 1072
Ep 374 | 배송 32/50 | 재적재 4 | 도착  15 | 2홉+ 0.64 | 도달  936 | 차단  562
Ep 375 | 배송 27/50 | 재적재 4 | 도착  13 | 2홉+ 0.62 | 도달  865 | 차단  364
Ep 376 | 배송 31/50 | 재적재 3 | 도착  10 | 2홉+ 0.65 | 도달  871 | 차단  461
Ep 377 | 배송 27/50 | 재적재 4 | 도착   9 | 2홉+ 0.56 | 도달  784 | 차단  457
Ep 378 | 배송 30/50 | 재적재 3 | 도착  11 | 2홉+ 0.62 | 도달  798 | 차단  334
Ep 379 | 배송 28/50 | 재적재 4 | 도착  14 | 2홉+ 0.64 | 도달  890 | 차단  368
Ep 380 | 배송 28/50 | 재적재 2 | 도착  10 | 2홉+ 0.62 | 도달  951 | 차단  379
Ep 381 | 배송 24/50 | 재적재 4 | 도착  12 | 2홉+ 0.56 | 도달  672 | 차단  368
Ep 382 | 배송 28/50 | 재적재 4 | 도착  11 | 2홉+ 0.61 | 도달  819 | 차단  396
Ep 383 | 배송 29/50 | 재적재 3 | 도착  11 | 2홉+ 0.58 | 도달  950 | 차단  382
Ep 384 | 배송 25/50 | 재적재 3 | 도착  14 | 2홉+ 0.64 | 도달  778 | 차단  273
Ep 385 | 배송 19/50 | 재적재 2 | 도착  26 | 2홉+ 0.62 | 도달  649 | 차단  414
Ep 386 | 배송 29/50 | 재적재 5 | 도착  14 | 2홉+ 0.61 | 도달  757 | 차단  373
Ep 387 | 배송 24/50 | 재적재 3 | 도착  15 | 2홉+ 0.58 | 도달  816 | 차단  493
Ep 388 | 배송 36/50 | 재적재 4 | 도착  15 | 2홉+ 0.64 | 도달  921 | 차단  424
Ep 389 | 배송 28/50 | 재적재 3 | 도착  10 | 2홉+ 0.59 | 도달  750 | 차단  317
Ep 390 | 배송 29/50 | 재적재 5 | 도착  15 | 2홉+ 0.62 | 도달  862 | 차단  447
Ep 391 | 배송 27/50 | 재적재 3 | 도착  13 | 2홉+ 0.59 | 도달  714 | 차단  336
Ep 392 | 배송 27/50 | 재적재 3 | 도착  13 | 2홉+ 0.62 | 도달  801 | 차단  417
Ep 393 | 배송 27/50 | 재적재 2 | 도착  10 | 2홉+ 0.66 | 도달  976 | 차단 1035
Ep 394 | 배송 24/50 | 재적재 4 | 도착  10 | 2홉+ 0.58 | 도달  805 | 차단  278
Ep 395 | 배송 30/50 | 재적재 3 | 도착  10 | 2홉+ 0.64 | 도달  809 | 차단  401
Ep 396 | 배송 25/50 | 재적재 3 | 도착   9 | 2홉+ 0.63 | 도달  797 | 차단  476
Ep 397 | 배송 27/50 | 재적재 4 | 도착  11 | 2홉+ 0.62 | 도달  959 | 차단  684
Ep 398 | 배송 28/50 | 재적재 5 | 도착  16 | 2홉+ 0.60 | 도달  791 | 차단  301
Ep 399 | 배송 25/50 | 재적재 4 | 도착  13 | 2홉+ 0.60 | 도달  764 | 차단  223
Ep 400 | 배송 30/50 | 재적재 5 | 도착  11 | 2홉+ 0.61 | 도달  758 | 차단  240
  [홀드아웃] 배송 17.2±5.3 재적재 0.8 2홉+ 0.61 | 최고 24.0@ep100 정체 6/15
Ep 401 | 배송 29/50 | 재적재 2 | 도착  14 | 2홉+ 0.57 | 도달  679 | 차단  318
Ep 402 | 배송 25/50 | 재적재 3 | 도착  10 | 2홉+ 0.64 | 도달  825 | 차단  325
Ep 403 | 배송 24/50 | 재적재 2 | 도착   7 | 2홉+ 0.61 | 도달  806 | 차단  422
Ep 404 | 배송 22/50 | 재적재 2 | 도착  11 | 2홉+ 0.58 | 도달  755 | 차단  394
Ep 405 | 배송 30/50 | 재적재 4 | 도착  12 | 2홉+ 0.60 | 도달  732 | 차단  302
Ep 406 | 배송 26/50 | 재적재 2 | 도착   8 | 2홉+ 0.67 | 도달  822 | 차단  353
Ep 407 | 배송 31/50 | 재적재 3 | 도착  15 | 2홉+ 0.65 | 도달  905 | 차단  557
Ep 408 | 배송 29/50 | 재적재 4 | 도착   9 | 2홉+ 0.62 | 도달  739 | 차단  363
Ep 409 | 배송 31/50 | 재적재 4 | 도착  15 | 2홉+ 0.61 | 도달  691 | 차단  345
Ep 410 | 배송 24/50 | 재적재 2 | 도착  11 | 2홉+ 0.65 | 도달  947 | 차단  391
Ep 411 | 배송 27/50 | 재적재 3 | 도착  14 | 2홉+ 0.64 | 도달  795 | 차단  362
Ep 412 | 배송 29/50 | 재적재 3 | 도착  10 | 2홉+ 0.64 | 도달  860 | 차단  385
Ep 413 | 배송 27/50 | 재적재 3 | 도착  13 | 2홉+ 0.64 | 도달  786 | 차단  584
Ep 414 | 배송 23/50 | 재적재 3 | 도착  11 | 2홉+ 0.59 | 도달  738 | 차단  555
Ep 415 | 배송 23/50 | 재적재 2 | 도착  11 | 2홉+ 0.58 | 도달  707 | 차단  328
Ep 416 | 배송 27/50 | 재적재 4 | 도착  15 | 2홉+ 0.56 | 도달  725 | 차단  467
Ep 417 | 배송 27/50 | 재적재 3 | 도착   8 | 2홉+ 0.57 | 도달  840 | 차단  400
Ep 418 | 배송 30/50 | 재적재 4 | 도착  13 | 2홉+ 0.64 | 도달  802 | 차단  481
Ep 419 | 배송 24/50 | 재적재 2 | 도착   8 | 2홉+ 0.62 | 도달  687 | 차단  436
Ep 420 | 배송 27/50 | 재적재 3 | 도착  10 | 2홉+ 0.61 | 도달  840 | 차단  310
Ep 421 | 배송 26/50 | 재적재 3 | 도착  13 | 2홉+ 0.59 | 도달  767 | 차단  278
Ep 422 | 배송 27/50 | 재적재 2 | 도착  11 | 2홉+ 0.62 | 도달  913 | 차단  270
Ep 423 | 배송 27/50 | 재적재 2 | 도착   8 | 2홉+ 0.65 | 도달 1074 | 차단  653
Ep 424 | 배송 32/50 | 재적재 5 | 도착  15 | 2홉+ 0.62 | 도달  823 | 차단  343
Ep 425 | 배송 27/50 | 재적재 4 | 도착  14 | 2홉+ 0.57 | 도달  859 | 차단  462
Ep 426 | 배송 30/50 | 재적재 4 | 도착  10 | 2홉+ 0.59 | 도달  741 | 차단  494
Ep 427 | 배송 31/50 | 재적재 3 | 도착  13 | 2홉+ 0.57 | 도달  769 | 차단  227
Ep 428 | 배송 25/50 | 재적재 3 | 도착  13 | 2홉+ 0.58 | 도달  722 | 차단  305
Ep 429 | 배송 29/50 | 재적재 3 | 도착  17 | 2홉+ 0.62 | 도달  824 | 차단  430
Ep 430 | 배송 24/50 | 재적재 4 | 도착  11 | 2홉+ 0.61 | 도달  848 | 차단  604
Ep 431 | 배송 26/50 | 재적재 3 | 도착  13 | 2홉+ 0.66 | 도달 1074 | 차단  933
Ep 432 | 배송 28/50 | 재적재 3 | 도착  11 | 2홉+ 0.63 | 도달  853 | 차단  548
Ep 433 | 배송 25/50 | 재적재 3 | 도착  10 | 2홉+ 0.58 | 도달  724 | 차단  264
Ep 434 | 배송 30/50 | 재적재 4 | 도착  14 | 2홉+ 0.66 | 도달  786 | 차단  493
Ep 435 | 배송 26/50 | 재적재 3 | 도착  10 | 2홉+ 0.61 | 도달  855 | 차단  352
Ep 436 | 배송 23/50 | 재적재 4 | 도착   7 | 2홉+ 0.59 | 도달  771 | 차단  266
Ep 437 | 배송 24/50 | 재적재 4 | 도착  15 | 2홉+ 0.58 | 도달  745 | 차단  230
Ep 438 | 배송 30/50 | 재적재 4 | 도착  13 | 2홉+ 0.58 | 도달  874 | 차단  549
Ep 439 | 배송 31/50 | 재적재 3 | 도착  10 | 2홉+ 0.62 | 도달  887 | 차단  405
Ep 440 | 배송 31/50 | 재적재 4 | 도착  13 | 2홉+ 0.64 | 도달  813 | 차단  479
Ep 441 | 배송 24/50 | 재적재 2 | 도착   8 | 2홉+ 0.63 | 도달  787 | 차단  507
Ep 442 | 배송 25/50 | 재적재 3 | 도착   8 | 2홉+ 0.62 | 도달  952 | 차단  387
Ep 443 | 배송 29/50 | 재적재 4 | 도착  15 | 2홉+ 0.63 | 도달  712 | 차단  415
Ep 444 | 배송 28/50 | 재적재 4 | 도착  12 | 2홉+ 0.57 | 도달  887 | 차단  283
Ep 445 | 배송 19/50 | 재적재 1 | 도착   9 | 2홉+ 0.65 | 도달  755 | 차단  284
Ep 446 | 배송 26/50 | 재적재 3 | 도착   8 | 2홉+ 0.49 | 도달  794 | 차단  145
Ep 447 | 배송 22/50 | 재적재 2 | 도착  11 | 2홉+ 0.63 | 도달  734 | 차단  350
Ep 448 | 배송 30/50 | 재적재 5 | 도착  16 | 2홉+ 0.60 | 도달  761 | 차단  424
Ep 449 | 배송 28/50 | 재적재 5 | 도착  13 | 2홉+ 0.59 | 도달  739 | 차단  308
Ep 450 | 배송 23/50 | 재적재 2 | 도착  13 | 2홉+ 0.52 | 도달  699 | 차단  290
  [홀드아웃] 배송 21.6±5.5 재적재 2.0 2홉+ 0.56 | 최고 24.0@ep100 정체 7/15
Ep 451 | 배송 29/50 | 재적재 3 | 도착  16 | 2홉+ 0.63 | 도달  805 | 차단  723
Ep 452 | 배송 27/50 | 재적재 3 | 도착   8 | 2홉+ 0.64 | 도달  870 | 차단  673
Ep 453 | 배송 22/50 | 재적재 2 | 도착   8 | 2홉+ 0.55 | 도달  717 | 차단  174
Ep 454 | 배송 27/50 | 재적재 4 | 도착  12 | 2홉+ 0.62 | 도달  774 | 차단  406
Ep 455 | 배송 29/50 | 재적재 4 | 도착  13 | 2홉+ 0.64 | 도달  936 | 차단  692
Ep 456 | 배송 25/50 | 재적재 4 | 도착  11 | 2홉+ 0.53 | 도달  715 | 차단  194
Ep 457 | 배송 27/50 | 재적재 3 | 도착  10 | 2홉+ 0.57 | 도달  720 | 차단  324
Ep 458 | 배송 26/50 | 재적재 3 | 도착  10 | 2홉+ 0.55 | 도달  876 | 차단  336
Ep 459 | 배송 25/50 | 재적재 4 | 도착  11 | 2홉+ 0.61 | 도달  824 | 차단  505
Ep 460 | 배송 32/50 | 재적재 4 | 도착  10 | 2홉+ 0.63 | 도달  952 | 차단  508
Ep 461 | 배송 27/50 | 재적재 2 | 도착   8 | 2홉+ 0.60 | 도달  892 | 차단  679
Ep 462 | 배송 33/50 | 재적재 4 | 도착  11 | 2홉+ 0.62 | 도달  953 | 차단  533
Ep 463 | 배송 24/50 | 재적재 3 | 도착  10 | 2홉+ 0.65 | 도달  994 | 차단  608
Ep 464 | 배송 27/50 | 재적재 3 | 도착   9 | 2홉+ 0.65 | 도달  851 | 차단  657
Ep 465 | 배송 28/50 | 재적재 3 | 도착  11 | 2홉+ 0.59 | 도달  837 | 차단  345
Ep 466 | 배송 28/50 | 재적재 3 | 도착  12 | 2홉+ 0.65 | 도달  783 | 차단  372
Ep 467 | 배송 32/50 | 재적재 5 | 도착  13 | 2홉+ 0.59 | 도달  801 | 차단  404
Ep 468 | 배송 24/50 | 재적재 4 | 도착   9 | 2홉+ 0.61 | 도달 1001 | 차단  378
Ep 469 | 배송 26/50 | 재적재 4 | 도착  12 | 2홉+ 0.63 | 도달  820 | 차단  678
Ep 470 | 배송 28/50 | 재적재 3 | 도착  11 | 2홉+ 0.59 | 도달  810 | 차단  456
Ep 471 | 배송 28/50 | 재적재 4 | 도착  12 | 2홉+ 0.61 | 도달  794 | 차단  385
Ep 472 | 배송 28/50 | 재적재 3 | 도착  10 | 2홉+ 0.65 | 도달  974 | 차단  762
Ep 473 | 배송 30/50 | 재적재 5 | 도착  15 | 2홉+ 0.63 | 도달  820 | 차단  449
Ep 474 | 배송 29/50 | 재적재 3 | 도착  12 | 2홉+ 0.60 | 도달  830 | 차단  464
Ep 475 | 배송 26/50 | 재적재 4 | 도착  14 | 2홉+ 0.62 | 도달  782 | 차단  472
Ep 476 | 배송 26/50 | 재적재 3 | 도착   9 | 2홉+ 0.66 | 도달  802 | 차단  451
Ep 477 | 배송 26/50 | 재적재 2 | 도착   7 | 2홉+ 0.61 | 도달  984 | 차단  947
Ep 478 | 배송 28/50 | 재적재 3 | 도착  14 | 2홉+ 0.64 | 도달 1002 | 차단 1234
Ep 479 | 배송 31/50 | 재적재 5 | 도착  13 | 2홉+ 0.57 | 도달  931 | 차단  455
Ep 480 | 배송 29/50 | 재적재 3 | 도착  11 | 2홉+ 0.63 | 도달  964 | 차단  752
Ep 481 | 배송 25/50 | 재적재 2 | 도착  19 | 2홉+ 0.58 | 도달  760 | 차단  275
Ep 482 | 배송 24/50 | 재적재 3 | 도착   9 | 2홉+ 0.64 | 도달 1044 | 차단  482
Ep 483 | 배송 26/50 | 재적재 4 | 도착  12 | 2홉+ 0.65 | 도달  821 | 차단  472
Ep 484 | 배송 31/50 | 재적재 4 | 도착  16 | 2홉+ 0.62 | 도달  827 | 차단  321
Ep 485 | 배송 28/50 | 재적재 4 | 도착  10 | 2홉+ 0.57 | 도달  835 | 차단  602
Ep 486 | 배송 32/50 | 재적재 5 | 도착  10 | 2홉+ 0.62 | 도달  974 | 차단  785
Ep 487 | 배송 30/50 | 재적재 3 | 도착   8 | 2홉+ 0.64 | 도달 1041 | 차단  968
Ep 488 | 배송 28/50 | 재적재 2 | 도착  18 | 2홉+ 0.61 | 도달  762 | 차단  401
Ep 489 | 배송 32/50 | 재적재 4 | 도착  11 | 2홉+ 0.59 | 도달  892 | 차단  537
Ep 490 | 배송 28/50 | 재적재 4 | 도착   8 | 2홉+ 0.57 | 도달  777 | 차단  572
Ep 491 | 배송 30/50 | 재적재 3 | 도착  20 | 2홉+ 0.64 | 도달  819 | 차단  427
Ep 492 | 배송 27/50 | 재적재 3 | 도착  10 | 2홉+ 0.63 | 도달  751 | 차단  448
Ep 493 | 배송 31/50 | 재적재 4 | 도착  16 | 2홉+ 0.61 | 도달  779 | 차단  406
Ep 494 | 배송 27/50 | 재적재 3 | 도착  10 | 2홉+ 0.60 | 도달  851 | 차단  328
Ep 495 | 배송 22/50 | 재적재 3 | 도착   9 | 2홉+ 0.65 | 도달 1025 | 차단 1128
Ep 496 | 배송 25/50 | 재적재 3 | 도착   9 | 2홉+ 0.55 | 도달  719 | 차단  439
Ep 497 | 배송 25/50 | 재적재 3 | 도착   8 | 2홉+ 0.55 | 도달  755 | 차단  239
Ep 498 | 배송 25/50 | 재적재 3 | 도착  14 | 2홉+ 0.53 | 도달  719 | 차단  221
Ep 499 | 배송 28/50 | 재적재 3 | 도착  10 | 2홉+ 0.59 | 도달 1005 | 차단  320
Ep 500 | 배송 27/50 | 재적재 3 | 도착  10 | 2홉+ 0.58 | 도달  709 | 차단  588
  [홀드아웃] 배송 16.7±7.9 재적재 1.4 2홉+ 0.65 | 최고 24.0@ep100 정체 8/15
Ep 501 | 배송 29/50 | 재적재 3 | 도착  13 | 2홉+ 0.65 | 도달  757 | 차단  415
Ep 502 | 배송 27/50 | 재적재 3 | 도착   9 | 2홉+ 0.63 | 도달 1074 | 차단 1086
Ep 503 | 배송 24/50 | 재적재 3 | 도착  12 | 2홉+ 0.62 | 도달  765 | 차단  373
Ep 504 | 배송 27/50 | 재적재 4 | 도착  10 | 2홉+ 0.62 | 도달  842 | 차단  284
Ep 505 | 배송 28/50 | 재적재 3 | 도착  16 | 2홉+ 0.61 | 도달  684 | 차단  449
Ep 506 | 배송 25/50 | 재적재 3 | 도착   9 | 2홉+ 0.64 | 도달  683 | 차단  356
Ep 507 | 배송 26/50 | 재적재 3 | 도착   8 | 2홉+ 0.61 | 도달  857 | 차단  542
Ep 508 | 배송 32/50 | 재적재 5 | 도착  12 | 2홉+ 0.60 | 도달  860 | 차단  500
Ep 509 | 배송 29/50 | 재적재 4 | 도착  17 | 2홉+ 0.59 | 도달  790 | 차단  257
Ep 510 | 배송 28/50 | 재적재 3 | 도착  10 | 2홉+ 0.61 | 도달  887 | 차단  335
Ep 511 | 배송 33/50 | 재적재 5 | 도착  16 | 2홉+ 0.58 | 도달  877 | 차단  435
Ep 512 | 배송 28/50 | 재적재 3 | 도착   6 | 2홉+ 0.63 | 도달  945 | 차단  972
Ep 513 | 배송 23/50 | 재적재 2 | 도착   7 | 2홉+ 0.63 | 도달  845 | 차단  554
Ep 514 | 배송 24/50 | 재적재 3 | 도착   7 | 2홉+ 0.60 | 도달  801 | 차단  405
Ep 515 | 배송 26/50 | 재적재 3 | 도착  13 | 2홉+ 0.63 | 도달  726 | 차단  373
Ep 516 | 배송 29/50 | 재적재 4 | 도착  14 | 2홉+ 0.62 | 도달  820 | 차단  428
Ep 517 | 배송 31/50 | 재적재 4 | 도착  14 | 2홉+ 0.61 | 도달  875 | 차단  509
Ep 518 | 배송 27/50 | 재적재 3 | 도착  12 | 2홉+ 0.62 | 도달  760 | 차단  555
Ep 519 | 배송 28/50 | 재적재 3 | 도착  12 | 2홉+ 0.56 | 도달  837 | 차단  411
Ep 520 | 배송 28/50 | 재적재 3 | 도착  10 | 2홉+ 0.65 | 도달  960 | 차단  447
Ep 521 | 배송 34/50 | 재적재 6 | 도착  13 | 2홉+ 0.61 | 도달  808 | 차단  448
Ep 522 | 배송 29/50 | 재적재 3 | 도착  20 | 2홉+ 0.58 | 도달  872 | 차단  173
Ep 523 | 배송 25/50 | 재적재 2 | 도착  12 | 2홉+ 0.64 | 도달  741 | 차단  253
Ep 524 | 배송 26/50 | 재적재 3 | 도착  11 | 2홉+ 0.55 | 도달  809 | 차단  272
Ep 525 | 배송 26/50 | 재적재 2 | 도착   9 | 2홉+ 0.62 | 도달  964 | 차단 1040
Ep 526 | 배송 27/50 | 재적재 3 | 도착  14 | 2홉+ 0.66 | 도달  766 | 차단  414
Ep 527 | 배송 34/50 | 재적재 5 | 도착  13 | 2홉+ 0.57 | 도달  813 | 차단  274
Ep 528 | 배송 27/50 | 재적재 3 | 도착  16 | 2홉+ 0.59 | 도달 1021 | 차단  853
Ep 529 | 배송 26/50 | 재적재 3 | 도착   7 | 2홉+ 0.65 | 도달  862 | 차단  732
Ep 530 | 배송 26/50 | 재적재 4 | 도착  13 | 2홉+ 0.61 | 도달  794 | 차단  299
Ep 531 | 배송 23/50 | 재적재 1 | 도착  12 | 2홉+ 0.50 | 도달  688 | 차단  361
Ep 532 | 배송 29/50 | 재적재 4 | 도착  16 | 2홉+ 0.63 | 도달  674 | 차단  389
Ep 533 | 배송 28/50 | 재적재 5 | 도착  12 | 2홉+ 0.63 | 도달  823 | 차단  612
Ep 534 | 배송 28/50 | 재적재 3 | 도착   9 | 2홉+ 0.66 | 도달  745 | 차단  326
Ep 535 | 배송 29/50 | 재적재 3 | 도착  11 | 2홉+ 0.62 | 도달  724 | 차단  706
Ep 536 | 배송 27/50 | 재적재 2 | 도착  11 | 2홉+ 0.65 | 도달  987 | 차단 1030
Ep 537 | 배송 30/50 | 재적재 4 | 도착  11 | 2홉+ 0.63 | 도달  738 | 차단  455
Ep 538 | 배송 28/50 | 재적재 3 | 도착  13 | 2홉+ 0.64 | 도달  724 | 차단  234
Ep 539 | 배송 24/50 | 재적재 3 | 도착  11 | 2홉+ 0.61 | 도달  695 | 차단  204
Ep 540 | 배송 28/50 | 재적재 3 | 도착   9 | 2홉+ 0.65 | 도달  756 | 차단  380
Ep 541 | 배송 32/50 | 재적재 5 | 도착  10 | 2홉+ 0.62 | 도달  830 | 차단  451
Ep 542 | 배송 28/50 | 재적재 3 | 도착  15 | 2홉+ 0.59 | 도달  889 | 차단  295
Ep 543 | 배송 26/50 | 재적재 3 | 도착  11 | 2홉+ 0.64 | 도달  854 | 차단  540
Ep 544 | 배송 26/50 | 재적재 3 | 도착   9 | 2홉+ 0.63 | 도달  701 | 차단  325
Ep 545 | 배송 27/50 | 재적재 3 | 도착   8 | 2홉+ 0.61 | 도달  816 | 차단  415
Ep 546 | 배송 28/50 | 재적재 3 | 도착  12 | 2홉+ 0.58 | 도달  824 | 차단  571
Ep 547 | 배송 34/50 | 재적재 4 | 도착  14 | 2홉+ 0.61 | 도달  820 | 차단  402
Ep 548 | 배송 25/50 | 재적재 3 | 도착  14 | 2홉+ 0.58 | 도달  730 | 차단  280
Ep 549 | 배송 27/50 | 재적재 3 | 도착  13 | 2홉+ 0.61 | 도달  788 | 차단  224
Ep 550 | 배송 27/50 | 재적재 3 | 도착   9 | 2홉+ 0.62 | 도달  709 | 차단  300
  [홀드아웃] 배송 14.1±7.7 재적재 0.8 2홉+ 0.67 | 최고 24.0@ep100 정체 9/15
Ep 551 | 배송 23/50 | 재적재 3 | 도착   8 | 2홉+ 0.59 | 도달  940 | 차단  292
Ep 552 | 배송 25/50 | 재적재 2 | 도착   5 | 2홉+ 0.63 | 도달  809 | 차단  805
Ep 553 | 배송 26/50 | 재적재 3 | 도착  13 | 2홉+ 0.62 | 도달  970 | 차단  497
Ep 554 | 배송 29/50 | 재적재 3 | 도착   9 | 2홉+ 0.66 | 도달 1029 | 차단  515
Ep 555 | 배송 27/50 | 재적재 3 | 도착  12 | 2홉+ 0.58 | 도달  655 | 차단  596
Ep 556 | 배송 19/50 | 재적재 0 | 도착   4 | 2홉+ 0.71 | 도달  961 | 차단 1358
Ep 557 | 배송 26/50 | 재적재 3 | 도착   9 | 2홉+ 0.60 | 도달  678 | 차단  291
Ep 558 | 배송 30/50 | 재적재 3 | 도착   7 | 2홉+ 0.61 | 도달  884 | 차단  328
Ep 559 | 배송 28/50 | 재적재 3 | 도착  11 | 2홉+ 0.63 | 도달  784 | 차단  573
Ep 560 | 배송 24/50 | 재적재 3 | 도착  11 | 2홉+ 0.56 | 도달  698 | 차단  405
Ep 561 | 배송 25/50 | 재적재 3 | 도착  11 | 2홉+ 0.62 | 도달  704 | 차단  349
Ep 562 | 배송 27/50 | 재적재 4 | 도착  14 | 2홉+ 0.59 | 도달  910 | 차단  508
Ep 563 | 배송 29/50 | 재적재 5 | 도착  11 | 2홉+ 0.55 | 도달  956 | 차단  503
Ep 564 | 배송 27/50 | 재적재 3 | 도착  14 | 2홉+ 0.56 | 도달  768 | 차단  277
Ep 565 | 배송 27/50 | 재적재 4 | 도착  10 | 2홉+ 0.60 | 도달  796 | 차단  261
Ep 566 | 배송 24/50 | 재적재 2 | 도착   9 | 2홉+ 0.63 | 도달  864 | 차단  477
Ep 567 | 배송 32/50 | 재적재 5 | 도착  10 | 2홉+ 0.56 | 도달  996 | 차단  543
Ep 568 | 배송 24/50 | 재적재 3 | 도착  13 | 2홉+ 0.59 | 도달  801 | 차단  357
Ep 569 | 배송 29/50 | 재적재 3 | 도착  15 | 2홉+ 0.61 | 도달  773 | 차단  490
Ep 570 | 배송 26/50 | 재적재 3 | 도착  37 | 2홉+ 0.56 | 도달  798 | 차단  304
Ep 571 | 배송 26/50 | 재적재 4 | 도착  12 | 2홉+ 0.63 | 도달  810 | 차단  814
Ep 572 | 배송 26/50 | 재적재 3 | 도착  11 | 2홉+ 0.64 | 도달  800 | 차단  340
Ep 573 | 배송 30/50 | 재적재 4 | 도착  12 | 2홉+ 0.62 | 도달  836 | 차단  485
Ep 574 | 배송 22/50 | 재적재 2 | 도착   9 | 2홉+ 0.58 | 도달  765 | 차단  436
Ep 575 | 배송 24/50 | 재적재 3 | 도착  12 | 2홉+ 0.67 | 도달  844 | 차단  382
Ep 576 | 배송 25/50 | 재적재 3 | 도착  12 | 2홉+ 0.60 | 도달 1074 | 차단  599
Ep 577 | 배송 23/50 | 재적재 3 | 도착   9 | 2홉+ 0.64 | 도달  826 | 차단  656
Ep 578 | 배송 25/50 | 재적재 3 | 도착   6 | 2홉+ 0.64 | 도달  813 | 차단  431
Ep 579 | 배송 31/50 | 재적재 3 | 도착  12 | 2홉+ 0.66 | 도달 1012 | 차단  418
Ep 580 | 배송 25/50 | 재적재 3 | 도착  11 | 2홉+ 0.64 | 도달  949 | 차단  458
Ep 581 | 배송 24/50 | 재적재 2 | 도착   9 | 2홉+ 0.67 | 도달  988 | 차단  565
Ep 582 | 배송 29/50 | 재적재 4 | 도착  16 | 2홉+ 0.62 | 도달  946 | 차단  508
Ep 583 | 배송 30/50 | 재적재 4 | 도착  13 | 2홉+ 0.61 | 도달  856 | 차단  303
Ep 584 | 배송 32/50 | 재적재 4 | 도착  11 | 2홉+ 0.62 | 도달  802 | 차단  532
Ep 585 | 배송 25/50 | 재적재 3 | 도착  10 | 2홉+ 0.59 | 도달  854 | 차단  380
Ep 586 | 배송 29/50 | 재적재 5 | 도착   9 | 2홉+ 0.58 | 도달  904 | 차단  605
Ep 587 | 배송 32/50 | 재적재 4 | 도착  17 | 2홉+ 0.64 | 도달  885 | 차단  606
Ep 588 | 배송 25/50 | 재적재 4 | 도착  12 | 2홉+ 0.63 | 도달 1035 | 차단  622
Ep 589 | 배송 24/50 | 재적재 3 | 도착   8 | 2홉+ 0.59 | 도달  795 | 차단  446
Ep 590 | 배송 24/50 | 재적재 3 | 도착  10 | 2홉+ 0.65 | 도달 1074 | 차단  659
Ep 591 | 배송 28/50 | 재적재 3 | 도착  33 | 2홉+ 0.52 | 도달  752 | 차단  223
Ep 592 | 배송 27/50 | 재적재 4 | 도착   9 | 2홉+ 0.61 | 도달  950 | 차단  326
Ep 593 | 배송 28/50 | 재적재 3 | 도착  13 | 2홉+ 0.64 | 도달  858 | 차단  592
Ep 594 | 배송 27/50 | 재적재 2 | 도착   9 | 2홉+ 0.66 | 도달  966 | 차단  751
Ep 595 | 배송 30/50 | 재적재 4 | 도착  15 | 2홉+ 0.57 | 도달  832 | 차단  228
Ep 596 | 배송 28/50 | 재적재 4 | 도착  11 | 2홉+ 0.60 | 도달  745 | 차단  256
Ep 597 | 배송 29/50 | 재적재 4 | 도착   8 | 2홉+ 0.65 | 도달  968 | 차단  921
Ep 598 | 배송 30/50 | 재적재 4 | 도착  14 | 2홉+ 0.58 | 도달  847 | 차단  284
Ep 599 | 배송 29/50 | 재적재 4 | 도착  13 | 2홉+ 0.62 | 도달  812 | 차단  364
Ep 600 | 배송 23/50 | 재적재 2 | 도착   9 | 2홉+ 0.65 | 도달  839 | 차단  681
  [홀드아웃] 배송 17.8±8.0 재적재 1.6 2홉+ 0.58 | 최고 24.0@ep100 정체 10/15
Ep 601 | 배송 23/50 | 재적재 2 | 도착   9 | 2홉+ 0.55 | 도달  764 | 차단  362
Ep 602 | 배송 30/50 | 재적재 3 | 도착  11 | 2홉+ 0.60 | 도달  812 | 차단  219
Ep 603 | 배송 30/50 | 재적재 3 | 도착   9 | 2홉+ 0.64 | 도달  818 | 차단  465
Ep 604 | 배송 29/50 | 재적재 4 | 도착  12 | 2홉+ 0.60 | 도달  758 | 차단  341
Ep 605 | 배송 30/50 | 재적재 5 | 도착  19 | 2홉+ 0.61 | 도달  760 | 차단  269
Ep 606 | 배송 26/50 | 재적재 3 | 도착  13 | 2홉+ 0.66 | 도달  903 | 차단  681
Ep 607 | 배송 31/50 | 재적재 3 | 도착  10 | 2홉+ 0.64 | 도달  985 | 차단  772
Ep 608 | 배송 31/50 | 재적재 5 | 도착  16 | 2홉+ 0.60 | 도달  842 | 차단  413
Ep 609 | 배송 29/50 | 재적재 4 | 도착  16 | 2홉+ 0.61 | 도달  813 | 차단  452
Ep 610 | 배송 27/50 | 재적재 3 | 도착  13 | 2홉+ 0.64 | 도달  964 | 차단  725
Ep 611 | 배송 28/50 | 재적재 3 | 도착  15 | 2홉+ 0.64 | 도달  769 | 차단  344
Ep 612 | 배송 25/50 | 재적재 3 | 도착  11 | 2홉+ 0.59 | 도달  723 | 차단  465
Ep 613 | 배송 29/50 | 재적재 4 | 도착  11 | 2홉+ 0.63 | 도달  818 | 차단  711
Ep 614 | 배송 30/50 | 재적재 5 | 도착  13 | 2홉+ 0.59 | 도달  963 | 차단  454
Ep 615 | 배송 22/50 | 재적재 2 | 도착   6 | 2홉+ 0.61 | 도달  761 | 차단  422
Ep 616 | 배송 30/50 | 재적재 4 | 도착  10 | 2홉+ 0.60 | 도달  811 | 차단  461
Ep 617 | 배송 28/50 | 재적재 2 | 도착  11 | 2홉+ 0.65 | 도달  818 | 차단  292
Ep 618 | 배송 26/50 | 재적재 4 | 도착   9 | 2홉+ 0.60 | 도달  993 | 차단  492
Ep 619 | 배송 26/50 | 재적재 3 | 도착  11 | 2홉+ 0.60 | 도달  820 | 차단  365
Ep 620 | 배송 34/50 | 재적재 5 | 도착  18 | 2홉+ 0.60 | 도달  840 | 차단  416
Ep 621 | 배송 27/50 | 재적재 2 | 도착  17 | 2홉+ 0.59 | 도달  844 | 차단  505
Ep 622 | 배송 28/50 | 재적재 3 | 도착   9 | 2홉+ 0.65 | 도달 1074 | 차단  999
Ep 623 | 배송 21/50 | 재적재 2 | 도착   9 | 2홉+ 0.60 | 도달  738 | 차단  224
Ep 624 | 배송 26/50 | 재적재 2 | 도착  24 | 2홉+ 0.55 | 도달  822 | 차단  283
Ep 625 | 배송 31/50 | 재적재 5 | 도착  13 | 2홉+ 0.61 | 도달  940 | 차단  380
Ep 626 | 배송 30/50 | 재적재 4 | 도착  13 | 2홉+ 0.64 | 도달  962 | 차단  698
Ep 627 | 배송 29/50 | 재적재 3 | 도착  11 | 2홉+ 0.63 | 도달  740 | 차단  237
Ep 628 | 배송 28/50 | 재적재 3 | 도착  12 | 2홉+ 0.58 | 도달  916 | 차단  329
Ep 629 | 배송 28/50 | 재적재 3 | 도착  12 | 2홉+ 0.66 | 도달  681 | 차단  451
Ep 630 | 배송 28/50 | 재적재 3 | 도착  11 | 2홉+ 0.60 | 도달  879 | 차단  335
Ep 631 | 배송 31/50 | 재적재 3 | 도착   9 | 2홉+ 0.62 | 도달  913 | 차단  454
Ep 632 | 배송 27/50 | 재적재 3 | 도착   9 | 2홉+ 0.58 | 도달  750 | 차단  380
Ep 633 | 배송 31/50 | 재적재 5 | 도착  15 | 2홉+ 0.59 | 도달  796 | 차단  464
Ep 634 | 배송 25/50 | 재적재 4 | 도착  10 | 2홉+ 0.61 | 도달  660 | 차단  285
Ep 635 | 배송 25/50 | 재적재 3 | 도착   7 | 2홉+ 0.62 | 도달  776 | 차단  328
Ep 636 | 배송 26/50 | 재적재 3 | 도착   8 | 2홉+ 0.60 | 도달  875 | 차단  250
Ep 637 | 배송 28/50 | 재적재 4 | 도착  12 | 2홉+ 0.65 | 도달  975 | 차단  590
Ep 638 | 배송 17/50 | 재적재 0 | 도착   8 | 2홉+ 0.70 | 도달 1029 | 차단 2345
Ep 639 | 배송 26/50 | 재적재 4 | 도착  16 | 2홉+ 0.60 | 도달  855 | 차단  478
Ep 640 | 배송 28/50 | 재적재 3 | 도착   9 | 2홉+ 0.59 | 도달  761 | 차단  442
Ep 641 | 배송 31/50 | 재적재 5 | 도착  13 | 2홉+ 0.60 | 도달  781 | 차단  316
Ep 642 | 배송 26/50 | 재적재 3 | 도착   9 | 2홉+ 0.61 | 도달  793 | 차단  448
Ep 643 | 배송 23/50 | 재적재 3 | 도착   9 | 2홉+ 0.62 | 도달  783 | 차단  657
Ep 644 | 배송 28/50 | 재적재 3 | 도착  13 | 2홉+ 0.63 | 도달  767 | 차단  289
Ep 645 | 배송 24/50 | 재적재 2 | 도착   6 | 2홉+ 0.56 | 도달  727 | 차단  315
Ep 646 | 배송 29/50 | 재적재 4 | 도착  16 | 2홉+ 0.59 | 도달  835 | 차단  528
Ep 647 | 배송 25/50 | 재적재 3 | 도착  12 | 2홉+ 0.63 | 도달  996 | 차단  378
Ep 648 | 배송 29/50 | 재적재 3 | 도착  16 | 2홉+ 0.63 | 도달  870 | 차단  755
Ep 649 | 배송 21/50 | 재적재 3 | 도착   8 | 2홉+ 0.62 | 도달  792 | 차단  227
Ep 650 | 배송 22/50 | 재적재 3 | 도착   9 | 2홉+ 0.67 | 도달 1074 | 차단 1388
  [홀드아웃] 배송 18.0±8.3 재적재 1.2 2홉+ 0.64 | 최고 24.0@ep100 정체 11/15
Ep 651 | 배송 26/50 | 재적재 2 | 도착   7 | 2홉+ 0.63 | 도달  810 | 차단  361
Ep 652 | 배송 29/50 | 재적재 4 | 도착  14 | 2홉+ 0.61 | 도달  829 | 차단  237
Ep 653 | 배송 24/50 | 재적재 3 | 도착  12 | 2홉+ 0.65 | 도달  779 | 차단  565
Ep 654 | 배송 25/50 | 재적재 4 | 도착  14 | 2홉+ 0.58 | 도달  784 | 차단  340
Ep 655 | 배송 34/50 | 재적재 4 | 도착  19 | 2홉+ 0.61 | 도달  986 | 차단  637
Ep 656 | 배송 29/50 | 재적재 4 | 도착  11 | 2홉+ 0.66 | 도달  868 | 차단  539
Ep 657 | 배송 26/50 | 재적재 4 | 도착   8 | 2홉+ 0.60 | 도달  844 | 차단  350
Ep 658 | 배송 28/50 | 재적재 3 | 도착  10 | 2홉+ 0.61 | 도달  794 | 차단  522
Ep 659 | 배송 24/50 | 재적재 3 | 도착   9 | 2홉+ 0.66 | 도달  787 | 차단  459
Ep 660 | 배송 30/50 | 재적재 3 | 도착   8 | 2홉+ 0.65 | 도달  843 | 차단  622
Ep 661 | 배송 30/50 | 재적재 3 | 도착  12 | 2홉+ 0.66 | 도달  799 | 차단  513
Ep 662 | 배송 29/50 | 재적재 3 | 도착   9 | 2홉+ 0.63 | 도달  984 | 차단  609
Ep 663 | 배송 28/50 | 재적재 3 | 도착  12 | 2홉+ 0.59 | 도달  772 | 차단  288
Ep 664 | 배송 30/50 | 재적재 3 | 도착  14 | 2홉+ 0.64 | 도달  795 | 차단  343
Ep 665 | 배송 29/50 | 재적재 4 | 도착  10 | 2홉+ 0.57 | 도달  795 | 차단  504
Ep 666 | 배송 27/50 | 재적재 4 | 도착  10 | 2홉+ 0.64 | 도달  997 | 차단  664
Ep 667 | 배송 26/50 | 재적재 4 | 도착  11 | 2홉+ 0.67 | 도달  841 | 차단  441
Ep 668 | 배송 27/50 | 재적재 3 | 도착  10 | 2홉+ 0.62 | 도달 1028 | 차단  462
Ep 669 | 배송 28/50 | 재적재 3 | 도착   9 | 2홉+ 0.54 | 도달  804 | 차단  275
Ep 670 | 배송 30/50 | 재적재 3 | 도착  14 | 2홉+ 0.64 | 도달  801 | 차단  450
Ep 671 | 배송 22/50 | 재적재 3 | 도착   7 | 2홉+ 0.57 | 도달  736 | 차단  189
Ep 672 | 배송 26/50 | 재적재 3 | 도착  11 | 2홉+ 0.62 | 도달  742 | 차단  272
Ep 673 | 배송 25/50 | 재적재 2 | 도착   8 | 2홉+ 0.64 | 도달  845 | 차단  473
Ep 674 | 배송 28/50 | 재적재 2 | 도착   9 | 2홉+ 0.63 | 도달  995 | 차단  714
Ep 675 | 배송 30/50 | 재적재 5 | 도착  16 | 2홉+ 0.54 | 도달  792 | 차단  404
Ep 676 | 배송 19/50 | 재적재 0 | 도착   7 | 2홉+ 0.69 | 도달  780 | 차단  417
Ep 677 | 배송 28/50 | 재적재 5 | 도착  11 | 2홉+ 0.58 | 도달  747 | 차단  180
Ep 678 | 배송 31/50 | 재적재 6 | 도착  17 | 2홉+ 0.56 | 도달  863 | 차단  400
Ep 679 | 배송 30/50 | 재적재 3 | 도착  30 | 2홉+ 0.57 | 도달  819 | 차단  338
Ep 680 | 배송 25/50 | 재적재 3 | 도착  10 | 2홉+ 0.64 | 도달 1050 | 차단  578
Ep 681 | 배송 26/50 | 재적재 4 | 도착  15 | 2홉+ 0.54 | 도달  751 | 차단  329
Ep 682 | 배송 19/50 | 재적재 0 | 도착   6 | 2홉+ 0.69 | 도달  954 | 차단  680
Ep 683 | 배송 26/50 | 재적재 3 | 도착  14 | 2홉+ 0.62 | 도달  861 | 차단  379
Ep 684 | 배송 23/50 | 재적재 3 | 도착   7 | 2홉+ 0.61 | 도달  806 | 차단  234
Ep 685 | 배송 27/50 | 재적재 2 | 도착  12 | 2홉+ 0.63 | 도달  748 | 차단  385
Ep 686 | 배송 32/50 | 재적재 4 | 도착  15 | 2홉+ 0.64 | 도달  829 | 차단  461
Ep 687 | 배송 25/50 | 재적재 3 | 도착  13 | 2홉+ 0.60 | 도달  814 | 차단  397
Ep 688 | 배송 25/50 | 재적재 4 | 도착  14 | 2홉+ 0.62 | 도달  734 | 차단  297
Ep 689 | 배송 31/50 | 재적재 4 | 도착   7 | 2홉+ 0.59 | 도달  919 | 차단  326
Ep 690 | 배송 29/50 | 재적재 3 | 도착   9 | 2홉+ 0.54 | 도달  760 | 차단  175
Ep 691 | 배송 23/50 | 재적재 2 | 도착  10 | 2홉+ 0.61 | 도달  716 | 차단  369
Ep 692 | 배송 28/50 | 재적재 4 | 도착  16 | 2홉+ 0.57 | 도달  896 | 차단  248
Ep 693 | 배송 30/50 | 재적재 4 | 도착  10 | 2홉+ 0.59 | 도달  806 | 차단  405
Ep 694 | 배송 25/50 | 재적재 3 | 도착   9 | 2홉+ 0.59 | 도달  710 | 차단  357
Ep 695 | 배송 30/50 | 재적재 4 | 도착  19 | 2홉+ 0.62 | 도달  861 | 차단  585
Ep 696 | 배송 24/50 | 재적재 3 | 도착   6 | 2홉+ 0.59 | 도달  805 | 차단  282
Ep 697 | 배송 30/50 | 재적재 5 | 도착  23 | 2홉+ 0.59 | 도달  800 | 차단  299
Ep 698 | 배송 24/50 | 재적재 3 | 도착  11 | 2홉+ 0.56 | 도달  674 | 차단  225
Ep 699 | 배송 23/50 | 재적재 2 | 도착  12 | 2홉+ 0.65 | 도달  682 | 차단  320
Ep 700 | 배송 30/50 | 재적재 3 | 도착  10 | 2홉+ 0.63 | 도달  883 | 차단  389
  [홀드아웃] 배송 14.9±4.8 재적재 0.6 2홉+ 0.68 | 최고 24.0@ep100 정체 12/15
Ep 701 | 배송 26/50 | 재적재 3 | 도착   7 | 2홉+ 0.64 | 도달  980 | 차단  966
Ep 702 | 배송 28/50 | 재적재 4 | 도착  13 | 2홉+ 0.61 | 도달  765 | 차단  290
Ep 703 | 배송 27/50 | 재적재 3 | 도착  11 | 2홉+ 0.64 | 도달  760 | 차단  238
Ep 704 | 배송 27/50 | 재적재 3 | 도착  12 | 2홉+ 0.60 | 도달  877 | 차단  412
Ep 705 | 배송 22/50 | 재적재 2 | 도착   6 | 2홉+ 0.61 | 도달  972 | 차단 1125
Ep 706 | 배송 26/50 | 재적재 3 | 도착  10 | 2홉+ 0.59 | 도달  819 | 차단  529
Ep 707 | 배송 25/50 | 재적재 3 | 도착   8 | 2홉+ 0.63 | 도달 1015 | 차단  663
Ep 708 | 배송 21/50 | 재적재 3 | 도착   7 | 2홉+ 0.59 | 도달  710 | 차단  512
Ep 709 | 배송 29/50 | 재적재 4 | 도착  11 | 2홉+ 0.64 | 도달 1044 | 차단  610
Ep 710 | 배송 24/50 | 재적재 3 | 도착  11 | 2홉+ 0.61 | 도달  721 | 차단  211
Ep 711 | 배송 31/50 | 재적재 4 | 도착  15 | 2홉+ 0.59 | 도달  893 | 차단  274
Ep 712 | 배송 30/50 | 재적재 4 | 도착  15 | 2홉+ 0.59 | 도달  819 | 차단  425
Ep 713 | 배송 23/50 | 재적재 2 | 도착   4 | 2홉+ 0.63 | 도달  745 | 차단  196
Ep 714 | 배송 17/50 | 재적재 0 | 도착   4 | 2홉+ 0.68 | 도달  963 | 차단 1168
Ep 715 | 배송 25/50 | 재적재 4 | 도착  14 | 2홉+ 0.62 | 도달  739 | 차단  339
Ep 716 | 배송 25/50 | 재적재 3 | 도착  10 | 2홉+ 0.63 | 도달  687 | 차단  350
Ep 717 | 배송 28/50 | 재적재 4 | 도착  13 | 2홉+ 0.58 | 도달  877 | 차단  394
Ep 718 | 배송 27/50 | 재적재 4 | 도착   9 | 2홉+ 0.57 | 도달  829 | 차단  317
Ep 719 | 배송 23/50 | 재적재 3 | 도착  10 | 2홉+ 0.65 | 도달  718 | 차단  341
Ep 720 | 배송 27/50 | 재적재 4 | 도착  15 | 2홉+ 0.56 | 도달  708 | 차단  307
Ep 721 | 배송 28/50 | 재적재 3 | 도착  10 | 2홉+ 0.64 | 도달  756 | 차단  486
Ep 722 | 배송 15/50 | 재적재 0 | 도착   2 | 2홉+ 0.67 | 도달  879 | 차단 2297
Ep 723 | 배송 28/50 | 재적재 3 | 도착  14 | 2홉+ 0.62 | 도달 1040 | 차단  529
Ep 724 | 배송 31/50 | 재적재 3 | 도착  12 | 2홉+ 0.65 | 도달  969 | 차단  464
Ep 725 | 배송 30/50 | 재적재 5 | 도착  15 | 2홉+ 0.59 | 도달  885 | 차단  355
Ep 726 | 배송 25/50 | 재적재 3 | 도착  12 | 2홉+ 0.60 | 도달  837 | 차단  495
Ep 727 | 배송 28/50 | 재적재 3 | 도착  11 | 2홉+ 0.57 | 도달  842 | 차단  343
Ep 728 | 배송 29/50 | 재적재 4 | 도착  13 | 2홉+ 0.58 | 도달  981 | 차단  682
Ep 729 | 배송 29/50 | 재적재 3 | 도착  10 | 2홉+ 0.61 | 도달 1074 | 차단  709
Ep 730 | 배송 26/50 | 재적재 3 | 도착  12 | 2홉+ 0.61 | 도달  709 | 차단  348
Ep 731 | 배송 28/50 | 재적재 3 | 도착  12 | 2홉+ 0.55 | 도달  889 | 차단  320
Ep 732 | 배송 25/50 | 재적재 3 | 도착  11 | 2홉+ 0.60 | 도달  800 | 차단  292
Ep 733 | 배송 21/50 | 재적재 2 | 도착  10 | 2홉+ 0.58 | 도달  619 | 차단  308
Ep 734 | 배송 24/50 | 재적재 3 | 도착  10 | 2홉+ 0.60 | 도달  624 | 차단  161
Ep 735 | 배송 31/50 | 재적재 4 | 도착  13 | 2홉+ 0.61 | 도달  864 | 차단  535
Ep 736 | 배송 30/50 | 재적재 4 | 도착  16 | 2홉+ 0.61 | 도달  738 | 차단  387
Ep 737 | 배송 22/50 | 재적재 3 | 도착   7 | 2홉+ 0.58 | 도달  753 | 차단  257
Ep 738 | 배송 25/50 | 재적재 3 | 도착   9 | 2홉+ 0.63 | 도달  922 | 차단  651
Ep 739 | 배송 33/50 | 재적재 3 | 도착  13 | 2홉+ 0.63 | 도달  911 | 차단  356
Ep 740 | 배송 26/50 | 재적재 4 | 도착  14 | 2홉+ 0.61 | 도달  829 | 차단  261
Ep 741 | 배송 28/50 | 재적재 3 | 도착  12 | 2홉+ 0.61 | 도달  879 | 차단  541
Ep 742 | 배송 29/50 | 재적재 4 | 도착  15 | 2홉+ 0.63 | 도달  924 | 차단  622
Ep 743 | 배송 28/50 | 재적재 3 | 도착   9 | 2홉+ 0.64 | 도달  990 | 차단  953
Ep 744 | 배송 26/50 | 재적재 3 | 도착   8 | 2홉+ 0.64 | 도달  823 | 차단  413
Ep 745 | 배송 26/50 | 재적재 3 | 도착  10 | 2홉+ 0.62 | 도달  844 | 차단  427
Ep 746 | 배송 27/50 | 재적재 5 | 도착  14 | 2홉+ 0.59 | 도달  730 | 차단  231
Ep 747 | 배송 26/50 | 재적재 4 | 도착  13 | 2홉+ 0.62 | 도달  793 | 차단  548
Ep 748 | 배송 23/50 | 재적재 3 | 도착   8 | 2홉+ 0.63 | 도달  920 | 차단  432
Ep 749 | 배송 26/50 | 재적재 3 | 도착   9 | 2홉+ 0.61 | 도달  973 | 차단  803
Ep 750 | 배송 24/50 | 재적재 3 | 도착  17 | 2홉+ 0.58 | 도달  916 | 차단  254
  [홀드아웃] 배송 16.2±9.3 재적재 1.4 2홉+ 0.65 | 최고 24.0@ep100 정체 13/15
Ep 751 | 배송 29/50 | 재적재 3 | 도착  12 | 2홉+ 0.64 | 도달  977 | 차단  809
Ep 752 | 배송 24/50 | 재적재 3 | 도착  13 | 2홉+ 0.61 | 도달  740 | 차단  261
Ep 753 | 배송 24/50 | 재적재 3 | 도착  19 | 2홉+ 0.58 | 도달  922 | 차단  296
Ep 754 | 배송 26/50 | 재적재 3 | 도착  11 | 2홉+ 0.64 | 도달 1059 | 차단  756
Ep 755 | 배송 32/50 | 재적재 4 | 도착   9 | 2홉+ 0.64 | 도달  911 | 차단  388
Ep 756 | 배송 25/50 | 재적재 2 | 도착  12 | 2홉+ 0.66 | 도달  795 | 차단  538
Ep 757 | 배송 30/50 | 재적재 6 | 도착  13 | 2홉+ 0.60 | 도달  762 | 차단  397
Ep 758 | 배송 27/50 | 재적재 3 | 도착  14 | 2홉+ 0.62 | 도달  972 | 차단  840
Ep 759 | 배송 29/50 | 재적재 3 | 도착  12 | 2홉+ 0.58 | 도달  987 | 차단  737
Ep 760 | 배송 24/50 | 재적재 4 | 도착   9 | 2홉+ 0.47 | 도달  835 | 차단  167
Ep 761 | 배송 28/50 | 재적재 5 | 도착  15 | 2홉+ 0.58 | 도달  750 | 차단  239
Ep 762 | 배송 27/50 | 재적재 4 | 도착  12 | 2홉+ 0.61 | 도달  687 | 차단  375
Ep 763 | 배송 23/50 | 재적재 2 | 도착   9 | 2홉+ 0.59 | 도달  867 | 차단  495
Ep 764 | 배송 16/50 | 재적재 0 | 도착   4 | 2홉+ 0.67 | 도달  956 | 차단 1651
Ep 765 | 배송 25/50 | 재적재 4 | 도착  14 | 2홉+ 0.55 | 도달  721 | 차단  497
Ep 766 | 배송 24/50 | 재적재 4 | 도착  16 | 2홉+ 0.56 | 도달  772 | 차단  155
Ep 767 | 배송 30/50 | 재적재 3 | 도착  17 | 2홉+ 0.65 | 도달  821 | 차단  379
Ep 768 | 배송 31/50 | 재적재 4 | 도착  11 | 2홉+ 0.63 | 도달  884 | 차단  539
Ep 769 | 배송 23/50 | 재적재 2 | 도착   5 | 2홉+ 0.59 | 도달  837 | 차단  292
Ep 770 | 배송 26/50 | 재적재 3 | 도착  10 | 2홉+ 0.62 | 도달 1061 | 차단  656
Ep 771 | 배송 30/50 | 재적재 4 | 도착  15 | 2홉+ 0.62 | 도달  723 | 차단  326
Ep 772 | 배송 26/50 | 재적재 2 | 도착  10 | 2홉+ 0.60 | 도달  768 | 차단  278
Ep 773 | 배송 29/50 | 재적재 3 | 도착  14 | 2홉+ 0.62 | 도달 1000 | 차단  342
Ep 774 | 배송 28/50 | 재적재 3 | 도착  14 | 2홉+ 0.58 | 도달  765 | 차단  286
Ep 775 | 배송 32/50 | 재적재 4 | 도착  14 | 2홉+ 0.57 | 도달  874 | 차단  445
Ep 776 | 배송 25/50 | 재적재 2 | 도착  11 | 2홉+ 0.65 | 도달  832 | 차단  662
Ep 777 | 배송 25/50 | 재적재 2 | 도착   6 | 2홉+ 0.61 | 도달  765 | 차단  292
Ep 778 | 배송 31/50 | 재적재 4 | 도착   9 | 2홉+ 0.62 | 도달  859 | 차단  454
Ep 779 | 배송 26/50 | 재적재 3 | 도착  12 | 2홉+ 0.65 | 도달  993 | 차단  818
Ep 780 | 배송 26/50 | 재적재 2 | 도착   7 | 2홉+ 0.64 | 도달  827 | 차단  731
Ep 781 | 배송 26/50 | 재적재 3 | 도착  14 | 2홉+ 0.62 | 도달  912 | 차단  360
Ep 782 | 배송 32/50 | 재적재 5 | 도착  13 | 2홉+ 0.60 | 도달  909 | 차단  458
Ep 783 | 배송 27/50 | 재적재 3 | 도착  16 | 2홉+ 0.61 | 도달  769 | 차단  419
Ep 784 | 배송 24/50 | 재적재 3 | 도착  11 | 2홉+ 0.54 | 도달  699 | 차단  293
Ep 785 | 배송 29/50 | 재적재 4 | 도착  14 | 2홉+ 0.60 | 도달  867 | 차단  294
Ep 786 | 배송 28/50 | 재적재 3 | 도착  13 | 2홉+ 0.60 | 도달  759 | 차단  447
Ep 787 | 배송 26/50 | 재적재 4 | 도착  13 | 2홉+ 0.59 | 도달  807 | 차단  387
Ep 788 | 배송 26/50 | 재적재 3 | 도착  13 | 2홉+ 0.58 | 도달  702 | 차단  181
Ep 789 | 배송 33/50 | 재적재 5 | 도착  19 | 2홉+ 0.57 | 도달  958 | 차단  567
Ep 790 | 배송 30/50 | 재적재 3 | 도착  11 | 2홉+ 0.61 | 도달  821 | 차단  467
Ep 791 | 배송 31/50 | 재적재 3 | 도착  12 | 2홉+ 0.66 | 도달  877 | 차단  506
Ep 792 | 배송 29/50 | 재적재 4 | 도착  15 | 2홉+ 0.55 | 도달  787 | 차단  362
Ep 793 | 배송 25/50 | 재적재 4 | 도착  11 | 2홉+ 0.64 | 도달  773 | 차단  496
Ep 794 | 배송 22/50 | 재적재 4 | 도착  10 | 2홉+ 0.61 | 도달  777 | 차단  743
Ep 795 | 배송 26/50 | 재적재 3 | 도착  11 | 2홉+ 0.64 | 도달  797 | 차단  469
Ep 796 | 배송 28/50 | 재적재 4 | 도착  10 | 2홉+ 0.61 | 도달  927 | 차단  520
Ep 797 | 배송 25/50 | 재적재 2 | 도착   8 | 2홉+ 0.49 | 도달  709 | 차단  137
Ep 798 | 배송 26/50 | 재적재 3 | 도착  13 | 2홉+ 0.59 | 도달  686 | 차단  278
Ep 799 | 배송 25/50 | 재적재 4 | 도착  11 | 2홉+ 0.59 | 도달  924 | 차단  416
Ep 800 | 배송 26/50 | 재적재 2 | 도착   8 | 2홉+ 0.56 | 도달 1028 | 차단  717
  [홀드아웃] 배송 22.1±4.1 재적재 2.0 2홉+ 0.64 | 최고 24.0@ep100 정체 14/15
Ep 801 | 배송 29/50 | 재적재 3 | 도착  13 | 2홉+ 0.66 | 도달  853 | 차단  660
Ep 802 | 배송 21/50 | 재적재 3 | 도착   7 | 2홉+ 0.66 | 도달  671 | 차단  300
Ep 803 | 배송 28/50 | 재적재 3 | 도착  12 | 2홉+ 0.57 | 도달  954 | 차단  475
Ep 804 | 배송 24/50 | 재적재 3 | 도착  15 | 2홉+ 0.64 | 도달  740 | 차단  263
Ep 805 | 배송 28/50 | 재적재 3 | 도착  10 | 2홉+ 0.61 | 도달  717 | 차단  285
Ep 806 | 배송 27/50 | 재적재 4 | 도착  11 | 2홉+ 0.58 | 도달  808 | 차단  269
Ep 807 | 배송 26/50 | 재적재 3 | 도착   8 | 2홉+ 0.64 | 도달  900 | 차단  449
Ep 808 | 배송 29/50 | 재적재 3 | 도착  11 | 2홉+ 0.62 | 도달  960 | 차단  458
Ep 809 | 배송 26/50 | 재적재 3 | 도착  10 | 2홉+ 0.59 | 도달  704 | 차단  138
Ep 810 | 배송 29/50 | 재적재 2 | 도착  11 | 2홉+ 0.65 | 도달  882 | 차단  519
Ep 811 | 배송 33/50 | 재적재 5 | 도착  14 | 2홉+ 0.60 | 도달  869 | 차단  446
Ep 812 | 배송 25/50 | 재적재 3 | 도착  12 | 2홉+ 0.63 | 도달  740 | 차단  315
Ep 813 | 배송 28/50 | 재적재 5 | 도착  15 | 2홉+ 0.59 | 도달  980 | 차단  651
Ep 814 | 배송 30/50 | 재적재 2 | 도착  11 | 2홉+ 0.64 | 도달 1035 | 차단  445
Ep 815 | 배송 26/50 | 재적재 3 | 도착   8 | 2홉+ 0.56 | 도달  733 | 차단  729
Ep 816 | 배송 30/50 | 재적재 3 | 도착  12 | 2홉+ 0.64 | 도달  971 | 차단  603
Ep 817 | 배송 22/50 | 재적재 2 | 도착  12 | 2홉+ 0.66 | 도달  743 | 차단  656
Ep 818 | 배송 27/50 | 재적재 2 | 도착  10 | 2홉+ 0.60 | 도달  726 | 차단  409
Ep 819 | 배송 30/50 | 재적재 3 | 도착  12 | 2홉+ 0.64 | 도달  996 | 차단  740
Ep 820 | 배송 26/50 | 재적재 3 | 도착  11 | 2홉+ 0.64 | 도달 1005 | 차단  876
Ep 821 | 배송 27/50 | 재적재 4 | 도착  12 | 2홉+ 0.63 | 도달  887 | 차단  621
Ep 822 | 배송 26/50 | 재적재 3 | 도착   9 | 2홉+ 0.61 | 도달  886 | 차단  330
Ep 823 | 배송 25/50 | 재적재 4 | 도착  13 | 2홉+ 0.62 | 도달  842 | 차단  344
Ep 824 | 배송 33/50 | 재적재 4 | 도착  14 | 2홉+ 0.61 | 도달  781 | 차단  560
Ep 825 | 배송 27/50 | 재적재 3 | 도착  11 | 2홉+ 0.63 | 도달  969 | 차단  793
Ep 826 | 배송 26/50 | 재적재 3 | 도착   7 | 2홉+ 0.66 | 도달  755 | 차단  433
Ep 827 | 배송 22/50 | 재적재 3 | 도착   7 | 2홉+ 0.65 | 도달  703 | 차단  263
Ep 828 | 배송 26/50 | 재적재 4 | 도착  11 | 2홉+ 0.61 | 도달  747 | 차단  329
Ep 829 | 배송 27/50 | 재적재 4 | 도착  13 | 2홉+ 0.64 | 도달  892 | 차단  404
Ep 830 | 배송 21/50 | 재적재 2 | 도착   9 | 2홉+ 0.61 | 도달  831 | 차단  356
Ep 831 | 배송 24/50 | 재적재 3 | 도착  11 | 2홉+ 0.63 | 도달  757 | 차단  470
Ep 832 | 배송 29/50 | 재적재 3 | 도착  14 | 2홉+ 0.67 | 도달  813 | 차단  541
Ep 833 | 배송 22/50 | 재적재 1 | 도착   6 | 2홉+ 0.66 | 도달  962 | 차단  838
Ep 834 | 배송 25/50 | 재적재 3 | 도착  16 | 2홉+ 0.61 | 도달  874 | 차단  404
Ep 835 | 배송 24/50 | 재적재 4 | 도착  13 | 2홉+ 0.50 | 도달  754 | 차단  413
Ep 836 | 배송 27/50 | 재적재 3 | 도착  12 | 2홉+ 0.61 | 도달  767 | 차단  480
Ep 837 | 배송 25/50 | 재적재 3 | 도착  10 | 2홉+ 0.64 | 도달  804 | 차단  439
Ep 838 | 배송 28/50 | 재적재 3 | 도착  12 | 2홉+ 0.62 | 도달  834 | 차단  306
Ep 839 | 배송 24/50 | 재적재 2 | 도착   9 | 2홉+ 0.61 | 도달  653 | 차단  269
Ep 840 | 배송 29/50 | 재적재 4 | 도착  12 | 2홉+ 0.65 | 도달  750 | 차단  448
Ep 841 | 배송 31/50 | 재적재 4 | 도착  14 | 2홉+ 0.62 | 도달  867 | 차단  434
Ep 842 | 배송 24/50 | 재적재 2 | 도착  10 | 2홉+ 0.63 | 도달  747 | 차단  329
Ep 843 | 배송 28/50 | 재적재 2 | 도착  10 | 2홉+ 0.63 | 도달  805 | 차단  387
Ep 844 | 배송 26/50 | 재적재 3 | 도착  12 | 2홉+ 0.62 | 도달  789 | 차단  427
Ep 845 | 배송 24/50 | 재적재 3 | 도착   7 | 2홉+ 0.63 | 도달  797 | 차단  466
Ep 846 | 배송 24/50 | 재적재 3 | 도착   9 | 2홉+ 0.61 | 도달  962 | 차단  493
Ep 847 | 배송 23/50 | 재적재 2 | 도착  13 | 2홉+ 0.60 | 도달  748 | 차단  274
Ep 848 | 배송 24/50 | 재적재 2 | 도착   9 | 2홉+ 0.62 | 도달  762 | 차단  580
Ep 849 | 배송 27/50 | 재적재 2 | 도착  10 | 2홉+ 0.60 | 도달  920 | 차단  635
Ep 850 | 배송 26/50 | 재적재 4 | 도착  12 | 2홉+ 0.60 | 도달  803 | 차단  356
  [홀드아웃] 배송 17.5±6.4 재적재 1.1 2홉+ 0.63 | 최고 24.0@ep100 정체 15/15

조기 종료. 최고 24.0@ep100
Training finished. best=24.0 @ ep100
