/home/kopt/enter/envs/wsl_neuroMCTS/lib/python3.10/site-packages/pygame/pkgdata.py:25: UserWarning: pkg_resources is deprecated as an API. See https://setuptools.pypa.io/en/latest/pkg_resources.html. The pkg_resources package is slated for removal as early as 2025-11-30. Refrain from using this package or pin to Setuptools<81.
  from pkg_resources import resource_stream, resource_exists
pygame 2.6.1 (SDL 2.28.4, Python 3.10.19)
Hello from the pygame community. https://www.pygame.org/contribute.html
단계=manager 장치=cuda 반경=300.0 상위주기=20 시드=1 교착관측=True
상한=10000 교착한도=100 무배송한도=200 (초반 300ep까지 1000) gamma=0.99 미완료페널티=0.0
worker_obs=16 manager_obs=43 state=66 상위행동=7
하위 가중치 로드: weights/v3_26_09_07_17_w/best_worker.pth
Ep 1 |  4035스텝 | 배송 43/50 | 재적재  7 | 정지 0.14 교착최장  44 | no_progress
Ep 2 |  3502스텝 | 배송 42/50 | 재적재  7 | 정지 0.23 교착최장 100 | deadlock
Ep 3 |  2588스텝 | 배송 40/50 | 재적재  7 | 정지 0.13 교착최장  13 | no_progress
Ep 4 |  1395스텝 | 배송 26/50 | 재적재  4 | 정지 0.36 교착최장 100 | deadlock
Ep 5 |  2958스텝 | 배송 45/50 | 재적재  9 | 정지 0.10 교착최장  14 | no_progress
Ep 6 |  3769스텝 | 배송 39/50 | 재적재  7 | 정지 0.23 교착최장  40 | no_progress
Ep 7 |  3045스텝 | 배송 45/50 | 재적재  9 | 정지 0.10 교착최장  25 | no_progress
Ep 8 |  4465스텝 | 배송 45/50 | 재적재  8 | 정지 0.20 교착최장  31 | no_progress
Ep 9 |  4280스텝 | 배송 46/50 | 재적재  9 | 정지 0.15 교착최장  26 | no_progress
Ep 10 |  5590스텝 | 배송 49/50 | 재적재  8 | 정지 0.16 교착최장  24 | no_progress
Ep 11 |  2709스텝 | 배송 36/50 | 재적재  6 | 정지 0.37 교착최장  39 | no_progress
Ep 12 |  3963스텝 | 배송 45/50 | 재적재  8 | 정지 0.27 교착최장  30 | no_progress
Ep 13 |  4892스텝 | 배송 38/50 | 재적재  5 | 정지 0.18 교착최장  18 | no_progress
Ep 14 |  3540스텝 | 배송 43/50 | 재적재  8 | 정지 0.08 교착최장   9 | no_progress
Ep 15 |  3525스텝 | 배송 42/50 | 재적재  7 | 정지 0.19 교착최장  16 | no_progress
Ep 16 |  4667스텝 | 배송 38/50 | 재적재  6 | 정지 0.17 교착최장  18 | no_progress
Ep 17 |  3526스텝 | 배송 44/50 | 재적재  8 | 정지 0.12 교착최장  19 | no_progress
Ep 18 |  2049스텝 | 배송 29/50 | 재적재  3 | 정지 0.10 교착최장  11 | no_progress
Ep 19 |  1513스텝 | 배송 17/50 | 재적재  0 | 정지 0.08 교착최장   3 | no_progress
Ep 20 |  2590스텝 | 배송 34/50 | 재적재  6 | 정지 0.21 교착최장  36 | no_progress
Ep 21 |  3190스텝 | 배송 32/50 | 재적재  6 | 정지 0.11 교착최장  27 | no_progress
Ep 22 |  3537스텝 | 배송 34/50 | 재적재  6 | 정지 0.14 교착최장  16 | no_progress
Ep 23 |  4936스텝 | 배송 44/50 | 재적재  8 | 정지 0.16 교착최장  13 | no_progress
Ep 24 |  4073스텝 | 배송 42/50 | 재적재  8 | 정지 0.13 교착최장  21 | no_progress
Ep 25 |  4187스텝 | 배송 45/50 | 재적재  9 | 정지 0.09 교착최장  10 | no_progress
Ep 26 |  6027스텝 | 배송 49/50 | 재적재  8 | 정지 0.17 교착최장  28 | no_progress
Ep 27 |  5400스텝 | 배송 44/50 | 재적재  8 | 정지 0.13 교착최장  17 | no_progress
Ep 28 |  4464스텝 | 배송 46/50 | 재적재  9 | 정지 0.13 교착최장  26 | no_progress
Ep 29 |  5244스텝 | 배송 44/50 | 재적재  8 | 정지 0.14 교착최장  12 | no_progress
Ep 30 |  3577스텝 | 배송 40/50 | 재적재  7 | 정지 0.12 교착최장   8 | no_progress
Ep 31 |  3223스텝 | 배송 45/50 | 재적재  7 | 정지 0.16 교착최장 100 | deadlock
Ep 32 |  4632스텝 | 배송 44/50 | 재적재  7 | 정지 0.17 교착최장  18 | no_progress
Ep 33 |  3712스텝 | 배송 36/50 | 재적재  6 | 정지 0.22 교착최장  22 | no_progress
Ep 34 |  3518스텝 | 배송 39/50 | 재적재  6 | 정지 0.17 교착최장  10 | no_progress
Ep 35 |  4673스텝 | 배송 40/50 | 재적재  6 | 정지 0.25 교착최장  14 | no_progress
Ep 36 |  5919스텝 | 배송 45/50 | 재적재  8 | 정지 0.17 교착최장  14 | no_progress
Ep 37 |  6394스텝 | 배송 47/50 | 재적재  8 | 정지 0.15 교착최장  18 | no_progress
Ep 38 |  5299스텝 | 배송 46/50 | 재적재  8 | 정지 0.19 교착최장  15 | no_progress
Ep 39 |  3213스텝 | 배송 33/50 | 재적재  4 | 정지 0.22 교착최장  14 | no_progress
Ep 40 |  3909스텝 | 배송 42/50 | 재적재  5 | 정지 0.16 교착최장  14 | no_progress
Ep 41 |  4896스텝 | 배송 43/50 | 재적재  8 | 정지 0.10 교착최장  15 | no_progress
Ep 42 |  4713스텝 | 배송 45/50 | 재적재  7 | 정지 0.19 교착최장  66 | no_progress
Ep 43 |  4899스텝 | 배송 46/50 | 재적재  8 | 정지 0.14 교착최장  13 | no_progress
Ep 44 |  3065스텝 | 배송 30/50 | 재적재  4 | 정지 0.16 교착최장  26 | no_progress
Ep 45 |  3727스텝 | 배송 41/50 | 재적재  6 | 정지 0.16 교착최장  11 | no_progress
Ep 46 |  5219스텝 | 배송 40/50 | 재적재  8 | 정지 0.15 교착최장   9 | no_progress
Ep 47 |  5016스텝 | 배송 47/50 | 재적재  8 | 정지 0.18 교착최장  15 | no_progress
Ep 48 |  4348스텝 | 배송 40/50 | 재적재  8 | 정지 0.23 교착최장  15 | no_progress
Ep 49 |  2362스텝 | 배송 36/50 | 재적재  7 | 정지 0.07 교착최장   5 | no_progress
Ep 50 |  3353스텝 | 배송 41/50 | 재적재  6 | 정지 0.23 교착최장  73 | no_progress
  [홀드아웃] 배송 19.0±7.2 재적재 1.4 2홉+ 0.42 | 최고 19.0@ep50 정체 0/15  ← 갱신
Ep 51 |  6131스텝 | 배송 45/50 | 재적재  8 | 정지 0.16 교착최장  39 | no_progress
Ep 52 |  5579스텝 | 배송 47/50 | 재적재  7 | 정지 0.17 교착최장  21 | no_progress
Ep 53 |  4378스텝 | 배송 42/50 | 재적재  7 | 정지 0.16 교착최장  22 | no_progress
Ep 54 |  4519스텝 | 배송 44/50 | 재적재  8 | 정지 0.07 교착최장   7 | no_progress
Ep 55 |  3831스텝 | 배송 44/50 | 재적재  7 | 정지 0.09 교착최장   7 | no_progress
Ep 56 |  3361스텝 | 배송 36/50 | 재적재  5 | 정지 0.12 교착최장  12 | no_progress
Ep 57 |  3882스텝 | 배송 35/50 | 재적재  6 | 정지 0.14 교착최장  17 | no_progress
Ep 58 |  2049스텝 | 배송 18/50 | 재적재  1 | 정지 0.21 교착최장  12 | no_progress
Ep 59 |  4914스텝 | 배송 40/50 | 재적재  8 | 정지 0.11 교착최장  23 | no_progress
Ep 60 |  3878스텝 | 배송 44/50 | 재적재  7 | 정지 0.15 교착최장  31 | no_progress
Ep 61 |  4826스텝 | 배송 45/50 | 재적재  8 | 정지 0.15 교착최장  17 | no_progress
Ep 62 |  5389스텝 | 배송 44/50 | 재적재  7 | 정지 0.16 교착최장  25 | no_progress
Ep 63 |  5713스텝 | 배송 46/50 | 재적재  8 | 정지 0.22 교착최장  33 | no_progress
Ep 64 |  4824스텝 | 배송 41/50 | 재적재  7 | 정지 0.17 교착최장  17 | no_progress
Ep 65 |  4876스텝 | 배송 44/50 | 재적재  7 | 정지 0.18 교착최장  25 | no_progress
Ep 66 |  4395스텝 | 배송 45/50 | 재적재  9 | 정지 0.18 교착최장  18 | no_progress
Ep 67 |  3669스텝 | 배송 35/50 | 재적재  5 | 정지 0.13 교착최장   7 | no_progress
Ep 68 |  3712스텝 | 배송 44/50 | 재적재  7 | 정지 0.15 교착최장  15 | no_progress
Ep 69 |  5043스텝 | 배송 46/50 | 재적재  9 | 정지 0.13 교착최장  22 | no_progress
Ep 70 |  4361스텝 | 배송 44/50 | 재적재  7 | 정지 0.23 교착최장  22 | no_progress
Ep 71 |  4787스텝 | 배송 42/50 | 재적재  8 | 정지 0.16 교착최장   8 | no_progress
Ep 72 |  2912스텝 | 배송 39/50 | 재적재  7 | 정지 0.16 교착최장  31 | no_progress
Ep 73 |  2456스텝 | 배송 38/50 | 재적재  6 | 정지 0.16 교착최장  14 | no_progress
Ep 74 |  1797스텝 | 배송 33/50 | 재적재  4 | 정지 0.22 교착최장 100 | deadlock
Ep 75 |  3672스텝 | 배송 40/50 | 재적재  7 | 정지 0.16 교착최장  15 | no_progress
Ep 76 |  3153스텝 | 배송 33/50 | 재적재  4 | 정지 0.15 교착최장   8 | no_progress
Ep 77 |  3769스텝 | 배송 40/50 | 재적재  6 | 정지 0.22 교착최장   9 | no_progress
Ep 78 |  3187스텝 | 배송 37/50 | 재적재  5 | 정지 0.13 교착최장   6 | no_progress
Ep 79 |  4761스텝 | 배송 41/50 | 재적재  8 | 정지 0.15 교착최장  17 | no_progress
Ep 80 |  1081스텝 | 배송  6/50 | 재적재  0 | 정지 0.00 교착최장   0 | no_progress
Ep 81 |  1131스텝 | 배송  6/50 | 재적재  0 | 정지 0.03 교착최장   2 | no_progress
Ep 82 |  4676스텝 | 배송 39/50 | 재적재  7 | 정지 0.17 교착최장   7 | no_progress
Ep 83 |  3681스텝 | 배송 44/50 | 재적재  8 | 정지 0.08 교착최장  13 | no_progress
Ep 84 |  3820스텝 | 배송 42/50 | 재적재  7 | 정지 0.12 교착최장  19 | no_progress
Ep 85 |  4566스텝 | 배송 42/50 | 재적재  8 | 정지 0.15 교착최장  14 | no_progress
Ep 86 |  4111스텝 | 배송 42/50 | 재적재  8 | 정지 0.13 교착최장  11 | no_progress
Ep 87 |  4075스텝 | 배송 42/50 | 재적재  6 | 정지 0.16 교착최장  10 | no_progress
Ep 88 |  4875스텝 | 배송 41/50 | 재적재  8 | 정지 0.15 교착최장  14 | no_progress
Ep 89 |  4535스텝 | 배송 40/50 | 재적재  7 | 정지 0.18 교착최장  52 | no_progress
Ep 90 |  3279스텝 | 배송 39/50 | 재적재  5 | 정지 0.14 교착최장  18 | no_progress
Ep 91 |  4410스텝 | 배송 41/50 | 재적재  7 | 정지 0.21 교착최장  16 | no_progress
Ep 92 |  4755스텝 | 배송 41/50 | 재적재  8 | 정지 0.09 교착최장   8 | no_progress
Ep 93 |  4725스텝 | 배송 44/50 | 재적재  8 | 정지 0.10 교착최장  11 | no_progress
Ep 94 |  3814스텝 | 배송 46/50 | 재적재  8 | 정지 0.12 교착최장  11 | no_progress
Ep 95 |  4685스텝 | 배송 43/50 | 재적재  8 | 정지 0.12 교착최장  16 | no_progress
Ep 96 |  4363스텝 | 배송 45/50 | 재적재  8 | 정지 0.11 교착최장  29 | no_progress
Ep 97 |  5046스텝 | 배송 44/50 | 재적재  8 | 정지 0.11 교착최장  14 | no_progress
Ep 98 |  5603스텝 | 배송 40/50 | 재적재  6 | 정지 0.27 교착최장  29 | no_progress
Ep 99 |  5170스텝 | 배송 45/50 | 재적재  9 | 정지 0.14 교착최장  13 | no_progress
Ep 100 |  3283스텝 | 배송 34/50 | 재적재  6 | 정지 0.16 교착최장  17 | no_progress
  [홀드아웃] 배송 17.0±5.3 재적재 1.0 2홉+ 0.47 | 최고 19.0@ep50 정체 1/15
Ep 101 |  5330스텝 | 배송 43/50 | 재적재  7 | 정지 0.20 교착최장  36 | no_progress
Ep 102 |  5055스텝 | 배송 43/50 | 재적재  7 | 정지 0.14 교착최장  23 | no_progress
Ep 103 |  4617스텝 | 배송 44/50 | 재적재  6 | 정지 0.17 교착최장  19 | no_progress
Ep 104 |  6926스텝 | 배송 43/50 | 재적재  6 | 정지 0.18 교착최장  29 | no_progress
Ep 105 |  5443스텝 | 배송 39/50 | 재적재  6 | 정지 0.20 교착최장  23 | no_progress
Ep 106 |  6334스텝 | 배송 41/50 | 재적재  8 | 정지 0.15 교착최장  14 | no_progress
Ep 107 |  6356스텝 | 배송 41/50 | 재적재  8 | 정지 0.17 교착최장  73 | no_progress
Ep 108 |  4497스텝 | 배송 40/50 | 재적재  6 | 정지 0.15 교착최장  16 | no_progress
Ep 109 |  5191스텝 | 배송 42/50 | 재적재  8 | 정지 0.15 교착최장  16 | no_progress
Ep 110 |  5464스텝 | 배송 41/50 | 재적재  7 | 정지 0.18 교착최장  24 | no_progress
Ep 111 |  3966스텝 | 배송 36/50 | 재적재  4 | 정지 0.24 교착최장  33 | no_progress
Ep 112 |  3627스텝 | 배송 42/50 | 재적재  7 | 정지 0.20 교착최장  13 | no_progress
Ep 113 |  3559스텝 | 배송 38/50 | 재적재  6 | 정지 0.09 교착최장  13 | no_progress
Ep 114 |  3704스텝 | 배송 43/50 | 재적재  8 | 정지 0.12 교착최장   7 | no_progress
Ep 115 |  4323스텝 | 배송 45/50 | 재적재  8 | 정지 0.10 교착최장  14 | no_progress
Ep 116 |  4261스텝 | 배송 44/50 | 재적재  8 | 정지 0.12 교착최장  10 | no_progress
Ep 117 |  5039스텝 | 배송 43/50 | 재적재  8 | 정지 0.11 교착최장   7 | no_progress
Ep 118 |  4624스텝 | 배송 43/50 | 재적재  8 | 정지 0.11 교착최장   9 | no_progress
Ep 119 |  2360스텝 | 배송 31/50 | 재적재  5 | 정지 0.17 교착최장  12 | no_progress
Ep 120 |  5371스텝 | 배송 46/50 | 재적재  7 | 정지 0.14 교착최장  10 | no_progress
Ep 121 |  5243스텝 | 배송 42/50 | 재적재  7 | 정지 0.20 교착최장  23 | no_progress
Ep 122 |  3215스텝 | 배송 37/50 | 재적재  5 | 정지 0.18 교착최장  24 | no_progress
Ep 123 |  2713스텝 | 배송 29/50 | 재적재  4 | 정지 0.22 교착최장   8 | no_progress
Ep 124 |  5368스텝 | 배송 46/50 | 재적재  7 | 정지 0.15 교착최장  13 | no_progress
Ep 125 |  4960스텝 | 배송 45/50 | 재적재  8 | 정지 0.12 교착최장  27 | no_progress
Ep 126 |  4119스텝 | 배송 42/50 | 재적재  7 | 정지 0.21 교착최장  54 | no_progress
Ep 127 |  3569스텝 | 배송 32/50 | 재적재  5 | 정지 0.10 교착최장   8 | no_progress
Ep 128 |  5461스텝 | 배송 41/50 | 재적재  8 | 정지 0.14 교착최장  12 | no_progress
Ep 129 |  3654스텝 | 배송 38/50 | 재적재  6 | 정지 0.14 교착최장   9 | no_progress
Ep 130 |  3405스텝 | 배송 40/50 | 재적재  6 | 정지 0.13 교착최장  33 | no_progress
Ep 131 |  3772스텝 | 배송 35/50 | 재적재  5 | 정지 0.16 교착최장  13 | no_progress
Ep 132 |  3797스텝 | 배송 44/50 | 재적재  6 | 정지 0.21 교착최장  24 | no_progress
Ep 133 |  3405스텝 | 배송 40/50 | 재적재  6 | 정지 0.21 교착최장  18 | no_progress
Ep 134 |  5415스텝 | 배송 46/50 | 재적재  8 | 정지 0.18 교착최장  17 | no_progress
Ep 135 |  5637스텝 | 배송 46/50 | 재적재  9 | 정지 0.14 교착최장  13 | no_progress
Ep 136 |  4915스텝 | 배송 42/50 | 재적재  8 | 정지 0.21 교착최장  39 | no_progress
Ep 137 |  3750스텝 | 배송 34/50 | 재적재  5 | 정지 0.16 교착최장  18 | no_progress
Ep 138 |  4516스텝 | 배송 43/50 | 재적재  6 | 정지 0.21 교착최장  23 | no_progress
Ep 139 |  5453스텝 | 배송 44/50 | 재적재  8 | 정지 0.11 교착최장  12 | no_progress
Ep 140 |  4679스텝 | 배송 42/50 | 재적재  7 | 정지 0.25 교착최장  45 | no_progress
Ep 141 |  4020스텝 | 배송 41/50 | 재적재  7 | 정지 0.13 교착최장  10 | no_progress
Ep 142 |  4285스텝 | 배송 42/50 | 재적재  6 | 정지 0.19 교착최장  34 | no_progress
Ep 143 |  3016스텝 | 배송 36/50 | 재적재  6 | 정지 0.14 교착최장  19 | no_progress
Ep 144 |  3082스텝 | 배송 39/50 | 재적재  6 | 정지 0.15 교착최장  17 | no_progress
Ep 145 |  3491스텝 | 배송 41/50 | 재적재  7 | 정지 0.10 교착최장   9 | no_progress
Ep 146 |  4109스텝 | 배송 43/50 | 재적재  6 | 정지 0.27 교착최장  63 | no_progress
Ep 147 |  3998스텝 | 배송 44/50 | 재적재  6 | 정지 0.14 교착최장  10 | no_progress
Ep 148 |  5221스텝 | 배송 43/50 | 재적재  8 | 정지 0.12 교착최장  31 | no_progress
Ep 149 |  4120스텝 | 배송 44/50 | 재적재  8 | 정지 0.13 교착최장  19 | no_progress
Ep 150 |  5336스텝 | 배송 46/50 | 재적재  8 | 정지 0.17 교착최장  43 | no_progress
  [홀드아웃] 배송 12.6±11.7 재적재 1.4 2홉+ 0.22 | 최고 19.0@ep50 정체 2/15
Ep 151 |  3978스텝 | 배송 41/50 | 재적재  8 | 정지 0.12 교착최장  13 | no_progress
Ep 152 |  3906스텝 | 배송 37/50 | 재적재  5 | 정지 0.27 교착최장  36 | no_progress
Ep 153 |  3819스텝 | 배송 42/50 | 재적재  6 | 정지 0.10 교착최장  17 | no_progress
Ep 154 |  4060스텝 | 배송 38/50 | 재적재  6 | 정지 0.16 교착최장  17 | no_progress
Ep 155 |  3935스텝 | 배송 35/50 | 재적재  5 | 정지 0.12 교착최장  10 | no_progress
Ep 156 |  3475스텝 | 배송 36/50 | 재적재  6 | 정지 0.13 교착최장  28 | no_progress
Ep 157 |  4098스텝 | 배송 45/50 | 재적재  7 | 정지 0.17 교착최장  12 | no_progress
Ep 158 |  4740스텝 | 배송 42/50 | 재적재  6 | 정지 0.21 교착최장  23 | no_progress
Ep 159 |  5327스텝 | 배송 44/50 | 재적재  8 | 정지 0.13 교착최장  12 | no_progress
Ep 160 |  3451스텝 | 배송 40/50 | 재적재  6 | 정지 0.09 교착최장  18 | no_progress
Ep 161 |  4725스텝 | 배송 44/50 | 재적재  8 | 정지 0.15 교착최장  23 | no_progress
Ep 162 |  4807스텝 | 배송 39/50 | 재적재  6 | 정지 0.17 교착최장  37 | no_progress
Ep 163 |  4521스텝 | 배송 44/50 | 재적재  7 | 정지 0.24 교착최장  60 | no_progress
Ep 164 |  3578스텝 | 배송 39/50 | 재적재  6 | 정지 0.17 교착최장  16 | no_progress
Ep 165 |  5579스텝 | 배송 48/50 | 재적재  8 | 정지 0.12 교착최장   8 | no_progress
Ep 166 |  3966스텝 | 배송 37/50 | 재적재  6 | 정지 0.16 교착최장  15 | no_progress
Ep 167 |  3331스텝 | 배송 34/50 | 재적재  5 | 정지 0.12 교착최장  14 | no_progress
Ep 168 |  7564스텝 | 배송 45/50 | 재적재  8 | 정지 0.22 교착최장 100 | deadlock
Ep 169 |  3597스텝 | 배송 38/50 | 재적재  6 | 정지 0.13 교착최장   9 | no_progress
Ep 170 |  3820스텝 | 배송 38/50 | 재적재  6 | 정지 0.14 교착최장  18 | no_progress
Ep 171 |  2553스텝 | 배송 35/50 | 재적재  5 | 정지 0.14 교착최장  11 | no_progress
Ep 172 |  4428스텝 | 배송 40/50 | 재적재  7 | 정지 0.09 교착최장  19 | no_progress
Ep 173 |  4196스텝 | 배송 41/50 | 재적재  7 | 정지 0.16 교착최장  10 | no_progress
Ep 174 |  3111스텝 | 배송 31/50 | 재적재  4 | 정지 0.10 교착최장   5 | no_progress
Ep 175 |  3000스텝 | 배송 38/50 | 재적재  6 | 정지 0.19 교착최장  17 | no_progress
Ep 176 |  5134스텝 | 배송 40/50 | 재적재  7 | 정지 0.24 교착최장  16 | no_progress
Ep 177 |  3274스텝 | 배송 43/50 | 재적재  8 | 정지 0.15 교착최장  33 | no_progress
Ep 178 |  5347스텝 | 배송 36/50 | 재적재  6 | 정지 0.12 교착최장  13 | no_progress
Ep 179 |  2589스텝 | 배송 34/50 | 재적재  6 | 정지 0.12 교착최장  11 | no_progress
Ep 180 |  1792스텝 | 배송 23/50 | 재적재  2 | 정지 0.42 교착최장  66 | no_progress
Ep 181 |  5817스텝 | 배송 45/50 | 재적재  8 | 정지 0.13 교착최장  19 | no_progress
Ep 182 |  4787스텝 | 배송 38/50 | 재적재  6 | 정지 0.13 교착최장  15 | no_progress
Ep 183 |  3694스텝 | 배송 40/50 | 재적재  6 | 정지 0.21 교착최장  63 | no_progress
Ep 184 |  4574스텝 | 배송 43/50 | 재적재  7 | 정지 0.13 교착최장  26 | no_progress
Ep 185 |  3609스텝 | 배송 38/50 | 재적재  6 | 정지 0.18 교착최장   8 | no_progress
Ep 186 |  6343스텝 | 배송 43/50 | 재적재  7 | 정지 0.20 교착최장  41 | no_progress
Ep 187 |  5176스텝 | 배송 42/50 | 재적재  7 | 정지 0.14 교착최장   7 | no_progress
Ep 188 |  3692스텝 | 배송 41/50 | 재적재  6 | 정지 0.12 교착최장 100 | deadlock
Ep 189 |  4883스텝 | 배송 36/50 | 재적재  6 | 정지 0.10 교착최장   8 | no_progress
Ep 190 |  5157스텝 | 배송 41/50 | 재적재  7 | 정지 0.13 교착최장  30 | no_progress
Ep 191 |  5597스텝 | 배송 44/50 | 재적재  8 | 정지 0.11 교착최장  13 | no_progress
Ep 192 |  3047스텝 | 배송 40/50 | 재적재  7 | 정지 0.15 교착최장  13 | no_progress
Ep 193 |  5760스텝 | 배송 43/50 | 재적재  7 | 정지 0.22 교착최장  66 | no_progress
Ep 194 |  5085스텝 | 배송 41/50 | 재적재  7 | 정지 0.16 교착최장  12 | no_progress
Ep 195 |  4818스텝 | 배송 40/50 | 재적재  7 | 정지 0.13 교착최장  23 | no_progress
Ep 196 |  3251스텝 | 배송 35/50 | 재적재  5 | 정지 0.17 교착최장  11 | no_progress
Ep 197 |  3517스텝 | 배송 42/50 | 재적재  7 | 정지 0.13 교착최장  16 | no_progress
Ep 198 |  4307스텝 | 배송 41/50 | 재적재  6 | 정지 0.21 교착최장  30 | no_progress
Ep 199 |  2897스텝 | 배송 32/50 | 재적재  4 | 정지 0.09 교착최장   8 | no_progress
Ep 200 |  5420스텝 | 배송 42/50 | 재적재  6 | 정지 0.23 교착최장  75 | no_progress
  [홀드아웃] 배송 7.8±9.5 재적재 0.6 2홉+ 0.18 | 최고 19.0@ep50 정체 3/15
Ep 201 |  5171스텝 | 배송 43/50 | 재적재  7 | 정지 0.15 교착최장  17 | no_progress
Ep 202 |  3409스텝 | 배송 39/50 | 재적재  5 | 정지 0.19 교착최장  20 | no_progress
Ep 203 |  4160스텝 | 배송 39/50 | 재적재  7 | 정지 0.14 교착최장  11 | no_progress
Ep 204 |  4480스텝 | 배송 38/50 | 재적재  4 | 정지 0.12 교착최장  11 | no_progress
Ep 205 |  5178스텝 | 배송 43/50 | 재적재  8 | 정지 0.12 교착최장  11 | no_progress
Ep 206 |  5187스텝 | 배송 42/50 | 재적재  6 | 정지 0.24 교착최장  30 | no_progress
Ep 207 |  5599스텝 | 배송 40/50 | 재적재  7 | 정지 0.17 교착최장  41 | no_progress
Ep 208 |  4135스텝 | 배송 41/50 | 재적재  7 | 정지 0.21 교착최장  32 | no_progress
Ep 209 |  3643스텝 | 배송 34/50 | 재적재  5 | 정지 0.30 교착최장 100 | deadlock
Ep 210 |  4754스텝 | 배송 40/50 | 재적재  7 | 정지 0.31 교착최장  47 | no_progress
Ep 211 |  5818스텝 | 배송 42/50 | 재적재  6 | 정지 0.21 교착최장  55 | no_progress
Ep 212 |  4896스텝 | 배송 42/50 | 재적재  8 | 정지 0.18 교착최장  17 | no_progress
Ep 213 |  2998스텝 | 배송 37/50 | 재적재  6 | 정지 0.41 교착최장  71 | no_progress
Ep 214 |  4506스텝 | 배송 40/50 | 재적재  5 | 정지 0.21 교착최장  23 | no_progress
Ep 215 |  3005스텝 | 배송 36/50 | 재적재  6 | 정지 0.12 교착최장   6 | no_progress
Ep 216 |  6532스텝 | 배송 47/50 | 재적재  8 | 정지 0.15 교착최장  26 | no_progress
Ep 217 |  4604스텝 | 배송 41/50 | 재적재  6 | 정지 0.18 교착최장  11 | no_progress
Ep 218 |  3724스텝 | 배송 42/50 | 재적재  6 | 정지 0.20 교착최장  39 | no_progress
Ep 219 |  3487스텝 | 배송 42/50 | 재적재  7 | 정지 0.23 교착최장  24 | no_progress
Ep 220 |  3617스텝 | 배송 42/50 | 재적재  7 | 정지 0.09 교착최장   7 | no_progress
Ep 221 |  4228스텝 | 배송 39/50 | 재적재  7 | 정지 0.15 교착최장  13 | no_progress
Ep 222 |  4261스텝 | 배송 41/50 | 재적재  6 | 정지 0.26 교착최장  47 | no_progress
Ep 223 |  4567스텝 | 배송 42/50 | 재적재  7 | 정지 0.21 교착최장  51 | no_progress
Ep 224 |  3062스텝 | 배송 28/50 | 재적재  4 | 정지 0.17 교착최장   8 | no_progress
Ep 225 |  5638스텝 | 배송 41/50 | 재적재  7 | 정지 0.13 교착최장  10 | no_progress
Ep 226 |  3411스텝 | 배송 38/50 | 재적재  6 | 정지 0.14 교착최장  15 | no_progress
Ep 227 |  3936스텝 | 배송 43/50 | 재적재  7 | 정지 0.14 교착최장  21 | no_progress
Ep 228 |  3891스텝 | 배송 41/50 | 재적재  7 | 정지 0.22 교착최장  20 | no_progress
Ep 229 |  1123스텝 | 배송 26/50 | 재적재  4 | 정지 0.20 교착최장 100 | deadlock
Ep 230 |  2121스텝 | 배송 37/50 | 재적재  5 | 정지 0.22 교착최장 100 | deadlock
Ep 231 |  2677스텝 | 배송 39/50 | 재적재  7 | 정지 0.12 교착최장  15 | no_progress
Ep 232 |  4384스텝 | 배송 38/50 | 재적재  5 | 정지 0.20 교착최장  21 | no_progress
Ep 233 |  5049스텝 | 배송 47/50 | 재적재  8 | 정지 0.09 교착최장  12 | no_progress
Ep 234 |  2434스텝 | 배송 30/50 | 재적재  5 | 정지 0.11 교착최장   8 | no_progress
Ep 235 |  5931스텝 | 배송 40/50 | 재적재  7 | 정지 0.22 교착최장  16 | no_progress
Ep 236 |  3620스텝 | 배송 38/50 | 재적재  5 | 정지 0.13 교착최장  16 | no_progress
Ep 237 |  4730스텝 | 배송 40/50 | 재적재  8 | 정지 0.15 교착최장  58 | no_progress
Ep 238 |  4084스텝 | 배송 41/50 | 재적재  5 | 정지 0.14 교착최장  30 | no_progress
Ep 239 |  3595스텝 | 배송 37/50 | 재적재  5 | 정지 0.10 교착최장   6 | no_progress
Ep 240 |  5854스텝 | 배송 43/50 | 재적재  7 | 정지 0.19 교착최장 100 | deadlock
Ep 241 |  4039스텝 | 배송 41/50 | 재적재  7 | 정지 0.18 교착최장  28 | no_progress
Ep 242 |  4939스텝 | 배송 39/50 | 재적재  7 | 정지 0.20 교착최장  22 | no_progress
Ep 243 |  5200스텝 | 배송 44/50 | 재적재  7 | 정지 0.14 교착최장  16 | no_progress
Ep 244 |  4085스텝 | 배송 37/50 | 재적재  6 | 정지 0.14 교착최장  21 | no_progress
Ep 245 |  4511스텝 | 배송 42/50 | 재적재  7 | 정지 0.14 교착최장  33 | no_progress
Ep 246 |  4378스텝 | 배송 42/50 | 재적재  8 | 정지 0.27 교착최장  48 | no_progress
Ep 247 |  3474스텝 | 배송 40/50 | 재적재  6 | 정지 0.23 교착최장  55 | no_progress
Ep 248 |  3668스텝 | 배송 43/50 | 재적재  8 | 정지 0.17 교착최장  10 | no_progress
Ep 249 |  4237스텝 | 배송 37/50 | 재적재  4 | 정지 0.14 교착최장  12 | no_progress
Ep 250 |  2957스텝 | 배송 36/50 | 재적재  5 | 정지 0.15 교착최장  10 | no_progress
  [홀드아웃] 배송 12.4±6.5 재적재 0.8 2홉+ 0.26 | 최고 19.0@ep50 정체 4/15
Ep 251 |  4851스텝 | 배송 46/50 | 재적재  8 | 정지 0.15 교착최장  11 | no_progress
Ep 252 |  5119스텝 | 배송 42/50 | 재적재  6 | 정지 0.14 교착최장  17 | no_progress
Ep 253 |  2935스텝 | 배송 42/50 | 재적재  6 | 정지 0.14 교착최장  17 | no_progress
Ep 254 |  4338스텝 | 배송 39/50 | 재적재  7 | 정지 0.19 교착최장  22 | no_progress
Ep 255 |  2838스텝 | 배송 38/50 | 재적재  5 | 정지 0.10 교착최장  12 | no_progress
Ep 256 |  4773스텝 | 배송 36/50 | 재적재  5 | 정지 0.19 교착최장  13 | no_progress
Ep 257 |  5497스텝 | 배송 45/50 | 재적재  8 | 정지 0.17 교착최장  29 | no_progress
Ep 258 |  6498스텝 | 배송 41/50 | 재적재  8 | 정지 0.17 교착최장  21 | no_progress
Ep 259 |  7403스텝 | 배송 48/50 | 재적재  9 | 정지 0.20 교착최장 100 | deadlock
Ep 260 |  2481스텝 | 배송 43/50 | 재적재  6 | 정지 0.19 교착최장 100 | deadlock
Ep 261 |  5010스텝 | 배송 43/50 | 재적재  7 | 정지 0.11 교착최장  16 | no_progress
Ep 262 |  4424스텝 | 배송 39/50 | 재적재  6 | 정지 0.13 교착최장  12 | no_progress
Ep 263 |  4291스텝 | 배송 36/50 | 재적재  5 | 정지 0.17 교착최장  19 | no_progress
Ep 264 |  2337스텝 | 배송 29/50 | 재적재  5 | 정지 0.16 교착최장  16 | no_progress
Ep 265 |  3869스텝 | 배송 33/50 | 재적재  5 | 정지 0.15 교착최장  13 | no_progress
Ep 266 |  3574스텝 | 배송 34/50 | 재적재  5 | 정지 0.15 교착최장  10 | no_progress
Ep 267 |  3907스텝 | 배송 38/50 | 재적재  6 | 정지 0.13 교착최장  12 | no_progress
Ep 268 |  5022스텝 | 배송 41/50 | 재적재  6 | 정지 0.16 교착최장  50 | no_progress
Ep 269 |  4292스텝 | 배송 37/50 | 재적재  5 | 정지 0.12 교착최장   8 | no_progress
Ep 270 |  5185스텝 | 배송 44/50 | 재적재  7 | 정지 0.16 교착최장  38 | no_progress
Ep 271 |  5691스텝 | 배송 42/50 | 재적재  7 | 정지 0.16 교착최장  22 | no_progress
Ep 272 |  5678스텝 | 배송 41/50 | 재적재  7 | 정지 0.14 교착최장  13 | no_progress
Ep 273 |  3632스텝 | 배송 44/50 | 재적재  8 | 정지 0.12 교착최장  25 | no_progress
Ep 274 |  2529스텝 | 배송 29/50 | 재적재  4 | 정지 0.17 교착최장  10 | no_progress
Ep 275 |  5811스텝 | 배송 37/50 | 재적재  5 | 정지 0.14 교착최장  13 | no_progress
Ep 276 |  5115스텝 | 배송 42/50 | 재적재  6 | 정지 0.20 교착최장  48 | no_progress
Ep 277 |  4717스텝 | 배송 42/50 | 재적재  8 | 정지 0.10 교착최장   9 | no_progress
Ep 278 |  5995스텝 | 배송 41/50 | 재적재  6 | 정지 0.19 교착최장  14 | no_progress
Ep 279 |  7453스텝 | 배송 43/50 | 재적재  7 | 정지 0.26 교착최장  40 | no_progress
Ep 280 |  3880스텝 | 배송 41/50 | 재적재  7 | 정지 0.21 교착최장  43 | no_progress
Ep 281 |  4055스텝 | 배송 38/50 | 재적재  6 | 정지 0.13 교착최장   7 | no_progress
Ep 282 |  3639스텝 | 배송 30/50 | 재적재  5 | 정지 0.11 교착최장   9 | no_progress
Ep 283 |  7186스텝 | 배송 45/50 | 재적재  8 | 정지 0.13 교착최장  24 | no_progress
Ep 284 |  3228스텝 | 배송 31/50 | 재적재  5 | 정지 0.13 교착최장   6 | no_progress
Ep 285 |  2734스텝 | 배송 37/50 | 재적재  5 | 정지 0.22 교착최장 100 | deadlock
Ep 286 |  5755스텝 | 배송 47/50 | 재적재  8 | 정지 0.17 교착최장  31 | no_progress
Ep 287 |  3661스텝 | 배송 39/50 | 재적재  7 | 정지 0.12 교착최장  13 | no_progress
Ep 288 |  3995스텝 | 배송 39/50 | 재적재  6 | 정지 0.13 교착최장  13 | no_progress
Ep 289 |  4702스텝 | 배송 42/50 | 재적재  5 | 정지 0.17 교착최장  12 | no_progress
Ep 290 |  3112스텝 | 배송 38/50 | 재적재  6 | 정지 0.31 교착최장  39 | no_progress
Ep 291 |  5939스텝 | 배송 43/50 | 재적재  7 | 정지 0.12 교착최장  15 | no_progress
Ep 292 |  3571스텝 | 배송 40/50 | 재적재  7 | 정지 0.13 교착최장  10 | no_progress
Ep 293 |  4373스텝 | 배송 41/50 | 재적재  6 | 정지 0.24 교착최장 100 | deadlock
Ep 294 |  3781스텝 | 배송 41/50 | 재적재  5 | 정지 0.18 교착최장  22 | no_progress
Ep 295 |  4111스텝 | 배송 40/50 | 재적재  7 | 정지 0.14 교착최장  21 | no_progress
Ep 296 |  2907스텝 | 배송 34/50 | 재적재  6 | 정지 0.20 교착최장  11 | no_progress
Ep 297 |  4420스텝 | 배송 40/50 | 재적재  8 | 정지 0.14 교착최장  20 | no_progress
Ep 298 |  4815스텝 | 배송 47/50 | 재적재  8 | 정지 0.21 교착최장 100 | deadlock
Ep 299 |  4179스텝 | 배송 40/50 | 재적재  8 | 정지 0.12 교착최장  15 | no_progress
Ep 300 |  3354스텝 | 배송 43/50 | 재적재  8 | 정지 0.19 교착최장   9 | no_progress
  [홀드아웃] 배송 17.1±7.4 재적재 1.3 2홉+ 0.41 | 최고 19.0@ep50 정체 5/15
Ep 301 |  1211스텝 | 배송 23/50 | 재적재  4 | 정지 0.11 교착최장   9 | no_progress
Ep 302 |   747스텝 | 배송 18/50 | 재적재  1 | 정지 0.16 교착최장   8 | no_progress
Ep 303 |  1525스텝 | 배송 30/50 | 재적재  4 | 정지 0.10 교착최장  12 | no_progress
Ep 304 |  1234스텝 | 배송 28/50 | 재적재  4 | 정지 0.12 교착최장   6 | no_progress
Ep 305 |  1130스텝 | 배송 26/50 | 재적재  4 | 정지 0.06 교착최장   8 | no_progress
Ep 306 |   519스텝 | 배송 15/50 | 재적재  2 | 정지 0.01 교착최장   2 | no_progress
Ep 307 |  1154스텝 | 배송 24/50 | 재적재  3 | 정지 0.04 교착최장   6 | no_progress
Ep 308 |  1531스텝 | 배송 29/50 | 재적재  4 | 정지 0.15 교착최장  30 | no_progress
Ep 309 |  1033스텝 | 배송 22/50 | 재적재  2 | 정지 0.15 교착최장   7 | no_progress
Ep 310 |   801스텝 | 배송 21/50 | 재적재  1 | 정지 0.05 교착최장   4 | no_progress
Ep 311 |  1386스텝 | 배송 35/50 | 재적재  4 | 정지 0.13 교착최장  19 | no_progress
Ep 312 |  1045스텝 | 배송 26/50 | 재적재  4 | 정지 0.06 교착최장  10 | no_progress
Ep 313 |   698스텝 | 배송 18/50 | 재적재  2 | 정지 0.09 교착최장  17 | no_progress
Ep 314 |   661스텝 | 배송 17/50 | 재적재  0 | 정지 0.10 교착최장  10 | no_progress
Ep 315 |  1948스텝 | 배송 34/50 | 재적재  5 | 정지 0.13 교착최장  29 | no_progress
Ep 316 |   984스텝 | 배송 24/50 | 재적재  3 | 정지 0.04 교착최장   3 | no_progress
Ep 317 |  1282스텝 | 배송 33/50 | 재적재  5 | 정지 0.13 교착최장  11 | no_progress
Ep 318 |   859스텝 | 배송 20/50 | 재적재  2 | 정지 0.06 교착최장   7 | no_progress
Ep 319 |   414스텝 | 배송  6/50 | 재적재  0 | 정지 0.20 교착최장   4 | no_progress
Ep 320 |  1369스텝 | 배송 31/50 | 재적재  4 | 정지 0.10 교착최장   6 | no_progress
Ep 321 |  1388스텝 | 배송 29/50 | 재적재  5 | 정지 0.12 교착최장   8 | no_progress
Ep 322 |  1301스텝 | 배송 25/50 | 재적재  3 | 정지 0.07 교착최장   3 | no_progress
Ep 323 |  1043스텝 | 배송 26/50 | 재적재  4 | 정지 0.09 교착최장   9 | no_progress
Ep 324 |  1115스텝 | 배송 29/50 | 재적재  3 | 정지 0.15 교착최장  10 | no_progress
Ep 325 |  1079스텝 | 배송 23/50 | 재적재  3 | 정지 0.26 교착최장  32 | no_progress
Ep 326 |   802스텝 | 배송 18/50 | 재적재  2 | 정지 0.08 교착최장   4 | no_progress
Ep 327 |  1538스텝 | 배송 29/50 | 재적재  5 | 정지 0.08 교착최장   9 | no_progress
Ep 328 |  1375스텝 | 배송 29/50 | 재적재  5 | 정지 0.13 교착최장   8 | no_progress
Ep 329 |  1328스텝 | 배송 32/50 | 재적재  5 | 정지 0.04 교착최장   9 | no_progress
Ep 330 |   796스텝 | 배송 24/50 | 재적재  3 | 정지 0.08 교착최장   5 | no_progress
Ep 331 |  1144스텝 | 배송 23/50 | 재적재  2 | 정지 0.04 교착최장   3 | no_progress
Ep 332 |  1195스텝 | 배송 30/50 | 재적재  4 | 정지 0.10 교착최장   6 | no_progress
Ep 333 |  1389스텝 | 배송 30/50 | 재적재  4 | 정지 0.11 교착최장  11 | no_progress
Ep 334 |  1626스텝 | 배송 25/50 | 재적재  4 | 정지 0.09 교착최장   9 | no_progress
Ep 335 |   539스텝 | 배송 15/50 | 재적재  0 | 정지 0.09 교착최장   4 | no_progress
Ep 336 |  1355스텝 | 배송 33/50 | 재적재  4 | 정지 0.09 교착최장  10 | no_progress
Ep 337 |  1324스텝 | 배송 29/50 | 재적재  4 | 정지 0.11 교착최장   6 | no_progress
Ep 338 |  1929스텝 | 배송 35/50 | 재적재  6 | 정지 0.10 교착최장   8 | no_progress
Ep 339 |  1055스텝 | 배송 26/50 | 재적재  4 | 정지 0.10 교착최장  10 | no_progress
Ep 340 |  1508스텝 | 배송 27/50 | 재적재  4 | 정지 0.07 교착최장   8 | no_progress
Ep 341 |   843스텝 | 배송 20/50 | 재적재  4 | 정지 0.05 교착최장   3 | no_progress
Ep 342 |   885스텝 | 배송 21/50 | 재적재  3 | 정지 0.03 교착최장   3 | no_progress
Ep 343 |  1285스텝 | 배송 30/50 | 재적재  3 | 정지 0.19 교착최장  13 | no_progress
Ep 344 |   776스텝 | 배송 21/50 | 재적재  3 | 정지 0.09 교착최장   5 | no_progress
Ep 345 |   703스텝 | 배송 18/50 | 재적재  1 | 정지 0.08 교착최장   3 | no_progress
Ep 346 |  1097스텝 | 배송 25/50 | 재적재  3 | 정지 0.05 교착최장   3 | no_progress
Ep 347 |   932스텝 | 배송 21/50 | 재적재  2 | 정지 0.14 교착최장   5 | no_progress
Ep 348 |   780스텝 | 배송 22/50 | 재적재  3 | 정지 0.08 교착최장  10 | no_progress
Ep 349 |   870스텝 | 배송 24/50 | 재적재  2 | 정지 0.09 교착최장   8 | no_progress
Ep 350 |  1685스텝 | 배송 35/50 | 재적재  5 | 정지 0.15 교착최장  11 | no_progress
  [홀드아웃] 배송 17.2±4.6 재적재 1.8 2홉+ 0.42 | 최고 19.0@ep50 정체 6/15
Ep 351 |  1055스텝 | 배송 33/50 | 재적재  4 | 정지 0.11 교착최장   8 | no_progress
Ep 352 |   906스텝 | 배송 21/50 | 재적재  4 | 정지 0.06 교착최장   8 | no_progress
Ep 353 |   632스텝 | 배송 17/50 | 재적재  1 | 정지 0.22 교착최장  19 | no_progress
Ep 354 |  1224스텝 | 배송 29/50 | 재적재  5 | 정지 0.07 교착최장   5 | no_progress
Ep 355 |  1358스텝 | 배송 26/50 | 재적재  4 | 정지 0.07 교착최장   5 | no_progress
Ep 356 |   804스텝 | 배송 23/50 | 재적재  3 | 정지 0.15 교착최장   7 | no_progress
Ep 357 |   427스텝 | 배송 12/50 | 재적재  1 | 정지 0.13 교착최장   4 | no_progress
Ep 358 |   411스텝 | 배송 14/50 | 재적재  0 | 정지 0.02 교착최장   2 | no_progress
Ep 359 |   633스텝 | 배송 20/50 | 재적재  4 | 정지 0.05 교착최장   9 | no_progress
Ep 360 |   481스텝 | 배송 17/50 | 재적재  2 | 정지 0.05 교착최장   2 | no_progress
Ep 361 |   996스텝 | 배송 22/50 | 재적재  3 | 정지 0.08 교착최장  15 | no_progress
Ep 362 |  1335스텝 | 배송 29/50 | 재적재  3 | 정지 0.10 교착최장   7 | no_progress
Ep 363 |  1608스텝 | 배송 33/50 | 재적재  4 | 정지 0.09 교착최장   7 | no_progress
Ep 364 |   644스텝 | 배송 22/50 | 재적재  2 | 정지 0.09 교착최장   6 | no_progress
Ep 365 |  1169스텝 | 배송 23/50 | 재적재  3 | 정지 0.06 교착최장   9 | no_progress
Ep 366 |   374스텝 | 배송  6/50 | 재적재  0 | 정지 0.00 교착최장   0 | no_progress
Ep 367 |  1301스텝 | 배송 25/50 | 재적재  3 | 정지 0.23 교착최장  24 | no_progress
Ep 368 |   984스텝 | 배송 23/50 | 재적재  2 | 정지 0.08 교착최장   5 | no_progress
Ep 369 |  1262스텝 | 배송 24/50 | 재적재  3 | 정지 0.06 교착최장   4 | no_progress
Ep 370 |  1145스텝 | 배송 24/50 | 재적재  3 | 정지 0.09 교착최장   4 | no_progress
Ep 371 |  1688스텝 | 배송 31/50 | 재적재  5 | 정지 0.19 교착최장  21 | no_progress
Ep 372 |   877스텝 | 배송 22/50 | 재적재  3 | 정지 0.09 교착최장   9 | no_progress
Ep 373 |   629스텝 | 배송 19/50 | 재적재  2 | 정지 0.14 교착최장   4 | no_progress
Ep 374 |  1919스텝 | 배송 36/50 | 재적재  5 | 정지 0.16 교착최장  12 | no_progress
Ep 375 |  1250스텝 | 배송 30/50 | 재적재  3 | 정지 0.13 교착최장  13 | no_progress
Ep 376 |  1179스텝 | 배송 28/50 | 재적재  3 | 정지 0.11 교착최장  10 | no_progress
Ep 377 |  1310스텝 | 배송 28/50 | 재적재  4 | 정지 0.09 교착최장  23 | no_progress
Ep 378 |  1109스텝 | 배송 28/50 | 재적재  5 | 정지 0.08 교착최장   4 | no_progress
Ep 379 |   452스텝 | 배송 14/50 | 재적재  0 | 정지 0.10 교착최장  11 | no_progress
Ep 380 |  1005스텝 | 배송 29/50 | 재적재  5 | 정지 0.06 교착최장  10 | no_progress
Ep 381 |  1490스텝 | 배송 30/50 | 재적재  5 | 정지 0.12 교착최장   5 | no_progress
Ep 382 |  1058스텝 | 배송 28/50 | 재적재  3 | 정지 0.10 교착최장   5 | no_progress
Ep 383 |   791스텝 | 배송 22/50 | 재적재  3 | 정지 0.09 교착최장   6 | no_progress
Ep 384 |   780스텝 | 배송 19/50 | 재적재  3 | 정지 0.05 교착최장   2 | no_progress
Ep 385 |  1140스텝 | 배송 22/50 | 재적재  2 | 정지 0.07 교착최장   7 | no_progress
Ep 386 |  1414스텝 | 배송 28/50 | 재적재  3 | 정지 0.05 교착최장   3 | no_progress
Ep 387 |   697스텝 | 배송 19/50 | 재적재  3 | 정지 0.12 교착최장  11 | no_progress
Ep 388 |   986스텝 | 배송 26/50 | 재적재  4 | 정지 0.08 교착최장   6 | no_progress
Ep 389 |   975스텝 | 배송 28/50 | 재적재  4 | 정지 0.11 교착최장   9 | no_progress
Ep 390 |   767스텝 | 배송 20/50 | 재적재  3 | 정지 0.03 교착최장   2 | no_progress
Ep 391 |   911스텝 | 배송 20/50 | 재적재  2 | 정지 0.10 교착최장   4 | no_progress
Ep 392 |   998스텝 | 배송 27/50 | 재적재  3 | 정지 0.07 교착최장   4 | no_progress
Ep 393 |  1389스텝 | 배송 29/50 | 재적재  4 | 정지 0.05 교착최장   5 | no_progress
Ep 394 |  1268스텝 | 배송 30/50 | 재적재  5 | 정지 0.09 교착최장   7 | no_progress
Ep 395 |  1398스텝 | 배송 28/50 | 재적재  4 | 정지 0.07 교착최장   7 | no_progress
Ep 396 |  1772스텝 | 배송 35/50 | 재적재  6 | 정지 0.13 교착최장  21 | no_progress
Ep 397 |  1137스텝 | 배송 25/50 | 재적재  2 | 정지 0.13 교착최장  10 | no_progress
Ep 398 |  1441스텝 | 배송 34/50 | 재적재  5 | 정지 0.14 교착최장   9 | no_progress
Ep 399 |   548스텝 | 배송 19/50 | 재적재  3 | 정지 0.05 교착최장   3 | no_progress
Ep 400 |   813스텝 | 배송 22/50 | 재적재  3 | 정지 0.05 교착최장   2 | no_progress
  [홀드아웃] 배송 16.8±4.9 재적재 1.4 2홉+ 0.45 | 최고 19.0@ep50 정체 7/15
Ep 401 |   749스텝 | 배송 19/50 | 재적재  2 | 정지 0.11 교착최장   6 | no_progress
Ep 402 |  1019스텝 | 배송 25/50 | 재적재  4 | 정지 0.08 교착최장   8 | no_progress
Ep 403 |  1216스텝 | 배송 28/50 | 재적재  5 | 정지 0.03 교착최장   3 | no_progress
Ep 404 |   669스텝 | 배송 21/50 | 재적재  3 | 정지 0.07 교착최장  12 | no_progress
Ep 405 |  1899스텝 | 배송 36/50 | 재적재  6 | 정지 0.11 교착최장   8 | no_progress
Ep 406 |  1083스텝 | 배송 30/50 | 재적재  4 | 정지 0.07 교착최장   4 | no_progress
Ep 407 |  1129스텝 | 배송 26/50 | 재적재  3 | 정지 0.20 교착최장  15 | no_progress
Ep 408 |  1790스텝 | 배송 37/50 | 재적재  6 | 정지 0.13 교착최장   6 | no_progress
Ep 409 |   796스텝 | 배송 19/50 | 재적재  2 | 정지 0.11 교착최장  12 | no_progress
Ep 410 |  1039스텝 | 배송 24/50 | 재적재  4 | 정지 0.06 교착최장   3 | no_progress
Ep 411 |   696스텝 | 배송 20/50 | 재적재  3 | 정지 0.09 교착최장   6 | no_progress
Ep 412 |   662스텝 | 배송 21/50 | 재적재  3 | 정지 0.02 교착최장   5 | no_progress
Ep 413 |  1377스텝 | 배송 30/50 | 재적재  4 | 정지 0.09 교착최장   5 | no_progress
Ep 414 |   910스텝 | 배송 18/50 | 재적재  2 | 정지 0.06 교착최장   2 | no_progress
Ep 415 |  1327스텝 | 배송 30/50 | 재적재  4 | 정지 0.06 교착최장   5 | no_progress
Ep 416 |   867스텝 | 배송 19/50 | 재적재  1 | 정지 0.04 교착최장   3 | no_progress
Ep 417 |   594스텝 | 배송 18/50 | 재적재  2 | 정지 0.07 교착최장   4 | no_progress
Ep 418 |  1013스텝 | 배송 27/50 | 재적재  4 | 정지 0.07 교착최장   7 | no_progress
Ep 419 |  2620스텝 | 배송 38/50 | 재적재  5 | 정지 0.19 교착최장  78 | no_progress
Ep 420 |   440스텝 | 배송 13/50 | 재적재  0 | 정지 0.05 교착최장   6 | no_progress
Ep 421 |  1758스텝 | 배송 32/50 | 재적재  6 | 정지 0.14 교착최장  20 | no_progress
Ep 422 |  1011스텝 | 배송 25/50 | 재적재  3 | 정지 0.04 교착최장   3 | no_progress
Ep 423 |   884스텝 | 배송 20/50 | 재적재  3 | 정지 0.07 교착최장   5 | no_progress
Ep 424 |  2116스텝 | 배송 36/50 | 재적재  5 | 정지 0.13 교착최장   6 | no_progress
Ep 425 |  1432스텝 | 배송 28/50 | 재적재  3 | 정지 0.04 교착최장   7 | no_progress
Ep 426 |   950스텝 | 배송 24/50 | 재적재  3 | 정지 0.06 교착최장   4 | no_progress
Ep 427 |   548스텝 | 배송 13/50 | 재적재  1 | 정지 0.11 교착최장   3 | no_progress
Ep 428 |  1023스텝 | 배송 25/50 | 재적재  2 | 정지 0.13 교착최장   9 | no_progress
Ep 429 |  1014스텝 | 배송 20/50 | 재적재  2 | 정지 0.11 교착최장   7 | no_progress
Ep 430 |   836스텝 | 배송 21/50 | 재적재  3 | 정지 0.08 교착최장   8 | no_progress
Ep 431 |  1540스텝 | 배송 27/50 | 재적재  4 | 정지 0.10 교착최장  15 | no_progress
Ep 432 |   985스텝 | 배송 23/50 | 재적재  3 | 정지 0.08 교착최장   6 | no_progress
Ep 433 |   999스텝 | 배송 24/50 | 재적재  3 | 정지 0.04 교착최장   4 | no_progress
Ep 434 |  1197스텝 | 배송 22/50 | 재적재  3 | 정지 0.04 교착최장   2 | no_progress
Ep 435 |   721스텝 | 배송 19/50 | 재적재  3 | 정지 0.06 교착최장   6 | no_progress
Ep 436 |  1342스텝 | 배송 28/50 | 재적재  3 | 정지 0.21 교착최장  10 | no_progress
Ep 437 |   614스텝 | 배송 18/50 | 재적재  1 | 정지 0.19 교착최장   7 | no_progress
Ep 438 |   576스텝 | 배송 17/50 | 재적재  2 | 정지 0.03 교착최장   3 | no_progress
Ep 439 |  1152스텝 | 배송 27/50 | 재적재  3 | 정지 0.11 교착최장   9 | no_progress
Ep 440 |   660스텝 | 배송 19/50 | 재적재  2 | 정지 0.16 교착최장   4 | no_progress
Ep 441 |   641스텝 | 배송 18/50 | 재적재  1 | 정지 0.13 교착최장  10 | no_progress
Ep 442 |  2201스텝 | 배송 39/50 | 재적재  7 | 정지 0.18 교착최장  17 | no_progress
Ep 443 |  1299스텝 | 배송 26/50 | 재적재  3 | 정지 0.11 교착최장   8 | no_progress
Ep 444 |  1287스텝 | 배송 25/50 | 재적재  4 | 정지 0.15 교착최장   9 | no_progress
Ep 445 |   741스텝 | 배송 21/50 | 재적재  3 | 정지 0.03 교착최장   6 | no_progress
Ep 446 |  1755스텝 | 배송 37/50 | 재적재  7 | 정지 0.12 교착최장  10 | no_progress
Ep 447 |   878스텝 | 배송 20/50 | 재적재  2 | 정지 0.04 교착최장   6 | no_progress
Ep 448 |  1323스텝 | 배송 28/50 | 재적재  5 | 정지 0.07 교착최장  10 | no_progress
Ep 449 |  1482스텝 | 배송 31/50 | 재적재  4 | 정지 0.13 교착최장  27 | no_progress
Ep 450 |   753스텝 | 배송 22/50 | 재적재  3 | 정지 0.06 교착최장   7 | no_progress
  [홀드아웃] 배송 17.6±6.9 재적재 1.2 2홉+ 0.45 | 최고 19.0@ep50 정체 8/15
Ep 451 |   720스텝 | 배송 20/50 | 재적재  2 | 정지 0.03 교착최장   4 | no_progress
Ep 452 |  1466스텝 | 배송 31/50 | 재적재  5 | 정지 0.07 교착최장   7 | no_progress
Ep 453 |   816스텝 | 배송 22/50 | 재적재  2 | 정지 0.05 교착최장   3 | no_progress
Ep 454 |  1545스텝 | 배송 30/50 | 재적재  4 | 정지 0.09 교착최장  10 | no_progress
Ep 455 |  1395스텝 | 배송 30/50 | 재적재  5 | 정지 0.11 교착최장  13 | no_progress
Ep 456 |   513스텝 | 배송 16/50 | 재적재  1 | 정지 0.01 교착최장   1 | no_progress
Ep 457 |   647스텝 | 배송 17/50 | 재적재  1 | 정지 0.06 교착최장   3 | no_progress
Ep 458 |  1131스텝 | 배송 24/50 | 재적재  3 | 정지 0.09 교착최장   4 | no_progress
Ep 459 |  1019스텝 | 배송 24/50 | 재적재  3 | 정지 0.07 교착최장  10 | no_progress
Ep 460 |  1288스텝 | 배송 28/50 | 재적재  4 | 정지 0.10 교착최장   7 | no_progress
Ep 461 |   398스텝 | 배송 15/50 | 재적재  0 | 정지 0.09 교착최장  10 | no_progress
Ep 462 |  1049스텝 | 배송 25/50 | 재적재  2 | 정지 0.09 교착최장   6 | no_progress
Ep 463 |  1313스텝 | 배송 33/50 | 재적재  4 | 정지 0.08 교착최장   5 | no_progress
Ep 464 |   727스텝 | 배송 22/50 | 재적재  3 | 정지 0.06 교착최장  15 | no_progress
Ep 465 |  1215스텝 | 배송 25/50 | 재적재  3 | 정지 0.11 교착최장   8 | no_progress
Ep 466 |  1593스텝 | 배송 28/50 | 재적재  4 | 정지 0.10 교착최장  18 | no_progress
Ep 467 |  1119스텝 | 배송 24/50 | 재적재  4 | 정지 0.07 교착최장   4 | no_progress
Ep 468 |  1008스텝 | 배송 22/50 | 재적재  2 | 정지 0.11 교착최장  10 | no_progress
Ep 469 |  1588스텝 | 배송 32/50 | 재적재  4 | 정지 0.13 교착최장  17 | no_progress
Ep 470 |  1195스텝 | 배송 28/50 | 재적재  3 | 정지 0.14 교착최장  10 | no_progress
Ep 471 |  1313스텝 | 배송 30/50 | 재적재  5 | 정지 0.08 교착최장   5 | no_progress
Ep 472 |   567스텝 | 배송 17/50 | 재적재  2 | 정지 0.03 교착최장   2 | no_progress
Ep 473 |  1230스텝 | 배송 24/50 | 재적재  3 | 정지 0.09 교착최장  15 | no_progress
Ep 474 |   462스텝 | 배송 16/50 | 재적재  2 | 정지 0.06 교착최장   4 | no_progress
Ep 475 |  1158스텝 | 배송 25/50 | 재적재  4 | 정지 0.08 교착최장   4 | no_progress
Ep 476 |  1201스텝 | 배송 30/50 | 재적재  4 | 정지 0.09 교착최장  10 | no_progress
Ep 477 |  1372스텝 | 배송 28/50 | 재적재  3 | 정지 0.20 교착최장  16 | no_progress
Ep 478 |  1107스텝 | 배송 24/50 | 재적재  3 | 정지 0.06 교착최장   5 | no_progress
Ep 479 |  1334스텝 | 배송 28/50 | 재적재  4 | 정지 0.11 교착최장  10 | no_progress
Ep 480 |  1371스텝 | 배송 36/50 | 재적재  5 | 정지 0.11 교착최장  10 | no_progress
Ep 481 |   895스텝 | 배송 25/50 | 재적재  3 | 정지 0.06 교착최장   7 | no_progress
Ep 482 |  1183스텝 | 배송 22/50 | 재적재  2 | 정지 0.19 교착최장  48 | no_progress
Ep 483 |  1656스텝 | 배송 32/50 | 재적재  5 | 정지 0.07 교착최장   5 | no_progress
Ep 484 |  1176스텝 | 배송 25/50 | 재적재  3 | 정지 0.09 교착최장   6 | no_progress
Ep 485 |   675스텝 | 배송 14/50 | 재적재  0 | 정지 0.18 교착최장   5 | no_progress
Ep 486 |   849스텝 | 배송 21/50 | 재적재  3 | 정지 0.03 교착최장   2 | no_progress
Ep 487 |   636스텝 | 배송 17/50 | 재적재  3 | 정지 0.06 교착최장   3 | no_progress
Ep 488 |   598스텝 | 배송 15/50 | 재적재  1 | 정지 0.03 교착최장   2 | no_progress
Ep 489 |  1163스텝 | 배송 24/50 | 재적재  3 | 정지 0.10 교착최장   5 | no_progress
Ep 490 |   999스텝 | 배송 23/50 | 재적재  3 | 정지 0.04 교착최장   3 | no_progress
Ep 491 |  1375스텝 | 배송 27/50 | 재적재  3 | 정지 0.17 교착최장  10 | no_progress
Ep 492 |   666스텝 | 배송 19/50 | 재적재  2 | 정지 0.11 교착최장   5 | no_progress
Ep 493 |   800스텝 | 배송 22/50 | 재적재  2 | 정지 0.20 교착최장  18 | no_progress
Ep 494 |  1198스텝 | 배송 27/50 | 재적재  4 | 정지 0.11 교착최장  20 | no_progress
Ep 495 |  1835스텝 | 배송 35/50 | 재적재  5 | 정지 0.08 교착최장   8 | no_progress
Ep 496 |  1739스텝 | 배송 36/50 | 재적재  6 | 정지 0.09 교착최장   7 | no_progress
Ep 497 |   784스텝 | 배송 18/50 | 재적재  0 | 정지 0.11 교착최장   5 | no_progress
Ep 498 |   628스텝 | 배송 18/50 | 재적재  1 | 정지 0.11 교착최장   3 | no_progress
Ep 499 |  1239스텝 | 배송 28/50 | 재적재  4 | 정지 0.14 교착최장   7 | no_progress
Ep 500 |   651스텝 | 배송 19/50 | 재적재  2 | 정지 0.05 교착최장   8 | no_progress
  [홀드아웃] 배송 15.1±4.9 재적재 0.8 2홉+ 0.48 | 최고 19.0@ep50 정체 9/15
Ep 501 |   539스텝 | 배송 16/50 | 재적재  1 | 정지 0.08 교착최장   5 | no_progress
Ep 502 |  1244스텝 | 배송 27/50 | 재적재  4 | 정지 0.11 교착최장  10 | no_progress
Ep 503 |   858스텝 | 배송 23/50 | 재적재  1 | 정지 0.09 교착최장   8 | no_progress
Ep 504 |  1023스텝 | 배송 23/50 | 재적재  3 | 정지 0.12 교착최장   8 | no_progress
Ep 505 |   559스텝 | 배송 17/50 | 재적재  0 | 정지 0.02 교착최장   7 | no_progress
Ep 506 |   542스텝 | 배송 16/50 | 재적재  1 | 정지 0.02 교착최장   2 | no_progress
Ep 507 |   980스텝 | 배송 23/50 | 재적재  4 | 정지 0.08 교착최장   9 | no_progress
Ep 508 |   899스텝 | 배송 20/50 | 재적재  3 | 정지 0.07 교착최장   3 | no_progress
Ep 509 |   965스텝 | 배송 21/50 | 재적재  3 | 정지 0.03 교착최장   2 | no_progress
Ep 510 |   503스텝 | 배송 15/50 | 재적재  1 | 정지 0.04 교착최장   4 | no_progress
Ep 511 |   711스텝 | 배송 21/50 | 재적재  1 | 정지 0.05 교착최장   2 | no_progress
Ep 512 |  1592스텝 | 배송 32/50 | 재적재  4 | 정지 0.10 교착최장  15 | no_progress
Ep 513 |  1532스텝 | 배송 28/50 | 재적재  3 | 정지 0.11 교착최장  15 | no_progress
Ep 514 |   966스텝 | 배송 21/50 | 재적재  2 | 정지 0.04 교착최장   3 | no_progress
Ep 515 |   895스텝 | 배송 22/50 | 재적재  3 | 정지 0.04 교착최장   3 | no_progress
Ep 516 |  1562스텝 | 배송 33/50 | 재적재  4 | 정지 0.12 교착최장  10 | no_progress
Ep 517 |   874스텝 | 배송 26/50 | 재적재  3 | 정지 0.09 교착최장  10 | no_progress
Ep 518 |  1039스텝 | 배송 29/50 | 재적재  5 | 정지 0.03 교착최장   4 | no_progress
Ep 519 |   935스텝 | 배송 19/50 | 재적재  2 | 정지 0.06 교착최장   4 | no_progress
Ep 520 |   734스텝 | 배송 20/50 | 재적재  3 | 정지 0.07 교착최장   3 | no_progress
Ep 521 |  1064스텝 | 배송 21/50 | 재적재  3 | 정지 0.07 교착최장   4 | no_progress
Ep 522 |   918스텝 | 배송 27/50 | 재적재  3 | 정지 0.09 교착최장   6 | no_progress
Ep 523 |  1710스텝 | 배송 26/50 | 재적재  4 | 정지 0.16 교착최장  13 | no_progress
Ep 524 |  1232스텝 | 배송 28/50 | 재적재  4 | 정지 0.08 교착최장   4 | no_progress
Ep 525 |   730스텝 | 배송 19/50 | 재적재  3 | 정지 0.02 교착최장   3 | no_progress
Ep 526 |  1307스텝 | 배송 27/50 | 재적재  5 | 정지 0.11 교착최장   8 | no_progress
Ep 527 |   596스텝 | 배송 19/50 | 재적재  0 | 정지 0.25 교착최장   7 | no_progress
Ep 528 |   448스텝 | 배송 13/50 | 재적재  1 | 정지 0.08 교착최장   4 | no_progress
Ep 529 |  1407스텝 | 배송 29/50 | 재적재  4 | 정지 0.13 교착최장   9 | no_progress
Ep 530 |  1455스텝 | 배송 32/50 | 재적재  5 | 정지 0.13 교착최장   7 | no_progress
Ep 531 |  1341스텝 | 배송 27/50 | 재적재  4 | 정지 0.13 교착최장  17 | no_progress
Ep 532 |   845스텝 | 배송 21/50 | 재적재  2 | 정지 0.10 교착최장  17 | no_progress
Ep 533 |   759스텝 | 배송 17/50 | 재적재  2 | 정지 0.02 교착최장   3 | no_progress
Ep 534 |   595스텝 | 배송 17/50 | 재적재  1 | 정지 0.04 교착최장   2 | no_progress
Ep 535 |   614스텝 | 배송 17/50 | 재적재  1 | 정지 0.09 교착최장   6 | no_progress
Ep 536 |  1143스텝 | 배송 23/50 | 재적재  3 | 정지 0.08 교착최장  11 | no_progress
Ep 537 |   817스텝 | 배송 20/50 | 재적재  1 | 정지 0.12 교착최장   5 | no_progress
Ep 538 |  1480스텝 | 배송 30/50 | 재적재  5 | 정지 0.12 교착최장  27 | no_progress
Ep 539 |   856스텝 | 배송 23/50 | 재적재  3 | 정지 0.08 교착최장  12 | no_progress
Ep 540 |  1157스텝 | 배송 24/50 | 재적재  3 | 정지 0.10 교착최장   6 | no_progress
Ep 541 |   897스텝 | 배송 24/50 | 재적재  2 | 정지 0.15 교착최장   7 | no_progress
Ep 542 |  1041스텝 | 배송 20/50 | 재적재  3 | 정지 0.06 교착최장   4 | no_progress
Ep 543 |  1474스텝 | 배송 31/50 | 재적재  4 | 정지 0.07 교착최장   4 | no_progress
Ep 544 |   710스텝 | 배송 17/50 | 재적재  1 | 정지 0.04 교착최장   9 | no_progress
Ep 545 |   863스텝 | 배송 19/50 | 재적재  2 | 정지 0.03 교착최장   1 | no_progress
Ep 546 |   479스텝 | 배송 17/50 | 재적재  1 | 정지 0.04 교착최장   6 | no_progress
Ep 547 |  1428스텝 | 배송 31/50 | 재적재  4 | 정지 0.09 교착최장   5 | no_progress
Ep 548 |   654스텝 | 배송 19/50 | 재적재  1 | 정지 0.11 교착최장   3 | no_progress
Ep 549 |  1638스텝 | 배송 31/50 | 재적재  4 | 정지 0.14 교착최장  18 | no_progress
Ep 550 |  1688스텝 | 배송 31/50 | 재적재  5 | 정지 0.07 교착최장   6 | no_progress
  [홀드아웃] 배송 13.1±6.3 재적재 0.5 2홉+ 0.38 | 최고 19.0@ep50 정체 10/15
Ep 551 |   839스텝 | 배송 18/50 | 재적재  1 | 정지 0.02 교착최장   0 | no_progress
Ep 552 |   530스텝 | 배송 17/50 | 재적재  0 | 정지 0.24 교착최장  10 | no_progress
Ep 553 |   936스텝 | 배송 22/50 | 재적재  2 | 정지 0.10 교착최장   7 | no_progress
Ep 554 |  1270스텝 | 배송 25/50 | 재적재  4 | 정지 0.07 교착최장  15 | no_progress
Ep 555 |   680스텝 | 배송 18/50 | 재적재  1 | 정지 0.06 교착최장   9 | no_progress
Ep 556 |  1350스텝 | 배송 25/50 | 재적재  2 | 정지 0.06 교착최장   3 | no_progress
Ep 557 |   669스텝 | 배송 18/50 | 재적재  2 | 정지 0.05 교착최장   2 | no_progress
Ep 558 |  1458스텝 | 배송 26/50 | 재적재  2 | 정지 0.10 교착최장   8 | no_progress
Ep 559 |  1413스텝 | 배송 27/50 | 재적재  5 | 정지 0.12 교착최장   7 | no_progress
Ep 560 |  1253스텝 | 배송 25/50 | 재적재  4 | 정지 0.15 교착최장   4 | no_progress
Ep 561 |  1600스텝 | 배송 32/50 | 재적재  4 | 정지 0.12 교착최장  11 | no_progress
Ep 562 |   765스텝 | 배송 16/50 | 재적재  1 | 정지 0.02 교착최장   2 | no_progress
Ep 563 |   818스텝 | 배송 19/50 | 재적재  2 | 정지 0.05 교착최장   4 | no_progress
Ep 564 |  1388스텝 | 배송 28/50 | 재적재  5 | 정지 0.11 교착최장   8 | no_progress
Ep 565 |   499스텝 | 배송 16/50 | 재적재  1 | 정지 0.18 교착최장   7 | no_progress
Ep 566 |  1351스텝 | 배송 31/50 | 재적재  6 | 정지 0.07 교착최장   9 | no_progress
Ep 567 |   677스텝 | 배송 16/50 | 재적재  0 | 정지 0.01 교착최장   0 | no_progress
Ep 568 |  1685스텝 | 배송 28/50 | 재적재  3 | 정지 0.10 교착최장   6 | no_progress
Ep 569 |   471스텝 | 배송 14/50 | 재적재  0 | 정지 0.02 교착최장   2 | no_progress
Ep 570 |   821스텝 | 배송 17/50 | 재적재  2 | 정지 0.10 교착최장   4 | no_progress
Ep 571 |   875스텝 | 배송 24/50 | 재적재  3 | 정지 0.07 교착최장   6 | no_progress
Ep 572 |   742스텝 | 배송 18/50 | 재적재  1 | 정지 0.10 교착최장   5 | no_progress
Ep 573 |   993스텝 | 배송 23/50 | 재적재  2 | 정지 0.04 교착최장   5 | no_progress
Ep 574 |  1033스텝 | 배송 23/50 | 재적재  2 | 정지 0.08 교착최장   8 | no_progress
Ep 575 |  1554스텝 | 배송 27/50 | 재적재  2 | 정지 0.09 교착최장   4 | no_progress
Ep 576 |  1010스텝 | 배송 21/50 | 재적재  2 | 정지 0.13 교착최장   6 | no_progress
Ep 577 |   995스텝 | 배송 21/50 | 재적재  3 | 정지 0.08 교착최장   5 | no_progress
Ep 578 |   980스텝 | 배송 22/50 | 재적재  3 | 정지 0.08 교착최장  11 | no_progress
Ep 579 |   488스텝 | 배송 16/50 | 재적재  2 | 정지 0.03 교착최장   2 | no_progress
Ep 580 |  1139스텝 | 배송 25/50 | 재적재  3 | 정지 0.09 교착최장   4 | no_progress
Ep 581 |  1680스텝 | 배송 30/50 | 재적재  4 | 정지 0.14 교착최장  10 | no_progress
Ep 582 |  1550스텝 | 배송 30/50 | 재적재  4 | 정지 0.08 교착최장  24 | no_progress
Ep 583 |  1499스텝 | 배송 27/50 | 재적재  3 | 정지 0.09 교착최장   6 | no_progress
Ep 584 |  1690스텝 | 배송 30/50 | 재적재  5 | 정지 0.12 교착최장  15 | no_progress
Ep 585 |  1088스텝 | 배송 26/50 | 재적재  4 | 정지 0.11 교착최장   5 | no_progress
Ep 586 |  1728스텝 | 배송 32/50 | 재적재  4 | 정지 0.11 교착최장  15 | no_progress
Ep 587 |   775스텝 | 배송 18/50 | 재적재  1 | 정지 0.10 교착최장   7 | no_progress
Ep 588 |   720스텝 | 배송 19/50 | 재적재  1 | 정지 0.09 교착최장  20 | no_progress
Ep 589 |  1191스텝 | 배송 23/50 | 재적재  2 | 정지 0.10 교착최장   5 | no_progress
Ep 590 |   988스텝 | 배송 21/50 | 재적재  2 | 정지 0.07 교착최장   6 | no_progress
Ep 591 |   292스텝 | 배송  6/50 | 재적재  0 | 정지 0.00 교착최장   0 | no_progress
Ep 592 |   569스텝 | 배송 18/50 | 재적재  1 | 정지 0.04 교착최장   5 | no_progress
Ep 593 |  1278스텝 | 배송 26/50 | 재적재  2 | 정지 0.08 교착최장   8 | no_progress
Ep 594 |   961스텝 | 배송 22/50 | 재적재  2 | 정지 0.06 교착최장   3 | no_progress
Ep 595 |   570스텝 | 배송 16/50 | 재적재  1 | 정지 0.04 교착최장   2 | no_progress
Ep 596 |  1241스텝 | 배송 22/50 | 재적재  2 | 정지 0.07 교착최장   7 | no_progress
Ep 597 |   897스텝 | 배송 22/50 | 재적재  3 | 정지 0.07 교착최장   3 | no_progress
Ep 598 |   963스텝 | 배송 23/50 | 재적재  3 | 정지 0.06 교착최장   7 | no_progress
Ep 599 |  1373스텝 | 배송 27/50 | 재적재  4 | 정지 0.15 교착최장  10 | no_progress
Ep 600 |  1111스텝 | 배송 23/50 | 재적재  2 | 정지 0.05 교착최장   7 | no_progress
  [홀드아웃] 배송 14.1±5.0 재적재 0.4 2홉+ 0.51 | 최고 19.0@ep50 정체 11/15
Ep 601 |   751스텝 | 배송 23/50 | 재적재  2 | 정지 0.06 교착최장   5 | no_progress
Ep 602 |   897스텝 | 배송 23/50 | 재적재  2 | 정지 0.07 교착최장   7 | no_progress
Ep 603 |  1800스텝 | 배송 33/50 | 재적재  5 | 정지 0.11 교착최장  24 | no_progress
Ep 604 |   493스텝 | 배송 14/50 | 재적재  2 | 정지 0.06 교착최장   2 | no_progress
Ep 605 |  1733스텝 | 배송 32/50 | 재적재  5 | 정지 0.13 교착최장   9 | no_progress
Ep 606 |   704스텝 | 배송 15/50 | 재적재  1 | 정지 0.02 교착최장   4 | no_progress
Ep 607 |   903스텝 | 배송 21/50 | 재적재  2 | 정지 0.03 교착최장   3 | no_progress
Ep 608 |  1633스텝 | 배송 33/50 | 재적재  4 | 정지 0.11 교착최장   8 | no_progress
Ep 609 |  1036스텝 | 배송 23/50 | 재적재  3 | 정지 0.03 교착최장   4 | no_progress
Ep 610 |  1252스텝 | 배송 29/50 | 재적재  4 | 정지 0.07 교착최장   5 | no_progress
Ep 611 |   809스텝 | 배송 20/50 | 재적재  2 | 정지 0.05 교착최장   6 | no_progress
Ep 612 |  1158스텝 | 배송 27/50 | 재적재  3 | 정지 0.07 교착최장   4 | no_progress
Ep 613 |   986스텝 | 배송 19/50 | 재적재  2 | 정지 0.03 교착최장   2 | no_progress
Ep 614 |  1372스텝 | 배송 32/50 | 재적재  3 | 정지 0.12 교착최장  16 | no_progress
Ep 615 |   473스텝 | 배송 16/50 | 재적재  1 | 정지 0.04 교착최장   2 | no_progress
Ep 616 |  1878스텝 | 배송 33/50 | 재적재  4 | 정지 0.12 교착최장   9 | no_progress
Ep 617 |   877스텝 | 배송 20/50 | 재적재  2 | 정지 0.06 교착최장   8 | no_progress
Ep 618 |   951스텝 | 배송 22/50 | 재적재  2 | 정지 0.08 교착최장   4 | no_progress
Ep 619 |  1053스텝 | 배송 25/50 | 재적재  4 | 정지 0.06 교착최장   6 | no_progress
Ep 620 |  1116스텝 | 배송 24/50 | 재적재  3 | 정지 0.08 교착최장   6 | no_progress
Ep 621 |   612스텝 | 배송 16/50 | 재적재  0 | 정지 0.14 교착최장  17 | no_progress
Ep 622 |   633스텝 | 배송 16/50 | 재적재  1 | 정지 0.08 교착최장   5 | no_progress
Ep 623 |   900스텝 | 배송 19/50 | 재적재  2 | 정지 0.14 교착최장  21 | no_progress
Ep 624 |   718스텝 | 배송 20/50 | 재적재  1 | 정지 0.10 교착최장   3 | no_progress
Ep 625 |   523스텝 | 배송 18/50 | 재적재  1 | 정지 0.07 교착최장   3 | no_progress
Ep 626 |  1647스텝 | 배송 28/50 | 재적재  4 | 정지 0.10 교착최장   5 | no_progress
Ep 627 |   991스텝 | 배송 24/50 | 재적재  3 | 정지 0.18 교착최장  12 | no_progress
Ep 628 |  1256스텝 | 배송 22/50 | 재적재  3 | 정지 0.05 교착최장   4 | no_progress
Ep 629 |  1016스텝 | 배송 23/50 | 재적재  2 | 정지 0.08 교착최장   5 | no_progress
Ep 630 |   673스텝 | 배송 16/50 | 재적재  1 | 정지 0.03 교착최장   3 | no_progress
Ep 631 |   816스텝 | 배송 17/50 | 재적재  1 | 정지 0.09 교착최장   5 | no_progress
Ep 632 |   627스텝 | 배송 17/50 | 재적재  1 | 정지 0.04 교착최장   3 | no_progress
Ep 633 |  2185스텝 | 배송 35/50 | 재적재  6 | 정지 0.10 교착최장  12 | no_progress
Ep 634 |  1601스텝 | 배송 34/50 | 재적재  6 | 정지 0.09 교착최장  16 | no_progress
Ep 635 |  1074스텝 | 배송 25/50 | 재적재  3 | 정지 0.09 교착최장   6 | no_progress
Ep 636 |   810스텝 | 배송 19/50 | 재적재  2 | 정지 0.06 교착최장   7 | no_progress
Ep 637 |  1055스텝 | 배송 23/50 | 재적재  3 | 정지 0.12 교착최장   6 | no_progress
Ep 638 |   510스텝 | 배송 18/50 | 재적재  1 | 정지 0.22 교착최장   5 | no_progress
Ep 639 |   791스텝 | 배송 21/50 | 재적재  1 | 정지 0.10 교착최장   6 | no_progress
Ep 640 |  1529스텝 | 배송 25/50 | 재적재  3 | 정지 0.06 교착최장   5 | no_progress
Ep 641 |   911스텝 | 배송 21/50 | 재적재  2 | 정지 0.06 교착최장   2 | no_progress
Ep 642 |   705스텝 | 배송 17/50 | 재적재  2 | 정지 0.02 교착최장   2 | no_progress
Ep 643 |   724스텝 | 배송 20/50 | 재적재  2 | 정지 0.06 교착최장   2 | no_progress
Ep 644 |   799스텝 | 배송 20/50 | 재적재  1 | 정지 0.04 교착최장   3 | no_progress
Ep 645 |   959스텝 | 배송 18/50 | 재적재  1 | 정지 0.03 교착최장   2 | no_progress
Ep 646 |  1427스텝 | 배송 28/50 | 재적재  4 | 정지 0.12 교착최장   3 | no_progress
Ep 647 |  1528스텝 | 배송 29/50 | 재적재  3 | 정지 0.07 교착최장   4 | no_progress
Ep 648 |  1210스텝 | 배송 26/50 | 재적재  2 | 정지 0.07 교착최장  10 | no_progress
Ep 649 |  1460스텝 | 배송 33/50 | 재적재  4 | 정지 0.08 교착최장   5 | no_progress
Ep 650 |   615스텝 | 배송 16/50 | 재적재  0 | 정지 0.21 교착최장   9 | no_progress
  [홀드아웃] 배송 13.4±2.6 재적재 0.4 2홉+ 0.43 | 최고 19.0@ep50 정체 12/15
Ep 651 |  1606스텝 | 배송 30/50 | 재적재  4 | 정지 0.08 교착최장   9 | no_progress
Ep 652 |   817스텝 | 배송 19/50 | 재적재  2 | 정지 0.06 교착최장   4 | no_progress
Ep 653 |  1902스텝 | 배송 32/50 | 재적재  4 | 정지 0.19 교착최장  58 | no_progress
Ep 654 |  1100스텝 | 배송 23/50 | 재적재  2 | 정지 0.04 교착최장   4 | no_progress
Ep 655 |   479스텝 | 배송 17/50 | 재적재  2 | 정지 0.02 교착최장   3 | no_progress
Ep 656 |   629스텝 | 배송 17/50 | 재적재  1 | 정지 0.03 교착최장   1 | no_progress
Ep 657 |   528스텝 | 배송 16/50 | 재적재  1 | 정지 0.08 교착최장   9 | no_progress
Ep 658 |  1328스텝 | 배송 27/50 | 재적재  3 | 정지 0.13 교착최장   8 | no_progress
Ep 659 |   747스텝 | 배송 20/50 | 재적재  1 | 정지 0.13 교착최장  10 | no_progress
Ep 660 |  1327스텝 | 배송 25/50 | 재적재  3 | 정지 0.10 교착최장   7 | no_progress
Ep 661 |   548스텝 | 배송 16/50 | 재적재  1 | 정지 0.07 교착최장   2 | no_progress
Ep 662 |  1268스텝 | 배송 21/50 | 재적재  2 | 정지 0.11 교착최장   6 | no_progress
Ep 663 |  1324스텝 | 배송 26/50 | 재적재  4 | 정지 0.05 교착최장   7 | no_progress
Ep 664 |   633스텝 | 배송 20/50 | 재적재  2 | 정지 0.11 교착최장   8 | no_progress
Ep 665 |  1142스텝 | 배송 27/50 | 재적재  3 | 정지 0.11 교착최장  14 | no_progress
Ep 666 |   998스텝 | 배송 25/50 | 재적재  2 | 정지 0.08 교착최장   6 | no_progress
Ep 667 |   879스텝 | 배송 22/50 | 재적재  3 | 정지 0.02 교착최장  10 | no_progress
Ep 668 |   520스텝 | 배송 17/50 | 재적재  1 | 정지 0.06 교착최장   2 | no_progress
Ep 669 |  1034스텝 | 배송 25/50 | 재적재  3 | 정지 0.17 교착최장  20 | no_progress
Ep 670 |   719스텝 | 배송 17/50 | 재적재  3 | 정지 0.07 교착최장   6 | no_progress
Ep 671 |   854스텝 | 배송 22/50 | 재적재  2 | 정지 0.08 교착최장  10 | no_progress
Ep 672 |  1059스텝 | 배송 24/50 | 재적재  2 | 정지 0.09 교착최장   6 | no_progress
Ep 673 |  1119스텝 | 배송 23/50 | 재적재  3 | 정지 0.09 교착최장   5 | no_progress
Ep 674 |   579스텝 | 배송 17/50 | 재적재  2 | 정지 0.00 교착최장   0 | no_progress
Ep 675 |   741스텝 | 배송 20/50 | 재적재  2 | 정지 0.06 교착최장   5 | no_progress
Ep 676 |   866스텝 | 배송 20/50 | 재적재  2 | 정지 0.05 교착최장   6 | no_progress
Ep 677 |  1151스텝 | 배송 21/50 | 재적재  3 | 정지 0.05 교착최장   5 | no_progress
Ep 678 |   771스텝 | 배송 21/50 | 재적재  2 | 정지 0.06 교착최장   3 | no_progress
Ep 679 |   822스텝 | 배송 18/50 | 재적재  2 | 정지 0.06 교착최장   2 | no_progress
Ep 680 |   939스텝 | 배송 18/50 | 재적재  1 | 정지 0.23 교착최장  13 | no_progress
Ep 681 |  1517스텝 | 배송 27/50 | 재적재  3 | 정지 0.10 교착최장   3 | no_progress
Ep 682 |   939스텝 | 배송 21/50 | 재적재  3 | 정지 0.10 교착최장   3 | no_progress
Ep 683 |  1567스텝 | 배송 34/50 | 재적재  5 | 정지 0.12 교착최장   5 | no_progress
Ep 684 |   492스텝 | 배송 16/50 | 재적재  0 | 정지 0.26 교착최장  29 | no_progress
Ep 685 |   957스텝 | 배송 25/50 | 재적재  3 | 정지 0.04 교착최장   1 | no_progress
Ep 686 |   966스텝 | 배송 22/50 | 재적재  4 | 정지 0.07 교착최장   5 | no_progress
Ep 687 |  1060스텝 | 배송 22/50 | 재적재  2 | 정지 0.04 교착최장   3 | no_progress
Ep 688 |  1012스텝 | 배송 20/50 | 재적재  3 | 정지 0.06 교착최장   4 | no_progress
Ep 689 |  1029스텝 | 배송 24/50 | 재적재  3 | 정지 0.07 교착최장   4 | no_progress
Ep 690 |   563스텝 | 배송 16/50 | 재적재  0 | 정지 0.06 교착최장   3 | no_progress
Ep 691 |  1586스텝 | 배송 30/50 | 재적재  4 | 정지 0.13 교착최장  10 | no_progress
Ep 692 |   536스텝 | 배송 17/50 | 재적재  1 | 정지 0.04 교착최장   1 | no_progress
Ep 693 |  1121스텝 | 배송 26/50 | 재적재  3 | 정지 0.06 교착최장   4 | no_progress
Ep 694 |   974스텝 | 배송 29/50 | 재적재  4 | 정지 0.10 교착최장  11 | no_progress
Ep 695 |  1283스텝 | 배송 22/50 | 재적재  2 | 정지 0.11 교착최장  16 | no_progress
Ep 696 |  1187스텝 | 배송 21/50 | 재적재  2 | 정지 0.07 교착최장   3 | no_progress
Ep 697 |  1048스텝 | 배송 23/50 | 재적재  4 | 정지 0.10 교착최장   8 | no_progress
Ep 698 |  1195스텝 | 배송 24/50 | 재적재  4 | 정지 0.12 교착최장   4 | no_progress
Ep 699 |   917스텝 | 배송 27/50 | 재적재  4 | 정지 0.07 교착최장   7 | no_progress
Ep 700 |  1470스텝 | 배송 30/50 | 재적재  4 | 정지 0.07 교착최장   7 | no_progress
  [홀드아웃] 배송 7.5±7.7 재적재 0.2 2홉+ 0.20 | 최고 19.0@ep50 정체 13/15
Ep 701 |   690스텝 | 배송 20/50 | 재적재  2 | 정지 0.02 교착최장   1 | no_progress
Ep 702 |  1020스텝 | 배송 25/50 | 재적재  3 | 정지 0.08 교착최장   8 | no_progress
Ep 703 |   780스텝 | 배송 19/50 | 재적재  2 | 정지 0.04 교착최장   4 | no_progress
Ep 704 |  1343스텝 | 배송 27/50 | 재적재  4 | 정지 0.09 교착최장  14 | no_progress
Ep 705 |   659스텝 | 배송 19/50 | 재적재  1 | 정지 0.02 교착최장   1 | no_progress
Ep 706 |   474스텝 | 배송 13/50 | 재적재  1 | 정지 0.07 교착최장   2 | no_progress
Ep 707 |  1833스텝 | 배송 34/50 | 재적재  5 | 정지 0.09 교착최장   8 | no_progress
Ep 708 |   556스텝 | 배송 17/50 | 재적재  2 | 정지 0.01 교착최장   3 | no_progress
Ep 709 |  1047스텝 | 배송 23/50 | 재적재  3 | 정지 0.06 교착최장   8 | no_progress
Ep 710 |  1209스텝 | 배송 24/50 | 재적재  4 | 정지 0.09 교착최장   8 | no_progress
Ep 711 |   535스텝 | 배송 16/50 | 재적재  1 | 정지 0.06 교착최장   3 | no_progress
Ep 712 |   491스텝 | 배송 16/50 | 재적재  1 | 정지 0.03 교착최장   2 | no_progress
Ep 713 |  1007스텝 | 배송 23/50 | 재적재  3 | 정지 0.03 교착최장   1 | no_progress
Ep 714 |   756스텝 | 배송 20/50 | 재적재  2 | 정지 0.08 교착최장   2 | no_progress
Ep 715 |   820스텝 | 배송 21/50 | 재적재  2 | 정지 0.11 교착최장  19 | no_progress
Ep 716 |  1326스텝 | 배송 25/50 | 재적재  4 | 정지 0.06 교착최장   4 | no_progress
Ep 717 |  1197스텝 | 배송 23/50 | 재적재  3 | 정지 0.07 교착최장   4 | no_progress
Ep 718 |  1140스텝 | 배송 22/50 | 재적재  3 | 정지 0.04 교착최장   7 | no_progress
Ep 719 |   673스텝 | 배송 17/50 | 재적재  1 | 정지 0.09 교착최장   6 | no_progress
Ep 720 |  1285스텝 | 배송 26/50 | 재적재  4 | 정지 0.06 교착최장   5 | no_progress
Ep 721 |  1272스텝 | 배송 29/50 | 재적재  4 | 정지 0.12 교착최장   8 | no_progress
Ep 722 |  1042스텝 | 배송 21/50 | 재적재  3 | 정지 0.06 교착최장   4 | no_progress
Ep 723 |  1036스텝 | 배송 23/50 | 재적재  2 | 정지 0.09 교착최장   6 | no_progress
Ep 724 |   459스텝 | 배송 17/50 | 재적재  1 | 정지 0.05 교착최장   3 | no_progress
Ep 725 |   666스텝 | 배송 16/50 | 재적재  2 | 정지 0.04 교착최장   7 | no_progress
Ep 726 |   626스텝 | 배송 19/50 | 재적재  2 | 정지 0.07 교착최장   7 | no_progress
Ep 727 |   880스텝 | 배송 21/50 | 재적재  3 | 정지 0.11 교착최장   5 | no_progress
Ep 728 |  1630스텝 | 배송 35/50 | 재적재  5 | 정지 0.12 교착최장   6 | no_progress
Ep 729 |   735스텝 | 배송 20/50 | 재적재  2 | 정지 0.03 교착최장   2 | no_progress
Ep 730 |  1501스텝 | 배송 24/50 | 재적재  3 | 정지 0.18 교착최장  12 | no_progress
Ep 731 |   749스텝 | 배송 19/50 | 재적재  1 | 정지 0.03 교착최장   4 | no_progress
Ep 732 |   779스텝 | 배송 20/50 | 재적재  2 | 정지 0.13 교착최장  11 | no_progress
Ep 733 |   729스텝 | 배송 18/50 | 재적재  2 | 정지 0.10 교착최장   5 | no_progress
Ep 734 |  1207스텝 | 배송 25/50 | 재적재  4 | 정지 0.06 교착최장  10 | no_progress
Ep 735 |   481스텝 | 배송 16/50 | 재적재  1 | 정지 0.03 교착최장   5 | no_progress
Ep 736 |   646스텝 | 배송 16/50 | 재적재  1 | 정지 0.09 교착최장   3 | no_progress
Ep 737 |  1182스텝 | 배송 23/50 | 재적재  4 | 정지 0.05 교착최장   3 | no_progress
Ep 738 |   796스텝 | 배송 19/50 | 재적재  2 | 정지 0.09 교착최장   6 | no_progress
Ep 739 |   880스텝 | 배송 24/50 | 재적재  3 | 정지 0.09 교착최장   4 | no_progress
Ep 740 |   726스텝 | 배송 19/50 | 재적재  2 | 정지 0.04 교착최장   5 | no_progress
Ep 741 |   587스텝 | 배송 18/50 | 재적재  2 | 정지 0.11 교착최장   3 | no_progress
Ep 742 |   580스텝 | 배송 18/50 | 재적재  1 | 정지 0.03 교착최장   1 | no_progress
Ep 743 |   633스텝 | 배송 16/50 | 재적재  2 | 정지 0.06 교착최장   3 | no_progress
Ep 744 |  2070스텝 | 배송 30/50 | 재적재  5 | 정지 0.07 교착최장   5 | no_progress
Ep 745 |   615스텝 | 배송 14/50 | 재적재  1 | 정지 0.04 교착최장   1 | no_progress
Ep 746 |  1538스텝 | 배송 23/50 | 재적재  2 | 정지 0.08 교착최장   3 | no_progress
Ep 747 |   834스텝 | 배송 19/50 | 재적재  3 | 정지 0.09 교착최장   6 | no_progress
Ep 748 |   767스텝 | 배송 18/50 | 재적재  2 | 정지 0.04 교착최장   4 | no_progress
Ep 749 |   858스텝 | 배송 20/50 | 재적재  1 | 정지 0.21 교착최장  19 | no_progress
Ep 750 |   470스텝 | 배송 15/50 | 재적재  1 | 정지 0.01 교착최장   1 | no_progress
  [홀드아웃] 배송 8.0±7.8 재적재 0.2 2홉+ 0.21 | 최고 19.0@ep50 정체 14/15
Ep 751 |   478스텝 | 배송 17/50 | 재적재  0 | 정지 0.13 교착최장   6 | no_progress
Ep 752 |  1111스텝 | 배송 23/50 | 재적재  3 | 정지 0.08 교착최장   3 | no_progress
Ep 753 |   503스텝 | 배송 15/50 | 재적재  0 | 정지 0.07 교착최장   4 | no_progress
Ep 754 |  1074스텝 | 배송 21/50 | 재적재  3 | 정지 0.09 교착최장   6 | no_progress
Ep 755 |  1072스텝 | 배송 25/50 | 재적재  3 | 정지 0.08 교착최장   5 | no_progress
Ep 756 |  1002스텝 | 배송 23/50 | 재적재  3 | 정지 0.06 교착최장   7 | no_progress
Ep 757 |   667스텝 | 배송 18/50 | 재적재  1 | 정지 0.03 교착최장   3 | no_progress
Ep 758 |   910스텝 | 배송 21/50 | 재적재  3 | 정지 0.05 교착최장   3 | no_progress
Ep 759 |   555스텝 | 배송 17/50 | 재적재  1 | 정지 0.03 교착최장   7 | no_progress
Ep 760 |  1028스텝 | 배송 23/50 | 재적재  3 | 정지 0.06 교착최장   2 | no_progress
Ep 761 |   711스텝 | 배송 13/50 | 재적재  1 | 정지 0.05 교착최장   2 | no_progress
Ep 762 |  1384스텝 | 배송 30/50 | 재적재  5 | 정지 0.05 교착최장   2 | no_progress
Ep 763 |   940스텝 | 배송 21/50 | 재적재  3 | 정지 0.08 교착최장  11 | no_progress
Ep 764 |  1313스텝 | 배송 23/50 | 재적재  2 | 정지 0.09 교착최장   4 | no_progress
Ep 765 |  1183스텝 | 배송 24/50 | 재적재  3 | 정지 0.07 교착최장   5 | no_progress
Ep 766 |   673스텝 | 배송 21/50 | 재적재  3 | 정지 0.06 교착최장   2 | no_progress
Ep 767 |   934스텝 | 배송 20/50 | 재적재  3 | 정지 0.03 교착최장   4 | no_progress
Ep 768 |  1056스텝 | 배송 22/50 | 재적재  3 | 정지 0.05 교착최장   5 | no_progress
Ep 769 |   753스텝 | 배송 20/50 | 재적재  2 | 정지 0.06 교착최장   2 | no_progress
Ep 770 |  1019스텝 | 배송 21/50 | 재적재  3 | 정지 0.04 교착최장   3 | no_progress
Ep 771 |   797스텝 | 배송 18/50 | 재적재  1 | 정지 0.03 교착최장   4 | no_progress
Ep 772 |   527스텝 | 배송 17/50 | 재적재  1 | 정지 0.05 교착최장   3 | no_progress
Ep 773 |   968스텝 | 배송 20/50 | 재적재  2 | 정지 0.05 교착최장   5 | no_progress
Ep 774 |   505스텝 | 배송 14/50 | 재적재  2 | 정지 0.05 교착최장   1 | no_progress
Ep 775 |   520스텝 | 배송 14/50 | 재적재  0 | 정지 0.03 교착최장   1 | no_progress
Ep 776 |  1125스텝 | 배송 25/50 | 재적재  3 | 정지 0.13 교착최장  12 | no_progress
Ep 777 |   439스텝 | 배송 16/50 | 재적재  1 | 정지 0.06 교착최장   2 | no_progress
Ep 778 |  1280스텝 | 배송 25/50 | 재적재  4 | 정지 0.07 교착최장   5 | no_progress
Ep 779 |  1253스텝 | 배송 31/50 | 재적재  4 | 정지 0.13 교착최장  11 | no_progress
Ep 780 |  1106스텝 | 배송 24/50 | 재적재  3 | 정지 0.07 교착최장   4 | no_progress
Ep 781 |  1297스텝 | 배송 27/50 | 재적재  3 | 정지 0.20 교착최장  19 | no_progress
Ep 782 |   771스텝 | 배송 21/50 | 재적재  3 | 정지 0.02 교착최장   2 | no_progress
Ep 783 |   955스텝 | 배송 23/50 | 재적재  2 | 정지 0.03 교착최장   2 | no_progress
Ep 784 |   771스텝 | 배송 17/50 | 재적재  1 | 정지 0.05 교착최장   4 | no_progress
Ep 785 |   635스텝 | 배송 14/50 | 재적재  1 | 정지 0.05 교착최장   2 | no_progress
Ep 786 |   897스텝 | 배송 22/50 | 재적재  3 | 정지 0.05 교착최장   2 | no_progress
Ep 787 |   510스텝 | 배송 15/50 | 재적재  0 | 정지 0.07 교착최장   3 | no_progress
Ep 788 |   529스텝 | 배송 15/50 | 재적재  0 | 정지 0.11 교착최장   4 | no_progress
Ep 789 |  1529스텝 | 배송 28/50 | 재적재  3 | 정지 0.10 교착최장  10 | no_progress
Ep 790 |  1033스텝 | 배송 24/50 | 재적재  2 | 정지 0.09 교착최장   5 | no_progress
Ep 791 |   709스텝 | 배송 16/50 | 재적재  1 | 정지 0.01 교착최장   1 | no_progress
Ep 792 |   503스텝 | 배송 15/50 | 재적재  2 | 정지 0.02 교착최장   1 | no_progress
Ep 793 |  1010스텝 | 배송 21/50 | 재적재  1 | 정지 0.09 교착최장   3 | no_progress
Ep 794 |   481스텝 | 배송 14/50 | 재적재  0 | 정지 0.03 교착최장   1 | no_progress
Ep 795 |   906스텝 | 배송 18/50 | 재적재  2 | 정지 0.11 교착최장   7 | no_progress
Ep 796 |  1023스텝 | 배송 23/50 | 재적재  3 | 정지 0.06 교착최장   6 | no_progress
Ep 797 |  1053스텝 | 배송 26/50 | 재적재  3 | 정지 0.14 교착최장  14 | no_progress
Ep 798 |   718스텝 | 배송 17/50 | 재적재  0 | 정지 0.05 교착최장   2 | no_progress
Ep 799 |   746스텝 | 배송 19/50 | 재적재  1 | 정지 0.14 교착최장   9 | no_progress
Ep 800 |   527스텝 | 배송 18/50 | 재적재  2 | 정지 0.04 교착최장   3 | no_progress
  [홀드아웃] 배송 14.3±7.6 재적재 0.8 2홉+ 0.41 | 최고 19.0@ep50 정체 15/15

조기 종료. 최고 19.0@ep50
Training finished. best=19.0 @ ep50
